04:47:15 PROBE start proto=arrow-flight hosts=doris-1,doris-2,doris-3 duration=86400s cycle=INSERT>UPSERT>SELECT>DELETE>SELECT
04:47:15 connected to doris-1 (10.140.0.2)
04:47:15 DML unsupported over arrow-flight (InternalError: RuntimeException, msg: getMysqlChannel not in mysql connection (Internal; ExecuteQuery)) — switching to SELECT-only mode
04:47:15 #1 OK SELECT id=3732350 via doris-1 rows=10135 [doris-1:f:up doris-2:M:up doris-3:f:up]
04:47:16 #2 OK SELECT id=3732350 via doris-1 rows=10136 [doris-1:f:up doris-2:M:up doris-3:f:up]
04:47:17 #3 OK SELECT id=3732350 via doris-1 rows=10136 [doris-1:f:up doris-2:M:up doris-3:f:up]
04:47:18 #4 OK SELECT id=3732350 via doris-1 rows=10135 [doris-1:f:up doris-2:M:up doris-3:f:up]
04:47:19 #5 OK SELECT id=3732350 via doris-1 rows=10134 [doris-1:f:up doris-2:M:up doris-3:f:up]
04:47:20 #6 OK SELECT id=3732350 via doris-1 rows=10135 [doris-1:f:up doris-2:M:up doris-3:f:up]
04:47:21 #7 OK SELECT id=3732350 via doris-1 rows=10136 [doris-1:f:up doris-2:M:up doris-3:f:up]
04:47:22 #8 OK SELECT id=3732350 via doris-1 rows=10136 [doris-1:f:up doris-2:M:up doris-3:f:up]
04:47:23 #9 OK SELECT id=3732350 via doris-1 rows=10135 [doris-1:f:up doris-2:M:up doris-3:f:up]
04:47:25 #10 OK SELECT id=3732350 via doris-1 rows=10134 [doris-1:f:up doris-2:M:up doris-3:f:up]
04:47:26 #11 OK SELECT id=3732350 via doris-1 rows=10135 [doris-1:f:up doris-2:M:up doris-3:f:up]
04:47:27 #12 OK SELECT id=3732350 via doris-1 rows=10136 [doris-1:f:up doris-2:M:up doris-3:f:up]
04:47:28 #13 OK SELECT id=3732350 via doris-1 rows=10136 [doris-1:f:up doris-2:M:up doris-3:f:up]
04:47:29 #14 OK SELECT id=3732350 via doris-1 rows=10135 [doris-1:f:up doris-2:M:up doris-3:f:up]
04:47:30 #15 OK SELECT id=3732350 via doris-1 rows=10134 [doris-1:f:up doris-2:M:up doris-3:f:up]
04:47:31 #16 OK SELECT id=3732350 via doris-1 rows=10135 [doris-1:f:up doris-2:M:up doris-3:f:up]
04:47:32 #17 OK SELECT id=3732350 via doris-1 rows=10136 [doris-1:f:up doris-2:M:up doris-3:f:up]
04:47:33 #18 OK SELECT id=3732350 via doris-1 rows=10136 [doris-1:f:up doris-2:M:up doris-3:f:up]
04:47:34 #19 OK SELECT id=3732350 via doris-1 rows=10135 [doris-1:f:up doris-2:M:up doris-3:f:up]
04:47:35 #20 OK SELECT id=3732350 via doris-1 rows=10134 [doris-1:f:up doris-2:M:up doris-3:f:up]
04:47:36 #21 OK SELECT id=3732350 via doris-1 rows=10135 [doris-1:f:up doris-2:M:up doris-3:f:up]
04:47:37 #22 OK SELECT id=3732350 via doris-1 rows=10136 [doris-1:f:up doris-2:M:up doris-3:f:up]
04:47:38 #23 OK SELECT id=3732350 via doris-1 rows=10136 [doris-1:f:up doris-2:M:up doris-3:f:up]
04:47:39 #24 OK SELECT id=3732350 via doris-1 rows=10135 [doris-1:f:up doris-2:M:up doris-3:f:up]
04:47:40 #25 OK SELECT id=3732350 via doris-1 rows=10134 [doris-1:f:up doris-2:M:up doris-3:f:up]
04:47:42 #26 OK SELECT id=3732350 via doris-1 rows=10135 [doris-1:f:up doris-2:M:up doris-3:f:up]
04:47:43 #27 OK SELECT id=3732350 via doris-1 rows=10136 [doris-1:f:up doris-2:M:up doris-3:f:up]
04:47:44 #28 OK SELECT id=3732350 via doris-1 rows=10136 [doris-1:f:up doris-2:M:up doris-3:f:up]
04:47:45 #29 OK SELECT id=3732350 via doris-1 rows=10135 [doris-1:f:up doris-2:M:up doris-3:f:up]
04:47:46 #30 OK SELECT id=3732350 via doris-1 rows=10134 [doris-1:f:up doris-2:M:up doris-3:f:up]
04:47:47 #31 OK SELECT id=3732350 via doris-1 rows=10135 [doris-1:f:up doris-2:M:up doris-3:f:up]
04:47:48 #32 OK SELECT id=3732350 via doris-1 rows=10136 [doris-1:f:up doris-2:M:up doris-3:f:up]
04:47:49 EVENT break: fe hang on doris-2 (FE master)
04:47:49 #33 OK SELECT id=3732350 via doris-1 rows=10136 [doris-1:f:up doris-2:M:up doris-3:f:up]
04:47:50 #34 OK SELECT id=3732350 via doris-1 rows=10135 [doris-1:f:up doris-2:M:up doris-3:f:up]
04:47:51 #35 OK SELECT id=3732350 via doris-1 rows=10134 [doris-1:f:up doris-2:M:up doris-3:f:up]
04:48:00 #36 OK SELECT id=3732350 via doris-1 rows=10134 [?]
04:48:09 #37 OK SELECT id=3732350 via doris-1 rows=10134 [?]
04:48:18 #38 OK SELECT id=3732350 via doris-1 rows=10134 [?]
04:48:27 #39 OK SELECT id=3732350 via doris-1 rows=10134 [?]
04:48:36 #40 OK SELECT id=3732350 via doris-1 rows=10134 [?]
04:48:45 #41 OK SELECT id=3732350 via doris-1 rows=10134 [?]
04:48:54 #42 OK SELECT id=3732350 via doris-1 rows=10135 [?]
04:48:56 #43 OK SELECT id=3732350 via doris-1 rows=10135 [doris-1:f:up doris-2:f:DOWN doris-3:M:up]
04:48:57 #44 OK SELECT id=3732350 via doris-1 rows=10136 [doris-1:f:up doris-2:f:DOWN doris-3:M:up]
04:48:58 #45 OK SELECT id=3732350 via doris-1 rows=10136 [doris-1:f:up doris-2:f:DOWN doris-3:M:up]
04:48:59 #46 OK SELECT id=3732350 via doris-1 rows=10136 [doris-1:f:up doris-2:f:DOWN doris-3:M:up]
04:49:00 #47 OK SELECT id=3732350 via doris-1 rows=10135 [doris-1:f:up doris-2:f:DOWN doris-3:M:up]
04:49:01 #48 OK SELECT id=3732350 via doris-1 rows=10135 [doris-1:f:up doris-2:f:DOWN doris-3:M:up]
04:49:02 #49 OK SELECT id=3732350 via doris-1 rows=10136 [doris-1:f:up doris-2:f:DOWN doris-3:M:up]
04:49:03 #50 OK SELECT id=3732350 via doris-1 rows=10136 [doris-1:f:up doris-2:f:DOWN doris-3:M:up]
04:49:04 #51 OK SELECT id=3732350 via doris-1 rows=10136 [doris-1:f:up doris-2:f:DOWN doris-3:M:up]
04:49:05 #52 OK SELECT id=3732350 via doris-1 rows=10134 [doris-1:f:up doris-2:f:DOWN doris-3:M:up]
04:49:06 #53 OK SELECT id=3732350 via doris-1 rows=10134 [doris-1:f:up doris-2:f:DOWN doris-3:M:up]
04:49:07 #54 OK SELECT id=3732350 via doris-1 rows=10136 [doris-1:f:up doris-2:f:DOWN doris-3:M:up]
04:49:08 #55 OK SELECT id=3732350 via doris-1 rows=10136 [doris-1:f:up doris-2:f:DOWN doris-3:M:up]
04:49:09 #56 OK SELECT id=3732350 via doris-1 rows=10136 [doris-1:f:up doris-2:f:DOWN doris-3:M:up]
04:49:11 #57 OK SELECT id=3732350 via doris-1 rows=10134 [doris-1:f:up doris-2:f:DOWN doris-3:M:up]
04:49:12 #58 OK SELECT id=3732350 via doris-1 rows=10134 [doris-1:f:up doris-2:f:DOWN doris-3:M:up]
04:49:13 #59 OK SELECT id=3732350 via doris-1 rows=10136 [doris-1:f:up doris-2:f:DOWN doris-3:M:up]
04:49:14 #60 OK SELECT id=3732350 via doris-1 rows=10136 [doris-1:f:up doris-2:f:DOWN doris-3:M:up]
04:49:15 #61 OK SELECT id=3732350 via doris-1 rows=10136 [doris-1:f:up doris-2:f:DOWN doris-3:M:up]
04:49:16 #62 OK SELECT id=3732350 via doris-1 rows=10136 [doris-1:f:up doris-2:f:DOWN doris-3:M:up]
04:49:17 #63 OK SELECT id=3732350 via doris-1 rows=10134 [doris-1:f:up doris-2:f:DOWN doris-3:M:up]
04:49:18 #64 OK SELECT id=3732350 via doris-1 rows=10134 [doris-1:f:up doris-2:f:DOWN doris-3:M:up]
04:49:19 #65 OK SELECT id=3732350 via doris-1 rows=10136 [doris-1:f:up doris-2:f:DOWN doris-3:M:up]
04:49:20 #66 OK SELECT id=3732350 via doris-1 rows=10136 [doris-1:f:up doris-2:f:DOWN doris-3:M:up]
04:49:21 #67 OK SELECT id=3732350 via doris-1 rows=10136 [doris-1:f:up doris-2:f:DOWN doris-3:M:up]
04:49:22 #68 OK SELECT id=3732350 via doris-1 rows=10134 [doris-1:f:up doris-2:f:DOWN doris-3:M:up]
04:49:23 #69 OK SELECT id=3732350 via doris-1 rows=10134 [doris-1:f:up doris-2:f:DOWN doris-3:M:up]
04:49:24 #70 OK SELECT id=3732350 via doris-1 rows=10136 [doris-1:f:up doris-2:f:DOWN doris-3:M:up]
04:49:25 #71 OK SELECT id=3732350 via doris-1 rows=10136 [doris-1:f:up doris-2:f:DOWN doris-3:M:up]
04:49:27 #72 OK SELECT id=3732350 via doris-1 rows=10136 [doris-1:f:up doris-2:f:DOWN doris-3:M:up]
04:49:28 #73 OK SELECT id=3732350 via doris-1 rows=10134 [doris-1:f:up doris-2:f:DOWN doris-3:M:up]
04:49:29 #74 OK SELECT id=3732350 via doris-1 rows=10134 [doris-1:f:up doris-2:f:DOWN doris-3:M:up]
04:49:30 #75 OK SELECT id=3732350 via doris-1 rows=10136 [doris-1:f:up doris-2:f:DOWN doris-3:M:up]
04:49:31 #76 OK SELECT id=3732350 via doris-1 rows=10136 [doris-1:f:up doris-2:f:DOWN doris-3:M:up]
04:49:32 #77 OK SELECT id=3732350 via doris-1 rows=10136 [doris-1:f:up doris-2:f:DOWN doris-3:M:up]
04:49:33 #78 OK SELECT id=3732350 via doris-1 rows=10134 [doris-1:f:up doris-2:f:DOWN doris-3:M:up]
04:49:34 #79 OK SELECT id=3732350 via doris-1 rows=10134 [doris-1:f:up doris-2:f:DOWN doris-3:M:up]
04:49:35 #80 OK SELECT id=3732350 via doris-1 rows=10136 [doris-1:f:up doris-2:f:DOWN doris-3:M:up]
04:49:36 #81 OK SELECT id=3732350 via doris-1 rows=10136 [doris-1:f:up doris-2:f:DOWN doris-3:M:up]
04:49:37 #82 OK SELECT id=3732350 via doris-1 rows=10136 [doris-1:f:up doris-2:f:DOWN doris-3:M:up]
04:49:38 #83 OK SELECT id=3732350 via doris-1 rows=10134 [doris-1:f:up doris-2:f:DOWN doris-3:M:up]
04:49:39 #84 OK SELECT id=3732350 via doris-1 rows=10134 [doris-1:f:up doris-2:f:DOWN doris-3:M:up]
04:49:40 #85 OK SELECT id=3732350 via doris-1 rows=10136 [doris-1:f:up doris-2:f:DOWN doris-3:M:up]
04:49:41 #86 OK SELECT id=3732350 via doris-1 rows=10136 [doris-1:f:up doris-2:f:DOWN doris-3:M:up]
04:49:42 #87 OK SELECT id=3732350 via doris-1 rows=10136 [doris-1:f:up doris-2:f:DOWN doris-3:M:up]
04:49:44 #88 OK SELECT id=3732350 via doris-1 rows=10134 [doris-1:f:up doris-2:f:DOWN doris-3:M:up]
04:49:45 #89 OK SELECT id=3732350 via doris-1 rows=10134 [doris-1:f:up doris-2:f:DOWN doris-3:M:up]
04:49:46 #90 OK SELECT id=3732350 via doris-1 rows=10136 [doris-1:f:up doris-2:f:DOWN doris-3:M:up]
04:49:47 #91 OK SELECT id=3732350 via doris-1 rows=10136 [doris-1:f:up doris-2:f:DOWN doris-3:M:up]
04:49:48 #92 OK SELECT id=3732350 via doris-1 rows=10136 [doris-1:f:up doris-2:f:DOWN doris-3:M:up]
04:49:49 #93 OK SELECT id=3732350 via doris-1 rows=10134 [doris-1:f:up doris-2:f:DOWN doris-3:M:up]
04:49:50 #94 OK SELECT id=3732350 via doris-1 rows=10134 [doris-1:f:up doris-2:f:DOWN doris-3:M:up]
04:49:51 #95 OK SELECT id=3732350 via doris-1 rows=10136 [doris-1:f:up doris-2:f:DOWN doris-3:M:up]
04:49:52 #96 OK SELECT id=3732350 via doris-1 rows=10136 [doris-1:f:up doris-2:f:DOWN doris-3:M:up]
04:49:53 #97 OK SELECT id=3732350 via doris-1 rows=10136 [doris-1:f:up doris-2:f:DOWN doris-3:M:up]
04:49:54 #98 OK SELECT id=3732350 via doris-1 rows=10134 [doris-1:f:up doris-2:f:DOWN doris-3:M:up]
04:49:55 #99 OK SELECT id=3732350 via doris-1 rows=10134 [doris-1:f:up doris-2:f:DOWN doris-3:M:up]
04:49:56 #100 OK SELECT id=3732350 via doris-1 rows=10136 [doris-1:f:up doris-2:f:DOWN doris-3:M:up]
04:49:57 #101 OK SELECT id=3732350 via doris-1 rows=10136 [doris-1:f:up doris-2:f:DOWN doris-3:M:up]
04:49:58 #102 OK SELECT id=3732350 via doris-1 rows=10136 [doris-1:f:up doris-2:f:DOWN doris-3:M:up]
04:49:59 EVENT restore: resume fe on doris-2
04:49:59 #103 OK SELECT id=3732350 via doris-1 rows=10134 [doris-1:f:up doris-2:f:DOWN doris-3:M:up]
04:50:00 #104 OK SELECT id=3732350 via doris-1 rows=10134 [doris-1:f:up doris-2:f:DOWN doris-3:M:up]
04:50:02 #105 OK SELECT id=3732350 via doris-1 rows=10136 [doris-1:f:up doris-2:f:DOWN doris-3:M:up]
04:50:03 #106 OK SELECT id=3732350 via doris-1 rows=10136 [doris-1:f:up doris-2:f:up doris-3:M:up]
04:50:04 #107 OK SELECT id=3732350 via doris-1 rows=10136 [doris-1:f:up doris-2:f:up doris-3:M:up]
04:50:05 #108 OK SELECT id=3732350 via doris-1 rows=10135 [doris-1:f:up doris-2:f:up doris-3:M:up]
04:50:06 #109 OK SELECT id=3732350 via doris-1 rows=10134 [doris-1:f:up doris-2:f:up doris-3:M:up]
04:50:06 EVENT restore: cluster healthy
04:50:07 #110 OK SELECT id=3732350 via doris-1 rows=10135 [doris-1:f:up doris-2:f:up doris-3:M:up]
04:50:08 #111 OK SELECT id=3732350 via doris-1 rows=10136 [doris-1:f:up doris-2:f:up doris-3:M:up]
04:50:09 #112 OK SELECT id=3732350 via doris-1 rows=10136 [doris-1:f:up doris-2:f:up doris-3:M:up]
04:50:10 #113 OK SELECT id=3732350 via doris-1 rows=10135 [doris-1:f:up doris-2:f:up doris-3:M:up]
04:50:11 #114 OK SELECT id=3732350 via doris-1 rows=10134 [doris-1:f:up doris-2:f:up doris-3:M:up]
04:50:12 #115 OK SELECT id=3732350 via doris-1 rows=10135 [doris-1:f:up doris-2:f:up doris-3:M:up]
04:50:13 #116 OK SELECT id=3732350 via doris-1 rows=10136 [doris-1:f:up doris-2:f:up doris-3:M:up]
04:50:14 #117 OK SELECT id=3732350 via doris-1 rows=10136 [doris-1:f:up doris-2:f:up doris-3:M:up]
04:50:15 #118 OK SELECT id=3732350 via doris-1 rows=10135 [doris-1:f:up doris-2:f:up doris-3:M:up]
04:50:16 #119 OK SELECT id=3732350 via doris-1 rows=10134 [doris-1:f:up doris-2:f:up doris-3:M:up]
04:50:18 #120 OK SELECT id=3732350 via doris-1 rows=10135 [doris-1:f:up doris-2:f:up doris-3:M:up]
04:50:19 #121 OK SELECT id=3732350 via doris-1 rows=10136 [doris-1:f:up doris-2:f:up doris-3:M:up]
04:50:20 #122 OK SELECT id=3732350 via doris-1 rows=10136 [doris-1:f:up doris-2:f:up doris-3:M:up]
04:50:21 #123 OK SELECT id=3732350 via doris-1 rows=10136 [doris-1:f:up doris-2:f:up doris-3:M:up]
04:50:22 #124 OK SELECT id=3732350 via doris-1 rows=10134 [doris-1:f:up doris-2:f:up doris-3:M:up]
04:50:23 #125 OK SELECT id=3732350 via doris-1 rows=10134 [doris-1:f:up doris-2:f:up doris-3:M:up]
04:50:24 #126 OK SELECT id=3732350 via doris-1 rows=10136 [doris-1:f:up doris-2:f:up doris-3:M:up]
04:50:25 #127 OK SELECT id=3732350 via doris-1 rows=10136 [doris-1:f:up doris-2:f:up doris-3:M:up]
04:50:26 #128 OK SELECT id=3732350 via doris-1 rows=10136 [doris-1:f:up doris-2:f:up doris-3:M:up]
04:50:27 #129 OK SELECT id=3732350 via doris-1 rows=10134 [doris-1:f:up doris-2:f:up doris-3:M:up]
04:50:28 #130 OK SELECT id=3732350 via doris-1 rows=10134 [doris-1:f:up doris-2:f:up doris-3:M:up]
04:50:29 #131 OK SELECT id=3732350 via doris-1 rows=10136 [doris-1:f:up doris-2:f:up doris-3:M:up]
04:50:30 #132 OK SELECT id=3732350 via doris-1 rows=10136 [doris-1:f:up doris-2:f:up doris-3:M:up]
04:50:31 #133 OK SELECT id=3732350 via doris-1 rows=10136 [doris-1:f:up doris-2:f:up doris-3:M:up]
04:50:32 #134 OK SELECT id=3732350 via doris-1 rows=10134 [doris-1:f:up doris-2:f:DOWN doris-3:M:up]
04:50:33 #135 OK SELECT id=3732350 via doris-1 rows=10134 [doris-1:f:up doris-2:f:DOWN doris-3:M:up]
04:50:34 #136 OK SELECT id=3732350 via doris-1 rows=10136 [doris-1:f:up doris-2:f:DOWN doris-3:M:up]
04:50:36 #137 OK SELECT id=3732350 via doris-1 rows=10136 [doris-1:f:up doris-2:f:DOWN doris-3:M:up]
04:50:37 #138 OK SELECT id=3732350 via doris-1 rows=10136 [doris-1:f:up doris-2:f:DOWN doris-3:M:up]
