19:51:02 PROBE start proto=arrow-flight hosts=doris-1,doris-2,doris-3 duration=86400s cycle=INSERT>UPSERT>SELECT>DELETE>SELECT
19:51:02 connected to doris-1 (10.140.0.2)
19:51:02 DML unsupported over arrow-flight (InternalError: RuntimeException, msg: getMysqlChannel not in mysql connection (Internal; ExecuteQuery)) — switching to SELECT-only mode
19:51:02 #1 OK SELECT id=3730620 via doris-1 rows=10269 [doris-1:f:up doris-2:f:up doris-3:M:up]
19:51:03 #2 OK SELECT id=3730620 via doris-1 rows=10270 [doris-1:f:up doris-2:f:up doris-3:M:up]
19:51:04 #3 OK SELECT id=3730620 via doris-1 rows=10270 [doris-1:f:up doris-2:f:up doris-3:M:up]
19:51:05 #4 OK SELECT id=3730620 via doris-1 rows=10269 [doris-1:f:up doris-2:f:up doris-3:M:up]
19:51:06 #5 OK SELECT id=3730620 via doris-1 rows=10268 [doris-1:f:up doris-2:f:up doris-3:M:up]
19:51:07 #6 OK SELECT id=3730620 via doris-1 rows=10269 [doris-1:f:up doris-2:f:up doris-3:M:up]
19:51:08 #7 OK SELECT id=3730620 via doris-1 rows=10270 [doris-1:f:up doris-2:f:up doris-3:M:up]
19:51:09 #8 OK SELECT id=3730620 via doris-1 rows=10270 [doris-1:f:up doris-2:f:up doris-3:M:up]
19:51:10 #9 OK SELECT id=3730620 via doris-1 rows=10269 [doris-1:f:up doris-2:f:up doris-3:M:up]
19:51:11 #10 OK SELECT id=3730620 via doris-1 rows=10268 [doris-1:f:up doris-2:f:up doris-3:M:up]
19:51:13 #11 OK SELECT id=3730620 via doris-1 rows=10269 [doris-1:f:up doris-2:f:up doris-3:M:up]
19:51:14 #12 OK SELECT id=3730620 via doris-1 rows=10270 [doris-1:f:up doris-2:f:up doris-3:M:up]
19:51:15 #13 OK SELECT id=3730620 via doris-1 rows=10270 [doris-1:f:up doris-2:f:up doris-3:M:up]
19:51:16 #14 OK SELECT id=3730620 via doris-1 rows=10269 [doris-1:f:up doris-2:f:up doris-3:M:up]
19:51:17 #15 OK SELECT id=3730620 via doris-1 rows=10268 [doris-1:f:up doris-2:f:up doris-3:M:up]
19:51:18 #16 OK SELECT id=3730620 via doris-1 rows=10269 [doris-1:f:up doris-2:f:up doris-3:M:up]
19:51:19 #17 OK SELECT id=3730620 via doris-1 rows=10270 [doris-1:f:up doris-2:f:up doris-3:M:up]
19:51:20 #18 OK SELECT id=3730620 via doris-1 rows=10270 [doris-1:f:up doris-2:f:up doris-3:M:up]
19:51:21 #19 OK SELECT id=3730620 via doris-1 rows=10269 [doris-1:f:up doris-2:f:up doris-3:M:up]
19:51:22 #20 OK SELECT id=3730620 via doris-1 rows=10268 [doris-1:f:up doris-2:f:up doris-3:M:up]
19:51:23 #21 OK SELECT id=3730620 via doris-1 rows=10269 [doris-1:f:up doris-2:f:up doris-3:M:up]
19:51:24 #22 OK SELECT id=3730620 via doris-1 rows=10270 [doris-1:f:up doris-2:f:up doris-3:M:up]
19:51:25 #23 OK SELECT id=3730620 via doris-1 rows=10270 [doris-1:f:up doris-2:f:up doris-3:M:up]
19:51:26 #24 OK SELECT id=3730620 via doris-1 rows=10269 [doris-1:f:up doris-2:f:up doris-3:M:up]
19:51:27 #25 OK SELECT id=3730620 via doris-1 rows=10268 [doris-1:f:up doris-2:f:up doris-3:M:up]
19:51:28 #26 OK SELECT id=3730620 via doris-1 rows=10269 [doris-1:f:up doris-2:f:up doris-3:M:up]
19:51:29 #27 OK SELECT id=3730620 via doris-1 rows=10270 [doris-1:f:up doris-2:f:up doris-3:M:up]
19:51:30 #28 OK SELECT id=3730620 via doris-1 rows=10270 [doris-1:f:up doris-2:f:up doris-3:M:up]
19:51:31 #29 OK SELECT id=3730620 via doris-1 rows=10269 [doris-1:f:up doris-2:f:up doris-3:M:up]
19:51:32 #30 OK SELECT id=3730620 via doris-1 rows=10268 [doris-1:f:up doris-2:f:up doris-3:M:up]
19:51:33 #31 OK SELECT id=3730620 via doris-1 rows=10268 [doris-1:f:up doris-2:f:up doris-3:M:up]
19:51:34 #32 OK SELECT id=3730620 via doris-1 rows=10270 [doris-1:f:up doris-2:f:up doris-3:M:up]
19:51:36 #33 OK SELECT id=3730620 via doris-1 rows=10270 [doris-1:f:up doris-2:f:up doris-3:M:up]
19:51:36 EVENT break: vm stop on doris-3 (FE master)
19:51:37 #34 OK SELECT id=3730620 via doris-1 rows=10270 [doris-1:f:up doris-2:f:up doris-3:M:up]
19:51:38 #35 OK SELECT id=3730620 via doris-1 rows=10268 [doris-1:f:up doris-2:f:up doris-3:M:up]
19:51:39 #36 FAIL SELECT id=3730620 via doris-1: InternalError: INTERNAL: [FlightSQL] get flight info statement failed, after executeQueryStatement handleQuery, java.lang.Run
19:51:40 connected to doris-1 (10.140.0.2)
19:51:40 #37 FAIL SELECT id=3730620 via doris-1: InternalError: INTERNAL: [FlightSQL] get flight info statement failed, after executeQueryStatement handleQuery, java.lang.Run
19:51:41 connected to doris-1 (10.140.0.2)
19:51:41 #38 OK SELECT id=3730620 via doris-1 rows=10268 [doris-1:f:up doris-2:M:up doris-3:f:DOWN] (recovered)
19:51:42 #39 OK SELECT id=3730620 via doris-1 rows=10269 [doris-1:f:up doris-2:M:up doris-3:f:DOWN]
19:51:43 #40 OK SELECT id=3730620 via doris-1 rows=10269 [doris-1:f:up doris-2:M:up doris-3:f:DOWN]
19:51:44 #41 OK SELECT id=3730620 via doris-1 rows=10269 [doris-1:f:up doris-2:M:up doris-3:f:DOWN]
19:51:45 #42 OK SELECT id=3730620 via doris-1 rows=10269 [doris-1:f:up doris-2:M:up doris-3:f:DOWN]
19:51:46 #43 OK SELECT id=3730620 via doris-1 rows=10269 [doris-1:f:up doris-2:M:up doris-3:f:DOWN]
19:51:47 #44 OK SELECT id=3730620 via doris-1 rows=10270 [doris-1:f:up doris-2:M:up doris-3:f:DOWN]
19:51:48 #45 OK SELECT id=3730620 via doris-1 rows=10269 [doris-1:f:up doris-2:M:up doris-3:f:DOWN]
19:51:49 #46 OK SELECT id=3730620 via doris-1 rows=10269 [doris-1:f:up doris-2:M:up doris-3:f:DOWN]
19:51:50 #47 OK SELECT id=3730620 via doris-1 rows=10269 [doris-1:f:up doris-2:M:up doris-3:f:DOWN]
19:51:51 #48 OK SELECT id=3730620 via doris-1 rows=10269 [doris-1:f:up doris-2:M:up doris-3:f:DOWN]
19:51:53 #49 OK SELECT id=3730620 via doris-1 rows=10270 [doris-1:f:up doris-2:M:up doris-3:f:DOWN]
19:51:54 #50 OK SELECT id=3730620 via doris-1 rows=10269 [doris-1:f:up doris-2:M:up doris-3:f:DOWN]
19:51:55 #51 OK SELECT id=3730620 via doris-1 rows=10269 [doris-1:f:up doris-2:M:up doris-3:f:DOWN]
19:51:56 #52 OK SELECT id=3730620 via doris-1 rows=10269 [doris-1:f:up doris-2:M:up doris-3:f:DOWN]
19:51:57 #53 OK SELECT id=3730620 via doris-1 rows=10269 [doris-1:f:up doris-2:M:up doris-3:f:DOWN]
19:51:58 #54 OK SELECT id=3730620 via doris-1 rows=10270 [doris-1:f:up doris-2:M:up doris-3:f:DOWN]
19:51:59 #55 OK SELECT id=3730620 via doris-1 rows=10269 [doris-1:f:up doris-2:M:up doris-3:f:DOWN]
19:52:00 #56 OK SELECT id=3730620 via doris-1 rows=10269 [doris-1:f:up doris-2:M:up doris-3:f:DOWN]
19:52:01 EVENT break: doris-3 is down
19:52:01 #57 OK SELECT id=3730620 via doris-1 rows=10269 [doris-1:f:up doris-2:M:up doris-3:f:DOWN]
19:52:02 #58 OK SELECT id=3730620 via doris-1 rows=10269 [doris-1:f:up doris-2:M:up doris-3:f:DOWN]
19:52:03 #59 OK SELECT id=3730620 via doris-1 rows=10270 [doris-1:f:up doris-2:M:up doris-3:f:DOWN]
19:52:04 #60 OK SELECT id=3730620 via doris-1 rows=10269 [doris-1:f:up doris-2:M:up doris-3:f:DOWN]
19:52:05 #61 OK SELECT id=3730620 via doris-1 rows=10269 [doris-1:f:up doris-2:M:up doris-3:f:DOWN]
19:52:06 #62 OK SELECT id=3730620 via doris-1 rows=10269 [doris-1:f:up doris-2:M:up doris-3:f:DOWN]
19:52:07 #63 OK SELECT id=3730620 via doris-1 rows=10269 [doris-1:f:up doris-2:M:up doris-3:f:DOWN]
19:52:08 #64 OK SELECT id=3730620 via doris-1 rows=10270 [doris-1:f:up doris-2:M:up doris-3:f:DOWN]
19:52:09 #65 OK SELECT id=3730620 via doris-1 rows=10269 [doris-1:f:up doris-2:M:up doris-3:f:DOWN]
19:52:10 #66 OK SELECT id=3730620 via doris-1 rows=10269 [doris-1:f:up doris-2:M:up doris-3:f:DOWN]
19:52:12 #67 OK SELECT id=3730620 via doris-1 rows=10269 [doris-1:f:up doris-2:M:up doris-3:f:DOWN]
19:52:13 #68 OK SELECT id=3730620 via doris-1 rows=10269 [doris-1:f:up doris-2:M:up doris-3:f:DOWN]
19:52:14 #69 OK SELECT id=3730620 via doris-1 rows=10270 [doris-1:f:up doris-2:M:up doris-3:f:DOWN]
19:52:15 #70 OK SELECT id=3730620 via doris-1 rows=10269 [doris-1:f:up doris-2:M:up doris-3:f:DOWN]
19:52:16 #71 OK SELECT id=3730620 via doris-1 rows=10269 [doris-1:f:up doris-2:M:up doris-3:f:DOWN]
19:52:17 #72 OK SELECT id=3730620 via doris-1 rows=10269 [doris-1:f:up doris-2:M:up doris-3:f:DOWN]
19:52:18 #73 OK SELECT id=3730620 via doris-1 rows=10269 [doris-1:f:up doris-2:M:up doris-3:f:DOWN]
19:52:19 #74 OK SELECT id=3730620 via doris-1 rows=10269 [doris-1:f:up doris-2:M:up doris-3:f:DOWN]
19:52:20 #75 OK SELECT id=3730620 via doris-1 rows=10269 [doris-1:f:up doris-2:M:up doris-3:f:DOWN]
19:52:21 #76 OK SELECT id=3730620 via doris-1 rows=10269 [doris-1:f:up doris-2:M:up doris-3:f:DOWN]
19:52:22 #77 OK SELECT id=3730620 via doris-1 rows=10270 [doris-1:f:up doris-2:M:up doris-3:f:DOWN]
19:52:23 #78 OK SELECT id=3730620 via doris-1 rows=10269 [doris-1:f:up doris-2:M:up doris-3:f:DOWN]
19:52:24 #79 OK SELECT id=3730620 via doris-1 rows=10269 [doris-1:f:up doris-2:M:up doris-3:f:DOWN]
19:52:25 #80 OK SELECT id=3730620 via doris-1 rows=10269 [doris-1:f:up doris-2:M:up doris-3:f:DOWN]
19:52:26 #81 OK SELECT id=3730620 via doris-1 rows=10269 [doris-1:f:up doris-2:M:up doris-3:f:DOWN]
19:52:27 #82 OK SELECT id=3730620 via doris-1 rows=10270 [doris-1:f:up doris-2:M:up doris-3:f:DOWN]
19:52:28 #83 OK SELECT id=3730620 via doris-1 rows=10269 [doris-1:f:up doris-2:M:up doris-3:f:DOWN]
19:52:29 #84 OK SELECT id=3730620 via doris-1 rows=10269 [doris-1:f:up doris-2:M:up doris-3:f:DOWN]
19:52:30 #85 OK SELECT id=3730620 via doris-1 rows=10269 [doris-1:f:up doris-2:M:up doris-3:f:DOWN]
19:52:32 #86 OK SELECT id=3730620 via doris-1 rows=10269 [doris-1:f:up doris-2:M:up doris-3:f:DOWN]
19:52:33 #87 OK SELECT id=3730620 via doris-1 rows=10270 [doris-1:f:up doris-2:M:up doris-3:f:DOWN]
19:52:33 EVENT break: fe dead on doris-1 (FE follower)
19:52:34 #88 OK SELECT id=3730620 via doris-1 rows=10269 [doris-1:f:up doris-2:M:up doris-3:f:DOWN]
19:52:35 #89 OK SELECT id=3730620 via doris-1 rows=10269 [doris-1:f:up doris-2:M:up doris-3:f:DOWN]
19:52:36 #90 FAIL SELECT id=3730620 via doris-1: OperationalError: IO: [FlightSQL] connection error: desc = "transport: Error while dialing: dial tcp 10.140.0.2:8070: connect: c
19:52:37 connected to doris-2 (10.140.0.3)
19:52:45 #91 FAIL SELECT id=3730620 via doris-2: OperationalError: TIMEOUT: [FlightSQL] context deadline exceeded (DeadlineExceeded; ExecuteQuery). Vendor code: 4
19:52:46 connected to doris-2 (10.140.0.3)
19:52:54 #92 FAIL SELECT id=3730620 via doris-2: OperationalError: TIMEOUT: [FlightSQL] stream terminated by RST_STREAM with error code: CANCEL (DeadlineExceeded; ExecuteQuery).
19:52:55 connected to doris-2 (10.140.0.3)
19:53:03 #93 FAIL SELECT id=3730620 via doris-2: OperationalError: TIMEOUT: [FlightSQL] stream terminated by RST_STREAM with error code: CANCEL (DeadlineExceeded; ExecuteQuery).
19:53:04 connected to doris-2 (10.140.0.3)
19:53:12 #94 FAIL SELECT id=3730620 via doris-2: OperationalError: TIMEOUT: [FlightSQL] context deadline exceeded (DeadlineExceeded; ExecuteQuery). Vendor code: 4
19:53:13 connected to doris-2 (10.140.0.3)
19:53:21 #95 FAIL SELECT id=3730620 via doris-2: OperationalError: TIMEOUT: [FlightSQL] stream terminated by RST_STREAM with error code: CANCEL (DeadlineExceeded; ExecuteQuery).
19:53:22 connected to doris-2 (10.140.0.3)
19:53:30 #96 FAIL SELECT id=3730620 via doris-2: OperationalError: TIMEOUT: [FlightSQL] context deadline exceeded (DeadlineExceeded; ExecuteQuery). Vendor code: 4
19:53:31 connected to doris-2 (10.140.0.3)
19:53:39 #97 FAIL SELECT id=3730620 via doris-2: OperationalError: TIMEOUT: [FlightSQL] context deadline exceeded (DeadlineExceeded; ExecuteQuery). Vendor code: 4
19:53:40 connected to doris-2 (10.140.0.3)
19:53:48 #98 FAIL SELECT id=3730620 via doris-2: OperationalError: TIMEOUT: [FlightSQL] stream terminated by RST_STREAM with error code: CANCEL (DeadlineExceeded; ExecuteQuery).
19:53:49 connected to doris-2 (10.140.0.3)
19:53:57 #99 FAIL SELECT id=3730620 via doris-2: OperationalError: TIMEOUT: [FlightSQL] context deadline exceeded (DeadlineExceeded; ExecuteQuery). Vendor code: 4
19:53:58 connected to doris-2 (10.140.0.3)
19:54:06 #100 FAIL SELECT id=3730620 via doris-2: OperationalError: TIMEOUT: [FlightSQL] stream terminated by RST_STREAM with error code: CANCEL (DeadlineExceeded; ExecuteQuery).
19:54:07 connected to doris-2 (10.140.0.3)
19:54:15 #101 FAIL SELECT id=3730620 via doris-2: OperationalError: TIMEOUT: [FlightSQL] context deadline exceeded (DeadlineExceeded; ExecuteQuery). Vendor code: 4
19:54:16 connected to doris-2 (10.140.0.3)
19:54:21 EVENT restore: systemctl start doris-fe on doris-1
19:54:24 #102 FAIL SELECT id=3730620 via doris-2: OperationalError: TIMEOUT: [FlightSQL] context deadline exceeded (DeadlineExceeded; ExecuteQuery). Vendor code: 4
19:54:25 EVENT restore: start doris-3
19:54:25 connected to doris-2 (10.140.0.3)
19:54:33 #103 FAIL SELECT id=3730620 via doris-2: OperationalError: TIMEOUT: [FlightSQL] context deadline exceeded (DeadlineExceeded; ExecuteQuery). Vendor code: 4
19:54:34 connected to doris-2 (10.140.0.3)
19:54:42 #104 FAIL SELECT id=3730620 via doris-2: OperationalError: TIMEOUT: [FlightSQL] context deadline exceeded (DeadlineExceeded; ExecuteQuery). Vendor code: 4
19:54:44 connected to doris-1 (10.140.0.2)
19:54:45 #105 OK SELECT id=3730620 via doris-1 rows=10269 [doris-1:f:up doris-2:M:up doris-3:f:DOWN] (recovered)
19:54:46 #106 OK SELECT id=3730620 via doris-1 rows=10269 [doris-1:f:up doris-2:M:up doris-3:f:DOWN]
19:54:47 #107 OK SELECT id=3730620 via doris-1 rows=10269 [doris-1:f:up doris-2:M:up doris-3:f:DOWN]
19:54:49 #108 OK SELECT id=3730620 via doris-1 rows=10269 [doris-1:f:up doris-2:M:up doris-3:f:DOWN]
19:54:50 #109 OK SELECT id=3730620 via doris-1 rows=10269 [doris-1:f:up doris-2:M:up doris-3:f:DOWN]
19:54:51 #110 OK SELECT id=3730620 via doris-1 rows=10269 [doris-1:f:up doris-2:M:up doris-3:f:DOWN]
19:54:52 #111 OK SELECT id=3730620 via doris-1 rows=10269 [doris-1:f:up doris-2:M:up doris-3:f:DOWN]
19:54:53 #112 OK SELECT id=3730620 via doris-1 rows=10269 [doris-1:f:up doris-2:M:up doris-3:f:DOWN]
19:54:54 #113 OK SELECT id=3730620 via doris-1 rows=10269 [doris-1:f:up doris-2:M:up doris-3:f:DOWN]
19:54:55 #114 OK SELECT id=3730620 via doris-1 rows=10269 [doris-1:f:up doris-2:M:up doris-3:f:DOWN]
19:54:56 #115 OK SELECT id=3730620 via doris-1 rows=10269 [doris-1:f:up doris-2:M:up doris-3:f:DOWN]
19:54:58 #116 OK SELECT id=3730620 via doris-1 rows=10269 [doris-1:f:up doris-2:M:up doris-3:f:DOWN]
19:54:59 #117 OK SELECT id=3730620 via doris-1 rows=10269 [doris-1:f:up doris-2:M:up doris-3:f:DOWN]
19:55:00 #118 OK SELECT id=3730620 via doris-1 rows=10269 [doris-1:f:up doris-2:M:up doris-3:f:DOWN]
19:55:01 #119 OK SELECT id=3730620 via doris-1 rows=10269 [doris-1:f:up doris-2:M:up doris-3:f:DOWN]
19:55:02 #120 OK SELECT id=3730620 via doris-1 rows=10269 [doris-1:f:up doris-2:M:up doris-3:f:DOWN]
19:55:03 #121 OK SELECT id=3730620 via doris-1 rows=10269 [doris-1:f:up doris-2:M:up doris-3:f:DOWN]
19:55:04 #122 OK SELECT id=3730620 via doris-1 rows=10269 [doris-1:f:up doris-2:M:up doris-3:f:DOWN]
19:55:05 #123 OK SELECT id=3730620 via doris-1 rows=10269 [doris-1:f:up doris-2:M:up doris-3:f:DOWN]
19:55:06 #124 OK SELECT id=3730620 via doris-1 rows=10269 [doris-1:f:up doris-2:M:up doris-3:f:DOWN]
19:55:07 #125 OK SELECT id=3730620 via doris-1 rows=10269 [doris-1:f:up doris-2:M:up doris-3:f:DOWN]
19:55:08 #126 OK SELECT id=3730620 via doris-1 rows=10269 [doris-1:f:up doris-2:M:up doris-3:f:DOWN]
19:55:10 #127 OK SELECT id=3730620 via doris-1 rows=10269 [doris-1:f:up doris-2:M:up doris-3:f:DOWN]
19:55:11 #128 OK SELECT id=3730620 via doris-1 rows=10269 [doris-1:f:up doris-2:M:up doris-3:f:DOWN]
19:55:12 #129 OK SELECT id=3730620 via doris-1 rows=10269 [doris-1:f:up doris-2:M:up doris-3:f:DOWN]
19:55:13 #130 OK SELECT id=3730620 via doris-1 rows=10269 [doris-1:f:up doris-2:M:up doris-3:f:DOWN]
19:55:14 #131 OK SELECT id=3730620 via doris-1 rows=10269 [doris-1:f:up doris-2:M:up doris-3:f:DOWN]
19:55:15 #132 OK SELECT id=3730620 via doris-1 rows=10269 [doris-1:f:up doris-2:M:up doris-3:f:DOWN]
19:55:16 #133 OK SELECT id=3730620 via doris-1 rows=10269 [doris-1:f:up doris-2:M:up doris-3:f:DOWN]
19:55:17 #134 OK SELECT id=3730620 via doris-1 rows=10269 [doris-1:f:up doris-2:M:up doris-3:f:DOWN]
19:55:18 #135 OK SELECT id=3730620 via doris-1 rows=10269 [doris-1:f:up doris-2:M:up doris-3:f:DOWN]
19:55:19 #136 OK SELECT id=3730620 via doris-1 rows=10269 [doris-1:f:up doris-2:M:up doris-3:f:DOWN]
19:55:20 #137 OK SELECT id=3730620 via doris-1 rows=10269 [doris-1:f:up doris-2:M:up doris-3:f:DOWN]
19:55:22 #138 OK SELECT id=3730620 via doris-1 rows=10269 [doris-1:f:up doris-2:M:up doris-3:f:DOWN]
19:55:23 #139 OK SELECT id=3730620 via doris-1 rows=10269 [doris-1:f:up doris-2:M:up doris-3:f:DOWN]
19:55:24 #140 OK SELECT id=3730620 via doris-1 rows=10269 [doris-1:f:up doris-2:M:up doris-3:f:DOWN]
19:55:25 #141 OK SELECT id=3730620 via doris-1 rows=10269 [doris-1:f:up doris-2:M:up doris-3:f:DOWN]
19:55:26 #142 OK SELECT id=3730620 via doris-1 rows=10269 [doris-1:f:up doris-2:M:up doris-3:f:DOWN]
19:55:27 #143 OK SELECT id=3730620 via doris-1 rows=10269 [doris-1:f:up doris-2:M:up doris-3:f:DOWN]
19:55:28 #144 OK SELECT id=3730620 via doris-1 rows=10269 [doris-1:f:up doris-2:M:up doris-3:f:DOWN]
19:55:29 #145 OK SELECT id=3730620 via doris-1 rows=10269 [doris-1:f:up doris-2:M:up doris-3:f:DOWN]
19:55:30 #146 OK SELECT id=3730620 via doris-1 rows=10269 [doris-1:f:up doris-2:M:up doris-3:f:DOWN]
19:55:31 #147 OK SELECT id=3730620 via doris-1 rows=10269 [doris-1:f:up doris-2:M:up doris-3:f:DOWN]
19:55:32 #148 OK SELECT id=3730620 via doris-1 rows=10269 [doris-1:f:up doris-2:M:up doris-3:f:DOWN]
19:55:34 #149 OK SELECT id=3730620 via doris-1 rows=10269 [doris-1:f:up doris-2:M:up doris-3:f:DOWN]
19:55:35 #150 OK SELECT id=3730620 via doris-1 rows=10269 [doris-1:f:up doris-2:M:up doris-3:f:DOWN]
19:55:36 #151 OK SELECT id=3730620 via doris-1 rows=10269 [doris-1:f:up doris-2:M:up doris-3:f:DOWN]
19:55:37 #152 OK SELECT id=3730620 via doris-1 rows=10269 [doris-1:f:up doris-2:M:up doris-3:f:DOWN]
19:55:38 #153 OK SELECT id=3730620 via doris-1 rows=10269 [doris-1:f:up doris-2:M:up doris-3:f:DOWN]
19:55:39 #154 OK SELECT id=3730620 via doris-1 rows=10269 [doris-1:f:up doris-2:M:up doris-3:f:DOWN]
19:55:40 #155 OK SELECT id=3730620 via doris-1 rows=10269 [doris-1:f:up doris-2:M:up doris-3:f:DOWN]
19:55:41 #156 OK SELECT id=3730620 via doris-1 rows=10269 [doris-1:f:up doris-2:M:up doris-3:f:DOWN]
19:55:42 #157 OK SELECT id=3730620 via doris-1 rows=10269 [doris-1:f:up doris-2:M:up doris-3:f:DOWN]
19:55:43 #158 OK SELECT id=3730620 via doris-1 rows=10269 [doris-1:f:up doris-2:M:up doris-3:f:DOWN]
19:55:44 #159 OK SELECT id=3730620 via doris-1 rows=10269 [doris-1:f:up doris-2:M:up doris-3:f:DOWN]
19:55:45 #160 OK SELECT id=3730620 via doris-1 rows=10269 [doris-1:f:up doris-2:M:up doris-3:f:DOWN]
19:55:46 #161 OK SELECT id=3730620 via doris-1 rows=10269 [doris-1:f:up doris-2:M:up doris-3:f:DOWN]
19:55:48 #162 OK SELECT id=3730620 via doris-1 rows=10269 [doris-1:f:up doris-2:M:up doris-3:f:DOWN]
19:55:49 #163 OK SELECT id=3730620 via doris-1 rows=10269 [doris-1:f:up doris-2:M:up doris-3:f:DOWN]
19:55:50 #164 OK SELECT id=3730620 via doris-1 rows=10269 [doris-1:f:up doris-2:M:up doris-3:f:DOWN]
19:55:51 #165 OK SELECT id=3730620 via doris-1 rows=10269 [doris-1:f:up doris-2:M:up doris-3:f:DOWN]
19:55:52 #166 OK SELECT id=3730620 via doris-1 rows=10269 [doris-1:f:up doris-2:M:up doris-3:f:DOWN]
19:55:53 #167 OK SELECT id=3730620 via doris-1 rows=10269 [doris-1:f:up doris-2:M:up doris-3:f:DOWN]
19:55:54 #168 OK SELECT id=3730620 via doris-1 rows=10269 [doris-1:f:up doris-2:M:up doris-3:f:DOWN]
19:55:55 #169 OK SELECT id=3730620 via doris-1 rows=10269 [doris-1:f:up doris-2:M:up doris-3:f:DOWN]
19:55:56 #170 OK SELECT id=3730620 via doris-1 rows=10269 [doris-1:f:up doris-2:M:up doris-3:f:DOWN]
19:55:57 #171 OK SELECT id=3730620 via doris-1 rows=10269 [doris-1:f:up doris-2:M:up doris-3:f:DOWN]
19:55:58 #172 OK SELECT id=3730620 via doris-1 rows=10269 [doris-1:f:up doris-2:M:up doris-3:f:DOWN]
19:55:59 #173 OK SELECT id=3730620 via doris-1 rows=10269 [doris-1:f:up doris-2:M:up doris-3:f:DOWN]
19:56:00 #174 OK SELECT id=3730620 via doris-1 rows=10269 [doris-1:f:up doris-2:M:up doris-3:f:DOWN]
19:56:02 #175 OK SELECT id=3730620 via doris-1 rows=10269 [doris-1:f:up doris-2:M:up doris-3:f:DOWN]
19:56:03 #176 OK SELECT id=3730620 via doris-1 rows=10269 [doris-1:f:up doris-2:M:up doris-3:f:DOWN]
19:56:04 #177 OK SELECT id=3730620 via doris-1 rows=10269 [doris-1:f:up doris-2:M:up doris-3:f:DOWN]
19:56:05 #178 OK SELECT id=3730620 via doris-1 rows=10269 [doris-1:f:up doris-2:M:up doris-3:f:DOWN]
19:56:06 #179 OK SELECT id=3730620 via doris-1 rows=10269 [doris-1:f:up doris-2:M:up doris-3:f:DOWN]
19:56:07 #180 OK SELECT id=3730620 via doris-1 rows=10269 [doris-1:f:up doris-2:M:up doris-3:f:DOWN]
19:56:08 #181 OK SELECT id=3730620 via doris-1 rows=10269 [doris-1:f:up doris-2:M:up doris-3:f:DOWN]
19:56:09 #182 OK SELECT id=3730620 via doris-1 rows=10269 [doris-1:f:up doris-2:M:up doris-3:f:DOWN]
19:56:10 #183 OK SELECT id=3730620 via doris-1 rows=10269 [doris-1:f:up doris-2:M:up doris-3:f:DOWN]
19:56:11 #184 OK SELECT id=3730620 via doris-1 rows=10269 [doris-1:f:up doris-2:M:up doris-3:f:DOWN]
19:56:12 #185 OK SELECT id=3730620 via doris-1 rows=10269 [doris-1:f:up doris-2:M:up doris-3:f:DOWN]
19:56:13 #186 OK SELECT id=3730620 via doris-1 rows=10269 [doris-1:f:up doris-2:M:up doris-3:f:DOWN]
19:56:14 #187 OK SELECT id=3730620 via doris-1 rows=10269 [doris-1:f:up doris-2:M:up doris-3:f:DOWN]
19:56:16 #188 OK SELECT id=3730620 via doris-1 rows=10269 [doris-1:f:up doris-2:M:up doris-3:f:DOWN]
19:56:17 #189 OK SELECT id=3730620 via doris-1 rows=10269 [doris-1:f:up doris-2:M:up doris-3:f:DOWN]
19:56:18 #190 OK SELECT id=3730620 via doris-1 rows=10269 [doris-1:f:up doris-2:M:up doris-3:f:DOWN]
19:56:19 #191 OK SELECT id=3730620 via doris-1 rows=10269 [doris-1:f:up doris-2:M:up doris-3:f:DOWN]
19:56:20 #192 OK SELECT id=3730620 via doris-1 rows=10269 [doris-1:f:up doris-2:M:up doris-3:f:DOWN]
19:56:21 #193 OK SELECT id=3730620 via doris-1 rows=10269 [doris-1:f:up doris-2:M:up doris-3:f:DOWN]
19:56:22 #194 OK SELECT id=3730620 via doris-1 rows=10269 [doris-1:f:up doris-2:M:up doris-3:f:DOWN]
19:56:23 #195 OK SELECT id=3730620 via doris-1 rows=10269 [doris-1:f:up doris-2:M:up doris-3:f:DOWN]
19:56:24 #196 OK SELECT id=3730620 via doris-1 rows=10269 [doris-1:f:up doris-2:M:up doris-3:f:DOWN]
19:56:25 #197 OK SELECT id=3730620 via doris-1 rows=10269 [doris-1:f:up doris-2:M:up doris-3:f:DOWN]
19:56:26 #198 OK SELECT id=3730620 via doris-1 rows=10269 [doris-1:f:up doris-2:M:up doris-3:f:DOWN]
19:56:27 #199 OK SELECT id=3730620 via doris-1 rows=10269 [doris-1:f:up doris-2:M:up doris-3:f:DOWN]
19:56:28 #200 OK SELECT id=3730620 via doris-1 rows=10269 [doris-1:f:up doris-2:M:up doris-3:f:DOWN]
19:56:29 #201 OK SELECT id=3730620 via doris-1 rows=10269 [doris-1:f:up doris-2:M:up doris-3:f:DOWN]
19:56:31 #202 OK SELECT id=3730620 via doris-1 rows=10269 [doris-1:f:up doris-2:M:up doris-3:f:DOWN]
19:56:32 #203 OK SELECT id=3730620 via doris-1 rows=10269 [doris-1:f:up doris-2:M:up doris-3:f:DOWN]
19:56:33 #204 OK SELECT id=3730620 via doris-1 rows=10269 [doris-1:f:up doris-2:M:up doris-3:f:DOWN]
19:56:34 #205 OK SELECT id=3730620 via doris-1 rows=10269 [doris-1:f:up doris-2:M:up doris-3:f:DOWN]
19:56:35 #206 OK SELECT id=3730620 via doris-1 rows=10269 [doris-1:f:up doris-2:M:up doris-3:f:DOWN]
19:56:36 #207 OK SELECT id=3730620 via doris-1 rows=10269 [doris-1:f:up doris-2:M:up doris-3:f:DOWN]
19:56:37 #208 OK SELECT id=3730620 via doris-1 rows=10269 [doris-1:f:up doris-2:M:up doris-3:f:DOWN]
19:56:38 #209 OK SELECT id=3730620 via doris-1 rows=10269 [doris-1:f:up doris-2:M:up doris-3:f:DOWN]
19:56:39 #210 OK SELECT id=3730620 via doris-1 rows=10269 [doris-1:f:up doris-2:M:up doris-3:f:DOWN]
19:56:40 #211 OK SELECT id=3730620 via doris-1 rows=10269 [doris-1:f:up doris-2:M:up doris-3:f:DOWN]
19:56:41 #212 OK SELECT id=3730620 via doris-1 rows=10269 [doris-1:f:up doris-2:M:up doris-3:f:DOWN]
19:56:42 #213 OK SELECT id=3730620 via doris-1 rows=10269 [doris-1:f:up doris-2:M:up doris-3:f:DOWN]
19:56:43 #214 OK SELECT id=3730620 via doris-1 rows=10269 [doris-1:f:up doris-2:M:up doris-3:f:DOWN]
19:56:44 #215 OK SELECT id=3730620 via doris-1 rows=10269 [doris-1:f:up doris-2:M:up doris-3:f:DOWN]
19:56:46 #216 OK SELECT id=3730620 via doris-1 rows=10269 [doris-1:f:up doris-2:M:up doris-3:f:DOWN]
19:56:47 #217 OK SELECT id=3730620 via doris-1 rows=10269 [doris-1:f:up doris-2:M:up doris-3:f:DOWN]
19:56:48 #218 OK SELECT id=3730620 via doris-1 rows=10269 [doris-1:f:up doris-2:M:up doris-3:f:DOWN]
19:56:49 #219 OK SELECT id=3730620 via doris-1 rows=10269 [doris-1:f:up doris-2:M:up doris-3:f:DOWN]
19:56:50 #220 OK SELECT id=3730620 via doris-1 rows=10269 [doris-1:f:up doris-2:M:up doris-3:f:DOWN]
19:56:51 #221 OK SELECT id=3730620 via doris-1 rows=10269 [doris-1:f:up doris-2:M:up doris-3:f:DOWN]
19:56:52 #222 OK SELECT id=3730620 via doris-1 rows=10269 [doris-1:f:up doris-2:M:up doris-3:f:DOWN]
19:56:53 #223 OK SELECT id=3730620 via doris-1 rows=10269 [doris-1:f:up doris-2:M:up doris-3:f:DOWN]
19:56:54 #224 OK SELECT id=3730620 via doris-1 rows=10269 [doris-1:f:up doris-2:M:up doris-3:f:DOWN]
19:56:55 #225 OK SELECT id=3730620 via doris-1 rows=10269 [doris-1:f:up doris-2:M:up doris-3:f:DOWN]
19:56:56 #226 OK SELECT id=3730620 via doris-1 rows=10269 [doris-1:f:up doris-2:M:up doris-3:f:DOWN]
19:56:57 #227 OK SELECT id=3730620 via doris-1 rows=10269 [doris-1:f:up doris-2:M:up doris-3:f:DOWN]
19:56:58 #228 OK SELECT id=3730620 via doris-1 rows=10269 [doris-1:f:up doris-2:M:up doris-3:f:DOWN]
19:56:59 #229 OK SELECT id=3730620 via doris-1 rows=10269 [doris-1:f:up doris-2:M:up doris-3:f:DOWN]
19:57:00 #230 OK SELECT id=3730620 via doris-1 rows=10269 [doris-1:f:up doris-2:M:up doris-3:f:DOWN]
19:57:02 #231 OK SELECT id=3730620 via doris-1 rows=10269 [doris-1:f:up doris-2:M:up doris-3:f:DOWN]
19:57:03 #232 OK SELECT id=3730620 via doris-1 rows=10269 [doris-1:f:up doris-2:M:up doris-3:f:DOWN]
19:57:04 #233 OK SELECT id=3730620 via doris-1 rows=10269 [doris-1:f:up doris-2:M:up doris-3:f:DOWN]
19:57:05 #234 OK SELECT id=3730620 via doris-1 rows=10269 [doris-1:f:up doris-2:M:up doris-3:f:DOWN]
19:57:06 #235 OK SELECT id=3730620 via doris-1 rows=10269 [doris-1:f:up doris-2:M:up doris-3:f:DOWN]
19:57:07 #236 OK SELECT id=3730620 via doris-1 rows=10269 [doris-1:f:up doris-2:M:up doris-3:f:DOWN]
19:57:08 #237 OK SELECT id=3730620 via doris-1 rows=10269 [doris-1:f:up doris-2:M:up doris-3:f:DOWN]
19:57:09 #238 OK SELECT id=3730620 via doris-1 rows=10269 [doris-1:f:up doris-2:M:up doris-3:f:DOWN]
19:57:10 #239 OK SELECT id=3730620 via doris-1 rows=10269 [doris-1:f:up doris-2:M:up doris-3:f:DOWN]
19:57:11 #240 OK SELECT id=3730620 via doris-1 rows=10269 [doris-1:f:up doris-2:M:up doris-3:f:DOWN]
19:57:12 #241 OK SELECT id=3730620 via doris-1 rows=10269 [doris-1:f:up doris-2:M:up doris-3:f:DOWN]
19:57:13 #242 OK SELECT id=3730620 via doris-1 rows=10269 [doris-1:f:up doris-2:M:up doris-3:f:DOWN]
19:57:14 #243 OK SELECT id=3730620 via doris-1 rows=10269 [doris-1:f:up doris-2:M:up doris-3:f:DOWN]
19:57:15 #244 OK SELECT id=3730620 via doris-1 rows=10269 [doris-1:f:up doris-2:M:up doris-3:f:DOWN]
19:57:16 #245 OK SELECT id=3730620 via doris-1 rows=10269 [doris-1:f:up doris-2:M:up doris-3:f:DOWN]
19:57:18 #246 OK SELECT id=3730620 via doris-1 rows=10269 [doris-1:f:up doris-2:M:up doris-3:f:DOWN]
19:57:19 #247 OK SELECT id=3730620 via doris-1 rows=10269 [doris-1:f:up doris-2:M:up doris-3:f:DOWN]
19:57:20 #248 OK SELECT id=3730620 via doris-1 rows=10269 [doris-1:f:up doris-2:M:up doris-3:f:DOWN]
19:57:21 #249 OK SELECT id=3730620 via doris-1 rows=10269 [doris-1:f:up doris-2:M:up doris-3:f:DOWN]
19:57:22 #250 OK SELECT id=3730620 via doris-1 rows=10269 [doris-1:f:up doris-2:M:up doris-3:f:DOWN]
19:57:23 #251 OK SELECT id=3730620 via doris-1 rows=10269 [doris-1:f:up doris-2:M:up doris-3:f:DOWN]
19:57:24 #252 OK SELECT id=3730620 via doris-1 rows=10269 [doris-1:f:up doris-2:M:up doris-3:f:DOWN]
19:57:25 #253 OK SELECT id=3730620 via doris-1 rows=10269 [doris-1:f:up doris-2:M:up doris-3:f:DOWN]
19:57:26 #254 OK SELECT id=3730620 via doris-1 rows=10269 [doris-1:f:up doris-2:M:up doris-3:f:DOWN]
19:57:27 #255 OK SELECT id=3730620 via doris-1 rows=10269 [doris-1:f:up doris-2:M:up doris-3:f:DOWN]
19:57:28 #256 OK SELECT id=3730620 via doris-1 rows=10269 [doris-1:f:up doris-2:M:up doris-3:f:DOWN]
19:57:29 #257 OK SELECT id=3730620 via doris-1 rows=10269 [doris-1:f:up doris-2:M:up doris-3:f:DOWN]
19:57:30 #258 OK SELECT id=3730620 via doris-1 rows=10269 [doris-1:f:up doris-2:M:up doris-3:f:DOWN]
19:57:31 #259 OK SELECT id=3730620 via doris-1 rows=10269 [doris-1:f:up doris-2:M:up doris-3:f:DOWN]
19:57:32 #260 OK SELECT id=3730620 via doris-1 rows=10269 [doris-1:f:up doris-2:M:up doris-3:f:DOWN]
19:57:34 #261 OK SELECT id=3730620 via doris-1 rows=10269 [doris-1:f:up doris-2:M:up doris-3:f:DOWN]
19:57:35 #262 OK SELECT id=3730620 via doris-1 rows=10269 [doris-1:f:up doris-2:M:up doris-3:f:DOWN]
19:57:36 #263 OK SELECT id=3730620 via doris-1 rows=10269 [doris-1:f:up doris-2:M:up doris-3:f:DOWN]
19:57:37 #264 OK SELECT id=3730620 via doris-1 rows=10269 [doris-1:f:up doris-2:M:up doris-3:f:DOWN]
19:57:38 #265 OK SELECT id=3730620 via doris-1 rows=10269 [doris-1:f:up doris-2:M:up doris-3:f:DOWN]
19:57:39 #266 OK SELECT id=3730620 via doris-1 rows=10269 [doris-1:f:up doris-2:M:up doris-3:f:DOWN]
19:57:40 #267 OK SELECT id=3730620 via doris-1 rows=10269 [doris-1:f:up doris-2:M:up doris-3:f:DOWN]
19:57:41 #268 OK SELECT id=3730620 via doris-1 rows=10269 [doris-1:f:up doris-2:M:up doris-3:f:DOWN]
19:57:42 #269 OK SELECT id=3730620 via doris-1 rows=10269 [doris-1:f:up doris-2:M:up doris-3:f:DOWN]
19:57:43 #270 OK SELECT id=3730620 via doris-1 rows=10269 [doris-1:f:up doris-2:M:up doris-3:f:DOWN]
19:57:44 #271 OK SELECT id=3730620 via doris-1 rows=10269 [doris-1:f:up doris-2:M:up doris-3:f:DOWN]
19:57:45 #272 OK SELECT id=3730620 via doris-1 rows=10269 [doris-1:f:up doris-2:M:up doris-3:f:DOWN]
19:57:46 #273 OK SELECT id=3730620 via doris-1 rows=10269 [doris-1:f:up doris-2:M:up doris-3:f:DOWN]
19:57:47 #274 OK SELECT id=3730620 via doris-1 rows=10269 [doris-1:f:up doris-2:M:up doris-3:f:DOWN]
19:57:48 #275 OK SELECT id=3730620 via doris-1 rows=10269 [doris-1:f:up doris-2:M:up doris-3:f:DOWN]
19:57:50 #276 OK SELECT id=3730620 via doris-1 rows=10269 [doris-1:f:up doris-2:M:up doris-3:f:DOWN]
19:57:51 #277 OK SELECT id=3730620 via doris-1 rows=10269 [doris-1:f:up doris-2:M:up doris-3:f:DOWN]
19:57:52 #278 OK SELECT id=3730620 via doris-1 rows=10269 [doris-1:f:up doris-2:M:up doris-3:f:DOWN]
19:57:53 #279 OK SELECT id=3730620 via doris-1 rows=10269 [doris-1:f:up doris-2:M:up doris-3:f:DOWN]
19:57:54 #280 OK SELECT id=3730620 via doris-1 rows=10269 [doris-1:f:up doris-2:M:up doris-3:f:DOWN]
19:57:55 #281 OK SELECT id=3730620 via doris-1 rows=10269 [doris-1:f:up doris-2:M:up doris-3:f:DOWN]
19:57:56 #282 OK SELECT id=3730620 via doris-1 rows=10269 [doris-1:f:up doris-2:M:up doris-3:f:DOWN]
19:57:57 #283 OK SELECT id=3730620 via doris-1 rows=10269 [doris-1:f:up doris-2:M:up doris-3:f:DOWN]
19:57:58 #284 OK SELECT id=3730620 via doris-1 rows=10269 [doris-1:f:up doris-2:M:up doris-3:f:DOWN]
19:57:59 #285 OK SELECT id=3730620 via doris-1 rows=10269 [doris-1:f:up doris-2:M:up doris-3:f:DOWN]
19:58:00 #286 OK SELECT id=3730620 via doris-1 rows=10269 [doris-1:f:up doris-2:M:up doris-3:f:DOWN]
19:58:01 #287 OK SELECT id=3730620 via doris-1 rows=10269 [doris-1:f:up doris-2:M:up doris-3:f:DOWN]
19:58:02 #288 OK SELECT id=3730620 via doris-1 rows=10269 [doris-1:f:up doris-2:M:up doris-3:f:DOWN]
19:58:03 #289 OK SELECT id=3730620 via doris-1 rows=10269 [doris-1:f:up doris-2:M:up doris-3:f:DOWN]
19:58:04 #290 OK SELECT id=3730620 via doris-1 rows=10269 [doris-1:f:up doris-2:M:up doris-3:f:DOWN]
19:58:05 #291 OK SELECT id=3730620 via doris-1 rows=10269 [doris-1:f:up doris-2:M:up doris-3:f:DOWN]
19:58:07 #292 OK SELECT id=3730620 via doris-1 rows=10269 [doris-1:f:up doris-2:M:up doris-3:f:DOWN]
19:58:08 #293 OK SELECT id=3730620 via doris-1 rows=10269 [doris-1:f:up doris-2:M:up doris-3:f:DOWN]
19:58:09 #294 OK SELECT id=3730620 via doris-1 rows=10269 [doris-1:f:up doris-2:M:up doris-3:f:DOWN]
19:58:10 #295 OK SELECT id=3730620 via doris-1 rows=10269 [doris-1:f:up doris-2:M:up doris-3:f:DOWN]
19:58:11 #296 OK SELECT id=3730620 via doris-1 rows=10269 [doris-1:f:up doris-2:M:up doris-3:f:DOWN]
19:58:12 #297 OK SELECT id=3730620 via doris-1 rows=10269 [doris-1:f:up doris-2:M:up doris-3:f:DOWN]
19:58:13 #298 OK SELECT id=3730620 via doris-1 rows=10269 [doris-1:f:up doris-2:M:up doris-3:f:DOWN]
19:58:14 #299 OK SELECT id=3730620 via doris-1 rows=10269 [doris-1:f:up doris-2:M:up doris-3:f:DOWN]
19:58:15 #300 OK SELECT id=3730620 via doris-1 rows=10269 [doris-1:f:up doris-2:M:up doris-3:f:DOWN]
19:58:16 #301 OK SELECT id=3730620 via doris-1 rows=10269 [doris-1:f:up doris-2:M:up doris-3:f:DOWN]
19:58:17 #302 OK SELECT id=3730620 via doris-1 rows=10269 [doris-1:f:up doris-2:M:up doris-3:f:DOWN]
19:58:18 #303 OK SELECT id=3730620 via doris-1 rows=10269 [doris-1:f:up doris-2:M:up doris-3:f:DOWN]
19:58:19 #304 OK SELECT id=3730620 via doris-1 rows=10269 [doris-1:f:up doris-2:M:up doris-3:f:DOWN]
19:58:25 #305 OK SELECT id=3730620 via doris-1 rows=10269 [?]
19:58:26 #306 FAIL SELECT id=3730620 via doris-1: InternalError: INTERNAL: [FlightSQL] get flight info statement failed, after executeQueryStatement handleQuery, java.lang.Run
19:58:27 connected to doris-1 (10.140.0.2)
19:58:27 #307 FAIL SELECT id=3730620 via doris-1: InternalError: INTERNAL: [FlightSQL] get flight info statement failed, after executeQueryStatement handleQuery, java.lang.Run
19:58:28 connected to doris-1 (10.140.0.2)
19:58:28 #308 FAIL SELECT id=3730620 via doris-1: InternalError: INTERNAL: [FlightSQL] get flight info statement failed, after executeQueryStatement handleQuery, java.lang.Run
19:58:29 connected to doris-1 (10.140.0.2)
19:58:29 #309 FAIL SELECT id=3730620 via doris-1: InternalError: INTERNAL: [FlightSQL] get flight info statement failed, after executeQueryStatement handleQuery, java.lang.Run
19:58:30 connected to doris-1 (10.140.0.2)
19:58:30 #310 FAIL SELECT id=3730620 via doris-1: InternalError: INTERNAL: [FlightSQL] get flight info statement failed, after executeQueryStatement handleQuery, java.lang.Run
19:58:31 connected to doris-1 (10.140.0.2)
19:58:31 #311 FAIL SELECT id=3730620 via doris-1: InternalError: INTERNAL: [FlightSQL] get flight info statement failed, after executeQueryStatement handleQuery, java.lang.Run
19:58:32 connected to doris-1 (10.140.0.2)
19:58:32 #312 OK SELECT id=3730620 via doris-1 rows=10272 [doris-1:f:up doris-2:f:DOWN doris-3:M:up] (recovered)
19:58:33 #313 OK SELECT id=3730620 via doris-1 rows=10272 [doris-1:f:up doris-2:f:DOWN doris-3:M:up]
19:58:35 #314 OK SELECT id=3730620 via doris-1 rows=10272 [doris-1:f:up doris-2:f:DOWN doris-3:M:up]
19:58:36 #315 OK SELECT id=3730620 via doris-1 rows=10272 [doris-1:f:up doris-2:f:DOWN doris-3:M:up]
19:58:37 #316 OK SELECT id=3730620 via doris-1 rows=10272 [doris-1:f:up doris-2:f:DOWN doris-3:M:up]
19:58:38 #317 OK SELECT id=3730620 via doris-1 rows=10272 [doris-1:f:up doris-2:f:DOWN doris-3:M:up]
19:58:39 #318 OK SELECT id=3730620 via doris-1 rows=10272 [doris-1:f:up doris-2:f:DOWN doris-3:M:up]
19:58:40 #319 OK SELECT id=3730620 via doris-1 rows=10272 [doris-1:f:up doris-2:f:DOWN doris-3:M:up]
19:58:41 #320 OK SELECT id=3730620 via doris-1 rows=10272 [doris-1:f:up doris-2:f:DOWN doris-3:M:up]
19:58:42 #321 OK SELECT id=3730620 via doris-1 rows=10273 [doris-1:f:up doris-2:f:up doris-3:M:up]
19:58:43 #322 OK SELECT id=3730620 via doris-1 rows=10274 [doris-1:f:up doris-2:f:up doris-3:M:up]
19:58:44 #323 OK SELECT id=3730620 via doris-1 rows=10274 [doris-1:f:up doris-2:f:up doris-3:M:up]
19:58:45 #324 OK SELECT id=3730620 via doris-1 rows=10273 [doris-1:f:up doris-2:f:up doris-3:M:up]
19:58:46 #325 OK SELECT id=3730620 via doris-1 rows=10272 [doris-1:f:up doris-2:f:up doris-3:M:up]
19:58:47 #326 OK SELECT id=3730620 via doris-1 rows=10273 [doris-1:f:up doris-2:f:up doris-3:M:up]
19:58:47 EVENT restore: cluster healthy
19:58:48 #327 OK SELECT id=3730620 via doris-1 rows=10274 [doris-1:f:up doris-2:f:up doris-3:M:up]
19:58:50 #328 OK SELECT id=3730620 via doris-1 rows=10274 [doris-1:f:up doris-2:f:up doris-3:M:up]
19:58:51 #329 OK SELECT id=3730620 via doris-1 rows=10273 [doris-1:f:up doris-2:f:up doris-3:M:up]
19:58:52 #330 OK SELECT id=3730620 via doris-1 rows=10272 [doris-1:f:up doris-2:f:up doris-3:M:up]
19:58:53 #331 OK SELECT id=3730620 via doris-1 rows=10273 [doris-1:f:up doris-2:f:up doris-3:M:up]
19:58:54 #332 OK SELECT id=3730620 via doris-1 rows=10274 [doris-1:f:up doris-2:f:up doris-3:M:up]
19:58:55 #333 OK SELECT id=3730620 via doris-1 rows=10274 [doris-1:f:up doris-2:f:up doris-3:M:up]
19:58:56 #334 OK SELECT id=3730620 via doris-1 rows=10273 [doris-1:f:up doris-2:f:up doris-3:M:up]
19:58:57 #335 OK SELECT id=3730620 via doris-1 rows=10272 [doris-1:f:up doris-2:f:up doris-3:M:up]
19:58:58 #336 OK SELECT id=3730620 via doris-1 rows=10273 [doris-1:f:up doris-2:f:up doris-3:M:up]
19:58:59 #337 OK SELECT id=3730620 via doris-1 rows=10274 [doris-1:f:up doris-2:f:up doris-3:M:up]
19:59:00 #338 OK SELECT id=3730620 via doris-1 rows=10274 [doris-1:f:up doris-2:f:up doris-3:M:up]
19:59:01 #339 OK SELECT id=3730620 via doris-1 rows=10273 [doris-1:f:up doris-2:f:up doris-3:M:up]
19:59:02 #340 OK SELECT id=3730620 via doris-1 rows=10272 [doris-1:f:up doris-2:f:up doris-3:M:up]
19:59:03 #341 OK SELECT id=3730620 via doris-1 rows=10273 [doris-1:f:up doris-2:f:up doris-3:M:up]
19:59:04 #342 OK SELECT id=3730620 via doris-1 rows=10274 [doris-1:f:up doris-2:f:up doris-3:M:up]
19:59:05 #343 OK SELECT id=3730620 via doris-1 rows=10274 [doris-1:f:up doris-2:f:up doris-3:M:up]
19:59:07 #344 OK SELECT id=3730620 via doris-1 rows=10273 [doris-1:f:up doris-2:f:up doris-3:M:up]
19:59:08 #345 OK SELECT id=3730620 via doris-1 rows=10272 [doris-1:f:up doris-2:f:up doris-3:M:up]
19:59:09 #346 OK SELECT id=3730620 via doris-1 rows=10273 [doris-1:f:up doris-2:f:up doris-3:M:up]
19:59:10 #347 OK SELECT id=3730620 via doris-1 rows=10274 [doris-1:f:up doris-2:f:up doris-3:M:up]
19:59:11 #348 OK SELECT id=3730620 via doris-1 rows=10274 [doris-1:f:up doris-2:f:up doris-3:M:up]
19:59:12 #349 OK SELECT id=3730620 via doris-1 rows=10273 [doris-1:f:up doris-2:f:up doris-3:M:up]
19:59:13 #350 OK SELECT id=3730620 via doris-1 rows=10272 [doris-1:f:up doris-2:f:up doris-3:M:up]
19:59:14 #351 OK SELECT id=3730620 via doris-1 rows=10273 [doris-1:f:up doris-2:f:up doris-3:M:up]
19:59:15 #352 OK SELECT id=3730620 via doris-1 rows=10274 [doris-1:f:up doris-2:f:up doris-3:M:up]
19:59:16 #353 OK SELECT id=3730620 via doris-1 rows=10274 [doris-1:f:up doris-2:f:up doris-3:M:up]
19:59:17 #354 OK SELECT id=3730620 via doris-1 rows=10273 [doris-1:f:up doris-2:f:up doris-3:M:up]
19:59:18 #355 OK SELECT id=3730620 via doris-1 rows=10272 [doris-1:f:up doris-2:f:up doris-3:M:up]
19:59:19 #356 OK SELECT id=3730620 via doris-1 rows=10273 [doris-1:f:up doris-2:f:up doris-3:M:up]
