17:09:21 PROBE start proto=jdbc hosts=doris-1,doris-2,doris-3 duration=86400s cycle=INSERT>UPSERT>SELECT>DELETE>SELECT url=jdbc:mysql://10.140.0.2:9030,10.140.0.3:9030,10.140.0.4:9030/hatest
17:09:22 connected to doris-1 (driver-selected host)
17:09:22 #1 OK INSERT id=2633610 via doris-1 rows=10199 [doris-1:f:up doris-2:M:up doris-3:f:up]
17:09:23 #2 OK UPSERT id=2633610 via doris-1 rows=10199 [doris-1:f:up doris-2:M:up doris-3:f:up]
17:09:24 #3 OK SELECT id=2633610 via doris-1 rows=10199 [doris-1:f:up doris-2:M:up doris-3:f:up]
17:09:25 #4 OK DELETE id=2633610 via doris-1 rows=10197 [doris-1:f:up doris-2:M:up doris-3:f:up]
17:09:26 #5 OK SELECT id=2633610 via doris-1 rows=10197 [doris-1:f:up doris-2:M:up doris-3:f:up]
17:09:27 #6 OK INSERT id=2633611 via doris-1 rows=10199 [doris-1:f:up doris-2:M:up doris-3:f:up]
17:09:28 #7 OK UPSERT id=2633611 via doris-1 rows=10199 [doris-1:f:up doris-2:M:up doris-3:f:up]
17:09:29 #8 OK SELECT id=2633611 via doris-1 rows=10199 [doris-1:f:up doris-2:M:up doris-3:f:up]
17:09:31 #9 OK DELETE id=2633611 via doris-1 rows=10197 [doris-1:f:up doris-2:M:up doris-3:f:up]
17:09:32 #10 OK SELECT id=2633611 via doris-1 rows=10197 [doris-1:f:up doris-2:M:up doris-3:f:up]
17:09:33 #11 OK INSERT id=2633612 via doris-1 rows=10199 [doris-1:f:up doris-2:M:up doris-3:f:up]
17:09:34 #12 OK UPSERT id=2633612 via doris-1 rows=10199 [doris-1:f:up doris-2:M:up doris-3:f:up]
17:09:35 #13 OK SELECT id=2633612 via doris-1 rows=10199 [doris-1:f:up doris-2:M:up doris-3:f:up]
17:09:36 #14 OK DELETE id=2633612 via doris-1 rows=10197 [doris-1:f:up doris-2:M:up doris-3:f:up]
17:09:37 #15 OK SELECT id=2633612 via doris-1 rows=10197 [doris-1:f:up doris-2:M:up doris-3:f:up]
17:09:38 #16 OK INSERT id=2633613 via doris-1 rows=10199 [doris-1:f:up doris-2:M:up doris-3:f:up]
17:09:39 #17 OK UPSERT id=2633613 via doris-1 rows=10199 [doris-1:f:up doris-2:M:up doris-3:f:up]
17:09:40 #18 OK SELECT id=2633613 via doris-1 rows=10199 [doris-1:f:up doris-2:M:up doris-3:f:up]
17:09:41 #19 OK DELETE id=2633613 via doris-1 rows=10197 [doris-1:f:up doris-2:M:up doris-3:f:up]
17:09:42 #20 OK SELECT id=2633613 via doris-1 rows=10197 [doris-1:f:up doris-2:M:up doris-3:f:up]
17:09:43 #21 OK INSERT id=2633614 via doris-1 rows=10199 [doris-1:f:up doris-2:M:up doris-3:f:up]
17:09:44 #22 OK UPSERT id=2633614 via doris-1 rows=10199 [doris-1:f:up doris-2:M:up doris-3:f:up]
17:09:45 #23 OK SELECT id=2633614 via doris-1 rows=10199 [doris-1:f:up doris-2:M:up doris-3:f:up]
17:09:46 #24 OK DELETE id=2633614 via doris-1 rows=10197 [doris-1:f:up doris-2:M:up doris-3:f:up]
17:09:48 #25 OK SELECT id=2633614 via doris-1 rows=10197 [doris-1:f:up doris-2:M:up doris-3:f:up]
17:09:49 #26 OK INSERT id=2633615 via doris-1 rows=10199 [doris-1:f:up doris-2:M:up doris-3:f:up]
17:09:50 #27 OK UPSERT id=2633615 via doris-1 rows=10199 [doris-1:f:up doris-2:M:up doris-3:f:up]
17:09:51 #28 OK SELECT id=2633615 via doris-1 rows=10199 [doris-1:f:up doris-2:M:up doris-3:f:up]
17:09:52 #29 OK DELETE id=2633615 via doris-1 rows=10197 [doris-1:f:up doris-2:M:up doris-3:f:up]
17:09:53 #30 OK SELECT id=2633615 via doris-1 rows=10197 [doris-1:f:up doris-2:M:up doris-3:f:up]
17:09:54 #31 OK INSERT id=2633616 via doris-1 rows=10199 [doris-1:f:up doris-2:M:up doris-3:f:up]
17:09:55 #32 OK UPSERT id=2633616 via doris-1 rows=10199 [doris-1:f:up doris-2:M:up doris-3:f:up]
17:09:55 EVENT break: vm stop on doris-2 (FE master)
17:09:56 #33 OK SELECT id=2633616 via doris-1 rows=10199 [doris-1:f:up doris-2:M:up doris-3:f:up]
17:09:57 #34 OK DELETE id=2633616 via doris-1 rows=10197 [doris-1:f:up doris-2:M:up doris-3:f:up]
17:09:58 #35 OK SELECT id=2633616 via doris-1 rows=10197 [doris-1:f:up doris-2:M:up doris-3:f:up]
17:09:59 #36 FAIL INSERT id=2633617 via doris-1: SQLException: ForwardToMasterException, msg: forward to master FE TNetworkAddress(hostname:10.140.0.3, port:9020), statement
17:10:02 #36 OK SELECT(check) id=1 via doris-3
17:10:03 connected to doris-1 (driver-selected host)
17:10:04 #37 OK INSERT id=2633618 via doris-1 rows=10200 [doris-1:f:up doris-2:f:DOWN doris-3:M:up] (recovered)
17:10:05 #38 OK UPSERT id=2633618 via doris-1 rows=10200 [doris-1:f:up doris-2:f:DOWN doris-3:M:up]
17:10:06 #39 OK SELECT id=2633618 via doris-1 rows=10200 [doris-1:f:up doris-2:f:DOWN doris-3:M:up]
17:10:07 #40 OK DELETE id=2633618 via doris-1 rows=10198 [doris-1:f:up doris-2:f:DOWN doris-3:M:up]
17:10:08 #41 OK SELECT id=2633618 via doris-1 rows=10198 [doris-1:f:up doris-2:f:DOWN doris-3:M:up]
17:10:09 #42 OK INSERT id=2633619 via doris-1 rows=10200 [doris-1:f:up doris-2:f:DOWN doris-3:M:up]
17:10:10 #43 OK UPSERT id=2633619 via doris-1 rows=10200 [doris-1:f:up doris-2:f:DOWN doris-3:M:up]
17:10:11 #44 OK SELECT id=2633619 via doris-1 rows=10200 [doris-1:f:up doris-2:f:DOWN doris-3:M:up]
17:10:12 #45 OK DELETE id=2633619 via doris-1 rows=10198 [doris-1:f:up doris-2:f:DOWN doris-3:M:up]
17:10:13 #46 OK SELECT id=2633619 via doris-1 rows=10198 [doris-1:f:up doris-2:f:DOWN doris-3:M:up]
17:10:14 #47 OK INSERT id=2633620 via doris-1 rows=10200 [doris-1:f:up doris-2:f:DOWN doris-3:M:up]
17:10:15 #48 OK UPSERT id=2633620 via doris-1 rows=10200 [doris-1:f:up doris-2:f:DOWN doris-3:M:up]
17:10:16 #49 OK SELECT id=2633620 via doris-1 rows=10200 [doris-1:f:up doris-2:f:DOWN doris-3:M:up]
17:10:18 #50 OK DELETE id=2633620 via doris-1 rows=10198 [doris-1:f:up doris-2:f:DOWN doris-3:M:up]
17:10:19 #51 OK SELECT id=2633620 via doris-1 rows=10198 [doris-1:f:up doris-2:f:DOWN doris-3:M:up]
17:10:20 #52 OK INSERT id=2633621 via doris-1 rows=10200 [doris-1:f:up doris-2:f:DOWN doris-3:M:up]
17:10:21 #53 OK UPSERT id=2633621 via doris-1 rows=10200 [doris-1:f:up doris-2:f:DOWN doris-3:M:up]
17:10:22 #54 OK SELECT id=2633621 via doris-1 rows=10200 [doris-1:f:up doris-2:f:DOWN doris-3:M:up]
17:10:23 #55 OK DELETE id=2633621 via doris-1 rows=10198 [doris-1:f:up doris-2:f:DOWN doris-3:M:up]
17:10:24 #56 OK SELECT id=2633621 via doris-1 rows=10198 [doris-1:f:up doris-2:f:DOWN doris-3:M:up]
17:10:25 EVENT break: doris-2 is down
17:10:25 #57 OK INSERT id=2633622 via doris-1 rows=10200 [doris-1:f:up doris-2:f:DOWN doris-3:M:up]
17:10:26 #58 OK UPSERT id=2633622 via doris-1 rows=10200 [doris-1:f:up doris-2:f:DOWN doris-3:M:up]
17:10:27 #59 OK SELECT id=2633622 via doris-1 rows=10200 [doris-1:f:up doris-2:f:DOWN doris-3:M:up]
17:10:28 #60 OK DELETE id=2633622 via doris-1 rows=10198 [doris-1:f:up doris-2:f:DOWN doris-3:M:up]
17:10:29 #61 OK SELECT id=2633622 via doris-1 rows=10198 [doris-1:f:up doris-2:f:DOWN doris-3:M:up]
17:10:30 #62 OK INSERT id=2633623 via doris-1 rows=10200 [doris-1:f:up doris-2:f:DOWN doris-3:M:up]
17:10:31 #63 OK UPSERT id=2633623 via doris-1 rows=10200 [doris-1:f:up doris-2:f:DOWN doris-3:M:up]
17:10:32 #64 OK SELECT id=2633623 via doris-1 rows=10200 [doris-1:f:up doris-2:f:DOWN doris-3:M:up]
17:10:34 #65 OK DELETE id=2633623 via doris-1 rows=10198 [doris-1:f:up doris-2:f:DOWN doris-3:M:up]
17:10:35 #66 OK SELECT id=2633623 via doris-1 rows=10198 [doris-1:f:up doris-2:f:DOWN doris-3:M:up]
17:10:36 #67 OK INSERT id=2633624 via doris-1 rows=10200 [doris-1:f:up doris-2:f:DOWN doris-3:M:up]
17:10:37 #68 OK UPSERT id=2633624 via doris-1 rows=10200 [doris-1:f:up doris-2:f:DOWN doris-3:M:up]
17:10:38 #69 OK SELECT id=2633624 via doris-1 rows=10200 [doris-1:f:up doris-2:f:DOWN doris-3:M:up]
17:10:39 #70 OK DELETE id=2633624 via doris-1 rows=10198 [doris-1:f:up doris-2:f:DOWN doris-3:M:up]
17:10:40 #71 OK SELECT id=2633624 via doris-1 rows=10198 [doris-1:f:up doris-2:f:DOWN doris-3:M:up]
17:10:41 #72 OK INSERT id=2633625 via doris-1 rows=10200 [doris-1:f:up doris-2:f:DOWN doris-3:M:up]
17:10:42 #73 OK UPSERT id=2633625 via doris-1 rows=10200 [doris-1:f:up doris-2:f:DOWN doris-3:M:up]
17:10:43 #74 OK SELECT id=2633625 via doris-1 rows=10200 [doris-1:f:up doris-2:f:DOWN doris-3:M:up]
17:10:44 #75 OK DELETE id=2633625 via doris-1 rows=10198 [doris-1:f:up doris-2:f:DOWN doris-3:M:up]
17:10:45 #76 OK SELECT id=2633625 via doris-1 rows=10198 [doris-1:f:up doris-2:f:DOWN doris-3:M:up]
17:10:46 #77 OK INSERT id=2633626 via doris-1 rows=10200 [doris-1:f:up doris-2:f:DOWN doris-3:M:up]
17:10:47 #78 OK UPSERT id=2633626 via doris-1 rows=10200 [doris-1:f:up doris-2:f:DOWN doris-3:M:up]
17:10:48 #79 OK SELECT id=2633626 via doris-1 rows=10200 [doris-1:f:up doris-2:f:DOWN doris-3:M:up]
17:10:49 #80 OK DELETE id=2633626 via doris-1 rows=10198 [doris-1:f:up doris-2:f:DOWN doris-3:M:up]
17:10:51 #81 OK SELECT id=2633626 via doris-1 rows=10198 [doris-1:f:up doris-2:f:DOWN doris-3:M:up]
17:10:52 #82 OK INSERT id=2633627 via doris-1 rows=10200 [doris-1:f:up doris-2:f:DOWN doris-3:M:up]
17:10:53 #83 OK UPSERT id=2633627 via doris-1 rows=10200 [doris-1:f:up doris-2:f:DOWN doris-3:M:up]
17:10:54 #84 OK SELECT id=2633627 via doris-1 rows=10200 [doris-1:f:up doris-2:f:DOWN doris-3:M:up]
17:10:55 #85 OK DELETE id=2633627 via doris-1 rows=10198 [doris-1:f:up doris-2:f:DOWN doris-3:M:up]
17:10:56 #86 OK SELECT id=2633627 via doris-1 rows=10198 [doris-1:f:up doris-2:f:DOWN doris-3:M:up]
17:10:57 EVENT break: be dead on doris-1 (FE follower)
17:10:57 #87 OK INSERT id=2633628 via doris-1 rows=10200 [doris-1:f:up doris-2:f:DOWN doris-3:M:up]
17:10:58 #88 OK UPSERT id=2633628 via doris-1 rows=10200 [doris-1:f:up doris-2:f:DOWN doris-3:M:up]
17:10:59 #89 OK SELECT id=2633628 via doris-1 rows=10200 [doris-1:f:up doris-2:f:DOWN doris-3:M:up]
17:11:00 #90 FAIL DELETE id=2633628 via doris-1: SQLException: errCode = 2, detailMessage = Failed to commit txn 66131, cause tablet 1789045666396 succ replica num 1 < load 
17:11:00 #90 FAIL SELECT(check) id=1 via doris-1: SQLException: RpcException, msg: send fragments failed. io.grpc.StatusRuntimeException: UNAVAILABLE: io 
17:11:01 connected to doris-1 (driver-selected host)
17:11:01 #91 FAIL INSERT id=2633629 via doris-1: SQLException: send fragments failed. io.grpc.StatusRuntimeException: UNAVAILABLE: io exception, host: 10.140.0.2
17:11:01 #91 OK SELECT(check) id=1 via doris-1
17:11:02 connected to doris-1 (driver-selected host)
17:11:02 #92 FAIL INSERT id=2633630 via doris-1: SQLException: errCode = 2, detailMessage = (10.140.0.4)[INTERNAL_ERROR]failed to open DeltaWriter 1789045666396: failed to w
17:11:02 #92 FAIL SELECT(check) id=1 via doris-1: SQLException: RpcException, msg: send fragments failed. io.grpc.StatusRuntimeException: UNAVAILABLE: io 
17:11:03 connected to doris-1 (driver-selected host)
17:11:03 #93 FAIL INSERT id=2633631 via doris-1: SQLException: errCode = 2, detailMessage = (10.140.0.4)[INTERNAL_ERROR]failed to open DeltaWriter 1789045666404: failed to w
17:11:03 #93 OK SELECT(check) id=1 via doris-1
17:11:04 connected to doris-1 (driver-selected host)
17:11:04 #94 FAIL INSERT id=2633632 via doris-1: SQLException: send fragments failed. io.grpc.StatusRuntimeException: UNAVAILABLE: io exception, host: 10.140.0.2
17:11:04 #94 OK SELECT(check) id=1 via doris-1
17:11:05 connected to doris-1 (driver-selected host)
17:11:06 #95 FAIL INSERT id=2633633 via doris-1: SQLException: errCode = 2, detailMessage = (10.140.0.4)[INTERNAL_ERROR]failed to open DeltaWriter 1789045666400: failed to w
17:11:06 #95 FAIL SELECT(check) id=1 via doris-1: SQLException: RpcException, msg: send fragments failed. io.grpc.StatusRuntimeException: UNAVAILABLE: io 
17:11:07 connected to doris-1 (driver-selected host)
17:11:07 #96 FAIL INSERT id=2633634 via doris-1: SQLException: errCode = 2, detailMessage = (10.140.0.4)[INTERNAL_ERROR]failed to open DeltaWriter 1789045666404: failed to w
17:11:07 #96 FAIL SELECT(check) id=1 via doris-1: SQLException: RpcException, msg: send fragments failed. io.grpc.StatusRuntimeException: UNAVAILABLE: io 
17:11:08 connected to doris-1 (driver-selected host)
17:11:08 #97 FAIL INSERT id=2633635 via doris-1: SQLException: send fragments failed. io.grpc.StatusRuntimeException: UNAVAILABLE: io exception, host: 10.140.0.2
17:11:08 #97 OK SELECT(check) id=1 via doris-1
17:11:09 connected to doris-1 (driver-selected host)
17:11:09 #98 FAIL INSERT id=2633636 via doris-1: SQLException: errCode = 2, detailMessage = (10.140.0.4)[INTERNAL_ERROR]failed to open DeltaWriter 1789045666400: failed to w
17:11:09 #98 FAIL SELECT(check) id=1 via doris-1: SQLException: RpcException, msg: send fragments failed. io.grpc.StatusRuntimeException: UNAVAILABLE: io 
17:11:10 connected to doris-1 (driver-selected host)
17:11:10 #99 FAIL INSERT id=2633637 via doris-1: SQLException: errCode = 2, detailMessage = (10.140.0.4)[INTERNAL_ERROR]failed to open DeltaWriter 1789045666408: failed to w
17:11:10 #99 FAIL SELECT(check) id=1 via doris-1: SQLException: RpcException, msg: send fragments failed. io.grpc.StatusRuntimeException: UNAVAILABLE: io 
17:11:11 connected to doris-1 (driver-selected host)
17:11:11 #100 FAIL INSERT id=2633638 via doris-1: SQLException: send fragments failed. io.grpc.StatusRuntimeException: UNAVAILABLE: io exception, host: 10.140.0.2
17:11:11 #100 FAIL SELECT(check) id=1 via doris-1: SQLException: RpcException, msg: send fragments failed. io.grpc.StatusRuntimeException: UNAVAILABLE: io 
17:11:12 connected to doris-1 (driver-selected host)
17:11:12 #101 FAIL INSERT id=2633639 via doris-1: SQLException: errCode = 2, detailMessage = (10.140.0.4)[INTERNAL_ERROR]failed to open DeltaWriter 1789045666404: failed to w
17:11:12 #101 FAIL SELECT(check) id=1 via doris-1: SQLException: RpcException, msg: send fragments failed. io.grpc.StatusRuntimeException: UNAVAILABLE: io 
17:11:13 connected to doris-1 (driver-selected host)
17:11:13 #102 FAIL INSERT id=2633640 via doris-1: SQLException: errCode = 2, detailMessage = (10.140.0.4)[INTERNAL_ERROR]failed to open DeltaWriter 1789045666404: failed to w
17:11:13 #102 OK SELECT(check) id=1 via doris-1
17:11:14 connected to doris-1 (driver-selected host)
17:11:14 #103 FAIL INSERT id=2633641 via doris-1: SQLException: send fragments failed. io.grpc.StatusRuntimeException: UNAVAILABLE: io exception, host: 10.140.0.2
17:11:14 #103 OK SELECT(check) id=1 via doris-1
17:11:15 connected to doris-1 (driver-selected host)
17:11:15 #104 FAIL INSERT id=2633642 via doris-1: SQLException: errCode = 2, detailMessage = (10.140.0.4)[INTERNAL_ERROR]failed to open DeltaWriter 1789045666408: failed to w
17:11:15 #104 OK SELECT(check) id=1 via doris-1
17:11:16 connected to doris-1 (driver-selected host)
17:11:16 #105 FAIL INSERT id=2633643 via doris-1: SQLException: errCode = 2, detailMessage = (10.140.0.4)[INTERNAL_ERROR]failed to open DeltaWriter 1789045666400: failed to w
17:11:16 #105 FAIL SELECT(check) id=1 via doris-1: SQLException: RpcException, msg: send fragments failed. io.grpc.StatusRuntimeException: UNAVAILABLE: io 
17:11:18 connected to doris-1 (driver-selected host)
17:11:18 #106 FAIL INSERT id=2633644 via doris-1: SQLException: send fragments failed. io.grpc.StatusRuntimeException: UNAVAILABLE: io exception, host: 10.140.0.2
17:11:18 #106 OK SELECT(check) id=1 via doris-1
17:11:19 connected to doris-1 (driver-selected host)
17:11:19 #107 FAIL INSERT id=2633645 via doris-1: SQLException: errCode = 2, detailMessage = (10.140.0.4)[INTERNAL_ERROR]failed to open DeltaWriter 1789045666404: failed to w
17:11:19 #107 OK SELECT(check) id=1 via doris-1
17:11:20 connected to doris-1 (driver-selected host)
17:11:20 #108 FAIL INSERT id=2633646 via doris-1: SQLException: errCode = 2, detailMessage = (10.140.0.4)[INTERNAL_ERROR]failed to open DeltaWriter 1789045666400: failed to w
17:11:20 #108 FAIL SELECT(check) id=1 via doris-1: SQLException: RpcException, msg: send fragments failed. io.grpc.StatusRuntimeException: UNAVAILABLE: io 
17:11:21 connected to doris-1 (driver-selected host)
17:11:21 #109 FAIL INSERT id=2633647 via doris-1: SQLException: send fragments failed. io.grpc.StatusRuntimeException: UNAVAILABLE: io exception, host: 10.140.0.2
17:11:21 #109 OK SELECT(check) id=1 via doris-1
17:11:22 connected to doris-1 (driver-selected host)
17:11:22 #110 FAIL INSERT id=2633648 via doris-1: SQLException: errCode = 2, detailMessage = (10.140.0.4)[INTERNAL_ERROR]failed to open DeltaWriter 1789045666396: failed to w
17:11:22 #110 OK SELECT(check) id=1 via doris-1
17:11:23 connected to doris-1 (driver-selected host)
17:11:23 #111 FAIL INSERT id=2633649 via doris-1: SQLException: errCode = 2, detailMessage = (10.140.0.4)[INTERNAL_ERROR]failed to open DeltaWriter 1789045666404: failed to w
17:11:23 #111 FAIL SELECT(check) id=1 via doris-1: SQLException: RpcException, msg: send fragments failed. io.grpc.StatusRuntimeException: UNAVAILABLE: io 
17:11:24 connected to doris-1 (driver-selected host)
17:11:24 #112 FAIL INSERT id=2633650 via doris-1: SQLException: send fragments failed. io.grpc.StatusRuntimeException: UNAVAILABLE: io exception, host: 10.140.0.2
17:11:24 #112 FAIL SELECT(check) id=1 via doris-1: SQLException: RpcException, msg: send fragments failed. io.grpc.StatusRuntimeException: UNAVAILABLE: io 
17:11:25 connected to doris-1 (driver-selected host)
17:11:25 #113 FAIL INSERT id=2633651 via doris-1: SQLException: errCode = 2, detailMessage = (10.140.0.4)[INTERNAL_ERROR]failed to open DeltaWriter 1789045666408: failed to w
17:11:25 #113 OK SELECT(check) id=1 via doris-1
17:11:26 connected to doris-1 (driver-selected host)
17:11:26 #114 FAIL INSERT id=2633652 via doris-1: SQLException: errCode = 2, detailMessage = (10.140.0.4)[INTERNAL_ERROR]failed to open DeltaWriter 1789045666404: failed to w
17:11:26 #114 OK SELECT(check) id=1 via doris-1
17:11:27 connected to doris-1 (driver-selected host)
17:11:27 #115 FAIL INSERT id=2633653 via doris-1: SQLException: send fragments failed. io.grpc.StatusRuntimeException: UNAVAILABLE: io exception, host: 10.140.0.2
17:11:27 #115 OK SELECT(check) id=1 via doris-1
17:11:28 connected to doris-1 (driver-selected host)
17:11:28 #116 FAIL INSERT id=2633654 via doris-1: SQLException: errCode = 2, detailMessage = (10.140.0.4)[INTERNAL_ERROR]failed to open DeltaWriter 1789045666408: failed to w
17:11:28 #116 OK SELECT(check) id=1 via doris-1
17:11:29 connected to doris-1 (driver-selected host)
17:11:29 #117 FAIL INSERT id=2633655 via doris-1: SQLException: errCode = 2, detailMessage = (10.140.0.4)[INTERNAL_ERROR]failed to open DeltaWriter 1789045666400: failed to w
17:11:29 #117 FAIL SELECT(check) id=1 via doris-1: SQLException: RpcException, msg: send fragments failed. io.grpc.StatusRuntimeException: UNAVAILABLE: io 
17:11:31 connected to doris-1 (driver-selected host)
17:11:31 #118 FAIL INSERT id=2633656 via doris-1: SQLException: errCode = 2, detailMessage = errCode = 3, detailMessage = tablet 1789045666396 alive replica num 1 < load requ
17:11:31 #118 OK SELECT(check) id=1 via doris-1
17:11:32 connected to doris-1 (driver-selected host)
17:11:32 #119 FAIL INSERT id=2633657 via doris-1: SQLException: errCode = 2, detailMessage = errCode = 3, detailMessage = tablet 1789045666396 alive replica num 1 < load requ
17:11:32 #119 OK SELECT(check) id=1 via doris-1
17:11:33 connected to doris-1 (driver-selected host)
17:11:33 #120 FAIL INSERT id=2633658 via doris-1: SQLException: errCode = 2, detailMessage = errCode = 3, detailMessage = tablet 1789045666396 alive replica num 1 < load requ
17:11:33 #120 OK SELECT(check) id=1 via doris-1
17:11:34 connected to doris-1 (driver-selected host)
17:11:34 #121 FAIL INSERT id=2633659 via doris-1: SQLException: errCode = 2, detailMessage = errCode = 3, detailMessage = tablet 1789045666396 alive replica num 1 < load requ
17:11:34 #121 OK SELECT(check) id=1 via doris-1
17:11:35 connected to doris-1 (driver-selected host)
17:11:35 #122 FAIL INSERT id=2633660 via doris-1: SQLException: errCode = 2, detailMessage = errCode = 3, detailMessage = tablet 1789045666396 alive replica num 1 < load requ
17:11:35 #122 OK SELECT(check) id=1 via doris-1
17:11:36 connected to doris-1 (driver-selected host)
17:11:36 #123 FAIL INSERT id=2633661 via doris-1: SQLException: errCode = 2, detailMessage = errCode = 3, detailMessage = tablet 1789045666396 alive replica num 1 < load requ
17:11:36 #123 OK SELECT(check) id=1 via doris-1
17:11:37 connected to doris-1 (driver-selected host)
17:11:37 #124 FAIL INSERT id=2633662 via doris-1: SQLException: errCode = 2, detailMessage = errCode = 3, detailMessage = tablet 1789045666396 alive replica num 1 < load requ
17:11:37 #124 OK SELECT(check) id=1 via doris-1
17:11:38 connected to doris-1 (driver-selected host)
17:11:38 #125 FAIL INSERT id=2633663 via doris-1: SQLException: errCode = 2, detailMessage = errCode = 3, detailMessage = tablet 1789045666396 alive replica num 1 < load requ
17:11:38 #125 OK SELECT(check) id=1 via doris-1
17:11:39 connected to doris-1 (driver-selected host)
17:11:39 #126 FAIL INSERT id=2633664 via doris-1: SQLException: errCode = 2, detailMessage = errCode = 3, detailMessage = tablet 1789045666396 alive replica num 1 < load requ
17:11:39 #126 OK SELECT(check) id=1 via doris-1
17:11:40 connected to doris-1 (driver-selected host)
17:11:40 #127 FAIL INSERT id=2633665 via doris-1: SQLException: errCode = 2, detailMessage = errCode = 3, detailMessage = tablet 1789045666396 alive replica num 1 < load requ
17:11:40 #127 OK SELECT(check) id=1 via doris-1
17:11:41 connected to doris-1 (driver-selected host)
17:11:41 #128 FAIL INSERT id=2633666 via doris-1: SQLException: errCode = 2, detailMessage = errCode = 3, detailMessage = tablet 1789045666396 alive replica num 1 < load requ
17:11:41 #128 OK SELECT(check) id=1 via doris-1
17:11:42 connected to doris-1 (driver-selected host)
17:11:42 #129 FAIL INSERT id=2633667 via doris-1: SQLException: errCode = 2, detailMessage = errCode = 3, detailMessage = tablet 1789045666396 alive replica num 1 < load requ
17:11:42 #129 OK SELECT(check) id=1 via doris-1
17:11:43 connected to doris-1 (driver-selected host)
17:11:43 #130 FAIL INSERT id=2633668 via doris-1: SQLException: errCode = 2, detailMessage = errCode = 3, detailMessage = tablet 1789045666396 alive replica num 1 < load requ
17:11:43 #130 OK SELECT(check) id=1 via doris-1
17:11:44 connected to doris-1 (driver-selected host)
17:11:44 #131 FAIL INSERT id=2633669 via doris-1: SQLException: errCode = 2, detailMessage = errCode = 3, detailMessage = tablet 1789045666396 alive replica num 1 < load requ
17:11:44 #131 OK SELECT(check) id=1 via doris-1
17:11:45 connected to doris-1 (driver-selected host)
17:11:45 #132 FAIL INSERT id=2633670 via doris-1: SQLException: errCode = 2, detailMessage = errCode = 3, detailMessage = tablet 1789045666396 alive replica num 1 < load requ
17:11:45 #132 OK SELECT(check) id=1 via doris-1
17:11:46 connected to doris-1 (driver-selected host)
17:11:46 #133 FAIL INSERT id=2633671 via doris-1: SQLException: errCode = 2, detailMessage = errCode = 3, detailMessage = tablet 1789045666396 alive replica num 1 < load requ
17:11:47 #133 OK SELECT(check) id=1 via doris-1
17:11:48 connected to doris-1 (driver-selected host)
17:11:48 #134 FAIL INSERT id=2633672 via doris-1: SQLException: errCode = 2, detailMessage = errCode = 3, detailMessage = tablet 1789045666396 alive replica num 1 < load requ
17:11:48 #134 OK SELECT(check) id=1 via doris-1
17:11:49 connected to doris-1 (driver-selected host)
17:11:49 #135 FAIL INSERT id=2633673 via doris-1: SQLException: errCode = 2, detailMessage = errCode = 3, detailMessage = tablet 1789045666396 alive replica num 1 < load requ
17:11:49 #135 OK SELECT(check) id=1 via doris-1
17:11:50 connected to doris-1 (driver-selected host)
17:11:50 #136 FAIL INSERT id=2633674 via doris-1: SQLException: errCode = 2, detailMessage = errCode = 3, detailMessage = tablet 1789045666396 alive replica num 1 < load requ
17:11:50 #136 OK SELECT(check) id=1 via doris-1
17:11:51 connected to doris-1 (driver-selected host)
17:11:51 #137 FAIL INSERT id=2633675 via doris-1: SQLException: errCode = 2, detailMessage = errCode = 3, detailMessage = tablet 1789045666396 alive replica num 1 < load requ
17:11:51 #137 OK SELECT(check) id=1 via doris-1
17:11:52 connected to doris-1 (driver-selected host)
17:11:52 #138 FAIL INSERT id=2633676 via doris-1: SQLException: errCode = 2, detailMessage = errCode = 3, detailMessage = tablet 1789045666396 alive replica num 1 < load requ
17:11:52 #138 OK SELECT(check) id=1 via doris-1
17:11:53 connected to doris-1 (driver-selected host)
17:11:53 #139 FAIL INSERT id=2633677 via doris-1: SQLException: errCode = 2, detailMessage = errCode = 3, detailMessage = tablet 1789045666396 alive replica num 1 < load requ
17:11:53 #139 OK SELECT(check) id=1 via doris-1
17:11:54 connected to doris-1 (driver-selected host)
17:11:54 #140 FAIL INSERT id=2633678 via doris-1: SQLException: errCode = 2, detailMessage = errCode = 3, detailMessage = tablet 1789045666396 alive replica num 1 < load requ
17:11:54 #140 OK SELECT(check) id=1 via doris-1
17:11:55 connected to doris-1 (driver-selected host)
17:11:55 #141 FAIL INSERT id=2633679 via doris-1: SQLException: errCode = 2, detailMessage = errCode = 3, detailMessage = tablet 1789045666396 alive replica num 1 < load requ
17:11:55 #141 OK SELECT(check) id=1 via doris-1
17:11:56 connected to doris-1 (driver-selected host)
17:11:56 #142 FAIL INSERT id=2633680 via doris-1: SQLException: errCode = 2, detailMessage = errCode = 3, detailMessage = tablet 1789045666396 alive replica num 1 < load requ
17:11:56 #142 OK SELECT(check) id=1 via doris-1
17:11:57 connected to doris-1 (driver-selected host)
17:11:57 #143 FAIL INSERT id=2633681 via doris-1: SQLException: errCode = 2, detailMessage = errCode = 3, detailMessage = tablet 1789045666396 alive replica num 1 < load requ
17:11:57 #143 OK SELECT(check) id=1 via doris-1
17:11:58 connected to doris-1 (driver-selected host)
17:11:58 #144 FAIL INSERT id=2633682 via doris-1: SQLException: errCode = 2, detailMessage = errCode = 3, detailMessage = tablet 1789045666396 alive replica num 1 < load requ
17:11:58 #144 OK SELECT(check) id=1 via doris-1
17:11:59 connected to doris-1 (driver-selected host)
17:11:59 #145 FAIL INSERT id=2633683 via doris-1: SQLException: errCode = 2, detailMessage = errCode = 3, detailMessage = tablet 1789045666396 alive replica num 1 < load requ
17:11:59 #145 OK SELECT(check) id=1 via doris-1
17:12:00 connected to doris-1 (driver-selected host)
17:12:00 #146 FAIL INSERT id=2633684 via doris-1: SQLException: errCode = 2, detailMessage = errCode = 3, detailMessage = tablet 1789045666396 alive replica num 1 < load requ
17:12:00 #146 OK SELECT(check) id=1 via doris-1
17:12:01 connected to doris-1 (driver-selected host)
17:12:01 #147 FAIL INSERT id=2633685 via doris-1: SQLException: errCode = 2, detailMessage = errCode = 3, detailMessage = tablet 1789045666396 alive replica num 1 < load requ
17:12:01 #147 OK SELECT(check) id=1 via doris-1
17:12:02 connected to doris-1 (driver-selected host)
17:12:02 #148 FAIL INSERT id=2633686 via doris-1: SQLException: errCode = 2, detailMessage = errCode = 3, detailMessage = tablet 1789045666396 alive replica num 1 < load requ
17:12:02 #148 OK SELECT(check) id=1 via doris-1
17:12:03 connected to doris-1 (driver-selected host)
17:12:03 #149 FAIL INSERT id=2633687 via doris-1: SQLException: errCode = 2, detailMessage = errCode = 3, detailMessage = tablet 1789045666396 alive replica num 1 < load requ
17:12:03 #149 OK SELECT(check) id=1 via doris-1
17:12:05 connected to doris-1 (driver-selected host)
17:12:05 #150 FAIL INSERT id=2633688 via doris-1: SQLException: errCode = 2, detailMessage = errCode = 3, detailMessage = tablet 1789045666396 alive replica num 1 < load requ
17:12:05 #150 OK SELECT(check) id=1 via doris-1
17:12:06 connected to doris-1 (driver-selected host)
17:12:06 #151 FAIL INSERT id=2633689 via doris-1: SQLException: errCode = 2, detailMessage = errCode = 3, detailMessage = tablet 1789045666396 alive replica num 1 < load requ
17:12:06 #151 OK SELECT(check) id=1 via doris-1
17:12:07 connected to doris-1 (driver-selected host)
17:12:07 #152 FAIL INSERT id=2633690 via doris-1: SQLException: errCode = 2, detailMessage = errCode = 3, detailMessage = tablet 1789045666396 alive replica num 1 < load requ
17:12:07 #152 OK SELECT(check) id=1 via doris-1
17:12:08 connected to doris-1 (driver-selected host)
17:12:08 #153 FAIL INSERT id=2633691 via doris-1: SQLException: errCode = 2, detailMessage = errCode = 3, detailMessage = tablet 1789045666396 alive replica num 1 < load requ
17:12:08 #153 OK SELECT(check) id=1 via doris-1
17:12:09 connected to doris-1 (driver-selected host)
17:12:09 #154 FAIL INSERT id=2633692 via doris-1: SQLException: errCode = 2, detailMessage = errCode = 3, detailMessage = tablet 1789045666396 alive replica num 1 < load requ
17:12:09 #154 OK SELECT(check) id=1 via doris-1
17:12:10 connected to doris-1 (driver-selected host)
17:12:10 #155 FAIL INSERT id=2633693 via doris-1: SQLException: errCode = 2, detailMessage = errCode = 3, detailMessage = tablet 1789045666396 alive replica num 1 < load requ
17:12:10 #155 OK SELECT(check) id=1 via doris-1
17:12:11 connected to doris-1 (driver-selected host)
17:12:11 #156 FAIL INSERT id=2633694 via doris-1: SQLException: errCode = 2, detailMessage = errCode = 3, detailMessage = tablet 1789045666396 alive replica num 1 < load requ
17:12:11 #156 OK SELECT(check) id=1 via doris-1
17:12:12 connected to doris-1 (driver-selected host)
17:12:12 #157 FAIL INSERT id=2633695 via doris-1: SQLException: errCode = 2, detailMessage = errCode = 3, detailMessage = tablet 1789045666396 alive replica num 1 < load requ
17:12:12 #157 OK SELECT(check) id=1 via doris-1
17:12:13 connected to doris-1 (driver-selected host)
17:12:13 #158 FAIL INSERT id=2633696 via doris-1: SQLException: errCode = 2, detailMessage = errCode = 3, detailMessage = tablet 1789045666396 alive replica num 1 < load requ
17:12:13 #158 OK SELECT(check) id=1 via doris-1
17:12:14 connected to doris-1 (driver-selected host)
17:12:14 #159 FAIL INSERT id=2633697 via doris-1: SQLException: errCode = 2, detailMessage = errCode = 3, detailMessage = tablet 1789045666396 alive replica num 1 < load requ
17:12:14 #159 OK SELECT(check) id=1 via doris-1
17:12:15 connected to doris-1 (driver-selected host)
17:12:15 #160 FAIL INSERT id=2633698 via doris-1: SQLException: errCode = 2, detailMessage = errCode = 3, detailMessage = tablet 1789045666396 alive replica num 1 < load requ
17:12:15 #160 OK SELECT(check) id=1 via doris-1
17:12:16 connected to doris-1 (driver-selected host)
17:12:16 #161 FAIL INSERT id=2633699 via doris-1: SQLException: errCode = 2, detailMessage = errCode = 3, detailMessage = tablet 1789045666396 alive replica num 1 < load requ
17:12:16 #161 OK SELECT(check) id=1 via doris-1
17:12:17 connected to doris-1 (driver-selected host)
17:12:17 #162 FAIL INSERT id=2633700 via doris-1: SQLException: errCode = 2, detailMessage = errCode = 3, detailMessage = tablet 1789045666396 alive replica num 1 < load requ
17:12:17 #162 OK SELECT(check) id=1 via doris-1
17:12:18 connected to doris-1 (driver-selected host)
17:12:18 #163 FAIL INSERT id=2633701 via doris-1: SQLException: errCode = 2, detailMessage = errCode = 3, detailMessage = tablet 1789045666396 alive replica num 1 < load requ
17:12:18 #163 OK SELECT(check) id=1 via doris-1
17:12:19 connected to doris-1 (driver-selected host)
17:12:19 #164 FAIL INSERT id=2633702 via doris-1: SQLException: errCode = 2, detailMessage = errCode = 3, detailMessage = tablet 1789045666396 alive replica num 1 < load requ
17:12:19 #164 OK SELECT(check) id=1 via doris-1
17:12:20 connected to doris-1 (driver-selected host)
17:12:20 #165 FAIL INSERT id=2633703 via doris-1: SQLException: errCode = 2, detailMessage = errCode = 3, detailMessage = tablet 1789045666396 alive replica num 1 < load requ
17:12:20 #165 OK SELECT(check) id=1 via doris-1
17:12:21 connected to doris-1 (driver-selected host)
17:12:21 #166 FAIL INSERT id=2633704 via doris-1: SQLException: errCode = 2, detailMessage = errCode = 3, detailMessage = tablet 1789045666396 alive replica num 1 < load requ
17:12:21 #166 OK SELECT(check) id=1 via doris-1
17:12:23 connected to doris-1 (driver-selected host)
17:12:23 #167 FAIL INSERT id=2633705 via doris-1: SQLException: errCode = 2, detailMessage = errCode = 3, detailMessage = tablet 1789045666396 alive replica num 1 < load requ
17:12:23 #167 OK SELECT(check) id=1 via doris-1
17:12:24 connected to doris-1 (driver-selected host)
17:12:24 #168 FAIL INSERT id=2633706 via doris-1: SQLException: errCode = 2, detailMessage = errCode = 3, detailMessage = tablet 1789045666396 alive replica num 1 < load requ
17:12:24 #168 OK SELECT(check) id=1 via doris-1
17:12:25 connected to doris-1 (driver-selected host)
17:12:25 #169 FAIL INSERT id=2633707 via doris-1: SQLException: errCode = 2, detailMessage = errCode = 3, detailMessage = tablet 1789045666396 alive replica num 1 < load requ
17:12:25 #169 OK SELECT(check) id=1 via doris-1
17:12:26 connected to doris-1 (driver-selected host)
17:12:26 #170 FAIL INSERT id=2633708 via doris-1: SQLException: errCode = 2, detailMessage = errCode = 3, detailMessage = tablet 1789045666396 alive replica num 1 < load requ
17:12:26 #170 OK SELECT(check) id=1 via doris-1
17:12:27 connected to doris-1 (driver-selected host)
17:12:27 #171 FAIL INSERT id=2633709 via doris-1: SQLException: errCode = 2, detailMessage = errCode = 3, detailMessage = tablet 1789045666396 alive replica num 1 < load requ
17:12:27 #171 OK SELECT(check) id=1 via doris-1
17:12:28 connected to doris-1 (driver-selected host)
17:12:28 #172 FAIL INSERT id=2633710 via doris-1: SQLException: errCode = 2, detailMessage = errCode = 3, detailMessage = tablet 1789045666396 alive replica num 1 < load requ
17:12:28 #172 OK SELECT(check) id=1 via doris-1
17:12:29 connected to doris-1 (driver-selected host)
17:12:29 #173 FAIL INSERT id=2633711 via doris-1: SQLException: errCode = 2, detailMessage = errCode = 3, detailMessage = tablet 1789045666396 alive replica num 1 < load requ
17:12:29 #173 OK SELECT(check) id=1 via doris-1
17:12:30 connected to doris-1 (driver-selected host)
17:12:30 #174 FAIL INSERT id=2633712 via doris-1: SQLException: errCode = 2, detailMessage = errCode = 3, detailMessage = tablet 1789045666396 alive replica num 1 < load requ
17:12:30 #174 OK SELECT(check) id=1 via doris-1
17:12:31 connected to doris-1 (driver-selected host)
17:12:31 #175 FAIL INSERT id=2633713 via doris-1: SQLException: errCode = 2, detailMessage = errCode = 3, detailMessage = tablet 1789045666396 alive replica num 1 < load requ
17:12:31 #175 OK SELECT(check) id=1 via doris-1
17:12:32 connected to doris-1 (driver-selected host)
17:12:32 #176 FAIL INSERT id=2633714 via doris-1: SQLException: errCode = 2, detailMessage = errCode = 3, detailMessage = tablet 1789045666396 alive replica num 1 < load requ
17:12:32 #176 OK SELECT(check) id=1 via doris-1
17:12:33 connected to doris-1 (driver-selected host)
17:12:33 #177 FAIL INSERT id=2633715 via doris-1: SQLException: errCode = 2, detailMessage = errCode = 3, detailMessage = tablet 1789045666396 alive replica num 1 < load requ
17:12:33 #177 OK SELECT(check) id=1 via doris-1
17:12:34 connected to doris-1 (driver-selected host)
17:12:34 #178 FAIL INSERT id=2633716 via doris-1: SQLException: errCode = 2, detailMessage = errCode = 3, detailMessage = tablet 1789045666396 alive replica num 1 < load requ
17:12:34 #178 OK SELECT(check) id=1 via doris-1
17:12:35 connected to doris-1 (driver-selected host)
17:12:35 #179 FAIL INSERT id=2633717 via doris-1: SQLException: errCode = 2, detailMessage = errCode = 3, detailMessage = tablet 1789045666396 alive replica num 1 < load requ
17:12:35 #179 OK SELECT(check) id=1 via doris-1
17:12:36 connected to doris-1 (driver-selected host)
17:12:36 #180 FAIL INSERT id=2633718 via doris-1: SQLException: errCode = 2, detailMessage = errCode = 3, detailMessage = tablet 1789045666396 alive replica num 1 < load requ
17:12:36 #180 OK SELECT(check) id=1 via doris-1
17:12:37 connected to doris-1 (driver-selected host)
17:12:37 #181 FAIL INSERT id=2633719 via doris-1: SQLException: errCode = 2, detailMessage = errCode = 3, detailMessage = tablet 1789045666396 alive replica num 1 < load requ
17:12:37 #181 OK SELECT(check) id=1 via doris-1
17:12:38 connected to doris-1 (driver-selected host)
17:12:38 #182 FAIL INSERT id=2633720 via doris-1: SQLException: errCode = 2, detailMessage = errCode = 3, detailMessage = tablet 1789045666396 alive replica num 1 < load requ
17:12:38 #182 OK SELECT(check) id=1 via doris-1
17:12:39 EVENT restore: systemctl start doris-be on doris-1
17:12:39 connected to doris-1 (driver-selected host)
17:12:39 #183 FAIL INSERT id=2633721 via doris-1: SQLException: errCode = 2, detailMessage = errCode = 3, detailMessage = tablet 1789045666396 alive replica num 1 < load requ
17:12:39 #183 OK SELECT(check) id=1 via doris-1
17:12:40 connected to doris-1 (driver-selected host)
17:12:40 #184 FAIL INSERT id=2633722 via doris-1: SQLException: errCode = 2, detailMessage = errCode = 3, detailMessage = tablet 1789045666396 alive replica num 1 < load requ
17:12:40 #184 OK SELECT(check) id=1 via doris-1
17:12:42 connected to doris-1 (driver-selected host)
17:12:42 #185 FAIL INSERT id=2633723 via doris-1: SQLException: errCode = 2, detailMessage = errCode = 3, detailMessage = tablet 1789045666396 alive replica num 1 < load requ
17:12:42 #185 OK SELECT(check) id=1 via doris-1
17:12:43 connected to doris-1 (driver-selected host)
17:12:43 #186 FAIL INSERT id=2633724 via doris-1: SQLException: errCode = 2, detailMessage = errCode = 3, detailMessage = tablet 1789045666396 alive replica num 1 < load requ
17:12:43 #186 OK SELECT(check) id=1 via doris-1
17:12:44 connected to doris-1 (driver-selected host)
17:12:44 #187 FAIL INSERT id=2633725 via doris-1: SQLException: errCode = 2, detailMessage = errCode = 3, detailMessage = tablet 1789045666396 alive replica num 1 < load requ
17:12:44 #187 OK SELECT(check) id=1 via doris-1
17:12:44 EVENT restore: start doris-2
17:12:45 connected to doris-1 (driver-selected host)
17:12:45 #188 FAIL INSERT id=2633726 via doris-1: SQLException: errCode = 2, detailMessage = errCode = 3, detailMessage = tablet 1789045666396 alive replica num 1 < load requ
17:12:45 #188 OK SELECT(check) id=1 via doris-1
17:12:46 connected to doris-1 (driver-selected host)
17:12:46 #189 FAIL INSERT id=2633727 via doris-1: SQLException: errCode = 2, detailMessage = errCode = 3, detailMessage = tablet 1789045666396 alive replica num 1 < load requ
17:12:46 #189 OK SELECT(check) id=1 via doris-1
17:12:47 connected to doris-1 (driver-selected host)
17:12:47 #190 FAIL INSERT id=2633728 via doris-1: SQLException: errCode = 2, detailMessage = errCode = 3, detailMessage = tablet 1789045666396 alive replica num 1 < load requ
17:12:47 #190 OK SELECT(check) id=1 via doris-1
17:12:48 connected to doris-1 (driver-selected host)
17:12:48 #191 FAIL INSERT id=2633729 via doris-1: SQLException: errCode = 2, detailMessage = errCode = 3, detailMessage = tablet 1789045666396 alive replica num 1 < load requ
17:12:48 #191 OK SELECT(check) id=1 via doris-1
17:12:49 connected to doris-1 (driver-selected host)
17:12:49 #192 FAIL INSERT id=2633730 via doris-1: SQLException: errCode = 2, detailMessage = errCode = 3, detailMessage = tablet 1789045666396 alive replica num 1 < load requ
17:12:49 #192 OK SELECT(check) id=1 via doris-1
17:12:50 connected to doris-1 (driver-selected host)
17:12:50 #193 FAIL INSERT id=2633731 via doris-1: SQLException: errCode = 2, detailMessage = errCode = 3, detailMessage = tablet 1789045666396 alive replica num 1 < load requ
17:12:50 #193 OK SELECT(check) id=1 via doris-1
17:12:51 connected to doris-1 (driver-selected host)
17:12:51 #194 FAIL INSERT id=2633732 via doris-1: SQLException: errCode = 2, detailMessage = errCode = 3, detailMessage = tablet 1789045666396 alive replica num 1 < load requ
17:12:51 #194 OK SELECT(check) id=1 via doris-1
17:12:52 connected to doris-1 (driver-selected host)
17:12:52 #195 FAIL INSERT id=2633733 via doris-1: SQLException: errCode = 2, detailMessage = errCode = 3, detailMessage = tablet 1789045666396 alive replica num 1 < load requ
17:12:52 #195 OK SELECT(check) id=1 via doris-1
17:12:53 connected to doris-1 (driver-selected host)
17:12:53 #196 FAIL INSERT id=2633734 via doris-1: SQLException: errCode = 2, detailMessage = errCode = 3, detailMessage = tablet 1789045666396 alive replica num 1 < load requ
17:12:53 #196 OK SELECT(check) id=1 via doris-1
17:12:54 connected to doris-1 (driver-selected host)
17:12:54 #197 FAIL INSERT id=2633735 via doris-1: SQLException: errCode = 2, detailMessage = errCode = 3, detailMessage = tablet 1789045666396 alive replica num 1 < load requ
17:12:54 #197 OK SELECT(check) id=1 via doris-1
17:12:55 connected to doris-1 (driver-selected host)
17:12:55 #198 FAIL INSERT id=2633736 via doris-1: SQLException: errCode = 2, detailMessage = errCode = 3, detailMessage = tablet 1789045666396 alive replica num 1 < load requ
17:12:55 #198 OK SELECT(check) id=1 via doris-1
17:12:56 connected to doris-1 (driver-selected host)
17:12:56 #199 FAIL INSERT id=2633737 via doris-1: SQLException: errCode = 2, detailMessage = errCode = 3, detailMessage = tablet 1789045666396 alive replica num 1 < load requ
17:12:56 #199 OK SELECT(check) id=1 via doris-1
17:12:57 connected to doris-1 (driver-selected host)
17:12:57 #200 FAIL INSERT id=2633738 via doris-1: SQLException: errCode = 2, detailMessage = errCode = 3, detailMessage = tablet 1789045666396 alive replica num 1 < load requ
17:12:57 #200 OK SELECT(check) id=1 via doris-1
17:12:58 connected to doris-1 (driver-selected host)
17:12:58 #201 FAIL INSERT id=2633739 via doris-1: SQLException: errCode = 2, detailMessage = errCode = 3, detailMessage = tablet 1789045666396 alive replica num 1 < load requ
17:12:59 #201 OK SELECT(check) id=1 via doris-1
17:13:00 connected to doris-1 (driver-selected host)
17:13:00 #202 FAIL INSERT id=2633740 via doris-1: SQLException: errCode = 2, detailMessage = errCode = 3, detailMessage = tablet 1789045666396 alive replica num 1 < load requ
17:13:00 #202 OK SELECT(check) id=1 via doris-1
17:13:01 connected to doris-1 (driver-selected host)
17:13:01 #203 FAIL INSERT id=2633741 via doris-1: SQLException: errCode = 2, detailMessage = errCode = 3, detailMessage = tablet 1789045666396 alive replica num 1 < load requ
17:13:01 #203 OK SELECT(check) id=1 via doris-1
17:13:02 connected to doris-1 (driver-selected host)
17:13:02 #204 FAIL INSERT id=2633742 via doris-1: SQLException: errCode = 2, detailMessage = errCode = 3, detailMessage = tablet 1789045666396 alive replica num 1 < load requ
17:13:02 #204 OK SELECT(check) id=1 via doris-1
17:13:03 connected to doris-1 (driver-selected host)
17:13:03 #205 FAIL INSERT id=2633743 via doris-1: SQLException: errCode = 2, detailMessage = errCode = 3, detailMessage = tablet 1789045666396 alive replica num 1 < load requ
17:13:03 #205 OK SELECT(check) id=1 via doris-1
17:13:04 connected to doris-1 (driver-selected host)
17:13:04 #206 FAIL INSERT id=2633744 via doris-1: SQLException: errCode = 2, detailMessage = errCode = 3, detailMessage = tablet 1789045666396 alive replica num 1 < load requ
17:13:04 #206 OK SELECT(check) id=1 via doris-1
17:13:05 connected to doris-1 (driver-selected host)
17:13:05 #207 FAIL INSERT id=2633745 via doris-1: SQLException: errCode = 2, detailMessage = errCode = 3, detailMessage = tablet 1789045666396 alive replica num 1 < load requ
17:13:05 #207 OK SELECT(check) id=1 via doris-1
17:13:06 connected to doris-1 (driver-selected host)
17:13:06 #208 FAIL INSERT id=2633746 via doris-1: SQLException: errCode = 2, detailMessage = errCode = 3, detailMessage = tablet 1789045666396 alive replica num 1 < load requ
17:13:06 #208 OK SELECT(check) id=1 via doris-1
17:13:07 connected to doris-1 (driver-selected host)
17:13:07 #209 FAIL INSERT id=2633747 via doris-1: SQLException: errCode = 2, detailMessage = errCode = 3, detailMessage = tablet 1789045666396 alive replica num 1 < load requ
17:13:07 #209 OK SELECT(check) id=1 via doris-1
17:13:08 connected to doris-1 (driver-selected host)
17:13:08 #210 FAIL INSERT id=2633748 via doris-1: SQLException: errCode = 2, detailMessage = errCode = 3, detailMessage = tablet 1789045666396 alive replica num 1 < load requ
17:13:08 #210 OK SELECT(check) id=1 via doris-1
17:13:09 connected to doris-1 (driver-selected host)
17:13:09 #211 FAIL INSERT id=2633749 via doris-1: SQLException: errCode = 2, detailMessage = errCode = 3, detailMessage = tablet 1789045666396 alive replica num 1 < load requ
17:13:09 #211 OK SELECT(check) id=1 via doris-1
17:13:10 connected to doris-1 (driver-selected host)
17:13:10 #212 OK INSERT id=2633750 via doris-1 rows=10200 [doris-1:f:up doris-2:f:DOWN doris-3:M:up] (recovered)
17:13:11 #213 OK UPSERT id=2633750 via doris-1 rows=10201 [doris-1:f:up doris-2:f:DOWN doris-3:M:up]
17:13:12 #214 OK SELECT id=2633750 via doris-1 rows=10201 [doris-1:f:up doris-2:f:DOWN doris-3:M:up]
17:13:13 #215 OK DELETE id=2633750 via doris-1 rows=10200 [doris-1:f:up doris-2:f:DOWN doris-3:M:up]
17:13:14 #216 OK SELECT id=2633750 via doris-1 rows=10199 [doris-1:f:up doris-2:f:DOWN doris-3:M:up]
17:13:15 #217 OK INSERT id=2633751 via doris-1 rows=10200 [doris-1:f:up doris-2:f:DOWN doris-3:M:up]
17:13:17 #218 OK UPSERT id=2633751 via doris-1 rows=10201 [doris-1:f:up doris-2:f:DOWN doris-3:M:up]
17:13:18 #219 OK SELECT id=2633751 via doris-1 rows=10201 [doris-1:f:up doris-2:f:DOWN doris-3:M:up]
17:13:19 #220 OK DELETE id=2633751 via doris-1 rows=10200 [doris-1:f:up doris-2:f:DOWN doris-3:M:up]
17:13:20 #221 OK SELECT id=2633751 via doris-1 rows=10199 [doris-1:f:up doris-2:f:DOWN doris-3:M:up]
17:13:21 #222 OK INSERT id=2633752 via doris-1 rows=10200 [doris-1:f:up doris-2:f:DOWN doris-3:M:up]
17:13:22 #223 OK UPSERT id=2633752 via doris-1 rows=10201 [doris-1:f:up doris-2:f:DOWN doris-3:M:up]
17:13:23 #224 OK SELECT id=2633752 via doris-1 rows=10201 [doris-1:f:up doris-2:f:DOWN doris-3:M:up]
17:13:24 #225 OK DELETE id=2633752 via doris-1 rows=10200 [doris-1:f:up doris-2:f:DOWN doris-3:M:up]
17:13:25 #226 OK SELECT id=2633752 via doris-1 rows=10199 [doris-1:f:up doris-2:f:DOWN doris-3:M:up]
17:13:26 #227 OK INSERT id=2633753 via doris-1 rows=10200 [doris-1:f:up doris-2:f:DOWN doris-3:M:up]
17:13:27 #228 OK UPSERT id=2633753 via doris-1 rows=10201 [doris-1:f:up doris-2:f:DOWN doris-3:M:up]
17:13:28 #229 OK SELECT id=2633753 via doris-1 rows=10201 [doris-1:f:up doris-2:f:DOWN doris-3:M:up]
17:13:29 #230 OK DELETE id=2633753 via doris-1 rows=10200 [doris-1:f:up doris-2:f:DOWN doris-3:M:up]
17:13:30 #231 OK SELECT id=2633753 via doris-1 rows=10199 [doris-1:f:up doris-2:f:up doris-3:M:up]
17:13:31 #232 OK INSERT id=2633754 via doris-1 rows=10200 [doris-1:f:up doris-2:f:up doris-3:M:up]
17:13:32 #233 OK UPSERT id=2633754 via doris-1 rows=10201 [doris-1:f:up doris-2:f:up doris-3:M:up]
17:13:34 #234 OK SELECT id=2633754 via doris-1 rows=10201 [doris-1:f:up doris-2:f:up doris-3:M:up]
17:13:35 #235 OK DELETE id=2633754 via doris-1 rows=10200 [doris-1:f:up doris-2:f:up doris-3:M:up]
17:13:36 #236 OK SELECT id=2633754 via doris-1 rows=10199 [doris-1:f:up doris-2:f:up doris-3:M:up]
17:13:37 #237 OK INSERT id=2633755 via doris-1 rows=10200 [doris-1:f:up doris-2:f:up doris-3:M:up]
17:13:38 #238 OK UPSERT id=2633755 via doris-1 rows=10201 [doris-1:f:up doris-2:f:up doris-3:M:up]
17:13:39 #239 OK SELECT id=2633755 via doris-1 rows=10201 [doris-1:f:up doris-2:f:up doris-3:M:up]
17:13:40 #240 OK DELETE id=2633755 via doris-1 rows=10200 [doris-1:f:up doris-2:f:up doris-3:M:up]
17:13:41 #241 OK SELECT id=2633755 via doris-1 rows=10199 [doris-1:f:up doris-2:f:up doris-3:M:up]
17:13:42 #242 OK INSERT id=2633756 via doris-1 rows=10200 [doris-1:f:up doris-2:f:up doris-3:M:up]
17:13:43 EVENT restore: cluster healthy
17:13:43 #243 OK UPSERT id=2633756 via doris-1 rows=10201 [doris-1:f:up doris-2:f:up doris-3:M:up]
17:13:44 #244 OK SELECT id=2633756 via doris-1 rows=10201 [doris-1:f:up doris-2:f:up doris-3:M:up]
17:13:45 #245 OK DELETE id=2633756 via doris-1 rows=10200 [doris-1:f:up doris-2:f:up doris-3:M:up]
17:13:46 #246 OK SELECT id=2633756 via doris-1 rows=10199 [doris-1:f:up doris-2:f:up doris-3:M:up]
17:13:47 #247 OK INSERT id=2633757 via doris-1 rows=10200 [doris-1:f:up doris-2:f:up doris-3:M:up]
17:13:48 #248 OK UPSERT id=2633757 via doris-1 rows=10201 [doris-1:f:up doris-2:f:up doris-3:M:up]
17:13:49 #249 OK SELECT id=2633757 via doris-1 rows=10201 [doris-1:f:up doris-2:f:up doris-3:M:up]
17:13:51 #250 OK DELETE id=2633757 via doris-1 rows=10200 [doris-1:f:up doris-2:f:up doris-3:M:up]
17:13:52 #251 OK SELECT id=2633757 via doris-1 rows=10199 [doris-1:f:up doris-2:f:up doris-3:M:up]
17:13:53 #252 OK INSERT id=2633758 via doris-1 rows=10200 [doris-1:f:up doris-2:f:up doris-3:M:up]
17:13:54 #253 OK UPSERT id=2633758 via doris-1 rows=10201 [doris-1:f:up doris-2:f:up doris-3:M:up]
17:13:55 #254 OK SELECT id=2633758 via doris-1 rows=10201 [doris-1:f:up doris-2:f:up doris-3:M:up]
17:13:56 #255 OK DELETE id=2633758 via doris-1 rows=10200 [doris-1:f:up doris-2:f:up doris-3:M:up]
17:13:57 #256 OK SELECT id=2633758 via doris-1 rows=10199 [doris-1:f:up doris-2:f:up doris-3:M:up]
17:13:58 #257 OK INSERT id=2633759 via doris-1 rows=10200 [doris-1:f:up doris-2:f:up doris-3:M:up]
17:13:59 #258 OK UPSERT id=2633759 via doris-1 rows=10201 [doris-1:f:up doris-2:f:up doris-3:M:up]
17:14:00 #259 OK SELECT id=2633759 via doris-1 rows=10201 [doris-1:f:up doris-2:f:up doris-3:M:up]
17:14:01 #260 OK DELETE id=2633759 via doris-1 rows=10200 [doris-1:f:up doris-2:f:up doris-3:M:up]
17:14:02 #261 OK SELECT id=2633759 via doris-1 rows=10199 [doris-1:f:up doris-2:f:up doris-3:M:up]
17:14:03 #262 OK INSERT id=2633760 via doris-1 rows=10200 [doris-1:f:up doris-2:f:up doris-3:M:up]
17:14:04 #263 OK UPSERT id=2633760 via doris-1 rows=10201 [doris-1:f:up doris-2:f:up doris-3:M:up]
17:14:05 #264 OK SELECT id=2633760 via doris-1 rows=10201 [doris-1:f:up doris-2:f:up doris-3:M:up]
17:14:06 #265 OK DELETE id=2633760 via doris-1 rows=10200 [doris-1:f:up doris-2:f:up doris-3:M:up]
17:14:08 #266 OK SELECT id=2633760 via doris-1 rows=10199 [doris-1:f:up doris-2:f:up doris-3:M:up]
17:14:09 #267 OK INSERT id=2633761 via doris-1 rows=10200 [doris-1:f:up doris-2:f:up doris-3:M:up]
17:14:10 #268 OK UPSERT id=2633761 via doris-1 rows=10201 [doris-1:f:up doris-2:f:up doris-3:M:up]
17:14:11 #269 OK SELECT id=2633761 via doris-1 rows=10201 [doris-1:f:up doris-2:f:up doris-3:M:up]
