19:41:10 PROBE start proto=arrow-flight hosts=doris-1,doris-2,doris-3 duration=86400s cycle=INSERT>UPSERT>SELECT>DELETE>SELECT
19:41:10 connected to doris-1 (10.140.0.2)
19:41:10 DML unsupported over arrow-flight (InternalError: RuntimeException, msg: getMysqlChannel not in mysql connection (Internal; ExecuteQuery)) — switching to SELECT-only mode
19:41:10 #1 OK SELECT id=3724700 via doris-1 rows=10265 [doris-1:f:up doris-2:f:up doris-3:M:up]
19:41:11 #2 OK SELECT id=3724700 via doris-1 rows=10266 [doris-1:f:up doris-2:f:up doris-3:M:up]
19:41:12 #3 OK SELECT id=3724700 via doris-1 rows=10266 [doris-1:f:up doris-2:f:up doris-3:M:up]
19:41:13 #4 OK SELECT id=3724700 via doris-1 rows=10265 [doris-1:f:up doris-2:f:up doris-3:M:up]
19:41:14 #5 OK SELECT id=3724700 via doris-1 rows=10264 [doris-1:f:up doris-2:f:up doris-3:M:up]
19:41:15 #6 OK SELECT id=3724700 via doris-1 rows=10265 [doris-1:f:up doris-2:f:up doris-3:M:up]
19:41:16 #7 OK SELECT id=3724700 via doris-1 rows=10266 [doris-1:f:up doris-2:f:up doris-3:M:up]
19:41:17 #8 OK SELECT id=3724700 via doris-1 rows=10266 [doris-1:f:up doris-2:f:up doris-3:M:up]
19:41:18 #9 OK SELECT id=3724700 via doris-1 rows=10265 [doris-1:f:up doris-2:f:up doris-3:M:up]
19:41:19 #10 OK SELECT id=3724700 via doris-1 rows=10264 [doris-1:f:up doris-2:f:up doris-3:M:up]
19:41:20 #11 OK SELECT id=3724700 via doris-1 rows=10265 [doris-1:f:up doris-2:f:up doris-3:M:up]
19:41:21 #12 OK SELECT id=3724700 via doris-1 rows=10266 [doris-1:f:up doris-2:f:up doris-3:M:up]
19:41:23 #13 OK SELECT id=3724700 via doris-1 rows=10266 [doris-1:f:up doris-2:f:up doris-3:M:up]
19:41:24 #14 OK SELECT id=3724700 via doris-1 rows=10265 [doris-1:f:up doris-2:f:up doris-3:M:up]
19:41:25 #15 OK SELECT id=3724700 via doris-1 rows=10264 [doris-1:f:up doris-2:f:up doris-3:M:up]
19:41:26 #16 OK SELECT id=3724700 via doris-1 rows=10265 [doris-1:f:up doris-2:f:up doris-3:M:up]
19:41:27 #17 OK SELECT id=3724700 via doris-1 rows=10266 [doris-1:f:up doris-2:f:up doris-3:M:up]
19:41:28 #18 OK SELECT id=3724700 via doris-1 rows=10266 [doris-1:f:up doris-2:f:up doris-3:M:up]
19:41:29 #19 OK SELECT id=3724700 via doris-1 rows=10265 [doris-1:f:up doris-2:f:up doris-3:M:up]
19:41:30 #20 OK SELECT id=3724700 via doris-1 rows=10264 [doris-1:f:up doris-2:f:up doris-3:M:up]
19:41:31 #21 OK SELECT id=3724700 via doris-1 rows=10265 [doris-1:f:up doris-2:f:up doris-3:M:up]
19:41:32 #22 OK SELECT id=3724700 via doris-1 rows=10266 [doris-1:f:up doris-2:f:up doris-3:M:up]
19:41:33 #23 OK SELECT id=3724700 via doris-1 rows=10266 [doris-1:f:up doris-2:f:up doris-3:M:up]
19:41:34 #24 OK SELECT id=3724700 via doris-1 rows=10266 [doris-1:f:up doris-2:f:up doris-3:M:up]
19:41:35 #25 OK SELECT id=3724700 via doris-1 rows=10264 [doris-1:f:up doris-2:f:up doris-3:M:up]
19:41:36 #26 OK SELECT id=3724700 via doris-1 rows=10264 [doris-1:f:up doris-2:f:up doris-3:M:up]
19:41:37 #27 OK SELECT id=3724700 via doris-1 rows=10266 [doris-1:f:up doris-2:f:up doris-3:M:up]
19:41:38 #28 OK SELECT id=3724700 via doris-1 rows=10266 [doris-1:f:up doris-2:f:up doris-3:M:up]
19:41:39 #29 OK SELECT id=3724700 via doris-1 rows=10266 [doris-1:f:up doris-2:f:up doris-3:M:up]
19:41:40 #30 OK SELECT id=3724700 via doris-1 rows=10264 [doris-1:f:up doris-2:f:up doris-3:M:up]
19:41:42 #31 OK SELECT id=3724700 via doris-1 rows=10264 [doris-1:f:up doris-2:f:up doris-3:M:up]
19:41:43 #32 OK SELECT id=3724700 via doris-1 rows=10266 [doris-1:f:up doris-2:f:up doris-3:M:up]
19:41:44 #33 OK SELECT id=3724700 via doris-1 rows=10266 [doris-1:f:up doris-2:f:up doris-3:M:up]
19:41:44 EVENT break: be crash on doris-1 (FE follower)
19:41:45 #34 OK SELECT id=3724700 via doris-1 rows=10266 [doris-1:f:up doris-2:f:up doris-3:M:up]
19:41:46 #35 OK SELECT id=3724700 via doris-1 rows=10264 [?]
19:41:47 #36 FAIL SELECT id=3724700 via doris-1: InternalError: INTERNAL: [FlightSQL] get flight info statement failed, after executeQueryStatement handleQuery, java.lang.Run
19:41:48 connected to doris-1 (10.140.0.2)
19:41:48 #37 OK SELECT id=3724700 via doris-1 rows=10264 [?] (recovered)
19:41:49 #38 OK SELECT id=3724700 via doris-1 rows=10264 [doris-1:f:up doris-2:f:up doris-3:M:up]
19:41:50 #39 OK SELECT id=3724700 via doris-1 rows=10264 [doris-1:f:up doris-2:f:up doris-3:M:up]
19:41:51 #40 OK SELECT id=3724700 via doris-1 rows=10264 [?]
19:41:52 #41 OK SELECT id=3724700 via doris-1 rows=10264 [?]
19:41:53 #42 OK SELECT id=3724700 via doris-1 rows=10264 [doris-1:f:up doris-2:f:up doris-3:M:up]
19:41:54 #43 OK SELECT id=3724700 via doris-1 rows=10266 [doris-1:f:up doris-2:f:up doris-3:M:up]
19:41:55 #44 OK SELECT id=3724700 via doris-1 rows=10266 [doris-1:f:up doris-2:f:up doris-3:M:up]
19:41:56 #45 OK SELECT id=3724700 via doris-1 rows=10266 [doris-1:f:up doris-2:f:up doris-3:M:up]
19:41:57 #46 OK SELECT id=3724700 via doris-1 rows=10264 [doris-1:f:up doris-2:f:up doris-3:M:up]
19:41:58 #47 OK SELECT id=3724700 via doris-1 rows=10264 [doris-1:f:up doris-2:f:up doris-3:M:up]
19:42:00 #48 OK SELECT id=3724700 via doris-1 rows=10266 [doris-1:f:up doris-2:f:up doris-3:M:up]
19:42:01 #49 OK SELECT id=3724700 via doris-1 rows=10266 [doris-1:f:up doris-2:f:up doris-3:M:up]
19:42:01 EVENT recovered: be restarted by systemd on doris-1 (+9s)
19:42:02 #50 OK SELECT id=3724700 via doris-1 rows=10266 [doris-1:f:up doris-2:f:up doris-3:M:up]
19:42:03 #51 OK SELECT id=3724700 via doris-1 rows=10264 [doris-1:f:up doris-2:f:up doris-3:M:up]
19:42:04 #52 OK SELECT id=3724700 via doris-1 rows=10264 [doris-1:f:up doris-2:f:up doris-3:M:up]
19:42:05 #53 OK SELECT id=3724700 via doris-1 rows=10266 [doris-1:f:up doris-2:f:up doris-3:M:up]
19:42:06 #54 OK SELECT id=3724700 via doris-1 rows=10266 [doris-1:f:up doris-2:f:up doris-3:M:up]
19:42:07 #55 OK SELECT id=3724700 via doris-1 rows=10266 [doris-1:f:up doris-2:f:up doris-3:M:up]
19:42:08 #56 OK SELECT id=3724700 via doris-1 rows=10264 [doris-1:f:up doris-2:f:up doris-3:M:up]
19:42:09 #57 OK SELECT id=3724700 via doris-1 rows=10264 [doris-1:f:up doris-2:f:up doris-3:M:up]
19:42:10 #58 OK SELECT id=3724700 via doris-1 rows=10266 [doris-1:f:up doris-2:f:up doris-3:M:up]
19:42:11 #59 OK SELECT id=3724700 via doris-1 rows=10266 [doris-1:f:up doris-2:f:up doris-3:M:up]
19:42:12 #60 OK SELECT id=3724700 via doris-1 rows=10266 [doris-1:f:up doris-2:f:up doris-3:M:up]
19:42:13 #61 OK SELECT id=3724700 via doris-1 rows=10264 [doris-1:f:up doris-2:f:up doris-3:M:up]
19:42:14 #62 OK SELECT id=3724700 via doris-1 rows=10264 [doris-1:f:up doris-2:f:up doris-3:M:up]
19:42:15 #63 OK SELECT id=3724700 via doris-1 rows=10266 [doris-1:f:up doris-2:f:up doris-3:M:up]
19:42:16 #64 OK SELECT id=3724700 via doris-1 rows=10266 [doris-1:f:up doris-2:f:up doris-3:M:up]
19:42:17 #65 OK SELECT id=3724700 via doris-1 rows=10266 [doris-1:f:up doris-2:f:up doris-3:M:up]
19:42:18 #66 OK SELECT id=3724700 via doris-1 rows=10264 [doris-1:f:up doris-2:f:up doris-3:M:up]
19:42:20 #67 OK SELECT id=3724700 via doris-1 rows=10264 [doris-1:f:up doris-2:f:up doris-3:M:up]
19:42:21 #68 OK SELECT id=3724700 via doris-1 rows=10266 [doris-1:f:up doris-2:f:up doris-3:M:up]
19:42:22 #69 OK SELECT id=3724700 via doris-1 rows=10266 [doris-1:f:up doris-2:f:up doris-3:M:up]
19:42:23 #70 OK SELECT id=3724700 via doris-1 rows=10266 [doris-1:f:up doris-2:f:up doris-3:M:up]
19:42:24 #71 OK SELECT id=3724700 via doris-1 rows=10264 [doris-1:f:up doris-2:f:up doris-3:M:up]
19:42:25 #72 OK SELECT id=3724700 via doris-1 rows=10264 [doris-1:f:up doris-2:f:up doris-3:M:up]
19:42:26 #73 OK SELECT id=3724700 via doris-1 rows=10266 [doris-1:f:up doris-2:f:up doris-3:M:up]
19:42:27 #74 OK SELECT id=3724700 via doris-1 rows=10266 [doris-1:f:up doris-2:f:up doris-3:M:up]
19:42:28 #75 OK SELECT id=3724700 via doris-1 rows=10266 [doris-1:f:up doris-2:f:up doris-3:M:up]
19:42:29 #76 OK SELECT id=3724700 via doris-1 rows=10264 [doris-1:f:up doris-2:f:up doris-3:M:up]
19:42:30 #77 OK SELECT id=3724700 via doris-1 rows=10264 [doris-1:f:up doris-2:f:up doris-3:M:up]
19:42:31 #78 OK SELECT id=3724700 via doris-1 rows=10266 [doris-1:f:up doris-2:f:up doris-3:M:up]
19:42:32 #79 OK SELECT id=3724700 via doris-1 rows=10266 [doris-1:f:up doris-2:f:up doris-3:M:up]
19:42:33 #80 OK SELECT id=3724700 via doris-1 rows=10266 [doris-1:f:up doris-2:f:up doris-3:M:up]
19:42:34 #81 OK SELECT id=3724700 via doris-1 rows=10264 [doris-1:f:up doris-2:f:up doris-3:M:up]
19:42:35 #82 OK SELECT id=3724700 via doris-1 rows=10264 [doris-1:f:up doris-2:f:up doris-3:M:up]
19:42:36 #83 OK SELECT id=3724700 via doris-1 rows=10266 [doris-1:f:up doris-2:f:up doris-3:M:up]
19:42:37 #84 OK SELECT id=3724700 via doris-1 rows=10266 [doris-1:f:up doris-2:f:up doris-3:M:up]
19:42:38 #85 OK SELECT id=3724700 via doris-1 rows=10266 [doris-1:f:up doris-2:f:up doris-3:M:up]
19:42:40 #86 OK SELECT id=3724700 via doris-1 rows=10264 [doris-1:f:up doris-2:f:up doris-3:M:up]
19:42:41 #87 OK SELECT id=3724700 via doris-1 rows=10264 [doris-1:f:up doris-2:f:up doris-3:M:up]
19:42:42 #88 OK SELECT id=3724700 via doris-1 rows=10266 [doris-1:f:up doris-2:f:up doris-3:M:up]
19:42:43 #89 OK SELECT id=3724700 via doris-1 rows=10266 [doris-1:f:up doris-2:f:up doris-3:M:up]
19:42:44 #90 OK SELECT id=3724700 via doris-1 rows=10266 [doris-1:f:up doris-2:f:up doris-3:M:up]
19:42:45 #91 OK SELECT id=3724700 via doris-1 rows=10264 [doris-1:f:up doris-2:f:up doris-3:M:up]
19:42:46 #92 OK SELECT id=3724700 via doris-1 rows=10264 [doris-1:f:up doris-2:f:up doris-3:M:up]
19:42:47 #93 OK SELECT id=3724700 via doris-1 rows=10266 [doris-1:f:up doris-2:f:up doris-3:M:up]
19:42:48 #94 OK SELECT id=3724700 via doris-1 rows=10266 [doris-1:f:up doris-2:f:up doris-3:M:up]
19:42:49 #95 OK SELECT id=3724700 via doris-1 rows=10266 [doris-1:f:up doris-2:f:up doris-3:M:up]
19:42:50 #96 OK SELECT id=3724700 via doris-1 rows=10264 [doris-1:f:up doris-2:f:up doris-3:M:up]
19:42:51 #97 OK SELECT id=3724700 via doris-1 rows=10264 [doris-1:f:up doris-2:f:up doris-3:M:up]
19:42:52 #98 OK SELECT id=3724700 via doris-1 rows=10266 [doris-1:f:up doris-2:f:up doris-3:M:up]
19:42:53 #99 OK SELECT id=3724700 via doris-1 rows=10266 [doris-1:f:up doris-2:f:up doris-3:M:up]
19:42:54 #100 OK SELECT id=3724700 via doris-1 rows=10266 [doris-1:f:up doris-2:f:up doris-3:M:up]
19:42:55 #101 OK SELECT id=3724700 via doris-1 rows=10264 [doris-1:f:up doris-2:f:up doris-3:M:up]
19:42:56 #102 OK SELECT id=3724700 via doris-1 rows=10264 [doris-1:f:up doris-2:f:up doris-3:M:up]
19:42:57 #103 OK SELECT id=3724700 via doris-1 rows=10266 [doris-1:f:up doris-2:f:up doris-3:M:up]
19:42:58 #104 OK SELECT id=3724700 via doris-1 rows=10266 [doris-1:f:up doris-2:f:up doris-3:M:up]
19:42:59 #105 OK SELECT id=3724700 via doris-1 rows=10266 [doris-1:f:up doris-2:f:up doris-3:M:up]
19:43:01 #106 OK SELECT id=3724700 via doris-1 rows=10264 [doris-1:f:up doris-2:f:up doris-3:M:up]
19:43:02 #107 OK SELECT id=3724700 via doris-1 rows=10264 [doris-1:f:up doris-2:f:up doris-3:M:up]
19:43:03 #108 OK SELECT id=3724700 via doris-1 rows=10266 [doris-1:f:up doris-2:f:up doris-3:M:up]
19:43:04 #109 OK SELECT id=3724700 via doris-1 rows=10266 [doris-1:f:up doris-2:f:up doris-3:M:up]
19:43:05 #110 OK SELECT id=3724700 via doris-1 rows=10266 [doris-1:f:up doris-2:f:up doris-3:M:up]
19:43:06 #111 OK SELECT id=3724700 via doris-1 rows=10264 [doris-1:f:up doris-2:f:up doris-3:M:up]
19:43:07 #112 OK SELECT id=3724700 via doris-1 rows=10264 [doris-1:f:up doris-2:f:up doris-3:M:up]
19:43:08 #113 OK SELECT id=3724700 via doris-1 rows=10266 [doris-1:f:up doris-2:f:up doris-3:M:up]
19:43:09 #114 OK SELECT id=3724700 via doris-1 rows=10266 [doris-1:f:up doris-2:f:up doris-3:M:up]
19:43:10 #115 OK SELECT id=3724700 via doris-1 rows=10266 [doris-1:f:up doris-2:f:up doris-3:M:up]
19:43:11 #116 OK SELECT id=3724700 via doris-1 rows=10264 [doris-1:f:up doris-2:f:up doris-3:M:up]
19:43:12 #117 OK SELECT id=3724700 via doris-1 rows=10264 [doris-1:f:up doris-2:f:up doris-3:M:up]
19:43:13 #118 OK SELECT id=3724700 via doris-1 rows=10266 [doris-1:f:up doris-2:f:up doris-3:M:up]
19:43:14 #119 OK SELECT id=3724700 via doris-1 rows=10266 [doris-1:f:up doris-2:f:up doris-3:M:up]
19:43:15 #120 OK SELECT id=3724700 via doris-1 rows=10266 [doris-1:f:up doris-2:f:up doris-3:M:up]
19:43:16 #121 OK SELECT id=3724700 via doris-1 rows=10264 [doris-1:f:up doris-2:f:up doris-3:M:up]
19:43:17 #122 OK SELECT id=3724700 via doris-1 rows=10264 [doris-1:f:up doris-2:f:up doris-3:M:up]
19:43:18 #123 OK SELECT id=3724700 via doris-1 rows=10266 [doris-1:f:up doris-2:f:up doris-3:M:up]
19:43:19 #124 OK SELECT id=3724700 via doris-1 rows=10266 [doris-1:f:up doris-2:f:up doris-3:M:up]
19:43:21 #125 OK SELECT id=3724700 via doris-1 rows=10266 [doris-1:f:up doris-2:f:up doris-3:M:up]
19:43:22 #126 OK SELECT id=3724700 via doris-1 rows=10264 [doris-1:f:up doris-2:f:up doris-3:M:up]
19:43:23 #127 OK SELECT id=3724700 via doris-1 rows=10264 [doris-1:f:up doris-2:f:up doris-3:M:up]
19:43:24 #128 OK SELECT id=3724700 via doris-1 rows=10266 [doris-1:f:up doris-2:f:up doris-3:M:up]
19:43:25 #129 OK SELECT id=3724700 via doris-1 rows=10266 [doris-1:f:up doris-2:f:up doris-3:M:up]
19:43:26 #130 OK SELECT id=3724700 via doris-1 rows=10266 [doris-1:f:up doris-2:f:up doris-3:M:up]
19:43:27 #131 OK SELECT id=3724700 via doris-1 rows=10264 [doris-1:f:up doris-2:f:up doris-3:M:up]
19:43:28 #132 OK SELECT id=3724700 via doris-1 rows=10264 [doris-1:f:up doris-2:f:up doris-3:M:up]
19:43:29 #133 OK SELECT id=3724700 via doris-1 rows=10266 [doris-1:f:up doris-2:f:up doris-3:M:up]
19:43:30 #134 OK SELECT id=3724700 via doris-1 rows=10266 [doris-1:f:up doris-2:f:up doris-3:M:up]
19:43:31 #135 OK SELECT id=3724700 via doris-1 rows=10266 [doris-1:f:up doris-2:f:up doris-3:M:up]
19:43:32 #136 OK SELECT id=3724700 via doris-1 rows=10264 [doris-1:f:up doris-2:f:up doris-3:M:up]
19:43:33 #137 OK SELECT id=3724700 via doris-1 rows=10264 [doris-1:f:up doris-2:f:up doris-3:M:up]
19:43:34 #138 OK SELECT id=3724700 via doris-1 rows=10266 [doris-1:f:up doris-2:f:up doris-3:M:up]
19:43:35 #139 OK SELECT id=3724700 via doris-1 rows=10266 [doris-1:f:up doris-2:f:up doris-3:M:up]
19:43:36 #140 OK SELECT id=3724700 via doris-1 rows=10266 [doris-1:f:up doris-2:f:up doris-3:M:up]
19:43:37 #141 OK SELECT id=3724700 via doris-1 rows=10264 [doris-1:f:up doris-2:f:up doris-3:M:up]
19:43:38 #142 OK SELECT id=3724700 via doris-1 rows=10264 [doris-1:f:up doris-2:f:up doris-3:M:up]
19:43:39 #143 OK SELECT id=3724700 via doris-1 rows=10266 [doris-1:f:up doris-2:f:up doris-3:M:up]
19:43:40 #144 OK SELECT id=3724700 via doris-1 rows=10266 [doris-1:f:up doris-2:f:up doris-3:M:up]
19:43:42 #145 OK SELECT id=3724700 via doris-1 rows=10266 [doris-1:f:up doris-2:f:up doris-3:M:up]
19:43:43 #146 OK SELECT id=3724700 via doris-1 rows=10264 [doris-1:f:up doris-2:f:up doris-3:M:up]
19:43:43 EVENT restore: verify be on doris-1
19:43:44 #147 OK SELECT id=3724700 via doris-1 rows=10264 [doris-1:f:up doris-2:f:up doris-3:M:up]
19:43:45 #148 OK SELECT id=3724700 via doris-1 rows=10266 [doris-1:f:up doris-2:f:up doris-3:M:up]
19:43:46 #149 OK SELECT id=3724700 via doris-1 rows=10266 [doris-1:f:up doris-2:f:up doris-3:M:up]
19:43:47 #150 OK SELECT id=3724700 via doris-1 rows=10266 [doris-1:f:up doris-2:f:up doris-3:M:up]
19:43:48 EVENT restore: cluster healthy
19:43:48 #151 OK SELECT id=3724700 via doris-1 rows=10264 [doris-1:f:up doris-2:f:up doris-3:M:up]
19:43:49 #152 OK SELECT id=3724700 via doris-1 rows=10264 [doris-1:f:up doris-2:f:up doris-3:M:up]
19:43:50 #153 OK SELECT id=3724700 via doris-1 rows=10266 [doris-1:f:up doris-2:f:up doris-3:M:up]
19:43:51 #154 OK SELECT id=3724700 via doris-1 rows=10266 [doris-1:f:up doris-2:f:up doris-3:M:up]
19:43:52 #155 OK SELECT id=3724700 via doris-1 rows=10266 [doris-1:f:up doris-2:f:up doris-3:M:up]
19:43:53 #156 OK SELECT id=3724700 via doris-1 rows=10264 [doris-1:f:up doris-2:f:up doris-3:M:up]
19:43:54 #157 OK SELECT id=3724700 via doris-1 rows=10264 [doris-1:f:up doris-2:f:up doris-3:M:up]
19:43:55 #158 OK SELECT id=3724700 via doris-1 rows=10265 [doris-1:f:up doris-2:f:up doris-3:M:up]
19:43:56 #159 OK SELECT id=3724700 via doris-1 rows=10266 [doris-1:f:up doris-2:f:up doris-3:M:up]
19:43:57 #160 OK SELECT id=3724700 via doris-1 rows=10266 [doris-1:f:up doris-2:f:up doris-3:M:up]
19:43:58 #161 OK SELECT id=3724700 via doris-1 rows=10265 [doris-1:f:up doris-2:f:up doris-3:M:up]
19:43:59 #162 OK SELECT id=3724700 via doris-1 rows=10264 [doris-1:f:up doris-2:f:up doris-3:M:up]
19:44:00 #163 OK SELECT id=3724700 via doris-1 rows=10265 [doris-1:f:up doris-2:f:up doris-3:M:up]
19:44:01 #164 OK SELECT id=3724700 via doris-1 rows=10266 [doris-1:f:up doris-2:f:up doris-3:M:up]
19:44:03 #165 OK SELECT id=3724700 via doris-1 rows=10266 [doris-1:f:up doris-2:f:up doris-3:M:up]
19:44:04 #166 OK SELECT id=3724700 via doris-1 rows=10265 [doris-1:f:up doris-2:f:up doris-3:M:up]
19:44:05 #167 OK SELECT id=3724700 via doris-1 rows=10264 [doris-1:f:up doris-2:f:up doris-3:M:up]
19:44:06 #168 OK SELECT id=3724700 via doris-1 rows=10265 [doris-1:f:up doris-2:f:up doris-3:M:up]
19:44:07 #169 OK SELECT id=3724700 via doris-1 rows=10266 [doris-1:f:up doris-2:f:up doris-3:M:up]
19:44:08 #170 OK SELECT id=3724700 via doris-1 rows=10266 [doris-1:f:up doris-2:f:up doris-3:M:up]
19:44:09 #171 OK SELECT id=3724700 via doris-1 rows=10266 [doris-1:f:up doris-2:f:up doris-3:M:up]
19:44:10 #172 OK SELECT id=3724700 via doris-1 rows=10264 [doris-1:f:up doris-2:f:up doris-3:M:up]
19:44:11 #173 OK SELECT id=3724700 via doris-1 rows=10264 [doris-1:f:up doris-2:f:up doris-3:M:up]
19:44:12 #174 OK SELECT id=3724700 via doris-1 rows=10266 [doris-1:f:up doris-2:f:up doris-3:M:up]
19:44:13 #175 OK SELECT id=3724700 via doris-1 rows=10266 [doris-1:f:up doris-2:f:up doris-3:M:up]
19:44:14 #176 OK SELECT id=3724700 via doris-1 rows=10266 [doris-1:f:up doris-2:f:up doris-3:M:up]
19:44:15 #177 OK SELECT id=3724700 via doris-1 rows=10264 [doris-1:f:up doris-2:f:up doris-3:M:up]
19:44:16 #178 OK SELECT id=3724700 via doris-1 rows=10264 [doris-1:f:up doris-2:f:up doris-3:M:up]
19:44:17 #179 OK SELECT id=3724700 via doris-1 rows=10266 [doris-1:f:up doris-2:f:up doris-3:M:up]
