18:11:27 PROBE start proto=arrow-flight hosts=doris-1,doris-2,doris-3 duration=86400s cycle=INSERT>UPSERT>SELECT>DELETE>SELECT
18:11:27 connected to doris-1 (10.140.0.2)
18:11:27 DML unsupported over arrow-flight (InternalError: RuntimeException, msg: getMysqlChannel not in mysql connection (Internal; ExecuteQuery)) — switching to SELECT-only mode
18:11:27 #1 OK SELECT id=3670870 via doris-1 rows=10214 [doris-1:f:up doris-2:f:up doris-3:M:up]
18:11:29 #2 OK SELECT id=3670870 via doris-1 rows=10215 [doris-1:f:up doris-2:f:up doris-3:M:up]
18:11:30 #3 OK SELECT id=3670870 via doris-1 rows=10215 [doris-1:f:up doris-2:f:up doris-3:M:up]
18:11:31 #4 OK SELECT id=3670870 via doris-1 rows=10214 [doris-1:f:up doris-2:f:up doris-3:M:up]
18:11:32 #5 OK SELECT id=3670870 via doris-1 rows=10213 [doris-1:f:up doris-2:f:up doris-3:M:up]
18:11:33 #6 OK SELECT id=3670870 via doris-1 rows=10214 [doris-1:f:up doris-2:f:up doris-3:M:up]
18:11:34 #7 OK SELECT id=3670870 via doris-1 rows=10215 [doris-1:f:up doris-2:f:up doris-3:M:up]
18:11:35 #8 OK SELECT id=3670870 via doris-1 rows=10215 [doris-1:f:up doris-2:f:up doris-3:M:up]
18:11:36 #9 OK SELECT id=3670870 via doris-1 rows=10214 [doris-1:f:up doris-2:f:up doris-3:M:up]
18:11:37 #10 OK SELECT id=3670870 via doris-1 rows=10213 [doris-1:f:up doris-2:f:up doris-3:M:up]
18:11:38 #11 OK SELECT id=3670870 via doris-1 rows=10214 [doris-1:f:up doris-2:f:up doris-3:M:up]
18:11:39 #12 OK SELECT id=3670870 via doris-1 rows=10215 [doris-1:f:up doris-2:f:up doris-3:M:up]
18:11:40 #13 OK SELECT id=3670870 via doris-1 rows=10215 [doris-1:f:up doris-2:f:up doris-3:M:up]
18:11:41 #14 OK SELECT id=3670870 via doris-1 rows=10214 [doris-1:f:up doris-2:f:up doris-3:M:up]
18:11:42 #15 OK SELECT id=3670870 via doris-1 rows=10213 [doris-1:f:up doris-2:f:up doris-3:M:up]
18:11:43 #16 OK SELECT id=3670870 via doris-1 rows=10214 [doris-1:f:up doris-2:f:up doris-3:M:up]
18:11:44 #17 OK SELECT id=3670870 via doris-1 rows=10215 [doris-1:f:up doris-2:f:up doris-3:M:up]
18:11:45 #18 OK SELECT id=3670870 via doris-1 rows=10215 [doris-1:f:up doris-2:f:up doris-3:M:up]
18:11:46 #19 OK SELECT id=3670870 via doris-1 rows=10214 [doris-1:f:up doris-2:f:up doris-3:M:up]
18:11:47 #20 OK SELECT id=3670870 via doris-1 rows=10213 [doris-1:f:up doris-2:f:up doris-3:M:up]
18:11:48 #21 OK SELECT id=3670870 via doris-1 rows=10214 [doris-1:f:up doris-2:f:up doris-3:M:up]
18:11:50 #22 OK SELECT id=3670870 via doris-1 rows=10215 [doris-1:f:up doris-2:f:up doris-3:M:up]
18:11:51 #23 OK SELECT id=3670870 via doris-1 rows=10215 [doris-1:f:up doris-2:f:up doris-3:M:up]
18:11:52 #24 OK SELECT id=3670870 via doris-1 rows=10214 [doris-1:f:up doris-2:f:up doris-3:M:up]
18:11:53 #25 OK SELECT id=3670870 via doris-1 rows=10213 [doris-1:f:up doris-2:f:up doris-3:M:up]
18:11:54 #26 OK SELECT id=3670870 via doris-1 rows=10214 [doris-1:f:up doris-2:f:up doris-3:M:up]
18:11:55 #27 OK SELECT id=3670870 via doris-1 rows=10215 [doris-1:f:up doris-2:f:up doris-3:M:up]
18:11:56 #28 OK SELECT id=3670870 via doris-1 rows=10215 [doris-1:f:up doris-2:f:up doris-3:M:up]
18:11:57 #29 OK SELECT id=3670870 via doris-1 rows=10214 [doris-1:f:up doris-2:f:up doris-3:M:up]
18:11:58 #30 OK SELECT id=3670870 via doris-1 rows=10213 [doris-1:f:up doris-2:f:up doris-3:M:up]
18:11:59 #31 OK SELECT id=3670870 via doris-1 rows=10214 [doris-1:f:up doris-2:f:up doris-3:M:up]
18:12:00 #32 OK SELECT id=3670870 via doris-1 rows=10215 [doris-1:f:up doris-2:f:up doris-3:M:up]
18:12:01 #33 OK SELECT id=3670870 via doris-1 rows=10215 [doris-1:f:up doris-2:f:up doris-3:M:up]
18:12:01 EVENT break: vm stop on doris-3 (FE master)
18:12:02 #34 OK SELECT id=3670870 via doris-1 rows=10215 [doris-1:f:up doris-2:f:up doris-3:M:up]
18:12:03 #35 OK SELECT id=3670870 via doris-1 rows=10213 [doris-1:f:up doris-2:f:up doris-3:M:up]
18:12:04 #36 FAIL SELECT id=3670870 via doris-1: InternalError: INTERNAL: [FlightSQL] get flight info statement failed, after executeQueryStatement handleQuery, java.lang.Run
18:12:05 connected to doris-1 (10.140.0.2)
18:12:05 #37 OK SELECT id=3670870 via doris-1 rows=10213 [doris-1:f:up doris-2:M:up doris-3:f:DOWN] (recovered)
18:12:07 #38 OK SELECT id=3670870 via doris-1 rows=10215 [doris-1:f:up doris-2:M:up doris-3:f:DOWN]
18:12:08 #39 OK SELECT id=3670870 via doris-1 rows=10215 [doris-1:f:up doris-2:M:up doris-3:f:DOWN]
18:12:09 #40 OK SELECT id=3670870 via doris-1 rows=10215 [doris-1:f:up doris-2:M:up doris-3:f:DOWN]
18:12:10 #41 OK SELECT id=3670870 via doris-1 rows=10213 [doris-1:f:up doris-2:M:up doris-3:f:DOWN]
18:12:11 #42 OK SELECT id=3670870 via doris-1 rows=10213 [doris-1:f:up doris-2:M:up doris-3:f:DOWN]
18:12:12 #43 OK SELECT id=3670870 via doris-1 rows=10215 [doris-1:f:up doris-2:M:up doris-3:f:DOWN]
18:12:13 #44 OK SELECT id=3670870 via doris-1 rows=10215 [doris-1:f:up doris-2:M:up doris-3:f:DOWN]
18:12:14 #45 OK SELECT id=3670870 via doris-1 rows=10215 [doris-1:f:up doris-2:M:up doris-3:f:DOWN]
18:12:15 #46 OK SELECT id=3670870 via doris-1 rows=10213 [doris-1:f:up doris-2:M:up doris-3:f:DOWN]
18:12:16 #47 OK SELECT id=3670870 via doris-1 rows=10213 [doris-1:f:up doris-2:M:up doris-3:f:DOWN]
18:12:17 #48 OK SELECT id=3670870 via doris-1 rows=10215 [doris-1:f:up doris-2:M:up doris-3:f:DOWN]
18:12:18 #49 OK SELECT id=3670870 via doris-1 rows=10215 [doris-1:f:up doris-2:M:up doris-3:f:DOWN]
18:12:19 #50 OK SELECT id=3670870 via doris-1 rows=10215 [doris-1:f:up doris-2:M:up doris-3:f:DOWN]
18:12:20 #51 OK SELECT id=3670870 via doris-1 rows=10213 [doris-1:f:up doris-2:M:up doris-3:f:DOWN]
18:12:21 #52 OK SELECT id=3670870 via doris-1 rows=10213 [doris-1:f:up doris-2:M:up doris-3:f:DOWN]
18:12:22 #53 OK SELECT id=3670870 via doris-1 rows=10215 [doris-1:f:up doris-2:M:up doris-3:f:DOWN]
18:12:23 #54 OK SELECT id=3670870 via doris-1 rows=10215 [doris-1:f:up doris-2:M:up doris-3:f:DOWN]
18:12:25 #55 OK SELECT id=3670870 via doris-1 rows=10215 [doris-1:f:up doris-2:M:up doris-3:f:DOWN]
18:12:25 EVENT break: doris-3 is down
18:12:26 #56 OK SELECT id=3670870 via doris-1 rows=10214 [doris-1:f:up doris-2:M:up doris-3:f:DOWN]
18:12:27 #57 OK SELECT id=3670870 via doris-1 rows=10213 [doris-1:f:up doris-2:M:up doris-3:f:DOWN]
18:12:28 #58 OK SELECT id=3670870 via doris-1 rows=10214 [doris-1:f:up doris-2:M:up doris-3:f:DOWN]
18:12:29 #59 OK SELECT id=3670870 via doris-1 rows=10215 [doris-1:f:up doris-2:M:up doris-3:f:DOWN]
18:12:30 #60 OK SELECT id=3670870 via doris-1 rows=10215 [doris-1:f:up doris-2:M:up doris-3:f:DOWN]
18:12:31 #61 OK SELECT id=3670870 via doris-1 rows=10214 [doris-1:f:up doris-2:M:up doris-3:f:DOWN]
18:12:32 #62 OK SELECT id=3670870 via doris-1 rows=10213 [doris-1:f:up doris-2:M:up doris-3:f:DOWN]
18:12:33 #63 OK SELECT id=3670870 via doris-1 rows=10214 [doris-1:f:up doris-2:M:up doris-3:f:DOWN]
18:12:34 #64 OK SELECT id=3670870 via doris-1 rows=10215 [doris-1:f:up doris-2:M:up doris-3:f:DOWN]
18:12:35 #65 OK SELECT id=3670870 via doris-1 rows=10215 [doris-1:f:up doris-2:M:up doris-3:f:DOWN]
18:12:36 #66 OK SELECT id=3670870 via doris-1 rows=10214 [doris-1:f:up doris-2:M:up doris-3:f:DOWN]
18:12:37 #67 OK SELECT id=3670870 via doris-1 rows=10213 [doris-1:f:up doris-2:M:up doris-3:f:DOWN]
18:12:38 #68 OK SELECT id=3670870 via doris-1 rows=10214 [doris-1:f:up doris-2:M:up doris-3:f:DOWN]
18:12:39 #69 OK SELECT id=3670870 via doris-1 rows=10215 [doris-1:f:up doris-2:M:up doris-3:f:DOWN]
18:12:40 #70 OK SELECT id=3670870 via doris-1 rows=10215 [doris-1:f:up doris-2:M:up doris-3:f:DOWN]
18:12:41 #71 OK SELECT id=3670870 via doris-1 rows=10214 [doris-1:f:up doris-2:M:up doris-3:f:DOWN]
18:12:42 #72 OK SELECT id=3670870 via doris-1 rows=10213 [doris-1:f:up doris-2:M:up doris-3:f:DOWN]
18:12:43 #73 OK SELECT id=3670870 via doris-1 rows=10214 [doris-1:f:up doris-2:M:up doris-3:f:DOWN]
18:12:45 #74 OK SELECT id=3670870 via doris-1 rows=10215 [doris-1:f:up doris-2:M:up doris-3:f:DOWN]
18:12:46 #75 OK SELECT id=3670870 via doris-1 rows=10215 [doris-1:f:up doris-2:M:up doris-3:f:DOWN]
18:12:47 #76 OK SELECT id=3670870 via doris-1 rows=10214 [doris-1:f:up doris-2:M:up doris-3:f:DOWN]
18:12:48 #77 OK SELECT id=3670870 via doris-1 rows=10213 [doris-1:f:up doris-2:M:up doris-3:f:DOWN]
18:12:49 #78 OK SELECT id=3670870 via doris-1 rows=10214 [doris-1:f:up doris-2:M:up doris-3:f:DOWN]
18:12:50 #79 OK SELECT id=3670870 via doris-1 rows=10215 [doris-1:f:up doris-2:M:up doris-3:f:DOWN]
18:12:51 #80 OK SELECT id=3670870 via doris-1 rows=10215 [doris-1:f:up doris-2:M:up doris-3:f:DOWN]
18:12:52 #81 OK SELECT id=3670870 via doris-1 rows=10215 [doris-1:f:up doris-2:M:up doris-3:f:DOWN]
18:12:53 #82 OK SELECT id=3670870 via doris-1 rows=10213 [doris-1:f:up doris-2:M:up doris-3:f:DOWN]
18:12:54 #83 OK SELECT id=3670870 via doris-1 rows=10213 [doris-1:f:up doris-2:M:up doris-3:f:DOWN]
18:12:55 #84 OK SELECT id=3670870 via doris-1 rows=10215 [doris-1:f:up doris-2:M:up doris-3:f:DOWN]
18:12:56 #85 OK SELECT id=3670870 via doris-1 rows=10215 [doris-1:f:up doris-2:M:up doris-3:f:DOWN]
18:12:57 #86 OK SELECT id=3670870 via doris-1 rows=10215 [doris-1:f:up doris-2:M:up doris-3:f:DOWN]
18:12:58 #87 OK SELECT id=3670870 via doris-1 rows=10213 [doris-1:f:up doris-2:M:up doris-3:f:DOWN]
18:12:59 #88 OK SELECT id=3670870 via doris-1 rows=10213 [doris-1:f:up doris-2:M:up doris-3:f:DOWN]
18:13:00 #89 OK SELECT id=3670870 via doris-1 rows=10215 [doris-1:f:up doris-2:M:up doris-3:f:DOWN]
18:13:01 #90 OK SELECT id=3670870 via doris-1 rows=10215 [doris-1:f:up doris-2:M:up doris-3:f:DOWN]
18:13:02 #91 OK SELECT id=3670870 via doris-1 rows=10215 [doris-1:f:up doris-2:M:up doris-3:f:DOWN]
18:13:03 #92 OK SELECT id=3670870 via doris-1 rows=10213 [doris-1:f:up doris-2:M:up doris-3:f:DOWN]
18:13:05 #93 OK SELECT id=3670870 via doris-1 rows=10213 [doris-1:f:up doris-2:M:up doris-3:f:DOWN]
18:13:06 #94 OK SELECT id=3670870 via doris-1 rows=10215 [doris-1:f:up doris-2:M:up doris-3:f:DOWN]
18:13:07 #95 OK SELECT id=3670870 via doris-1 rows=10215 [doris-1:f:up doris-2:M:up doris-3:f:DOWN]
18:13:08 #96 OK SELECT id=3670870 via doris-1 rows=10215 [doris-1:f:up doris-2:M:up doris-3:f:DOWN]
18:13:09 #97 OK SELECT id=3670870 via doris-1 rows=10213 [doris-1:f:up doris-2:M:up doris-3:f:DOWN]
18:13:10 #98 OK SELECT id=3670870 via doris-1 rows=10213 [doris-1:f:up doris-2:M:up doris-3:f:DOWN]
18:13:11 #99 OK SELECT id=3670870 via doris-1 rows=10215 [doris-1:f:up doris-2:M:up doris-3:f:DOWN]
18:13:12 #100 OK SELECT id=3670870 via doris-1 rows=10215 [doris-1:f:up doris-2:M:up doris-3:f:DOWN]
18:13:13 #101 OK SELECT id=3670870 via doris-1 rows=10215 [doris-1:f:up doris-2:M:up doris-3:f:DOWN]
18:13:14 #102 OK SELECT id=3670870 via doris-1 rows=10213 [doris-1:f:up doris-2:M:up doris-3:f:DOWN]
18:13:15 #103 OK SELECT id=3670870 via doris-1 rows=10213 [doris-1:f:up doris-2:M:up doris-3:f:DOWN]
18:13:16 #104 OK SELECT id=3670870 via doris-1 rows=10215 [doris-1:f:up doris-2:M:up doris-3:f:DOWN]
18:13:17 #105 OK SELECT id=3670870 via doris-1 rows=10215 [doris-1:f:up doris-2:M:up doris-3:f:DOWN]
18:13:18 #106 OK SELECT id=3670870 via doris-1 rows=10215 [doris-1:f:up doris-2:M:up doris-3:f:DOWN]
18:13:19 #107 OK SELECT id=3670870 via doris-1 rows=10213 [doris-1:f:up doris-2:M:up doris-3:f:DOWN]
18:13:20 #108 OK SELECT id=3670870 via doris-1 rows=10213 [doris-1:f:up doris-2:M:up doris-3:f:DOWN]
18:13:21 #109 OK SELECT id=3670870 via doris-1 rows=10215 [doris-1:f:up doris-2:M:up doris-3:f:DOWN]
18:13:22 #110 OK SELECT id=3670870 via doris-1 rows=10215 [doris-1:f:up doris-2:M:up doris-3:f:DOWN]
18:13:23 #111 OK SELECT id=3670870 via doris-1 rows=10215 [doris-1:f:up doris-2:M:up doris-3:f:DOWN]
18:13:25 #112 OK SELECT id=3670870 via doris-1 rows=10213 [doris-1:f:up doris-2:M:up doris-3:f:DOWN]
18:13:26 #113 OK SELECT id=3670870 via doris-1 rows=10213 [doris-1:f:up doris-2:M:up doris-3:f:DOWN]
18:13:27 #114 OK SELECT id=3670870 via doris-1 rows=10215 [doris-1:f:up doris-2:M:up doris-3:f:DOWN]
18:13:28 #115 OK SELECT id=3670870 via doris-1 rows=10215 [doris-1:f:up doris-2:M:up doris-3:f:DOWN]
18:13:29 #116 OK SELECT id=3670870 via doris-1 rows=10215 [doris-1:f:up doris-2:M:up doris-3:f:DOWN]
18:13:30 #117 OK SELECT id=3670870 via doris-1 rows=10213 [doris-1:f:up doris-2:M:up doris-3:f:DOWN]
18:13:31 #118 OK SELECT id=3670870 via doris-1 rows=10213 [doris-1:f:up doris-2:M:up doris-3:f:DOWN]
18:13:32 #119 OK SELECT id=3670870 via doris-1 rows=10215 [doris-1:f:up doris-2:M:up doris-3:f:DOWN]
18:13:33 #120 OK SELECT id=3670870 via doris-1 rows=10215 [doris-1:f:up doris-2:M:up doris-3:f:DOWN]
18:13:34 #121 OK SELECT id=3670870 via doris-1 rows=10215 [doris-1:f:up doris-2:M:up doris-3:f:DOWN]
18:13:35 #122 OK SELECT id=3670870 via doris-1 rows=10213 [doris-1:f:up doris-2:M:up doris-3:f:DOWN]
18:13:36 #123 OK SELECT id=3670870 via doris-1 rows=10213 [doris-1:f:up doris-2:M:up doris-3:f:DOWN]
18:13:37 #124 OK SELECT id=3670870 via doris-1 rows=10215 [doris-1:f:up doris-2:M:up doris-3:f:DOWN]
18:13:38 #125 OK SELECT id=3670870 via doris-1 rows=10215 [doris-1:f:up doris-2:M:up doris-3:f:DOWN]
18:13:39 #126 OK SELECT id=3670870 via doris-1 rows=10215 [doris-1:f:up doris-2:M:up doris-3:f:DOWN]
18:13:40 #127 OK SELECT id=3670870 via doris-1 rows=10213 [doris-1:f:up doris-2:M:up doris-3:f:DOWN]
18:13:41 #128 OK SELECT id=3670870 via doris-1 rows=10213 [doris-1:f:up doris-2:M:up doris-3:f:DOWN]
18:13:42 #129 OK SELECT id=3670870 via doris-1 rows=10215 [doris-1:f:up doris-2:M:up doris-3:f:DOWN]
18:13:43 #130 OK SELECT id=3670870 via doris-1 rows=10215 [doris-1:f:up doris-2:M:up doris-3:f:DOWN]
18:13:45 #131 OK SELECT id=3670870 via doris-1 rows=10215 [doris-1:f:up doris-2:M:up doris-3:f:DOWN]
18:13:46 #132 OK SELECT id=3670870 via doris-1 rows=10213 [doris-1:f:up doris-2:M:up doris-3:f:DOWN]
18:13:47 #133 OK SELECT id=3670870 via doris-1 rows=10213 [doris-1:f:up doris-2:M:up doris-3:f:DOWN]
18:13:48 #134 OK SELECT id=3670870 via doris-1 rows=10215 [doris-1:f:up doris-2:M:up doris-3:f:DOWN]
18:13:49 #135 OK SELECT id=3670870 via doris-1 rows=10215 [doris-1:f:up doris-2:M:up doris-3:f:DOWN]
18:13:50 #136 OK SELECT id=3670870 via doris-1 rows=10215 [doris-1:f:up doris-2:M:up doris-3:f:DOWN]
18:13:51 #137 OK SELECT id=3670870 via doris-1 rows=10213 [doris-1:f:up doris-2:M:up doris-3:f:DOWN]
18:13:52 #138 OK SELECT id=3670870 via doris-1 rows=10213 [doris-1:f:up doris-2:M:up doris-3:f:DOWN]
18:13:53 #139 OK SELECT id=3670870 via doris-1 rows=10215 [doris-1:f:up doris-2:M:up doris-3:f:DOWN]
18:13:54 #140 OK SELECT id=3670870 via doris-1 rows=10215 [doris-1:f:up doris-2:M:up doris-3:f:DOWN]
18:13:55 #141 OK SELECT id=3670870 via doris-1 rows=10215 [doris-1:f:up doris-2:M:up doris-3:f:DOWN]
18:13:56 #142 OK SELECT id=3670870 via doris-1 rows=10213 [doris-1:f:up doris-2:M:up doris-3:f:DOWN]
18:13:57 #143 OK SELECT id=3670870 via doris-1 rows=10213 [doris-1:f:up doris-2:M:up doris-3:f:DOWN]
18:13:58 #144 OK SELECT id=3670870 via doris-1 rows=10215 [doris-1:f:up doris-2:M:up doris-3:f:DOWN]
18:13:59 #145 OK SELECT id=3670870 via doris-1 rows=10215 [doris-1:f:up doris-2:M:up doris-3:f:DOWN]
18:14:00 #146 OK SELECT id=3670870 via doris-1 rows=10215 [doris-1:f:up doris-2:M:up doris-3:f:DOWN]
18:14:01 #147 OK SELECT id=3670870 via doris-1 rows=10213 [doris-1:f:up doris-2:M:up doris-3:f:DOWN]
18:14:02 #148 OK SELECT id=3670870 via doris-1 rows=10213 [doris-1:f:up doris-2:M:up doris-3:f:DOWN]
18:14:03 #149 OK SELECT id=3670870 via doris-1 rows=10215 [doris-1:f:up doris-2:M:up doris-3:f:DOWN]
18:14:04 EVENT restore: start doris-3
18:14:04 #150 OK SELECT id=3670870 via doris-1 rows=10215 [doris-1:f:up doris-2:M:up doris-3:f:DOWN]
18:14:06 #151 OK SELECT id=3670870 via doris-1 rows=10215 [doris-1:f:up doris-2:M:up doris-3:f:DOWN]
18:14:07 #152 OK SELECT id=3670870 via doris-1 rows=10213 [doris-1:f:up doris-2:M:up doris-3:f:DOWN]
18:14:08 #153 OK SELECT id=3670870 via doris-1 rows=10213 [doris-1:f:up doris-2:M:up doris-3:f:DOWN]
18:14:09 #154 OK SELECT id=3670870 via doris-1 rows=10215 [doris-1:f:up doris-2:M:up doris-3:f:DOWN]
18:14:10 #155 OK SELECT id=3670870 via doris-1 rows=10215 [doris-1:f:up doris-2:M:up doris-3:f:DOWN]
18:14:11 #156 OK SELECT id=3670870 via doris-1 rows=10215 [doris-1:f:up doris-2:M:up doris-3:f:DOWN]
18:14:12 #157 OK SELECT id=3670870 via doris-1 rows=10214 [doris-1:f:up doris-2:M:up doris-3:f:DOWN]
18:14:13 #158 OK SELECT id=3670870 via doris-1 rows=10213 [doris-1:f:up doris-2:M:up doris-3:f:DOWN]
18:14:14 #159 OK SELECT id=3670870 via doris-1 rows=10214 [doris-1:f:up doris-2:M:up doris-3:f:DOWN]
18:14:15 #160 OK SELECT id=3670870 via doris-1 rows=10215 [doris-1:f:up doris-2:M:up doris-3:f:DOWN]
18:14:16 #161 OK SELECT id=3670870 via doris-1 rows=10215 [doris-1:f:up doris-2:M:up doris-3:f:DOWN]
18:14:17 #162 OK SELECT id=3670870 via doris-1 rows=10214 [doris-1:f:up doris-2:M:up doris-3:f:DOWN]
18:14:18 #163 OK SELECT id=3670870 via doris-1 rows=10213 [doris-1:f:up doris-2:M:up doris-3:f:DOWN]
18:14:19 #164 OK SELECT id=3670870 via doris-1 rows=10214 [doris-1:f:up doris-2:M:up doris-3:f:DOWN]
18:14:20 #165 OK SELECT id=3670870 via doris-1 rows=10215 [doris-1:f:up doris-2:M:up doris-3:f:DOWN]
18:14:21 #166 OK SELECT id=3670870 via doris-1 rows=10215 [doris-1:f:up doris-2:M:up doris-3:f:DOWN]
18:14:22 #167 OK SELECT id=3670870 via doris-1 rows=10214 [doris-1:f:up doris-2:M:up doris-3:f:DOWN]
18:14:23 #168 OK SELECT id=3670870 via doris-1 rows=10213 [doris-1:f:up doris-2:M:up doris-3:f:DOWN]
18:14:24 #169 OK SELECT id=3670870 via doris-1 rows=10214 [doris-1:f:up doris-2:M:up doris-3:f:DOWN]
18:14:26 #170 OK SELECT id=3670870 via doris-1 rows=10215 [doris-1:f:up doris-2:M:up doris-3:f:DOWN]
18:14:27 #171 OK SELECT id=3670870 via doris-1 rows=10215 [doris-1:f:up doris-2:M:up doris-3:f:DOWN]
18:14:28 #172 OK SELECT id=3670870 via doris-1 rows=10214 [doris-1:f:up doris-2:M:up doris-3:f:DOWN]
18:14:29 #173 OK SELECT id=3670870 via doris-1 rows=10213 [doris-1:f:up doris-2:M:up doris-3:f:DOWN]
18:14:30 #174 OK SELECT id=3670870 via doris-1 rows=10214 [doris-1:f:up doris-2:M:up doris-3:f:DOWN]
18:14:31 #175 OK SELECT id=3670870 via doris-1 rows=10215 [doris-1:f:up doris-2:M:up doris-3:f:DOWN]
18:14:32 #176 OK SELECT id=3670870 via doris-1 rows=10215 [doris-1:f:up doris-2:M:up doris-3:f:DOWN]
18:14:33 #177 OK SELECT id=3670870 via doris-1 rows=10214 [doris-1:f:up doris-2:M:up doris-3:f:up]
18:14:34 #178 OK SELECT id=3670870 via doris-1 rows=10213 [doris-1:f:up doris-2:M:up doris-3:f:up]
18:14:35 #179 OK SELECT id=3670870 via doris-1 rows=10214 [doris-1:f:up doris-2:M:up doris-3:f:up]
18:14:36 #180 OK SELECT id=3670870 via doris-1 rows=10215 [doris-1:f:up doris-2:M:up doris-3:f:up]
18:14:37 #181 OK SELECT id=3670870 via doris-1 rows=10215 [doris-1:f:up doris-2:M:up doris-3:f:up]
18:14:38 #182 OK SELECT id=3670870 via doris-1 rows=10214 [doris-1:f:up doris-2:M:up doris-3:f:up]
18:14:39 #183 OK SELECT id=3670870 via doris-1 rows=10213 [doris-1:f:up doris-2:M:up doris-3:f:up]
18:14:40 #184 OK SELECT id=3670870 via doris-1 rows=10214 [doris-1:f:up doris-2:M:up doris-3:f:up]
18:14:41 #185 OK SELECT id=3670870 via doris-1 rows=10215 [doris-1:f:up doris-2:M:up doris-3:f:up]
18:14:42 #186 OK SELECT id=3670870 via doris-1 rows=10215 [doris-1:f:up doris-2:M:up doris-3:f:up]
18:14:43 #187 OK SELECT id=3670870 via doris-1 rows=10214 [doris-1:f:up doris-2:M:up doris-3:f:up]
18:14:44 #188 OK SELECT id=3670870 via doris-1 rows=10213 [doris-1:f:up doris-2:M:up doris-3:f:up]
18:14:45 #189 OK SELECT id=3670870 via doris-1 rows=10214 [doris-1:f:up doris-2:M:up doris-3:f:up]
18:14:47 #190 OK SELECT id=3670870 via doris-1 rows=10215 [doris-1:f:up doris-2:M:up doris-3:f:up]
18:14:48 #191 OK SELECT id=3670870 via doris-1 rows=10215 [doris-1:f:up doris-2:M:up doris-3:f:up]
18:14:48 EVENT restore: cluster healthy
18:14:49 #192 OK SELECT id=3670870 via doris-1 rows=10214 [doris-1:f:up doris-2:M:up doris-3:f:up]
18:14:50 #193 OK SELECT id=3670870 via doris-1 rows=10213 [doris-1:f:up doris-2:M:up doris-3:f:up]
18:14:51 #194 OK SELECT id=3670870 via doris-1 rows=10213 [doris-1:f:up doris-2:M:up doris-3:f:up]
18:14:52 #195 OK SELECT id=3670870 via doris-1 rows=10215 [doris-1:f:up doris-2:M:up doris-3:f:up]
18:14:53 #196 OK SELECT id=3670870 via doris-1 rows=10215 [doris-1:f:up doris-2:M:up doris-3:f:up]
18:14:54 #197 OK SELECT id=3670870 via doris-1 rows=10215 [doris-1:f:up doris-2:M:up doris-3:f:up]
18:14:55 #198 OK SELECT id=3670870 via doris-1 rows=10213 [doris-1:f:up doris-2:M:up doris-3:f:up]
18:14:56 #199 OK SELECT id=3670870 via doris-1 rows=10213 [doris-1:f:up doris-2:M:up doris-3:f:up]
18:14:57 #200 OK SELECT id=3670870 via doris-1 rows=10215 [doris-1:f:up doris-2:M:up doris-3:f:up]
18:14:58 #201 OK SELECT id=3670870 via doris-1 rows=10215 [doris-1:f:up doris-2:M:up doris-3:f:up]
18:14:59 #202 OK SELECT id=3670870 via doris-1 rows=10215 [doris-1:f:up doris-2:M:up doris-3:f:up]
18:15:00 #203 OK SELECT id=3670870 via doris-1 rows=10213 [doris-1:f:up doris-2:M:up doris-3:f:up]
18:15:01 #204 OK SELECT id=3670870 via doris-1 rows=10213 [doris-1:f:up doris-2:M:up doris-3:f:up]
18:15:02 #205 OK SELECT id=3670870 via doris-1 rows=10215 [doris-1:f:up doris-2:M:up doris-3:f:up]
18:15:03 #206 OK SELECT id=3670870 via doris-1 rows=10215 [doris-1:f:up doris-2:M:up doris-3:f:up]
18:15:04 #207 OK SELECT id=3670870 via doris-1 rows=10215 [doris-1:f:up doris-2:M:up doris-3:f:up]
18:15:06 #208 OK SELECT id=3670870 via doris-1 rows=10213 [doris-1:f:up doris-2:M:up doris-3:f:up]
18:15:07 #209 OK SELECT id=3670870 via doris-1 rows=10213 [doris-1:f:up doris-2:M:up doris-3:f:up]
18:15:08 #210 OK SELECT id=3670870 via doris-1 rows=10215 [doris-1:f:up doris-2:M:up doris-3:f:up]
18:15:09 #211 OK SELECT id=3670870 via doris-1 rows=10215 [doris-1:f:up doris-2:M:up doris-3:f:up]
18:15:10 #212 OK SELECT id=3670870 via doris-1 rows=10215 [doris-1:f:up doris-2:M:up doris-3:f:up]
18:15:11 #213 OK SELECT id=3670870 via doris-1 rows=10213 [doris-1:f:up doris-2:M:up doris-3:f:up]
18:15:12 #214 OK SELECT id=3670870 via doris-1 rows=10213 [doris-1:f:up doris-2:M:up doris-3:f:up]
18:15:13 #215 OK SELECT id=3670870 via doris-1 rows=10215 [doris-1:f:up doris-2:M:up doris-3:f:up]
18:15:14 #216 OK SELECT id=3670870 via doris-1 rows=10215 [doris-1:f:up doris-2:M:up doris-3:f:up]
18:15:15 #217 OK SELECT id=3670870 via doris-1 rows=10215 [doris-1:f:up doris-2:M:up doris-3:f:up]
18:15:16 #218 OK SELECT id=3670870 via doris-1 rows=10213 [doris-1:f:up doris-2:M:up doris-3:f:up]
18:15:17 #219 OK SELECT id=3670870 via doris-1 rows=10213 [doris-1:f:up doris-2:M:up doris-3:f:up]
18:15:18 #220 OK SELECT id=3670870 via doris-1 rows=10215 [doris-1:f:up doris-2:M:up doris-3:f:up]
