19:41:10 PROBE start proto=mysql hosts=doris-1,doris-2,doris-3 duration=86400s cycle=INSERT>UPSERT>SELECT>DELETE>SELECT
19:41:10 connected to doris-1 (10.140.0.2)
19:41:10 #1 OK INSERT id=1724700 via doris-1 rows=10265 [doris-1:f:up doris-2:f:up doris-3:M:up]
19:41:11 #2 OK UPSERT id=1724700 via doris-1 rows=10266 [doris-1:f:up doris-2:f:up doris-3:M:up]
19:41:12 #3 OK SELECT id=1724700 via doris-1 rows=10266 [doris-1:f:up doris-2:f:up doris-3:M:up]
19:41:13 #4 OK DELETE id=1724700 via doris-1 rows=10265 [doris-1:f:up doris-2:f:up doris-3:M:up]
19:41:14 #5 OK SELECT id=1724700 via doris-1 rows=10264 [doris-1:f:up doris-2:f:up doris-3:M:up]
19:41:15 #6 OK INSERT id=1724701 via doris-1 rows=10265 [doris-1:f:up doris-2:f:up doris-3:M:up]
19:41:16 #7 OK UPSERT id=1724701 via doris-1 rows=10266 [doris-1:f:up doris-2:f:up doris-3:M:up]
19:41:17 #8 OK SELECT id=1724701 via doris-1 rows=10266 [doris-1:f:up doris-2:f:up doris-3:M:up]
19:41:18 #9 OK DELETE id=1724701 via doris-1 rows=10265 [doris-1:f:up doris-2:f:up doris-3:M:up]
19:41:19 #10 OK SELECT id=1724701 via doris-1 rows=10264 [doris-1:f:up doris-2:f:up doris-3:M:up]
19:41:20 #11 OK INSERT id=1724702 via doris-1 rows=10265 [doris-1:f:up doris-2:f:up doris-3:M:up]
19:41:21 #12 OK UPSERT id=1724702 via doris-1 rows=10266 [doris-1:f:up doris-2:f:up doris-3:M:up]
19:41:22 #13 OK SELECT id=1724702 via doris-1 rows=10266 [doris-1:f:up doris-2:f:up doris-3:M:up]
19:41:24 #14 OK DELETE id=1724702 via doris-1 rows=10265 [doris-1:f:up doris-2:f:up doris-3:M:up]
19:41:25 #15 OK SELECT id=1724702 via doris-1 rows=10264 [doris-1:f:up doris-2:f:up doris-3:M:up]
19:41:26 #16 OK INSERT id=1724703 via doris-1 rows=10265 [doris-1:f:up doris-2:f:up doris-3:M:up]
19:41:27 #17 OK UPSERT id=1724703 via doris-1 rows=10266 [doris-1:f:up doris-2:f:up doris-3:M:up]
19:41:28 #18 OK SELECT id=1724703 via doris-1 rows=10266 [doris-1:f:up doris-2:f:up doris-3:M:up]
19:41:29 #19 OK DELETE id=1724703 via doris-1 rows=10265 [doris-1:f:up doris-2:f:up doris-3:M:up]
19:41:30 #20 OK SELECT id=1724703 via doris-1 rows=10264 [doris-1:f:up doris-2:f:up doris-3:M:up]
19:41:31 #21 OK INSERT id=1724704 via doris-1 rows=10265 [doris-1:f:up doris-2:f:up doris-3:M:up]
19:41:32 #22 OK UPSERT id=1724704 via doris-1 rows=10266 [doris-1:f:up doris-2:f:up doris-3:M:up]
19:41:33 #23 OK SELECT id=1724704 via doris-1 rows=10266 [doris-1:f:up doris-2:f:up doris-3:M:up]
19:41:34 #24 OK DELETE id=1724704 via doris-1 rows=10265 [doris-1:f:up doris-2:f:up doris-3:M:up]
19:41:35 #25 OK SELECT id=1724704 via doris-1 rows=10264 [doris-1:f:up doris-2:f:up doris-3:M:up]
19:41:36 #26 OK INSERT id=1724705 via doris-1 rows=10265 [doris-1:f:up doris-2:f:up doris-3:M:up]
19:41:37 #27 OK UPSERT id=1724705 via doris-1 rows=10266 [doris-1:f:up doris-2:f:up doris-3:M:up]
19:41:38 #28 OK SELECT id=1724705 via doris-1 rows=10266 [doris-1:f:up doris-2:f:up doris-3:M:up]
19:41:39 #29 OK DELETE id=1724705 via doris-1 rows=10265 [doris-1:f:up doris-2:f:up doris-3:M:up]
19:41:40 #30 OK SELECT id=1724705 via doris-1 rows=10264 [doris-1:f:up doris-2:f:up doris-3:M:up]
19:41:42 #31 OK INSERT id=1724706 via doris-1 rows=10265 [doris-1:f:up doris-2:f:up doris-3:M:up]
19:41:43 #32 OK UPSERT id=1724706 via doris-1 rows=10266 [doris-1:f:up doris-2:f:up doris-3:M:up]
19:41:44 #33 OK SELECT id=1724706 via doris-1 rows=10266 [doris-1:f:up doris-2:f:up doris-3:M:up]
19:41:44 EVENT break: be crash on doris-1 (FE follower)
19:41:45 #34 OK DELETE id=1724706 via doris-1 rows=10265 [doris-1:f:up doris-2:f:up doris-3:M:up]
19:41:46 #35 FAIL SELECT id=1724706 via doris-1: OperationalError: (1105, 'RpcException, msg: send fragments failed. io.grpc.StatusRuntimeException: UNAVAILABLE: io exception, h
19:41:47 connected to doris-1 (10.140.0.2)
19:41:54 #36 OK INSERT id=1724707 via doris-1 rows=10265 [doris-1:f:up doris-2:f:up doris-3:M:up] (recovered)
19:41:55 #37 OK UPSERT id=1724707 via doris-1 rows=10266 [doris-1:f:up doris-2:f:up doris-3:M:up]
19:41:56 #38 OK SELECT id=1724707 via doris-1 rows=10266 [doris-1:f:up doris-2:f:up doris-3:M:up]
19:41:57 #39 OK DELETE id=1724707 via doris-1 rows=10265 [doris-1:f:up doris-2:f:up doris-3:M:up]
19:41:58 #40 OK SELECT id=1724707 via doris-1 rows=10264 [doris-1:f:up doris-2:f:up doris-3:M:up]
19:41:59 #41 OK INSERT id=1724708 via doris-1 rows=10265 [doris-1:f:up doris-2:f:up doris-3:M:up]
19:42:00 #42 OK UPSERT id=1724708 via doris-1 rows=10266 [doris-1:f:up doris-2:f:up doris-3:M:up]
19:42:01 #43 OK SELECT id=1724708 via doris-1 rows=10266 [doris-1:f:up doris-2:f:up doris-3:M:up]
19:42:01 EVENT recovered: be restarted by systemd on doris-1 (+9s)
19:42:02 #44 OK DELETE id=1724708 via doris-1 rows=10265 [doris-1:f:up doris-2:f:up doris-3:M:up]
19:42:03 #45 OK SELECT id=1724708 via doris-1 rows=10264 [doris-1:f:up doris-2:f:up doris-3:M:up]
19:42:04 #46 OK INSERT id=1724709 via doris-1 rows=10265 [doris-1:f:up doris-2:f:up doris-3:M:up]
19:42:05 #47 OK UPSERT id=1724709 via doris-1 rows=10266 [doris-1:f:up doris-2:f:up doris-3:M:up]
19:42:06 #48 OK SELECT id=1724709 via doris-1 rows=10266 [doris-1:f:up doris-2:f:up doris-3:M:up]
19:42:07 #49 OK DELETE id=1724709 via doris-1 rows=10265 [doris-1:f:up doris-2:f:up doris-3:M:up]
19:42:08 #50 OK SELECT id=1724709 via doris-1 rows=10264 [doris-1:f:up doris-2:f:up doris-3:M:up]
19:42:09 #51 OK INSERT id=1724710 via doris-1 rows=10265 [doris-1:f:up doris-2:f:up doris-3:M:up]
19:42:11 #52 OK UPSERT id=1724710 via doris-1 rows=10266 [doris-1:f:up doris-2:f:up doris-3:M:up]
19:42:12 #53 OK SELECT id=1724710 via doris-1 rows=10266 [doris-1:f:up doris-2:f:up doris-3:M:up]
19:42:13 #54 OK DELETE id=1724710 via doris-1 rows=10265 [doris-1:f:up doris-2:f:up doris-3:M:up]
19:42:14 #55 OK SELECT id=1724710 via doris-1 rows=10264 [doris-1:f:up doris-2:f:up doris-3:M:up]
19:42:15 #56 OK INSERT id=1724711 via doris-1 rows=10265 [doris-1:f:up doris-2:f:up doris-3:M:up]
19:42:16 #57 OK UPSERT id=1724711 via doris-1 rows=10266 [doris-1:f:up doris-2:f:up doris-3:M:up]
19:42:17 #58 OK SELECT id=1724711 via doris-1 rows=10266 [doris-1:f:up doris-2:f:up doris-3:M:up]
19:42:18 #59 OK DELETE id=1724711 via doris-1 rows=10265 [doris-1:f:up doris-2:f:up doris-3:M:up]
19:42:19 #60 OK SELECT id=1724711 via doris-1 rows=10264 [doris-1:f:up doris-2:f:up doris-3:M:up]
19:42:20 #61 OK INSERT id=1724712 via doris-1 rows=10265 [doris-1:f:up doris-2:f:up doris-3:M:up]
19:42:21 #62 OK UPSERT id=1724712 via doris-1 rows=10266 [doris-1:f:up doris-2:f:up doris-3:M:up]
19:42:22 #63 OK SELECT id=1724712 via doris-1 rows=10266 [doris-1:f:up doris-2:f:up doris-3:M:up]
19:42:23 #64 OK DELETE id=1724712 via doris-1 rows=10265 [doris-1:f:up doris-2:f:up doris-3:M:up]
19:42:24 #65 OK SELECT id=1724712 via doris-1 rows=10264 [doris-1:f:up doris-2:f:up doris-3:M:up]
19:42:25 #66 OK INSERT id=1724713 via doris-1 rows=10265 [doris-1:f:up doris-2:f:up doris-3:M:up]
19:42:26 #67 OK UPSERT id=1724713 via doris-1 rows=10266 [doris-1:f:up doris-2:f:up doris-3:M:up]
19:42:27 #68 OK SELECT id=1724713 via doris-1 rows=10266 [doris-1:f:up doris-2:f:up doris-3:M:up]
19:42:29 #69 OK DELETE id=1724713 via doris-1 rows=10265 [doris-1:f:up doris-2:f:up doris-3:M:up]
19:42:30 #70 OK SELECT id=1724713 via doris-1 rows=10264 [doris-1:f:up doris-2:f:up doris-3:M:up]
19:42:31 #71 OK INSERT id=1724714 via doris-1 rows=10265 [doris-1:f:up doris-2:f:up doris-3:M:up]
19:42:32 #72 OK UPSERT id=1724714 via doris-1 rows=10266 [doris-1:f:up doris-2:f:up doris-3:M:up]
19:42:33 #73 OK SELECT id=1724714 via doris-1 rows=10266 [doris-1:f:up doris-2:f:up doris-3:M:up]
19:42:34 #74 OK DELETE id=1724714 via doris-1 rows=10265 [doris-1:f:up doris-2:f:up doris-3:M:up]
19:42:35 #75 OK SELECT id=1724714 via doris-1 rows=10264 [doris-1:f:up doris-2:f:up doris-3:M:up]
19:42:36 #76 OK INSERT id=1724715 via doris-1 rows=10265 [doris-1:f:up doris-2:f:up doris-3:M:up]
19:42:37 #77 OK UPSERT id=1724715 via doris-1 rows=10266 [doris-1:f:up doris-2:f:up doris-3:M:up]
19:42:38 #78 OK SELECT id=1724715 via doris-1 rows=10266 [doris-1:f:up doris-2:f:up doris-3:M:up]
19:42:39 #79 OK DELETE id=1724715 via doris-1 rows=10265 [doris-1:f:up doris-2:f:up doris-3:M:up]
19:42:40 #80 OK SELECT id=1724715 via doris-1 rows=10264 [doris-1:f:up doris-2:f:up doris-3:M:up]
19:42:41 #81 OK INSERT id=1724716 via doris-1 rows=10265 [doris-1:f:up doris-2:f:up doris-3:M:up]
19:42:42 #82 OK UPSERT id=1724716 via doris-1 rows=10266 [doris-1:f:up doris-2:f:up doris-3:M:up]
19:42:43 #83 OK SELECT id=1724716 via doris-1 rows=10266 [doris-1:f:up doris-2:f:up doris-3:M:up]
19:42:44 #84 OK DELETE id=1724716 via doris-1 rows=10265 [doris-1:f:up doris-2:f:up doris-3:M:up]
19:42:45 #85 OK SELECT id=1724716 via doris-1 rows=10264 [doris-1:f:up doris-2:f:up doris-3:M:up]
19:42:46 #86 OK INSERT id=1724717 via doris-1 rows=10265 [doris-1:f:up doris-2:f:up doris-3:M:up]
19:42:48 #87 OK UPSERT id=1724717 via doris-1 rows=10266 [doris-1:f:up doris-2:f:up doris-3:M:up]
19:42:49 #88 OK SELECT id=1724717 via doris-1 rows=10266 [doris-1:f:up doris-2:f:up doris-3:M:up]
19:42:50 #89 OK DELETE id=1724717 via doris-1 rows=10265 [doris-1:f:up doris-2:f:up doris-3:M:up]
19:42:51 #90 OK SELECT id=1724717 via doris-1 rows=10264 [doris-1:f:up doris-2:f:up doris-3:M:up]
19:42:52 #91 OK INSERT id=1724718 via doris-1 rows=10265 [doris-1:f:up doris-2:f:up doris-3:M:up]
19:42:53 #92 OK UPSERT id=1724718 via doris-1 rows=10266 [doris-1:f:up doris-2:f:up doris-3:M:up]
19:42:54 #93 OK SELECT id=1724718 via doris-1 rows=10266 [doris-1:f:up doris-2:f:up doris-3:M:up]
19:42:55 #94 OK DELETE id=1724718 via doris-1 rows=10265 [doris-1:f:up doris-2:f:up doris-3:M:up]
19:42:56 #95 OK SELECT id=1724718 via doris-1 rows=10264 [doris-1:f:up doris-2:f:up doris-3:M:up]
19:42:57 #96 OK INSERT id=1724719 via doris-1 rows=10265 [doris-1:f:up doris-2:f:up doris-3:M:up]
19:42:58 #97 OK UPSERT id=1724719 via doris-1 rows=10266 [doris-1:f:up doris-2:f:up doris-3:M:up]
19:42:59 #98 OK SELECT id=1724719 via doris-1 rows=10266 [doris-1:f:up doris-2:f:up doris-3:M:up]
19:43:00 #99 OK DELETE id=1724719 via doris-1 rows=10265 [doris-1:f:up doris-2:f:up doris-3:M:up]
19:43:01 #100 OK SELECT id=1724719 via doris-1 rows=10264 [doris-1:f:up doris-2:f:up doris-3:M:up]
19:43:02 #101 OK INSERT id=1724720 via doris-1 rows=10265 [doris-1:f:up doris-2:f:up doris-3:M:up]
19:43:03 #102 OK UPSERT id=1724720 via doris-1 rows=10266 [doris-1:f:up doris-2:f:up doris-3:M:up]
19:43:04 #103 OK SELECT id=1724720 via doris-1 rows=10266 [doris-1:f:up doris-2:f:up doris-3:M:up]
19:43:05 #104 OK DELETE id=1724720 via doris-1 rows=10265 [doris-1:f:up doris-2:f:up doris-3:M:up]
19:43:07 #105 OK SELECT id=1724720 via doris-1 rows=10264 [doris-1:f:up doris-2:f:up doris-3:M:up]
19:43:08 #106 OK INSERT id=1724721 via doris-1 rows=10265 [doris-1:f:up doris-2:f:up doris-3:M:up]
19:43:09 #107 OK UPSERT id=1724721 via doris-1 rows=10266 [doris-1:f:up doris-2:f:up doris-3:M:up]
19:43:10 #108 OK SELECT id=1724721 via doris-1 rows=10266 [doris-1:f:up doris-2:f:up doris-3:M:up]
19:43:11 #109 OK DELETE id=1724721 via doris-1 rows=10265 [doris-1:f:up doris-2:f:up doris-3:M:up]
19:43:12 #110 OK SELECT id=1724721 via doris-1 rows=10264 [doris-1:f:up doris-2:f:up doris-3:M:up]
19:43:13 #111 OK INSERT id=1724722 via doris-1 rows=10265 [doris-1:f:up doris-2:f:up doris-3:M:up]
19:43:14 #112 OK UPSERT id=1724722 via doris-1 rows=10266 [doris-1:f:up doris-2:f:up doris-3:M:up]
19:43:15 #113 OK SELECT id=1724722 via doris-1 rows=10266 [doris-1:f:up doris-2:f:up doris-3:M:up]
19:43:16 #114 OK DELETE id=1724722 via doris-1 rows=10265 [doris-1:f:up doris-2:f:up doris-3:M:up]
19:43:17 #115 OK SELECT id=1724722 via doris-1 rows=10264 [doris-1:f:up doris-2:f:up doris-3:M:up]
19:43:18 #116 OK INSERT id=1724723 via doris-1 rows=10265 [doris-1:f:up doris-2:f:up doris-3:M:up]
19:43:19 #117 OK UPSERT id=1724723 via doris-1 rows=10266 [doris-1:f:up doris-2:f:up doris-3:M:up]
19:43:20 #118 OK SELECT id=1724723 via doris-1 rows=10266 [doris-1:f:up doris-2:f:up doris-3:M:up]
19:43:21 #119 OK DELETE id=1724723 via doris-1 rows=10265 [doris-1:f:up doris-2:f:up doris-3:M:up]
19:43:22 #120 OK SELECT id=1724723 via doris-1 rows=10264 [doris-1:f:up doris-2:f:up doris-3:M:up]
19:43:23 #121 OK INSERT id=1724724 via doris-1 rows=10265 [doris-1:f:up doris-2:f:up doris-3:M:up]
19:43:24 #122 OK UPSERT id=1724724 via doris-1 rows=10266 [doris-1:f:up doris-2:f:up doris-3:M:up]
19:43:26 #123 OK SELECT id=1724724 via doris-1 rows=10266 [doris-1:f:up doris-2:f:up doris-3:M:up]
19:43:27 #124 OK DELETE id=1724724 via doris-1 rows=10265 [doris-1:f:up doris-2:f:up doris-3:M:up]
19:43:28 #125 OK SELECT id=1724724 via doris-1 rows=10264 [doris-1:f:up doris-2:f:up doris-3:M:up]
19:43:29 #126 OK INSERT id=1724725 via doris-1 rows=10265 [doris-1:f:up doris-2:f:up doris-3:M:up]
19:43:30 #127 OK UPSERT id=1724725 via doris-1 rows=10266 [doris-1:f:up doris-2:f:up doris-3:M:up]
19:43:31 #128 OK SELECT id=1724725 via doris-1 rows=10266 [doris-1:f:up doris-2:f:up doris-3:M:up]
19:43:32 #129 OK DELETE id=1724725 via doris-1 rows=10265 [doris-1:f:up doris-2:f:up doris-3:M:up]
19:43:33 #130 OK SELECT id=1724725 via doris-1 rows=10264 [doris-1:f:up doris-2:f:up doris-3:M:up]
19:43:34 #131 OK INSERT id=1724726 via doris-1 rows=10265 [doris-1:f:up doris-2:f:up doris-3:M:up]
19:43:35 #132 OK UPSERT id=1724726 via doris-1 rows=10266 [doris-1:f:up doris-2:f:up doris-3:M:up]
19:43:36 #133 OK SELECT id=1724726 via doris-1 rows=10266 [doris-1:f:up doris-2:f:up doris-3:M:up]
19:43:37 #134 OK DELETE id=1724726 via doris-1 rows=10265 [doris-1:f:up doris-2:f:up doris-3:M:up]
19:43:38 #135 OK SELECT id=1724726 via doris-1 rows=10264 [doris-1:f:up doris-2:f:up doris-3:M:up]
19:43:39 #136 OK INSERT id=1724727 via doris-1 rows=10265 [doris-1:f:up doris-2:f:up doris-3:M:up]
19:43:40 #137 OK UPSERT id=1724727 via doris-1 rows=10266 [doris-1:f:up doris-2:f:up doris-3:M:up]
19:43:41 #138 OK SELECT id=1724727 via doris-1 rows=10266 [doris-1:f:up doris-2:f:up doris-3:M:up]
19:43:42 #139 OK DELETE id=1724727 via doris-1 rows=10265 [doris-1:f:up doris-2:f:up doris-3:M:up]
19:43:43 EVENT restore: verify be on doris-1
19:43:43 #140 OK SELECT id=1724727 via doris-1 rows=10264 [doris-1:f:up doris-2:f:up doris-3:M:up]
19:43:45 #141 OK INSERT id=1724728 via doris-1 rows=10265 [doris-1:f:up doris-2:f:up doris-3:M:up]
19:43:46 #142 OK UPSERT id=1724728 via doris-1 rows=10266 [doris-1:f:up doris-2:f:up doris-3:M:up]
19:43:47 #143 OK SELECT id=1724728 via doris-1 rows=10266 [doris-1:f:up doris-2:f:up doris-3:M:up]
19:43:48 EVENT restore: cluster healthy
19:43:48 #144 OK DELETE id=1724728 via doris-1 rows=10265 [doris-1:f:up doris-2:f:up doris-3:M:up]
19:43:49 #145 OK SELECT id=1724728 via doris-1 rows=10264 [doris-1:f:up doris-2:f:up doris-3:M:up]
19:43:50 #146 OK INSERT id=1724729 via doris-1 rows=10265 [doris-1:f:up doris-2:f:up doris-3:M:up]
19:43:51 #147 OK UPSERT id=1724729 via doris-1 rows=10266 [doris-1:f:up doris-2:f:up doris-3:M:up]
19:43:52 #148 OK SELECT id=1724729 via doris-1 rows=10266 [doris-1:f:up doris-2:f:up doris-3:M:up]
19:43:53 #149 OK DELETE id=1724729 via doris-1 rows=10265 [doris-1:f:up doris-2:f:up doris-3:M:up]
19:43:54 #150 OK SELECT id=1724729 via doris-1 rows=10264 [doris-1:f:up doris-2:f:up doris-3:M:up]
19:43:55 #151 OK INSERT id=1724730 via doris-1 rows=10265 [doris-1:f:up doris-2:f:up doris-3:M:up]
19:43:56 #152 OK UPSERT id=1724730 via doris-1 rows=10266 [doris-1:f:up doris-2:f:up doris-3:M:up]
19:43:57 #153 OK SELECT id=1724730 via doris-1 rows=10266 [doris-1:f:up doris-2:f:up doris-3:M:up]
19:43:58 #154 OK DELETE id=1724730 via doris-1 rows=10265 [doris-1:f:up doris-2:f:up doris-3:M:up]
19:43:59 #155 OK SELECT id=1724730 via doris-1 rows=10264 [doris-1:f:up doris-2:f:up doris-3:M:up]
19:44:00 #156 OK INSERT id=1724731 via doris-1 rows=10265 [doris-1:f:up doris-2:f:up doris-3:M:up]
19:44:01 #157 OK UPSERT id=1724731 via doris-1 rows=10266 [doris-1:f:up doris-2:f:up doris-3:M:up]
19:44:02 #158 OK SELECT id=1724731 via doris-1 rows=10266 [doris-1:f:up doris-2:f:up doris-3:M:up]
19:44:04 #159 OK DELETE id=1724731 via doris-1 rows=10265 [doris-1:f:up doris-2:f:up doris-3:M:up]
19:44:05 #160 OK SELECT id=1724731 via doris-1 rows=10264 [doris-1:f:up doris-2:f:up doris-3:M:up]
19:44:06 #161 OK INSERT id=1724732 via doris-1 rows=10265 [doris-1:f:up doris-2:f:up doris-3:M:up]
19:44:07 #162 OK UPSERT id=1724732 via doris-1 rows=10266 [doris-1:f:up doris-2:f:up doris-3:M:up]
19:44:08 #163 OK SELECT id=1724732 via doris-1 rows=10266 [doris-1:f:up doris-2:f:up doris-3:M:up]
19:44:09 #164 OK DELETE id=1724732 via doris-1 rows=10265 [doris-1:f:up doris-2:f:up doris-3:M:up]
19:44:10 #165 OK SELECT id=1724732 via doris-1 rows=10264 [doris-1:f:up doris-2:f:up doris-3:M:up]
19:44:11 #166 OK INSERT id=1724733 via doris-1 rows=10265 [doris-1:f:up doris-2:f:up doris-3:M:up]
19:44:12 #167 OK UPSERT id=1724733 via doris-1 rows=10266 [doris-1:f:up doris-2:f:up doris-3:M:up]
19:44:13 #168 OK SELECT id=1724733 via doris-1 rows=10266 [doris-1:f:up doris-2:f:up doris-3:M:up]
19:44:14 #169 OK DELETE id=1724733 via doris-1 rows=10265 [doris-1:f:up doris-2:f:up doris-3:M:up]
