04:53:40 PROBE start proto=arrow-flight hosts=doris-1,doris-2,doris-3 duration=86400s cycle=INSERT>UPSERT>SELECT>DELETE>SELECT
04:53:40 connected to doris-1 (10.140.0.2)
04:53:40 DML unsupported over arrow-flight (InternalError: RuntimeException, msg: getMysqlChannel not in mysql connection (Internal; ExecuteQuery)) — switching to SELECT-only mode
04:53:40 #1 OK SELECT id=3736200 via doris-1 rows=10138 [doris-1:f:up doris-2:f:up doris-3:M:up]
04:53:41 #2 OK SELECT id=3736200 via doris-1 rows=10139 [doris-1:f:up doris-2:f:up doris-3:M:up]
04:53:42 #3 OK SELECT id=3736200 via doris-1 rows=10139 [doris-1:f:up doris-2:f:up doris-3:M:up]
04:53:43 #4 OK SELECT id=3736200 via doris-1 rows=10138 [doris-1:f:up doris-2:f:up doris-3:M:up]
04:53:44 #5 OK SELECT id=3736200 via doris-1 rows=10137 [doris-1:f:up doris-2:f:up doris-3:M:up]
04:53:45 #6 OK SELECT id=3736200 via doris-1 rows=10138 [doris-1:f:up doris-2:f:up doris-3:M:up]
04:53:46 #7 OK SELECT id=3736200 via doris-1 rows=10139 [doris-1:f:up doris-2:f:up doris-3:M:up]
04:53:47 #8 OK SELECT id=3736200 via doris-1 rows=10139 [doris-1:f:up doris-2:f:up doris-3:M:up]
04:53:48 #9 OK SELECT id=3736200 via doris-1 rows=10138 [doris-1:f:up doris-2:f:up doris-3:M:up]
04:53:49 #10 OK SELECT id=3736200 via doris-1 rows=10137 [doris-1:f:up doris-2:f:up doris-3:M:up]
04:53:50 #11 OK SELECT id=3736200 via doris-1 rows=10138 [doris-1:f:up doris-2:f:up doris-3:M:up]
04:53:51 #12 OK SELECT id=3736200 via doris-1 rows=10139 [doris-1:f:up doris-2:f:up doris-3:M:up]
04:53:52 #13 OK SELECT id=3736200 via doris-1 rows=10139 [doris-1:f:up doris-2:f:up doris-3:M:up]
04:53:53 #14 OK SELECT id=3736200 via doris-1 rows=10138 [doris-1:f:up doris-2:f:up doris-3:M:up]
04:53:54 #15 OK SELECT id=3736200 via doris-1 rows=10137 [doris-1:f:up doris-2:f:up doris-3:M:up]
04:53:56 #16 OK SELECT id=3736200 via doris-1 rows=10138 [doris-1:f:up doris-2:f:up doris-3:M:up]
04:53:57 #17 OK SELECT id=3736200 via doris-1 rows=10139 [doris-1:f:up doris-2:f:up doris-3:M:up]
04:53:58 #18 OK SELECT id=3736200 via doris-1 rows=10139 [doris-1:f:up doris-2:f:up doris-3:M:up]
04:53:59 #19 OK SELECT id=3736200 via doris-1 rows=10138 [doris-1:f:up doris-2:f:up doris-3:M:up]
04:54:00 #20 OK SELECT id=3736200 via doris-1 rows=10137 [doris-1:f:up doris-2:f:up doris-3:M:up]
04:54:01 #21 OK SELECT id=3736200 via doris-1 rows=10138 [doris-1:f:up doris-2:f:up doris-3:M:up]
04:54:02 #22 OK SELECT id=3736200 via doris-1 rows=10139 [doris-1:f:up doris-2:f:up doris-3:M:up]
04:54:03 #23 OK SELECT id=3736200 via doris-1 rows=10139 [doris-1:f:up doris-2:f:up doris-3:M:up]
04:54:04 #24 OK SELECT id=3736200 via doris-1 rows=10139 [doris-1:f:up doris-2:f:up doris-3:M:up]
04:54:05 #25 OK SELECT id=3736200 via doris-1 rows=10137 [doris-1:f:up doris-2:f:up doris-3:M:up]
04:54:06 #26 OK SELECT id=3736200 via doris-1 rows=10137 [doris-1:f:up doris-2:f:up doris-3:M:up]
04:54:07 #27 OK SELECT id=3736200 via doris-1 rows=10139 [doris-1:f:up doris-2:f:up doris-3:M:up]
04:54:08 #28 OK SELECT id=3736200 via doris-1 rows=10139 [doris-1:f:up doris-2:f:up doris-3:M:up]
04:54:09 #29 OK SELECT id=3736200 via doris-1 rows=10139 [doris-1:f:up doris-2:f:up doris-3:M:up]
04:54:10 #30 OK SELECT id=3736200 via doris-1 rows=10137 [doris-1:f:up doris-2:f:up doris-3:M:up]
04:54:11 #31 OK SELECT id=3736200 via doris-1 rows=10137 [doris-1:f:up doris-2:f:up doris-3:M:up]
04:54:12 #32 OK SELECT id=3736200 via doris-1 rows=10139 [doris-1:f:up doris-2:f:up doris-3:M:up]
04:54:14 #33 OK SELECT id=3736200 via doris-1 rows=10139 [doris-1:f:up doris-2:f:up doris-3:M:up]
04:54:14 EVENT break: be crash on doris-1 (FE follower)
04:54:15 #34 OK SELECT id=3736200 via doris-1 rows=10139 [doris-1:f:up doris-2:f:up doris-3:M:up]
04:54:16 #35 OK SELECT id=3736200 via doris-1 rows=10137 [doris-1:f:up doris-2:f:up doris-3:M:up]
04:54:17 #36 FAIL SELECT id=3736200 via doris-1: InternalError: INTERNAL: [FlightSQL] get flight info statement failed, after executeQueryStatement handleQuery, java.lang.Run
04:54:18 connected to doris-1 (10.140.0.2)
04:54:18 #37 OK SELECT id=3736200 via doris-1 rows=10137 [doris-1:f:up doris-2:f:up doris-3:M:up] (recovered)
04:54:19 #38 OK SELECT id=3736200 via doris-1 rows=10137 [doris-1:f:up doris-2:f:up doris-3:M:up]
04:54:20 #39 OK SELECT id=3736200 via doris-1 rows=10137 [doris-1:f:up doris-2:f:up doris-3:M:up]
04:54:21 #40 OK SELECT id=3736200 via doris-1 rows=10137 [?]
04:54:22 #41 OK SELECT id=3736200 via doris-1 rows=10137 [?]
04:54:23 #42 OK SELECT id=3736200 via doris-1 rows=10139 [doris-1:f:up doris-2:f:up doris-3:M:up]
04:54:24 #43 OK SELECT id=3736200 via doris-1 rows=10139 [doris-1:f:up doris-2:f:up doris-3:M:up]
04:54:25 #44 OK SELECT id=3736200 via doris-1 rows=10139 [doris-1:f:up doris-2:f:up doris-3:M:up]
04:54:26 #45 OK SELECT id=3736200 via doris-1 rows=10137 [doris-1:f:up doris-2:f:up doris-3:M:up]
04:54:27 #46 OK SELECT id=3736200 via doris-1 rows=10137 [doris-1:f:up doris-2:f:up doris-3:M:up]
04:54:28 #47 OK SELECT id=3736200 via doris-1 rows=10139 [doris-1:f:up doris-2:f:up doris-3:M:up]
04:54:29 #48 OK SELECT id=3736200 via doris-1 rows=10139 [doris-1:f:up doris-2:f:up doris-3:M:up]
04:54:30 #49 OK SELECT id=3736200 via doris-1 rows=10139 [doris-1:f:up doris-2:f:up doris-3:M:up]
04:54:31 #50 OK SELECT id=3736200 via doris-1 rows=10137 [doris-1:f:up doris-2:f:up doris-3:M:up]
04:54:32 EVENT recovered: be restarted by systemd on doris-1 (+9s)
04:54:33 #51 OK SELECT id=3736200 via doris-1 rows=10137 [doris-1:f:up doris-2:f:up doris-3:M:up]
04:54:34 #52 OK SELECT id=3736200 via doris-1 rows=10137 [doris-1:f:up doris-2:f:up doris-3:M:up]
04:54:35 #53 OK SELECT id=3736200 via doris-1 rows=10137 [doris-1:f:up doris-2:f:up doris-3:M:up]
04:54:36 #54 OK SELECT id=3736200 via doris-1 rows=10137 [doris-1:f:up doris-2:f:up doris-3:M:up]
04:54:37 #55 OK SELECT id=3736200 via doris-1 rows=10137 [doris-1:f:up doris-2:f:up doris-3:M:up]
04:54:38 #56 OK SELECT id=3736200 via doris-1 rows=10137 [doris-1:f:up doris-2:f:up doris-3:M:up]
04:54:39 #57 OK SELECT id=3736200 via doris-1 rows=10137 [doris-1:f:up doris-2:f:up doris-3:M:up]
04:54:40 #58 OK SELECT id=3736200 via doris-1 rows=10137 [doris-1:f:up doris-2:f:up doris-3:M:up]
04:54:41 #59 OK SELECT id=3736200 via doris-1 rows=10137 [doris-1:f:up doris-2:f:up doris-3:M:up]
04:54:42 #60 OK SELECT id=3736200 via doris-1 rows=10139 [doris-1:f:up doris-2:f:up doris-3:M:up]
04:54:43 #61 OK SELECT id=3736200 via doris-1 rows=10141 [doris-1:f:up doris-2:f:up doris-3:M:up]
04:54:44 #62 OK SELECT id=3736200 via doris-1 rows=10141 [doris-1:f:up doris-2:f:up doris-3:M:up]
04:54:45 #63 OK SELECT id=3736200 via doris-1 rows=10141 [doris-1:f:up doris-2:f:up doris-3:M:up]
04:54:46 #64 OK SELECT id=3736200 via doris-1 rows=10139 [doris-1:f:up doris-2:f:up doris-3:M:up]
04:54:47 #65 OK SELECT id=3736200 via doris-1 rows=10139 [doris-1:f:up doris-2:f:up doris-3:M:up]
04:54:48 #66 OK SELECT id=3736200 via doris-1 rows=10141 [doris-1:f:up doris-2:f:up doris-3:M:up]
04:54:49 #67 OK SELECT id=3736200 via doris-1 rows=10141 [doris-1:f:up doris-2:f:up doris-3:M:up]
04:54:50 #68 OK SELECT id=3736200 via doris-1 rows=10141 [doris-1:f:up doris-2:f:up doris-3:M:up]
04:54:52 #69 OK SELECT id=3736200 via doris-1 rows=10139 [doris-1:f:up doris-2:f:up doris-3:M:up]
04:54:53 #70 OK SELECT id=3736200 via doris-1 rows=10139 [doris-1:f:up doris-2:f:up doris-3:M:up]
04:54:54 #71 OK SELECT id=3736200 via doris-1 rows=10141 [doris-1:f:up doris-2:f:up doris-3:M:up]
04:54:55 #72 OK SELECT id=3736200 via doris-1 rows=10141 [doris-1:f:up doris-2:f:up doris-3:M:up]
04:54:56 #73 OK SELECT id=3736200 via doris-1 rows=10141 [doris-1:f:up doris-2:f:up doris-3:M:up]
04:54:57 #74 OK SELECT id=3736200 via doris-1 rows=10139 [doris-1:f:up doris-2:f:up doris-3:M:up]
04:54:58 #75 OK SELECT id=3736200 via doris-1 rows=10139 [doris-1:f:up doris-2:f:up doris-3:M:up]
04:54:59 #76 OK SELECT id=3736200 via doris-1 rows=10141 [doris-1:f:up doris-2:f:up doris-3:M:up]
04:55:00 #77 OK SELECT id=3736200 via doris-1 rows=10141 [doris-1:f:up doris-2:f:up doris-3:M:up]
04:55:01 #78 OK SELECT id=3736200 via doris-1 rows=10141 [doris-1:f:up doris-2:f:up doris-3:M:up]
04:55:02 #79 OK SELECT id=3736200 via doris-1 rows=10139 [doris-1:f:up doris-2:f:up doris-3:M:up]
04:55:03 #80 OK SELECT id=3736200 via doris-1 rows=10139 [doris-1:f:up doris-2:f:up doris-3:M:up]
04:55:04 #81 OK SELECT id=3736200 via doris-1 rows=10141 [doris-1:f:up doris-2:f:up doris-3:M:up]
04:55:05 #82 OK SELECT id=3736200 via doris-1 rows=10141 [doris-1:f:up doris-2:f:up doris-3:M:up]
04:55:06 #83 OK SELECT id=3736200 via doris-1 rows=10141 [doris-1:f:up doris-2:f:up doris-3:M:up]
04:55:07 #84 OK SELECT id=3736200 via doris-1 rows=10139 [doris-1:f:up doris-2:f:up doris-3:M:up]
04:55:08 #85 OK SELECT id=3736200 via doris-1 rows=10139 [doris-1:f:up doris-2:f:up doris-3:M:up]
04:55:09 #86 OK SELECT id=3736200 via doris-1 rows=10141 [doris-1:f:up doris-2:f:up doris-3:M:up]
04:55:11 #87 OK SELECT id=3736200 via doris-1 rows=10141 [doris-1:f:up doris-2:f:up doris-3:M:up]
04:55:12 #88 OK SELECT id=3736200 via doris-1 rows=10141 [doris-1:f:up doris-2:f:up doris-3:M:up]
04:55:13 #89 OK SELECT id=3736200 via doris-1 rows=10139 [doris-1:f:up doris-2:f:up doris-3:M:up]
04:55:14 #90 OK SELECT id=3736200 via doris-1 rows=10139 [doris-1:f:up doris-2:f:up doris-3:M:up]
04:55:15 #91 OK SELECT id=3736200 via doris-1 rows=10141 [doris-1:f:up doris-2:f:up doris-3:M:up]
04:55:16 #92 OK SELECT id=3736200 via doris-1 rows=10141 [doris-1:f:up doris-2:f:up doris-3:M:up]
04:55:17 #93 OK SELECT id=3736200 via doris-1 rows=10141 [doris-1:f:up doris-2:f:up doris-3:M:up]
04:55:18 #94 OK SELECT id=3736200 via doris-1 rows=10139 [doris-1:f:up doris-2:f:up doris-3:M:up]
04:55:19 #95 OK SELECT id=3736200 via doris-1 rows=10139 [doris-1:f:up doris-2:f:up doris-3:M:up]
04:55:20 #96 OK SELECT id=3736200 via doris-1 rows=10140 [doris-1:f:up doris-2:f:up doris-3:M:up]
04:55:21 #97 OK SELECT id=3736200 via doris-1 rows=10141 [doris-1:f:up doris-2:f:up doris-3:M:up]
04:55:22 #98 OK SELECT id=3736200 via doris-1 rows=10141 [doris-1:f:up doris-2:f:up doris-3:M:up]
04:55:23 #99 OK SELECT id=3736200 via doris-1 rows=10140 [doris-1:f:up doris-2:f:up doris-3:M:up]
04:55:24 #100 OK SELECT id=3736200 via doris-1 rows=10139 [doris-1:f:up doris-2:f:up doris-3:M:up]
04:55:25 #101 OK SELECT id=3736200 via doris-1 rows=10140 [doris-1:f:up doris-2:f:up doris-3:M:up]
04:55:26 #102 OK SELECT id=3736200 via doris-1 rows=10141 [doris-1:f:up doris-2:f:up doris-3:M:up]
04:55:27 #103 OK SELECT id=3736200 via doris-1 rows=10141 [doris-1:f:up doris-2:f:up doris-3:M:up]
04:55:28 #104 OK SELECT id=3736200 via doris-1 rows=10141 [doris-1:f:up doris-2:f:up doris-3:M:up]
04:55:30 #105 OK SELECT id=3736200 via doris-1 rows=10139 [doris-1:f:up doris-2:f:up doris-3:M:up]
04:55:31 #106 OK SELECT id=3736200 via doris-1 rows=10139 [doris-1:f:up doris-2:f:up doris-3:M:up]
04:55:32 #107 OK SELECT id=3736200 via doris-1 rows=10141 [doris-1:f:up doris-2:f:up doris-3:M:up]
04:55:33 #108 OK SELECT id=3736200 via doris-1 rows=10141 [doris-1:f:up doris-2:f:up doris-3:M:up]
04:55:34 #109 OK SELECT id=3736200 via doris-1 rows=10141 [doris-1:f:up doris-2:f:up doris-3:M:up]
04:55:35 #110 OK SELECT id=3736200 via doris-1 rows=10139 [doris-1:f:up doris-2:f:up doris-3:M:up]
04:55:36 #111 OK SELECT id=3736200 via doris-1 rows=10139 [doris-1:f:up doris-2:f:up doris-3:M:up]
04:55:37 #112 OK SELECT id=3736200 via doris-1 rows=10141 [doris-1:f:up doris-2:f:up doris-3:M:up]
04:55:38 #113 OK SELECT id=3736200 via doris-1 rows=10141 [doris-1:f:up doris-2:f:up doris-3:M:up]
04:55:39 #114 OK SELECT id=3736200 via doris-1 rows=10141 [doris-1:f:up doris-2:f:up doris-3:M:up]
04:55:40 #115 OK SELECT id=3736200 via doris-1 rows=10139 [doris-1:f:up doris-2:f:up doris-3:M:up]
04:55:41 #116 OK SELECT id=3736200 via doris-1 rows=10139 [doris-1:f:up doris-2:f:up doris-3:M:up]
04:55:42 #117 OK SELECT id=3736200 via doris-1 rows=10141 [doris-1:f:up doris-2:f:up doris-3:M:up]
04:55:43 #118 OK SELECT id=3736200 via doris-1 rows=10141 [doris-1:f:up doris-2:f:up doris-3:M:up]
04:55:44 #119 OK SELECT id=3736200 via doris-1 rows=10141 [doris-1:f:up doris-2:f:up doris-3:M:up]
04:55:45 #120 OK SELECT id=3736200 via doris-1 rows=10139 [doris-1:f:up doris-2:f:up doris-3:M:up]
04:55:46 #121 OK SELECT id=3736200 via doris-1 rows=10139 [doris-1:f:up doris-2:f:up doris-3:M:up]
04:55:47 #122 OK SELECT id=3736200 via doris-1 rows=10141 [doris-1:f:up doris-2:f:up doris-3:M:up]
04:55:48 #123 OK SELECT id=3736200 via doris-1 rows=10141 [doris-1:f:up doris-2:f:up doris-3:M:up]
04:55:50 #124 OK SELECT id=3736200 via doris-1 rows=10141 [doris-1:f:up doris-2:f:up doris-3:M:up]
04:55:51 #125 OK SELECT id=3736200 via doris-1 rows=10139 [doris-1:f:up doris-2:f:up doris-3:M:up]
04:55:52 #126 OK SELECT id=3736200 via doris-1 rows=10139 [doris-1:f:up doris-2:f:up doris-3:M:up]
04:55:53 #127 OK SELECT id=3736200 via doris-1 rows=10141 [doris-1:f:up doris-2:f:up doris-3:M:up]
04:55:54 #128 OK SELECT id=3736200 via doris-1 rows=10141 [doris-1:f:up doris-2:f:up doris-3:M:up]
04:55:55 #129 OK SELECT id=3736200 via doris-1 rows=10141 [doris-1:f:up doris-2:f:up doris-3:M:up]
04:55:56 #130 OK SELECT id=3736200 via doris-1 rows=10139 [doris-1:f:up doris-2:f:up doris-3:M:up]
04:55:57 #131 OK SELECT id=3736200 via doris-1 rows=10139 [doris-1:f:up doris-2:f:up doris-3:M:up]
04:55:58 #132 OK SELECT id=3736200 via doris-1 rows=10141 [doris-1:f:up doris-2:f:up doris-3:M:up]
04:55:59 #133 OK SELECT id=3736200 via doris-1 rows=10141 [doris-1:f:up doris-2:f:up doris-3:M:up]
04:56:00 #134 OK SELECT id=3736200 via doris-1 rows=10141 [doris-1:f:up doris-2:f:up doris-3:M:up]
04:56:01 #135 OK SELECT id=3736200 via doris-1 rows=10139 [doris-1:f:up doris-2:f:up doris-3:M:up]
04:56:02 #136 OK SELECT id=3736200 via doris-1 rows=10139 [doris-1:f:up doris-2:f:up doris-3:M:up]
04:56:03 #137 OK SELECT id=3736200 via doris-1 rows=10141 [doris-1:f:up doris-2:f:up doris-3:M:up]
04:56:04 #138 OK SELECT id=3736200 via doris-1 rows=10141 [doris-1:f:up doris-2:f:up doris-3:M:up]
04:56:05 #139 OK SELECT id=3736200 via doris-1 rows=10141 [doris-1:f:up doris-2:f:up doris-3:M:up]
04:56:06 #140 OK SELECT id=3736200 via doris-1 rows=10139 [doris-1:f:up doris-2:f:up doris-3:M:up]
04:56:07 #141 OK SELECT id=3736200 via doris-1 rows=10139 [doris-1:f:up doris-2:f:up doris-3:M:up]
04:56:08 #142 OK SELECT id=3736200 via doris-1 rows=10141 [doris-1:f:up doris-2:f:up doris-3:M:up]
04:56:09 EVENT restore: verify be on doris-1
04:56:10 #143 OK SELECT id=3736200 via doris-1 rows=10141 [doris-1:f:up doris-2:f:up doris-3:M:up]
04:56:11 #144 OK SELECT id=3736200 via doris-1 rows=10141 [doris-1:f:up doris-2:f:up doris-3:M:up]
04:56:12 #145 OK SELECT id=3736200 via doris-1 rows=10139 [doris-1:f:up doris-2:f:up doris-3:M:up]
04:56:13 #146 OK SELECT id=3736200 via doris-1 rows=10139 [doris-1:f:up doris-2:f:up doris-3:M:up]
04:56:14 #147 OK SELECT id=3736200 via doris-1 rows=10141 [doris-1:f:up doris-2:f:up doris-3:M:up]
04:56:14 EVENT restore: cluster healthy
04:56:15 #148 OK SELECT id=3736200 via doris-1 rows=10141 [doris-1:f:up doris-2:f:up doris-3:M:up]
04:56:16 #149 OK SELECT id=3736200 via doris-1 rows=10141 [doris-1:f:up doris-2:f:up doris-3:M:up]
04:56:17 #150 OK SELECT id=3736200 via doris-1 rows=10139 [doris-1:f:up doris-2:f:up doris-3:M:up]
04:56:18 #151 OK SELECT id=3736200 via doris-1 rows=10139 [doris-1:f:up doris-2:f:up doris-3:M:up]
04:56:19 #152 OK SELECT id=3736200 via doris-1 rows=10141 [doris-1:f:up doris-2:f:up doris-3:M:up]
04:56:20 #153 OK SELECT id=3736200 via doris-1 rows=10141 [doris-1:f:up doris-2:f:up doris-3:M:up]
04:56:21 #154 OK SELECT id=3736200 via doris-1 rows=10141 [doris-1:f:up doris-2:f:up doris-3:M:up]
04:56:22 #155 OK SELECT id=3736200 via doris-1 rows=10139 [doris-1:f:up doris-2:f:up doris-3:M:up]
04:56:23 #156 OK SELECT id=3736200 via doris-1 rows=10139 [doris-1:f:up doris-2:f:up doris-3:M:up]
04:56:24 #157 OK SELECT id=3736200 via doris-1 rows=10141 [doris-1:f:up doris-2:f:up doris-3:M:up]
04:56:25 #158 OK SELECT id=3736200 via doris-1 rows=10141 [doris-1:f:up doris-2:f:up doris-3:M:up]
04:56:26 #159 OK SELECT id=3736200 via doris-1 rows=10141 [doris-1:f:up doris-2:f:up doris-3:M:up]
04:56:27 #160 OK SELECT id=3736200 via doris-1 rows=10139 [doris-1:f:up doris-2:f:up doris-3:M:up]
04:56:28 #161 OK SELECT id=3736200 via doris-1 rows=10139 [doris-1:f:up doris-2:f:up doris-3:M:up]
04:56:30 #162 OK SELECT id=3736200 via doris-1 rows=10141 [doris-1:f:up doris-2:f:up doris-3:M:up]
04:56:31 #163 OK SELECT id=3736200 via doris-1 rows=10141 [doris-1:f:up doris-2:f:up doris-3:M:up]
04:56:32 #164 OK SELECT id=3736200 via doris-1 rows=10141 [doris-1:f:up doris-2:f:up doris-3:M:up]
04:56:33 #165 OK SELECT id=3736200 via doris-1 rows=10139 [doris-1:f:up doris-2:f:up doris-3:M:up]
04:56:34 #166 OK SELECT id=3736200 via doris-1 rows=10139 [doris-1:f:up doris-2:f:up doris-3:M:up]
04:56:35 #167 OK SELECT id=3736200 via doris-1 rows=10141 [doris-1:f:up doris-2:f:up doris-3:M:up]
04:56:36 #168 OK SELECT id=3736200 via doris-1 rows=10141 [doris-1:f:up doris-2:f:up doris-3:M:up]
04:56:37 #169 OK SELECT id=3736200 via doris-1 rows=10141 [doris-1:f:up doris-2:f:up doris-3:M:up]
04:56:38 #170 OK SELECT id=3736200 via doris-1 rows=10139 [doris-1:f:up doris-2:f:up doris-3:M:up]
04:56:39 #171 OK SELECT id=3736200 via doris-1 rows=10139 [doris-1:f:up doris-2:f:up doris-3:M:up]
04:56:40 #172 OK SELECT id=3736200 via doris-1 rows=10141 [doris-1:f:up doris-2:f:up doris-3:M:up]
04:56:41 #173 OK SELECT id=3736200 via doris-1 rows=10141 [doris-1:f:up doris-2:f:up doris-3:M:up]
04:56:42 #174 OK SELECT id=3736200 via doris-1 rows=10141 [doris-1:f:up doris-2:f:up doris-3:M:up]
04:56:43 #175 OK SELECT id=3736200 via doris-1 rows=10139 [doris-1:f:up doris-2:f:up doris-3:M:up]
04:56:44 #176 OK SELECT id=3736200 via doris-1 rows=10139 [doris-1:f:up doris-2:f:up doris-3:M:up]
