16:34:54 PROBE start proto=jdbc hosts=doris-1,doris-2,doris-3 duration=86400s cycle=INSERT>UPSERT>SELECT>DELETE>SELECT url=jdbc:mysql://10.140.0.2:9030,10.140.0.3:9030,10.140.0.4:9030/hatest
16:34:55 connected to doris-1 (driver-selected host)
16:34:55 #1 OK INSERT id=2612940 via doris-1 rows=10186 [doris-1:f:up doris-2:M:up doris-3:f:up]
16:34:56 #2 OK UPSERT id=2612940 via doris-1 rows=10186 [doris-1:f:up doris-2:M:up doris-3:f:up]
16:34:57 #3 OK SELECT id=2612940 via doris-1 rows=10186 [doris-1:f:up doris-2:M:up doris-3:f:up]
16:34:58 #4 OK DELETE id=2612940 via doris-1 rows=10184 [doris-1:f:up doris-2:M:up doris-3:f:up]
16:34:59 #5 OK SELECT id=2612940 via doris-1 rows=10184 [doris-1:f:up doris-2:M:up doris-3:f:up]
16:35:00 #6 OK INSERT id=2612941 via doris-1 rows=10186 [doris-1:f:up doris-2:M:up doris-3:f:up]
16:35:02 #7 OK UPSERT id=2612941 via doris-1 rows=10186 [doris-1:f:up doris-2:M:up doris-3:f:up]
16:35:03 #8 OK SELECT id=2612941 via doris-1 rows=10186 [doris-1:f:up doris-2:M:up doris-3:f:up]
16:35:04 #9 OK DELETE id=2612941 via doris-1 rows=10184 [doris-1:f:up doris-2:M:up doris-3:f:up]
16:35:05 #10 OK SELECT id=2612941 via doris-1 rows=10184 [doris-1:f:up doris-2:M:up doris-3:f:up]
16:35:06 #11 OK INSERT id=2612942 via doris-1 rows=10186 [doris-1:f:up doris-2:M:up doris-3:f:up]
16:35:07 #12 OK UPSERT id=2612942 via doris-1 rows=10186 [doris-1:f:up doris-2:M:up doris-3:f:up]
16:35:08 #13 OK SELECT id=2612942 via doris-1 rows=10186 [doris-1:f:up doris-2:M:up doris-3:f:up]
16:35:09 #14 OK DELETE id=2612942 via doris-1 rows=10184 [doris-1:f:up doris-2:M:up doris-3:f:up]
16:35:10 #15 OK SELECT id=2612942 via doris-1 rows=10184 [doris-1:f:up doris-2:M:up doris-3:f:up]
16:35:11 #16 OK INSERT id=2612943 via doris-1 rows=10186 [doris-1:f:up doris-2:M:up doris-3:f:up]
16:35:12 #17 OK UPSERT id=2612943 via doris-1 rows=10186 [doris-1:f:up doris-2:M:up doris-3:f:up]
16:35:13 #18 OK SELECT id=2612943 via doris-1 rows=10186 [doris-1:f:up doris-2:M:up doris-3:f:up]
16:35:14 #19 OK DELETE id=2612943 via doris-1 rows=10184 [doris-1:f:up doris-2:M:up doris-3:f:up]
16:35:16 #20 OK SELECT id=2612943 via doris-1 rows=10184 [doris-1:f:up doris-2:M:up doris-3:f:up]
16:35:17 #21 OK INSERT id=2612944 via doris-1 rows=10186 [doris-1:f:up doris-2:M:up doris-3:f:up]
16:35:18 #22 OK UPSERT id=2612944 via doris-1 rows=10186 [doris-1:f:up doris-2:M:up doris-3:f:up]
16:35:19 #23 OK SELECT id=2612944 via doris-1 rows=10186 [doris-1:f:up doris-2:M:up doris-3:f:up]
16:35:20 #24 OK DELETE id=2612944 via doris-1 rows=10184 [doris-1:f:up doris-2:M:up doris-3:f:up]
16:35:21 #25 OK SELECT id=2612944 via doris-1 rows=10184 [doris-1:f:up doris-2:M:up doris-3:f:up]
16:35:22 #26 OK INSERT id=2612945 via doris-1 rows=10186 [doris-1:f:up doris-2:M:up doris-3:f:up]
16:35:23 #27 OK UPSERT id=2612945 via doris-1 rows=10186 [doris-1:f:up doris-2:M:up doris-3:f:up]
16:35:24 #28 OK SELECT id=2612945 via doris-1 rows=10186 [doris-1:f:up doris-2:M:up doris-3:f:up]
16:35:25 #29 OK DELETE id=2612945 via doris-1 rows=10184 [doris-1:f:up doris-2:M:up doris-3:f:up]
16:35:26 #30 OK SELECT id=2612945 via doris-1 rows=10184 [doris-1:f:up doris-2:M:up doris-3:f:up]
16:35:27 #31 OK INSERT id=2612946 via doris-1 rows=10186 [doris-1:f:up doris-2:M:up doris-3:f:up]
16:35:28 EVENT break: fe hang on doris-1 (FE follower)
16:35:28 #32 OK UPSERT id=2612946 via doris-1 rows=10186 [doris-1:f:up doris-2:M:up doris-3:f:up]
16:35:29 #33 OK SELECT id=2612946 via doris-1 rows=10186 [doris-1:f:up doris-2:M:up doris-3:f:up]
16:35:31 #34 OK DELETE id=2612946 via doris-1 rows=10184 [doris-1:f:up doris-2:M:up doris-3:f:up]
16:35:40 #35 FAIL SELECT id=2612946 via doris-1: CommunicationsException: Communications link failure  The last packet successfully received from the server was 9,019 milliseconds ago.
16:35:49 connected to doris-2 (driver-selected host)
16:35:49 #36 OK INSERT id=2612947 via doris-2 rows=10185 [doris-1:f:DOWN doris-2:M:up doris-3:f:up] (recovered)
16:35:50 #37 OK UPSERT id=2612947 via doris-2 rows=10185 [doris-1:f:DOWN doris-2:M:up doris-3:f:up]
16:35:51 #38 OK SELECT id=2612947 via doris-2 rows=10185 [doris-1:f:DOWN doris-2:M:up doris-3:f:up]
16:35:52 #39 OK DELETE id=2612947 via doris-2 rows=10184 [doris-1:f:DOWN doris-2:M:up doris-3:f:up]
16:35:53 #40 OK SELECT id=2612947 via doris-2 rows=10184 [doris-1:f:DOWN doris-2:M:up doris-3:f:up]
16:35:54 #41 OK INSERT id=2612948 via doris-2 rows=10185 [doris-1:f:DOWN doris-2:M:up doris-3:f:up]
16:35:55 #42 OK UPSERT id=2612948 via doris-2 rows=10185 [doris-1:f:DOWN doris-2:M:up doris-3:f:up]
16:35:56 #43 OK SELECT id=2612948 via doris-2 rows=10185 [doris-1:f:DOWN doris-2:M:up doris-3:f:up]
16:35:57 #44 OK DELETE id=2612948 via doris-2 rows=10185 [doris-1:f:DOWN doris-2:M:up doris-3:f:up]
16:35:58 #45 OK SELECT id=2612948 via doris-2 rows=10185 [doris-1:f:DOWN doris-2:M:up doris-3:f:up]
16:35:59 #46 OK INSERT id=2612949 via doris-2 rows=10186 [doris-1:f:DOWN doris-2:M:up doris-3:f:up]
16:36:01 #47 OK UPSERT id=2612949 via doris-2 rows=10185 [doris-1:f:DOWN doris-2:M:up doris-3:f:up]
16:36:02 #48 OK SELECT id=2612949 via doris-2 rows=10185 [doris-1:f:DOWN doris-2:M:up doris-3:f:up]
16:36:03 #49 OK DELETE id=2612949 via doris-2 rows=10185 [doris-1:f:DOWN doris-2:M:up doris-3:f:up]
16:36:04 #50 OK SELECT id=2612949 via doris-2 rows=10185 [doris-1:f:DOWN doris-2:M:up doris-3:f:up]
16:36:05 #51 OK INSERT id=2612950 via doris-2 rows=10186 [doris-1:f:DOWN doris-2:M:up doris-3:f:up]
16:36:14 #52 OK UPSERT id=2612950 via doris-2 rows=10186 [doris-1:f:DOWN doris-2:M:up doris-3:f:up]
16:36:15 #53 OK SELECT id=2612950 via doris-2 rows=10186 [doris-1:f:DOWN doris-2:M:up doris-3:f:up]
16:36:16 #54 OK DELETE id=2612950 via doris-2 rows=10185 [doris-1:f:DOWN doris-2:M:up doris-3:f:up]
16:36:17 #55 OK SELECT id=2612950 via doris-2 rows=10184 [doris-1:f:DOWN doris-2:M:up doris-3:f:up]
16:36:18 #56 OK INSERT id=2612951 via doris-2 rows=10185 [doris-1:f:DOWN doris-2:M:up doris-3:f:up]
16:36:19 #57 OK UPSERT id=2612951 via doris-2 rows=10186 [doris-1:f:DOWN doris-2:M:up doris-3:f:up]
16:36:20 #58 OK SELECT id=2612951 via doris-2 rows=10186 [doris-1:f:DOWN doris-2:M:up doris-3:f:up]
16:36:21 #59 OK DELETE id=2612951 via doris-2 rows=10185 [doris-1:f:DOWN doris-2:M:up doris-3:f:up]
16:36:22 #60 OK SELECT id=2612951 via doris-2 rows=10184 [doris-1:f:DOWN doris-2:M:up doris-3:f:up]
16:36:24 #61 OK INSERT id=2612952 via doris-2 rows=10185 [doris-1:f:DOWN doris-2:M:up doris-3:f:up]
16:36:25 #62 OK UPSERT id=2612952 via doris-2 rows=10186 [doris-1:f:DOWN doris-2:M:up doris-3:f:up]
16:36:26 #63 OK SELECT id=2612952 via doris-2 rows=10186 [doris-1:f:DOWN doris-2:M:up doris-3:f:up]
16:36:27 #64 OK DELETE id=2612952 via doris-2 rows=10185 [doris-1:f:DOWN doris-2:M:up doris-3:f:up]
16:36:28 #65 OK SELECT id=2612952 via doris-2 rows=10184 [doris-1:f:DOWN doris-2:M:up doris-3:f:up]
16:36:29 #66 OK INSERT id=2612953 via doris-2 rows=10185 [doris-1:f:DOWN doris-2:M:up doris-3:f:up]
16:36:30 #67 OK UPSERT id=2612953 via doris-2 rows=10186 [doris-1:f:DOWN doris-2:M:up doris-3:f:up]
16:36:39 #68 OK SELECT id=2612953 via doris-2 rows=10186 [doris-1:f:DOWN doris-2:M:up doris-3:f:up]
16:36:40 #69 OK DELETE id=2612953 via doris-2 rows=10184 [doris-1:f:DOWN doris-2:M:up doris-3:f:up]
16:36:41 #70 OK SELECT id=2612953 via doris-2 rows=10185 [doris-1:f:DOWN doris-2:M:up doris-3:f:up]
16:36:42 #71 OK INSERT id=2612954 via doris-2 rows=10186 [doris-1:f:DOWN doris-2:M:up doris-3:f:up]
16:36:43 #72 OK UPSERT id=2612954 via doris-2 rows=10186 [doris-1:f:DOWN doris-2:M:up doris-3:f:up]
16:36:44 #73 OK SELECT id=2612954 via doris-2 rows=10185 [doris-1:f:DOWN doris-2:M:up doris-3:f:up]
16:36:46 #74 OK DELETE id=2612954 via doris-2 rows=10184 [doris-1:f:DOWN doris-2:M:up doris-3:f:up]
16:36:47 #75 OK SELECT id=2612954 via doris-2 rows=10185 [doris-1:f:DOWN doris-2:M:up doris-3:f:up]
16:36:48 #76 OK INSERT id=2612955 via doris-2 rows=10186 [doris-1:f:DOWN doris-2:M:up doris-3:f:up]
16:36:49 #77 OK UPSERT id=2612955 via doris-2 rows=10186 [doris-1:f:DOWN doris-2:M:up doris-3:f:up]
16:36:50 #78 OK SELECT id=2612955 via doris-2 rows=10185 [doris-1:f:DOWN doris-2:M:up doris-3:f:up]
16:36:51 #79 OK DELETE id=2612955 via doris-2 rows=10184 [doris-1:f:DOWN doris-2:M:up doris-3:f:up]
16:36:52 #80 OK SELECT id=2612955 via doris-2 rows=10185 [doris-1:f:DOWN doris-2:M:up doris-3:f:up]
16:36:53 #81 OK INSERT id=2612956 via doris-2 rows=10186 [doris-1:f:DOWN doris-2:M:up doris-3:f:up]
16:36:54 #82 OK UPSERT id=2612956 via doris-2 rows=10186 [doris-1:f:DOWN doris-2:M:up doris-3:f:up]
16:36:55 #83 OK SELECT id=2612956 via doris-2 rows=10185 [doris-1:f:DOWN doris-2:M:up doris-3:f:up]
16:36:56 #84 OK DELETE id=2612956 via doris-2 rows=10184 [doris-1:f:DOWN doris-2:M:up doris-3:f:up]
16:37:05 #85 OK SELECT id=2612956 via doris-2 rows=10185 [doris-1:f:DOWN doris-2:M:up doris-3:f:up]
16:37:06 #86 OK INSERT id=2612957 via doris-2 rows=10185 [doris-1:f:DOWN doris-2:M:up doris-3:f:up]
16:37:08 #87 OK UPSERT id=2612957 via doris-2 rows=10186 [doris-1:f:DOWN doris-2:M:up doris-3:f:up]
16:37:09 #88 OK SELECT id=2612957 via doris-2 rows=10186 [doris-1:f:DOWN doris-2:M:up doris-3:f:up]
16:37:10 #89 OK DELETE id=2612957 via doris-2 rows=10185 [doris-1:f:DOWN doris-2:M:up doris-3:f:up]
16:37:11 #90 OK SELECT id=2612957 via doris-2 rows=10184 [doris-1:f:DOWN doris-2:M:up doris-3:f:up]
16:37:12 #91 OK INSERT id=2612958 via doris-2 rows=10185 [doris-1:f:DOWN doris-2:M:up doris-3:f:up]
16:37:13 #92 OK UPSERT id=2612958 via doris-2 rows=10186 [doris-1:f:DOWN doris-2:M:up doris-3:f:up]
16:37:14 EVENT restore: resume fe on doris-1
16:37:14 #93 OK SELECT id=2612958 via doris-2 rows=10186 [doris-1:f:DOWN doris-2:M:up doris-3:f:up]
16:37:15 #94 OK DELETE id=2612958 via doris-2 rows=10185 [doris-1:f:DOWN doris-2:M:up doris-3:f:up]
16:37:16 #95 OK SELECT id=2612958 via doris-2 rows=10184 [doris-1:f:DOWN doris-2:M:up doris-3:f:up]
16:37:17 #96 OK INSERT id=2612959 via doris-2 rows=10185 [doris-1:f:DOWN doris-2:M:up doris-3:f:up]
16:37:18 #97 OK UPSERT id=2612959 via doris-2 rows=10186 [doris-1:f:up doris-2:M:up doris-3:f:up]
16:37:19 #98 OK SELECT id=2612959 via doris-2 rows=10186 [doris-1:f:up doris-2:M:up doris-3:f:up]
16:37:20 #99 OK DELETE id=2612959 via doris-2 rows=10185 [doris-1:f:up doris-2:M:up doris-3:f:up]
16:37:21 #100 OK SELECT id=2612959 via doris-2 rows=10184 [doris-1:f:up doris-2:M:up doris-3:f:up]
16:37:22 #101 OK INSERT id=2612960 via doris-2 rows=10185 [doris-1:f:up doris-2:M:up doris-3:f:up]
16:37:24 #102 OK UPSERT id=2612960 via doris-2 rows=10186 [doris-1:f:up doris-2:M:up doris-3:f:up]
16:37:24 EVENT restore: cluster healthy
16:37:25 #103 OK SELECT id=2612960 via doris-2 rows=10186 [doris-1:f:up doris-2:M:up doris-3:f:up]
16:37:26 #104 OK DELETE id=2612960 via doris-2 rows=10185 [doris-1:f:up doris-2:M:up doris-3:f:up]
16:37:27 #105 OK SELECT id=2612960 via doris-2 rows=10184 [doris-1:f:up doris-2:M:up doris-3:f:up]
16:37:28 #106 OK INSERT id=2612961 via doris-2 rows=10185 [doris-1:f:up doris-2:M:up doris-3:f:up]
16:37:29 #107 OK UPSERT id=2612961 via doris-2 rows=10186 [doris-1:f:up doris-2:M:up doris-3:f:up]
16:37:30 #108 OK SELECT id=2612961 via doris-2 rows=10186 [doris-1:f:up doris-2:M:up doris-3:f:up]
16:37:31 #109 OK DELETE id=2612961 via doris-2 rows=10185 [doris-1:f:up doris-2:M:up doris-3:f:up]
16:37:32 #110 OK SELECT id=2612961 via doris-2 rows=10184 [doris-1:f:up doris-2:M:up doris-3:f:up]
16:37:33 #111 OK INSERT id=2612962 via doris-2 rows=10185 [doris-1:f:up doris-2:M:up doris-3:f:up]
16:37:34 #112 OK UPSERT id=2612962 via doris-2 rows=10186 [doris-1:f:up doris-2:M:up doris-3:f:up]
16:37:35 #113 OK SELECT id=2612962 via doris-2 rows=10186 [doris-1:f:up doris-2:M:up doris-3:f:up]
16:37:36 #114 OK DELETE id=2612962 via doris-2 rows=10185 [doris-1:f:up doris-2:M:up doris-3:f:up]
16:37:38 #115 OK SELECT id=2612962 via doris-2 rows=10184 [doris-1:f:up doris-2:M:up doris-3:f:up]
16:37:39 #116 OK INSERT id=2612963 via doris-2 rows=10185 [doris-1:f:up doris-2:M:up doris-3:f:up]
16:37:40 #117 OK UPSERT id=2612963 via doris-2 rows=10186 [doris-1:f:up doris-2:M:up doris-3:f:up]
16:37:41 #118 OK SELECT id=2612963 via doris-2 rows=10186 [doris-1:f:up doris-2:M:up doris-3:f:up]
16:37:42 #119 OK DELETE id=2612963 via doris-2 rows=10185 [doris-1:f:up doris-2:M:up doris-3:f:up]
16:37:43 #120 OK SELECT id=2612963 via doris-2 rows=10184 [doris-1:f:up doris-2:M:up doris-3:f:up]
16:37:44 #121 OK INSERT id=2612964 via doris-2 rows=10185 [doris-1:f:up doris-2:M:up doris-3:f:up]
16:37:45 #122 OK UPSERT id=2612964 via doris-2 rows=10186 [doris-1:f:up doris-2:M:up doris-3:f:up]
16:37:46 #123 OK SELECT id=2612964 via doris-2 rows=10186 [doris-1:f:up doris-2:M:up doris-3:f:up]
16:37:47 #124 OK DELETE id=2612964 via doris-2 rows=10185 [doris-1:f:up doris-2:M:up doris-3:f:up]
16:37:48 #125 OK SELECT id=2612964 via doris-2 rows=10184 [doris-1:f:up doris-2:M:up doris-3:f:up]
16:37:49 #126 OK INSERT id=2612965 via doris-2 rows=10185 [doris-1:f:up doris-2:M:up doris-3:f:up]
16:37:50 #127 OK UPSERT id=2612965 via doris-2 rows=10186 [doris-1:f:up doris-2:M:up doris-3:f:up]
16:37:51 #128 OK SELECT id=2612965 via doris-2 rows=10186 [doris-1:f:up doris-2:M:up doris-3:f:up]
