00:19:18 PROBE start proto=mysql hosts=doris-1,doris-2,doris-3 duration=86400s cycle=INSERT>UPSERT>SELECT>DELETE>SELECT
00:19:18 connected to doris-1 (10.140.0.2)
00:19:18 #1 OK INSERT id=1571580 via doris-1 rows=10039 [doris-1:f:up doris-2:f:up doris-3:M:up]
00:19:19 #2 OK UPSERT id=1571580 via doris-1 rows=10040 [doris-1:f:up doris-2:f:up doris-3:M:up]
00:19:20 #3 OK SELECT id=1571580 via doris-1 rows=10040 [doris-1:f:up doris-2:f:up doris-3:M:up]
00:19:21 #4 OK DELETE id=1571580 via doris-1 rows=10039 [doris-1:f:up doris-2:f:up doris-3:M:up]
00:19:22 #5 OK SELECT id=1571580 via doris-1 rows=10038 [doris-1:f:up doris-2:f:up doris-3:M:up]
00:19:23 #6 OK INSERT id=1571581 via doris-1 rows=10039 [doris-1:f:up doris-2:f:up doris-3:M:up]
00:19:24 #7 OK UPSERT id=1571581 via doris-1 rows=10040 [doris-1:f:up doris-2:f:up doris-3:M:up]
00:19:25 #8 OK SELECT id=1571581 via doris-1 rows=10040 [doris-1:f:up doris-2:f:up doris-3:M:up]
00:19:26 #9 OK DELETE id=1571581 via doris-1 rows=10039 [doris-1:f:up doris-2:f:up doris-3:M:up]
00:19:27 #10 OK SELECT id=1571581 via doris-1 rows=10038 [doris-1:f:up doris-2:f:up doris-3:M:up]
00:19:28 #11 OK INSERT id=1571582 via doris-1 rows=10039 [doris-1:f:up doris-2:f:up doris-3:M:up]
00:19:30 #12 OK UPSERT id=1571582 via doris-1 rows=10040 [doris-1:f:up doris-2:f:up doris-3:M:up]
00:19:31 #13 OK SELECT id=1571582 via doris-1 rows=10040 [doris-1:f:up doris-2:f:up doris-3:M:up]
00:19:32 #14 OK DELETE id=1571582 via doris-1 rows=10039 [doris-1:f:up doris-2:f:up doris-3:M:up]
00:19:33 #15 OK SELECT id=1571582 via doris-1 rows=10038 [doris-1:f:up doris-2:f:up doris-3:M:up]
00:19:34 #16 OK INSERT id=1571583 via doris-1 rows=10039 [doris-1:f:up doris-2:f:up doris-3:M:up]
00:19:35 #17 OK UPSERT id=1571583 via doris-1 rows=10040 [doris-1:f:up doris-2:f:up doris-3:M:up]
00:19:36 #18 OK SELECT id=1571583 via doris-1 rows=10040 [doris-1:f:up doris-2:f:up doris-3:M:up]
00:19:37 #19 OK DELETE id=1571583 via doris-1 rows=10039 [doris-1:f:up doris-2:f:up doris-3:M:up]
00:19:38 #20 OK SELECT id=1571583 via doris-1 rows=10038 [doris-1:f:up doris-2:f:up doris-3:M:up]
00:19:39 #21 OK INSERT id=1571584 via doris-1 rows=10039 [doris-1:f:up doris-2:f:up doris-3:M:up]
00:19:40 #22 OK UPSERT id=1571584 via doris-1 rows=10040 [doris-1:f:up doris-2:f:up doris-3:M:up]
00:19:41 #23 OK SELECT id=1571584 via doris-1 rows=10040 [doris-1:f:up doris-2:f:up doris-3:M:up]
00:19:42 #24 OK DELETE id=1571584 via doris-1 rows=10039 [doris-1:f:up doris-2:f:up doris-3:M:up]
00:19:43 #25 OK SELECT id=1571584 via doris-1 rows=10038 [doris-1:f:up doris-2:f:up doris-3:M:up]
00:19:44 #26 OK INSERT id=1571585 via doris-1 rows=10039 [doris-1:f:up doris-2:f:up doris-3:M:up]
00:19:45 #27 OK UPSERT id=1571585 via doris-1 rows=10040 [doris-1:f:up doris-2:f:up doris-3:M:up]
00:19:46 #28 OK SELECT id=1571585 via doris-1 rows=10040 [doris-1:f:up doris-2:f:up doris-3:M:up]
00:19:48 #29 OK DELETE id=1571585 via doris-1 rows=10039 [doris-1:f:up doris-2:f:up doris-3:M:up]
00:19:49 #30 OK SELECT id=1571585 via doris-1 rows=10038 [doris-1:f:up doris-2:f:up doris-3:M:up]
00:19:50 #31 OK INSERT id=1571586 via doris-1 rows=10039 [doris-1:f:up doris-2:f:up doris-3:M:up]
00:19:51 #32 OK UPSERT id=1571586 via doris-1 rows=10040 [doris-1:f:up doris-2:f:up doris-3:M:up]
00:19:52 EVENT break: fe hang on doris-1 (FE follower)
00:19:52 #33 OK SELECT id=1571586 via doris-1 rows=10040 [doris-1:f:up doris-2:f:up doris-3:M:up]
00:19:53 #34 OK DELETE id=1571586 via doris-1 rows=10039 [doris-1:f:up doris-2:f:up doris-3:M:up]
00:20:02 #35 FAIL SELECT id=1571586 via doris-1: OperationalError: (2013, 'Lost connection to MySQL server during query (timed out)')
00:20:11 connected to doris-2 (10.140.0.3)
00:20:11 #36 OK INSERT id=1571587 via doris-2 rows=10039 [doris-1:f:DOWN doris-2:f:up doris-3:M:up] (recovered)
00:20:12 #37 OK UPSERT id=1571587 via doris-2 rows=10040 [doris-1:f:DOWN doris-2:f:up doris-3:M:up]
00:20:13 #38 OK SELECT id=1571587 via doris-2 rows=10040 [doris-1:f:DOWN doris-2:f:up doris-3:M:up]
00:20:14 #39 OK DELETE id=1571587 via doris-2 rows=10039 [doris-1:f:DOWN doris-2:f:up doris-3:M:up]
00:20:15 #40 OK SELECT id=1571587 via doris-2 rows=10038 [doris-1:f:DOWN doris-2:f:up doris-3:M:up]
00:20:17 #41 OK INSERT id=1571588 via doris-2 rows=10039 [doris-1:f:DOWN doris-2:f:up doris-3:M:up]
00:20:18 #42 OK UPSERT id=1571588 via doris-2 rows=10040 [doris-1:f:DOWN doris-2:f:up doris-3:M:up]
00:20:19 #43 OK SELECT id=1571588 via doris-2 rows=10040 [doris-1:f:DOWN doris-2:f:up doris-3:M:up]
00:20:20 #44 OK DELETE id=1571588 via doris-2 rows=10039 [doris-1:f:DOWN doris-2:f:up doris-3:M:up]
00:20:21 #45 OK SELECT id=1571588 via doris-2 rows=10038 [doris-1:f:DOWN doris-2:f:up doris-3:M:up]
00:20:22 #46 OK INSERT id=1571589 via doris-2 rows=10039 [doris-1:f:DOWN doris-2:f:up doris-3:M:up]
00:20:23 #47 OK UPSERT id=1571589 via doris-2 rows=10040 [doris-1:f:DOWN doris-2:f:up doris-3:M:up]
00:20:24 #48 OK SELECT id=1571589 via doris-2 rows=10040 [doris-1:f:DOWN doris-2:f:up doris-3:M:up]
00:20:25 #49 OK DELETE id=1571589 via doris-2 rows=10039 [doris-1:f:DOWN doris-2:f:up doris-3:M:up]
00:20:26 #50 OK SELECT id=1571589 via doris-2 rows=10038 [doris-1:f:DOWN doris-2:f:up doris-3:M:up]
00:20:27 #51 OK INSERT id=1571590 via doris-2 rows=10039 [doris-1:f:DOWN doris-2:f:up doris-3:M:up]
00:20:28 #52 OK UPSERT id=1571590 via doris-2 rows=10040 [doris-1:f:DOWN doris-2:f:up doris-3:M:up]
00:20:30 #53 OK SELECT id=1571590 via doris-2 rows=10040 [doris-1:f:DOWN doris-2:f:up doris-3:M:up]
00:20:31 #54 OK DELETE id=1571590 via doris-2 rows=10039 [doris-1:f:DOWN doris-2:f:up doris-3:M:up]
00:20:32 #55 OK SELECT id=1571590 via doris-2 rows=10039 [doris-1:f:DOWN doris-2:f:up doris-3:M:up]
00:20:33 #56 OK INSERT id=1571591 via doris-2 rows=10040 [doris-1:f:DOWN doris-2:f:up doris-3:M:up]
00:20:34 #57 OK UPSERT id=1571591 via doris-2 rows=10040 [doris-1:f:DOWN doris-2:f:up doris-3:M:up]
00:20:35 #58 OK SELECT id=1571591 via doris-2 rows=10040 [doris-1:f:DOWN doris-2:f:up doris-3:M:up]
00:20:36 #59 OK DELETE id=1571591 via doris-2 rows=10039 [doris-1:f:DOWN doris-2:f:up doris-3:M:up]
00:20:37 #60 OK SELECT id=1571591 via doris-2 rows=10039 [doris-1:f:DOWN doris-2:f:up doris-3:M:up]
00:20:38 #61 OK INSERT id=1571592 via doris-2 rows=10040 [doris-1:f:DOWN doris-2:f:up doris-3:M:up]
00:20:39 #62 OK UPSERT id=1571592 via doris-2 rows=10040 [doris-1:f:DOWN doris-2:f:up doris-3:M:up]
00:20:40 #63 OK SELECT id=1571592 via doris-2 rows=10039 [doris-1:f:DOWN doris-2:f:up doris-3:M:up]
00:20:41 #64 OK DELETE id=1571592 via doris-2 rows=10038 [doris-1:f:DOWN doris-2:f:up doris-3:M:up]
00:20:43 #65 OK SELECT id=1571592 via doris-2 rows=10039 [doris-1:f:DOWN doris-2:f:up doris-3:M:up]
00:20:44 #66 OK INSERT id=1571593 via doris-2 rows=10040 [doris-1:f:DOWN doris-2:f:up doris-3:M:up]
00:20:45 #67 OK UPSERT id=1571593 via doris-2 rows=10040 [doris-1:f:DOWN doris-2:f:up doris-3:M:up]
00:20:46 #68 OK SELECT id=1571593 via doris-2 rows=10039 [doris-1:f:DOWN doris-2:f:up doris-3:M:up]
00:20:47 #69 OK DELETE id=1571593 via doris-2 rows=10038 [doris-1:f:DOWN doris-2:f:up doris-3:M:up]
00:20:48 #70 OK SELECT id=1571593 via doris-2 rows=10039 [doris-1:f:DOWN doris-2:f:up doris-3:M:up]
00:20:49 #71 OK INSERT id=1571594 via doris-2 rows=10040 [doris-1:f:DOWN doris-2:f:up doris-3:M:up]
00:20:50 #72 OK UPSERT id=1571594 via doris-2 rows=10040 [doris-1:f:DOWN doris-2:f:up doris-3:M:up]
00:20:51 #73 OK SELECT id=1571594 via doris-2 rows=10039 [doris-1:f:DOWN doris-2:f:up doris-3:M:up]
00:20:52 #74 OK DELETE id=1571594 via doris-2 rows=10038 [doris-1:f:DOWN doris-2:f:up doris-3:M:up]
00:20:53 #75 OK SELECT id=1571594 via doris-2 rows=10039 [doris-1:f:DOWN doris-2:f:up doris-3:M:up]
00:20:54 #76 OK INSERT id=1571595 via doris-2 rows=10040 [doris-1:f:DOWN doris-2:f:up doris-3:M:up]
00:20:55 #77 OK UPSERT id=1571595 via doris-2 rows=10040 [doris-1:f:DOWN doris-2:f:up doris-3:M:up]
00:20:57 #78 OK SELECT id=1571595 via doris-2 rows=10040 [doris-1:f:DOWN doris-2:f:up doris-3:M:up]
00:20:58 #79 OK DELETE id=1571595 via doris-2 rows=10039 [doris-1:f:DOWN doris-2:f:up doris-3:M:up]
00:20:59 #80 OK SELECT id=1571595 via doris-2 rows=10039 [doris-1:f:DOWN doris-2:f:up doris-3:M:up]
00:21:00 #81 OK INSERT id=1571596 via doris-2 rows=10040 [doris-1:f:DOWN doris-2:f:up doris-3:M:up]
00:21:01 #82 OK UPSERT id=1571596 via doris-2 rows=10040 [doris-1:f:DOWN doris-2:f:up doris-3:M:up]
00:21:02 #83 OK SELECT id=1571596 via doris-2 rows=10040 [doris-1:f:DOWN doris-2:f:up doris-3:M:up]
00:21:03 #84 OK DELETE id=1571596 via doris-2 rows=10039 [doris-1:f:DOWN doris-2:f:up doris-3:M:up]
00:21:04 #85 OK SELECT id=1571596 via doris-2 rows=10038 [doris-1:f:DOWN doris-2:f:up doris-3:M:up]
00:21:05 #86 OK INSERT id=1571597 via doris-2 rows=10039 [doris-1:f:DOWN doris-2:f:up doris-3:M:up]
00:21:06 #87 OK UPSERT id=1571597 via doris-2 rows=10040 [doris-1:f:DOWN doris-2:f:up doris-3:M:up]
00:21:07 #88 OK SELECT id=1571597 via doris-2 rows=10040 [doris-1:f:DOWN doris-2:f:up doris-3:M:up]
00:21:08 #89 OK DELETE id=1571597 via doris-2 rows=10039 [doris-1:f:DOWN doris-2:f:up doris-3:M:up]
00:21:09 #90 OK SELECT id=1571597 via doris-2 rows=10038 [doris-1:f:DOWN doris-2:f:up doris-3:M:up]
00:21:10 #91 OK INSERT id=1571598 via doris-2 rows=10039 [doris-1:f:DOWN doris-2:f:up doris-3:M:up]
00:21:12 #92 OK UPSERT id=1571598 via doris-2 rows=10040 [doris-1:f:DOWN doris-2:f:up doris-3:M:up]
00:21:13 #93 OK SELECT id=1571598 via doris-2 rows=10040 [doris-1:f:DOWN doris-2:f:up doris-3:M:up]
00:21:14 #94 OK DELETE id=1571598 via doris-2 rows=10039 [doris-1:f:DOWN doris-2:f:up doris-3:M:up]
00:21:15 #95 OK SELECT id=1571598 via doris-2 rows=10038 [doris-1:f:DOWN doris-2:f:up doris-3:M:up]
00:21:16 #96 OK INSERT id=1571599 via doris-2 rows=10039 [doris-1:f:DOWN doris-2:f:up doris-3:M:up]
00:21:17 #97 OK UPSERT id=1571599 via doris-2 rows=10040 [doris-1:f:DOWN doris-2:f:up doris-3:M:up]
00:21:18 #98 OK SELECT id=1571599 via doris-2 rows=10040 [doris-1:f:DOWN doris-2:f:up doris-3:M:up]
00:21:19 #99 OK DELETE id=1571599 via doris-2 rows=10039 [doris-1:f:DOWN doris-2:f:up doris-3:M:up]
00:21:20 #100 OK SELECT id=1571599 via doris-2 rows=10038 [doris-1:f:DOWN doris-2:f:up doris-3:M:up]
00:21:21 #101 OK INSERT id=1571600 via doris-2 rows=10039 [doris-1:f:DOWN doris-2:f:up doris-3:M:up]
00:21:22 #102 OK UPSERT id=1571600 via doris-2 rows=10039 [doris-1:f:DOWN doris-2:f:up doris-3:M:up]
00:21:23 #103 OK SELECT id=1571600 via doris-2 rows=10039 [doris-1:f:DOWN doris-2:f:up doris-3:M:up]
00:21:24 #104 OK DELETE id=1571600 via doris-2 rows=10038 [doris-1:f:DOWN doris-2:f:up doris-3:M:up]
00:21:25 #105 OK SELECT id=1571600 via doris-2 rows=10038 [doris-1:f:DOWN doris-2:f:up doris-3:M:up]
00:21:26 #106 OK INSERT id=1571601 via doris-2 rows=10039 [doris-1:f:DOWN doris-2:f:up doris-3:M:up]
00:21:28 #107 OK UPSERT id=1571601 via doris-2 rows=10039 [doris-1:f:DOWN doris-2:f:up doris-3:M:up]
00:21:29 #108 OK SELECT id=1571601 via doris-2 rows=10039 [doris-1:f:DOWN doris-2:f:up doris-3:M:up]
00:21:30 #109 OK DELETE id=1571601 via doris-2 rows=10038 [doris-1:f:DOWN doris-2:f:up doris-3:M:up]
00:21:31 #110 OK SELECT id=1571601 via doris-2 rows=10039 [doris-1:f:DOWN doris-2:f:up doris-3:M:up]
00:21:32 #111 OK INSERT id=1571602 via doris-2 rows=10040 [doris-1:f:DOWN doris-2:f:up doris-3:M:up]
00:21:33 #112 OK UPSERT id=1571602 via doris-2 rows=10040 [doris-1:f:DOWN doris-2:f:up doris-3:M:up]
00:21:34 #113 OK SELECT id=1571602 via doris-2 rows=10039 [doris-1:f:DOWN doris-2:f:up doris-3:M:up]
00:21:35 #114 OK DELETE id=1571602 via doris-2 rows=10038 [doris-1:f:DOWN doris-2:f:up doris-3:M:up]
00:21:36 #115 OK SELECT id=1571602 via doris-2 rows=10039 [doris-1:f:DOWN doris-2:f:up doris-3:M:up]
00:21:37 EVENT restore: resume fe on doris-1
00:21:37 #116 OK INSERT id=1571603 via doris-2 rows=10040 [doris-1:f:DOWN doris-2:f:up doris-3:M:up]
00:21:38 #117 OK UPSERT id=1571603 via doris-2 rows=10040 [doris-1:f:DOWN doris-2:f:up doris-3:M:up]
00:21:39 #118 OK SELECT id=1571603 via doris-2 rows=10039 [doris-1:f:DOWN doris-2:f:up doris-3:M:up]
00:21:40 #119 OK DELETE id=1571603 via doris-2 rows=10038 [doris-1:f:up doris-2:f:up doris-3:M:up]
00:21:41 #120 OK SELECT id=1571603 via doris-2 rows=10039 [doris-1:f:up doris-2:f:up doris-3:M:up]
00:21:42 EVENT restore: cluster healthy
00:21:42 #121 OK INSERT id=1571604 via doris-2 rows=10040 [doris-1:f:up doris-2:f:up doris-3:M:up]
00:21:44 #122 OK UPSERT id=1571604 via doris-2 rows=10040 [doris-1:f:up doris-2:f:up doris-3:M:up]
00:21:45 #123 OK SELECT id=1571604 via doris-2 rows=10039 [doris-1:f:up doris-2:f:up doris-3:M:up]
00:21:46 #124 OK DELETE id=1571604 via doris-2 rows=10038 [doris-1:f:up doris-2:f:up doris-3:M:up]
00:21:47 #125 OK SELECT id=1571604 via doris-2 rows=10039 [doris-1:f:up doris-2:f:up doris-3:M:up]
00:21:48 #126 OK INSERT id=1571605 via doris-2 rows=10040 [doris-1:f:up doris-2:f:up doris-3:M:up]
00:21:49 #127 OK UPSERT id=1571605 via doris-2 rows=10040 [doris-1:f:up doris-2:f:up doris-3:M:up]
00:21:50 #128 OK SELECT id=1571605 via doris-2 rows=10039 [doris-1:f:up doris-2:f:up doris-3:M:up]
00:21:51 #129 OK DELETE id=1571605 via doris-2 rows=10038 [doris-1:f:up doris-2:f:up doris-3:M:up]
00:21:52 #130 OK SELECT id=1571605 via doris-2 rows=10039 [doris-1:f:up doris-2:f:up doris-3:M:up]
00:21:53 #131 OK INSERT id=1571606 via doris-2 rows=10040 [doris-1:f:up doris-2:f:up doris-3:M:up]
00:21:54 #132 OK UPSERT id=1571606 via doris-2 rows=10040 [doris-1:f:up doris-2:f:up doris-3:M:up]
00:21:55 #133 OK SELECT id=1571606 via doris-2 rows=10039 [doris-1:f:up doris-2:f:up doris-3:M:up]
00:21:56 #134 OK DELETE id=1571606 via doris-2 rows=10038 [doris-1:f:up doris-2:f:up doris-3:M:up]
00:21:57 #135 OK SELECT id=1571606 via doris-2 rows=10039 [doris-1:f:up doris-2:f:up doris-3:M:up]
00:21:58 #136 OK INSERT id=1571607 via doris-2 rows=10040 [doris-1:f:up doris-2:f:up doris-3:M:up]
00:22:00 #137 OK UPSERT id=1571607 via doris-2 rows=10040 [doris-1:f:up doris-2:f:up doris-3:M:up]
00:22:01 #138 OK SELECT id=1571607 via doris-2 rows=10039 [doris-1:f:up doris-2:f:up doris-3:M:up]
00:22:02 #139 OK DELETE id=1571607 via doris-2 rows=10038 [doris-1:f:up doris-2:f:up doris-3:M:up]
00:22:03 #140 OK SELECT id=1571607 via doris-2 rows=10039 [doris-1:f:up doris-2:f:up doris-3:M:up]
00:22:04 #141 OK INSERT id=1571608 via doris-2 rows=10040 [doris-1:f:up doris-2:f:up doris-3:M:up]
00:22:05 #142 OK UPSERT id=1571608 via doris-2 rows=10040 [doris-1:f:up doris-2:f:up doris-3:M:up]
00:22:06 #143 OK SELECT id=1571608 via doris-2 rows=10039 [doris-1:f:up doris-2:f:up doris-3:M:up]
00:22:07 #144 OK DELETE id=1571608 via doris-2 rows=10039 [doris-1:f:up doris-2:f:up doris-3:M:up]
00:22:08 #145 OK SELECT id=1571608 via doris-2 rows=10039 [doris-1:f:up doris-2:f:up doris-3:M:up]
