04:07:29 PROBE start proto=arrow-flight hosts=doris-1,doris-2,doris-3 duration=86400s cycle=INSERT>UPSERT>SELECT>DELETE>SELECT
04:07:29 connected to doris-1 (10.140.0.2)
04:07:29 DML unsupported over arrow-flight (InternalError: RuntimeException, msg: getMysqlChannel not in mysql connection (Internal; ExecuteQuery)) — switching to SELECT-only mode
04:07:30 #1 OK SELECT id=3708490 via doris-1 rows=10102 [doris-1:f:up doris-2:M:up doris-3:f:up]
04:07:31 #2 OK SELECT id=3708490 via doris-1 rows=10103 [doris-1:f:up doris-2:M:up doris-3:f:up]
04:07:32 #3 OK SELECT id=3708490 via doris-1 rows=10103 [doris-1:f:up doris-2:M:up doris-3:f:up]
04:07:33 #4 OK SELECT id=3708490 via doris-1 rows=10102 [doris-1:f:up doris-2:M:up doris-3:f:up]
04:07:34 #5 OK SELECT id=3708490 via doris-1 rows=10101 [doris-1:f:up doris-2:M:up doris-3:f:up]
04:07:35 #6 OK SELECT id=3708490 via doris-1 rows=10102 [doris-1:f:up doris-2:M:up doris-3:f:up]
04:07:36 #7 OK SELECT id=3708490 via doris-1 rows=10103 [doris-1:f:up doris-2:M:up doris-3:f:up]
04:07:37 #8 OK SELECT id=3708490 via doris-1 rows=10103 [doris-1:f:up doris-2:M:up doris-3:f:up]
04:07:38 #9 OK SELECT id=3708490 via doris-1 rows=10103 [doris-1:f:up doris-2:M:up doris-3:f:up]
04:07:39 #10 OK SELECT id=3708490 via doris-1 rows=10101 [doris-1:f:up doris-2:M:up doris-3:f:up]
04:07:40 #11 OK SELECT id=3708490 via doris-1 rows=10101 [doris-1:f:up doris-2:M:up doris-3:f:up]
04:07:41 #12 OK SELECT id=3708490 via doris-1 rows=10103 [doris-1:f:up doris-2:M:up doris-3:f:up]
04:07:42 #13 OK SELECT id=3708490 via doris-1 rows=10103 [doris-1:f:up doris-2:M:up doris-3:f:up]
04:07:43 #14 OK SELECT id=3708490 via doris-1 rows=10103 [doris-1:f:up doris-2:M:up doris-3:f:up]
04:07:44 #15 OK SELECT id=3708490 via doris-1 rows=10101 [doris-1:f:up doris-2:M:up doris-3:f:up]
04:07:45 #16 OK SELECT id=3708490 via doris-1 rows=10101 [doris-1:f:up doris-2:M:up doris-3:f:up]
04:07:47 #17 OK SELECT id=3708490 via doris-1 rows=10103 [doris-1:f:up doris-2:M:up doris-3:f:up]
04:07:48 #18 OK SELECT id=3708490 via doris-1 rows=10103 [doris-1:f:up doris-2:M:up doris-3:f:up]
04:07:49 #19 OK SELECT id=3708490 via doris-1 rows=10103 [doris-1:f:up doris-2:M:up doris-3:f:up]
04:07:50 #20 OK SELECT id=3708490 via doris-1 rows=10101 [doris-1:f:up doris-2:M:up doris-3:f:up]
04:07:51 #21 OK SELECT id=3708490 via doris-1 rows=10101 [doris-1:f:up doris-2:M:up doris-3:f:up]
04:07:52 #22 OK SELECT id=3708490 via doris-1 rows=10103 [doris-1:f:up doris-2:M:up doris-3:f:up]
04:07:53 #23 OK SELECT id=3708490 via doris-1 rows=10103 [doris-1:f:up doris-2:M:up doris-3:f:up]
04:07:54 #24 OK SELECT id=3708490 via doris-1 rows=10103 [doris-1:f:up doris-2:M:up doris-3:f:up]
04:07:55 #25 OK SELECT id=3708490 via doris-1 rows=10101 [doris-1:f:up doris-2:M:up doris-3:f:up]
04:07:56 #26 OK SELECT id=3708490 via doris-1 rows=10101 [doris-1:f:up doris-2:M:up doris-3:f:up]
04:07:57 #27 OK SELECT id=3708490 via doris-1 rows=10103 [doris-1:f:up doris-2:M:up doris-3:f:up]
04:07:58 #28 OK SELECT id=3708490 via doris-1 rows=10103 [doris-1:f:up doris-2:M:up doris-3:f:up]
04:07:59 #29 OK SELECT id=3708490 via doris-1 rows=10103 [doris-1:f:up doris-2:M:up doris-3:f:up]
04:08:00 #30 OK SELECT id=3708490 via doris-1 rows=10101 [doris-1:f:up doris-2:M:up doris-3:f:up]
04:08:01 #31 OK SELECT id=3708490 via doris-1 rows=10101 [doris-1:f:up doris-2:M:up doris-3:f:up]
04:08:02 #32 OK SELECT id=3708490 via doris-1 rows=10103 [doris-1:f:up doris-2:M:up doris-3:f:up]
04:08:03 EVENT break: vm stop on doris-2 (FE master)
04:08:04 #33 OK SELECT id=3708490 via doris-1 rows=10103 [doris-1:f:up doris-2:M:up doris-3:f:up]
04:08:05 #34 OK SELECT id=3708490 via doris-1 rows=10103 [doris-1:f:up doris-2:M:up doris-3:f:up]
04:08:06 #35 OK SELECT id=3708490 via doris-1 rows=10101 [doris-1:f:up doris-2:M:up doris-3:f:up]
04:08:07 #36 FAIL SELECT id=3708490 via doris-1: InternalError: INTERNAL: [FlightSQL] get flight info statement failed, after executeQueryStatement handleQuery, java.lang.Run
04:08:08 connected to doris-1 (10.140.0.2)
04:08:08 #37 FAIL SELECT id=3708490 via doris-1: InternalError: INTERNAL: [FlightSQL] get flight info statement failed, after executeQueryStatement handleQuery, java.lang.Run
04:08:09 connected to doris-1 (10.140.0.2)
04:08:17 #38 FAIL SELECT id=3708490 via doris-1: OperationalError: TIMEOUT: [FlightSQL] stream terminated by RST_STREAM with error code: CANCEL (DeadlineExceeded; ExecuteQuery).
04:08:18 connected to doris-1 (10.140.0.2)
04:08:26 #39 FAIL SELECT id=3708490 via doris-1: OperationalError: TIMEOUT: [FlightSQL] stream terminated by RST_STREAM with error code: CANCEL (DeadlineExceeded; ExecuteQuery).
04:08:27 connected to doris-1 (10.140.0.2)
04:08:27 EVENT break: doris-2 is down
04:08:35 #40 FAIL SELECT id=3708490 via doris-1: OperationalError: TIMEOUT: [FlightSQL] stream terminated by RST_STREAM with error code: CANCEL (DeadlineExceeded; ExecuteQuery).
04:08:36 connected to doris-1 (10.140.0.2)
04:08:36 #41 OK SELECT id=3708490 via doris-1 rows=10103 [doris-1:f:up doris-2:f:DOWN doris-3:M:up] (recovered)
04:08:37 #42 OK SELECT id=3708490 via doris-1 rows=10103 [doris-1:f:up doris-2:f:DOWN doris-3:M:up]
04:08:38 #43 OK SELECT id=3708490 via doris-1 rows=10102 [doris-1:f:up doris-2:f:DOWN doris-3:M:up]
04:08:39 #44 OK SELECT id=3708490 via doris-1 rows=10101 [doris-1:f:up doris-2:f:DOWN doris-3:M:up]
04:08:40 #45 OK SELECT id=3708490 via doris-1 rows=10102 [doris-1:f:up doris-2:f:DOWN doris-3:M:up]
04:08:41 #46 OK SELECT id=3708490 via doris-1 rows=10103 [doris-1:f:up doris-2:f:DOWN doris-3:M:up]
04:08:42 #47 OK SELECT id=3708490 via doris-1 rows=10103 [doris-1:f:up doris-2:f:DOWN doris-3:M:up]
04:08:43 #48 OK SELECT id=3708490 via doris-1 rows=10103 [doris-1:f:up doris-2:f:DOWN doris-3:M:up]
04:08:44 #49 OK SELECT id=3708490 via doris-1 rows=10101 [doris-1:f:up doris-2:f:DOWN doris-3:M:up]
04:08:46 #50 OK SELECT id=3708490 via doris-1 rows=10101 [doris-1:f:up doris-2:f:DOWN doris-3:M:up]
04:08:47 #51 OK SELECT id=3708490 via doris-1 rows=10103 [doris-1:f:up doris-2:f:DOWN doris-3:M:up]
04:08:48 #52 OK SELECT id=3708490 via doris-1 rows=10103 [doris-1:f:up doris-2:f:DOWN doris-3:M:up]
04:08:49 #53 OK SELECT id=3708490 via doris-1 rows=10103 [doris-1:f:up doris-2:f:DOWN doris-3:M:up]
04:08:50 #54 OK SELECT id=3708490 via doris-1 rows=10101 [doris-1:f:up doris-2:f:DOWN doris-3:M:up]
04:08:51 #55 OK SELECT id=3708490 via doris-1 rows=10101 [doris-1:f:up doris-2:f:DOWN doris-3:M:up]
04:08:52 #56 OK SELECT id=3708490 via doris-1 rows=10103 [doris-1:f:up doris-2:f:DOWN doris-3:M:up]
04:08:53 #57 OK SELECT id=3708490 via doris-1 rows=10103 [doris-1:f:up doris-2:f:DOWN doris-3:M:up]
04:08:54 #58 OK SELECT id=3708490 via doris-1 rows=10103 [doris-1:f:up doris-2:f:DOWN doris-3:M:up]
04:08:55 #59 OK SELECT id=3708490 via doris-1 rows=10101 [doris-1:f:up doris-2:f:DOWN doris-3:M:up]
04:08:56 #60 OK SELECT id=3708490 via doris-1 rows=10101 [doris-1:f:up doris-2:f:DOWN doris-3:M:up]
04:08:57 #61 OK SELECT id=3708490 via doris-1 rows=10103 [doris-1:f:up doris-2:f:DOWN doris-3:M:up]
04:08:58 #62 OK SELECT id=3708490 via doris-1 rows=10103 [doris-1:f:up doris-2:f:DOWN doris-3:M:up]
04:08:59 EVENT break: vm stop on doris-1 (FE follower)
04:08:59 #63 OK SELECT id=3708490 via doris-1 rows=10103 [doris-1:f:up doris-2:f:DOWN doris-3:M:up]
04:09:00 #64 OK SELECT id=3708490 via doris-1 rows=10101 [doris-1:f:up doris-2:f:DOWN doris-3:M:up]
04:09:01 #65 OK SELECT id=3708490 via doris-1 rows=10101 [doris-1:f:up doris-2:f:DOWN doris-3:M:up]
04:09:02 #66 FAIL SELECT id=3708490 via doris-1: OperationalError: IO: [FlightSQL] connection error: desc = "transport: Error while dialing: dial tcp 10.140.0.2:8070: connect: c
04:09:24 EVENT break: doris-1 is down
04:09:32 connected to doris-3 (10.140.0.4)
04:09:32 #67 OK SELECT id=3708490 via doris-3 rows=10102 [doris-1:f:DOWN doris-2:f:DOWN doris-3:M:up] (recovered)
04:09:33 #68 OK SELECT id=3708490 via doris-3 rows=10102 [doris-1:f:DOWN doris-2:f:DOWN doris-3:M:up]
04:09:34 #69 OK SELECT id=3708490 via doris-3 rows=10102 [doris-1:f:DOWN doris-2:f:DOWN doris-3:M:up]
04:09:36 #70 OK SELECT id=3708490 via doris-3 rows=10102 [doris-1:f:DOWN doris-2:f:DOWN doris-3:M:up]
04:09:37 #71 OK SELECT id=3708490 via doris-3 rows=10102 [doris-1:f:DOWN doris-2:f:DOWN doris-3:M:up]
04:09:38 #72 OK SELECT id=3708490 via doris-3 rows=10102 [doris-1:f:DOWN doris-2:f:DOWN doris-3:M:up]
04:09:39 #73 OK SELECT id=3708490 via doris-3 rows=10102 [doris-1:f:DOWN doris-2:f:DOWN doris-3:M:up]
04:09:40 #74 OK SELECT id=3708490 via doris-3 rows=10102 [doris-1:f:DOWN doris-2:f:DOWN doris-3:M:up]
04:09:41 #75 OK SELECT id=3708490 via doris-3 rows=10102 [doris-1:f:DOWN doris-2:f:DOWN doris-3:M:up]
04:09:42 #76 OK SELECT id=3708490 via doris-3 rows=10102 [doris-1:f:DOWN doris-2:f:DOWN doris-3:M:up]
04:09:43 #77 OK SELECT id=3708490 via doris-3 rows=10102 [doris-1:f:DOWN doris-2:f:DOWN doris-3:M:up]
04:09:44 #78 OK SELECT id=3708490 via doris-3 rows=10102 [doris-1:f:DOWN doris-2:f:DOWN doris-3:M:up]
04:09:45 #79 OK SELECT id=3708490 via doris-3 rows=10102 [doris-1:f:DOWN doris-2:f:DOWN doris-3:M:up]
04:09:47 #80 OK SELECT id=3708490 via doris-3 rows=10102 [doris-1:f:DOWN doris-2:f:DOWN doris-3:M:up]
04:09:48 #81 OK SELECT id=3708490 via doris-3 rows=10102 [doris-1:f:DOWN doris-2:f:DOWN doris-3:M:up]
04:09:49 #82 OK SELECT id=3708490 via doris-3 rows=10102 [doris-1:f:DOWN doris-2:f:DOWN doris-3:M:up]
04:09:50 #83 OK SELECT id=3708490 via doris-3 rows=10102 [doris-1:f:DOWN doris-2:f:DOWN doris-3:M:up]
04:09:51 #84 OK SELECT id=3708490 via doris-3 rows=10102 [doris-1:f:DOWN doris-2:f:DOWN doris-3:M:up]
04:09:52 #85 OK SELECT id=3708490 via doris-3 rows=10102 [doris-1:f:DOWN doris-2:f:DOWN doris-3:M:up]
04:09:53 #86 OK SELECT id=3708490 via doris-3 rows=10102 [doris-1:f:DOWN doris-2:f:DOWN doris-3:M:up]
04:09:54 #87 OK SELECT id=3708490 via doris-3 rows=10102 [doris-1:f:DOWN doris-2:f:DOWN doris-3:M:up]
04:09:55 #88 OK SELECT id=3708490 via doris-3 rows=10102 [doris-1:f:DOWN doris-2:f:DOWN doris-3:M:up]
04:09:56 #89 OK SELECT id=3708490 via doris-3 rows=10102 [doris-1:f:DOWN doris-2:f:DOWN doris-3:M:up]
04:09:57 #90 OK SELECT id=3708490 via doris-3 rows=10102 [doris-1:f:DOWN doris-2:f:DOWN doris-3:M:up]
04:09:58 #91 OK SELECT id=3708490 via doris-3 rows=10102 [doris-1:f:DOWN doris-2:f:DOWN doris-3:M:up]
04:10:00 #92 OK SELECT id=3708490 via doris-3 rows=10102 [doris-1:f:DOWN doris-2:f:DOWN doris-3:M:up]
04:10:01 #93 OK SELECT id=3708490 via doris-3 rows=10102 [doris-1:f:DOWN doris-2:f:DOWN doris-3:M:up]
04:10:02 #94 OK SELECT id=3708490 via doris-3 rows=10102 [doris-1:f:DOWN doris-2:f:DOWN doris-3:M:up]
04:10:03 #95 OK SELECT id=3708490 via doris-3 rows=10102 [doris-1:f:DOWN doris-2:f:DOWN doris-3:M:up]
04:10:04 #96 OK SELECT id=3708490 via doris-3 rows=10102 [doris-1:f:DOWN doris-2:f:DOWN doris-3:M:up]
04:10:05 #97 OK SELECT id=3708490 via doris-3 rows=10102 [doris-1:f:DOWN doris-2:f:DOWN doris-3:M:up]
04:10:06 #98 OK SELECT id=3708490 via doris-3 rows=10102 [doris-1:f:DOWN doris-2:f:DOWN doris-3:M:up]
04:10:07 #99 OK SELECT id=3708490 via doris-3 rows=10102 [doris-1:f:DOWN doris-2:f:DOWN doris-3:M:up]
04:10:08 #100 OK SELECT id=3708490 via doris-3 rows=10102 [doris-1:f:DOWN doris-2:f:DOWN doris-3:M:up]
04:10:09 #101 OK SELECT id=3708490 via doris-3 rows=10102 [doris-1:f:DOWN doris-2:f:DOWN doris-3:M:up]
04:10:10 #102 OK SELECT id=3708490 via doris-3 rows=10102 [doris-1:f:DOWN doris-2:f:DOWN doris-3:M:up]
04:10:11 #103 OK SELECT id=3708490 via doris-3 rows=10102 [doris-1:f:DOWN doris-2:f:DOWN doris-3:M:up]
04:10:12 #104 OK SELECT id=3708490 via doris-3 rows=10102 [doris-1:f:DOWN doris-2:f:DOWN doris-3:M:up]
04:10:13 #105 OK SELECT id=3708490 via doris-3 rows=10102 [doris-1:f:DOWN doris-2:f:DOWN doris-3:M:up]
04:10:15 #106 OK SELECT id=3708490 via doris-3 rows=10102 [doris-1:f:DOWN doris-2:f:DOWN doris-3:M:up]
04:10:16 #107 OK SELECT id=3708490 via doris-3 rows=10102 [doris-1:f:DOWN doris-2:f:DOWN doris-3:M:up]
04:10:17 #108 OK SELECT id=3708490 via doris-3 rows=10102 [doris-1:f:DOWN doris-2:f:DOWN doris-3:M:up]
04:10:18 #109 OK SELECT id=3708490 via doris-3 rows=10102 [doris-1:f:DOWN doris-2:f:DOWN doris-3:M:up]
04:10:19 #110 OK SELECT id=3708490 via doris-3 rows=10102 [doris-1:f:DOWN doris-2:f:DOWN doris-3:M:up]
04:10:20 #111 OK SELECT id=3708490 via doris-3 rows=10102 [doris-1:f:DOWN doris-2:f:DOWN doris-3:M:up]
04:10:21 #112 OK SELECT id=3708490 via doris-3 rows=10102 [doris-1:f:DOWN doris-2:f:DOWN doris-3:M:up]
04:10:22 #113 OK SELECT id=3708490 via doris-3 rows=10102 [doris-1:f:DOWN doris-2:f:DOWN doris-3:M:up]
04:10:23 #114 OK SELECT id=3708490 via doris-3 rows=10102 [doris-1:f:DOWN doris-2:f:DOWN doris-3:M:up]
04:10:24 #115 OK SELECT id=3708490 via doris-3 rows=10102 [doris-1:f:DOWN doris-2:f:DOWN doris-3:M:up]
04:10:25 #116 OK SELECT id=3708490 via doris-3 rows=10102 [doris-1:f:DOWN doris-2:f:DOWN doris-3:M:up]
04:10:26 #117 OK SELECT id=3708490 via doris-3 rows=10102 [doris-1:f:DOWN doris-2:f:DOWN doris-3:M:up]
04:10:27 #118 FAIL SELECT id=3708490 via doris-3: OperationalError: IO: [FlightSQL] connection error: desc = "transport: Error while dialing: dial tcp 10.140.0.4:8070: connect: c
04:11:08 #119 FAIL SELECT id=3708490 via doris-3: OperationalError: IO: [FlightSQL] connection error: desc = "transport: Error while dialing: dial tcp 10.140.0.4:8070: connect: c
04:11:09 EVENT restore: start doris-1
04:11:18 EVENT restore: start doris-2
04:11:45 #120 FAIL SELECT id=3708490 via doris-3: OperationalError: IO: [FlightSQL] connection error: desc = "transport: Error while dialing: dial tcp 10.140.0.4:8070: connect: c
04:11:47 connected to doris-1 (10.140.0.2)
04:11:47 #121 FAIL SELECT id=3708490 via doris-1: InternalError: INTERNAL: [FlightSQL] get flight info statement failed, after executeQueryStatement handleQuery, java.lang.Run
04:11:48 connected to doris-1 (10.140.0.2)
04:11:48 #122 FAIL SELECT id=3708490 via doris-1: InternalError: INTERNAL: [FlightSQL] get flight info statement failed, after executeQueryStatement handleQuery, java.lang.Run
04:11:49 connected to doris-1 (10.140.0.2)
04:11:49 #123 FAIL SELECT id=3708490 via doris-1: InternalError: INTERNAL: [FlightSQL] get flight info statement failed, after executeQueryStatement handleQuery, java.lang.Run
04:11:50 connected to doris-1 (10.140.0.2)
04:11:51 #124 OK SELECT id=3708490 via doris-1 rows=10102 [doris-1:f:up doris-2:f:DOWN doris-3:M:up] (recovered)
04:11:52 #125 OK SELECT id=3708490 via doris-1 rows=10104 [doris-1:f:up doris-2:f:DOWN doris-3:M:up]
04:11:53 #126 OK SELECT id=3708490 via doris-1 rows=10104 [doris-1:f:up doris-2:f:DOWN doris-3:M:up]
04:11:54 #127 OK SELECT id=3708490 via doris-1 rows=10102 [doris-1:f:up doris-2:f:DOWN doris-3:M:up]
04:11:55 #128 OK SELECT id=3708490 via doris-1 rows=10102 [doris-1:f:up doris-2:f:DOWN doris-3:M:up]
04:11:56 #129 OK SELECT id=3708490 via doris-1 rows=10104 [doris-1:f:up doris-2:f:DOWN doris-3:M:up]
04:11:58 #130 OK SELECT id=3708490 via doris-1 rows=10104 [doris-1:f:up doris-2:f:DOWN doris-3:M:up]
04:11:59 #131 OK SELECT id=3708490 via doris-1 rows=10104 [doris-1:f:up doris-2:f:DOWN doris-3:M:up]
04:12:00 #132 OK SELECT id=3708490 via doris-1 rows=10102 [doris-1:f:up doris-2:f:up doris-3:M:up]
04:12:01 #133 OK SELECT id=3708490 via doris-1 rows=10102 [doris-1:f:up doris-2:f:up doris-3:M:up]
04:12:02 #134 OK SELECT id=3708490 via doris-1 rows=10104 [doris-1:f:up doris-2:f:up doris-3:M:up]
04:12:03 #135 OK SELECT id=3708490 via doris-1 rows=10104 [doris-1:f:up doris-2:f:up doris-3:M:up]
04:12:04 #136 OK SELECT id=3708490 via doris-1 rows=10104 [doris-1:f:up doris-2:f:up doris-3:M:up]
04:12:05 #137 OK SELECT id=3708490 via doris-1 rows=10103 [doris-1:f:up doris-2:f:up doris-3:M:up]
04:12:06 #138 OK SELECT id=3708490 via doris-1 rows=10102 [doris-1:f:up doris-2:f:up doris-3:M:up]
04:12:08 #139 OK SELECT id=3708490 via doris-1 rows=10104 [doris-1:f:up doris-2:f:up doris-3:M:up]
04:12:09 #140 OK SELECT id=3708490 via doris-1 rows=10104 [doris-1:f:up doris-2:f:up doris-3:M:up]
04:12:10 #141 OK SELECT id=3708490 via doris-1 rows=10104 [doris-1:f:up doris-2:f:up doris-3:M:up]
04:12:11 #142 OK SELECT id=3708490 via doris-1 rows=10103 [doris-1:f:up doris-2:f:up doris-3:M:up]
04:12:12 #143 OK SELECT id=3708490 via doris-1 rows=10102 [doris-1:f:up doris-2:f:up doris-3:M:up]
04:12:13 #144 OK SELECT id=3708490 via doris-1 rows=10103 [doris-1:f:up doris-2:f:up doris-3:M:up]
04:12:14 #145 OK SELECT id=3708490 via doris-1 rows=10104 [doris-1:f:up doris-2:f:up doris-3:M:up]
04:12:15 #146 OK SELECT id=3708490 via doris-1 rows=10104 [doris-1:f:up doris-2:f:up doris-3:M:up]
04:12:16 #147 OK SELECT id=3708490 via doris-1 rows=10103 [doris-1:f:up doris-2:f:up doris-3:M:up]
04:12:17 #148 OK SELECT id=3708490 via doris-1 rows=10102 [doris-1:f:up doris-2:f:up doris-3:M:up]
04:12:19 #149 OK SELECT id=3708490 via doris-1 rows=10103 [doris-1:f:up doris-2:f:up doris-3:M:up]
04:12:20 #150 OK SELECT id=3708490 via doris-1 rows=10104 [doris-1:f:up doris-2:f:up doris-3:M:up]
04:12:21 #151 OK SELECT id=3708490 via doris-1 rows=10104 [doris-1:f:up doris-2:f:up doris-3:M:up]
04:12:22 #152 OK SELECT id=3708490 via doris-1 rows=10104 [doris-1:f:up doris-2:f:up doris-3:M:up]
04:12:23 #153 OK SELECT id=3708490 via doris-1 rows=10102 [doris-1:f:up doris-2:f:up doris-3:M:up]
04:12:24 #154 OK SELECT id=3708490 via doris-1 rows=10102 [doris-1:f:up doris-2:f:up doris-3:M:up]
04:12:25 #155 OK SELECT id=3708490 via doris-1 rows=10104 [doris-1:f:up doris-2:f:up doris-3:M:up]
04:12:26 EVENT restore: cluster healthy
04:12:26 #156 OK SELECT id=3708490 via doris-1 rows=10104 [doris-1:f:up doris-2:f:up doris-3:M:up]
04:12:27 #157 OK SELECT id=3708490 via doris-1 rows=10104 [doris-1:f:up doris-2:f:up doris-3:M:up]
04:12:28 #158 OK SELECT id=3708490 via doris-1 rows=10102 [doris-1:f:up doris-2:f:up doris-3:M:up]
04:12:30 #159 OK SELECT id=3708490 via doris-1 rows=10102 [doris-1:f:up doris-2:f:up doris-3:M:up]
04:12:31 #160 OK SELECT id=3708490 via doris-1 rows=10104 [doris-1:f:up doris-2:f:up doris-3:M:up]
04:12:32 #161 OK SELECT id=3708490 via doris-1 rows=10104 [doris-1:f:up doris-2:f:up doris-3:M:up]
04:12:33 #162 OK SELECT id=3708490 via doris-1 rows=10104 [doris-1:f:up doris-2:f:up doris-3:M:up]
04:12:34 #163 OK SELECT id=3708490 via doris-1 rows=10102 [doris-1:f:up doris-2:f:up doris-3:M:up]
04:12:35 #164 OK SELECT id=3708490 via doris-1 rows=10102 [doris-1:f:up doris-2:f:up doris-3:M:up]
04:12:36 #165 OK SELECT id=3708490 via doris-1 rows=10104 [doris-1:f:up doris-2:f:up doris-3:M:up]
04:12:37 #166 OK SELECT id=3708490 via doris-1 rows=10104 [doris-1:f:up doris-2:f:up doris-3:M:up]
04:12:38 #167 OK SELECT id=3708490 via doris-1 rows=10104 [doris-1:f:up doris-2:f:up doris-3:M:up]
04:12:39 #168 OK SELECT id=3708490 via doris-1 rows=10102 [doris-1:f:up doris-2:f:up doris-3:M:up]
04:12:40 #169 OK SELECT id=3708490 via doris-1 rows=10102 [doris-1:f:up doris-2:f:up doris-3:M:up]
04:12:41 #170 OK SELECT id=3708490 via doris-1 rows=10104 [doris-1:f:up doris-2:f:up doris-3:M:up]
04:12:42 #171 OK SELECT id=3708490 via doris-1 rows=10104 [doris-1:f:up doris-2:f:up doris-3:M:up]
04:12:44 #172 OK SELECT id=3708490 via doris-1 rows=10104 [doris-1:f:up doris-2:f:up doris-3:M:up]
04:12:45 #173 OK SELECT id=3708490 via doris-1 rows=10102 [doris-1:f:up doris-2:f:up doris-3:M:up]
04:12:46 #174 OK SELECT id=3708490 via doris-1 rows=10102 [doris-1:f:up doris-2:f:up doris-3:M:up]
04:12:47 #175 OK SELECT id=3708490 via doris-1 rows=10104 [doris-1:f:up doris-2:f:up doris-3:M:up]
04:12:48 #176 OK SELECT id=3708490 via doris-1 rows=10104 [doris-1:f:up doris-2:f:up doris-3:M:up]
04:12:49 #177 OK SELECT id=3708490 via doris-1 rows=10104 [doris-1:f:up doris-2:f:up doris-3:M:up]
04:12:50 #178 OK SELECT id=3708490 via doris-1 rows=10102 [doris-1:f:up doris-2:f:up doris-3:M:up]
04:12:51 #179 OK SELECT id=3708490 via doris-1 rows=10102 [doris-1:f:up doris-2:f:up doris-3:M:up]
04:12:52 #180 OK SELECT id=3708490 via doris-1 rows=10104 [doris-1:f:up doris-2:f:up doris-3:M:up]
04:12:53 #181 OK SELECT id=3708490 via doris-1 rows=10104 [doris-1:f:up doris-2:f:up doris-3:M:up]
04:12:54 #182 OK SELECT id=3708490 via doris-1 rows=10104 [doris-1:f:up doris-2:f:up doris-3:M:up]
04:12:55 #183 OK SELECT id=3708490 via doris-1 rows=10102 [doris-1:f:up doris-2:f:up doris-3:M:up]
