23:37:30 PROBE start proto=arrow-flight hosts=doris-1,doris-2,doris-3 duration=86400s cycle=INSERT>UPSERT>SELECT>DELETE>SELECT
23:37:30 connected to doris-1 (10.140.0.2)
23:37:30 DML unsupported over arrow-flight (InternalError: RuntimeException, msg: getMysqlChannel not in mysql connection (Internal; ExecuteQuery)) — switching to SELECT-only mode
23:37:30 #1 OK SELECT id=3546500 via doris-1 rows=10012 [doris-1:f:up doris-2:f:up doris-3:M:up]
23:37:31 #2 OK SELECT id=3546500 via doris-1 rows=10013 [doris-1:f:up doris-2:f:up doris-3:M:up]
23:37:32 #3 OK SELECT id=3546500 via doris-1 rows=10013 [doris-1:f:up doris-2:f:up doris-3:M:up]
23:37:34 #4 OK SELECT id=3546500 via doris-1 rows=10012 [doris-1:f:up doris-2:f:up doris-3:M:up]
23:37:35 #5 OK SELECT id=3546500 via doris-1 rows=10011 [doris-1:f:up doris-2:f:up doris-3:M:up]
23:37:36 #6 OK SELECT id=3546500 via doris-1 rows=10012 [doris-1:f:up doris-2:f:up doris-3:M:up]
23:37:37 #7 OK SELECT id=3546500 via doris-1 rows=10013 [doris-1:f:up doris-2:f:up doris-3:M:up]
23:37:38 #8 OK SELECT id=3546500 via doris-1 rows=10013 [doris-1:f:up doris-2:f:up doris-3:M:up]
23:37:39 #9 OK SELECT id=3546500 via doris-1 rows=10012 [doris-1:f:up doris-2:f:up doris-3:M:up]
23:37:40 #10 OK SELECT id=3546500 via doris-1 rows=10011 [doris-1:f:up doris-2:f:up doris-3:M:up]
23:37:41 #11 OK SELECT id=3546500 via doris-1 rows=10012 [doris-1:f:up doris-2:f:up doris-3:M:up]
23:37:42 #12 OK SELECT id=3546500 via doris-1 rows=10013 [doris-1:f:up doris-2:f:up doris-3:M:up]
23:37:43 #13 OK SELECT id=3546500 via doris-1 rows=10013 [doris-1:f:up doris-2:f:up doris-3:M:up]
23:37:44 #14 OK SELECT id=3546500 via doris-1 rows=10013 [doris-1:f:up doris-2:f:up doris-3:M:up]
23:37:45 #15 OK SELECT id=3546500 via doris-1 rows=10011 [doris-1:f:up doris-2:f:up doris-3:M:up]
23:37:46 #16 OK SELECT id=3546500 via doris-1 rows=10011 [doris-1:f:up doris-2:f:up doris-3:M:up]
23:37:47 #17 OK SELECT id=3546500 via doris-1 rows=10013 [doris-1:f:up doris-2:f:up doris-3:M:up]
23:37:48 #18 OK SELECT id=3546500 via doris-1 rows=10013 [doris-1:f:up doris-2:f:up doris-3:M:up]
23:37:49 #19 OK SELECT id=3546500 via doris-1 rows=10013 [doris-1:f:up doris-2:f:up doris-3:M:up]
23:37:51 #20 OK SELECT id=3546500 via doris-1 rows=10011 [doris-1:f:up doris-2:f:up doris-3:M:up]
23:37:52 #21 OK SELECT id=3546500 via doris-1 rows=10011 [doris-1:f:up doris-2:f:up doris-3:M:up]
23:37:53 #22 OK SELECT id=3546500 via doris-1 rows=10013 [doris-1:f:up doris-2:f:up doris-3:M:up]
23:37:54 #23 OK SELECT id=3546500 via doris-1 rows=10013 [doris-1:f:up doris-2:f:up doris-3:M:up]
23:37:55 #24 OK SELECT id=3546500 via doris-1 rows=10013 [doris-1:f:up doris-2:f:up doris-3:M:up]
23:37:56 #25 OK SELECT id=3546500 via doris-1 rows=10011 [doris-1:f:up doris-2:f:up doris-3:M:up]
23:37:57 #26 OK SELECT id=3546500 via doris-1 rows=10011 [doris-1:f:up doris-2:f:up doris-3:M:up]
23:37:58 #27 OK SELECT id=3546500 via doris-1 rows=10013 [doris-1:f:up doris-2:f:up doris-3:M:up]
23:37:59 #28 OK SELECT id=3546500 via doris-1 rows=10013 [doris-1:f:up doris-2:f:up doris-3:M:up]
23:38:00 #29 OK SELECT id=3546500 via doris-1 rows=10013 [doris-1:f:up doris-2:f:up doris-3:M:up]
23:38:01 #30 OK SELECT id=3546500 via doris-1 rows=10011 [doris-1:f:up doris-2:f:up doris-3:M:up]
23:38:02 #31 OK SELECT id=3546500 via doris-1 rows=10011 [doris-1:f:up doris-2:f:up doris-3:M:up]
23:38:03 #32 OK SELECT id=3546500 via doris-1 rows=10013 [doris-1:f:up doris-2:f:up doris-3:M:up]
23:38:04 EVENT break: vm stop on doris-3 (FE master)
23:38:04 #33 OK SELECT id=3546500 via doris-1 rows=10013 [doris-1:f:up doris-2:f:up doris-3:M:up]
23:38:05 #34 OK SELECT id=3546500 via doris-1 rows=10013 [doris-1:f:up doris-2:f:up doris-3:M:up]
23:38:07 #35 OK SELECT id=3546500 via doris-1 rows=10012 [doris-1:f:up doris-2:f:up doris-3:M:up]
23:38:08 #36 FAIL SELECT id=3546500 via doris-1: InternalError: INTERNAL: [FlightSQL] get flight info statement failed, after executeQueryStatement handleQuery, java.lang.Run
23:38:09 connected to doris-1 (10.140.0.2)
23:38:09 #37 FAIL SELECT id=3546500 via doris-1: InternalError: INTERNAL: [FlightSQL] get flight info statement failed, after executeQueryStatement handleQuery, java.lang.Run
23:38:10 connected to doris-1 (10.140.0.2)
23:38:18 #38 FAIL SELECT id=3546500 via doris-1: OperationalError: TIMEOUT: [FlightSQL] stream terminated by RST_STREAM with error code: CANCEL (DeadlineExceeded; ExecuteQuery).
23:38:19 connected to doris-1 (10.140.0.2)
23:38:27 #39 FAIL SELECT id=3546500 via doris-1: OperationalError: TIMEOUT: [FlightSQL] stream terminated by RST_STREAM with error code: CANCEL (DeadlineExceeded; ExecuteQuery).
23:38:28 connected to doris-1 (10.140.0.2)
23:38:28 EVENT break: doris-3 is down
23:38:36 #40 FAIL SELECT id=3546500 via doris-1: OperationalError: TIMEOUT: [FlightSQL] stream terminated by RST_STREAM with error code: CANCEL (DeadlineExceeded; ExecuteQuery).
23:38:37 connected to doris-1 (10.140.0.2)
23:38:37 #41 OK SELECT id=3546500 via doris-1 rows=10011 [doris-1:f:up doris-2:M:up doris-3:f:DOWN] (recovered)
23:38:38 #42 OK SELECT id=3546500 via doris-1 rows=10012 [doris-1:f:up doris-2:M:up doris-3:f:DOWN]
23:38:39 #43 OK SELECT id=3546500 via doris-1 rows=10012 [doris-1:f:up doris-2:M:up doris-3:f:DOWN]
23:38:40 #44 OK SELECT id=3546500 via doris-1 rows=10012 [doris-1:f:up doris-2:M:up doris-3:f:DOWN]
23:38:41 #45 OK SELECT id=3546500 via doris-1 rows=10011 [doris-1:f:up doris-2:M:up doris-3:f:DOWN]
23:38:42 #46 OK SELECT id=3546500 via doris-1 rows=10012 [doris-1:f:up doris-2:M:up doris-3:f:DOWN]
23:38:43 #47 OK SELECT id=3546500 via doris-1 rows=10013 [doris-1:f:up doris-2:M:up doris-3:f:DOWN]
23:38:44 #48 OK SELECT id=3546500 via doris-1 rows=10013 [doris-1:f:up doris-2:M:up doris-3:f:DOWN]
23:38:45 #49 OK SELECT id=3546500 via doris-1 rows=10012 [doris-1:f:up doris-2:M:up doris-3:f:DOWN]
23:38:46 #50 OK SELECT id=3546500 via doris-1 rows=10011 [doris-1:f:up doris-2:M:up doris-3:f:DOWN]
23:38:48 #51 OK SELECT id=3546500 via doris-1 rows=10012 [doris-1:f:up doris-2:M:up doris-3:f:DOWN]
23:38:49 #52 OK SELECT id=3546500 via doris-1 rows=10013 [doris-1:f:up doris-2:M:up doris-3:f:DOWN]
23:38:50 #53 OK SELECT id=3546500 via doris-1 rows=10013 [doris-1:f:up doris-2:M:up doris-3:f:DOWN]
23:38:51 #54 OK SELECT id=3546500 via doris-1 rows=10012 [doris-1:f:up doris-2:M:up doris-3:f:DOWN]
23:38:52 #55 OK SELECT id=3546500 via doris-1 rows=10011 [doris-1:f:up doris-2:M:up doris-3:f:DOWN]
23:38:53 #56 OK SELECT id=3546500 via doris-1 rows=10012 [doris-1:f:up doris-2:M:up doris-3:f:DOWN]
23:38:54 #57 OK SELECT id=3546500 via doris-1 rows=10013 [doris-1:f:up doris-2:M:up doris-3:f:DOWN]
23:38:55 #58 OK SELECT id=3546500 via doris-1 rows=10013 [doris-1:f:up doris-2:M:up doris-3:f:DOWN]
23:38:56 #59 OK SELECT id=3546500 via doris-1 rows=10012 [doris-1:f:up doris-2:M:up doris-3:f:DOWN]
23:38:57 #60 OK SELECT id=3546500 via doris-1 rows=10011 [doris-1:f:up doris-2:M:up doris-3:f:DOWN]
23:38:58 #61 OK SELECT id=3546500 via doris-1 rows=10012 [doris-1:f:up doris-2:M:up doris-3:f:DOWN]
23:38:59 #62 OK SELECT id=3546500 via doris-1 rows=10013 [doris-1:f:up doris-2:M:up doris-3:f:DOWN]
23:39:00 #63 OK SELECT id=3546500 via doris-1 rows=10013 [doris-1:f:up doris-2:M:up doris-3:f:DOWN]
23:39:01 #64 OK SELECT id=3546500 via doris-1 rows=10012 [doris-1:f:up doris-2:M:up doris-3:f:DOWN]
23:39:02 #65 OK SELECT id=3546500 via doris-1 rows=10011 [doris-1:f:up doris-2:M:up doris-3:f:DOWN]
23:39:04 #66 OK SELECT id=3546500 via doris-1 rows=10012 [doris-1:f:up doris-2:M:up doris-3:f:DOWN]
23:39:05 #67 OK SELECT id=3546500 via doris-1 rows=10013 [doris-1:f:up doris-2:M:up doris-3:f:DOWN]
23:39:06 #68 OK SELECT id=3546500 via doris-1 rows=10013 [doris-1:f:up doris-2:M:up doris-3:f:DOWN]
23:39:07 #69 OK SELECT id=3546500 via doris-1 rows=10013 [doris-1:f:up doris-2:M:up doris-3:f:DOWN]
23:39:08 #70 OK SELECT id=3546500 via doris-1 rows=10012 [doris-1:f:up doris-2:M:up doris-3:f:DOWN]
23:39:09 #71 OK SELECT id=3546500 via doris-1 rows=10011 [doris-1:f:up doris-2:M:up doris-3:f:DOWN]
23:39:10 #72 OK SELECT id=3546500 via doris-1 rows=10012 [doris-1:f:up doris-2:M:up doris-3:f:DOWN]
23:39:11 #73 OK SELECT id=3546500 via doris-1 rows=10013 [doris-1:f:up doris-2:M:up doris-3:f:DOWN]
23:39:12 #74 OK SELECT id=3546500 via doris-1 rows=10013 [doris-1:f:up doris-2:M:up doris-3:f:DOWN]
23:39:13 #75 OK SELECT id=3546500 via doris-1 rows=10012 [doris-1:f:up doris-2:M:up doris-3:f:DOWN]
23:39:14 #76 OK SELECT id=3546500 via doris-1 rows=10011 [doris-1:f:up doris-2:M:up doris-3:f:DOWN]
23:39:15 #77 OK SELECT id=3546500 via doris-1 rows=10012 [doris-1:f:up doris-2:M:up doris-3:f:DOWN]
23:39:16 #78 OK SELECT id=3546500 via doris-1 rows=10013 [doris-1:f:up doris-2:M:up doris-3:f:DOWN]
23:39:17 #79 OK SELECT id=3546500 via doris-1 rows=10013 [doris-1:f:up doris-2:M:up doris-3:f:DOWN]
23:39:19 #80 OK SELECT id=3546500 via doris-1 rows=10012 [doris-1:f:up doris-2:M:up doris-3:f:DOWN]
23:39:20 #81 OK SELECT id=3546500 via doris-1 rows=10011 [doris-1:f:up doris-2:M:up doris-3:f:DOWN]
23:39:21 #82 OK SELECT id=3546500 via doris-1 rows=10012 [doris-1:f:up doris-2:M:up doris-3:f:DOWN]
23:39:22 #83 OK SELECT id=3546500 via doris-1 rows=10013 [doris-1:f:up doris-2:M:up doris-3:f:DOWN]
23:39:23 #84 OK SELECT id=3546500 via doris-1 rows=10013 [doris-1:f:up doris-2:M:up doris-3:f:DOWN]
23:39:24 #85 OK SELECT id=3546500 via doris-1 rows=10012 [doris-1:f:up doris-2:M:up doris-3:f:DOWN]
23:39:25 #86 OK SELECT id=3546500 via doris-1 rows=10011 [doris-1:f:up doris-2:M:up doris-3:f:DOWN]
23:39:26 #87 OK SELECT id=3546500 via doris-1 rows=10012 [doris-1:f:up doris-2:M:up doris-3:f:DOWN]
23:39:27 #88 OK SELECT id=3546500 via doris-1 rows=10013 [doris-1:f:up doris-2:M:up doris-3:f:DOWN]
23:39:28 #89 OK SELECT id=3546500 via doris-1 rows=10013 [doris-1:f:up doris-2:M:up doris-3:f:DOWN]
23:39:29 #90 OK SELECT id=3546500 via doris-1 rows=10012 [doris-1:f:up doris-2:M:up doris-3:f:DOWN]
23:39:30 #91 OK SELECT id=3546500 via doris-1 rows=10011 [doris-1:f:up doris-2:M:up doris-3:f:DOWN]
23:39:31 #92 OK SELECT id=3546500 via doris-1 rows=10012 [doris-1:f:up doris-2:M:up doris-3:f:DOWN]
23:39:32 #93 OK SELECT id=3546500 via doris-1 rows=10013 [doris-1:f:up doris-2:M:up doris-3:f:DOWN]
23:39:33 #94 OK SELECT id=3546500 via doris-1 rows=10013 [doris-1:f:up doris-2:M:up doris-3:f:DOWN]
23:39:35 #95 OK SELECT id=3546500 via doris-1 rows=10012 [doris-1:f:up doris-2:M:up doris-3:f:DOWN]
23:39:36 #96 OK SELECT id=3546500 via doris-1 rows=10011 [doris-1:f:up doris-2:M:up doris-3:f:DOWN]
23:39:37 #97 OK SELECT id=3546500 via doris-1 rows=10012 [doris-1:f:up doris-2:M:up doris-3:f:DOWN]
23:39:38 #98 OK SELECT id=3546500 via doris-1 rows=10013 [doris-1:f:up doris-2:M:up doris-3:f:DOWN]
23:39:39 #99 OK SELECT id=3546500 via doris-1 rows=10013 [doris-1:f:up doris-2:M:up doris-3:f:DOWN]
23:39:40 #100 OK SELECT id=3546500 via doris-1 rows=10012 [doris-1:f:up doris-2:M:up doris-3:f:DOWN]
23:39:41 #101 OK SELECT id=3546500 via doris-1 rows=10011 [doris-1:f:up doris-2:M:up doris-3:f:DOWN]
23:39:42 #102 OK SELECT id=3546500 via doris-1 rows=10012 [doris-1:f:up doris-2:M:up doris-3:f:DOWN]
23:39:43 #103 OK SELECT id=3546500 via doris-1 rows=10013 [doris-1:f:up doris-2:M:up doris-3:f:DOWN]
23:39:44 #104 OK SELECT id=3546500 via doris-1 rows=10013 [doris-1:f:up doris-2:M:up doris-3:f:DOWN]
23:39:45 #105 OK SELECT id=3546500 via doris-1 rows=10012 [doris-1:f:up doris-2:M:up doris-3:f:DOWN]
23:39:46 #106 OK SELECT id=3546500 via doris-1 rows=10011 [doris-1:f:up doris-2:M:up doris-3:f:DOWN]
23:39:47 #107 OK SELECT id=3546500 via doris-1 rows=10012 [doris-1:f:up doris-2:M:up doris-3:f:DOWN]
23:39:48 #108 OK SELECT id=3546500 via doris-1 rows=10013 [doris-1:f:up doris-2:M:up doris-3:f:DOWN]
23:39:49 #109 OK SELECT id=3546500 via doris-1 rows=10013 [doris-1:f:up doris-2:M:up doris-3:f:DOWN]
23:39:51 #110 OK SELECT id=3546500 via doris-1 rows=10012 [doris-1:f:up doris-2:M:up doris-3:f:DOWN]
23:39:52 #111 OK SELECT id=3546500 via doris-1 rows=10011 [doris-1:f:up doris-2:M:up doris-3:f:DOWN]
23:39:53 #112 OK SELECT id=3546500 via doris-1 rows=10012 [doris-1:f:up doris-2:M:up doris-3:f:DOWN]
23:39:54 #113 OK SELECT id=3546500 via doris-1 rows=10013 [doris-1:f:up doris-2:M:up doris-3:f:DOWN]
23:39:55 #114 OK SELECT id=3546500 via doris-1 rows=10013 [doris-1:f:up doris-2:M:up doris-3:f:DOWN]
23:39:56 #115 OK SELECT id=3546500 via doris-1 rows=10012 [doris-1:f:up doris-2:M:up doris-3:f:DOWN]
23:39:57 #116 OK SELECT id=3546500 via doris-1 rows=10011 [doris-1:f:up doris-2:M:up doris-3:f:DOWN]
23:39:58 #117 OK SELECT id=3546500 via doris-1 rows=10012 [doris-1:f:up doris-2:M:up doris-3:f:DOWN]
23:39:59 #118 OK SELECT id=3546500 via doris-1 rows=10013 [doris-1:f:up doris-2:M:up doris-3:f:DOWN]
23:40:00 #119 OK SELECT id=3546500 via doris-1 rows=10013 [doris-1:f:up doris-2:M:up doris-3:f:DOWN]
23:40:01 #120 OK SELECT id=3546500 via doris-1 rows=10012 [doris-1:f:up doris-2:M:up doris-3:f:DOWN]
23:40:02 #121 OK SELECT id=3546500 via doris-1 rows=10011 [doris-1:f:up doris-2:M:up doris-3:f:DOWN]
23:40:03 #122 OK SELECT id=3546500 via doris-1 rows=10012 [doris-1:f:up doris-2:M:up doris-3:f:DOWN]
23:40:04 #123 OK SELECT id=3546500 via doris-1 rows=10013 [doris-1:f:up doris-2:M:up doris-3:f:DOWN]
23:40:05 #124 OK SELECT id=3546500 via doris-1 rows=10013 [doris-1:f:up doris-2:M:up doris-3:f:DOWN]
23:40:06 EVENT restore: start doris-3
23:40:06 #125 OK SELECT id=3546500 via doris-1 rows=10012 [doris-1:f:up doris-2:M:up doris-3:f:DOWN]
23:40:08 #126 OK SELECT id=3546500 via doris-1 rows=10011 [doris-1:f:up doris-2:M:up doris-3:f:DOWN]
23:40:09 #127 OK SELECT id=3546500 via doris-1 rows=10012 [doris-1:f:up doris-2:M:up doris-3:f:DOWN]
23:40:10 #128 OK SELECT id=3546500 via doris-1 rows=10013 [doris-1:f:up doris-2:M:up doris-3:f:DOWN]
23:40:11 #129 OK SELECT id=3546500 via doris-1 rows=10013 [doris-1:f:up doris-2:M:up doris-3:f:DOWN]
23:40:12 #130 OK SELECT id=3546500 via doris-1 rows=10012 [doris-1:f:up doris-2:M:up doris-3:f:DOWN]
23:40:13 #131 OK SELECT id=3546500 via doris-1 rows=10011 [doris-1:f:up doris-2:M:up doris-3:f:DOWN]
23:40:14 #132 OK SELECT id=3546500 via doris-1 rows=10012 [doris-1:f:up doris-2:M:up doris-3:f:DOWN]
23:40:15 #133 OK SELECT id=3546500 via doris-1 rows=10013 [doris-1:f:up doris-2:M:up doris-3:f:DOWN]
23:40:16 #134 OK SELECT id=3546500 via doris-1 rows=10013 [doris-1:f:up doris-2:M:up doris-3:f:DOWN]
23:40:17 #135 OK SELECT id=3546500 via doris-1 rows=10012 [doris-1:f:up doris-2:M:up doris-3:f:DOWN]
23:40:18 #136 OK SELECT id=3546500 via doris-1 rows=10011 [doris-1:f:up doris-2:M:up doris-3:f:DOWN]
23:40:19 #137 OK SELECT id=3546500 via doris-1 rows=10012 [doris-1:f:up doris-2:M:up doris-3:f:DOWN]
23:40:20 #138 OK SELECT id=3546500 via doris-1 rows=10013 [doris-1:f:up doris-2:M:up doris-3:f:DOWN]
23:40:21 #139 OK SELECT id=3546500 via doris-1 rows=10013 [doris-1:f:up doris-2:M:up doris-3:f:DOWN]
23:40:22 #140 OK SELECT id=3546500 via doris-1 rows=10012 [doris-1:f:up doris-2:M:up doris-3:f:DOWN]
23:40:23 #141 OK SELECT id=3546500 via doris-1 rows=10011 [doris-1:f:up doris-2:M:up doris-3:f:DOWN]
23:40:25 #142 OK SELECT id=3546500 via doris-1 rows=10012 [doris-1:f:up doris-2:M:up doris-3:f:DOWN]
23:40:26 #143 OK SELECT id=3546500 via doris-1 rows=10013 [doris-1:f:up doris-2:M:up doris-3:f:DOWN]
23:40:27 #144 OK SELECT id=3546500 via doris-1 rows=10013 [doris-1:f:up doris-2:M:up doris-3:f:DOWN]
23:40:28 #145 OK SELECT id=3546500 via doris-1 rows=10012 [doris-1:f:up doris-2:M:up doris-3:f:DOWN]
23:40:29 #146 OK SELECT id=3546500 via doris-1 rows=10011 [doris-1:f:up doris-2:M:up doris-3:f:DOWN]
23:40:30 #147 OK SELECT id=3546500 via doris-1 rows=10012 [doris-1:f:up doris-2:M:up doris-3:f:DOWN]
23:40:31 #148 OK SELECT id=3546500 via doris-1 rows=10013 [doris-1:f:up doris-2:M:up doris-3:f:DOWN]
23:40:32 #149 OK SELECT id=3546500 via doris-1 rows=10013 [doris-1:f:up doris-2:M:up doris-3:f:DOWN]
23:40:33 #150 OK SELECT id=3546500 via doris-1 rows=10012 [doris-1:f:up doris-2:M:up doris-3:f:DOWN]
23:40:34 #151 OK SELECT id=3546500 via doris-1 rows=10011 [doris-1:f:up doris-2:M:up doris-3:f:DOWN]
23:40:35 #152 OK SELECT id=3546500 via doris-1 rows=10011 [doris-1:f:up doris-2:M:up doris-3:f:DOWN]
23:40:36 #153 OK SELECT id=3546500 via doris-1 rows=10013 [doris-1:f:up doris-2:M:up doris-3:f:DOWN]
23:40:37 #154 OK SELECT id=3546500 via doris-1 rows=10013 [doris-1:f:up doris-2:M:up doris-3:f:DOWN]
23:40:38 #155 OK SELECT id=3546500 via doris-1 rows=10013 [doris-1:f:up doris-2:M:up doris-3:f:DOWN]
23:40:39 #156 OK SELECT id=3546500 via doris-1 rows=10011 [doris-1:f:up doris-2:M:up doris-3:f:DOWN]
23:40:40 #157 OK SELECT id=3546500 via doris-1 rows=10011 [doris-1:f:up doris-2:M:up doris-3:f:DOWN]
23:40:41 #158 OK SELECT id=3546500 via doris-1 rows=10013 [doris-1:f:up doris-2:M:up doris-3:f:DOWN]
23:40:43 #159 OK SELECT id=3546500 via doris-1 rows=10013 [doris-1:f:up doris-2:M:up doris-3:f:DOWN]
23:40:44 #160 OK SELECT id=3546500 via doris-1 rows=10013 [doris-1:f:up doris-2:M:up doris-3:f:DOWN]
23:40:45 #161 OK SELECT id=3546500 via doris-1 rows=10011 [doris-1:f:up doris-2:M:up doris-3:f:DOWN]
23:40:46 #162 OK SELECT id=3546500 via doris-1 rows=10011 [doris-1:f:up doris-2:M:up doris-3:f:DOWN]
23:40:47 #163 OK SELECT id=3546500 via doris-1 rows=10013 [doris-1:f:up doris-2:M:up doris-3:f:DOWN]
23:40:48 #164 OK SELECT id=3546500 via doris-1 rows=10013 [doris-1:f:up doris-2:M:up doris-3:f:DOWN]
23:40:49 #165 OK SELECT id=3546500 via doris-1 rows=10013 [doris-1:f:up doris-2:M:up doris-3:f:DOWN]
23:40:50 #166 OK SELECT id=3546500 via doris-1 rows=10011 [doris-1:f:up doris-2:M:up doris-3:f:DOWN]
23:40:51 #167 OK SELECT id=3546500 via doris-1 rows=10011 [doris-1:f:up doris-2:M:up doris-3:f:DOWN]
23:40:52 #168 OK SELECT id=3546500 via doris-1 rows=10013 [doris-1:f:up doris-2:M:up doris-3:f:DOWN]
23:40:53 #169 OK SELECT id=3546500 via doris-1 rows=10013 [doris-1:f:up doris-2:M:up doris-3:f:DOWN]
23:40:54 #170 OK SELECT id=3546500 via doris-1 rows=10013 [doris-1:f:up doris-2:M:up doris-3:f:DOWN]
23:40:55 #171 OK SELECT id=3546500 via doris-1 rows=10012 [doris-1:f:up doris-2:M:up doris-3:f:DOWN]
23:40:56 #172 OK SELECT id=3546500 via doris-1 rows=10011 [doris-1:f:up doris-2:M:up doris-3:f:DOWN]
23:40:58 #173 OK SELECT id=3546500 via doris-1 rows=10013 [doris-1:f:up doris-2:M:up doris-3:f:DOWN]
23:40:59 #174 OK SELECT id=3546500 via doris-1 rows=10013 [doris-1:f:up doris-2:M:up doris-3:f:DOWN]
23:41:00 #175 OK SELECT id=3546500 via doris-1 rows=10013 [doris-1:f:up doris-2:M:up doris-3:f:DOWN]
23:41:01 #176 OK SELECT id=3546500 via doris-1 rows=10012 [doris-1:f:up doris-2:M:up doris-3:f:DOWN]
23:41:02 #177 OK SELECT id=3546500 via doris-1 rows=10011 [doris-1:f:up doris-2:M:up doris-3:f:DOWN]
23:41:03 #178 OK SELECT id=3546500 via doris-1 rows=10012 [doris-1:f:up doris-2:M:up doris-3:f:DOWN]
23:41:04 #179 OK SELECT id=3546500 via doris-1 rows=10013 [doris-1:f:up doris-2:M:up doris-3:f:up]
23:41:05 #180 OK SELECT id=3546500 via doris-1 rows=10013 [doris-1:f:up doris-2:M:up doris-3:f:up]
23:41:06 #181 OK SELECT id=3546500 via doris-1 rows=10012 [doris-1:f:up doris-2:M:up doris-3:f:up]
23:41:07 EVENT restore: cluster healthy
23:41:07 #182 OK SELECT id=3546500 via doris-1 rows=10011 [doris-1:f:up doris-2:M:up doris-3:f:up]
23:41:08 #183 OK SELECT id=3546500 via doris-1 rows=10012 [doris-1:f:up doris-2:M:up doris-3:f:up]
23:41:09 #184 OK SELECT id=3546500 via doris-1 rows=10013 [doris-1:f:up doris-2:M:up doris-3:f:up]
23:41:10 #185 OK SELECT id=3546500 via doris-1 rows=10013 [doris-1:f:up doris-2:M:up doris-3:f:up]
23:41:11 #186 OK SELECT id=3546500 via doris-1 rows=10012 [doris-1:f:up doris-2:M:up doris-3:f:up]
23:41:12 #187 OK SELECT id=3546500 via doris-1 rows=10011 [doris-1:f:up doris-2:M:up doris-3:f:up]
23:41:13 #188 OK SELECT id=3546500 via doris-1 rows=10012 [doris-1:f:up doris-2:M:up doris-3:f:up]
23:41:15 #189 OK SELECT id=3546500 via doris-1 rows=10013 [doris-1:f:up doris-2:M:up doris-3:f:up]
23:41:16 #190 OK SELECT id=3546500 via doris-1 rows=10013 [doris-1:f:up doris-2:M:up doris-3:f:up]
23:41:17 #191 OK SELECT id=3546500 via doris-1 rows=10012 [doris-1:f:up doris-2:M:up doris-3:f:up]
23:41:18 #192 OK SELECT id=3546500 via doris-1 rows=10011 [doris-1:f:up doris-2:M:up doris-3:f:up]
23:41:19 #193 OK SELECT id=3546500 via doris-1 rows=10012 [doris-1:f:up doris-2:M:up doris-3:f:up]
23:41:20 #194 OK SELECT id=3546500 via doris-1 rows=10013 [doris-1:f:up doris-2:M:up doris-3:f:up]
23:41:21 #195 OK SELECT id=3546500 via doris-1 rows=10013 [doris-1:f:up doris-2:M:up doris-3:f:up]
23:41:22 #196 OK SELECT id=3546500 via doris-1 rows=10012 [doris-1:f:up doris-2:M:up doris-3:f:up]
23:41:23 #197 OK SELECT id=3546500 via doris-1 rows=10011 [doris-1:f:up doris-2:M:up doris-3:f:up]
23:41:24 #198 OK SELECT id=3546500 via doris-1 rows=10012 [doris-1:f:up doris-2:M:up doris-3:f:up]
23:41:25 #199 OK SELECT id=3546500 via doris-1 rows=10013 [doris-1:f:up doris-2:M:up doris-3:f:up]
23:41:26 #200 OK SELECT id=3546500 via doris-1 rows=10013 [doris-1:f:up doris-2:M:up doris-3:f:up]
23:41:27 #201 OK SELECT id=3546500 via doris-1 rows=10012 [doris-1:f:up doris-2:M:up doris-3:f:up]
23:41:28 #202 OK SELECT id=3546500 via doris-1 rows=10011 [doris-1:f:up doris-2:M:up doris-3:f:up]
23:41:29 #203 OK SELECT id=3546500 via doris-1 rows=10012 [doris-1:f:up doris-2:M:up doris-3:f:up]
23:41:30 #204 OK SELECT id=3546500 via doris-1 rows=10013 [doris-1:f:up doris-2:M:up doris-3:f:up]
23:41:32 #205 OK SELECT id=3546500 via doris-1 rows=10013 [doris-1:f:up doris-2:M:up doris-3:f:up]
23:41:33 #206 OK SELECT id=3546500 via doris-1 rows=10012 [doris-1:f:up doris-2:M:up doris-3:f:up]
23:41:34 #207 OK SELECT id=3546500 via doris-1 rows=10011 [doris-1:f:up doris-2:M:up doris-3:f:up]
23:41:35 #208 OK SELECT id=3546500 via doris-1 rows=10012 [doris-1:f:up doris-2:M:up doris-3:f:up]
23:41:36 #209 OK SELECT id=3546500 via doris-1 rows=10013 [doris-1:f:up doris-2:M:up doris-3:f:up]
23:41:37 #210 OK SELECT id=3546500 via doris-1 rows=10013 [doris-1:f:up doris-2:M:up doris-3:f:up]
