04:25:20 PROBE start proto=arrow-flight hosts=doris-2,doris-1,doris-3 duration=86400s cycle=INSERT>UPSERT>SELECT>DELETE>SELECT
04:25:21 connected to doris-2 (10.140.0.3)
04:25:21 #1 OK INSERT id=3719200 via doris-2 rows=10120 [doris-1:f:up doris-2:M:up doris-3:f:up]
04:25:22 #2 OK UPSERT id=3719200 via doris-2 rows=10120 [doris-1:f:up doris-2:M:up doris-3:f:up]
04:25:24 #3 OK SELECT id=3719200 via doris-2 rows=10119 [doris-1:f:up doris-2:M:up doris-3:f:up]
04:25:25 #4 OK DELETE id=3719200 via doris-2 rows=10117 [doris-1:f:up doris-2:M:up doris-3:f:up]
04:25:26 #5 OK SELECT id=3719200 via doris-2 rows=10118 [doris-1:f:up doris-2:M:up doris-3:f:up]
04:25:27 #6 OK INSERT id=3719201 via doris-2 rows=10120 [doris-1:f:up doris-2:M:up doris-3:f:up]
04:25:28 #7 OK UPSERT id=3719201 via doris-2 rows=10120 [doris-1:f:up doris-2:M:up doris-3:f:up]
04:25:29 #8 OK SELECT id=3719201 via doris-2 rows=10119 [doris-1:f:up doris-2:M:up doris-3:f:up]
04:25:30 #9 OK DELETE id=3719201 via doris-2 rows=10117 [doris-1:f:up doris-2:M:up doris-3:f:up]
04:25:31 #10 OK SELECT id=3719201 via doris-2 rows=10118 [doris-1:f:up doris-2:M:up doris-3:f:up]
04:25:32 #11 OK INSERT id=3719202 via doris-2 rows=10120 [doris-1:f:up doris-2:M:up doris-3:f:up]
04:25:34 #12 OK UPSERT id=3719202 via doris-2 rows=10120 [doris-1:f:up doris-2:M:up doris-3:f:up]
04:25:35 #13 OK SELECT id=3719202 via doris-2 rows=10119 [doris-1:f:up doris-2:M:up doris-3:f:up]
04:25:36 #14 OK DELETE id=3719202 via doris-2 rows=10117 [doris-1:f:up doris-2:M:up doris-3:f:up]
04:25:37 #15 OK SELECT id=3719202 via doris-2 rows=10118 [doris-1:f:up doris-2:M:up doris-3:f:up]
04:25:38 #16 OK INSERT id=3719203 via doris-2 rows=10120 [doris-1:f:up doris-2:M:up doris-3:f:up]
04:25:39 #17 OK UPSERT id=3719203 via doris-2 rows=10120 [doris-1:f:up doris-2:M:up doris-3:f:up]
04:25:40 #18 OK SELECT id=3719203 via doris-2 rows=10119 [doris-1:f:up doris-2:M:up doris-3:f:up]
04:25:41 #19 OK DELETE id=3719203 via doris-2 rows=10117 [doris-1:f:up doris-2:M:up doris-3:f:up]
04:25:42 #20 OK SELECT id=3719203 via doris-2 rows=10118 [doris-1:f:up doris-2:M:up doris-3:f:up]
04:25:43 #21 OK INSERT id=3719204 via doris-2 rows=10120 [doris-1:f:up doris-2:M:up doris-3:f:up]
04:25:45 #22 OK UPSERT id=3719204 via doris-2 rows=10120 [doris-1:f:up doris-2:M:up doris-3:f:up]
04:25:46 #23 OK SELECT id=3719204 via doris-2 rows=10119 [doris-1:f:up doris-2:M:up doris-3:f:up]
04:25:47 #24 OK DELETE id=3719204 via doris-2 rows=10117 [doris-1:f:up doris-2:M:up doris-3:f:up]
04:25:48 #25 OK SELECT id=3719204 via doris-2 rows=10118 [doris-1:f:up doris-2:M:up doris-3:f:up]
04:25:49 #26 OK INSERT id=3719205 via doris-2 rows=10120 [doris-1:f:up doris-2:M:up doris-3:f:up]
04:25:50 #27 OK UPSERT id=3719205 via doris-2 rows=10120 [doris-1:f:up doris-2:M:up doris-3:f:up]
04:25:51 #28 OK SELECT id=3719205 via doris-2 rows=10119 [doris-1:f:up doris-2:M:up doris-3:f:up]
04:25:52 #29 OK DELETE id=3719205 via doris-2 rows=10117 [doris-1:f:up doris-2:M:up doris-3:f:up]
04:25:53 #30 OK SELECT id=3719205 via doris-2 rows=10118 [doris-1:f:up doris-2:M:up doris-3:f:up]
04:25:54 #31 OK INSERT id=3719206 via doris-2 rows=10120 [doris-1:f:up doris-2:M:up doris-3:f:up]
04:25:55 EVENT break: vm stop on doris-2 (FE master)
04:25:55 #32 OK UPSERT id=3719206 via doris-2 rows=10120 [doris-1:f:up doris-2:M:up doris-3:f:up]
04:25:57 #33 OK SELECT id=3719206 via doris-2 rows=10119 [doris-1:f:up doris-2:M:up doris-3:f:up]
04:25:58 #34 OK DELETE id=3719206 via doris-2 rows=10117 [doris-1:f:up doris-2:M:up doris-3:f:up]
04:25:59 #35 FAIL SELECT id=3719206 via doris-2: OperationalError: IO: [FlightSQL] connection error: desc = "transport: Error while dialing: dial tcp 10.140.0.3:8070: connect: c
04:26:00 connected to doris-1 (10.140.0.2)
04:26:00 DML unsupported over arrow-flight (InternalError: RuntimeException, msg: getMysqlChannel not in mysql connection (Internal; ExecuteQuery)) — switching to SELECT-only mode
04:26:01 #36 OK SELECT id=3719207 via doris-1 rows=10117 [doris-1:f:up doris-2:f:DOWN doris-3:M:up] (recovered)
04:26:02 #37 OK SELECT id=3719207 via doris-1 rows=10117 [doris-1:f:up doris-2:f:DOWN doris-3:M:up]
04:26:03 #38 OK SELECT id=3719207 via doris-1 rows=10118 [doris-1:f:up doris-2:f:DOWN doris-3:M:up]
04:26:04 #39 OK SELECT id=3719207 via doris-1 rows=10119 [doris-1:f:up doris-2:f:DOWN doris-3:M:up]
04:26:05 #40 OK SELECT id=3719207 via doris-1 rows=10119 [doris-1:f:up doris-2:f:DOWN doris-3:M:up]
04:26:07 #41 OK SELECT id=3719207 via doris-1 rows=10119 [doris-1:f:up doris-2:f:DOWN doris-3:M:up]
04:26:08 #42 OK SELECT id=3719207 via doris-1 rows=10117 [doris-1:f:up doris-2:f:DOWN doris-3:M:up]
04:26:09 #43 OK SELECT id=3719207 via doris-1 rows=10117 [doris-1:f:up doris-2:f:DOWN doris-3:M:up]
04:26:10 #44 OK SELECT id=3719207 via doris-1 rows=10119 [doris-1:f:up doris-2:f:DOWN doris-3:M:up]
04:26:11 #45 OK SELECT id=3719207 via doris-1 rows=10119 [doris-1:f:up doris-2:f:DOWN doris-3:M:up]
04:26:12 #46 OK SELECT id=3719207 via doris-1 rows=10119 [doris-1:f:up doris-2:f:DOWN doris-3:M:up]
04:26:13 #47 OK SELECT id=3719207 via doris-1 rows=10117 [doris-1:f:up doris-2:f:DOWN doris-3:M:up]
04:26:14 #48 OK SELECT id=3719207 via doris-1 rows=10117 [doris-1:f:up doris-2:f:DOWN doris-3:M:up]
04:26:15 #49 OK SELECT id=3719207 via doris-1 rows=10119 [doris-1:f:up doris-2:f:DOWN doris-3:M:up]
04:26:16 #50 OK SELECT id=3719207 via doris-1 rows=10119 [doris-1:f:up doris-2:f:DOWN doris-3:M:up]
04:26:17 #51 OK SELECT id=3719207 via doris-1 rows=10119 [doris-1:f:up doris-2:f:DOWN doris-3:M:up]
04:26:18 #52 OK SELECT id=3719207 via doris-1 rows=10117 [doris-1:f:up doris-2:f:DOWN doris-3:M:up]
04:26:19 EVENT break: doris-2 is down
04:26:19 #53 OK SELECT id=3719207 via doris-1 rows=10117 [doris-1:f:up doris-2:f:DOWN doris-3:M:up]
04:26:21 #54 OK SELECT id=3719207 via doris-1 rows=10119 [doris-1:f:up doris-2:f:DOWN doris-3:M:up]
04:26:22 #55 OK SELECT id=3719207 via doris-1 rows=10119 [doris-1:f:up doris-2:f:DOWN doris-3:M:up]
04:26:23 #56 OK SELECT id=3719207 via doris-1 rows=10119 [doris-1:f:up doris-2:f:DOWN doris-3:M:up]
04:26:24 #57 OK SELECT id=3719207 via doris-1 rows=10118 [doris-1:f:up doris-2:f:DOWN doris-3:M:up]
04:26:25 #58 OK SELECT id=3719207 via doris-1 rows=10118 [doris-1:f:up doris-2:f:DOWN doris-3:M:up]
04:26:26 #59 OK SELECT id=3719207 via doris-1 rows=10119 [doris-1:f:up doris-2:f:DOWN doris-3:M:up]
04:26:27 #60 OK SELECT id=3719207 via doris-1 rows=10118 [doris-1:f:up doris-2:f:DOWN doris-3:M:up]
04:26:28 #61 OK SELECT id=3719207 via doris-1 rows=10118 [doris-1:f:up doris-2:f:DOWN doris-3:M:up]
04:26:29 #62 OK SELECT id=3719207 via doris-1 rows=10118 [doris-1:f:up doris-2:f:DOWN doris-3:M:up]
04:26:30 #63 OK SELECT id=3719207 via doris-1 rows=10118 [doris-1:f:up doris-2:f:DOWN doris-3:M:up]
04:26:31 #64 OK SELECT id=3719207 via doris-1 rows=10119 [doris-1:f:up doris-2:f:DOWN doris-3:M:up]
04:26:32 #65 OK SELECT id=3719207 via doris-1 rows=10118 [doris-1:f:up doris-2:f:DOWN doris-3:M:up]
04:26:33 #66 OK SELECT id=3719207 via doris-1 rows=10118 [doris-1:f:up doris-2:f:DOWN doris-3:M:up]
04:26:34 #67 OK SELECT id=3719207 via doris-1 rows=10118 [doris-1:f:up doris-2:f:DOWN doris-3:M:up]
04:26:36 #68 OK SELECT id=3719207 via doris-1 rows=10118 [doris-1:f:up doris-2:f:DOWN doris-3:M:up]
04:26:37 #69 OK SELECT id=3719207 via doris-1 rows=10119 [doris-1:f:up doris-2:f:DOWN doris-3:M:up]
04:26:38 #70 OK SELECT id=3719207 via doris-1 rows=10118 [doris-1:f:up doris-2:f:DOWN doris-3:M:up]
04:26:39 #71 OK SELECT id=3719207 via doris-1 rows=10118 [doris-1:f:up doris-2:f:DOWN doris-3:M:up]
04:26:40 #72 OK SELECT id=3719207 via doris-1 rows=10118 [doris-1:f:up doris-2:f:DOWN doris-3:M:up]
04:26:41 #73 OK SELECT id=3719207 via doris-1 rows=10118 [doris-1:f:up doris-2:f:DOWN doris-3:M:up]
04:26:42 #74 OK SELECT id=3719207 via doris-1 rows=10119 [doris-1:f:up doris-2:f:DOWN doris-3:M:up]
04:26:43 #75 OK SELECT id=3719207 via doris-1 rows=10119 [doris-1:f:up doris-2:f:DOWN doris-3:M:up]
04:26:44 #76 OK SELECT id=3719207 via doris-1 rows=10119 [doris-1:f:up doris-2:f:DOWN doris-3:M:up]
04:26:45 #77 OK SELECT id=3719207 via doris-1 rows=10118 [doris-1:f:up doris-2:f:DOWN doris-3:M:up]
04:26:46 #78 OK SELECT id=3719207 via doris-1 rows=10117 [doris-1:f:up doris-2:f:DOWN doris-3:M:up]
04:26:47 #79 OK SELECT id=3719207 via doris-1 rows=10118 [doris-1:f:up doris-2:f:DOWN doris-3:M:up]
04:26:48 #80 OK SELECT id=3719207 via doris-1 rows=10119 [doris-1:f:up doris-2:f:DOWN doris-3:M:up]
04:26:49 #81 OK SELECT id=3719207 via doris-1 rows=10119 [doris-1:f:up doris-2:f:DOWN doris-3:M:up]
04:26:51 #82 OK SELECT id=3719207 via doris-1 rows=10118 [doris-1:f:up doris-2:f:DOWN doris-3:M:up]
04:26:52 #83 OK SELECT id=3719207 via doris-1 rows=10117 [doris-1:f:up doris-2:f:DOWN doris-3:M:up]
04:26:53 #84 OK SELECT id=3719207 via doris-1 rows=10118 [doris-1:f:up doris-2:f:DOWN doris-3:M:up]
04:26:54 #85 OK SELECT id=3719207 via doris-1 rows=10119 [doris-1:f:up doris-2:f:DOWN doris-3:M:up]
04:26:55 #86 OK SELECT id=3719207 via doris-1 rows=10119 [doris-1:f:up doris-2:f:DOWN doris-3:M:up]
04:26:56 #87 OK SELECT id=3719207 via doris-1 rows=10118 [doris-1:f:up doris-2:f:DOWN doris-3:M:up]
04:26:57 #88 OK SELECT id=3719207 via doris-1 rows=10117 [doris-1:f:up doris-2:f:DOWN doris-3:M:up]
04:26:58 #89 OK SELECT id=3719207 via doris-1 rows=10118 [doris-1:f:up doris-2:f:DOWN doris-3:M:up]
04:26:59 #90 OK SELECT id=3719207 via doris-1 rows=10119 [doris-1:f:up doris-2:f:DOWN doris-3:M:up]
04:27:00 #91 OK SELECT id=3719207 via doris-1 rows=10119 [doris-1:f:up doris-2:f:DOWN doris-3:M:up]
04:27:01 #92 OK SELECT id=3719207 via doris-1 rows=10118 [doris-1:f:up doris-2:f:DOWN doris-3:M:up]
04:27:02 #93 OK SELECT id=3719207 via doris-1 rows=10117 [doris-1:f:up doris-2:f:DOWN doris-3:M:up]
04:27:03 #94 OK SELECT id=3719207 via doris-1 rows=10118 [doris-1:f:up doris-2:f:DOWN doris-3:M:up]
04:27:04 #95 OK SELECT id=3719207 via doris-1 rows=10118 [doris-1:f:up doris-2:f:DOWN doris-3:M:up]
04:27:06 #96 OK SELECT id=3719207 via doris-1 rows=10118 [doris-1:f:up doris-2:f:DOWN doris-3:M:up]
04:27:07 #97 OK SELECT id=3719207 via doris-1 rows=10117 [doris-1:f:up doris-2:f:DOWN doris-3:M:up]
04:27:08 #98 OK SELECT id=3719207 via doris-1 rows=10118 [doris-1:f:up doris-2:f:DOWN doris-3:M:up]
04:27:09 #99 OK SELECT id=3719207 via doris-1 rows=10119 [doris-1:f:up doris-2:f:DOWN doris-3:M:up]
04:27:10 #100 OK SELECT id=3719207 via doris-1 rows=10119 [doris-1:f:up doris-2:f:DOWN doris-3:M:up]
04:27:11 #101 OK SELECT id=3719207 via doris-1 rows=10118 [doris-1:f:up doris-2:f:DOWN doris-3:M:up]
04:27:12 #102 OK SELECT id=3719207 via doris-1 rows=10117 [doris-1:f:up doris-2:f:DOWN doris-3:M:up]
04:27:13 #103 OK SELECT id=3719207 via doris-1 rows=10118 [doris-1:f:up doris-2:f:DOWN doris-3:M:up]
04:27:14 #104 OK SELECT id=3719207 via doris-1 rows=10119 [doris-1:f:up doris-2:f:DOWN doris-3:M:up]
04:27:15 #105 OK SELECT id=3719207 via doris-1 rows=10119 [doris-1:f:up doris-2:f:DOWN doris-3:M:up]
04:27:16 #106 OK SELECT id=3719207 via doris-1 rows=10118 [doris-1:f:up doris-2:f:DOWN doris-3:M:up]
04:27:17 #107 OK SELECT id=3719207 via doris-1 rows=10117 [doris-1:f:up doris-2:f:DOWN doris-3:M:up]
04:27:18 #108 OK SELECT id=3719207 via doris-1 rows=10118 [doris-1:f:up doris-2:f:DOWN doris-3:M:up]
04:27:19 #109 OK SELECT id=3719207 via doris-1 rows=10119 [doris-1:f:up doris-2:f:DOWN doris-3:M:up]
04:27:20 #110 OK SELECT id=3719207 via doris-1 rows=10119 [doris-1:f:up doris-2:f:DOWN doris-3:M:up]
04:27:22 #111 OK SELECT id=3719207 via doris-1 rows=10118 [doris-1:f:up doris-2:f:DOWN doris-3:M:up]
04:27:23 #112 OK SELECT id=3719207 via doris-1 rows=10117 [doris-1:f:up doris-2:f:DOWN doris-3:M:up]
04:27:24 #113 OK SELECT id=3719207 via doris-1 rows=10118 [doris-1:f:up doris-2:f:DOWN doris-3:M:up]
04:27:25 #114 OK SELECT id=3719207 via doris-1 rows=10119 [doris-1:f:up doris-2:f:DOWN doris-3:M:up]
04:27:26 #115 OK SELECT id=3719207 via doris-1 rows=10119 [doris-1:f:up doris-2:f:DOWN doris-3:M:up]
04:27:27 #116 OK SELECT id=3719207 via doris-1 rows=10119 [doris-1:f:up doris-2:f:DOWN doris-3:M:up]
04:27:28 #117 OK SELECT id=3719207 via doris-1 rows=10118 [doris-1:f:up doris-2:f:DOWN doris-3:M:up]
04:27:29 #118 OK SELECT id=3719207 via doris-1 rows=10118 [doris-1:f:up doris-2:f:DOWN doris-3:M:up]
04:27:30 #119 OK SELECT id=3719207 via doris-1 rows=10118 [doris-1:f:up doris-2:f:DOWN doris-3:M:up]
04:27:31 #120 OK SELECT id=3719207 via doris-1 rows=10118 [doris-1:f:up doris-2:f:DOWN doris-3:M:up]
04:27:32 #121 OK SELECT id=3719207 via doris-1 rows=10119 [doris-1:f:up doris-2:f:DOWN doris-3:M:up]
04:27:33 #122 OK SELECT id=3719207 via doris-1 rows=10118 [doris-1:f:up doris-2:f:DOWN doris-3:M:up]
04:27:34 #123 OK SELECT id=3719207 via doris-1 rows=10118 [doris-1:f:up doris-2:f:DOWN doris-3:M:up]
04:27:35 #124 OK SELECT id=3719207 via doris-1 rows=10118 [doris-1:f:up doris-2:f:DOWN doris-3:M:up]
04:27:36 #125 OK SELECT id=3719207 via doris-1 rows=10118 [doris-1:f:up doris-2:f:DOWN doris-3:M:up]
04:27:38 #126 OK SELECT id=3719207 via doris-1 rows=10119 [doris-1:f:up doris-2:f:DOWN doris-3:M:up]
04:27:39 #127 OK SELECT id=3719207 via doris-1 rows=10118 [doris-1:f:up doris-2:f:DOWN doris-3:M:up]
04:27:40 #128 OK SELECT id=3719207 via doris-1 rows=10118 [doris-1:f:up doris-2:f:DOWN doris-3:M:up]
04:27:41 #129 OK SELECT id=3719207 via doris-1 rows=10118 [doris-1:f:up doris-2:f:DOWN doris-3:M:up]
04:27:42 #130 OK SELECT id=3719207 via doris-1 rows=10118 [doris-1:f:up doris-2:f:DOWN doris-3:M:up]
04:27:43 #131 OK SELECT id=3719207 via doris-1 rows=10119 [doris-1:f:up doris-2:f:DOWN doris-3:M:up]
04:27:44 #132 OK SELECT id=3719207 via doris-1 rows=10118 [doris-1:f:up doris-2:f:DOWN doris-3:M:up]
04:27:45 #133 OK SELECT id=3719207 via doris-1 rows=10118 [doris-1:f:up doris-2:f:DOWN doris-3:M:up]
04:27:46 #134 OK SELECT id=3719207 via doris-1 rows=10119 [doris-1:f:up doris-2:f:DOWN doris-3:M:up]
04:27:47 #135 OK SELECT id=3719207 via doris-1 rows=10119 [doris-1:f:up doris-2:f:DOWN doris-3:M:up]
04:27:48 #136 OK SELECT id=3719207 via doris-1 rows=10119 [doris-1:f:up doris-2:f:DOWN doris-3:M:up]
04:27:49 #137 OK SELECT id=3719207 via doris-1 rows=10117 [doris-1:f:up doris-2:f:DOWN doris-3:M:up]
04:27:50 #138 OK SELECT id=3719207 via doris-1 rows=10117 [doris-1:f:up doris-2:f:DOWN doris-3:M:up]
04:27:51 #139 OK SELECT id=3719207 via doris-1 rows=10119 [doris-1:f:up doris-2:f:DOWN doris-3:M:up]
04:27:52 #140 OK SELECT id=3719207 via doris-1 rows=10119 [doris-1:f:up doris-2:f:DOWN doris-3:M:up]
04:27:54 #141 OK SELECT id=3719207 via doris-1 rows=10119 [doris-1:f:up doris-2:f:DOWN doris-3:M:up]
04:27:55 #142 OK SELECT id=3719207 via doris-1 rows=10117 [doris-1:f:up doris-2:f:DOWN doris-3:M:up]
04:27:56 #143 OK SELECT id=3719207 via doris-1 rows=10117 [doris-1:f:up doris-2:f:DOWN doris-3:M:up]
04:27:56 EVENT restore: start doris-2
04:27:57 #144 OK SELECT id=3719207 via doris-1 rows=10119 [doris-1:f:up doris-2:f:DOWN doris-3:M:up]
04:27:58 #145 OK SELECT id=3719207 via doris-1 rows=10119 [doris-1:f:up doris-2:f:DOWN doris-3:M:up]
04:27:59 #146 OK SELECT id=3719207 via doris-1 rows=10119 [doris-1:f:up doris-2:f:DOWN doris-3:M:up]
04:28:00 #147 OK SELECT id=3719207 via doris-1 rows=10117 [doris-1:f:up doris-2:f:DOWN doris-3:M:up]
04:28:01 #148 OK SELECT id=3719207 via doris-1 rows=10117 [doris-1:f:up doris-2:f:DOWN doris-3:M:up]
04:28:02 #149 OK SELECT id=3719207 via doris-1 rows=10119 [doris-1:f:up doris-2:f:DOWN doris-3:M:up]
04:28:03 #150 OK SELECT id=3719207 via doris-1 rows=10119 [doris-1:f:up doris-2:f:DOWN doris-3:M:up]
04:28:04 #151 OK SELECT id=3719207 via doris-1 rows=10119 [doris-1:f:up doris-2:f:DOWN doris-3:M:up]
04:28:05 #152 OK SELECT id=3719207 via doris-1 rows=10117 [doris-1:f:up doris-2:f:DOWN doris-3:M:up]
04:28:06 #153 OK SELECT id=3719207 via doris-1 rows=10117 [doris-1:f:up doris-2:f:DOWN doris-3:M:up]
04:28:07 #154 OK SELECT id=3719207 via doris-1 rows=10118 [doris-1:f:up doris-2:f:DOWN doris-3:M:up]
04:28:08 #155 OK SELECT id=3719207 via doris-1 rows=10118 [doris-1:f:up doris-2:f:DOWN doris-3:M:up]
04:28:10 #156 OK SELECT id=3719207 via doris-1 rows=10118 [doris-1:f:up doris-2:f:DOWN doris-3:M:up]
04:28:11 #157 OK SELECT id=3719207 via doris-1 rows=10118 [doris-1:f:up doris-2:f:DOWN doris-3:M:up]
04:28:12 #158 OK SELECT id=3719207 via doris-1 rows=10118 [doris-1:f:up doris-2:f:DOWN doris-3:M:up]
04:28:13 #159 OK SELECT id=3719207 via doris-1 rows=10119 [doris-1:f:up doris-2:f:DOWN doris-3:M:up]
04:28:14 #160 OK SELECT id=3719207 via doris-1 rows=10118 [doris-1:f:up doris-2:f:DOWN doris-3:M:up]
04:28:15 #161 OK SELECT id=3719207 via doris-1 rows=10118 [doris-1:f:up doris-2:f:DOWN doris-3:M:up]
04:28:16 #162 OK SELECT id=3719207 via doris-1 rows=10118 [doris-1:f:up doris-2:f:DOWN doris-3:M:up]
04:28:17 #163 OK SELECT id=3719207 via doris-1 rows=10118 [doris-1:f:up doris-2:f:DOWN doris-3:M:up]
04:28:18 #164 OK SELECT id=3719207 via doris-1 rows=10119 [doris-1:f:up doris-2:f:DOWN doris-3:M:up]
04:28:19 #165 OK SELECT id=3719207 via doris-1 rows=10118 [doris-1:f:up doris-2:f:DOWN doris-3:M:up]
04:28:20 #166 OK SELECT id=3719207 via doris-1 rows=10118 [doris-1:f:up doris-2:f:DOWN doris-3:M:up]
04:28:21 #167 OK SELECT id=3719207 via doris-1 rows=10118 [doris-1:f:up doris-2:f:DOWN doris-3:M:up]
04:28:22 #168 OK SELECT id=3719207 via doris-1 rows=10118 [doris-1:f:up doris-2:f:DOWN doris-3:M:up]
04:28:23 #169 OK SELECT id=3719207 via doris-1 rows=10119 [doris-1:f:up doris-2:f:DOWN doris-3:M:up]
04:28:24 #170 OK SELECT id=3719207 via doris-1 rows=10118 [doris-1:f:up doris-2:f:DOWN doris-3:M:up]
04:28:26 #171 OK SELECT id=3719207 via doris-1 rows=10118 [doris-1:f:up doris-2:f:DOWN doris-3:M:up]
04:28:27 #172 OK SELECT id=3719207 via doris-1 rows=10118 [doris-1:f:up doris-2:f:DOWN doris-3:M:up]
04:28:28 #173 OK SELECT id=3719207 via doris-1 rows=10118 [doris-1:f:up doris-2:f:DOWN doris-3:M:up]
04:28:29 #174 OK SELECT id=3719207 via doris-1 rows=10119 [doris-1:f:up doris-2:f:DOWN doris-3:M:up]
04:28:30 #175 OK SELECT id=3719207 via doris-1 rows=10118 [doris-1:f:up doris-2:f:DOWN doris-3:M:up]
04:28:31 #176 OK SELECT id=3719207 via doris-1 rows=10118 [doris-1:f:up doris-2:f:DOWN doris-3:M:up]
04:28:32 #177 OK SELECT id=3719207 via doris-1 rows=10118 [doris-1:f:up doris-2:f:DOWN doris-3:M:up]
04:28:33 #178 OK SELECT id=3719207 via doris-1 rows=10118 [doris-1:f:up doris-2:f:DOWN doris-3:M:up]
04:28:34 #179 OK SELECT id=3719207 via doris-1 rows=10119 [doris-1:f:up doris-2:f:DOWN doris-3:M:up]
04:28:35 #180 OK SELECT id=3719207 via doris-1 rows=10118 [doris-1:f:up doris-2:f:DOWN doris-3:M:up]
04:28:36 #181 OK SELECT id=3719207 via doris-1 rows=10118 [doris-1:f:up doris-2:f:DOWN doris-3:M:up]
04:28:37 #182 OK SELECT id=3719207 via doris-1 rows=10118 [doris-1:f:up doris-2:f:DOWN doris-3:M:up]
04:28:38 #183 OK SELECT id=3719207 via doris-1 rows=10118 [doris-1:f:up doris-2:f:DOWN doris-3:M:up]
04:28:39 #184 OK SELECT id=3719207 via doris-1 rows=10119 [doris-1:f:up doris-2:f:up doris-3:M:up]
04:28:40 #185 OK SELECT id=3719207 via doris-1 rows=10118 [doris-1:f:up doris-2:f:up doris-3:M:up]
04:28:42 #186 OK SELECT id=3719207 via doris-1 rows=10118 [doris-1:f:up doris-2:f:up doris-3:M:up]
04:28:42 EVENT restore: cluster healthy
04:28:43 #187 OK SELECT id=3719207 via doris-1 rows=10118 [doris-1:f:up doris-2:f:up doris-3:M:up]
04:28:44 #188 OK SELECT id=3719207 via doris-1 rows=10118 [doris-1:f:up doris-2:f:up doris-3:M:up]
04:28:45 #189 OK SELECT id=3719207 via doris-1 rows=10119 [doris-1:f:up doris-2:f:up doris-3:M:up]
04:28:46 #190 OK SELECT id=3719207 via doris-1 rows=10119 [doris-1:f:up doris-2:f:up doris-3:M:up]
04:28:47 #191 OK SELECT id=3719207 via doris-1 rows=10119 [doris-1:f:up doris-2:f:up doris-3:M:up]
04:28:48 #192 OK SELECT id=3719207 via doris-1 rows=10117 [doris-1:f:up doris-2:f:up doris-3:M:up]
04:28:49 #193 OK SELECT id=3719207 via doris-1 rows=10117 [doris-1:f:up doris-2:f:up doris-3:M:up]
04:28:50 #194 OK SELECT id=3719207 via doris-1 rows=10118 [doris-1:f:up doris-2:f:up doris-3:M:up]
04:28:51 #195 OK SELECT id=3719207 via doris-1 rows=10119 [doris-1:f:up doris-2:f:up doris-3:M:up]
04:28:52 #196 OK SELECT id=3719207 via doris-1 rows=10119 [doris-1:f:up doris-2:f:up doris-3:M:up]
04:28:53 #197 OK SELECT id=3719207 via doris-1 rows=10118 [doris-1:f:up doris-2:f:up doris-3:M:up]
04:28:54 #198 OK SELECT id=3719207 via doris-1 rows=10117 [doris-1:f:up doris-2:f:up doris-3:M:up]
04:28:55 #199 OK SELECT id=3719207 via doris-1 rows=10118 [doris-1:f:up doris-2:f:up doris-3:M:up]
04:28:57 #200 OK SELECT id=3719207 via doris-1 rows=10118 [doris-1:f:up doris-2:f:up doris-3:M:up]
04:28:58 #201 OK SELECT id=3719207 via doris-1 rows=10119 [doris-1:f:up doris-2:f:up doris-3:M:up]
04:28:59 #202 OK SELECT id=3719207 via doris-1 rows=10118 [doris-1:f:up doris-2:f:up doris-3:M:up]
04:29:00 #203 OK SELECT id=3719207 via doris-1 rows=10118 [doris-1:f:up doris-2:f:up doris-3:M:up]
04:29:01 #204 OK SELECT id=3719207 via doris-1 rows=10118 [doris-1:f:up doris-2:f:up doris-3:M:up]
04:29:02 #205 OK SELECT id=3719207 via doris-1 rows=10118 [doris-1:f:up doris-2:f:up doris-3:M:up]
04:29:03 #206 OK SELECT id=3719207 via doris-1 rows=10119 [doris-1:f:up doris-2:f:up doris-3:M:up]
04:29:04 #207 OK SELECT id=3719207 via doris-1 rows=10118 [doris-1:f:up doris-2:f:up doris-3:M:up]
04:29:05 #208 OK SELECT id=3719207 via doris-1 rows=10118 [doris-1:f:up doris-2:f:up doris-3:M:up]
04:29:06 #209 OK SELECT id=3719207 via doris-1 rows=10118 [doris-1:f:up doris-2:f:up doris-3:M:up]
04:29:07 #210 OK SELECT id=3719207 via doris-1 rows=10118 [doris-1:f:up doris-2:f:up doris-3:M:up]
04:29:08 #211 OK SELECT id=3719207 via doris-1 rows=10119 [doris-1:f:up doris-2:f:up doris-3:M:up]
04:29:09 #212 OK SELECT id=3719207 via doris-1 rows=10118 [doris-1:f:up doris-2:f:up doris-3:M:up]
04:29:10 #213 OK SELECT id=3719207 via doris-1 rows=10118 [doris-1:f:up doris-2:f:up doris-3:M:up]
04:29:11 #214 OK SELECT id=3719207 via doris-1 rows=10118 [doris-1:f:up doris-2:f:up doris-3:M:up]
