04:25:20 PROBE start proto=mysql hosts=doris-2,doris-1,doris-3 duration=86400s cycle=INSERT>UPSERT>SELECT>DELETE>SELECT
04:25:20 connected to doris-2 (10.140.0.3)
04:25:20 #1 OK INSERT id=1719200 via doris-2 rows=10118 [doris-1:f:up doris-2:M:up doris-3:f:up]
04:25:21 #2 OK UPSERT id=1719200 via doris-2 rows=10120 [doris-1:f:up doris-2:M:up doris-3:f:up]
04:25:22 #3 OK SELECT id=1719200 via doris-2 rows=10120 [doris-1:f:up doris-2:M:up doris-3:f:up]
04:25:23 #4 OK DELETE id=1719200 via doris-2 rows=10119 [doris-1:f:up doris-2:M:up doris-3:f:up]
04:25:25 #5 OK SELECT id=1719200 via doris-2 rows=10118 [doris-1:f:up doris-2:M:up doris-3:f:up]
04:25:26 #6 OK INSERT id=1719201 via doris-2 rows=10118 [doris-1:f:up doris-2:M:up doris-3:f:up]
04:25:27 #7 OK UPSERT id=1719201 via doris-2 rows=10119 [doris-1:f:up doris-2:M:up doris-3:f:up]
04:25:28 #8 OK SELECT id=1719201 via doris-2 rows=10120 [doris-1:f:up doris-2:M:up doris-3:f:up]
04:25:29 #9 OK DELETE id=1719201 via doris-2 rows=10119 [doris-1:f:up doris-2:M:up doris-3:f:up]
04:25:30 #10 OK SELECT id=1719201 via doris-2 rows=10118 [doris-1:f:up doris-2:M:up doris-3:f:up]
04:25:31 #11 OK INSERT id=1719202 via doris-2 rows=10118 [doris-1:f:up doris-2:M:up doris-3:f:up]
04:25:32 #12 OK UPSERT id=1719202 via doris-2 rows=10119 [doris-1:f:up doris-2:M:up doris-3:f:up]
04:25:33 #13 OK SELECT id=1719202 via doris-2 rows=10120 [doris-1:f:up doris-2:M:up doris-3:f:up]
04:25:34 #14 OK DELETE id=1719202 via doris-2 rows=10119 [doris-1:f:up doris-2:M:up doris-3:f:up]
04:25:35 #15 OK SELECT id=1719202 via doris-2 rows=10118 [doris-1:f:up doris-2:M:up doris-3:f:up]
04:25:36 #16 OK INSERT id=1719203 via doris-2 rows=10118 [doris-1:f:up doris-2:M:up doris-3:f:up]
04:25:38 #17 OK UPSERT id=1719203 via doris-2 rows=10119 [doris-1:f:up doris-2:M:up doris-3:f:up]
04:25:39 #18 OK SELECT id=1719203 via doris-2 rows=10120 [doris-1:f:up doris-2:M:up doris-3:f:up]
04:25:40 #19 OK DELETE id=1719203 via doris-2 rows=10119 [doris-1:f:up doris-2:M:up doris-3:f:up]
04:25:41 #20 OK SELECT id=1719203 via doris-2 rows=10118 [doris-1:f:up doris-2:M:up doris-3:f:up]
04:25:42 #21 OK INSERT id=1719204 via doris-2 rows=10118 [doris-1:f:up doris-2:M:up doris-3:f:up]
04:25:43 #22 OK UPSERT id=1719204 via doris-2 rows=10119 [doris-1:f:up doris-2:M:up doris-3:f:up]
04:25:44 #23 OK SELECT id=1719204 via doris-2 rows=10120 [doris-1:f:up doris-2:M:up doris-3:f:up]
04:25:45 #24 OK DELETE id=1719204 via doris-2 rows=10119 [doris-1:f:up doris-2:M:up doris-3:f:up]
04:25:46 #25 OK SELECT id=1719204 via doris-2 rows=10118 [doris-1:f:up doris-2:M:up doris-3:f:up]
04:25:47 #26 OK INSERT id=1719205 via doris-2 rows=10118 [doris-1:f:up doris-2:M:up doris-3:f:up]
04:25:48 #27 OK UPSERT id=1719205 via doris-2 rows=10119 [doris-1:f:up doris-2:M:up doris-3:f:up]
04:25:49 #28 OK SELECT id=1719205 via doris-2 rows=10120 [doris-1:f:up doris-2:M:up doris-3:f:up]
04:25:50 #29 OK DELETE id=1719205 via doris-2 rows=10119 [doris-1:f:up doris-2:M:up doris-3:f:up]
04:25:51 #30 OK SELECT id=1719205 via doris-2 rows=10118 [doris-1:f:up doris-2:M:up doris-3:f:up]
04:25:52 #31 OK INSERT id=1719206 via doris-2 rows=10118 [doris-1:f:up doris-2:M:up doris-3:f:up]
04:25:54 #32 OK UPSERT id=1719206 via doris-2 rows=10119 [doris-1:f:up doris-2:M:up doris-3:f:up]
04:25:55 #33 OK SELECT id=1719206 via doris-2 rows=10120 [doris-1:f:up doris-2:M:up doris-3:f:up]
04:25:55 EVENT break: vm stop on doris-2 (FE master)
04:25:56 #34 OK DELETE id=1719206 via doris-2 rows=10119 [doris-1:f:up doris-2:M:up doris-3:f:up]
04:25:57 #35 OK SELECT id=1719206 via doris-2 rows=10118 [doris-1:f:up doris-2:M:up doris-3:f:up]
04:25:58 #36 FAIL INSERT id=1719207 via doris-2: OperationalError: (2013, 'Lost connection to MySQL server during query ([Errno 104] Connection reset by peer)')
04:25:58 #36 OK SELECT(check) id=1 via doris-1
04:26:00 connected to doris-1 (10.140.0.2)
04:26:03 #37 OK INSERT id=1719208 via doris-1 rows=10118 [doris-1:f:up doris-2:f:DOWN doris-3:M:up] (recovered)
04:26:04 #38 OK UPSERT id=1719208 via doris-1 rows=10119 [doris-1:f:up doris-2:f:DOWN doris-3:M:up]
04:26:05 #39 OK SELECT id=1719208 via doris-1 rows=10119 [doris-1:f:up doris-2:f:DOWN doris-3:M:up]
04:26:07 #40 OK DELETE id=1719208 via doris-1 rows=10118 [doris-1:f:up doris-2:f:DOWN doris-3:M:up]
04:26:08 #41 OK SELECT id=1719208 via doris-1 rows=10117 [doris-1:f:up doris-2:f:DOWN doris-3:M:up]
04:26:09 #42 OK INSERT id=1719209 via doris-1 rows=10118 [doris-1:f:up doris-2:f:DOWN doris-3:M:up]
04:26:10 #43 OK UPSERT id=1719209 via doris-1 rows=10119 [doris-1:f:up doris-2:f:DOWN doris-3:M:up]
04:26:11 #44 OK SELECT id=1719209 via doris-1 rows=10119 [doris-1:f:up doris-2:f:DOWN doris-3:M:up]
04:26:12 #45 OK DELETE id=1719209 via doris-1 rows=10118 [doris-1:f:up doris-2:f:DOWN doris-3:M:up]
04:26:13 #46 OK SELECT id=1719209 via doris-1 rows=10117 [doris-1:f:up doris-2:f:DOWN doris-3:M:up]
04:26:14 #47 OK INSERT id=1719210 via doris-1 rows=10118 [doris-1:f:up doris-2:f:DOWN doris-3:M:up]
04:26:15 #48 OK UPSERT id=1719210 via doris-1 rows=10119 [doris-1:f:up doris-2:f:DOWN doris-3:M:up]
04:26:16 #49 OK SELECT id=1719210 via doris-1 rows=10119 [doris-1:f:up doris-2:f:DOWN doris-3:M:up]
04:26:18 #50 OK DELETE id=1719210 via doris-1 rows=10118 [doris-1:f:up doris-2:f:DOWN doris-3:M:up]
04:26:19 #51 OK SELECT id=1719210 via doris-1 rows=10117 [doris-1:f:up doris-2:f:DOWN doris-3:M:up]
04:26:19 EVENT break: doris-2 is down
04:26:20 #52 OK INSERT id=1719211 via doris-1 rows=10118 [doris-1:f:up doris-2:f:DOWN doris-3:M:up]
04:26:21 #53 OK UPSERT id=1719211 via doris-1 rows=10119 [doris-1:f:up doris-2:f:DOWN doris-3:M:up]
04:26:22 #54 OK SELECT id=1719211 via doris-1 rows=10119 [doris-1:f:up doris-2:f:DOWN doris-3:M:up]
04:26:23 #55 OK DELETE id=1719211 via doris-1 rows=10118 [doris-1:f:up doris-2:f:DOWN doris-3:M:up]
04:26:24 #56 OK SELECT id=1719211 via doris-1 rows=10118 [doris-1:f:up doris-2:f:DOWN doris-3:M:up]
04:26:25 #57 OK INSERT id=1719212 via doris-1 rows=10119 [doris-1:f:up doris-2:f:DOWN doris-3:M:up]
04:26:26 #58 OK UPSERT id=1719212 via doris-1 rows=10119 [doris-1:f:up doris-2:f:DOWN doris-3:M:up]
04:26:27 #59 OK SELECT id=1719212 via doris-1 rows=10118 [doris-1:f:up doris-2:f:DOWN doris-3:M:up]
04:26:28 #60 OK DELETE id=1719212 via doris-1 rows=10117 [doris-1:f:up doris-2:f:DOWN doris-3:M:up]
04:26:29 #61 OK SELECT id=1719212 via doris-1 rows=10118 [doris-1:f:up doris-2:f:DOWN doris-3:M:up]
04:26:30 #62 OK INSERT id=1719213 via doris-1 rows=10119 [doris-1:f:up doris-2:f:DOWN doris-3:M:up]
04:26:32 #63 OK UPSERT id=1719213 via doris-1 rows=10119 [doris-1:f:up doris-2:f:DOWN doris-3:M:up]
04:26:33 #64 OK SELECT id=1719213 via doris-1 rows=10118 [doris-1:f:up doris-2:f:DOWN doris-3:M:up]
04:26:34 #65 OK DELETE id=1719213 via doris-1 rows=10117 [doris-1:f:up doris-2:f:DOWN doris-3:M:up]
04:26:35 #66 OK SELECT id=1719213 via doris-1 rows=10118 [doris-1:f:up doris-2:f:DOWN doris-3:M:up]
04:26:36 #67 OK INSERT id=1719214 via doris-1 rows=10119 [doris-1:f:up doris-2:f:DOWN doris-3:M:up]
04:26:37 #68 OK UPSERT id=1719214 via doris-1 rows=10119 [doris-1:f:up doris-2:f:DOWN doris-3:M:up]
04:26:38 #69 OK SELECT id=1719214 via doris-1 rows=10118 [doris-1:f:up doris-2:f:DOWN doris-3:M:up]
04:26:39 #70 OK DELETE id=1719214 via doris-1 rows=10117 [doris-1:f:up doris-2:f:DOWN doris-3:M:up]
04:26:40 #71 OK SELECT id=1719214 via doris-1 rows=10118 [doris-1:f:up doris-2:f:DOWN doris-3:M:up]
04:26:41 #72 OK INSERT id=1719215 via doris-1 rows=10119 [doris-1:f:up doris-2:f:DOWN doris-3:M:up]
04:26:42 #73 OK UPSERT id=1719215 via doris-1 rows=10119 [doris-1:f:up doris-2:f:DOWN doris-3:M:up]
04:26:43 #74 OK SELECT id=1719215 via doris-1 rows=10119 [doris-1:f:up doris-2:f:DOWN doris-3:M:up]
04:26:44 #75 OK DELETE id=1719215 via doris-1 rows=10118 [doris-1:f:up doris-2:f:DOWN doris-3:M:up]
04:26:45 #76 OK SELECT id=1719215 via doris-1 rows=10118 [doris-1:f:up doris-2:f:DOWN doris-3:M:up]
04:26:47 #77 OK INSERT id=1719216 via doris-1 rows=10118 [doris-1:f:up doris-2:f:DOWN doris-3:M:up]
04:26:48 #78 OK UPSERT id=1719216 via doris-1 rows=10118 [doris-1:f:up doris-2:f:DOWN doris-3:M:up]
04:26:49 #79 OK SELECT id=1719216 via doris-1 rows=10119 [doris-1:f:up doris-2:f:DOWN doris-3:M:up]
04:26:50 #80 OK DELETE id=1719216 via doris-1 rows=10118 [doris-1:f:up doris-2:f:DOWN doris-3:M:up]
04:26:51 #81 OK SELECT id=1719216 via doris-1 rows=10118 [doris-1:f:up doris-2:f:DOWN doris-3:M:up]
04:26:52 #82 OK INSERT id=1719217 via doris-1 rows=10118 [doris-1:f:up doris-2:f:DOWN doris-3:M:up]
04:26:53 #83 OK UPSERT id=1719217 via doris-1 rows=10118 [doris-1:f:up doris-2:f:DOWN doris-3:M:up]
04:26:54 #84 OK SELECT id=1719217 via doris-1 rows=10119 [doris-1:f:up doris-2:f:DOWN doris-3:M:up]
04:26:55 #85 OK DELETE id=1719217 via doris-1 rows=10118 [doris-1:f:up doris-2:f:DOWN doris-3:M:up]
04:26:56 #86 OK SELECT id=1719217 via doris-1 rows=10118 [doris-1:f:up doris-2:f:DOWN doris-3:M:up]
04:26:57 #87 OK INSERT id=1719218 via doris-1 rows=10118 [doris-1:f:up doris-2:f:DOWN doris-3:M:up]
04:26:58 #88 OK UPSERT id=1719218 via doris-1 rows=10118 [doris-1:f:up doris-2:f:DOWN doris-3:M:up]
04:26:59 #89 OK SELECT id=1719218 via doris-1 rows=10119 [doris-1:f:up doris-2:f:DOWN doris-3:M:up]
04:27:01 #90 OK DELETE id=1719218 via doris-1 rows=10118 [doris-1:f:up doris-2:f:DOWN doris-3:M:up]
04:27:02 #91 OK SELECT id=1719218 via doris-1 rows=10118 [doris-1:f:up doris-2:f:DOWN doris-3:M:up]
04:27:03 #92 OK INSERT id=1719219 via doris-1 rows=10118 [doris-1:f:up doris-2:f:DOWN doris-3:M:up]
04:27:04 #93 OK UPSERT id=1719219 via doris-1 rows=10118 [doris-1:f:up doris-2:f:DOWN doris-3:M:up]
04:27:05 #94 OK SELECT id=1719219 via doris-1 rows=10118 [doris-1:f:up doris-2:f:DOWN doris-3:M:up]
04:27:06 #95 OK DELETE id=1719219 via doris-1 rows=10117 [doris-1:f:up doris-2:f:DOWN doris-3:M:up]
04:27:07 #96 OK SELECT id=1719219 via doris-1 rows=10117 [doris-1:f:up doris-2:f:DOWN doris-3:M:up]
04:27:08 #97 OK INSERT id=1719220 via doris-1 rows=10119 [doris-1:f:up doris-2:f:DOWN doris-3:M:up]
04:27:09 #98 OK UPSERT id=1719220 via doris-1 rows=10119 [doris-1:f:up doris-2:f:DOWN doris-3:M:up]
04:27:10 #99 OK SELECT id=1719220 via doris-1 rows=10119 [doris-1:f:up doris-2:f:DOWN doris-3:M:up]
04:27:11 #100 OK DELETE id=1719220 via doris-1 rows=10117 [doris-1:f:up doris-2:f:DOWN doris-3:M:up]
04:27:12 #101 OK SELECT id=1719220 via doris-1 rows=10117 [doris-1:f:up doris-2:f:DOWN doris-3:M:up]
04:27:13 #102 OK INSERT id=1719221 via doris-1 rows=10119 [doris-1:f:up doris-2:f:DOWN doris-3:M:up]
04:27:15 #103 OK UPSERT id=1719221 via doris-1 rows=10119 [doris-1:f:up doris-2:f:DOWN doris-3:M:up]
04:27:16 #104 OK SELECT id=1719221 via doris-1 rows=10119 [doris-1:f:up doris-2:f:DOWN doris-3:M:up]
04:27:17 #105 OK DELETE id=1719221 via doris-1 rows=10117 [doris-1:f:up doris-2:f:DOWN doris-3:M:up]
04:27:18 #106 OK SELECT id=1719221 via doris-1 rows=10117 [doris-1:f:up doris-2:f:DOWN doris-3:M:up]
04:27:19 #107 OK INSERT id=1719222 via doris-1 rows=10119 [doris-1:f:up doris-2:f:DOWN doris-3:M:up]
04:27:20 #108 OK UPSERT id=1719222 via doris-1 rows=10119 [doris-1:f:up doris-2:f:DOWN doris-3:M:up]
04:27:21 #109 OK SELECT id=1719222 via doris-1 rows=10119 [doris-1:f:up doris-2:f:DOWN doris-3:M:up]
04:27:22 #110 OK DELETE id=1719222 via doris-1 rows=10117 [doris-1:f:up doris-2:f:DOWN doris-3:M:up]
04:27:23 #111 OK SELECT id=1719222 via doris-1 rows=10117 [doris-1:f:up doris-2:f:DOWN doris-3:M:up]
04:27:24 #112 OK INSERT id=1719223 via doris-1 rows=10119 [doris-1:f:up doris-2:f:DOWN doris-3:M:up]
04:27:25 #113 OK UPSERT id=1719223 via doris-1 rows=10119 [doris-1:f:up doris-2:f:DOWN doris-3:M:up]
04:27:26 #114 OK SELECT id=1719223 via doris-1 rows=10119 [doris-1:f:up doris-2:f:DOWN doris-3:M:up]
04:27:27 #115 OK DELETE id=1719223 via doris-1 rows=10118 [doris-1:f:up doris-2:f:DOWN doris-3:M:up]
04:27:28 #116 OK SELECT id=1719223 via doris-1 rows=10118 [doris-1:f:up doris-2:f:DOWN doris-3:M:up]
04:27:30 #117 OK INSERT id=1719224 via doris-1 rows=10119 [doris-1:f:up doris-2:f:DOWN doris-3:M:up]
04:27:31 #118 OK UPSERT id=1719224 via doris-1 rows=10118 [doris-1:f:up doris-2:f:DOWN doris-3:M:up]
04:27:32 #119 OK SELECT id=1719224 via doris-1 rows=10118 [doris-1:f:up doris-2:f:DOWN doris-3:M:up]
04:27:33 #120 OK DELETE id=1719224 via doris-1 rows=10118 [doris-1:f:up doris-2:f:DOWN doris-3:M:up]
04:27:34 #121 OK SELECT id=1719224 via doris-1 rows=10118 [doris-1:f:up doris-2:f:DOWN doris-3:M:up]
04:27:35 #122 OK INSERT id=1719225 via doris-1 rows=10119 [doris-1:f:up doris-2:f:DOWN doris-3:M:up]
04:27:36 #123 OK UPSERT id=1719225 via doris-1 rows=10118 [doris-1:f:up doris-2:f:DOWN doris-3:M:up]
04:27:37 #124 OK SELECT id=1719225 via doris-1 rows=10118 [doris-1:f:up doris-2:f:DOWN doris-3:M:up]
04:27:38 #125 OK DELETE id=1719225 via doris-1 rows=10118 [doris-1:f:up doris-2:f:DOWN doris-3:M:up]
04:27:39 #126 OK SELECT id=1719225 via doris-1 rows=10118 [doris-1:f:up doris-2:f:DOWN doris-3:M:up]
04:27:40 #127 OK INSERT id=1719226 via doris-1 rows=10119 [doris-1:f:up doris-2:f:DOWN doris-3:M:up]
04:27:41 #128 OK UPSERT id=1719226 via doris-1 rows=10118 [doris-1:f:up doris-2:f:DOWN doris-3:M:up]
04:27:42 #129 OK SELECT id=1719226 via doris-1 rows=10118 [doris-1:f:up doris-2:f:DOWN doris-3:M:up]
04:27:43 #130 OK DELETE id=1719226 via doris-1 rows=10118 [doris-1:f:up doris-2:f:DOWN doris-3:M:up]
04:27:45 #131 OK SELECT id=1719226 via doris-1 rows=10118 [doris-1:f:up doris-2:f:DOWN doris-3:M:up]
04:27:46 #132 OK INSERT id=1719227 via doris-1 rows=10119 [doris-1:f:up doris-2:f:DOWN doris-3:M:up]
04:27:47 #133 OK UPSERT id=1719227 via doris-1 rows=10119 [doris-1:f:up doris-2:f:DOWN doris-3:M:up]
04:27:48 #134 OK SELECT id=1719227 via doris-1 rows=10119 [doris-1:f:up doris-2:f:DOWN doris-3:M:up]
04:27:49 #135 OK DELETE id=1719227 via doris-1 rows=10117 [doris-1:f:up doris-2:f:DOWN doris-3:M:up]
04:27:50 #136 OK SELECT id=1719227 via doris-1 rows=10117 [doris-1:f:up doris-2:f:DOWN doris-3:M:up]
04:27:51 #137 OK INSERT id=1719228 via doris-1 rows=10119 [doris-1:f:up doris-2:f:DOWN doris-3:M:up]
04:27:52 #138 OK UPSERT id=1719228 via doris-1 rows=10119 [doris-1:f:up doris-2:f:DOWN doris-3:M:up]
04:27:53 #139 OK SELECT id=1719228 via doris-1 rows=10119 [doris-1:f:up doris-2:f:DOWN doris-3:M:up]
04:27:54 #140 OK DELETE id=1719228 via doris-1 rows=10117 [doris-1:f:up doris-2:f:DOWN doris-3:M:up]
04:27:55 #141 OK SELECT id=1719228 via doris-1 rows=10117 [doris-1:f:up doris-2:f:DOWN doris-3:M:up]
04:27:56 #142 OK INSERT id=1719229 via doris-1 rows=10119 [doris-1:f:up doris-2:f:DOWN doris-3:M:up]
04:27:56 EVENT restore: start doris-2
04:27:57 #143 OK UPSERT id=1719229 via doris-1 rows=10119 [doris-1:f:up doris-2:f:DOWN doris-3:M:up]
04:27:58 #144 OK SELECT id=1719229 via doris-1 rows=10119 [doris-1:f:up doris-2:f:DOWN doris-3:M:up]
04:28:00 #145 OK DELETE id=1719229 via doris-1 rows=10117 [doris-1:f:up doris-2:f:DOWN doris-3:M:up]
04:28:01 #146 OK SELECT id=1719229 via doris-1 rows=10117 [doris-1:f:up doris-2:f:DOWN doris-3:M:up]
04:28:02 #147 OK INSERT id=1719230 via doris-1 rows=10119 [doris-1:f:up doris-2:f:DOWN doris-3:M:up]
04:28:03 #148 OK UPSERT id=1719230 via doris-1 rows=10119 [doris-1:f:up doris-2:f:DOWN doris-3:M:up]
04:28:04 #149 OK SELECT id=1719230 via doris-1 rows=10119 [doris-1:f:up doris-2:f:DOWN doris-3:M:up]
04:28:05 #150 OK DELETE id=1719230 via doris-1 rows=10117 [doris-1:f:up doris-2:f:DOWN doris-3:M:up]
04:28:06 #151 OK SELECT id=1719230 via doris-1 rows=10117 [doris-1:f:up doris-2:f:DOWN doris-3:M:up]
04:28:07 #152 OK INSERT id=1719231 via doris-1 rows=10118 [doris-1:f:up doris-2:f:DOWN doris-3:M:up]
04:28:08 #153 OK UPSERT id=1719231 via doris-1 rows=10118 [doris-1:f:up doris-2:f:DOWN doris-3:M:up]
04:28:09 #154 OK SELECT id=1719231 via doris-1 rows=10118 [doris-1:f:up doris-2:f:DOWN doris-3:M:up]
04:28:10 #155 OK DELETE id=1719231 via doris-1 rows=10118 [doris-1:f:up doris-2:f:DOWN doris-3:M:up]
04:28:11 #156 OK SELECT id=1719231 via doris-1 rows=10118 [doris-1:f:up doris-2:f:DOWN doris-3:M:up]
04:28:12 #157 OK INSERT id=1719232 via doris-1 rows=10119 [doris-1:f:up doris-2:f:DOWN doris-3:M:up]
04:28:13 #158 OK UPSERT id=1719232 via doris-1 rows=10118 [doris-1:f:up doris-2:f:DOWN doris-3:M:up]
04:28:14 #159 OK SELECT id=1719232 via doris-1 rows=10118 [doris-1:f:up doris-2:f:DOWN doris-3:M:up]
04:28:16 #160 OK DELETE id=1719232 via doris-1 rows=10118 [doris-1:f:up doris-2:f:DOWN doris-3:M:up]
04:28:17 #161 OK SELECT id=1719232 via doris-1 rows=10118 [doris-1:f:up doris-2:f:DOWN doris-3:M:up]
04:28:18 #162 OK INSERT id=1719233 via doris-1 rows=10119 [doris-1:f:up doris-2:f:DOWN doris-3:M:up]
04:28:19 #163 OK UPSERT id=1719233 via doris-1 rows=10118 [doris-1:f:up doris-2:f:DOWN doris-3:M:up]
04:28:20 #164 OK SELECT id=1719233 via doris-1 rows=10118 [doris-1:f:up doris-2:f:DOWN doris-3:M:up]
04:28:21 #165 OK DELETE id=1719233 via doris-1 rows=10118 [doris-1:f:up doris-2:f:DOWN doris-3:M:up]
04:28:22 #166 OK SELECT id=1719233 via doris-1 rows=10118 [doris-1:f:up doris-2:f:DOWN doris-3:M:up]
04:28:23 #167 OK INSERT id=1719234 via doris-1 rows=10119 [doris-1:f:up doris-2:f:DOWN doris-3:M:up]
04:28:24 #168 OK UPSERT id=1719234 via doris-1 rows=10118 [doris-1:f:up doris-2:f:DOWN doris-3:M:up]
04:28:25 #169 OK SELECT id=1719234 via doris-1 rows=10118 [doris-1:f:up doris-2:f:DOWN doris-3:M:up]
04:28:26 #170 OK DELETE id=1719234 via doris-1 rows=10118 [doris-1:f:up doris-2:f:DOWN doris-3:M:up]
04:28:27 #171 OK SELECT id=1719234 via doris-1 rows=10118 [doris-1:f:up doris-2:f:DOWN doris-3:M:up]
04:28:28 #172 OK INSERT id=1719235 via doris-1 rows=10119 [doris-1:f:up doris-2:f:DOWN doris-3:M:up]
04:28:29 #173 OK UPSERT id=1719235 via doris-1 rows=10118 [doris-1:f:up doris-2:f:DOWN doris-3:M:up]
04:28:31 #174 OK SELECT id=1719235 via doris-1 rows=10118 [doris-1:f:up doris-2:f:DOWN doris-3:M:up]
04:28:32 #175 OK DELETE id=1719235 via doris-1 rows=10118 [doris-1:f:up doris-2:f:DOWN doris-3:M:up]
04:28:33 #176 OK SELECT id=1719235 via doris-1 rows=10118 [doris-1:f:up doris-2:f:DOWN doris-3:M:up]
04:28:34 #177 OK INSERT id=1719236 via doris-1 rows=10119 [doris-1:f:up doris-2:f:DOWN doris-3:M:up]
04:28:35 #178 OK UPSERT id=1719236 via doris-1 rows=10118 [doris-1:f:up doris-2:f:DOWN doris-3:M:up]
04:28:36 #179 OK SELECT id=1719236 via doris-1 rows=10118 [doris-1:f:up doris-2:f:DOWN doris-3:M:up]
04:28:37 #180 OK DELETE id=1719236 via doris-1 rows=10118 [doris-1:f:up doris-2:f:DOWN doris-3:M:up]
04:28:38 #181 OK SELECT id=1719236 via doris-1 rows=10118 [doris-1:f:up doris-2:f:DOWN doris-3:M:up]
04:28:39 #182 OK INSERT id=1719237 via doris-1 rows=10119 [doris-1:f:up doris-2:f:DOWN doris-3:M:up]
04:28:40 #183 OK UPSERT id=1719237 via doris-1 rows=10118 [doris-1:f:up doris-2:f:up doris-3:M:up]
04:28:41 #184 OK SELECT id=1719237 via doris-1 rows=10118 [doris-1:f:up doris-2:f:up doris-3:M:up]
04:28:42 EVENT restore: cluster healthy
04:28:42 #185 OK DELETE id=1719237 via doris-1 rows=10118 [doris-1:f:up doris-2:f:up doris-3:M:up]
04:28:43 #186 OK SELECT id=1719237 via doris-1 rows=10118 [doris-1:f:up doris-2:f:up doris-3:M:up]
04:28:44 #187 OK INSERT id=1719238 via doris-1 rows=10119 [doris-1:f:up doris-2:f:up doris-3:M:up]
04:28:46 #188 OK UPSERT id=1719238 via doris-1 rows=10119 [doris-1:f:up doris-2:f:up doris-3:M:up]
04:28:47 #189 OK SELECT id=1719238 via doris-1 rows=10119 [doris-1:f:up doris-2:f:up doris-3:M:up]
04:28:48 #190 OK DELETE id=1719238 via doris-1 rows=10117 [doris-1:f:up doris-2:f:up doris-3:M:up]
04:28:49 #191 OK SELECT id=1719238 via doris-1 rows=10117 [doris-1:f:up doris-2:f:up doris-3:M:up]
04:28:50 #192 OK INSERT id=1719239 via doris-1 rows=10118 [doris-1:f:up doris-2:f:up doris-3:M:up]
04:28:51 #193 OK UPSERT id=1719239 via doris-1 rows=10119 [doris-1:f:up doris-2:f:up doris-3:M:up]
04:28:52 #194 OK SELECT id=1719239 via doris-1 rows=10119 [doris-1:f:up doris-2:f:up doris-3:M:up]
04:28:53 #195 OK DELETE id=1719239 via doris-1 rows=10118 [doris-1:f:up doris-2:f:up doris-3:M:up]
04:28:54 #196 OK SELECT id=1719239 via doris-1 rows=10118 [doris-1:f:up doris-2:f:up doris-3:M:up]
04:28:55 #197 OK INSERT id=1719240 via doris-1 rows=10118 [doris-1:f:up doris-2:f:up doris-3:M:up]
04:28:56 #198 OK UPSERT id=1719240 via doris-1 rows=10118 [doris-1:f:up doris-2:f:up doris-3:M:up]
04:28:57 #199 OK SELECT id=1719240 via doris-1 rows=10119 [doris-1:f:up doris-2:f:up doris-3:M:up]
04:28:58 #200 OK DELETE id=1719240 via doris-1 rows=10118 [doris-1:f:up doris-2:f:up doris-3:M:up]
04:28:59 #201 OK SELECT id=1719240 via doris-1 rows=10118 [doris-1:f:up doris-2:f:up doris-3:M:up]
04:29:01 #202 OK INSERT id=1719241 via doris-1 rows=10118 [doris-1:f:up doris-2:f:up doris-3:M:up]
04:29:02 #203 OK UPSERT id=1719241 via doris-1 rows=10118 [doris-1:f:up doris-2:f:up doris-3:M:up]
04:29:03 #204 OK SELECT id=1719241 via doris-1 rows=10119 [doris-1:f:up doris-2:f:up doris-3:M:up]
04:29:04 #205 OK DELETE id=1719241 via doris-1 rows=10118 [doris-1:f:up doris-2:f:up doris-3:M:up]
04:29:05 #206 OK SELECT id=1719241 via doris-1 rows=10118 [doris-1:f:up doris-2:f:up doris-3:M:up]
04:29:06 #207 OK INSERT id=1719242 via doris-1 rows=10118 [doris-1:f:up doris-2:f:up doris-3:M:up]
04:29:07 #208 OK UPSERT id=1719242 via doris-1 rows=10118 [doris-1:f:up doris-2:f:up doris-3:M:up]
04:29:08 #209 OK SELECT id=1719242 via doris-1 rows=10119 [doris-1:f:up doris-2:f:up doris-3:M:up]
