16:25:12 PROBE start proto=arrow-flight hosts=doris-1,doris-2,doris-3 duration=86400s cycle=INSERT>UPSERT>SELECT>DELETE>SELECT
16:25:12 connected to doris-1 (10.140.0.2)
16:25:12 DML unsupported over arrow-flight (InternalError: RuntimeException, msg: getMysqlChannel not in mysql connection (Internal; ExecuteQuery)) — switching to SELECT-only mode
16:25:12 #1 OK SELECT id=3607120 via doris-1 rows=10180 [doris-1:f:up doris-2:f:up doris-3:M:up]
16:25:13 #2 OK SELECT id=3607120 via doris-1 rows=10182 [doris-1:f:up doris-2:f:up doris-3:M:up]
16:25:14 #3 OK SELECT id=3607120 via doris-1 rows=10182 [doris-1:f:up doris-2:f:up doris-3:M:up]
16:25:15 #4 OK SELECT id=3607120 via doris-1 rows=10182 [doris-1:f:up doris-2:f:up doris-3:M:up]
16:25:16 #5 OK SELECT id=3607120 via doris-1 rows=10180 [doris-1:f:up doris-2:f:up doris-3:M:up]
16:25:17 #6 OK SELECT id=3607120 via doris-1 rows=10181 [doris-1:f:up doris-2:f:up doris-3:M:up]
16:25:18 #7 OK SELECT id=3607120 via doris-1 rows=10182 [doris-1:f:up doris-2:f:up doris-3:M:up]
16:25:20 #8 OK SELECT id=3607120 via doris-1 rows=10182 [doris-1:f:up doris-2:f:up doris-3:M:up]
16:25:21 #9 OK SELECT id=3607120 via doris-1 rows=10181 [doris-1:f:up doris-2:f:up doris-3:M:up]
16:25:22 #10 OK SELECT id=3607120 via doris-1 rows=10180 [doris-1:f:up doris-2:f:up doris-3:M:up]
16:25:23 #11 OK SELECT id=3607120 via doris-1 rows=10181 [doris-1:f:up doris-2:f:up doris-3:M:up]
16:25:24 #12 OK SELECT id=3607120 via doris-1 rows=10182 [doris-1:f:up doris-2:f:up doris-3:M:up]
16:25:25 #13 OK SELECT id=3607120 via doris-1 rows=10182 [doris-1:f:up doris-2:f:up doris-3:M:up]
16:25:26 #14 OK SELECT id=3607120 via doris-1 rows=10181 [doris-1:f:up doris-2:f:up doris-3:M:up]
16:25:27 #15 OK SELECT id=3607120 via doris-1 rows=10180 [doris-1:f:up doris-2:f:up doris-3:M:up]
16:25:28 #16 OK SELECT id=3607120 via doris-1 rows=10181 [doris-1:f:up doris-2:f:up doris-3:M:up]
16:25:29 #17 OK SELECT id=3607120 via doris-1 rows=10182 [doris-1:f:up doris-2:f:up doris-3:M:up]
16:25:30 #18 OK SELECT id=3607120 via doris-1 rows=10182 [doris-1:f:up doris-2:f:up doris-3:M:up]
16:25:31 #19 OK SELECT id=3607120 via doris-1 rows=10181 [doris-1:f:up doris-2:f:up doris-3:M:up]
16:25:32 #20 OK SELECT id=3607120 via doris-1 rows=10180 [doris-1:f:up doris-2:f:up doris-3:M:up]
16:25:33 #21 OK SELECT id=3607120 via doris-1 rows=10181 [doris-1:f:up doris-2:f:up doris-3:M:up]
16:25:34 #22 OK SELECT id=3607120 via doris-1 rows=10182 [doris-1:f:up doris-2:f:up doris-3:M:up]
16:25:36 #23 OK SELECT id=3607120 via doris-1 rows=10182 [doris-1:f:up doris-2:f:up doris-3:M:up]
16:25:37 #24 OK SELECT id=3607120 via doris-1 rows=10181 [doris-1:f:up doris-2:f:up doris-3:M:up]
16:25:38 #25 OK SELECT id=3607120 via doris-1 rows=10180 [doris-1:f:up doris-2:f:up doris-3:M:up]
16:25:39 #26 OK SELECT id=3607120 via doris-1 rows=10181 [doris-1:f:up doris-2:f:up doris-3:M:up]
16:25:40 #27 OK SELECT id=3607120 via doris-1 rows=10182 [doris-1:f:up doris-2:f:up doris-3:M:up]
16:25:41 #28 OK SELECT id=3607120 via doris-1 rows=10182 [doris-1:f:up doris-2:f:up doris-3:M:up]
16:25:42 #29 OK SELECT id=3607120 via doris-1 rows=10181 [doris-1:f:up doris-2:f:up doris-3:M:up]
16:25:43 #30 OK SELECT id=3607120 via doris-1 rows=10180 [doris-1:f:up doris-2:f:up doris-3:M:up]
16:25:44 #31 OK SELECT id=3607120 via doris-1 rows=10181 [doris-1:f:up doris-2:f:up doris-3:M:up]
16:25:45 #32 OK SELECT id=3607120 via doris-1 rows=10182 [doris-1:f:up doris-2:f:up doris-3:M:up]
16:25:46 EVENT break: fe crash on doris-1 (FE follower)
16:25:46 #33 OK SELECT id=3607120 via doris-1 rows=10182 [doris-1:f:up doris-2:f:up doris-3:M:up]
16:25:47 #34 OK SELECT id=3607120 via doris-1 rows=10181 [doris-1:f:up doris-2:f:up doris-3:M:up]
16:25:48 #35 FAIL SELECT id=3607120 via doris-1: OperationalError: IO: [FlightSQL] connection error: desc = "transport: Error while dialing: dial tcp 10.140.0.2:8070: connect: c
16:25:51 connected to doris-2 (10.140.0.3)
16:25:51 #36 OK SELECT id=3607120 via doris-2 rows=10182 [doris-1:f:DOWN doris-2:f:up doris-3:M:up] (recovered)
16:25:52 #37 OK SELECT id=3607120 via doris-2 rows=10182 [doris-1:f:DOWN doris-2:f:up doris-3:M:up]
16:25:54 #38 OK SELECT id=3607120 via doris-2 rows=10182 [doris-1:f:DOWN doris-2:f:up doris-3:M:up]
16:25:55 #39 OK SELECT id=3607120 via doris-2 rows=10180 [doris-1:f:DOWN doris-2:f:up doris-3:M:up]
16:25:56 #40 OK SELECT id=3607120 via doris-2 rows=10180 [doris-1:f:DOWN doris-2:f:up doris-3:M:up]
16:25:57 #41 OK SELECT id=3607120 via doris-2 rows=10182 [doris-1:f:DOWN doris-2:f:up doris-3:M:up]
16:25:58 #42 OK SELECT id=3607120 via doris-2 rows=10182 [doris-1:f:DOWN doris-2:f:up doris-3:M:up]
16:25:59 #43 OK SELECT id=3607120 via doris-2 rows=10182 [doris-1:f:DOWN doris-2:f:up doris-3:M:up]
16:26:00 #44 OK SELECT id=3607120 via doris-2 rows=10180 [doris-1:f:DOWN doris-2:f:up doris-3:M:up]
16:26:02 #45 OK SELECT id=3607120 via doris-2 rows=10180 [doris-1:f:DOWN doris-2:f:up doris-3:M:up]
16:26:03 #46 OK SELECT id=3607120 via doris-2 rows=10182 [doris-1:f:DOWN doris-2:f:up doris-3:M:up]
16:26:04 EVENT recovered: fe restarted by systemd on doris-1 (+9s)
16:26:04 #47 OK SELECT id=3607120 via doris-2 rows=10182 [doris-1:f:DOWN doris-2:f:up doris-3:M:up]
16:26:05 #48 OK SELECT id=3607120 via doris-2 rows=10182 [doris-1:f:DOWN doris-2:f:up doris-3:M:up]
16:26:06 #49 OK SELECT id=3607120 via doris-2 rows=10180 [doris-1:f:DOWN doris-2:f:up doris-3:M:up]
16:26:07 #50 OK SELECT id=3607120 via doris-2 rows=10180 [doris-1:f:DOWN doris-2:f:up doris-3:M:up]
16:26:08 #51 OK SELECT id=3607120 via doris-2 rows=10182 [doris-1:f:DOWN doris-2:f:up doris-3:M:up]
16:26:09 #52 OK SELECT id=3607120 via doris-2 rows=10182 [doris-1:f:up doris-2:f:up doris-3:M:up]
16:26:11 #53 OK SELECT id=3607120 via doris-2 rows=10182 [doris-1:f:up doris-2:f:up doris-3:M:up]
16:26:12 #54 OK SELECT id=3607120 via doris-2 rows=10180 [doris-1:f:up doris-2:f:up doris-3:M:up]
16:26:13 #55 OK SELECT id=3607120 via doris-2 rows=10180 [doris-1:f:up doris-2:f:up doris-3:M:up]
16:26:14 #56 OK SELECT id=3607120 via doris-2 rows=10182 [doris-1:f:up doris-2:f:up doris-3:M:up]
16:26:15 #57 OK SELECT id=3607120 via doris-2 rows=10182 [doris-1:f:up doris-2:f:up doris-3:M:up]
16:26:16 #58 OK SELECT id=3607120 via doris-2 rows=10182 [doris-1:f:up doris-2:f:up doris-3:M:up]
16:26:17 #59 OK SELECT id=3607120 via doris-2 rows=10180 [doris-1:f:up doris-2:f:up doris-3:M:up]
16:26:18 #60 OK SELECT id=3607120 via doris-2 rows=10180 [doris-1:f:up doris-2:f:up doris-3:M:up]
16:26:19 #61 OK SELECT id=3607120 via doris-2 rows=10182 [doris-1:f:up doris-2:f:up doris-3:M:up]
16:26:20 #62 OK SELECT id=3607120 via doris-2 rows=10182 [doris-1:f:up doris-2:f:up doris-3:M:up]
16:26:22 #63 OK SELECT id=3607120 via doris-2 rows=10182 [doris-1:f:up doris-2:f:up doris-3:M:up]
16:26:23 #64 OK SELECT id=3607120 via doris-2 rows=10180 [doris-1:f:up doris-2:f:up doris-3:M:up]
16:26:24 #65 OK SELECT id=3607120 via doris-2 rows=10180 [doris-1:f:up doris-2:f:up doris-3:M:up]
16:26:25 #66 OK SELECT id=3607120 via doris-2 rows=10182 [doris-1:f:up doris-2:f:up doris-3:M:up]
16:26:26 #67 OK SELECT id=3607120 via doris-2 rows=10182 [doris-1:f:up doris-2:f:up doris-3:M:up]
16:26:27 #68 OK SELECT id=3607120 via doris-2 rows=10182 [doris-1:f:up doris-2:f:up doris-3:M:up]
16:26:28 #69 OK SELECT id=3607120 via doris-2 rows=10181 [doris-1:f:up doris-2:f:up doris-3:M:up]
16:26:29 #70 OK SELECT id=3607120 via doris-2 rows=10181 [doris-1:f:up doris-2:f:up doris-3:M:up]
16:26:30 #71 OK SELECT id=3607120 via doris-2 rows=10181 [doris-1:f:up doris-2:f:up doris-3:M:up]
16:26:32 #72 OK SELECT id=3607120 via doris-2 rows=10181 [doris-1:f:up doris-2:f:up doris-3:M:up]
16:26:33 #73 OK SELECT id=3607120 via doris-2 rows=10181 [doris-1:f:up doris-2:f:up doris-3:M:up]
16:26:34 #74 OK SELECT id=3607120 via doris-2 rows=10181 [doris-1:f:up doris-2:f:up doris-3:M:up]
16:26:35 #75 OK SELECT id=3607120 via doris-2 rows=10182 [doris-1:f:up doris-2:f:up doris-3:M:up]
16:26:36 #76 OK SELECT id=3607120 via doris-2 rows=10182 [doris-1:f:up doris-2:f:up doris-3:M:up]
16:26:37 #77 OK SELECT id=3607120 via doris-2 rows=10181 [doris-1:f:up doris-2:f:up doris-3:M:up]
16:26:38 #78 OK SELECT id=3607120 via doris-2 rows=10180 [doris-1:f:up doris-2:f:up doris-3:M:up]
16:26:39 #79 OK SELECT id=3607120 via doris-2 rows=10181 [doris-1:f:up doris-2:f:up doris-3:M:up]
16:26:40 #80 OK SELECT id=3607120 via doris-2 rows=10182 [doris-1:f:up doris-2:f:up doris-3:M:up]
16:26:41 #81 OK SELECT id=3607120 via doris-2 rows=10182 [doris-1:f:up doris-2:f:up doris-3:M:up]
16:26:42 #82 OK SELECT id=3607120 via doris-2 rows=10181 [doris-1:f:up doris-2:f:up doris-3:M:up]
16:26:44 #83 OK SELECT id=3607120 via doris-2 rows=10180 [doris-1:f:up doris-2:f:up doris-3:M:up]
16:26:45 #84 OK SELECT id=3607120 via doris-2 rows=10181 [doris-1:f:up doris-2:f:up doris-3:M:up]
16:26:46 #85 OK SELECT id=3607120 via doris-2 rows=10182 [doris-1:f:up doris-2:f:up doris-3:M:up]
16:26:47 #86 OK SELECT id=3607120 via doris-2 rows=10182 [doris-1:f:up doris-2:f:up doris-3:M:up]
16:26:48 #87 OK SELECT id=3607120 via doris-2 rows=10181 [doris-1:f:up doris-2:f:up doris-3:M:up]
16:26:49 #88 OK SELECT id=3607120 via doris-2 rows=10180 [doris-1:f:up doris-2:f:up doris-3:M:up]
16:26:50 #89 OK SELECT id=3607120 via doris-2 rows=10181 [doris-1:f:up doris-2:f:up doris-3:M:up]
16:26:51 #90 OK SELECT id=3607120 via doris-2 rows=10182 [doris-1:f:up doris-2:f:up doris-3:M:up]
16:26:52 #91 OK SELECT id=3607120 via doris-2 rows=10182 [doris-1:f:up doris-2:f:up doris-3:M:up]
16:26:53 #92 OK SELECT id=3607120 via doris-2 rows=10181 [doris-1:f:up doris-2:f:up doris-3:M:up]
16:26:54 #93 OK SELECT id=3607120 via doris-2 rows=10180 [doris-1:f:up doris-2:f:up doris-3:M:up]
16:26:55 #94 OK SELECT id=3607120 via doris-2 rows=10181 [doris-1:f:up doris-2:f:up doris-3:M:up]
16:26:57 #95 OK SELECT id=3607120 via doris-2 rows=10182 [doris-1:f:up doris-2:f:up doris-3:M:up]
16:26:58 #96 OK SELECT id=3607120 via doris-2 rows=10182 [doris-1:f:up doris-2:f:up doris-3:M:up]
16:26:59 #97 OK SELECT id=3607120 via doris-2 rows=10181 [doris-1:f:up doris-2:f:up doris-3:M:up]
16:27:00 #98 OK SELECT id=3607120 via doris-2 rows=10180 [doris-1:f:up doris-2:f:up doris-3:M:up]
16:27:01 #99 OK SELECT id=3607120 via doris-2 rows=10181 [doris-1:f:up doris-2:f:up doris-3:M:up]
16:27:02 #100 OK SELECT id=3607120 via doris-2 rows=10182 [doris-1:f:up doris-2:f:up doris-3:M:up]
16:27:03 #101 OK SELECT id=3607120 via doris-2 rows=10182 [doris-1:f:up doris-2:f:up doris-3:M:up]
16:27:04 #102 OK SELECT id=3607120 via doris-2 rows=10181 [doris-1:f:up doris-2:f:up doris-3:M:up]
16:27:05 #103 OK SELECT id=3607120 via doris-2 rows=10180 [doris-1:f:up doris-2:f:up doris-3:M:up]
16:27:06 #104 OK SELECT id=3607120 via doris-2 rows=10181 [doris-1:f:up doris-2:f:up doris-3:M:up]
16:27:07 #105 OK SELECT id=3607120 via doris-2 rows=10182 [doris-1:f:up doris-2:f:up doris-3:M:up]
16:27:09 #106 OK SELECT id=3607120 via doris-2 rows=10182 [doris-1:f:up doris-2:f:up doris-3:M:up]
16:27:10 #107 OK SELECT id=3607120 via doris-2 rows=10181 [doris-1:f:up doris-2:f:up doris-3:M:up]
16:27:11 #108 OK SELECT id=3607120 via doris-2 rows=10180 [doris-1:f:up doris-2:f:up doris-3:M:up]
16:27:12 #109 OK SELECT id=3607120 via doris-2 rows=10181 [doris-1:f:up doris-2:f:up doris-3:M:up]
16:27:13 #110 OK SELECT id=3607120 via doris-2 rows=10182 [doris-1:f:up doris-2:f:up doris-3:M:up]
16:27:14 #111 OK SELECT id=3607120 via doris-2 rows=10182 [doris-1:f:up doris-2:f:up doris-3:M:up]
16:27:15 #112 OK SELECT id=3607120 via doris-2 rows=10181 [doris-1:f:up doris-2:f:up doris-3:M:up]
16:27:16 #113 OK SELECT id=3607120 via doris-2 rows=10180 [doris-1:f:up doris-2:f:up doris-3:M:up]
16:27:17 #114 OK SELECT id=3607120 via doris-2 rows=10181 [doris-1:f:up doris-2:f:up doris-3:M:up]
16:27:18 #115 OK SELECT id=3607120 via doris-2 rows=10182 [doris-1:f:up doris-2:f:up doris-3:M:up]
16:27:19 #116 OK SELECT id=3607120 via doris-2 rows=10182 [doris-1:f:up doris-2:f:up doris-3:M:up]
16:27:20 #117 OK SELECT id=3607120 via doris-2 rows=10181 [doris-1:f:up doris-2:f:up doris-3:M:up]
16:27:21 #118 OK SELECT id=3607120 via doris-2 rows=10180 [doris-1:f:up doris-2:f:up doris-3:M:up]
16:27:23 #119 OK SELECT id=3607120 via doris-2 rows=10181 [doris-1:f:up doris-2:f:up doris-3:M:up]
16:27:24 #120 OK SELECT id=3607120 via doris-2 rows=10182 [doris-1:f:up doris-2:f:up doris-3:M:up]
16:27:25 #121 OK SELECT id=3607120 via doris-2 rows=10182 [doris-1:f:up doris-2:f:up doris-3:M:up]
16:27:26 #122 OK SELECT id=3607120 via doris-2 rows=10181 [doris-1:f:up doris-2:f:up doris-3:M:up]
16:27:27 #123 OK SELECT id=3607120 via doris-2 rows=10180 [doris-1:f:up doris-2:f:up doris-3:M:up]
16:27:28 #124 OK SELECT id=3607120 via doris-2 rows=10181 [doris-1:f:up doris-2:f:up doris-3:M:up]
16:27:29 #125 OK SELECT id=3607120 via doris-2 rows=10182 [doris-1:f:up doris-2:f:up doris-3:M:up]
16:27:30 #126 OK SELECT id=3607120 via doris-2 rows=10182 [doris-1:f:up doris-2:f:up doris-3:M:up]
16:27:31 #127 OK SELECT id=3607120 via doris-2 rows=10181 [doris-1:f:up doris-2:f:up doris-3:M:up]
16:27:32 #128 OK SELECT id=3607120 via doris-2 rows=10180 [doris-1:f:up doris-2:f:up doris-3:M:up]
16:27:33 #129 OK SELECT id=3607120 via doris-2 rows=10181 [doris-1:f:up doris-2:f:up doris-3:M:up]
16:27:34 #130 OK SELECT id=3607120 via doris-2 rows=10182 [doris-1:f:up doris-2:f:up doris-3:M:up]
16:27:36 #131 OK SELECT id=3607120 via doris-2 rows=10182 [doris-1:f:up doris-2:f:up doris-3:M:up]
16:27:37 #132 OK SELECT id=3607120 via doris-2 rows=10181 [doris-1:f:up doris-2:f:up doris-3:M:up]
16:27:38 #133 OK SELECT id=3607120 via doris-2 rows=10180 [doris-1:f:up doris-2:f:up doris-3:M:up]
16:27:39 #134 OK SELECT id=3607120 via doris-2 rows=10181 [doris-1:f:up doris-2:f:up doris-3:M:up]
16:27:40 #135 OK SELECT id=3607120 via doris-2 rows=10182 [doris-1:f:up doris-2:f:up doris-3:M:up]
16:27:41 EVENT restore: verify fe on doris-1
16:27:41 #136 OK SELECT id=3607120 via doris-2 rows=10182 [doris-1:f:up doris-2:f:up doris-3:M:up]
16:27:42 #137 OK SELECT id=3607120 via doris-2 rows=10181 [doris-1:f:up doris-2:f:up doris-3:M:up]
16:27:43 #138 OK SELECT id=3607120 via doris-2 rows=10180 [doris-1:f:up doris-2:f:up doris-3:M:up]
16:27:44 #139 OK SELECT id=3607120 via doris-2 rows=10181 [doris-1:f:up doris-2:f:up doris-3:M:up]
16:27:45 #140 OK SELECT id=3607120 via doris-2 rows=10182 [doris-1:f:up doris-2:f:up doris-3:M:up]
16:27:46 EVENT restore: cluster healthy
16:27:46 #141 OK SELECT id=3607120 via doris-2 rows=10182 [doris-1:f:up doris-2:f:up doris-3:M:up]
16:27:47 #142 OK SELECT id=3607120 via doris-2 rows=10181 [doris-1:f:up doris-2:f:up doris-3:M:up]
16:27:48 #143 OK SELECT id=3607120 via doris-2 rows=10180 [doris-1:f:up doris-2:f:up doris-3:M:up]
16:27:50 #144 OK SELECT id=3607120 via doris-2 rows=10181 [doris-1:f:up doris-2:f:up doris-3:M:up]
16:27:51 #145 OK SELECT id=3607120 via doris-2 rows=10182 [doris-1:f:up doris-2:f:up doris-3:M:up]
16:27:52 #146 OK SELECT id=3607120 via doris-2 rows=10182 [doris-1:f:up doris-2:f:up doris-3:M:up]
16:27:53 #147 OK SELECT id=3607120 via doris-2 rows=10181 [doris-1:f:up doris-2:f:up doris-3:M:up]
16:27:54 #148 OK SELECT id=3607120 via doris-2 rows=10180 [doris-1:f:up doris-2:f:up doris-3:M:up]
16:27:55 #149 OK SELECT id=3607120 via doris-2 rows=10181 [doris-1:f:up doris-2:f:up doris-3:M:up]
16:27:56 #150 OK SELECT id=3607120 via doris-2 rows=10182 [doris-1:f:up doris-2:f:up doris-3:M:up]
16:27:57 #151 OK SELECT id=3607120 via doris-2 rows=10182 [doris-1:f:up doris-2:f:up doris-3:M:up]
16:27:58 #152 OK SELECT id=3607120 via doris-2 rows=10181 [doris-1:f:up doris-2:f:up doris-3:M:up]
16:27:59 #153 OK SELECT id=3607120 via doris-2 rows=10180 [doris-1:f:up doris-2:f:up doris-3:M:up]
16:28:00 #154 OK SELECT id=3607120 via doris-2 rows=10181 [doris-1:f:up doris-2:f:up doris-3:M:up]
16:28:01 #155 OK SELECT id=3607120 via doris-2 rows=10182 [doris-1:f:up doris-2:f:up doris-3:M:up]
16:28:02 #156 OK SELECT id=3607120 via doris-2 rows=10182 [doris-1:f:up doris-2:f:up doris-3:M:up]
16:28:04 #157 OK SELECT id=3607120 via doris-2 rows=10181 [doris-1:f:up doris-2:f:up doris-3:M:up]
16:28:05 #158 OK SELECT id=3607120 via doris-2 rows=10180 [doris-1:f:up doris-2:f:up doris-3:M:up]
16:28:06 #159 OK SELECT id=3607120 via doris-2 rows=10181 [doris-1:f:up doris-2:f:up doris-3:M:up]
16:28:07 #160 OK SELECT id=3607120 via doris-2 rows=10182 [doris-1:f:up doris-2:f:up doris-3:M:up]
16:28:08 #161 OK SELECT id=3607120 via doris-2 rows=10182 [doris-1:f:up doris-2:f:up doris-3:M:up]
16:28:09 #162 OK SELECT id=3607120 via doris-2 rows=10181 [doris-1:f:up doris-2:f:up doris-3:M:up]
16:28:10 #163 OK SELECT id=3607120 via doris-2 rows=10180 [doris-1:f:up doris-2:f:up doris-3:M:up]
16:28:11 #164 OK SELECT id=3607120 via doris-2 rows=10181 [doris-1:f:up doris-2:f:up doris-3:M:up]
16:28:12 #165 OK SELECT id=3607120 via doris-2 rows=10182 [doris-1:f:up doris-2:f:up doris-3:M:up]
16:28:13 #166 OK SELECT id=3607120 via doris-2 rows=10182 [doris-1:f:up doris-2:f:up doris-3:M:up]
16:28:14 #167 OK SELECT id=3607120 via doris-2 rows=10181 [doris-1:f:up doris-2:f:up doris-3:M:up]
16:28:15 #168 OK SELECT id=3607120 via doris-2 rows=10180 [doris-1:f:up doris-2:f:up doris-3:M:up]
