16:25:12 PROBE start proto=jdbc hosts=doris-1,doris-2,doris-3 duration=86400s cycle=INSERT>UPSERT>SELECT>DELETE>SELECT url=jdbc:mysql://10.140.0.2:9030,10.140.0.3:9030,10.140.0.4:9030/hatest
16:25:13 connected to doris-1 (driver-selected host)
16:25:13 #1 OK INSERT id=2607120 via doris-1 rows=10182 [doris-1:f:up doris-2:f:up doris-3:M:up]
16:25:14 #2 OK UPSERT id=2607120 via doris-1 rows=10182 [doris-1:f:up doris-2:f:up doris-3:M:up]
16:25:15 #3 OK SELECT id=2607120 via doris-1 rows=10182 [doris-1:f:up doris-2:f:up doris-3:M:up]
16:25:16 #4 OK DELETE id=2607120 via doris-1 rows=10180 [doris-1:f:up doris-2:f:up doris-3:M:up]
16:25:17 #5 OK SELECT id=2607120 via doris-1 rows=10180 [doris-1:f:up doris-2:f:up doris-3:M:up]
16:25:18 #6 OK INSERT id=2607121 via doris-1 rows=10182 [doris-1:f:up doris-2:f:up doris-3:M:up]
16:25:19 #7 OK UPSERT id=2607121 via doris-1 rows=10182 [doris-1:f:up doris-2:f:up doris-3:M:up]
16:25:20 #8 OK SELECT id=2607121 via doris-1 rows=10182 [doris-1:f:up doris-2:f:up doris-3:M:up]
16:25:21 #9 OK DELETE id=2607121 via doris-1 rows=10180 [doris-1:f:up doris-2:f:up doris-3:M:up]
16:25:22 #10 OK SELECT id=2607121 via doris-1 rows=10180 [doris-1:f:up doris-2:f:up doris-3:M:up]
16:25:23 #11 OK INSERT id=2607122 via doris-1 rows=10182 [doris-1:f:up doris-2:f:up doris-3:M:up]
16:25:24 #12 OK UPSERT id=2607122 via doris-1 rows=10182 [doris-1:f:up doris-2:f:up doris-3:M:up]
16:25:25 #13 OK SELECT id=2607122 via doris-1 rows=10182 [doris-1:f:up doris-2:f:up doris-3:M:up]
16:25:27 #14 OK DELETE id=2607122 via doris-1 rows=10180 [doris-1:f:up doris-2:f:up doris-3:M:up]
16:25:28 #15 OK SELECT id=2607122 via doris-1 rows=10180 [doris-1:f:up doris-2:f:up doris-3:M:up]
16:25:29 #16 OK INSERT id=2607123 via doris-1 rows=10182 [doris-1:f:up doris-2:f:up doris-3:M:up]
16:25:30 #17 OK UPSERT id=2607123 via doris-1 rows=10182 [doris-1:f:up doris-2:f:up doris-3:M:up]
16:25:31 #18 OK SELECT id=2607123 via doris-1 rows=10182 [doris-1:f:up doris-2:f:up doris-3:M:up]
16:25:32 #19 OK DELETE id=2607123 via doris-1 rows=10180 [doris-1:f:up doris-2:f:up doris-3:M:up]
16:25:33 #20 OK SELECT id=2607123 via doris-1 rows=10180 [doris-1:f:up doris-2:f:up doris-3:M:up]
16:25:34 #21 OK INSERT id=2607124 via doris-1 rows=10182 [doris-1:f:up doris-2:f:up doris-3:M:up]
16:25:35 #22 OK UPSERT id=2607124 via doris-1 rows=10182 [doris-1:f:up doris-2:f:up doris-3:M:up]
16:25:36 #23 OK SELECT id=2607124 via doris-1 rows=10182 [doris-1:f:up doris-2:f:up doris-3:M:up]
16:25:37 #24 OK DELETE id=2607124 via doris-1 rows=10180 [doris-1:f:up doris-2:f:up doris-3:M:up]
16:25:38 #25 OK SELECT id=2607124 via doris-1 rows=10180 [doris-1:f:up doris-2:f:up doris-3:M:up]
16:25:39 #26 OK INSERT id=2607125 via doris-1 rows=10182 [doris-1:f:up doris-2:f:up doris-3:M:up]
16:25:40 #27 OK UPSERT id=2607125 via doris-1 rows=10182 [doris-1:f:up doris-2:f:up doris-3:M:up]
16:25:41 #28 OK SELECT id=2607125 via doris-1 rows=10182 [doris-1:f:up doris-2:f:up doris-3:M:up]
16:25:43 #29 OK DELETE id=2607125 via doris-1 rows=10180 [doris-1:f:up doris-2:f:up doris-3:M:up]
16:25:44 #30 OK SELECT id=2607125 via doris-1 rows=10180 [doris-1:f:up doris-2:f:up doris-3:M:up]
16:25:45 #31 OK INSERT id=2607126 via doris-1 rows=10182 [doris-1:f:up doris-2:f:up doris-3:M:up]
16:25:46 #32 OK UPSERT id=2607126 via doris-1 rows=10182 [doris-1:f:up doris-2:f:up doris-3:M:up]
16:25:46 EVENT break: fe crash on doris-1 (FE follower)
16:25:47 #33 OK SELECT id=2607126 via doris-1 rows=10182 [doris-1:f:up doris-2:f:up doris-3:M:up]
16:25:48 #34 OK DELETE id=2607126 via doris-1 rows=10180 [doris-1:f:up doris-2:f:up doris-3:M:up]
16:25:49 #35 FAIL SELECT id=2607126 via doris-1: CommunicationsException: Communications link failure  The last packet successfully received from the server was 1,016 milliseconds ago.
16:25:50 connected to doris-2 (driver-selected host)
16:25:51 #36 OK INSERT id=2607127 via doris-2 rows=10182 [doris-1:f:DOWN doris-2:f:up doris-3:M:up] (recovered)
16:25:52 #37 OK UPSERT id=2607127 via doris-2 rows=10182 [doris-1:f:DOWN doris-2:f:up doris-3:M:up]
16:25:53 #38 OK SELECT id=2607127 via doris-2 rows=10182 [doris-1:f:DOWN doris-2:f:up doris-3:M:up]
16:25:54 #39 OK DELETE id=2607127 via doris-2 rows=10181 [doris-1:f:DOWN doris-2:f:up doris-3:M:up]
16:25:55 #40 OK SELECT id=2607127 via doris-2 rows=10180 [doris-1:f:DOWN doris-2:f:up doris-3:M:up]
16:25:56 #41 OK INSERT id=2607128 via doris-2 rows=10181 [doris-1:f:DOWN doris-2:f:up doris-3:M:up]
16:25:58 #42 OK UPSERT id=2607128 via doris-2 rows=10182 [doris-1:f:DOWN doris-2:f:up doris-3:M:up]
16:25:59 #43 OK SELECT id=2607128 via doris-2 rows=10182 [doris-1:f:DOWN doris-2:f:up doris-3:M:up]
16:26:00 #44 OK DELETE id=2607128 via doris-2 rows=10181 [doris-1:f:DOWN doris-2:f:up doris-3:M:up]
16:26:01 #45 OK SELECT id=2607128 via doris-2 rows=10180 [doris-1:f:DOWN doris-2:f:up doris-3:M:up]
16:26:02 #46 OK INSERT id=2607129 via doris-2 rows=10181 [doris-1:f:DOWN doris-2:f:up doris-3:M:up]
16:26:03 #47 OK UPSERT id=2607129 via doris-2 rows=10182 [doris-1:f:DOWN doris-2:f:up doris-3:M:up]
16:26:04 EVENT recovered: fe restarted by systemd on doris-1 (+9s)
16:26:04 #48 OK SELECT id=2607129 via doris-2 rows=10182 [doris-1:f:DOWN doris-2:f:up doris-3:M:up]
16:26:05 #49 OK DELETE id=2607129 via doris-2 rows=10181 [doris-1:f:DOWN doris-2:f:up doris-3:M:up]
16:26:06 #50 OK SELECT id=2607129 via doris-2 rows=10180 [doris-1:f:DOWN doris-2:f:up doris-3:M:up]
16:26:08 #51 OK INSERT id=2607130 via doris-2 rows=10181 [doris-1:f:DOWN doris-2:f:up doris-3:M:up]
16:26:09 #52 OK UPSERT id=2607130 via doris-2 rows=10182 [doris-1:f:DOWN doris-2:f:up doris-3:M:up]
16:26:10 #53 OK SELECT id=2607130 via doris-2 rows=10182 [doris-1:f:up doris-2:f:up doris-3:M:up]
16:26:11 #54 OK DELETE id=2607130 via doris-2 rows=10181 [doris-1:f:up doris-2:f:up doris-3:M:up]
16:26:12 #55 OK SELECT id=2607130 via doris-2 rows=10180 [doris-1:f:up doris-2:f:up doris-3:M:up]
16:26:13 #56 OK INSERT id=2607131 via doris-2 rows=10181 [doris-1:f:up doris-2:f:up doris-3:M:up]
16:26:14 #57 OK UPSERT id=2607131 via doris-2 rows=10182 [doris-1:f:up doris-2:f:up doris-3:M:up]
16:26:15 #58 OK SELECT id=2607131 via doris-2 rows=10182 [doris-1:f:up doris-2:f:up doris-3:M:up]
16:26:16 #59 OK DELETE id=2607131 via doris-2 rows=10181 [doris-1:f:up doris-2:f:up doris-3:M:up]
16:26:17 #60 OK SELECT id=2607131 via doris-2 rows=10180 [doris-1:f:up doris-2:f:up doris-3:M:up]
16:26:18 #61 OK INSERT id=2607132 via doris-2 rows=10181 [doris-1:f:up doris-2:f:up doris-3:M:up]
16:26:20 #62 OK UPSERT id=2607132 via doris-2 rows=10182 [doris-1:f:up doris-2:f:up doris-3:M:up]
16:26:21 #63 OK SELECT id=2607132 via doris-2 rows=10182 [doris-1:f:up doris-2:f:up doris-3:M:up]
16:26:22 #64 OK DELETE id=2607132 via doris-2 rows=10181 [doris-1:f:up doris-2:f:up doris-3:M:up]
16:26:23 #65 OK SELECT id=2607132 via doris-2 rows=10180 [doris-1:f:up doris-2:f:up doris-3:M:up]
16:26:24 #66 OK INSERT id=2607133 via doris-2 rows=10181 [doris-1:f:up doris-2:f:up doris-3:M:up]
16:26:25 #67 OK UPSERT id=2607133 via doris-2 rows=10182 [doris-1:f:up doris-2:f:up doris-3:M:up]
16:26:28 #68 OK SELECT id=2607133 via doris-2 rows=10182 [doris-1:f:up doris-2:f:up doris-3:M:up]
16:26:30 #69 OK DELETE id=2607133 via doris-2 rows=10181 [doris-1:f:up doris-2:f:up doris-3:M:up]
16:26:32 #70 OK SELECT id=2607133 via doris-2 rows=10181 [doris-1:f:up doris-2:f:up doris-3:M:up]
16:26:33 #71 OK INSERT id=2607134 via doris-2 rows=10181 [doris-1:f:up doris-2:f:up doris-3:M:up]
16:26:34 #72 OK UPSERT id=2607134 via doris-2 rows=10181 [doris-1:f:up doris-2:f:up doris-3:M:up]
16:26:35 #73 OK SELECT id=2607134 via doris-2 rows=10182 [doris-1:f:up doris-2:f:up doris-3:M:up]
16:26:36 #74 OK DELETE id=2607134 via doris-2 rows=10181 [doris-1:f:up doris-2:f:up doris-3:M:up]
16:26:37 #75 OK SELECT id=2607134 via doris-2 rows=10181 [doris-1:f:up doris-2:f:up doris-3:M:up]
16:26:38 #76 OK INSERT id=2607135 via doris-2 rows=10181 [doris-1:f:up doris-2:f:up doris-3:M:up]
16:26:40 #77 OK UPSERT id=2607135 via doris-2 rows=10181 [doris-1:f:up doris-2:f:up doris-3:M:up]
16:26:41 #78 OK SELECT id=2607135 via doris-2 rows=10182 [doris-1:f:up doris-2:f:up doris-3:M:up]
16:26:42 #79 OK DELETE id=2607135 via doris-2 rows=10181 [doris-1:f:up doris-2:f:up doris-3:M:up]
16:26:43 #80 OK SELECT id=2607135 via doris-2 rows=10181 [doris-1:f:up doris-2:f:up doris-3:M:up]
16:26:44 #81 OK INSERT id=2607136 via doris-2 rows=10181 [doris-1:f:up doris-2:f:up doris-3:M:up]
16:26:45 #82 OK UPSERT id=2607136 via doris-2 rows=10181 [doris-1:f:up doris-2:f:up doris-3:M:up]
16:26:46 #83 OK SELECT id=2607136 via doris-2 rows=10182 [doris-1:f:up doris-2:f:up doris-3:M:up]
16:26:47 #84 OK DELETE id=2607136 via doris-2 rows=10181 [doris-1:f:up doris-2:f:up doris-3:M:up]
16:26:48 #85 OK SELECT id=2607136 via doris-2 rows=10181 [doris-1:f:up doris-2:f:up doris-3:M:up]
16:26:50 #86 OK INSERT id=2607137 via doris-2 rows=10181 [doris-1:f:up doris-2:f:up doris-3:M:up]
16:26:51 #87 OK UPSERT id=2607137 via doris-2 rows=10181 [doris-1:f:up doris-2:f:up doris-3:M:up]
16:26:52 #88 OK SELECT id=2607137 via doris-2 rows=10182 [doris-1:f:up doris-2:f:up doris-3:M:up]
16:26:53 #89 OK DELETE id=2607137 via doris-2 rows=10181 [doris-1:f:up doris-2:f:up doris-3:M:up]
16:26:54 #90 OK SELECT id=2607137 via doris-2 rows=10181 [doris-1:f:up doris-2:f:up doris-3:M:up]
16:26:55 #91 OK INSERT id=2607138 via doris-2 rows=10181 [doris-1:f:up doris-2:f:up doris-3:M:up]
16:26:56 #92 OK UPSERT id=2607138 via doris-2 rows=10181 [doris-1:f:up doris-2:f:up doris-3:M:up]
16:26:57 #93 OK SELECT id=2607138 via doris-2 rows=10182 [doris-1:f:up doris-2:f:up doris-3:M:up]
16:26:58 #94 OK DELETE id=2607138 via doris-2 rows=10181 [doris-1:f:up doris-2:f:up doris-3:M:up]
16:26:59 #95 OK SELECT id=2607138 via doris-2 rows=10181 [doris-1:f:up doris-2:f:up doris-3:M:up]
16:27:01 #96 OK INSERT id=2607139 via doris-2 rows=10181 [doris-1:f:up doris-2:f:up doris-3:M:up]
16:27:02 #97 OK UPSERT id=2607139 via doris-2 rows=10181 [doris-1:f:up doris-2:f:up doris-3:M:up]
16:27:03 #98 OK SELECT id=2607139 via doris-2 rows=10182 [doris-1:f:up doris-2:f:up doris-3:M:up]
16:27:04 #99 OK DELETE id=2607139 via doris-2 rows=10181 [doris-1:f:up doris-2:f:up doris-3:M:up]
16:27:05 #100 OK SELECT id=2607139 via doris-2 rows=10181 [doris-1:f:up doris-2:f:up doris-3:M:up]
16:27:06 #101 OK INSERT id=2607140 via doris-2 rows=10181 [doris-1:f:up doris-2:f:up doris-3:M:up]
16:27:07 #102 OK UPSERT id=2607140 via doris-2 rows=10182 [doris-1:f:up doris-2:f:up doris-3:M:up]
16:27:08 #103 OK SELECT id=2607140 via doris-2 rows=10182 [doris-1:f:up doris-2:f:up doris-3:M:up]
16:27:09 #104 OK DELETE id=2607140 via doris-2 rows=10181 [doris-1:f:up doris-2:f:up doris-3:M:up]
16:27:10 #105 OK SELECT id=2607140 via doris-2 rows=10180 [doris-1:f:up doris-2:f:up doris-3:M:up]
16:27:11 #106 OK INSERT id=2607141 via doris-2 rows=10181 [doris-1:f:up doris-2:f:up doris-3:M:up]
16:27:13 #107 OK UPSERT id=2607141 via doris-2 rows=10182 [doris-1:f:up doris-2:f:up doris-3:M:up]
16:27:14 #108 OK SELECT id=2607141 via doris-2 rows=10182 [doris-1:f:up doris-2:f:up doris-3:M:up]
16:27:15 #109 OK DELETE id=2607141 via doris-2 rows=10181 [doris-1:f:up doris-2:f:up doris-3:M:up]
16:27:16 #110 OK SELECT id=2607141 via doris-2 rows=10180 [doris-1:f:up doris-2:f:up doris-3:M:up]
16:27:17 #111 OK INSERT id=2607142 via doris-2 rows=10181 [doris-1:f:up doris-2:f:up doris-3:M:up]
16:27:18 #112 OK UPSERT id=2607142 via doris-2 rows=10182 [doris-1:f:up doris-2:f:up doris-3:M:up]
16:27:19 #113 OK SELECT id=2607142 via doris-2 rows=10182 [doris-1:f:up doris-2:f:up doris-3:M:up]
16:27:20 #114 OK DELETE id=2607142 via doris-2 rows=10181 [doris-1:f:up doris-2:f:up doris-3:M:up]
16:27:21 #115 OK SELECT id=2607142 via doris-2 rows=10180 [doris-1:f:up doris-2:f:up doris-3:M:up]
16:27:22 #116 OK INSERT id=2607143 via doris-2 rows=10181 [doris-1:f:up doris-2:f:up doris-3:M:up]
16:27:23 #117 OK UPSERT id=2607143 via doris-2 rows=10182 [doris-1:f:up doris-2:f:up doris-3:M:up]
16:27:25 #118 OK SELECT id=2607143 via doris-2 rows=10182 [doris-1:f:up doris-2:f:up doris-3:M:up]
16:27:26 #119 OK DELETE id=2607143 via doris-2 rows=10181 [doris-1:f:up doris-2:f:up doris-3:M:up]
16:27:27 #120 OK SELECT id=2607143 via doris-2 rows=10180 [doris-1:f:up doris-2:f:up doris-3:M:up]
16:27:28 #121 OK INSERT id=2607144 via doris-2 rows=10181 [doris-1:f:up doris-2:f:up doris-3:M:up]
16:27:29 #122 OK UPSERT id=2607144 via doris-2 rows=10182 [doris-1:f:up doris-2:f:up doris-3:M:up]
16:27:30 #123 OK SELECT id=2607144 via doris-2 rows=10182 [doris-1:f:up doris-2:f:up doris-3:M:up]
16:27:31 #124 OK DELETE id=2607144 via doris-2 rows=10181 [doris-1:f:up doris-2:f:up doris-3:M:up]
16:27:32 #125 OK SELECT id=2607144 via doris-2 rows=10180 [doris-1:f:up doris-2:f:up doris-3:M:up]
16:27:33 #126 OK INSERT id=2607145 via doris-2 rows=10181 [doris-1:f:up doris-2:f:up doris-3:M:up]
16:27:34 #127 OK UPSERT id=2607145 via doris-2 rows=10182 [doris-1:f:up doris-2:f:up doris-3:M:up]
16:27:35 #128 OK SELECT id=2607145 via doris-2 rows=10182 [doris-1:f:up doris-2:f:up doris-3:M:up]
16:27:36 #129 OK DELETE id=2607145 via doris-2 rows=10181 [doris-1:f:up doris-2:f:up doris-3:M:up]
16:27:38 #130 OK SELECT id=2607145 via doris-2 rows=10180 [doris-1:f:up doris-2:f:up doris-3:M:up]
16:27:39 #131 OK INSERT id=2607146 via doris-2 rows=10181 [doris-1:f:up doris-2:f:up doris-3:M:up]
16:27:40 #132 OK UPSERT id=2607146 via doris-2 rows=10182 [doris-1:f:up doris-2:f:up doris-3:M:up]
16:27:41 #133 OK SELECT id=2607146 via doris-2 rows=10182 [doris-1:f:up doris-2:f:up doris-3:M:up]
16:27:41 EVENT restore: verify fe on doris-1
16:27:42 #134 OK DELETE id=2607146 via doris-2 rows=10181 [doris-1:f:up doris-2:f:up doris-3:M:up]
16:27:43 #135 OK SELECT id=2607146 via doris-2 rows=10180 [doris-1:f:up doris-2:f:up doris-3:M:up]
16:27:44 #136 OK INSERT id=2607147 via doris-2 rows=10181 [doris-1:f:up doris-2:f:up doris-3:M:up]
16:27:45 #137 OK UPSERT id=2607147 via doris-2 rows=10182 [doris-1:f:up doris-2:f:up doris-3:M:up]
16:27:46 EVENT restore: cluster healthy
16:27:46 #138 OK SELECT id=2607147 via doris-2 rows=10182 [doris-1:f:up doris-2:f:up doris-3:M:up]
16:27:47 #139 OK DELETE id=2607147 via doris-2 rows=10181 [doris-1:f:up doris-2:f:up doris-3:M:up]
16:27:48 #140 OK SELECT id=2607147 via doris-2 rows=10180 [doris-1:f:up doris-2:f:up doris-3:M:up]
16:27:49 #141 OK INSERT id=2607148 via doris-2 rows=10181 [doris-1:f:up doris-2:f:up doris-3:M:up]
16:27:51 #142 OK UPSERT id=2607148 via doris-2 rows=10182 [doris-1:f:up doris-2:f:up doris-3:M:up]
16:27:52 #143 OK SELECT id=2607148 via doris-2 rows=10182 [doris-1:f:up doris-2:f:up doris-3:M:up]
16:27:53 #144 OK DELETE id=2607148 via doris-2 rows=10181 [doris-1:f:up doris-2:f:up doris-3:M:up]
16:27:54 #145 OK SELECT id=2607148 via doris-2 rows=10180 [doris-1:f:up doris-2:f:up doris-3:M:up]
16:27:55 #146 OK INSERT id=2607149 via doris-2 rows=10181 [doris-1:f:up doris-2:f:up doris-3:M:up]
16:27:56 #147 OK UPSERT id=2607149 via doris-2 rows=10182 [doris-1:f:up doris-2:f:up doris-3:M:up]
16:27:57 #148 OK SELECT id=2607149 via doris-2 rows=10182 [doris-1:f:up doris-2:f:up doris-3:M:up]
16:27:58 #149 OK DELETE id=2607149 via doris-2 rows=10181 [doris-1:f:up doris-2:f:up doris-3:M:up]
16:27:59 #150 OK SELECT id=2607149 via doris-2 rows=10180 [doris-1:f:up doris-2:f:up doris-3:M:up]
16:28:00 #151 OK INSERT id=2607150 via doris-2 rows=10181 [doris-1:f:up doris-2:f:up doris-3:M:up]
16:28:01 #152 OK UPSERT id=2607150 via doris-2 rows=10182 [doris-1:f:up doris-2:f:up doris-3:M:up]
16:28:02 #153 OK SELECT id=2607150 via doris-2 rows=10182 [doris-1:f:up doris-2:f:up doris-3:M:up]
16:28:03 #154 OK DELETE id=2607150 via doris-2 rows=10181 [doris-1:f:up doris-2:f:up doris-3:M:up]
16:28:05 #155 OK SELECT id=2607150 via doris-2 rows=10180 [doris-1:f:up doris-2:f:up doris-3:M:up]
16:28:06 #156 OK INSERT id=2607151 via doris-2 rows=10181 [doris-1:f:up doris-2:f:up doris-3:M:up]
16:28:07 #157 OK UPSERT id=2607151 via doris-2 rows=10182 [doris-1:f:up doris-2:f:up doris-3:M:up]
16:28:08 #158 OK SELECT id=2607151 via doris-2 rows=10182 [doris-1:f:up doris-2:f:up doris-3:M:up]
16:28:09 #159 OK DELETE id=2607151 via doris-2 rows=10181 [doris-1:f:up doris-2:f:up doris-3:M:up]
16:28:10 #160 OK SELECT id=2607151 via doris-2 rows=10180 [doris-1:f:up doris-2:f:up doris-3:M:up]
16:28:11 #161 OK INSERT id=2607152 via doris-2 rows=10181 [doris-1:f:up doris-2:f:up doris-3:M:up]
16:28:12 #162 OK UPSERT id=2607152 via doris-2 rows=10182 [doris-1:f:up doris-2:f:up doris-3:M:up]
16:28:13 #163 OK SELECT id=2607152 via doris-2 rows=10182 [doris-1:f:up doris-2:f:up doris-3:M:up]
16:28:14 #164 OK DELETE id=2607152 via doris-2 rows=10181 [doris-1:f:up doris-2:f:up doris-3:M:up]
