16:25:12 PROBE start proto=mysql hosts=doris-1,doris-2,doris-3 duration=86400s cycle=INSERT>UPSERT>SELECT>DELETE>SELECT
16:25:12 connected to doris-1 (10.140.0.2)
16:25:12 #1 OK INSERT id=1607120 via doris-1 rows=10181 [doris-1:f:up doris-2:f:up doris-3:M:up]
16:25:13 #2 OK UPSERT id=1607120 via doris-1 rows=10182 [doris-1:f:up doris-2:f:up doris-3:M:up]
16:25:14 #3 OK SELECT id=1607120 via doris-1 rows=10182 [doris-1:f:up doris-2:f:up doris-3:M:up]
16:25:15 #4 OK DELETE id=1607120 via doris-1 rows=10181 [doris-1:f:up doris-2:f:up doris-3:M:up]
16:25:16 #5 OK SELECT id=1607120 via doris-1 rows=10180 [doris-1:f:up doris-2:f:up doris-3:M:up]
16:25:17 #6 OK INSERT id=1607121 via doris-1 rows=10181 [doris-1:f:up doris-2:f:up doris-3:M:up]
16:25:18 #7 OK UPSERT id=1607121 via doris-1 rows=10182 [doris-1:f:up doris-2:f:up doris-3:M:up]
16:25:20 #8 OK SELECT id=1607121 via doris-1 rows=10182 [doris-1:f:up doris-2:f:up doris-3:M:up]
16:25:21 #9 OK DELETE id=1607121 via doris-1 rows=10181 [doris-1:f:up doris-2:f:up doris-3:M:up]
16:25:22 #10 OK SELECT id=1607121 via doris-1 rows=10180 [doris-1:f:up doris-2:f:up doris-3:M:up]
16:25:23 #11 OK INSERT id=1607122 via doris-1 rows=10181 [doris-1:f:up doris-2:f:up doris-3:M:up]
16:25:24 #12 OK UPSERT id=1607122 via doris-1 rows=10182 [doris-1:f:up doris-2:f:up doris-3:M:up]
16:25:25 #13 OK SELECT id=1607122 via doris-1 rows=10182 [doris-1:f:up doris-2:f:up doris-3:M:up]
16:25:26 #14 OK DELETE id=1607122 via doris-1 rows=10181 [doris-1:f:up doris-2:f:up doris-3:M:up]
16:25:27 #15 OK SELECT id=1607122 via doris-1 rows=10180 [doris-1:f:up doris-2:f:up doris-3:M:up]
16:25:28 #16 OK INSERT id=1607123 via doris-1 rows=10181 [doris-1:f:up doris-2:f:up doris-3:M:up]
16:25:29 #17 OK UPSERT id=1607123 via doris-1 rows=10182 [doris-1:f:up doris-2:f:up doris-3:M:up]
16:25:30 #18 OK SELECT id=1607123 via doris-1 rows=10182 [doris-1:f:up doris-2:f:up doris-3:M:up]
16:25:31 #19 OK DELETE id=1607123 via doris-1 rows=10181 [doris-1:f:up doris-2:f:up doris-3:M:up]
16:25:32 #20 OK SELECT id=1607123 via doris-1 rows=10180 [doris-1:f:up doris-2:f:up doris-3:M:up]
16:25:33 #21 OK INSERT id=1607124 via doris-1 rows=10181 [doris-1:f:up doris-2:f:up doris-3:M:up]
16:25:34 #22 OK UPSERT id=1607124 via doris-1 rows=10182 [doris-1:f:up doris-2:f:up doris-3:M:up]
16:25:35 #23 OK SELECT id=1607124 via doris-1 rows=10182 [doris-1:f:up doris-2:f:up doris-3:M:up]
16:25:37 #24 OK DELETE id=1607124 via doris-1 rows=10181 [doris-1:f:up doris-2:f:up doris-3:M:up]
16:25:38 #25 OK SELECT id=1607124 via doris-1 rows=10180 [doris-1:f:up doris-2:f:up doris-3:M:up]
16:25:39 #26 OK INSERT id=1607125 via doris-1 rows=10181 [doris-1:f:up doris-2:f:up doris-3:M:up]
16:25:40 #27 OK UPSERT id=1607125 via doris-1 rows=10182 [doris-1:f:up doris-2:f:up doris-3:M:up]
16:25:41 #28 OK SELECT id=1607125 via doris-1 rows=10182 [doris-1:f:up doris-2:f:up doris-3:M:up]
16:25:42 #29 OK DELETE id=1607125 via doris-1 rows=10181 [doris-1:f:up doris-2:f:up doris-3:M:up]
16:25:43 #30 OK SELECT id=1607125 via doris-1 rows=10180 [doris-1:f:up doris-2:f:up doris-3:M:up]
16:25:44 #31 OK INSERT id=1607126 via doris-1 rows=10181 [doris-1:f:up doris-2:f:up doris-3:M:up]
16:25:45 #32 OK UPSERT id=1607126 via doris-1 rows=10182 [doris-1:f:up doris-2:f:up doris-3:M:up]
16:25:46 EVENT break: fe crash on doris-1 (FE follower)
16:25:46 #33 OK SELECT id=1607126 via doris-1 rows=10182 [doris-1:f:up doris-2:f:up doris-3:M:up]
16:25:47 #34 OK DELETE id=1607126 via doris-1 rows=10181 [doris-1:f:up doris-2:f:up doris-3:M:up]
16:25:48 #35 FAIL SELECT id=1607126 via doris-1: OperationalError: (2013, 'Lost connection to MySQL server during query')
16:25:49 connected to doris-2 (10.140.0.3)
16:25:51 #36 OK INSERT id=1607127 via doris-2 rows=10181 [doris-1:f:DOWN doris-2:f:up doris-3:M:up] (recovered)
16:25:52 #37 OK UPSERT id=1607127 via doris-2 rows=10182 [doris-1:f:DOWN doris-2:f:up doris-3:M:up]
16:25:53 #38 OK SELECT id=1607127 via doris-2 rows=10182 [doris-1:f:DOWN doris-2:f:up doris-3:M:up]
16:25:54 #39 OK DELETE id=1607127 via doris-2 rows=10180 [doris-1:f:DOWN doris-2:f:up doris-3:M:up]
16:25:55 #40 OK SELECT id=1607127 via doris-2 rows=10180 [doris-1:f:DOWN doris-2:f:up doris-3:M:up]
16:25:57 #41 OK INSERT id=1607128 via doris-2 rows=10182 [doris-1:f:DOWN doris-2:f:up doris-3:M:up]
16:25:58 #42 OK UPSERT id=1607128 via doris-2 rows=10182 [doris-1:f:DOWN doris-2:f:up doris-3:M:up]
16:25:59 #43 OK SELECT id=1607128 via doris-2 rows=10182 [doris-1:f:DOWN doris-2:f:up doris-3:M:up]
16:26:00 #44 OK DELETE id=1607128 via doris-2 rows=10180 [doris-1:f:DOWN doris-2:f:up doris-3:M:up]
16:26:01 #45 OK SELECT id=1607128 via doris-2 rows=10180 [doris-1:f:DOWN doris-2:f:up doris-3:M:up]
16:26:02 #46 OK INSERT id=1607129 via doris-2 rows=10182 [doris-1:f:DOWN doris-2:f:up doris-3:M:up]
16:26:03 #47 OK UPSERT id=1607129 via doris-2 rows=10182 [doris-1:f:DOWN doris-2:f:up doris-3:M:up]
16:26:04 EVENT recovered: fe restarted by systemd on doris-1 (+9s)
16:26:04 #48 OK SELECT id=1607129 via doris-2 rows=10182 [doris-1:f:DOWN doris-2:f:up doris-3:M:up]
16:26:05 #49 OK DELETE id=1607129 via doris-2 rows=10180 [doris-1:f:DOWN doris-2:f:up doris-3:M:up]
16:26:06 #50 OK SELECT id=1607129 via doris-2 rows=10180 [doris-1:f:DOWN doris-2:f:up doris-3:M:up]
16:26:08 #51 OK INSERT id=1607130 via doris-2 rows=10182 [doris-1:f:DOWN doris-2:f:up doris-3:M:up]
16:26:09 #52 OK UPSERT id=1607130 via doris-2 rows=10182 [doris-1:f:DOWN doris-2:f:up doris-3:M:up]
16:26:10 #53 OK SELECT id=1607130 via doris-2 rows=10182 [doris-1:f:up doris-2:f:up doris-3:M:up]
16:26:11 #54 OK DELETE id=1607130 via doris-2 rows=10180 [doris-1:f:up doris-2:f:up doris-3:M:up]
16:26:12 #55 OK SELECT id=1607130 via doris-2 rows=10180 [doris-1:f:up doris-2:f:up doris-3:M:up]
16:26:13 #56 OK INSERT id=1607131 via doris-2 rows=10182 [doris-1:f:up doris-2:f:up doris-3:M:up]
16:26:14 #57 OK UPSERT id=1607131 via doris-2 rows=10182 [doris-1:f:up doris-2:f:up doris-3:M:up]
16:26:15 #58 OK SELECT id=1607131 via doris-2 rows=10182 [doris-1:f:up doris-2:f:up doris-3:M:up]
16:26:16 #59 OK DELETE id=1607131 via doris-2 rows=10180 [doris-1:f:up doris-2:f:up doris-3:M:up]
16:26:17 #60 OK SELECT id=1607131 via doris-2 rows=10180 [doris-1:f:up doris-2:f:up doris-3:M:up]
16:26:18 #61 OK INSERT id=1607132 via doris-2 rows=10182 [doris-1:f:up doris-2:f:up doris-3:M:up]
16:26:20 #62 OK UPSERT id=1607132 via doris-2 rows=10182 [doris-1:f:up doris-2:f:up doris-3:M:up]
16:26:21 #63 OK SELECT id=1607132 via doris-2 rows=10182 [doris-1:f:up doris-2:f:up doris-3:M:up]
16:26:22 #64 OK DELETE id=1607132 via doris-2 rows=10180 [doris-1:f:up doris-2:f:up doris-3:M:up]
16:26:23 #65 OK SELECT id=1607132 via doris-2 rows=10180 [doris-1:f:up doris-2:f:up doris-3:M:up]
16:26:24 #66 OK INSERT id=1607133 via doris-2 rows=10182 [doris-1:f:up doris-2:f:up doris-3:M:up]
16:26:25 #67 OK UPSERT id=1607133 via doris-2 rows=10182 [doris-1:f:up doris-2:f:up doris-3:M:up]
16:26:26 #68 OK SELECT id=1607133 via doris-2 rows=10182 [doris-1:f:up doris-2:f:up doris-3:M:up]
16:26:27 #69 OK DELETE id=1607133 via doris-2 rows=10181 [doris-1:f:up doris-2:f:up doris-3:M:up]
16:26:28 #70 OK SELECT id=1607133 via doris-2 rows=10181 [doris-1:f:up doris-2:f:up doris-3:M:up]
16:26:29 #71 OK INSERT id=1607134 via doris-2 rows=10182 [doris-1:f:up doris-2:f:up doris-3:M:up]
16:26:30 #72 OK UPSERT id=1607134 via doris-2 rows=10181 [doris-1:f:up doris-2:f:up doris-3:M:up]
16:26:32 #73 OK SELECT id=1607134 via doris-2 rows=10181 [doris-1:f:up doris-2:f:up doris-3:M:up]
16:26:33 #74 OK DELETE id=1607134 via doris-2 rows=10180 [doris-1:f:up doris-2:f:up doris-3:M:up]
16:26:34 #75 OK SELECT id=1607134 via doris-2 rows=10181 [doris-1:f:up doris-2:f:up doris-3:M:up]
16:26:35 #76 OK INSERT id=1607135 via doris-2 rows=10182 [doris-1:f:up doris-2:f:up doris-3:M:up]
16:26:36 #77 OK UPSERT id=1607135 via doris-2 rows=10182 [doris-1:f:up doris-2:f:up doris-3:M:up]
16:26:37 #78 OK SELECT id=1607135 via doris-2 rows=10181 [doris-1:f:up doris-2:f:up doris-3:M:up]
16:26:38 #79 OK DELETE id=1607135 via doris-2 rows=10180 [doris-1:f:up doris-2:f:up doris-3:M:up]
16:26:39 #80 OK SELECT id=1607135 via doris-2 rows=10181 [doris-1:f:up doris-2:f:up doris-3:M:up]
16:26:40 #81 OK INSERT id=1607136 via doris-2 rows=10182 [doris-1:f:up doris-2:f:up doris-3:M:up]
16:26:41 #82 OK UPSERT id=1607136 via doris-2 rows=10182 [doris-1:f:up doris-2:f:up doris-3:M:up]
16:26:42 #83 OK SELECT id=1607136 via doris-2 rows=10181 [doris-1:f:up doris-2:f:up doris-3:M:up]
16:26:43 #84 OK DELETE id=1607136 via doris-2 rows=10180 [doris-1:f:up doris-2:f:up doris-3:M:up]
16:26:44 #85 OK SELECT id=1607136 via doris-2 rows=10181 [doris-1:f:up doris-2:f:up doris-3:M:up]
16:26:46 #86 OK INSERT id=1607137 via doris-2 rows=10182 [doris-1:f:up doris-2:f:up doris-3:M:up]
16:26:47 #87 OK UPSERT id=1607137 via doris-2 rows=10182 [doris-1:f:up doris-2:f:up doris-3:M:up]
16:26:48 #88 OK SELECT id=1607137 via doris-2 rows=10181 [doris-1:f:up doris-2:f:up doris-3:M:up]
16:26:49 #89 OK DELETE id=1607137 via doris-2 rows=10180 [doris-1:f:up doris-2:f:up doris-3:M:up]
16:26:50 #90 OK SELECT id=1607137 via doris-2 rows=10181 [doris-1:f:up doris-2:f:up doris-3:M:up]
16:26:51 #91 OK INSERT id=1607138 via doris-2 rows=10182 [doris-1:f:up doris-2:f:up doris-3:M:up]
16:26:52 #92 OK UPSERT id=1607138 via doris-2 rows=10182 [doris-1:f:up doris-2:f:up doris-3:M:up]
16:26:53 #93 OK SELECT id=1607138 via doris-2 rows=10181 [doris-1:f:up doris-2:f:up doris-3:M:up]
16:26:54 #94 OK DELETE id=1607138 via doris-2 rows=10180 [doris-1:f:up doris-2:f:up doris-3:M:up]
16:26:55 #95 OK SELECT id=1607138 via doris-2 rows=10181 [doris-1:f:up doris-2:f:up doris-3:M:up]
16:26:56 #96 OK INSERT id=1607139 via doris-2 rows=10182 [doris-1:f:up doris-2:f:up doris-3:M:up]
16:26:57 #97 OK UPSERT id=1607139 via doris-2 rows=10182 [doris-1:f:up doris-2:f:up doris-3:M:up]
16:26:58 #98 OK SELECT id=1607139 via doris-2 rows=10181 [doris-1:f:up doris-2:f:up doris-3:M:up]
16:27:00 #99 OK DELETE id=1607139 via doris-2 rows=10180 [doris-1:f:up doris-2:f:up doris-3:M:up]
16:27:01 #100 OK SELECT id=1607139 via doris-2 rows=10181 [doris-1:f:up doris-2:f:up doris-3:M:up]
16:27:02 #101 OK INSERT id=1607140 via doris-2 rows=10182 [doris-1:f:up doris-2:f:up doris-3:M:up]
16:27:03 #102 OK UPSERT id=1607140 via doris-2 rows=10182 [doris-1:f:up doris-2:f:up doris-3:M:up]
16:27:04 #103 OK SELECT id=1607140 via doris-2 rows=10181 [doris-1:f:up doris-2:f:up doris-3:M:up]
16:27:05 #104 OK DELETE id=1607140 via doris-2 rows=10180 [doris-1:f:up doris-2:f:up doris-3:M:up]
16:27:06 #105 OK SELECT id=1607140 via doris-2 rows=10180 [doris-1:f:up doris-2:f:up doris-3:M:up]
16:27:07 #106 OK INSERT id=1607141 via doris-2 rows=10182 [doris-1:f:up doris-2:f:up doris-3:M:up]
16:27:08 #107 OK UPSERT id=1607141 via doris-2 rows=10182 [doris-1:f:up doris-2:f:up doris-3:M:up]
16:27:09 #108 OK SELECT id=1607141 via doris-2 rows=10182 [doris-1:f:up doris-2:f:up doris-3:M:up]
16:27:10 #109 OK DELETE id=1607141 via doris-2 rows=10180 [doris-1:f:up doris-2:f:up doris-3:M:up]
16:27:11 #110 OK SELECT id=1607141 via doris-2 rows=10180 [doris-1:f:up doris-2:f:up doris-3:M:up]
16:27:12 #111 OK INSERT id=1607142 via doris-2 rows=10182 [doris-1:f:up doris-2:f:up doris-3:M:up]
16:27:14 #112 OK UPSERT id=1607142 via doris-2 rows=10182 [doris-1:f:up doris-2:f:up doris-3:M:up]
16:27:15 #113 OK SELECT id=1607142 via doris-2 rows=10182 [doris-1:f:up doris-2:f:up doris-3:M:up]
16:27:16 #114 OK DELETE id=1607142 via doris-2 rows=10180 [doris-1:f:up doris-2:f:up doris-3:M:up]
16:27:17 #115 OK SELECT id=1607142 via doris-2 rows=10180 [doris-1:f:up doris-2:f:up doris-3:M:up]
16:27:18 #116 OK INSERT id=1607143 via doris-2 rows=10182 [doris-1:f:up doris-2:f:up doris-3:M:up]
16:27:19 #117 OK UPSERT id=1607143 via doris-2 rows=10182 [doris-1:f:up doris-2:f:up doris-3:M:up]
16:27:20 #118 OK SELECT id=1607143 via doris-2 rows=10182 [doris-1:f:up doris-2:f:up doris-3:M:up]
16:27:21 #119 OK DELETE id=1607143 via doris-2 rows=10180 [doris-1:f:up doris-2:f:up doris-3:M:up]
16:27:22 #120 OK SELECT id=1607143 via doris-2 rows=10180 [doris-1:f:up doris-2:f:up doris-3:M:up]
16:27:23 #121 OK INSERT id=1607144 via doris-2 rows=10182 [doris-1:f:up doris-2:f:up doris-3:M:up]
16:27:24 #122 OK UPSERT id=1607144 via doris-2 rows=10182 [doris-1:f:up doris-2:f:up doris-3:M:up]
16:27:25 #123 OK SELECT id=1607144 via doris-2 rows=10182 [doris-1:f:up doris-2:f:up doris-3:M:up]
16:27:26 #124 OK DELETE id=1607144 via doris-2 rows=10180 [doris-1:f:up doris-2:f:up doris-3:M:up]
16:27:27 #125 OK SELECT id=1607144 via doris-2 rows=10180 [doris-1:f:up doris-2:f:up doris-3:M:up]
16:27:28 #126 OK INSERT id=1607145 via doris-2 rows=10182 [doris-1:f:up doris-2:f:up doris-3:M:up]
16:27:30 #127 OK UPSERT id=1607145 via doris-2 rows=10182 [doris-1:f:up doris-2:f:up doris-3:M:up]
16:27:31 #128 OK SELECT id=1607145 via doris-2 rows=10182 [doris-1:f:up doris-2:f:up doris-3:M:up]
16:27:32 #129 OK DELETE id=1607145 via doris-2 rows=10180 [doris-1:f:up doris-2:f:up doris-3:M:up]
16:27:33 #130 OK SELECT id=1607145 via doris-2 rows=10180 [doris-1:f:up doris-2:f:up doris-3:M:up]
16:27:34 #131 OK INSERT id=1607146 via doris-2 rows=10182 [doris-1:f:up doris-2:f:up doris-3:M:up]
16:27:35 #132 OK UPSERT id=1607146 via doris-2 rows=10182 [doris-1:f:up doris-2:f:up doris-3:M:up]
16:27:36 #133 OK SELECT id=1607146 via doris-2 rows=10182 [doris-1:f:up doris-2:f:up doris-3:M:up]
16:27:37 #134 OK DELETE id=1607146 via doris-2 rows=10180 [doris-1:f:up doris-2:f:up doris-3:M:up]
16:27:38 #135 OK SELECT id=1607146 via doris-2 rows=10180 [doris-1:f:up doris-2:f:up doris-3:M:up]
16:27:39 #136 OK INSERT id=1607147 via doris-2 rows=10182 [doris-1:f:up doris-2:f:up doris-3:M:up]
16:27:40 #137 OK UPSERT id=1607147 via doris-2 rows=10182 [doris-1:f:up doris-2:f:up doris-3:M:up]
16:27:41 EVENT restore: verify fe on doris-1
16:27:41 #138 OK SELECT id=1607147 via doris-2 rows=10182 [doris-1:f:up doris-2:f:up doris-3:M:up]
16:27:42 #139 OK DELETE id=1607147 via doris-2 rows=10180 [doris-1:f:up doris-2:f:up doris-3:M:up]
16:27:43 #140 OK SELECT id=1607147 via doris-2 rows=10180 [doris-1:f:up doris-2:f:up doris-3:M:up]
16:27:45 #141 OK INSERT id=1607148 via doris-2 rows=10182 [doris-1:f:up doris-2:f:up doris-3:M:up]
16:27:46 #142 OK UPSERT id=1607148 via doris-2 rows=10182 [doris-1:f:up doris-2:f:up doris-3:M:up]
16:27:46 EVENT restore: cluster healthy
16:27:47 #143 OK SELECT id=1607148 via doris-2 rows=10182 [doris-1:f:up doris-2:f:up doris-3:M:up]
16:27:48 #144 OK DELETE id=1607148 via doris-2 rows=10180 [doris-1:f:up doris-2:f:up doris-3:M:up]
16:27:49 #145 OK SELECT id=1607148 via doris-2 rows=10180 [doris-1:f:up doris-2:f:up doris-3:M:up]
16:27:50 #146 OK INSERT id=1607149 via doris-2 rows=10182 [doris-1:f:up doris-2:f:up doris-3:M:up]
16:27:51 #147 OK UPSERT id=1607149 via doris-2 rows=10182 [doris-1:f:up doris-2:f:up doris-3:M:up]
16:27:52 #148 OK SELECT id=1607149 via doris-2 rows=10182 [doris-1:f:up doris-2:f:up doris-3:M:up]
16:27:53 #149 OK DELETE id=1607149 via doris-2 rows=10180 [doris-1:f:up doris-2:f:up doris-3:M:up]
16:27:54 #150 OK SELECT id=1607149 via doris-2 rows=10180 [doris-1:f:up doris-2:f:up doris-3:M:up]
16:27:55 #151 OK INSERT id=1607150 via doris-2 rows=10182 [doris-1:f:up doris-2:f:up doris-3:M:up]
16:27:56 #152 OK UPSERT id=1607150 via doris-2 rows=10182 [doris-1:f:up doris-2:f:up doris-3:M:up]
16:27:57 #153 OK SELECT id=1607150 via doris-2 rows=10182 [doris-1:f:up doris-2:f:up doris-3:M:up]
16:27:58 #154 OK DELETE id=1607150 via doris-2 rows=10180 [doris-1:f:up doris-2:f:up doris-3:M:up]
16:27:59 #155 OK SELECT id=1607150 via doris-2 rows=10180 [doris-1:f:up doris-2:f:up doris-3:M:up]
16:28:01 #156 OK INSERT id=1607151 via doris-2 rows=10182 [doris-1:f:up doris-2:f:up doris-3:M:up]
16:28:02 #157 OK UPSERT id=1607151 via doris-2 rows=10182 [doris-1:f:up doris-2:f:up doris-3:M:up]
16:28:03 #158 OK SELECT id=1607151 via doris-2 rows=10182 [doris-1:f:up doris-2:f:up doris-3:M:up]
16:28:04 #159 OK DELETE id=1607151 via doris-2 rows=10180 [doris-1:f:up doris-2:f:up doris-3:M:up]
16:28:05 #160 OK SELECT id=1607151 via doris-2 rows=10180 [doris-1:f:up doris-2:f:up doris-3:M:up]
16:28:06 #161 OK INSERT id=1607152 via doris-2 rows=10182 [doris-1:f:up doris-2:f:up doris-3:M:up]
16:28:07 #162 OK UPSERT id=1607152 via doris-2 rows=10182 [doris-1:f:up doris-2:f:up doris-3:M:up]
16:28:08 #163 OK SELECT id=1607152 via doris-2 rows=10182 [doris-1:f:up doris-2:f:up doris-3:M:up]
16:28:09 #164 OK DELETE id=1607152 via doris-2 rows=10180 [doris-1:f:up doris-2:f:up doris-3:M:up]
16:28:10 #165 OK SELECT id=1607152 via doris-2 rows=10180 [doris-1:f:up doris-2:f:up doris-3:M:up]
16:28:11 #166 OK INSERT id=1607153 via doris-2 rows=10182 [doris-1:f:up doris-2:f:up doris-3:M:up]
16:28:12 #167 OK UPSERT id=1607153 via doris-2 rows=10182 [doris-1:f:up doris-2:f:up doris-3:M:up]
