00:28:40 PROBE start proto=jdbc hosts=doris-1,doris-2,doris-3 duration=86400s cycle=INSERT>UPSERT>SELECT>DELETE>SELECT url=jdbc:mysql://10.140.0.2:9030,10.140.0.3:9030,10.140.0.4:9030/hatest
00:28:41 connected to doris-1 (driver-selected host)
00:28:41 #1 OK INSERT id=2577200 via doris-1 rows=10046 [doris-1:f:up doris-2:f:up doris-3:M:up]
00:28:42 #2 OK UPSERT id=2577200 via doris-1 rows=10046 [doris-1:f:up doris-2:f:up doris-3:M:up]
00:28:43 #3 OK SELECT id=2577200 via doris-1 rows=10046 [doris-1:f:up doris-2:f:up doris-3:M:up]
00:28:44 #4 OK DELETE id=2577200 via doris-1 rows=10044 [doris-1:f:up doris-2:f:up doris-3:M:up]
00:28:45 #5 OK SELECT id=2577200 via doris-1 rows=10044 [doris-1:f:up doris-2:f:up doris-3:M:up]
00:28:46 #6 OK INSERT id=2577201 via doris-1 rows=10046 [doris-1:f:up doris-2:f:up doris-3:M:up]
00:28:47 #7 OK UPSERT id=2577201 via doris-1 rows=10046 [doris-1:f:up doris-2:f:up doris-3:M:up]
00:28:48 #8 OK SELECT id=2577201 via doris-1 rows=10046 [doris-1:f:up doris-2:f:up doris-3:M:up]
00:28:49 #9 OK DELETE id=2577201 via doris-1 rows=10044 [doris-1:f:up doris-2:f:up doris-3:M:up]
00:28:50 #10 OK SELECT id=2577201 via doris-1 rows=10044 [doris-1:f:up doris-2:f:up doris-3:M:up]
00:28:52 #11 OK INSERT id=2577202 via doris-1 rows=10046 [doris-1:f:up doris-2:f:up doris-3:M:up]
00:28:53 #12 OK UPSERT id=2577202 via doris-1 rows=10046 [doris-1:f:up doris-2:f:up doris-3:M:up]
00:28:54 #13 OK SELECT id=2577202 via doris-1 rows=10046 [doris-1:f:up doris-2:f:up doris-3:M:up]
00:28:55 #14 OK DELETE id=2577202 via doris-1 rows=10044 [doris-1:f:up doris-2:f:up doris-3:M:up]
00:28:56 #15 OK SELECT id=2577202 via doris-1 rows=10044 [doris-1:f:up doris-2:f:up doris-3:M:up]
00:28:57 #16 OK INSERT id=2577203 via doris-1 rows=10046 [doris-1:f:up doris-2:f:up doris-3:M:up]
00:28:58 #17 OK UPSERT id=2577203 via doris-1 rows=10046 [doris-1:f:up doris-2:f:up doris-3:M:up]
00:28:59 #18 OK SELECT id=2577203 via doris-1 rows=10046 [doris-1:f:up doris-2:f:up doris-3:M:up]
00:29:00 #19 OK DELETE id=2577203 via doris-1 rows=10044 [doris-1:f:up doris-2:f:up doris-3:M:up]
00:29:01 #20 OK SELECT id=2577203 via doris-1 rows=10044 [doris-1:f:up doris-2:f:up doris-3:M:up]
00:29:02 #21 OK INSERT id=2577204 via doris-1 rows=10046 [doris-1:f:up doris-2:f:up doris-3:M:up]
00:29:03 #22 OK UPSERT id=2577204 via doris-1 rows=10046 [doris-1:f:up doris-2:f:up doris-3:M:up]
00:29:04 #23 OK SELECT id=2577204 via doris-1 rows=10046 [doris-1:f:up doris-2:f:up doris-3:M:up]
00:29:05 #24 OK DELETE id=2577204 via doris-1 rows=10044 [doris-1:f:up doris-2:f:up doris-3:M:up]
00:29:06 #25 OK SELECT id=2577204 via doris-1 rows=10044 [doris-1:f:up doris-2:f:up doris-3:M:up]
00:29:07 #26 OK INSERT id=2577205 via doris-1 rows=10046 [doris-1:f:up doris-2:f:up doris-3:M:up]
00:29:08 #27 OK UPSERT id=2577205 via doris-1 rows=10046 [doris-1:f:up doris-2:f:up doris-3:M:up]
00:29:09 #28 OK SELECT id=2577205 via doris-1 rows=10046 [doris-1:f:up doris-2:f:up doris-3:M:up]
00:29:11 #29 OK DELETE id=2577205 via doris-1 rows=10044 [doris-1:f:up doris-2:f:up doris-3:M:up]
00:29:12 #30 OK SELECT id=2577205 via doris-1 rows=10044 [doris-1:f:up doris-2:f:up doris-3:M:up]
00:29:13 #31 OK INSERT id=2577206 via doris-1 rows=10046 [doris-1:f:up doris-2:f:up doris-3:M:up]
00:29:14 #32 OK UPSERT id=2577206 via doris-1 rows=10046 [doris-1:f:up doris-2:f:up doris-3:M:up]
00:29:14 EVENT break: be hang on doris-1 (FE follower)
00:29:15 #33 OK SELECT id=2577206 via doris-1 rows=10046 [doris-1:f:up doris-2:f:up doris-3:M:up]
00:29:16 #34 OK DELETE id=2577206 via doris-1 rows=10044 [doris-1:f:up doris-2:f:up doris-3:M:up]
00:29:25 #35 FAIL SELECT id=2577206 via doris-1: CommunicationsException: Communications link failure  The last packet successfully received from the server was 8,019 milliseconds ago.
00:29:26 connected to doris-1 (driver-selected host)
00:29:34 #36 FAIL INSERT id=2577207 via doris-1: CommunicationsException: Communications link failure  The last packet successfully received from the server was 8,010 milliseconds ago.
00:29:35 connected to doris-1 (driver-selected host)
00:29:43 #37 FAIL INSERT id=2577208 via doris-1: CommunicationsException: Communications link failure  The last packet successfully received from the server was 8,009 milliseconds ago.
00:29:44 connected to doris-1 (driver-selected host)
00:29:44 #38 OK INSERT id=2577209 via doris-1 rows=10046 [doris-1:f:up doris-2:f:up doris-3:M:up] (recovered)
00:29:45 #39 OK UPSERT id=2577209 via doris-1 rows=10046 [doris-1:f:up doris-2:f:up doris-3:M:up]
00:29:46 #40 OK SELECT id=2577209 via doris-1 rows=10046 [doris-1:f:up doris-2:f:up doris-3:M:up]
00:29:47 #41 OK DELETE id=2577209 via doris-1 rows=10044 [doris-1:f:up doris-2:f:up doris-3:M:up]
00:29:48 #42 OK SELECT id=2577209 via doris-1 rows=10044 [doris-1:f:up doris-2:f:up doris-3:M:up]
00:29:49 #43 OK INSERT id=2577210 via doris-1 rows=10046 [doris-1:f:up doris-2:f:up doris-3:M:up]
00:29:51 #44 OK UPSERT id=2577210 via doris-1 rows=10046 [doris-1:f:up doris-2:f:up doris-3:M:up]
00:29:52 #45 OK SELECT id=2577210 via doris-1 rows=10046 [doris-1:f:up doris-2:f:up doris-3:M:up]
00:29:53 #46 OK DELETE id=2577210 via doris-1 rows=10044 [doris-1:f:up doris-2:f:up doris-3:M:up]
00:29:54 #47 OK SELECT id=2577210 via doris-1 rows=10044 [doris-1:f:up doris-2:f:up doris-3:M:up]
00:29:55 #48 OK INSERT id=2577211 via doris-1 rows=10046 [doris-1:f:up doris-2:f:up doris-3:M:up]
00:29:56 #49 OK UPSERT id=2577211 via doris-1 rows=10046 [doris-1:f:up doris-2:f:up doris-3:M:up]
00:29:57 #50 OK SELECT id=2577211 via doris-1 rows=10046 [doris-1:f:up doris-2:f:up doris-3:M:up]
00:29:58 #51 OK DELETE id=2577211 via doris-1 rows=10044 [doris-1:f:up doris-2:f:up doris-3:M:up]
00:29:59 #52 OK SELECT id=2577211 via doris-1 rows=10044 [doris-1:f:up doris-2:f:up doris-3:M:up]
00:30:00 #53 OK INSERT id=2577212 via doris-1 rows=10046 [doris-1:f:up doris-2:f:up doris-3:M:up]
00:30:01 #54 OK UPSERT id=2577212 via doris-1 rows=10046 [doris-1:f:up doris-2:f:up doris-3:M:up]
00:30:02 #55 OK SELECT id=2577212 via doris-1 rows=10046 [doris-1:f:up doris-2:f:up doris-3:M:up]
00:30:03 #56 OK DELETE id=2577212 via doris-1 rows=10044 [doris-1:f:up doris-2:f:up doris-3:M:up]
00:30:04 #57 OK SELECT id=2577212 via doris-1 rows=10044 [doris-1:f:up doris-2:f:up doris-3:M:up]
00:30:05 #58 OK INSERT id=2577213 via doris-1 rows=10046 [doris-1:f:up doris-2:f:up doris-3:M:up]
00:30:06 #59 OK UPSERT id=2577213 via doris-1 rows=10046 [doris-1:f:up doris-2:f:up doris-3:M:up]
00:30:07 #60 OK SELECT id=2577213 via doris-1 rows=10046 [doris-1:f:up doris-2:f:up doris-3:M:up]
00:30:09 #61 OK DELETE id=2577213 via doris-1 rows=10044 [doris-1:f:up doris-2:f:up doris-3:M:up]
00:30:10 #62 OK SELECT id=2577213 via doris-1 rows=10044 [doris-1:f:up doris-2:f:up doris-3:M:up]
00:30:11 #63 OK INSERT id=2577214 via doris-1 rows=10046 [doris-1:f:up doris-2:f:up doris-3:M:up]
00:30:12 #64 OK UPSERT id=2577214 via doris-1 rows=10046 [doris-1:f:up doris-2:f:up doris-3:M:up]
00:30:13 #65 OK SELECT id=2577214 via doris-1 rows=10046 [doris-1:f:up doris-2:f:up doris-3:M:up]
00:30:14 #66 OK DELETE id=2577214 via doris-1 rows=10044 [doris-1:f:up doris-2:f:up doris-3:M:up]
00:30:15 #67 OK SELECT id=2577214 via doris-1 rows=10044 [doris-1:f:up doris-2:f:up doris-3:M:up]
00:30:16 #68 OK INSERT id=2577215 via doris-1 rows=10046 [doris-1:f:up doris-2:f:up doris-3:M:up]
00:30:17 #69 OK UPSERT id=2577215 via doris-1 rows=10046 [doris-1:f:up doris-2:f:up doris-3:M:up]
00:30:18 #70 OK SELECT id=2577215 via doris-1 rows=10046 [doris-1:f:up doris-2:f:up doris-3:M:up]
00:30:19 #71 OK DELETE id=2577215 via doris-1 rows=10044 [doris-1:f:up doris-2:f:up doris-3:M:up]
00:30:20 #72 OK SELECT id=2577215 via doris-1 rows=10044 [doris-1:f:up doris-2:f:up doris-3:M:up]
00:30:21 #73 OK INSERT id=2577216 via doris-1 rows=10046 [doris-1:f:up doris-2:f:up doris-3:M:up]
00:30:22 #74 OK UPSERT id=2577216 via doris-1 rows=10046 [doris-1:f:up doris-2:f:up doris-3:M:up]
00:30:23 #75 OK SELECT id=2577216 via doris-1 rows=10046 [doris-1:f:up doris-2:f:up doris-3:M:up]
00:30:24 #76 OK DELETE id=2577216 via doris-1 rows=10044 [doris-1:f:up doris-2:f:up doris-3:M:up]
00:30:25 #77 OK SELECT id=2577216 via doris-1 rows=10044 [doris-1:f:up doris-2:f:up doris-3:M:up]
00:30:26 #78 OK INSERT id=2577217 via doris-1 rows=10046 [doris-1:f:up doris-2:f:up doris-3:M:up]
00:30:28 #79 OK UPSERT id=2577217 via doris-1 rows=10046 [doris-1:f:up doris-2:f:up doris-3:M:up]
00:30:29 #80 OK SELECT id=2577217 via doris-1 rows=10046 [doris-1:f:up doris-2:f:up doris-3:M:up]
00:30:30 #81 OK DELETE id=2577217 via doris-1 rows=10044 [doris-1:f:up doris-2:f:up doris-3:M:up]
00:30:31 #82 OK SELECT id=2577217 via doris-1 rows=10044 [doris-1:f:up doris-2:f:up doris-3:M:up]
00:30:32 #83 OK INSERT id=2577218 via doris-1 rows=10046 [doris-1:f:up doris-2:f:up doris-3:M:up]
00:30:33 #84 OK UPSERT id=2577218 via doris-1 rows=10046 [doris-1:f:up doris-2:f:up doris-3:M:up]
00:30:34 #85 OK SELECT id=2577218 via doris-1 rows=10046 [doris-1:f:up doris-2:f:up doris-3:M:up]
00:30:35 #86 OK DELETE id=2577218 via doris-1 rows=10044 [doris-1:f:up doris-2:f:up doris-3:M:up]
00:30:36 #87 OK SELECT id=2577218 via doris-1 rows=10044 [doris-1:f:up doris-2:f:up doris-3:M:up]
00:30:37 #88 OK INSERT id=2577219 via doris-1 rows=10046 [doris-1:f:up doris-2:f:up doris-3:M:up]
00:30:38 #89 OK UPSERT id=2577219 via doris-1 rows=10046 [doris-1:f:up doris-2:f:up doris-3:M:up]
00:30:39 #90 OK SELECT id=2577219 via doris-1 rows=10046 [doris-1:f:up doris-2:f:up doris-3:M:up]
00:30:40 #91 OK DELETE id=2577219 via doris-1 rows=10044 [doris-1:f:up doris-2:f:up doris-3:M:up]
00:30:41 #92 OK SELECT id=2577219 via doris-1 rows=10044 [doris-1:f:up doris-2:f:up doris-3:M:up]
00:30:42 #93 OK INSERT id=2577220 via doris-1 rows=10046 [doris-1:f:up doris-2:f:up doris-3:M:up]
00:30:43 #94 OK UPSERT id=2577220 via doris-1 rows=10046 [doris-1:f:up doris-2:f:up doris-3:M:up]
00:30:44 #95 OK SELECT id=2577220 via doris-1 rows=10046 [doris-1:f:up doris-2:f:up doris-3:M:up]
00:30:46 #96 OK DELETE id=2577220 via doris-1 rows=10044 [doris-1:f:up doris-2:f:up doris-3:M:up]
00:30:47 #97 OK SELECT id=2577220 via doris-1 rows=10044 [doris-1:f:up doris-2:f:up doris-3:M:up]
00:30:48 #98 OK INSERT id=2577221 via doris-1 rows=10046 [doris-1:f:up doris-2:f:up doris-3:M:up]
00:30:49 #99 OK UPSERT id=2577221 via doris-1 rows=10046 [doris-1:f:up doris-2:f:up doris-3:M:up]
00:30:50 #100 OK SELECT id=2577221 via doris-1 rows=10046 [doris-1:f:up doris-2:f:up doris-3:M:up]
00:30:51 #101 OK DELETE id=2577221 via doris-1 rows=10044 [doris-1:f:up doris-2:f:up doris-3:M:up]
00:30:52 #102 OK SELECT id=2577221 via doris-1 rows=10044 [doris-1:f:up doris-2:f:up doris-3:M:up]
00:30:53 #103 OK INSERT id=2577222 via doris-1 rows=10046 [doris-1:f:up doris-2:f:up doris-3:M:up]
00:30:54 #104 OK UPSERT id=2577222 via doris-1 rows=10046 [doris-1:f:up doris-2:f:up doris-3:M:up]
00:30:55 #105 OK SELECT id=2577222 via doris-1 rows=10046 [doris-1:f:up doris-2:f:up doris-3:M:up]
00:30:56 #106 OK DELETE id=2577222 via doris-1 rows=10044 [doris-1:f:up doris-2:f:up doris-3:M:up]
00:30:57 #107 OK SELECT id=2577222 via doris-1 rows=10044 [doris-1:f:up doris-2:f:up doris-3:M:up]
00:30:58 #108 OK INSERT id=2577223 via doris-1 rows=10046 [doris-1:f:up doris-2:f:up doris-3:M:up]
00:30:59 #109 OK UPSERT id=2577223 via doris-1 rows=10046 [doris-1:f:up doris-2:f:up doris-3:M:up]
00:31:00 #110 OK SELECT id=2577223 via doris-1 rows=10046 [doris-1:f:up doris-2:f:up doris-3:M:up]
00:31:01 #111 OK DELETE id=2577223 via doris-1 rows=10044 [doris-1:f:up doris-2:f:up doris-3:M:up]
00:31:02 #112 OK SELECT id=2577223 via doris-1 rows=10044 [doris-1:f:up doris-2:f:up doris-3:M:up]
00:31:04 #113 OK INSERT id=2577224 via doris-1 rows=10046 [doris-1:f:up doris-2:f:up doris-3:M:up]
00:31:05 #114 OK UPSERT id=2577224 via doris-1 rows=10046 [doris-1:f:up doris-2:f:up doris-3:M:up]
00:31:06 #115 OK SELECT id=2577224 via doris-1 rows=10046 [doris-1:f:up doris-2:f:up doris-3:M:up]
00:31:07 #116 OK DELETE id=2577224 via doris-1 rows=10044 [doris-1:f:up doris-2:f:up doris-3:M:up]
00:31:08 #117 OK SELECT id=2577224 via doris-1 rows=10044 [doris-1:f:up doris-2:f:up doris-3:M:up]
00:31:09 #118 OK INSERT id=2577225 via doris-1 rows=10046 [doris-1:f:up doris-2:f:up doris-3:M:up]
00:31:10 #119 OK UPSERT id=2577225 via doris-1 rows=10046 [doris-1:f:up doris-2:f:up doris-3:M:up]
00:31:11 #120 OK SELECT id=2577225 via doris-1 rows=10046 [doris-1:f:up doris-2:f:up doris-3:M:up]
00:31:12 #121 OK DELETE id=2577225 via doris-1 rows=10044 [doris-1:f:up doris-2:f:up doris-3:M:up]
00:31:13 #122 OK SELECT id=2577225 via doris-1 rows=10044 [doris-1:f:up doris-2:f:up doris-3:M:up]
00:31:14 #123 OK INSERT id=2577226 via doris-1 rows=10046 [doris-1:f:up doris-2:f:up doris-3:M:up]
00:31:15 #124 OK UPSERT id=2577226 via doris-1 rows=10046 [doris-1:f:up doris-2:f:up doris-3:M:up]
00:31:16 #125 OK SELECT id=2577226 via doris-1 rows=10046 [doris-1:f:up doris-2:f:up doris-3:M:up]
00:31:17 #126 OK DELETE id=2577226 via doris-1 rows=10044 [doris-1:f:up doris-2:f:up doris-3:M:up]
00:31:18 #127 OK SELECT id=2577226 via doris-1 rows=10044 [doris-1:f:up doris-2:f:up doris-3:M:up]
00:31:19 #128 OK INSERT id=2577227 via doris-1 rows=10046 [doris-1:f:up doris-2:f:up doris-3:M:up]
00:31:20 #129 OK UPSERT id=2577227 via doris-1 rows=10046 [doris-1:f:up doris-2:f:up doris-3:M:up]
00:31:21 #130 OK SELECT id=2577227 via doris-1 rows=10046 [doris-1:f:up doris-2:f:up doris-3:M:up]
00:31:23 #131 OK DELETE id=2577227 via doris-1 rows=10044 [doris-1:f:up doris-2:f:up doris-3:M:up]
00:31:23 EVENT restore: resume be on doris-1
00:31:24 #132 OK SELECT id=2577227 via doris-1 rows=10044 [doris-1:f:up doris-2:f:up doris-3:M:up]
00:31:25 #133 OK INSERT id=2577228 via doris-1 rows=10046 [doris-1:f:up doris-2:f:up doris-3:M:up]
00:31:26 #134 OK UPSERT id=2577228 via doris-1 rows=10046 [doris-1:f:up doris-2:f:up doris-3:M:up]
00:31:27 #135 OK SELECT id=2577228 via doris-1 rows=10046 [doris-1:f:up doris-2:f:up doris-3:M:up]
00:31:28 #136 OK DELETE id=2577228 via doris-1 rows=10044 [doris-1:f:up doris-2:f:up doris-3:M:up]
00:31:29 #137 OK SELECT id=2577228 via doris-1 rows=10044 [doris-1:f:up doris-2:f:up doris-3:M:up]
00:31:30 #138 OK INSERT id=2577229 via doris-1 rows=10046 [doris-1:f:up doris-2:f:up doris-3:M:up]
00:31:31 #139 OK UPSERT id=2577229 via doris-1 rows=10046 [doris-1:f:up doris-2:f:up doris-3:M:up]
00:31:32 #140 OK SELECT id=2577229 via doris-1 rows=10046 [doris-1:f:up doris-2:f:up doris-3:M:up]
00:31:33 #141 OK DELETE id=2577229 via doris-1 rows=10044 [doris-1:f:up doris-2:f:up doris-3:M:up]
00:31:34 #142 OK SELECT id=2577229 via doris-1 rows=10044 [doris-1:f:up doris-2:f:up doris-3:M:up]
00:31:35 #143 OK INSERT id=2577230 via doris-1 rows=10046 [doris-1:f:up doris-2:f:up doris-3:M:up]
00:31:36 #144 OK UPSERT id=2577230 via doris-1 rows=10046 [doris-1:f:up doris-2:f:up doris-3:M:up]
00:31:37 #145 OK SELECT id=2577230 via doris-1 rows=10046 [doris-1:f:up doris-2:f:up doris-3:M:up]
00:31:39 #146 OK DELETE id=2577230 via doris-1 rows=10044 [doris-1:f:up doris-2:f:up doris-3:M:up]
00:31:40 #147 OK SELECT id=2577230 via doris-1 rows=10044 [doris-1:f:up doris-2:f:up doris-3:M:up]
00:31:41 #148 OK INSERT id=2577231 via doris-1 rows=10046 [doris-1:f:up doris-2:f:up doris-3:M:up]
00:31:42 #149 OK UPSERT id=2577231 via doris-1 rows=10046 [doris-1:f:up doris-2:f:up doris-3:M:up]
00:31:43 #150 OK SELECT id=2577231 via doris-1 rows=10046 [doris-1:f:up doris-2:f:up doris-3:M:up]
00:31:44 EVENT restore: cluster healthy
00:31:44 #151 OK DELETE id=2577231 via doris-1 rows=10044 [doris-1:f:up doris-2:f:up doris-3:M:up]
00:31:45 #152 OK SELECT id=2577231 via doris-1 rows=10044 [doris-1:f:up doris-2:f:up doris-3:M:up]
00:31:46 #153 OK INSERT id=2577232 via doris-1 rows=10046 [doris-1:f:up doris-2:f:up doris-3:M:up]
00:31:47 #154 OK UPSERT id=2577232 via doris-1 rows=10046 [doris-1:f:up doris-2:f:up doris-3:M:up]
00:31:48 #155 OK SELECT id=2577232 via doris-1 rows=10046 [doris-1:f:up doris-2:f:up doris-3:M:up]
00:31:49 #156 OK DELETE id=2577232 via doris-1 rows=10044 [doris-1:f:up doris-2:f:up doris-3:M:up]
00:31:50 #157 OK SELECT id=2577232 via doris-1 rows=10044 [doris-1:f:up doris-2:f:up doris-3:M:up]
00:31:51 #158 OK INSERT id=2577233 via doris-1 rows=10046 [doris-1:f:up doris-2:f:up doris-3:M:up]
00:31:52 #159 OK UPSERT id=2577233 via doris-1 rows=10046 [doris-1:f:up doris-2:f:up doris-3:M:up]
00:31:53 #160 OK SELECT id=2577233 via doris-1 rows=10046 [doris-1:f:up doris-2:f:up doris-3:M:up]
00:31:54 #161 OK DELETE id=2577233 via doris-1 rows=10044 [doris-1:f:up doris-2:f:up doris-3:M:up]
00:31:55 #162 OK SELECT id=2577233 via doris-1 rows=10044 [doris-1:f:up doris-2:f:up doris-3:M:up]
00:31:57 #163 OK INSERT id=2577234 via doris-1 rows=10046 [doris-1:f:up doris-2:f:up doris-3:M:up]
00:31:58 #164 OK UPSERT id=2577234 via doris-1 rows=10046 [doris-1:f:up doris-2:f:up doris-3:M:up]
00:31:59 #165 OK SELECT id=2577234 via doris-1 rows=10046 [doris-1:f:up doris-2:f:up doris-3:M:up]
00:32:00 #166 OK DELETE id=2577234 via doris-1 rows=10044 [doris-1:f:up doris-2:f:up doris-3:M:up]
00:32:01 #167 OK SELECT id=2577234 via doris-1 rows=10044 [doris-1:f:up doris-2:f:up doris-3:M:up]
00:32:02 #168 OK INSERT id=2577235 via doris-1 rows=10046 [doris-1:f:up doris-2:f:up doris-3:M:up]
00:32:03 #169 OK UPSERT id=2577235 via doris-1 rows=10046 [doris-1:f:up doris-2:f:up doris-3:M:up]
00:32:04 #170 OK SELECT id=2577235 via doris-1 rows=10046 [doris-1:f:up doris-2:f:up doris-3:M:up]
00:32:05 #171 OK DELETE id=2577235 via doris-1 rows=10044 [doris-1:f:up doris-2:f:up doris-3:M:up]
00:32:06 #172 OK SELECT id=2577235 via doris-1 rows=10044 [doris-1:f:up doris-2:f:up doris-3:M:up]
00:32:07 #173 OK INSERT id=2577236 via doris-1 rows=10046 [doris-1:f:up doris-2:f:up doris-3:M:up]
00:32:08 #174 OK UPSERT id=2577236 via doris-1 rows=10046 [doris-1:f:up doris-2:f:up doris-3:M:up]
00:32:09 #175 OK SELECT id=2577236 via doris-1 rows=10046 [doris-1:f:up doris-2:f:up doris-3:M:up]
00:32:10 #176 OK DELETE id=2577236 via doris-1 rows=10044 [doris-1:f:up doris-2:f:up doris-3:M:up]
00:32:11 #177 OK SELECT id=2577236 via doris-1 rows=10044 [doris-1:f:up doris-2:f:up doris-3:M:up]
00:32:13 #178 OK INSERT id=2577237 via doris-1 rows=10046 [doris-1:f:up doris-2:f:up doris-3:M:up]
