23:56:58 PROBE start proto=arrow-flight hosts=doris-1,doris-2,doris-3 duration=86400s cycle=INSERT>UPSERT>SELECT>DELETE>SELECT
23:56:58 connected to doris-1 (10.140.0.2)
23:56:58 DML unsupported over arrow-flight (InternalError: RuntimeException, msg: getMysqlChannel not in mysql connection (Internal; ExecuteQuery)) — switching to SELECT-only mode
23:56:58 #1 OK SELECT id=3558180 via doris-1 rows=10026 [doris-1:f:up doris-2:f:up doris-3:M:up]
23:56:59 #2 OK SELECT id=3558180 via doris-1 rows=10027 [doris-1:f:up doris-2:f:up doris-3:M:up]
23:57:00 #3 OK SELECT id=3558180 via doris-1 rows=10027 [doris-1:f:up doris-2:f:up doris-3:M:up]
23:57:01 #4 OK SELECT id=3558180 via doris-1 rows=10026 [doris-1:f:up doris-2:f:up doris-3:M:up]
23:57:02 #5 OK SELECT id=3558180 via doris-1 rows=10025 [doris-1:f:up doris-2:f:up doris-3:M:up]
23:57:03 #6 OK SELECT id=3558180 via doris-1 rows=10026 [doris-1:f:up doris-2:f:up doris-3:M:up]
23:57:04 #7 OK SELECT id=3558180 via doris-1 rows=10027 [doris-1:f:up doris-2:f:up doris-3:M:up]
23:57:05 #8 OK SELECT id=3558180 via doris-1 rows=10027 [doris-1:f:up doris-2:f:up doris-3:M:up]
23:57:06 #9 OK SELECT id=3558180 via doris-1 rows=10026 [doris-1:f:up doris-2:f:up doris-3:M:up]
23:57:07 #10 OK SELECT id=3558180 via doris-1 rows=10025 [doris-1:f:up doris-2:f:up doris-3:M:up]
23:57:08 #11 OK SELECT id=3558180 via doris-1 rows=10026 [doris-1:f:up doris-2:f:up doris-3:M:up]
23:57:09 #12 OK SELECT id=3558180 via doris-1 rows=10027 [doris-1:f:up doris-2:f:up doris-3:M:up]
23:57:10 #13 OK SELECT id=3558180 via doris-1 rows=10027 [doris-1:f:up doris-2:f:up doris-3:M:up]
23:57:11 #14 OK SELECT id=3558180 via doris-1 rows=10027 [doris-1:f:up doris-2:f:up doris-3:M:up]
23:57:13 #15 OK SELECT id=3558180 via doris-1 rows=10025 [doris-1:f:up doris-2:f:up doris-3:M:up]
23:57:14 #16 OK SELECT id=3558180 via doris-1 rows=10026 [doris-1:f:up doris-2:f:up doris-3:M:up]
23:57:15 #17 OK SELECT id=3558180 via doris-1 rows=10027 [doris-1:f:up doris-2:f:up doris-3:M:up]
23:57:16 #18 OK SELECT id=3558180 via doris-1 rows=10027 [doris-1:f:up doris-2:f:up doris-3:M:up]
23:57:17 #19 OK SELECT id=3558180 via doris-1 rows=10027 [doris-1:f:up doris-2:f:up doris-3:M:up]
23:57:18 #20 OK SELECT id=3558180 via doris-1 rows=10025 [doris-1:f:up doris-2:f:up doris-3:M:up]
23:57:19 #21 OK SELECT id=3558180 via doris-1 rows=10026 [doris-1:f:up doris-2:f:up doris-3:M:up]
23:57:20 #22 OK SELECT id=3558180 via doris-1 rows=10027 [doris-1:f:up doris-2:f:up doris-3:M:up]
23:57:21 #23 OK SELECT id=3558180 via doris-1 rows=10027 [doris-1:f:up doris-2:f:up doris-3:M:up]
23:57:22 #24 OK SELECT id=3558180 via doris-1 rows=10027 [doris-1:f:up doris-2:f:up doris-3:M:up]
23:57:23 #25 OK SELECT id=3558180 via doris-1 rows=10025 [doris-1:f:up doris-2:f:up doris-3:M:up]
23:57:24 #26 OK SELECT id=3558180 via doris-1 rows=10025 [doris-1:f:up doris-2:f:up doris-3:M:up]
23:57:25 #27 OK SELECT id=3558180 via doris-1 rows=10027 [doris-1:f:up doris-2:f:up doris-3:M:up]
23:57:26 #28 OK SELECT id=3558180 via doris-1 rows=10027 [doris-1:f:up doris-2:f:up doris-3:M:up]
23:57:27 #29 OK SELECT id=3558180 via doris-1 rows=10027 [doris-1:f:up doris-2:f:up doris-3:M:up]
23:57:28 #30 OK SELECT id=3558180 via doris-1 rows=10025 [doris-1:f:up doris-2:f:up doris-3:M:up]
23:57:29 #31 OK SELECT id=3558180 via doris-1 rows=10025 [doris-1:f:up doris-2:f:up doris-3:M:up]
23:57:31 #32 OK SELECT id=3558180 via doris-1 rows=10027 [doris-1:f:up doris-2:f:up doris-3:M:up]
23:57:31 EVENT break: fe crash on doris-1 (FE follower)
23:57:32 #33 OK SELECT id=3558180 via doris-1 rows=10027 [doris-1:f:up doris-2:f:up doris-3:M:up]
23:57:33 #34 OK SELECT id=3558180 via doris-1 rows=10027 [doris-1:f:up doris-2:f:up doris-3:M:up]
23:57:34 #35 OK SELECT id=3558180 via doris-1 rows=10025 [doris-1:f:up doris-2:f:up doris-3:M:up]
23:57:35 #36 FAIL SELECT id=3558180 via doris-1: OperationalError: IO: [FlightSQL] connection error: desc = "transport: Error while dialing: dial tcp 10.140.0.2:8070: connect: c
23:57:37 connected to doris-2 (10.140.0.3)
23:57:37 #37 OK SELECT id=3558180 via doris-2 rows=10027 [doris-1:f:up doris-2:f:up doris-3:M:up] (recovered)
23:57:39 #38 OK SELECT id=3558180 via doris-2 rows=10027 [doris-1:f:up doris-2:f:up doris-3:M:up]
23:57:40 #39 OK SELECT id=3558180 via doris-2 rows=10027 [doris-1:f:up doris-2:f:up doris-3:M:up]
23:57:41 #40 OK SELECT id=3558180 via doris-2 rows=10025 [doris-1:f:up doris-2:f:up doris-3:M:up]
23:57:42 #41 OK SELECT id=3558180 via doris-2 rows=10025 [doris-1:f:DOWN doris-2:f:up doris-3:M:up]
23:57:43 #42 OK SELECT id=3558180 via doris-2 rows=10027 [doris-1:f:DOWN doris-2:f:up doris-3:M:up]
23:57:44 #43 OK SELECT id=3558180 via doris-2 rows=10027 [doris-1:f:DOWN doris-2:f:up doris-3:M:up]
23:57:45 #44 OK SELECT id=3558180 via doris-2 rows=10027 [doris-1:f:DOWN doris-2:f:up doris-3:M:up]
23:57:47 #45 OK SELECT id=3558180 via doris-2 rows=10025 [doris-1:f:DOWN doris-2:f:up doris-3:M:up]
23:57:48 #46 OK SELECT id=3558180 via doris-2 rows=10025 [doris-1:f:DOWN doris-2:f:up doris-3:M:up]
23:57:49 #47 OK SELECT id=3558180 via doris-2 rows=10027 [doris-1:f:DOWN doris-2:f:up doris-3:M:up]
23:57:50 #48 OK SELECT id=3558180 via doris-2 rows=10027 [doris-1:f:DOWN doris-2:f:up doris-3:M:up]
23:57:51 #49 OK SELECT id=3558180 via doris-2 rows=10027 [doris-1:f:DOWN doris-2:f:up doris-3:M:up]
23:57:52 #50 OK SELECT id=3558180 via doris-2 rows=10025 [doris-1:f:up doris-2:f:up doris-3:M:up]
23:57:53 #51 OK SELECT id=3558180 via doris-2 rows=10025 [doris-1:f:up doris-2:f:up doris-3:M:up]
23:57:54 #52 OK SELECT id=3558180 via doris-2 rows=10027 [doris-1:f:up doris-2:f:up doris-3:M:up]
23:57:55 #53 OK SELECT id=3558180 via doris-2 rows=10027 [doris-1:f:up doris-2:f:up doris-3:M:up]
23:57:57 #54 OK SELECT id=3558180 via doris-2 rows=10027 [doris-1:f:up doris-2:f:up doris-3:M:up]
23:57:58 #55 OK SELECT id=3558180 via doris-2 rows=10025 [doris-1:f:up doris-2:f:up doris-3:M:up]
23:57:59 #56 OK SELECT id=3558180 via doris-2 rows=10025 [doris-1:f:up doris-2:f:up doris-3:M:up]
23:58:00 #57 OK SELECT id=3558180 via doris-2 rows=10027 [doris-1:f:up doris-2:f:up doris-3:M:up]
23:58:01 #58 OK SELECT id=3558180 via doris-2 rows=10027 [doris-1:f:up doris-2:f:up doris-3:M:up]
23:58:02 #59 OK SELECT id=3558180 via doris-2 rows=10027 [doris-1:f:up doris-2:f:up doris-3:M:up]
23:58:03 #60 OK SELECT id=3558180 via doris-2 rows=10025 [doris-1:f:up doris-2:f:up doris-3:M:up]
23:58:04 #61 OK SELECT id=3558180 via doris-2 rows=10025 [doris-1:f:up doris-2:f:up doris-3:M:up]
23:58:05 #62 OK SELECT id=3558180 via doris-2 rows=10027 [doris-1:f:up doris-2:f:up doris-3:M:up]
23:58:06 #63 OK SELECT id=3558180 via doris-2 rows=10027 [doris-1:f:up doris-2:f:up doris-3:M:up]
23:58:07 #64 OK SELECT id=3558180 via doris-2 rows=10027 [doris-1:f:up doris-2:f:up doris-3:M:up]
23:58:09 #65 OK SELECT id=3558180 via doris-2 rows=10025 [doris-1:f:up doris-2:f:up doris-3:M:up]
23:58:10 #66 OK SELECT id=3558180 via doris-2 rows=10025 [doris-1:f:up doris-2:f:up doris-3:M:up]
23:58:11 #67 OK SELECT id=3558180 via doris-2 rows=10027 [doris-1:f:up doris-2:f:up doris-3:M:up]
23:58:12 #68 OK SELECT id=3558180 via doris-2 rows=10027 [doris-1:f:up doris-2:f:up doris-3:M:up]
23:58:13 #69 OK SELECT id=3558180 via doris-2 rows=10027 [doris-1:f:up doris-2:f:up doris-3:M:up]
23:58:14 #70 OK SELECT id=3558180 via doris-2 rows=10026 [doris-1:f:up doris-2:f:up doris-3:M:up]
23:58:15 #71 OK SELECT id=3558180 via doris-2 rows=10025 [doris-1:f:up doris-2:f:up doris-3:M:up]
23:58:16 #72 OK SELECT id=3558180 via doris-2 rows=10026 [doris-1:f:up doris-2:f:up doris-3:M:up]
23:58:17 #73 OK SELECT id=3558180 via doris-2 rows=10026 [doris-1:f:up doris-2:f:up doris-3:M:up]
23:58:18 #74 OK SELECT id=3558180 via doris-2 rows=10027 [doris-1:f:up doris-2:f:up doris-3:M:up]
23:58:19 #75 OK SELECT id=3558180 via doris-2 rows=10026 [doris-1:f:up doris-2:f:up doris-3:M:up]
23:58:21 #76 OK SELECT id=3558180 via doris-2 rows=10026 [doris-1:f:up doris-2:f:up doris-3:M:up]
23:58:22 #77 OK SELECT id=3558180 via doris-2 rows=10026 [doris-1:f:up doris-2:f:up doris-3:M:up]
23:58:23 #78 OK SELECT id=3558180 via doris-2 rows=10026 [doris-1:f:up doris-2:f:up doris-3:M:up]
23:58:24 #79 OK SELECT id=3558180 via doris-2 rows=10027 [doris-1:f:up doris-2:f:up doris-3:M:up]
23:58:25 #80 OK SELECT id=3558180 via doris-2 rows=10026 [doris-1:f:up doris-2:f:up doris-3:M:up]
23:58:26 #81 OK SELECT id=3558180 via doris-2 rows=10026 [doris-1:f:up doris-2:f:up doris-3:M:up]
23:58:27 #82 OK SELECT id=3558180 via doris-2 rows=10026 [doris-1:f:up doris-2:f:up doris-3:M:up]
23:58:28 #83 OK SELECT id=3558180 via doris-2 rows=10026 [doris-1:f:up doris-2:f:up doris-3:M:up]
23:58:29 #84 OK SELECT id=3558180 via doris-2 rows=10027 [doris-1:f:up doris-2:f:up doris-3:M:up]
23:58:30 #85 OK SELECT id=3558180 via doris-2 rows=10026 [doris-1:f:up doris-2:f:up doris-3:M:up]
23:58:31 #86 OK SELECT id=3558180 via doris-2 rows=10026 [doris-1:f:up doris-2:f:up doris-3:M:up]
23:58:32 #87 OK SELECT id=3558180 via doris-2 rows=10026 [doris-1:f:up doris-2:f:up doris-3:M:up]
23:58:34 #88 OK SELECT id=3558180 via doris-2 rows=10026 [doris-1:f:up doris-2:f:up doris-3:M:up]
23:58:35 #89 OK SELECT id=3558180 via doris-2 rows=10027 [doris-1:f:up doris-2:f:up doris-3:M:up]
23:58:36 #90 OK SELECT id=3558180 via doris-2 rows=10026 [doris-1:f:up doris-2:f:up doris-3:M:up]
23:58:37 #91 OK SELECT id=3558180 via doris-2 rows=10026 [doris-1:f:up doris-2:f:up doris-3:M:up]
23:58:38 #92 OK SELECT id=3558180 via doris-2 rows=10026 [doris-1:f:up doris-2:f:up doris-3:M:up]
23:58:39 #93 OK SELECT id=3558180 via doris-2 rows=10026 [doris-1:f:up doris-2:f:up doris-3:M:up]
23:58:40 #94 OK SELECT id=3558180 via doris-2 rows=10027 [doris-1:f:up doris-2:f:up doris-3:M:up]
23:58:41 #95 OK SELECT id=3558180 via doris-2 rows=10026 [doris-1:f:up doris-2:f:up doris-3:M:up]
23:58:42 #96 OK SELECT id=3558180 via doris-2 rows=10026 [doris-1:f:up doris-2:f:up doris-3:M:up]
23:58:43 #97 OK SELECT id=3558180 via doris-2 rows=10026 [doris-1:f:up doris-2:f:up doris-3:M:up]
23:58:44 #98 OK SELECT id=3558180 via doris-2 rows=10026 [doris-1:f:up doris-2:f:up doris-3:M:up]
23:58:45 #99 OK SELECT id=3558180 via doris-2 rows=10026 [doris-1:f:up doris-2:f:up doris-3:M:up]
23:58:47 #100 OK SELECT id=3558180 via doris-2 rows=10026 [doris-1:f:up doris-2:f:up doris-3:M:up]
23:58:48 #101 OK SELECT id=3558180 via doris-2 rows=10027 [doris-1:f:up doris-2:f:up doris-3:M:up]
23:58:49 #102 OK SELECT id=3558180 via doris-2 rows=10026 [doris-1:f:up doris-2:f:up doris-3:M:up]
23:58:50 #103 OK SELECT id=3558180 via doris-2 rows=10026 [doris-1:f:up doris-2:f:up doris-3:M:up]
23:58:51 #104 OK SELECT id=3558180 via doris-2 rows=10026 [doris-1:f:up doris-2:f:up doris-3:M:up]
23:58:52 #105 OK SELECT id=3558180 via doris-2 rows=10026 [doris-1:f:up doris-2:f:up doris-3:M:up]
23:58:53 #106 OK SELECT id=3558180 via doris-2 rows=10027 [doris-1:f:up doris-2:f:up doris-3:M:up]
23:58:54 #107 OK SELECT id=3558180 via doris-2 rows=10027 [doris-1:f:up doris-2:f:up doris-3:M:up]
23:58:55 #108 OK SELECT id=3558180 via doris-2 rows=10026 [doris-1:f:up doris-2:f:up doris-3:M:up]
23:58:56 #109 OK SELECT id=3558180 via doris-2 rows=10025 [doris-1:f:up doris-2:f:up doris-3:M:up]
23:58:57 #110 OK SELECT id=3558180 via doris-2 rows=10026 [doris-1:f:up doris-2:f:up doris-3:M:up]
23:58:58 #111 OK SELECT id=3558180 via doris-2 rows=10027 [doris-1:f:up doris-2:f:up doris-3:M:up]
23:59:00 #112 OK SELECT id=3558180 via doris-2 rows=10027 [doris-1:f:up doris-2:f:up doris-3:M:up]
23:59:01 #113 OK SELECT id=3558180 via doris-2 rows=10026 [doris-1:f:up doris-2:f:up doris-3:M:up]
23:59:02 #114 OK SELECT id=3558180 via doris-2 rows=10025 [doris-1:f:up doris-2:f:up doris-3:M:up]
23:59:03 #115 OK SELECT id=3558180 via doris-2 rows=10026 [doris-1:f:up doris-2:f:up doris-3:M:up]
23:59:04 #116 OK SELECT id=3558180 via doris-2 rows=10027 [doris-1:f:up doris-2:f:up doris-3:M:up]
23:59:05 #117 OK SELECT id=3558180 via doris-2 rows=10027 [doris-1:f:up doris-2:f:up doris-3:M:up]
23:59:06 #118 OK SELECT id=3558180 via doris-2 rows=10026 [doris-1:f:up doris-2:f:up doris-3:M:up]
23:59:07 #119 OK SELECT id=3558180 via doris-2 rows=10025 [doris-1:f:up doris-2:f:up doris-3:M:up]
23:59:08 #120 OK SELECT id=3558180 via doris-2 rows=10026 [doris-1:f:up doris-2:f:up doris-3:M:up]
23:59:09 #121 OK SELECT id=3558180 via doris-2 rows=10027 [doris-1:f:up doris-2:f:up doris-3:M:up]
23:59:10 #122 OK SELECT id=3558180 via doris-2 rows=10027 [doris-1:f:up doris-2:f:up doris-3:M:up]
23:59:11 EVENT restore: verify fe on doris-1
23:59:11 #123 OK SELECT id=3558180 via doris-2 rows=10026 [doris-1:f:up doris-2:f:up doris-3:M:up]
23:59:12 #124 OK SELECT id=3558180 via doris-2 rows=10025 [doris-1:f:up doris-2:f:up doris-3:M:up]
23:59:13 #125 OK SELECT id=3558180 via doris-2 rows=10026 [doris-1:f:up doris-2:f:up doris-3:M:up]
23:59:15 #126 OK SELECT id=3558180 via doris-2 rows=10027 [doris-1:f:up doris-2:f:up doris-3:M:up]
23:59:16 #127 OK SELECT id=3558180 via doris-2 rows=10027 [doris-1:f:up doris-2:f:up doris-3:M:up]
23:59:16 EVENT restore: cluster healthy
23:59:17 #128 OK SELECT id=3558180 via doris-2 rows=10026 [doris-1:f:up doris-2:f:up doris-3:M:up]
23:59:18 #129 OK SELECT id=3558180 via doris-2 rows=10025 [doris-1:f:up doris-2:f:up doris-3:M:up]
23:59:19 #130 OK SELECT id=3558180 via doris-2 rows=10026 [doris-1:f:up doris-2:f:up doris-3:M:up]
23:59:20 #131 OK SELECT id=3558180 via doris-2 rows=10027 [doris-1:f:up doris-2:f:up doris-3:M:up]
23:59:21 #132 OK SELECT id=3558180 via doris-2 rows=10027 [doris-1:f:up doris-2:f:up doris-3:M:up]
23:59:22 #133 OK SELECT id=3558180 via doris-2 rows=10026 [doris-1:f:up doris-2:f:up doris-3:M:up]
23:59:23 #134 OK SELECT id=3558180 via doris-2 rows=10025 [doris-1:f:up doris-2:f:up doris-3:M:up]
23:59:24 #135 OK SELECT id=3558180 via doris-2 rows=10026 [doris-1:f:up doris-2:f:up doris-3:M:up]
23:59:25 #136 OK SELECT id=3558180 via doris-2 rows=10027 [doris-1:f:up doris-2:f:up doris-3:M:up]
23:59:26 #137 OK SELECT id=3558180 via doris-2 rows=10027 [doris-1:f:up doris-2:f:up doris-3:M:up]
23:59:27 #138 OK SELECT id=3558180 via doris-2 rows=10026 [doris-1:f:up doris-2:f:up doris-3:M:up]
23:59:28 #139 OK SELECT id=3558180 via doris-2 rows=10025 [doris-1:f:up doris-2:f:up doris-3:M:up]
23:59:30 #140 OK SELECT id=3558180 via doris-2 rows=10026 [doris-1:f:up doris-2:f:up doris-3:M:up]
23:59:31 #141 OK SELECT id=3558180 via doris-2 rows=10027 [doris-1:f:up doris-2:f:up doris-3:M:up]
23:59:32 #142 OK SELECT id=3558180 via doris-2 rows=10027 [doris-1:f:up doris-2:f:up doris-3:M:up]
23:59:33 #143 OK SELECT id=3558180 via doris-2 rows=10026 [doris-1:f:up doris-2:f:up doris-3:M:up]
23:59:34 #144 OK SELECT id=3558180 via doris-2 rows=10025 [doris-1:f:up doris-2:f:up doris-3:M:up]
23:59:35 #145 OK SELECT id=3558180 via doris-2 rows=10026 [doris-1:f:up doris-2:f:up doris-3:M:up]
23:59:36 #146 OK SELECT id=3558180 via doris-2 rows=10027 [doris-1:f:up doris-2:f:up doris-3:M:up]
23:59:37 #147 OK SELECT id=3558180 via doris-2 rows=10027 [doris-1:f:up doris-2:f:up doris-3:M:up]
23:59:38 #148 OK SELECT id=3558180 via doris-2 rows=10026 [doris-1:f:up doris-2:f:up doris-3:M:up]
23:59:39 #149 OK SELECT id=3558180 via doris-2 rows=10025 [doris-1:f:up doris-2:f:up doris-3:M:up]
23:59:40 #150 OK SELECT id=3558180 via doris-2 rows=10026 [doris-1:f:up doris-2:f:up doris-3:M:up]
23:59:41 #151 OK SELECT id=3558180 via doris-2 rows=10027 [doris-1:f:up doris-2:f:up doris-3:M:up]
23:59:42 #152 OK SELECT id=3558180 via doris-2 rows=10027 [doris-1:f:up doris-2:f:up doris-3:M:up]
23:59:43 #153 OK SELECT id=3558180 via doris-2 rows=10026 [doris-1:f:up doris-2:f:up doris-3:M:up]
23:59:44 #154 OK SELECT id=3558180 via doris-2 rows=10025 [doris-1:f:up doris-2:f:up doris-3:M:up]
23:59:46 #155 OK SELECT id=3558180 via doris-2 rows=10026 [doris-1:f:up doris-2:f:up doris-3:M:up]
