23:56:58 PROBE start proto=jdbc hosts=doris-1,doris-2,doris-3 duration=86400s cycle=INSERT>UPSERT>SELECT>DELETE>SELECT url=jdbc:mysql://10.140.0.2:9030,10.140.0.3:9030,10.140.0.4:9030/hatest
23:56:58 connected to doris-1 (driver-selected host)
23:56:58 #1 OK INSERT id=2558170 via doris-1 rows=10027 [doris-1:f:up doris-2:f:up doris-3:M:up]
23:56:59 #2 OK UPSERT id=2558170 via doris-1 rows=10027 [doris-1:f:up doris-2:f:up doris-3:M:up]
23:57:00 #3 OK SELECT id=2558170 via doris-1 rows=10027 [doris-1:f:up doris-2:f:up doris-3:M:up]
23:57:01 #4 OK DELETE id=2558170 via doris-1 rows=10025 [doris-1:f:up doris-2:f:up doris-3:M:up]
23:57:02 #5 OK SELECT id=2558170 via doris-1 rows=10025 [doris-1:f:up doris-2:f:up doris-3:M:up]
23:57:04 #6 OK INSERT id=2558171 via doris-1 rows=10027 [doris-1:f:up doris-2:f:up doris-3:M:up]
23:57:05 #7 OK UPSERT id=2558171 via doris-1 rows=10027 [doris-1:f:up doris-2:f:up doris-3:M:up]
23:57:06 #8 OK SELECT id=2558171 via doris-1 rows=10027 [doris-1:f:up doris-2:f:up doris-3:M:up]
23:57:07 #9 OK DELETE id=2558171 via doris-1 rows=10025 [doris-1:f:up doris-2:f:up doris-3:M:up]
23:57:08 #10 OK SELECT id=2558171 via doris-1 rows=10025 [doris-1:f:up doris-2:f:up doris-3:M:up]
23:57:09 #11 OK INSERT id=2558172 via doris-1 rows=10027 [doris-1:f:up doris-2:f:up doris-3:M:up]
23:57:10 #12 OK UPSERT id=2558172 via doris-1 rows=10027 [doris-1:f:up doris-2:f:up doris-3:M:up]
23:57:11 #13 OK SELECT id=2558172 via doris-1 rows=10027 [doris-1:f:up doris-2:f:up doris-3:M:up]
23:57:12 #14 OK DELETE id=2558172 via doris-1 rows=10025 [doris-1:f:up doris-2:f:up doris-3:M:up]
23:57:13 #15 OK SELECT id=2558172 via doris-1 rows=10025 [doris-1:f:up doris-2:f:up doris-3:M:up]
23:57:14 #16 OK INSERT id=2558173 via doris-1 rows=10027 [doris-1:f:up doris-2:f:up doris-3:M:up]
23:57:15 #17 OK UPSERT id=2558173 via doris-1 rows=10027 [doris-1:f:up doris-2:f:up doris-3:M:up]
23:57:16 #18 OK SELECT id=2558173 via doris-1 rows=10027 [doris-1:f:up doris-2:f:up doris-3:M:up]
23:57:17 #19 OK DELETE id=2558173 via doris-1 rows=10025 [doris-1:f:up doris-2:f:up doris-3:M:up]
23:57:18 #20 OK SELECT id=2558173 via doris-1 rows=10025 [doris-1:f:up doris-2:f:up doris-3:M:up]
23:57:20 #21 OK INSERT id=2558174 via doris-1 rows=10027 [doris-1:f:up doris-2:f:up doris-3:M:up]
23:57:21 #22 OK UPSERT id=2558174 via doris-1 rows=10027 [doris-1:f:up doris-2:f:up doris-3:M:up]
23:57:22 #23 OK SELECT id=2558174 via doris-1 rows=10027 [doris-1:f:up doris-2:f:up doris-3:M:up]
23:57:23 #24 OK DELETE id=2558174 via doris-1 rows=10025 [doris-1:f:up doris-2:f:up doris-3:M:up]
23:57:24 #25 OK SELECT id=2558174 via doris-1 rows=10025 [doris-1:f:up doris-2:f:up doris-3:M:up]
23:57:25 #26 OK INSERT id=2558175 via doris-1 rows=10027 [doris-1:f:up doris-2:f:up doris-3:M:up]
23:57:26 #27 OK UPSERT id=2558175 via doris-1 rows=10027 [doris-1:f:up doris-2:f:up doris-3:M:up]
23:57:27 #28 OK SELECT id=2558175 via doris-1 rows=10027 [doris-1:f:up doris-2:f:up doris-3:M:up]
23:57:28 #29 OK DELETE id=2558175 via doris-1 rows=10025 [doris-1:f:up doris-2:f:up doris-3:M:up]
23:57:29 #30 OK SELECT id=2558175 via doris-1 rows=10025 [doris-1:f:up doris-2:f:up doris-3:M:up]
23:57:30 #31 OK INSERT id=2558176 via doris-1 rows=10027 [doris-1:f:up doris-2:f:up doris-3:M:up]
23:57:31 #32 OK UPSERT id=2558176 via doris-1 rows=10027 [doris-1:f:up doris-2:f:up doris-3:M:up]
23:57:31 EVENT break: fe crash on doris-1 (FE follower)
23:57:32 #33 OK SELECT id=2558176 via doris-1 rows=10027 [doris-1:f:up doris-2:f:up doris-3:M:up]
23:57:33 #34 OK DELETE id=2558176 via doris-1 rows=10025 [doris-1:f:up doris-2:f:up doris-3:M:up]
23:57:34 #35 FAIL SELECT id=2558176 via doris-1: CommunicationsException: Communications link failure  The last packet successfully received from the server was 1,015 milliseconds ago.
23:57:36 connected to doris-2 (driver-selected host)
23:57:37 #36 OK INSERT id=2558177 via doris-2 rows=10026 [doris-1:f:up doris-2:f:up doris-3:M:up] (recovered)
23:57:38 #37 OK UPSERT id=2558177 via doris-2 rows=10027 [doris-1:f:up doris-2:f:up doris-3:M:up]
23:57:39 #38 OK SELECT id=2558177 via doris-2 rows=10027 [doris-1:f:up doris-2:f:up doris-3:M:up]
23:57:40 #39 OK DELETE id=2558177 via doris-2 rows=10026 [doris-1:f:up doris-2:f:up doris-3:M:up]
23:57:41 #40 OK SELECT id=2558177 via doris-2 rows=10025 [doris-1:f:DOWN doris-2:f:up doris-3:M:up]
23:57:43 #41 OK INSERT id=2558178 via doris-2 rows=10026 [doris-1:f:DOWN doris-2:f:up doris-3:M:up]
23:57:44 #42 OK UPSERT id=2558178 via doris-2 rows=10027 [doris-1:f:DOWN doris-2:f:up doris-3:M:up]
23:57:45 #43 OK SELECT id=2558178 via doris-2 rows=10027 [doris-1:f:DOWN doris-2:f:up doris-3:M:up]
23:57:46 #44 OK DELETE id=2558178 via doris-2 rows=10026 [doris-1:f:DOWN doris-2:f:up doris-3:M:up]
23:57:47 #45 OK SELECT id=2558178 via doris-2 rows=10025 [doris-1:f:DOWN doris-2:f:up doris-3:M:up]
23:57:48 #46 OK INSERT id=2558179 via doris-2 rows=10026 [doris-1:f:DOWN doris-2:f:up doris-3:M:up]
23:57:49 #47 OK UPSERT id=2558179 via doris-2 rows=10027 [doris-1:f:DOWN doris-2:f:up doris-3:M:up]
23:57:50 #48 OK SELECT id=2558179 via doris-2 rows=10027 [doris-1:f:DOWN doris-2:f:up doris-3:M:up]
23:57:51 #49 OK DELETE id=2558179 via doris-2 rows=10026 [doris-1:f:up doris-2:f:up doris-3:M:up]
23:57:52 #50 OK SELECT id=2558179 via doris-2 rows=10025 [doris-1:f:up doris-2:f:up doris-3:M:up]
23:57:54 #51 OK INSERT id=2558180 via doris-2 rows=10026 [doris-1:f:up doris-2:f:up doris-3:M:up]
23:57:55 #52 OK UPSERT id=2558180 via doris-2 rows=10027 [doris-1:f:up doris-2:f:up doris-3:M:up]
23:57:56 #53 OK SELECT id=2558180 via doris-2 rows=10027 [doris-1:f:up doris-2:f:up doris-3:M:up]
23:57:57 #54 OK DELETE id=2558180 via doris-2 rows=10026 [doris-1:f:up doris-2:f:up doris-3:M:up]
23:57:58 #55 OK SELECT id=2558180 via doris-2 rows=10025 [doris-1:f:up doris-2:f:up doris-3:M:up]
23:57:59 #56 OK INSERT id=2558181 via doris-2 rows=10026 [doris-1:f:up doris-2:f:up doris-3:M:up]
23:58:00 #57 OK UPSERT id=2558181 via doris-2 rows=10027 [doris-1:f:up doris-2:f:up doris-3:M:up]
23:58:01 #58 OK SELECT id=2558181 via doris-2 rows=10027 [doris-1:f:up doris-2:f:up doris-3:M:up]
23:58:02 #59 OK DELETE id=2558181 via doris-2 rows=10026 [doris-1:f:up doris-2:f:up doris-3:M:up]
23:58:03 #60 OK SELECT id=2558181 via doris-2 rows=10025 [doris-1:f:up doris-2:f:up doris-3:M:up]
23:58:04 #61 OK INSERT id=2558182 via doris-2 rows=10026 [doris-1:f:up doris-2:f:up doris-3:M:up]
23:58:06 #62 OK UPSERT id=2558182 via doris-2 rows=10027 [doris-1:f:up doris-2:f:up doris-3:M:up]
23:58:07 #63 OK SELECT id=2558182 via doris-2 rows=10027 [doris-1:f:up doris-2:f:up doris-3:M:up]
23:58:08 #64 OK DELETE id=2558182 via doris-2 rows=10026 [doris-1:f:up doris-2:f:up doris-3:M:up]
23:58:09 #65 OK SELECT id=2558182 via doris-2 rows=10025 [doris-1:f:up doris-2:f:up doris-3:M:up]
23:58:10 #66 OK INSERT id=2558183 via doris-2 rows=10026 [doris-1:f:up doris-2:f:up doris-3:M:up]
23:58:11 #67 OK UPSERT id=2558183 via doris-2 rows=10027 [doris-1:f:up doris-2:f:up doris-3:M:up]
23:58:14 #68 OK SELECT id=2558183 via doris-2 rows=10027 [doris-1:f:up doris-2:f:up doris-3:M:up]
23:58:16 #69 OK DELETE id=2558183 via doris-2 rows=10025 [doris-1:f:up doris-2:f:up doris-3:M:up]
23:58:17 #70 OK SELECT id=2558183 via doris-2 rows=10026 [doris-1:f:up doris-2:f:up doris-3:M:up]
23:58:18 #71 OK INSERT id=2558184 via doris-2 rows=10027 [doris-1:f:up doris-2:f:up doris-3:M:up]
23:58:19 #72 OK UPSERT id=2558184 via doris-2 rows=10026 [doris-1:f:up doris-2:f:up doris-3:M:up]
23:58:20 #73 OK SELECT id=2558184 via doris-2 rows=10026 [doris-1:f:up doris-2:f:up doris-3:M:up]
23:58:21 #74 OK DELETE id=2558184 via doris-2 rows=10026 [doris-1:f:up doris-2:f:up doris-3:M:up]
23:58:22 #75 OK SELECT id=2558184 via doris-2 rows=10026 [doris-1:f:up doris-2:f:up doris-3:M:up]
23:58:23 #76 OK INSERT id=2558185 via doris-2 rows=10027 [doris-1:f:up doris-2:f:up doris-3:M:up]
23:58:25 #77 OK UPSERT id=2558185 via doris-2 rows=10026 [doris-1:f:up doris-2:f:up doris-3:M:up]
23:58:26 #78 OK SELECT id=2558185 via doris-2 rows=10026 [doris-1:f:up doris-2:f:up doris-3:M:up]
23:58:27 #79 OK DELETE id=2558185 via doris-2 rows=10026 [doris-1:f:up doris-2:f:up doris-3:M:up]
23:58:28 #80 OK SELECT id=2558185 via doris-2 rows=10026 [doris-1:f:up doris-2:f:up doris-3:M:up]
23:58:29 #81 OK INSERT id=2558186 via doris-2 rows=10027 [doris-1:f:up doris-2:f:up doris-3:M:up]
23:58:30 #82 OK UPSERT id=2558186 via doris-2 rows=10026 [doris-1:f:up doris-2:f:up doris-3:M:up]
23:58:31 #83 OK SELECT id=2558186 via doris-2 rows=10026 [doris-1:f:up doris-2:f:up doris-3:M:up]
23:58:32 #84 OK DELETE id=2558186 via doris-2 rows=10026 [doris-1:f:up doris-2:f:up doris-3:M:up]
23:58:33 #85 OK SELECT id=2558186 via doris-2 rows=10026 [doris-1:f:up doris-2:f:up doris-3:M:up]
23:58:34 #86 OK INSERT id=2558187 via doris-2 rows=10027 [doris-1:f:up doris-2:f:up doris-3:M:up]
23:58:36 #87 OK UPSERT id=2558187 via doris-2 rows=10026 [doris-1:f:up doris-2:f:up doris-3:M:up]
23:58:37 #88 OK SELECT id=2558187 via doris-2 rows=10026 [doris-1:f:up doris-2:f:up doris-3:M:up]
23:58:38 #89 OK DELETE id=2558187 via doris-2 rows=10026 [doris-1:f:up doris-2:f:up doris-3:M:up]
23:58:39 #90 OK SELECT id=2558187 via doris-2 rows=10026 [doris-1:f:up doris-2:f:up doris-3:M:up]
23:58:40 #91 OK INSERT id=2558188 via doris-2 rows=10027 [doris-1:f:up doris-2:f:up doris-3:M:up]
23:58:41 #92 OK UPSERT id=2558188 via doris-2 rows=10026 [doris-1:f:up doris-2:f:up doris-3:M:up]
23:58:42 #93 OK SELECT id=2558188 via doris-2 rows=10026 [doris-1:f:up doris-2:f:up doris-3:M:up]
23:58:43 #94 OK DELETE id=2558188 via doris-2 rows=10026 [doris-1:f:up doris-2:f:up doris-3:M:up]
23:58:44 #95 OK SELECT id=2558188 via doris-2 rows=10026 [doris-1:f:up doris-2:f:up doris-3:M:up]
23:58:45 #96 OK INSERT id=2558189 via doris-2 rows=10027 [doris-1:f:up doris-2:f:up doris-3:M:up]
23:58:46 #97 OK UPSERT id=2558189 via doris-2 rows=10026 [doris-1:f:up doris-2:f:up doris-3:M:up]
23:58:48 #98 OK SELECT id=2558189 via doris-2 rows=10026 [doris-1:f:up doris-2:f:up doris-3:M:up]
23:58:49 #99 OK DELETE id=2558189 via doris-2 rows=10026 [doris-1:f:up doris-2:f:up doris-3:M:up]
23:58:50 #100 OK SELECT id=2558189 via doris-2 rows=10026 [doris-1:f:up doris-2:f:up doris-3:M:up]
23:58:51 #101 OK INSERT id=2558190 via doris-2 rows=10026 [doris-1:f:up doris-2:f:up doris-3:M:up]
23:58:52 #102 OK UPSERT id=2558190 via doris-2 rows=10026 [doris-1:f:up doris-2:f:up doris-3:M:up]
23:58:53 #103 OK SELECT id=2558190 via doris-2 rows=10027 [doris-1:f:up doris-2:f:up doris-3:M:up]
23:58:54 #104 OK DELETE id=2558190 via doris-2 rows=10026 [doris-1:f:up doris-2:f:up doris-3:M:up]
23:58:55 #105 OK SELECT id=2558190 via doris-2 rows=10026 [doris-1:f:up doris-2:f:up doris-3:M:up]
23:58:56 #106 OK INSERT id=2558191 via doris-2 rows=10026 [doris-1:f:up doris-2:f:up doris-3:M:up]
23:58:57 #107 OK UPSERT id=2558191 via doris-2 rows=10026 [doris-1:f:up doris-2:f:up doris-3:M:up]
23:58:58 #108 OK SELECT id=2558191 via doris-2 rows=10027 [doris-1:f:up doris-2:f:up doris-3:M:up]
23:59:00 #109 OK DELETE id=2558191 via doris-2 rows=10026 [doris-1:f:up doris-2:f:up doris-3:M:up]
23:59:01 #110 OK SELECT id=2558191 via doris-2 rows=10026 [doris-1:f:up doris-2:f:up doris-3:M:up]
23:59:02 #111 OK INSERT id=2558192 via doris-2 rows=10026 [doris-1:f:up doris-2:f:up doris-3:M:up]
23:59:03 #112 OK UPSERT id=2558192 via doris-2 rows=10026 [doris-1:f:up doris-2:f:up doris-3:M:up]
23:59:04 #113 OK SELECT id=2558192 via doris-2 rows=10027 [doris-1:f:up doris-2:f:up doris-3:M:up]
23:59:05 #114 OK DELETE id=2558192 via doris-2 rows=10026 [doris-1:f:up doris-2:f:up doris-3:M:up]
23:59:06 #115 OK SELECT id=2558192 via doris-2 rows=10026 [doris-1:f:up doris-2:f:up doris-3:M:up]
23:59:07 #116 OK INSERT id=2558193 via doris-2 rows=10026 [doris-1:f:up doris-2:f:up doris-3:M:up]
23:59:08 #117 OK UPSERT id=2558193 via doris-2 rows=10026 [doris-1:f:up doris-2:f:up doris-3:M:up]
23:59:09 #118 OK SELECT id=2558193 via doris-2 rows=10027 [doris-1:f:up doris-2:f:up doris-3:M:up]
23:59:10 #119 OK DELETE id=2558193 via doris-2 rows=10026 [doris-1:f:up doris-2:f:up doris-3:M:up]
23:59:11 EVENT restore: verify fe on doris-1
23:59:11 #120 OK SELECT id=2558193 via doris-2 rows=10026 [doris-1:f:up doris-2:f:up doris-3:M:up]
23:59:13 #121 OK INSERT id=2558194 via doris-2 rows=10026 [doris-1:f:up doris-2:f:up doris-3:M:up]
23:59:14 #122 OK UPSERT id=2558194 via doris-2 rows=10026 [doris-1:f:up doris-2:f:up doris-3:M:up]
23:59:15 #123 OK SELECT id=2558194 via doris-2 rows=10027 [doris-1:f:up doris-2:f:up doris-3:M:up]
23:59:16 #124 OK DELETE id=2558194 via doris-2 rows=10026 [doris-1:f:up doris-2:f:up doris-3:M:up]
23:59:16 EVENT restore: cluster healthy
23:59:17 #125 OK SELECT id=2558194 via doris-2 rows=10026 [doris-1:f:up doris-2:f:up doris-3:M:up]
23:59:18 #126 OK INSERT id=2558195 via doris-2 rows=10026 [doris-1:f:up doris-2:f:up doris-3:M:up]
23:59:19 #127 OK UPSERT id=2558195 via doris-2 rows=10026 [doris-1:f:up doris-2:f:up doris-3:M:up]
23:59:20 #128 OK SELECT id=2558195 via doris-2 rows=10027 [doris-1:f:up doris-2:f:up doris-3:M:up]
23:59:21 #129 OK DELETE id=2558195 via doris-2 rows=10026 [doris-1:f:up doris-2:f:up doris-3:M:up]
23:59:22 #130 OK SELECT id=2558195 via doris-2 rows=10026 [doris-1:f:up doris-2:f:up doris-3:M:up]
23:59:23 #131 OK INSERT id=2558196 via doris-2 rows=10026 [doris-1:f:up doris-2:f:up doris-3:M:up]
23:59:24 #132 OK UPSERT id=2558196 via doris-2 rows=10026 [doris-1:f:up doris-2:f:up doris-3:M:up]
23:59:25 #133 OK SELECT id=2558196 via doris-2 rows=10027 [doris-1:f:up doris-2:f:up doris-3:M:up]
23:59:27 #134 OK DELETE id=2558196 via doris-2 rows=10026 [doris-1:f:up doris-2:f:up doris-3:M:up]
23:59:28 #135 OK SELECT id=2558196 via doris-2 rows=10026 [doris-1:f:up doris-2:f:up doris-3:M:up]
23:59:29 #136 OK INSERT id=2558197 via doris-2 rows=10026 [doris-1:f:up doris-2:f:up doris-3:M:up]
23:59:30 #137 OK UPSERT id=2558197 via doris-2 rows=10026 [doris-1:f:up doris-2:f:up doris-3:M:up]
23:59:31 #138 OK SELECT id=2558197 via doris-2 rows=10027 [doris-1:f:up doris-2:f:up doris-3:M:up]
23:59:32 #139 OK DELETE id=2558197 via doris-2 rows=10026 [doris-1:f:up doris-2:f:up doris-3:M:up]
23:59:33 #140 OK SELECT id=2558197 via doris-2 rows=10026 [doris-1:f:up doris-2:f:up doris-3:M:up]
23:59:34 #141 OK INSERT id=2558198 via doris-2 rows=10026 [doris-1:f:up doris-2:f:up doris-3:M:up]
23:59:35 #142 OK UPSERT id=2558198 via doris-2 rows=10026 [doris-1:f:up doris-2:f:up doris-3:M:up]
23:59:36 #143 OK SELECT id=2558198 via doris-2 rows=10027 [doris-1:f:up doris-2:f:up doris-3:M:up]
23:59:37 #144 OK DELETE id=2558198 via doris-2 rows=10026 [doris-1:f:up doris-2:f:up doris-3:M:up]
23:59:38 #145 OK SELECT id=2558198 via doris-2 rows=10026 [doris-1:f:up doris-2:f:up doris-3:M:up]
23:59:39 #146 OK INSERT id=2558199 via doris-2 rows=10026 [doris-1:f:up doris-2:f:up doris-3:M:up]
23:59:41 #147 OK UPSERT id=2558199 via doris-2 rows=10026 [doris-1:f:up doris-2:f:up doris-3:M:up]
23:59:42 #148 OK SELECT id=2558199 via doris-2 rows=10027 [doris-1:f:up doris-2:f:up doris-3:M:up]
23:59:43 #149 OK DELETE id=2558199 via doris-2 rows=10026 [doris-1:f:up doris-2:f:up doris-3:M:up]
23:59:44 #150 OK SELECT id=2558199 via doris-2 rows=10026 [doris-1:f:up doris-2:f:up doris-3:M:up]
