18:46:04 PROBE start proto=jdbc hosts=doris-1,doris-2,doris-3 duration=86400s cycle=INSERT>UPSERT>SELECT>DELETE>SELECT url=jdbc:mysql://10.140.0.2:9030,10.140.0.3:9030,10.140.0.4:9030/hatest
18:46:04 connected to doris-1 (driver-selected host)
18:46:04 #1 OK INSERT id=2691640 via doris-1 rows=10236 [doris-1:f:up doris-2:M:up doris-3:f:up]
18:46:05 #2 OK UPSERT id=2691640 via doris-1 rows=10236 [doris-1:f:up doris-2:M:up doris-3:f:up]
18:46:07 #3 OK SELECT id=2691640 via doris-1 rows=10236 [doris-1:f:up doris-2:M:up doris-3:f:up]
18:46:08 #4 OK DELETE id=2691640 via doris-1 rows=10234 [doris-1:f:up doris-2:M:up doris-3:f:up]
18:46:09 #5 OK SELECT id=2691640 via doris-1 rows=10234 [doris-1:f:up doris-2:M:up doris-3:f:up]
18:46:10 #6 OK INSERT id=2691641 via doris-1 rows=10236 [doris-1:f:up doris-2:M:up doris-3:f:up]
18:46:11 #7 OK UPSERT id=2691641 via doris-1 rows=10236 [doris-1:f:up doris-2:M:up doris-3:f:up]
18:46:12 #8 OK SELECT id=2691641 via doris-1 rows=10236 [doris-1:f:up doris-2:M:up doris-3:f:up]
18:46:13 #9 OK DELETE id=2691641 via doris-1 rows=10234 [doris-1:f:up doris-2:M:up doris-3:f:up]
18:46:14 #10 OK SELECT id=2691641 via doris-1 rows=10234 [doris-1:f:up doris-2:M:up doris-3:f:up]
18:46:15 #11 OK INSERT id=2691642 via doris-1 rows=10236 [doris-1:f:up doris-2:M:up doris-3:f:up]
18:46:16 #12 OK UPSERT id=2691642 via doris-1 rows=10236 [doris-1:f:up doris-2:M:up doris-3:f:up]
18:46:17 #13 OK SELECT id=2691642 via doris-1 rows=10236 [doris-1:f:up doris-2:M:up doris-3:f:up]
18:46:18 #14 OK DELETE id=2691642 via doris-1 rows=10234 [doris-1:f:up doris-2:M:up doris-3:f:up]
18:46:19 #15 OK SELECT id=2691642 via doris-1 rows=10234 [doris-1:f:up doris-2:M:up doris-3:f:up]
18:46:20 #16 OK INSERT id=2691643 via doris-1 rows=10236 [doris-1:f:up doris-2:M:up doris-3:f:up]
18:46:21 #17 OK UPSERT id=2691643 via doris-1 rows=10236 [doris-1:f:up doris-2:M:up doris-3:f:up]
18:46:22 #18 OK SELECT id=2691643 via doris-1 rows=10236 [doris-1:f:up doris-2:M:up doris-3:f:up]
18:46:24 #19 OK DELETE id=2691643 via doris-1 rows=10234 [doris-1:f:up doris-2:M:up doris-3:f:up]
18:46:25 #20 OK SELECT id=2691643 via doris-1 rows=10234 [doris-1:f:up doris-2:M:up doris-3:f:up]
18:46:26 #21 OK INSERT id=2691644 via doris-1 rows=10236 [doris-1:f:up doris-2:M:up doris-3:f:up]
18:46:27 #22 OK UPSERT id=2691644 via doris-1 rows=10236 [doris-1:f:up doris-2:M:up doris-3:f:up]
18:46:28 #23 OK SELECT id=2691644 via doris-1 rows=10236 [doris-1:f:up doris-2:M:up doris-3:f:up]
18:46:29 #24 OK DELETE id=2691644 via doris-1 rows=10234 [doris-1:f:up doris-2:M:up doris-3:f:up]
18:46:30 #25 OK SELECT id=2691644 via doris-1 rows=10234 [doris-1:f:up doris-2:M:up doris-3:f:up]
18:46:31 #26 OK INSERT id=2691645 via doris-1 rows=10236 [doris-1:f:up doris-2:M:up doris-3:f:up]
18:46:32 #27 OK UPSERT id=2691645 via doris-1 rows=10236 [doris-1:f:up doris-2:M:up doris-3:f:up]
18:46:33 #28 OK SELECT id=2691645 via doris-1 rows=10236 [doris-1:f:up doris-2:M:up doris-3:f:up]
18:46:34 #29 OK DELETE id=2691645 via doris-1 rows=10234 [doris-1:f:up doris-2:M:up doris-3:f:up]
18:46:35 #30 OK SELECT id=2691645 via doris-1 rows=10234 [doris-1:f:up doris-2:M:up doris-3:f:up]
18:46:36 #31 OK INSERT id=2691646 via doris-1 rows=10236 [doris-1:f:up doris-2:M:up doris-3:f:up]
18:46:37 #32 OK UPSERT id=2691646 via doris-1 rows=10236 [doris-1:f:up doris-2:M:up doris-3:f:up]
18:46:38 EVENT break: vm stop on doris-2 (FE master)
18:46:38 #33 OK SELECT id=2691646 via doris-1 rows=10236 [doris-1:f:up doris-2:M:up doris-3:f:up]
18:46:39 #34 OK DELETE id=2691646 via doris-1 rows=10234 [doris-1:f:up doris-2:M:up doris-3:f:up]
18:46:40 #35 OK SELECT id=2691646 via doris-1 rows=10234 [doris-1:f:up doris-2:M:up doris-3:f:up]
18:46:42 #36 OK INSERT id=2691647 via doris-1 rows=10235 [doris-1:f:up doris-2:f:DOWN doris-3:M:up]
18:46:43 #37 FAIL UPSERT id=2691647 via doris-1: SQLException: errCode = 2, detailMessage = (10.140.0.4)[INTERNAL_ERROR]failed to open DeltaWriter 1789045666400: failed to w
18:46:43 #37 OK SELECT(check) id=1 via doris-1
18:46:44 connected to doris-1 (driver-selected host)
18:46:44 #38 FAIL INSERT id=2691648 via doris-1: SQLException: errCode = 2, detailMessage = (10.140.0.4)[INTERNAL_ERROR]failed to open DeltaWriter 1789045666400: failed to w
18:46:44 #38 OK SELECT(check) id=1 via doris-1
18:46:45 connected to doris-1 (driver-selected host)
18:46:45 #39 FAIL INSERT id=2691649 via doris-1: SQLException: send fragments failed. io.grpc.StatusRuntimeException: UNAVAILABLE: io exception, host: 10.140.0.2
18:46:45 #39 OK SELECT(check) id=1 via doris-1
18:46:46 connected to doris-1 (driver-selected host)
18:46:46 #40 FAIL INSERT id=2691650 via doris-1: SQLException: errCode = 2, detailMessage = (10.140.0.4)[INTERNAL_ERROR]failed to open DeltaWriter 1789045666396: failed to w
18:46:47 #40 OK SELECT(check) id=1 via doris-1
18:46:48 connected to doris-1 (driver-selected host)
18:46:48 #41 FAIL INSERT id=2691651 via doris-1: SQLException: send fragments failed. io.grpc.StatusRuntimeException: UNAVAILABLE: io exception, host: 10.140.0.2
18:46:48 #41 FAIL SELECT(check) id=1 via doris-1: SQLException: RpcException, msg: send fragments failed. io.grpc.StatusRuntimeException: UNAVAILABLE: io 
18:46:49 connected to doris-1 (driver-selected host)
18:46:49 #42 FAIL INSERT id=2691652 via doris-1: SQLException: errCode = 2, detailMessage = (10.140.0.4)[INTERNAL_ERROR]failed to open DeltaWriter 1789045666408: failed to w
18:46:49 #42 OK SELECT(check) id=1 via doris-1
18:46:50 connected to doris-1 (driver-selected host)
18:46:50 #43 FAIL INSERT id=2691653 via doris-1: SQLException: errCode = 2, detailMessage = (10.140.0.4)[INTERNAL_ERROR]failed to open DeltaWriter 1789045666400: failed to w
18:46:50 #43 FAIL SELECT(check) id=1 via doris-1: SQLException: RpcException, msg: send fragments failed. io.grpc.StatusRuntimeException: UNAVAILABLE: io 
18:46:51 connected to doris-1 (driver-selected host)
18:46:51 #44 FAIL INSERT id=2691654 via doris-1: SQLException: send fragments failed. io.grpc.StatusRuntimeException: UNAVAILABLE: io exception, host: 10.140.0.2
18:46:51 #44 FAIL SELECT(check) id=1 via doris-1: SQLException: RpcException, msg: send fragments failed. io.grpc.StatusRuntimeException: UNAVAILABLE: io 
18:46:52 connected to doris-1 (driver-selected host)
18:46:52 #45 FAIL INSERT id=2691655 via doris-1: SQLException: errCode = 2, detailMessage = (10.140.0.4)[INTERNAL_ERROR]failed to open DeltaWriter 1789045666396: failed to w
18:46:52 #45 FAIL SELECT(check) id=1 via doris-1: SQLException: RpcException, msg: send fragments failed. io.grpc.StatusRuntimeException: UNAVAILABLE: io 
18:46:53 connected to doris-1 (driver-selected host)
18:46:53 #46 FAIL INSERT id=2691656 via doris-1: SQLException: errCode = 2, detailMessage = (10.140.0.4)[INTERNAL_ERROR]failed to open DeltaWriter 1789045666396: failed to w
18:46:53 #46 OK SELECT(check) id=1 via doris-1
18:46:54 connected to doris-1 (driver-selected host)
18:46:54 #47 FAIL INSERT id=2691657 via doris-1: SQLException: send fragments failed. io.grpc.StatusRuntimeException: UNAVAILABLE: io exception, host: 10.140.0.2
18:46:54 #47 FAIL SELECT(check) id=1 via doris-1: SQLException: RpcException, msg: send fragments failed. io.grpc.StatusRuntimeException: UNAVAILABLE: io 
18:46:55 connected to doris-1 (driver-selected host)
18:46:55 #48 FAIL INSERT id=2691658 via doris-1: SQLException: errCode = 2, detailMessage = (10.140.0.4)[INTERNAL_ERROR]failed to open DeltaWriter 1789045666400: failed to w
18:46:55 #48 OK SELECT(check) id=1 via doris-1
18:46:56 connected to doris-1 (driver-selected host)
18:46:56 #49 FAIL INSERT id=2691659 via doris-1: SQLException: errCode = 2, detailMessage = (10.140.0.4)[INTERNAL_ERROR]failed to open DeltaWriter 1789045666408: failed to w
18:46:56 #49 OK SELECT(check) id=1 via doris-1
18:46:58 connected to doris-1 (driver-selected host)
18:47:01 EVENT break: doris-2 is down
18:47:09 #50 FAIL INSERT id=2691660 via doris-1: CommunicationsException: Communications link failure  The last packet successfully received from the server was 8,010 milliseconds ago.
18:47:09 #50 OK SELECT(check) id=1 via doris-1
18:47:10 connected to doris-1 (driver-selected host)
18:47:10 #51 FAIL INSERT id=2691661 via doris-1: SQLException: errCode = 2, detailMessage = (10.140.0.4)[INTERNAL_ERROR]failed to open DeltaWriter 1789045666396: failed to w
18:47:10 #51 FAIL SELECT(check) id=1 via doris-1: SQLException: RpcException, msg: send fragments failed. io.grpc.StatusRuntimeException: UNAVAILABLE: io 
18:47:11 connected to doris-1 (driver-selected host)
18:47:11 #52 FAIL INSERT id=2691662 via doris-1: SQLException: send fragments failed. io.grpc.StatusRuntimeException: UNAVAILABLE: io exception, host: 10.140.0.2
18:47:11 #52 OK SELECT(check) id=1 via doris-1
18:47:12 connected to doris-1 (driver-selected host)
18:47:12 #53 FAIL INSERT id=2691663 via doris-1: SQLException: errCode = 2, detailMessage = errCode = 3, detailMessage = tablet 1789045666396 alive replica num 1 < load requ
18:47:12 #53 OK SELECT(check) id=1 via doris-1
18:47:13 connected to doris-1 (driver-selected host)
18:47:13 #54 FAIL INSERT id=2691664 via doris-1: SQLException: errCode = 2, detailMessage = errCode = 3, detailMessage = tablet 1789045666396 alive replica num 1 < load requ
18:47:13 #54 OK SELECT(check) id=1 via doris-1
18:47:14 connected to doris-1 (driver-selected host)
18:47:14 #55 FAIL INSERT id=2691665 via doris-1: SQLException: errCode = 2, detailMessage = errCode = 3, detailMessage = tablet 1789045666396 alive replica num 1 < load requ
18:47:14 #55 OK SELECT(check) id=1 via doris-1
18:47:15 connected to doris-1 (driver-selected host)
18:47:15 #56 FAIL INSERT id=2691666 via doris-1: SQLException: errCode = 2, detailMessage = errCode = 3, detailMessage = tablet 1789045666396 alive replica num 1 < load requ
18:47:15 #56 OK SELECT(check) id=1 via doris-1
18:47:16 connected to doris-1 (driver-selected host)
18:47:16 #57 FAIL INSERT id=2691667 via doris-1: SQLException: errCode = 2, detailMessage = errCode = 3, detailMessage = tablet 1789045666396 alive replica num 1 < load requ
18:47:16 #57 OK SELECT(check) id=1 via doris-1
18:47:17 connected to doris-1 (driver-selected host)
18:47:17 #58 FAIL INSERT id=2691668 via doris-1: SQLException: errCode = 2, detailMessage = errCode = 3, detailMessage = tablet 1789045666396 alive replica num 1 < load requ
18:47:17 #58 OK SELECT(check) id=1 via doris-1
18:47:18 connected to doris-1 (driver-selected host)
18:47:18 #59 FAIL INSERT id=2691669 via doris-1: SQLException: errCode = 2, detailMessage = errCode = 3, detailMessage = tablet 1789045666396 alive replica num 1 < load requ
18:47:18 #59 OK SELECT(check) id=1 via doris-1
18:47:19 connected to doris-1 (driver-selected host)
18:47:19 #60 FAIL INSERT id=2691670 via doris-1: SQLException: errCode = 2, detailMessage = errCode = 3, detailMessage = tablet 1789045666396 alive replica num 1 < load requ
18:47:19 #60 OK SELECT(check) id=1 via doris-1
18:47:20 connected to doris-1 (driver-selected host)
18:47:20 #61 FAIL INSERT id=2691671 via doris-1: SQLException: errCode = 2, detailMessage = errCode = 3, detailMessage = tablet 1789045666396 alive replica num 1 < load requ
18:47:20 #61 OK SELECT(check) id=1 via doris-1
18:47:21 connected to doris-1 (driver-selected host)
18:47:21 #62 FAIL INSERT id=2691672 via doris-1: SQLException: errCode = 2, detailMessage = errCode = 3, detailMessage = tablet 1789045666396 alive replica num 1 < load requ
18:47:21 #62 OK SELECT(check) id=1 via doris-1
18:47:23 connected to doris-1 (driver-selected host)
18:47:23 #63 FAIL INSERT id=2691673 via doris-1: SQLException: errCode = 2, detailMessage = errCode = 3, detailMessage = tablet 1789045666396 alive replica num 1 < load requ
18:47:23 #63 OK SELECT(check) id=1 via doris-1
18:47:24 connected to doris-1 (driver-selected host)
18:47:24 #64 FAIL INSERT id=2691674 via doris-1: SQLException: errCode = 2, detailMessage = errCode = 3, detailMessage = tablet 1789045666396 alive replica num 1 < load requ
18:47:24 #64 OK SELECT(check) id=1 via doris-1
18:47:25 connected to doris-1 (driver-selected host)
18:47:25 #65 FAIL INSERT id=2691675 via doris-1: SQLException: errCode = 2, detailMessage = errCode = 3, detailMessage = tablet 1789045666396 alive replica num 1 < load requ
18:47:25 #65 OK SELECT(check) id=1 via doris-1
18:47:26 connected to doris-1 (driver-selected host)
18:47:26 #66 FAIL INSERT id=2691676 via doris-1: SQLException: errCode = 2, detailMessage = errCode = 3, detailMessage = tablet 1789045666396 alive replica num 1 < load requ
18:47:26 #66 OK SELECT(check) id=1 via doris-1
18:47:27 connected to doris-1 (driver-selected host)
18:47:27 #67 FAIL INSERT id=2691677 via doris-1: SQLException: errCode = 2, detailMessage = errCode = 3, detailMessage = tablet 1789045666396 alive replica num 1 < load requ
18:47:27 #67 OK SELECT(check) id=1 via doris-1
18:47:28 connected to doris-1 (driver-selected host)
18:47:28 #68 FAIL INSERT id=2691678 via doris-1: SQLException: errCode = 2, detailMessage = errCode = 3, detailMessage = tablet 1789045666396 alive replica num 1 < load requ
18:47:28 #68 OK SELECT(check) id=1 via doris-1
18:47:29 connected to doris-1 (driver-selected host)
18:47:29 #69 FAIL INSERT id=2691679 via doris-1: SQLException: errCode = 2, detailMessage = errCode = 3, detailMessage = tablet 1789045666396 alive replica num 1 < load requ
18:47:29 #69 OK SELECT(check) id=1 via doris-1
18:47:30 connected to doris-1 (driver-selected host)
18:47:30 #70 FAIL INSERT id=2691680 via doris-1: SQLException: errCode = 2, detailMessage = errCode = 3, detailMessage = tablet 1789045666396 alive replica num 1 < load requ
18:47:30 #70 OK SELECT(check) id=1 via doris-1
18:47:31 connected to doris-1 (driver-selected host)
18:47:31 #71 FAIL INSERT id=2691681 via doris-1: SQLException: errCode = 2, detailMessage = errCode = 3, detailMessage = tablet 1789045666396 alive replica num 1 < load requ
18:47:31 #71 OK SELECT(check) id=1 via doris-1
18:47:32 connected to doris-1 (driver-selected host)
18:47:32 #72 FAIL INSERT id=2691682 via doris-1: SQLException: errCode = 2, detailMessage = errCode = 3, detailMessage = tablet 1789045666396 alive replica num 1 < load requ
18:47:32 #72 OK SELECT(check) id=1 via doris-1
18:47:33 connected to doris-1 (driver-selected host)
18:47:33 #73 FAIL INSERT id=2691683 via doris-1: SQLException: errCode = 2, detailMessage = errCode = 3, detailMessage = tablet 1789045666396 alive replica num 1 < load requ
18:47:33 #73 OK SELECT(check) id=1 via doris-1
18:47:33 EVENT break: fe dead on doris-1 (FE follower)
18:47:34 connected to doris-1 (driver-selected host)
18:47:34 #74 FAIL INSERT id=2691684 via doris-1: SQLException: errCode = 2, detailMessage = errCode = 3, detailMessage = tablet 1789045666396 alive replica num 1 < load requ
18:47:34 #74 OK SELECT(check) id=1 via doris-1
18:47:35 connected to doris-1 (driver-selected host)
18:47:35 #75 FAIL INSERT id=2691685 via doris-1: SQLException: errCode = 2, detailMessage = errCode = 3, detailMessage = tablet 1789045666396 alive replica num 1 < load requ
18:47:35 #75 OK SELECT(check) id=1 via doris-1
18:47:39 connected to doris-3 (driver-selected host)
18:47:50 #76 FAIL INSERT id=2691686 via doris-3: CommunicationsException: Communications link failure  The last packet successfully received from the server was 8,010 milliseconds ago.
18:48:04 #76 FAIL SELECT(check) id=1 via doris-3: CommunicationsException: Communications link failure  The last packet successfully received from the server was 8,0
18:48:08 connected to doris-3 (driver-selected host)
18:48:19 #77 FAIL INSERT id=2691687 via doris-3: CommunicationsException: Communications link failure  The last packet successfully received from the server was 8,009 milliseconds ago.
18:49:18 EVENT restore: systemctl start doris-fe on doris-1
18:49:22 EVENT restore: start doris-2
18:49:49 #77 FAIL SELECT(check) id=1 via doris-3: SQLException: errCode = 2, detailMessage = No backend available as scan node, please check the status of
18:49:50 #78 FAIL INSERT id=2691688 via doris-3: SQLException: errCode = 2, detailMessage = No backend available as scan node, please check the status of your backends.[1789
18:49:50 #78 FAIL SELECT(check) id=1 via -: SQLException: errCode = 2, detailMessage = No backend available as scan node, please check the status of
18:49:53 #79 FAIL INSERT id=2691689 via doris-3: SQLException: errCode = 2, detailMessage = No backend available as scan node, please check the status of your backends.[1789
18:49:53 #79 FAIL SELECT(check) id=1 via -: SQLException: errCode = 2, detailMessage = No backend available as scan node, please check the status of
18:49:54 #80 FAIL INSERT id=2691690 via doris-3: SQLException: errCode = 2, detailMessage = No backend available as scan node, please check the status of your backends.[1789
18:49:54 #80 FAIL SELECT(check) id=1 via -: SQLException: errCode = 2, detailMessage = No backend available as scan node, please check the status of
18:49:55 connected to doris-1 (driver-selected host)
18:49:56 #81 OK INSERT id=2691691 via doris-1 rows=10238 [doris-1:f:up doris-2:f:DOWN doris-3:M:up] (recovered)
18:49:57 #82 OK UPSERT id=2691691 via doris-1 rows=10238 [doris-1:f:up doris-2:f:DOWN doris-3:M:up]
18:49:58 #83 OK SELECT id=2691691 via doris-1 rows=10238 [doris-1:f:up doris-2:f:DOWN doris-3:M:up]
18:49:59 #84 OK DELETE id=2691691 via doris-1 rows=10236 [doris-1:f:up doris-2:f:DOWN doris-3:M:up]
18:50:00 #85 OK SELECT id=2691691 via doris-1 rows=10236 [doris-1:f:up doris-2:f:DOWN doris-3:M:up]
18:50:02 #86 OK INSERT id=2691692 via doris-1 rows=10238 [doris-1:f:up doris-2:f:DOWN doris-3:M:up]
18:50:03 #87 OK UPSERT id=2691692 via doris-1 rows=10238 [doris-1:f:up doris-2:f:DOWN doris-3:M:up]
18:50:04 #88 OK SELECT id=2691692 via doris-1 rows=10238 [doris-1:f:up doris-2:f:DOWN doris-3:M:up]
18:50:05 #89 OK DELETE id=2691692 via doris-1 rows=10237 [doris-1:f:up doris-2:f:DOWN doris-3:M:up]
18:50:06 #90 OK SELECT id=2691692 via doris-1 rows=10236 [doris-1:f:up doris-2:f:up doris-3:M:up]
18:50:18 #91 FAIL INSERT id=2691693 via doris-1: CommunicationsException: Communications link failure  The last packet successfully received from the server was 9,009 milliseconds ago.
18:50:18 #91 OK SELECT(check) id=1 via doris-1
18:50:19 connected to doris-1 (driver-selected host)
18:50:25 #92 OK INSERT id=2691694 via doris-1 rows=10240 [doris-1:f:up doris-2:f:up doris-3:M:up] (recovered)
18:50:27 #93 OK UPSERT id=2691694 via doris-1 rows=10241 [doris-1:f:up doris-2:f:up doris-3:M:up]
18:50:28 #94 OK SELECT id=2691694 via doris-1 rows=10241 [doris-1:f:up doris-2:f:up doris-3:M:up]
18:50:29 #95 OK DELETE id=2691694 via doris-1 rows=10239 [doris-1:f:up doris-2:f:up doris-3:M:up]
18:50:30 #96 OK SELECT id=2691694 via doris-1 rows=10239 [doris-1:f:up doris-2:f:up doris-3:M:up]
18:50:31 #97 OK INSERT id=2691695 via doris-1 rows=10240 [doris-1:f:up doris-2:f:up doris-3:M:up]
18:50:31 EVENT restore: cluster healthy
18:50:32 #98 OK UPSERT id=2691695 via doris-1 rows=10241 [doris-1:f:up doris-2:f:up doris-3:M:up]
18:50:33 #99 OK SELECT id=2691695 via doris-1 rows=10241 [doris-1:f:up doris-2:f:up doris-3:M:up]
18:50:34 #100 OK DELETE id=2691695 via doris-1 rows=10240 [doris-1:f:up doris-2:f:up doris-3:M:up]
18:50:35 #101 OK SELECT id=2691695 via doris-1 rows=10239 [doris-1:f:up doris-2:f:up doris-3:M:up]
18:50:36 #102 OK INSERT id=2691696 via doris-1 rows=10240 [doris-1:f:up doris-2:f:up doris-3:M:up]
18:50:38 #103 OK UPSERT id=2691696 via doris-1 rows=10241 [doris-1:f:up doris-2:f:up doris-3:M:up]
18:50:39 #104 OK SELECT id=2691696 via doris-1 rows=10241 [doris-1:f:up doris-2:f:up doris-3:M:up]
18:50:40 #105 OK DELETE id=2691696 via doris-1 rows=10240 [doris-1:f:up doris-2:f:up doris-3:M:up]
18:50:41 #106 OK SELECT id=2691696 via doris-1 rows=10239 [doris-1:f:up doris-2:f:up doris-3:M:up]
18:50:42 #107 OK INSERT id=2691697 via doris-1 rows=10240 [doris-1:f:up doris-2:f:up doris-3:M:up]
18:50:43 #108 OK UPSERT id=2691697 via doris-1 rows=10241 [doris-1:f:up doris-2:f:up doris-3:M:up]
18:50:44 #109 OK SELECT id=2691697 via doris-1 rows=10241 [doris-1:f:up doris-2:f:up doris-3:M:up]
18:50:45 #110 OK DELETE id=2691697 via doris-1 rows=10239 [doris-1:f:up doris-2:f:up doris-3:M:up]
18:50:46 #111 OK SELECT id=2691697 via doris-1 rows=10239 [doris-1:f:up doris-2:f:up doris-3:M:up]
18:50:47 #112 OK INSERT id=2691698 via doris-1 rows=10240 [doris-1:f:up doris-2:f:up doris-3:M:up]
18:50:49 #113 OK UPSERT id=2691698 via doris-1 rows=10241 [doris-1:f:up doris-2:f:up doris-3:M:up]
18:50:50 #114 OK SELECT id=2691698 via doris-1 rows=10241 [doris-1:f:up doris-2:f:up doris-3:M:up]
18:50:51 #115 OK DELETE id=2691698 via doris-1 rows=10240 [doris-1:f:up doris-2:f:up doris-3:M:up]
18:50:52 #116 OK SELECT id=2691698 via doris-1 rows=10239 [doris-1:f:up doris-2:f:up doris-3:M:up]
18:50:53 #117 OK INSERT id=2691699 via doris-1 rows=10240 [doris-1:f:up doris-2:f:up doris-3:M:up]
18:50:54 #118 OK UPSERT id=2691699 via doris-1 rows=10241 [doris-1:f:up doris-2:f:up doris-3:M:up]
18:50:55 #119 OK SELECT id=2691699 via doris-1 rows=10241 [doris-1:f:up doris-2:f:up doris-3:M:up]
18:50:56 #120 OK DELETE id=2691699 via doris-1 rows=10240 [doris-1:f:up doris-2:f:up doris-3:M:up]
18:50:57 #121 OK SELECT id=2691699 via doris-1 rows=10239 [doris-1:f:up doris-2:f:up doris-3:M:up]
18:50:58 #122 OK INSERT id=2691700 via doris-1 rows=10240 [doris-1:f:up doris-2:f:up doris-3:M:up]
18:50:59 #123 OK UPSERT id=2691700 via doris-1 rows=10241 [doris-1:f:up doris-2:f:up doris-3:M:up]
18:51:00 #124 OK SELECT id=2691700 via doris-1 rows=10241 [doris-1:f:up doris-2:f:up doris-3:M:up]
18:51:01 #125 OK DELETE id=2691700 via doris-1 rows=10240 [doris-1:f:up doris-2:f:up doris-3:M:up]
18:51:03 #126 OK SELECT id=2691700 via doris-1 rows=10239 [doris-1:f:up doris-2:f:up doris-3:M:up]
