03:14:59 PROBE start proto=mysql hosts=doris-2,doris-1,doris-3 duration=86400s cycle=INSERT>UPSERT>SELECT>DELETE>SELECT
03:14:59 connected to doris-2 (10.140.0.3)
03:14:59 #1 OK INSERT id=1676990 via doris-2 rows=10065 [doris-1:f:up doris-2:M:up doris-3:f:up]
03:15:00 #2 OK UPSERT id=1676990 via doris-2 rows=10067 [doris-1:f:up doris-2:M:up doris-3:f:up]
03:15:01 #3 OK SELECT id=1676990 via doris-2 rows=10067 [doris-1:f:up doris-2:M:up doris-3:f:up]
03:15:03 #4 OK DELETE id=1676990 via doris-2 rows=10066 [doris-1:f:up doris-2:M:up doris-3:f:up]
03:15:04 #5 OK SELECT id=1676990 via doris-2 rows=10065 [doris-1:f:up doris-2:M:up doris-3:f:up]
03:15:05 #6 OK INSERT id=1676991 via doris-2 rows=10065 [doris-1:f:up doris-2:M:up doris-3:f:up]
03:15:06 #7 OK UPSERT id=1676991 via doris-2 rows=10066 [doris-1:f:up doris-2:M:up doris-3:f:up]
03:15:07 #8 OK SELECT id=1676991 via doris-2 rows=10067 [doris-1:f:up doris-2:M:up doris-3:f:up]
03:15:08 #9 OK DELETE id=1676991 via doris-2 rows=10066 [doris-1:f:up doris-2:M:up doris-3:f:up]
03:15:09 #10 OK SELECT id=1676991 via doris-2 rows=10065 [doris-1:f:up doris-2:M:up doris-3:f:up]
03:15:10 #11 OK INSERT id=1676992 via doris-2 rows=10065 [doris-1:f:up doris-2:M:up doris-3:f:up]
03:15:11 #12 OK UPSERT id=1676992 via doris-2 rows=10066 [doris-1:f:up doris-2:M:up doris-3:f:up]
03:15:12 #13 OK SELECT id=1676992 via doris-2 rows=10067 [doris-1:f:up doris-2:M:up doris-3:f:up]
03:15:14 #14 OK DELETE id=1676992 via doris-2 rows=10066 [doris-1:f:up doris-2:M:up doris-3:f:up]
03:15:15 #15 OK SELECT id=1676992 via doris-2 rows=10065 [doris-1:f:up doris-2:M:up doris-3:f:up]
03:15:16 #16 OK INSERT id=1676993 via doris-2 rows=10065 [doris-1:f:up doris-2:M:up doris-3:f:up]
03:15:17 #17 OK UPSERT id=1676993 via doris-2 rows=10066 [doris-1:f:up doris-2:M:up doris-3:f:up]
03:15:18 #18 OK SELECT id=1676993 via doris-2 rows=10067 [doris-1:f:up doris-2:M:up doris-3:f:up]
03:15:19 #19 OK DELETE id=1676993 via doris-2 rows=10066 [doris-1:f:up doris-2:M:up doris-3:f:up]
03:15:20 #20 OK SELECT id=1676993 via doris-2 rows=10065 [doris-1:f:up doris-2:M:up doris-3:f:up]
03:15:21 #21 OK INSERT id=1676994 via doris-2 rows=10065 [doris-1:f:up doris-2:M:up doris-3:f:up]
03:15:22 #22 OK UPSERT id=1676994 via doris-2 rows=10066 [doris-1:f:up doris-2:M:up doris-3:f:up]
03:15:23 #23 OK SELECT id=1676994 via doris-2 rows=10067 [doris-1:f:up doris-2:M:up doris-3:f:up]
03:15:24 #24 OK DELETE id=1676994 via doris-2 rows=10066 [doris-1:f:up doris-2:M:up doris-3:f:up]
03:15:25 #25 OK SELECT id=1676994 via doris-2 rows=10065 [doris-1:f:up doris-2:M:up doris-3:f:up]
03:15:26 #26 OK INSERT id=1676995 via doris-2 rows=10065 [doris-1:f:up doris-2:M:up doris-3:f:up]
03:15:28 #27 OK UPSERT id=1676995 via doris-2 rows=10066 [doris-1:f:up doris-2:M:up doris-3:f:up]
03:15:29 #28 OK SELECT id=1676995 via doris-2 rows=10067 [doris-1:f:up doris-2:M:up doris-3:f:up]
03:15:30 #29 OK DELETE id=1676995 via doris-2 rows=10066 [doris-1:f:up doris-2:M:up doris-3:f:up]
03:15:31 #30 OK SELECT id=1676995 via doris-2 rows=10065 [doris-1:f:up doris-2:M:up doris-3:f:up]
03:15:32 #31 OK INSERT id=1676996 via doris-2 rows=10065 [doris-1:f:up doris-2:M:up doris-3:f:up]
03:15:33 EVENT break: vm stop on doris-2 (FE master)
03:15:33 #32 OK UPSERT id=1676996 via doris-2 rows=10066 [doris-1:f:up doris-2:M:up doris-3:f:up]
03:15:34 #33 OK SELECT id=1676996 via doris-2 rows=10067 [doris-1:f:up doris-2:M:up doris-3:f:up]
03:15:35 #34 OK DELETE id=1676996 via doris-2 rows=10066 [doris-1:f:up doris-2:M:up doris-3:f:up]
03:15:36 #35 OK SELECT id=1676996 via doris-2 rows=10065 [doris-1:f:up doris-2:M:up doris-3:f:up]
03:15:37 #36 FAIL INSERT id=1676997 via doris-2: OperationalError: (2013, 'Lost connection to MySQL server during query')
03:15:37 #36 OK SELECT(check) id=1 via doris-1
03:15:38 connected to doris-1 (10.140.0.2)
03:15:41 #37 OK INSERT id=1676998 via doris-1 rows=10067 [doris-1:f:up doris-2:f:DOWN doris-3:M:up] (recovered)
03:15:43 #38 OK UPSERT id=1676998 via doris-1 rows=10067 [doris-1:f:up doris-2:f:DOWN doris-3:M:up]
03:15:44 #39 OK SELECT id=1676998 via doris-1 rows=10067 [doris-1:f:up doris-2:f:DOWN doris-3:M:up]
03:15:45 #40 OK DELETE id=1676998 via doris-1 rows=10065 [doris-1:f:up doris-2:f:DOWN doris-3:M:up]
03:15:46 #41 OK SELECT id=1676998 via doris-1 rows=10065 [doris-1:f:up doris-2:f:DOWN doris-3:M:up]
03:15:47 #42 OK INSERT id=1676999 via doris-1 rows=10066 [doris-1:f:up doris-2:f:DOWN doris-3:M:up]
03:15:48 #43 OK UPSERT id=1676999 via doris-1 rows=10067 [doris-1:f:up doris-2:f:DOWN doris-3:M:up]
03:15:49 #44 OK SELECT id=1676999 via doris-1 rows=10067 [doris-1:f:up doris-2:f:DOWN doris-3:M:up]
03:15:50 #45 OK DELETE id=1676999 via doris-1 rows=10065 [doris-1:f:up doris-2:f:DOWN doris-3:M:up]
03:15:51 #46 OK SELECT id=1676999 via doris-1 rows=10065 [doris-1:f:up doris-2:f:DOWN doris-3:M:up]
03:15:52 #47 OK INSERT id=1677000 via doris-1 rows=10067 [doris-1:f:up doris-2:f:DOWN doris-3:M:up]
03:15:54 #48 OK UPSERT id=1677000 via doris-1 rows=10067 [doris-1:f:up doris-2:f:DOWN doris-3:M:up]
03:15:55 #49 OK SELECT id=1677000 via doris-1 rows=10067 [doris-1:f:up doris-2:f:DOWN doris-3:M:up]
03:15:56 #50 OK DELETE id=1677000 via doris-1 rows=10065 [doris-1:f:up doris-2:f:DOWN doris-3:M:up]
03:15:57 #51 OK SELECT id=1677000 via doris-1 rows=10065 [doris-1:f:up doris-2:f:DOWN doris-3:M:up]
03:15:58 #52 OK INSERT id=1677001 via doris-1 rows=10066 [doris-1:f:up doris-2:f:DOWN doris-3:M:up]
03:15:59 #53 OK UPSERT id=1677001 via doris-1 rows=10067 [doris-1:f:up doris-2:f:DOWN doris-3:M:up]
03:16:00 #54 OK SELECT id=1677001 via doris-1 rows=10067 [doris-1:f:up doris-2:f:DOWN doris-3:M:up]
03:16:01 #55 OK DELETE id=1677001 via doris-1 rows=10066 [doris-1:f:up doris-2:f:DOWN doris-3:M:up]
03:16:02 #56 OK SELECT id=1677001 via doris-1 rows=10066 [doris-1:f:up doris-2:f:DOWN doris-3:M:up]
03:16:03 #57 OK INSERT id=1677002 via doris-1 rows=10067 [doris-1:f:up doris-2:f:DOWN doris-3:M:up]
03:16:04 #58 OK UPSERT id=1677002 via doris-1 rows=10066 [doris-1:f:up doris-2:f:DOWN doris-3:M:up]
03:16:05 #59 OK SELECT id=1677002 via doris-1 rows=10066 [doris-1:f:up doris-2:f:DOWN doris-3:M:up]
03:16:06 EVENT break: doris-2 is down
03:16:07 #60 OK DELETE id=1677002 via doris-1 rows=10066 [doris-1:f:up doris-2:f:DOWN doris-3:M:up]
03:16:08 #61 OK SELECT id=1677002 via doris-1 rows=10066 [doris-1:f:up doris-2:f:DOWN doris-3:M:up]
03:16:09 #62 OK INSERT id=1677003 via doris-1 rows=10067 [doris-1:f:up doris-2:f:DOWN doris-3:M:up]
03:16:10 #63 OK UPSERT id=1677003 via doris-1 rows=10066 [doris-1:f:up doris-2:f:DOWN doris-3:M:up]
03:16:11 #64 OK SELECT id=1677003 via doris-1 rows=10066 [doris-1:f:up doris-2:f:DOWN doris-3:M:up]
03:16:12 #65 OK DELETE id=1677003 via doris-1 rows=10066 [doris-1:f:up doris-2:f:DOWN doris-3:M:up]
03:16:13 #66 OK SELECT id=1677003 via doris-1 rows=10066 [doris-1:f:up doris-2:f:DOWN doris-3:M:up]
03:16:14 #67 OK INSERT id=1677004 via doris-1 rows=10067 [doris-1:f:up doris-2:f:DOWN doris-3:M:up]
03:16:15 #68 OK UPSERT id=1677004 via doris-1 rows=10066 [doris-1:f:up doris-2:f:DOWN doris-3:M:up]
03:16:16 #69 OK SELECT id=1677004 via doris-1 rows=10066 [doris-1:f:up doris-2:f:DOWN doris-3:M:up]
03:16:17 #70 OK DELETE id=1677004 via doris-1 rows=10066 [doris-1:f:up doris-2:f:DOWN doris-3:M:up]
03:16:18 #71 OK SELECT id=1677004 via doris-1 rows=10066 [doris-1:f:up doris-2:f:DOWN doris-3:M:up]
03:16:19 #72 OK INSERT id=1677005 via doris-1 rows=10067 [doris-1:f:up doris-2:f:DOWN doris-3:M:up]
03:16:21 #73 OK UPSERT id=1677005 via doris-1 rows=10067 [doris-1:f:up doris-2:f:DOWN doris-3:M:up]
03:16:22 #74 OK SELECT id=1677005 via doris-1 rows=10067 [doris-1:f:up doris-2:f:DOWN doris-3:M:up]
03:16:23 #75 OK DELETE id=1677005 via doris-1 rows=10066 [doris-1:f:up doris-2:f:DOWN doris-3:M:up]
03:16:24 #76 OK SELECT id=1677005 via doris-1 rows=10065 [doris-1:f:up doris-2:f:DOWN doris-3:M:up]
03:16:25 #77 OK INSERT id=1677006 via doris-1 rows=10066 [doris-1:f:up doris-2:f:DOWN doris-3:M:up]
03:16:26 #78 OK UPSERT id=1677006 via doris-1 rows=10067 [doris-1:f:up doris-2:f:DOWN doris-3:M:up]
03:16:27 #79 OK SELECT id=1677006 via doris-1 rows=10067 [doris-1:f:up doris-2:f:DOWN doris-3:M:up]
03:16:28 #80 OK DELETE id=1677006 via doris-1 rows=10066 [doris-1:f:up doris-2:f:DOWN doris-3:M:up]
03:16:29 #81 OK SELECT id=1677006 via doris-1 rows=10065 [doris-1:f:up doris-2:f:DOWN doris-3:M:up]
03:16:30 #82 OK INSERT id=1677007 via doris-1 rows=10066 [doris-1:f:up doris-2:f:DOWN doris-3:M:up]
03:16:31 #83 OK UPSERT id=1677007 via doris-1 rows=10067 [doris-1:f:up doris-2:f:DOWN doris-3:M:up]
03:16:32 #84 OK SELECT id=1677007 via doris-1 rows=10067 [doris-1:f:up doris-2:f:DOWN doris-3:M:up]
03:16:33 #85 OK DELETE id=1677007 via doris-1 rows=10066 [doris-1:f:up doris-2:f:DOWN doris-3:M:up]
03:16:34 #86 OK SELECT id=1677007 via doris-1 rows=10065 [doris-1:f:up doris-2:f:DOWN doris-3:M:up]
03:16:36 #87 OK INSERT id=1677008 via doris-1 rows=10066 [doris-1:f:up doris-2:f:DOWN doris-3:M:up]
03:16:37 #88 OK UPSERT id=1677008 via doris-1 rows=10067 [doris-1:f:up doris-2:f:DOWN doris-3:M:up]
03:16:38 #89 OK SELECT id=1677008 via doris-1 rows=10067 [doris-1:f:up doris-2:f:DOWN doris-3:M:up]
03:16:39 #90 OK DELETE id=1677008 via doris-1 rows=10066 [doris-1:f:up doris-2:f:DOWN doris-3:M:up]
03:16:40 #91 OK SELECT id=1677008 via doris-1 rows=10065 [doris-1:f:up doris-2:f:DOWN doris-3:M:up]
03:16:41 #92 OK INSERT id=1677009 via doris-1 rows=10066 [doris-1:f:up doris-2:f:DOWN doris-3:M:up]
03:16:42 #93 OK UPSERT id=1677009 via doris-1 rows=10066 [doris-1:f:up doris-2:f:DOWN doris-3:M:up]
03:16:43 #94 OK SELECT id=1677009 via doris-1 rows=10066 [doris-1:f:up doris-2:f:DOWN doris-3:M:up]
03:16:44 #95 OK DELETE id=1677009 via doris-1 rows=10065 [doris-1:f:up doris-2:f:DOWN doris-3:M:up]
03:16:45 #96 OK SELECT id=1677009 via doris-1 rows=10066 [doris-1:f:up doris-2:f:DOWN doris-3:M:up]
03:16:46 #97 OK INSERT id=1677010 via doris-1 rows=10067 [doris-1:f:up doris-2:f:DOWN doris-3:M:up]
03:16:47 #98 OK UPSERT id=1677010 via doris-1 rows=10067 [doris-1:f:up doris-2:f:DOWN doris-3:M:up]
03:16:48 #99 OK SELECT id=1677010 via doris-1 rows=10066 [doris-1:f:up doris-2:f:DOWN doris-3:M:up]
03:16:49 #100 OK DELETE id=1677010 via doris-1 rows=10065 [doris-1:f:up doris-2:f:DOWN doris-3:M:up]
03:16:50 #101 OK SELECT id=1677010 via doris-1 rows=10066 [doris-1:f:up doris-2:f:DOWN doris-3:M:up]
03:16:52 #102 OK INSERT id=1677011 via doris-1 rows=10067 [doris-1:f:up doris-2:f:DOWN doris-3:M:up]
03:16:53 #103 OK UPSERT id=1677011 via doris-1 rows=10067 [doris-1:f:up doris-2:f:DOWN doris-3:M:up]
03:16:54 #104 OK SELECT id=1677011 via doris-1 rows=10066 [doris-1:f:up doris-2:f:DOWN doris-3:M:up]
03:16:55 #105 OK DELETE id=1677011 via doris-1 rows=10065 [doris-1:f:up doris-2:f:DOWN doris-3:M:up]
03:16:56 #106 OK SELECT id=1677011 via doris-1 rows=10066 [doris-1:f:up doris-2:f:DOWN doris-3:M:up]
03:16:57 #107 OK INSERT id=1677012 via doris-1 rows=10067 [doris-1:f:up doris-2:f:DOWN doris-3:M:up]
03:16:58 #108 OK UPSERT id=1677012 via doris-1 rows=10067 [doris-1:f:up doris-2:f:DOWN doris-3:M:up]
03:16:59 #109 OK SELECT id=1677012 via doris-1 rows=10066 [doris-1:f:up doris-2:f:DOWN doris-3:M:up]
03:17:00 #110 OK DELETE id=1677012 via doris-1 rows=10065 [doris-1:f:up doris-2:f:DOWN doris-3:M:up]
03:17:01 #111 OK SELECT id=1677012 via doris-1 rows=10066 [doris-1:f:up doris-2:f:DOWN doris-3:M:up]
03:17:02 #112 OK INSERT id=1677013 via doris-1 rows=10067 [doris-1:f:up doris-2:f:DOWN doris-3:M:up]
03:17:03 #113 OK UPSERT id=1677013 via doris-1 rows=10067 [doris-1:f:up doris-2:f:DOWN doris-3:M:up]
03:17:04 #114 OK SELECT id=1677013 via doris-1 rows=10067 [doris-1:f:up doris-2:f:DOWN doris-3:M:up]
03:17:05 #115 OK DELETE id=1677013 via doris-1 rows=10066 [doris-1:f:up doris-2:f:DOWN doris-3:M:up]
03:17:07 #116 OK SELECT id=1677013 via doris-1 rows=10066 [doris-1:f:up doris-2:f:DOWN doris-3:M:up]
03:17:08 #117 OK INSERT id=1677014 via doris-1 rows=10066 [doris-1:f:up doris-2:f:DOWN doris-3:M:up]
03:17:09 #118 OK UPSERT id=1677014 via doris-1 rows=10066 [doris-1:f:up doris-2:f:DOWN doris-3:M:up]
03:17:10 #119 OK SELECT id=1677014 via doris-1 rows=10067 [doris-1:f:up doris-2:f:DOWN doris-3:M:up]
03:17:11 #120 OK DELETE id=1677014 via doris-1 rows=10066 [doris-1:f:up doris-2:f:DOWN doris-3:M:up]
03:17:12 #121 OK SELECT id=1677014 via doris-1 rows=10066 [doris-1:f:up doris-2:f:DOWN doris-3:M:up]
03:17:13 #122 OK INSERT id=1677015 via doris-1 rows=10066 [doris-1:f:up doris-2:f:DOWN doris-3:M:up]
03:17:14 #123 OK UPSERT id=1677015 via doris-1 rows=10066 [doris-1:f:up doris-2:f:DOWN doris-3:M:up]
03:17:15 #124 OK SELECT id=1677015 via doris-1 rows=10067 [doris-1:f:up doris-2:f:DOWN doris-3:M:up]
03:17:16 #125 OK DELETE id=1677015 via doris-1 rows=10066 [doris-1:f:up doris-2:f:DOWN doris-3:M:up]
03:17:17 #126 OK SELECT id=1677015 via doris-1 rows=10066 [doris-1:f:up doris-2:f:DOWN doris-3:M:up]
03:17:18 #127 OK INSERT id=1677016 via doris-1 rows=10066 [doris-1:f:up doris-2:f:DOWN doris-3:M:up]
03:17:19 #128 OK UPSERT id=1677016 via doris-1 rows=10066 [doris-1:f:up doris-2:f:DOWN doris-3:M:up]
03:17:20 #129 OK SELECT id=1677016 via doris-1 rows=10067 [doris-1:f:up doris-2:f:DOWN doris-3:M:up]
03:17:22 #130 OK DELETE id=1677016 via doris-1 rows=10066 [doris-1:f:up doris-2:f:DOWN doris-3:M:up]
03:17:23 #131 OK SELECT id=1677016 via doris-1 rows=10066 [doris-1:f:up doris-2:f:DOWN doris-3:M:up]
03:17:24 #132 OK INSERT id=1677017 via doris-1 rows=10067 [doris-1:f:up doris-2:f:DOWN doris-3:M:up]
03:17:25 #133 OK UPSERT id=1677017 via doris-1 rows=10067 [doris-1:f:up doris-2:f:DOWN doris-3:M:up]
03:17:26 #134 OK SELECT id=1677017 via doris-1 rows=10067 [doris-1:f:up doris-2:f:DOWN doris-3:M:up]
03:17:27 #135 OK DELETE id=1677017 via doris-1 rows=10065 [doris-1:f:up doris-2:f:DOWN doris-3:M:up]
03:17:28 #136 OK SELECT id=1677017 via doris-1 rows=10065 [doris-1:f:up doris-2:f:DOWN doris-3:M:up]
03:17:29 #137 OK INSERT id=1677018 via doris-1 rows=10067 [doris-1:f:up doris-2:f:DOWN doris-3:M:up]
03:17:30 #138 OK UPSERT id=1677018 via doris-1 rows=10067 [doris-1:f:up doris-2:f:DOWN doris-3:M:up]
03:17:31 #139 OK SELECT id=1677018 via doris-1 rows=10067 [doris-1:f:up doris-2:f:DOWN doris-3:M:up]
03:17:32 #140 OK DELETE id=1677018 via doris-1 rows=10065 [doris-1:f:up doris-2:f:DOWN doris-3:M:up]
03:17:33 #141 OK SELECT id=1677018 via doris-1 rows=10065 [doris-1:f:up doris-2:f:DOWN doris-3:M:up]
03:17:34 #142 OK INSERT id=1677019 via doris-1 rows=10067 [doris-1:f:up doris-2:f:DOWN doris-3:M:up]
03:17:35 #143 OK UPSERT id=1677019 via doris-1 rows=10067 [doris-1:f:up doris-2:f:DOWN doris-3:M:up]
03:17:36 #144 OK SELECT id=1677019 via doris-1 rows=10067 [doris-1:f:up doris-2:f:DOWN doris-3:M:up]
03:17:38 #145 OK DELETE id=1677019 via doris-1 rows=10065 [doris-1:f:up doris-2:f:DOWN doris-3:M:up]
03:17:39 #146 OK SELECT id=1677019 via doris-1 rows=10065 [doris-1:f:up doris-2:f:DOWN doris-3:M:up]
03:17:40 #147 OK INSERT id=1677020 via doris-1 rows=10067 [doris-1:f:up doris-2:f:DOWN doris-3:M:up]
03:17:41 #148 OK UPSERT id=1677020 via doris-1 rows=10067 [doris-1:f:up doris-2:f:DOWN doris-3:M:up]
03:17:42 #149 OK SELECT id=1677020 via doris-1 rows=10067 [doris-1:f:up doris-2:f:DOWN doris-3:M:up]
03:17:43 #150 OK DELETE id=1677020 via doris-1 rows=10065 [doris-1:f:up doris-2:f:DOWN doris-3:M:up]
03:17:43 EVENT restore: start doris-2
03:17:44 #151 OK SELECT id=1677020 via doris-1 rows=10065 [doris-1:f:up doris-2:f:DOWN doris-3:M:up]
03:17:45 #152 OK INSERT id=1677021 via doris-1 rows=10066 [doris-1:f:up doris-2:f:DOWN doris-3:M:up]
03:17:46 #153 OK UPSERT id=1677021 via doris-1 rows=10066 [doris-1:f:up doris-2:f:DOWN doris-3:M:up]
03:17:47 #154 OK SELECT id=1677021 via doris-1 rows=10067 [doris-1:f:up doris-2:f:DOWN doris-3:M:up]
03:17:48 #155 OK DELETE id=1677021 via doris-1 rows=10066 [doris-1:f:up doris-2:f:DOWN doris-3:M:up]
03:17:49 #156 OK SELECT id=1677021 via doris-1 rows=10066 [doris-1:f:up doris-2:f:DOWN doris-3:M:up]
03:17:50 #157 OK INSERT id=1677022 via doris-1 rows=10066 [doris-1:f:up doris-2:f:DOWN doris-3:M:up]
03:17:51 #158 OK UPSERT id=1677022 via doris-1 rows=10066 [doris-1:f:up doris-2:f:DOWN doris-3:M:up]
03:17:52 #159 OK SELECT id=1677022 via doris-1 rows=10067 [doris-1:f:up doris-2:f:DOWN doris-3:M:up]
03:17:54 #160 OK DELETE id=1677022 via doris-1 rows=10066 [doris-1:f:up doris-2:f:DOWN doris-3:M:up]
03:17:55 #161 OK SELECT id=1677022 via doris-1 rows=10066 [doris-1:f:up doris-2:f:DOWN doris-3:M:up]
03:17:56 #162 OK INSERT id=1677023 via doris-1 rows=10066 [doris-1:f:up doris-2:f:DOWN doris-3:M:up]
03:17:57 #163 OK UPSERT id=1677023 via doris-1 rows=10066 [doris-1:f:up doris-2:f:DOWN doris-3:M:up]
03:17:58 #164 OK SELECT id=1677023 via doris-1 rows=10067 [doris-1:f:up doris-2:f:DOWN doris-3:M:up]
03:17:59 #165 OK DELETE id=1677023 via doris-1 rows=10066 [doris-1:f:up doris-2:f:DOWN doris-3:M:up]
03:18:00 #166 OK SELECT id=1677023 via doris-1 rows=10066 [doris-1:f:up doris-2:f:DOWN doris-3:M:up]
03:18:01 #167 OK INSERT id=1677024 via doris-1 rows=10066 [doris-1:f:up doris-2:f:DOWN doris-3:M:up]
03:18:02 #168 OK UPSERT id=1677024 via doris-1 rows=10066 [doris-1:f:up doris-2:f:DOWN doris-3:M:up]
03:18:03 #169 OK SELECT id=1677024 via doris-1 rows=10067 [doris-1:f:up doris-2:f:DOWN doris-3:M:up]
03:18:04 #170 OK DELETE id=1677024 via doris-1 rows=10066 [doris-1:f:up doris-2:f:DOWN doris-3:M:up]
03:18:05 #171 OK SELECT id=1677024 via doris-1 rows=10066 [doris-1:f:up doris-2:f:DOWN doris-3:M:up]
03:18:06 #172 OK INSERT id=1677025 via doris-1 rows=10067 [doris-1:f:up doris-2:f:DOWN doris-3:M:up]
03:18:07 #173 OK UPSERT id=1677025 via doris-1 rows=10067 [doris-1:f:up doris-2:f:DOWN doris-3:M:up]
03:18:08 #174 OK SELECT id=1677025 via doris-1 rows=10067 [doris-1:f:up doris-2:f:DOWN doris-3:M:up]
03:18:09 #175 OK DELETE id=1677025 via doris-1 rows=10065 [doris-1:f:up doris-2:f:DOWN doris-3:M:up]
03:18:11 #176 OK SELECT id=1677025 via doris-1 rows=10065 [doris-1:f:up doris-2:f:DOWN doris-3:M:up]
03:18:12 #177 OK INSERT id=1677026 via doris-1 rows=10067 [doris-1:f:up doris-2:f:DOWN doris-3:M:up]
03:18:13 #178 OK UPSERT id=1677026 via doris-1 rows=10067 [doris-1:f:up doris-2:f:DOWN doris-3:M:up]
03:18:14 #179 OK SELECT id=1677026 via doris-1 rows=10067 [doris-1:f:up doris-2:f:DOWN doris-3:M:up]
03:18:15 #180 OK DELETE id=1677026 via doris-1 rows=10065 [doris-1:f:up doris-2:f:DOWN doris-3:M:up]
03:18:16 #181 OK SELECT id=1677026 via doris-1 rows=10065 [doris-1:f:up doris-2:f:DOWN doris-3:M:up]
03:18:17 #182 OK INSERT id=1677027 via doris-1 rows=10067 [doris-1:f:up doris-2:f:DOWN doris-3:M:up]
03:18:18 #183 OK UPSERT id=1677027 via doris-1 rows=10067 [doris-1:f:up doris-2:f:DOWN doris-3:M:up]
03:18:19 #184 OK SELECT id=1677027 via doris-1 rows=10067 [doris-1:f:up doris-2:f:DOWN doris-3:M:up]
03:18:20 #185 OK DELETE id=1677027 via doris-1 rows=10065 [doris-1:f:up doris-2:f:DOWN doris-3:M:up]
03:18:21 #186 OK SELECT id=1677027 via doris-1 rows=10065 [doris-1:f:up doris-2:f:DOWN doris-3:M:up]
03:18:22 #187 OK INSERT id=1677028 via doris-1 rows=10067 [doris-1:f:up doris-2:f:DOWN doris-3:M:up]
03:18:23 #188 OK UPSERT id=1677028 via doris-1 rows=10067 [doris-1:f:up doris-2:f:DOWN doris-3:M:up]
03:18:24 #189 OK SELECT id=1677028 via doris-1 rows=10067 [doris-1:f:up doris-2:f:DOWN doris-3:M:up]
03:18:25 #190 OK DELETE id=1677028 via doris-1 rows=10065 [doris-1:f:up doris-2:f:DOWN doris-3:M:up]
03:18:26 #191 OK SELECT id=1677028 via doris-1 rows=10065 [doris-1:f:up doris-2:f:DOWN doris-3:M:up]
03:18:28 #192 OK INSERT id=1677029 via doris-1 rows=10067 [doris-1:f:up doris-2:f:up doris-3:M:up]
03:18:29 #193 OK UPSERT id=1677029 via doris-1 rows=10067 [doris-1:f:up doris-2:f:up doris-3:M:up]
03:18:30 #194 OK SELECT id=1677029 via doris-1 rows=10067 [doris-1:f:up doris-2:f:up doris-3:M:up]
03:18:31 #195 OK DELETE id=1677029 via doris-1 rows=10065 [doris-1:f:up doris-2:f:up doris-3:M:up]
03:18:32 #196 OK SELECT id=1677029 via doris-1 rows=10065 [doris-1:f:up doris-2:f:up doris-3:M:up]
03:18:33 #197 OK INSERT id=1677030 via doris-1 rows=10067 [doris-1:f:up doris-2:f:up doris-3:M:up]
03:18:34 #198 OK UPSERT id=1677030 via doris-1 rows=10067 [doris-1:f:up doris-2:f:up doris-3:M:up]
03:18:35 #199 OK SELECT id=1677030 via doris-1 rows=10067 [doris-1:f:up doris-2:f:up doris-3:M:up]
03:18:36 #200 OK DELETE id=1677030 via doris-1 rows=10065 [doris-1:f:up doris-2:f:up doris-3:M:up]
03:18:37 #201 OK SELECT id=1677030 via doris-1 rows=10065 [doris-1:f:up doris-2:f:up doris-3:M:up]
03:18:38 #202 OK INSERT id=1677031 via doris-1 rows=10067 [doris-1:f:up doris-2:f:up doris-3:M:up]
03:18:39 #203 OK UPSERT id=1677031 via doris-1 rows=10067 [doris-1:f:up doris-2:f:up doris-3:M:up]
03:18:40 #204 OK SELECT id=1677031 via doris-1 rows=10067 [doris-1:f:up doris-2:f:up doris-3:M:up]
03:18:42 #205 OK DELETE id=1677031 via doris-1 rows=10065 [doris-1:f:up doris-2:f:up doris-3:M:up]
03:18:43 #206 OK SELECT id=1677031 via doris-1 rows=10065 [doris-1:f:up doris-2:f:up doris-3:M:up]
03:18:44 EVENT restore: cluster healthy
03:18:44 #207 OK INSERT id=1677032 via doris-1 rows=10066 [doris-1:f:up doris-2:f:up doris-3:M:up]
03:18:45 #208 OK UPSERT id=1677032 via doris-1 rows=10066 [doris-1:f:up doris-2:f:up doris-3:M:up]
03:18:46 #209 OK SELECT id=1677032 via doris-1 rows=10066 [doris-1:f:up doris-2:f:up doris-3:M:up]
03:18:47 #210 OK DELETE id=1677032 via doris-1 rows=10066 [doris-1:f:up doris-2:f:up doris-3:M:up]
03:18:48 #211 OK SELECT id=1677032 via doris-1 rows=10066 [doris-1:f:up doris-2:f:up doris-3:M:up]
03:18:49 #212 OK INSERT id=1677033 via doris-1 rows=10067 [doris-1:f:up doris-2:f:up doris-3:M:up]
03:18:50 #213 OK UPSERT id=1677033 via doris-1 rows=10067 [doris-1:f:up doris-2:f:up doris-3:M:up]
03:18:51 #214 OK SELECT id=1677033 via doris-1 rows=10066 [doris-1:f:up doris-2:f:up doris-3:M:up]
03:18:52 #215 OK DELETE id=1677033 via doris-1 rows=10065 [doris-1:f:up doris-2:f:up doris-3:M:up]
03:18:53 #216 OK SELECT id=1677033 via doris-1 rows=10066 [doris-1:f:up doris-2:f:up doris-3:M:up]
03:18:54 #217 OK INSERT id=1677034 via doris-1 rows=10067 [doris-1:f:up doris-2:f:up doris-3:M:up]
03:18:55 #218 OK UPSERT id=1677034 via doris-1 rows=10067 [doris-1:f:up doris-2:f:up doris-3:M:up]
03:18:57 #219 OK SELECT id=1677034 via doris-1 rows=10066 [doris-1:f:up doris-2:f:up doris-3:M:up]
03:18:58 #220 OK DELETE id=1677034 via doris-1 rows=10065 [doris-1:f:up doris-2:f:up doris-3:M:up]
03:18:59 #221 OK SELECT id=1677034 via doris-1 rows=10066 [doris-1:f:up doris-2:f:up doris-3:M:up]
03:19:00 #222 OK INSERT id=1677035 via doris-1 rows=10067 [doris-1:f:up doris-2:f:up doris-3:M:up]
03:19:01 #223 OK UPSERT id=1677035 via doris-1 rows=10067 [doris-1:f:up doris-2:f:up doris-3:M:up]
03:19:02 #224 OK SELECT id=1677035 via doris-1 rows=10067 [doris-1:f:up doris-2:f:up doris-3:M:up]
03:19:03 #225 OK DELETE id=1677035 via doris-1 rows=10065 [doris-1:f:up doris-2:f:up doris-3:M:up]
03:19:04 #226 OK SELECT id=1677035 via doris-1 rows=10065 [doris-1:f:up doris-2:f:up doris-3:M:up]
03:19:05 #227 OK INSERT id=1677036 via doris-1 rows=10067 [doris-1:f:up doris-2:f:up doris-3:M:up]
03:19:06 #228 OK UPSERT id=1677036 via doris-1 rows=10067 [doris-1:f:up doris-2:f:up doris-3:M:up]
03:19:07 #229 OK SELECT id=1677036 via doris-1 rows=10067 [doris-1:f:up doris-2:f:up doris-3:M:up]
03:19:08 #230 OK DELETE id=1677036 via doris-1 rows=10065 [doris-1:f:up doris-2:f:up doris-3:M:up]
03:19:09 #231 OK SELECT id=1677036 via doris-1 rows=10065 [doris-1:f:up doris-2:f:up doris-3:M:up]
03:19:10 #232 OK INSERT id=1677037 via doris-1 rows=10067 [doris-1:f:up doris-2:f:up doris-3:M:up]
