00:22:16 PROBE start proto=arrow-flight hosts=doris-1,doris-2,doris-3 duration=86400s cycle=INSERT>UPSERT>SELECT>DELETE>SELECT
00:22:16 connected to doris-1 (10.140.0.2)
00:22:16 DML unsupported over arrow-flight (InternalError: RuntimeException, msg: getMysqlChannel not in mysql connection (Internal; ExecuteQuery)) — switching to SELECT-only mode
00:22:16 #1 OK SELECT id=3573360 via doris-1 rows=10039 [doris-1:f:up doris-2:f:up doris-3:M:up]
00:22:17 #2 OK SELECT id=3573360 via doris-1 rows=10041 [doris-1:f:up doris-2:f:up doris-3:M:up]
00:22:18 #3 OK SELECT id=3573360 via doris-1 rows=10041 [doris-1:f:up doris-2:f:up doris-3:M:up]
00:22:19 #4 OK SELECT id=3573360 via doris-1 rows=10041 [doris-1:f:up doris-2:f:up doris-3:M:up]
00:22:21 #5 OK SELECT id=3573360 via doris-1 rows=10039 [doris-1:f:up doris-2:f:up doris-3:M:up]
00:22:22 #6 OK SELECT id=3573360 via doris-1 rows=10039 [doris-1:f:up doris-2:f:up doris-3:M:up]
00:22:23 #7 OK SELECT id=3573360 via doris-1 rows=10041 [doris-1:f:up doris-2:f:up doris-3:M:up]
00:22:24 #8 OK SELECT id=3573360 via doris-1 rows=10041 [doris-1:f:up doris-2:f:up doris-3:M:up]
00:22:25 #9 OK SELECT id=3573360 via doris-1 rows=10041 [doris-1:f:up doris-2:f:up doris-3:M:up]
00:22:26 #10 OK SELECT id=3573360 via doris-1 rows=10039 [doris-1:f:up doris-2:f:up doris-3:M:up]
00:22:27 #11 OK SELECT id=3573360 via doris-1 rows=10039 [doris-1:f:up doris-2:f:up doris-3:M:up]
00:22:28 #12 OK SELECT id=3573360 via doris-1 rows=10041 [doris-1:f:up doris-2:f:up doris-3:M:up]
00:22:29 #13 OK SELECT id=3573360 via doris-1 rows=10041 [doris-1:f:up doris-2:f:up doris-3:M:up]
00:22:30 #14 OK SELECT id=3573360 via doris-1 rows=10041 [doris-1:f:up doris-2:f:up doris-3:M:up]
00:22:31 #15 OK SELECT id=3573360 via doris-1 rows=10039 [doris-1:f:up doris-2:f:up doris-3:M:up]
00:22:32 #16 OK SELECT id=3573360 via doris-1 rows=10039 [doris-1:f:up doris-2:f:up doris-3:M:up]
00:22:33 #17 OK SELECT id=3573360 via doris-1 rows=10041 [doris-1:f:up doris-2:f:up doris-3:M:up]
00:22:34 #18 OK SELECT id=3573360 via doris-1 rows=10041 [doris-1:f:up doris-2:f:up doris-3:M:up]
00:22:35 #19 OK SELECT id=3573360 via doris-1 rows=10041 [doris-1:f:up doris-2:f:up doris-3:M:up]
00:22:36 #20 OK SELECT id=3573360 via doris-1 rows=10039 [doris-1:f:up doris-2:f:up doris-3:M:up]
00:22:37 #21 OK SELECT id=3573360 via doris-1 rows=10039 [doris-1:f:up doris-2:f:up doris-3:M:up]
00:22:38 #22 OK SELECT id=3573360 via doris-1 rows=10041 [doris-1:f:up doris-2:f:up doris-3:M:up]
00:22:39 #23 OK SELECT id=3573360 via doris-1 rows=10041 [doris-1:f:up doris-2:f:up doris-3:M:up]
00:22:41 #24 OK SELECT id=3573360 via doris-1 rows=10041 [doris-1:f:up doris-2:f:up doris-3:M:up]
00:22:42 #25 OK SELECT id=3573360 via doris-1 rows=10039 [doris-1:f:up doris-2:f:up doris-3:M:up]
00:22:43 #26 OK SELECT id=3573360 via doris-1 rows=10039 [doris-1:f:up doris-2:f:up doris-3:M:up]
00:22:44 #27 OK SELECT id=3573360 via doris-1 rows=10041 [doris-1:f:up doris-2:f:up doris-3:M:up]
00:22:45 #28 OK SELECT id=3573360 via doris-1 rows=10041 [doris-1:f:up doris-2:f:up doris-3:M:up]
00:22:46 #29 OK SELECT id=3573360 via doris-1 rows=10041 [doris-1:f:up doris-2:f:up doris-3:M:up]
00:22:47 #30 OK SELECT id=3573360 via doris-1 rows=10039 [doris-1:f:up doris-2:f:up doris-3:M:up]
00:22:48 #31 OK SELECT id=3573360 via doris-1 rows=10039 [doris-1:f:up doris-2:f:up doris-3:M:up]
00:22:49 #32 OK SELECT id=3573360 via doris-1 rows=10041 [doris-1:f:up doris-2:f:up doris-3:M:up]
00:22:50 EVENT break: be crash on doris-1 (FE follower)
00:22:50 #33 OK SELECT id=3573360 via doris-1 rows=10041 [doris-1:f:up doris-2:f:up doris-3:M:up]
00:22:51 #34 OK SELECT id=3573360 via doris-1 rows=10041 [doris-1:f:up doris-2:f:up doris-3:M:up]
00:22:52 #35 FAIL SELECT id=3573360 via doris-1: InternalError: INTERNAL: [FlightSQL] get flight info statement failed, after executeQueryStatement handleQuery, java.lang.Run
00:22:53 connected to doris-1 (10.140.0.2)
00:22:53 #36 FAIL SELECT id=3573360 via doris-1: InternalError: INTERNAL: [FlightSQL] get flight info statement failed, after executeQueryStatement handleQuery, java.lang.Run
00:22:54 connected to doris-1 (10.140.0.2)
00:22:54 #37 OK SELECT id=3573360 via doris-1 rows=10040 [doris-1:f:up doris-2:f:up doris-3:M:up] (recovered)
00:22:55 #38 OK SELECT id=3573360 via doris-1 rows=10040 [?]
00:22:56 #39 OK SELECT id=3573360 via doris-1 rows=10040 [?]
00:22:57 #40 OK SELECT id=3573360 via doris-1 rows=10040 [doris-1:f:up doris-2:f:up doris-3:M:up]
00:22:58 #41 OK SELECT id=3573360 via doris-1 rows=10040 [doris-1:f:up doris-2:f:up doris-3:M:up]
00:22:59 #42 OK SELECT id=3573360 via doris-1 rows=10040 [?]
00:23:01 #43 OK SELECT id=3573360 via doris-1 rows=10040 [doris-1:f:up doris-2:f:up doris-3:M:up]
00:23:02 #44 OK SELECT id=3573360 via doris-1 rows=10040 [doris-1:f:up doris-2:f:up doris-3:M:up]
00:23:03 #45 OK SELECT id=3573360 via doris-1 rows=10041 [doris-1:f:up doris-2:f:up doris-3:M:up]
00:23:04 #46 OK SELECT id=3573360 via doris-1 rows=10040 [doris-1:f:up doris-2:f:up doris-3:M:up]
00:23:05 #47 OK SELECT id=3573360 via doris-1 rows=10040 [doris-1:f:up doris-2:f:up doris-3:M:up]
00:23:06 #48 OK SELECT id=3573360 via doris-1 rows=10040 [doris-1:f:up doris-2:f:up doris-3:M:up]
00:23:07 #49 OK SELECT id=3573360 via doris-1 rows=10040 [doris-1:f:up doris-2:f:up doris-3:M:up]
00:23:08 EVENT recovered: be restarted by systemd on doris-1 (+9s)
00:23:08 #50 OK SELECT id=3573360 via doris-1 rows=10041 [doris-1:f:up doris-2:f:up doris-3:M:up]
00:23:09 #51 OK SELECT id=3573360 via doris-1 rows=10040 [doris-1:f:up doris-2:f:up doris-3:M:up]
00:23:10 #52 OK SELECT id=3573360 via doris-1 rows=10040 [doris-1:f:up doris-2:f:up doris-3:M:up]
00:23:11 #53 OK SELECT id=3573360 via doris-1 rows=10040 [doris-1:f:up doris-2:f:up doris-3:M:up]
00:23:12 #54 OK SELECT id=3573360 via doris-1 rows=10040 [doris-1:f:up doris-2:f:up doris-3:M:up]
00:23:13 #55 OK SELECT id=3573360 via doris-1 rows=10040 [doris-1:f:up doris-2:f:up doris-3:M:up]
00:23:14 #56 OK SELECT id=3573360 via doris-1 rows=10040 [doris-1:f:up doris-2:f:up doris-3:M:up]
00:23:15 #57 OK SELECT id=3573360 via doris-1 rows=10040 [doris-1:f:up doris-2:f:up doris-3:M:up]
00:23:16 #58 OK SELECT id=3573360 via doris-1 rows=10040 [doris-1:f:up doris-2:f:up doris-3:M:up]
00:23:17 #59 OK SELECT id=3573360 via doris-1 rows=10040 [doris-1:f:up doris-2:f:up doris-3:M:up]
00:23:18 #60 OK SELECT id=3573360 via doris-1 rows=10040 [doris-1:f:up doris-2:f:up doris-3:M:up]
00:23:20 #61 OK SELECT id=3573360 via doris-1 rows=10040 [doris-1:f:up doris-2:f:up doris-3:M:up]
00:23:21 #62 OK SELECT id=3573360 via doris-1 rows=10042 [doris-1:f:up doris-2:f:up doris-3:M:up]
00:23:22 #63 OK SELECT id=3573360 via doris-1 rows=10042 [doris-1:f:up doris-2:f:up doris-3:M:up]
00:23:23 #64 OK SELECT id=3573360 via doris-1 rows=10042 [doris-1:f:up doris-2:f:up doris-3:M:up]
00:23:24 #65 OK SELECT id=3573360 via doris-1 rows=10040 [doris-1:f:up doris-2:f:up doris-3:M:up]
00:23:25 #66 OK SELECT id=3573360 via doris-1 rows=10040 [doris-1:f:up doris-2:f:up doris-3:M:up]
00:23:26 #67 OK SELECT id=3573360 via doris-1 rows=10042 [doris-1:f:up doris-2:f:up doris-3:M:up]
00:23:27 #68 OK SELECT id=3573360 via doris-1 rows=10042 [doris-1:f:up doris-2:f:up doris-3:M:up]
00:23:28 #69 OK SELECT id=3573360 via doris-1 rows=10042 [doris-1:f:up doris-2:f:up doris-3:M:up]
00:23:29 #70 OK SELECT id=3573360 via doris-1 rows=10040 [doris-1:f:up doris-2:f:up doris-3:M:up]
00:23:30 #71 OK SELECT id=3573360 via doris-1 rows=10040 [doris-1:f:up doris-2:f:up doris-3:M:up]
00:23:31 #72 OK SELECT id=3573360 via doris-1 rows=10042 [doris-1:f:up doris-2:f:up doris-3:M:up]
00:23:32 #73 OK SELECT id=3573360 via doris-1 rows=10042 [doris-1:f:up doris-2:f:up doris-3:M:up]
00:23:33 #74 OK SELECT id=3573360 via doris-1 rows=10042 [doris-1:f:up doris-2:f:up doris-3:M:up]
00:23:34 #75 OK SELECT id=3573360 via doris-1 rows=10040 [doris-1:f:up doris-2:f:up doris-3:M:up]
00:23:35 #76 OK SELECT id=3573360 via doris-1 rows=10040 [doris-1:f:up doris-2:f:up doris-3:M:up]
00:23:36 #77 OK SELECT id=3573360 via doris-1 rows=10042 [doris-1:f:up doris-2:f:up doris-3:M:up]
00:23:37 #78 OK SELECT id=3573360 via doris-1 rows=10042 [doris-1:f:up doris-2:f:up doris-3:M:up]
00:23:38 #79 OK SELECT id=3573360 via doris-1 rows=10042 [doris-1:f:up doris-2:f:up doris-3:M:up]
00:23:40 #80 OK SELECT id=3573360 via doris-1 rows=10040 [doris-1:f:up doris-2:f:up doris-3:M:up]
00:23:41 #81 OK SELECT id=3573360 via doris-1 rows=10040 [doris-1:f:up doris-2:f:up doris-3:M:up]
00:23:42 #82 OK SELECT id=3573360 via doris-1 rows=10042 [doris-1:f:up doris-2:f:up doris-3:M:up]
00:23:43 #83 OK SELECT id=3573360 via doris-1 rows=10042 [doris-1:f:up doris-2:f:up doris-3:M:up]
00:23:44 #84 OK SELECT id=3573360 via doris-1 rows=10042 [doris-1:f:up doris-2:f:up doris-3:M:up]
00:23:45 #85 OK SELECT id=3573360 via doris-1 rows=10040 [doris-1:f:up doris-2:f:up doris-3:M:up]
00:23:46 #86 OK SELECT id=3573360 via doris-1 rows=10040 [doris-1:f:up doris-2:f:up doris-3:M:up]
00:23:47 #87 OK SELECT id=3573360 via doris-1 rows=10042 [doris-1:f:up doris-2:f:up doris-3:M:up]
00:23:48 #88 OK SELECT id=3573360 via doris-1 rows=10042 [doris-1:f:up doris-2:f:up doris-3:M:up]
00:23:49 #89 OK SELECT id=3573360 via doris-1 rows=10042 [doris-1:f:up doris-2:f:up doris-3:M:up]
00:23:50 #90 OK SELECT id=3573360 via doris-1 rows=10040 [doris-1:f:up doris-2:f:up doris-3:M:up]
00:23:51 #91 OK SELECT id=3573360 via doris-1 rows=10040 [doris-1:f:up doris-2:f:up doris-3:M:up]
00:23:52 #92 OK SELECT id=3573360 via doris-1 rows=10042 [doris-1:f:up doris-2:f:up doris-3:M:up]
00:23:53 #93 OK SELECT id=3573360 via doris-1 rows=10042 [doris-1:f:up doris-2:f:up doris-3:M:up]
00:23:54 #94 OK SELECT id=3573360 via doris-1 rows=10042 [doris-1:f:up doris-2:f:up doris-3:M:up]
00:23:55 #95 OK SELECT id=3573360 via doris-1 rows=10040 [doris-1:f:up doris-2:f:up doris-3:M:up]
00:23:56 #96 OK SELECT id=3573360 via doris-1 rows=10040 [doris-1:f:up doris-2:f:up doris-3:M:up]
00:23:57 #97 OK SELECT id=3573360 via doris-1 rows=10042 [doris-1:f:up doris-2:f:up doris-3:M:up]
00:23:58 #98 OK SELECT id=3573360 via doris-1 rows=10042 [doris-1:f:up doris-2:f:up doris-3:M:up]
00:24:00 #99 OK SELECT id=3573360 via doris-1 rows=10042 [doris-1:f:up doris-2:f:up doris-3:M:up]
00:24:01 #100 OK SELECT id=3573360 via doris-1 rows=10040 [doris-1:f:up doris-2:f:up doris-3:M:up]
00:24:02 #101 OK SELECT id=3573360 via doris-1 rows=10040 [doris-1:f:up doris-2:f:up doris-3:M:up]
00:24:03 #102 OK SELECT id=3573360 via doris-1 rows=10042 [doris-1:f:up doris-2:f:up doris-3:M:up]
00:24:04 #103 OK SELECT id=3573360 via doris-1 rows=10042 [doris-1:f:up doris-2:f:up doris-3:M:up]
00:24:05 #104 OK SELECT id=3573360 via doris-1 rows=10042 [doris-1:f:up doris-2:f:up doris-3:M:up]
00:24:06 #105 OK SELECT id=3573360 via doris-1 rows=10040 [doris-1:f:up doris-2:f:up doris-3:M:up]
00:24:07 #106 OK SELECT id=3573360 via doris-1 rows=10040 [doris-1:f:up doris-2:f:up doris-3:M:up]
00:24:08 #107 OK SELECT id=3573360 via doris-1 rows=10042 [doris-1:f:up doris-2:f:up doris-3:M:up]
00:24:09 #108 OK SELECT id=3573360 via doris-1 rows=10042 [doris-1:f:up doris-2:f:up doris-3:M:up]
00:24:10 #109 OK SELECT id=3573360 via doris-1 rows=10042 [doris-1:f:up doris-2:f:up doris-3:M:up]
00:24:11 #110 OK SELECT id=3573360 via doris-1 rows=10040 [doris-1:f:up doris-2:f:up doris-3:M:up]
00:24:12 #111 OK SELECT id=3573360 via doris-1 rows=10040 [doris-1:f:up doris-2:f:up doris-3:M:up]
00:24:13 #112 OK SELECT id=3573360 via doris-1 rows=10042 [doris-1:f:up doris-2:f:up doris-3:M:up]
00:24:14 #113 OK SELECT id=3573360 via doris-1 rows=10042 [doris-1:f:up doris-2:f:up doris-3:M:up]
00:24:15 #114 OK SELECT id=3573360 via doris-1 rows=10042 [doris-1:f:up doris-2:f:up doris-3:M:up]
00:24:16 #115 OK SELECT id=3573360 via doris-1 rows=10040 [doris-1:f:up doris-2:f:up doris-3:M:up]
00:24:17 #116 OK SELECT id=3573360 via doris-1 rows=10040 [doris-1:f:up doris-2:f:up doris-3:M:up]
00:24:18 #117 OK SELECT id=3573360 via doris-1 rows=10042 [doris-1:f:up doris-2:f:up doris-3:M:up]
00:24:19 #118 OK SELECT id=3573360 via doris-1 rows=10042 [doris-1:f:up doris-2:f:up doris-3:M:up]
00:24:21 #119 OK SELECT id=3573360 via doris-1 rows=10042 [doris-1:f:up doris-2:f:up doris-3:M:up]
00:24:22 #120 OK SELECT id=3573360 via doris-1 rows=10040 [doris-1:f:up doris-2:f:up doris-3:M:up]
00:24:23 #121 OK SELECT id=3573360 via doris-1 rows=10040 [doris-1:f:up doris-2:f:up doris-3:M:up]
00:24:24 #122 OK SELECT id=3573360 via doris-1 rows=10042 [doris-1:f:up doris-2:f:up doris-3:M:up]
00:24:25 #123 OK SELECT id=3573360 via doris-1 rows=10042 [doris-1:f:up doris-2:f:up doris-3:M:up]
00:24:26 #124 OK SELECT id=3573360 via doris-1 rows=10042 [doris-1:f:up doris-2:f:up doris-3:M:up]
00:24:27 #125 OK SELECT id=3573360 via doris-1 rows=10040 [doris-1:f:up doris-2:f:up doris-3:M:up]
00:24:28 #126 OK SELECT id=3573360 via doris-1 rows=10040 [doris-1:f:up doris-2:f:up doris-3:M:up]
00:24:29 #127 OK SELECT id=3573360 via doris-1 rows=10042 [doris-1:f:up doris-2:f:up doris-3:M:up]
00:24:30 #128 OK SELECT id=3573360 via doris-1 rows=10042 [doris-1:f:up doris-2:f:up doris-3:M:up]
00:24:31 #129 OK SELECT id=3573360 via doris-1 rows=10042 [doris-1:f:up doris-2:f:up doris-3:M:up]
00:24:32 #130 OK SELECT id=3573360 via doris-1 rows=10040 [doris-1:f:up doris-2:f:up doris-3:M:up]
00:24:33 #131 OK SELECT id=3573360 via doris-1 rows=10040 [doris-1:f:up doris-2:f:up doris-3:M:up]
00:24:34 #132 OK SELECT id=3573360 via doris-1 rows=10042 [doris-1:f:up doris-2:f:up doris-3:M:up]
00:24:35 #133 OK SELECT id=3573360 via doris-1 rows=10042 [doris-1:f:up doris-2:f:up doris-3:M:up]
00:24:36 #134 OK SELECT id=3573360 via doris-1 rows=10042 [doris-1:f:up doris-2:f:up doris-3:M:up]
00:24:37 #135 OK SELECT id=3573360 via doris-1 rows=10040 [doris-1:f:up doris-2:f:up doris-3:M:up]
00:24:38 #136 OK SELECT id=3573360 via doris-1 rows=10040 [doris-1:f:up doris-2:f:up doris-3:M:up]
00:24:39 #137 OK SELECT id=3573360 via doris-1 rows=10042 [doris-1:f:up doris-2:f:up doris-3:M:up]
00:24:41 #138 OK SELECT id=3573360 via doris-1 rows=10042 [doris-1:f:up doris-2:f:up doris-3:M:up]
00:24:42 #139 OK SELECT id=3573360 via doris-1 rows=10042 [doris-1:f:up doris-2:f:up doris-3:M:up]
00:24:43 #140 OK SELECT id=3573360 via doris-1 rows=10040 [doris-1:f:up doris-2:f:up doris-3:M:up]
00:24:44 #141 OK SELECT id=3573360 via doris-1 rows=10040 [doris-1:f:up doris-2:f:up doris-3:M:up]
00:24:44 EVENT restore: verify be on doris-1
00:24:45 #142 OK SELECT id=3573360 via doris-1 rows=10042 [doris-1:f:up doris-2:f:up doris-3:M:up]
00:24:46 #143 OK SELECT id=3573360 via doris-1 rows=10042 [doris-1:f:up doris-2:f:up doris-3:M:up]
00:24:47 #144 OK SELECT id=3573360 via doris-1 rows=10042 [doris-1:f:up doris-2:f:up doris-3:M:up]
00:24:48 #145 OK SELECT id=3573360 via doris-1 rows=10040 [doris-1:f:up doris-2:f:up doris-3:M:up]
00:24:49 #146 OK SELECT id=3573360 via doris-1 rows=10040 [doris-1:f:up doris-2:f:up doris-3:M:up]
00:24:50 #147 OK SELECT id=3573360 via doris-1 rows=10042 [doris-1:f:up doris-2:f:up doris-3:M:up]
00:24:50 EVENT restore: cluster healthy
00:24:51 #148 OK SELECT id=3573360 via doris-1 rows=10042 [doris-1:f:up doris-2:f:up doris-3:M:up]
00:24:52 #149 OK SELECT id=3573360 via doris-1 rows=10042 [doris-1:f:up doris-2:f:up doris-3:M:up]
00:24:53 #150 OK SELECT id=3573360 via doris-1 rows=10040 [doris-1:f:up doris-2:f:up doris-3:M:up]
00:24:54 #151 OK SELECT id=3573360 via doris-1 rows=10040 [doris-1:f:up doris-2:f:up doris-3:M:up]
00:24:55 #152 OK SELECT id=3573360 via doris-1 rows=10042 [doris-1:f:up doris-2:f:up doris-3:M:up]
00:24:56 #153 OK SELECT id=3573360 via doris-1 rows=10042 [doris-1:f:up doris-2:f:up doris-3:M:up]
00:24:57 #154 OK SELECT id=3573360 via doris-1 rows=10042 [doris-1:f:up doris-2:f:up doris-3:M:up]
00:24:58 #155 OK SELECT id=3573360 via doris-1 rows=10040 [doris-1:f:up doris-2:f:up doris-3:M:up]
00:24:59 #156 OK SELECT id=3573360 via doris-1 rows=10040 [doris-1:f:up doris-2:f:up doris-3:M:up]
00:25:00 #157 OK SELECT id=3573360 via doris-1 rows=10042 [doris-1:f:up doris-2:f:up doris-3:M:up]
00:25:02 #158 OK SELECT id=3573360 via doris-1 rows=10042 [doris-1:f:up doris-2:f:up doris-3:M:up]
00:25:03 #159 OK SELECT id=3573360 via doris-1 rows=10042 [doris-1:f:up doris-2:f:up doris-3:M:up]
00:25:04 #160 OK SELECT id=3573360 via doris-1 rows=10040 [doris-1:f:up doris-2:f:up doris-3:M:up]
00:25:05 #161 OK SELECT id=3573360 via doris-1 rows=10040 [doris-1:f:up doris-2:f:up doris-3:M:up]
00:25:06 #162 OK SELECT id=3573360 via doris-1 rows=10042 [doris-1:f:up doris-2:f:up doris-3:M:up]
00:25:07 #163 OK SELECT id=3573360 via doris-1 rows=10042 [doris-1:f:up doris-2:f:up doris-3:M:up]
00:25:08 #164 OK SELECT id=3573360 via doris-1 rows=10042 [doris-1:f:up doris-2:f:up doris-3:M:up]
00:25:09 #165 OK SELECT id=3573360 via doris-1 rows=10041 [doris-1:f:up doris-2:f:up doris-3:M:up]
00:25:10 #166 OK SELECT id=3573360 via doris-1 rows=10040 [doris-1:f:up doris-2:f:up doris-3:M:up]
00:25:11 #167 OK SELECT id=3573360 via doris-1 rows=10041 [doris-1:f:up doris-2:f:up doris-3:M:up]
00:25:12 #168 OK SELECT id=3573360 via doris-1 rows=10042 [doris-1:f:up doris-2:f:up doris-3:M:up]
00:25:13 #169 OK SELECT id=3573360 via doris-1 rows=10042 [doris-1:f:up doris-2:f:up doris-3:M:up]
00:25:14 #170 OK SELECT id=3573360 via doris-1 rows=10042 [doris-1:f:up doris-2:f:up doris-3:M:up]
00:25:15 #171 OK SELECT id=3573360 via doris-1 rows=10040 [doris-1:f:up doris-2:f:up doris-3:M:up]
00:25:16 #172 OK SELECT id=3573360 via doris-1 rows=10040 [doris-1:f:up doris-2:f:up doris-3:M:up]
00:25:17 #173 OK SELECT id=3573360 via doris-1 rows=10042 [doris-1:f:up doris-2:f:up doris-3:M:up]
00:25:18 #174 OK SELECT id=3573360 via doris-1 rows=10042 [doris-1:f:up doris-2:f:up doris-3:M:up]
00:25:19 #175 OK SELECT id=3573360 via doris-1 rows=10042 [doris-1:f:up doris-2:f:up doris-3:M:up]
00:25:20 #176 OK SELECT id=3573360 via doris-1 rows=10040 [doris-1:f:up doris-2:f:up doris-3:M:up]
00:25:22 #177 OK SELECT id=3573360 via doris-1 rows=10040 [doris-1:f:up doris-2:f:up doris-3:M:up]
