00:22:16 PROBE start proto=jdbc hosts=doris-1,doris-2,doris-3 duration=86400s cycle=INSERT>UPSERT>SELECT>DELETE>SELECT url=jdbc:mysql://10.140.0.2:9030,10.140.0.3:9030,10.140.0.4:9030/hatest
00:22:17 connected to doris-1 (driver-selected host)
00:22:17 #1 OK INSERT id=2573360 via doris-1 rows=10041 [doris-1:f:up doris-2:f:up doris-3:M:up]
00:22:18 #2 OK UPSERT id=2573360 via doris-1 rows=10041 [doris-1:f:up doris-2:f:up doris-3:M:up]
00:22:19 #3 OK SELECT id=2573360 via doris-1 rows=10041 [doris-1:f:up doris-2:f:up doris-3:M:up]
00:22:20 #4 OK DELETE id=2573360 via doris-1 rows=10039 [doris-1:f:up doris-2:f:up doris-3:M:up]
00:22:21 #5 OK SELECT id=2573360 via doris-1 rows=10039 [doris-1:f:up doris-2:f:up doris-3:M:up]
00:22:22 #6 OK INSERT id=2573361 via doris-1 rows=10041 [doris-1:f:up doris-2:f:up doris-3:M:up]
00:22:23 #7 OK UPSERT id=2573361 via doris-1 rows=10041 [doris-1:f:up doris-2:f:up doris-3:M:up]
00:22:24 #8 OK SELECT id=2573361 via doris-1 rows=10041 [doris-1:f:up doris-2:f:up doris-3:M:up]
00:22:25 #9 OK DELETE id=2573361 via doris-1 rows=10039 [doris-1:f:up doris-2:f:up doris-3:M:up]
00:22:26 #10 OK SELECT id=2573361 via doris-1 rows=10039 [doris-1:f:up doris-2:f:up doris-3:M:up]
00:22:27 #11 OK INSERT id=2573362 via doris-1 rows=10041 [doris-1:f:up doris-2:f:up doris-3:M:up]
00:22:29 #12 OK UPSERT id=2573362 via doris-1 rows=10041 [doris-1:f:up doris-2:f:up doris-3:M:up]
00:22:30 #13 OK SELECT id=2573362 via doris-1 rows=10041 [doris-1:f:up doris-2:f:up doris-3:M:up]
00:22:31 #14 OK DELETE id=2573362 via doris-1 rows=10039 [doris-1:f:up doris-2:f:up doris-3:M:up]
00:22:32 #15 OK SELECT id=2573362 via doris-1 rows=10039 [doris-1:f:up doris-2:f:up doris-3:M:up]
00:22:33 #16 OK INSERT id=2573363 via doris-1 rows=10041 [doris-1:f:up doris-2:f:up doris-3:M:up]
00:22:34 #17 OK UPSERT id=2573363 via doris-1 rows=10041 [doris-1:f:up doris-2:f:up doris-3:M:up]
00:22:35 #18 OK SELECT id=2573363 via doris-1 rows=10041 [doris-1:f:up doris-2:f:up doris-3:M:up]
00:22:36 #19 OK DELETE id=2573363 via doris-1 rows=10039 [doris-1:f:up doris-2:f:up doris-3:M:up]
00:22:37 #20 OK SELECT id=2573363 via doris-1 rows=10039 [doris-1:f:up doris-2:f:up doris-3:M:up]
00:22:38 #21 OK INSERT id=2573364 via doris-1 rows=10041 [doris-1:f:up doris-2:f:up doris-3:M:up]
00:22:39 #22 OK UPSERT id=2573364 via doris-1 rows=10041 [doris-1:f:up doris-2:f:up doris-3:M:up]
00:22:40 #23 OK SELECT id=2573364 via doris-1 rows=10041 [doris-1:f:up doris-2:f:up doris-3:M:up]
00:22:41 #24 OK DELETE id=2573364 via doris-1 rows=10039 [doris-1:f:up doris-2:f:up doris-3:M:up]
00:22:42 #25 OK SELECT id=2573364 via doris-1 rows=10039 [doris-1:f:up doris-2:f:up doris-3:M:up]
00:22:43 #26 OK INSERT id=2573365 via doris-1 rows=10041 [doris-1:f:up doris-2:f:up doris-3:M:up]
00:22:44 #27 OK UPSERT id=2573365 via doris-1 rows=10041 [doris-1:f:up doris-2:f:up doris-3:M:up]
00:22:45 #28 OK SELECT id=2573365 via doris-1 rows=10041 [doris-1:f:up doris-2:f:up doris-3:M:up]
00:22:47 #29 OK DELETE id=2573365 via doris-1 rows=10039 [doris-1:f:up doris-2:f:up doris-3:M:up]
00:22:48 #30 OK SELECT id=2573365 via doris-1 rows=10039 [doris-1:f:up doris-2:f:up doris-3:M:up]
00:22:49 #31 OK INSERT id=2573366 via doris-1 rows=10041 [doris-1:f:up doris-2:f:up doris-3:M:up]
00:22:50 #32 OK UPSERT id=2573366 via doris-1 rows=10041 [doris-1:f:up doris-2:f:up doris-3:M:up]
00:22:50 EVENT break: be crash on doris-1 (FE follower)
00:22:51 #33 OK SELECT id=2573366 via doris-1 rows=10041 [doris-1:f:up doris-2:f:up doris-3:M:up]
00:23:00 #34 OK DELETE id=2573366 via doris-1 rows=10040 [doris-1:f:up doris-2:f:up doris-3:M:up]
00:23:01 #35 OK SELECT id=2573366 via doris-1 rows=10040 [doris-1:f:up doris-2:f:up doris-3:M:up]
00:23:02 #36 OK INSERT id=2573367 via doris-1 rows=10041 [doris-1:f:up doris-2:f:up doris-3:M:up]
00:23:03 #37 OK UPSERT id=2573367 via doris-1 rows=10040 [doris-1:f:up doris-2:f:up doris-3:M:up]
00:23:04 #38 OK SELECT id=2573367 via doris-1 rows=10040 [doris-1:f:up doris-2:f:up doris-3:M:up]
00:23:05 #39 OK DELETE id=2573367 via doris-1 rows=10040 [doris-1:f:up doris-2:f:up doris-3:M:up]
00:23:06 #40 OK SELECT id=2573367 via doris-1 rows=10040 [doris-1:f:up doris-2:f:up doris-3:M:up]
00:23:07 #41 OK INSERT id=2573368 via doris-1 rows=10041 [doris-1:f:up doris-2:f:up doris-3:M:up]
00:23:08 EVENT recovered: be restarted by systemd on doris-1 (+9s)
00:23:08 #42 OK UPSERT id=2573368 via doris-1 rows=10040 [doris-1:f:up doris-2:f:up doris-3:M:up]
00:23:09 #43 OK SELECT id=2573368 via doris-1 rows=10040 [doris-1:f:up doris-2:f:up doris-3:M:up]
00:23:18 #44 FAIL DELETE id=2573368 via doris-1: CommunicationsException: Communications link failure  The last packet successfully received from the server was 9,018 milliseconds ago.
00:23:19 connected to doris-1 (driver-selected host)
00:23:20 #45 OK INSERT id=2573369 via doris-1 rows=10042 [doris-1:f:up doris-2:f:up doris-3:M:up] (recovered)
00:23:21 #46 OK UPSERT id=2573369 via doris-1 rows=10042 [doris-1:f:up doris-2:f:up doris-3:M:up]
00:23:22 #47 OK SELECT id=2573369 via doris-1 rows=10042 [doris-1:f:up doris-2:f:up doris-3:M:up]
00:23:23 #48 OK DELETE id=2573369 via doris-1 rows=10040 [doris-1:f:up doris-2:f:up doris-3:M:up]
00:23:24 #49 OK SELECT id=2573369 via doris-1 rows=10040 [doris-1:f:up doris-2:f:up doris-3:M:up]
00:23:25 #50 OK INSERT id=2573370 via doris-1 rows=10042 [doris-1:f:up doris-2:f:up doris-3:M:up]
00:23:26 #51 OK UPSERT id=2573370 via doris-1 rows=10042 [doris-1:f:up doris-2:f:up doris-3:M:up]
00:23:27 #52 OK SELECT id=2573370 via doris-1 rows=10042 [doris-1:f:up doris-2:f:up doris-3:M:up]
00:23:28 #53 OK DELETE id=2573370 via doris-1 rows=10040 [doris-1:f:up doris-2:f:up doris-3:M:up]
00:23:29 #54 OK SELECT id=2573370 via doris-1 rows=10040 [doris-1:f:up doris-2:f:up doris-3:M:up]
00:23:30 #55 OK INSERT id=2573371 via doris-1 rows=10042 [doris-1:f:up doris-2:f:up doris-3:M:up]
00:23:31 #56 OK UPSERT id=2573371 via doris-1 rows=10042 [doris-1:f:up doris-2:f:up doris-3:M:up]
00:23:32 #57 OK SELECT id=2573371 via doris-1 rows=10042 [doris-1:f:up doris-2:f:up doris-3:M:up]
00:23:33 #58 OK DELETE id=2573371 via doris-1 rows=10040 [doris-1:f:up doris-2:f:up doris-3:M:up]
00:23:34 #59 OK SELECT id=2573371 via doris-1 rows=10040 [doris-1:f:up doris-2:f:up doris-3:M:up]
00:23:36 #60 OK INSERT id=2573372 via doris-1 rows=10042 [doris-1:f:up doris-2:f:up doris-3:M:up]
00:23:37 #61 OK UPSERT id=2573372 via doris-1 rows=10042 [doris-1:f:up doris-2:f:up doris-3:M:up]
00:23:38 #62 OK SELECT id=2573372 via doris-1 rows=10042 [doris-1:f:up doris-2:f:up doris-3:M:up]
00:23:39 #63 OK DELETE id=2573372 via doris-1 rows=10040 [doris-1:f:up doris-2:f:up doris-3:M:up]
00:23:40 #64 OK SELECT id=2573372 via doris-1 rows=10040 [doris-1:f:up doris-2:f:up doris-3:M:up]
00:23:41 #65 OK INSERT id=2573373 via doris-1 rows=10041 [doris-1:f:up doris-2:f:up doris-3:M:up]
00:23:42 #66 OK UPSERT id=2573373 via doris-1 rows=10042 [doris-1:f:up doris-2:f:up doris-3:M:up]
00:23:43 #67 OK SELECT id=2573373 via doris-1 rows=10042 [doris-1:f:up doris-2:f:up doris-3:M:up]
00:23:44 #68 OK DELETE id=2573373 via doris-1 rows=10040 [doris-1:f:up doris-2:f:up doris-3:M:up]
00:23:45 #69 OK SELECT id=2573373 via doris-1 rows=10040 [doris-1:f:up doris-2:f:up doris-3:M:up]
00:23:46 #70 OK INSERT id=2573374 via doris-1 rows=10041 [doris-1:f:up doris-2:f:up doris-3:M:up]
00:23:47 #71 OK UPSERT id=2573374 via doris-1 rows=10042 [doris-1:f:up doris-2:f:up doris-3:M:up]
00:23:48 #72 OK SELECT id=2573374 via doris-1 rows=10042 [doris-1:f:up doris-2:f:up doris-3:M:up]
00:23:49 #73 OK DELETE id=2573374 via doris-1 rows=10040 [doris-1:f:up doris-2:f:up doris-3:M:up]
00:23:50 #74 OK SELECT id=2573374 via doris-1 rows=10040 [doris-1:f:up doris-2:f:up doris-3:M:up]
00:23:51 #75 OK INSERT id=2573375 via doris-1 rows=10042 [doris-1:f:up doris-2:f:up doris-3:M:up]
00:23:53 #76 OK UPSERT id=2573375 via doris-1 rows=10042 [doris-1:f:up doris-2:f:up doris-3:M:up]
00:23:54 #77 OK SELECT id=2573375 via doris-1 rows=10042 [doris-1:f:up doris-2:f:up doris-3:M:up]
00:23:55 #78 OK DELETE id=2573375 via doris-1 rows=10040 [doris-1:f:up doris-2:f:up doris-3:M:up]
00:23:56 #79 OK SELECT id=2573375 via doris-1 rows=10040 [doris-1:f:up doris-2:f:up doris-3:M:up]
00:23:57 #80 OK INSERT id=2573376 via doris-1 rows=10041 [doris-1:f:up doris-2:f:up doris-3:M:up]
00:23:58 #81 OK UPSERT id=2573376 via doris-1 rows=10042 [doris-1:f:up doris-2:f:up doris-3:M:up]
00:23:59 #82 OK SELECT id=2573376 via doris-1 rows=10042 [doris-1:f:up doris-2:f:up doris-3:M:up]
00:24:00 #83 OK DELETE id=2573376 via doris-1 rows=10041 [doris-1:f:up doris-2:f:up doris-3:M:up]
00:24:01 #84 OK SELECT id=2573376 via doris-1 rows=10040 [doris-1:f:up doris-2:f:up doris-3:M:up]
00:24:02 #85 OK INSERT id=2573377 via doris-1 rows=10041 [doris-1:f:up doris-2:f:up doris-3:M:up]
00:24:03 #86 OK UPSERT id=2573377 via doris-1 rows=10042 [doris-1:f:up doris-2:f:up doris-3:M:up]
00:24:04 #87 OK SELECT id=2573377 via doris-1 rows=10042 [doris-1:f:up doris-2:f:up doris-3:M:up]
00:24:05 #88 OK DELETE id=2573377 via doris-1 rows=10040 [doris-1:f:up doris-2:f:up doris-3:M:up]
00:24:06 #89 OK SELECT id=2573377 via doris-1 rows=10040 [doris-1:f:up doris-2:f:up doris-3:M:up]
00:24:07 #90 OK INSERT id=2573378 via doris-1 rows=10042 [doris-1:f:up doris-2:f:up doris-3:M:up]
00:24:08 #91 OK UPSERT id=2573378 via doris-1 rows=10042 [doris-1:f:up doris-2:f:up doris-3:M:up]
00:24:09 #92 OK SELECT id=2573378 via doris-1 rows=10042 [doris-1:f:up doris-2:f:up doris-3:M:up]
00:24:11 #93 OK DELETE id=2573378 via doris-1 rows=10040 [doris-1:f:up doris-2:f:up doris-3:M:up]
00:24:12 #94 OK SELECT id=2573378 via doris-1 rows=10040 [doris-1:f:up doris-2:f:up doris-3:M:up]
00:24:13 #95 OK INSERT id=2573379 via doris-1 rows=10041 [doris-1:f:up doris-2:f:up doris-3:M:up]
00:24:14 #96 OK UPSERT id=2573379 via doris-1 rows=10042 [doris-1:f:up doris-2:f:up doris-3:M:up]
00:24:15 #97 OK SELECT id=2573379 via doris-1 rows=10042 [doris-1:f:up doris-2:f:up doris-3:M:up]
00:24:16 #98 OK DELETE id=2573379 via doris-1 rows=10040 [doris-1:f:up doris-2:f:up doris-3:M:up]
00:24:17 #99 OK SELECT id=2573379 via doris-1 rows=10040 [doris-1:f:up doris-2:f:up doris-3:M:up]
00:24:18 #100 OK INSERT id=2573380 via doris-1 rows=10042 [doris-1:f:up doris-2:f:up doris-3:M:up]
00:24:19 #101 OK UPSERT id=2573380 via doris-1 rows=10042 [doris-1:f:up doris-2:f:up doris-3:M:up]
00:24:20 #102 OK SELECT id=2573380 via doris-1 rows=10042 [doris-1:f:up doris-2:f:up doris-3:M:up]
00:24:21 #103 OK DELETE id=2573380 via doris-1 rows=10040 [doris-1:f:up doris-2:f:up doris-3:M:up]
00:24:22 #104 OK SELECT id=2573380 via doris-1 rows=10040 [doris-1:f:up doris-2:f:up doris-3:M:up]
00:24:23 #105 OK INSERT id=2573381 via doris-1 rows=10041 [doris-1:f:up doris-2:f:up doris-3:M:up]
00:24:24 #106 OK UPSERT id=2573381 via doris-1 rows=10042 [doris-1:f:up doris-2:f:up doris-3:M:up]
00:24:25 #107 OK SELECT id=2573381 via doris-1 rows=10042 [doris-1:f:up doris-2:f:up doris-3:M:up]
00:24:26 #108 OK DELETE id=2573381 via doris-1 rows=10041 [doris-1:f:up doris-2:f:up doris-3:M:up]
00:24:27 #109 OK SELECT id=2573381 via doris-1 rows=10040 [doris-1:f:up doris-2:f:up doris-3:M:up]
00:24:29 #110 OK INSERT id=2573382 via doris-1 rows=10041 [doris-1:f:up doris-2:f:up doris-3:M:up]
00:24:30 #111 OK UPSERT id=2573382 via doris-1 rows=10042 [doris-1:f:up doris-2:f:up doris-3:M:up]
00:24:31 #112 OK SELECT id=2573382 via doris-1 rows=10042 [doris-1:f:up doris-2:f:up doris-3:M:up]
00:24:32 #113 OK DELETE id=2573382 via doris-1 rows=10040 [doris-1:f:up doris-2:f:up doris-3:M:up]
00:24:33 #114 OK SELECT id=2573382 via doris-1 rows=10040 [doris-1:f:up doris-2:f:up doris-3:M:up]
00:24:34 #115 OK INSERT id=2573383 via doris-1 rows=10041 [doris-1:f:up doris-2:f:up doris-3:M:up]
00:24:35 #116 OK UPSERT id=2573383 via doris-1 rows=10042 [doris-1:f:up doris-2:f:up doris-3:M:up]
00:24:36 #117 OK SELECT id=2573383 via doris-1 rows=10042 [doris-1:f:up doris-2:f:up doris-3:M:up]
00:24:37 #118 OK DELETE id=2573383 via doris-1 rows=10040 [doris-1:f:up doris-2:f:up doris-3:M:up]
00:24:38 #119 OK SELECT id=2573383 via doris-1 rows=10040 [doris-1:f:up doris-2:f:up doris-3:M:up]
00:24:39 #120 OK INSERT id=2573384 via doris-1 rows=10042 [doris-1:f:up doris-2:f:up doris-3:M:up]
00:24:40 #121 OK UPSERT id=2573384 via doris-1 rows=10042 [doris-1:f:up doris-2:f:up doris-3:M:up]
00:24:41 #122 OK SELECT id=2573384 via doris-1 rows=10042 [doris-1:f:up doris-2:f:up doris-3:M:up]
00:24:42 #123 OK DELETE id=2573384 via doris-1 rows=10040 [doris-1:f:up doris-2:f:up doris-3:M:up]
00:24:43 #124 OK SELECT id=2573384 via doris-1 rows=10040 [doris-1:f:up doris-2:f:up doris-3:M:up]
00:24:44 EVENT restore: verify be on doris-1
00:24:45 #125 OK INSERT id=2573385 via doris-1 rows=10042 [doris-1:f:up doris-2:f:up doris-3:M:up]
00:24:46 #126 OK UPSERT id=2573385 via doris-1 rows=10042 [doris-1:f:up doris-2:f:up doris-3:M:up]
00:24:47 #127 OK SELECT id=2573385 via doris-1 rows=10042 [doris-1:f:up doris-2:f:up doris-3:M:up]
00:24:48 #128 OK DELETE id=2573385 via doris-1 rows=10040 [doris-1:f:up doris-2:f:up doris-3:M:up]
00:24:49 #129 OK SELECT id=2573385 via doris-1 rows=10040 [doris-1:f:up doris-2:f:up doris-3:M:up]
00:24:50 #130 OK INSERT id=2573386 via doris-1 rows=10042 [doris-1:f:up doris-2:f:up doris-3:M:up]
00:24:50 EVENT restore: cluster healthy
00:24:51 #131 OK UPSERT id=2573386 via doris-1 rows=10042 [doris-1:f:up doris-2:f:up doris-3:M:up]
00:24:52 #132 OK SELECT id=2573386 via doris-1 rows=10042 [doris-1:f:up doris-2:f:up doris-3:M:up]
00:24:53 #133 OK DELETE id=2573386 via doris-1 rows=10040 [doris-1:f:up doris-2:f:up doris-3:M:up]
00:24:54 #134 OK SELECT id=2573386 via doris-1 rows=10040 [doris-1:f:up doris-2:f:up doris-3:M:up]
00:24:55 #135 OK INSERT id=2573387 via doris-1 rows=10042 [doris-1:f:up doris-2:f:up doris-3:M:up]
00:24:56 #136 OK UPSERT id=2573387 via doris-1 rows=10042 [doris-1:f:up doris-2:f:up doris-3:M:up]
00:24:57 #137 OK SELECT id=2573387 via doris-1 rows=10042 [doris-1:f:up doris-2:f:up doris-3:M:up]
00:24:58 #138 OK DELETE id=2573387 via doris-1 rows=10040 [doris-1:f:up doris-2:f:up doris-3:M:up]
00:24:59 #139 OK SELECT id=2573387 via doris-1 rows=10040 [doris-1:f:up doris-2:f:up doris-3:M:up]
00:25:00 #140 OK INSERT id=2573388 via doris-1 rows=10042 [doris-1:f:up doris-2:f:up doris-3:M:up]
00:25:01 #141 OK UPSERT id=2573388 via doris-1 rows=10042 [doris-1:f:up doris-2:f:up doris-3:M:up]
00:25:03 #142 OK SELECT id=2573388 via doris-1 rows=10042 [doris-1:f:up doris-2:f:up doris-3:M:up]
00:25:04 #143 OK DELETE id=2573388 via doris-1 rows=10040 [doris-1:f:up doris-2:f:up doris-3:M:up]
00:25:05 #144 OK SELECT id=2573388 via doris-1 rows=10040 [doris-1:f:up doris-2:f:up doris-3:M:up]
00:25:06 #145 OK INSERT id=2573389 via doris-1 rows=10042 [doris-1:f:up doris-2:f:up doris-3:M:up]
00:25:07 #146 OK UPSERT id=2573389 via doris-1 rows=10042 [doris-1:f:up doris-2:f:up doris-3:M:up]
00:25:08 #147 OK SELECT id=2573389 via doris-1 rows=10042 [doris-1:f:up doris-2:f:up doris-3:M:up]
00:25:09 #148 OK DELETE id=2573389 via doris-1 rows=10040 [doris-1:f:up doris-2:f:up doris-3:M:up]
00:25:10 #149 OK SELECT id=2573389 via doris-1 rows=10040 [doris-1:f:up doris-2:f:up doris-3:M:up]
00:25:11 #150 OK INSERT id=2573390 via doris-1 rows=10042 [doris-1:f:up doris-2:f:up doris-3:M:up]
00:25:12 #151 OK UPSERT id=2573390 via doris-1 rows=10042 [doris-1:f:up doris-2:f:up doris-3:M:up]
00:25:13 #152 OK SELECT id=2573390 via doris-1 rows=10042 [doris-1:f:up doris-2:f:up doris-3:M:up]
00:25:14 #153 OK DELETE id=2573390 via doris-1 rows=10040 [doris-1:f:up doris-2:f:up doris-3:M:up]
00:25:15 #154 OK SELECT id=2573390 via doris-1 rows=10040 [doris-1:f:up doris-2:f:up doris-3:M:up]
00:25:16 #155 OK INSERT id=2573391 via doris-1 rows=10042 [doris-1:f:up doris-2:f:up doris-3:M:up]
00:25:17 #156 OK UPSERT id=2573391 via doris-1 rows=10042 [doris-1:f:up doris-2:f:up doris-3:M:up]
00:25:18 #157 OK SELECT id=2573391 via doris-1 rows=10042 [doris-1:f:up doris-2:f:up doris-3:M:up]
00:25:20 #158 OK DELETE id=2573391 via doris-1 rows=10040 [doris-1:f:up doris-2:f:up doris-3:M:up]
