00:22:16 PROBE start proto=mysql hosts=doris-1,doris-2,doris-3 duration=86400s cycle=INSERT>UPSERT>SELECT>DELETE>SELECT
00:22:16 connected to doris-1 (10.140.0.2)
00:22:16 #1 OK INSERT id=1573360 via doris-1 rows=10040 [doris-1:f:up doris-2:f:up doris-3:M:up]
00:22:17 #2 OK UPSERT id=1573360 via doris-1 rows=10041 [doris-1:f:up doris-2:f:up doris-3:M:up]
00:22:18 #3 OK SELECT id=1573360 via doris-1 rows=10041 [doris-1:f:up doris-2:f:up doris-3:M:up]
00:22:20 #4 OK DELETE id=1573360 via doris-1 rows=10040 [doris-1:f:up doris-2:f:up doris-3:M:up]
00:22:21 #5 OK SELECT id=1573360 via doris-1 rows=10039 [doris-1:f:up doris-2:f:up doris-3:M:up]
00:22:22 #6 OK INSERT id=1573361 via doris-1 rows=10040 [doris-1:f:up doris-2:f:up doris-3:M:up]
00:22:23 #7 OK UPSERT id=1573361 via doris-1 rows=10041 [doris-1:f:up doris-2:f:up doris-3:M:up]
00:22:24 #8 OK SELECT id=1573361 via doris-1 rows=10041 [doris-1:f:up doris-2:f:up doris-3:M:up]
00:22:25 #9 OK DELETE id=1573361 via doris-1 rows=10040 [doris-1:f:up doris-2:f:up doris-3:M:up]
00:22:26 #10 OK SELECT id=1573361 via doris-1 rows=10039 [doris-1:f:up doris-2:f:up doris-3:M:up]
00:22:27 #11 OK INSERT id=1573362 via doris-1 rows=10040 [doris-1:f:up doris-2:f:up doris-3:M:up]
00:22:28 #12 OK UPSERT id=1573362 via doris-1 rows=10041 [doris-1:f:up doris-2:f:up doris-3:M:up]
00:22:29 #13 OK SELECT id=1573362 via doris-1 rows=10041 [doris-1:f:up doris-2:f:up doris-3:M:up]
00:22:30 #14 OK DELETE id=1573362 via doris-1 rows=10040 [doris-1:f:up doris-2:f:up doris-3:M:up]
00:22:31 #15 OK SELECT id=1573362 via doris-1 rows=10039 [doris-1:f:up doris-2:f:up doris-3:M:up]
00:22:32 #16 OK INSERT id=1573363 via doris-1 rows=10040 [doris-1:f:up doris-2:f:up doris-3:M:up]
00:22:33 #17 OK UPSERT id=1573363 via doris-1 rows=10041 [doris-1:f:up doris-2:f:up doris-3:M:up]
00:22:34 #18 OK SELECT id=1573363 via doris-1 rows=10041 [doris-1:f:up doris-2:f:up doris-3:M:up]
00:22:35 #19 OK DELETE id=1573363 via doris-1 rows=10040 [doris-1:f:up doris-2:f:up doris-3:M:up]
00:22:36 #20 OK SELECT id=1573363 via doris-1 rows=10039 [doris-1:f:up doris-2:f:up doris-3:M:up]
00:22:37 #21 OK INSERT id=1573364 via doris-1 rows=10040 [doris-1:f:up doris-2:f:up doris-3:M:up]
00:22:39 #22 OK UPSERT id=1573364 via doris-1 rows=10041 [doris-1:f:up doris-2:f:up doris-3:M:up]
00:22:40 #23 OK SELECT id=1573364 via doris-1 rows=10041 [doris-1:f:up doris-2:f:up doris-3:M:up]
00:22:41 #24 OK DELETE id=1573364 via doris-1 rows=10040 [doris-1:f:up doris-2:f:up doris-3:M:up]
00:22:42 #25 OK SELECT id=1573364 via doris-1 rows=10039 [doris-1:f:up doris-2:f:up doris-3:M:up]
00:22:43 #26 OK INSERT id=1573365 via doris-1 rows=10040 [doris-1:f:up doris-2:f:up doris-3:M:up]
00:22:44 #27 OK UPSERT id=1573365 via doris-1 rows=10041 [doris-1:f:up doris-2:f:up doris-3:M:up]
00:22:45 #28 OK SELECT id=1573365 via doris-1 rows=10041 [doris-1:f:up doris-2:f:up doris-3:M:up]
00:22:46 #29 OK DELETE id=1573365 via doris-1 rows=10040 [doris-1:f:up doris-2:f:up doris-3:M:up]
00:22:47 #30 OK SELECT id=1573365 via doris-1 rows=10039 [doris-1:f:up doris-2:f:up doris-3:M:up]
00:22:48 #31 OK INSERT id=1573366 via doris-1 rows=10040 [doris-1:f:up doris-2:f:up doris-3:M:up]
00:22:49 #32 OK UPSERT id=1573366 via doris-1 rows=10041 [doris-1:f:up doris-2:f:up doris-3:M:up]
00:22:50 EVENT break: be crash on doris-1 (FE follower)
00:22:50 #33 OK SELECT id=1573366 via doris-1 rows=10041 [doris-1:f:up doris-2:f:up doris-3:M:up]
00:22:51 #34 OK DELETE id=1573366 via doris-1 rows=10040 [doris-1:f:up doris-2:f:up doris-3:M:up]
00:22:52 #35 FAIL SELECT id=1573366 via doris-1: OperationalError: (1105, 'RpcException, msg: send fragments failed. io.grpc.StatusRuntimeException: UNAVAILABLE: io exception, h
00:22:53 connected to doris-1 (10.140.0.2)
00:23:00 #36 OK INSERT id=1573367 via doris-1 rows=10040 [doris-1:f:up doris-2:f:up doris-3:M:up] (recovered)
00:23:01 #37 OK UPSERT id=1573367 via doris-1 rows=10040 [doris-1:f:up doris-2:f:up doris-3:M:up]
00:23:02 #38 OK SELECT id=1573367 via doris-1 rows=10040 [doris-1:f:up doris-2:f:up doris-3:M:up]
00:23:03 #39 OK DELETE id=1573367 via doris-1 rows=10040 [doris-1:f:up doris-2:f:up doris-3:M:up]
00:23:04 #40 OK SELECT id=1573367 via doris-1 rows=10040 [doris-1:f:up doris-2:f:up doris-3:M:up]
00:23:05 #41 OK INSERT id=1573368 via doris-1 rows=10041 [doris-1:f:up doris-2:f:up doris-3:M:up]
00:23:06 #42 OK UPSERT id=1573368 via doris-1 rows=10040 [doris-1:f:up doris-2:f:up doris-3:M:up]
00:23:07 #43 OK SELECT id=1573368 via doris-1 rows=10040 [doris-1:f:up doris-2:f:up doris-3:M:up]
00:23:08 EVENT recovered: be restarted by systemd on doris-1 (+9s)
00:23:08 #44 OK DELETE id=1573368 via doris-1 rows=10040 [doris-1:f:up doris-2:f:up doris-3:M:up]
00:23:09 #45 OK SELECT id=1573368 via doris-1 rows=10040 [doris-1:f:up doris-2:f:up doris-3:M:up]
00:23:18 #46 FAIL INSERT id=1573369 via doris-1: OperationalError: (2013, 'Lost connection to MySQL server during query (timed out)')
00:23:19 connected to doris-1 (10.140.0.2)
00:23:20 #47 OK INSERT id=1573370 via doris-1 rows=10041 [doris-1:f:up doris-2:f:up doris-3:M:up] (recovered)
00:23:21 #48 OK UPSERT id=1573370 via doris-1 rows=10042 [doris-1:f:up doris-2:f:up doris-3:M:up]
00:23:22 #49 OK SELECT id=1573370 via doris-1 rows=10042 [doris-1:f:up doris-2:f:up doris-3:M:up]
00:23:23 #50 OK DELETE id=1573370 via doris-1 rows=10040 [doris-1:f:up doris-2:f:up doris-3:M:up]
00:23:24 #51 OK SELECT id=1573370 via doris-1 rows=10040 [doris-1:f:up doris-2:f:up doris-3:M:up]
00:23:25 #52 OK INSERT id=1573371 via doris-1 rows=10042 [doris-1:f:up doris-2:f:up doris-3:M:up]
00:23:26 #53 OK UPSERT id=1573371 via doris-1 rows=10042 [doris-1:f:up doris-2:f:up doris-3:M:up]
00:23:27 #54 OK SELECT id=1573371 via doris-1 rows=10042 [doris-1:f:up doris-2:f:up doris-3:M:up]
00:23:28 #55 OK DELETE id=1573371 via doris-1 rows=10040 [doris-1:f:up doris-2:f:up doris-3:M:up]
00:23:29 #56 OK SELECT id=1573371 via doris-1 rows=10040 [doris-1:f:up doris-2:f:up doris-3:M:up]
00:23:30 #57 OK INSERT id=1573372 via doris-1 rows=10041 [doris-1:f:up doris-2:f:up doris-3:M:up]
00:23:31 #58 OK UPSERT id=1573372 via doris-1 rows=10042 [doris-1:f:up doris-2:f:up doris-3:M:up]
00:23:32 #59 OK SELECT id=1573372 via doris-1 rows=10042 [doris-1:f:up doris-2:f:up doris-3:M:up]
00:23:33 #60 OK DELETE id=1573372 via doris-1 rows=10040 [doris-1:f:up doris-2:f:up doris-3:M:up]
00:23:34 #61 OK SELECT id=1573372 via doris-1 rows=10040 [doris-1:f:up doris-2:f:up doris-3:M:up]
00:23:36 #62 OK INSERT id=1573373 via doris-1 rows=10041 [doris-1:f:up doris-2:f:up doris-3:M:up]
00:23:37 #63 OK UPSERT id=1573373 via doris-1 rows=10042 [doris-1:f:up doris-2:f:up doris-3:M:up]
00:23:38 #64 OK SELECT id=1573373 via doris-1 rows=10042 [doris-1:f:up doris-2:f:up doris-3:M:up]
00:23:39 #65 OK DELETE id=1573373 via doris-1 rows=10040 [doris-1:f:up doris-2:f:up doris-3:M:up]
00:23:40 #66 OK SELECT id=1573373 via doris-1 rows=10040 [doris-1:f:up doris-2:f:up doris-3:M:up]
00:23:41 #67 OK INSERT id=1573374 via doris-1 rows=10042 [doris-1:f:up doris-2:f:up doris-3:M:up]
00:23:42 #68 OK UPSERT id=1573374 via doris-1 rows=10042 [doris-1:f:up doris-2:f:up doris-3:M:up]
00:23:43 #69 OK SELECT id=1573374 via doris-1 rows=10042 [doris-1:f:up doris-2:f:up doris-3:M:up]
00:23:44 #70 OK DELETE id=1573374 via doris-1 rows=10040 [doris-1:f:up doris-2:f:up doris-3:M:up]
00:23:45 #71 OK SELECT id=1573374 via doris-1 rows=10040 [doris-1:f:up doris-2:f:up doris-3:M:up]
00:23:46 #72 OK INSERT id=1573375 via doris-1 rows=10042 [doris-1:f:up doris-2:f:up doris-3:M:up]
00:23:47 #73 OK UPSERT id=1573375 via doris-1 rows=10042 [doris-1:f:up doris-2:f:up doris-3:M:up]
00:23:48 #74 OK SELECT id=1573375 via doris-1 rows=10042 [doris-1:f:up doris-2:f:up doris-3:M:up]
00:23:49 #75 OK DELETE id=1573375 via doris-1 rows=10040 [doris-1:f:up doris-2:f:up doris-3:M:up]
00:23:50 #76 OK SELECT id=1573375 via doris-1 rows=10040 [doris-1:f:up doris-2:f:up doris-3:M:up]
00:23:51 #77 OK INSERT id=1573376 via doris-1 rows=10041 [doris-1:f:up doris-2:f:up doris-3:M:up]
00:23:53 #78 OK UPSERT id=1573376 via doris-1 rows=10042 [doris-1:f:up doris-2:f:up doris-3:M:up]
00:23:54 #79 OK SELECT id=1573376 via doris-1 rows=10042 [doris-1:f:up doris-2:f:up doris-3:M:up]
00:23:55 #80 OK DELETE id=1573376 via doris-1 rows=10040 [doris-1:f:up doris-2:f:up doris-3:M:up]
00:23:56 #81 OK SELECT id=1573376 via doris-1 rows=10040 [doris-1:f:up doris-2:f:up doris-3:M:up]
00:23:57 #82 OK INSERT id=1573377 via doris-1 rows=10042 [doris-1:f:up doris-2:f:up doris-3:M:up]
00:23:58 #83 OK UPSERT id=1573377 via doris-1 rows=10042 [doris-1:f:up doris-2:f:up doris-3:M:up]
00:23:59 #84 OK SELECT id=1573377 via doris-1 rows=10042 [doris-1:f:up doris-2:f:up doris-3:M:up]
00:24:00 #85 OK DELETE id=1573377 via doris-1 rows=10040 [doris-1:f:up doris-2:f:up doris-3:M:up]
00:24:01 #86 OK SELECT id=1573377 via doris-1 rows=10040 [doris-1:f:up doris-2:f:up doris-3:M:up]
00:24:02 #87 OK INSERT id=1573378 via doris-1 rows=10042 [doris-1:f:up doris-2:f:up doris-3:M:up]
00:24:03 #88 OK UPSERT id=1573378 via doris-1 rows=10042 [doris-1:f:up doris-2:f:up doris-3:M:up]
00:24:04 #89 OK SELECT id=1573378 via doris-1 rows=10042 [doris-1:f:up doris-2:f:up doris-3:M:up]
00:24:05 #90 OK DELETE id=1573378 via doris-1 rows=10040 [doris-1:f:up doris-2:f:up doris-3:M:up]
00:24:06 #91 OK SELECT id=1573378 via doris-1 rows=10040 [doris-1:f:up doris-2:f:up doris-3:M:up]
00:24:07 #92 OK INSERT id=1573379 via doris-1 rows=10042 [doris-1:f:up doris-2:f:up doris-3:M:up]
00:24:08 #93 OK UPSERT id=1573379 via doris-1 rows=10042 [doris-1:f:up doris-2:f:up doris-3:M:up]
00:24:09 #94 OK SELECT id=1573379 via doris-1 rows=10042 [doris-1:f:up doris-2:f:up doris-3:M:up]
00:24:11 #95 OK DELETE id=1573379 via doris-1 rows=10040 [doris-1:f:up doris-2:f:up doris-3:M:up]
00:24:12 #96 OK SELECT id=1573379 via doris-1 rows=10040 [doris-1:f:up doris-2:f:up doris-3:M:up]
00:24:13 #97 OK INSERT id=1573380 via doris-1 rows=10042 [doris-1:f:up doris-2:f:up doris-3:M:up]
00:24:14 #98 OK UPSERT id=1573380 via doris-1 rows=10042 [doris-1:f:up doris-2:f:up doris-3:M:up]
00:24:15 #99 OK SELECT id=1573380 via doris-1 rows=10042 [doris-1:f:up doris-2:f:up doris-3:M:up]
00:24:16 #100 OK DELETE id=1573380 via doris-1 rows=10040 [doris-1:f:up doris-2:f:up doris-3:M:up]
00:24:17 #101 OK SELECT id=1573380 via doris-1 rows=10040 [doris-1:f:up doris-2:f:up doris-3:M:up]
00:24:18 #102 OK INSERT id=1573381 via doris-1 rows=10041 [doris-1:f:up doris-2:f:up doris-3:M:up]
00:24:19 #103 OK UPSERT id=1573381 via doris-1 rows=10042 [doris-1:f:up doris-2:f:up doris-3:M:up]
00:24:20 #104 OK SELECT id=1573381 via doris-1 rows=10042 [doris-1:f:up doris-2:f:up doris-3:M:up]
00:24:21 #105 OK DELETE id=1573381 via doris-1 rows=10040 [doris-1:f:up doris-2:f:up doris-3:M:up]
00:24:22 #106 OK SELECT id=1573381 via doris-1 rows=10040 [doris-1:f:up doris-2:f:up doris-3:M:up]
00:24:23 #107 OK INSERT id=1573382 via doris-1 rows=10042 [doris-1:f:up doris-2:f:up doris-3:M:up]
00:24:24 #108 OK UPSERT id=1573382 via doris-1 rows=10042 [doris-1:f:up doris-2:f:up doris-3:M:up]
00:24:25 #109 OK SELECT id=1573382 via doris-1 rows=10042 [doris-1:f:up doris-2:f:up doris-3:M:up]
00:24:26 #110 OK DELETE id=1573382 via doris-1 rows=10040 [doris-1:f:up doris-2:f:up doris-3:M:up]
00:24:28 #111 OK SELECT id=1573382 via doris-1 rows=10040 [doris-1:f:up doris-2:f:up doris-3:M:up]
00:24:29 #112 OK INSERT id=1573383 via doris-1 rows=10042 [doris-1:f:up doris-2:f:up doris-3:M:up]
00:24:30 #113 OK UPSERT id=1573383 via doris-1 rows=10042 [doris-1:f:up doris-2:f:up doris-3:M:up]
00:24:31 #114 OK SELECT id=1573383 via doris-1 rows=10042 [doris-1:f:up doris-2:f:up doris-3:M:up]
00:24:32 #115 OK DELETE id=1573383 via doris-1 rows=10040 [doris-1:f:up doris-2:f:up doris-3:M:up]
00:24:33 #116 OK SELECT id=1573383 via doris-1 rows=10040 [doris-1:f:up doris-2:f:up doris-3:M:up]
00:24:34 #117 OK INSERT id=1573384 via doris-1 rows=10042 [doris-1:f:up doris-2:f:up doris-3:M:up]
00:24:35 #118 OK UPSERT id=1573384 via doris-1 rows=10042 [doris-1:f:up doris-2:f:up doris-3:M:up]
00:24:36 #119 OK SELECT id=1573384 via doris-1 rows=10042 [doris-1:f:up doris-2:f:up doris-3:M:up]
00:24:37 #120 OK DELETE id=1573384 via doris-1 rows=10040 [doris-1:f:up doris-2:f:up doris-3:M:up]
00:24:38 #121 OK SELECT id=1573384 via doris-1 rows=10040 [doris-1:f:up doris-2:f:up doris-3:M:up]
00:24:39 #122 OK INSERT id=1573385 via doris-1 rows=10041 [doris-1:f:up doris-2:f:up doris-3:M:up]
00:24:40 #123 OK UPSERT id=1573385 via doris-1 rows=10042 [doris-1:f:up doris-2:f:up doris-3:M:up]
00:24:41 #124 OK SELECT id=1573385 via doris-1 rows=10042 [doris-1:f:up doris-2:f:up doris-3:M:up]
00:24:42 #125 OK DELETE id=1573385 via doris-1 rows=10040 [doris-1:f:up doris-2:f:up doris-3:M:up]
00:24:43 #126 OK SELECT id=1573385 via doris-1 rows=10040 [doris-1:f:up doris-2:f:up doris-3:M:up]
00:24:44 EVENT restore: verify be on doris-1
00:24:44 #127 OK INSERT id=1573386 via doris-1 rows=10041 [doris-1:f:up doris-2:f:up doris-3:M:up]
00:24:46 #128 OK UPSERT id=1573386 via doris-1 rows=10042 [doris-1:f:up doris-2:f:up doris-3:M:up]
00:24:47 #129 OK SELECT id=1573386 via doris-1 rows=10042 [doris-1:f:up doris-2:f:up doris-3:M:up]
00:24:48 #130 OK DELETE id=1573386 via doris-1 rows=10040 [doris-1:f:up doris-2:f:up doris-3:M:up]
00:24:49 #131 OK SELECT id=1573386 via doris-1 rows=10040 [doris-1:f:up doris-2:f:up doris-3:M:up]
00:24:50 #132 OK INSERT id=1573387 via doris-1 rows=10041 [doris-1:f:up doris-2:f:up doris-3:M:up]
00:24:50 EVENT restore: cluster healthy
00:24:51 #133 OK UPSERT id=1573387 via doris-1 rows=10042 [doris-1:f:up doris-2:f:up doris-3:M:up]
00:24:52 #134 OK SELECT id=1573387 via doris-1 rows=10042 [doris-1:f:up doris-2:f:up doris-3:M:up]
00:24:53 #135 OK DELETE id=1573387 via doris-1 rows=10040 [doris-1:f:up doris-2:f:up doris-3:M:up]
00:24:54 #136 OK SELECT id=1573387 via doris-1 rows=10040 [doris-1:f:up doris-2:f:up doris-3:M:up]
00:24:55 #137 OK INSERT id=1573388 via doris-1 rows=10041 [doris-1:f:up doris-2:f:up doris-3:M:up]
00:24:56 #138 OK UPSERT id=1573388 via doris-1 rows=10042 [doris-1:f:up doris-2:f:up doris-3:M:up]
00:24:57 #139 OK SELECT id=1573388 via doris-1 rows=10042 [doris-1:f:up doris-2:f:up doris-3:M:up]
00:24:58 #140 OK DELETE id=1573388 via doris-1 rows=10041 [doris-1:f:up doris-2:f:up doris-3:M:up]
00:24:59 #141 OK SELECT id=1573388 via doris-1 rows=10040 [doris-1:f:up doris-2:f:up doris-3:M:up]
00:25:00 #142 OK INSERT id=1573389 via doris-1 rows=10042 [doris-1:f:up doris-2:f:up doris-3:M:up]
00:25:01 #143 OK UPSERT id=1573389 via doris-1 rows=10042 [doris-1:f:up doris-2:f:up doris-3:M:up]
00:25:03 #144 OK SELECT id=1573389 via doris-1 rows=10042 [doris-1:f:up doris-2:f:up doris-3:M:up]
00:25:04 #145 OK DELETE id=1573389 via doris-1 rows=10040 [doris-1:f:up doris-2:f:up doris-3:M:up]
00:25:05 #146 OK SELECT id=1573389 via doris-1 rows=10040 [doris-1:f:up doris-2:f:up doris-3:M:up]
00:25:06 #147 OK INSERT id=1573390 via doris-1 rows=10041 [doris-1:f:up doris-2:f:up doris-3:M:up]
00:25:07 #148 OK UPSERT id=1573390 via doris-1 rows=10042 [doris-1:f:up doris-2:f:up doris-3:M:up]
00:25:08 #149 OK SELECT id=1573390 via doris-1 rows=10042 [doris-1:f:up doris-2:f:up doris-3:M:up]
00:25:09 #150 OK DELETE id=1573390 via doris-1 rows=10040 [doris-1:f:up doris-2:f:up doris-3:M:up]
00:25:10 #151 OK SELECT id=1573390 via doris-1 rows=10040 [doris-1:f:up doris-2:f:up doris-3:M:up]
00:25:11 #152 OK INSERT id=1573391 via doris-1 rows=10041 [doris-1:f:up doris-2:f:up doris-3:M:up]
00:25:12 #153 OK UPSERT id=1573391 via doris-1 rows=10042 [doris-1:f:up doris-2:f:up doris-3:M:up]
00:25:13 #154 OK SELECT id=1573391 via doris-1 rows=10042 [doris-1:f:up doris-2:f:up doris-3:M:up]
00:25:14 #155 OK DELETE id=1573391 via doris-1 rows=10040 [doris-1:f:up doris-2:f:up doris-3:M:up]
00:25:15 #156 OK SELECT id=1573391 via doris-1 rows=10040 [doris-1:f:up doris-2:f:up doris-3:M:up]
00:25:16 #157 OK INSERT id=1573392 via doris-1 rows=10041 [doris-1:f:up doris-2:f:up doris-3:M:up]
