16:09:50 PROBE start proto=jdbc hosts=doris-2,doris-1,doris-3 duration=86400s cycle=INSERT>UPSERT>SELECT>DELETE>SELECT url=jdbc:mysql://10.140.0.3:9030,10.140.0.2:9030,10.140.0.4:9030/hatest
16:09:51 connected to doris-2 (driver-selected host)
16:09:51 #1 OK INSERT id=2597900 via doris-2 rows=10165 [doris-1:f:up doris-2:M:up doris-3:f:up]
16:09:52 #2 OK UPSERT id=2597900 via doris-2 rows=10166 [doris-1:f:up doris-2:M:up doris-3:f:up]
16:09:53 #3 OK SELECT id=2597900 via doris-2 rows=10166 [doris-1:f:up doris-2:M:up doris-3:f:up]
16:09:54 #4 OK DELETE id=2597900 via doris-2 rows=10164 [doris-1:f:up doris-2:M:up doris-3:f:up]
16:09:55 #5 OK SELECT id=2597900 via doris-2 rows=10163 [doris-1:f:up doris-2:M:up doris-3:f:up]
16:09:56 #6 OK INSERT id=2597901 via doris-2 rows=10165 [doris-1:f:up doris-2:M:up doris-3:f:up]
16:09:57 #7 OK UPSERT id=2597901 via doris-2 rows=10166 [doris-1:f:up doris-2:M:up doris-3:f:up]
16:09:59 #8 OK SELECT id=2597901 via doris-2 rows=10166 [doris-1:f:up doris-2:M:up doris-3:f:up]
16:10:00 #9 OK DELETE id=2597901 via doris-2 rows=10164 [doris-1:f:up doris-2:M:up doris-3:f:up]
16:10:01 #10 OK SELECT id=2597901 via doris-2 rows=10163 [doris-1:f:up doris-2:M:up doris-3:f:up]
16:10:02 #11 OK INSERT id=2597902 via doris-2 rows=10165 [doris-1:f:up doris-2:M:up doris-3:f:up]
16:10:03 #12 OK UPSERT id=2597902 via doris-2 rows=10166 [doris-1:f:up doris-2:M:up doris-3:f:up]
16:10:04 #13 OK SELECT id=2597902 via doris-2 rows=10166 [doris-1:f:up doris-2:M:up doris-3:f:up]
16:10:05 #14 OK DELETE id=2597902 via doris-2 rows=10164 [doris-1:f:up doris-2:M:up doris-3:f:up]
16:10:06 #15 OK SELECT id=2597902 via doris-2 rows=10163 [doris-1:f:up doris-2:M:up doris-3:f:up]
16:10:07 #16 OK INSERT id=2597903 via doris-2 rows=10165 [doris-1:f:up doris-2:M:up doris-3:f:up]
16:10:08 #17 OK UPSERT id=2597903 via doris-2 rows=10166 [doris-1:f:up doris-2:M:up doris-3:f:up]
16:10:09 #18 OK SELECT id=2597903 via doris-2 rows=10166 [doris-1:f:up doris-2:M:up doris-3:f:up]
16:10:10 #19 OK DELETE id=2597903 via doris-2 rows=10164 [doris-1:f:up doris-2:M:up doris-3:f:up]
16:10:12 #20 OK SELECT id=2597903 via doris-2 rows=10163 [doris-1:f:up doris-2:M:up doris-3:f:up]
16:10:13 #21 OK INSERT id=2597904 via doris-2 rows=10165 [doris-1:f:up doris-2:M:up doris-3:f:up]
16:10:14 #22 OK UPSERT id=2597904 via doris-2 rows=10165 [doris-1:f:up doris-2:M:up doris-3:f:up]
16:10:15 #23 OK SELECT id=2597904 via doris-2 rows=10166 [doris-1:f:up doris-2:M:up doris-3:f:up]
16:10:16 #24 OK DELETE id=2597904 via doris-2 rows=10164 [doris-1:f:up doris-2:M:up doris-3:f:up]
16:10:17 #25 OK SELECT id=2597904 via doris-2 rows=10164 [doris-1:f:up doris-2:M:up doris-3:f:up]
16:10:18 #26 OK INSERT id=2597905 via doris-2 rows=10165 [doris-1:f:up doris-2:M:up doris-3:f:up]
16:10:19 #27 OK UPSERT id=2597905 via doris-2 rows=10165 [doris-1:f:up doris-2:M:up doris-3:f:up]
16:10:20 #28 OK SELECT id=2597905 via doris-2 rows=10166 [doris-1:f:up doris-2:M:up doris-3:f:up]
16:10:21 #29 OK DELETE id=2597905 via doris-2 rows=10164 [doris-1:f:up doris-2:M:up doris-3:f:up]
16:10:22 #30 OK SELECT id=2597905 via doris-2 rows=10164 [doris-1:f:up doris-2:M:up doris-3:f:up]
16:10:23 #31 OK INSERT id=2597906 via doris-2 rows=10165 [doris-1:f:up doris-2:M:up doris-3:f:up]
16:10:24 EVENT break: vm stop on doris-2 (FE master)
16:10:25 #32 OK UPSERT id=2597906 via doris-2 rows=10165 [doris-1:f:up doris-2:M:up doris-3:f:up]
16:10:26 #33 OK SELECT id=2597906 via doris-2 rows=10166 [doris-1:f:up doris-2:M:up doris-3:f:up]
16:10:27 #34 OK DELETE id=2597906 via doris-2 rows=10164 [doris-1:f:up doris-2:M:up doris-3:f:up]
16:10:28 #35 FAIL SELECT id=2597906 via doris-2: SQLException: ForwardToMasterException, msg: forward to master FE TNetworkAddress(hostname:10.140.0.3, port:9020), statement
16:10:29 #36 FAIL INSERT id=2597907 via doris-2: SQLException: Exception, msg: Failed to get master client.
16:10:29 #36 FAIL SELECT(check) id=1 via -: SQLException: Exception, msg: Failed to get master client.
16:10:42 connected to doris-2 (driver-selected host)
16:10:48 EVENT break: doris-2 is down
16:10:50 #37 FAIL INSERT id=2597908 via doris-2: CommunicationsException: Communications link failure  The last packet successfully received from the server was 8,009 milliseconds ago.
16:11:01 #37 OK SELECT(check) id=1 via -
16:11:05 connected to doris-1 (driver-selected host)
16:11:05 #38 OK INSERT id=2597909 via doris-1 rows=10167 [doris-1:f:up doris-2:f:DOWN doris-3:M:up] (recovered)
16:11:06 #39 OK UPSERT id=2597909 via doris-1 rows=10167 [doris-1:f:up doris-2:f:DOWN doris-3:M:up]
16:11:07 #40 OK SELECT id=2597909 via doris-1 rows=10166 [doris-1:f:up doris-2:f:DOWN doris-3:M:up]
16:11:08 #41 OK DELETE id=2597909 via doris-1 rows=10165 [doris-1:f:up doris-2:f:DOWN doris-3:M:up]
16:11:09 #42 OK SELECT id=2597909 via doris-1 rows=10166 [doris-1:f:up doris-2:f:DOWN doris-3:M:up]
16:11:10 #43 OK INSERT id=2597910 via doris-1 rows=10167 [doris-1:f:up doris-2:f:DOWN doris-3:M:up]
16:11:11 #44 OK UPSERT id=2597910 via doris-1 rows=10167 [doris-1:f:up doris-2:f:DOWN doris-3:M:up]
16:11:13 #45 OK SELECT id=2597910 via doris-1 rows=10166 [doris-1:f:up doris-2:f:DOWN doris-3:M:up]
16:11:14 #46 OK DELETE id=2597910 via doris-1 rows=10165 [doris-1:f:up doris-2:f:DOWN doris-3:M:up]
16:11:15 #47 OK SELECT id=2597910 via doris-1 rows=10166 [doris-1:f:up doris-2:f:DOWN doris-3:M:up]
16:11:16 #48 OK INSERT id=2597911 via doris-1 rows=10167 [doris-1:f:up doris-2:f:DOWN doris-3:M:up]
16:11:17 #49 OK UPSERT id=2597911 via doris-1 rows=10167 [doris-1:f:up doris-2:f:DOWN doris-3:M:up]
16:11:18 #50 OK SELECT id=2597911 via doris-1 rows=10166 [doris-1:f:up doris-2:f:DOWN doris-3:M:up]
16:11:19 #51 OK DELETE id=2597911 via doris-1 rows=10165 [doris-1:f:up doris-2:f:DOWN doris-3:M:up]
16:11:20 #52 OK SELECT id=2597911 via doris-1 rows=10166 [doris-1:f:up doris-2:f:DOWN doris-3:M:up]
16:11:21 #53 OK INSERT id=2597912 via doris-1 rows=10167 [doris-1:f:up doris-2:f:DOWN doris-3:M:up]
16:11:25 #54 OK UPSERT id=2597912 via doris-1 rows=10167 [doris-1:f:up doris-2:f:DOWN doris-3:M:up]
16:11:26 #55 OK SELECT id=2597912 via doris-1 rows=10167 [doris-1:f:up doris-2:f:DOWN doris-3:M:up]
16:11:27 #56 OK DELETE id=2597912 via doris-1 rows=10166 [doris-1:f:up doris-2:f:DOWN doris-3:M:up]
16:11:28 #57 OK SELECT id=2597912 via doris-1 rows=10165 [doris-1:f:up doris-2:f:DOWN doris-3:M:up]
16:11:29 #58 OK INSERT id=2597913 via doris-1 rows=10166 [doris-1:f:up doris-2:f:DOWN doris-3:M:up]
16:11:31 #59 OK UPSERT id=2597913 via doris-1 rows=10167 [doris-1:f:up doris-2:f:DOWN doris-3:M:up]
16:11:32 #60 OK SELECT id=2597913 via doris-1 rows=10167 [doris-1:f:up doris-2:f:DOWN doris-3:M:up]
16:11:33 #61 OK DELETE id=2597913 via doris-1 rows=10166 [doris-1:f:up doris-2:f:DOWN doris-3:M:up]
16:11:34 #62 OK SELECT id=2597913 via doris-1 rows=10165 [doris-1:f:up doris-2:f:DOWN doris-3:M:up]
16:11:35 #63 OK INSERT id=2597914 via doris-1 rows=10166 [doris-1:f:up doris-2:f:DOWN doris-3:M:up]
16:11:36 #64 OK UPSERT id=2597914 via doris-1 rows=10167 [doris-1:f:up doris-2:f:DOWN doris-3:M:up]
16:11:37 #65 OK SELECT id=2597914 via doris-1 rows=10167 [doris-1:f:up doris-2:f:DOWN doris-3:M:up]
16:11:38 #66 OK DELETE id=2597914 via doris-1 rows=10166 [doris-1:f:up doris-2:f:DOWN doris-3:M:up]
16:11:39 #67 OK SELECT id=2597914 via doris-1 rows=10165 [doris-1:f:up doris-2:f:DOWN doris-3:M:up]
16:11:40 #68 OK INSERT id=2597915 via doris-1 rows=10166 [doris-1:f:up doris-2:f:DOWN doris-3:M:up]
16:11:41 #69 OK UPSERT id=2597915 via doris-1 rows=10167 [doris-1:f:up doris-2:f:DOWN doris-3:M:up]
16:11:45 #70 OK SELECT id=2597915 via doris-1 rows=10167 [doris-1:f:up doris-2:f:DOWN doris-3:M:up]
16:11:46 #71 OK DELETE id=2597915 via doris-1 rows=10165 [doris-1:f:up doris-2:f:DOWN doris-3:M:up]
16:11:47 #72 OK SELECT id=2597915 via doris-1 rows=10166 [doris-1:f:up doris-2:f:DOWN doris-3:M:up]
16:11:48 #73 OK INSERT id=2597916 via doris-1 rows=10167 [doris-1:f:up doris-2:f:DOWN doris-3:M:up]
16:11:50 #74 OK UPSERT id=2597916 via doris-1 rows=10167 [doris-1:f:up doris-2:f:DOWN doris-3:M:up]
16:11:51 #75 OK SELECT id=2597916 via doris-1 rows=10166 [doris-1:f:up doris-2:f:DOWN doris-3:M:up]
16:11:52 #76 OK DELETE id=2597916 via doris-1 rows=10165 [doris-1:f:up doris-2:f:DOWN doris-3:M:up]
16:11:53 #77 OK SELECT id=2597916 via doris-1 rows=10166 [doris-1:f:up doris-2:f:DOWN doris-3:M:up]
16:11:54 #78 OK INSERT id=2597917 via doris-1 rows=10167 [doris-1:f:up doris-2:f:DOWN doris-3:M:up]
16:11:55 #79 OK UPSERT id=2597917 via doris-1 rows=10167 [doris-1:f:up doris-2:f:DOWN doris-3:M:up]
16:11:56 #80 OK SELECT id=2597917 via doris-1 rows=10166 [doris-1:f:up doris-2:f:DOWN doris-3:M:up]
16:11:57 #81 OK DELETE id=2597917 via doris-1 rows=10165 [doris-1:f:up doris-2:f:DOWN doris-3:M:up]
16:11:58 #82 OK SELECT id=2597917 via doris-1 rows=10166 [doris-1:f:up doris-2:f:DOWN doris-3:M:up]
16:11:59 #83 OK INSERT id=2597918 via doris-1 rows=10167 [doris-1:f:up doris-2:f:DOWN doris-3:M:up]
16:12:00 #84 OK UPSERT id=2597918 via doris-1 rows=10167 [doris-1:f:up doris-2:f:DOWN doris-3:M:up]
16:12:01 #85 OK SELECT id=2597918 via doris-1 rows=10166 [doris-1:f:up doris-2:f:DOWN doris-3:M:up]
16:12:02 #86 OK DELETE id=2597918 via doris-1 rows=10165 [doris-1:f:up doris-2:f:DOWN doris-3:M:up]
16:12:06 #87 OK SELECT id=2597918 via doris-1 rows=10166 [doris-1:f:up doris-2:f:DOWN doris-3:M:up]
16:12:07 #88 OK INSERT id=2597919 via doris-1 rows=10166 [doris-1:f:up doris-2:f:DOWN doris-3:M:up]
16:12:09 #89 OK UPSERT id=2597919 via doris-1 rows=10167 [doris-1:f:up doris-2:f:DOWN doris-3:M:up]
16:12:10 #90 OK SELECT id=2597919 via doris-1 rows=10167 [doris-1:f:up doris-2:f:DOWN doris-3:M:up]
16:12:11 #91 OK DELETE id=2597919 via doris-1 rows=10166 [doris-1:f:up doris-2:f:DOWN doris-3:M:up]
16:12:12 #92 OK SELECT id=2597919 via doris-1 rows=10165 [doris-1:f:up doris-2:f:DOWN doris-3:M:up]
16:12:13 #93 OK INSERT id=2597920 via doris-1 rows=10166 [doris-1:f:up doris-2:f:DOWN doris-3:M:up]
16:12:14 #94 OK UPSERT id=2597920 via doris-1 rows=10167 [doris-1:f:up doris-2:f:DOWN doris-3:M:up]
16:12:15 #95 OK SELECT id=2597920 via doris-1 rows=10167 [doris-1:f:up doris-2:f:DOWN doris-3:M:up]
16:12:16 #96 OK DELETE id=2597920 via doris-1 rows=10166 [doris-1:f:up doris-2:f:DOWN doris-3:M:up]
16:12:17 #97 OK SELECT id=2597920 via doris-1 rows=10165 [doris-1:f:up doris-2:f:DOWN doris-3:M:up]
16:12:18 #98 OK INSERT id=2597921 via doris-1 rows=10166 [doris-1:f:up doris-2:f:DOWN doris-3:M:up]
16:12:19 #99 OK UPSERT id=2597921 via doris-1 rows=10167 [doris-1:f:up doris-2:f:DOWN doris-3:M:up]
16:12:20 #100 OK SELECT id=2597921 via doris-1 rows=10167 [doris-1:f:up doris-2:f:DOWN doris-3:M:up]
16:12:21 #101 OK DELETE id=2597921 via doris-1 rows=10166 [doris-1:f:up doris-2:f:DOWN doris-3:M:up]
16:12:22 #102 OK SELECT id=2597921 via doris-1 rows=10165 [doris-1:f:up doris-2:f:DOWN doris-3:M:up]
16:12:23 #103 OK INSERT id=2597922 via doris-1 rows=10166 [doris-1:f:up doris-2:f:DOWN doris-3:M:up]
16:12:25 EVENT restore: start doris-2
16:12:27 #104 OK UPSERT id=2597922 via doris-1 rows=10166 [doris-1:f:up doris-2:f:DOWN doris-3:M:up]
16:12:28 #105 OK SELECT id=2597922 via doris-1 rows=10166 [doris-1:f:up doris-2:f:DOWN doris-3:M:up]
16:12:30 #106 OK DELETE id=2597922 via doris-1 rows=10166 [doris-1:f:up doris-2:f:DOWN doris-3:M:up]
16:12:31 #107 OK SELECT id=2597922 via doris-1 rows=10166 [doris-1:f:up doris-2:f:DOWN doris-3:M:up]
16:12:32 #108 OK INSERT id=2597923 via doris-1 rows=10167 [doris-1:f:up doris-2:f:DOWN doris-3:M:up]
16:12:33 #109 OK UPSERT id=2597923 via doris-1 rows=10166 [doris-1:f:up doris-2:f:DOWN doris-3:M:up]
16:12:34 #110 OK SELECT id=2597923 via doris-1 rows=10166 [doris-1:f:up doris-2:f:DOWN doris-3:M:up]
16:12:35 #111 OK DELETE id=2597923 via doris-1 rows=10166 [doris-1:f:up doris-2:f:DOWN doris-3:M:up]
16:12:36 #112 OK SELECT id=2597923 via doris-1 rows=10166 [doris-1:f:up doris-2:f:DOWN doris-3:M:up]
16:12:37 #113 OK INSERT id=2597924 via doris-1 rows=10167 [doris-1:f:up doris-2:f:DOWN doris-3:M:up]
16:12:38 #114 OK UPSERT id=2597924 via doris-1 rows=10166 [doris-1:f:up doris-2:f:DOWN doris-3:M:up]
16:12:39 #115 OK SELECT id=2597924 via doris-1 rows=10166 [doris-1:f:up doris-2:f:DOWN doris-3:M:up]
16:12:40 #116 OK DELETE id=2597924 via doris-1 rows=10166 [doris-1:f:up doris-2:f:DOWN doris-3:M:up]
16:12:41 #117 OK SELECT id=2597924 via doris-1 rows=10166 [doris-1:f:up doris-2:f:DOWN doris-3:M:up]
16:12:42 #118 OK INSERT id=2597925 via doris-1 rows=10167 [doris-1:f:up doris-2:f:DOWN doris-3:M:up]
16:12:43 #119 OK UPSERT id=2597925 via doris-1 rows=10166 [doris-1:f:up doris-2:f:DOWN doris-3:M:up]
16:12:47 #120 OK SELECT id=2597925 via doris-1 rows=10166 [doris-1:f:up doris-2:f:DOWN doris-3:M:up]
16:12:48 #121 OK DELETE id=2597925 via doris-1 rows=10165 [doris-1:f:up doris-2:f:DOWN doris-3:M:up]
16:12:49 #122 OK SELECT id=2597925 via doris-1 rows=10165 [doris-1:f:up doris-2:f:DOWN doris-3:M:up]
16:12:51 #123 OK INSERT id=2597926 via doris-1 rows=10167 [doris-1:f:up doris-2:f:DOWN doris-3:M:up]
16:12:52 #124 OK UPSERT id=2597926 via doris-1 rows=10167 [doris-1:f:up doris-2:f:DOWN doris-3:M:up]
16:12:53 #125 OK SELECT id=2597926 via doris-1 rows=10167 [doris-1:f:up doris-2:f:DOWN doris-3:M:up]
16:12:54 #126 OK DELETE id=2597926 via doris-1 rows=10165 [doris-1:f:up doris-2:f:DOWN doris-3:M:up]
16:12:55 #127 OK SELECT id=2597926 via doris-1 rows=10165 [doris-1:f:up doris-2:f:DOWN doris-3:M:up]
16:12:56 #128 OK INSERT id=2597927 via doris-1 rows=10167 [doris-1:f:up doris-2:f:DOWN doris-3:M:up]
16:12:57 #129 OK UPSERT id=2597927 via doris-1 rows=10167 [doris-1:f:up doris-2:f:DOWN doris-3:M:up]
16:12:58 #130 OK SELECT id=2597927 via doris-1 rows=10167 [doris-1:f:up doris-2:f:DOWN doris-3:M:up]
16:12:59 #131 OK DELETE id=2597927 via doris-1 rows=10165 [doris-1:f:up doris-2:f:DOWN doris-3:M:up]
16:13:00 #132 OK SELECT id=2597927 via doris-1 rows=10165 [doris-1:f:up doris-2:f:DOWN doris-3:M:up]
16:13:01 #133 OK INSERT id=2597928 via doris-1 rows=10167 [doris-1:f:up doris-2:f:DOWN doris-3:M:up]
16:13:02 #134 OK UPSERT id=2597928 via doris-1 rows=10167 [doris-1:f:up doris-2:f:DOWN doris-3:M:up]
16:13:03 #135 OK SELECT id=2597928 via doris-1 rows=10167 [doris-1:f:up doris-2:f:DOWN doris-3:M:up]
16:13:04 #136 OK DELETE id=2597928 via doris-1 rows=10165 [doris-1:f:up doris-2:f:DOWN doris-3:M:up]
16:13:05 #137 OK SELECT id=2597928 via doris-1 rows=10165 [doris-1:f:up doris-2:f:DOWN doris-3:M:up]
16:13:06 #138 OK INSERT id=2597929 via doris-1 rows=10167 [doris-1:f:up doris-2:f:DOWN doris-3:M:up]
16:13:07 #139 OK UPSERT id=2597929 via doris-1 rows=10167 [doris-1:f:up doris-2:f:DOWN doris-3:M:up]
16:13:08 #140 OK SELECT id=2597929 via doris-1 rows=10167 [doris-1:f:up doris-2:f:DOWN doris-3:M:up]
16:13:10 #141 OK DELETE id=2597929 via doris-1 rows=10165 [doris-1:f:up doris-2:f:DOWN doris-3:M:up]
16:13:11 #142 OK SELECT id=2597929 via doris-1 rows=10165 [doris-1:f:up doris-2:f:up doris-3:M:up]
16:13:12 #143 OK INSERT id=2597930 via doris-1 rows=10167 [doris-1:f:up doris-2:f:up doris-3:M:up]
16:13:13 #144 OK UPSERT id=2597930 via doris-1 rows=10167 [doris-1:f:up doris-2:f:up doris-3:M:up]
16:13:14 #145 OK SELECT id=2597930 via doris-1 rows=10167 [doris-1:f:up doris-2:f:up doris-3:M:up]
16:13:15 #146 OK DELETE id=2597930 via doris-1 rows=10165 [doris-1:f:up doris-2:f:up doris-3:M:up]
16:13:16 #147 OK SELECT id=2597930 via doris-1 rows=10165 [doris-1:f:up doris-2:f:up doris-3:M:up]
16:13:17 #148 OK INSERT id=2597931 via doris-1 rows=10167 [doris-1:f:up doris-2:f:up doris-3:M:up]
16:13:18 #149 OK UPSERT id=2597931 via doris-1 rows=10167 [doris-1:f:up doris-2:f:up doris-3:M:up]
16:13:19 #150 OK SELECT id=2597931 via doris-1 rows=10167 [doris-1:f:up doris-2:f:up doris-3:M:up]
16:13:19 EVENT restore: cluster healthy
16:13:20 #151 OK DELETE id=2597931 via doris-1 rows=10165 [doris-1:f:up doris-2:f:up doris-3:M:up]
16:13:21 #152 OK SELECT id=2597931 via doris-1 rows=10165 [doris-1:f:up doris-2:f:up doris-3:M:up]
16:13:22 #153 OK INSERT id=2597932 via doris-1 rows=10167 [doris-1:f:up doris-2:f:up doris-3:M:up]
16:13:27 #154 OK UPSERT id=2597932 via doris-1 rows=10166 [doris-1:f:up doris-2:f:up doris-3:M:up]
16:13:28 #155 OK SELECT id=2597932 via doris-1 rows=10167 [doris-1:f:up doris-2:f:up doris-3:M:up]
16:13:29 #156 OK DELETE id=2597932 via doris-1 rows=10166 [doris-1:f:up doris-2:f:up doris-3:M:up]
16:13:31 #157 OK SELECT id=2597932 via doris-1 rows=10165 [doris-1:f:up doris-2:f:up doris-3:M:up]
16:13:32 #158 OK INSERT id=2597933 via doris-1 rows=10166 [doris-1:f:up doris-2:f:up doris-3:M:up]
16:13:33 #159 OK UPSERT id=2597933 via doris-1 rows=10167 [doris-1:f:up doris-2:f:up doris-3:M:up]
16:13:34 #160 OK SELECT id=2597933 via doris-1 rows=10167 [doris-1:f:up doris-2:f:up doris-3:M:up]
16:13:35 #161 OK DELETE id=2597933 via doris-1 rows=10166 [doris-1:f:up doris-2:f:up doris-3:M:up]
16:13:36 #162 OK SELECT id=2597933 via doris-1 rows=10165 [doris-1:f:up doris-2:f:up doris-3:M:up]
16:13:37 #163 OK INSERT id=2597934 via doris-1 rows=10166 [doris-1:f:up doris-2:f:up doris-3:M:up]
16:13:39 #164 OK UPSERT id=2597934 via doris-1 rows=10167 [doris-1:f:up doris-2:f:up doris-3:M:up]
16:13:40 #165 OK SELECT id=2597934 via doris-1 rows=10167 [doris-1:f:up doris-2:f:up doris-3:M:up]
16:13:41 #166 OK DELETE id=2597934 via doris-1 rows=10166 [doris-1:f:up doris-2:f:up doris-3:M:up]
16:13:42 #167 OK SELECT id=2597934 via doris-1 rows=10165 [doris-1:f:up doris-2:f:up doris-3:M:up]
16:13:43 #168 OK INSERT id=2597935 via doris-1 rows=10166 [doris-1:f:up doris-2:f:up doris-3:M:up]
16:13:44 #169 OK UPSERT id=2597935 via doris-1 rows=10167 [doris-1:f:up doris-2:f:up doris-3:M:up]
16:13:45 #170 OK SELECT id=2597935 via doris-1 rows=10167 [doris-1:f:up doris-2:f:up doris-3:M:up]
16:13:46 #171 OK DELETE id=2597935 via doris-1 rows=10166 [doris-1:f:up doris-2:f:up doris-3:M:up]
16:13:47 #172 OK SELECT id=2597935 via doris-1 rows=10165 [doris-1:f:up doris-2:f:up doris-3:M:up]
