23:41:41 PROBE start proto=mysql hosts=doris-2,doris-1,doris-3 duration=86400s cycle=INSERT>UPSERT>SELECT>DELETE>SELECT
23:41:41 connected to doris-2 (10.140.0.3)
23:41:42 #1 OK INSERT id=1549010 via doris-2 rows=10014 [doris-1:f:up doris-2:M:up doris-3:f:up]
23:41:43 #2 OK UPSERT id=1549010 via doris-2 rows=10016 [doris-1:f:up doris-2:M:up doris-3:f:up]
23:41:44 #3 OK SELECT id=1549010 via doris-2 rows=10016 [doris-1:f:up doris-2:M:up doris-3:f:up]
23:41:45 #4 OK DELETE id=1549010 via doris-2 rows=10015 [doris-1:f:up doris-2:M:up doris-3:f:up]
23:41:46 #5 OK SELECT id=1549010 via doris-2 rows=10014 [doris-1:f:up doris-2:M:up doris-3:f:up]
23:41:47 #6 OK INSERT id=1549011 via doris-2 rows=10014 [doris-1:f:up doris-2:M:up doris-3:f:up]
23:41:48 #7 OK UPSERT id=1549011 via doris-2 rows=10015 [doris-1:f:up doris-2:M:up doris-3:f:up]
23:41:49 #8 OK SELECT id=1549011 via doris-2 rows=10016 [doris-1:f:up doris-2:M:up doris-3:f:up]
23:41:50 #9 OK DELETE id=1549011 via doris-2 rows=10015 [doris-1:f:up doris-2:M:up doris-3:f:up]
23:41:52 #10 OK SELECT id=1549011 via doris-2 rows=10014 [doris-1:f:up doris-2:M:up doris-3:f:up]
23:41:53 #11 OK INSERT id=1549012 via doris-2 rows=10014 [doris-1:f:up doris-2:M:up doris-3:f:up]
23:41:54 #12 OK UPSERT id=1549012 via doris-2 rows=10015 [doris-1:f:up doris-2:M:up doris-3:f:up]
23:41:55 #13 OK SELECT id=1549012 via doris-2 rows=10016 [doris-1:f:up doris-2:M:up doris-3:f:up]
23:41:56 #14 OK DELETE id=1549012 via doris-2 rows=10015 [doris-1:f:up doris-2:M:up doris-3:f:up]
23:41:57 #15 OK SELECT id=1549012 via doris-2 rows=10014 [doris-1:f:up doris-2:M:up doris-3:f:up]
23:41:58 #16 OK INSERT id=1549013 via doris-2 rows=10014 [doris-1:f:up doris-2:M:up doris-3:f:up]
23:41:59 #17 OK UPSERT id=1549013 via doris-2 rows=10015 [doris-1:f:up doris-2:M:up doris-3:f:up]
23:42:00 #18 OK SELECT id=1549013 via doris-2 rows=10016 [doris-1:f:up doris-2:M:up doris-3:f:up]
23:42:01 #19 OK DELETE id=1549013 via doris-2 rows=10015 [doris-1:f:up doris-2:M:up doris-3:f:up]
23:42:02 #20 OK SELECT id=1549013 via doris-2 rows=10014 [doris-1:f:up doris-2:M:up doris-3:f:up]
23:42:04 #21 OK INSERT id=1549014 via doris-2 rows=10014 [doris-1:f:up doris-2:M:up doris-3:f:up]
23:42:05 #22 OK UPSERT id=1549014 via doris-2 rows=10015 [doris-1:f:up doris-2:M:up doris-3:f:up]
23:42:06 #23 OK SELECT id=1549014 via doris-2 rows=10015 [doris-1:f:up doris-2:M:up doris-3:f:up]
23:42:07 #24 OK DELETE id=1549014 via doris-2 rows=10015 [doris-1:f:up doris-2:M:up doris-3:f:up]
23:42:08 #25 OK SELECT id=1549014 via doris-2 rows=10014 [doris-1:f:up doris-2:M:up doris-3:f:up]
23:42:09 #26 OK INSERT id=1549015 via doris-2 rows=10015 [doris-1:f:up doris-2:M:up doris-3:f:up]
23:42:10 #27 OK UPSERT id=1549015 via doris-2 rows=10015 [doris-1:f:up doris-2:M:up doris-3:f:up]
23:42:11 #28 OK SELECT id=1549015 via doris-2 rows=10015 [doris-1:f:up doris-2:M:up doris-3:f:up]
23:42:12 #29 OK DELETE id=1549015 via doris-2 rows=10015 [doris-1:f:up doris-2:M:up doris-3:f:up]
23:42:13 #30 OK SELECT id=1549015 via doris-2 rows=10014 [doris-1:f:up doris-2:M:up doris-3:f:up]
23:42:14 #31 OK INSERT id=1549016 via doris-2 rows=10015 [doris-1:f:up doris-2:M:up doris-3:f:up]
23:42:15 #32 OK UPSERT id=1549016 via doris-2 rows=10015 [doris-1:f:up doris-2:M:up doris-3:f:up]
23:42:15 EVENT break: vm stop on doris-2 (FE master)
23:42:16 #33 OK SELECT id=1549016 via doris-2 rows=10015 [doris-1:f:up doris-2:M:up doris-3:f:up]
23:42:18 #34 OK DELETE id=1549016 via doris-2 rows=10015 [doris-1:f:up doris-2:M:up doris-3:f:up]
23:42:19 #35 FAIL SELECT id=1549016 via doris-2: OperationalError: (2013, 'Lost connection to MySQL server during query ([Errno 104] Connection reset by peer)')
23:42:20 connected to doris-1 (10.140.0.2)
23:42:20 #36 FAIL INSERT id=1549017 via doris-1: OperationalError: (1105, 'Exception, msg: Failed to get master client.')
23:42:21 connected to doris-1 (10.140.0.2)
23:42:21 #37 FAIL INSERT id=1549018 via doris-1: OperationalError: (1105, 'Exception, msg: Failed to get master client.')
23:42:33 connected to doris-1 (10.140.0.2)
23:42:33 #38 FAIL INSERT id=1549019 via doris-1: InterfaceError: (0, '')
23:42:40 EVENT break: doris-2 is down
23:42:45 connected to doris-1 (10.140.0.2)
23:42:45 #39 FAIL INSERT id=1549020 via doris-1: InterfaceError: (0, '')
23:42:49 connected to doris-1 (10.140.0.2)
23:42:56 #40 OK INSERT id=1549021 via doris-1 rows=10017 [doris-1:f:up doris-2:f:DOWN doris-3:M:up] (recovered)
23:42:57 #41 OK UPSERT id=1549021 via doris-1 rows=10017 [doris-1:f:up doris-2:f:DOWN doris-3:M:up]
23:42:58 #42 OK SELECT id=1549021 via doris-1 rows=10017 [doris-1:f:up doris-2:f:DOWN doris-3:M:up]
23:42:59 #43 OK DELETE id=1549021 via doris-1 rows=10017 [doris-1:f:up doris-2:f:DOWN doris-3:M:up]
23:43:00 #44 OK SELECT id=1549021 via doris-1 rows=10017 [doris-1:f:up doris-2:f:DOWN doris-3:M:up]
23:43:01 #45 OK INSERT id=1549022 via doris-1 rows=10017 [doris-1:f:up doris-2:f:DOWN doris-3:M:up]
23:43:03 #46 OK UPSERT id=1549022 via doris-1 rows=10017 [doris-1:f:up doris-2:f:DOWN doris-3:M:up]
23:43:04 #47 OK SELECT id=1549022 via doris-1 rows=10018 [doris-1:f:up doris-2:f:DOWN doris-3:M:up]
23:43:05 #48 OK DELETE id=1549022 via doris-1 rows=10017 [doris-1:f:up doris-2:f:DOWN doris-3:M:up]
23:43:06 #49 OK SELECT id=1549022 via doris-1 rows=10017 [doris-1:f:up doris-2:f:DOWN doris-3:M:up]
23:43:07 #50 OK INSERT id=1549023 via doris-1 rows=10017 [doris-1:f:up doris-2:f:DOWN doris-3:M:up]
23:43:08 #51 OK UPSERT id=1549023 via doris-1 rows=10017 [doris-1:f:up doris-2:f:DOWN doris-3:M:up]
23:43:09 #52 OK SELECT id=1549023 via doris-1 rows=10018 [doris-1:f:up doris-2:f:DOWN doris-3:M:up]
23:43:10 #53 OK DELETE id=1549023 via doris-1 rows=10017 [doris-1:f:up doris-2:f:DOWN doris-3:M:up]
23:43:11 #54 OK SELECT id=1549023 via doris-1 rows=10017 [doris-1:f:up doris-2:f:DOWN doris-3:M:up]
23:43:12 #55 OK INSERT id=1549024 via doris-1 rows=10017 [doris-1:f:up doris-2:f:DOWN doris-3:M:up]
23:43:13 #56 OK UPSERT id=1549024 via doris-1 rows=10017 [doris-1:f:up doris-2:f:DOWN doris-3:M:up]
23:43:14 #57 OK SELECT id=1549024 via doris-1 rows=10018 [doris-1:f:up doris-2:f:DOWN doris-3:M:up]
23:43:16 #58 OK DELETE id=1549024 via doris-1 rows=10017 [doris-1:f:up doris-2:f:DOWN doris-3:M:up]
23:43:17 #59 OK SELECT id=1549024 via doris-1 rows=10017 [doris-1:f:up doris-2:f:DOWN doris-3:M:up]
23:43:18 #60 OK INSERT id=1549025 via doris-1 rows=10018 [doris-1:f:up doris-2:f:DOWN doris-3:M:up]
23:43:19 #61 OK UPSERT id=1549025 via doris-1 rows=10018 [doris-1:f:up doris-2:f:DOWN doris-3:M:up]
23:43:20 #62 OK SELECT id=1549025 via doris-1 rows=10018 [doris-1:f:up doris-2:f:DOWN doris-3:M:up]
23:43:21 #63 OK DELETE id=1549025 via doris-1 rows=10016 [doris-1:f:up doris-2:f:DOWN doris-3:M:up]
23:43:22 #64 OK SELECT id=1549025 via doris-1 rows=10016 [doris-1:f:up doris-2:f:DOWN doris-3:M:up]
23:43:23 #65 OK INSERT id=1549026 via doris-1 rows=10018 [doris-1:f:up doris-2:f:DOWN doris-3:M:up]
23:43:24 #66 OK UPSERT id=1549026 via doris-1 rows=10018 [doris-1:f:up doris-2:f:DOWN doris-3:M:up]
23:43:25 #67 OK SELECT id=1549026 via doris-1 rows=10018 [doris-1:f:up doris-2:f:DOWN doris-3:M:up]
23:43:26 #68 OK DELETE id=1549026 via doris-1 rows=10016 [doris-1:f:up doris-2:f:DOWN doris-3:M:up]
23:43:27 #69 OK SELECT id=1549026 via doris-1 rows=10016 [doris-1:f:up doris-2:f:DOWN doris-3:M:up]
23:43:28 #70 OK INSERT id=1549027 via doris-1 rows=10018 [doris-1:f:up doris-2:f:DOWN doris-3:M:up]
23:43:30 #71 OK UPSERT id=1549027 via doris-1 rows=10018 [doris-1:f:up doris-2:f:DOWN doris-3:M:up]
23:43:31 #72 OK SELECT id=1549027 via doris-1 rows=10018 [doris-1:f:up doris-2:f:DOWN doris-3:M:up]
23:43:32 #73 OK DELETE id=1549027 via doris-1 rows=10016 [doris-1:f:up doris-2:f:DOWN doris-3:M:up]
23:43:33 #74 OK SELECT id=1549027 via doris-1 rows=10016 [doris-1:f:up doris-2:f:DOWN doris-3:M:up]
23:43:34 #75 OK INSERT id=1549028 via doris-1 rows=10018 [doris-1:f:up doris-2:f:DOWN doris-3:M:up]
23:43:35 #76 OK UPSERT id=1549028 via doris-1 rows=10018 [doris-1:f:up doris-2:f:DOWN doris-3:M:up]
23:43:36 #77 OK SELECT id=1549028 via doris-1 rows=10018 [doris-1:f:up doris-2:f:DOWN doris-3:M:up]
23:43:37 #78 OK DELETE id=1549028 via doris-1 rows=10017 [doris-1:f:up doris-2:f:DOWN doris-3:M:up]
23:43:38 #79 OK SELECT id=1549028 via doris-1 rows=10017 [doris-1:f:up doris-2:f:DOWN doris-3:M:up]
23:43:39 #80 OK INSERT id=1549029 via doris-1 rows=10018 [doris-1:f:up doris-2:f:DOWN doris-3:M:up]
23:43:40 #81 OK UPSERT id=1549029 via doris-1 rows=10017 [doris-1:f:up doris-2:f:DOWN doris-3:M:up]
23:43:41 #82 OK SELECT id=1549029 via doris-1 rows=10017 [doris-1:f:up doris-2:f:DOWN doris-3:M:up]
23:43:43 #83 OK DELETE id=1549029 via doris-1 rows=10017 [doris-1:f:up doris-2:f:DOWN doris-3:M:up]
23:43:44 #84 OK SELECT id=1549029 via doris-1 rows=10017 [doris-1:f:up doris-2:f:DOWN doris-3:M:up]
23:43:45 #85 OK INSERT id=1549030 via doris-1 rows=10018 [doris-1:f:up doris-2:f:DOWN doris-3:M:up]
23:43:46 #86 OK UPSERT id=1549030 via doris-1 rows=10017 [doris-1:f:up doris-2:f:DOWN doris-3:M:up]
23:43:47 #87 OK SELECT id=1549030 via doris-1 rows=10017 [doris-1:f:up doris-2:f:DOWN doris-3:M:up]
23:43:48 #88 OK DELETE id=1549030 via doris-1 rows=10017 [doris-1:f:up doris-2:f:DOWN doris-3:M:up]
23:43:49 #89 OK SELECT id=1549030 via doris-1 rows=10017 [doris-1:f:up doris-2:f:DOWN doris-3:M:up]
23:43:50 #90 OK INSERT id=1549031 via doris-1 rows=10018 [doris-1:f:up doris-2:f:DOWN doris-3:M:up]
23:43:51 #91 OK UPSERT id=1549031 via doris-1 rows=10017 [doris-1:f:up doris-2:f:DOWN doris-3:M:up]
23:43:52 #92 OK SELECT id=1549031 via doris-1 rows=10017 [doris-1:f:up doris-2:f:DOWN doris-3:M:up]
23:43:53 #93 OK DELETE id=1549031 via doris-1 rows=10017 [doris-1:f:up doris-2:f:DOWN doris-3:M:up]
23:43:54 #94 OK SELECT id=1549031 via doris-1 rows=10017 [doris-1:f:up doris-2:f:DOWN doris-3:M:up]
23:43:55 #95 OK INSERT id=1549032 via doris-1 rows=10018 [doris-1:f:up doris-2:f:DOWN doris-3:M:up]
23:43:56 #96 OK UPSERT id=1549032 via doris-1 rows=10017 [doris-1:f:up doris-2:f:DOWN doris-3:M:up]
23:43:57 #97 OK SELECT id=1549032 via doris-1 rows=10017 [doris-1:f:up doris-2:f:DOWN doris-3:M:up]
23:43:59 #98 OK DELETE id=1549032 via doris-1 rows=10016 [doris-1:f:up doris-2:f:DOWN doris-3:M:up]
23:44:00 #99 OK SELECT id=1549032 via doris-1 rows=10016 [doris-1:f:up doris-2:f:DOWN doris-3:M:up]
23:44:01 #100 OK INSERT id=1549033 via doris-1 rows=10017 [doris-1:f:up doris-2:f:DOWN doris-3:M:up]
23:44:02 #101 OK UPSERT id=1549033 via doris-1 rows=10018 [doris-1:f:up doris-2:f:DOWN doris-3:M:up]
23:44:03 #102 OK SELECT id=1549033 via doris-1 rows=10018 [doris-1:f:up doris-2:f:DOWN doris-3:M:up]
23:44:04 #103 OK DELETE id=1549033 via doris-1 rows=10017 [doris-1:f:up doris-2:f:DOWN doris-3:M:up]
23:44:05 #104 OK SELECT id=1549033 via doris-1 rows=10016 [doris-1:f:up doris-2:f:DOWN doris-3:M:up]
23:44:06 #105 OK INSERT id=1549034 via doris-1 rows=10017 [doris-1:f:up doris-2:f:DOWN doris-3:M:up]
23:44:07 #106 OK UPSERT id=1549034 via doris-1 rows=10018 [doris-1:f:up doris-2:f:DOWN doris-3:M:up]
23:44:08 #107 OK SELECT id=1549034 via doris-1 rows=10018 [doris-1:f:up doris-2:f:DOWN doris-3:M:up]
23:44:09 #108 OK DELETE id=1549034 via doris-1 rows=10017 [doris-1:f:up doris-2:f:DOWN doris-3:M:up]
23:44:10 #109 OK SELECT id=1549034 via doris-1 rows=10016 [doris-1:f:up doris-2:f:DOWN doris-3:M:up]
23:44:11 #110 OK INSERT id=1549035 via doris-1 rows=10017 [doris-1:f:up doris-2:f:DOWN doris-3:M:up]
23:44:12 #111 OK UPSERT id=1549035 via doris-1 rows=10018 [doris-1:f:up doris-2:f:DOWN doris-3:M:up]
23:44:13 #112 OK SELECT id=1549035 via doris-1 rows=10018 [doris-1:f:up doris-2:f:DOWN doris-3:M:up]
23:44:15 #113 OK DELETE id=1549035 via doris-1 rows=10017 [doris-1:f:up doris-2:f:DOWN doris-3:M:up]
23:44:16 #114 OK SELECT id=1549035 via doris-1 rows=10016 [doris-1:f:up doris-2:f:DOWN doris-3:M:up]
23:44:17 #115 OK INSERT id=1549036 via doris-1 rows=10017 [doris-1:f:up doris-2:f:DOWN doris-3:M:up]
23:44:17 EVENT restore: start doris-2
23:44:18 #116 OK UPSERT id=1549036 via doris-1 rows=10018 [doris-1:f:up doris-2:f:DOWN doris-3:M:up]
23:44:19 #117 OK SELECT id=1549036 via doris-1 rows=10018 [doris-1:f:up doris-2:f:DOWN doris-3:M:up]
23:44:20 #118 OK DELETE id=1549036 via doris-1 rows=10017 [doris-1:f:up doris-2:f:DOWN doris-3:M:up]
23:44:21 #119 OK SELECT id=1549036 via doris-1 rows=10017 [doris-1:f:up doris-2:f:DOWN doris-3:M:up]
23:44:22 #120 OK INSERT id=1549037 via doris-1 rows=10018 [doris-1:f:up doris-2:f:DOWN doris-3:M:up]
23:44:23 #121 OK UPSERT id=1549037 via doris-1 rows=10018 [doris-1:f:up doris-2:f:DOWN doris-3:M:up]
23:44:24 #122 OK SELECT id=1549037 via doris-1 rows=10017 [doris-1:f:up doris-2:f:DOWN doris-3:M:up]
23:44:25 #123 OK DELETE id=1549037 via doris-1 rows=10016 [doris-1:f:up doris-2:f:DOWN doris-3:M:up]
23:44:26 #124 OK SELECT id=1549037 via doris-1 rows=10017 [doris-1:f:up doris-2:f:DOWN doris-3:M:up]
23:44:27 #125 OK INSERT id=1549038 via doris-1 rows=10018 [doris-1:f:up doris-2:f:DOWN doris-3:M:up]
23:44:28 #126 OK UPSERT id=1549038 via doris-1 rows=10018 [doris-1:f:up doris-2:f:DOWN doris-3:M:up]
23:44:29 #127 OK SELECT id=1549038 via doris-1 rows=10017 [doris-1:f:up doris-2:f:DOWN doris-3:M:up]
23:44:31 #128 OK DELETE id=1549038 via doris-1 rows=10016 [doris-1:f:up doris-2:f:DOWN doris-3:M:up]
23:44:32 #129 OK SELECT id=1549038 via doris-1 rows=10017 [doris-1:f:up doris-2:f:DOWN doris-3:M:up]
23:44:33 #130 OK INSERT id=1549039 via doris-1 rows=10018 [doris-1:f:up doris-2:f:DOWN doris-3:M:up]
23:44:34 #131 OK UPSERT id=1549039 via doris-1 rows=10018 [doris-1:f:up doris-2:f:DOWN doris-3:M:up]
23:44:35 #132 OK SELECT id=1549039 via doris-1 rows=10017 [doris-1:f:up doris-2:f:DOWN doris-3:M:up]
23:44:36 #133 OK DELETE id=1549039 via doris-1 rows=10016 [doris-1:f:up doris-2:f:DOWN doris-3:M:up]
23:44:37 #134 OK SELECT id=1549039 via doris-1 rows=10017 [doris-1:f:up doris-2:f:DOWN doris-3:M:up]
23:44:38 #135 OK INSERT id=1549040 via doris-1 rows=10018 [doris-1:f:up doris-2:f:DOWN doris-3:M:up]
23:44:39 #136 OK UPSERT id=1549040 via doris-1 rows=10018 [doris-1:f:up doris-2:f:DOWN doris-3:M:up]
23:44:40 #137 OK SELECT id=1549040 via doris-1 rows=10017 [doris-1:f:up doris-2:f:DOWN doris-3:M:up]
23:44:41 #138 OK DELETE id=1549040 via doris-1 rows=10016 [doris-1:f:up doris-2:f:DOWN doris-3:M:up]
23:44:42 #139 OK SELECT id=1549040 via doris-1 rows=10017 [doris-1:f:up doris-2:f:DOWN doris-3:M:up]
23:44:43 #140 OK INSERT id=1549041 via doris-1 rows=10018 [doris-1:f:up doris-2:f:DOWN doris-3:M:up]
23:44:44 #141 OK UPSERT id=1549041 via doris-1 rows=10018 [doris-1:f:up doris-2:f:DOWN doris-3:M:up]
23:44:45 #142 OK SELECT id=1549041 via doris-1 rows=10017 [doris-1:f:up doris-2:f:DOWN doris-3:M:up]
23:44:47 #143 OK DELETE id=1549041 via doris-1 rows=10016 [doris-1:f:up doris-2:f:DOWN doris-3:M:up]
23:44:48 #144 OK SELECT id=1549041 via doris-1 rows=10017 [doris-1:f:up doris-2:f:DOWN doris-3:M:up]
23:44:49 #145 OK INSERT id=1549042 via doris-1 rows=10018 [doris-1:f:up doris-2:f:DOWN doris-3:M:up]
23:44:50 #146 OK UPSERT id=1549042 via doris-1 rows=10018 [doris-1:f:up doris-2:f:DOWN doris-3:M:up]
23:44:51 #147 OK SELECT id=1549042 via doris-1 rows=10017 [doris-1:f:up doris-2:f:DOWN doris-3:M:up]
23:45:00 #148 FAIL DELETE id=1549042 via doris-1: OperationalError: (2013, 'Lost connection to MySQL server during query (timed out)')
23:45:02 connected to doris-2 (10.140.0.3)
23:45:12 #149 OK INSERT id=1549043 via doris-2 rows=10019 [doris-1:f:up doris-2:f:up doris-3:M:up] (recovered)
23:45:21 #150 FAIL UPSERT id=1549043 via doris-2: OperationalError: (2013, 'Lost connection to MySQL server during query (timed out)')
23:45:22 connected to doris-2 (10.140.0.3)
23:45:25 #151 OK INSERT id=1549044 via doris-2 rows=10020 [doris-1:f:up doris-2:f:up doris-3:M:up] (recovered)
23:45:26 #152 OK UPSERT id=1549044 via doris-2 rows=10021 [doris-1:f:up doris-2:f:up doris-3:M:up]
23:45:27 #153 OK SELECT id=1549044 via doris-2 rows=10021 [doris-1:f:up doris-2:f:up doris-3:M:up]
23:45:27 EVENT restore: cluster healthy
23:45:28 #154 OK DELETE id=1549044 via doris-2 rows=10020 [doris-1:f:up doris-2:f:up doris-3:M:up]
23:45:30 #155 OK SELECT id=1549044 via doris-2 rows=10019 [doris-1:f:up doris-2:f:up doris-3:M:up]
23:45:31 #156 OK INSERT id=1549045 via doris-2 rows=10020 [doris-1:f:up doris-2:f:up doris-3:M:up]
23:45:32 #157 OK UPSERT id=1549045 via doris-2 rows=10021 [doris-1:f:up doris-2:f:up doris-3:M:up]
23:45:33 #158 OK SELECT id=1549045 via doris-2 rows=10021 [doris-1:f:up doris-2:f:up doris-3:M:up]
23:45:34 #159 OK DELETE id=1549045 via doris-2 rows=10020 [doris-1:f:up doris-2:f:up doris-3:M:up]
23:45:35 #160 OK SELECT id=1549045 via doris-2 rows=10019 [doris-1:f:up doris-2:f:up doris-3:M:up]
23:45:36 #161 OK INSERT id=1549046 via doris-2 rows=10020 [doris-1:f:up doris-2:f:up doris-3:M:up]
23:45:37 #162 OK UPSERT id=1549046 via doris-2 rows=10021 [doris-1:f:up doris-2:f:up doris-3:M:up]
23:45:38 #163 OK SELECT id=1549046 via doris-2 rows=10021 [doris-1:f:up doris-2:f:up doris-3:M:up]
23:45:40 #164 OK DELETE id=1549046 via doris-2 rows=10020 [doris-1:f:up doris-2:f:up doris-3:M:up]
23:45:41 #165 OK SELECT id=1549046 via doris-2 rows=10019 [doris-1:f:up doris-2:f:up doris-3:M:up]
23:45:42 #166 OK INSERT id=1549047 via doris-2 rows=10020 [doris-1:f:up doris-2:f:up doris-3:M:up]
23:45:43 #167 OK UPSERT id=1549047 via doris-2 rows=10021 [doris-1:f:up doris-2:f:up doris-3:M:up]
23:45:44 #168 OK SELECT id=1549047 via doris-2 rows=10021 [doris-1:f:up doris-2:f:up doris-3:M:up]
23:45:45 #169 OK DELETE id=1549047 via doris-2 rows=10020 [doris-1:f:up doris-2:f:up doris-3:M:up]
23:45:46 #170 OK SELECT id=1549047 via doris-2 rows=10019 [doris-1:f:up doris-2:f:up doris-3:M:up]
23:45:47 #171 OK INSERT id=1549048 via doris-2 rows=10020 [doris-1:f:up doris-2:f:up doris-3:M:up]
23:45:48 #172 OK UPSERT id=1549048 via doris-2 rows=10021 [doris-1:f:up doris-2:f:up doris-3:M:up]
23:45:49 #173 OK SELECT id=1549048 via doris-2 rows=10021 [doris-1:f:up doris-2:f:up doris-3:M:up]
23:45:51 #174 OK DELETE id=1549048 via doris-2 rows=10020 [doris-1:f:up doris-2:f:up doris-3:M:up]
23:45:52 #175 OK SELECT id=1549048 via doris-2 rows=10019 [doris-1:f:up doris-2:f:up doris-3:M:up]
23:45:53 #176 OK INSERT id=1549049 via doris-2 rows=10020 [doris-1:f:up doris-2:f:up doris-3:M:up]
23:45:54 #177 OK UPSERT id=1549049 via doris-2 rows=10021 [doris-1:f:up doris-2:f:up doris-3:M:up]
