16:09:50 PROBE start proto=arrow-flight hosts=doris-2,doris-1,doris-3 duration=86400s cycle=INSERT>UPSERT>SELECT>DELETE>SELECT
16:09:51 connected to doris-2 (10.140.0.3)
16:09:51 #1 OK INSERT id=3597900 via doris-2 rows=10166 [doris-1:f:up doris-2:M:up doris-3:f:up]
16:09:53 #2 OK UPSERT id=3597900 via doris-2 rows=10166 [doris-1:f:up doris-2:M:up doris-3:f:up]
16:09:54 #3 OK SELECT id=3597900 via doris-2 rows=10165 [doris-1:f:up doris-2:M:up doris-3:f:up]
16:09:55 #4 OK DELETE id=3597900 via doris-2 rows=10163 [doris-1:f:up doris-2:M:up doris-3:f:up]
16:09:56 #5 OK SELECT id=3597900 via doris-2 rows=10164 [doris-1:f:up doris-2:M:up doris-3:f:up]
16:09:57 #6 OK INSERT id=3597901 via doris-2 rows=10166 [doris-1:f:up doris-2:M:up doris-3:f:up]
16:09:58 #7 OK UPSERT id=3597901 via doris-2 rows=10166 [doris-1:f:up doris-2:M:up doris-3:f:up]
16:09:59 #8 OK SELECT id=3597901 via doris-2 rows=10165 [doris-1:f:up doris-2:M:up doris-3:f:up]
16:10:01 #9 OK DELETE id=3597901 via doris-2 rows=10163 [doris-1:f:up doris-2:M:up doris-3:f:up]
16:10:02 #10 OK SELECT id=3597901 via doris-2 rows=10164 [doris-1:f:up doris-2:M:up doris-3:f:up]
16:10:03 #11 OK INSERT id=3597902 via doris-2 rows=10166 [doris-1:f:up doris-2:M:up doris-3:f:up]
16:10:04 #12 OK UPSERT id=3597902 via doris-2 rows=10166 [doris-1:f:up doris-2:M:up doris-3:f:up]
16:10:05 #13 OK SELECT id=3597902 via doris-2 rows=10165 [doris-1:f:up doris-2:M:up doris-3:f:up]
16:10:06 #14 OK DELETE id=3597902 via doris-2 rows=10163 [doris-1:f:up doris-2:M:up doris-3:f:up]
16:10:07 #15 OK SELECT id=3597902 via doris-2 rows=10164 [doris-1:f:up doris-2:M:up doris-3:f:up]
16:10:08 #16 OK INSERT id=3597903 via doris-2 rows=10166 [doris-1:f:up doris-2:M:up doris-3:f:up]
16:10:09 #17 OK UPSERT id=3597903 via doris-2 rows=10166 [doris-1:f:up doris-2:M:up doris-3:f:up]
16:10:10 #18 OK SELECT id=3597903 via doris-2 rows=10165 [doris-1:f:up doris-2:M:up doris-3:f:up]
16:10:12 #19 OK DELETE id=3597903 via doris-2 rows=10163 [doris-1:f:up doris-2:M:up doris-3:f:up]
16:10:13 #20 OK SELECT id=3597903 via doris-2 rows=10165 [doris-1:f:up doris-2:M:up doris-3:f:up]
16:10:14 #21 OK INSERT id=3597904 via doris-2 rows=10166 [doris-1:f:up doris-2:M:up doris-3:f:up]
16:10:15 #22 OK UPSERT id=3597904 via doris-2 rows=10166 [doris-1:f:up doris-2:M:up doris-3:f:up]
16:10:16 #23 OK SELECT id=3597904 via doris-2 rows=10164 [doris-1:f:up doris-2:M:up doris-3:f:up]
16:10:17 #24 OK DELETE id=3597904 via doris-2 rows=10163 [doris-1:f:up doris-2:M:up doris-3:f:up]
16:10:18 #25 OK SELECT id=3597904 via doris-2 rows=10165 [doris-1:f:up doris-2:M:up doris-3:f:up]
16:10:19 #26 OK INSERT id=3597905 via doris-2 rows=10166 [doris-1:f:up doris-2:M:up doris-3:f:up]
16:10:20 #27 OK UPSERT id=3597905 via doris-2 rows=10166 [doris-1:f:up doris-2:M:up doris-3:f:up]
16:10:22 #28 OK SELECT id=3597905 via doris-2 rows=10164 [doris-1:f:up doris-2:M:up doris-3:f:up]
16:10:23 #29 OK DELETE id=3597905 via doris-2 rows=10164 [doris-1:f:up doris-2:M:up doris-3:f:up]
16:10:24 #30 OK SELECT id=3597905 via doris-2 rows=10165 [doris-1:f:up doris-2:M:up doris-3:f:up]
16:10:24 EVENT break: vm stop on doris-2 (FE master)
16:10:25 #31 OK INSERT id=3597906 via doris-2 rows=10166 [doris-1:f:up doris-2:M:up doris-3:f:up]
16:10:26 #32 OK UPSERT id=3597906 via doris-2 rows=10165 [doris-1:f:up doris-2:M:up doris-3:f:up]
16:10:27 #33 OK SELECT id=3597906 via doris-2 rows=10164 [doris-1:f:up doris-2:M:up doris-3:f:up]
16:10:28 #34 FAIL DELETE id=3597906 via doris-2: OperationalError: IO: [FlightSQL] connection error: desc = "transport: Error while dialing: dial tcp 10.140.0.3:8070: connect: c
16:10:28 #34 OK SELECT(check) id=1 via doris-1
16:10:29 connected to doris-1 (10.140.0.2)
16:10:29 DML unsupported over arrow-flight (InternalError: RuntimeException, msg: getMysqlChannel not in mysql connection (Internal; ExecuteQuery)) — switching to SELECT-only mode
16:10:29 #35 FAIL SELECT id=3597907 via doris-1: InternalError: INTERNAL: [FlightSQL] get flight info statement failed, after executeQueryStatement handleQuery, java.lang.Run
16:10:48 EVENT break: doris-2 is down
16:10:50 connected to doris-1 (10.140.0.2)
16:10:58 #36 OK SELECT id=3597907 via doris-1 rows=10164 [?] (recovered)
16:10:59 #37 OK SELECT id=3597907 via doris-1 rows=10165 [doris-1:f:up doris-2:f:DOWN doris-3:M:up]
16:11:00 #38 OK SELECT id=3597907 via doris-1 rows=10165 [doris-1:f:up doris-2:f:DOWN doris-3:M:up]
16:11:01 #39 OK SELECT id=3597907 via doris-1 rows=10165 [doris-1:f:up doris-2:f:DOWN doris-3:M:up]
16:11:02 #40 OK SELECT id=3597907 via doris-1 rows=10165 [doris-1:f:up doris-2:f:DOWN doris-3:M:up]
16:11:04 #41 OK SELECT id=3597907 via doris-1 rows=10165 [doris-1:f:up doris-2:f:DOWN doris-3:M:up]
16:11:05 #42 OK SELECT id=3597907 via doris-1 rows=10166 [doris-1:f:up doris-2:f:DOWN doris-3:M:up]
16:11:06 #43 OK SELECT id=3597907 via doris-1 rows=10167 [doris-1:f:up doris-2:f:DOWN doris-3:M:up]
16:11:07 #44 OK SELECT id=3597907 via doris-1 rows=10167 [doris-1:f:up doris-2:f:DOWN doris-3:M:up]
16:11:08 #45 OK SELECT id=3597907 via doris-1 rows=10166 [doris-1:f:up doris-2:f:DOWN doris-3:M:up]
16:11:09 #46 OK SELECT id=3597907 via doris-1 rows=10165 [doris-1:f:up doris-2:f:DOWN doris-3:M:up]
16:11:10 #47 OK SELECT id=3597907 via doris-1 rows=10166 [doris-1:f:up doris-2:f:DOWN doris-3:M:up]
16:11:11 #48 OK SELECT id=3597907 via doris-1 rows=10167 [doris-1:f:up doris-2:f:DOWN doris-3:M:up]
16:11:12 #49 OK SELECT id=3597907 via doris-1 rows=10167 [doris-1:f:up doris-2:f:DOWN doris-3:M:up]
16:11:13 #50 OK SELECT id=3597907 via doris-1 rows=10166 [doris-1:f:up doris-2:f:DOWN doris-3:M:up]
16:11:14 #51 OK SELECT id=3597907 via doris-1 rows=10165 [doris-1:f:up doris-2:f:DOWN doris-3:M:up]
16:11:15 #52 OK SELECT id=3597907 via doris-1 rows=10166 [doris-1:f:up doris-2:f:DOWN doris-3:M:up]
16:11:16 #53 OK SELECT id=3597907 via doris-1 rows=10167 [doris-1:f:up doris-2:f:DOWN doris-3:M:up]
16:11:17 #54 OK SELECT id=3597907 via doris-1 rows=10167 [doris-1:f:up doris-2:f:DOWN doris-3:M:up]
16:11:18 #55 OK SELECT id=3597907 via doris-1 rows=10166 [doris-1:f:up doris-2:f:DOWN doris-3:M:up]
16:11:19 #56 OK SELECT id=3597907 via doris-1 rows=10165 [doris-1:f:up doris-2:f:DOWN doris-3:M:up]
16:11:20 #57 OK SELECT id=3597907 via doris-1 rows=10166 [doris-1:f:up doris-2:f:DOWN doris-3:M:up]
16:11:21 #58 OK SELECT id=3597907 via doris-1 rows=10167 [doris-1:f:up doris-2:f:DOWN doris-3:M:up]
16:11:23 #59 OK SELECT id=3597907 via doris-1 rows=10167 [doris-1:f:up doris-2:f:DOWN doris-3:M:up]
16:11:24 #60 OK SELECT id=3597907 via doris-1 rows=10166 [doris-1:f:up doris-2:f:DOWN doris-3:M:up]
16:11:25 #61 OK SELECT id=3597907 via doris-1 rows=10166 [doris-1:f:up doris-2:f:DOWN doris-3:M:up]
16:11:26 #62 OK SELECT id=3597907 via doris-1 rows=10167 [doris-1:f:up doris-2:f:DOWN doris-3:M:up]
16:11:27 #63 OK SELECT id=3597907 via doris-1 rows=10167 [doris-1:f:up doris-2:f:DOWN doris-3:M:up]
16:11:28 #64 OK SELECT id=3597907 via doris-1 rows=10166 [doris-1:f:up doris-2:f:DOWN doris-3:M:up]
16:11:29 #65 OK SELECT id=3597907 via doris-1 rows=10165 [doris-1:f:up doris-2:f:DOWN doris-3:M:up]
16:11:30 #66 OK SELECT id=3597907 via doris-1 rows=10166 [doris-1:f:up doris-2:f:DOWN doris-3:M:up]
16:11:31 #67 OK SELECT id=3597907 via doris-1 rows=10167 [doris-1:f:up doris-2:f:DOWN doris-3:M:up]
16:11:32 #68 OK SELECT id=3597907 via doris-1 rows=10167 [doris-1:f:up doris-2:f:DOWN doris-3:M:up]
16:11:33 #69 OK SELECT id=3597907 via doris-1 rows=10166 [doris-1:f:up doris-2:f:DOWN doris-3:M:up]
16:11:34 #70 OK SELECT id=3597907 via doris-1 rows=10165 [doris-1:f:up doris-2:f:DOWN doris-3:M:up]
16:11:35 #71 OK SELECT id=3597907 via doris-1 rows=10166 [doris-1:f:up doris-2:f:DOWN doris-3:M:up]
16:11:36 #72 OK SELECT id=3597907 via doris-1 rows=10167 [doris-1:f:up doris-2:f:DOWN doris-3:M:up]
16:11:37 #73 OK SELECT id=3597907 via doris-1 rows=10167 [doris-1:f:up doris-2:f:DOWN doris-3:M:up]
16:11:38 #74 OK SELECT id=3597907 via doris-1 rows=10166 [doris-1:f:up doris-2:f:DOWN doris-3:M:up]
16:11:39 #75 OK SELECT id=3597907 via doris-1 rows=10165 [doris-1:f:up doris-2:f:DOWN doris-3:M:up]
16:11:41 #76 OK SELECT id=3597907 via doris-1 rows=10166 [doris-1:f:up doris-2:f:DOWN doris-3:M:up]
16:11:42 #77 OK SELECT id=3597907 via doris-1 rows=10167 [doris-1:f:up doris-2:f:DOWN doris-3:M:up]
16:11:43 #78 OK SELECT id=3597907 via doris-1 rows=10167 [doris-1:f:up doris-2:f:DOWN doris-3:M:up]
16:11:44 #79 OK SELECT id=3597907 via doris-1 rows=10167 [doris-1:f:up doris-2:f:DOWN doris-3:M:up]
16:11:45 #80 OK SELECT id=3597907 via doris-1 rows=10166 [doris-1:f:up doris-2:f:DOWN doris-3:M:up]
16:11:46 #81 OK SELECT id=3597907 via doris-1 rows=10166 [doris-1:f:up doris-2:f:DOWN doris-3:M:up]
16:11:47 #82 OK SELECT id=3597907 via doris-1 rows=10166 [doris-1:f:up doris-2:f:DOWN doris-3:M:up]
16:11:48 #83 OK SELECT id=3597907 via doris-1 rows=10166 [doris-1:f:up doris-2:f:DOWN doris-3:M:up]
16:11:49 #84 OK SELECT id=3597907 via doris-1 rows=10167 [doris-1:f:up doris-2:f:DOWN doris-3:M:up]
16:11:50 #85 OK SELECT id=3597907 via doris-1 rows=10166 [doris-1:f:up doris-2:f:DOWN doris-3:M:up]
16:11:51 #86 OK SELECT id=3597907 via doris-1 rows=10166 [doris-1:f:up doris-2:f:DOWN doris-3:M:up]
16:11:52 #87 OK SELECT id=3597907 via doris-1 rows=10166 [doris-1:f:up doris-2:f:DOWN doris-3:M:up]
16:11:53 #88 OK SELECT id=3597907 via doris-1 rows=10166 [doris-1:f:up doris-2:f:DOWN doris-3:M:up]
16:11:54 #89 OK SELECT id=3597907 via doris-1 rows=10167 [doris-1:f:up doris-2:f:DOWN doris-3:M:up]
16:11:55 #90 OK SELECT id=3597907 via doris-1 rows=10166 [doris-1:f:up doris-2:f:DOWN doris-3:M:up]
16:11:56 #91 OK SELECT id=3597907 via doris-1 rows=10166 [doris-1:f:up doris-2:f:DOWN doris-3:M:up]
16:11:57 #92 OK SELECT id=3597907 via doris-1 rows=10166 [doris-1:f:up doris-2:f:DOWN doris-3:M:up]
16:11:59 #93 OK SELECT id=3597907 via doris-1 rows=10166 [doris-1:f:up doris-2:f:DOWN doris-3:M:up]
16:12:00 #94 OK SELECT id=3597907 via doris-1 rows=10167 [doris-1:f:up doris-2:f:DOWN doris-3:M:up]
16:12:01 #95 OK SELECT id=3597907 via doris-1 rows=10166 [doris-1:f:up doris-2:f:DOWN doris-3:M:up]
16:12:02 #96 OK SELECT id=3597907 via doris-1 rows=10166 [doris-1:f:up doris-2:f:DOWN doris-3:M:up]
16:12:03 #97 OK SELECT id=3597907 via doris-1 rows=10166 [doris-1:f:up doris-2:f:DOWN doris-3:M:up]
16:12:04 #98 OK SELECT id=3597907 via doris-1 rows=10166 [doris-1:f:up doris-2:f:DOWN doris-3:M:up]
16:12:05 #99 OK SELECT id=3597907 via doris-1 rows=10166 [doris-1:f:up doris-2:f:DOWN doris-3:M:up]
16:12:06 #100 OK SELECT id=3597907 via doris-1 rows=10165 [doris-1:f:up doris-2:f:DOWN doris-3:M:up]
16:12:07 #101 OK SELECT id=3597907 via doris-1 rows=10165 [doris-1:f:up doris-2:f:DOWN doris-3:M:up]
16:12:08 #102 OK SELECT id=3597907 via doris-1 rows=10167 [doris-1:f:up doris-2:f:DOWN doris-3:M:up]
16:12:09 #103 OK SELECT id=3597907 via doris-1 rows=10167 [doris-1:f:up doris-2:f:DOWN doris-3:M:up]
16:12:10 #104 OK SELECT id=3597907 via doris-1 rows=10167 [doris-1:f:up doris-2:f:DOWN doris-3:M:up]
16:12:11 #105 OK SELECT id=3597907 via doris-1 rows=10165 [doris-1:f:up doris-2:f:DOWN doris-3:M:up]
16:12:12 #106 OK SELECT id=3597907 via doris-1 rows=10165 [doris-1:f:up doris-2:f:DOWN doris-3:M:up]
16:12:13 #107 OK SELECT id=3597907 via doris-1 rows=10167 [doris-1:f:up doris-2:f:DOWN doris-3:M:up]
16:12:14 #108 OK SELECT id=3597907 via doris-1 rows=10167 [doris-1:f:up doris-2:f:DOWN doris-3:M:up]
16:12:15 #109 OK SELECT id=3597907 via doris-1 rows=10167 [doris-1:f:up doris-2:f:DOWN doris-3:M:up]
16:12:16 #110 OK SELECT id=3597907 via doris-1 rows=10165 [doris-1:f:up doris-2:f:DOWN doris-3:M:up]
16:12:17 #111 OK SELECT id=3597907 via doris-1 rows=10165 [doris-1:f:up doris-2:f:DOWN doris-3:M:up]
16:12:18 #112 OK SELECT id=3597907 via doris-1 rows=10167 [doris-1:f:up doris-2:f:DOWN doris-3:M:up]
16:12:20 #113 OK SELECT id=3597907 via doris-1 rows=10167 [doris-1:f:up doris-2:f:DOWN doris-3:M:up]
16:12:21 #114 OK SELECT id=3597907 via doris-1 rows=10167 [doris-1:f:up doris-2:f:DOWN doris-3:M:up]
16:12:22 #115 OK SELECT id=3597907 via doris-1 rows=10165 [doris-1:f:up doris-2:f:DOWN doris-3:M:up]
16:12:23 #116 OK SELECT id=3597907 via doris-1 rows=10165 [doris-1:f:up doris-2:f:DOWN doris-3:M:up]
16:12:24 #117 OK SELECT id=3597907 via doris-1 rows=10167 [doris-1:f:up doris-2:f:DOWN doris-3:M:up]
16:12:25 #118 OK SELECT id=3597907 via doris-1 rows=10167 [doris-1:f:up doris-2:f:DOWN doris-3:M:up]
16:12:25 EVENT restore: start doris-2
16:12:26 #119 OK SELECT id=3597907 via doris-1 rows=10167 [doris-1:f:up doris-2:f:DOWN doris-3:M:up]
16:12:27 #120 OK SELECT id=3597907 via doris-1 rows=10166 [doris-1:f:up doris-2:f:DOWN doris-3:M:up]
16:12:28 #121 OK SELECT id=3597907 via doris-1 rows=10166 [doris-1:f:up doris-2:f:DOWN doris-3:M:up]
16:12:29 #122 OK SELECT id=3597907 via doris-1 rows=10167 [doris-1:f:up doris-2:f:DOWN doris-3:M:up]
16:12:30 #123 OK SELECT id=3597907 via doris-1 rows=10166 [doris-1:f:up doris-2:f:DOWN doris-3:M:up]
16:12:31 #124 OK SELECT id=3597907 via doris-1 rows=10166 [doris-1:f:up doris-2:f:DOWN doris-3:M:up]
16:12:32 #125 OK SELECT id=3597907 via doris-1 rows=10166 [doris-1:f:up doris-2:f:DOWN doris-3:M:up]
16:12:33 #126 OK SELECT id=3597907 via doris-1 rows=10166 [doris-1:f:up doris-2:f:DOWN doris-3:M:up]
16:12:34 #127 OK SELECT id=3597907 via doris-1 rows=10167 [doris-1:f:up doris-2:f:DOWN doris-3:M:up]
16:12:35 #128 OK SELECT id=3597907 via doris-1 rows=10166 [doris-1:f:up doris-2:f:DOWN doris-3:M:up]
16:12:36 #129 OK SELECT id=3597907 via doris-1 rows=10166 [doris-1:f:up doris-2:f:DOWN doris-3:M:up]
16:12:37 #130 OK SELECT id=3597907 via doris-1 rows=10166 [doris-1:f:up doris-2:f:DOWN doris-3:M:up]
16:12:38 #131 OK SELECT id=3597907 via doris-1 rows=10166 [doris-1:f:up doris-2:f:DOWN doris-3:M:up]
16:12:40 #132 OK SELECT id=3597907 via doris-1 rows=10167 [doris-1:f:up doris-2:f:DOWN doris-3:M:up]
16:12:41 #133 OK SELECT id=3597907 via doris-1 rows=10166 [doris-1:f:up doris-2:f:DOWN doris-3:M:up]
16:12:42 #134 OK SELECT id=3597907 via doris-1 rows=10166 [doris-1:f:up doris-2:f:DOWN doris-3:M:up]
16:12:43 #135 OK SELECT id=3597907 via doris-1 rows=10166 [doris-1:f:up doris-2:f:DOWN doris-3:M:up]
16:12:44 #136 OK SELECT id=3597907 via doris-1 rows=10166 [doris-1:f:up doris-2:f:DOWN doris-3:M:up]
16:12:45 #137 OK SELECT id=3597907 via doris-1 rows=10167 [doris-1:f:up doris-2:f:DOWN doris-3:M:up]
16:12:46 #138 OK SELECT id=3597907 via doris-1 rows=10167 [doris-1:f:up doris-2:f:DOWN doris-3:M:up]
16:12:47 #139 OK SELECT id=3597907 via doris-1 rows=10167 [doris-1:f:up doris-2:f:DOWN doris-3:M:up]
16:12:48 #140 OK SELECT id=3597907 via doris-1 rows=10166 [doris-1:f:up doris-2:f:DOWN doris-3:M:up]
16:12:49 #141 OK SELECT id=3597907 via doris-1 rows=10165 [doris-1:f:up doris-2:f:DOWN doris-3:M:up]
16:12:50 #142 OK SELECT id=3597907 via doris-1 rows=10166 [doris-1:f:up doris-2:f:DOWN doris-3:M:up]
16:12:51 #143 OK SELECT id=3597907 via doris-1 rows=10167 [doris-1:f:up doris-2:f:DOWN doris-3:M:up]
16:12:52 #144 OK SELECT id=3597907 via doris-1 rows=10167 [doris-1:f:up doris-2:f:DOWN doris-3:M:up]
16:12:53 #145 OK SELECT id=3597907 via doris-1 rows=10166 [doris-1:f:up doris-2:f:DOWN doris-3:M:up]
16:12:54 #146 OK SELECT id=3597907 via doris-1 rows=10165 [doris-1:f:up doris-2:f:DOWN doris-3:M:up]
16:12:55 #147 OK SELECT id=3597907 via doris-1 rows=10166 [doris-1:f:up doris-2:f:DOWN doris-3:M:up]
16:12:56 #148 OK SELECT id=3597907 via doris-1 rows=10167 [doris-1:f:up doris-2:f:DOWN doris-3:M:up]
16:12:57 #149 OK SELECT id=3597907 via doris-1 rows=10167 [doris-1:f:up doris-2:f:DOWN doris-3:M:up]
16:12:58 #150 OK SELECT id=3597907 via doris-1 rows=10166 [doris-1:f:up doris-2:f:DOWN doris-3:M:up]
16:13:00 #151 OK SELECT id=3597907 via doris-1 rows=10165 [doris-1:f:up doris-2:f:DOWN doris-3:M:up]
16:13:01 #152 OK SELECT id=3597907 via doris-1 rows=10166 [doris-1:f:up doris-2:f:DOWN doris-3:M:up]
16:13:02 #153 OK SELECT id=3597907 via doris-1 rows=10167 [doris-1:f:up doris-2:f:DOWN doris-3:M:up]
16:13:03 #154 OK SELECT id=3597907 via doris-1 rows=10167 [doris-1:f:up doris-2:f:DOWN doris-3:M:up]
16:13:04 #155 OK SELECT id=3597907 via doris-1 rows=10167 [doris-1:f:up doris-2:f:DOWN doris-3:M:up]
16:13:05 #156 OK SELECT id=3597907 via doris-1 rows=10165 [doris-1:f:up doris-2:f:DOWN doris-3:M:up]
16:13:06 #157 OK SELECT id=3597907 via doris-1 rows=10165 [doris-1:f:up doris-2:f:DOWN doris-3:M:up]
16:13:07 #158 OK SELECT id=3597907 via doris-1 rows=10167 [doris-1:f:up doris-2:f:DOWN doris-3:M:up]
16:13:08 #159 OK SELECT id=3597907 via doris-1 rows=10167 [doris-1:f:up doris-2:f:DOWN doris-3:M:up]
16:13:09 #160 OK SELECT id=3597907 via doris-1 rows=10167 [doris-1:f:up doris-2:f:DOWN doris-3:M:up]
16:13:10 #161 OK SELECT id=3597907 via doris-1 rows=10165 [doris-1:f:up doris-2:f:DOWN doris-3:M:up]
16:13:11 #162 OK SELECT id=3597907 via doris-1 rows=10165 [doris-1:f:up doris-2:f:up doris-3:M:up]
16:13:12 #163 OK SELECT id=3597907 via doris-1 rows=10167 [doris-1:f:up doris-2:f:up doris-3:M:up]
16:13:13 #164 OK SELECT id=3597907 via doris-1 rows=10167 [doris-1:f:up doris-2:f:up doris-3:M:up]
16:13:14 #165 OK SELECT id=3597907 via doris-1 rows=10167 [doris-1:f:up doris-2:f:up doris-3:M:up]
16:13:15 #166 OK SELECT id=3597907 via doris-1 rows=10165 [doris-1:f:up doris-2:f:up doris-3:M:up]
16:13:16 #167 OK SELECT id=3597907 via doris-1 rows=10165 [doris-1:f:up doris-2:f:up doris-3:M:up]
16:13:18 #168 OK SELECT id=3597907 via doris-1 rows=10167 [doris-1:f:up doris-2:f:up doris-3:M:up]
16:13:19 #169 OK SELECT id=3597907 via doris-1 rows=10167 [doris-1:f:up doris-2:f:up doris-3:M:up]
16:13:19 EVENT restore: cluster healthy
16:13:20 #170 OK SELECT id=3597907 via doris-1 rows=10167 [doris-1:f:up doris-2:f:up doris-3:M:up]
16:13:21 #171 OK SELECT id=3597907 via doris-1 rows=10165 [doris-1:f:up doris-2:f:up doris-3:M:up]
16:13:22 #172 OK SELECT id=3597907 via doris-1 rows=10165 [doris-1:f:up doris-2:f:up doris-3:M:up]
16:13:23 #173 OK SELECT id=3597907 via doris-1 rows=10167 [doris-1:f:up doris-2:f:up doris-3:M:up]
16:13:24 #174 OK SELECT id=3597907 via doris-1 rows=10167 [doris-1:f:up doris-2:f:up doris-3:M:up]
16:13:25 #175 OK SELECT id=3597907 via doris-1 rows=10167 [doris-1:f:up doris-2:f:up doris-3:M:up]
16:13:26 #176 OK SELECT id=3597907 via doris-1 rows=10166 [doris-1:f:up doris-2:f:up doris-3:M:up]
16:13:27 #177 OK SELECT id=3597907 via doris-1 rows=10166 [doris-1:f:up doris-2:f:up doris-3:M:up]
16:13:28 #178 OK SELECT id=3597907 via doris-1 rows=10167 [doris-1:f:up doris-2:f:up doris-3:M:up]
16:13:29 #179 OK SELECT id=3597907 via doris-1 rows=10167 [doris-1:f:up doris-2:f:up doris-3:M:up]
16:13:30 #180 OK SELECT id=3597907 via doris-1 rows=10166 [doris-1:f:up doris-2:f:up doris-3:M:up]
16:13:31 #181 OK SELECT id=3597907 via doris-1 rows=10165 [doris-1:f:up doris-2:f:up doris-3:M:up]
16:13:32 #182 OK SELECT id=3597907 via doris-1 rows=10166 [doris-1:f:up doris-2:f:up doris-3:M:up]
16:13:33 #183 OK SELECT id=3597907 via doris-1 rows=10167 [doris-1:f:up doris-2:f:up doris-3:M:up]
16:13:34 #184 OK SELECT id=3597907 via doris-1 rows=10167 [doris-1:f:up doris-2:f:up doris-3:M:up]
16:13:36 #185 OK SELECT id=3597907 via doris-1 rows=10166 [doris-1:f:up doris-2:f:up doris-3:M:up]
16:13:37 #186 OK SELECT id=3597907 via doris-1 rows=10165 [doris-1:f:up doris-2:f:up doris-3:M:up]
16:13:38 #187 OK SELECT id=3597907 via doris-1 rows=10166 [doris-1:f:up doris-2:f:up doris-3:M:up]
16:13:39 #188 OK SELECT id=3597907 via doris-1 rows=10167 [doris-1:f:up doris-2:f:up doris-3:M:up]
16:13:40 #189 OK SELECT id=3597907 via doris-1 rows=10167 [doris-1:f:up doris-2:f:up doris-3:M:up]
16:13:41 #190 OK SELECT id=3597907 via doris-1 rows=10166 [doris-1:f:up doris-2:f:up doris-3:M:up]
16:13:42 #191 OK SELECT id=3597907 via doris-1 rows=10165 [doris-1:f:up doris-2:f:up doris-3:M:up]
16:13:43 #192 OK SELECT id=3597907 via doris-1 rows=10165 [doris-1:f:up doris-2:f:up doris-3:M:up]
16:13:44 #193 OK SELECT id=3597907 via doris-1 rows=10167 [doris-1:f:up doris-2:f:up doris-3:M:up]
16:13:45 #194 OK SELECT id=3597907 via doris-1 rows=10167 [doris-1:f:up doris-2:f:up doris-3:M:up]
16:13:46 #195 OK SELECT id=3597907 via doris-1 rows=10167 [doris-1:f:up doris-2:f:up doris-3:M:up]
16:13:47 #196 OK SELECT id=3597907 via doris-1 rows=10165 [doris-1:f:up doris-2:f:up doris-3:M:up]
16:13:48 #197 OK SELECT id=3597907 via doris-1 rows=10165 [doris-1:f:up doris-2:f:up doris-3:M:up]
16:13:49 #198 OK SELECT id=3597907 via doris-1 rows=10167 [doris-1:f:up doris-2:f:up doris-3:M:up]
