18:32:43 PROBE start proto=arrow-flight hosts=doris-1,doris-2,doris-3 duration=86400s cycle=INSERT>UPSERT>SELECT>DELETE>SELECT
18:32:43 connected to doris-1 (10.140.0.2)
18:32:43 DML unsupported over arrow-flight (InternalError: RuntimeException, msg: getMysqlChannel not in mysql connection (Internal; ExecuteQuery)) — switching to SELECT-only mode
18:32:43 #1 OK SELECT id=3683630 via doris-1 rows=10229 [doris-1:f:up doris-2:M:up doris-3:f:up]
18:32:44 #2 OK SELECT id=3683630 via doris-1 rows=10230 [doris-1:f:up doris-2:M:up doris-3:f:up]
18:32:45 #3 OK SELECT id=3683630 via doris-1 rows=10230 [doris-1:f:up doris-2:M:up doris-3:f:up]
18:32:46 #4 OK SELECT id=3683630 via doris-1 rows=10229 [doris-1:f:up doris-2:M:up doris-3:f:up]
18:32:47 #5 OK SELECT id=3683630 via doris-1 rows=10228 [doris-1:f:up doris-2:M:up doris-3:f:up]
18:32:48 #6 OK SELECT id=3683630 via doris-1 rows=10229 [doris-1:f:up doris-2:M:up doris-3:f:up]
18:32:49 #7 OK SELECT id=3683630 via doris-1 rows=10230 [doris-1:f:up doris-2:M:up doris-3:f:up]
18:32:50 #8 OK SELECT id=3683630 via doris-1 rows=10230 [doris-1:f:up doris-2:M:up doris-3:f:up]
18:32:51 #9 OK SELECT id=3683630 via doris-1 rows=10229 [doris-1:f:up doris-2:M:up doris-3:f:up]
18:32:52 #10 OK SELECT id=3683630 via doris-1 rows=10228 [doris-1:f:up doris-2:M:up doris-3:f:up]
18:32:53 #11 OK SELECT id=3683630 via doris-1 rows=10229 [doris-1:f:up doris-2:M:up doris-3:f:up]
18:32:54 #12 OK SELECT id=3683630 via doris-1 rows=10230 [doris-1:f:up doris-2:M:up doris-3:f:up]
18:32:56 #13 OK SELECT id=3683630 via doris-1 rows=10230 [doris-1:f:up doris-2:M:up doris-3:f:up]
18:32:57 #14 OK SELECT id=3683630 via doris-1 rows=10229 [doris-1:f:up doris-2:M:up doris-3:f:up]
18:32:58 #15 OK SELECT id=3683630 via doris-1 rows=10228 [doris-1:f:up doris-2:M:up doris-3:f:up]
18:32:59 #16 OK SELECT id=3683630 via doris-1 rows=10229 [doris-1:f:up doris-2:M:up doris-3:f:up]
18:33:00 #17 OK SELECT id=3683630 via doris-1 rows=10230 [doris-1:f:up doris-2:M:up doris-3:f:up]
18:33:01 #18 OK SELECT id=3683630 via doris-1 rows=10230 [doris-1:f:up doris-2:M:up doris-3:f:up]
18:33:02 #19 OK SELECT id=3683630 via doris-1 rows=10229 [doris-1:f:up doris-2:M:up doris-3:f:up]
18:33:03 #20 OK SELECT id=3683630 via doris-1 rows=10228 [doris-1:f:up doris-2:M:up doris-3:f:up]
18:33:04 #21 OK SELECT id=3683630 via doris-1 rows=10229 [doris-1:f:up doris-2:M:up doris-3:f:up]
18:33:05 #22 OK SELECT id=3683630 via doris-1 rows=10230 [doris-1:f:up doris-2:M:up doris-3:f:up]
18:33:06 #23 OK SELECT id=3683630 via doris-1 rows=10230 [doris-1:f:up doris-2:M:up doris-3:f:up]
18:33:07 #24 OK SELECT id=3683630 via doris-1 rows=10229 [doris-1:f:up doris-2:M:up doris-3:f:up]
18:33:08 #25 OK SELECT id=3683630 via doris-1 rows=10228 [doris-1:f:up doris-2:M:up doris-3:f:up]
18:33:09 #26 OK SELECT id=3683630 via doris-1 rows=10229 [doris-1:f:up doris-2:M:up doris-3:f:up]
18:33:10 #27 OK SELECT id=3683630 via doris-1 rows=10230 [doris-1:f:up doris-2:M:up doris-3:f:up]
18:33:11 #28 OK SELECT id=3683630 via doris-1 rows=10230 [doris-1:f:up doris-2:M:up doris-3:f:up]
18:33:12 #29 OK SELECT id=3683630 via doris-1 rows=10229 [doris-1:f:up doris-2:M:up doris-3:f:up]
18:33:13 #30 OK SELECT id=3683630 via doris-1 rows=10228 [doris-1:f:up doris-2:M:up doris-3:f:up]
18:33:15 #31 OK SELECT id=3683630 via doris-1 rows=10229 [doris-1:f:up doris-2:M:up doris-3:f:up]
18:33:16 #32 OK SELECT id=3683630 via doris-1 rows=10230 [doris-1:f:up doris-2:M:up doris-3:f:up]
18:33:17 #33 OK SELECT id=3683630 via doris-1 rows=10230 [doris-1:f:up doris-2:M:up doris-3:f:up]
18:33:17 EVENT break: fe hang on doris-1 (FE follower)
18:33:18 #34 OK SELECT id=3683630 via doris-1 rows=10229 [doris-1:f:up doris-2:M:up doris-3:f:up]
18:33:27 #35 FAIL SELECT id=3683630 via doris-1: OperationalError: TIMEOUT: [FlightSQL] context deadline exceeded (DeadlineExceeded; Prepare). Vendor code: 4
18:33:56 connected to doris-2 (10.140.0.3)
18:33:56 #36 OK SELECT id=3683630 via doris-2 rows=10229 [doris-1:f:DOWN doris-2:M:up doris-3:f:up] (recovered)
18:33:57 #37 OK SELECT id=3683630 via doris-2 rows=10229 [doris-1:f:DOWN doris-2:M:up doris-3:f:up]
18:33:58 #38 OK SELECT id=3683630 via doris-2 rows=10230 [doris-1:f:DOWN doris-2:M:up doris-3:f:up]
18:33:59 #39 OK SELECT id=3683630 via doris-2 rows=10230 [doris-1:f:DOWN doris-2:M:up doris-3:f:up]
18:34:00 #40 OK SELECT id=3683630 via doris-2 rows=10230 [doris-1:f:DOWN doris-2:M:up doris-3:f:up]
18:34:01 #41 OK SELECT id=3683630 via doris-2 rows=10229 [doris-1:f:DOWN doris-2:M:up doris-3:f:up]
18:34:02 #42 OK SELECT id=3683630 via doris-2 rows=10229 [doris-1:f:DOWN doris-2:M:up doris-3:f:up]
18:34:03 #43 OK SELECT id=3683630 via doris-2 rows=10230 [doris-1:f:DOWN doris-2:M:up doris-3:f:up]
18:34:04 #44 OK SELECT id=3683630 via doris-2 rows=10229 [doris-1:f:DOWN doris-2:M:up doris-3:f:up]
18:34:05 #45 OK SELECT id=3683630 via doris-2 rows=10229 [doris-1:f:DOWN doris-2:M:up doris-3:f:up]
18:34:06 #46 OK SELECT id=3683630 via doris-2 rows=10229 [doris-1:f:DOWN doris-2:M:up doris-3:f:up]
18:34:07 #47 OK SELECT id=3683630 via doris-2 rows=10229 [doris-1:f:DOWN doris-2:M:up doris-3:f:up]
18:34:08 #48 OK SELECT id=3683630 via doris-2 rows=10230 [doris-1:f:DOWN doris-2:M:up doris-3:f:up]
18:34:10 #49 OK SELECT id=3683630 via doris-2 rows=10229 [doris-1:f:DOWN doris-2:M:up doris-3:f:up]
18:34:11 #50 OK SELECT id=3683630 via doris-2 rows=10229 [doris-1:f:DOWN doris-2:M:up doris-3:f:up]
18:34:12 #51 OK SELECT id=3683630 via doris-2 rows=10229 [doris-1:f:DOWN doris-2:M:up doris-3:f:up]
18:34:13 #52 OK SELECT id=3683630 via doris-2 rows=10229 [doris-1:f:DOWN doris-2:M:up doris-3:f:up]
18:34:14 #53 OK SELECT id=3683630 via doris-2 rows=10230 [doris-1:f:DOWN doris-2:M:up doris-3:f:up]
18:34:15 #54 OK SELECT id=3683630 via doris-2 rows=10229 [doris-1:f:DOWN doris-2:M:up doris-3:f:up]
18:34:16 #55 OK SELECT id=3683630 via doris-2 rows=10229 [doris-1:f:DOWN doris-2:M:up doris-3:f:up]
18:34:17 #56 OK SELECT id=3683630 via doris-2 rows=10229 [doris-1:f:DOWN doris-2:M:up doris-3:f:up]
18:34:18 #57 OK SELECT id=3683630 via doris-2 rows=10229 [doris-1:f:DOWN doris-2:M:up doris-3:f:up]
18:34:19 #58 OK SELECT id=3683630 via doris-2 rows=10230 [doris-1:f:DOWN doris-2:M:up doris-3:f:up]
18:34:20 #59 OK SELECT id=3683630 via doris-2 rows=10230 [doris-1:f:DOWN doris-2:M:up doris-3:f:up]
18:34:21 #60 OK SELECT id=3683630 via doris-2 rows=10230 [doris-1:f:DOWN doris-2:M:up doris-3:f:up]
18:34:22 #61 OK SELECT id=3683630 via doris-2 rows=10229 [doris-1:f:DOWN doris-2:M:up doris-3:f:up]
18:34:23 #62 OK SELECT id=3683630 via doris-2 rows=10229 [doris-1:f:DOWN doris-2:M:up doris-3:f:up]
18:34:24 #63 OK SELECT id=3683630 via doris-2 rows=10230 [doris-1:f:DOWN doris-2:M:up doris-3:f:up]
18:34:25 #64 OK SELECT id=3683630 via doris-2 rows=10230 [doris-1:f:DOWN doris-2:M:up doris-3:f:up]
18:34:26 #65 OK SELECT id=3683630 via doris-2 rows=10230 [doris-1:f:DOWN doris-2:M:up doris-3:f:up]
18:34:27 #66 OK SELECT id=3683630 via doris-2 rows=10229 [doris-1:f:DOWN doris-2:M:up doris-3:f:up]
18:34:29 #67 OK SELECT id=3683630 via doris-2 rows=10228 [doris-1:f:DOWN doris-2:M:up doris-3:f:up]
18:34:30 #68 OK SELECT id=3683630 via doris-2 rows=10229 [doris-1:f:DOWN doris-2:M:up doris-3:f:up]
18:34:31 #69 OK SELECT id=3683630 via doris-2 rows=10230 [doris-1:f:DOWN doris-2:M:up doris-3:f:up]
18:34:32 #70 OK SELECT id=3683630 via doris-2 rows=10230 [doris-1:f:DOWN doris-2:M:up doris-3:f:up]
18:34:33 #71 OK SELECT id=3683630 via doris-2 rows=10229 [doris-1:f:DOWN doris-2:M:up doris-3:f:up]
18:34:34 #72 OK SELECT id=3683630 via doris-2 rows=10228 [doris-1:f:DOWN doris-2:M:up doris-3:f:up]
18:34:35 #73 OK SELECT id=3683630 via doris-2 rows=10229 [doris-1:f:DOWN doris-2:M:up doris-3:f:up]
18:34:36 #74 OK SELECT id=3683630 via doris-2 rows=10230 [doris-1:f:DOWN doris-2:M:up doris-3:f:up]
18:34:37 #75 OK SELECT id=3683630 via doris-2 rows=10230 [doris-1:f:DOWN doris-2:M:up doris-3:f:up]
18:34:38 #76 OK SELECT id=3683630 via doris-2 rows=10229 [doris-1:f:DOWN doris-2:M:up doris-3:f:up]
18:34:39 #77 OK SELECT id=3683630 via doris-2 rows=10228 [doris-1:f:DOWN doris-2:M:up doris-3:f:up]
18:34:40 #78 OK SELECT id=3683630 via doris-2 rows=10229 [doris-1:f:DOWN doris-2:M:up doris-3:f:up]
18:34:41 #79 OK SELECT id=3683630 via doris-2 rows=10230 [doris-1:f:DOWN doris-2:M:up doris-3:f:up]
18:34:42 #80 OK SELECT id=3683630 via doris-2 rows=10230 [doris-1:f:DOWN doris-2:M:up doris-3:f:up]
18:34:43 #81 OK SELECT id=3683630 via doris-2 rows=10229 [doris-1:f:DOWN doris-2:M:up doris-3:f:up]
18:34:44 #82 OK SELECT id=3683630 via doris-2 rows=10228 [doris-1:f:DOWN doris-2:M:up doris-3:f:up]
18:34:45 #83 OK SELECT id=3683630 via doris-2 rows=10229 [doris-1:f:DOWN doris-2:M:up doris-3:f:up]
18:34:46 #84 OK SELECT id=3683630 via doris-2 rows=10229 [doris-1:f:DOWN doris-2:M:up doris-3:f:up]
18:34:47 #85 OK SELECT id=3683630 via doris-2 rows=10229 [doris-1:f:DOWN doris-2:M:up doris-3:f:up]
18:34:48 #86 OK SELECT id=3683630 via doris-2 rows=10228 [doris-1:f:DOWN doris-2:M:up doris-3:f:up]
18:34:50 #87 OK SELECT id=3683630 via doris-2 rows=10228 [doris-1:f:DOWN doris-2:M:up doris-3:f:up]
18:34:51 #88 OK SELECT id=3683630 via doris-2 rows=10229 [doris-1:f:DOWN doris-2:M:up doris-3:f:up]
18:34:52 #89 OK SELECT id=3683630 via doris-2 rows=10229 [doris-1:f:DOWN doris-2:M:up doris-3:f:up]
18:34:53 #90 OK SELECT id=3683630 via doris-2 rows=10229 [doris-1:f:DOWN doris-2:M:up doris-3:f:up]
18:34:54 #91 OK SELECT id=3683630 via doris-2 rows=10229 [doris-1:f:DOWN doris-2:M:up doris-3:f:up]
18:34:55 #92 OK SELECT id=3683630 via doris-2 rows=10229 [doris-1:f:DOWN doris-2:M:up doris-3:f:up]
18:34:56 #93 OK SELECT id=3683630 via doris-2 rows=10230 [doris-1:f:DOWN doris-2:M:up doris-3:f:up]
18:34:57 #94 OK SELECT id=3683630 via doris-2 rows=10229 [doris-1:f:DOWN doris-2:M:up doris-3:f:up]
18:34:58 #95 OK SELECT id=3683630 via doris-2 rows=10229 [doris-1:f:DOWN doris-2:M:up doris-3:f:up]
18:34:59 #96 OK SELECT id=3683630 via doris-2 rows=10229 [doris-1:f:DOWN doris-2:M:up doris-3:f:up]
18:35:00 #97 OK SELECT id=3683630 via doris-2 rows=10229 [doris-1:f:DOWN doris-2:M:up doris-3:f:up]
18:35:01 #98 OK SELECT id=3683630 via doris-2 rows=10230 [doris-1:f:DOWN doris-2:M:up doris-3:f:up]
18:35:02 #99 OK SELECT id=3683630 via doris-2 rows=10229 [doris-1:f:DOWN doris-2:M:up doris-3:f:up]
18:35:03 #100 OK SELECT id=3683630 via doris-2 rows=10229 [doris-1:f:DOWN doris-2:M:up doris-3:f:up]
18:35:04 EVENT restore: resume fe on doris-1
18:35:04 #101 OK SELECT id=3683630 via doris-2 rows=10229 [doris-1:f:DOWN doris-2:M:up doris-3:f:up]
18:35:05 #102 OK SELECT id=3683630 via doris-2 rows=10229 [doris-1:f:DOWN doris-2:M:up doris-3:f:up]
18:35:06 #103 OK SELECT id=3683630 via doris-2 rows=10230 [doris-1:f:DOWN doris-2:M:up doris-3:f:up]
18:35:07 #104 OK SELECT id=3683630 via doris-2 rows=10229 [doris-1:f:DOWN doris-2:M:up doris-3:f:up]
18:35:09 #105 OK SELECT id=3683630 via doris-2 rows=10229 [doris-1:f:up doris-2:M:up doris-3:f:up]
18:35:10 #106 OK SELECT id=3683630 via doris-2 rows=10229 [doris-1:f:up doris-2:M:up doris-3:f:up]
18:35:11 #107 OK SELECT id=3683630 via doris-2 rows=10229 [doris-1:f:up doris-2:M:up doris-3:f:up]
18:35:12 #108 OK SELECT id=3683630 via doris-2 rows=10230 [doris-1:f:up doris-2:M:up doris-3:f:up]
18:35:12 EVENT restore: cluster healthy
18:35:13 #109 OK SELECT id=3683630 via doris-2 rows=10230 [doris-1:f:up doris-2:M:up doris-3:f:up]
18:35:14 #110 OK SELECT id=3683630 via doris-2 rows=10229 [doris-1:f:up doris-2:M:up doris-3:f:up]
18:35:15 #111 OK SELECT id=3683630 via doris-2 rows=10228 [doris-1:f:up doris-2:M:up doris-3:f:up]
18:35:16 #112 OK SELECT id=3683630 via doris-2 rows=10229 [doris-1:f:up doris-2:M:up doris-3:f:up]
18:35:17 #113 OK SELECT id=3683630 via doris-2 rows=10230 [doris-1:f:up doris-2:M:up doris-3:f:up]
18:35:18 #114 OK SELECT id=3683630 via doris-2 rows=10230 [doris-1:f:up doris-2:M:up doris-3:f:up]
18:35:19 #115 OK SELECT id=3683630 via doris-2 rows=10229 [doris-1:f:up doris-2:M:up doris-3:f:up]
18:35:20 #116 OK SELECT id=3683630 via doris-2 rows=10228 [doris-1:f:up doris-2:M:up doris-3:f:up]
18:35:21 #117 OK SELECT id=3683630 via doris-2 rows=10229 [doris-1:f:up doris-2:M:up doris-3:f:up]
18:35:22 #118 OK SELECT id=3683630 via doris-2 rows=10230 [doris-1:f:up doris-2:M:up doris-3:f:up]
18:35:23 #119 OK SELECT id=3683630 via doris-2 rows=10230 [doris-1:f:up doris-2:M:up doris-3:f:up]
18:35:24 #120 OK SELECT id=3683630 via doris-2 rows=10229 [doris-1:f:up doris-2:M:up doris-3:f:up]
18:35:25 #121 OK SELECT id=3683630 via doris-2 rows=10228 [doris-1:f:up doris-2:M:up doris-3:f:up]
18:35:26 #122 OK SELECT id=3683630 via doris-2 rows=10229 [doris-1:f:up doris-2:M:up doris-3:f:up]
18:35:27 #123 OK SELECT id=3683630 via doris-2 rows=10230 [doris-1:f:up doris-2:M:up doris-3:f:up]
18:35:28 #124 OK SELECT id=3683630 via doris-2 rows=10230 [doris-1:f:up doris-2:M:up doris-3:f:up]
18:35:30 #125 OK SELECT id=3683630 via doris-2 rows=10229 [doris-1:f:up doris-2:M:up doris-3:f:up]
18:35:31 #126 OK SELECT id=3683630 via doris-2 rows=10228 [doris-1:f:up doris-2:M:up doris-3:f:up]
18:35:32 #127 OK SELECT id=3683630 via doris-2 rows=10229 [doris-1:f:up doris-2:M:up doris-3:f:up]
18:35:33 #128 OK SELECT id=3683630 via doris-2 rows=10230 [doris-1:f:up doris-2:M:up doris-3:f:up]
18:35:34 #129 OK SELECT id=3683630 via doris-2 rows=10230 [doris-1:f:up doris-2:M:up doris-3:f:up]
18:35:35 #130 OK SELECT id=3683630 via doris-2 rows=10229 [doris-1:f:up doris-2:M:up doris-3:f:up]
18:35:36 #131 OK SELECT id=3683630 via doris-2 rows=10228 [doris-1:f:up doris-2:M:up doris-3:f:up]
18:35:37 #132 OK SELECT id=3683630 via doris-2 rows=10229 [doris-1:f:up doris-2:M:up doris-3:f:up]
18:35:38 #133 OK SELECT id=3683630 via doris-2 rows=10230 [doris-1:f:up doris-2:M:up doris-3:f:up]
18:35:39 #134 OK SELECT id=3683630 via doris-2 rows=10230 [doris-1:f:up doris-2:M:up doris-3:f:up]
18:35:40 #135 OK SELECT id=3683630 via doris-2 rows=10229 [doris-1:f:up doris-2:M:up doris-3:f:up]
18:35:41 #136 OK SELECT id=3683630 via doris-2 rows=10228 [doris-1:f:up doris-2:M:up doris-3:f:up]
18:35:42 #137 OK SELECT id=3683630 via doris-2 rows=10229 [doris-1:f:up doris-2:M:up doris-3:f:up]
18:35:43 #138 OK SELECT id=3683630 via doris-2 rows=10230 [doris-1:f:up doris-2:M:up doris-3:f:up]
18:35:44 #139 OK SELECT id=3683630 via doris-2 rows=10230 [doris-1:f:up doris-2:M:up doris-3:f:up]
18:35:45 #140 OK SELECT id=3683630 via doris-2 rows=10229 [doris-1:f:up doris-2:M:up doris-3:f:up]
18:35:46 #141 OK SELECT id=3683630 via doris-2 rows=10228 [doris-1:f:up doris-2:M:up doris-3:f:up]
18:35:47 #142 OK SELECT id=3683630 via doris-2 rows=10229 [doris-1:f:up doris-2:M:up doris-3:f:up]
