18:32:43 PROBE start proto=jdbc hosts=doris-1,doris-2,doris-3 duration=86400s cycle=INSERT>UPSERT>SELECT>DELETE>SELECT url=jdbc:mysql://10.140.0.2:9030,10.140.0.3:9030,10.140.0.4:9030/hatest
18:32:43 connected to doris-1 (driver-selected host)
18:32:43 #1 OK INSERT id=2683630 via doris-1 rows=10230 [doris-1:f:up doris-2:M:up doris-3:f:up]
18:32:45 #2 OK UPSERT id=2683630 via doris-1 rows=10230 [doris-1:f:up doris-2:M:up doris-3:f:up]
18:32:46 #3 OK SELECT id=2683630 via doris-1 rows=10230 [doris-1:f:up doris-2:M:up doris-3:f:up]
18:32:47 #4 OK DELETE id=2683630 via doris-1 rows=10228 [doris-1:f:up doris-2:M:up doris-3:f:up]
18:32:48 #5 OK SELECT id=2683630 via doris-1 rows=10228 [doris-1:f:up doris-2:M:up doris-3:f:up]
18:32:49 #6 OK INSERT id=2683631 via doris-1 rows=10230 [doris-1:f:up doris-2:M:up doris-3:f:up]
18:32:50 #7 OK UPSERT id=2683631 via doris-1 rows=10230 [doris-1:f:up doris-2:M:up doris-3:f:up]
18:32:51 #8 OK SELECT id=2683631 via doris-1 rows=10230 [doris-1:f:up doris-2:M:up doris-3:f:up]
18:32:52 #9 OK DELETE id=2683631 via doris-1 rows=10228 [doris-1:f:up doris-2:M:up doris-3:f:up]
18:32:53 #10 OK SELECT id=2683631 via doris-1 rows=10228 [doris-1:f:up doris-2:M:up doris-3:f:up]
18:32:54 #11 OK INSERT id=2683632 via doris-1 rows=10230 [doris-1:f:up doris-2:M:up doris-3:f:up]
18:32:55 #12 OK UPSERT id=2683632 via doris-1 rows=10230 [doris-1:f:up doris-2:M:up doris-3:f:up]
18:32:56 #13 OK SELECT id=2683632 via doris-1 rows=10230 [doris-1:f:up doris-2:M:up doris-3:f:up]
18:32:57 #14 OK DELETE id=2683632 via doris-1 rows=10228 [doris-1:f:up doris-2:M:up doris-3:f:up]
18:32:58 #15 OK SELECT id=2683632 via doris-1 rows=10228 [doris-1:f:up doris-2:M:up doris-3:f:up]
18:32:59 #16 OK INSERT id=2683633 via doris-1 rows=10230 [doris-1:f:up doris-2:M:up doris-3:f:up]
18:33:00 #17 OK UPSERT id=2683633 via doris-1 rows=10230 [doris-1:f:up doris-2:M:up doris-3:f:up]
18:33:01 #18 OK SELECT id=2683633 via doris-1 rows=10230 [doris-1:f:up doris-2:M:up doris-3:f:up]
18:33:03 #19 OK DELETE id=2683633 via doris-1 rows=10228 [doris-1:f:up doris-2:M:up doris-3:f:up]
18:33:04 #20 OK SELECT id=2683633 via doris-1 rows=10228 [doris-1:f:up doris-2:M:up doris-3:f:up]
18:33:05 #21 OK INSERT id=2683634 via doris-1 rows=10230 [doris-1:f:up doris-2:M:up doris-3:f:up]
18:33:06 #22 OK UPSERT id=2683634 via doris-1 rows=10230 [doris-1:f:up doris-2:M:up doris-3:f:up]
18:33:07 #23 OK SELECT id=2683634 via doris-1 rows=10230 [doris-1:f:up doris-2:M:up doris-3:f:up]
18:33:08 #24 OK DELETE id=2683634 via doris-1 rows=10228 [doris-1:f:up doris-2:M:up doris-3:f:up]
18:33:09 #25 OK SELECT id=2683634 via doris-1 rows=10228 [doris-1:f:up doris-2:M:up doris-3:f:up]
18:33:10 #26 OK INSERT id=2683635 via doris-1 rows=10230 [doris-1:f:up doris-2:M:up doris-3:f:up]
18:33:11 #27 OK UPSERT id=2683635 via doris-1 rows=10230 [doris-1:f:up doris-2:M:up doris-3:f:up]
18:33:12 #28 OK SELECT id=2683635 via doris-1 rows=10230 [doris-1:f:up doris-2:M:up doris-3:f:up]
18:33:13 #29 OK DELETE id=2683635 via doris-1 rows=10228 [doris-1:f:up doris-2:M:up doris-3:f:up]
18:33:14 #30 OK SELECT id=2683635 via doris-1 rows=10228 [doris-1:f:up doris-2:M:up doris-3:f:up]
18:33:15 #31 OK INSERT id=2683636 via doris-1 rows=10230 [doris-1:f:up doris-2:M:up doris-3:f:up]
18:33:16 #32 OK UPSERT id=2683636 via doris-1 rows=10230 [doris-1:f:up doris-2:M:up doris-3:f:up]
18:33:17 EVENT break: fe hang on doris-1 (FE follower)
18:33:17 #33 OK SELECT id=2683636 via doris-1 rows=10230 [doris-1:f:up doris-2:M:up doris-3:f:up]
18:33:19 #34 OK DELETE id=2683636 via doris-1 rows=10228 [doris-1:f:up doris-2:M:up doris-3:f:up]
18:33:28 #35 FAIL SELECT id=2683636 via doris-1: CommunicationsException: Communications link failure  The last packet successfully received from the server was 9,012 milliseconds ago.
18:33:37 connected to doris-2 (driver-selected host)
18:33:37 #36 OK INSERT id=2683637 via doris-2 rows=10230 [doris-1:f:DOWN doris-2:M:up doris-3:f:up] (recovered)
18:33:38 #37 OK UPSERT id=2683637 via doris-2 rows=10230 [doris-1:f:DOWN doris-2:M:up doris-3:f:up]
18:33:39 #38 OK SELECT id=2683637 via doris-2 rows=10230 [doris-1:f:DOWN doris-2:M:up doris-3:f:up]
18:33:40 #39 OK DELETE id=2683637 via doris-2 rows=10228 [doris-1:f:DOWN doris-2:M:up doris-3:f:up]
18:33:41 #40 OK SELECT id=2683637 via doris-2 rows=10228 [doris-1:f:DOWN doris-2:M:up doris-3:f:up]
18:33:42 #41 OK INSERT id=2683638 via doris-2 rows=10230 [doris-1:f:DOWN doris-2:M:up doris-3:f:up]
18:33:43 #42 OK UPSERT id=2683638 via doris-2 rows=10230 [doris-1:f:DOWN doris-2:M:up doris-3:f:up]
18:33:44 #43 OK SELECT id=2683638 via doris-2 rows=10230 [doris-1:f:DOWN doris-2:M:up doris-3:f:up]
18:33:45 #44 OK DELETE id=2683638 via doris-2 rows=10228 [doris-1:f:DOWN doris-2:M:up doris-3:f:up]
18:33:46 #45 OK SELECT id=2683638 via doris-2 rows=10228 [doris-1:f:DOWN doris-2:M:up doris-3:f:up]
18:33:47 #46 OK INSERT id=2683639 via doris-2 rows=10230 [doris-1:f:DOWN doris-2:M:up doris-3:f:up]
18:33:48 #47 OK UPSERT id=2683639 via doris-2 rows=10230 [doris-1:f:DOWN doris-2:M:up doris-3:f:up]
18:33:49 #48 OK SELECT id=2683639 via doris-2 rows=10230 [doris-1:f:DOWN doris-2:M:up doris-3:f:up]
18:33:50 #49 OK DELETE id=2683639 via doris-2 rows=10228 [doris-1:f:DOWN doris-2:M:up doris-3:f:up]
18:33:52 #50 OK SELECT id=2683639 via doris-2 rows=10228 [doris-1:f:DOWN doris-2:M:up doris-3:f:up]
18:33:53 #51 OK INSERT id=2683640 via doris-2 rows=10230 [doris-1:f:DOWN doris-2:M:up doris-3:f:up]
18:34:02 #52 OK UPSERT id=2683640 via doris-2 rows=10229 [doris-1:f:DOWN doris-2:M:up doris-3:f:up]
18:34:03 #53 OK SELECT id=2683640 via doris-2 rows=10230 [doris-1:f:DOWN doris-2:M:up doris-3:f:up]
18:34:04 #54 OK DELETE id=2683640 via doris-2 rows=10229 [doris-1:f:DOWN doris-2:M:up doris-3:f:up]
18:34:05 #55 OK SELECT id=2683640 via doris-2 rows=10229 [doris-1:f:DOWN doris-2:M:up doris-3:f:up]
18:34:06 #56 OK INSERT id=2683641 via doris-2 rows=10229 [doris-1:f:DOWN doris-2:M:up doris-3:f:up]
18:34:07 #57 OK UPSERT id=2683641 via doris-2 rows=10229 [doris-1:f:DOWN doris-2:M:up doris-3:f:up]
18:34:08 #58 OK SELECT id=2683641 via doris-2 rows=10230 [doris-1:f:DOWN doris-2:M:up doris-3:f:up]
18:34:09 #59 OK DELETE id=2683641 via doris-2 rows=10229 [doris-1:f:DOWN doris-2:M:up doris-3:f:up]
18:34:10 #60 OK SELECT id=2683641 via doris-2 rows=10229 [doris-1:f:DOWN doris-2:M:up doris-3:f:up]
18:34:11 #61 OK INSERT id=2683642 via doris-2 rows=10229 [doris-1:f:DOWN doris-2:M:up doris-3:f:up]
18:34:12 #62 OK UPSERT id=2683642 via doris-2 rows=10229 [doris-1:f:DOWN doris-2:M:up doris-3:f:up]
18:34:13 #63 OK SELECT id=2683642 via doris-2 rows=10230 [doris-1:f:DOWN doris-2:M:up doris-3:f:up]
18:34:14 #64 OK DELETE id=2683642 via doris-2 rows=10229 [doris-1:f:DOWN doris-2:M:up doris-3:f:up]
18:34:15 #65 OK SELECT id=2683642 via doris-2 rows=10229 [doris-1:f:DOWN doris-2:M:up doris-3:f:up]
18:34:16 #66 OK INSERT id=2683643 via doris-2 rows=10229 [doris-1:f:DOWN doris-2:M:up doris-3:f:up]
18:34:18 #67 OK UPSERT id=2683643 via doris-2 rows=10229 [doris-1:f:DOWN doris-2:M:up doris-3:f:up]
18:34:27 #68 OK SELECT id=2683643 via doris-2 rows=10230 [doris-1:f:DOWN doris-2:M:up doris-3:f:up]
18:34:28 #69 OK DELETE id=2683643 via doris-2 rows=10228 [doris-1:f:DOWN doris-2:M:up doris-3:f:up]
18:34:29 #70 OK SELECT id=2683643 via doris-2 rows=10229 [doris-1:f:DOWN doris-2:M:up doris-3:f:up]
18:34:30 #71 OK INSERT id=2683644 via doris-2 rows=10230 [doris-1:f:DOWN doris-2:M:up doris-3:f:up]
18:34:31 #72 OK UPSERT id=2683644 via doris-2 rows=10230 [doris-1:f:DOWN doris-2:M:up doris-3:f:up]
18:34:32 #73 OK SELECT id=2683644 via doris-2 rows=10229 [doris-1:f:DOWN doris-2:M:up doris-3:f:up]
18:34:33 #74 OK DELETE id=2683644 via doris-2 rows=10228 [doris-1:f:DOWN doris-2:M:up doris-3:f:up]
18:34:34 #75 OK SELECT id=2683644 via doris-2 rows=10229 [doris-1:f:DOWN doris-2:M:up doris-3:f:up]
18:34:35 #76 OK INSERT id=2683645 via doris-2 rows=10230 [doris-1:f:DOWN doris-2:M:up doris-3:f:up]
18:34:36 #77 OK UPSERT id=2683645 via doris-2 rows=10230 [doris-1:f:DOWN doris-2:M:up doris-3:f:up]
18:34:37 #78 OK SELECT id=2683645 via doris-2 rows=10229 [doris-1:f:DOWN doris-2:M:up doris-3:f:up]
18:34:38 #79 OK DELETE id=2683645 via doris-2 rows=10228 [doris-1:f:DOWN doris-2:M:up doris-3:f:up]
18:34:39 #80 OK SELECT id=2683645 via doris-2 rows=10229 [doris-1:f:DOWN doris-2:M:up doris-3:f:up]
18:34:40 #81 OK INSERT id=2683646 via doris-2 rows=10230 [doris-1:f:DOWN doris-2:M:up doris-3:f:up]
18:34:41 #82 OK UPSERT id=2683646 via doris-2 rows=10230 [doris-1:f:DOWN doris-2:M:up doris-3:f:up]
18:34:42 #83 OK SELECT id=2683646 via doris-2 rows=10229 [doris-1:f:DOWN doris-2:M:up doris-3:f:up]
18:34:44 #84 OK DELETE id=2683646 via doris-2 rows=10228 [doris-1:f:DOWN doris-2:M:up doris-3:f:up]
18:34:53 #85 OK SELECT id=2683646 via doris-2 rows=10229 [doris-1:f:DOWN doris-2:M:up doris-3:f:up]
18:34:54 #86 OK INSERT id=2683647 via doris-2 rows=10229 [doris-1:f:DOWN doris-2:M:up doris-3:f:up]
18:34:55 #87 OK UPSERT id=2683647 via doris-2 rows=10229 [doris-1:f:DOWN doris-2:M:up doris-3:f:up]
18:34:56 #88 OK SELECT id=2683647 via doris-2 rows=10230 [doris-1:f:DOWN doris-2:M:up doris-3:f:up]
18:34:57 #89 OK DELETE id=2683647 via doris-2 rows=10229 [doris-1:f:DOWN doris-2:M:up doris-3:f:up]
18:34:58 #90 OK SELECT id=2683647 via doris-2 rows=10229 [doris-1:f:DOWN doris-2:M:up doris-3:f:up]
18:34:59 #91 OK INSERT id=2683648 via doris-2 rows=10229 [doris-1:f:DOWN doris-2:M:up doris-3:f:up]
18:35:00 #92 OK UPSERT id=2683648 via doris-2 rows=10229 [doris-1:f:DOWN doris-2:M:up doris-3:f:up]
18:35:01 #93 OK SELECT id=2683648 via doris-2 rows=10230 [doris-1:f:DOWN doris-2:M:up doris-3:f:up]
18:35:02 #94 OK DELETE id=2683648 via doris-2 rows=10229 [doris-1:f:DOWN doris-2:M:up doris-3:f:up]
18:35:03 #95 OK SELECT id=2683648 via doris-2 rows=10229 [doris-1:f:DOWN doris-2:M:up doris-3:f:up]
18:35:04 EVENT restore: resume fe on doris-1
18:35:04 #96 OK INSERT id=2683649 via doris-2 rows=10229 [doris-1:f:DOWN doris-2:M:up doris-3:f:up]
18:35:05 #97 OK UPSERT id=2683649 via doris-2 rows=10229 [doris-1:f:DOWN doris-2:M:up doris-3:f:up]
18:35:06 #98 OK SELECT id=2683649 via doris-2 rows=10230 [doris-1:f:DOWN doris-2:M:up doris-3:f:up]
18:35:07 #99 OK DELETE id=2683649 via doris-2 rows=10229 [doris-1:f:DOWN doris-2:M:up doris-3:f:up]
18:35:08 #100 OK SELECT id=2683649 via doris-2 rows=10229 [doris-1:f:up doris-2:M:up doris-3:f:up]
18:35:10 #101 OK INSERT id=2683650 via doris-2 rows=10229 [doris-1:f:up doris-2:M:up doris-3:f:up]
18:35:11 #102 OK UPSERT id=2683650 via doris-2 rows=10229 [doris-1:f:up doris-2:M:up doris-3:f:up]
18:35:12 #103 OK SELECT id=2683650 via doris-2 rows=10230 [doris-1:f:up doris-2:M:up doris-3:f:up]
18:35:12 EVENT restore: cluster healthy
18:35:13 #104 OK DELETE id=2683650 via doris-2 rows=10229 [doris-1:f:up doris-2:M:up doris-3:f:up]
18:35:14 #105 OK SELECT id=2683650 via doris-2 rows=10229 [doris-1:f:up doris-2:M:up doris-3:f:up]
18:35:15 #106 OK INSERT id=2683651 via doris-2 rows=10229 [doris-1:f:up doris-2:M:up doris-3:f:up]
18:35:16 #107 OK UPSERT id=2683651 via doris-2 rows=10229 [doris-1:f:up doris-2:M:up doris-3:f:up]
18:35:17 #108 OK SELECT id=2683651 via doris-2 rows=10230 [doris-1:f:up doris-2:M:up doris-3:f:up]
18:35:18 #109 OK DELETE id=2683651 via doris-2 rows=10229 [doris-1:f:up doris-2:M:up doris-3:f:up]
18:35:19 #110 OK SELECT id=2683651 via doris-2 rows=10229 [doris-1:f:up doris-2:M:up doris-3:f:up]
18:35:20 #111 OK INSERT id=2683652 via doris-2 rows=10229 [doris-1:f:up doris-2:M:up doris-3:f:up]
18:35:21 #112 OK UPSERT id=2683652 via doris-2 rows=10229 [doris-1:f:up doris-2:M:up doris-3:f:up]
18:35:22 #113 OK SELECT id=2683652 via doris-2 rows=10230 [doris-1:f:up doris-2:M:up doris-3:f:up]
18:35:23 #114 OK DELETE id=2683652 via doris-2 rows=10229 [doris-1:f:up doris-2:M:up doris-3:f:up]
18:35:24 #115 OK SELECT id=2683652 via doris-2 rows=10229 [doris-1:f:up doris-2:M:up doris-3:f:up]
18:35:25 #116 OK INSERT id=2683653 via doris-2 rows=10229 [doris-1:f:up doris-2:M:up doris-3:f:up]
18:35:27 #117 OK UPSERT id=2683653 via doris-2 rows=10229 [doris-1:f:up doris-2:M:up doris-3:f:up]
18:35:28 #118 OK SELECT id=2683653 via doris-2 rows=10230 [doris-1:f:up doris-2:M:up doris-3:f:up]
18:35:29 #119 OK DELETE id=2683653 via doris-2 rows=10229 [doris-1:f:up doris-2:M:up doris-3:f:up]
18:35:30 #120 OK SELECT id=2683653 via doris-2 rows=10229 [doris-1:f:up doris-2:M:up doris-3:f:up]
18:35:31 #121 OK INSERT id=2683654 via doris-2 rows=10229 [doris-1:f:up doris-2:M:up doris-3:f:up]
18:35:32 #122 OK UPSERT id=2683654 via doris-2 rows=10229 [doris-1:f:up doris-2:M:up doris-3:f:up]
18:35:33 #123 OK SELECT id=2683654 via doris-2 rows=10230 [doris-1:f:up doris-2:M:up doris-3:f:up]
18:35:34 #124 OK DELETE id=2683654 via doris-2 rows=10229 [doris-1:f:up doris-2:M:up doris-3:f:up]
18:35:35 #125 OK SELECT id=2683654 via doris-2 rows=10229 [doris-1:f:up doris-2:M:up doris-3:f:up]
18:35:36 #126 OK INSERT id=2683655 via doris-2 rows=10229 [doris-1:f:up doris-2:M:up doris-3:f:up]
18:35:37 #127 OK UPSERT id=2683655 via doris-2 rows=10229 [doris-1:f:up doris-2:M:up doris-3:f:up]
18:35:38 #128 OK SELECT id=2683655 via doris-2 rows=10230 [doris-1:f:up doris-2:M:up doris-3:f:up]
18:35:39 #129 OK DELETE id=2683655 via doris-2 rows=10229 [doris-1:f:up doris-2:M:up doris-3:f:up]
18:35:40 #130 OK SELECT id=2683655 via doris-2 rows=10229 [doris-1:f:up doris-2:M:up doris-3:f:up]
18:35:41 #131 OK INSERT id=2683656 via doris-2 rows=10229 [doris-1:f:up doris-2:M:up doris-3:f:up]
18:35:42 #132 OK UPSERT id=2683656 via doris-2 rows=10229 [doris-1:f:up doris-2:M:up doris-3:f:up]
18:35:43 #133 OK SELECT id=2683656 via doris-2 rows=10230 [doris-1:f:up doris-2:M:up doris-3:f:up]
18:35:45 #134 OK DELETE id=2683656 via doris-2 rows=10229 [doris-1:f:up doris-2:M:up doris-3:f:up]
18:35:46 #135 OK SELECT id=2683656 via doris-2 rows=10229 [doris-1:f:up doris-2:M:up doris-3:f:up]
