03:10:59 PROBE start proto=arrow-flight hosts=doris-1,doris-2,doris-3 duration=86400s cycle=INSERT>UPSERT>SELECT>DELETE>SELECT
03:11:00 connected to doris-1 (10.140.0.2)
03:11:00 DML unsupported over arrow-flight (InternalError: RuntimeException, msg: getMysqlChannel not in mysql connection (Internal; ExecuteQuery)) — switching to SELECT-only mode
03:11:00 #1 OK SELECT id=3674590 via doris-1 rows=10063 [doris-1:f:up doris-2:f:up doris-3:M:up]
03:11:01 #2 OK SELECT id=3674590 via doris-1 rows=10063 [doris-1:f:up doris-2:f:up doris-3:M:up]
03:11:02 #3 OK SELECT id=3674590 via doris-1 rows=10062 [doris-1:f:up doris-2:f:up doris-3:M:up]
03:11:03 #4 OK SELECT id=3674590 via doris-1 rows=10061 [doris-1:f:up doris-2:f:up doris-3:M:up]
03:11:05 #5 OK SELECT id=3674590 via doris-1 rows=10062 [doris-1:f:up doris-2:f:up doris-3:M:up]
03:11:06 #6 OK SELECT id=3674590 via doris-1 rows=10063 [doris-1:f:up doris-2:f:up doris-3:M:up]
03:11:07 #7 OK SELECT id=3674590 via doris-1 rows=10063 [doris-1:f:up doris-2:f:up doris-3:M:up]
03:11:08 #8 OK SELECT id=3674590 via doris-1 rows=10062 [doris-1:f:up doris-2:f:up doris-3:M:up]
03:11:09 #9 OK SELECT id=3674590 via doris-1 rows=10061 [doris-1:f:up doris-2:f:up doris-3:M:up]
03:11:10 #10 OK SELECT id=3674590 via doris-1 rows=10062 [doris-1:f:up doris-2:f:up doris-3:M:up]
03:11:11 #11 OK SELECT id=3674590 via doris-1 rows=10063 [doris-1:f:up doris-2:f:up doris-3:M:up]
03:11:12 #12 OK SELECT id=3674590 via doris-1 rows=10063 [doris-1:f:up doris-2:f:up doris-3:M:up]
03:11:14 #13 OK SELECT id=3674590 via doris-1 rows=10062 [doris-1:f:up doris-2:f:up doris-3:M:up]
03:11:15 #14 OK SELECT id=3674590 via doris-1 rows=10061 [doris-1:f:up doris-2:f:up doris-3:M:up]
03:11:16 #15 OK SELECT id=3674590 via doris-1 rows=10062 [doris-1:f:up doris-2:f:up doris-3:M:up]
03:11:17 #16 OK SELECT id=3674590 via doris-1 rows=10063 [doris-1:f:up doris-2:f:up doris-3:M:up]
03:11:18 #17 OK SELECT id=3674590 via doris-1 rows=10063 [doris-1:f:up doris-2:f:up doris-3:M:up]
03:11:19 #18 OK SELECT id=3674590 via doris-1 rows=10062 [doris-1:f:up doris-2:f:up doris-3:M:up]
03:11:20 #19 OK SELECT id=3674590 via doris-1 rows=10061 [doris-1:f:up doris-2:f:up doris-3:M:up]
03:11:21 #20 OK SELECT id=3674590 via doris-1 rows=10062 [doris-1:f:up doris-2:f:up doris-3:M:up]
03:11:22 #21 OK SELECT id=3674590 via doris-1 rows=10063 [doris-1:f:up doris-2:f:up doris-3:M:up]
03:11:23 #22 OK SELECT id=3674590 via doris-1 rows=10063 [doris-1:f:up doris-2:f:up doris-3:M:up]
03:11:24 #23 OK SELECT id=3674590 via doris-1 rows=10062 [doris-1:f:up doris-2:f:up doris-3:M:up]
03:11:25 #24 OK SELECT id=3674590 via doris-1 rows=10061 [doris-1:f:up doris-2:f:up doris-3:M:up]
03:11:27 #25 OK SELECT id=3674590 via doris-1 rows=10062 [doris-1:f:up doris-2:f:up doris-3:M:up]
03:11:28 #26 OK SELECT id=3674590 via doris-1 rows=10063 [doris-1:f:up doris-2:f:up doris-3:M:up]
03:11:29 #27 OK SELECT id=3674590 via doris-1 rows=10063 [doris-1:f:up doris-2:f:up doris-3:M:up]
03:11:30 #28 OK SELECT id=3674590 via doris-1 rows=10062 [doris-1:f:up doris-2:f:up doris-3:M:up]
03:11:31 #29 OK SELECT id=3674590 via doris-1 rows=10061 [doris-1:f:up doris-2:f:up doris-3:M:up]
03:11:32 #30 OK SELECT id=3674590 via doris-1 rows=10062 [doris-1:f:up doris-2:f:up doris-3:M:up]
03:11:33 EVENT break: vm stop on doris-3 (FE master)
03:11:33 #31 OK SELECT id=3674590 via doris-1 rows=10063 [doris-1:f:up doris-2:f:up doris-3:M:up]
03:11:34 #32 OK SELECT id=3674590 via doris-1 rows=10063 [doris-1:f:up doris-2:f:up doris-3:M:up]
03:11:35 #33 OK SELECT id=3674590 via doris-1 rows=10062 [doris-1:f:up doris-2:f:up doris-3:M:up]
03:11:36 #34 FAIL SELECT id=3674590 via doris-1: InternalError: INTERNAL: [FlightSQL] get flight info statement failed, after executeQueryStatement handleQuery, java.lang.Run
03:11:37 connected to doris-1 (10.140.0.2)
03:11:38 #35 OK SELECT id=3674590 via doris-1 rows=10062 [doris-1:f:up doris-2:M:up doris-3:f:DOWN] (recovered)
03:11:39 #36 OK SELECT id=3674590 via doris-1 rows=10062 [doris-1:f:up doris-2:M:up doris-3:f:DOWN]
03:11:40 #37 OK SELECT id=3674590 via doris-1 rows=10064 [doris-1:f:up doris-2:M:up doris-3:f:DOWN]
03:11:41 #38 OK SELECT id=3674590 via doris-1 rows=10064 [doris-1:f:up doris-2:M:up doris-3:f:DOWN]
03:11:42 #39 OK SELECT id=3674590 via doris-1 rows=10064 [doris-1:f:up doris-2:M:up doris-3:f:DOWN]
03:11:43 #40 OK SELECT id=3674590 via doris-1 rows=10064 [doris-1:f:up doris-2:M:up doris-3:f:DOWN]
03:11:44 #41 OK SELECT id=3674590 via doris-1 rows=10062 [doris-1:f:up doris-2:M:up doris-3:f:DOWN]
03:11:45 #42 OK SELECT id=3674590 via doris-1 rows=10062 [doris-1:f:up doris-2:M:up doris-3:f:DOWN]
03:11:46 #43 OK SELECT id=3674590 via doris-1 rows=10064 [doris-1:f:up doris-2:M:up doris-3:f:DOWN]
03:11:48 #44 OK SELECT id=3674590 via doris-1 rows=10064 [doris-1:f:up doris-2:M:up doris-3:f:DOWN]
03:11:49 #45 OK SELECT id=3674590 via doris-1 rows=10064 [doris-1:f:up doris-2:M:up doris-3:f:DOWN]
03:11:50 #46 OK SELECT id=3674590 via doris-1 rows=10062 [doris-1:f:up doris-2:M:up doris-3:f:DOWN]
03:11:51 #47 OK SELECT id=3674590 via doris-1 rows=10062 [doris-1:f:up doris-2:M:up doris-3:f:DOWN]
03:11:52 #48 OK SELECT id=3674590 via doris-1 rows=10064 [doris-1:f:up doris-2:M:up doris-3:f:DOWN]
03:11:53 #49 OK SELECT id=3674590 via doris-1 rows=10064 [doris-1:f:up doris-2:M:up doris-3:f:DOWN]
03:11:54 #50 OK SELECT id=3674590 via doris-1 rows=10064 [doris-1:f:up doris-2:M:up doris-3:f:DOWN]
03:11:55 #51 OK SELECT id=3674590 via doris-1 rows=10062 [doris-1:f:up doris-2:M:up doris-3:f:DOWN]
03:11:56 #52 OK SELECT id=3674590 via doris-1 rows=10062 [doris-1:f:up doris-2:M:up doris-3:f:DOWN]
03:11:57 EVENT break: doris-3 is down
03:11:57 #53 OK SELECT id=3674590 via doris-1 rows=10064 [doris-1:f:up doris-2:M:up doris-3:f:DOWN]
03:11:58 #54 OK SELECT id=3674590 via doris-1 rows=10064 [doris-1:f:up doris-2:M:up doris-3:f:DOWN]
03:11:59 #55 OK SELECT id=3674590 via doris-1 rows=10064 [doris-1:f:up doris-2:M:up doris-3:f:DOWN]
03:12:00 #56 OK SELECT id=3674590 via doris-1 rows=10062 [doris-1:f:up doris-2:M:up doris-3:f:DOWN]
03:12:01 #57 OK SELECT id=3674590 via doris-1 rows=10062 [doris-1:f:up doris-2:M:up doris-3:f:DOWN]
03:12:03 #58 OK SELECT id=3674590 via doris-1 rows=10064 [doris-1:f:up doris-2:M:up doris-3:f:DOWN]
03:12:04 #59 OK SELECT id=3674590 via doris-1 rows=10064 [doris-1:f:up doris-2:M:up doris-3:f:DOWN]
03:12:05 #60 OK SELECT id=3674590 via doris-1 rows=10064 [doris-1:f:up doris-2:M:up doris-3:f:DOWN]
03:12:06 #61 OK SELECT id=3674590 via doris-1 rows=10062 [doris-1:f:up doris-2:M:up doris-3:f:DOWN]
03:12:07 #62 OK SELECT id=3674590 via doris-1 rows=10062 [doris-1:f:up doris-2:M:up doris-3:f:DOWN]
03:12:08 #63 OK SELECT id=3674590 via doris-1 rows=10064 [doris-1:f:up doris-2:M:up doris-3:f:DOWN]
03:12:09 #64 OK SELECT id=3674590 via doris-1 rows=10064 [doris-1:f:up doris-2:M:up doris-3:f:DOWN]
03:12:10 #65 OK SELECT id=3674590 via doris-1 rows=10064 [doris-1:f:up doris-2:M:up doris-3:f:DOWN]
03:12:11 #66 OK SELECT id=3674590 via doris-1 rows=10062 [doris-1:f:up doris-2:M:up doris-3:f:DOWN]
03:12:12 #67 OK SELECT id=3674590 via doris-1 rows=10062 [doris-1:f:up doris-2:M:up doris-3:f:DOWN]
03:12:13 #68 OK SELECT id=3674590 via doris-1 rows=10064 [doris-1:f:up doris-2:M:up doris-3:f:DOWN]
03:12:14 #69 OK SELECT id=3674590 via doris-1 rows=10064 [doris-1:f:up doris-2:M:up doris-3:f:DOWN]
03:12:15 #70 OK SELECT id=3674590 via doris-1 rows=10064 [doris-1:f:up doris-2:M:up doris-3:f:DOWN]
03:12:16 #71 OK SELECT id=3674590 via doris-1 rows=10062 [doris-1:f:up doris-2:M:up doris-3:f:DOWN]
03:12:17 #72 OK SELECT id=3674590 via doris-1 rows=10062 [doris-1:f:up doris-2:M:up doris-3:f:DOWN]
03:12:19 #73 OK SELECT id=3674590 via doris-1 rows=10064 [doris-1:f:up doris-2:M:up doris-3:f:DOWN]
03:12:20 #74 OK SELECT id=3674590 via doris-1 rows=10064 [doris-1:f:up doris-2:M:up doris-3:f:DOWN]
03:12:21 #75 OK SELECT id=3674590 via doris-1 rows=10064 [doris-1:f:up doris-2:M:up doris-3:f:DOWN]
03:12:22 #76 OK SELECT id=3674590 via doris-1 rows=10062 [doris-1:f:up doris-2:M:up doris-3:f:DOWN]
03:12:23 #77 OK SELECT id=3674590 via doris-1 rows=10062 [doris-1:f:up doris-2:M:up doris-3:f:DOWN]
03:12:24 #78 OK SELECT id=3674590 via doris-1 rows=10064 [doris-1:f:up doris-2:M:up doris-3:f:DOWN]
03:12:25 #79 OK SELECT id=3674590 via doris-1 rows=10064 [doris-1:f:up doris-2:M:up doris-3:f:DOWN]
03:12:26 #80 OK SELECT id=3674590 via doris-1 rows=10064 [doris-1:f:up doris-2:M:up doris-3:f:DOWN]
03:12:27 #81 OK SELECT id=3674590 via doris-1 rows=10062 [doris-1:f:up doris-2:M:up doris-3:f:DOWN]
03:12:28 #82 OK SELECT id=3674590 via doris-1 rows=10062 [doris-1:f:up doris-2:M:up doris-3:f:DOWN]
03:12:29 #83 OK SELECT id=3674590 via doris-1 rows=10064 [doris-1:f:up doris-2:M:up doris-3:f:DOWN]
03:12:30 #84 OK SELECT id=3674590 via doris-1 rows=10064 [doris-1:f:up doris-2:M:up doris-3:f:DOWN]
03:12:31 #85 OK SELECT id=3674590 via doris-1 rows=10064 [doris-1:f:up doris-2:M:up doris-3:f:DOWN]
03:12:32 #86 OK SELECT id=3674590 via doris-1 rows=10062 [doris-1:f:up doris-2:M:up doris-3:f:DOWN]
03:12:33 #87 OK SELECT id=3674590 via doris-1 rows=10062 [doris-1:f:up doris-2:M:up doris-3:f:DOWN]
03:12:34 #88 OK SELECT id=3674590 via doris-1 rows=10064 [doris-1:f:up doris-2:M:up doris-3:f:DOWN]
03:12:36 #89 OK SELECT id=3674590 via doris-1 rows=10064 [doris-1:f:up doris-2:M:up doris-3:f:DOWN]
03:12:37 #90 OK SELECT id=3674590 via doris-1 rows=10064 [doris-1:f:up doris-2:M:up doris-3:f:DOWN]
03:12:38 #91 OK SELECT id=3674590 via doris-1 rows=10063 [doris-1:f:up doris-2:M:up doris-3:f:DOWN]
03:12:39 #92 OK SELECT id=3674590 via doris-1 rows=10062 [doris-1:f:up doris-2:M:up doris-3:f:DOWN]
03:12:40 #93 OK SELECT id=3674590 via doris-1 rows=10063 [doris-1:f:up doris-2:M:up doris-3:f:DOWN]
03:12:41 #94 OK SELECT id=3674590 via doris-1 rows=10064 [doris-1:f:up doris-2:M:up doris-3:f:DOWN]
03:12:42 #95 OK SELECT id=3674590 via doris-1 rows=10064 [doris-1:f:up doris-2:M:up doris-3:f:DOWN]
03:12:43 #96 OK SELECT id=3674590 via doris-1 rows=10063 [doris-1:f:up doris-2:M:up doris-3:f:DOWN]
03:12:44 #97 OK SELECT id=3674590 via doris-1 rows=10062 [doris-1:f:up doris-2:M:up doris-3:f:DOWN]
03:12:45 #98 OK SELECT id=3674590 via doris-1 rows=10063 [doris-1:f:up doris-2:M:up doris-3:f:DOWN]
03:12:46 #99 OK SELECT id=3674590 via doris-1 rows=10064 [doris-1:f:up doris-2:M:up doris-3:f:DOWN]
03:12:47 #100 OK SELECT id=3674590 via doris-1 rows=10064 [doris-1:f:up doris-2:M:up doris-3:f:DOWN]
03:12:48 #101 OK SELECT id=3674590 via doris-1 rows=10063 [doris-1:f:up doris-2:M:up doris-3:f:DOWN]
03:12:49 #102 OK SELECT id=3674590 via doris-1 rows=10062 [doris-1:f:up doris-2:M:up doris-3:f:DOWN]
03:12:50 #103 OK SELECT id=3674590 via doris-1 rows=10063 [doris-1:f:up doris-2:M:up doris-3:f:DOWN]
03:12:52 #104 OK SELECT id=3674590 via doris-1 rows=10064 [doris-1:f:up doris-2:M:up doris-3:f:DOWN]
03:12:53 #105 OK SELECT id=3674590 via doris-1 rows=10064 [doris-1:f:up doris-2:M:up doris-3:f:DOWN]
03:12:54 #106 OK SELECT id=3674590 via doris-1 rows=10064 [doris-1:f:up doris-2:M:up doris-3:f:DOWN]
03:12:55 #107 OK SELECT id=3674590 via doris-1 rows=10062 [doris-1:f:up doris-2:M:up doris-3:f:DOWN]
03:12:56 #108 OK SELECT id=3674590 via doris-1 rows=10062 [doris-1:f:up doris-2:M:up doris-3:f:DOWN]
03:12:57 #109 OK SELECT id=3674590 via doris-1 rows=10064 [doris-1:f:up doris-2:M:up doris-3:f:DOWN]
03:12:58 #110 OK SELECT id=3674590 via doris-1 rows=10064 [doris-1:f:up doris-2:M:up doris-3:f:DOWN]
03:12:59 #111 OK SELECT id=3674590 via doris-1 rows=10064 [doris-1:f:up doris-2:M:up doris-3:f:DOWN]
03:13:00 #112 OK SELECT id=3674590 via doris-1 rows=10062 [doris-1:f:up doris-2:M:up doris-3:f:DOWN]
03:13:01 #113 OK SELECT id=3674590 via doris-1 rows=10062 [doris-1:f:up doris-2:M:up doris-3:f:DOWN]
03:13:02 #114 OK SELECT id=3674590 via doris-1 rows=10064 [doris-1:f:up doris-2:M:up doris-3:f:DOWN]
03:13:03 #115 OK SELECT id=3674590 via doris-1 rows=10064 [doris-1:f:up doris-2:M:up doris-3:f:DOWN]
03:13:04 #116 OK SELECT id=3674590 via doris-1 rows=10064 [doris-1:f:up doris-2:M:up doris-3:f:DOWN]
03:13:05 #117 OK SELECT id=3674590 via doris-1 rows=10062 [doris-1:f:up doris-2:M:up doris-3:f:DOWN]
03:13:06 #118 OK SELECT id=3674590 via doris-1 rows=10062 [doris-1:f:up doris-2:M:up doris-3:f:DOWN]
03:13:08 #119 OK SELECT id=3674590 via doris-1 rows=10064 [doris-1:f:up doris-2:M:up doris-3:f:DOWN]
03:13:09 #120 OK SELECT id=3674590 via doris-1 rows=10064 [doris-1:f:up doris-2:M:up doris-3:f:DOWN]
03:13:10 #121 OK SELECT id=3674590 via doris-1 rows=10064 [doris-1:f:up doris-2:M:up doris-3:f:DOWN]
03:13:11 #122 OK SELECT id=3674590 via doris-1 rows=10062 [doris-1:f:up doris-2:M:up doris-3:f:DOWN]
03:13:12 #123 OK SELECT id=3674590 via doris-1 rows=10062 [doris-1:f:up doris-2:M:up doris-3:f:DOWN]
03:13:13 #124 OK SELECT id=3674590 via doris-1 rows=10064 [doris-1:f:up doris-2:M:up doris-3:f:DOWN]
03:13:14 #125 OK SELECT id=3674590 via doris-1 rows=10064 [doris-1:f:up doris-2:M:up doris-3:f:DOWN]
03:13:15 #126 OK SELECT id=3674590 via doris-1 rows=10064 [doris-1:f:up doris-2:M:up doris-3:f:DOWN]
03:13:16 #127 OK SELECT id=3674590 via doris-1 rows=10062 [doris-1:f:up doris-2:M:up doris-3:f:DOWN]
03:13:17 #128 OK SELECT id=3674590 via doris-1 rows=10062 [doris-1:f:up doris-2:M:up doris-3:f:DOWN]
03:13:18 #129 OK SELECT id=3674590 via doris-1 rows=10064 [doris-1:f:up doris-2:M:up doris-3:f:DOWN]
03:13:19 #130 OK SELECT id=3674590 via doris-1 rows=10064 [doris-1:f:up doris-2:M:up doris-3:f:DOWN]
03:13:20 #131 OK SELECT id=3674590 via doris-1 rows=10064 [doris-1:f:up doris-2:M:up doris-3:f:DOWN]
03:13:21 #132 OK SELECT id=3674590 via doris-1 rows=10062 [doris-1:f:up doris-2:M:up doris-3:f:DOWN]
03:13:22 #133 OK SELECT id=3674590 via doris-1 rows=10062 [doris-1:f:up doris-2:M:up doris-3:f:DOWN]
03:13:23 #134 OK SELECT id=3674590 via doris-1 rows=10064 [doris-1:f:up doris-2:M:up doris-3:f:DOWN]
03:13:24 #135 OK SELECT id=3674590 via doris-1 rows=10064 [doris-1:f:up doris-2:M:up doris-3:f:DOWN]
03:13:25 #136 OK SELECT id=3674590 via doris-1 rows=10064 [doris-1:f:up doris-2:M:up doris-3:f:DOWN]
03:13:27 #137 OK SELECT id=3674590 via doris-1 rows=10062 [doris-1:f:up doris-2:M:up doris-3:f:DOWN]
03:13:28 #138 OK SELECT id=3674590 via doris-1 rows=10062 [doris-1:f:up doris-2:M:up doris-3:f:DOWN]
03:13:29 #139 OK SELECT id=3674590 via doris-1 rows=10064 [doris-1:f:up doris-2:M:up doris-3:f:DOWN]
03:13:30 #140 OK SELECT id=3674590 via doris-1 rows=10064 [doris-1:f:up doris-2:M:up doris-3:f:DOWN]
03:13:31 #141 OK SELECT id=3674590 via doris-1 rows=10064 [doris-1:f:up doris-2:M:up doris-3:f:DOWN]
03:13:32 #142 OK SELECT id=3674590 via doris-1 rows=10062 [doris-1:f:up doris-2:M:up doris-3:f:DOWN]
03:13:33 #143 OK SELECT id=3674590 via doris-1 rows=10062 [doris-1:f:up doris-2:M:up doris-3:f:DOWN]
03:13:34 #144 OK SELECT id=3674590 via doris-1 rows=10064 [doris-1:f:up doris-2:M:up doris-3:f:DOWN]
03:13:35 EVENT restore: start doris-3
03:13:35 #145 OK SELECT id=3674590 via doris-1 rows=10064 [doris-1:f:up doris-2:M:up doris-3:f:DOWN]
03:13:36 #146 OK SELECT id=3674590 via doris-1 rows=10064 [doris-1:f:up doris-2:M:up doris-3:f:DOWN]
03:13:37 #147 OK SELECT id=3674590 via doris-1 rows=10062 [doris-1:f:up doris-2:M:up doris-3:f:DOWN]
03:13:38 #148 OK SELECT id=3674590 via doris-1 rows=10062 [doris-1:f:up doris-2:M:up doris-3:f:DOWN]
03:13:39 #149 OK SELECT id=3674590 via doris-1 rows=10064 [doris-1:f:up doris-2:M:up doris-3:f:DOWN]
03:13:40 #150 OK SELECT id=3674590 via doris-1 rows=10064 [doris-1:f:up doris-2:M:up doris-3:f:DOWN]
03:13:41 #151 OK SELECT id=3674590 via doris-1 rows=10064 [doris-1:f:up doris-2:M:up doris-3:f:DOWN]
03:13:42 #152 OK SELECT id=3674590 via doris-1 rows=10062 [doris-1:f:up doris-2:M:up doris-3:f:DOWN]
03:13:43 #153 OK SELECT id=3674590 via doris-1 rows=10062 [doris-1:f:up doris-2:M:up doris-3:f:DOWN]
03:13:45 #154 OK SELECT id=3674590 via doris-1 rows=10064 [doris-1:f:up doris-2:M:up doris-3:f:DOWN]
03:13:46 #155 OK SELECT id=3674590 via doris-1 rows=10064 [doris-1:f:up doris-2:M:up doris-3:f:DOWN]
03:13:47 #156 OK SELECT id=3674590 via doris-1 rows=10064 [doris-1:f:up doris-2:M:up doris-3:f:DOWN]
03:13:48 #157 OK SELECT id=3674590 via doris-1 rows=10062 [doris-1:f:up doris-2:M:up doris-3:f:DOWN]
03:13:49 #158 OK SELECT id=3674590 via doris-1 rows=10062 [doris-1:f:up doris-2:M:up doris-3:f:DOWN]
03:13:50 #159 OK SELECT id=3674590 via doris-1 rows=10064 [doris-1:f:up doris-2:M:up doris-3:f:DOWN]
03:13:51 #160 OK SELECT id=3674590 via doris-1 rows=10064 [doris-1:f:up doris-2:M:up doris-3:f:DOWN]
03:13:52 #161 OK SELECT id=3674590 via doris-1 rows=10064 [doris-1:f:up doris-2:M:up doris-3:f:DOWN]
03:13:53 #162 OK SELECT id=3674590 via doris-1 rows=10062 [doris-1:f:up doris-2:M:up doris-3:f:DOWN]
03:13:54 #163 OK SELECT id=3674590 via doris-1 rows=10062 [doris-1:f:up doris-2:M:up doris-3:f:DOWN]
03:13:55 #164 OK SELECT id=3674590 via doris-1 rows=10064 [doris-1:f:up doris-2:M:up doris-3:f:DOWN]
03:13:56 #165 OK SELECT id=3674590 via doris-1 rows=10064 [doris-1:f:up doris-2:M:up doris-3:f:DOWN]
03:13:57 #166 OK SELECT id=3674590 via doris-1 rows=10064 [doris-1:f:up doris-2:M:up doris-3:f:DOWN]
03:13:58 #167 OK SELECT id=3674590 via doris-1 rows=10062 [doris-1:f:up doris-2:M:up doris-3:f:DOWN]
03:13:59 #168 OK SELECT id=3674590 via doris-1 rows=10062 [doris-1:f:up doris-2:M:up doris-3:f:DOWN]
03:14:00 #169 OK SELECT id=3674590 via doris-1 rows=10064 [doris-1:f:up doris-2:M:up doris-3:f:DOWN]
03:14:01 #170 OK SELECT id=3674590 via doris-1 rows=10064 [doris-1:f:up doris-2:M:up doris-3:f:DOWN]
03:14:02 #171 OK SELECT id=3674590 via doris-1 rows=10064 [doris-1:f:up doris-2:M:up doris-3:f:DOWN]
03:14:04 #172 OK SELECT id=3674590 via doris-1 rows=10062 [doris-1:f:up doris-2:M:up doris-3:f:DOWN]
03:14:05 #173 OK SELECT id=3674590 via doris-1 rows=10062 [doris-1:f:up doris-2:M:up doris-3:f:DOWN]
03:14:06 #174 OK SELECT id=3674590 via doris-1 rows=10064 [doris-1:f:up doris-2:M:up doris-3:f:DOWN]
03:14:07 #175 OK SELECT id=3674590 via doris-1 rows=10064 [doris-1:f:up doris-2:M:up doris-3:f:DOWN]
03:14:08 #176 OK SELECT id=3674590 via doris-1 rows=10064 [doris-1:f:up doris-2:M:up doris-3:f:DOWN]
03:14:09 #177 OK SELECT id=3674590 via doris-1 rows=10062 [doris-1:f:up doris-2:M:up doris-3:f:DOWN]
03:14:10 #178 OK SELECT id=3674590 via doris-1 rows=10062 [doris-1:f:up doris-2:M:up doris-3:f:DOWN]
03:14:11 #179 OK SELECT id=3674590 via doris-1 rows=10064 [doris-1:f:up doris-2:M:up doris-3:f:DOWN]
03:14:12 #180 OK SELECT id=3674590 via doris-1 rows=10064 [doris-1:f:up doris-2:M:up doris-3:f:DOWN]
03:14:13 #181 OK SELECT id=3674590 via doris-1 rows=10064 [doris-1:f:up doris-2:M:up doris-3:f:DOWN]
03:14:14 #182 OK SELECT id=3674590 via doris-1 rows=10062 [doris-1:f:up doris-2:M:up doris-3:f:DOWN]
03:14:15 #183 OK SELECT id=3674590 via doris-1 rows=10062 [doris-1:f:up doris-2:M:up doris-3:f:DOWN]
03:14:16 #184 OK SELECT id=3674590 via doris-1 rows=10064 [doris-1:f:up doris-2:M:up doris-3:f:DOWN]
03:14:17 #185 OK SELECT id=3674590 via doris-1 rows=10064 [doris-1:f:up doris-2:M:up doris-3:f:up]
03:14:18 #186 OK SELECT id=3674590 via doris-1 rows=10064 [doris-1:f:up doris-2:M:up doris-3:f:up]
03:14:19 #187 OK SELECT id=3674590 via doris-1 rows=10062 [doris-1:f:up doris-2:M:up doris-3:f:up]
03:14:20 #188 OK SELECT id=3674590 via doris-1 rows=10062 [doris-1:f:up doris-2:M:up doris-3:f:up]
03:14:22 #189 OK SELECT id=3674590 via doris-1 rows=10064 [doris-1:f:up doris-2:M:up doris-3:f:up]
03:14:23 #190 OK SELECT id=3674590 via doris-1 rows=10064 [doris-1:f:up doris-2:M:up doris-3:f:up]
03:14:24 #191 OK SELECT id=3674590 via doris-1 rows=10064 [doris-1:f:up doris-2:M:up doris-3:f:up]
03:14:24 EVENT restore: cluster healthy
03:14:25 #192 OK SELECT id=3674590 via doris-1 rows=10062 [doris-1:f:up doris-2:M:up doris-3:f:up]
03:14:26 #193 OK SELECT id=3674590 via doris-1 rows=10062 [doris-1:f:up doris-2:M:up doris-3:f:up]
03:14:27 #194 OK SELECT id=3674590 via doris-1 rows=10064 [doris-1:f:up doris-2:M:up doris-3:f:up]
03:14:28 #195 OK SELECT id=3674590 via doris-1 rows=10064 [doris-1:f:up doris-2:M:up doris-3:f:up]
03:14:29 #196 OK SELECT id=3674590 via doris-1 rows=10064 [doris-1:f:up doris-2:M:up doris-3:f:up]
03:14:30 #197 OK SELECT id=3674590 via doris-1 rows=10062 [doris-1:f:up doris-2:M:up doris-3:f:up]
03:14:31 #198 OK SELECT id=3674590 via doris-1 rows=10062 [doris-1:f:up doris-2:M:up doris-3:f:up]
03:14:32 #199 OK SELECT id=3674590 via doris-1 rows=10064 [doris-1:f:up doris-2:M:up doris-3:f:up]
03:14:33 #200 OK SELECT id=3674590 via doris-1 rows=10064 [doris-1:f:up doris-2:M:up doris-3:f:up]
03:14:34 #201 OK SELECT id=3674590 via doris-1 rows=10064 [doris-1:f:up doris-2:M:up doris-3:f:up]
03:14:35 #202 OK SELECT id=3674590 via doris-1 rows=10062 [doris-1:f:up doris-2:M:up doris-3:f:up]
03:14:36 #203 OK SELECT id=3674590 via doris-1 rows=10062 [doris-1:f:up doris-2:M:up doris-3:f:up]
03:14:37 #204 OK SELECT id=3674590 via doris-1 rows=10064 [doris-1:f:up doris-2:M:up doris-3:f:up]
03:14:38 #205 OK SELECT id=3674590 via doris-1 rows=10064 [doris-1:f:up doris-2:M:up doris-3:f:up]
03:14:40 #206 OK SELECT id=3674590 via doris-1 rows=10064 [doris-1:f:up doris-2:M:up doris-3:f:up]
03:14:41 #207 OK SELECT id=3674590 via doris-1 rows=10062 [doris-1:f:up doris-2:M:up doris-3:f:up]
03:14:42 #208 OK SELECT id=3674590 via doris-1 rows=10062 [doris-1:f:up doris-2:M:up doris-3:f:up]
03:14:43 #209 OK SELECT id=3674590 via doris-1 rows=10064 [doris-1:f:up doris-2:M:up doris-3:f:up]
03:14:44 #210 OK SELECT id=3674590 via doris-1 rows=10064 [doris-1:f:up doris-2:M:up doris-3:f:up]
03:14:45 #211 OK SELECT id=3674590 via doris-1 rows=10064 [doris-1:f:up doris-2:M:up doris-3:f:up]
03:14:46 #212 OK SELECT id=3674590 via doris-1 rows=10062 [doris-1:f:up doris-2:M:up doris-3:f:up]
03:14:47 #213 OK SELECT id=3674590 via doris-1 rows=10062 [doris-1:f:up doris-2:M:up doris-3:f:up]
03:14:48 #214 OK SELECT id=3674590 via doris-1 rows=10064 [doris-1:f:up doris-2:M:up doris-3:f:up]
03:14:49 #215 OK SELECT id=3674590 via doris-1 rows=10064 [doris-1:f:up doris-2:M:up doris-3:f:up]
03:14:50 #216 OK SELECT id=3674590 via doris-1 rows=10064 [doris-1:f:up doris-2:M:up doris-3:f:up]
03:14:51 #217 OK SELECT id=3674590 via doris-1 rows=10063 [doris-1:f:up doris-2:M:up doris-3:f:up]
03:14:52 #218 OK SELECT id=3674590 via doris-1 rows=10062 [doris-1:f:up doris-2:M:up doris-3:f:up]
03:14:53 #219 OK SELECT id=3674590 via doris-1 rows=10063 [doris-1:f:up doris-2:M:up doris-3:f:up]
03:14:54 #220 OK SELECT id=3674590 via doris-1 rows=10064 [doris-1:f:up doris-2:M:up doris-3:f:up]
