16:05:46 PROBE start proto=jdbc hosts=doris-1,doris-2,doris-3 duration=86400s cycle=INSERT>UPSERT>SELECT>DELETE>SELECT url=jdbc:mysql://10.140.0.2:9030,10.140.0.3:9030,10.140.0.4:9030/hatest
16:05:46 connected to doris-1 (driver-selected host)
16:05:47 #1 OK INSERT id=2595460 via doris-1 rows=10165 [doris-1:f:up doris-2:f:up doris-3:M:up]
16:05:48 #2 OK UPSERT id=2595460 via doris-1 rows=10165 [doris-1:f:up doris-2:f:up doris-3:M:up]
16:05:49 #3 OK SELECT id=2595460 via doris-1 rows=10165 [doris-1:f:up doris-2:f:up doris-3:M:up]
16:05:50 #4 OK DELETE id=2595460 via doris-1 rows=10163 [doris-1:f:up doris-2:f:up doris-3:M:up]
16:05:51 #5 OK SELECT id=2595460 via doris-1 rows=10163 [doris-1:f:up doris-2:f:up doris-3:M:up]
16:05:52 #6 OK INSERT id=2595461 via doris-1 rows=10165 [doris-1:f:up doris-2:f:up doris-3:M:up]
16:05:53 #7 OK UPSERT id=2595461 via doris-1 rows=10165 [doris-1:f:up doris-2:f:up doris-3:M:up]
16:05:54 #8 OK SELECT id=2595461 via doris-1 rows=10165 [doris-1:f:up doris-2:f:up doris-3:M:up]
16:05:55 #9 OK DELETE id=2595461 via doris-1 rows=10163 [doris-1:f:up doris-2:f:up doris-3:M:up]
16:05:56 #10 OK SELECT id=2595461 via doris-1 rows=10163 [doris-1:f:up doris-2:f:up doris-3:M:up]
16:05:57 #11 OK INSERT id=2595462 via doris-1 rows=10165 [doris-1:f:up doris-2:f:up doris-3:M:up]
16:05:58 #12 OK UPSERT id=2595462 via doris-1 rows=10165 [doris-1:f:up doris-2:f:up doris-3:M:up]
16:05:59 #13 OK SELECT id=2595462 via doris-1 rows=10165 [doris-1:f:up doris-2:f:up doris-3:M:up]
16:06:00 #14 OK DELETE id=2595462 via doris-1 rows=10163 [doris-1:f:up doris-2:f:up doris-3:M:up]
16:06:01 #15 OK SELECT id=2595462 via doris-1 rows=10163 [doris-1:f:up doris-2:f:up doris-3:M:up]
16:06:02 #16 OK INSERT id=2595463 via doris-1 rows=10165 [doris-1:f:up doris-2:f:up doris-3:M:up]
16:06:04 #17 OK UPSERT id=2595463 via doris-1 rows=10165 [doris-1:f:up doris-2:f:up doris-3:M:up]
16:06:05 #18 OK SELECT id=2595463 via doris-1 rows=10165 [doris-1:f:up doris-2:f:up doris-3:M:up]
16:06:06 #19 OK DELETE id=2595463 via doris-1 rows=10163 [doris-1:f:up doris-2:f:up doris-3:M:up]
16:06:07 #20 OK SELECT id=2595463 via doris-1 rows=10163 [doris-1:f:up doris-2:f:up doris-3:M:up]
16:06:08 #21 OK INSERT id=2595464 via doris-1 rows=10165 [doris-1:f:up doris-2:f:up doris-3:M:up]
16:06:09 #22 OK UPSERT id=2595464 via doris-1 rows=10165 [doris-1:f:up doris-2:f:up doris-3:M:up]
16:06:10 #23 OK SELECT id=2595464 via doris-1 rows=10165 [doris-1:f:up doris-2:f:up doris-3:M:up]
16:06:11 #24 OK DELETE id=2595464 via doris-1 rows=10163 [doris-1:f:up doris-2:f:up doris-3:M:up]
16:06:12 #25 OK SELECT id=2595464 via doris-1 rows=10163 [doris-1:f:up doris-2:f:up doris-3:M:up]
16:06:13 #26 OK INSERT id=2595465 via doris-1 rows=10165 [doris-1:f:up doris-2:f:up doris-3:M:up]
16:06:14 #27 OK UPSERT id=2595465 via doris-1 rows=10165 [doris-1:f:up doris-2:f:up doris-3:M:up]
16:06:15 #28 OK SELECT id=2595465 via doris-1 rows=10165 [doris-1:f:up doris-2:f:up doris-3:M:up]
16:06:16 #29 OK DELETE id=2595465 via doris-1 rows=10163 [doris-1:f:up doris-2:f:up doris-3:M:up]
16:06:17 #30 OK SELECT id=2595465 via doris-1 rows=10163 [doris-1:f:up doris-2:f:up doris-3:M:up]
16:06:18 #31 OK INSERT id=2595466 via doris-1 rows=10164 [doris-1:f:up doris-2:f:up doris-3:M:up]
16:06:19 #32 OK UPSERT id=2595466 via doris-1 rows=10164 [doris-1:f:up doris-2:f:up doris-3:M:up]
16:06:20 EVENT break: vm stop on doris-3 (FE master)
16:06:20 #33 OK SELECT id=2595466 via doris-1 rows=10164 [doris-1:f:up doris-2:f:up doris-3:M:up]
16:06:22 #34 OK DELETE id=2595466 via doris-1 rows=10162 [doris-1:f:up doris-2:f:up doris-3:M:up]
16:06:23 #35 OK SELECT id=2595466 via doris-1 rows=10162 [doris-1:f:up doris-2:f:up doris-3:M:up]
16:06:24 #36 OK INSERT id=2595467 via doris-1 rows=10163 [doris-1:f:up doris-2:f:up doris-3:M:up]
16:06:25 #37 OK UPSERT id=2595467 via doris-1 rows=10163 [doris-1:f:up doris-2:f:up doris-3:M:up]
16:06:26 #38 OK SELECT id=2595467 via doris-1 rows=10163 [doris-1:f:up doris-2:f:up doris-3:M:up]
16:06:27 #39 OK DELETE id=2595467 via doris-1 rows=10161 [doris-1:f:up doris-2:f:up doris-3:M:up]
16:06:28 #40 OK SELECT id=2595467 via doris-1 rows=10161 [doris-1:f:up doris-2:f:up doris-3:M:up]
16:06:29 #41 OK INSERT id=2595468 via doris-1 rows=10163 [doris-1:f:up doris-2:f:up doris-3:M:up]
16:06:30 #42 OK UPSERT id=2595468 via doris-1 rows=10163 [doris-1:f:up doris-2:f:up doris-3:M:up]
16:06:31 #43 OK SELECT id=2595468 via doris-1 rows=10163 [doris-1:f:up doris-2:f:up doris-3:M:up]
16:06:32 #44 OK DELETE id=2595468 via doris-1 rows=10161 [doris-1:f:up doris-2:f:up doris-3:M:up]
16:06:33 #45 FAIL SELECT id=2595468 via doris-1: SQLException: RpcException, msg: send fragments failed. io.grpc.StatusRuntimeException: UNAVAILABLE: io exception, host: 10.
16:06:54 connected to doris-1 (driver-selected host)
16:06:55 EVENT break: doris-3 is down
16:07:05 #46 FAIL INSERT id=2595469 via doris-1: CommunicationsException: Communications link failure  The last packet successfully received from the server was 8,010 milliseconds ago.
16:07:05 #46 OK SELECT(check) id=1 via doris-1
16:07:06 connected to doris-1 (driver-selected host)
16:07:06 #47 FAIL INSERT id=2595470 via doris-1: SQLException: errCode = 2, detailMessage = errCode = 3, detailMessage = tablet 1789045666396 alive replica num 1 < load requ
16:07:06 #47 OK SELECT(check) id=1 via doris-1
16:07:07 connected to doris-1 (driver-selected host)
16:07:07 #48 FAIL INSERT id=2595471 via doris-1: SQLException: errCode = 2, detailMessage = errCode = 3, detailMessage = tablet 1789045666396 alive replica num 1 < load requ
16:07:07 #48 OK SELECT(check) id=1 via doris-1
16:07:08 connected to doris-1 (driver-selected host)
16:07:08 #49 FAIL INSERT id=2595472 via doris-1: SQLException: errCode = 2, detailMessage = errCode = 3, detailMessage = tablet 1789045666396 alive replica num 1 < load requ
16:07:08 #49 OK SELECT(check) id=1 via doris-1
16:07:09 connected to doris-1 (driver-selected host)
16:07:09 #50 OK INSERT id=2595473 via doris-1 rows=10163 [doris-1:f:up doris-2:M:up doris-3:f:DOWN] (recovered)
16:07:10 #51 OK UPSERT id=2595473 via doris-1 rows=10163 [doris-1:f:up doris-2:M:up doris-3:f:DOWN]
16:07:11 #52 OK SELECT id=2595473 via doris-1 rows=10163 [doris-1:f:up doris-2:M:up doris-3:f:DOWN]
16:07:12 #53 OK DELETE id=2595473 via doris-1 rows=10161 [doris-1:f:up doris-2:M:up doris-3:f:DOWN]
16:07:13 #54 OK SELECT id=2595473 via doris-1 rows=10161 [doris-1:f:up doris-2:M:up doris-3:f:DOWN]
16:07:15 #55 OK INSERT id=2595474 via doris-1 rows=10163 [doris-1:f:up doris-2:M:up doris-3:f:DOWN]
16:07:16 #56 OK UPSERT id=2595474 via doris-1 rows=10163 [doris-1:f:up doris-2:M:up doris-3:f:DOWN]
16:07:17 #57 OK SELECT id=2595474 via doris-1 rows=10163 [doris-1:f:up doris-2:M:up doris-3:f:DOWN]
16:07:18 #58 OK DELETE id=2595474 via doris-1 rows=10161 [doris-1:f:up doris-2:M:up doris-3:f:DOWN]
16:07:19 #59 OK SELECT id=2595474 via doris-1 rows=10161 [doris-1:f:up doris-2:M:up doris-3:f:DOWN]
16:07:20 #60 OK INSERT id=2595475 via doris-1 rows=10163 [doris-1:f:up doris-2:M:up doris-3:f:DOWN]
16:07:21 #61 OK UPSERT id=2595475 via doris-1 rows=10163 [doris-1:f:up doris-2:M:up doris-3:f:DOWN]
16:07:22 #62 OK SELECT id=2595475 via doris-1 rows=10163 [doris-1:f:up doris-2:M:up doris-3:f:DOWN]
16:07:23 #63 OK DELETE id=2595475 via doris-1 rows=10161 [doris-1:f:up doris-2:M:up doris-3:f:DOWN]
16:07:24 #64 OK SELECT id=2595475 via doris-1 rows=10161 [doris-1:f:up doris-2:M:up doris-3:f:DOWN]
16:07:25 #65 OK INSERT id=2595476 via doris-1 rows=10163 [doris-1:f:up doris-2:M:up doris-3:f:DOWN]
16:07:26 #66 OK UPSERT id=2595476 via doris-1 rows=10163 [doris-1:f:up doris-2:M:up doris-3:f:DOWN]
16:07:27 #67 OK SELECT id=2595476 via doris-1 rows=10163 [doris-1:f:up doris-2:M:up doris-3:f:DOWN]
16:07:29 #68 OK DELETE id=2595476 via doris-1 rows=10161 [doris-1:f:up doris-2:M:up doris-3:f:DOWN]
16:07:30 #69 OK SELECT id=2595476 via doris-1 rows=10161 [doris-1:f:up doris-2:M:up doris-3:f:DOWN]
16:07:31 #70 OK INSERT id=2595477 via doris-1 rows=10163 [doris-1:f:up doris-2:M:up doris-3:f:DOWN]
16:07:32 #71 OK UPSERT id=2595477 via doris-1 rows=10163 [doris-1:f:up doris-2:M:up doris-3:f:DOWN]
16:07:33 #72 OK SELECT id=2595477 via doris-1 rows=10163 [doris-1:f:up doris-2:M:up doris-3:f:DOWN]
16:07:34 #73 OK DELETE id=2595477 via doris-1 rows=10161 [doris-1:f:up doris-2:M:up doris-3:f:DOWN]
16:07:35 #74 OK SELECT id=2595477 via doris-1 rows=10161 [doris-1:f:up doris-2:M:up doris-3:f:DOWN]
16:07:36 #75 OK INSERT id=2595478 via doris-1 rows=10163 [doris-1:f:up doris-2:M:up doris-3:f:DOWN]
16:07:37 #76 OK UPSERT id=2595478 via doris-1 rows=10163 [doris-1:f:up doris-2:M:up doris-3:f:DOWN]
16:07:38 #77 OK SELECT id=2595478 via doris-1 rows=10163 [doris-1:f:up doris-2:M:up doris-3:f:DOWN]
16:07:39 #78 OK DELETE id=2595478 via doris-1 rows=10161 [doris-1:f:up doris-2:M:up doris-3:f:DOWN]
16:07:40 #79 OK SELECT id=2595478 via doris-1 rows=10161 [doris-1:f:up doris-2:M:up doris-3:f:DOWN]
16:07:41 #80 OK INSERT id=2595479 via doris-1 rows=10163 [doris-1:f:up doris-2:M:up doris-3:f:DOWN]
16:07:43 #81 OK UPSERT id=2595479 via doris-1 rows=10163 [doris-1:f:up doris-2:M:up doris-3:f:DOWN]
16:07:44 #82 OK SELECT id=2595479 via doris-1 rows=10163 [doris-1:f:up doris-2:M:up doris-3:f:DOWN]
16:07:45 #83 OK DELETE id=2595479 via doris-1 rows=10161 [doris-1:f:up doris-2:M:up doris-3:f:DOWN]
16:07:46 #84 OK SELECT id=2595479 via doris-1 rows=10161 [doris-1:f:up doris-2:M:up doris-3:f:DOWN]
16:07:47 #85 OK INSERT id=2595480 via doris-1 rows=10163 [doris-1:f:up doris-2:M:up doris-3:f:DOWN]
16:07:48 #86 OK UPSERT id=2595480 via doris-1 rows=10163 [doris-1:f:up doris-2:M:up doris-3:f:DOWN]
16:07:49 #87 OK SELECT id=2595480 via doris-1 rows=10163 [doris-1:f:up doris-2:M:up doris-3:f:DOWN]
16:07:50 #88 OK DELETE id=2595480 via doris-1 rows=10161 [doris-1:f:up doris-2:M:up doris-3:f:DOWN]
16:07:51 #89 OK SELECT id=2595480 via doris-1 rows=10161 [doris-1:f:up doris-2:M:up doris-3:f:DOWN]
16:07:52 #90 OK INSERT id=2595481 via doris-1 rows=10163 [doris-1:f:up doris-2:M:up doris-3:f:DOWN]
16:07:53 #91 OK UPSERT id=2595481 via doris-1 rows=10163 [doris-1:f:up doris-2:M:up doris-3:f:DOWN]
16:07:54 #92 OK SELECT id=2595481 via doris-1 rows=10163 [doris-1:f:up doris-2:M:up doris-3:f:DOWN]
16:07:55 #93 OK DELETE id=2595481 via doris-1 rows=10161 [doris-1:f:up doris-2:M:up doris-3:f:DOWN]
16:07:56 #94 OK SELECT id=2595481 via doris-1 rows=10161 [doris-1:f:up doris-2:M:up doris-3:f:DOWN]
16:07:57 #95 OK INSERT id=2595482 via doris-1 rows=10163 [doris-1:f:up doris-2:M:up doris-3:f:DOWN]
16:07:59 #96 OK UPSERT id=2595482 via doris-1 rows=10163 [doris-1:f:up doris-2:M:up doris-3:f:DOWN]
16:08:00 #97 OK SELECT id=2595482 via doris-1 rows=10163 [doris-1:f:up doris-2:M:up doris-3:f:DOWN]
16:08:01 #98 OK DELETE id=2595482 via doris-1 rows=10161 [doris-1:f:up doris-2:M:up doris-3:f:DOWN]
16:08:02 #99 OK SELECT id=2595482 via doris-1 rows=10161 [doris-1:f:up doris-2:M:up doris-3:f:DOWN]
16:08:03 #100 OK INSERT id=2595483 via doris-1 rows=10163 [doris-1:f:up doris-2:M:up doris-3:f:DOWN]
16:08:04 #101 OK UPSERT id=2595483 via doris-1 rows=10163 [doris-1:f:up doris-2:M:up doris-3:f:DOWN]
16:08:05 #102 OK SELECT id=2595483 via doris-1 rows=10163 [doris-1:f:up doris-2:M:up doris-3:f:DOWN]
16:08:06 #103 OK DELETE id=2595483 via doris-1 rows=10161 [doris-1:f:up doris-2:M:up doris-3:f:DOWN]
16:08:07 #104 OK SELECT id=2595483 via doris-1 rows=10161 [doris-1:f:up doris-2:M:up doris-3:f:DOWN]
16:08:08 #105 OK INSERT id=2595484 via doris-1 rows=10163 [doris-1:f:up doris-2:M:up doris-3:f:DOWN]
16:08:09 #106 OK UPSERT id=2595484 via doris-1 rows=10163 [doris-1:f:up doris-2:M:up doris-3:f:DOWN]
16:08:10 #107 OK SELECT id=2595484 via doris-1 rows=10163 [doris-1:f:up doris-2:M:up doris-3:f:DOWN]
16:08:11 #108 OK DELETE id=2595484 via doris-1 rows=10161 [doris-1:f:up doris-2:M:up doris-3:f:DOWN]
16:08:12 #109 OK SELECT id=2595484 via doris-1 rows=10161 [doris-1:f:up doris-2:M:up doris-3:f:DOWN]
16:08:14 #110 OK INSERT id=2595485 via doris-1 rows=10163 [doris-1:f:up doris-2:M:up doris-3:f:DOWN]
16:08:15 #111 OK UPSERT id=2595485 via doris-1 rows=10163 [doris-1:f:up doris-2:M:up doris-3:f:DOWN]
16:08:16 #112 OK SELECT id=2595485 via doris-1 rows=10163 [doris-1:f:up doris-2:M:up doris-3:f:DOWN]
16:08:17 #113 OK DELETE id=2595485 via doris-1 rows=10161 [doris-1:f:up doris-2:M:up doris-3:f:DOWN]
16:08:18 #114 OK SELECT id=2595485 via doris-1 rows=10161 [doris-1:f:up doris-2:M:up doris-3:f:DOWN]
16:08:19 #115 OK INSERT id=2595486 via doris-1 rows=10163 [doris-1:f:up doris-2:M:up doris-3:f:DOWN]
16:08:20 #116 OK UPSERT id=2595486 via doris-1 rows=10163 [doris-1:f:up doris-2:M:up doris-3:f:DOWN]
16:08:21 #117 OK SELECT id=2595486 via doris-1 rows=10163 [doris-1:f:up doris-2:M:up doris-3:f:DOWN]
16:08:22 #118 OK DELETE id=2595486 via doris-1 rows=10161 [doris-1:f:up doris-2:M:up doris-3:f:DOWN]
16:08:23 #119 OK SELECT id=2595486 via doris-1 rows=10161 [doris-1:f:up doris-2:M:up doris-3:f:DOWN]
16:08:24 #120 OK INSERT id=2595487 via doris-1 rows=10163 [doris-1:f:up doris-2:M:up doris-3:f:DOWN]
16:08:25 #121 OK UPSERT id=2595487 via doris-1 rows=10163 [doris-1:f:up doris-2:M:up doris-3:f:DOWN]
16:08:26 #122 OK SELECT id=2595487 via doris-1 rows=10163 [doris-1:f:up doris-2:M:up doris-3:f:DOWN]
16:08:27 #123 OK DELETE id=2595487 via doris-1 rows=10161 [doris-1:f:up doris-2:M:up doris-3:f:DOWN]
16:08:28 #124 OK SELECT id=2595487 via doris-1 rows=10161 [doris-1:f:up doris-2:M:up doris-3:f:DOWN]
16:08:30 #125 OK INSERT id=2595488 via doris-1 rows=10163 [doris-1:f:up doris-2:M:up doris-3:f:DOWN]
16:08:31 #126 OK UPSERT id=2595488 via doris-1 rows=10163 [doris-1:f:up doris-2:M:up doris-3:f:DOWN]
16:08:32 #127 OK SELECT id=2595488 via doris-1 rows=10163 [doris-1:f:up doris-2:M:up doris-3:f:DOWN]
16:08:32 EVENT restore: start doris-3
16:08:33 #128 OK DELETE id=2595488 via doris-1 rows=10161 [doris-1:f:up doris-2:M:up doris-3:f:DOWN]
16:08:34 #129 OK SELECT id=2595488 via doris-1 rows=10161 [doris-1:f:up doris-2:M:up doris-3:f:DOWN]
16:08:35 #130 OK INSERT id=2595489 via doris-1 rows=10163 [doris-1:f:up doris-2:M:up doris-3:f:DOWN]
16:08:36 #131 OK UPSERT id=2595489 via doris-1 rows=10163 [doris-1:f:up doris-2:M:up doris-3:f:DOWN]
16:08:37 #132 OK SELECT id=2595489 via doris-1 rows=10163 [doris-1:f:up doris-2:M:up doris-3:f:DOWN]
16:08:38 #133 OK DELETE id=2595489 via doris-1 rows=10161 [doris-1:f:up doris-2:M:up doris-3:f:DOWN]
16:08:39 #134 OK SELECT id=2595489 via doris-1 rows=10161 [doris-1:f:up doris-2:M:up doris-3:f:DOWN]
16:08:40 #135 OK INSERT id=2595490 via doris-1 rows=10163 [doris-1:f:up doris-2:M:up doris-3:f:DOWN]
16:08:41 #136 OK UPSERT id=2595490 via doris-1 rows=10163 [doris-1:f:up doris-2:M:up doris-3:f:DOWN]
16:08:42 #137 OK SELECT id=2595490 via doris-1 rows=10163 [doris-1:f:up doris-2:M:up doris-3:f:DOWN]
16:08:43 #138 OK DELETE id=2595490 via doris-1 rows=10161 [doris-1:f:up doris-2:M:up doris-3:f:DOWN]
16:08:44 #139 OK SELECT id=2595490 via doris-1 rows=10161 [doris-1:f:up doris-2:M:up doris-3:f:DOWN]
16:08:45 #140 OK INSERT id=2595491 via doris-1 rows=10163 [doris-1:f:up doris-2:M:up doris-3:f:DOWN]
16:08:47 #141 OK UPSERT id=2595491 via doris-1 rows=10163 [doris-1:f:up doris-2:M:up doris-3:f:DOWN]
16:08:48 #142 OK SELECT id=2595491 via doris-1 rows=10163 [doris-1:f:up doris-2:M:up doris-3:f:DOWN]
16:08:49 #143 OK DELETE id=2595491 via doris-1 rows=10161 [doris-1:f:up doris-2:M:up doris-3:f:DOWN]
16:08:50 #144 OK SELECT id=2595491 via doris-1 rows=10161 [doris-1:f:up doris-2:M:up doris-3:f:DOWN]
16:08:51 #145 OK INSERT id=2595492 via doris-1 rows=10163 [doris-1:f:up doris-2:M:up doris-3:f:DOWN]
16:08:52 #146 OK UPSERT id=2595492 via doris-1 rows=10163 [doris-1:f:up doris-2:M:up doris-3:f:DOWN]
16:08:53 #147 OK SELECT id=2595492 via doris-1 rows=10163 [doris-1:f:up doris-2:M:up doris-3:f:DOWN]
16:08:54 #148 OK DELETE id=2595492 via doris-1 rows=10161 [doris-1:f:up doris-2:M:up doris-3:f:DOWN]
16:08:55 #149 OK SELECT id=2595492 via doris-1 rows=10161 [doris-1:f:up doris-2:M:up doris-3:f:DOWN]
16:08:56 #150 OK INSERT id=2595493 via doris-1 rows=10163 [doris-1:f:up doris-2:M:up doris-3:f:DOWN]
16:08:57 #151 OK UPSERT id=2595493 via doris-1 rows=10163 [doris-1:f:up doris-2:M:up doris-3:f:DOWN]
16:08:58 #152 OK SELECT id=2595493 via doris-1 rows=10163 [doris-1:f:up doris-2:M:up doris-3:f:DOWN]
16:08:59 #153 OK DELETE id=2595493 via doris-1 rows=10161 [doris-1:f:up doris-2:M:up doris-3:f:DOWN]
16:09:00 #154 OK SELECT id=2595493 via doris-1 rows=10161 [doris-1:f:up doris-2:M:up doris-3:f:DOWN]
16:09:01 #155 OK INSERT id=2595494 via doris-1 rows=10163 [doris-1:f:up doris-2:M:up doris-3:f:DOWN]
16:09:03 #156 OK UPSERT id=2595494 via doris-1 rows=10163 [doris-1:f:up doris-2:M:up doris-3:f:DOWN]
16:09:04 #157 OK SELECT id=2595494 via doris-1 rows=10163 [doris-1:f:up doris-2:M:up doris-3:f:DOWN]
16:09:05 #158 OK DELETE id=2595494 via doris-1 rows=10161 [doris-1:f:up doris-2:M:up doris-3:f:DOWN]
16:09:06 #159 OK SELECT id=2595494 via doris-1 rows=10161 [doris-1:f:up doris-2:M:up doris-3:f:DOWN]
16:09:07 #160 OK INSERT id=2595495 via doris-1 rows=10163 [doris-1:f:up doris-2:M:up doris-3:f:DOWN]
16:09:08 #161 OK UPSERT id=2595495 via doris-1 rows=10163 [doris-1:f:up doris-2:M:up doris-3:f:DOWN]
16:09:09 #162 OK SELECT id=2595495 via doris-1 rows=10163 [doris-1:f:up doris-2:M:up doris-3:f:up]
16:09:10 #163 OK DELETE id=2595495 via doris-1 rows=10161 [doris-1:f:up doris-2:M:up doris-3:f:up]
16:09:11 #164 OK SELECT id=2595495 via doris-1 rows=10161 [doris-1:f:up doris-2:M:up doris-3:f:up]
16:09:12 #165 OK INSERT id=2595496 via doris-1 rows=10163 [doris-1:f:up doris-2:M:up doris-3:f:up]
16:09:13 EVENT restore: cluster healthy
16:09:13 #166 OK UPSERT id=2595496 via doris-1 rows=10163 [doris-1:f:up doris-2:M:up doris-3:f:up]
16:09:14 #167 OK SELECT id=2595496 via doris-1 rows=10163 [doris-1:f:up doris-2:M:up doris-3:f:up]
16:09:15 #168 OK DELETE id=2595496 via doris-1 rows=10161 [doris-1:f:up doris-2:M:up doris-3:f:up]
16:09:16 #169 OK SELECT id=2595496 via doris-1 rows=10161 [doris-1:f:up doris-2:M:up doris-3:f:up]
16:09:17 #170 OK INSERT id=2595497 via doris-1 rows=10163 [doris-1:f:up doris-2:M:up doris-3:f:up]
16:09:19 #171 OK UPSERT id=2595497 via doris-1 rows=10163 [doris-1:f:up doris-2:M:up doris-3:f:up]
16:09:20 #172 OK SELECT id=2595497 via doris-1 rows=10163 [doris-1:f:up doris-2:M:up doris-3:f:up]
16:09:21 #173 OK DELETE id=2595497 via doris-1 rows=10161 [doris-1:f:up doris-2:M:up doris-3:f:up]
16:09:22 #174 OK SELECT id=2595497 via doris-1 rows=10161 [doris-1:f:up doris-2:M:up doris-3:f:up]
16:09:23 #175 OK INSERT id=2595498 via doris-1 rows=10163 [doris-1:f:up doris-2:M:up doris-3:f:up]
16:09:24 #176 OK UPSERT id=2595498 via doris-1 rows=10163 [doris-1:f:up doris-2:M:up doris-3:f:up]
16:09:25 #177 OK SELECT id=2595498 via doris-1 rows=10163 [doris-1:f:up doris-2:M:up doris-3:f:up]
16:09:26 #178 OK DELETE id=2595498 via doris-1 rows=10161 [doris-1:f:up doris-2:M:up doris-3:f:up]
16:09:27 #179 OK SELECT id=2595498 via doris-1 rows=10161 [doris-1:f:up doris-2:M:up doris-3:f:up]
16:09:28 #180 OK INSERT id=2595499 via doris-1 rows=10163 [doris-1:f:up doris-2:M:up doris-3:f:up]
16:09:29 #181 OK UPSERT id=2595499 via doris-1 rows=10163 [doris-1:f:up doris-2:M:up doris-3:f:up]
16:09:30 #182 OK SELECT id=2595499 via doris-1 rows=10163 [doris-1:f:up doris-2:M:up doris-3:f:up]
16:09:31 #183 OK DELETE id=2595499 via doris-1 rows=10161 [doris-1:f:up doris-2:M:up doris-3:f:up]
16:09:32 #184 OK SELECT id=2595499 via doris-1 rows=10161 [doris-1:f:up doris-2:M:up doris-3:f:up]
16:09:33 #185 OK INSERT id=2595500 via doris-1 rows=10163 [doris-1:f:up doris-2:M:up doris-3:f:up]
16:09:35 #186 OK UPSERT id=2595500 via doris-1 rows=10163 [doris-1:f:up doris-2:M:up doris-3:f:up]
16:09:36 #187 OK SELECT id=2595500 via doris-1 rows=10163 [doris-1:f:up doris-2:M:up doris-3:f:up]
16:09:37 #188 OK DELETE id=2595500 via doris-1 rows=10161 [doris-1:f:up doris-2:M:up doris-3:f:up]
16:09:38 #189 OK SELECT id=2595500 via doris-1 rows=10161 [doris-1:f:up doris-2:M:up doris-3:f:up]
16:09:39 #190 OK INSERT id=2595501 via doris-1 rows=10163 [doris-1:f:up doris-2:M:up doris-3:f:up]
16:09:40 #191 OK UPSERT id=2595501 via doris-1 rows=10163 [doris-1:f:up doris-2:M:up doris-3:f:up]
16:09:41 #192 OK SELECT id=2595501 via doris-1 rows=10163 [doris-1:f:up doris-2:M:up doris-3:f:up]
16:09:42 #193 OK DELETE id=2595501 via doris-1 rows=10161 [doris-1:f:up doris-2:M:up doris-3:f:up]
