16:13:55 PROBE start proto=arrow-flight hosts=doris-1,doris-2,doris-3 duration=86400s cycle=INSERT>UPSERT>SELECT>DELETE>SELECT
16:13:55 connected to doris-1 (10.140.0.2)
16:13:55 DML unsupported over arrow-flight (InternalError: RuntimeException, msg: getMysqlChannel not in mysql connection (Internal; ExecuteQuery)) — switching to SELECT-only mode
16:13:55 #1 OK SELECT id=3600350 via doris-1 rows=10168 [doris-1:f:up doris-2:f:up doris-3:M:up]
16:13:56 #2 OK SELECT id=3600350 via doris-1 rows=10169 [doris-1:f:up doris-2:f:up doris-3:M:up]
16:13:57 #3 OK SELECT id=3600350 via doris-1 rows=10169 [doris-1:f:up doris-2:f:up doris-3:M:up]
16:13:58 #4 OK SELECT id=3600350 via doris-1 rows=10168 [doris-1:f:up doris-2:f:up doris-3:M:up]
16:13:59 #5 OK SELECT id=3600350 via doris-1 rows=10167 [doris-1:f:up doris-2:f:up doris-3:M:up]
16:14:00 #6 OK SELECT id=3600350 via doris-1 rows=10168 [doris-1:f:up doris-2:f:up doris-3:M:up]
16:14:01 #7 OK SELECT id=3600350 via doris-1 rows=10169 [doris-1:f:up doris-2:f:up doris-3:M:up]
16:14:02 #8 OK SELECT id=3600350 via doris-1 rows=10169 [doris-1:f:up doris-2:f:up doris-3:M:up]
16:14:03 #9 OK SELECT id=3600350 via doris-1 rows=10168 [doris-1:f:up doris-2:f:up doris-3:M:up]
16:14:04 #10 OK SELECT id=3600350 via doris-1 rows=10167 [doris-1:f:up doris-2:f:up doris-3:M:up]
16:14:06 #11 OK SELECT id=3600350 via doris-1 rows=10168 [doris-1:f:up doris-2:f:up doris-3:M:up]
16:14:07 #12 OK SELECT id=3600350 via doris-1 rows=10169 [doris-1:f:up doris-2:f:up doris-3:M:up]
16:14:08 #13 OK SELECT id=3600350 via doris-1 rows=10169 [doris-1:f:up doris-2:f:up doris-3:M:up]
16:14:09 #14 OK SELECT id=3600350 via doris-1 rows=10168 [doris-1:f:up doris-2:f:up doris-3:M:up]
16:14:10 #15 OK SELECT id=3600350 via doris-1 rows=10167 [doris-1:f:up doris-2:f:up doris-3:M:up]
16:14:11 #16 OK SELECT id=3600350 via doris-1 rows=10168 [doris-1:f:up doris-2:f:up doris-3:M:up]
16:14:12 #17 OK SELECT id=3600350 via doris-1 rows=10169 [doris-1:f:up doris-2:f:up doris-3:M:up]
16:14:13 #18 OK SELECT id=3600350 via doris-1 rows=10169 [doris-1:f:up doris-2:f:up doris-3:M:up]
16:14:14 #19 OK SELECT id=3600350 via doris-1 rows=10169 [doris-1:f:up doris-2:f:up doris-3:M:up]
16:14:15 #20 OK SELECT id=3600350 via doris-1 rows=10167 [doris-1:f:up doris-2:f:up doris-3:M:up]
16:14:16 #21 OK SELECT id=3600350 via doris-1 rows=10167 [doris-1:f:up doris-2:f:up doris-3:M:up]
16:14:17 #22 OK SELECT id=3600350 via doris-1 rows=10169 [doris-1:f:up doris-2:f:up doris-3:M:up]
16:14:18 #23 OK SELECT id=3600350 via doris-1 rows=10169 [doris-1:f:up doris-2:f:up doris-3:M:up]
16:14:19 #24 OK SELECT id=3600350 via doris-1 rows=10169 [doris-1:f:up doris-2:f:up doris-3:M:up]
16:14:20 #25 OK SELECT id=3600350 via doris-1 rows=10167 [doris-1:f:up doris-2:f:up doris-3:M:up]
16:14:21 #26 OK SELECT id=3600350 via doris-1 rows=10167 [doris-1:f:up doris-2:f:up doris-3:M:up]
16:14:22 #27 OK SELECT id=3600350 via doris-1 rows=10169 [doris-1:f:up doris-2:f:up doris-3:M:up]
16:14:23 #28 OK SELECT id=3600350 via doris-1 rows=10169 [doris-1:f:up doris-2:f:up doris-3:M:up]
16:14:25 #29 OK SELECT id=3600350 via doris-1 rows=10169 [doris-1:f:up doris-2:f:up doris-3:M:up]
16:14:26 #30 OK SELECT id=3600350 via doris-1 rows=10167 [doris-1:f:up doris-2:f:up doris-3:M:up]
16:14:27 #31 OK SELECT id=3600350 via doris-1 rows=10167 [doris-1:f:up doris-2:f:up doris-3:M:up]
16:14:28 #32 OK SELECT id=3600350 via doris-1 rows=10169 [doris-1:f:up doris-2:f:up doris-3:M:up]
16:14:29 EVENT break: vm stop on doris-3 (FE master)
16:14:29 #33 OK SELECT id=3600350 via doris-1 rows=10169 [doris-1:f:up doris-2:f:up doris-3:M:up]
16:14:30 #34 OK SELECT id=3600350 via doris-1 rows=10169 [doris-1:f:up doris-2:f:up doris-3:M:up]
16:14:31 #35 OK SELECT id=3600350 via doris-1 rows=10167 [doris-1:f:up doris-2:f:up doris-3:M:up]
16:14:32 #36 FAIL SELECT id=3600350 via doris-1: InternalError: INTERNAL: [FlightSQL] get flight info statement failed, after executeQueryStatement handleQuery, java.lang.Run
16:14:33 connected to doris-1 (10.140.0.2)
16:14:33 #37 FAIL SELECT id=3600350 via doris-1: InternalError: INTERNAL: [FlightSQL] get flight info statement failed, after executeQueryStatement handleQuery, java.lang.Run
16:14:34 connected to doris-1 (10.140.0.2)
16:14:42 #38 FAIL SELECT id=3600350 via doris-1: OperationalError: TIMEOUT: [FlightSQL] stream terminated by RST_STREAM with error code: CANCEL (DeadlineExceeded; ExecuteQuery).
16:14:43 connected to doris-1 (10.140.0.2)
16:14:51 #39 FAIL SELECT id=3600350 via doris-1: OperationalError: TIMEOUT: [FlightSQL] context deadline exceeded (DeadlineExceeded; ExecuteQuery). Vendor code: 4
16:14:52 connected to doris-1 (10.140.0.2)
16:14:52 EVENT break: doris-3 is down
16:15:00 #40 FAIL SELECT id=3600350 via doris-1: OperationalError: TIMEOUT: [FlightSQL] stream terminated by RST_STREAM with error code: CANCEL (DeadlineExceeded; ExecuteQuery).
16:15:01 connected to doris-1 (10.140.0.2)
16:15:01 #41 OK SELECT id=3600350 via doris-1 rows=10167 [doris-1:f:up doris-2:M:up doris-3:f:DOWN] (recovered)
16:15:02 #42 OK SELECT id=3600350 via doris-1 rows=10167 [doris-1:f:up doris-2:M:up doris-3:f:DOWN]
16:15:03 #43 OK SELECT id=3600350 via doris-1 rows=10167 [doris-1:f:up doris-2:M:up doris-3:f:DOWN]
16:15:04 #44 OK SELECT id=3600350 via doris-1 rows=10167 [doris-1:f:up doris-2:M:up doris-3:f:DOWN]
16:15:05 #45 OK SELECT id=3600350 via doris-1 rows=10167 [doris-1:f:up doris-2:M:up doris-3:f:DOWN]
16:15:06 #46 OK SELECT id=3600350 via doris-1 rows=10167 [doris-1:f:up doris-2:M:up doris-3:f:DOWN]
16:15:07 #47 OK SELECT id=3600350 via doris-1 rows=10167 [doris-1:f:up doris-2:M:up doris-3:f:DOWN]
16:15:09 #48 OK SELECT id=3600350 via doris-1 rows=10170 [doris-1:f:up doris-2:M:up doris-3:f:DOWN]
16:15:10 #49 OK SELECT id=3600350 via doris-1 rows=10170 [doris-1:f:up doris-2:M:up doris-3:f:DOWN]
16:15:11 #50 OK SELECT id=3600350 via doris-1 rows=10170 [doris-1:f:up doris-2:M:up doris-3:f:DOWN]
16:15:12 #51 OK SELECT id=3600350 via doris-1 rows=10168 [doris-1:f:up doris-2:M:up doris-3:f:DOWN]
16:15:13 #52 OK SELECT id=3600350 via doris-1 rows=10168 [doris-1:f:up doris-2:M:up doris-3:f:DOWN]
16:15:14 #53 OK SELECT id=3600350 via doris-1 rows=10170 [doris-1:f:up doris-2:M:up doris-3:f:DOWN]
16:15:15 #54 OK SELECT id=3600350 via doris-1 rows=10170 [doris-1:f:up doris-2:M:up doris-3:f:DOWN]
16:15:16 #55 OK SELECT id=3600350 via doris-1 rows=10170 [doris-1:f:up doris-2:M:up doris-3:f:DOWN]
16:15:17 #56 OK SELECT id=3600350 via doris-1 rows=10168 [doris-1:f:up doris-2:M:up doris-3:f:DOWN]
16:15:18 #57 OK SELECT id=3600350 via doris-1 rows=10168 [doris-1:f:up doris-2:M:up doris-3:f:DOWN]
16:15:19 #58 OK SELECT id=3600350 via doris-1 rows=10170 [doris-1:f:up doris-2:M:up doris-3:f:DOWN]
16:15:20 #59 OK SELECT id=3600350 via doris-1 rows=10170 [doris-1:f:up doris-2:M:up doris-3:f:DOWN]
16:15:21 #60 OK SELECT id=3600350 via doris-1 rows=10170 [doris-1:f:up doris-2:M:up doris-3:f:DOWN]
16:15:22 #61 OK SELECT id=3600350 via doris-1 rows=10168 [doris-1:f:up doris-2:M:up doris-3:f:DOWN]
16:15:23 #62 OK SELECT id=3600350 via doris-1 rows=10168 [doris-1:f:up doris-2:M:up doris-3:f:DOWN]
16:15:24 #63 OK SELECT id=3600350 via doris-1 rows=10170 [doris-1:f:up doris-2:M:up doris-3:f:DOWN]
16:15:25 #64 OK SELECT id=3600350 via doris-1 rows=10170 [doris-1:f:up doris-2:M:up doris-3:f:DOWN]
16:15:27 #65 OK SELECT id=3600350 via doris-1 rows=10170 [doris-1:f:up doris-2:M:up doris-3:f:DOWN]
16:15:28 #66 OK SELECT id=3600350 via doris-1 rows=10168 [doris-1:f:up doris-2:M:up doris-3:f:DOWN]
16:15:29 #67 OK SELECT id=3600350 via doris-1 rows=10168 [doris-1:f:up doris-2:M:up doris-3:f:DOWN]
16:15:30 #68 OK SELECT id=3600350 via doris-1 rows=10170 [doris-1:f:up doris-2:M:up doris-3:f:DOWN]
16:15:31 #69 OK SELECT id=3600350 via doris-1 rows=10170 [doris-1:f:up doris-2:M:up doris-3:f:DOWN]
16:15:32 #70 OK SELECT id=3600350 via doris-1 rows=10170 [doris-1:f:up doris-2:M:up doris-3:f:DOWN]
16:15:33 #71 OK SELECT id=3600350 via doris-1 rows=10168 [doris-1:f:up doris-2:M:up doris-3:f:DOWN]
16:15:34 #72 OK SELECT id=3600350 via doris-1 rows=10168 [doris-1:f:up doris-2:M:up doris-3:f:DOWN]
16:15:35 #73 OK SELECT id=3600350 via doris-1 rows=10169 [doris-1:f:up doris-2:M:up doris-3:f:DOWN]
16:15:36 #74 OK SELECT id=3600350 via doris-1 rows=10170 [doris-1:f:up doris-2:M:up doris-3:f:DOWN]
16:15:37 #75 OK SELECT id=3600350 via doris-1 rows=10170 [doris-1:f:up doris-2:M:up doris-3:f:DOWN]
16:15:38 #76 OK SELECT id=3600350 via doris-1 rows=10169 [doris-1:f:up doris-2:M:up doris-3:f:DOWN]
16:15:39 #77 OK SELECT id=3600350 via doris-1 rows=10168 [doris-1:f:up doris-2:M:up doris-3:f:DOWN]
16:15:40 #78 OK SELECT id=3600350 via doris-1 rows=10169 [doris-1:f:up doris-2:M:up doris-3:f:DOWN]
16:15:41 #79 OK SELECT id=3600350 via doris-1 rows=10170 [doris-1:f:up doris-2:M:up doris-3:f:DOWN]
16:15:42 #80 OK SELECT id=3600350 via doris-1 rows=10170 [doris-1:f:up doris-2:M:up doris-3:f:DOWN]
16:15:44 #81 OK SELECT id=3600350 via doris-1 rows=10170 [doris-1:f:up doris-2:M:up doris-3:f:DOWN]
16:15:45 #82 OK SELECT id=3600350 via doris-1 rows=10168 [doris-1:f:up doris-2:M:up doris-3:f:DOWN]
16:15:46 #83 OK SELECT id=3600350 via doris-1 rows=10168 [doris-1:f:up doris-2:M:up doris-3:f:DOWN]
16:15:47 #84 OK SELECT id=3600350 via doris-1 rows=10170 [doris-1:f:up doris-2:M:up doris-3:f:DOWN]
16:15:48 #85 OK SELECT id=3600350 via doris-1 rows=10170 [doris-1:f:up doris-2:M:up doris-3:f:DOWN]
16:15:49 #86 OK SELECT id=3600350 via doris-1 rows=10170 [doris-1:f:up doris-2:M:up doris-3:f:DOWN]
16:15:50 #87 OK SELECT id=3600350 via doris-1 rows=10168 [doris-1:f:up doris-2:M:up doris-3:f:DOWN]
16:15:51 #88 OK SELECT id=3600350 via doris-1 rows=10168 [doris-1:f:up doris-2:M:up doris-3:f:DOWN]
16:15:52 #89 OK SELECT id=3600350 via doris-1 rows=10170 [doris-1:f:up doris-2:M:up doris-3:f:DOWN]
16:15:53 #90 OK SELECT id=3600350 via doris-1 rows=10170 [doris-1:f:up doris-2:M:up doris-3:f:DOWN]
16:15:54 #91 OK SELECT id=3600350 via doris-1 rows=10170 [doris-1:f:up doris-2:M:up doris-3:f:DOWN]
16:15:55 #92 OK SELECT id=3600350 via doris-1 rows=10168 [doris-1:f:up doris-2:M:up doris-3:f:DOWN]
16:15:56 #93 OK SELECT id=3600350 via doris-1 rows=10168 [doris-1:f:up doris-2:M:up doris-3:f:DOWN]
16:15:57 #94 OK SELECT id=3600350 via doris-1 rows=10170 [doris-1:f:up doris-2:M:up doris-3:f:DOWN]
16:15:58 #95 OK SELECT id=3600350 via doris-1 rows=10170 [doris-1:f:up doris-2:M:up doris-3:f:DOWN]
16:15:59 #96 OK SELECT id=3600350 via doris-1 rows=10170 [doris-1:f:up doris-2:M:up doris-3:f:DOWN]
16:16:00 #97 OK SELECT id=3600350 via doris-1 rows=10168 [doris-1:f:up doris-2:M:up doris-3:f:DOWN]
16:16:01 #98 OK SELECT id=3600350 via doris-1 rows=10168 [doris-1:f:up doris-2:M:up doris-3:f:DOWN]
16:16:03 #99 OK SELECT id=3600350 via doris-1 rows=10170 [doris-1:f:up doris-2:M:up doris-3:f:DOWN]
16:16:04 #100 OK SELECT id=3600350 via doris-1 rows=10170 [doris-1:f:up doris-2:M:up doris-3:f:DOWN]
16:16:05 #101 OK SELECT id=3600350 via doris-1 rows=10170 [doris-1:f:up doris-2:M:up doris-3:f:DOWN]
16:16:06 #102 OK SELECT id=3600350 via doris-1 rows=10168 [doris-1:f:up doris-2:M:up doris-3:f:DOWN]
16:16:07 #103 OK SELECT id=3600350 via doris-1 rows=10168 [doris-1:f:up doris-2:M:up doris-3:f:DOWN]
16:16:08 #104 OK SELECT id=3600350 via doris-1 rows=10170 [doris-1:f:up doris-2:M:up doris-3:f:DOWN]
16:16:09 #105 OK SELECT id=3600350 via doris-1 rows=10170 [doris-1:f:up doris-2:M:up doris-3:f:DOWN]
16:16:10 #106 OK SELECT id=3600350 via doris-1 rows=10170 [doris-1:f:up doris-2:M:up doris-3:f:DOWN]
16:16:11 #107 OK SELECT id=3600350 via doris-1 rows=10168 [doris-1:f:up doris-2:M:up doris-3:f:DOWN]
16:16:12 #108 OK SELECT id=3600350 via doris-1 rows=10168 [doris-1:f:up doris-2:M:up doris-3:f:DOWN]
16:16:13 #109 OK SELECT id=3600350 via doris-1 rows=10170 [doris-1:f:up doris-2:M:up doris-3:f:DOWN]
16:16:14 #110 OK SELECT id=3600350 via doris-1 rows=10170 [doris-1:f:up doris-2:M:up doris-3:f:DOWN]
16:16:15 #111 OK SELECT id=3600350 via doris-1 rows=10170 [doris-1:f:up doris-2:M:up doris-3:f:DOWN]
16:16:16 #112 OK SELECT id=3600350 via doris-1 rows=10168 [doris-1:f:up doris-2:M:up doris-3:f:DOWN]
16:16:17 #113 OK SELECT id=3600350 via doris-1 rows=10168 [doris-1:f:up doris-2:M:up doris-3:f:DOWN]
16:16:18 #114 OK SELECT id=3600350 via doris-1 rows=10170 [doris-1:f:up doris-2:M:up doris-3:f:DOWN]
16:16:19 #115 OK SELECT id=3600350 via doris-1 rows=10170 [doris-1:f:up doris-2:M:up doris-3:f:DOWN]
16:16:20 #116 OK SELECT id=3600350 via doris-1 rows=10170 [doris-1:f:up doris-2:M:up doris-3:f:DOWN]
16:16:22 #117 OK SELECT id=3600350 via doris-1 rows=10168 [doris-1:f:up doris-2:M:up doris-3:f:DOWN]
16:16:23 #118 OK SELECT id=3600350 via doris-1 rows=10168 [doris-1:f:up doris-2:M:up doris-3:f:DOWN]
16:16:24 #119 OK SELECT id=3600350 via doris-1 rows=10170 [doris-1:f:up doris-2:M:up doris-3:f:DOWN]
16:16:25 #120 OK SELECT id=3600350 via doris-1 rows=10170 [doris-1:f:up doris-2:M:up doris-3:f:DOWN]
16:16:26 #121 OK SELECT id=3600350 via doris-1 rows=10170 [doris-1:f:up doris-2:M:up doris-3:f:DOWN]
16:16:27 #122 OK SELECT id=3600350 via doris-1 rows=10168 [doris-1:f:up doris-2:M:up doris-3:f:DOWN]
16:16:28 #123 OK SELECT id=3600350 via doris-1 rows=10168 [doris-1:f:up doris-2:M:up doris-3:f:DOWN]
16:16:29 #124 OK SELECT id=3600350 via doris-1 rows=10170 [doris-1:f:up doris-2:M:up doris-3:f:DOWN]
16:16:29 EVENT restore: start doris-3
16:16:30 #125 OK SELECT id=3600350 via doris-1 rows=10170 [doris-1:f:up doris-2:M:up doris-3:f:DOWN]
16:16:31 #126 OK SELECT id=3600350 via doris-1 rows=10170 [doris-1:f:up doris-2:M:up doris-3:f:DOWN]
16:16:32 #127 OK SELECT id=3600350 via doris-1 rows=10168 [doris-1:f:up doris-2:M:up doris-3:f:DOWN]
16:16:33 #128 OK SELECT id=3600350 via doris-1 rows=10168 [doris-1:f:up doris-2:M:up doris-3:f:DOWN]
16:16:34 #129 OK SELECT id=3600350 via doris-1 rows=10170 [doris-1:f:up doris-2:M:up doris-3:f:DOWN]
16:16:35 #130 OK SELECT id=3600350 via doris-1 rows=10170 [doris-1:f:up doris-2:M:up doris-3:f:DOWN]
16:16:36 #131 OK SELECT id=3600350 via doris-1 rows=10170 [doris-1:f:up doris-2:M:up doris-3:f:DOWN]
16:16:37 #132 OK SELECT id=3600350 via doris-1 rows=10168 [doris-1:f:up doris-2:M:up doris-3:f:DOWN]
16:16:38 #133 OK SELECT id=3600350 via doris-1 rows=10168 [doris-1:f:up doris-2:M:up doris-3:f:DOWN]
16:16:39 #134 OK SELECT id=3600350 via doris-1 rows=10170 [doris-1:f:up doris-2:M:up doris-3:f:DOWN]
16:16:41 #135 OK SELECT id=3600350 via doris-1 rows=10170 [doris-1:f:up doris-2:M:up doris-3:f:DOWN]
16:16:42 #136 OK SELECT id=3600350 via doris-1 rows=10170 [doris-1:f:up doris-2:M:up doris-3:f:DOWN]
16:16:43 #137 OK SELECT id=3600350 via doris-1 rows=10168 [doris-1:f:up doris-2:M:up doris-3:f:DOWN]
16:16:44 #138 OK SELECT id=3600350 via doris-1 rows=10168 [doris-1:f:up doris-2:M:up doris-3:f:DOWN]
16:16:45 #139 OK SELECT id=3600350 via doris-1 rows=10170 [doris-1:f:up doris-2:M:up doris-3:f:DOWN]
16:16:46 #140 OK SELECT id=3600350 via doris-1 rows=10170 [doris-1:f:up doris-2:M:up doris-3:f:DOWN]
16:16:47 #141 OK SELECT id=3600350 via doris-1 rows=10170 [doris-1:f:up doris-2:M:up doris-3:f:DOWN]
16:16:48 #142 OK SELECT id=3600350 via doris-1 rows=10169 [doris-1:f:up doris-2:M:up doris-3:f:DOWN]
16:16:49 #143 OK SELECT id=3600350 via doris-1 rows=10168 [doris-1:f:up doris-2:M:up doris-3:f:DOWN]
16:16:50 #144 OK SELECT id=3600350 via doris-1 rows=10169 [doris-1:f:up doris-2:M:up doris-3:f:DOWN]
16:16:51 #145 OK SELECT id=3600350 via doris-1 rows=10170 [doris-1:f:up doris-2:M:up doris-3:f:DOWN]
16:16:52 #146 OK SELECT id=3600350 via doris-1 rows=10170 [doris-1:f:up doris-2:M:up doris-3:f:DOWN]
16:16:53 #147 OK SELECT id=3600350 via doris-1 rows=10169 [doris-1:f:up doris-2:M:up doris-3:f:DOWN]
16:16:54 #148 OK SELECT id=3600350 via doris-1 rows=10168 [doris-1:f:up doris-2:M:up doris-3:f:DOWN]
16:16:55 #149 OK SELECT id=3600350 via doris-1 rows=10169 [doris-1:f:up doris-2:M:up doris-3:f:DOWN]
16:16:56 #150 OK SELECT id=3600350 via doris-1 rows=10170 [doris-1:f:up doris-2:M:up doris-3:f:DOWN]
16:16:57 #151 OK SELECT id=3600350 via doris-1 rows=10170 [doris-1:f:up doris-2:M:up doris-3:f:DOWN]
16:16:58 #152 OK SELECT id=3600350 via doris-1 rows=10169 [doris-1:f:up doris-2:M:up doris-3:f:DOWN]
16:17:00 #153 OK SELECT id=3600350 via doris-1 rows=10168 [doris-1:f:up doris-2:M:up doris-3:f:DOWN]
16:17:01 #154 OK SELECT id=3600350 via doris-1 rows=10169 [doris-1:f:up doris-2:M:up doris-3:f:DOWN]
16:17:02 #155 OK SELECT id=3600350 via doris-1 rows=10170 [doris-1:f:up doris-2:M:up doris-3:f:DOWN]
16:17:03 #156 OK SELECT id=3600350 via doris-1 rows=10170 [doris-1:f:up doris-2:M:up doris-3:f:DOWN]
16:17:04 #157 OK SELECT id=3600350 via doris-1 rows=10169 [doris-1:f:up doris-2:M:up doris-3:f:DOWN]
16:17:05 #158 OK SELECT id=3600350 via doris-1 rows=10168 [doris-1:f:up doris-2:M:up doris-3:f:DOWN]
16:17:06 #159 OK SELECT id=3600350 via doris-1 rows=10169 [doris-1:f:up doris-2:M:up doris-3:f:DOWN]
16:17:07 #160 OK SELECT id=3600350 via doris-1 rows=10170 [doris-1:f:up doris-2:M:up doris-3:f:DOWN]
16:17:08 #161 OK SELECT id=3600350 via doris-1 rows=10170 [doris-1:f:up doris-2:M:up doris-3:f:up]
16:17:09 #162 OK SELECT id=3600350 via doris-1 rows=10169 [doris-1:f:up doris-2:M:up doris-3:f:up]
16:17:10 #163 OK SELECT id=3600350 via doris-1 rows=10168 [doris-1:f:up doris-2:M:up doris-3:f:up]
16:17:11 #164 OK SELECT id=3600350 via doris-1 rows=10169 [doris-1:f:up doris-2:M:up doris-3:f:up]
16:17:12 EVENT restore: cluster healthy
16:17:12 #165 OK SELECT id=3600350 via doris-1 rows=10170 [doris-1:f:up doris-2:M:up doris-3:f:up]
16:17:13 #166 OK SELECT id=3600350 via doris-1 rows=10170 [doris-1:f:up doris-2:M:up doris-3:f:up]
16:17:14 #167 OK SELECT id=3600350 via doris-1 rows=10170 [doris-1:f:up doris-2:M:up doris-3:f:up]
16:17:15 #168 OK SELECT id=3600350 via doris-1 rows=10168 [doris-1:f:up doris-2:M:up doris-3:f:up]
16:17:16 #169 OK SELECT id=3600350 via doris-1 rows=10168 [doris-1:f:up doris-2:M:up doris-3:f:up]
16:17:18 #170 OK SELECT id=3600350 via doris-1 rows=10170 [doris-1:f:up doris-2:M:up doris-3:f:up]
16:17:19 #171 OK SELECT id=3600350 via doris-1 rows=10170 [doris-1:f:up doris-2:M:up doris-3:f:up]
16:17:20 #172 OK SELECT id=3600350 via doris-1 rows=10170 [doris-1:f:up doris-2:M:up doris-3:f:up]
16:17:21 #173 OK SELECT id=3600350 via doris-1 rows=10168 [doris-1:f:up doris-2:M:up doris-3:f:up]
16:17:22 #174 OK SELECT id=3600350 via doris-1 rows=10168 [doris-1:f:up doris-2:M:up doris-3:f:up]
16:17:23 #175 OK SELECT id=3600350 via doris-1 rows=10170 [doris-1:f:up doris-2:M:up doris-3:f:up]
16:17:24 #176 OK SELECT id=3600350 via doris-1 rows=10170 [doris-1:f:up doris-2:M:up doris-3:f:up]
16:17:25 #177 OK SELECT id=3600350 via doris-1 rows=10170 [doris-1:f:up doris-2:M:up doris-3:f:up]
16:17:26 #178 OK SELECT id=3600350 via doris-1 rows=10168 [doris-1:f:up doris-2:M:up doris-3:f:up]
16:17:27 #179 OK SELECT id=3600350 via doris-1 rows=10168 [doris-1:f:up doris-2:M:up doris-3:f:up]
16:17:28 #180 OK SELECT id=3600350 via doris-1 rows=10170 [doris-1:f:up doris-2:M:up doris-3:f:up]
16:17:29 #181 OK SELECT id=3600350 via doris-1 rows=10170 [doris-1:f:up doris-2:M:up doris-3:f:up]
16:17:30 #182 OK SELECT id=3600350 via doris-1 rows=10170 [doris-1:f:up doris-2:M:up doris-3:f:up]
16:17:31 #183 OK SELECT id=3600350 via doris-1 rows=10168 [doris-1:f:up doris-2:M:up doris-3:f:up]
16:17:32 #184 OK SELECT id=3600350 via doris-1 rows=10168 [doris-1:f:up doris-2:M:up doris-3:f:up]
16:17:33 #185 OK SELECT id=3600350 via doris-1 rows=10170 [doris-1:f:up doris-2:M:up doris-3:f:up]
16:17:34 #186 OK SELECT id=3600350 via doris-1 rows=10170 [doris-1:f:up doris-2:M:up doris-3:f:up]
16:17:35 #187 OK SELECT id=3600350 via doris-1 rows=10170 [doris-1:f:up doris-2:M:up doris-3:f:up]
16:17:36 #188 OK SELECT id=3600350 via doris-1 rows=10168 [doris-1:f:up doris-2:M:up doris-3:f:up]
16:17:38 #189 OK SELECT id=3600350 via doris-1 rows=10168 [doris-1:f:up doris-2:M:up doris-3:f:up]
16:17:39 #190 OK SELECT id=3600350 via doris-1 rows=10170 [doris-1:f:up doris-2:M:up doris-3:f:up]
16:17:40 #191 OK SELECT id=3600350 via doris-1 rows=10170 [doris-1:f:up doris-2:M:up doris-3:f:up]
16:17:41 #192 OK SELECT id=3600350 via doris-1 rows=10170 [doris-1:f:up doris-2:M:up doris-3:f:up]
16:17:42 #193 OK SELECT id=3600350 via doris-1 rows=10168 [doris-1:f:up doris-2:M:up doris-3:f:up]
