16:13:55 PROBE start proto=jdbc hosts=doris-1,doris-2,doris-3 duration=86400s cycle=INSERT>UPSERT>SELECT>DELETE>SELECT url=jdbc:mysql://10.140.0.2:9030,10.140.0.3:9030,10.140.0.4:9030/hatest
16:13:55 connected to doris-1 (driver-selected host)
16:13:56 #1 OK INSERT id=2600350 via doris-1 rows=10169 [doris-1:f:up doris-2:f:up doris-3:M:up]
16:13:57 #2 OK UPSERT id=2600350 via doris-1 rows=10169 [doris-1:f:up doris-2:f:up doris-3:M:up]
16:13:58 #3 OK SELECT id=2600350 via doris-1 rows=10169 [doris-1:f:up doris-2:f:up doris-3:M:up]
16:13:59 #4 OK DELETE id=2600350 via doris-1 rows=10167 [doris-1:f:up doris-2:f:up doris-3:M:up]
16:14:00 #5 OK SELECT id=2600350 via doris-1 rows=10167 [doris-1:f:up doris-2:f:up doris-3:M:up]
16:14:01 #6 OK INSERT id=2600351 via doris-1 rows=10169 [doris-1:f:up doris-2:f:up doris-3:M:up]
16:14:02 #7 OK UPSERT id=2600351 via doris-1 rows=10169 [doris-1:f:up doris-2:f:up doris-3:M:up]
16:14:03 #8 OK SELECT id=2600351 via doris-1 rows=10169 [doris-1:f:up doris-2:f:up doris-3:M:up]
16:14:04 #9 OK DELETE id=2600351 via doris-1 rows=10167 [doris-1:f:up doris-2:f:up doris-3:M:up]
16:14:05 #10 OK SELECT id=2600351 via doris-1 rows=10167 [doris-1:f:up doris-2:f:up doris-3:M:up]
16:14:06 #11 OK INSERT id=2600352 via doris-1 rows=10169 [doris-1:f:up doris-2:f:up doris-3:M:up]
16:14:07 #12 OK UPSERT id=2600352 via doris-1 rows=10169 [doris-1:f:up doris-2:f:up doris-3:M:up]
16:14:08 #13 OK SELECT id=2600352 via doris-1 rows=10169 [doris-1:f:up doris-2:f:up doris-3:M:up]
16:14:09 #14 OK DELETE id=2600352 via doris-1 rows=10167 [doris-1:f:up doris-2:f:up doris-3:M:up]
16:14:10 #15 OK SELECT id=2600352 via doris-1 rows=10167 [doris-1:f:up doris-2:f:up doris-3:M:up]
16:14:12 #16 OK INSERT id=2600353 via doris-1 rows=10169 [doris-1:f:up doris-2:f:up doris-3:M:up]
16:14:13 #17 OK UPSERT id=2600353 via doris-1 rows=10169 [doris-1:f:up doris-2:f:up doris-3:M:up]
16:14:14 #18 OK SELECT id=2600353 via doris-1 rows=10169 [doris-1:f:up doris-2:f:up doris-3:M:up]
16:14:15 #19 OK DELETE id=2600353 via doris-1 rows=10167 [doris-1:f:up doris-2:f:up doris-3:M:up]
16:14:16 #20 OK SELECT id=2600353 via doris-1 rows=10167 [doris-1:f:up doris-2:f:up doris-3:M:up]
16:14:17 #21 OK INSERT id=2600354 via doris-1 rows=10169 [doris-1:f:up doris-2:f:up doris-3:M:up]
16:14:18 #22 OK UPSERT id=2600354 via doris-1 rows=10169 [doris-1:f:up doris-2:f:up doris-3:M:up]
16:14:19 #23 OK SELECT id=2600354 via doris-1 rows=10169 [doris-1:f:up doris-2:f:up doris-3:M:up]
16:14:20 #24 OK DELETE id=2600354 via doris-1 rows=10167 [doris-1:f:up doris-2:f:up doris-3:M:up]
16:14:21 #25 OK SELECT id=2600354 via doris-1 rows=10167 [doris-1:f:up doris-2:f:up doris-3:M:up]
16:14:22 #26 OK INSERT id=2600355 via doris-1 rows=10169 [doris-1:f:up doris-2:f:up doris-3:M:up]
16:14:23 #27 OK UPSERT id=2600355 via doris-1 rows=10169 [doris-1:f:up doris-2:f:up doris-3:M:up]
16:14:24 #28 OK SELECT id=2600355 via doris-1 rows=10169 [doris-1:f:up doris-2:f:up doris-3:M:up]
16:14:25 #29 OK DELETE id=2600355 via doris-1 rows=10167 [doris-1:f:up doris-2:f:up doris-3:M:up]
16:14:26 #30 OK SELECT id=2600355 via doris-1 rows=10167 [doris-1:f:up doris-2:f:up doris-3:M:up]
16:14:27 #31 OK INSERT id=2600356 via doris-1 rows=10169 [doris-1:f:up doris-2:f:up doris-3:M:up]
16:14:29 #32 OK UPSERT id=2600356 via doris-1 rows=10169 [doris-1:f:up doris-2:f:up doris-3:M:up]
16:14:29 EVENT break: vm stop on doris-3 (FE master)
16:14:30 #33 OK SELECT id=2600356 via doris-1 rows=10169 [doris-1:f:up doris-2:f:up doris-3:M:up]
16:14:31 #34 OK DELETE id=2600356 via doris-1 rows=10167 [doris-1:f:up doris-2:f:up doris-3:M:up]
16:14:32 #35 FAIL SELECT id=2600356 via doris-1: SQLException: RpcException, msg: send fragments failed. io.grpc.StatusRuntimeException: UNAVAILABLE: io exception, host: 10.
16:14:33 #36 FAIL INSERT id=2600357 via doris-1: SQLException: Exception, msg: Node catalog is not ready, please wait for a while. To master progress: open editlog. Frontend
16:14:33 #36 FAIL SELECT(check) id=1 via -: SQLException: Exception, msg: Node catalog is not ready, please wait for a while. To master progress: op
16:14:52 EVENT break: doris-3 is down
16:14:53 connected to doris-1 (driver-selected host)
16:15:04 #37 FAIL INSERT id=2600358 via doris-1: CommunicationsException: Communications link failure  The last packet successfully received from the server was 8,009 milliseconds ago.
16:15:04 #37 OK SELECT(check) id=1 via doris-1
16:15:05 connected to doris-1 (driver-selected host)
16:15:08 #38 OK INSERT id=2600359 via doris-1 rows=10170 [doris-1:f:up doris-2:M:up doris-3:f:DOWN] (recovered)
16:15:09 #39 OK UPSERT id=2600359 via doris-1 rows=10170 [doris-1:f:up doris-2:M:up doris-3:f:DOWN]
16:15:10 #40 OK SELECT id=2600359 via doris-1 rows=10170 [doris-1:f:up doris-2:M:up doris-3:f:DOWN]
16:15:11 #41 OK DELETE id=2600359 via doris-1 rows=10168 [doris-1:f:up doris-2:M:up doris-3:f:DOWN]
16:15:12 #42 OK SELECT id=2600359 via doris-1 rows=10168 [doris-1:f:up doris-2:M:up doris-3:f:DOWN]
16:15:13 #43 OK INSERT id=2600360 via doris-1 rows=10170 [doris-1:f:up doris-2:M:up doris-3:f:DOWN]
16:15:15 #44 OK UPSERT id=2600360 via doris-1 rows=10170 [doris-1:f:up doris-2:M:up doris-3:f:DOWN]
16:15:16 #45 OK SELECT id=2600360 via doris-1 rows=10170 [doris-1:f:up doris-2:M:up doris-3:f:DOWN]
16:15:17 #46 OK DELETE id=2600360 via doris-1 rows=10168 [doris-1:f:up doris-2:M:up doris-3:f:DOWN]
16:15:18 #47 OK SELECT id=2600360 via doris-1 rows=10168 [doris-1:f:up doris-2:M:up doris-3:f:DOWN]
16:15:19 #48 OK INSERT id=2600361 via doris-1 rows=10170 [doris-1:f:up doris-2:M:up doris-3:f:DOWN]
16:15:20 #49 OK UPSERT id=2600361 via doris-1 rows=10170 [doris-1:f:up doris-2:M:up doris-3:f:DOWN]
16:15:21 #50 OK SELECT id=2600361 via doris-1 rows=10170 [doris-1:f:up doris-2:M:up doris-3:f:DOWN]
16:15:22 #51 OK DELETE id=2600361 via doris-1 rows=10168 [doris-1:f:up doris-2:M:up doris-3:f:DOWN]
16:15:23 #52 OK SELECT id=2600361 via doris-1 rows=10168 [doris-1:f:up doris-2:M:up doris-3:f:DOWN]
16:15:24 #53 OK INSERT id=2600362 via doris-1 rows=10170 [doris-1:f:up doris-2:M:up doris-3:f:DOWN]
16:15:25 #54 OK UPSERT id=2600362 via doris-1 rows=10170 [doris-1:f:up doris-2:M:up doris-3:f:DOWN]
16:15:26 #55 OK SELECT id=2600362 via doris-1 rows=10170 [doris-1:f:up doris-2:M:up doris-3:f:DOWN]
16:15:28 #56 OK DELETE id=2600362 via doris-1 rows=10168 [doris-1:f:up doris-2:M:up doris-3:f:DOWN]
16:15:29 #57 OK SELECT id=2600362 via doris-1 rows=10168 [doris-1:f:up doris-2:M:up doris-3:f:DOWN]
16:15:30 #58 OK INSERT id=2600363 via doris-1 rows=10170 [doris-1:f:up doris-2:M:up doris-3:f:DOWN]
16:15:31 #59 OK UPSERT id=2600363 via doris-1 rows=10170 [doris-1:f:up doris-2:M:up doris-3:f:DOWN]
16:15:32 #60 OK SELECT id=2600363 via doris-1 rows=10170 [doris-1:f:up doris-2:M:up doris-3:f:DOWN]
16:15:33 #61 OK DELETE id=2600363 via doris-1 rows=10168 [doris-1:f:up doris-2:M:up doris-3:f:DOWN]
16:15:34 #62 OK SELECT id=2600363 via doris-1 rows=10168 [doris-1:f:up doris-2:M:up doris-3:f:DOWN]
16:15:35 #63 OK INSERT id=2600364 via doris-1 rows=10170 [doris-1:f:up doris-2:M:up doris-3:f:DOWN]
16:15:36 #64 OK UPSERT id=2600364 via doris-1 rows=10170 [doris-1:f:up doris-2:M:up doris-3:f:DOWN]
16:15:37 #65 OK SELECT id=2600364 via doris-1 rows=10170 [doris-1:f:up doris-2:M:up doris-3:f:DOWN]
16:15:38 #66 OK DELETE id=2600364 via doris-1 rows=10168 [doris-1:f:up doris-2:M:up doris-3:f:DOWN]
16:15:39 #67 OK SELECT id=2600364 via doris-1 rows=10168 [doris-1:f:up doris-2:M:up doris-3:f:DOWN]
16:15:40 #68 OK INSERT id=2600365 via doris-1 rows=10170 [doris-1:f:up doris-2:M:up doris-3:f:DOWN]
16:15:42 #69 OK UPSERT id=2600365 via doris-1 rows=10170 [doris-1:f:up doris-2:M:up doris-3:f:DOWN]
16:15:43 #70 OK SELECT id=2600365 via doris-1 rows=10170 [doris-1:f:up doris-2:M:up doris-3:f:DOWN]
16:15:44 #71 OK DELETE id=2600365 via doris-1 rows=10168 [doris-1:f:up doris-2:M:up doris-3:f:DOWN]
16:15:45 #72 OK SELECT id=2600365 via doris-1 rows=10168 [doris-1:f:up doris-2:M:up doris-3:f:DOWN]
16:15:46 #73 OK INSERT id=2600366 via doris-1 rows=10170 [doris-1:f:up doris-2:M:up doris-3:f:DOWN]
16:15:47 #74 OK UPSERT id=2600366 via doris-1 rows=10170 [doris-1:f:up doris-2:M:up doris-3:f:DOWN]
16:15:48 #75 OK SELECT id=2600366 via doris-1 rows=10170 [doris-1:f:up doris-2:M:up doris-3:f:DOWN]
16:15:49 #76 OK DELETE id=2600366 via doris-1 rows=10168 [doris-1:f:up doris-2:M:up doris-3:f:DOWN]
16:15:50 #77 OK SELECT id=2600366 via doris-1 rows=10168 [doris-1:f:up doris-2:M:up doris-3:f:DOWN]
16:15:51 #78 OK INSERT id=2600367 via doris-1 rows=10170 [doris-1:f:up doris-2:M:up doris-3:f:DOWN]
16:15:52 #79 OK UPSERT id=2600367 via doris-1 rows=10170 [doris-1:f:up doris-2:M:up doris-3:f:DOWN]
16:15:53 #80 OK SELECT id=2600367 via doris-1 rows=10170 [doris-1:f:up doris-2:M:up doris-3:f:DOWN]
16:15:54 #81 OK DELETE id=2600367 via doris-1 rows=10168 [doris-1:f:up doris-2:M:up doris-3:f:DOWN]
16:15:55 #82 OK SELECT id=2600367 via doris-1 rows=10168 [doris-1:f:up doris-2:M:up doris-3:f:DOWN]
16:15:57 #83 OK INSERT id=2600368 via doris-1 rows=10170 [doris-1:f:up doris-2:M:up doris-3:f:DOWN]
16:15:58 #84 OK UPSERT id=2600368 via doris-1 rows=10170 [doris-1:f:up doris-2:M:up doris-3:f:DOWN]
16:15:59 #85 OK SELECT id=2600368 via doris-1 rows=10170 [doris-1:f:up doris-2:M:up doris-3:f:DOWN]
16:16:00 #86 OK DELETE id=2600368 via doris-1 rows=10168 [doris-1:f:up doris-2:M:up doris-3:f:DOWN]
16:16:01 #87 OK SELECT id=2600368 via doris-1 rows=10168 [doris-1:f:up doris-2:M:up doris-3:f:DOWN]
16:16:02 #88 OK INSERT id=2600369 via doris-1 rows=10170 [doris-1:f:up doris-2:M:up doris-3:f:DOWN]
16:16:03 #89 OK UPSERT id=2600369 via doris-1 rows=10170 [doris-1:f:up doris-2:M:up doris-3:f:DOWN]
16:16:04 #90 OK SELECT id=2600369 via doris-1 rows=10170 [doris-1:f:up doris-2:M:up doris-3:f:DOWN]
16:16:05 #91 OK DELETE id=2600369 via doris-1 rows=10168 [doris-1:f:up doris-2:M:up doris-3:f:DOWN]
16:16:06 #92 OK SELECT id=2600369 via doris-1 rows=10168 [doris-1:f:up doris-2:M:up doris-3:f:DOWN]
16:16:07 #93 OK INSERT id=2600370 via doris-1 rows=10170 [doris-1:f:up doris-2:M:up doris-3:f:DOWN]
16:16:08 #94 OK UPSERT id=2600370 via doris-1 rows=10170 [doris-1:f:up doris-2:M:up doris-3:f:DOWN]
16:16:09 #95 OK SELECT id=2600370 via doris-1 rows=10170 [doris-1:f:up doris-2:M:up doris-3:f:DOWN]
16:16:10 #96 OK DELETE id=2600370 via doris-1 rows=10168 [doris-1:f:up doris-2:M:up doris-3:f:DOWN]
16:16:11 #97 OK SELECT id=2600370 via doris-1 rows=10168 [doris-1:f:up doris-2:M:up doris-3:f:DOWN]
16:16:13 #98 OK INSERT id=2600371 via doris-1 rows=10170 [doris-1:f:up doris-2:M:up doris-3:f:DOWN]
16:16:14 #99 OK UPSERT id=2600371 via doris-1 rows=10170 [doris-1:f:up doris-2:M:up doris-3:f:DOWN]
16:16:15 #100 OK SELECT id=2600371 via doris-1 rows=10170 [doris-1:f:up doris-2:M:up doris-3:f:DOWN]
16:16:16 #101 OK DELETE id=2600371 via doris-1 rows=10168 [doris-1:f:up doris-2:M:up doris-3:f:DOWN]
16:16:17 #102 OK SELECT id=2600371 via doris-1 rows=10168 [doris-1:f:up doris-2:M:up doris-3:f:DOWN]
16:16:18 #103 OK INSERT id=2600372 via doris-1 rows=10170 [doris-1:f:up doris-2:M:up doris-3:f:DOWN]
16:16:19 #104 OK UPSERT id=2600372 via doris-1 rows=10170 [doris-1:f:up doris-2:M:up doris-3:f:DOWN]
16:16:20 #105 OK SELECT id=2600372 via doris-1 rows=10170 [doris-1:f:up doris-2:M:up doris-3:f:DOWN]
16:16:21 #106 OK DELETE id=2600372 via doris-1 rows=10168 [doris-1:f:up doris-2:M:up doris-3:f:DOWN]
16:16:22 #107 OK SELECT id=2600372 via doris-1 rows=10168 [doris-1:f:up doris-2:M:up doris-3:f:DOWN]
16:16:23 #108 OK INSERT id=2600373 via doris-1 rows=10170 [doris-1:f:up doris-2:M:up doris-3:f:DOWN]
16:16:24 #109 OK UPSERT id=2600373 via doris-1 rows=10170 [doris-1:f:up doris-2:M:up doris-3:f:DOWN]
16:16:25 #110 OK SELECT id=2600373 via doris-1 rows=10170 [doris-1:f:up doris-2:M:up doris-3:f:DOWN]
16:16:27 #111 OK DELETE id=2600373 via doris-1 rows=10168 [doris-1:f:up doris-2:M:up doris-3:f:DOWN]
16:16:28 #112 OK SELECT id=2600373 via doris-1 rows=10168 [doris-1:f:up doris-2:M:up doris-3:f:DOWN]
16:16:29 #113 OK INSERT id=2600374 via doris-1 rows=10170 [doris-1:f:up doris-2:M:up doris-3:f:DOWN]
16:16:29 EVENT restore: start doris-3
16:16:30 #114 OK UPSERT id=2600374 via doris-1 rows=10170 [doris-1:f:up doris-2:M:up doris-3:f:DOWN]
16:16:31 #115 OK SELECT id=2600374 via doris-1 rows=10170 [doris-1:f:up doris-2:M:up doris-3:f:DOWN]
16:16:32 #116 OK DELETE id=2600374 via doris-1 rows=10168 [doris-1:f:up doris-2:M:up doris-3:f:DOWN]
16:16:33 #117 OK SELECT id=2600374 via doris-1 rows=10168 [doris-1:f:up doris-2:M:up doris-3:f:DOWN]
16:16:34 #118 OK INSERT id=2600375 via doris-1 rows=10170 [doris-1:f:up doris-2:M:up doris-3:f:DOWN]
16:16:35 #119 OK UPSERT id=2600375 via doris-1 rows=10170 [doris-1:f:up doris-2:M:up doris-3:f:DOWN]
16:16:36 #120 OK SELECT id=2600375 via doris-1 rows=10170 [doris-1:f:up doris-2:M:up doris-3:f:DOWN]
16:16:37 #121 OK DELETE id=2600375 via doris-1 rows=10168 [doris-1:f:up doris-2:M:up doris-3:f:DOWN]
16:16:38 #122 OK SELECT id=2600375 via doris-1 rows=10168 [doris-1:f:up doris-2:M:up doris-3:f:DOWN]
16:16:39 #123 OK INSERT id=2600376 via doris-1 rows=10170 [doris-1:f:up doris-2:M:up doris-3:f:DOWN]
16:16:40 #124 OK UPSERT id=2600376 via doris-1 rows=10170 [doris-1:f:up doris-2:M:up doris-3:f:DOWN]
16:16:42 #125 OK SELECT id=2600376 via doris-1 rows=10170 [doris-1:f:up doris-2:M:up doris-3:f:DOWN]
16:16:43 #126 OK DELETE id=2600376 via doris-1 rows=10168 [doris-1:f:up doris-2:M:up doris-3:f:DOWN]
16:16:44 #127 OK SELECT id=2600376 via doris-1 rows=10168 [doris-1:f:up doris-2:M:up doris-3:f:DOWN]
16:16:45 #128 OK INSERT id=2600377 via doris-1 rows=10170 [doris-1:f:up doris-2:M:up doris-3:f:DOWN]
16:16:46 #129 OK UPSERT id=2600377 via doris-1 rows=10170 [doris-1:f:up doris-2:M:up doris-3:f:DOWN]
16:16:47 #130 OK SELECT id=2600377 via doris-1 rows=10170 [doris-1:f:up doris-2:M:up doris-3:f:DOWN]
16:16:48 #131 OK DELETE id=2600377 via doris-1 rows=10168 [doris-1:f:up doris-2:M:up doris-3:f:DOWN]
16:16:49 #132 OK SELECT id=2600377 via doris-1 rows=10168 [doris-1:f:up doris-2:M:up doris-3:f:DOWN]
16:16:50 #133 OK INSERT id=2600378 via doris-1 rows=10170 [doris-1:f:up doris-2:M:up doris-3:f:DOWN]
16:16:51 #134 OK UPSERT id=2600378 via doris-1 rows=10170 [doris-1:f:up doris-2:M:up doris-3:f:DOWN]
16:16:52 #135 OK SELECT id=2600378 via doris-1 rows=10170 [doris-1:f:up doris-2:M:up doris-3:f:DOWN]
16:16:53 #136 OK DELETE id=2600378 via doris-1 rows=10168 [doris-1:f:up doris-2:M:up doris-3:f:DOWN]
16:16:54 #137 OK SELECT id=2600378 via doris-1 rows=10168 [doris-1:f:up doris-2:M:up doris-3:f:DOWN]
16:16:55 #138 OK INSERT id=2600379 via doris-1 rows=10170 [doris-1:f:up doris-2:M:up doris-3:f:DOWN]
16:16:56 #139 OK UPSERT id=2600379 via doris-1 rows=10170 [doris-1:f:up doris-2:M:up doris-3:f:DOWN]
16:16:57 #140 OK SELECT id=2600379 via doris-1 rows=10170 [doris-1:f:up doris-2:M:up doris-3:f:DOWN]
16:16:59 #141 OK DELETE id=2600379 via doris-1 rows=10168 [doris-1:f:up doris-2:M:up doris-3:f:DOWN]
16:17:00 #142 OK SELECT id=2600379 via doris-1 rows=10168 [doris-1:f:up doris-2:M:up doris-3:f:DOWN]
16:17:01 #143 OK INSERT id=2600380 via doris-1 rows=10170 [doris-1:f:up doris-2:M:up doris-3:f:DOWN]
16:17:02 #144 OK UPSERT id=2600380 via doris-1 rows=10170 [doris-1:f:up doris-2:M:up doris-3:f:DOWN]
16:17:03 #145 OK SELECT id=2600380 via doris-1 rows=10170 [doris-1:f:up doris-2:M:up doris-3:f:DOWN]
16:17:04 #146 OK DELETE id=2600380 via doris-1 rows=10168 [doris-1:f:up doris-2:M:up doris-3:f:DOWN]
16:17:05 #147 OK SELECT id=2600380 via doris-1 rows=10168 [doris-1:f:up doris-2:M:up doris-3:f:DOWN]
16:17:06 #148 OK INSERT id=2600381 via doris-1 rows=10170 [doris-1:f:up doris-2:M:up doris-3:f:DOWN]
16:17:07 #149 OK UPSERT id=2600381 via doris-1 rows=10170 [doris-1:f:up doris-2:M:up doris-3:f:up]
16:17:08 #150 OK SELECT id=2600381 via doris-1 rows=10170 [doris-1:f:up doris-2:M:up doris-3:f:up]
16:17:09 #151 OK DELETE id=2600381 via doris-1 rows=10168 [doris-1:f:up doris-2:M:up doris-3:f:up]
16:17:10 #152 OK SELECT id=2600381 via doris-1 rows=10168 [doris-1:f:up doris-2:M:up doris-3:f:up]
16:17:11 #153 OK INSERT id=2600382 via doris-1 rows=10170 [doris-1:f:up doris-2:M:up doris-3:f:up]
16:17:12 EVENT restore: cluster healthy
16:17:12 #154 OK UPSERT id=2600382 via doris-1 rows=10170 [doris-1:f:up doris-2:M:up doris-3:f:up]
16:17:14 #155 OK SELECT id=2600382 via doris-1 rows=10170 [doris-1:f:up doris-2:M:up doris-3:f:up]
16:17:15 #156 OK DELETE id=2600382 via doris-1 rows=10168 [doris-1:f:up doris-2:M:up doris-3:f:up]
16:17:16 #157 OK SELECT id=2600382 via doris-1 rows=10168 [doris-1:f:up doris-2:M:up doris-3:f:up]
16:17:17 #158 OK INSERT id=2600383 via doris-1 rows=10170 [doris-1:f:up doris-2:M:up doris-3:f:up]
16:17:18 #159 OK UPSERT id=2600383 via doris-1 rows=10170 [doris-1:f:up doris-2:M:up doris-3:f:up]
16:17:19 #160 OK SELECT id=2600383 via doris-1 rows=10170 [doris-1:f:up doris-2:M:up doris-3:f:up]
16:17:20 #161 OK DELETE id=2600383 via doris-1 rows=10168 [doris-1:f:up doris-2:M:up doris-3:f:up]
16:17:21 #162 OK SELECT id=2600383 via doris-1 rows=10168 [doris-1:f:up doris-2:M:up doris-3:f:up]
16:17:22 #163 OK INSERT id=2600384 via doris-1 rows=10170 [doris-1:f:up doris-2:M:up doris-3:f:up]
16:17:23 #164 OK UPSERT id=2600384 via doris-1 rows=10170 [doris-1:f:up doris-2:M:up doris-3:f:up]
16:17:24 #165 OK SELECT id=2600384 via doris-1 rows=10170 [doris-1:f:up doris-2:M:up doris-3:f:up]
16:17:25 #166 OK DELETE id=2600384 via doris-1 rows=10168 [doris-1:f:up doris-2:M:up doris-3:f:up]
16:17:26 #167 OK SELECT id=2600384 via doris-1 rows=10168 [doris-1:f:up doris-2:M:up doris-3:f:up]
16:17:27 #168 OK INSERT id=2600385 via doris-1 rows=10170 [doris-1:f:up doris-2:M:up doris-3:f:up]
16:17:28 #169 OK UPSERT id=2600385 via doris-1 rows=10170 [doris-1:f:up doris-2:M:up doris-3:f:up]
16:17:30 #170 OK SELECT id=2600385 via doris-1 rows=10170 [doris-1:f:up doris-2:M:up doris-3:f:up]
16:17:31 #171 OK DELETE id=2600385 via doris-1 rows=10168 [doris-1:f:up doris-2:M:up doris-3:f:up]
16:17:32 #172 OK SELECT id=2600385 via doris-1 rows=10168 [doris-1:f:up doris-2:M:up doris-3:f:up]
16:17:33 #173 OK INSERT id=2600386 via doris-1 rows=10170 [doris-1:f:up doris-2:M:up doris-3:f:up]
16:17:34 #174 OK UPSERT id=2600386 via doris-1 rows=10170 [doris-1:f:up doris-2:M:up doris-3:f:up]
16:17:35 #175 OK SELECT id=2600386 via doris-1 rows=10170 [doris-1:f:up doris-2:M:up doris-3:f:up]
16:17:36 #176 OK DELETE id=2600386 via doris-1 rows=10168 [doris-1:f:up doris-2:M:up doris-3:f:up]
16:17:37 #177 OK SELECT id=2600386 via doris-1 rows=10168 [doris-1:f:up doris-2:M:up doris-3:f:up]
16:17:38 #178 OK INSERT id=2600387 via doris-1 rows=10170 [doris-1:f:up doris-2:M:up doris-3:f:up]
16:17:39 #179 OK UPSERT id=2600387 via doris-1 rows=10170 [doris-1:f:up doris-2:M:up doris-3:f:up]
16:17:40 #180 OK SELECT id=2600387 via doris-1 rows=10170 [doris-1:f:up doris-2:M:up doris-3:f:up]
