03:40:41 PROBE start proto=arrow-flight hosts=doris-1,doris-2,doris-3 duration=86400s cycle=INSERT>UPSERT>SELECT>DELETE>SELECT
03:40:41 connected to doris-1 (10.140.0.2)
03:40:41 DML unsupported over arrow-flight (InternalError: RuntimeException, msg: getMysqlChannel not in mysql connection (Internal; ExecuteQuery)) — switching to SELECT-only mode
03:40:41 #1 OK SELECT id=3692410 via doris-1 rows=10082 [doris-1:f:up doris-2:f:DOWN doris-3:M:up]
03:40:42 #2 OK SELECT id=3692410 via doris-1 rows=10083 [doris-1:f:up doris-2:f:DOWN doris-3:M:up]
03:40:43 #3 OK SELECT id=3692410 via doris-1 rows=10083 [doris-1:f:up doris-2:f:DOWN doris-3:M:up]
03:40:44 #4 OK SELECT id=3692410 via doris-1 rows=10082 [doris-1:f:up doris-2:f:DOWN doris-3:M:up]
03:40:45 #5 OK SELECT id=3692410 via doris-1 rows=10081 [doris-1:f:up doris-2:f:DOWN doris-3:M:up]
03:40:46 #6 OK SELECT id=3692410 via doris-1 rows=10082 [doris-1:f:up doris-2:f:DOWN doris-3:M:up]
03:40:47 #7 OK SELECT id=3692410 via doris-1 rows=10083 [doris-1:f:up doris-2:f:DOWN doris-3:M:up]
03:40:48 #8 OK SELECT id=3692410 via doris-1 rows=10083 [doris-1:f:up doris-2:f:DOWN doris-3:M:up]
03:40:50 #9 OK SELECT id=3692410 via doris-1 rows=10082 [doris-1:f:up doris-2:f:DOWN doris-3:M:up]
03:40:51 #10 OK SELECT id=3692410 via doris-1 rows=10081 [doris-1:f:up doris-2:f:DOWN doris-3:M:up]
03:40:52 #11 OK SELECT id=3692410 via doris-1 rows=10082 [doris-1:f:up doris-2:f:DOWN doris-3:M:up]
03:40:53 #12 OK SELECT id=3692410 via doris-1 rows=10083 [doris-1:f:up doris-2:f:DOWN doris-3:M:up]
03:40:54 #13 OK SELECT id=3692410 via doris-1 rows=10083 [doris-1:f:up doris-2:f:up doris-3:M:up]
03:40:55 #14 OK SELECT id=3692410 via doris-1 rows=10082 [doris-1:f:up doris-2:f:up doris-3:M:up]
03:40:56 #15 OK SELECT id=3692410 via doris-1 rows=10081 [doris-1:f:up doris-2:f:up doris-3:M:up]
03:40:57 #16 OK SELECT id=3692410 via doris-1 rows=10082 [doris-1:f:up doris-2:f:up doris-3:M:up]
03:40:58 #17 OK SELECT id=3692410 via doris-1 rows=10083 [doris-1:f:up doris-2:f:up doris-3:M:up]
03:40:59 #18 OK SELECT id=3692410 via doris-1 rows=10083 [doris-1:f:up doris-2:f:up doris-3:M:up]
03:41:00 #19 OK SELECT id=3692410 via doris-1 rows=10082 [doris-1:f:up doris-2:f:up doris-3:M:up]
03:41:01 #20 OK SELECT id=3692410 via doris-1 rows=10081 [doris-1:f:up doris-2:f:up doris-3:M:up]
03:41:02 #21 OK SELECT id=3692410 via doris-1 rows=10082 [doris-1:f:up doris-2:f:up doris-3:M:up]
03:41:03 #22 OK SELECT id=3692410 via doris-1 rows=10083 [doris-1:f:up doris-2:f:up doris-3:M:up]
03:41:04 #23 OK SELECT id=3692410 via doris-1 rows=10083 [doris-1:f:up doris-2:f:up doris-3:M:up]
03:41:05 #24 OK SELECT id=3692410 via doris-1 rows=10083 [doris-1:f:up doris-2:f:up doris-3:M:up]
03:41:07 #25 OK SELECT id=3692410 via doris-1 rows=10081 [doris-1:f:up doris-2:f:up doris-3:M:up]
03:41:08 #26 OK SELECT id=3692410 via doris-1 rows=10081 [doris-1:f:up doris-2:f:up doris-3:M:up]
03:41:09 #27 OK SELECT id=3692410 via doris-1 rows=10083 [doris-1:f:up doris-2:f:up doris-3:M:up]
03:41:10 #28 OK SELECT id=3692410 via doris-1 rows=10083 [doris-1:f:up doris-2:f:up doris-3:M:up]
03:41:11 #29 OK SELECT id=3692410 via doris-1 rows=10083 [doris-1:f:up doris-2:f:up doris-3:M:up]
03:41:12 #30 OK SELECT id=3692410 via doris-1 rows=10081 [doris-1:f:up doris-2:f:up doris-3:M:up]
03:41:13 #31 OK SELECT id=3692410 via doris-1 rows=10081 [doris-1:f:up doris-2:f:up doris-3:M:up]
03:41:14 #32 OK SELECT id=3692410 via doris-1 rows=10083 [doris-1:f:up doris-2:f:up doris-3:M:up]
03:41:15 #33 OK SELECT id=3692410 via doris-1 rows=10083 [doris-1:f:up doris-2:f:up doris-3:M:up]
03:41:16 EVENT break: fe hang on doris-1 (FE follower)
03:41:16 #34 OK SELECT id=3692410 via doris-1 rows=10083 [doris-1:f:up doris-2:f:up doris-3:M:up]
03:41:17 #35 OK SELECT id=3692410 via doris-1 rows=10081 [doris-1:f:up doris-2:f:up doris-3:M:up]
03:41:26 #36 FAIL SELECT id=3692410 via doris-1: OperationalError: TIMEOUT: [FlightSQL] context deadline exceeded (DeadlineExceeded; Prepare). Vendor code: 4
03:41:56 connected to doris-2 (10.140.0.3)
03:41:56 #37 OK SELECT id=3692410 via doris-2 rows=10083 [doris-1:f:DOWN doris-2:f:up doris-3:M:up] (recovered)
03:41:57 #38 OK SELECT id=3692410 via doris-2 rows=10083 [doris-1:f:DOWN doris-2:f:up doris-3:M:up]
03:41:58 #39 OK SELECT id=3692410 via doris-2 rows=10083 [doris-1:f:DOWN doris-2:f:up doris-3:M:up]
03:42:00 #40 OK SELECT id=3692410 via doris-2 rows=10082 [doris-1:f:DOWN doris-2:f:up doris-3:M:up]
03:42:01 #41 OK SELECT id=3692410 via doris-2 rows=10082 [doris-1:f:DOWN doris-2:f:up doris-3:M:up]
03:42:02 #42 OK SELECT id=3692410 via doris-2 rows=10083 [doris-1:f:DOWN doris-2:f:up doris-3:M:up]
03:42:03 #43 OK SELECT id=3692410 via doris-2 rows=10083 [doris-1:f:DOWN doris-2:f:up doris-3:M:up]
03:42:04 #44 OK SELECT id=3692410 via doris-2 rows=10083 [doris-1:f:DOWN doris-2:f:up doris-3:M:up]
03:42:05 #45 OK SELECT id=3692410 via doris-2 rows=10082 [doris-1:f:DOWN doris-2:f:up doris-3:M:up]
03:42:06 #46 OK SELECT id=3692410 via doris-2 rows=10082 [doris-1:f:DOWN doris-2:f:up doris-3:M:up]
03:42:07 #47 OK SELECT id=3692410 via doris-2 rows=10082 [doris-1:f:DOWN doris-2:f:up doris-3:M:up]
03:42:09 #48 OK SELECT id=3692410 via doris-2 rows=10082 [doris-1:f:DOWN doris-2:f:up doris-3:M:up]
03:42:10 #49 OK SELECT id=3692410 via doris-2 rows=10083 [doris-1:f:DOWN doris-2:f:up doris-3:M:up]
03:42:11 #50 OK SELECT id=3692410 via doris-2 rows=10082 [doris-1:f:DOWN doris-2:f:up doris-3:M:up]
03:42:12 #51 OK SELECT id=3692410 via doris-2 rows=10081 [doris-1:f:DOWN doris-2:f:up doris-3:M:up]
03:42:13 #52 OK SELECT id=3692410 via doris-2 rows=10082 [doris-1:f:DOWN doris-2:f:up doris-3:M:up]
03:42:14 #53 OK SELECT id=3692410 via doris-2 rows=10083 [doris-1:f:DOWN doris-2:f:up doris-3:M:up]
03:42:15 #54 OK SELECT id=3692410 via doris-2 rows=10083 [doris-1:f:DOWN doris-2:f:up doris-3:M:up]
03:42:16 #55 OK SELECT id=3692410 via doris-2 rows=10082 [doris-1:f:DOWN doris-2:f:up doris-3:M:up]
03:42:18 #56 OK SELECT id=3692410 via doris-2 rows=10081 [doris-1:f:DOWN doris-2:f:up doris-3:M:up]
03:42:19 #57 OK SELECT id=3692410 via doris-2 rows=10082 [doris-1:f:DOWN doris-2:f:up doris-3:M:up]
03:42:20 #58 OK SELECT id=3692410 via doris-2 rows=10083 [doris-1:f:DOWN doris-2:f:up doris-3:M:up]
03:42:21 #59 OK SELECT id=3692410 via doris-2 rows=10083 [doris-1:f:DOWN doris-2:f:up doris-3:M:up]
03:42:22 #60 OK SELECT id=3692410 via doris-2 rows=10082 [doris-1:f:DOWN doris-2:f:up doris-3:M:up]
03:42:23 #61 OK SELECT id=3692410 via doris-2 rows=10083 [doris-1:f:DOWN doris-2:f:up doris-3:M:up]
03:42:24 #62 OK SELECT id=3692410 via doris-2 rows=10083 [doris-1:f:DOWN doris-2:f:up doris-3:M:up]
03:42:25 #63 OK SELECT id=3692410 via doris-2 rows=10083 [doris-1:f:DOWN doris-2:f:up doris-3:M:up]
03:42:26 #64 OK SELECT id=3692410 via doris-2 rows=10082 [doris-1:f:DOWN doris-2:f:up doris-3:M:up]
03:42:28 #65 OK SELECT id=3692410 via doris-2 rows=10082 [doris-1:f:DOWN doris-2:f:up doris-3:M:up]
03:42:29 #66 OK SELECT id=3692410 via doris-2 rows=10083 [doris-1:f:DOWN doris-2:f:up doris-3:M:up]
03:42:30 #67 OK SELECT id=3692410 via doris-2 rows=10083 [doris-1:f:DOWN doris-2:f:up doris-3:M:up]
03:42:31 #68 OK SELECT id=3692410 via doris-2 rows=10083 [doris-1:f:DOWN doris-2:f:up doris-3:M:up]
03:42:32 #69 OK SELECT id=3692410 via doris-2 rows=10081 [doris-1:f:DOWN doris-2:f:up doris-3:M:up]
03:42:33 #70 OK SELECT id=3692410 via doris-2 rows=10082 [doris-1:f:DOWN doris-2:f:up doris-3:M:up]
03:42:34 #71 OK SELECT id=3692410 via doris-2 rows=10083 [doris-1:f:DOWN doris-2:f:up doris-3:M:up]
03:42:35 #72 OK SELECT id=3692410 via doris-2 rows=10083 [doris-1:f:DOWN doris-2:f:up doris-3:M:up]
03:42:36 #73 OK SELECT id=3692410 via doris-2 rows=10082 [doris-1:f:DOWN doris-2:f:up doris-3:M:up]
03:42:37 #74 OK SELECT id=3692410 via doris-2 rows=10081 [doris-1:f:DOWN doris-2:f:up doris-3:M:up]
03:42:39 #75 OK SELECT id=3692410 via doris-2 rows=10082 [doris-1:f:DOWN doris-2:f:up doris-3:M:up]
03:42:40 #76 OK SELECT id=3692410 via doris-2 rows=10083 [doris-1:f:DOWN doris-2:f:up doris-3:M:up]
03:42:41 #77 OK SELECT id=3692410 via doris-2 rows=10083 [doris-1:f:DOWN doris-2:f:up doris-3:M:up]
03:42:42 #78 OK SELECT id=3692410 via doris-2 rows=10082 [doris-1:f:DOWN doris-2:f:up doris-3:M:up]
03:42:43 #79 OK SELECT id=3692410 via doris-2 rows=10081 [doris-1:f:DOWN doris-2:f:up doris-3:M:up]
03:42:44 #80 OK SELECT id=3692410 via doris-2 rows=10082 [doris-1:f:DOWN doris-2:f:up doris-3:M:up]
03:42:45 #81 OK SELECT id=3692410 via doris-2 rows=10083 [doris-1:f:DOWN doris-2:f:up doris-3:M:up]
03:42:46 #82 OK SELECT id=3692410 via doris-2 rows=10083 [doris-1:f:DOWN doris-2:f:up doris-3:M:up]
03:42:47 #83 OK SELECT id=3692410 via doris-2 rows=10082 [doris-1:f:DOWN doris-2:f:up doris-3:M:up]
03:42:48 #84 OK SELECT id=3692410 via doris-2 rows=10081 [doris-1:f:DOWN doris-2:f:up doris-3:M:up]
03:42:49 #85 OK SELECT id=3692410 via doris-2 rows=10081 [doris-1:f:DOWN doris-2:f:up doris-3:M:up]
03:42:51 #86 OK SELECT id=3692410 via doris-2 rows=10082 [doris-1:f:DOWN doris-2:f:up doris-3:M:up]
03:42:52 #87 OK SELECT id=3692410 via doris-2 rows=10082 [doris-1:f:DOWN doris-2:f:up doris-3:M:up]
03:42:53 #88 OK SELECT id=3692410 via doris-2 rows=10082 [doris-1:f:DOWN doris-2:f:up doris-3:M:up]
03:42:54 #89 OK SELECT id=3692410 via doris-2 rows=10081 [doris-1:f:DOWN doris-2:f:up doris-3:M:up]
03:42:55 #90 OK SELECT id=3692410 via doris-2 rows=10081 [doris-1:f:DOWN doris-2:f:up doris-3:M:up]
03:42:56 #91 OK SELECT id=3692410 via doris-2 rows=10082 [doris-1:f:DOWN doris-2:f:up doris-3:M:up]
03:42:57 #92 OK SELECT id=3692410 via doris-2 rows=10082 [doris-1:f:DOWN doris-2:f:up doris-3:M:up]
03:42:58 #93 OK SELECT id=3692410 via doris-2 rows=10083 [doris-1:f:DOWN doris-2:f:up doris-3:M:up]
03:42:59 #94 OK SELECT id=3692410 via doris-2 rows=10082 [doris-1:f:DOWN doris-2:f:up doris-3:M:up]
03:43:00 #95 OK SELECT id=3692410 via doris-2 rows=10082 [doris-1:f:DOWN doris-2:f:up doris-3:M:up]
03:43:01 EVENT restore: resume fe on doris-1
03:43:01 #96 OK SELECT id=3692410 via doris-2 rows=10082 [doris-1:f:DOWN doris-2:f:up doris-3:M:up]
03:43:02 #97 OK SELECT id=3692410 via doris-2 rows=10082 [doris-1:f:DOWN doris-2:f:up doris-3:M:up]
03:43:04 #98 OK SELECT id=3692410 via doris-2 rows=10084 [doris-1:f:DOWN doris-2:f:up doris-3:M:up]
03:43:05 #99 OK SELECT id=3692410 via doris-2 rows=10083 [doris-1:f:up doris-2:f:up doris-3:M:up]
03:43:06 #100 OK SELECT id=3692410 via doris-2 rows=10083 [doris-1:f:up doris-2:f:up doris-3:M:up]
03:43:06 EVENT restore: cluster healthy
03:43:07 #101 OK SELECT id=3692410 via doris-2 rows=10083 [doris-1:f:up doris-2:f:up doris-3:M:up]
03:43:08 #102 OK SELECT id=3692410 via doris-2 rows=10083 [doris-1:f:up doris-2:f:up doris-3:M:up]
03:43:09 #103 OK SELECT id=3692410 via doris-2 rows=10084 [doris-1:f:up doris-2:f:up doris-3:M:up]
03:43:10 #104 OK SELECT id=3692410 via doris-2 rows=10083 [doris-1:f:up doris-2:f:up doris-3:M:up]
03:43:11 #105 OK SELECT id=3692410 via doris-2 rows=10083 [doris-1:f:up doris-2:f:up doris-3:M:up]
03:43:12 #106 OK SELECT id=3692410 via doris-2 rows=10083 [doris-1:f:up doris-2:f:up doris-3:M:up]
03:43:13 #107 OK SELECT id=3692410 via doris-2 rows=10083 [doris-1:f:up doris-2:f:up doris-3:M:up]
03:43:14 #108 OK SELECT id=3692410 via doris-2 rows=10084 [doris-1:f:up doris-2:f:up doris-3:M:up]
03:43:16 #109 OK SELECT id=3692410 via doris-2 rows=10083 [doris-1:f:up doris-2:f:up doris-3:M:up]
03:43:17 #110 OK SELECT id=3692410 via doris-2 rows=10083 [doris-1:f:up doris-2:f:up doris-3:M:up]
03:43:18 #111 OK SELECT id=3692410 via doris-2 rows=10083 [doris-1:f:up doris-2:f:up doris-3:M:up]
03:43:19 #112 OK SELECT id=3692410 via doris-2 rows=10083 [doris-1:f:up doris-2:f:up doris-3:M:up]
03:43:20 #113 OK SELECT id=3692410 via doris-2 rows=10084 [doris-1:f:up doris-2:f:up doris-3:M:up]
03:43:21 #114 OK SELECT id=3692410 via doris-2 rows=10083 [doris-1:f:up doris-2:f:up doris-3:M:up]
03:43:22 #115 OK SELECT id=3692410 via doris-2 rows=10083 [doris-1:f:up doris-2:f:up doris-3:M:up]
03:43:23 #116 OK SELECT id=3692410 via doris-2 rows=10083 [doris-1:f:up doris-2:f:up doris-3:M:up]
03:43:24 #117 OK SELECT id=3692410 via doris-2 rows=10084 [doris-1:f:up doris-2:f:up doris-3:M:up]
03:43:25 #118 OK SELECT id=3692410 via doris-2 rows=10084 [doris-1:f:up doris-2:f:up doris-3:M:up]
03:43:26 #119 OK SELECT id=3692410 via doris-2 rows=10083 [doris-1:f:up doris-2:f:up doris-3:M:up]
03:43:27 #120 OK SELECT id=3692410 via doris-2 rows=10082 [doris-1:f:up doris-2:f:up doris-3:M:up]
03:43:29 #121 OK SELECT id=3692410 via doris-2 rows=10083 [doris-1:f:up doris-2:f:up doris-3:M:up]
03:43:30 #122 OK SELECT id=3692410 via doris-2 rows=10084 [doris-1:f:up doris-2:f:up doris-3:M:up]
03:43:31 #123 OK SELECT id=3692410 via doris-2 rows=10084 [doris-1:f:up doris-2:f:up doris-3:M:up]
03:43:32 #124 OK SELECT id=3692410 via doris-2 rows=10083 [doris-1:f:up doris-2:f:up doris-3:M:up]
03:43:33 #125 OK SELECT id=3692410 via doris-2 rows=10082 [doris-1:f:up doris-2:f:up doris-3:M:up]
03:43:34 #126 OK SELECT id=3692410 via doris-2 rows=10083 [doris-1:f:up doris-2:f:up doris-3:M:up]
03:43:35 #127 OK SELECT id=3692410 via doris-2 rows=10084 [doris-1:f:up doris-2:f:up doris-3:M:up]
