18:32:43 PROBE start proto=mysql hosts=doris-1,doris-2,doris-3 duration=86400s cycle=INSERT>UPSERT>SELECT>DELETE>SELECT
18:32:43 connected to doris-1 (10.140.0.2)
18:32:43 #1 OK INSERT id=1683630 via doris-1 rows=10229 [doris-1:f:up doris-2:M:up doris-3:f:up]
18:32:44 #2 OK UPSERT id=1683630 via doris-1 rows=10230 [doris-1:f:up doris-2:M:up doris-3:f:up]
18:32:45 #3 OK SELECT id=1683630 via doris-1 rows=10230 [doris-1:f:up doris-2:M:up doris-3:f:up]
18:32:46 #4 OK DELETE id=1683630 via doris-1 rows=10229 [doris-1:f:up doris-2:M:up doris-3:f:up]
18:32:47 #5 OK SELECT id=1683630 via doris-1 rows=10228 [doris-1:f:up doris-2:M:up doris-3:f:up]
18:32:48 #6 OK INSERT id=1683631 via doris-1 rows=10229 [doris-1:f:up doris-2:M:up doris-3:f:up]
18:32:49 #7 OK UPSERT id=1683631 via doris-1 rows=10230 [doris-1:f:up doris-2:M:up doris-3:f:up]
18:32:50 #8 OK SELECT id=1683631 via doris-1 rows=10230 [doris-1:f:up doris-2:M:up doris-3:f:up]
18:32:51 #9 OK DELETE id=1683631 via doris-1 rows=10229 [doris-1:f:up doris-2:M:up doris-3:f:up]
18:32:52 #10 OK SELECT id=1683631 via doris-1 rows=10228 [doris-1:f:up doris-2:M:up doris-3:f:up]
18:32:53 #11 OK INSERT id=1683632 via doris-1 rows=10229 [doris-1:f:up doris-2:M:up doris-3:f:up]
18:32:54 #12 OK UPSERT id=1683632 via doris-1 rows=10230 [doris-1:f:up doris-2:M:up doris-3:f:up]
18:32:55 #13 OK SELECT id=1683632 via doris-1 rows=10230 [doris-1:f:up doris-2:M:up doris-3:f:up]
18:32:57 #14 OK DELETE id=1683632 via doris-1 rows=10229 [doris-1:f:up doris-2:M:up doris-3:f:up]
18:32:58 #15 OK SELECT id=1683632 via doris-1 rows=10228 [doris-1:f:up doris-2:M:up doris-3:f:up]
18:32:59 #16 OK INSERT id=1683633 via doris-1 rows=10229 [doris-1:f:up doris-2:M:up doris-3:f:up]
18:33:00 #17 OK UPSERT id=1683633 via doris-1 rows=10230 [doris-1:f:up doris-2:M:up doris-3:f:up]
18:33:01 #18 OK SELECT id=1683633 via doris-1 rows=10230 [doris-1:f:up doris-2:M:up doris-3:f:up]
18:33:02 #19 OK DELETE id=1683633 via doris-1 rows=10229 [doris-1:f:up doris-2:M:up doris-3:f:up]
18:33:03 #20 OK SELECT id=1683633 via doris-1 rows=10228 [doris-1:f:up doris-2:M:up doris-3:f:up]
18:33:04 #21 OK INSERT id=1683634 via doris-1 rows=10229 [doris-1:f:up doris-2:M:up doris-3:f:up]
18:33:05 #22 OK UPSERT id=1683634 via doris-1 rows=10230 [doris-1:f:up doris-2:M:up doris-3:f:up]
18:33:06 #23 OK SELECT id=1683634 via doris-1 rows=10230 [doris-1:f:up doris-2:M:up doris-3:f:up]
18:33:07 #24 OK DELETE id=1683634 via doris-1 rows=10229 [doris-1:f:up doris-2:M:up doris-3:f:up]
18:33:08 #25 OK SELECT id=1683634 via doris-1 rows=10228 [doris-1:f:up doris-2:M:up doris-3:f:up]
18:33:09 #26 OK INSERT id=1683635 via doris-1 rows=10229 [doris-1:f:up doris-2:M:up doris-3:f:up]
18:33:10 #27 OK UPSERT id=1683635 via doris-1 rows=10230 [doris-1:f:up doris-2:M:up doris-3:f:up]
18:33:11 #28 OK SELECT id=1683635 via doris-1 rows=10230 [doris-1:f:up doris-2:M:up doris-3:f:up]
18:33:12 #29 OK DELETE id=1683635 via doris-1 rows=10229 [doris-1:f:up doris-2:M:up doris-3:f:up]
18:33:13 #30 OK SELECT id=1683635 via doris-1 rows=10228 [doris-1:f:up doris-2:M:up doris-3:f:up]
18:33:14 #31 OK INSERT id=1683636 via doris-1 rows=10229 [doris-1:f:up doris-2:M:up doris-3:f:up]
18:33:16 #32 OK UPSERT id=1683636 via doris-1 rows=10230 [doris-1:f:up doris-2:M:up doris-3:f:up]
18:33:17 #33 OK SELECT id=1683636 via doris-1 rows=10230 [doris-1:f:up doris-2:M:up doris-3:f:up]
18:33:17 EVENT break: fe hang on doris-1 (FE follower)
18:33:18 #34 OK DELETE id=1683636 via doris-1 rows=10229 [doris-1:f:up doris-2:M:up doris-3:f:up]
18:33:27 #35 FAIL SELECT id=1683636 via doris-1: OperationalError: (2013, 'Lost connection to MySQL server during query (timed out)')
18:33:36 connected to doris-2 (10.140.0.3)
18:33:36 #36 OK INSERT id=1683637 via doris-2 rows=10229 [doris-1:f:DOWN doris-2:M:up doris-3:f:up] (recovered)
18:33:37 #37 OK UPSERT id=1683637 via doris-2 rows=10230 [doris-1:f:DOWN doris-2:M:up doris-3:f:up]
18:33:38 #38 OK SELECT id=1683637 via doris-2 rows=10230 [doris-1:f:DOWN doris-2:M:up doris-3:f:up]
18:33:39 #39 OK DELETE id=1683637 via doris-2 rows=10229 [doris-1:f:DOWN doris-2:M:up doris-3:f:up]
18:33:40 #40 OK SELECT id=1683637 via doris-2 rows=10228 [doris-1:f:DOWN doris-2:M:up doris-3:f:up]
18:33:41 #41 OK INSERT id=1683638 via doris-2 rows=10229 [doris-1:f:DOWN doris-2:M:up doris-3:f:up]
18:33:42 #42 OK UPSERT id=1683638 via doris-2 rows=10230 [doris-1:f:DOWN doris-2:M:up doris-3:f:up]
18:33:43 #43 OK SELECT id=1683638 via doris-2 rows=10230 [doris-1:f:DOWN doris-2:M:up doris-3:f:up]
18:33:44 #44 OK DELETE id=1683638 via doris-2 rows=10229 [doris-1:f:DOWN doris-2:M:up doris-3:f:up]
18:33:45 #45 OK SELECT id=1683638 via doris-2 rows=10228 [doris-1:f:DOWN doris-2:M:up doris-3:f:up]
18:33:46 #46 OK INSERT id=1683639 via doris-2 rows=10229 [doris-1:f:DOWN doris-2:M:up doris-3:f:up]
18:33:48 #47 OK UPSERT id=1683639 via doris-2 rows=10230 [doris-1:f:DOWN doris-2:M:up doris-3:f:up]
18:33:49 #48 OK SELECT id=1683639 via doris-2 rows=10230 [doris-1:f:DOWN doris-2:M:up doris-3:f:up]
18:33:50 #49 OK DELETE id=1683639 via doris-2 rows=10229 [doris-1:f:DOWN doris-2:M:up doris-3:f:up]
18:33:51 #50 OK SELECT id=1683639 via doris-2 rows=10228 [doris-1:f:DOWN doris-2:M:up doris-3:f:up]
18:33:52 #51 OK INSERT id=1683640 via doris-2 rows=10229 [doris-1:f:DOWN doris-2:M:up doris-3:f:up]
18:33:53 #52 OK UPSERT id=1683640 via doris-2 rows=10230 [doris-1:f:DOWN doris-2:M:up doris-3:f:up]
18:33:54 #53 OK SELECT id=1683640 via doris-2 rows=10230 [doris-1:f:DOWN doris-2:M:up doris-3:f:up]
18:33:55 #54 OK DELETE id=1683640 via doris-2 rows=10229 [doris-1:f:DOWN doris-2:M:up doris-3:f:up]
18:33:56 #55 OK SELECT id=1683640 via doris-2 rows=10229 [doris-1:f:DOWN doris-2:M:up doris-3:f:up]
18:33:57 #56 OK INSERT id=1683641 via doris-2 rows=10230 [doris-1:f:DOWN doris-2:M:up doris-3:f:up]
18:33:58 #57 OK UPSERT id=1683641 via doris-2 rows=10230 [doris-1:f:DOWN doris-2:M:up doris-3:f:up]
18:33:59 #58 OK SELECT id=1683641 via doris-2 rows=10230 [doris-1:f:DOWN doris-2:M:up doris-3:f:up]
18:34:00 #59 OK DELETE id=1683641 via doris-2 rows=10229 [doris-1:f:DOWN doris-2:M:up doris-3:f:up]
18:34:01 #60 OK SELECT id=1683641 via doris-2 rows=10229 [doris-1:f:DOWN doris-2:M:up doris-3:f:up]
18:34:02 #61 OK INSERT id=1683642 via doris-2 rows=10230 [doris-1:f:DOWN doris-2:M:up doris-3:f:up]
18:34:03 #62 OK UPSERT id=1683642 via doris-2 rows=10230 [doris-1:f:DOWN doris-2:M:up doris-3:f:up]
18:34:04 #63 OK SELECT id=1683642 via doris-2 rows=10229 [doris-1:f:DOWN doris-2:M:up doris-3:f:up]
18:34:05 #64 OK DELETE id=1683642 via doris-2 rows=10228 [doris-1:f:DOWN doris-2:M:up doris-3:f:up]
18:34:06 #65 OK SELECT id=1683642 via doris-2 rows=10229 [doris-1:f:DOWN doris-2:M:up doris-3:f:up]
18:34:08 #66 OK INSERT id=1683643 via doris-2 rows=10230 [doris-1:f:DOWN doris-2:M:up doris-3:f:up]
18:34:09 #67 OK UPSERT id=1683643 via doris-2 rows=10230 [doris-1:f:DOWN doris-2:M:up doris-3:f:up]
18:34:10 #68 OK SELECT id=1683643 via doris-2 rows=10229 [doris-1:f:DOWN doris-2:M:up doris-3:f:up]
18:34:11 #69 OK DELETE id=1683643 via doris-2 rows=10228 [doris-1:f:DOWN doris-2:M:up doris-3:f:up]
18:34:12 #70 OK SELECT id=1683643 via doris-2 rows=10229 [doris-1:f:DOWN doris-2:M:up doris-3:f:up]
18:34:13 #71 OK INSERT id=1683644 via doris-2 rows=10230 [doris-1:f:DOWN doris-2:M:up doris-3:f:up]
18:34:14 #72 OK UPSERT id=1683644 via doris-2 rows=10230 [doris-1:f:DOWN doris-2:M:up doris-3:f:up]
18:34:15 #73 OK SELECT id=1683644 via doris-2 rows=10229 [doris-1:f:DOWN doris-2:M:up doris-3:f:up]
18:34:16 #74 OK DELETE id=1683644 via doris-2 rows=10228 [doris-1:f:DOWN doris-2:M:up doris-3:f:up]
18:34:17 #75 OK SELECT id=1683644 via doris-2 rows=10229 [doris-1:f:DOWN doris-2:M:up doris-3:f:up]
18:34:18 #76 OK INSERT id=1683645 via doris-2 rows=10230 [doris-1:f:DOWN doris-2:M:up doris-3:f:up]
18:34:19 #77 OK UPSERT id=1683645 via doris-2 rows=10230 [doris-1:f:DOWN doris-2:M:up doris-3:f:up]
18:34:20 #78 OK SELECT id=1683645 via doris-2 rows=10230 [doris-1:f:DOWN doris-2:M:up doris-3:f:up]
18:34:21 #79 OK DELETE id=1683645 via doris-2 rows=10229 [doris-1:f:DOWN doris-2:M:up doris-3:f:up]
18:34:22 #80 OK SELECT id=1683645 via doris-2 rows=10229 [doris-1:f:DOWN doris-2:M:up doris-3:f:up]
18:34:23 #81 OK INSERT id=1683646 via doris-2 rows=10230 [doris-1:f:DOWN doris-2:M:up doris-3:f:up]
18:34:24 #82 OK UPSERT id=1683646 via doris-2 rows=10230 [doris-1:f:DOWN doris-2:M:up doris-3:f:up]
18:34:25 #83 OK SELECT id=1683646 via doris-2 rows=10230 [doris-1:f:DOWN doris-2:M:up doris-3:f:up]
18:34:27 #84 OK DELETE id=1683646 via doris-2 rows=10229 [doris-1:f:DOWN doris-2:M:up doris-3:f:up]
18:34:28 #85 OK SELECT id=1683646 via doris-2 rows=10229 [doris-1:f:DOWN doris-2:M:up doris-3:f:up]
18:34:29 #86 OK INSERT id=1683647 via doris-2 rows=10229 [doris-1:f:DOWN doris-2:M:up doris-3:f:up]
18:34:30 #87 OK UPSERT id=1683647 via doris-2 rows=10229 [doris-1:f:DOWN doris-2:M:up doris-3:f:up]
18:34:31 #88 OK SELECT id=1683647 via doris-2 rows=10230 [doris-1:f:DOWN doris-2:M:up doris-3:f:up]
18:34:32 #89 OK DELETE id=1683647 via doris-2 rows=10229 [doris-1:f:DOWN doris-2:M:up doris-3:f:up]
18:34:33 #90 OK SELECT id=1683647 via doris-2 rows=10229 [doris-1:f:DOWN doris-2:M:up doris-3:f:up]
18:34:34 #91 OK INSERT id=1683648 via doris-2 rows=10229 [doris-1:f:DOWN doris-2:M:up doris-3:f:up]
18:34:35 #92 OK UPSERT id=1683648 via doris-2 rows=10229 [doris-1:f:DOWN doris-2:M:up doris-3:f:up]
18:34:36 #93 OK SELECT id=1683648 via doris-2 rows=10230 [doris-1:f:DOWN doris-2:M:up doris-3:f:up]
18:34:37 #94 OK DELETE id=1683648 via doris-2 rows=10229 [doris-1:f:DOWN doris-2:M:up doris-3:f:up]
18:34:38 #95 OK SELECT id=1683648 via doris-2 rows=10229 [doris-1:f:DOWN doris-2:M:up doris-3:f:up]
18:34:39 #96 OK INSERT id=1683649 via doris-2 rows=10229 [doris-1:f:DOWN doris-2:M:up doris-3:f:up]
18:34:40 #97 OK UPSERT id=1683649 via doris-2 rows=10229 [doris-1:f:DOWN doris-2:M:up doris-3:f:up]
18:34:41 #98 OK SELECT id=1683649 via doris-2 rows=10230 [doris-1:f:DOWN doris-2:M:up doris-3:f:up]
18:34:42 #99 OK DELETE id=1683649 via doris-2 rows=10229 [doris-1:f:DOWN doris-2:M:up doris-3:f:up]
18:34:44 #100 OK SELECT id=1683649 via doris-2 rows=10229 [doris-1:f:DOWN doris-2:M:up doris-3:f:up]
18:34:45 #101 OK INSERT id=1683650 via doris-2 rows=10229 [doris-1:f:DOWN doris-2:M:up doris-3:f:up]
18:34:46 #102 OK UPSERT id=1683650 via doris-2 rows=10229 [doris-1:f:DOWN doris-2:M:up doris-3:f:up]
18:34:47 #103 OK SELECT id=1683650 via doris-2 rows=10229 [doris-1:f:DOWN doris-2:M:up doris-3:f:up]
18:34:48 #104 OK DELETE id=1683650 via doris-2 rows=10228 [doris-1:f:DOWN doris-2:M:up doris-3:f:up]
18:34:49 #105 OK SELECT id=1683650 via doris-2 rows=10228 [doris-1:f:DOWN doris-2:M:up doris-3:f:up]
18:34:50 #106 OK INSERT id=1683651 via doris-2 rows=10229 [doris-1:f:DOWN doris-2:M:up doris-3:f:up]
18:34:51 #107 OK UPSERT id=1683651 via doris-2 rows=10229 [doris-1:f:DOWN doris-2:M:up doris-3:f:up]
18:34:52 #108 OK SELECT id=1683651 via doris-2 rows=10229 [doris-1:f:DOWN doris-2:M:up doris-3:f:up]
18:34:53 #109 OK DELETE id=1683651 via doris-2 rows=10228 [doris-1:f:DOWN doris-2:M:up doris-3:f:up]
18:34:54 #110 OK SELECT id=1683651 via doris-2 rows=10229 [doris-1:f:DOWN doris-2:M:up doris-3:f:up]
18:34:55 #111 OK INSERT id=1683652 via doris-2 rows=10230 [doris-1:f:DOWN doris-2:M:up doris-3:f:up]
18:34:56 #112 OK UPSERT id=1683652 via doris-2 rows=10230 [doris-1:f:DOWN doris-2:M:up doris-3:f:up]
18:34:57 #113 OK SELECT id=1683652 via doris-2 rows=10229 [doris-1:f:DOWN doris-2:M:up doris-3:f:up]
18:34:58 #114 OK DELETE id=1683652 via doris-2 rows=10228 [doris-1:f:DOWN doris-2:M:up doris-3:f:up]
18:34:59 #115 OK SELECT id=1683652 via doris-2 rows=10229 [doris-1:f:DOWN doris-2:M:up doris-3:f:up]
18:35:00 #116 OK INSERT id=1683653 via doris-2 rows=10230 [doris-1:f:DOWN doris-2:M:up doris-3:f:up]
18:35:01 #117 OK UPSERT id=1683653 via doris-2 rows=10230 [doris-1:f:DOWN doris-2:M:up doris-3:f:up]
18:35:03 #118 OK SELECT id=1683653 via doris-2 rows=10229 [doris-1:f:DOWN doris-2:M:up doris-3:f:up]
18:35:04 #119 OK DELETE id=1683653 via doris-2 rows=10228 [doris-1:f:DOWN doris-2:M:up doris-3:f:up]
18:35:04 EVENT restore: resume fe on doris-1
18:35:05 #120 OK SELECT id=1683653 via doris-2 rows=10229 [doris-1:f:DOWN doris-2:M:up doris-3:f:up]
18:35:06 #121 OK INSERT id=1683654 via doris-2 rows=10230 [doris-1:f:DOWN doris-2:M:up doris-3:f:up]
18:35:07 #122 OK UPSERT id=1683654 via doris-2 rows=10230 [doris-1:f:DOWN doris-2:M:up doris-3:f:up]
18:35:08 #123 OK SELECT id=1683654 via doris-2 rows=10229 [doris-1:f:DOWN doris-2:M:up doris-3:f:up]
18:35:09 #124 OK DELETE id=1683654 via doris-2 rows=10228 [doris-1:f:up doris-2:M:up doris-3:f:up]
18:35:10 #125 OK SELECT id=1683654 via doris-2 rows=10229 [doris-1:f:up doris-2:M:up doris-3:f:up]
18:35:11 #126 OK INSERT id=1683655 via doris-2 rows=10230 [doris-1:f:up doris-2:M:up doris-3:f:up]
18:35:12 EVENT restore: cluster healthy
18:35:12 #127 OK UPSERT id=1683655 via doris-2 rows=10230 [doris-1:f:up doris-2:M:up doris-3:f:up]
18:35:13 #128 OK SELECT id=1683655 via doris-2 rows=10229 [doris-1:f:up doris-2:M:up doris-3:f:up]
18:35:14 #129 OK DELETE id=1683655 via doris-2 rows=10228 [doris-1:f:up doris-2:M:up doris-3:f:up]
18:35:15 #130 OK SELECT id=1683655 via doris-2 rows=10229 [doris-1:f:up doris-2:M:up doris-3:f:up]
18:35:16 #131 OK INSERT id=1683656 via doris-2 rows=10230 [doris-1:f:up doris-2:M:up doris-3:f:up]
18:35:17 #132 OK UPSERT id=1683656 via doris-2 rows=10230 [doris-1:f:up doris-2:M:up doris-3:f:up]
18:35:18 #133 OK SELECT id=1683656 via doris-2 rows=10229 [doris-1:f:up doris-2:M:up doris-3:f:up]
18:35:19 #134 OK DELETE id=1683656 via doris-2 rows=10228 [doris-1:f:up doris-2:M:up doris-3:f:up]
18:35:20 #135 OK SELECT id=1683656 via doris-2 rows=10229 [doris-1:f:up doris-2:M:up doris-3:f:up]
18:35:21 #136 OK INSERT id=1683657 via doris-2 rows=10230 [doris-1:f:up doris-2:M:up doris-3:f:up]
18:35:23 #137 OK UPSERT id=1683657 via doris-2 rows=10230 [doris-1:f:up doris-2:M:up doris-3:f:up]
18:35:24 #138 OK SELECT id=1683657 via doris-2 rows=10229 [doris-1:f:up doris-2:M:up doris-3:f:up]
18:35:25 #139 OK DELETE id=1683657 via doris-2 rows=10228 [doris-1:f:up doris-2:M:up doris-3:f:up]
18:35:26 #140 OK SELECT id=1683657 via doris-2 rows=10229 [doris-1:f:up doris-2:M:up doris-3:f:up]
18:35:27 #141 OK INSERT id=1683658 via doris-2 rows=10230 [doris-1:f:up doris-2:M:up doris-3:f:up]
18:35:28 #142 OK UPSERT id=1683658 via doris-2 rows=10230 [doris-1:f:up doris-2:M:up doris-3:f:up]
18:35:29 #143 OK SELECT id=1683658 via doris-2 rows=10229 [doris-1:f:up doris-2:M:up doris-3:f:up]
18:35:30 #144 OK DELETE id=1683658 via doris-2 rows=10228 [doris-1:f:up doris-2:M:up doris-3:f:up]
18:35:31 #145 OK SELECT id=1683658 via doris-2 rows=10229 [doris-1:f:up doris-2:M:up doris-3:f:up]
18:35:32 #146 OK INSERT id=1683659 via doris-2 rows=10230 [doris-1:f:up doris-2:M:up doris-3:f:up]
18:35:33 #147 OK UPSERT id=1683659 via doris-2 rows=10230 [doris-1:f:up doris-2:M:up doris-3:f:up]
18:35:34 #148 OK SELECT id=1683659 via doris-2 rows=10229 [doris-1:f:up doris-2:M:up doris-3:f:up]
18:35:35 #149 OK DELETE id=1683659 via doris-2 rows=10228 [doris-1:f:up doris-2:M:up doris-3:f:up]
18:35:36 #150 OK SELECT id=1683659 via doris-2 rows=10229 [doris-1:f:up doris-2:M:up doris-3:f:up]
18:35:37 #151 OK INSERT id=1683660 via doris-2 rows=10230 [doris-1:f:up doris-2:M:up doris-3:f:up]
18:35:38 #152 OK UPSERT id=1683660 via doris-2 rows=10230 [doris-1:f:up doris-2:M:up doris-3:f:up]
