18:55:46 PROBE start proto=arrow-flight hosts=doris-1,doris-2,doris-3 duration=86400s cycle=INSERT>UPSERT>SELECT>DELETE>SELECT
18:55:46 connected to doris-1 (10.140.0.2)
18:55:46 DML unsupported over arrow-flight (InternalError: RuntimeException, msg: getMysqlChannel not in mysql connection (Internal; ExecuteQuery)) — switching to SELECT-only mode
18:55:46 #1 OK SELECT id=3697460 via doris-1 rows=10242 [doris-1:f:up doris-2:M:up doris-3:f:up]
18:55:47 #2 OK SELECT id=3697460 via doris-1 rows=10243 [doris-1:f:up doris-2:M:up doris-3:f:up]
18:55:48 #3 OK SELECT id=3697460 via doris-1 rows=10243 [doris-1:f:up doris-2:M:up doris-3:f:up]
18:55:50 #4 OK SELECT id=3697460 via doris-1 rows=10242 [doris-1:f:up doris-2:M:up doris-3:f:up]
18:55:51 #5 OK SELECT id=3697460 via doris-1 rows=10241 [doris-1:f:up doris-2:M:up doris-3:f:up]
18:55:52 #6 OK SELECT id=3697460 via doris-1 rows=10242 [doris-1:f:up doris-2:M:up doris-3:f:up]
18:55:53 #7 OK SELECT id=3697460 via doris-1 rows=10243 [doris-1:f:up doris-2:M:up doris-3:f:up]
18:55:54 #8 OK SELECT id=3697460 via doris-1 rows=10243 [doris-1:f:up doris-2:M:up doris-3:f:up]
18:55:55 #9 OK SELECT id=3697460 via doris-1 rows=10242 [doris-1:f:up doris-2:M:up doris-3:f:up]
18:55:56 #10 OK SELECT id=3697460 via doris-1 rows=10241 [doris-1:f:up doris-2:M:up doris-3:f:up]
18:55:57 #11 OK SELECT id=3697460 via doris-1 rows=10242 [doris-1:f:up doris-2:M:up doris-3:f:up]
18:55:58 #12 OK SELECT id=3697460 via doris-1 rows=10243 [doris-1:f:up doris-2:M:up doris-3:f:up]
18:55:59 #13 OK SELECT id=3697460 via doris-1 rows=10243 [doris-1:f:up doris-2:M:up doris-3:f:up]
18:56:00 #14 OK SELECT id=3697460 via doris-1 rows=10242 [doris-1:f:up doris-2:M:up doris-3:f:up]
18:56:01 #15 OK SELECT id=3697460 via doris-1 rows=10241 [doris-1:f:up doris-2:M:up doris-3:f:up]
18:56:02 #16 OK SELECT id=3697460 via doris-1 rows=10242 [doris-1:f:up doris-2:M:up doris-3:f:up]
18:56:03 #17 OK SELECT id=3697460 via doris-1 rows=10243 [doris-1:f:up doris-2:M:up doris-3:f:up]
18:56:04 #18 OK SELECT id=3697460 via doris-1 rows=10243 [doris-1:f:up doris-2:M:up doris-3:f:up]
18:56:05 #19 OK SELECT id=3697460 via doris-1 rows=10242 [doris-1:f:up doris-2:M:up doris-3:f:up]
18:56:07 #20 OK SELECT id=3697460 via doris-1 rows=10241 [doris-1:f:up doris-2:M:up doris-3:f:up]
18:56:08 #21 OK SELECT id=3697460 via doris-1 rows=10242 [doris-1:f:up doris-2:M:up doris-3:f:up]
18:56:09 #22 OK SELECT id=3697460 via doris-1 rows=10243 [doris-1:f:up doris-2:M:up doris-3:f:up]
18:56:10 #23 OK SELECT id=3697460 via doris-1 rows=10243 [doris-1:f:up doris-2:M:up doris-3:f:up]
18:56:11 #24 OK SELECT id=3697460 via doris-1 rows=10242 [doris-1:f:up doris-2:M:up doris-3:f:up]
18:56:12 #25 OK SELECT id=3697460 via doris-1 rows=10241 [doris-1:f:up doris-2:M:up doris-3:f:up]
18:56:13 #26 OK SELECT id=3697460 via doris-1 rows=10242 [doris-1:f:up doris-2:M:up doris-3:f:up]
18:56:14 #27 OK SELECT id=3697460 via doris-1 rows=10243 [doris-1:f:up doris-2:M:up doris-3:f:up]
18:56:15 #28 OK SELECT id=3697460 via doris-1 rows=10243 [doris-1:f:up doris-2:M:up doris-3:f:up]
18:56:16 #29 OK SELECT id=3697460 via doris-1 rows=10243 [doris-1:f:up doris-2:M:up doris-3:f:up]
18:56:17 #30 OK SELECT id=3697460 via doris-1 rows=10241 [doris-1:f:up doris-2:M:up doris-3:f:up]
18:56:18 #31 OK SELECT id=3697460 via doris-1 rows=10241 [doris-1:f:up doris-2:M:up doris-3:f:up]
18:56:19 #32 OK SELECT id=3697460 via doris-1 rows=10243 [doris-1:f:up doris-2:M:up doris-3:f:up]
18:56:20 EVENT break: vm stop on doris-2 (FE master)
18:56:20 #33 OK SELECT id=3697460 via doris-1 rows=10243 [doris-1:f:up doris-2:M:up doris-3:f:up]
18:56:21 #34 OK SELECT id=3697460 via doris-1 rows=10243 [doris-1:f:up doris-2:M:up doris-3:f:up]
18:56:22 #35 OK SELECT id=3697460 via doris-1 rows=10241 [doris-1:f:up doris-2:M:up doris-3:f:up]
18:56:24 #36 FAIL SELECT id=3697460 via doris-1: InternalError: INTERNAL: [FlightSQL] get flight info statement failed, after executeQueryStatement handleQuery, java.lang.Run
18:56:25 connected to doris-1 (10.140.0.2)
18:56:25 #37 OK SELECT id=3697460 via doris-1 rows=10241 [doris-1:f:up doris-2:f:DOWN doris-3:M:up] (recovered)
18:56:26 #38 OK SELECT id=3697460 via doris-1 rows=10241 [doris-1:f:up doris-2:f:DOWN doris-3:M:up]
18:56:27 #39 OK SELECT id=3697460 via doris-1 rows=10243 [doris-1:f:up doris-2:f:DOWN doris-3:M:up]
18:56:28 #40 OK SELECT id=3697460 via doris-1 rows=10243 [doris-1:f:up doris-2:f:DOWN doris-3:M:up]
18:56:29 #41 OK SELECT id=3697460 via doris-1 rows=10243 [doris-1:f:up doris-2:f:DOWN doris-3:M:up]
18:56:30 #42 OK SELECT id=3697460 via doris-1 rows=10242 [doris-1:f:up doris-2:f:DOWN doris-3:M:up]
18:56:31 #43 OK SELECT id=3697460 via doris-1 rows=10241 [doris-1:f:up doris-2:f:DOWN doris-3:M:up]
18:56:32 #44 OK SELECT id=3697460 via doris-1 rows=10242 [doris-1:f:up doris-2:f:DOWN doris-3:M:up]
18:56:33 #45 OK SELECT id=3697460 via doris-1 rows=10243 [doris-1:f:up doris-2:f:DOWN doris-3:M:up]
18:56:34 #46 OK SELECT id=3697460 via doris-1 rows=10243 [doris-1:f:up doris-2:f:DOWN doris-3:M:up]
18:56:35 #47 OK SELECT id=3697460 via doris-1 rows=10242 [doris-1:f:up doris-2:f:DOWN doris-3:M:up]
18:56:36 #48 OK SELECT id=3697460 via doris-1 rows=10241 [doris-1:f:up doris-2:f:DOWN doris-3:M:up]
18:56:37 #49 OK SELECT id=3697460 via doris-1 rows=10242 [doris-1:f:up doris-2:f:DOWN doris-3:M:up]
18:56:39 #50 OK SELECT id=3697460 via doris-1 rows=10243 [doris-1:f:up doris-2:f:DOWN doris-3:M:up]
18:56:40 #51 OK SELECT id=3697460 via doris-1 rows=10243 [doris-1:f:up doris-2:f:DOWN doris-3:M:up]
18:56:41 #52 OK SELECT id=3697460 via doris-1 rows=10242 [doris-1:f:up doris-2:f:DOWN doris-3:M:up]
18:56:42 #53 OK SELECT id=3697460 via doris-1 rows=10241 [doris-1:f:up doris-2:f:DOWN doris-3:M:up]
18:56:43 #54 OK SELECT id=3697460 via doris-1 rows=10242 [doris-1:f:up doris-2:f:DOWN doris-3:M:up]
18:56:44 #55 OK SELECT id=3697460 via doris-1 rows=10243 [doris-1:f:up doris-2:f:DOWN doris-3:M:up]
18:56:45 #56 OK SELECT id=3697460 via doris-1 rows=10243 [doris-1:f:up doris-2:f:DOWN doris-3:M:up]
18:56:46 #57 OK SELECT id=3697460 via doris-1 rows=10242 [doris-1:f:up doris-2:f:DOWN doris-3:M:up]
18:56:47 #58 OK SELECT id=3697460 via doris-1 rows=10241 [doris-1:f:up doris-2:f:DOWN doris-3:M:up]
18:56:48 #59 OK SELECT id=3697460 via doris-1 rows=10242 [doris-1:f:up doris-2:f:DOWN doris-3:M:up]
18:56:49 EVENT break: doris-2 is down
18:56:49 #60 OK SELECT id=3697460 via doris-1 rows=10243 [doris-1:f:up doris-2:f:DOWN doris-3:M:up]
18:56:50 #61 OK SELECT id=3697460 via doris-1 rows=10243 [doris-1:f:up doris-2:f:DOWN doris-3:M:up]
18:56:51 #62 OK SELECT id=3697460 via doris-1 rows=10242 [doris-1:f:up doris-2:f:DOWN doris-3:M:up]
18:56:52 #63 OK SELECT id=3697460 via doris-1 rows=10241 [doris-1:f:up doris-2:f:DOWN doris-3:M:up]
18:56:53 #64 OK SELECT id=3697460 via doris-1 rows=10242 [doris-1:f:up doris-2:f:DOWN doris-3:M:up]
18:56:54 #65 OK SELECT id=3697460 via doris-1 rows=10243 [doris-1:f:up doris-2:f:DOWN doris-3:M:up]
18:56:55 #66 OK SELECT id=3697460 via doris-1 rows=10243 [doris-1:f:up doris-2:f:DOWN doris-3:M:up]
18:56:56 #67 OK SELECT id=3697460 via doris-1 rows=10243 [doris-1:f:up doris-2:f:DOWN doris-3:M:up]
18:56:58 #68 OK SELECT id=3697460 via doris-1 rows=10241 [doris-1:f:up doris-2:f:DOWN doris-3:M:up]
18:56:59 #69 OK SELECT id=3697460 via doris-1 rows=10241 [doris-1:f:up doris-2:f:DOWN doris-3:M:up]
18:57:00 #70 OK SELECT id=3697460 via doris-1 rows=10243 [doris-1:f:up doris-2:f:DOWN doris-3:M:up]
18:57:01 #71 OK SELECT id=3697460 via doris-1 rows=10243 [doris-1:f:up doris-2:f:DOWN doris-3:M:up]
18:57:02 #72 OK SELECT id=3697460 via doris-1 rows=10243 [doris-1:f:up doris-2:f:DOWN doris-3:M:up]
18:57:03 #73 OK SELECT id=3697460 via doris-1 rows=10241 [doris-1:f:up doris-2:f:DOWN doris-3:M:up]
18:57:04 #74 OK SELECT id=3697460 via doris-1 rows=10241 [doris-1:f:up doris-2:f:DOWN doris-3:M:up]
18:57:05 #75 OK SELECT id=3697460 via doris-1 rows=10243 [doris-1:f:up doris-2:f:DOWN doris-3:M:up]
18:57:06 #76 OK SELECT id=3697460 via doris-1 rows=10243 [doris-1:f:up doris-2:f:DOWN doris-3:M:up]
18:57:07 #77 OK SELECT id=3697460 via doris-1 rows=10243 [doris-1:f:up doris-2:f:DOWN doris-3:M:up]
18:57:08 #78 OK SELECT id=3697460 via doris-1 rows=10241 [doris-1:f:up doris-2:f:DOWN doris-3:M:up]
18:57:09 #79 OK SELECT id=3697460 via doris-1 rows=10241 [doris-1:f:up doris-2:f:DOWN doris-3:M:up]
18:57:10 #80 OK SELECT id=3697460 via doris-1 rows=10243 [doris-1:f:up doris-2:f:DOWN doris-3:M:up]
18:57:11 #81 OK SELECT id=3697460 via doris-1 rows=10243 [doris-1:f:up doris-2:f:DOWN doris-3:M:up]
18:57:12 #82 OK SELECT id=3697460 via doris-1 rows=10243 [doris-1:f:up doris-2:f:DOWN doris-3:M:up]
18:57:13 #83 OK SELECT id=3697460 via doris-1 rows=10241 [doris-1:f:up doris-2:f:DOWN doris-3:M:up]
18:57:14 #84 OK SELECT id=3697460 via doris-1 rows=10241 [doris-1:f:up doris-2:f:DOWN doris-3:M:up]
18:57:15 #85 OK SELECT id=3697460 via doris-1 rows=10243 [doris-1:f:up doris-2:f:DOWN doris-3:M:up]
18:57:17 #86 OK SELECT id=3697460 via doris-1 rows=10243 [doris-1:f:up doris-2:f:DOWN doris-3:M:up]
18:57:18 #87 OK SELECT id=3697460 via doris-1 rows=10243 [doris-1:f:up doris-2:f:DOWN doris-3:M:up]
18:57:19 #88 OK SELECT id=3697460 via doris-1 rows=10241 [doris-1:f:up doris-2:f:DOWN doris-3:M:up]
18:57:20 #89 OK SELECT id=3697460 via doris-1 rows=10241 [doris-1:f:up doris-2:f:DOWN doris-3:M:up]
18:57:21 #90 OK SELECT id=3697460 via doris-1 rows=10243 [doris-1:f:up doris-2:f:DOWN doris-3:M:up]
18:57:21 EVENT break: vm stop on doris-1 (FE follower)
18:57:22 #91 OK SELECT id=3697460 via doris-1 rows=10243 [doris-1:f:up doris-2:f:DOWN doris-3:M:up]
18:57:23 #92 OK SELECT id=3697460 via doris-1 rows=10243 [doris-1:f:up doris-2:f:DOWN doris-3:M:up]
18:57:24 #93 OK SELECT id=3697460 via doris-1 rows=10241 [doris-1:f:up doris-2:f:DOWN doris-3:M:up]
18:57:25 #94 FAIL SELECT id=3697460 via doris-1: OperationalError: IO: [FlightSQL] connection error: desc = "transport: Error while dialing: dial tcp 10.140.0.2:8070: connect: c
18:57:46 EVENT break: doris-1 is down
18:57:54 connected to doris-3 (10.140.0.4)
18:58:02 #95 FAIL SELECT id=3697460 via doris-3: OperationalError: TIMEOUT: [FlightSQL] context deadline exceeded (DeadlineExceeded; ExecuteQuery). Vendor code: 4
18:58:43 connected to doris-3 (10.140.0.4)
18:58:52 #96 FAIL SELECT id=3697460 via doris-3: OperationalError: TIMEOUT: [FlightSQL] context deadline exceeded (DeadlineExceeded; ExecuteQuery). Vendor code: 4
18:59:33 connected to doris-3 (10.140.0.4)
18:59:35 EVENT restore: start doris-1
18:59:41 #97 FAIL SELECT id=3697460 via doris-3: OperationalError: TIMEOUT: [FlightSQL] context deadline exceeded (DeadlineExceeded; ExecuteQuery). Vendor code: 4
18:59:47 EVENT restore: start doris-2
19:00:12 connected to doris-3 (10.140.0.4)
19:00:13 #98 OK SELECT id=3697460 via doris-3 rows=10241 [doris-1:f:DOWN doris-2:f:DOWN doris-3:M:up] (recovered)
19:00:14 #99 FAIL SELECT id=3697460 via doris-3: InternalError: INTERNAL: [FlightSQL] get flight info statement failed, after executeQueryStatement handleQuery, java.lang.Run
19:00:15 connected to doris-3 (10.140.0.4)
19:00:15 #100 FAIL SELECT id=3697460 via doris-3: InternalError: INTERNAL: [FlightSQL] get flight info statement failed, after executeQueryStatement handleQuery, java.lang.Run
19:00:16 connected to doris-3 (10.140.0.4)
19:00:16 #101 FAIL SELECT id=3697460 via doris-3: InternalError: INTERNAL: [FlightSQL] get flight info statement failed, after executeQueryStatement handleQuery, java.lang.Run
19:00:17 connected to doris-3 (10.140.0.4)
19:00:17 #102 FAIL SELECT id=3697460 via doris-3: InternalError: INTERNAL: [FlightSQL] get flight info statement failed, after executeQueryStatement handleQuery, java.lang.Run
19:00:18 connected to doris-3 (10.140.0.4)
19:00:18 #103 FAIL SELECT id=3697460 via doris-3: InternalError: INTERNAL: [FlightSQL] get flight info statement failed, after executeQueryStatement handleQuery, java.lang.Run
19:00:19 connected to doris-3 (10.140.0.4)
19:00:19 #104 FAIL SELECT id=3697460 via doris-3: InternalError: INTERNAL: [FlightSQL] get flight info statement failed, after executeQueryStatement handleQuery, java.lang.Run
19:00:21 connected to doris-1 (10.140.0.2)
19:00:23 #105 OK SELECT id=3697460 via doris-1 rows=10241 [doris-1:f:up doris-2:f:DOWN doris-3:M:up] (recovered)
19:00:24 #106 OK SELECT id=3697460 via doris-1 rows=10243 [doris-1:f:up doris-2:f:DOWN doris-3:M:up]
19:00:26 #107 OK SELECT id=3697460 via doris-1 rows=10243 [doris-1:f:up doris-2:f:DOWN doris-3:M:up]
19:00:27 #108 OK SELECT id=3697460 via doris-1 rows=10243 [doris-1:f:up doris-2:f:DOWN doris-3:M:up]
19:00:28 #109 OK SELECT id=3697460 via doris-1 rows=10241 [doris-1:f:up doris-2:f:DOWN doris-3:M:up]
19:00:29 #110 OK SELECT id=3697460 via doris-1 rows=10241 [doris-1:f:up doris-2:f:DOWN doris-3:M:up]
19:00:30 #111 OK SELECT id=3697460 via doris-1 rows=10243 [doris-1:f:up doris-2:f:DOWN doris-3:M:up]
19:00:31 #112 OK SELECT id=3697460 via doris-1 rows=10243 [doris-1:f:up doris-2:f:DOWN doris-3:M:up]
19:00:32 #113 OK SELECT id=3697460 via doris-1 rows=10243 [doris-1:f:up doris-2:f:DOWN doris-3:M:up]
19:00:34 #114 OK SELECT id=3697460 via doris-1 rows=10241 [doris-1:f:up doris-2:f:up doris-3:M:up]
19:00:35 #115 OK SELECT id=3697460 via doris-1 rows=10241 [doris-1:f:up doris-2:f:up doris-3:M:up]
19:00:36 #116 OK SELECT id=3697460 via doris-1 rows=10243 [doris-1:f:up doris-2:f:up doris-3:M:up]
19:00:37 #117 OK SELECT id=3697460 via doris-1 rows=10243 [doris-1:f:up doris-2:f:up doris-3:M:up]
19:00:38 #118 OK SELECT id=3697460 via doris-1 rows=10243 [doris-1:f:up doris-2:f:up doris-3:M:up]
19:00:39 #119 OK SELECT id=3697460 via doris-1 rows=10241 [doris-1:f:up doris-2:f:up doris-3:M:up]
19:00:40 EVENT restore: cluster healthy
19:00:40 #120 OK SELECT id=3697460 via doris-1 rows=10241 [doris-1:f:up doris-2:f:up doris-3:M:up]
19:00:41 #121 OK SELECT id=3697460 via doris-1 rows=10243 [doris-1:f:up doris-2:f:up doris-3:M:up]
19:00:42 #122 OK SELECT id=3697460 via doris-1 rows=10243 [doris-1:f:up doris-2:f:up doris-3:M:up]
19:00:44 #123 OK SELECT id=3697460 via doris-1 rows=10243 [doris-1:f:up doris-2:f:up doris-3:M:up]
19:00:45 #124 OK SELECT id=3697460 via doris-1 rows=10241 [doris-1:f:up doris-2:f:up doris-3:M:up]
19:00:46 #125 OK SELECT id=3697460 via doris-1 rows=10241 [doris-1:f:up doris-2:f:up doris-3:M:up]
19:00:47 #126 OK SELECT id=3697460 via doris-1 rows=10243 [doris-1:f:up doris-2:f:up doris-3:M:up]
19:00:48 #127 OK SELECT id=3697460 via doris-1 rows=10243 [doris-1:f:up doris-2:f:up doris-3:M:up]
19:00:49 #128 OK SELECT id=3697460 via doris-1 rows=10243 [doris-1:f:up doris-2:f:up doris-3:M:up]
19:00:50 #129 OK SELECT id=3697460 via doris-1 rows=10241 [doris-1:f:up doris-2:f:up doris-3:M:up]
19:00:51 #130 OK SELECT id=3697460 via doris-1 rows=10241 [doris-1:f:up doris-2:f:up doris-3:M:up]
19:00:52 #131 OK SELECT id=3697460 via doris-1 rows=10243 [doris-1:f:up doris-2:f:up doris-3:M:up]
19:00:53 #132 OK SELECT id=3697460 via doris-1 rows=10243 [doris-1:f:up doris-2:f:up doris-3:M:up]
19:00:55 #133 OK SELECT id=3697460 via doris-1 rows=10243 [doris-1:f:up doris-2:f:up doris-3:M:up]
19:00:56 #134 OK SELECT id=3697460 via doris-1 rows=10241 [doris-1:f:up doris-2:f:up doris-3:M:up]
19:00:57 #135 OK SELECT id=3697460 via doris-1 rows=10241 [doris-1:f:up doris-2:f:up doris-3:M:up]
19:00:58 #136 OK SELECT id=3697460 via doris-1 rows=10243 [doris-1:f:up doris-2:f:up doris-3:M:up]
19:00:59 #137 OK SELECT id=3697460 via doris-1 rows=10243 [doris-1:f:up doris-2:f:up doris-3:M:up]
19:01:00 #138 OK SELECT id=3697460 via doris-1 rows=10243 [doris-1:f:up doris-2:f:up doris-3:M:up]
19:01:01 #139 OK SELECT id=3697460 via doris-1 rows=10241 [doris-1:f:up doris-2:f:up doris-3:M:up]
19:01:02 #140 OK SELECT id=3697460 via doris-1 rows=10241 [doris-1:f:up doris-2:f:up doris-3:M:up]
19:01:03 #141 OK SELECT id=3697460 via doris-1 rows=10243 [doris-1:f:up doris-2:f:up doris-3:M:up]
19:01:04 #142 OK SELECT id=3697460 via doris-1 rows=10243 [doris-1:f:up doris-2:f:up doris-3:M:up]
19:01:05 #143 OK SELECT id=3697460 via doris-1 rows=10243 [doris-1:f:up doris-2:f:up doris-3:M:up]
19:01:06 #144 OK SELECT id=3697460 via doris-1 rows=10241 [doris-1:f:up doris-2:f:up doris-3:M:up]
19:01:08 #145 OK SELECT id=3697460 via doris-1 rows=10241 [doris-1:f:up doris-2:f:up doris-3:M:up]
19:01:09 #146 OK SELECT id=3697460 via doris-1 rows=10243 [doris-1:f:up doris-2:f:up doris-3:M:up]
19:01:10 #147 OK SELECT id=3697460 via doris-1 rows=10243 [doris-1:f:up doris-2:f:up doris-3:M:up]
19:01:11 #148 OK SELECT id=3697460 via doris-1 rows=10243 [doris-1:f:up doris-2:f:up doris-3:M:up]
19:01:12 #149 OK SELECT id=3697460 via doris-1 rows=10241 [doris-1:f:up doris-2:f:up doris-3:M:up]
