18:55:46 PROBE start proto=jdbc hosts=doris-1,doris-2,doris-3 duration=86400s cycle=INSERT>UPSERT>SELECT>DELETE>SELECT url=jdbc:mysql://10.140.0.2:9030,10.140.0.3:9030,10.140.0.4:9030/hatest
18:55:47 connected to doris-1 (driver-selected host)
18:55:47 #1 OK INSERT id=2697460 via doris-1 rows=10243 [doris-1:f:up doris-2:M:up doris-3:f:up]
18:55:48 #2 OK UPSERT id=2697460 via doris-1 rows=10243 [doris-1:f:up doris-2:M:up doris-3:f:up]
18:55:49 #3 OK SELECT id=2697460 via doris-1 rows=10243 [doris-1:f:up doris-2:M:up doris-3:f:up]
18:55:50 #4 OK DELETE id=2697460 via doris-1 rows=10241 [doris-1:f:up doris-2:M:up doris-3:f:up]
18:55:51 #5 OK SELECT id=2697460 via doris-1 rows=10241 [doris-1:f:up doris-2:M:up doris-3:f:up]
18:55:52 #6 OK INSERT id=2697461 via doris-1 rows=10243 [doris-1:f:up doris-2:M:up doris-3:f:up]
18:55:53 #7 OK UPSERT id=2697461 via doris-1 rows=10243 [doris-1:f:up doris-2:M:up doris-3:f:up]
18:55:54 #8 OK SELECT id=2697461 via doris-1 rows=10243 [doris-1:f:up doris-2:M:up doris-3:f:up]
18:55:56 #9 OK DELETE id=2697461 via doris-1 rows=10241 [doris-1:f:up doris-2:M:up doris-3:f:up]
18:55:57 #10 OK SELECT id=2697461 via doris-1 rows=10241 [doris-1:f:up doris-2:M:up doris-3:f:up]
18:55:58 #11 OK INSERT id=2697462 via doris-1 rows=10243 [doris-1:f:up doris-2:M:up doris-3:f:up]
18:55:59 #12 OK UPSERT id=2697462 via doris-1 rows=10243 [doris-1:f:up doris-2:M:up doris-3:f:up]
18:56:00 #13 OK SELECT id=2697462 via doris-1 rows=10243 [doris-1:f:up doris-2:M:up doris-3:f:up]
18:56:01 #14 OK DELETE id=2697462 via doris-1 rows=10241 [doris-1:f:up doris-2:M:up doris-3:f:up]
18:56:02 #15 OK SELECT id=2697462 via doris-1 rows=10241 [doris-1:f:up doris-2:M:up doris-3:f:up]
18:56:03 #16 OK INSERT id=2697463 via doris-1 rows=10243 [doris-1:f:up doris-2:M:up doris-3:f:up]
18:56:04 #17 OK UPSERT id=2697463 via doris-1 rows=10243 [doris-1:f:up doris-2:M:up doris-3:f:up]
18:56:05 #18 OK SELECT id=2697463 via doris-1 rows=10243 [doris-1:f:up doris-2:M:up doris-3:f:up]
18:56:06 #19 OK DELETE id=2697463 via doris-1 rows=10241 [doris-1:f:up doris-2:M:up doris-3:f:up]
18:56:07 #20 OK SELECT id=2697463 via doris-1 rows=10241 [doris-1:f:up doris-2:M:up doris-3:f:up]
18:56:08 #21 OK INSERT id=2697464 via doris-1 rows=10243 [doris-1:f:up doris-2:M:up doris-3:f:up]
18:56:09 #22 OK UPSERT id=2697464 via doris-1 rows=10243 [doris-1:f:up doris-2:M:up doris-3:f:up]
18:56:11 #23 OK SELECT id=2697464 via doris-1 rows=10243 [doris-1:f:up doris-2:M:up doris-3:f:up]
18:56:12 #24 OK DELETE id=2697464 via doris-1 rows=10241 [doris-1:f:up doris-2:M:up doris-3:f:up]
18:56:13 #25 OK SELECT id=2697464 via doris-1 rows=10241 [doris-1:f:up doris-2:M:up doris-3:f:up]
18:56:14 #26 OK INSERT id=2697465 via doris-1 rows=10243 [doris-1:f:up doris-2:M:up doris-3:f:up]
18:56:15 #27 OK UPSERT id=2697465 via doris-1 rows=10243 [doris-1:f:up doris-2:M:up doris-3:f:up]
18:56:16 #28 OK SELECT id=2697465 via doris-1 rows=10243 [doris-1:f:up doris-2:M:up doris-3:f:up]
18:56:17 #29 OK DELETE id=2697465 via doris-1 rows=10241 [doris-1:f:up doris-2:M:up doris-3:f:up]
18:56:18 #30 OK SELECT id=2697465 via doris-1 rows=10241 [doris-1:f:up doris-2:M:up doris-3:f:up]
18:56:19 #31 OK INSERT id=2697466 via doris-1 rows=10243 [doris-1:f:up doris-2:M:up doris-3:f:up]
18:56:20 EVENT break: vm stop on doris-2 (FE master)
18:56:20 #32 OK UPSERT id=2697466 via doris-1 rows=10243 [doris-1:f:up doris-2:M:up doris-3:f:up]
18:56:21 #33 OK SELECT id=2697466 via doris-1 rows=10243 [doris-1:f:up doris-2:M:up doris-3:f:up]
18:56:22 #34 OK DELETE id=2697466 via doris-1 rows=10241 [doris-1:f:up doris-2:M:up doris-3:f:up]
18:56:23 #35 FAIL SELECT id=2697466 via doris-1: SQLException: RpcException, msg: send fragments failed. io.grpc.StatusRuntimeException: UNAVAILABLE: io exception, host: 10.
18:56:26 connected to doris-3 (driver-selected host)
18:56:27 #36 OK INSERT id=2697467 via doris-3 rows=10243 [doris-1:f:up doris-2:f:DOWN doris-3:M:up] (recovered)
18:56:28 #37 OK UPSERT id=2697467 via doris-3 rows=10243 [doris-1:f:up doris-2:f:DOWN doris-3:M:up]
18:56:29 #38 OK SELECT id=2697467 via doris-3 rows=10243 [doris-1:f:up doris-2:f:DOWN doris-3:M:up]
18:56:30 #39 OK DELETE id=2697467 via doris-3 rows=10241 [doris-1:f:up doris-2:f:DOWN doris-3:M:up]
18:56:31 #40 OK SELECT id=2697467 via doris-3 rows=10241 [doris-1:f:up doris-2:f:DOWN doris-3:M:up]
18:56:32 #41 OK INSERT id=2697468 via doris-3 rows=10243 [doris-1:f:up doris-2:f:DOWN doris-3:M:up]
18:56:33 #42 OK UPSERT id=2697468 via doris-3 rows=10243 [doris-1:f:up doris-2:f:DOWN doris-3:M:up]
18:56:34 #43 OK SELECT id=2697468 via doris-3 rows=10243 [doris-1:f:up doris-2:f:DOWN doris-3:M:up]
18:56:36 #44 OK DELETE id=2697468 via doris-3 rows=10241 [doris-1:f:up doris-2:f:DOWN doris-3:M:up]
18:56:37 #45 OK SELECT id=2697468 via doris-3 rows=10241 [doris-1:f:up doris-2:f:DOWN doris-3:M:up]
18:56:38 #46 OK INSERT id=2697469 via doris-3 rows=10243 [doris-1:f:up doris-2:f:DOWN doris-3:M:up]
18:56:39 #47 OK UPSERT id=2697469 via doris-3 rows=10243 [doris-1:f:up doris-2:f:DOWN doris-3:M:up]
18:56:40 #48 OK SELECT id=2697469 via doris-3 rows=10243 [doris-1:f:up doris-2:f:DOWN doris-3:M:up]
18:56:41 #49 OK DELETE id=2697469 via doris-3 rows=10241 [doris-1:f:up doris-2:f:DOWN doris-3:M:up]
18:56:42 #50 OK SELECT id=2697469 via doris-3 rows=10241 [doris-1:f:up doris-2:f:DOWN doris-3:M:up]
18:56:43 #51 OK INSERT id=2697470 via doris-3 rows=10243 [doris-1:f:up doris-2:f:DOWN doris-3:M:up]
18:56:44 #52 OK UPSERT id=2697470 via doris-3 rows=10243 [doris-1:f:up doris-2:f:DOWN doris-3:M:up]
18:56:45 #53 OK SELECT id=2697470 via doris-3 rows=10243 [doris-1:f:up doris-2:f:DOWN doris-3:M:up]
18:56:46 #54 OK DELETE id=2697470 via doris-3 rows=10241 [doris-1:f:up doris-2:f:DOWN doris-3:M:up]
18:56:47 #55 OK SELECT id=2697470 via doris-3 rows=10241 [doris-1:f:up doris-2:f:DOWN doris-3:M:up]
18:56:49 #56 OK INSERT id=2697471 via doris-3 rows=10243 [doris-1:f:up doris-2:f:DOWN doris-3:M:up]
18:56:49 EVENT break: doris-2 is down
18:56:50 #57 OK UPSERT id=2697471 via doris-3 rows=10243 [doris-1:f:up doris-2:f:DOWN doris-3:M:up]
18:56:51 #58 OK SELECT id=2697471 via doris-3 rows=10243 [doris-1:f:up doris-2:f:DOWN doris-3:M:up]
18:56:52 #59 OK DELETE id=2697471 via doris-3 rows=10241 [doris-1:f:up doris-2:f:DOWN doris-3:M:up]
18:56:53 #60 OK SELECT id=2697471 via doris-3 rows=10241 [doris-1:f:up doris-2:f:DOWN doris-3:M:up]
18:56:54 #61 OK INSERT id=2697472 via doris-3 rows=10243 [doris-1:f:up doris-2:f:DOWN doris-3:M:up]
18:56:55 #62 OK UPSERT id=2697472 via doris-3 rows=10243 [doris-1:f:up doris-2:f:DOWN doris-3:M:up]
18:56:56 #63 OK SELECT id=2697472 via doris-3 rows=10243 [doris-1:f:up doris-2:f:DOWN doris-3:M:up]
18:56:57 #64 OK DELETE id=2697472 via doris-3 rows=10241 [doris-1:f:up doris-2:f:DOWN doris-3:M:up]
18:56:58 #65 OK SELECT id=2697472 via doris-3 rows=10241 [doris-1:f:up doris-2:f:DOWN doris-3:M:up]
18:56:59 #66 OK INSERT id=2697473 via doris-3 rows=10243 [doris-1:f:up doris-2:f:DOWN doris-3:M:up]
18:57:00 #67 OK UPSERT id=2697473 via doris-3 rows=10243 [doris-1:f:up doris-2:f:DOWN doris-3:M:up]
18:57:01 #68 OK SELECT id=2697473 via doris-3 rows=10243 [doris-1:f:up doris-2:f:DOWN doris-3:M:up]
18:57:02 #69 OK DELETE id=2697473 via doris-3 rows=10241 [doris-1:f:up doris-2:f:DOWN doris-3:M:up]
18:57:03 #70 OK SELECT id=2697473 via doris-3 rows=10241 [doris-1:f:up doris-2:f:DOWN doris-3:M:up]
18:57:04 #71 OK INSERT id=2697474 via doris-3 rows=10243 [doris-1:f:up doris-2:f:DOWN doris-3:M:up]
18:57:06 #72 OK UPSERT id=2697474 via doris-3 rows=10243 [doris-1:f:up doris-2:f:DOWN doris-3:M:up]
18:57:07 #73 OK SELECT id=2697474 via doris-3 rows=10243 [doris-1:f:up doris-2:f:DOWN doris-3:M:up]
18:57:08 #74 OK DELETE id=2697474 via doris-3 rows=10241 [doris-1:f:up doris-2:f:DOWN doris-3:M:up]
18:57:09 #75 OK SELECT id=2697474 via doris-3 rows=10241 [doris-1:f:up doris-2:f:DOWN doris-3:M:up]
18:57:10 #76 OK INSERT id=2697475 via doris-3 rows=10243 [doris-1:f:up doris-2:f:DOWN doris-3:M:up]
18:57:11 #77 OK UPSERT id=2697475 via doris-3 rows=10243 [doris-1:f:up doris-2:f:DOWN doris-3:M:up]
18:57:12 #78 OK SELECT id=2697475 via doris-3 rows=10243 [doris-1:f:up doris-2:f:DOWN doris-3:M:up]
18:57:13 #79 OK DELETE id=2697475 via doris-3 rows=10241 [doris-1:f:up doris-2:f:DOWN doris-3:M:up]
18:57:14 #80 OK SELECT id=2697475 via doris-3 rows=10241 [doris-1:f:up doris-2:f:DOWN doris-3:M:up]
18:57:15 #81 OK INSERT id=2697476 via doris-3 rows=10243 [doris-1:f:up doris-2:f:DOWN doris-3:M:up]
18:57:16 #82 OK UPSERT id=2697476 via doris-3 rows=10243 [doris-1:f:up doris-2:f:DOWN doris-3:M:up]
18:57:17 #83 OK SELECT id=2697476 via doris-3 rows=10243 [doris-1:f:up doris-2:f:DOWN doris-3:M:up]
18:57:18 #84 OK DELETE id=2697476 via doris-3 rows=10241 [doris-1:f:up doris-2:f:DOWN doris-3:M:up]
18:57:19 #85 OK SELECT id=2697476 via doris-3 rows=10241 [doris-1:f:up doris-2:f:DOWN doris-3:M:up]
18:57:20 #86 OK INSERT id=2697477 via doris-3 rows=10243 [doris-1:f:up doris-2:f:DOWN doris-3:M:up]
18:57:21 EVENT break: vm stop on doris-1 (FE follower)
18:57:21 #87 OK UPSERT id=2697477 via doris-3 rows=10243 [doris-1:f:up doris-2:f:DOWN doris-3:M:up]
18:57:23 #88 OK SELECT id=2697477 via doris-3 rows=10243 [doris-1:f:up doris-2:f:DOWN doris-3:M:up]
18:57:24 #89 OK DELETE id=2697477 via doris-3 rows=10241 [doris-1:f:up doris-2:f:DOWN doris-3:M:up]
18:57:28 #90 FAIL SELECT id=2697477 via doris-3: CommunicationsException: Communications link failure  The last packet successfully received from the server was 1,001 milliseconds ago.
18:57:46 connected to doris-3 (driver-selected host)
18:57:46 EVENT break: doris-1 is down
18:57:57 #91 FAIL INSERT id=2697478 via doris-3: CommunicationsException: Communications link failure  The last packet successfully received from the server was 8,009 milliseconds ago.
18:58:14 #91 FAIL SELECT(check) id=1 via doris-3: CommunicationsException: Communications link failure  The last packet successfully received from the server was 8,0
18:58:21 connected to doris-3 (driver-selected host)
18:58:32 #92 FAIL INSERT id=2697479 via doris-3: CommunicationsException: Communications link failure  The last packet successfully received from the server was 8,012 milliseconds ago.
18:58:49 #92 FAIL SELECT(check) id=1 via doris-3: CommunicationsException: Communications link failure  The last packet successfully received from the server was 8,0
18:58:56 connected to doris-3 (driver-selected host)
18:59:07 #93 FAIL INSERT id=2697480 via doris-3: CommunicationsException: Communications link failure  The last packet successfully received from the server was 8,008 milliseconds ago.
18:59:24 #93 FAIL SELECT(check) id=1 via doris-3: CommunicationsException: Communications link failure  The last packet successfully received from the server was 8,0
18:59:31 connected to doris-3 (driver-selected host)
18:59:35 EVENT restore: start doris-1
18:59:42 #94 FAIL INSERT id=2697481 via doris-3: CommunicationsException: Communications link failure  The last packet successfully received from the server was 8,006 milliseconds ago.
18:59:47 EVENT restore: start doris-2
18:59:59 #94 FAIL SELECT(check) id=1 via doris-3: CommunicationsException: Communications link failure  The last packet successfully received from the server was 8,0
19:00:03 connected to doris-3 (driver-selected host)
19:00:11 #95 FAIL INSERT id=2697482 via doris-3: CommunicationsException: Communications link failure  The last packet successfully received from the server was 8,009 milliseconds ago.
19:00:13 #95 OK SELECT(check) id=1 via doris-3
19:00:14 connected to doris-3 (driver-selected host)
19:00:14 #96 FAIL INSERT id=2697483 via doris-3: SQLException: errCode = 2, detailMessage = errCode = 3, detailMessage = tablet 1789045666396 alive replica num 1 < load requ
19:00:14 #96 OK SELECT(check) id=1 via doris-3
19:00:15 connected to doris-3 (driver-selected host)
19:00:15 #97 FAIL INSERT id=2697484 via doris-3: SQLException: errCode = 2, detailMessage = errCode = 3, detailMessage = tablet 1789045666396 alive replica num 1 < load requ
19:00:15 #97 OK SELECT(check) id=1 via doris-3
19:00:16 connected to doris-3 (driver-selected host)
19:00:16 #98 FAIL INSERT id=2697485 via doris-3: SQLException: errCode = 2, detailMessage = errCode = 3, detailMessage = tablet 1789045666396 alive replica num 1 < load requ
19:00:16 #98 OK SELECT(check) id=1 via doris-3
19:00:17 connected to doris-3 (driver-selected host)
19:00:17 #99 FAIL INSERT id=2697486 via doris-3: SQLException: errCode = 2, detailMessage = errCode = 3, detailMessage = tablet 1789045666396 alive replica num 1 < load requ
19:00:17 #99 OK SELECT(check) id=1 via doris-3
19:00:18 connected to doris-3 (driver-selected host)
19:00:18 #100 FAIL INSERT id=2697487 via doris-3: SQLException: errCode = 2, detailMessage = errCode = 3, detailMessage = tablet 1789045666396 alive replica num 1 < load requ
19:00:18 #100 OK SELECT(check) id=1 via doris-3
19:00:22 connected to doris-1 (driver-selected host)
19:00:22 #101 FAIL INSERT id=2697488 via doris-1: SQLException: errCode = 2, detailMessage = errCode = 3, detailMessage = tablet 1789045666396 alive replica num 1 < load requ
19:00:23 #101 OK SELECT(check) id=1 via doris-1
19:00:24 connected to doris-1 (driver-selected host)
19:00:24 #102 OK INSERT id=2697489 via doris-1 rows=10242 [doris-1:f:up doris-2:f:DOWN doris-3:M:up] (recovered)
19:00:25 #103 OK UPSERT id=2697489 via doris-1 rows=10243 [doris-1:f:up doris-2:f:DOWN doris-3:M:up]
19:00:26 #104 OK SELECT id=2697489 via doris-1 rows=10243 [doris-1:f:up doris-2:f:DOWN doris-3:M:up]
19:00:27 #105 OK DELETE id=2697489 via doris-1 rows=10241 [doris-1:f:up doris-2:f:DOWN doris-3:M:up]
19:00:29 #106 OK SELECT id=2697489 via doris-1 rows=10241 [doris-1:f:up doris-2:f:DOWN doris-3:M:up]
19:00:30 #107 OK INSERT id=2697490 via doris-1 rows=10242 [doris-1:f:up doris-2:f:DOWN doris-3:M:up]
19:00:31 #108 OK UPSERT id=2697490 via doris-1 rows=10243 [doris-1:f:up doris-2:f:DOWN doris-3:M:up]
19:00:32 #109 OK SELECT id=2697490 via doris-1 rows=10243 [doris-1:f:up doris-2:f:DOWN doris-3:M:up]
19:00:33 #110 OK DELETE id=2697490 via doris-1 rows=10241 [doris-1:f:up doris-2:f:up doris-3:M:up]
19:00:34 #111 OK SELECT id=2697490 via doris-1 rows=10241 [doris-1:f:up doris-2:f:up doris-3:M:up]
19:00:35 #112 OK INSERT id=2697491 via doris-1 rows=10242 [doris-1:f:up doris-2:f:up doris-3:M:up]
19:00:37 #113 OK UPSERT id=2697491 via doris-1 rows=10243 [doris-1:f:up doris-2:f:up doris-3:M:up]
19:00:38 #114 OK SELECT id=2697491 via doris-1 rows=10243 [doris-1:f:up doris-2:f:up doris-3:M:up]
19:00:39 #115 OK DELETE id=2697491 via doris-1 rows=10242 [doris-1:f:up doris-2:f:up doris-3:M:up]
19:00:40 #116 OK SELECT id=2697491 via doris-1 rows=10241 [doris-1:f:up doris-2:f:up doris-3:M:up]
19:00:40 EVENT restore: cluster healthy
19:00:41 #117 OK INSERT id=2697492 via doris-1 rows=10242 [doris-1:f:up doris-2:f:up doris-3:M:up]
19:00:42 #118 OK UPSERT id=2697492 via doris-1 rows=10243 [doris-1:f:up doris-2:f:up doris-3:M:up]
19:00:43 #119 OK SELECT id=2697492 via doris-1 rows=10243 [doris-1:f:up doris-2:f:up doris-3:M:up]
19:00:44 #120 OK DELETE id=2697492 via doris-1 rows=10242 [doris-1:f:up doris-2:f:up doris-3:M:up]
19:00:45 #121 OK SELECT id=2697492 via doris-1 rows=10241 [doris-1:f:up doris-2:f:up doris-3:M:up]
19:00:46 #122 OK INSERT id=2697493 via doris-1 rows=10242 [doris-1:f:up doris-2:f:up doris-3:M:up]
19:00:47 #123 OK UPSERT id=2697493 via doris-1 rows=10243 [doris-1:f:up doris-2:f:up doris-3:M:up]
19:00:48 #124 OK SELECT id=2697493 via doris-1 rows=10243 [doris-1:f:up doris-2:f:up doris-3:M:up]
19:00:50 #125 OK DELETE id=2697493 via doris-1 rows=10242 [doris-1:f:up doris-2:f:up doris-3:M:up]
19:00:51 #126 OK SELECT id=2697493 via doris-1 rows=10241 [doris-1:f:up doris-2:f:up doris-3:M:up]
19:00:52 #127 OK INSERT id=2697494 via doris-1 rows=10242 [doris-1:f:up doris-2:f:up doris-3:M:up]
19:00:53 #128 OK UPSERT id=2697494 via doris-1 rows=10243 [doris-1:f:up doris-2:f:up doris-3:M:up]
19:00:54 #129 OK SELECT id=2697494 via doris-1 rows=10243 [doris-1:f:up doris-2:f:up doris-3:M:up]
19:00:55 #130 OK DELETE id=2697494 via doris-1 rows=10242 [doris-1:f:up doris-2:f:up doris-3:M:up]
19:00:56 #131 OK SELECT id=2697494 via doris-1 rows=10241 [doris-1:f:up doris-2:f:up doris-3:M:up]
19:00:57 #132 OK INSERT id=2697495 via doris-1 rows=10242 [doris-1:f:up doris-2:f:up doris-3:M:up]
19:00:58 #133 OK UPSERT id=2697495 via doris-1 rows=10243 [doris-1:f:up doris-2:f:up doris-3:M:up]
19:00:59 #134 OK SELECT id=2697495 via doris-1 rows=10243 [doris-1:f:up doris-2:f:up doris-3:M:up]
19:01:00 #135 OK DELETE id=2697495 via doris-1 rows=10242 [doris-1:f:up doris-2:f:up doris-3:M:up]
19:01:01 #136 OK SELECT id=2697495 via doris-1 rows=10241 [doris-1:f:up doris-2:f:up doris-3:M:up]
19:01:02 #137 OK INSERT id=2697496 via doris-1 rows=10242 [doris-1:f:up doris-2:f:up doris-3:M:up]
19:01:04 #138 OK UPSERT id=2697496 via doris-1 rows=10243 [doris-1:f:up doris-2:f:up doris-3:M:up]
19:01:05 #139 OK SELECT id=2697496 via doris-1 rows=10243 [doris-1:f:up doris-2:f:up doris-3:M:up]
19:01:06 #140 OK DELETE id=2697496 via doris-1 rows=10242 [doris-1:f:up doris-2:f:up doris-3:M:up]
19:01:07 #141 OK SELECT id=2697496 via doris-1 rows=10241 [doris-1:f:up doris-2:f:up doris-3:M:up]
19:01:08 #142 OK INSERT id=2697497 via doris-1 rows=10242 [doris-1:f:up doris-2:f:up doris-3:M:up]
19:01:09 #143 OK UPSERT id=2697497 via doris-1 rows=10243 [doris-1:f:up doris-2:f:up doris-3:M:up]
