18:55:46 PROBE start proto=mysql hosts=doris-1,doris-2,doris-3 duration=86400s cycle=INSERT>UPSERT>SELECT>DELETE>SELECT
18:55:46 connected to doris-1 (10.140.0.2)
18:55:46 #1 OK INSERT id=1697460 via doris-1 rows=10242 [doris-1:f:up doris-2:M:up doris-3:f:up]
18:55:47 #2 OK UPSERT id=1697460 via doris-1 rows=10243 [doris-1:f:up doris-2:M:up doris-3:f:up]
18:55:48 #3 OK SELECT id=1697460 via doris-1 rows=10243 [doris-1:f:up doris-2:M:up doris-3:f:up]
18:55:49 #4 OK DELETE id=1697460 via doris-1 rows=10242 [doris-1:f:up doris-2:M:up doris-3:f:up]
18:55:50 #5 OK SELECT id=1697460 via doris-1 rows=10241 [doris-1:f:up doris-2:M:up doris-3:f:up]
18:55:52 #6 OK INSERT id=1697461 via doris-1 rows=10242 [doris-1:f:up doris-2:M:up doris-3:f:up]
18:55:53 #7 OK UPSERT id=1697461 via doris-1 rows=10243 [doris-1:f:up doris-2:M:up doris-3:f:up]
18:55:54 #8 OK SELECT id=1697461 via doris-1 rows=10243 [doris-1:f:up doris-2:M:up doris-3:f:up]
18:55:55 #9 OK DELETE id=1697461 via doris-1 rows=10242 [doris-1:f:up doris-2:M:up doris-3:f:up]
18:55:56 #10 OK SELECT id=1697461 via doris-1 rows=10241 [doris-1:f:up doris-2:M:up doris-3:f:up]
18:55:57 #11 OK INSERT id=1697462 via doris-1 rows=10242 [doris-1:f:up doris-2:M:up doris-3:f:up]
18:55:58 #12 OK UPSERT id=1697462 via doris-1 rows=10243 [doris-1:f:up doris-2:M:up doris-3:f:up]
18:55:59 #13 OK SELECT id=1697462 via doris-1 rows=10243 [doris-1:f:up doris-2:M:up doris-3:f:up]
18:56:00 #14 OK DELETE id=1697462 via doris-1 rows=10242 [doris-1:f:up doris-2:M:up doris-3:f:up]
18:56:01 #15 OK SELECT id=1697462 via doris-1 rows=10241 [doris-1:f:up doris-2:M:up doris-3:f:up]
18:56:02 #16 OK INSERT id=1697463 via doris-1 rows=10242 [doris-1:f:up doris-2:M:up doris-3:f:up]
18:56:03 #17 OK UPSERT id=1697463 via doris-1 rows=10243 [doris-1:f:up doris-2:M:up doris-3:f:up]
18:56:04 #18 OK SELECT id=1697463 via doris-1 rows=10243 [doris-1:f:up doris-2:M:up doris-3:f:up]
18:56:05 #19 OK DELETE id=1697463 via doris-1 rows=10242 [doris-1:f:up doris-2:M:up doris-3:f:up]
18:56:06 #20 OK SELECT id=1697463 via doris-1 rows=10241 [doris-1:f:up doris-2:M:up doris-3:f:up]
18:56:08 #21 OK INSERT id=1697464 via doris-1 rows=10242 [doris-1:f:up doris-2:M:up doris-3:f:up]
18:56:09 #22 OK UPSERT id=1697464 via doris-1 rows=10243 [doris-1:f:up doris-2:M:up doris-3:f:up]
18:56:10 #23 OK SELECT id=1697464 via doris-1 rows=10243 [doris-1:f:up doris-2:M:up doris-3:f:up]
18:56:11 #24 OK DELETE id=1697464 via doris-1 rows=10242 [doris-1:f:up doris-2:M:up doris-3:f:up]
18:56:12 #25 OK SELECT id=1697464 via doris-1 rows=10241 [doris-1:f:up doris-2:M:up doris-3:f:up]
18:56:13 #26 OK INSERT id=1697465 via doris-1 rows=10242 [doris-1:f:up doris-2:M:up doris-3:f:up]
18:56:14 #27 OK UPSERT id=1697465 via doris-1 rows=10243 [doris-1:f:up doris-2:M:up doris-3:f:up]
18:56:15 #28 OK SELECT id=1697465 via doris-1 rows=10243 [doris-1:f:up doris-2:M:up doris-3:f:up]
18:56:16 #29 OK DELETE id=1697465 via doris-1 rows=10242 [doris-1:f:up doris-2:M:up doris-3:f:up]
18:56:17 #30 OK SELECT id=1697465 via doris-1 rows=10241 [doris-1:f:up doris-2:M:up doris-3:f:up]
18:56:18 #31 OK INSERT id=1697466 via doris-1 rows=10242 [doris-1:f:up doris-2:M:up doris-3:f:up]
18:56:19 #32 OK UPSERT id=1697466 via doris-1 rows=10243 [doris-1:f:up doris-2:M:up doris-3:f:up]
18:56:20 EVENT break: vm stop on doris-2 (FE master)
18:56:20 #33 OK SELECT id=1697466 via doris-1 rows=10243 [doris-1:f:up doris-2:M:up doris-3:f:up]
18:56:21 #34 OK DELETE id=1697466 via doris-1 rows=10242 [doris-1:f:up doris-2:M:up doris-3:f:up]
18:56:22 #35 OK SELECT id=1697466 via doris-1 rows=10241 [doris-1:f:up doris-2:M:up doris-3:f:up]
18:56:23 #36 FAIL INSERT id=1697467 via doris-1: OperationalError: (1105, 'ForwardToMasterException, msg: forward to master FE TNetworkAddress(hostname:10.140.0.4, port:9020), s
18:56:24 #36 OK SELECT(check) id=1 via doris-1
18:56:25 connected to doris-1 (10.140.0.2)
18:56:27 #37 OK INSERT id=1697468 via doris-1 rows=10243 [doris-1:f:up doris-2:f:DOWN doris-3:M:up] (recovered)
18:56:28 #38 OK UPSERT id=1697468 via doris-1 rows=10243 [doris-1:f:up doris-2:f:DOWN doris-3:M:up]
18:56:29 #39 OK SELECT id=1697468 via doris-1 rows=10243 [doris-1:f:up doris-2:f:DOWN doris-3:M:up]
18:56:30 #40 OK DELETE id=1697468 via doris-1 rows=10242 [doris-1:f:up doris-2:f:DOWN doris-3:M:up]
18:56:31 #41 OK SELECT id=1697468 via doris-1 rows=10241 [doris-1:f:up doris-2:f:DOWN doris-3:M:up]
18:56:32 #42 OK INSERT id=1697469 via doris-1 rows=10242 [doris-1:f:up doris-2:f:DOWN doris-3:M:up]
18:56:33 #43 OK UPSERT id=1697469 via doris-1 rows=10243 [doris-1:f:up doris-2:f:DOWN doris-3:M:up]
18:56:34 #44 OK SELECT id=1697469 via doris-1 rows=10243 [doris-1:f:up doris-2:f:DOWN doris-3:M:up]
18:56:35 #45 OK DELETE id=1697469 via doris-1 rows=10242 [doris-1:f:up doris-2:f:DOWN doris-3:M:up]
18:56:36 #46 OK SELECT id=1697469 via doris-1 rows=10241 [doris-1:f:up doris-2:f:DOWN doris-3:M:up]
18:56:37 #47 OK INSERT id=1697470 via doris-1 rows=10242 [doris-1:f:up doris-2:f:DOWN doris-3:M:up]
18:56:38 #48 OK UPSERT id=1697470 via doris-1 rows=10243 [doris-1:f:up doris-2:f:DOWN doris-3:M:up]
18:56:39 #49 OK SELECT id=1697470 via doris-1 rows=10243 [doris-1:f:up doris-2:f:DOWN doris-3:M:up]
18:56:41 #50 OK DELETE id=1697470 via doris-1 rows=10242 [doris-1:f:up doris-2:f:DOWN doris-3:M:up]
18:56:42 #51 OK SELECT id=1697470 via doris-1 rows=10241 [doris-1:f:up doris-2:f:DOWN doris-3:M:up]
18:56:43 #52 OK INSERT id=1697471 via doris-1 rows=10242 [doris-1:f:up doris-2:f:DOWN doris-3:M:up]
18:56:44 #53 OK UPSERT id=1697471 via doris-1 rows=10243 [doris-1:f:up doris-2:f:DOWN doris-3:M:up]
18:56:45 #54 OK SELECT id=1697471 via doris-1 rows=10243 [doris-1:f:up doris-2:f:DOWN doris-3:M:up]
18:56:46 #55 OK DELETE id=1697471 via doris-1 rows=10242 [doris-1:f:up doris-2:f:DOWN doris-3:M:up]
18:56:47 #56 OK SELECT id=1697471 via doris-1 rows=10241 [doris-1:f:up doris-2:f:DOWN doris-3:M:up]
18:56:48 #57 OK INSERT id=1697472 via doris-1 rows=10242 [doris-1:f:up doris-2:f:DOWN doris-3:M:up]
18:56:49 EVENT break: doris-2 is down
18:56:49 #58 OK UPSERT id=1697472 via doris-1 rows=10243 [doris-1:f:up doris-2:f:DOWN doris-3:M:up]
18:56:50 #59 OK SELECT id=1697472 via doris-1 rows=10243 [doris-1:f:up doris-2:f:DOWN doris-3:M:up]
18:56:51 #60 OK DELETE id=1697472 via doris-1 rows=10242 [doris-1:f:up doris-2:f:DOWN doris-3:M:up]
18:56:52 #61 OK SELECT id=1697472 via doris-1 rows=10241 [doris-1:f:up doris-2:f:DOWN doris-3:M:up]
18:56:53 #62 OK INSERT id=1697473 via doris-1 rows=10242 [doris-1:f:up doris-2:f:DOWN doris-3:M:up]
18:56:54 #63 OK UPSERT id=1697473 via doris-1 rows=10243 [doris-1:f:up doris-2:f:DOWN doris-3:M:up]
18:56:55 #64 OK SELECT id=1697473 via doris-1 rows=10243 [doris-1:f:up doris-2:f:DOWN doris-3:M:up]
18:56:56 #65 OK DELETE id=1697473 via doris-1 rows=10242 [doris-1:f:up doris-2:f:DOWN doris-3:M:up]
18:56:58 #66 OK SELECT id=1697473 via doris-1 rows=10241 [doris-1:f:up doris-2:f:DOWN doris-3:M:up]
18:56:59 #67 OK INSERT id=1697474 via doris-1 rows=10242 [doris-1:f:up doris-2:f:DOWN doris-3:M:up]
18:57:00 #68 OK UPSERT id=1697474 via doris-1 rows=10243 [doris-1:f:up doris-2:f:DOWN doris-3:M:up]
18:57:01 #69 OK SELECT id=1697474 via doris-1 rows=10243 [doris-1:f:up doris-2:f:DOWN doris-3:M:up]
18:57:02 #70 OK DELETE id=1697474 via doris-1 rows=10242 [doris-1:f:up doris-2:f:DOWN doris-3:M:up]
18:57:03 #71 OK SELECT id=1697474 via doris-1 rows=10241 [doris-1:f:up doris-2:f:DOWN doris-3:M:up]
18:57:04 #72 OK INSERT id=1697475 via doris-1 rows=10242 [doris-1:f:up doris-2:f:DOWN doris-3:M:up]
18:57:05 #73 OK UPSERT id=1697475 via doris-1 rows=10243 [doris-1:f:up doris-2:f:DOWN doris-3:M:up]
18:57:06 #74 OK SELECT id=1697475 via doris-1 rows=10243 [doris-1:f:up doris-2:f:DOWN doris-3:M:up]
18:57:07 #75 OK DELETE id=1697475 via doris-1 rows=10242 [doris-1:f:up doris-2:f:DOWN doris-3:M:up]
18:57:08 #76 OK SELECT id=1697475 via doris-1 rows=10241 [doris-1:f:up doris-2:f:DOWN doris-3:M:up]
18:57:09 #77 OK INSERT id=1697476 via doris-1 rows=10242 [doris-1:f:up doris-2:f:DOWN doris-3:M:up]
18:57:10 #78 OK UPSERT id=1697476 via doris-1 rows=10243 [doris-1:f:up doris-2:f:DOWN doris-3:M:up]
18:57:11 #79 OK SELECT id=1697476 via doris-1 rows=10243 [doris-1:f:up doris-2:f:DOWN doris-3:M:up]
18:57:12 #80 OK DELETE id=1697476 via doris-1 rows=10242 [doris-1:f:up doris-2:f:DOWN doris-3:M:up]
18:57:13 #81 OK SELECT id=1697476 via doris-1 rows=10241 [doris-1:f:up doris-2:f:DOWN doris-3:M:up]
18:57:15 #82 OK INSERT id=1697477 via doris-1 rows=10242 [doris-1:f:up doris-2:f:DOWN doris-3:M:up]
18:57:16 #83 OK UPSERT id=1697477 via doris-1 rows=10243 [doris-1:f:up doris-2:f:DOWN doris-3:M:up]
18:57:17 #84 OK SELECT id=1697477 via doris-1 rows=10243 [doris-1:f:up doris-2:f:DOWN doris-3:M:up]
18:57:18 #85 OK DELETE id=1697477 via doris-1 rows=10242 [doris-1:f:up doris-2:f:DOWN doris-3:M:up]
18:57:19 #86 OK SELECT id=1697477 via doris-1 rows=10241 [doris-1:f:up doris-2:f:DOWN doris-3:M:up]
18:57:20 #87 OK INSERT id=1697478 via doris-1 rows=10242 [doris-1:f:up doris-2:f:DOWN doris-3:M:up]
18:57:21 #88 OK UPSERT id=1697478 via doris-1 rows=10243 [doris-1:f:up doris-2:f:DOWN doris-3:M:up]
18:57:21 EVENT break: vm stop on doris-1 (FE follower)
18:57:22 #89 OK SELECT id=1697478 via doris-1 rows=10243 [doris-1:f:up doris-2:f:DOWN doris-3:M:up]
18:57:23 #90 OK DELETE id=1697478 via doris-1 rows=10242 [doris-1:f:up doris-2:f:DOWN doris-3:M:up]
18:57:24 #91 OK SELECT id=1697478 via doris-1 rows=10241 [doris-1:f:up doris-2:f:DOWN doris-3:M:up]
18:57:25 #92 FAIL INSERT id=1697479 via doris-1: OperationalError: (2013, 'Lost connection to MySQL server during query')
18:57:36 #92 FAIL SELECT(check) id=1 via doris-3: OperationalError: (2013, 'Lost connection to MySQL server during query (timed out)')
18:57:46 EVENT break: doris-1 is down
18:57:51 connected to doris-3 (10.140.0.4)
18:57:51 #93 FAIL INSERT id=1697480 via doris-3: InterfaceError: (0, '')
18:58:05 #93 FAIL SELECT(check) id=1 via doris-3: OperationalError: (2013, 'Lost connection to MySQL server during query (timed out)')
18:58:12 connected to doris-3 (10.140.0.4)
18:58:20 #94 FAIL INSERT id=1697481 via doris-3: OperationalError: (2013, 'Lost connection to MySQL server during query (timed out)')
18:58:35 #94 FAIL SELECT(check) id=1 via doris-3: OperationalError: (2013, 'Lost connection to MySQL server during query (timed out)')
18:58:42 connected to doris-3 (10.140.0.4)
18:58:50 #95 FAIL INSERT id=1697482 via doris-3: OperationalError: (2013, 'Lost connection to MySQL server during query (timed out)')
18:59:04 #95 FAIL SELECT(check) id=1 via doris-3: OperationalError: (2013, 'Lost connection to MySQL server during query (timed out)')
18:59:11 connected to doris-3 (10.140.0.4)
18:59:19 #96 FAIL INSERT id=1697483 via doris-3: OperationalError: (2013, 'Lost connection to MySQL server during query (timed out)')
18:59:33 #96 FAIL SELECT(check) id=1 via doris-3: OperationalError: (2013, 'Lost connection to MySQL server during query (timed out)')
18:59:35 EVENT restore: start doris-1
18:59:40 connected to doris-3 (10.140.0.4)
18:59:47 EVENT restore: start doris-2
18:59:48 #97 FAIL INSERT id=1697484 via doris-3: OperationalError: (2013, 'Lost connection to MySQL server during query (timed out)')
19:00:02 #97 FAIL SELECT(check) id=1 via doris-3: OperationalError: (2013, 'Lost connection to MySQL server during query (timed out)')
19:00:06 connected to doris-3 (10.140.0.4)
19:00:13 #98 FAIL INSERT id=1697485 via doris-3: OperationalError: (1105, 'errCode = 2, detailMessage = errCode = 3, detailMessage = tablet 1789045666396 alive replica num 1 < l
19:00:13 #98 OK SELECT(check) id=1 via doris-3
19:00:14 connected to doris-3 (10.140.0.4)
19:00:14 #99 FAIL INSERT id=1697486 via doris-3: OperationalError: (1105, 'errCode = 2, detailMessage = errCode = 3, detailMessage = tablet 1789045666396 alive replica num 1 < l
19:00:14 #99 OK SELECT(check) id=1 via doris-3
19:00:15 connected to doris-3 (10.140.0.4)
19:00:15 #100 FAIL INSERT id=1697487 via doris-3: OperationalError: (1105, 'errCode = 2, detailMessage = errCode = 3, detailMessage = tablet 1789045666396 alive replica num 1 < l
19:00:15 #100 OK SELECT(check) id=1 via doris-3
19:00:16 connected to doris-3 (10.140.0.4)
19:00:16 #101 FAIL INSERT id=1697488 via doris-3: OperationalError: (1105, 'errCode = 2, detailMessage = errCode = 3, detailMessage = tablet 1789045666396 alive replica num 1 < l
19:00:16 #101 OK SELECT(check) id=1 via doris-3
19:00:18 connected to doris-3 (10.140.0.4)
19:00:18 #102 FAIL INSERT id=1697489 via doris-3: OperationalError: (1105, 'errCode = 2, detailMessage = errCode = 3, detailMessage = tablet 1789045666396 alive replica num 1 < l
19:00:18 #102 OK SELECT(check) id=1 via doris-3
19:00:19 connected to doris-3 (10.140.0.4)
19:00:19 #103 FAIL INSERT id=1697490 via doris-3: OperationalError: (1105, 'errCode = 2, detailMessage = errCode = 3, detailMessage = tablet 1789045666396 alive replica num 1 < l
19:00:19 #103 OK SELECT(check) id=1 via doris-3
19:00:21 connected to doris-1 (10.140.0.2)
19:00:21 #104 FAIL INSERT id=1697491 via doris-1: OperationalError: (1105, 'errCode = 2, detailMessage = errCode = 3, detailMessage = tablet 1789045666396 alive replica num 1 < l
19:00:23 #104 OK SELECT(check) id=1 via doris-1
19:00:24 connected to doris-1 (10.140.0.2)
19:00:24 #105 OK INSERT id=1697492 via doris-1 rows=10243 [doris-1:f:up doris-2:f:DOWN doris-3:M:up] (recovered)
19:00:25 #106 OK UPSERT id=1697492 via doris-1 rows=10243 [doris-1:f:up doris-2:f:DOWN doris-3:M:up]
19:00:26 #107 OK SELECT id=1697492 via doris-1 rows=10243 [doris-1:f:up doris-2:f:DOWN doris-3:M:up]
19:00:27 #108 OK DELETE id=1697492 via doris-1 rows=10241 [doris-1:f:up doris-2:f:DOWN doris-3:M:up]
19:00:29 #109 OK SELECT id=1697492 via doris-1 rows=10241 [doris-1:f:up doris-2:f:DOWN doris-3:M:up]
19:00:30 #110 OK INSERT id=1697493 via doris-1 rows=10243 [doris-1:f:up doris-2:f:DOWN doris-3:M:up]
19:00:31 #111 OK UPSERT id=1697493 via doris-1 rows=10243 [doris-1:f:up doris-2:f:DOWN doris-3:M:up]
19:00:32 #112 OK SELECT id=1697493 via doris-1 rows=10243 [doris-1:f:up doris-2:f:DOWN doris-3:M:up]
19:00:33 #113 OK DELETE id=1697493 via doris-1 rows=10241 [doris-1:f:up doris-2:f:up doris-3:M:up]
19:00:34 #114 OK SELECT id=1697493 via doris-1 rows=10241 [doris-1:f:up doris-2:f:up doris-3:M:up]
19:00:35 #115 OK INSERT id=1697494 via doris-1 rows=10243 [doris-1:f:up doris-2:f:up doris-3:M:up]
19:00:37 #116 OK UPSERT id=1697494 via doris-1 rows=10243 [doris-1:f:up doris-2:f:up doris-3:M:up]
19:00:38 #117 OK SELECT id=1697494 via doris-1 rows=10243 [doris-1:f:up doris-2:f:up doris-3:M:up]
19:00:39 #118 OK DELETE id=1697494 via doris-1 rows=10241 [doris-1:f:up doris-2:f:up doris-3:M:up]
19:00:40 #119 OK SELECT id=1697494 via doris-1 rows=10241 [doris-1:f:up doris-2:f:up doris-3:M:up]
19:00:40 EVENT restore: cluster healthy
19:00:41 #120 OK INSERT id=1697495 via doris-1 rows=10243 [doris-1:f:up doris-2:f:up doris-3:M:up]
19:00:42 #121 OK UPSERT id=1697495 via doris-1 rows=10243 [doris-1:f:up doris-2:f:up doris-3:M:up]
19:00:43 #122 OK SELECT id=1697495 via doris-1 rows=10243 [doris-1:f:up doris-2:f:up doris-3:M:up]
19:00:44 #123 OK DELETE id=1697495 via doris-1 rows=10241 [doris-1:f:up doris-2:f:up doris-3:M:up]
19:00:45 #124 OK SELECT id=1697495 via doris-1 rows=10241 [doris-1:f:up doris-2:f:up doris-3:M:up]
19:00:46 #125 OK INSERT id=1697496 via doris-1 rows=10243 [doris-1:f:up doris-2:f:up doris-3:M:up]
19:00:47 #126 OK UPSERT id=1697496 via doris-1 rows=10243 [doris-1:f:up doris-2:f:up doris-3:M:up]
19:00:49 #127 OK SELECT id=1697496 via doris-1 rows=10243 [doris-1:f:up doris-2:f:up doris-3:M:up]
19:00:50 #128 OK DELETE id=1697496 via doris-1 rows=10241 [doris-1:f:up doris-2:f:up doris-3:M:up]
19:00:51 #129 OK SELECT id=1697496 via doris-1 rows=10241 [doris-1:f:up doris-2:f:up doris-3:M:up]
19:00:52 #130 OK INSERT id=1697497 via doris-1 rows=10243 [doris-1:f:up doris-2:f:up doris-3:M:up]
19:00:53 #131 OK UPSERT id=1697497 via doris-1 rows=10243 [doris-1:f:up doris-2:f:up doris-3:M:up]
19:00:54 #132 OK SELECT id=1697497 via doris-1 rows=10243 [doris-1:f:up doris-2:f:up doris-3:M:up]
19:00:55 #133 OK DELETE id=1697497 via doris-1 rows=10241 [doris-1:f:up doris-2:f:up doris-3:M:up]
19:00:56 #134 OK SELECT id=1697497 via doris-1 rows=10241 [doris-1:f:up doris-2:f:up doris-3:M:up]
19:00:57 #135 OK INSERT id=1697498 via doris-1 rows=10243 [doris-1:f:up doris-2:f:up doris-3:M:up]
19:00:58 #136 OK UPSERT id=1697498 via doris-1 rows=10243 [doris-1:f:up doris-2:f:up doris-3:M:up]
19:00:59 #137 OK SELECT id=1697498 via doris-1 rows=10243 [doris-1:f:up doris-2:f:up doris-3:M:up]
19:01:00 #138 OK DELETE id=1697498 via doris-1 rows=10241 [doris-1:f:up doris-2:f:up doris-3:M:up]
19:01:01 #139 OK SELECT id=1697498 via doris-1 rows=10241 [doris-1:f:up doris-2:f:up doris-3:M:up]
19:01:03 #140 OK INSERT id=1697499 via doris-1 rows=10243 [doris-1:f:up doris-2:f:up doris-3:M:up]
19:01:04 #141 OK UPSERT id=1697499 via doris-1 rows=10243 [doris-1:f:up doris-2:f:up doris-3:M:up]
19:01:05 #142 OK SELECT id=1697499 via doris-1 rows=10243 [doris-1:f:up doris-2:f:up doris-3:M:up]
19:01:06 #143 OK DELETE id=1697499 via doris-1 rows=10241 [doris-1:f:up doris-2:f:up doris-3:M:up]
19:01:07 #144 OK SELECT id=1697499 via doris-1 rows=10241 [doris-1:f:up doris-2:f:up doris-3:M:up]
