23:50:04 PROBE start proto=arrow-flight hosts=doris-1,doris-2,doris-3 duration=86400s cycle=INSERT>UPSERT>SELECT>DELETE>SELECT
23:50:05 connected to doris-1 (10.140.0.2)
23:50:05 DML unsupported over arrow-flight (InternalError: RuntimeException, msg: getMysqlChannel not in mysql connection (Internal; ExecuteQuery)) — switching to SELECT-only mode
23:50:05 #1 OK SELECT id=3554040 via doris-1 rows=10021 [doris-1:f:up doris-2:M:up doris-3:f:up]
23:50:06 #2 OK SELECT id=3554040 via doris-1 rows=10022 [doris-1:f:up doris-2:M:up doris-3:f:up]
23:50:07 #3 OK SELECT id=3554040 via doris-1 rows=10022 [doris-1:f:up doris-2:M:up doris-3:f:up]
23:50:08 #4 OK SELECT id=3554040 via doris-1 rows=10021 [doris-1:f:up doris-2:M:up doris-3:f:up]
23:50:09 #5 OK SELECT id=3554040 via doris-1 rows=10020 [doris-1:f:up doris-2:M:up doris-3:f:up]
23:50:10 #6 OK SELECT id=3554040 via doris-1 rows=10021 [doris-1:f:up doris-2:M:up doris-3:f:up]
23:50:11 #7 OK SELECT id=3554040 via doris-1 rows=10022 [doris-1:f:up doris-2:M:up doris-3:f:up]
23:50:12 #8 OK SELECT id=3554040 via doris-1 rows=10022 [doris-1:f:up doris-2:M:up doris-3:f:up]
23:50:13 #9 OK SELECT id=3554040 via doris-1 rows=10021 [doris-1:f:up doris-2:M:up doris-3:f:up]
23:50:14 #10 OK SELECT id=3554040 via doris-1 rows=10020 [doris-1:f:up doris-2:M:up doris-3:f:up]
23:50:15 #11 OK SELECT id=3554040 via doris-1 rows=10021 [doris-1:f:up doris-2:M:up doris-3:f:up]
23:50:16 #12 OK SELECT id=3554040 via doris-1 rows=10022 [doris-1:f:up doris-2:M:up doris-3:f:up]
23:50:17 #13 OK SELECT id=3554040 via doris-1 rows=10022 [doris-1:f:up doris-2:M:up doris-3:f:up]
23:50:18 #14 OK SELECT id=3554040 via doris-1 rows=10021 [doris-1:f:up doris-2:M:up doris-3:f:up]
23:50:19 #15 OK SELECT id=3554040 via doris-1 rows=10020 [doris-1:f:up doris-2:M:up doris-3:f:up]
23:50:20 #16 OK SELECT id=3554040 via doris-1 rows=10021 [doris-1:f:up doris-2:M:up doris-3:f:up]
23:50:21 #17 OK SELECT id=3554040 via doris-1 rows=10022 [doris-1:f:up doris-2:M:up doris-3:f:up]
23:50:23 #18 OK SELECT id=3554040 via doris-1 rows=10022 [doris-1:f:up doris-2:M:up doris-3:f:up]
23:50:24 #19 OK SELECT id=3554040 via doris-1 rows=10021 [doris-1:f:up doris-2:M:up doris-3:f:up]
23:50:25 #20 OK SELECT id=3554040 via doris-1 rows=10020 [doris-1:f:up doris-2:M:up doris-3:f:up]
23:50:26 #21 OK SELECT id=3554040 via doris-1 rows=10020 [doris-1:f:up doris-2:M:up doris-3:f:up]
23:50:27 #22 OK SELECT id=3554040 via doris-1 rows=10022 [doris-1:f:up doris-2:M:up doris-3:f:up]
23:50:28 #23 OK SELECT id=3554040 via doris-1 rows=10022 [doris-1:f:up doris-2:M:up doris-3:f:up]
23:50:29 #24 OK SELECT id=3554040 via doris-1 rows=10022 [doris-1:f:up doris-2:M:up doris-3:f:up]
23:50:30 #25 OK SELECT id=3554040 via doris-1 rows=10020 [doris-1:f:up doris-2:M:up doris-3:f:up]
23:50:31 #26 OK SELECT id=3554040 via doris-1 rows=10020 [doris-1:f:up doris-2:M:up doris-3:f:up]
23:50:32 #27 OK SELECT id=3554040 via doris-1 rows=10022 [doris-1:f:up doris-2:M:up doris-3:f:up]
23:50:33 #28 OK SELECT id=3554040 via doris-1 rows=10022 [doris-1:f:up doris-2:M:up doris-3:f:up]
23:50:34 #29 OK SELECT id=3554040 via doris-1 rows=10022 [doris-1:f:up doris-2:M:up doris-3:f:up]
23:50:35 #30 OK SELECT id=3554040 via doris-1 rows=10020 [doris-1:f:up doris-2:M:up doris-3:f:up]
23:50:36 #31 OK SELECT id=3554040 via doris-1 rows=10020 [doris-1:f:up doris-2:M:up doris-3:f:up]
23:50:37 #32 OK SELECT id=3554040 via doris-1 rows=10022 [doris-1:f:up doris-2:M:up doris-3:f:up]
23:50:38 #33 OK SELECT id=3554040 via doris-1 rows=10022 [doris-1:f:up doris-2:M:up doris-3:f:up]
23:50:39 EVENT break: vm stop on doris-1 (FE follower)
23:50:39 #34 OK SELECT id=3554040 via doris-1 rows=10022 [doris-1:f:up doris-2:M:up doris-3:f:up]
23:50:40 #35 OK SELECT id=3554040 via doris-1 rows=10020 [doris-1:f:up doris-2:M:up doris-3:f:up]
23:50:41 #36 OK SELECT id=3554040 via doris-1 rows=10020 [doris-1:f:up doris-2:M:up doris-3:f:up]
23:50:42 #37 FAIL SELECT id=3554040 via doris-1: OperationalError: IO: [FlightSQL] connection error: desc = "transport: Error while dialing: dial tcp 10.140.0.2:8070: connect: c
23:50:44 connected to doris-2 (10.140.0.3)
23:50:44 #38 OK SELECT id=3554040 via doris-2 rows=10021 [doris-1:f:up doris-2:M:up doris-3:f:up] (recovered)
23:51:02 #39 OK SELECT id=3554040 via doris-2 rows=10021 [?]
23:51:03 #40 OK SELECT id=3554040 via doris-2 rows=10023 [doris-1:f:DOWN doris-2:M:up doris-3:f:up]
23:51:03 EVENT break: doris-1 is down
23:51:04 #41 OK SELECT id=3554040 via doris-2 rows=10023 [doris-1:f:DOWN doris-2:M:up doris-3:f:up]
23:51:05 #42 OK SELECT id=3554040 via doris-2 rows=10022 [doris-1:f:DOWN doris-2:M:up doris-3:f:up]
23:51:06 #43 OK SELECT id=3554040 via doris-2 rows=10022 [doris-1:f:DOWN doris-2:M:up doris-3:f:up]
23:51:07 #44 OK SELECT id=3554040 via doris-2 rows=10022 [doris-1:f:DOWN doris-2:M:up doris-3:f:up]
23:51:08 #45 OK SELECT id=3554040 via doris-2 rows=10024 [doris-1:f:DOWN doris-2:M:up doris-3:f:up]
23:51:09 #46 OK SELECT id=3554040 via doris-2 rows=10024 [doris-1:f:DOWN doris-2:M:up doris-3:f:up]
23:51:10 #47 OK SELECT id=3554040 via doris-2 rows=10024 [doris-1:f:DOWN doris-2:M:up doris-3:f:up]
23:51:11 #48 OK SELECT id=3554040 via doris-2 rows=10022 [doris-1:f:DOWN doris-2:M:up doris-3:f:up]
23:51:12 #49 OK SELECT id=3554040 via doris-2 rows=10022 [doris-1:f:DOWN doris-2:M:up doris-3:f:up]
23:51:13 #50 OK SELECT id=3554040 via doris-2 rows=10024 [doris-1:f:DOWN doris-2:M:up doris-3:f:up]
23:51:15 #51 OK SELECT id=3554040 via doris-2 rows=10024 [doris-1:f:DOWN doris-2:M:up doris-3:f:up]
23:51:16 #52 OK SELECT id=3554040 via doris-2 rows=10024 [doris-1:f:DOWN doris-2:M:up doris-3:f:up]
23:51:17 #53 OK SELECT id=3554040 via doris-2 rows=10022 [doris-1:f:DOWN doris-2:M:up doris-3:f:up]
23:51:18 #54 OK SELECT id=3554040 via doris-2 rows=10022 [doris-1:f:DOWN doris-2:M:up doris-3:f:up]
23:51:19 #55 OK SELECT id=3554040 via doris-2 rows=10024 [doris-1:f:DOWN doris-2:M:up doris-3:f:up]
23:51:20 #56 OK SELECT id=3554040 via doris-2 rows=10024 [doris-1:f:DOWN doris-2:M:up doris-3:f:up]
23:51:21 #57 OK SELECT id=3554040 via doris-2 rows=10024 [doris-1:f:DOWN doris-2:M:up doris-3:f:up]
23:51:22 #58 OK SELECT id=3554040 via doris-2 rows=10023 [doris-1:f:DOWN doris-2:M:up doris-3:f:up]
23:51:23 #59 OK SELECT id=3554040 via doris-2 rows=10023 [doris-1:f:DOWN doris-2:M:up doris-3:f:up]
23:51:24 #60 OK SELECT id=3554040 via doris-2 rows=10023 [doris-1:f:DOWN doris-2:M:up doris-3:f:up]
23:51:25 #61 OK SELECT id=3554040 via doris-2 rows=10023 [doris-1:f:DOWN doris-2:M:up doris-3:f:up]
23:51:26 #62 OK SELECT id=3554040 via doris-2 rows=10023 [doris-1:f:DOWN doris-2:M:up doris-3:f:up]
23:51:27 #63 OK SELECT id=3554040 via doris-2 rows=10023 [doris-1:f:DOWN doris-2:M:up doris-3:f:up]
23:51:29 #64 OK SELECT id=3554040 via doris-2 rows=10023 [doris-1:f:DOWN doris-2:M:up doris-3:f:up]
23:51:30 #65 OK SELECT id=3554040 via doris-2 rows=10024 [doris-1:f:DOWN doris-2:M:up doris-3:f:up]
23:51:31 #66 OK SELECT id=3554040 via doris-2 rows=10023 [doris-1:f:DOWN doris-2:M:up doris-3:f:up]
23:51:32 #67 OK SELECT id=3554040 via doris-2 rows=10023 [doris-1:f:DOWN doris-2:M:up doris-3:f:up]
23:51:33 #68 OK SELECT id=3554040 via doris-2 rows=10023 [doris-1:f:DOWN doris-2:M:up doris-3:f:up]
23:51:34 #69 OK SELECT id=3554040 via doris-2 rows=10023 [doris-1:f:DOWN doris-2:M:up doris-3:f:up]
23:51:35 #70 OK SELECT id=3554040 via doris-2 rows=10024 [doris-1:f:DOWN doris-2:M:up doris-3:f:up]
23:51:36 #71 OK SELECT id=3554040 via doris-2 rows=10023 [doris-1:f:DOWN doris-2:M:up doris-3:f:up]
23:51:37 #72 OK SELECT id=3554040 via doris-2 rows=10023 [doris-1:f:DOWN doris-2:M:up doris-3:f:up]
23:51:38 #73 OK SELECT id=3554040 via doris-2 rows=10023 [doris-1:f:DOWN doris-2:M:up doris-3:f:up]
23:51:39 #74 OK SELECT id=3554040 via doris-2 rows=10023 [doris-1:f:DOWN doris-2:M:up doris-3:f:up]
23:51:40 #75 OK SELECT id=3554040 via doris-2 rows=10024 [doris-1:f:DOWN doris-2:M:up doris-3:f:up]
23:51:41 #76 OK SELECT id=3554040 via doris-2 rows=10024 [doris-1:f:DOWN doris-2:M:up doris-3:f:up]
23:51:42 #77 OK SELECT id=3554040 via doris-2 rows=10024 [doris-1:f:DOWN doris-2:M:up doris-3:f:up]
23:51:44 #78 OK SELECT id=3554040 via doris-2 rows=10023 [doris-1:f:DOWN doris-2:M:up doris-3:f:up]
23:51:45 #79 OK SELECT id=3554040 via doris-2 rows=10022 [doris-1:f:DOWN doris-2:M:up doris-3:f:up]
23:51:46 #80 OK SELECT id=3554040 via doris-2 rows=10023 [doris-1:f:DOWN doris-2:M:up doris-3:f:up]
23:51:47 #81 OK SELECT id=3554040 via doris-2 rows=10024 [doris-1:f:DOWN doris-2:M:up doris-3:f:up]
23:51:48 #82 OK SELECT id=3554040 via doris-2 rows=10024 [doris-1:f:DOWN doris-2:M:up doris-3:f:up]
23:51:49 #83 OK SELECT id=3554040 via doris-2 rows=10023 [doris-1:f:DOWN doris-2:M:up doris-3:f:up]
23:51:50 #84 OK SELECT id=3554040 via doris-2 rows=10022 [doris-1:f:DOWN doris-2:M:up doris-3:f:up]
23:51:51 #85 OK SELECT id=3554040 via doris-2 rows=10023 [doris-1:f:DOWN doris-2:M:up doris-3:f:up]
23:51:52 #86 OK SELECT id=3554040 via doris-2 rows=10024 [doris-1:f:DOWN doris-2:M:up doris-3:f:up]
23:51:53 #87 OK SELECT id=3554040 via doris-2 rows=10024 [doris-1:f:DOWN doris-2:M:up doris-3:f:up]
23:51:54 #88 OK SELECT id=3554040 via doris-2 rows=10023 [doris-1:f:DOWN doris-2:M:up doris-3:f:up]
23:51:55 #89 OK SELECT id=3554040 via doris-2 rows=10022 [doris-1:f:DOWN doris-2:M:up doris-3:f:up]
23:51:56 #90 OK SELECT id=3554040 via doris-2 rows=10023 [doris-1:f:DOWN doris-2:M:up doris-3:f:up]
23:51:57 #91 OK SELECT id=3554040 via doris-2 rows=10024 [doris-1:f:DOWN doris-2:M:up doris-3:f:up]
23:51:58 #92 OK SELECT id=3554040 via doris-2 rows=10024 [doris-1:f:DOWN doris-2:M:up doris-3:f:up]
23:52:00 #93 OK SELECT id=3554040 via doris-2 rows=10023 [doris-1:f:DOWN doris-2:M:up doris-3:f:up]
23:52:01 #94 OK SELECT id=3554040 via doris-2 rows=10022 [doris-1:f:DOWN doris-2:M:up doris-3:f:up]
23:52:02 #95 OK SELECT id=3554040 via doris-2 rows=10023 [doris-1:f:DOWN doris-2:M:up doris-3:f:up]
23:52:03 #96 OK SELECT id=3554040 via doris-2 rows=10023 [doris-1:f:DOWN doris-2:M:up doris-3:f:up]
23:52:04 #97 OK SELECT id=3554040 via doris-2 rows=10023 [doris-1:f:DOWN doris-2:M:up doris-3:f:up]
23:52:05 #98 OK SELECT id=3554040 via doris-2 rows=10023 [doris-1:f:DOWN doris-2:M:up doris-3:f:up]
23:52:06 #99 OK SELECT id=3554040 via doris-2 rows=10023 [doris-1:f:DOWN doris-2:M:up doris-3:f:up]
23:52:07 #100 OK SELECT id=3554040 via doris-2 rows=10024 [doris-1:f:DOWN doris-2:M:up doris-3:f:up]
23:52:08 #101 OK SELECT id=3554040 via doris-2 rows=10024 [doris-1:f:DOWN doris-2:M:up doris-3:f:up]
23:52:09 #102 OK SELECT id=3554040 via doris-2 rows=10023 [doris-1:f:DOWN doris-2:M:up doris-3:f:up]
23:52:10 #103 OK SELECT id=3554040 via doris-2 rows=10022 [doris-1:f:DOWN doris-2:M:up doris-3:f:up]
23:52:11 #104 OK SELECT id=3554040 via doris-2 rows=10023 [doris-1:f:DOWN doris-2:M:up doris-3:f:up]
23:52:12 #105 OK SELECT id=3554040 via doris-2 rows=10024 [doris-1:f:DOWN doris-2:M:up doris-3:f:up]
23:52:13 #106 OK SELECT id=3554040 via doris-2 rows=10024 [doris-1:f:DOWN doris-2:M:up doris-3:f:up]
23:52:14 #107 OK SELECT id=3554040 via doris-2 rows=10023 [doris-1:f:DOWN doris-2:M:up doris-3:f:up]
23:52:15 #108 OK SELECT id=3554040 via doris-2 rows=10022 [doris-1:f:DOWN doris-2:M:up doris-3:f:up]
23:52:17 #109 OK SELECT id=3554040 via doris-2 rows=10023 [doris-1:f:DOWN doris-2:M:up doris-3:f:up]
23:52:18 #110 OK SELECT id=3554040 via doris-2 rows=10024 [doris-1:f:DOWN doris-2:M:up doris-3:f:up]
23:52:19 #111 OK SELECT id=3554040 via doris-2 rows=10024 [doris-1:f:DOWN doris-2:M:up doris-3:f:up]
23:52:20 #112 OK SELECT id=3554040 via doris-2 rows=10023 [doris-1:f:DOWN doris-2:M:up doris-3:f:up]
23:52:21 #113 OK SELECT id=3554040 via doris-2 rows=10022 [doris-1:f:DOWN doris-2:M:up doris-3:f:up]
23:52:22 #114 OK SELECT id=3554040 via doris-2 rows=10023 [doris-1:f:DOWN doris-2:M:up doris-3:f:up]
23:52:23 #115 OK SELECT id=3554040 via doris-2 rows=10024 [doris-1:f:DOWN doris-2:M:up doris-3:f:up]
23:52:24 #116 OK SELECT id=3554040 via doris-2 rows=10024 [doris-1:f:DOWN doris-2:M:up doris-3:f:up]
23:52:25 #117 OK SELECT id=3554040 via doris-2 rows=10024 [doris-1:f:DOWN doris-2:M:up doris-3:f:up]
23:52:26 #118 OK SELECT id=3554040 via doris-2 rows=10023 [doris-1:f:DOWN doris-2:M:up doris-3:f:up]
23:52:27 #119 OK SELECT id=3554040 via doris-2 rows=10023 [doris-1:f:DOWN doris-2:M:up doris-3:f:up]
23:52:28 #120 OK SELECT id=3554040 via doris-2 rows=10023 [doris-1:f:DOWN doris-2:M:up doris-3:f:up]
23:52:29 #121 OK SELECT id=3554040 via doris-2 rows=10023 [doris-1:f:DOWN doris-2:M:up doris-3:f:up]
23:52:30 #122 OK SELECT id=3554040 via doris-2 rows=10024 [doris-1:f:DOWN doris-2:M:up doris-3:f:up]
23:52:31 #123 OK SELECT id=3554040 via doris-2 rows=10023 [doris-1:f:DOWN doris-2:M:up doris-3:f:up]
23:52:32 #124 OK SELECT id=3554040 via doris-2 rows=10023 [doris-1:f:DOWN doris-2:M:up doris-3:f:up]
23:52:33 #125 OK SELECT id=3554040 via doris-2 rows=10023 [doris-1:f:DOWN doris-2:M:up doris-3:f:up]
23:52:35 #126 OK SELECT id=3554040 via doris-2 rows=10023 [doris-1:f:DOWN doris-2:M:up doris-3:f:up]
23:52:36 #127 OK SELECT id=3554040 via doris-2 rows=10024 [doris-1:f:DOWN doris-2:M:up doris-3:f:up]
23:52:37 #128 OK SELECT id=3554040 via doris-2 rows=10023 [doris-1:f:DOWN doris-2:M:up doris-3:f:up]
23:52:38 #129 OK SELECT id=3554040 via doris-2 rows=10023 [doris-1:f:DOWN doris-2:M:up doris-3:f:up]
23:52:39 #130 OK SELECT id=3554040 via doris-2 rows=10023 [doris-1:f:DOWN doris-2:M:up doris-3:f:up]
23:52:40 #131 OK SELECT id=3554040 via doris-2 rows=10023 [doris-1:f:DOWN doris-2:M:up doris-3:f:up]
23:52:41 #132 OK SELECT id=3554040 via doris-2 rows=10024 [doris-1:f:DOWN doris-2:M:up doris-3:f:up]
23:52:42 #133 OK SELECT id=3554040 via doris-2 rows=10023 [doris-1:f:DOWN doris-2:M:up doris-3:f:up]
23:52:43 #134 OK SELECT id=3554040 via doris-2 rows=10023 [doris-1:f:DOWN doris-2:M:up doris-3:f:up]
23:52:44 #135 OK SELECT id=3554040 via doris-2 rows=10024 [doris-1:f:DOWN doris-2:M:up doris-3:f:up]
23:52:44 EVENT restore: start doris-1
23:52:45 #136 OK SELECT id=3554040 via doris-2 rows=10024 [doris-1:f:DOWN doris-2:M:up doris-3:f:up]
23:52:46 #137 OK SELECT id=3554040 via doris-2 rows=10024 [doris-1:f:DOWN doris-2:M:up doris-3:f:up]
23:52:47 #138 OK SELECT id=3554040 via doris-2 rows=10022 [doris-1:f:DOWN doris-2:M:up doris-3:f:up]
23:52:48 #139 OK SELECT id=3554040 via doris-2 rows=10022 [doris-1:f:DOWN doris-2:M:up doris-3:f:up]
23:52:49 #140 OK SELECT id=3554040 via doris-2 rows=10024 [doris-1:f:DOWN doris-2:M:up doris-3:f:up]
23:52:50 #141 OK SELECT id=3554040 via doris-2 rows=10024 [doris-1:f:DOWN doris-2:M:up doris-3:f:up]
23:52:51 #142 OK SELECT id=3554040 via doris-2 rows=10024 [doris-1:f:DOWN doris-2:M:up doris-3:f:up]
23:52:53 #143 OK SELECT id=3554040 via doris-2 rows=10022 [doris-1:f:DOWN doris-2:M:up doris-3:f:up]
23:52:54 #144 OK SELECT id=3554040 via doris-2 rows=10022 [doris-1:f:DOWN doris-2:M:up doris-3:f:up]
23:52:55 #145 OK SELECT id=3554040 via doris-2 rows=10024 [doris-1:f:DOWN doris-2:M:up doris-3:f:up]
23:52:56 #146 OK SELECT id=3554040 via doris-2 rows=10024 [doris-1:f:DOWN doris-2:M:up doris-3:f:up]
23:52:57 #147 OK SELECT id=3554040 via doris-2 rows=10024 [doris-1:f:DOWN doris-2:M:up doris-3:f:up]
23:52:58 #148 OK SELECT id=3554040 via doris-2 rows=10022 [doris-1:f:DOWN doris-2:M:up doris-3:f:up]
23:52:59 #149 OK SELECT id=3554040 via doris-2 rows=10022 [doris-1:f:DOWN doris-2:M:up doris-3:f:up]
23:53:00 #150 OK SELECT id=3554040 via doris-2 rows=10024 [doris-1:f:DOWN doris-2:M:up doris-3:f:up]
23:53:01 #151 OK SELECT id=3554040 via doris-2 rows=10024 [doris-1:f:DOWN doris-2:M:up doris-3:f:up]
23:53:02 #152 OK SELECT id=3554040 via doris-2 rows=10024 [doris-1:f:DOWN doris-2:M:up doris-3:f:up]
23:53:03 #153 OK SELECT id=3554040 via doris-2 rows=10022 [doris-1:f:DOWN doris-2:M:up doris-3:f:up]
23:53:04 #154 OK SELECT id=3554040 via doris-2 rows=10022 [doris-1:f:DOWN doris-2:M:up doris-3:f:up]
23:53:05 #155 OK SELECT id=3554040 via doris-2 rows=10024 [doris-1:f:DOWN doris-2:M:up doris-3:f:up]
23:53:06 #156 OK SELECT id=3554040 via doris-2 rows=10024 [doris-1:f:DOWN doris-2:M:up doris-3:f:up]
23:53:07 #157 OK SELECT id=3554040 via doris-2 rows=10024 [doris-1:f:DOWN doris-2:M:up doris-3:f:up]
23:53:08 #158 OK SELECT id=3554040 via doris-2 rows=10022 [doris-1:f:DOWN doris-2:M:up doris-3:f:up]
23:53:09 #159 OK SELECT id=3554040 via doris-2 rows=10022 [doris-1:f:DOWN doris-2:M:up doris-3:f:up]
23:53:10 #160 OK SELECT id=3554040 via doris-2 rows=10024 [doris-1:f:DOWN doris-2:M:up doris-3:f:up]
23:53:12 #161 OK SELECT id=3554040 via doris-2 rows=10024 [doris-1:f:DOWN doris-2:M:up doris-3:f:up]
23:53:13 #162 OK SELECT id=3554040 via doris-2 rows=10024 [doris-1:f:DOWN doris-2:M:up doris-3:f:up]
23:53:14 #163 OK SELECT id=3554040 via doris-2 rows=10022 [doris-1:f:DOWN doris-2:M:up doris-3:f:up]
23:53:15 #164 OK SELECT id=3554040 via doris-2 rows=10022 [doris-1:f:DOWN doris-2:M:up doris-3:f:up]
23:53:16 #165 OK SELECT id=3554040 via doris-2 rows=10024 [doris-1:f:DOWN doris-2:M:up doris-3:f:up]
23:53:17 #166 OK SELECT id=3554040 via doris-2 rows=10024 [doris-1:f:DOWN doris-2:M:up doris-3:f:up]
23:53:18 #167 OK SELECT id=3554040 via doris-2 rows=10024 [doris-1:f:DOWN doris-2:M:up doris-3:f:up]
23:53:19 #168 OK SELECT id=3554040 via doris-2 rows=10022 [doris-1:f:DOWN doris-2:M:up doris-3:f:up]
23:53:20 #169 OK SELECT id=3554040 via doris-2 rows=10022 [doris-1:f:up doris-2:M:up doris-3:f:up]
23:53:21 #170 OK SELECT id=3554040 via doris-2 rows=10024 [doris-1:f:up doris-2:M:up doris-3:f:up]
23:53:22 #171 OK SELECT id=3554040 via doris-2 rows=10024 [doris-1:f:up doris-2:M:up doris-3:f:up]
23:53:23 #172 OK SELECT id=3554040 via doris-2 rows=10024 [doris-1:f:up doris-2:M:up doris-3:f:up]
23:53:24 #173 OK SELECT id=3554040 via doris-2 rows=10022 [doris-1:f:up doris-2:M:up doris-3:f:up]
23:53:25 #174 OK SELECT id=3554040 via doris-2 rows=10022 [doris-1:f:up doris-2:M:up doris-3:f:up]
23:53:26 #175 OK SELECT id=3554040 via doris-2 rows=10024 [doris-1:f:up doris-2:M:up doris-3:f:up]
23:53:27 #176 OK SELECT id=3554040 via doris-2 rows=10024 [doris-1:f:up doris-2:M:up doris-3:f:up]
23:53:29 #177 OK SELECT id=3554040 via doris-2 rows=10024 [doris-1:f:up doris-2:M:up doris-3:f:up]
23:53:29 EVENT restore: cluster healthy
23:53:30 #178 OK SELECT id=3554040 via doris-2 rows=10022 [doris-1:f:up doris-2:M:up doris-3:f:up]
23:53:31 #179 OK SELECT id=3554040 via doris-2 rows=10022 [doris-1:f:up doris-2:M:up doris-3:f:up]
23:53:32 #180 OK SELECT id=3554040 via doris-2 rows=10024 [doris-1:f:up doris-2:M:up doris-3:f:up]
23:53:33 #181 OK SELECT id=3554040 via doris-2 rows=10024 [doris-1:f:up doris-2:M:up doris-3:f:up]
23:53:34 #182 OK SELECT id=3554040 via doris-2 rows=10024 [doris-1:f:up doris-2:M:up doris-3:f:up]
23:53:35 #183 OK SELECT id=3554040 via doris-2 rows=10022 [doris-1:f:up doris-2:M:up doris-3:f:up]
23:53:36 #184 OK SELECT id=3554040 via doris-2 rows=10022 [doris-1:f:up doris-2:M:up doris-3:f:up]
23:53:37 #185 OK SELECT id=3554040 via doris-2 rows=10023 [doris-1:f:up doris-2:M:up doris-3:f:up]
23:53:38 #186 OK SELECT id=3554040 via doris-2 rows=10024 [doris-1:f:up doris-2:M:up doris-3:f:up]
23:53:39 #187 OK SELECT id=3554040 via doris-2 rows=10024 [doris-1:f:up doris-2:M:up doris-3:f:up]
23:53:40 #188 OK SELECT id=3554040 via doris-2 rows=10024 [doris-1:f:up doris-2:M:up doris-3:f:up]
23:53:41 #189 OK SELECT id=3554040 via doris-2 rows=10022 [doris-1:f:up doris-2:M:up doris-3:f:up]
23:53:42 #190 OK SELECT id=3554040 via doris-2 rows=10022 [doris-1:f:up doris-2:M:up doris-3:f:up]
23:53:43 #191 OK SELECT id=3554040 via doris-2 rows=10024 [doris-1:f:up doris-2:M:up doris-3:f:up]
23:53:45 #192 OK SELECT id=3554040 via doris-2 rows=10024 [doris-1:f:up doris-2:M:up doris-3:f:up]
23:53:46 #193 OK SELECT id=3554040 via doris-2 rows=10024 [doris-1:f:up doris-2:M:up doris-3:f:up]
23:53:47 #194 OK SELECT id=3554040 via doris-2 rows=10022 [doris-1:f:up doris-2:M:up doris-3:f:up]
23:53:48 #195 OK SELECT id=3554040 via doris-2 rows=10022 [doris-1:f:up doris-2:M:up doris-3:f:up]
23:53:49 #196 OK SELECT id=3554040 via doris-2 rows=10024 [doris-1:f:up doris-2:M:up doris-3:f:up]
23:53:50 #197 OK SELECT id=3554040 via doris-2 rows=10024 [doris-1:f:up doris-2:M:up doris-3:f:up]
23:53:51 #198 OK SELECT id=3554040 via doris-2 rows=10024 [doris-1:f:up doris-2:M:up doris-3:f:up]
23:53:52 #199 OK SELECT id=3554040 via doris-2 rows=10022 [doris-1:f:up doris-2:M:up doris-3:f:up]
23:53:53 #200 OK SELECT id=3554040 via doris-2 rows=10022 [doris-1:f:up doris-2:M:up doris-3:f:up]
23:53:54 #201 OK SELECT id=3554040 via doris-2 rows=10024 [doris-1:f:up doris-2:M:up doris-3:f:up]
23:53:55 #202 OK SELECT id=3554040 via doris-2 rows=10024 [doris-1:f:up doris-2:M:up doris-3:f:up]
23:53:56 #203 OK SELECT id=3554040 via doris-2 rows=10024 [doris-1:f:up doris-2:M:up doris-3:f:up]
23:53:57 #204 OK SELECT id=3554040 via doris-2 rows=10022 [doris-1:f:up doris-2:M:up doris-3:f:up]
23:53:58 #205 OK SELECT id=3554040 via doris-2 rows=10022 [doris-1:f:up doris-2:M:up doris-3:f:up]
23:53:59 #206 OK SELECT id=3554040 via doris-2 rows=10024 [doris-1:f:up doris-2:M:up doris-3:f:up]
