23:50:05 PROBE start proto=jdbc hosts=doris-1,doris-2,doris-3 duration=86400s cycle=INSERT>UPSERT>SELECT>DELETE>SELECT url=jdbc:mysql://10.140.0.2:9030,10.140.0.3:9030,10.140.0.4:9030/hatest
23:50:05 connected to doris-1 (driver-selected host)
23:50:05 #1 OK INSERT id=2554040 via doris-1 rows=10022 [doris-1:f:up doris-2:M:up doris-3:f:up]
23:50:06 #2 OK UPSERT id=2554040 via doris-1 rows=10022 [doris-1:f:up doris-2:M:up doris-3:f:up]
23:50:07 #3 OK SELECT id=2554040 via doris-1 rows=10022 [doris-1:f:up doris-2:M:up doris-3:f:up]
23:50:08 #4 OK DELETE id=2554040 via doris-1 rows=10020 [doris-1:f:up doris-2:M:up doris-3:f:up]
23:50:09 #5 OK SELECT id=2554040 via doris-1 rows=10020 [doris-1:f:up doris-2:M:up doris-3:f:up]
23:50:11 #6 OK INSERT id=2554041 via doris-1 rows=10022 [doris-1:f:up doris-2:M:up doris-3:f:up]
23:50:12 #7 OK UPSERT id=2554041 via doris-1 rows=10022 [doris-1:f:up doris-2:M:up doris-3:f:up]
23:50:13 #8 OK SELECT id=2554041 via doris-1 rows=10022 [doris-1:f:up doris-2:M:up doris-3:f:up]
23:50:14 #9 OK DELETE id=2554041 via doris-1 rows=10020 [doris-1:f:up doris-2:M:up doris-3:f:up]
23:50:15 #10 OK SELECT id=2554041 via doris-1 rows=10020 [doris-1:f:up doris-2:M:up doris-3:f:up]
23:50:16 #11 OK INSERT id=2554042 via doris-1 rows=10022 [doris-1:f:up doris-2:M:up doris-3:f:up]
23:50:17 #12 OK UPSERT id=2554042 via doris-1 rows=10022 [doris-1:f:up doris-2:M:up doris-3:f:up]
23:50:18 #13 OK SELECT id=2554042 via doris-1 rows=10022 [doris-1:f:up doris-2:M:up doris-3:f:up]
23:50:19 #14 OK DELETE id=2554042 via doris-1 rows=10020 [doris-1:f:up doris-2:M:up doris-3:f:up]
23:50:20 #15 OK SELECT id=2554042 via doris-1 rows=10020 [doris-1:f:up doris-2:M:up doris-3:f:up]
23:50:21 #16 OK INSERT id=2554043 via doris-1 rows=10022 [doris-1:f:up doris-2:M:up doris-3:f:up]
23:50:22 #17 OK UPSERT id=2554043 via doris-1 rows=10022 [doris-1:f:up doris-2:M:up doris-3:f:up]
23:50:23 #18 OK SELECT id=2554043 via doris-1 rows=10022 [doris-1:f:up doris-2:M:up doris-3:f:up]
23:50:24 #19 OK DELETE id=2554043 via doris-1 rows=10020 [doris-1:f:up doris-2:M:up doris-3:f:up]
23:50:25 #20 OK SELECT id=2554043 via doris-1 rows=10020 [doris-1:f:up doris-2:M:up doris-3:f:up]
23:50:26 #21 OK INSERT id=2554044 via doris-1 rows=10022 [doris-1:f:up doris-2:M:up doris-3:f:up]
23:50:28 #22 OK UPSERT id=2554044 via doris-1 rows=10022 [doris-1:f:up doris-2:M:up doris-3:f:up]
23:50:29 #23 OK SELECT id=2554044 via doris-1 rows=10022 [doris-1:f:up doris-2:M:up doris-3:f:up]
23:50:30 #24 OK DELETE id=2554044 via doris-1 rows=10020 [doris-1:f:up doris-2:M:up doris-3:f:up]
23:50:31 #25 OK SELECT id=2554044 via doris-1 rows=10020 [doris-1:f:up doris-2:M:up doris-3:f:up]
23:50:32 #26 OK INSERT id=2554045 via doris-1 rows=10022 [doris-1:f:up doris-2:M:up doris-3:f:up]
23:50:33 #27 OK UPSERT id=2554045 via doris-1 rows=10022 [doris-1:f:up doris-2:M:up doris-3:f:up]
23:50:34 #28 OK SELECT id=2554045 via doris-1 rows=10022 [doris-1:f:up doris-2:M:up doris-3:f:up]
23:50:35 #29 OK DELETE id=2554045 via doris-1 rows=10020 [doris-1:f:up doris-2:M:up doris-3:f:up]
23:50:36 #30 OK SELECT id=2554045 via doris-1 rows=10020 [doris-1:f:up doris-2:M:up doris-3:f:up]
23:50:37 #31 OK INSERT id=2554046 via doris-1 rows=10022 [doris-1:f:up doris-2:M:up doris-3:f:up]
23:50:38 #32 OK UPSERT id=2554046 via doris-1 rows=10022 [doris-1:f:up doris-2:M:up doris-3:f:up]
23:50:39 #33 OK SELECT id=2554046 via doris-1 rows=10022 [doris-1:f:up doris-2:M:up doris-3:f:up]
23:50:39 EVENT break: vm stop on doris-1 (FE follower)
23:50:40 #34 OK DELETE id=2554046 via doris-1 rows=10020 [doris-1:f:up doris-2:M:up doris-3:f:up]
23:50:41 #35 OK SELECT id=2554046 via doris-1 rows=10020 [doris-1:f:up doris-2:M:up doris-3:f:up]
23:50:42 #36 FAIL INSERT id=2554047 via doris-1: CommunicationsException: Communications link failure  The last packet successfully received from the server was 1,023 milliseconds ago.
23:50:43 connected to doris-2 (driver-selected host)
23:50:44 #37 FAIL INSERT id=2554048 via doris-2: SQLException: send fragments failed. io.grpc.StatusRuntimeException: UNAVAILABLE: io exception, host: 10.140.0.2
23:50:45 connected to doris-2 (driver-selected host)
23:50:45 #38 FAIL INSERT id=2554049 via doris-2: SQLException: send fragments failed. io.grpc.StatusRuntimeException: UNAVAILABLE: io exception, host: 10.140.0.2
23:50:58 connected to doris-2 (driver-selected host)
23:51:01 #39 OK INSERT id=2554050 via doris-2 rows=10023 [doris-1:f:DOWN doris-2:M:up doris-3:f:up] (recovered)
23:51:03 #40 OK UPSERT id=2554050 via doris-2 rows=10023 [doris-1:f:DOWN doris-2:M:up doris-3:f:up]
23:51:03 EVENT break: doris-1 is down
23:51:04 #41 OK SELECT id=2554050 via doris-2 rows=10023 [doris-1:f:DOWN doris-2:M:up doris-3:f:up]
23:51:05 #42 OK DELETE id=2554050 via doris-2 rows=10022 [doris-1:f:DOWN doris-2:M:up doris-3:f:up]
23:51:06 #43 OK SELECT id=2554050 via doris-2 rows=10022 [doris-1:f:DOWN doris-2:M:up doris-3:f:up]
23:51:07 #44 OK INSERT id=2554051 via doris-2 rows=10023 [doris-1:f:DOWN doris-2:M:up doris-3:f:up]
23:51:08 #45 OK UPSERT id=2554051 via doris-2 rows=10024 [doris-1:f:DOWN doris-2:M:up doris-3:f:up]
23:51:09 #46 OK SELECT id=2554051 via doris-2 rows=10024 [doris-1:f:DOWN doris-2:M:up doris-3:f:up]
23:51:10 #47 OK DELETE id=2554051 via doris-2 rows=10023 [doris-1:f:DOWN doris-2:M:up doris-3:f:up]
23:51:11 #48 OK SELECT id=2554051 via doris-2 rows=10022 [doris-1:f:DOWN doris-2:M:up doris-3:f:up]
23:51:12 #49 OK INSERT id=2554052 via doris-2 rows=10023 [doris-1:f:DOWN doris-2:M:up doris-3:f:up]
23:51:14 #50 OK UPSERT id=2554052 via doris-2 rows=10024 [doris-1:f:DOWN doris-2:M:up doris-3:f:up]
23:51:15 #51 OK SELECT id=2554052 via doris-2 rows=10024 [doris-1:f:DOWN doris-2:M:up doris-3:f:up]
23:51:16 #52 OK DELETE id=2554052 via doris-2 rows=10023 [doris-1:f:DOWN doris-2:M:up doris-3:f:up]
23:51:17 #53 OK SELECT id=2554052 via doris-2 rows=10022 [doris-1:f:DOWN doris-2:M:up doris-3:f:up]
23:51:18 #54 OK INSERT id=2554053 via doris-2 rows=10023 [doris-1:f:DOWN doris-2:M:up doris-3:f:up]
23:51:22 #55 OK UPSERT id=2554053 via doris-2 rows=10023 [doris-1:f:DOWN doris-2:M:up doris-3:f:up]
23:51:23 #56 OK SELECT id=2554053 via doris-2 rows=10023 [doris-1:f:DOWN doris-2:M:up doris-3:f:up]
23:51:24 #57 OK DELETE id=2554053 via doris-2 rows=10023 [doris-1:f:DOWN doris-2:M:up doris-3:f:up]
23:51:25 #58 OK SELECT id=2554053 via doris-2 rows=10023 [doris-1:f:DOWN doris-2:M:up doris-3:f:up]
23:51:26 #59 OK INSERT id=2554054 via doris-2 rows=10024 [doris-1:f:DOWN doris-2:M:up doris-3:f:up]
23:51:27 #60 OK UPSERT id=2554054 via doris-2 rows=10023 [doris-1:f:DOWN doris-2:M:up doris-3:f:up]
23:51:29 #61 OK SELECT id=2554054 via doris-2 rows=10023 [doris-1:f:DOWN doris-2:M:up doris-3:f:up]
23:51:30 #62 OK DELETE id=2554054 via doris-2 rows=10023 [doris-1:f:DOWN doris-2:M:up doris-3:f:up]
23:51:31 #63 OK SELECT id=2554054 via doris-2 rows=10023 [doris-1:f:DOWN doris-2:M:up doris-3:f:up]
23:51:32 #64 OK INSERT id=2554055 via doris-2 rows=10024 [doris-1:f:DOWN doris-2:M:up doris-3:f:up]
23:51:33 #65 OK UPSERT id=2554055 via doris-2 rows=10023 [doris-1:f:DOWN doris-2:M:up doris-3:f:up]
23:51:34 #66 OK SELECT id=2554055 via doris-2 rows=10023 [doris-1:f:DOWN doris-2:M:up doris-3:f:up]
23:51:35 #67 OK DELETE id=2554055 via doris-2 rows=10023 [doris-1:f:DOWN doris-2:M:up doris-3:f:up]
23:51:36 #68 OK SELECT id=2554055 via doris-2 rows=10023 [doris-1:f:DOWN doris-2:M:up doris-3:f:up]
23:51:37 #69 OK INSERT id=2554056 via doris-2 rows=10024 [doris-1:f:DOWN doris-2:M:up doris-3:f:up]
23:51:38 #70 OK UPSERT id=2554056 via doris-2 rows=10023 [doris-1:f:DOWN doris-2:M:up doris-3:f:up]
23:51:42 #71 OK SELECT id=2554056 via doris-2 rows=10023 [doris-1:f:DOWN doris-2:M:up doris-3:f:up]
23:51:44 #72 OK DELETE id=2554056 via doris-2 rows=10022 [doris-1:f:DOWN doris-2:M:up doris-3:f:up]
23:51:45 #73 OK SELECT id=2554056 via doris-2 rows=10022 [doris-1:f:DOWN doris-2:M:up doris-3:f:up]
23:51:46 #74 OK INSERT id=2554057 via doris-2 rows=10024 [doris-1:f:DOWN doris-2:M:up doris-3:f:up]
23:51:47 #75 OK UPSERT id=2554057 via doris-2 rows=10024 [doris-1:f:DOWN doris-2:M:up doris-3:f:up]
23:51:48 #76 OK SELECT id=2554057 via doris-2 rows=10024 [doris-1:f:DOWN doris-2:M:up doris-3:f:up]
23:51:49 #77 OK DELETE id=2554057 via doris-2 rows=10022 [doris-1:f:DOWN doris-2:M:up doris-3:f:up]
23:51:50 #78 OK SELECT id=2554057 via doris-2 rows=10022 [doris-1:f:DOWN doris-2:M:up doris-3:f:up]
23:51:51 #79 OK INSERT id=2554058 via doris-2 rows=10024 [doris-1:f:DOWN doris-2:M:up doris-3:f:up]
23:51:52 #80 OK UPSERT id=2554058 via doris-2 rows=10024 [doris-1:f:DOWN doris-2:M:up doris-3:f:up]
23:51:53 #81 OK SELECT id=2554058 via doris-2 rows=10024 [doris-1:f:DOWN doris-2:M:up doris-3:f:up]
23:51:54 #82 OK DELETE id=2554058 via doris-2 rows=10022 [doris-1:f:DOWN doris-2:M:up doris-3:f:up]
23:51:55 #83 OK SELECT id=2554058 via doris-2 rows=10022 [doris-1:f:DOWN doris-2:M:up doris-3:f:up]
23:51:56 #84 OK INSERT id=2554059 via doris-2 rows=10024 [doris-1:f:DOWN doris-2:M:up doris-3:f:up]
23:51:58 #85 OK UPSERT id=2554059 via doris-2 rows=10024 [doris-1:f:DOWN doris-2:M:up doris-3:f:up]
23:51:59 #86 OK SELECT id=2554059 via doris-2 rows=10024 [doris-1:f:DOWN doris-2:M:up doris-3:f:up]
23:52:00 #87 OK DELETE id=2554059 via doris-2 rows=10022 [doris-1:f:DOWN doris-2:M:up doris-3:f:up]
23:52:04 #88 OK SELECT id=2554059 via doris-2 rows=10023 [doris-1:f:DOWN doris-2:M:up doris-3:f:up]
23:52:05 #89 OK INSERT id=2554060 via doris-2 rows=10023 [doris-1:f:DOWN doris-2:M:up doris-3:f:up]
23:52:06 #90 OK UPSERT id=2554060 via doris-2 rows=10023 [doris-1:f:DOWN doris-2:M:up doris-3:f:up]
23:52:07 #91 OK SELECT id=2554060 via doris-2 rows=10024 [doris-1:f:DOWN doris-2:M:up doris-3:f:up]
23:52:08 #92 OK DELETE id=2554060 via doris-2 rows=10023 [doris-1:f:DOWN doris-2:M:up doris-3:f:up]
23:52:09 #93 OK SELECT id=2554060 via doris-2 rows=10023 [doris-1:f:DOWN doris-2:M:up doris-3:f:up]
23:52:10 #94 OK INSERT id=2554061 via doris-2 rows=10023 [doris-1:f:DOWN doris-2:M:up doris-3:f:up]
23:52:11 #95 OK UPSERT id=2554061 via doris-2 rows=10023 [doris-1:f:DOWN doris-2:M:up doris-3:f:up]
23:52:12 #96 OK SELECT id=2554061 via doris-2 rows=10024 [doris-1:f:DOWN doris-2:M:up doris-3:f:up]
23:52:13 #97 OK DELETE id=2554061 via doris-2 rows=10023 [doris-1:f:DOWN doris-2:M:up doris-3:f:up]
23:52:15 #98 OK SELECT id=2554061 via doris-2 rows=10023 [doris-1:f:DOWN doris-2:M:up doris-3:f:up]
23:52:16 #99 OK INSERT id=2554062 via doris-2 rows=10023 [doris-1:f:DOWN doris-2:M:up doris-3:f:up]
23:52:17 #100 OK UPSERT id=2554062 via doris-2 rows=10023 [doris-1:f:DOWN doris-2:M:up doris-3:f:up]
23:52:18 #101 OK SELECT id=2554062 via doris-2 rows=10024 [doris-1:f:DOWN doris-2:M:up doris-3:f:up]
23:52:19 #102 OK DELETE id=2554062 via doris-2 rows=10023 [doris-1:f:DOWN doris-2:M:up doris-3:f:up]
23:52:20 #103 OK SELECT id=2554062 via doris-2 rows=10023 [doris-1:f:DOWN doris-2:M:up doris-3:f:up]
23:52:24 #104 OK INSERT id=2554063 via doris-2 rows=10023 [doris-1:f:DOWN doris-2:M:up doris-3:f:up]
23:52:25 #105 OK UPSERT id=2554063 via doris-2 rows=10024 [doris-1:f:DOWN doris-2:M:up doris-3:f:up]
23:52:26 #106 OK SELECT id=2554063 via doris-2 rows=10023 [doris-1:f:DOWN doris-2:M:up doris-3:f:up]
23:52:27 #107 OK DELETE id=2554063 via doris-2 rows=10022 [doris-1:f:DOWN doris-2:M:up doris-3:f:up]
23:52:28 #108 OK SELECT id=2554063 via doris-2 rows=10023 [doris-1:f:DOWN doris-2:M:up doris-3:f:up]
23:52:29 #109 OK INSERT id=2554064 via doris-2 rows=10024 [doris-1:f:DOWN doris-2:M:up doris-3:f:up]
23:52:30 #110 OK UPSERT id=2554064 via doris-2 rows=10024 [doris-1:f:DOWN doris-2:M:up doris-3:f:up]
23:52:32 #111 OK SELECT id=2554064 via doris-2 rows=10023 [doris-1:f:DOWN doris-2:M:up doris-3:f:up]
23:52:33 #112 OK DELETE id=2554064 via doris-2 rows=10022 [doris-1:f:DOWN doris-2:M:up doris-3:f:up]
23:52:34 #113 OK SELECT id=2554064 via doris-2 rows=10023 [doris-1:f:DOWN doris-2:M:up doris-3:f:up]
23:52:35 #114 OK INSERT id=2554065 via doris-2 rows=10024 [doris-1:f:DOWN doris-2:M:up doris-3:f:up]
23:52:36 #115 OK UPSERT id=2554065 via doris-2 rows=10024 [doris-1:f:DOWN doris-2:M:up doris-3:f:up]
23:52:37 #116 OK SELECT id=2554065 via doris-2 rows=10023 [doris-1:f:DOWN doris-2:M:up doris-3:f:up]
23:52:38 #117 OK DELETE id=2554065 via doris-2 rows=10022 [doris-1:f:DOWN doris-2:M:up doris-3:f:up]
23:52:39 #118 OK SELECT id=2554065 via doris-2 rows=10023 [doris-1:f:DOWN doris-2:M:up doris-3:f:up]
23:52:40 #119 OK INSERT id=2554066 via doris-2 rows=10024 [doris-1:f:DOWN doris-2:M:up doris-3:f:up]
23:52:41 #120 OK UPSERT id=2554066 via doris-2 rows=10024 [doris-1:f:DOWN doris-2:M:up doris-3:f:up]
23:52:44 EVENT restore: start doris-1
23:52:45 #121 OK SELECT id=2554066 via doris-2 rows=10023 [doris-1:f:DOWN doris-2:M:up doris-3:f:up]
23:52:46 #122 OK DELETE id=2554066 via doris-2 rows=10023 [doris-1:f:DOWN doris-2:M:up doris-3:f:up]
23:52:47 #123 OK SELECT id=2554066 via doris-2 rows=10022 [doris-1:f:DOWN doris-2:M:up doris-3:f:up]
23:52:48 #124 OK INSERT id=2554067 via doris-2 rows=10023 [doris-1:f:DOWN doris-2:M:up doris-3:f:up]
23:52:50 #125 OK UPSERT id=2554067 via doris-2 rows=10024 [doris-1:f:DOWN doris-2:M:up doris-3:f:up]
23:52:51 #126 OK SELECT id=2554067 via doris-2 rows=10024 [doris-1:f:DOWN doris-2:M:up doris-3:f:up]
23:52:52 #127 OK DELETE id=2554067 via doris-2 rows=10023 [doris-1:f:DOWN doris-2:M:up doris-3:f:up]
23:52:53 #128 OK SELECT id=2554067 via doris-2 rows=10022 [doris-1:f:DOWN doris-2:M:up doris-3:f:up]
23:52:54 #129 OK INSERT id=2554068 via doris-2 rows=10023 [doris-1:f:DOWN doris-2:M:up doris-3:f:up]
23:52:55 #130 OK UPSERT id=2554068 via doris-2 rows=10024 [doris-1:f:DOWN doris-2:M:up doris-3:f:up]
23:52:56 #131 OK SELECT id=2554068 via doris-2 rows=10024 [doris-1:f:DOWN doris-2:M:up doris-3:f:up]
23:52:57 #132 OK DELETE id=2554068 via doris-2 rows=10023 [doris-1:f:DOWN doris-2:M:up doris-3:f:up]
23:52:58 #133 OK SELECT id=2554068 via doris-2 rows=10022 [doris-1:f:DOWN doris-2:M:up doris-3:f:up]
23:52:59 #134 OK INSERT id=2554069 via doris-2 rows=10023 [doris-1:f:DOWN doris-2:M:up doris-3:f:up]
23:53:00 #135 OK UPSERT id=2554069 via doris-2 rows=10024 [doris-1:f:DOWN doris-2:M:up doris-3:f:up]
23:53:01 #136 OK SELECT id=2554069 via doris-2 rows=10024 [doris-1:f:DOWN doris-2:M:up doris-3:f:up]
23:53:02 #137 OK DELETE id=2554069 via doris-2 rows=10023 [doris-1:f:DOWN doris-2:M:up doris-3:f:up]
23:53:03 #138 OK SELECT id=2554069 via doris-2 rows=10022 [doris-1:f:DOWN doris-2:M:up doris-3:f:up]
23:53:05 #139 OK INSERT id=2554070 via doris-2 rows=10023 [doris-1:f:DOWN doris-2:M:up doris-3:f:up]
23:53:06 #140 OK UPSERT id=2554070 via doris-2 rows=10024 [doris-1:f:DOWN doris-2:M:up doris-3:f:up]
23:53:07 #141 OK SELECT id=2554070 via doris-2 rows=10024 [doris-1:f:DOWN doris-2:M:up doris-3:f:up]
23:53:08 #142 OK DELETE id=2554070 via doris-2 rows=10023 [doris-1:f:DOWN doris-2:M:up doris-3:f:up]
23:53:09 #143 OK SELECT id=2554070 via doris-2 rows=10022 [doris-1:f:DOWN doris-2:M:up doris-3:f:up]
23:53:10 #144 OK INSERT id=2554071 via doris-2 rows=10023 [doris-1:f:DOWN doris-2:M:up doris-3:f:up]
23:53:11 #145 OK UPSERT id=2554071 via doris-2 rows=10024 [doris-1:f:DOWN doris-2:M:up doris-3:f:up]
23:53:12 #146 OK SELECT id=2554071 via doris-2 rows=10024 [doris-1:f:DOWN doris-2:M:up doris-3:f:up]
23:53:13 #147 OK DELETE id=2554071 via doris-2 rows=10023 [doris-1:f:DOWN doris-2:M:up doris-3:f:up]
23:53:14 #148 OK SELECT id=2554071 via doris-2 rows=10022 [doris-1:f:DOWN doris-2:M:up doris-3:f:up]
23:53:15 #149 OK INSERT id=2554072 via doris-2 rows=10023 [doris-1:f:DOWN doris-2:M:up doris-3:f:up]
23:53:16 #150 OK UPSERT id=2554072 via doris-2 rows=10024 [doris-1:f:DOWN doris-2:M:up doris-3:f:up]
23:53:17 #151 OK SELECT id=2554072 via doris-2 rows=10024 [doris-1:f:DOWN doris-2:M:up doris-3:f:up]
23:53:19 #152 OK DELETE id=2554072 via doris-2 rows=10023 [doris-1:f:DOWN doris-2:M:up doris-3:f:up]
23:53:20 #153 OK SELECT id=2554072 via doris-2 rows=10022 [doris-1:f:up doris-2:M:up doris-3:f:up]
23:53:21 #154 OK INSERT id=2554073 via doris-2 rows=10023 [doris-1:f:up doris-2:M:up doris-3:f:up]
23:53:22 #155 OK UPSERT id=2554073 via doris-2 rows=10024 [doris-1:f:up doris-2:M:up doris-3:f:up]
23:53:23 #156 OK SELECT id=2554073 via doris-2 rows=10024 [doris-1:f:up doris-2:M:up doris-3:f:up]
23:53:24 #157 OK DELETE id=2554073 via doris-2 rows=10023 [doris-1:f:up doris-2:M:up doris-3:f:up]
23:53:25 #158 OK SELECT id=2554073 via doris-2 rows=10022 [doris-1:f:up doris-2:M:up doris-3:f:up]
23:53:26 #159 OK INSERT id=2554074 via doris-2 rows=10023 [doris-1:f:up doris-2:M:up doris-3:f:up]
23:53:27 #160 OK UPSERT id=2554074 via doris-2 rows=10024 [doris-1:f:up doris-2:M:up doris-3:f:up]
23:53:28 #161 OK SELECT id=2554074 via doris-2 rows=10024 [doris-1:f:up doris-2:M:up doris-3:f:up]
23:53:29 EVENT restore: cluster healthy
23:53:29 #162 OK DELETE id=2554074 via doris-2 rows=10023 [doris-1:f:up doris-2:M:up doris-3:f:up]
23:53:30 #163 OK SELECT id=2554074 via doris-2 rows=10022 [doris-1:f:up doris-2:M:up doris-3:f:up]
23:53:32 #164 OK INSERT id=2554075 via doris-2 rows=10023 [doris-1:f:up doris-2:M:up doris-3:f:up]
23:53:33 #165 OK UPSERT id=2554075 via doris-2 rows=10024 [doris-1:f:up doris-2:M:up doris-3:f:up]
23:53:34 #166 OK SELECT id=2554075 via doris-2 rows=10024 [doris-1:f:up doris-2:M:up doris-3:f:up]
23:53:35 #167 OK DELETE id=2554075 via doris-2 rows=10023 [doris-1:f:up doris-2:M:up doris-3:f:up]
23:53:36 #168 OK SELECT id=2554075 via doris-2 rows=10022 [doris-1:f:up doris-2:M:up doris-3:f:up]
23:53:37 #169 OK INSERT id=2554076 via doris-2 rows=10023 [doris-1:f:up doris-2:M:up doris-3:f:up]
23:53:38 #170 OK UPSERT id=2554076 via doris-2 rows=10024 [doris-1:f:up doris-2:M:up doris-3:f:up]
23:53:39 #171 OK SELECT id=2554076 via doris-2 rows=10024 [doris-1:f:up doris-2:M:up doris-3:f:up]
23:53:40 #172 OK DELETE id=2554076 via doris-2 rows=10022 [doris-1:f:up doris-2:M:up doris-3:f:up]
23:53:41 #173 OK SELECT id=2554076 via doris-2 rows=10022 [doris-1:f:up doris-2:M:up doris-3:f:up]
23:53:43 #174 OK INSERT id=2554077 via doris-2 rows=10024 [doris-1:f:up doris-2:M:up doris-3:f:up]
23:53:44 #175 OK UPSERT id=2554077 via doris-2 rows=10024 [doris-1:f:up doris-2:M:up doris-3:f:up]
23:53:45 #176 OK SELECT id=2554077 via doris-2 rows=10024 [doris-1:f:up doris-2:M:up doris-3:f:up]
23:53:46 #177 OK DELETE id=2554077 via doris-2 rows=10022 [doris-1:f:up doris-2:M:up doris-3:f:up]
23:53:47 #178 OK SELECT id=2554077 via doris-2 rows=10022 [doris-1:f:up doris-2:M:up doris-3:f:up]
23:53:48 #179 OK INSERT id=2554078 via doris-2 rows=10024 [doris-1:f:up doris-2:M:up doris-3:f:up]
23:53:49 #180 OK UPSERT id=2554078 via doris-2 rows=10024 [doris-1:f:up doris-2:M:up doris-3:f:up]
23:53:50 #181 OK SELECT id=2554078 via doris-2 rows=10024 [doris-1:f:up doris-2:M:up doris-3:f:up]
23:53:51 #182 OK DELETE id=2554078 via doris-2 rows=10022 [doris-1:f:up doris-2:M:up doris-3:f:up]
23:53:53 #183 OK SELECT id=2554078 via doris-2 rows=10022 [doris-1:f:up doris-2:M:up doris-3:f:up]
23:53:54 #184 OK INSERT id=2554079 via doris-2 rows=10024 [doris-1:f:up doris-2:M:up doris-3:f:up]
23:53:55 #185 OK UPSERT id=2554079 via doris-2 rows=10024 [doris-1:f:up doris-2:M:up doris-3:f:up]
23:53:56 #186 OK SELECT id=2554079 via doris-2 rows=10024 [doris-1:f:up doris-2:M:up doris-3:f:up]
23:53:57 #187 OK DELETE id=2554079 via doris-2 rows=10022 [doris-1:f:up doris-2:M:up doris-3:f:up]
23:53:58 #188 OK SELECT id=2554079 via doris-2 rows=10022 [doris-1:f:up doris-2:M:up doris-3:f:up]
