16:17:46 PROBE start proto=mysql hosts=doris-1,doris-2,doris-3 duration=86400s cycle=INSERT>UPSERT>SELECT>DELETE>SELECT
16:17:46 connected to doris-1 (10.140.0.2)
16:17:46 #1 OK INSERT id=1602660 via doris-1 rows=10171 [doris-1:f:up doris-2:M:up doris-3:f:up]
16:17:47 #2 OK UPSERT id=1602660 via doris-1 rows=10172 [doris-1:f:up doris-2:M:up doris-3:f:up]
16:17:48 #3 OK SELECT id=1602660 via doris-1 rows=10172 [doris-1:f:up doris-2:M:up doris-3:f:up]
16:17:49 #4 OK DELETE id=1602660 via doris-1 rows=10171 [doris-1:f:up doris-2:M:up doris-3:f:up]
16:17:50 #5 OK SELECT id=1602660 via doris-1 rows=10170 [doris-1:f:up doris-2:M:up doris-3:f:up]
16:17:51 #6 OK INSERT id=1602661 via doris-1 rows=10171 [doris-1:f:up doris-2:M:up doris-3:f:up]
16:17:53 #7 OK UPSERT id=1602661 via doris-1 rows=10172 [doris-1:f:up doris-2:M:up doris-3:f:up]
16:17:54 #8 OK SELECT id=1602661 via doris-1 rows=10172 [doris-1:f:up doris-2:M:up doris-3:f:up]
16:17:55 #9 OK DELETE id=1602661 via doris-1 rows=10171 [doris-1:f:up doris-2:M:up doris-3:f:up]
16:17:56 #10 OK SELECT id=1602661 via doris-1 rows=10170 [doris-1:f:up doris-2:M:up doris-3:f:up]
16:17:57 #11 OK INSERT id=1602662 via doris-1 rows=10171 [doris-1:f:up doris-2:M:up doris-3:f:up]
16:17:58 #12 OK UPSERT id=1602662 via doris-1 rows=10172 [doris-1:f:up doris-2:M:up doris-3:f:up]
16:17:59 #13 OK SELECT id=1602662 via doris-1 rows=10172 [doris-1:f:up doris-2:M:up doris-3:f:up]
16:18:00 #14 OK DELETE id=1602662 via doris-1 rows=10171 [doris-1:f:up doris-2:M:up doris-3:f:up]
16:18:01 #15 OK SELECT id=1602662 via doris-1 rows=10170 [doris-1:f:up doris-2:M:up doris-3:f:up]
16:18:02 #16 OK INSERT id=1602663 via doris-1 rows=10171 [doris-1:f:up doris-2:M:up doris-3:f:up]
16:18:03 #17 OK UPSERT id=1602663 via doris-1 rows=10172 [doris-1:f:up doris-2:M:up doris-3:f:up]
16:18:04 #18 OK SELECT id=1602663 via doris-1 rows=10172 [doris-1:f:up doris-2:M:up doris-3:f:up]
16:18:05 #19 OK DELETE id=1602663 via doris-1 rows=10171 [doris-1:f:up doris-2:M:up doris-3:f:up]
16:18:06 #20 OK SELECT id=1602663 via doris-1 rows=10170 [doris-1:f:up doris-2:M:up doris-3:f:up]
16:18:07 #21 OK INSERT id=1602664 via doris-1 rows=10171 [doris-1:f:up doris-2:M:up doris-3:f:up]
16:18:09 #22 OK UPSERT id=1602664 via doris-1 rows=10172 [doris-1:f:up doris-2:M:up doris-3:f:up]
16:18:10 #23 OK SELECT id=1602664 via doris-1 rows=10172 [doris-1:f:up doris-2:M:up doris-3:f:up]
16:18:11 #24 OK DELETE id=1602664 via doris-1 rows=10171 [doris-1:f:up doris-2:M:up doris-3:f:up]
16:18:12 #25 OK SELECT id=1602664 via doris-1 rows=10170 [doris-1:f:up doris-2:M:up doris-3:f:up]
16:18:13 #26 OK INSERT id=1602665 via doris-1 rows=10171 [doris-1:f:up doris-2:M:up doris-3:f:up]
16:18:14 #27 OK UPSERT id=1602665 via doris-1 rows=10172 [doris-1:f:up doris-2:M:up doris-3:f:up]
16:18:15 #28 OK SELECT id=1602665 via doris-1 rows=10172 [doris-1:f:up doris-2:M:up doris-3:f:up]
16:18:16 #29 OK DELETE id=1602665 via doris-1 rows=10171 [doris-1:f:up doris-2:M:up doris-3:f:up]
16:18:17 #30 OK SELECT id=1602665 via doris-1 rows=10170 [doris-1:f:up doris-2:M:up doris-3:f:up]
16:18:18 #31 OK INSERT id=1602666 via doris-1 rows=10171 [doris-1:f:up doris-2:M:up doris-3:f:up]
16:18:19 #32 OK UPSERT id=1602666 via doris-1 rows=10172 [doris-1:f:up doris-2:M:up doris-3:f:up]
16:18:20 #33 OK SELECT id=1602666 via doris-1 rows=10172 [doris-1:f:up doris-2:M:up doris-3:f:up]
16:18:20 EVENT break: vm stop on doris-1 (FE follower)
16:18:21 #34 OK DELETE id=1602666 via doris-1 rows=10171 [doris-1:f:up doris-2:M:up doris-3:f:up]
16:18:22 #35 OK SELECT id=1602666 via doris-1 rows=10170 [doris-1:f:up doris-2:M:up doris-3:f:up]
16:18:23 #36 FAIL INSERT id=1602667 via doris-1: OperationalError: (2013, 'Lost connection to MySQL server during query')
16:18:24 #36 OK SELECT(check) id=1 via doris-2
16:18:25 connected to doris-2 (10.140.0.3)
16:18:33 #37 FAIL INSERT id=1602668 via doris-2: OperationalError: (2013, 'Lost connection to MySQL server during query (timed out)')
16:18:36 #37 OK SELECT(check) id=1 via doris-2
16:18:40 connected to doris-2 (10.140.0.3)
16:18:40 #38 OK INSERT id=1602669 via doris-2 rows=10174 [doris-1:f:DOWN doris-2:M:up doris-3:f:up] (recovered)
16:18:41 #39 OK UPSERT id=1602669 via doris-2 rows=10174 [doris-1:f:DOWN doris-2:M:up doris-3:f:up]
16:18:42 #40 OK SELECT id=1602669 via doris-2 rows=10174 [doris-1:f:DOWN doris-2:M:up doris-3:f:up]
16:18:43 #41 OK DELETE id=1602669 via doris-2 rows=10173 [doris-1:f:DOWN doris-2:M:up doris-3:f:up]
16:18:44 #42 OK SELECT id=1602669 via doris-2 rows=10172 [doris-1:f:DOWN doris-2:M:up doris-3:f:up]
16:18:45 #43 OK INSERT id=1602670 via doris-2 rows=10173 [doris-1:f:DOWN doris-2:M:up doris-3:f:up]
16:18:46 #44 OK UPSERT id=1602670 via doris-2 rows=10174 [doris-1:f:DOWN doris-2:M:up doris-3:f:up]
16:18:48 #45 OK SELECT id=1602670 via doris-2 rows=10174 [doris-1:f:DOWN doris-2:M:up doris-3:f:up]
16:18:49 #46 OK DELETE id=1602670 via doris-2 rows=10173 [doris-1:f:DOWN doris-2:M:up doris-3:f:up]
16:18:50 #47 OK SELECT id=1602670 via doris-2 rows=10172 [doris-1:f:DOWN doris-2:M:up doris-3:f:up]
16:18:51 #48 OK INSERT id=1602671 via doris-2 rows=10173 [doris-1:f:DOWN doris-2:M:up doris-3:f:up]
16:18:52 #49 OK UPSERT id=1602671 via doris-2 rows=10174 [doris-1:f:DOWN doris-2:M:up doris-3:f:up]
16:18:53 #50 OK SELECT id=1602671 via doris-2 rows=10174 [doris-1:f:DOWN doris-2:M:up doris-3:f:up]
16:18:54 #51 OK DELETE id=1602671 via doris-2 rows=10173 [doris-1:f:DOWN doris-2:M:up doris-3:f:up]
16:18:55 #52 OK SELECT id=1602671 via doris-2 rows=10172 [doris-1:f:DOWN doris-2:M:up doris-3:f:up]
16:18:56 #53 OK INSERT id=1602672 via doris-2 rows=10173 [doris-1:f:DOWN doris-2:M:up doris-3:f:up]
16:18:57 EVENT break: doris-1 is down
16:18:57 #54 OK UPSERT id=1602672 via doris-2 rows=10174 [doris-1:f:DOWN doris-2:M:up doris-3:f:up]
16:18:58 #55 OK SELECT id=1602672 via doris-2 rows=10174 [doris-1:f:DOWN doris-2:M:up doris-3:f:up]
16:18:59 #56 OK DELETE id=1602672 via doris-2 rows=10173 [doris-1:f:DOWN doris-2:M:up doris-3:f:up]
16:19:00 #57 OK SELECT id=1602672 via doris-2 rows=10173 [doris-1:f:DOWN doris-2:M:up doris-3:f:up]
16:19:02 #58 OK INSERT id=1602673 via doris-2 rows=10174 [doris-1:f:DOWN doris-2:M:up doris-3:f:up]
16:19:03 #59 OK UPSERT id=1602673 via doris-2 rows=10174 [doris-1:f:DOWN doris-2:M:up doris-3:f:up]
16:19:04 #60 OK SELECT id=1602673 via doris-2 rows=10173 [doris-1:f:DOWN doris-2:M:up doris-3:f:up]
16:19:05 #61 OK DELETE id=1602673 via doris-2 rows=10172 [doris-1:f:DOWN doris-2:M:up doris-3:f:up]
16:19:06 #62 OK SELECT id=1602673 via doris-2 rows=10173 [doris-1:f:DOWN doris-2:M:up doris-3:f:up]
16:19:07 #63 OK INSERT id=1602674 via doris-2 rows=10174 [doris-1:f:DOWN doris-2:M:up doris-3:f:up]
16:19:08 #64 OK UPSERT id=1602674 via doris-2 rows=10174 [doris-1:f:DOWN doris-2:M:up doris-3:f:up]
16:19:09 #65 OK SELECT id=1602674 via doris-2 rows=10173 [doris-1:f:DOWN doris-2:M:up doris-3:f:up]
16:19:10 #66 OK DELETE id=1602674 via doris-2 rows=10172 [doris-1:f:DOWN doris-2:M:up doris-3:f:up]
16:19:11 #67 OK SELECT id=1602674 via doris-2 rows=10173 [doris-1:f:DOWN doris-2:M:up doris-3:f:up]
16:19:12 #68 OK INSERT id=1602675 via doris-2 rows=10174 [doris-1:f:DOWN doris-2:M:up doris-3:f:up]
16:19:13 #69 OK UPSERT id=1602675 via doris-2 rows=10174 [doris-1:f:DOWN doris-2:M:up doris-3:f:up]
16:19:14 #70 OK SELECT id=1602675 via doris-2 rows=10173 [doris-1:f:DOWN doris-2:M:up doris-3:f:up]
16:19:16 #71 OK DELETE id=1602675 via doris-2 rows=10172 [doris-1:f:DOWN doris-2:M:up doris-3:f:up]
16:19:17 #72 OK SELECT id=1602675 via doris-2 rows=10173 [doris-1:f:DOWN doris-2:M:up doris-3:f:up]
16:19:18 #73 OK INSERT id=1602676 via doris-2 rows=10174 [doris-1:f:DOWN doris-2:M:up doris-3:f:up]
16:19:19 #74 OK UPSERT id=1602676 via doris-2 rows=10174 [doris-1:f:DOWN doris-2:M:up doris-3:f:up]
16:19:20 #75 OK SELECT id=1602676 via doris-2 rows=10174 [doris-1:f:DOWN doris-2:M:up doris-3:f:up]
16:19:21 #76 OK DELETE id=1602676 via doris-2 rows=10173 [doris-1:f:DOWN doris-2:M:up doris-3:f:up]
16:19:22 #77 OK SELECT id=1602676 via doris-2 rows=10173 [doris-1:f:DOWN doris-2:M:up doris-3:f:up]
16:19:23 #78 OK INSERT id=1602677 via doris-2 rows=10173 [doris-1:f:DOWN doris-2:M:up doris-3:f:up]
16:19:24 #79 OK UPSERT id=1602677 via doris-2 rows=10173 [doris-1:f:DOWN doris-2:M:up doris-3:f:up]
16:19:25 #80 OK SELECT id=1602677 via doris-2 rows=10174 [doris-1:f:DOWN doris-2:M:up doris-3:f:up]
16:19:26 #81 OK DELETE id=1602677 via doris-2 rows=10173 [doris-1:f:DOWN doris-2:M:up doris-3:f:up]
16:19:27 #82 OK SELECT id=1602677 via doris-2 rows=10173 [doris-1:f:DOWN doris-2:M:up doris-3:f:up]
16:19:28 #83 OK INSERT id=1602678 via doris-2 rows=10173 [doris-1:f:DOWN doris-2:M:up doris-3:f:up]
16:19:29 #84 OK UPSERT id=1602678 via doris-2 rows=10173 [doris-1:f:DOWN doris-2:M:up doris-3:f:up]
16:19:30 #85 OK SELECT id=1602678 via doris-2 rows=10174 [doris-1:f:DOWN doris-2:M:up doris-3:f:up]
16:19:32 #86 OK DELETE id=1602678 via doris-2 rows=10173 [doris-1:f:DOWN doris-2:M:up doris-3:f:up]
16:19:33 #87 OK SELECT id=1602678 via doris-2 rows=10173 [doris-1:f:DOWN doris-2:M:up doris-3:f:up]
16:19:34 #88 OK INSERT id=1602679 via doris-2 rows=10173 [doris-1:f:DOWN doris-2:M:up doris-3:f:up]
16:19:35 #89 OK UPSERT id=1602679 via doris-2 rows=10173 [doris-1:f:DOWN doris-2:M:up doris-3:f:up]
16:19:36 #90 OK SELECT id=1602679 via doris-2 rows=10174 [doris-1:f:DOWN doris-2:M:up doris-3:f:up]
16:19:37 #91 OK DELETE id=1602679 via doris-2 rows=10173 [doris-1:f:DOWN doris-2:M:up doris-3:f:up]
16:19:38 #92 OK SELECT id=1602679 via doris-2 rows=10173 [doris-1:f:DOWN doris-2:M:up doris-3:f:up]
16:19:39 #93 OK INSERT id=1602680 via doris-2 rows=10173 [doris-1:f:DOWN doris-2:M:up doris-3:f:up]
16:19:40 #94 OK UPSERT id=1602680 via doris-2 rows=10173 [doris-1:f:DOWN doris-2:M:up doris-3:f:up]
16:19:41 #95 OK SELECT id=1602680 via doris-2 rows=10173 [doris-1:f:DOWN doris-2:M:up doris-3:f:up]
16:19:42 #96 OK DELETE id=1602680 via doris-2 rows=10172 [doris-1:f:DOWN doris-2:M:up doris-3:f:up]
16:19:43 #97 OK SELECT id=1602680 via doris-2 rows=10172 [doris-1:f:DOWN doris-2:M:up doris-3:f:up]
16:19:44 #98 OK INSERT id=1602681 via doris-2 rows=10174 [doris-1:f:DOWN doris-2:M:up doris-3:f:up]
16:19:45 #99 OK UPSERT id=1602681 via doris-2 rows=10174 [doris-1:f:DOWN doris-2:M:up doris-3:f:up]
16:19:47 #100 OK SELECT id=1602681 via doris-2 rows=10174 [doris-1:f:DOWN doris-2:M:up doris-3:f:up]
16:19:48 #101 OK DELETE id=1602681 via doris-2 rows=10172 [doris-1:f:DOWN doris-2:M:up doris-3:f:up]
16:19:49 #102 OK SELECT id=1602681 via doris-2 rows=10172 [doris-1:f:DOWN doris-2:M:up doris-3:f:up]
16:19:50 #103 OK INSERT id=1602682 via doris-2 rows=10174 [doris-1:f:DOWN doris-2:M:up doris-3:f:up]
16:19:51 #104 OK UPSERT id=1602682 via doris-2 rows=10174 [doris-1:f:DOWN doris-2:M:up doris-3:f:up]
16:19:52 #105 OK SELECT id=1602682 via doris-2 rows=10174 [doris-1:f:DOWN doris-2:M:up doris-3:f:up]
16:19:53 #106 OK DELETE id=1602682 via doris-2 rows=10172 [doris-1:f:DOWN doris-2:M:up doris-3:f:up]
16:19:54 #107 OK SELECT id=1602682 via doris-2 rows=10172 [doris-1:f:DOWN doris-2:M:up doris-3:f:up]
16:19:55 #108 OK INSERT id=1602683 via doris-2 rows=10174 [doris-1:f:DOWN doris-2:M:up doris-3:f:up]
16:19:56 #109 OK UPSERT id=1602683 via doris-2 rows=10174 [doris-1:f:DOWN doris-2:M:up doris-3:f:up]
16:19:57 #110 OK SELECT id=1602683 via doris-2 rows=10174 [doris-1:f:DOWN doris-2:M:up doris-3:f:up]
16:19:58 #111 OK DELETE id=1602683 via doris-2 rows=10172 [doris-1:f:DOWN doris-2:M:up doris-3:f:up]
16:19:59 #112 OK SELECT id=1602683 via doris-2 rows=10172 [doris-1:f:DOWN doris-2:M:up doris-3:f:up]
16:20:00 #113 OK INSERT id=1602684 via doris-2 rows=10174 [doris-1:f:DOWN doris-2:M:up doris-3:f:up]
16:20:01 #114 OK UPSERT id=1602684 via doris-2 rows=10174 [doris-1:f:DOWN doris-2:M:up doris-3:f:up]
16:20:03 #115 OK SELECT id=1602684 via doris-2 rows=10174 [doris-1:f:DOWN doris-2:M:up doris-3:f:up]
16:20:04 #116 OK DELETE id=1602684 via doris-2 rows=10173 [doris-1:f:DOWN doris-2:M:up doris-3:f:up]
16:20:05 #117 OK SELECT id=1602684 via doris-2 rows=10173 [doris-1:f:DOWN doris-2:M:up doris-3:f:up]
16:20:06 #118 OK INSERT id=1602685 via doris-2 rows=10174 [doris-1:f:DOWN doris-2:M:up doris-3:f:up]
16:20:07 #119 OK UPSERT id=1602685 via doris-2 rows=10173 [doris-1:f:DOWN doris-2:M:up doris-3:f:up]
16:20:08 #120 OK SELECT id=1602685 via doris-2 rows=10173 [doris-1:f:DOWN doris-2:M:up doris-3:f:up]
16:20:09 #121 OK DELETE id=1602685 via doris-2 rows=10173 [doris-1:f:DOWN doris-2:M:up doris-3:f:up]
16:20:10 #122 OK SELECT id=1602685 via doris-2 rows=10173 [doris-1:f:DOWN doris-2:M:up doris-3:f:up]
16:20:11 #123 OK INSERT id=1602686 via doris-2 rows=10174 [doris-1:f:DOWN doris-2:M:up doris-3:f:up]
16:20:12 #124 OK UPSERT id=1602686 via doris-2 rows=10173 [doris-1:f:DOWN doris-2:M:up doris-3:f:up]
16:20:13 #125 OK SELECT id=1602686 via doris-2 rows=10173 [doris-1:f:DOWN doris-2:M:up doris-3:f:up]
16:20:14 #126 OK DELETE id=1602686 via doris-2 rows=10173 [doris-1:f:DOWN doris-2:M:up doris-3:f:up]
16:20:15 #127 OK SELECT id=1602686 via doris-2 rows=10173 [doris-1:f:DOWN doris-2:M:up doris-3:f:up]
16:20:16 #128 OK INSERT id=1602687 via doris-2 rows=10174 [doris-1:f:DOWN doris-2:M:up doris-3:f:up]
16:20:17 #129 OK UPSERT id=1602687 via doris-2 rows=10173 [doris-1:f:DOWN doris-2:M:up doris-3:f:up]
16:20:19 #130 OK SELECT id=1602687 via doris-2 rows=10173 [doris-1:f:DOWN doris-2:M:up doris-3:f:up]
16:20:20 #131 OK DELETE id=1602687 via doris-2 rows=10173 [doris-1:f:DOWN doris-2:M:up doris-3:f:up]
16:20:21 #132 OK SELECT id=1602687 via doris-2 rows=10173 [doris-1:f:DOWN doris-2:M:up doris-3:f:up]
16:20:22 #133 OK INSERT id=1602688 via doris-2 rows=10174 [doris-1:f:DOWN doris-2:M:up doris-3:f:up]
16:20:23 #134 OK UPSERT id=1602688 via doris-2 rows=10174 [doris-1:f:DOWN doris-2:M:up doris-3:f:up]
16:20:24 #135 OK SELECT id=1602688 via doris-2 rows=10174 [doris-1:f:DOWN doris-2:M:up doris-3:f:up]
16:20:25 #136 OK DELETE id=1602688 via doris-2 rows=10173 [doris-1:f:DOWN doris-2:M:up doris-3:f:up]
16:20:26 #137 OK SELECT id=1602688 via doris-2 rows=10172 [doris-1:f:DOWN doris-2:M:up doris-3:f:up]
16:20:27 #138 OK INSERT id=1602689 via doris-2 rows=10173 [doris-1:f:DOWN doris-2:M:up doris-3:f:up]
16:20:28 #139 OK UPSERT id=1602689 via doris-2 rows=10174 [doris-1:f:DOWN doris-2:M:up doris-3:f:up]
16:20:29 #140 OK SELECT id=1602689 via doris-2 rows=10174 [doris-1:f:DOWN doris-2:M:up doris-3:f:up]
16:20:30 #141 OK DELETE id=1602689 via doris-2 rows=10173 [doris-1:f:DOWN doris-2:M:up doris-3:f:up]
16:20:31 #142 OK SELECT id=1602689 via doris-2 rows=10172 [doris-1:f:DOWN doris-2:M:up doris-3:f:up]
16:20:32 #143 OK INSERT id=1602690 via doris-2 rows=10173 [doris-1:f:DOWN doris-2:M:up doris-3:f:up]
16:20:34 #144 OK UPSERT id=1602690 via doris-2 rows=10174 [doris-1:f:DOWN doris-2:M:up doris-3:f:up]
16:20:35 #145 OK SELECT id=1602690 via doris-2 rows=10174 [doris-1:f:DOWN doris-2:M:up doris-3:f:up]
16:20:36 #146 OK DELETE id=1602690 via doris-2 rows=10173 [doris-1:f:DOWN doris-2:M:up doris-3:f:up]
16:20:37 #147 OK SELECT id=1602690 via doris-2 rows=10172 [doris-1:f:DOWN doris-2:M:up doris-3:f:up]
16:20:37 EVENT restore: start doris-1
16:20:38 #148 OK INSERT id=1602691 via doris-2 rows=10173 [doris-1:f:DOWN doris-2:M:up doris-3:f:up]
16:20:39 #149 OK UPSERT id=1602691 via doris-2 rows=10174 [doris-1:f:DOWN doris-2:M:up doris-3:f:up]
16:20:40 #150 OK SELECT id=1602691 via doris-2 rows=10174 [doris-1:f:DOWN doris-2:M:up doris-3:f:up]
16:20:41 #151 OK DELETE id=1602691 via doris-2 rows=10173 [doris-1:f:DOWN doris-2:M:up doris-3:f:up]
16:20:42 #152 OK SELECT id=1602691 via doris-2 rows=10172 [doris-1:f:DOWN doris-2:M:up doris-3:f:up]
16:20:43 #153 OK INSERT id=1602692 via doris-2 rows=10173 [doris-1:f:DOWN doris-2:M:up doris-3:f:up]
16:20:44 #154 OK UPSERT id=1602692 via doris-2 rows=10173 [doris-1:f:DOWN doris-2:M:up doris-3:f:up]
16:20:45 #155 OK SELECT id=1602692 via doris-2 rows=10173 [doris-1:f:DOWN doris-2:M:up doris-3:f:up]
16:20:46 #156 OK DELETE id=1602692 via doris-2 rows=10172 [doris-1:f:DOWN doris-2:M:up doris-3:f:up]
16:20:47 #157 OK SELECT id=1602692 via doris-2 rows=10173 [doris-1:f:DOWN doris-2:M:up doris-3:f:up]
16:20:48 #158 OK INSERT id=1602693 via doris-2 rows=10174 [doris-1:f:DOWN doris-2:M:up doris-3:f:up]
16:20:50 #159 OK UPSERT id=1602693 via doris-2 rows=10174 [doris-1:f:DOWN doris-2:M:up doris-3:f:up]
16:20:51 #160 OK SELECT id=1602693 via doris-2 rows=10173 [doris-1:f:DOWN doris-2:M:up doris-3:f:up]
16:20:52 #161 OK DELETE id=1602693 via doris-2 rows=10172 [doris-1:f:DOWN doris-2:M:up doris-3:f:up]
16:20:53 #162 OK SELECT id=1602693 via doris-2 rows=10173 [doris-1:f:DOWN doris-2:M:up doris-3:f:up]
16:20:54 #163 OK INSERT id=1602694 via doris-2 rows=10174 [doris-1:f:DOWN doris-2:M:up doris-3:f:up]
16:20:55 #164 OK UPSERT id=1602694 via doris-2 rows=10174 [doris-1:f:DOWN doris-2:M:up doris-3:f:up]
16:20:56 #165 OK SELECT id=1602694 via doris-2 rows=10173 [doris-1:f:DOWN doris-2:M:up doris-3:f:up]
16:20:57 #166 OK DELETE id=1602694 via doris-2 rows=10172 [doris-1:f:DOWN doris-2:M:up doris-3:f:up]
16:20:58 #167 OK SELECT id=1602694 via doris-2 rows=10173 [doris-1:f:DOWN doris-2:M:up doris-3:f:up]
16:20:59 #168 OK INSERT id=1602695 via doris-2 rows=10174 [doris-1:f:DOWN doris-2:M:up doris-3:f:up]
16:21:00 #169 OK UPSERT id=1602695 via doris-2 rows=10174 [doris-1:f:DOWN doris-2:M:up doris-3:f:up]
16:21:01 #170 OK SELECT id=1602695 via doris-2 rows=10173 [doris-1:f:DOWN doris-2:M:up doris-3:f:up]
16:21:02 #171 OK DELETE id=1602695 via doris-2 rows=10172 [doris-1:f:DOWN doris-2:M:up doris-3:f:up]
16:21:03 #172 OK SELECT id=1602695 via doris-2 rows=10173 [doris-1:f:DOWN doris-2:M:up doris-3:f:up]
16:21:04 #173 OK INSERT id=1602696 via doris-2 rows=10174 [doris-1:f:DOWN doris-2:M:up doris-3:f:up]
16:21:06 #174 OK UPSERT id=1602696 via doris-2 rows=10174 [doris-1:f:DOWN doris-2:M:up doris-3:f:up]
16:21:07 #175 OK SELECT id=1602696 via doris-2 rows=10173 [doris-1:f:DOWN doris-2:M:up doris-3:f:up]
16:21:08 #176 OK DELETE id=1602696 via doris-2 rows=10172 [doris-1:f:DOWN doris-2:M:up doris-3:f:up]
16:21:09 #177 OK SELECT id=1602696 via doris-2 rows=10173 [doris-1:f:DOWN doris-2:M:up doris-3:f:up]
16:21:10 #178 OK INSERT id=1602697 via doris-2 rows=10174 [doris-1:f:DOWN doris-2:M:up doris-3:f:up]
16:21:11 #179 OK UPSERT id=1602697 via doris-2 rows=10174 [doris-1:f:DOWN doris-2:M:up doris-3:f:up]
16:21:12 #180 OK SELECT id=1602697 via doris-2 rows=10173 [doris-1:f:DOWN doris-2:M:up doris-3:f:up]
16:21:13 #181 OK DELETE id=1602697 via doris-2 rows=10172 [doris-1:f:DOWN doris-2:M:up doris-3:f:up]
16:21:14 #182 OK SELECT id=1602697 via doris-2 rows=10173 [doris-1:f:DOWN doris-2:M:up doris-3:f:up]
16:21:15 #183 OK INSERT id=1602698 via doris-2 rows=10174 [doris-1:f:DOWN doris-2:M:up doris-3:f:up]
16:21:16 #184 OK UPSERT id=1602698 via doris-2 rows=10174 [doris-1:f:DOWN doris-2:M:up doris-3:f:up]
16:21:17 #185 OK SELECT id=1602698 via doris-2 rows=10173 [doris-1:f:DOWN doris-2:M:up doris-3:f:up]
16:21:18 #186 OK DELETE id=1602698 via doris-2 rows=10172 [doris-1:f:up doris-2:M:up doris-3:f:up]
16:21:19 #187 OK SELECT id=1602698 via doris-2 rows=10173 [doris-1:f:up doris-2:M:up doris-3:f:up]
16:21:20 #188 OK INSERT id=1602699 via doris-2 rows=10174 [doris-1:f:up doris-2:M:up doris-3:f:up]
16:21:22 #189 OK UPSERT id=1602699 via doris-2 rows=10174 [doris-1:f:up doris-2:M:up doris-3:f:up]
16:21:23 #190 OK SELECT id=1602699 via doris-2 rows=10174 [doris-1:f:up doris-2:M:up doris-3:f:up]
16:21:24 #191 OK DELETE id=1602699 via doris-2 rows=10173 [doris-1:f:up doris-2:M:up doris-3:f:up]
16:21:25 #192 OK SELECT id=1602699 via doris-2 rows=10173 [doris-1:f:up doris-2:M:up doris-3:f:up]
16:21:26 #193 OK INSERT id=1602700 via doris-2 rows=10173 [doris-1:f:up doris-2:M:up doris-3:f:up]
16:21:27 EVENT restore: cluster healthy
16:21:27 #194 OK UPSERT id=1602700 via doris-2 rows=10173 [doris-1:f:up doris-2:M:up doris-3:f:up]
16:21:28 #195 OK SELECT id=1602700 via doris-2 rows=10174 [doris-1:f:up doris-2:M:up doris-3:f:up]
16:21:29 #196 OK DELETE id=1602700 via doris-2 rows=10173 [doris-1:f:up doris-2:M:up doris-3:f:up]
16:21:30 #197 OK SELECT id=1602700 via doris-2 rows=10173 [doris-1:f:up doris-2:M:up doris-3:f:up]
16:21:31 #198 OK INSERT id=1602701 via doris-2 rows=10173 [doris-1:f:up doris-2:M:up doris-3:f:up]
16:21:32 #199 OK UPSERT id=1602701 via doris-2 rows=10173 [doris-1:f:up doris-2:M:up doris-3:f:up]
16:21:33 #200 OK SELECT id=1602701 via doris-2 rows=10174 [doris-1:f:up doris-2:M:up doris-3:f:up]
16:21:34 #201 OK DELETE id=1602701 via doris-2 rows=10173 [doris-1:f:up doris-2:M:up doris-3:f:up]
16:21:36 #202 OK SELECT id=1602701 via doris-2 rows=10173 [doris-1:f:up doris-2:M:up doris-3:f:up]
16:21:37 #203 OK INSERT id=1602702 via doris-2 rows=10174 [doris-1:f:up doris-2:M:up doris-3:f:up]
16:21:38 #204 OK UPSERT id=1602702 via doris-2 rows=10173 [doris-1:f:up doris-2:M:up doris-3:f:up]
16:21:39 #205 OK SELECT id=1602702 via doris-2 rows=10173 [doris-1:f:up doris-2:M:up doris-3:f:up]
16:21:40 #206 OK DELETE id=1602702 via doris-2 rows=10173 [doris-1:f:up doris-2:M:up doris-3:f:up]
16:21:41 #207 OK SELECT id=1602702 via doris-2 rows=10173 [doris-1:f:up doris-2:M:up doris-3:f:up]
16:21:42 #208 OK INSERT id=1602703 via doris-2 rows=10174 [doris-1:f:up doris-2:M:up doris-3:f:up]
16:21:43 #209 OK UPSERT id=1602703 via doris-2 rows=10173 [doris-1:f:up doris-2:M:up doris-3:f:up]
16:21:44 #210 OK SELECT id=1602703 via doris-2 rows=10173 [doris-1:f:up doris-2:M:up doris-3:f:up]
16:21:45 #211 OK DELETE id=1602703 via doris-2 rows=10173 [doris-1:f:up doris-2:M:up doris-3:f:up]
16:21:46 #212 OK SELECT id=1602703 via doris-2 rows=10173 [doris-1:f:up doris-2:M:up doris-3:f:up]
16:21:47 #213 OK INSERT id=1602704 via doris-2 rows=10174 [doris-1:f:up doris-2:M:up doris-3:f:up]
16:21:48 #214 OK UPSERT id=1602704 via doris-2 rows=10173 [doris-1:f:up doris-2:M:up doris-3:f:up]
16:21:49 #215 OK SELECT id=1602704 via doris-2 rows=10173 [doris-1:f:up doris-2:M:up doris-3:f:up]
16:21:51 #216 OK DELETE id=1602704 via doris-2 rows=10173 [doris-1:f:up doris-2:M:up doris-3:f:up]
16:21:52 #217 OK SELECT id=1602704 via doris-2 rows=10173 [doris-1:f:up doris-2:M:up doris-3:f:up]
16:21:53 #218 OK INSERT id=1602705 via doris-2 rows=10174 [doris-1:f:up doris-2:M:up doris-3:f:up]
