00:28:40 PROBE start proto=arrow-flight hosts=doris-1,doris-2,doris-3 duration=86400s cycle=INSERT>UPSERT>SELECT>DELETE>SELECT
00:28:40 connected to doris-1 (10.140.0.2)
00:28:40 DML unsupported over arrow-flight (InternalError: RuntimeException, msg: getMysqlChannel not in mysql connection (Internal; ExecuteQuery)) — switching to SELECT-only mode
00:28:40 #1 OK SELECT id=3577200 via doris-1 rows=10045 [doris-1:f:up doris-2:f:up doris-3:M:up]
00:28:41 #2 OK SELECT id=3577200 via doris-1 rows=10046 [doris-1:f:up doris-2:f:up doris-3:M:up]
00:28:42 #3 OK SELECT id=3577200 via doris-1 rows=10046 [doris-1:f:up doris-2:f:up doris-3:M:up]
00:28:43 #4 OK SELECT id=3577200 via doris-1 rows=10045 [doris-1:f:up doris-2:f:up doris-3:M:up]
00:28:45 #5 OK SELECT id=3577200 via doris-1 rows=10044 [doris-1:f:up doris-2:f:up doris-3:M:up]
00:28:46 #6 OK SELECT id=3577200 via doris-1 rows=10045 [doris-1:f:up doris-2:f:up doris-3:M:up]
00:28:47 #7 OK SELECT id=3577200 via doris-1 rows=10046 [doris-1:f:up doris-2:f:up doris-3:M:up]
00:28:48 #8 OK SELECT id=3577200 via doris-1 rows=10046 [doris-1:f:up doris-2:f:up doris-3:M:up]
00:28:49 #9 OK SELECT id=3577200 via doris-1 rows=10045 [doris-1:f:up doris-2:f:up doris-3:M:up]
00:28:50 #10 OK SELECT id=3577200 via doris-1 rows=10044 [doris-1:f:up doris-2:f:up doris-3:M:up]
00:28:51 #11 OK SELECT id=3577200 via doris-1 rows=10045 [doris-1:f:up doris-2:f:up doris-3:M:up]
00:28:52 #12 OK SELECT id=3577200 via doris-1 rows=10046 [doris-1:f:up doris-2:f:up doris-3:M:up]
00:28:53 #13 OK SELECT id=3577200 via doris-1 rows=10046 [doris-1:f:up doris-2:f:up doris-3:M:up]
00:28:54 #14 OK SELECT id=3577200 via doris-1 rows=10046 [doris-1:f:up doris-2:f:up doris-3:M:up]
00:28:55 #15 OK SELECT id=3577200 via doris-1 rows=10044 [doris-1:f:up doris-2:f:up doris-3:M:up]
00:28:56 #16 OK SELECT id=3577200 via doris-1 rows=10044 [doris-1:f:up doris-2:f:up doris-3:M:up]
00:28:57 #17 OK SELECT id=3577200 via doris-1 rows=10046 [doris-1:f:up doris-2:f:up doris-3:M:up]
00:28:58 #18 OK SELECT id=3577200 via doris-1 rows=10046 [doris-1:f:up doris-2:f:up doris-3:M:up]
00:28:59 #19 OK SELECT id=3577200 via doris-1 rows=10046 [doris-1:f:up doris-2:f:up doris-3:M:up]
00:29:00 #20 OK SELECT id=3577200 via doris-1 rows=10044 [doris-1:f:up doris-2:f:up doris-3:M:up]
00:29:01 #21 OK SELECT id=3577200 via doris-1 rows=10044 [doris-1:f:up doris-2:f:up doris-3:M:up]
00:29:02 #22 OK SELECT id=3577200 via doris-1 rows=10046 [doris-1:f:up doris-2:f:up doris-3:M:up]
00:29:03 #23 OK SELECT id=3577200 via doris-1 rows=10046 [doris-1:f:up doris-2:f:up doris-3:M:up]
00:29:05 #24 OK SELECT id=3577200 via doris-1 rows=10046 [doris-1:f:up doris-2:f:up doris-3:M:up]
00:29:06 #25 OK SELECT id=3577200 via doris-1 rows=10044 [doris-1:f:up doris-2:f:up doris-3:M:up]
00:29:07 #26 OK SELECT id=3577200 via doris-1 rows=10044 [doris-1:f:up doris-2:f:up doris-3:M:up]
00:29:08 #27 OK SELECT id=3577200 via doris-1 rows=10046 [doris-1:f:up doris-2:f:up doris-3:M:up]
00:29:09 #28 OK SELECT id=3577200 via doris-1 rows=10046 [doris-1:f:up doris-2:f:up doris-3:M:up]
00:29:10 #29 OK SELECT id=3577200 via doris-1 rows=10046 [doris-1:f:up doris-2:f:up doris-3:M:up]
00:29:11 #30 OK SELECT id=3577200 via doris-1 rows=10044 [doris-1:f:up doris-2:f:up doris-3:M:up]
00:29:12 #31 OK SELECT id=3577200 via doris-1 rows=10044 [doris-1:f:up doris-2:f:up doris-3:M:up]
00:29:13 #32 OK SELECT id=3577200 via doris-1 rows=10046 [doris-1:f:up doris-2:f:up doris-3:M:up]
00:29:14 #33 OK SELECT id=3577200 via doris-1 rows=10046 [doris-1:f:up doris-2:f:up doris-3:M:up]
00:29:14 EVENT break: be hang on doris-1 (FE follower)
00:29:15 #34 OK SELECT id=3577200 via doris-1 rows=10046 [doris-1:f:up doris-2:f:up doris-3:M:up]
00:29:24 #35 FAIL SELECT id=3577200 via doris-1: OperationalError: TIMEOUT: [FlightSQL] stream terminated by RST_STREAM with error code: CANCEL (DeadlineExceeded; ExecuteQuery).
00:29:25 connected to doris-1 (10.140.0.2)
00:29:33 #36 FAIL SELECT id=3577200 via doris-1: OperationalError: TIMEOUT: [FlightSQL] stream terminated by RST_STREAM with error code: CANCEL (DeadlineExceeded; ExecuteQuery).
00:29:34 connected to doris-1 (10.140.0.2)
00:29:38 #37 FAIL SELECT id=3577200 via doris-1: InternalError: INTERNAL: [FlightSQL] get flight info statement failed, after executeQueryStatement handleQuery, java.lang.Run
00:29:39 connected to doris-1 (10.140.0.2)
00:29:45 #38 FAIL SELECT id=3577200 via doris-1: InternalError: INTERNAL: [FlightSQL] get flight info statement failed, after executeQueryStatement handleQuery, java.lang.Run
00:29:46 connected to doris-1 (10.140.0.2)
00:29:46 #39 OK SELECT id=3577200 via doris-1 rows=10046 [doris-1:f:up doris-2:f:up doris-3:M:up] (recovered)
00:29:47 #40 OK SELECT id=3577200 via doris-1 rows=10045 [doris-1:f:up doris-2:f:up doris-3:M:up]
00:29:48 #41 OK SELECT id=3577200 via doris-1 rows=10044 [doris-1:f:up doris-2:f:up doris-3:M:up]
00:29:49 #42 OK SELECT id=3577200 via doris-1 rows=10045 [doris-1:f:up doris-2:f:up doris-3:M:up]
00:29:50 #43 OK SELECT id=3577200 via doris-1 rows=10046 [doris-1:f:up doris-2:f:up doris-3:M:up]
00:29:51 #44 OK SELECT id=3577200 via doris-1 rows=10046 [doris-1:f:up doris-2:f:up doris-3:M:up]
00:29:52 #45 OK SELECT id=3577200 via doris-1 rows=10045 [doris-1:f:up doris-2:f:up doris-3:M:up]
00:29:53 #46 OK SELECT id=3577200 via doris-1 rows=10044 [doris-1:f:up doris-2:f:up doris-3:M:up]
00:29:54 #47 OK SELECT id=3577200 via doris-1 rows=10045 [doris-1:f:up doris-2:f:up doris-3:M:up]
00:29:55 #48 OK SELECT id=3577200 via doris-1 rows=10046 [doris-1:f:up doris-2:f:up doris-3:M:up]
00:29:56 #49 OK SELECT id=3577200 via doris-1 rows=10046 [doris-1:f:up doris-2:f:up doris-3:M:up]
00:29:57 #50 OK SELECT id=3577200 via doris-1 rows=10045 [doris-1:f:up doris-2:f:up doris-3:M:up]
00:29:59 #51 OK SELECT id=3577200 via doris-1 rows=10044 [doris-1:f:up doris-2:f:up doris-3:M:up]
00:30:00 #52 OK SELECT id=3577200 via doris-1 rows=10045 [doris-1:f:up doris-2:f:up doris-3:M:up]
00:30:01 #53 OK SELECT id=3577200 via doris-1 rows=10046 [doris-1:f:up doris-2:f:up doris-3:M:up]
00:30:02 #54 OK SELECT id=3577200 via doris-1 rows=10046 [doris-1:f:up doris-2:f:up doris-3:M:up]
00:30:03 #55 OK SELECT id=3577200 via doris-1 rows=10045 [doris-1:f:up doris-2:f:up doris-3:M:up]
00:30:04 #56 OK SELECT id=3577200 via doris-1 rows=10044 [doris-1:f:up doris-2:f:up doris-3:M:up]
00:30:05 #57 OK SELECT id=3577200 via doris-1 rows=10045 [doris-1:f:up doris-2:f:up doris-3:M:up]
00:30:06 #58 OK SELECT id=3577200 via doris-1 rows=10046 [doris-1:f:up doris-2:f:up doris-3:M:up]
00:30:07 #59 OK SELECT id=3577200 via doris-1 rows=10046 [doris-1:f:up doris-2:f:up doris-3:M:up]
00:30:08 #60 OK SELECT id=3577200 via doris-1 rows=10045 [doris-1:f:up doris-2:f:up doris-3:M:up]
00:30:09 #61 OK SELECT id=3577200 via doris-1 rows=10044 [doris-1:f:up doris-2:f:up doris-3:M:up]
00:30:10 #62 OK SELECT id=3577200 via doris-1 rows=10045 [doris-1:f:up doris-2:f:up doris-3:M:up]
00:30:11 #63 OK SELECT id=3577200 via doris-1 rows=10046 [doris-1:f:up doris-2:f:up doris-3:M:up]
00:30:12 #64 OK SELECT id=3577200 via doris-1 rows=10046 [doris-1:f:up doris-2:f:up doris-3:M:up]
00:30:13 #65 OK SELECT id=3577200 via doris-1 rows=10045 [doris-1:f:up doris-2:f:up doris-3:M:up]
00:30:14 #66 OK SELECT id=3577200 via doris-1 rows=10044 [doris-1:f:up doris-2:f:up doris-3:M:up]
00:30:15 #67 OK SELECT id=3577200 via doris-1 rows=10045 [doris-1:f:up doris-2:f:up doris-3:M:up]
00:30:16 #68 OK SELECT id=3577200 via doris-1 rows=10046 [doris-1:f:up doris-2:f:up doris-3:M:up]
00:30:17 #69 OK SELECT id=3577200 via doris-1 rows=10046 [doris-1:f:up doris-2:f:up doris-3:M:up]
00:30:19 #70 OK SELECT id=3577200 via doris-1 rows=10045 [doris-1:f:up doris-2:f:up doris-3:M:up]
00:30:20 #71 OK SELECT id=3577200 via doris-1 rows=10044 [doris-1:f:up doris-2:f:up doris-3:M:up]
00:30:21 #72 OK SELECT id=3577200 via doris-1 rows=10045 [doris-1:f:up doris-2:f:up doris-3:M:up]
00:30:22 #73 OK SELECT id=3577200 via doris-1 rows=10046 [doris-1:f:up doris-2:f:up doris-3:M:up]
00:30:23 #74 OK SELECT id=3577200 via doris-1 rows=10046 [doris-1:f:up doris-2:f:up doris-3:M:up]
00:30:24 #75 OK SELECT id=3577200 via doris-1 rows=10045 [doris-1:f:up doris-2:f:up doris-3:M:up]
00:30:25 #76 OK SELECT id=3577200 via doris-1 rows=10044 [doris-1:f:up doris-2:f:up doris-3:M:up]
00:30:26 #77 OK SELECT id=3577200 via doris-1 rows=10045 [doris-1:f:up doris-2:f:up doris-3:M:up]
00:30:27 #78 OK SELECT id=3577200 via doris-1 rows=10046 [doris-1:f:up doris-2:f:up doris-3:M:up]
00:30:28 #79 OK SELECT id=3577200 via doris-1 rows=10046 [doris-1:f:up doris-2:f:up doris-3:M:up]
00:30:29 #80 OK SELECT id=3577200 via doris-1 rows=10045 [doris-1:f:up doris-2:f:up doris-3:M:up]
00:30:30 #81 OK SELECT id=3577200 via doris-1 rows=10044 [doris-1:f:up doris-2:f:up doris-3:M:up]
00:30:31 #82 OK SELECT id=3577200 via doris-1 rows=10045 [doris-1:f:up doris-2:f:up doris-3:M:up]
00:30:32 #83 OK SELECT id=3577200 via doris-1 rows=10046 [doris-1:f:up doris-2:f:up doris-3:M:up]
00:30:33 #84 OK SELECT id=3577200 via doris-1 rows=10046 [doris-1:f:up doris-2:f:up doris-3:M:up]
00:30:34 #85 OK SELECT id=3577200 via doris-1 rows=10045 [doris-1:f:up doris-2:f:up doris-3:M:up]
00:30:35 #86 OK SELECT id=3577200 via doris-1 rows=10044 [doris-1:f:up doris-2:f:up doris-3:M:up]
00:30:36 #87 OK SELECT id=3577200 via doris-1 rows=10045 [doris-1:f:up doris-2:f:up doris-3:M:up]
00:30:37 #88 OK SELECT id=3577200 via doris-1 rows=10046 [doris-1:f:up doris-2:f:up doris-3:M:up]
00:30:38 #89 OK SELECT id=3577200 via doris-1 rows=10046 [doris-1:f:up doris-2:f:up doris-3:M:up]
00:30:40 #90 OK SELECT id=3577200 via doris-1 rows=10045 [doris-1:f:up doris-2:f:up doris-3:M:up]
00:30:41 #91 OK SELECT id=3577200 via doris-1 rows=10044 [doris-1:f:up doris-2:f:up doris-3:M:up]
00:30:42 #92 OK SELECT id=3577200 via doris-1 rows=10045 [doris-1:f:up doris-2:f:up doris-3:M:up]
00:30:43 #93 OK SELECT id=3577200 via doris-1 rows=10046 [doris-1:f:up doris-2:f:up doris-3:M:up]
00:30:44 #94 OK SELECT id=3577200 via doris-1 rows=10046 [doris-1:f:up doris-2:f:up doris-3:M:up]
00:30:45 #95 OK SELECT id=3577200 via doris-1 rows=10045 [doris-1:f:up doris-2:f:up doris-3:M:up]
00:30:46 #96 OK SELECT id=3577200 via doris-1 rows=10044 [doris-1:f:up doris-2:f:up doris-3:M:up]
00:30:47 #97 OK SELECT id=3577200 via doris-1 rows=10045 [doris-1:f:up doris-2:f:up doris-3:M:up]
00:30:48 #98 OK SELECT id=3577200 via doris-1 rows=10046 [doris-1:f:up doris-2:f:up doris-3:M:up]
00:30:49 #99 OK SELECT id=3577200 via doris-1 rows=10046 [doris-1:f:up doris-2:f:up doris-3:M:up]
00:30:50 #100 OK SELECT id=3577200 via doris-1 rows=10045 [doris-1:f:up doris-2:f:up doris-3:M:up]
00:30:51 #101 OK SELECT id=3577200 via doris-1 rows=10044 [doris-1:f:up doris-2:f:up doris-3:M:up]
00:30:52 #102 OK SELECT id=3577200 via doris-1 rows=10045 [doris-1:f:up doris-2:f:up doris-3:M:up]
00:30:53 #103 OK SELECT id=3577200 via doris-1 rows=10046 [doris-1:f:up doris-2:f:up doris-3:M:up]
00:30:54 #104 OK SELECT id=3577200 via doris-1 rows=10046 [doris-1:f:up doris-2:f:up doris-3:M:up]
00:30:55 #105 OK SELECT id=3577200 via doris-1 rows=10045 [doris-1:f:up doris-2:f:up doris-3:M:up]
00:30:56 #106 OK SELECT id=3577200 via doris-1 rows=10044 [doris-1:f:up doris-2:f:up doris-3:M:up]
00:30:57 #107 OK SELECT id=3577200 via doris-1 rows=10045 [doris-1:f:up doris-2:f:up doris-3:M:up]
00:30:58 #108 OK SELECT id=3577200 via doris-1 rows=10046 [doris-1:f:up doris-2:f:up doris-3:M:up]
00:30:59 #109 OK SELECT id=3577200 via doris-1 rows=10046 [doris-1:f:up doris-2:f:up doris-3:M:up]
00:31:01 #110 OK SELECT id=3577200 via doris-1 rows=10046 [doris-1:f:up doris-2:f:up doris-3:M:up]
00:31:02 #111 OK SELECT id=3577200 via doris-1 rows=10044 [doris-1:f:up doris-2:f:up doris-3:M:up]
00:31:03 #112 OK SELECT id=3577200 via doris-1 rows=10044 [doris-1:f:up doris-2:f:up doris-3:M:up]
00:31:04 #113 OK SELECT id=3577200 via doris-1 rows=10046 [doris-1:f:up doris-2:f:up doris-3:M:up]
00:31:05 #114 OK SELECT id=3577200 via doris-1 rows=10046 [doris-1:f:up doris-2:f:up doris-3:M:up]
00:31:06 #115 OK SELECT id=3577200 via doris-1 rows=10046 [doris-1:f:up doris-2:f:up doris-3:M:up]
00:31:07 #116 OK SELECT id=3577200 via doris-1 rows=10044 [doris-1:f:up doris-2:f:up doris-3:M:up]
00:31:08 #117 OK SELECT id=3577200 via doris-1 rows=10044 [doris-1:f:up doris-2:f:up doris-3:M:up]
00:31:09 #118 OK SELECT id=3577200 via doris-1 rows=10046 [doris-1:f:up doris-2:f:up doris-3:M:up]
00:31:10 #119 OK SELECT id=3577200 via doris-1 rows=10046 [doris-1:f:up doris-2:f:up doris-3:M:up]
00:31:11 #120 OK SELECT id=3577200 via doris-1 rows=10046 [doris-1:f:up doris-2:f:up doris-3:M:up]
00:31:12 #121 OK SELECT id=3577200 via doris-1 rows=10044 [doris-1:f:up doris-2:f:up doris-3:M:up]
00:31:13 #122 OK SELECT id=3577200 via doris-1 rows=10044 [doris-1:f:up doris-2:f:up doris-3:M:up]
00:31:14 #123 OK SELECT id=3577200 via doris-1 rows=10046 [doris-1:f:up doris-2:f:up doris-3:M:up]
00:31:15 #124 OK SELECT id=3577200 via doris-1 rows=10046 [doris-1:f:up doris-2:f:up doris-3:M:up]
00:31:16 #125 OK SELECT id=3577200 via doris-1 rows=10046 [doris-1:f:up doris-2:f:up doris-3:M:up]
00:31:17 #126 OK SELECT id=3577200 via doris-1 rows=10044 [doris-1:f:up doris-2:f:up doris-3:M:up]
00:31:18 #127 OK SELECT id=3577200 via doris-1 rows=10044 [doris-1:f:up doris-2:f:up doris-3:M:up]
00:31:19 #128 OK SELECT id=3577200 via doris-1 rows=10046 [doris-1:f:up doris-2:f:up doris-3:M:up]
00:31:20 #129 OK SELECT id=3577200 via doris-1 rows=10046 [doris-1:f:up doris-2:f:up doris-3:M:up]
00:31:22 #130 OK SELECT id=3577200 via doris-1 rows=10046 [doris-1:f:up doris-2:f:up doris-3:M:up]
00:31:23 #131 OK SELECT id=3577200 via doris-1 rows=10044 [doris-1:f:up doris-2:f:up doris-3:M:up]
00:31:23 EVENT restore: resume be on doris-1
00:31:24 #132 OK SELECT id=3577200 via doris-1 rows=10044 [doris-1:f:up doris-2:f:up doris-3:M:up]
00:31:25 #133 OK SELECT id=3577200 via doris-1 rows=10046 [doris-1:f:up doris-2:f:up doris-3:M:up]
00:31:26 #134 OK SELECT id=3577200 via doris-1 rows=10046 [doris-1:f:up doris-2:f:up doris-3:M:up]
00:31:27 #135 OK SELECT id=3577200 via doris-1 rows=10046 [doris-1:f:up doris-2:f:up doris-3:M:up]
00:31:28 #136 OK SELECT id=3577200 via doris-1 rows=10045 [doris-1:f:up doris-2:f:up doris-3:M:up]
00:31:29 #137 OK SELECT id=3577200 via doris-1 rows=10044 [doris-1:f:up doris-2:f:up doris-3:M:up]
00:31:30 #138 OK SELECT id=3577200 via doris-1 rows=10045 [doris-1:f:up doris-2:f:up doris-3:M:up]
00:31:31 #139 OK SELECT id=3577200 via doris-1 rows=10046 [doris-1:f:up doris-2:f:up doris-3:M:up]
00:31:32 #140 OK SELECT id=3577200 via doris-1 rows=10046 [doris-1:f:up doris-2:f:up doris-3:M:up]
00:31:33 #141 OK SELECT id=3577200 via doris-1 rows=10045 [doris-1:f:up doris-2:f:up doris-3:M:up]
00:31:34 #142 OK SELECT id=3577200 via doris-1 rows=10044 [doris-1:f:up doris-2:f:up doris-3:M:up]
00:31:35 #143 OK SELECT id=3577200 via doris-1 rows=10045 [doris-1:f:up doris-2:f:up doris-3:M:up]
00:31:36 #144 OK SELECT id=3577200 via doris-1 rows=10046 [doris-1:f:up doris-2:f:up doris-3:M:up]
00:31:37 #145 OK SELECT id=3577200 via doris-1 rows=10046 [doris-1:f:up doris-2:f:up doris-3:M:up]
00:31:38 #146 OK SELECT id=3577200 via doris-1 rows=10045 [doris-1:f:up doris-2:f:up doris-3:M:up]
00:31:39 #147 OK SELECT id=3577200 via doris-1 rows=10044 [doris-1:f:up doris-2:f:up doris-3:M:up]
00:31:41 #148 OK SELECT id=3577200 via doris-1 rows=10045 [doris-1:f:up doris-2:f:up doris-3:M:up]
00:31:42 #149 OK SELECT id=3577200 via doris-1 rows=10046 [doris-1:f:up doris-2:f:up doris-3:M:up]
00:31:43 #150 OK SELECT id=3577200 via doris-1 rows=10046 [doris-1:f:up doris-2:f:up doris-3:M:up]
00:31:44 #151 OK SELECT id=3577200 via doris-1 rows=10045 [doris-1:f:up doris-2:f:up doris-3:M:up]
00:31:44 EVENT restore: cluster healthy
00:31:45 #152 OK SELECT id=3577200 via doris-1 rows=10044 [doris-1:f:up doris-2:f:up doris-3:M:up]
00:31:46 #153 OK SELECT id=3577200 via doris-1 rows=10045 [doris-1:f:up doris-2:f:up doris-3:M:up]
00:31:47 #154 OK SELECT id=3577200 via doris-1 rows=10046 [doris-1:f:up doris-2:f:up doris-3:M:up]
00:31:48 #155 OK SELECT id=3577200 via doris-1 rows=10046 [doris-1:f:up doris-2:f:up doris-3:M:up]
00:31:49 #156 OK SELECT id=3577200 via doris-1 rows=10045 [doris-1:f:up doris-2:f:up doris-3:M:up]
00:31:50 #157 OK SELECT id=3577200 via doris-1 rows=10044 [doris-1:f:up doris-2:f:up doris-3:M:up]
00:31:51 #158 OK SELECT id=3577200 via doris-1 rows=10045 [doris-1:f:up doris-2:f:up doris-3:M:up]
00:31:52 #159 OK SELECT id=3577200 via doris-1 rows=10046 [doris-1:f:up doris-2:f:up doris-3:M:up]
00:31:53 #160 OK SELECT id=3577200 via doris-1 rows=10046 [doris-1:f:up doris-2:f:up doris-3:M:up]
00:31:54 #161 OK SELECT id=3577200 via doris-1 rows=10045 [doris-1:f:up doris-2:f:up doris-3:M:up]
00:31:55 #162 OK SELECT id=3577200 via doris-1 rows=10044 [doris-1:f:up doris-2:f:up doris-3:M:up]
00:31:56 #163 OK SELECT id=3577200 via doris-1 rows=10045 [doris-1:f:up doris-2:f:up doris-3:M:up]
00:31:57 #164 OK SELECT id=3577200 via doris-1 rows=10046 [doris-1:f:up doris-2:f:up doris-3:M:up]
00:31:58 #165 OK SELECT id=3577200 via doris-1 rows=10046 [doris-1:f:up doris-2:f:up doris-3:M:up]
00:31:59 #166 OK SELECT id=3577200 via doris-1 rows=10045 [doris-1:f:up doris-2:f:up doris-3:M:up]
00:32:01 #167 OK SELECT id=3577200 via doris-1 rows=10044 [doris-1:f:up doris-2:f:up doris-3:M:up]
00:32:02 #168 OK SELECT id=3577200 via doris-1 rows=10045 [doris-1:f:up doris-2:f:up doris-3:M:up]
00:32:03 #169 OK SELECT id=3577200 via doris-1 rows=10046 [doris-1:f:up doris-2:f:up doris-3:M:up]
00:32:04 #170 OK SELECT id=3577200 via doris-1 rows=10046 [doris-1:f:up doris-2:f:up doris-3:M:up]
00:32:05 #171 OK SELECT id=3577200 via doris-1 rows=10045 [doris-1:f:up doris-2:f:up doris-3:M:up]
00:32:06 #172 OK SELECT id=3577200 via doris-1 rows=10044 [doris-1:f:up doris-2:f:up doris-3:M:up]
00:32:07 #173 OK SELECT id=3577200 via doris-1 rows=10045 [doris-1:f:up doris-2:f:up doris-3:M:up]
00:32:08 #174 OK SELECT id=3577200 via doris-1 rows=10046 [doris-1:f:up doris-2:f:up doris-3:M:up]
00:32:09 #175 OK SELECT id=3577200 via doris-1 rows=10046 [doris-1:f:up doris-2:f:up doris-3:M:up]
00:32:10 #176 OK SELECT id=3577200 via doris-1 rows=10045 [doris-1:f:up doris-2:f:up doris-3:M:up]
00:32:11 #177 OK SELECT id=3577200 via doris-1 rows=10044 [doris-1:f:up doris-2:f:up doris-3:M:up]
00:32:12 #178 OK SELECT id=3577200 via doris-1 rows=10045 [doris-1:f:up doris-2:f:up doris-3:M:up]
00:32:13 #179 OK SELECT id=3577200 via doris-1 rows=10046 [doris-1:f:up doris-2:f:up doris-3:M:up]
00:32:14 #180 OK SELECT id=3577200 via doris-1 rows=10046 [doris-1:f:up doris-2:f:up doris-3:M:up]
