16:44:49 PROBE start proto=mysql hosts=doris-1,doris-2,doris-3 duration=86400s cycle=INSERT>UPSERT>SELECT>DELETE>SELECT
16:44:49 connected to doris-1 (10.140.0.2)
16:44:49 #1 OK INSERT id=1618890 via doris-1 rows=10186 [doris-1:f:up doris-2:M:up doris-3:f:up]
16:44:50 #2 OK UPSERT id=1618890 via doris-1 rows=10187 [doris-1:f:up doris-2:M:up doris-3:f:up]
16:44:51 #3 OK SELECT id=1618890 via doris-1 rows=10187 [doris-1:f:up doris-2:M:up doris-3:f:up]
16:44:52 #4 OK DELETE id=1618890 via doris-1 rows=10186 [doris-1:f:up doris-2:M:up doris-3:f:up]
16:44:53 #5 OK SELECT id=1618890 via doris-1 rows=10185 [doris-1:f:up doris-2:M:up doris-3:f:up]
16:44:54 #6 OK INSERT id=1618891 via doris-1 rows=10186 [doris-1:f:up doris-2:M:up doris-3:f:up]
16:44:55 #7 OK UPSERT id=1618891 via doris-1 rows=10187 [doris-1:f:up doris-2:M:up doris-3:f:up]
16:44:57 #8 OK SELECT id=1618891 via doris-1 rows=10187 [doris-1:f:up doris-2:M:up doris-3:f:up]
16:44:58 #9 OK DELETE id=1618891 via doris-1 rows=10186 [doris-1:f:up doris-2:M:up doris-3:f:up]
16:44:59 #10 OK SELECT id=1618891 via doris-1 rows=10185 [doris-1:f:up doris-2:M:up doris-3:f:up]
16:45:00 #11 OK INSERT id=1618892 via doris-1 rows=10186 [doris-1:f:up doris-2:M:up doris-3:f:up]
16:45:01 #12 OK UPSERT id=1618892 via doris-1 rows=10187 [doris-1:f:up doris-2:M:up doris-3:f:up]
16:45:02 #13 OK SELECT id=1618892 via doris-1 rows=10187 [doris-1:f:up doris-2:M:up doris-3:f:up]
16:45:03 #14 OK DELETE id=1618892 via doris-1 rows=10186 [doris-1:f:up doris-2:M:up doris-3:f:up]
16:45:04 #15 OK SELECT id=1618892 via doris-1 rows=10185 [doris-1:f:up doris-2:M:up doris-3:f:up]
16:45:05 #16 OK INSERT id=1618893 via doris-1 rows=10186 [doris-1:f:up doris-2:M:up doris-3:f:up]
16:45:06 #17 OK UPSERT id=1618893 via doris-1 rows=10187 [doris-1:f:up doris-2:M:up doris-3:f:up]
16:45:07 #18 OK SELECT id=1618893 via doris-1 rows=10187 [doris-1:f:up doris-2:M:up doris-3:f:up]
16:45:08 #19 OK DELETE id=1618893 via doris-1 rows=10186 [doris-1:f:up doris-2:M:up doris-3:f:up]
16:45:09 #20 OK SELECT id=1618893 via doris-1 rows=10185 [doris-1:f:up doris-2:M:up doris-3:f:up]
16:45:10 #21 OK INSERT id=1618894 via doris-1 rows=10186 [doris-1:f:up doris-2:M:up doris-3:f:up]
16:45:11 #22 OK UPSERT id=1618894 via doris-1 rows=10187 [doris-1:f:up doris-2:M:up doris-3:f:up]
16:45:13 #23 OK SELECT id=1618894 via doris-1 rows=10187 [doris-1:f:up doris-2:M:up doris-3:f:up]
16:45:14 #24 OK DELETE id=1618894 via doris-1 rows=10186 [doris-1:f:up doris-2:M:up doris-3:f:up]
16:45:15 #25 OK SELECT id=1618894 via doris-1 rows=10185 [doris-1:f:up doris-2:M:up doris-3:f:up]
16:45:16 #26 OK INSERT id=1618895 via doris-1 rows=10186 [doris-1:f:up doris-2:M:up doris-3:f:up]
16:45:17 #27 OK UPSERT id=1618895 via doris-1 rows=10187 [doris-1:f:up doris-2:M:up doris-3:f:up]
16:45:18 #28 OK SELECT id=1618895 via doris-1 rows=10187 [doris-1:f:up doris-2:M:up doris-3:f:up]
16:45:19 #29 OK DELETE id=1618895 via doris-1 rows=10186 [doris-1:f:up doris-2:M:up doris-3:f:up]
16:45:20 #30 OK SELECT id=1618895 via doris-1 rows=10185 [doris-1:f:up doris-2:M:up doris-3:f:up]
16:45:21 #31 OK INSERT id=1618896 via doris-1 rows=10186 [doris-1:f:up doris-2:M:up doris-3:f:up]
16:45:22 #32 OK UPSERT id=1618896 via doris-1 rows=10187 [doris-1:f:up doris-2:M:up doris-3:f:up]
16:45:23 EVENT break: be hang on doris-1 (FE follower)
16:45:23 #33 OK SELECT id=1618896 via doris-1 rows=10187 [doris-1:f:up doris-2:M:up doris-3:f:up]
16:45:24 #34 OK DELETE id=1618896 via doris-1 rows=10186 [doris-1:f:up doris-2:M:up doris-3:f:up]
16:45:33 #35 FAIL SELECT id=1618896 via doris-1: OperationalError: (2013, 'Lost connection to MySQL server during query (timed out)')
16:45:34 connected to doris-1 (10.140.0.2)
16:45:42 #36 FAIL INSERT id=1618897 via doris-1: OperationalError: (2013, 'Lost connection to MySQL server during query (timed out)')
16:45:50 #36 FAIL SELECT(check) id=1 via doris-1: OperationalError: (2013, 'Lost connection to MySQL server during query (timed out)')
16:45:51 connected to doris-1 (10.140.0.2)
16:45:52 #37 OK INSERT id=1618898 via doris-1 rows=10187 [doris-1:f:up doris-2:M:up doris-3:f:up] (recovered)
16:45:53 #38 OK UPSERT id=1618898 via doris-1 rows=10187 [doris-1:f:up doris-2:M:up doris-3:f:up]
16:45:54 #39 OK SELECT id=1618898 via doris-1 rows=10187 [doris-1:f:up doris-2:M:up doris-3:f:up]
16:45:55 #40 OK DELETE id=1618898 via doris-1 rows=10187 [doris-1:f:up doris-2:M:up doris-3:f:up]
16:45:56 #41 OK SELECT id=1618898 via doris-1 rows=10187 [doris-1:f:up doris-2:M:up doris-3:f:up]
16:45:57 #42 OK INSERT id=1618899 via doris-1 rows=10188 [doris-1:f:up doris-2:M:up doris-3:f:up]
16:45:58 #43 OK UPSERT id=1618899 via doris-1 rows=10187 [doris-1:f:up doris-2:M:up doris-3:f:up]
16:45:59 #44 OK SELECT id=1618899 via doris-1 rows=10187 [doris-1:f:up doris-2:M:up doris-3:f:up]
16:46:00 #45 OK DELETE id=1618899 via doris-1 rows=10187 [doris-1:f:up doris-2:M:up doris-3:f:up]
16:46:01 #46 OK SELECT id=1618899 via doris-1 rows=10187 [doris-1:f:up doris-2:M:up doris-3:f:up]
16:46:02 #47 OK INSERT id=1618900 via doris-1 rows=10188 [doris-1:f:up doris-2:M:up doris-3:f:up]
16:46:03 #48 OK UPSERT id=1618900 via doris-1 rows=10187 [doris-1:f:up doris-2:M:up doris-3:f:up]
16:46:04 #49 OK SELECT id=1618900 via doris-1 rows=10187 [doris-1:f:up doris-2:M:up doris-3:f:up]
16:46:05 #50 OK DELETE id=1618900 via doris-1 rows=10187 [doris-1:f:up doris-2:M:up doris-3:f:up]
16:46:06 #51 OK SELECT id=1618900 via doris-1 rows=10187 [doris-1:f:up doris-2:M:up doris-3:f:up]
16:46:08 #52 OK INSERT id=1618901 via doris-1 rows=10188 [doris-1:f:up doris-2:M:up doris-3:f:up]
16:46:09 #53 OK UPSERT id=1618901 via doris-1 rows=10187 [doris-1:f:up doris-2:M:up doris-3:f:up]
16:46:10 #54 OK SELECT id=1618901 via doris-1 rows=10187 [doris-1:f:up doris-2:M:up doris-3:f:up]
16:46:11 #55 OK DELETE id=1618901 via doris-1 rows=10187 [doris-1:f:up doris-2:M:up doris-3:f:up]
16:46:12 #56 OK SELECT id=1618901 via doris-1 rows=10187 [doris-1:f:up doris-2:M:up doris-3:f:up]
16:46:13 #57 OK INSERT id=1618902 via doris-1 rows=10188 [doris-1:f:up doris-2:M:up doris-3:f:up]
16:46:14 #58 OK UPSERT id=1618902 via doris-1 rows=10187 [doris-1:f:up doris-2:M:up doris-3:f:up]
16:46:15 #59 OK SELECT id=1618902 via doris-1 rows=10187 [doris-1:f:up doris-2:M:up doris-3:f:up]
16:46:16 #60 OK DELETE id=1618902 via doris-1 rows=10187 [doris-1:f:up doris-2:M:up doris-3:f:up]
16:46:17 #61 OK SELECT id=1618902 via doris-1 rows=10187 [doris-1:f:up doris-2:M:up doris-3:f:up]
16:46:18 #62 OK INSERT id=1618903 via doris-1 rows=10188 [doris-1:f:up doris-2:M:up doris-3:f:up]
16:46:19 #63 OK UPSERT id=1618903 via doris-1 rows=10187 [doris-1:f:up doris-2:M:up doris-3:f:up]
16:46:20 #64 OK SELECT id=1618903 via doris-1 rows=10187 [doris-1:f:up doris-2:M:up doris-3:f:up]
16:46:21 #65 OK DELETE id=1618903 via doris-1 rows=10187 [doris-1:f:up doris-2:M:up doris-3:f:up]
16:46:23 #66 OK SELECT id=1618903 via doris-1 rows=10187 [doris-1:f:up doris-2:M:up doris-3:f:up]
16:46:24 #67 OK INSERT id=1618904 via doris-1 rows=10188 [doris-1:f:up doris-2:M:up doris-3:f:up]
16:46:25 #68 OK UPSERT id=1618904 via doris-1 rows=10187 [doris-1:f:up doris-2:M:up doris-3:f:up]
16:46:26 #69 OK SELECT id=1618904 via doris-1 rows=10187 [doris-1:f:up doris-2:M:up doris-3:f:up]
16:46:27 #70 OK DELETE id=1618904 via doris-1 rows=10187 [doris-1:f:up doris-2:M:up doris-3:f:up]
16:46:28 #71 OK SELECT id=1618904 via doris-1 rows=10186 [doris-1:f:up doris-2:M:up doris-3:f:up]
16:46:29 #72 OK INSERT id=1618905 via doris-1 rows=10187 [doris-1:f:up doris-2:M:up doris-3:f:up]
16:46:30 #73 OK UPSERT id=1618905 via doris-1 rows=10186 [doris-1:f:up doris-2:M:up doris-3:f:up]
16:46:31 #74 OK SELECT id=1618905 via doris-1 rows=10186 [doris-1:f:up doris-2:M:up doris-3:f:up]
16:46:32 #75 OK DELETE id=1618905 via doris-1 rows=10186 [doris-1:f:up doris-2:M:up doris-3:f:up]
16:46:33 #76 OK SELECT id=1618905 via doris-1 rows=10186 [doris-1:f:up doris-2:M:up doris-3:f:up]
16:46:34 #77 OK INSERT id=1618906 via doris-1 rows=10187 [doris-1:f:up doris-2:M:up doris-3:f:up]
16:46:35 #78 OK UPSERT id=1618906 via doris-1 rows=10186 [doris-1:f:up doris-2:M:up doris-3:f:up]
16:46:37 #79 OK SELECT id=1618906 via doris-1 rows=10186 [doris-1:f:up doris-2:M:up doris-3:f:up]
16:46:38 #80 OK DELETE id=1618906 via doris-1 rows=10186 [doris-1:f:up doris-2:M:up doris-3:f:up]
16:46:39 #81 OK SELECT id=1618906 via doris-1 rows=10186 [doris-1:f:up doris-2:M:up doris-3:f:up]
16:46:40 #82 OK INSERT id=1618907 via doris-1 rows=10187 [doris-1:f:up doris-2:M:up doris-3:f:up]
16:46:41 #83 OK UPSERT id=1618907 via doris-1 rows=10186 [doris-1:f:up doris-2:M:up doris-3:f:up]
16:46:42 #84 OK SELECT id=1618907 via doris-1 rows=10186 [doris-1:f:up doris-2:M:up doris-3:f:up]
16:46:43 #85 OK DELETE id=1618907 via doris-1 rows=10186 [doris-1:f:up doris-2:M:up doris-3:f:up]
16:46:44 #86 OK SELECT id=1618907 via doris-1 rows=10186 [doris-1:f:up doris-2:M:up doris-3:f:up]
16:46:45 #87 OK INSERT id=1618908 via doris-1 rows=10187 [doris-1:f:up doris-2:M:up doris-3:f:up]
16:46:46 #88 OK UPSERT id=1618908 via doris-1 rows=10186 [doris-1:f:up doris-2:M:up doris-3:f:up]
16:46:47 #89 OK SELECT id=1618908 via doris-1 rows=10186 [doris-1:f:up doris-2:M:up doris-3:f:up]
16:46:48 #90 OK DELETE id=1618908 via doris-1 rows=10186 [doris-1:f:up doris-2:M:up doris-3:f:up]
16:46:49 #91 OK SELECT id=1618908 via doris-1 rows=10186 [doris-1:f:up doris-2:M:up doris-3:f:up]
16:46:51 #92 OK INSERT id=1618909 via doris-1 rows=10187 [doris-1:f:up doris-2:M:up doris-3:f:up]
16:46:52 #93 OK UPSERT id=1618909 via doris-1 rows=10186 [doris-1:f:up doris-2:M:up doris-3:f:up]
16:46:53 #94 OK SELECT id=1618909 via doris-1 rows=10186 [doris-1:f:up doris-2:M:up doris-3:f:up]
16:46:54 #95 OK DELETE id=1618909 via doris-1 rows=10186 [doris-1:f:up doris-2:M:up doris-3:f:up]
16:46:55 #96 OK SELECT id=1618909 via doris-1 rows=10186 [doris-1:f:up doris-2:M:up doris-3:f:up]
16:46:56 #97 OK INSERT id=1618910 via doris-1 rows=10187 [doris-1:f:up doris-2:M:up doris-3:f:up]
16:46:57 #98 OK UPSERT id=1618910 via doris-1 rows=10186 [doris-1:f:up doris-2:M:up doris-3:f:up]
16:46:58 #99 OK SELECT id=1618910 via doris-1 rows=10186 [doris-1:f:up doris-2:M:up doris-3:f:up]
16:46:59 #100 OK DELETE id=1618910 via doris-1 rows=10186 [doris-1:f:up doris-2:M:up doris-3:f:up]
16:47:00 #101 OK SELECT id=1618910 via doris-1 rows=10186 [doris-1:f:up doris-2:M:up doris-3:f:up]
16:47:01 #102 OK INSERT id=1618911 via doris-1 rows=10187 [doris-1:f:up doris-2:M:up doris-3:f:up]
16:47:02 #103 OK UPSERT id=1618911 via doris-1 rows=10186 [doris-1:f:up doris-2:M:up doris-3:f:up]
16:47:03 #104 OK SELECT id=1618911 via doris-1 rows=10186 [doris-1:f:up doris-2:M:up doris-3:f:up]
16:47:05 #105 OK DELETE id=1618911 via doris-1 rows=10186 [doris-1:f:up doris-2:M:up doris-3:f:up]
16:47:06 #106 OK SELECT id=1618911 via doris-1 rows=10186 [doris-1:f:up doris-2:M:up doris-3:f:up]
16:47:07 #107 OK INSERT id=1618912 via doris-1 rows=10187 [doris-1:f:up doris-2:M:up doris-3:f:up]
16:47:08 #108 OK UPSERT id=1618912 via doris-1 rows=10186 [doris-1:f:up doris-2:M:up doris-3:f:up]
16:47:09 #109 OK SELECT id=1618912 via doris-1 rows=10186 [doris-1:f:up doris-2:M:up doris-3:f:up]
16:47:10 #110 OK DELETE id=1618912 via doris-1 rows=10186 [doris-1:f:up doris-2:M:up doris-3:f:up]
16:47:11 #111 OK SELECT id=1618912 via doris-1 rows=10186 [doris-1:f:up doris-2:M:up doris-3:f:up]
16:47:12 #112 OK INSERT id=1618913 via doris-1 rows=10187 [doris-1:f:up doris-2:M:up doris-3:f:up]
16:47:13 #113 OK UPSERT id=1618913 via doris-1 rows=10186 [doris-1:f:up doris-2:M:up doris-3:f:up]
16:47:14 #114 OK SELECT id=1618913 via doris-1 rows=10186 [doris-1:f:up doris-2:M:up doris-3:f:up]
16:47:15 #115 OK DELETE id=1618913 via doris-1 rows=10186 [doris-1:f:up doris-2:M:up doris-3:f:up]
16:47:16 #116 OK SELECT id=1618913 via doris-1 rows=10186 [doris-1:f:up doris-2:M:up doris-3:f:up]
16:47:17 #117 OK INSERT id=1618914 via doris-1 rows=10187 [doris-1:f:up doris-2:M:up doris-3:f:up]
16:47:18 #118 OK UPSERT id=1618914 via doris-1 rows=10186 [doris-1:f:up doris-2:M:up doris-3:f:up]
16:47:19 #119 OK SELECT id=1618914 via doris-1 rows=10186 [doris-1:f:up doris-2:M:up doris-3:f:up]
16:47:21 #120 OK DELETE id=1618914 via doris-1 rows=10186 [doris-1:f:up doris-2:M:up doris-3:f:up]
16:47:22 #121 OK SELECT id=1618914 via doris-1 rows=10186 [doris-1:f:up doris-2:M:up doris-3:f:up]
16:47:23 #122 OK INSERT id=1618915 via doris-1 rows=10187 [doris-1:f:up doris-2:M:up doris-3:f:up]
16:47:24 #123 OK UPSERT id=1618915 via doris-1 rows=10186 [doris-1:f:up doris-2:M:up doris-3:f:up]
16:47:25 #124 OK SELECT id=1618915 via doris-1 rows=10186 [doris-1:f:up doris-2:M:up doris-3:f:up]
16:47:26 #125 OK DELETE id=1618915 via doris-1 rows=10186 [doris-1:f:up doris-2:M:up doris-3:f:up]
16:47:27 #126 OK SELECT id=1618915 via doris-1 rows=10186 [doris-1:f:up doris-2:M:up doris-3:f:up]
16:47:28 #127 OK INSERT id=1618916 via doris-1 rows=10187 [doris-1:f:up doris-2:M:up doris-3:f:up]
16:47:29 #128 OK UPSERT id=1618916 via doris-1 rows=10186 [doris-1:f:up doris-2:M:up doris-3:f:up]
16:47:30 #129 OK SELECT id=1618916 via doris-1 rows=10186 [doris-1:f:up doris-2:M:up doris-3:f:up]
16:47:31 #130 OK DELETE id=1618916 via doris-1 rows=10186 [doris-1:f:up doris-2:M:up doris-3:f:up]
16:47:32 EVENT restore: resume be on doris-1
16:47:32 #131 OK SELECT id=1618916 via doris-1 rows=10186 [doris-1:f:up doris-2:M:up doris-3:f:up]
16:47:33 #132 OK INSERT id=1618917 via doris-1 rows=10187 [doris-1:f:up doris-2:M:up doris-3:f:up]
16:47:35 #133 OK UPSERT id=1618917 via doris-1 rows=10186 [doris-1:f:up doris-2:M:up doris-3:f:up]
16:47:36 #134 OK SELECT id=1618917 via doris-1 rows=10186 [doris-1:f:up doris-2:M:up doris-3:f:up]
16:47:37 #135 OK DELETE id=1618917 via doris-1 rows=10186 [doris-1:f:up doris-2:M:up doris-3:f:up]
16:47:38 #136 OK SELECT id=1618917 via doris-1 rows=10186 [doris-1:f:up doris-2:M:up doris-3:f:up]
16:47:39 #137 OK INSERT id=1618918 via doris-1 rows=10187 [doris-1:f:up doris-2:M:up doris-3:f:up]
16:47:40 #138 OK UPSERT id=1618918 via doris-1 rows=10186 [doris-1:f:up doris-2:M:up doris-3:f:up]
16:47:41 #139 OK SELECT id=1618918 via doris-1 rows=10186 [doris-1:f:up doris-2:M:up doris-3:f:up]
16:47:42 #140 OK DELETE id=1618918 via doris-1 rows=10186 [doris-1:f:up doris-2:M:up doris-3:f:up]
16:47:43 #141 OK SELECT id=1618918 via doris-1 rows=10186 [doris-1:f:up doris-2:M:up doris-3:f:up]
16:47:44 #142 OK INSERT id=1618919 via doris-1 rows=10187 [doris-1:f:up doris-2:M:up doris-3:f:up]
16:47:45 #143 OK UPSERT id=1618919 via doris-1 rows=10186 [doris-1:f:up doris-2:M:up doris-3:f:up]
16:47:46 #144 OK SELECT id=1618919 via doris-1 rows=10186 [doris-1:f:up doris-2:M:up doris-3:f:up]
16:47:48 #145 OK DELETE id=1618919 via doris-1 rows=10186 [doris-1:f:up doris-2:M:up doris-3:f:up]
16:47:48 EVENT restore: cluster healthy
16:47:49 #146 OK SELECT id=1618919 via doris-1 rows=10186 [doris-1:f:up doris-2:M:up doris-3:f:up]
16:47:50 #147 OK INSERT id=1618920 via doris-1 rows=10187 [doris-1:f:up doris-2:M:up doris-3:f:up]
16:47:51 #148 OK UPSERT id=1618920 via doris-1 rows=10186 [doris-1:f:up doris-2:M:up doris-3:f:up]
16:47:52 #149 OK SELECT id=1618920 via doris-1 rows=10186 [doris-1:f:up doris-2:M:up doris-3:f:up]
16:47:53 #150 OK DELETE id=1618920 via doris-1 rows=10186 [doris-1:f:up doris-2:M:up doris-3:f:up]
16:47:54 #151 OK SELECT id=1618920 via doris-1 rows=10186 [doris-1:f:up doris-2:M:up doris-3:f:up]
16:47:55 #152 OK INSERT id=1618921 via doris-1 rows=10187 [doris-1:f:up doris-2:M:up doris-3:f:up]
16:47:56 #153 OK UPSERT id=1618921 via doris-1 rows=10186 [doris-1:f:up doris-2:M:up doris-3:f:up]
16:47:57 #154 OK SELECT id=1618921 via doris-1 rows=10186 [doris-1:f:up doris-2:M:up doris-3:f:up]
16:47:58 #155 OK DELETE id=1618921 via doris-1 rows=10186 [doris-1:f:up doris-2:M:up doris-3:f:up]
16:47:59 #156 OK SELECT id=1618921 via doris-1 rows=10186 [doris-1:f:up doris-2:M:up doris-3:f:up]
16:48:00 #157 OK INSERT id=1618922 via doris-1 rows=10187 [doris-1:f:up doris-2:M:up doris-3:f:up]
16:48:02 #158 OK UPSERT id=1618922 via doris-1 rows=10186 [doris-1:f:up doris-2:M:up doris-3:f:up]
16:48:03 #159 OK SELECT id=1618922 via doris-1 rows=10186 [doris-1:f:up doris-2:M:up doris-3:f:up]
16:48:04 #160 OK DELETE id=1618922 via doris-1 rows=10186 [doris-1:f:up doris-2:M:up doris-3:f:up]
16:48:05 #161 OK SELECT id=1618922 via doris-1 rows=10186 [doris-1:f:up doris-2:M:up doris-3:f:up]
16:48:06 #162 OK INSERT id=1618923 via doris-1 rows=10187 [doris-1:f:up doris-2:M:up doris-3:f:up]
16:48:07 #163 OK UPSERT id=1618923 via doris-1 rows=10186 [doris-1:f:up doris-2:M:up doris-3:f:up]
16:48:08 #164 OK SELECT id=1618923 via doris-1 rows=10186 [doris-1:f:up doris-2:M:up doris-3:f:up]
16:48:09 #165 OK DELETE id=1618923 via doris-1 rows=10186 [doris-1:f:up doris-2:M:up doris-3:f:up]
16:48:10 #166 OK SELECT id=1618923 via doris-1 rows=10186 [doris-1:f:up doris-2:M:up doris-3:f:up]
16:48:11 #167 OK INSERT id=1618924 via doris-1 rows=10187 [doris-1:f:up doris-2:M:up doris-3:f:up]
16:48:12 #168 OK UPSERT id=1618924 via doris-1 rows=10186 [doris-1:f:up doris-2:M:up doris-3:f:up]
16:48:13 #169 OK SELECT id=1618924 via doris-1 rows=10186 [doris-1:f:up doris-2:M:up doris-3:f:up]
16:48:14 #170 OK DELETE id=1618924 via doris-1 rows=10186 [doris-1:f:up doris-2:M:up doris-3:f:up]
