16:41:07 PROBE start proto=mysql hosts=doris-1,doris-2,doris-3 duration=86400s cycle=INSERT>UPSERT>SELECT>DELETE>SELECT
16:41:07 connected to doris-1 (10.140.0.2)
16:41:08 #1 OK INSERT id=1616670 via doris-1 rows=10186 [doris-1:f:up doris-2:M:up doris-3:f:up]
16:41:09 #2 OK UPSERT id=1616670 via doris-1 rows=10187 [doris-1:f:up doris-2:M:up doris-3:f:up]
16:41:10 #3 OK SELECT id=1616670 via doris-1 rows=10187 [doris-1:f:up doris-2:M:up doris-3:f:up]
16:41:11 #4 OK DELETE id=1616670 via doris-1 rows=10186 [doris-1:f:up doris-2:M:up doris-3:f:up]
16:41:12 #5 OK SELECT id=1616670 via doris-1 rows=10185 [doris-1:f:up doris-2:M:up doris-3:f:up]
16:41:13 #6 OK INSERT id=1616671 via doris-1 rows=10186 [doris-1:f:up doris-2:M:up doris-3:f:up]
16:41:14 #7 OK UPSERT id=1616671 via doris-1 rows=10187 [doris-1:f:up doris-2:M:up doris-3:f:up]
16:41:15 #8 OK SELECT id=1616671 via doris-1 rows=10187 [doris-1:f:up doris-2:M:up doris-3:f:up]
16:41:16 #9 OK DELETE id=1616671 via doris-1 rows=10186 [doris-1:f:up doris-2:M:up doris-3:f:up]
16:41:17 #10 OK SELECT id=1616671 via doris-1 rows=10185 [doris-1:f:up doris-2:M:up doris-3:f:up]
16:41:18 #11 OK INSERT id=1616672 via doris-1 rows=10186 [doris-1:f:up doris-2:M:up doris-3:f:up]
16:41:19 #12 OK UPSERT id=1616672 via doris-1 rows=10187 [doris-1:f:up doris-2:M:up doris-3:f:up]
16:41:20 #13 OK SELECT id=1616672 via doris-1 rows=10187 [doris-1:f:up doris-2:M:up doris-3:f:up]
16:41:21 #14 OK DELETE id=1616672 via doris-1 rows=10186 [doris-1:f:up doris-2:M:up doris-3:f:up]
16:41:22 #15 OK SELECT id=1616672 via doris-1 rows=10185 [doris-1:f:up doris-2:M:up doris-3:f:up]
16:41:24 #16 OK INSERT id=1616673 via doris-1 rows=10186 [doris-1:f:up doris-2:M:up doris-3:f:up]
16:41:25 #17 OK UPSERT id=1616673 via doris-1 rows=10187 [doris-1:f:up doris-2:M:up doris-3:f:up]
16:41:26 #18 OK SELECT id=1616673 via doris-1 rows=10187 [doris-1:f:up doris-2:M:up doris-3:f:up]
16:41:27 #19 OK DELETE id=1616673 via doris-1 rows=10186 [doris-1:f:up doris-2:M:up doris-3:f:up]
16:41:28 #20 OK SELECT id=1616673 via doris-1 rows=10185 [doris-1:f:up doris-2:M:up doris-3:f:up]
16:41:29 #21 OK INSERT id=1616674 via doris-1 rows=10186 [doris-1:f:up doris-2:M:up doris-3:f:up]
16:41:30 #22 OK UPSERT id=1616674 via doris-1 rows=10187 [doris-1:f:up doris-2:M:up doris-3:f:up]
16:41:31 #23 OK SELECT id=1616674 via doris-1 rows=10187 [doris-1:f:up doris-2:M:up doris-3:f:up]
16:41:32 #24 OK DELETE id=1616674 via doris-1 rows=10186 [doris-1:f:up doris-2:M:up doris-3:f:up]
16:41:33 #25 OK SELECT id=1616674 via doris-1 rows=10185 [doris-1:f:up doris-2:M:up doris-3:f:up]
16:41:34 #26 OK INSERT id=1616675 via doris-1 rows=10186 [doris-1:f:up doris-2:M:up doris-3:f:up]
16:41:35 #27 OK UPSERT id=1616675 via doris-1 rows=10187 [doris-1:f:up doris-2:M:up doris-3:f:up]
16:41:36 #28 OK SELECT id=1616675 via doris-1 rows=10187 [doris-1:f:up doris-2:M:up doris-3:f:up]
16:41:37 #29 OK DELETE id=1616675 via doris-1 rows=10186 [doris-1:f:up doris-2:M:up doris-3:f:up]
16:41:39 #30 OK SELECT id=1616675 via doris-1 rows=10185 [doris-1:f:up doris-2:M:up doris-3:f:up]
16:41:40 #31 OK INSERT id=1616676 via doris-1 rows=10186 [doris-1:f:up doris-2:M:up doris-3:f:up]
16:41:41 #32 OK UPSERT id=1616676 via doris-1 rows=10187 [doris-1:f:up doris-2:M:up doris-3:f:up]
16:41:42 EVENT break: be dead on doris-1 (FE follower)
16:41:42 #33 OK SELECT id=1616676 via doris-1 rows=10187 [doris-1:f:up doris-2:M:up doris-3:f:up]
16:41:43 #34 OK DELETE id=1616676 via doris-1 rows=10186 [doris-1:f:up doris-2:M:up doris-3:f:up]
16:41:44 #35 OK SELECT id=1616676 via doris-1 rows=10185 [doris-1:f:up doris-2:M:up doris-3:f:up]
16:41:45 #36 FAIL INSERT id=1616677 via doris-1: OperationalError: (1105, 'send fragments failed. io.grpc.StatusRuntimeException: UNAVAILABLE: io exception, host: 10.140.0.2')
16:41:45 #36 OK SELECT(check) id=1 via doris-1
16:41:46 connected to doris-1 (10.140.0.2)
16:41:48 #37 OK INSERT id=1616678 via doris-1 rows=10187 [doris-1:f:up doris-2:M:up doris-3:f:up] (recovered)
16:41:49 #38 OK UPSERT id=1616678 via doris-1 rows=10187 [doris-1:f:up doris-2:M:up doris-3:f:up]
16:41:50 #39 OK SELECT id=1616678 via doris-1 rows=10187 [doris-1:f:up doris-2:M:up doris-3:f:up]
16:41:51 #40 OK DELETE id=1616678 via doris-1 rows=10185 [doris-1:f:up doris-2:M:up doris-3:f:up]
16:41:52 #41 OK SELECT id=1616678 via doris-1 rows=10185 [doris-1:f:up doris-2:M:up doris-3:f:up]
16:41:53 #42 OK INSERT id=1616679 via doris-1 rows=10186 [doris-1:f:up doris-2:M:up doris-3:f:up]
16:41:54 #43 OK UPSERT id=1616679 via doris-1 rows=10187 [doris-1:f:up doris-2:M:up doris-3:f:up]
16:41:55 #44 OK SELECT id=1616679 via doris-1 rows=10187 [doris-1:f:up doris-2:M:up doris-3:f:up]
16:41:57 #45 OK DELETE id=1616679 via doris-1 rows=10185 [doris-1:f:up doris-2:M:up doris-3:f:up]
16:41:58 #46 OK SELECT id=1616679 via doris-1 rows=10185 [doris-1:f:up doris-2:M:up doris-3:f:up]
16:41:59 #47 OK INSERT id=1616680 via doris-1 rows=10186 [doris-1:f:up doris-2:M:up doris-3:f:up]
16:42:00 #48 OK UPSERT id=1616680 via doris-1 rows=10187 [doris-1:f:up doris-2:M:up doris-3:f:up]
16:42:01 #49 OK SELECT id=1616680 via doris-1 rows=10187 [doris-1:f:up doris-2:M:up doris-3:f:up]
16:42:02 #50 OK DELETE id=1616680 via doris-1 rows=10185 [doris-1:f:up doris-2:M:up doris-3:f:up]
16:42:03 #51 OK SELECT id=1616680 via doris-1 rows=10185 [doris-1:f:up doris-2:M:up doris-3:f:up]
16:42:04 #52 OK INSERT id=1616681 via doris-1 rows=10186 [doris-1:f:up doris-2:M:up doris-3:f:up]
16:42:05 #53 OK UPSERT id=1616681 via doris-1 rows=10187 [doris-1:f:up doris-2:M:up doris-3:f:up]
16:42:06 #54 OK SELECT id=1616681 via doris-1 rows=10187 [doris-1:f:up doris-2:M:up doris-3:f:up]
16:42:07 #55 OK DELETE id=1616681 via doris-1 rows=10185 [doris-1:f:up doris-2:M:up doris-3:f:up]
16:42:08 #56 OK SELECT id=1616681 via doris-1 rows=10185 [doris-1:f:up doris-2:M:up doris-3:f:up]
16:42:09 #57 OK INSERT id=1616682 via doris-1 rows=10186 [doris-1:f:up doris-2:M:up doris-3:f:up]
16:42:10 #58 OK UPSERT id=1616682 via doris-1 rows=10187 [doris-1:f:up doris-2:M:up doris-3:f:up]
16:42:11 #59 OK SELECT id=1616682 via doris-1 rows=10187 [doris-1:f:up doris-2:M:up doris-3:f:up]
16:42:13 #60 OK DELETE id=1616682 via doris-1 rows=10185 [doris-1:f:up doris-2:M:up doris-3:f:up]
16:42:14 #61 OK SELECT id=1616682 via doris-1 rows=10185 [doris-1:f:up doris-2:M:up doris-3:f:up]
16:42:15 #62 OK INSERT id=1616683 via doris-1 rows=10186 [doris-1:f:up doris-2:M:up doris-3:f:up]
16:42:16 #63 OK UPSERT id=1616683 via doris-1 rows=10187 [doris-1:f:up doris-2:M:up doris-3:f:up]
16:42:17 #64 OK SELECT id=1616683 via doris-1 rows=10187 [doris-1:f:up doris-2:M:up doris-3:f:up]
16:42:18 #65 OK DELETE id=1616683 via doris-1 rows=10186 [doris-1:f:up doris-2:M:up doris-3:f:up]
16:42:19 #66 OK SELECT id=1616683 via doris-1 rows=10185 [doris-1:f:up doris-2:M:up doris-3:f:up]
16:42:20 #67 OK INSERT id=1616684 via doris-1 rows=10186 [doris-1:f:up doris-2:M:up doris-3:f:up]
16:42:21 #68 OK UPSERT id=1616684 via doris-1 rows=10187 [doris-1:f:up doris-2:M:up doris-3:f:up]
16:42:22 #69 OK SELECT id=1616684 via doris-1 rows=10187 [doris-1:f:up doris-2:M:up doris-3:f:up]
16:42:23 #70 OK DELETE id=1616684 via doris-1 rows=10186 [doris-1:f:up doris-2:M:up doris-3:f:up]
16:42:24 #71 OK SELECT id=1616684 via doris-1 rows=10185 [doris-1:f:up doris-2:M:up doris-3:f:up]
16:42:25 #72 OK INSERT id=1616685 via doris-1 rows=10186 [doris-1:f:up doris-2:M:up doris-3:f:up]
16:42:27 #73 OK UPSERT id=1616685 via doris-1 rows=10187 [doris-1:f:up doris-2:M:up doris-3:f:up]
16:42:28 #74 OK SELECT id=1616685 via doris-1 rows=10187 [doris-1:f:up doris-2:M:up doris-3:f:up]
16:42:29 #75 OK DELETE id=1616685 via doris-1 rows=10186 [doris-1:f:up doris-2:M:up doris-3:f:up]
16:42:30 #76 OK SELECT id=1616685 via doris-1 rows=10185 [doris-1:f:up doris-2:M:up doris-3:f:up]
16:42:31 #77 OK INSERT id=1616686 via doris-1 rows=10186 [doris-1:f:up doris-2:M:up doris-3:f:up]
16:42:32 #78 OK UPSERT id=1616686 via doris-1 rows=10187 [doris-1:f:up doris-2:M:up doris-3:f:up]
16:42:33 #79 OK SELECT id=1616686 via doris-1 rows=10187 [doris-1:f:up doris-2:M:up doris-3:f:up]
16:42:34 #80 OK DELETE id=1616686 via doris-1 rows=10186 [doris-1:f:up doris-2:M:up doris-3:f:up]
16:42:35 #81 OK SELECT id=1616686 via doris-1 rows=10185 [doris-1:f:up doris-2:M:up doris-3:f:up]
16:42:36 #82 OK INSERT id=1616687 via doris-1 rows=10186 [doris-1:f:up doris-2:M:up doris-3:f:up]
16:42:37 #83 OK UPSERT id=1616687 via doris-1 rows=10187 [doris-1:f:up doris-2:M:up doris-3:f:up]
16:42:38 #84 OK SELECT id=1616687 via doris-1 rows=10187 [doris-1:f:up doris-2:M:up doris-3:f:up]
16:42:39 #85 OK DELETE id=1616687 via doris-1 rows=10186 [doris-1:f:up doris-2:M:up doris-3:f:up]
16:42:40 #86 OK SELECT id=1616687 via doris-1 rows=10185 [doris-1:f:up doris-2:M:up doris-3:f:up]
16:42:41 #87 OK INSERT id=1616688 via doris-1 rows=10186 [doris-1:f:up doris-2:M:up doris-3:f:up]
16:42:43 #88 OK UPSERT id=1616688 via doris-1 rows=10187 [doris-1:f:up doris-2:M:up doris-3:f:up]
16:42:44 #89 OK SELECT id=1616688 via doris-1 rows=10187 [doris-1:f:up doris-2:M:up doris-3:f:up]
16:42:45 #90 OK DELETE id=1616688 via doris-1 rows=10186 [doris-1:f:up doris-2:M:up doris-3:f:up]
16:42:46 #91 OK SELECT id=1616688 via doris-1 rows=10185 [doris-1:f:up doris-2:M:up doris-3:f:up]
16:42:47 #92 OK INSERT id=1616689 via doris-1 rows=10186 [doris-1:f:up doris-2:M:up doris-3:f:up]
16:42:48 #93 OK UPSERT id=1616689 via doris-1 rows=10187 [doris-1:f:up doris-2:M:up doris-3:f:up]
16:42:49 #94 OK SELECT id=1616689 via doris-1 rows=10187 [doris-1:f:up doris-2:M:up doris-3:f:up]
16:42:50 #95 OK DELETE id=1616689 via doris-1 rows=10186 [doris-1:f:up doris-2:M:up doris-3:f:up]
16:42:51 #96 OK SELECT id=1616689 via doris-1 rows=10185 [doris-1:f:up doris-2:M:up doris-3:f:up]
16:42:52 #97 OK INSERT id=1616690 via doris-1 rows=10186 [doris-1:f:up doris-2:M:up doris-3:f:up]
16:42:53 #98 OK UPSERT id=1616690 via doris-1 rows=10187 [doris-1:f:up doris-2:M:up doris-3:f:up]
16:42:54 #99 OK SELECT id=1616690 via doris-1 rows=10187 [doris-1:f:up doris-2:M:up doris-3:f:up]
16:42:55 #100 OK DELETE id=1616690 via doris-1 rows=10186 [doris-1:f:up doris-2:M:up doris-3:f:up]
16:42:56 #101 OK SELECT id=1616690 via doris-1 rows=10185 [doris-1:f:up doris-2:M:up doris-3:f:up]
16:42:57 #102 OK INSERT id=1616691 via doris-1 rows=10186 [doris-1:f:up doris-2:M:up doris-3:f:up]
16:42:59 #103 OK UPSERT id=1616691 via doris-1 rows=10187 [doris-1:f:up doris-2:M:up doris-3:f:up]
16:43:00 #104 OK SELECT id=1616691 via doris-1 rows=10187 [doris-1:f:up doris-2:M:up doris-3:f:up]
16:43:01 #105 OK DELETE id=1616691 via doris-1 rows=10186 [doris-1:f:up doris-2:M:up doris-3:f:up]
16:43:02 #106 OK SELECT id=1616691 via doris-1 rows=10185 [doris-1:f:up doris-2:M:up doris-3:f:up]
16:43:03 #107 OK INSERT id=1616692 via doris-1 rows=10186 [doris-1:f:up doris-2:M:up doris-3:f:up]
16:43:04 #108 OK UPSERT id=1616692 via doris-1 rows=10187 [doris-1:f:up doris-2:M:up doris-3:f:up]
16:43:05 #109 OK SELECT id=1616692 via doris-1 rows=10187 [doris-1:f:up doris-2:M:up doris-3:f:up]
16:43:06 #110 OK DELETE id=1616692 via doris-1 rows=10186 [doris-1:f:up doris-2:M:up doris-3:f:up]
16:43:07 #111 OK SELECT id=1616692 via doris-1 rows=10185 [doris-1:f:up doris-2:M:up doris-3:f:up]
16:43:08 #112 OK INSERT id=1616693 via doris-1 rows=10186 [doris-1:f:up doris-2:M:up doris-3:f:up]
16:43:09 #113 OK UPSERT id=1616693 via doris-1 rows=10187 [doris-1:f:up doris-2:M:up doris-3:f:up]
16:43:10 #114 OK SELECT id=1616693 via doris-1 rows=10187 [doris-1:f:up doris-2:M:up doris-3:f:up]
16:43:11 #115 OK DELETE id=1616693 via doris-1 rows=10186 [doris-1:f:up doris-2:M:up doris-3:f:up]
16:43:12 #116 OK SELECT id=1616693 via doris-1 rows=10185 [doris-1:f:up doris-2:M:up doris-3:f:up]
16:43:13 #117 OK INSERT id=1616694 via doris-1 rows=10186 [doris-1:f:up doris-2:M:up doris-3:f:up]
16:43:15 #118 OK UPSERT id=1616694 via doris-1 rows=10187 [doris-1:f:up doris-2:M:up doris-3:f:up]
16:43:16 #119 OK SELECT id=1616694 via doris-1 rows=10187 [doris-1:f:up doris-2:M:up doris-3:f:up]
16:43:17 #120 OK DELETE id=1616694 via doris-1 rows=10186 [doris-1:f:up doris-2:M:up doris-3:f:up]
16:43:18 #121 OK SELECT id=1616694 via doris-1 rows=10185 [doris-1:f:up doris-2:M:up doris-3:f:up]
16:43:19 #122 OK INSERT id=1616695 via doris-1 rows=10186 [doris-1:f:up doris-2:M:up doris-3:f:up]
16:43:20 #123 OK UPSERT id=1616695 via doris-1 rows=10187 [doris-1:f:up doris-2:M:up doris-3:f:up]
16:43:21 #124 OK SELECT id=1616695 via doris-1 rows=10187 [doris-1:f:up doris-2:M:up doris-3:f:up]
16:43:22 #125 OK DELETE id=1616695 via doris-1 rows=10186 [doris-1:f:up doris-2:M:up doris-3:f:up]
16:43:23 #126 OK SELECT id=1616695 via doris-1 rows=10185 [doris-1:f:up doris-2:M:up doris-3:f:up]
16:43:24 EVENT restore: systemctl start doris-be on doris-1
16:43:24 #127 OK INSERT id=1616696 via doris-1 rows=10186 [doris-1:f:up doris-2:M:up doris-3:f:up]
16:43:25 #128 OK UPSERT id=1616696 via doris-1 rows=10187 [doris-1:f:up doris-2:M:up doris-3:f:up]
16:43:26 #129 OK SELECT id=1616696 via doris-1 rows=10187 [doris-1:f:up doris-2:M:up doris-3:f:up]
16:43:27 #130 OK DELETE id=1616696 via doris-1 rows=10186 [doris-1:f:up doris-2:M:up doris-3:f:up]
16:43:28 #131 OK SELECT id=1616696 via doris-1 rows=10185 [doris-1:f:up doris-2:M:up doris-3:f:up]
16:43:29 #132 OK INSERT id=1616697 via doris-1 rows=10186 [doris-1:f:up doris-2:M:up doris-3:f:up]
16:43:31 #133 OK UPSERT id=1616697 via doris-1 rows=10187 [doris-1:f:up doris-2:M:up doris-3:f:up]
16:43:32 #134 OK SELECT id=1616697 via doris-1 rows=10187 [doris-1:f:up doris-2:M:up doris-3:f:up]
16:43:33 #135 OK DELETE id=1616697 via doris-1 rows=10186 [doris-1:f:up doris-2:M:up doris-3:f:up]
16:43:34 #136 OK SELECT id=1616697 via doris-1 rows=10185 [doris-1:f:up doris-2:M:up doris-3:f:up]
16:43:35 #137 OK INSERT id=1616698 via doris-1 rows=10186 [doris-1:f:up doris-2:M:up doris-3:f:up]
16:43:36 #138 OK UPSERT id=1616698 via doris-1 rows=10187 [doris-1:f:up doris-2:M:up doris-3:f:up]
16:43:37 #139 OK SELECT id=1616698 via doris-1 rows=10187 [doris-1:f:up doris-2:M:up doris-3:f:up]
16:43:38 #140 OK DELETE id=1616698 via doris-1 rows=10186 [doris-1:f:up doris-2:M:up doris-3:f:up]
16:43:39 #141 OK SELECT id=1616698 via doris-1 rows=10185 [doris-1:f:up doris-2:M:up doris-3:f:up]
16:43:40 #142 OK INSERT id=1616699 via doris-1 rows=10186 [doris-1:f:up doris-2:M:up doris-3:f:up]
16:43:41 #143 OK UPSERT id=1616699 via doris-1 rows=10187 [doris-1:f:up doris-2:M:up doris-3:f:up]
16:43:42 #144 OK SELECT id=1616699 via doris-1 rows=10187 [doris-1:f:up doris-2:M:up doris-3:f:up]
16:43:43 #145 OK DELETE id=1616699 via doris-1 rows=10186 [doris-1:f:up doris-2:M:up doris-3:f:up]
16:43:44 #146 OK SELECT id=1616699 via doris-1 rows=10185 [doris-1:f:up doris-2:M:up doris-3:f:up]
16:43:46 #147 OK INSERT id=1616700 via doris-1 rows=10186 [doris-1:f:up doris-2:M:up doris-3:f:up]
16:43:47 #148 OK UPSERT id=1616700 via doris-1 rows=10187 [doris-1:f:up doris-2:M:up doris-3:f:up]
16:43:48 #149 OK SELECT id=1616700 via doris-1 rows=10187 [doris-1:f:up doris-2:M:up doris-3:f:up]
16:43:49 #150 OK DELETE id=1616700 via doris-1 rows=10186 [doris-1:f:up doris-2:M:up doris-3:f:up]
16:43:50 #151 OK SELECT id=1616700 via doris-1 rows=10185 [doris-1:f:up doris-2:M:up doris-3:f:up]
16:43:51 #152 OK INSERT id=1616701 via doris-1 rows=10186 [doris-1:f:up doris-2:M:up doris-3:f:up]
16:43:52 #153 OK UPSERT id=1616701 via doris-1 rows=10187 [doris-1:f:up doris-2:M:up doris-3:f:up]
16:43:53 #154 OK SELECT id=1616701 via doris-1 rows=10187 [doris-1:f:up doris-2:M:up doris-3:f:up]
16:43:54 #155 OK DELETE id=1616701 via doris-1 rows=10186 [doris-1:f:up doris-2:M:up doris-3:f:up]
16:43:55 #156 OK SELECT id=1616701 via doris-1 rows=10185 [doris-1:f:up doris-2:M:up doris-3:f:up]
16:43:56 #157 OK INSERT id=1616702 via doris-1 rows=10186 [doris-1:f:up doris-2:M:up doris-3:f:up]
16:43:57 #158 OK UPSERT id=1616702 via doris-1 rows=10187 [doris-1:f:up doris-2:M:up doris-3:f:up]
16:43:58 #159 OK SELECT id=1616702 via doris-1 rows=10187 [doris-1:f:up doris-2:M:up doris-3:f:up]
16:43:59 #160 OK DELETE id=1616702 via doris-1 rows=10186 [doris-1:f:up doris-2:M:up doris-3:f:up]
16:44:00 EVENT restore: cluster healthy
16:44:00 #161 OK SELECT id=1616702 via doris-1 rows=10185 [doris-1:f:up doris-2:M:up doris-3:f:up]
16:44:02 #162 OK INSERT id=1616703 via doris-1 rows=10186 [doris-1:f:up doris-2:M:up doris-3:f:up]
16:44:03 #163 OK UPSERT id=1616703 via doris-1 rows=10187 [doris-1:f:up doris-2:M:up doris-3:f:up]
16:44:04 #164 OK SELECT id=1616703 via doris-1 rows=10187 [doris-1:f:up doris-2:M:up doris-3:f:up]
16:44:05 #165 OK DELETE id=1616703 via doris-1 rows=10186 [doris-1:f:up doris-2:M:up doris-3:f:up]
16:44:06 #166 OK SELECT id=1616703 via doris-1 rows=10185 [doris-1:f:up doris-2:M:up doris-3:f:up]
16:44:07 #167 OK INSERT id=1616704 via doris-1 rows=10186 [doris-1:f:up doris-2:M:up doris-3:f:up]
16:44:08 #168 OK UPSERT id=1616704 via doris-1 rows=10187 [doris-1:f:up doris-2:M:up doris-3:f:up]
16:44:09 #169 OK SELECT id=1616704 via doris-1 rows=10187 [doris-1:f:up doris-2:M:up doris-3:f:up]
16:44:10 #170 OK DELETE id=1616704 via doris-1 rows=10186 [doris-1:f:up doris-2:M:up doris-3:f:up]
16:44:11 #171 OK SELECT id=1616704 via doris-1 rows=10185 [doris-1:f:up doris-2:M:up doris-3:f:up]
16:44:12 #172 OK INSERT id=1616705 via doris-1 rows=10186 [doris-1:f:up doris-2:M:up doris-3:f:up]
16:44:13 #173 OK UPSERT id=1616705 via doris-1 rows=10187 [doris-1:f:up doris-2:M:up doris-3:f:up]
16:44:14 #174 OK SELECT id=1616705 via doris-1 rows=10187 [doris-1:f:up doris-2:M:up doris-3:f:up]
16:44:15 #175 OK DELETE id=1616705 via doris-1 rows=10186 [doris-1:f:up doris-2:M:up doris-3:f:up]
16:44:16 #176 OK SELECT id=1616705 via doris-1 rows=10185 [doris-1:f:up doris-2:M:up doris-3:f:up]
16:44:18 #177 OK INSERT id=1616706 via doris-1 rows=10186 [doris-1:f:up doris-2:M:up doris-3:f:up]
16:44:19 #178 OK UPSERT id=1616706 via doris-1 rows=10187 [doris-1:f:up doris-2:M:up doris-3:f:up]
16:44:20 #179 OK SELECT id=1616706 via doris-1 rows=10187 [doris-1:f:up doris-2:M:up doris-3:f:up]
16:44:21 #180 OK DELETE id=1616706 via doris-1 rows=10186 [doris-1:f:up doris-2:M:up doris-3:f:up]
16:44:22 #181 OK SELECT id=1616706 via doris-1 rows=10185 [doris-1:f:up doris-2:M:up doris-3:f:up]
16:44:23 #182 OK INSERT id=1616707 via doris-1 rows=10186 [doris-1:f:up doris-2:M:up doris-3:f:up]
16:44:24 #183 OK UPSERT id=1616707 via doris-1 rows=10187 [doris-1:f:up doris-2:M:up doris-3:f:up]
16:44:25 #184 OK SELECT id=1616707 via doris-1 rows=10187 [doris-1:f:up doris-2:M:up doris-3:f:up]
16:44:26 #185 OK DELETE id=1616707 via doris-1 rows=10186 [doris-1:f:up doris-2:M:up doris-3:f:up]
16:44:27 #186 OK SELECT id=1616707 via doris-1 rows=10185 [doris-1:f:up doris-2:M:up doris-3:f:up]
16:44:28 #187 OK INSERT id=1616708 via doris-1 rows=10186 [doris-1:f:up doris-2:M:up doris-3:f:up]
16:44:29 #188 OK UPSERT id=1616708 via doris-1 rows=10187 [doris-1:f:up doris-2:M:up doris-3:f:up]
16:44:30 #189 OK SELECT id=1616708 via doris-1 rows=10187 [doris-1:f:up doris-2:M:up doris-3:f:up]
16:44:31 #190 OK DELETE id=1616708 via doris-1 rows=10186 [doris-1:f:up doris-2:M:up doris-3:f:up]
16:44:32 #191 OK SELECT id=1616708 via doris-1 rows=10185 [doris-1:f:up doris-2:M:up doris-3:f:up]
