18:07:08 PROBE start proto=arrow-flight hosts=doris-2,doris-1,doris-3 duration=86400s cycle=INSERT>UPSERT>SELECT>DELETE>SELECT
18:07:09 connected to doris-2 (10.140.0.3)
18:07:09 #1 OK INSERT id=3668280 via doris-2 rows=10214 [doris-1:f:up doris-2:M:up doris-3:f:up]
18:07:11 #2 OK UPSERT id=3668280 via doris-2 rows=10214 [doris-1:f:up doris-2:M:up doris-3:f:up]
18:07:12 #3 OK SELECT id=3668280 via doris-2 rows=10213 [doris-1:f:up doris-2:M:up doris-3:f:up]
18:07:13 #4 OK DELETE id=3668280 via doris-2 rows=10211 [doris-1:f:up doris-2:M:up doris-3:f:up]
18:07:14 #5 OK SELECT id=3668280 via doris-2 rows=10212 [doris-1:f:up doris-2:M:up doris-3:f:up]
18:07:15 #6 OK INSERT id=3668281 via doris-2 rows=10214 [doris-1:f:up doris-2:M:up doris-3:f:up]
18:07:16 #7 OK UPSERT id=3668281 via doris-2 rows=10214 [doris-1:f:up doris-2:M:up doris-3:f:up]
18:07:17 #8 OK SELECT id=3668281 via doris-2 rows=10213 [doris-1:f:up doris-2:M:up doris-3:f:up]
18:07:18 #9 OK DELETE id=3668281 via doris-2 rows=10211 [doris-1:f:up doris-2:M:up doris-3:f:up]
18:07:19 #10 OK SELECT id=3668281 via doris-2 rows=10212 [doris-1:f:up doris-2:M:up doris-3:f:up]
18:07:20 #11 OK INSERT id=3668282 via doris-2 rows=10214 [doris-1:f:up doris-2:M:up doris-3:f:up]
18:07:22 #12 OK UPSERT id=3668282 via doris-2 rows=10214 [doris-1:f:up doris-2:M:up doris-3:f:up]
18:07:23 #13 OK SELECT id=3668282 via doris-2 rows=10213 [doris-1:f:up doris-2:M:up doris-3:f:up]
18:07:24 #14 OK DELETE id=3668282 via doris-2 rows=10211 [doris-1:f:up doris-2:M:up doris-3:f:up]
18:07:25 #15 OK SELECT id=3668282 via doris-2 rows=10212 [doris-1:f:up doris-2:M:up doris-3:f:up]
18:07:26 #16 OK INSERT id=3668283 via doris-2 rows=10214 [doris-1:f:up doris-2:M:up doris-3:f:up]
18:07:27 #17 OK UPSERT id=3668283 via doris-2 rows=10214 [doris-1:f:up doris-2:M:up doris-3:f:up]
18:07:28 #18 OK SELECT id=3668283 via doris-2 rows=10212 [doris-1:f:up doris-2:M:up doris-3:f:up]
18:07:29 #19 OK DELETE id=3668283 via doris-2 rows=10211 [doris-1:f:up doris-2:M:up doris-3:f:up]
18:07:30 #20 OK SELECT id=3668283 via doris-2 rows=10213 [doris-1:f:up doris-2:M:up doris-3:f:up]
18:07:32 #21 OK INSERT id=3668284 via doris-2 rows=10214 [doris-1:f:up doris-2:M:up doris-3:f:up]
18:07:33 #22 OK UPSERT id=3668284 via doris-2 rows=10214 [doris-1:f:up doris-2:M:up doris-3:f:up]
18:07:34 #23 OK SELECT id=3668284 via doris-2 rows=10212 [doris-1:f:up doris-2:M:up doris-3:f:up]
18:07:35 #24 OK DELETE id=3668284 via doris-2 rows=10211 [doris-1:f:up doris-2:M:up doris-3:f:up]
18:07:36 #25 OK SELECT id=3668284 via doris-2 rows=10213 [doris-1:f:up doris-2:M:up doris-3:f:up]
18:07:37 #26 OK INSERT id=3668285 via doris-2 rows=10214 [doris-1:f:up doris-2:M:up doris-3:f:up]
18:07:38 #27 OK UPSERT id=3668285 via doris-2 rows=10214 [doris-1:f:up doris-2:M:up doris-3:f:up]
18:07:39 #28 OK SELECT id=3668285 via doris-2 rows=10212 [doris-1:f:up doris-2:M:up doris-3:f:up]
18:07:40 #29 OK DELETE id=3668285 via doris-2 rows=10211 [doris-1:f:up doris-2:M:up doris-3:f:up]
18:07:41 #30 OK SELECT id=3668285 via doris-2 rows=10213 [doris-1:f:up doris-2:M:up doris-3:f:up]
18:07:42 EVENT break: vm stop on doris-2 (FE master)
18:07:42 #31 OK INSERT id=3668286 via doris-2 rows=10214 [doris-1:f:up doris-2:M:up doris-3:f:up]
18:07:44 #32 OK UPSERT id=3668286 via doris-2 rows=10214 [doris-1:f:up doris-2:M:up doris-3:f:up]
18:07:45 #33 OK SELECT id=3668286 via doris-2 rows=10212 [doris-1:f:up doris-2:M:up doris-3:f:up]
18:07:46 #34 FAIL DELETE id=3668286 via doris-2: OperationalError: IO: [FlightSQL] connection error: desc = "transport: Error while dialing: dial tcp 10.140.0.3:8070: connect: c
18:07:46 #34 OK SELECT(check) id=1 via doris-1
18:07:47 connected to doris-1 (10.140.0.2)
18:07:47 DML unsupported over arrow-flight (InternalError: RuntimeException, msg: getMysqlChannel not in mysql connection (Internal; ExecuteQuery)) — switching to SELECT-only mode
18:07:47 #35 OK SELECT id=3668287 via doris-1 rows=10212 [doris-1:f:up doris-2:f:DOWN doris-3:M:up] (recovered)
18:07:48 #36 OK SELECT id=3668287 via doris-1 rows=10212 [doris-1:f:up doris-2:f:DOWN doris-3:M:up]
18:07:49 #37 OK SELECT id=3668287 via doris-1 rows=10214 [doris-1:f:up doris-2:f:DOWN doris-3:M:up]
18:07:50 #38 OK SELECT id=3668287 via doris-1 rows=10214 [doris-1:f:up doris-2:f:DOWN doris-3:M:up]
18:07:51 #39 OK SELECT id=3668287 via doris-1 rows=10214 [doris-1:f:up doris-2:f:DOWN doris-3:M:up]
18:07:52 #40 OK SELECT id=3668287 via doris-1 rows=10212 [doris-1:f:up doris-2:f:DOWN doris-3:M:up]
18:07:53 #41 OK SELECT id=3668287 via doris-1 rows=10212 [doris-1:f:up doris-2:f:DOWN doris-3:M:up]
18:07:54 #42 OK SELECT id=3668287 via doris-1 rows=10214 [doris-1:f:up doris-2:f:DOWN doris-3:M:up]
18:07:56 #43 OK SELECT id=3668287 via doris-1 rows=10214 [doris-1:f:up doris-2:f:DOWN doris-3:M:up]
18:07:57 #44 OK SELECT id=3668287 via doris-1 rows=10214 [doris-1:f:up doris-2:f:DOWN doris-3:M:up]
18:07:58 #45 OK SELECT id=3668287 via doris-1 rows=10212 [doris-1:f:up doris-2:f:DOWN doris-3:M:up]
18:07:59 #46 OK SELECT id=3668287 via doris-1 rows=10212 [doris-1:f:up doris-2:f:DOWN doris-3:M:up]
18:08:00 #47 OK SELECT id=3668287 via doris-1 rows=10214 [doris-1:f:up doris-2:f:DOWN doris-3:M:up]
18:08:01 #48 OK SELECT id=3668287 via doris-1 rows=10214 [doris-1:f:up doris-2:f:DOWN doris-3:M:up]
18:08:02 #49 OK SELECT id=3668287 via doris-1 rows=10214 [doris-1:f:up doris-2:f:DOWN doris-3:M:up]
18:08:03 #50 OK SELECT id=3668287 via doris-1 rows=10212 [doris-1:f:up doris-2:f:DOWN doris-3:M:up]
18:08:04 #51 OK SELECT id=3668287 via doris-1 rows=10212 [doris-1:f:up doris-2:f:DOWN doris-3:M:up]
18:08:05 #52 OK SELECT id=3668287 via doris-1 rows=10214 [doris-1:f:up doris-2:f:DOWN doris-3:M:up]
18:08:06 #53 OK SELECT id=3668287 via doris-1 rows=10214 [doris-1:f:up doris-2:f:DOWN doris-3:M:up]
18:08:06 EVENT break: doris-2 is down
18:08:07 #54 OK SELECT id=3668287 via doris-1 rows=10214 [doris-1:f:up doris-2:f:DOWN doris-3:M:up]
18:08:08 #55 OK SELECT id=3668287 via doris-1 rows=10213 [doris-1:f:up doris-2:f:DOWN doris-3:M:up]
18:08:09 #56 OK SELECT id=3668287 via doris-1 rows=10213 [doris-1:f:up doris-2:f:DOWN doris-3:M:up]
18:08:10 #57 OK SELECT id=3668287 via doris-1 rows=10214 [doris-1:f:up doris-2:f:DOWN doris-3:M:up]
18:08:11 #58 OK SELECT id=3668287 via doris-1 rows=10213 [doris-1:f:up doris-2:f:DOWN doris-3:M:up]
18:08:12 #59 OK SELECT id=3668287 via doris-1 rows=10213 [doris-1:f:up doris-2:f:DOWN doris-3:M:up]
18:08:14 #60 OK SELECT id=3668287 via doris-1 rows=10213 [doris-1:f:up doris-2:f:DOWN doris-3:M:up]
18:08:15 #61 OK SELECT id=3668287 via doris-1 rows=10213 [doris-1:f:up doris-2:f:DOWN doris-3:M:up]
18:08:16 #62 OK SELECT id=3668287 via doris-1 rows=10214 [doris-1:f:up doris-2:f:DOWN doris-3:M:up]
18:08:17 #63 OK SELECT id=3668287 via doris-1 rows=10213 [doris-1:f:up doris-2:f:DOWN doris-3:M:up]
18:08:18 #64 OK SELECT id=3668287 via doris-1 rows=10213 [doris-1:f:up doris-2:f:DOWN doris-3:M:up]
18:08:19 #65 OK SELECT id=3668287 via doris-1 rows=10213 [doris-1:f:up doris-2:f:DOWN doris-3:M:up]
18:08:20 #66 OK SELECT id=3668287 via doris-1 rows=10213 [doris-1:f:up doris-2:f:DOWN doris-3:M:up]
18:08:21 #67 OK SELECT id=3668287 via doris-1 rows=10214 [doris-1:f:up doris-2:f:DOWN doris-3:M:up]
18:08:22 #68 OK SELECT id=3668287 via doris-1 rows=10213 [doris-1:f:up doris-2:f:DOWN doris-3:M:up]
18:08:23 #69 OK SELECT id=3668287 via doris-1 rows=10213 [doris-1:f:up doris-2:f:DOWN doris-3:M:up]
18:08:24 #70 OK SELECT id=3668287 via doris-1 rows=10213 [doris-1:f:up doris-2:f:DOWN doris-3:M:up]
18:08:25 #71 OK SELECT id=3668287 via doris-1 rows=10213 [doris-1:f:up doris-2:f:DOWN doris-3:M:up]
18:08:26 #72 OK SELECT id=3668287 via doris-1 rows=10214 [doris-1:f:up doris-2:f:DOWN doris-3:M:up]
18:08:27 #73 OK SELECT id=3668287 via doris-1 rows=10214 [doris-1:f:up doris-2:f:DOWN doris-3:M:up]
18:08:28 #74 OK SELECT id=3668287 via doris-1 rows=10214 [doris-1:f:up doris-2:f:DOWN doris-3:M:up]
18:08:29 #75 OK SELECT id=3668287 via doris-1 rows=10213 [doris-1:f:up doris-2:f:DOWN doris-3:M:up]
18:08:30 #76 OK SELECT id=3668287 via doris-1 rows=10212 [doris-1:f:up doris-2:f:DOWN doris-3:M:up]
18:08:31 #77 OK SELECT id=3668287 via doris-1 rows=10213 [doris-1:f:up doris-2:f:DOWN doris-3:M:up]
18:08:33 #78 OK SELECT id=3668287 via doris-1 rows=10214 [doris-1:f:up doris-2:f:DOWN doris-3:M:up]
18:08:34 #79 OK SELECT id=3668287 via doris-1 rows=10214 [doris-1:f:up doris-2:f:DOWN doris-3:M:up]
18:08:35 #80 OK SELECT id=3668287 via doris-1 rows=10213 [doris-1:f:up doris-2:f:DOWN doris-3:M:up]
18:08:36 #81 OK SELECT id=3668287 via doris-1 rows=10212 [doris-1:f:up doris-2:f:DOWN doris-3:M:up]
18:08:37 #82 OK SELECT id=3668287 via doris-1 rows=10213 [doris-1:f:up doris-2:f:DOWN doris-3:M:up]
18:08:38 #83 OK SELECT id=3668287 via doris-1 rows=10214 [doris-1:f:up doris-2:f:DOWN doris-3:M:up]
18:08:39 #84 OK SELECT id=3668287 via doris-1 rows=10214 [doris-1:f:up doris-2:f:DOWN doris-3:M:up]
18:08:40 #85 OK SELECT id=3668287 via doris-1 rows=10213 [doris-1:f:up doris-2:f:DOWN doris-3:M:up]
18:08:41 #86 OK SELECT id=3668287 via doris-1 rows=10212 [doris-1:f:up doris-2:f:DOWN doris-3:M:up]
18:08:42 #87 OK SELECT id=3668287 via doris-1 rows=10213 [doris-1:f:up doris-2:f:DOWN doris-3:M:up]
18:08:43 #88 OK SELECT id=3668287 via doris-1 rows=10214 [doris-1:f:up doris-2:f:DOWN doris-3:M:up]
18:08:44 #89 OK SELECT id=3668287 via doris-1 rows=10214 [doris-1:f:up doris-2:f:DOWN doris-3:M:up]
18:08:45 #90 OK SELECT id=3668287 via doris-1 rows=10213 [doris-1:f:up doris-2:f:DOWN doris-3:M:up]
18:08:46 #91 OK SELECT id=3668287 via doris-1 rows=10212 [doris-1:f:up doris-2:f:DOWN doris-3:M:up]
18:08:47 #92 OK SELECT id=3668287 via doris-1 rows=10213 [doris-1:f:up doris-2:f:DOWN doris-3:M:up]
18:08:48 #93 OK SELECT id=3668287 via doris-1 rows=10213 [doris-1:f:up doris-2:f:DOWN doris-3:M:up]
18:08:49 #94 OK SELECT id=3668287 via doris-1 rows=10213 [doris-1:f:up doris-2:f:DOWN doris-3:M:up]
18:08:50 #95 OK SELECT id=3668287 via doris-1 rows=10212 [doris-1:f:up doris-2:f:DOWN doris-3:M:up]
18:08:52 #96 OK SELECT id=3668287 via doris-1 rows=10213 [doris-1:f:up doris-2:f:DOWN doris-3:M:up]
18:08:53 #97 OK SELECT id=3668287 via doris-1 rows=10214 [doris-1:f:up doris-2:f:DOWN doris-3:M:up]
18:08:54 #98 OK SELECT id=3668287 via doris-1 rows=10214 [doris-1:f:up doris-2:f:DOWN doris-3:M:up]
18:08:55 #99 OK SELECT id=3668287 via doris-1 rows=10213 [doris-1:f:up doris-2:f:DOWN doris-3:M:up]
18:08:56 #100 OK SELECT id=3668287 via doris-1 rows=10212 [doris-1:f:up doris-2:f:DOWN doris-3:M:up]
18:08:57 #101 OK SELECT id=3668287 via doris-1 rows=10213 [doris-1:f:up doris-2:f:DOWN doris-3:M:up]
18:08:58 #102 OK SELECT id=3668287 via doris-1 rows=10214 [doris-1:f:up doris-2:f:DOWN doris-3:M:up]
18:08:59 #103 OK SELECT id=3668287 via doris-1 rows=10214 [doris-1:f:up doris-2:f:DOWN doris-3:M:up]
18:09:00 #104 OK SELECT id=3668287 via doris-1 rows=10213 [doris-1:f:up doris-2:f:DOWN doris-3:M:up]
18:09:01 #105 OK SELECT id=3668287 via doris-1 rows=10212 [doris-1:f:up doris-2:f:DOWN doris-3:M:up]
18:09:02 #106 OK SELECT id=3668287 via doris-1 rows=10213 [doris-1:f:up doris-2:f:DOWN doris-3:M:up]
18:09:03 #107 OK SELECT id=3668287 via doris-1 rows=10214 [doris-1:f:up doris-2:f:DOWN doris-3:M:up]
18:09:04 #108 OK SELECT id=3668287 via doris-1 rows=10214 [doris-1:f:up doris-2:f:DOWN doris-3:M:up]
18:09:05 #109 OK SELECT id=3668287 via doris-1 rows=10213 [doris-1:f:up doris-2:f:DOWN doris-3:M:up]
18:09:06 #110 OK SELECT id=3668287 via doris-1 rows=10212 [doris-1:f:up doris-2:f:DOWN doris-3:M:up]
18:09:07 #111 OK SELECT id=3668287 via doris-1 rows=10213 [doris-1:f:up doris-2:f:DOWN doris-3:M:up]
18:09:08 #112 OK SELECT id=3668287 via doris-1 rows=10214 [doris-1:f:up doris-2:f:DOWN doris-3:M:up]
18:09:09 #113 OK SELECT id=3668287 via doris-1 rows=10214 [doris-1:f:up doris-2:f:DOWN doris-3:M:up]
18:09:10 #114 OK SELECT id=3668287 via doris-1 rows=10214 [doris-1:f:up doris-2:f:DOWN doris-3:M:up]
18:09:12 #115 OK SELECT id=3668287 via doris-1 rows=10213 [doris-1:f:up doris-2:f:DOWN doris-3:M:up]
18:09:13 #116 OK SELECT id=3668287 via doris-1 rows=10213 [doris-1:f:up doris-2:f:DOWN doris-3:M:up]
18:09:14 #117 OK SELECT id=3668287 via doris-1 rows=10213 [doris-1:f:up doris-2:f:DOWN doris-3:M:up]
18:09:15 #118 OK SELECT id=3668287 via doris-1 rows=10213 [doris-1:f:up doris-2:f:DOWN doris-3:M:up]
18:09:16 #119 OK SELECT id=3668287 via doris-1 rows=10214 [doris-1:f:up doris-2:f:DOWN doris-3:M:up]
18:09:17 #120 OK SELECT id=3668287 via doris-1 rows=10213 [doris-1:f:up doris-2:f:DOWN doris-3:M:up]
18:09:18 #121 OK SELECT id=3668287 via doris-1 rows=10213 [doris-1:f:up doris-2:f:DOWN doris-3:M:up]
18:09:19 #122 OK SELECT id=3668287 via doris-1 rows=10213 [doris-1:f:up doris-2:f:DOWN doris-3:M:up]
18:09:20 #123 OK SELECT id=3668287 via doris-1 rows=10213 [doris-1:f:up doris-2:f:DOWN doris-3:M:up]
18:09:21 #124 OK SELECT id=3668287 via doris-1 rows=10214 [doris-1:f:up doris-2:f:DOWN doris-3:M:up]
18:09:22 #125 OK SELECT id=3668287 via doris-1 rows=10213 [doris-1:f:up doris-2:f:DOWN doris-3:M:up]
18:09:23 #126 OK SELECT id=3668287 via doris-1 rows=10213 [doris-1:f:up doris-2:f:DOWN doris-3:M:up]
18:09:24 #127 OK SELECT id=3668287 via doris-1 rows=10213 [doris-1:f:up doris-2:f:DOWN doris-3:M:up]
18:09:25 #128 OK SELECT id=3668287 via doris-1 rows=10213 [doris-1:f:up doris-2:f:DOWN doris-3:M:up]
18:09:26 #129 OK SELECT id=3668287 via doris-1 rows=10214 [doris-1:f:up doris-2:f:DOWN doris-3:M:up]
18:09:27 #130 OK SELECT id=3668287 via doris-1 rows=10213 [doris-1:f:up doris-2:f:DOWN doris-3:M:up]
18:09:28 #131 OK SELECT id=3668287 via doris-1 rows=10213 [doris-1:f:up doris-2:f:DOWN doris-3:M:up]
18:09:29 #132 OK SELECT id=3668287 via doris-1 rows=10214 [doris-1:f:up doris-2:f:DOWN doris-3:M:up]
18:09:30 #133 OK SELECT id=3668287 via doris-1 rows=10214 [doris-1:f:up doris-2:f:DOWN doris-3:M:up]
18:09:32 #134 OK SELECT id=3668287 via doris-1 rows=10214 [doris-1:f:up doris-2:f:DOWN doris-3:M:up]
18:09:33 #135 OK SELECT id=3668287 via doris-1 rows=10212 [doris-1:f:up doris-2:f:DOWN doris-3:M:up]
18:09:34 #136 OK SELECT id=3668287 via doris-1 rows=10212 [doris-1:f:up doris-2:f:DOWN doris-3:M:up]
18:09:35 #137 OK SELECT id=3668287 via doris-1 rows=10214 [doris-1:f:up doris-2:f:DOWN doris-3:M:up]
18:09:36 #138 OK SELECT id=3668287 via doris-1 rows=10214 [doris-1:f:up doris-2:f:DOWN doris-3:M:up]
18:09:37 #139 OK SELECT id=3668287 via doris-1 rows=10214 [doris-1:f:up doris-2:f:DOWN doris-3:M:up]
18:09:38 #140 OK SELECT id=3668287 via doris-1 rows=10212 [doris-1:f:up doris-2:f:DOWN doris-3:M:up]
18:09:39 #141 OK SELECT id=3668287 via doris-1 rows=10212 [doris-1:f:up doris-2:f:DOWN doris-3:M:up]
18:09:40 #142 OK SELECT id=3668287 via doris-1 rows=10214 [doris-1:f:up doris-2:f:DOWN doris-3:M:up]
18:09:41 #143 OK SELECT id=3668287 via doris-1 rows=10214 [doris-1:f:up doris-2:f:DOWN doris-3:M:up]
18:09:42 #144 OK SELECT id=3668287 via doris-1 rows=10214 [doris-1:f:up doris-2:f:DOWN doris-3:M:up]
18:09:43 #145 OK SELECT id=3668287 via doris-1 rows=10212 [doris-1:f:up doris-2:f:DOWN doris-3:M:up]
18:09:44 #146 OK SELECT id=3668287 via doris-1 rows=10212 [doris-1:f:up doris-2:f:DOWN doris-3:M:up]
18:09:45 #147 OK SELECT id=3668287 via doris-1 rows=10214 [doris-1:f:up doris-2:f:DOWN doris-3:M:up]
18:09:45 EVENT restore: start doris-2
18:09:46 #148 OK SELECT id=3668287 via doris-1 rows=10214 [doris-1:f:up doris-2:f:DOWN doris-3:M:up]
18:09:47 #149 OK SELECT id=3668287 via doris-1 rows=10214 [doris-1:f:up doris-2:f:DOWN doris-3:M:up]
18:09:48 #150 OK SELECT id=3668287 via doris-1 rows=10212 [doris-1:f:up doris-2:f:DOWN doris-3:M:up]
18:09:49 #151 OK SELECT id=3668287 via doris-1 rows=10212 [doris-1:f:up doris-2:f:DOWN doris-3:M:up]
18:09:50 #152 OK SELECT id=3668287 via doris-1 rows=10213 [doris-1:f:up doris-2:f:DOWN doris-3:M:up]
18:09:52 #153 OK SELECT id=3668287 via doris-1 rows=10213 [doris-1:f:up doris-2:f:DOWN doris-3:M:up]
18:09:53 #154 OK SELECT id=3668287 via doris-1 rows=10214 [doris-1:f:up doris-2:f:DOWN doris-3:M:up]
18:09:54 #155 OK SELECT id=3668287 via doris-1 rows=10213 [doris-1:f:up doris-2:f:DOWN doris-3:M:up]
18:09:55 #156 OK SELECT id=3668287 via doris-1 rows=10213 [doris-1:f:up doris-2:f:DOWN doris-3:M:up]
18:09:56 #157 OK SELECT id=3668287 via doris-1 rows=10214 [doris-1:f:up doris-2:f:DOWN doris-3:M:up]
18:09:57 #158 OK SELECT id=3668287 via doris-1 rows=10213 [doris-1:f:up doris-2:f:DOWN doris-3:M:up]
18:09:58 #159 OK SELECT id=3668287 via doris-1 rows=10214 [doris-1:f:up doris-2:f:DOWN doris-3:M:up]
18:09:59 #160 OK SELECT id=3668287 via doris-1 rows=10213 [doris-1:f:up doris-2:f:DOWN doris-3:M:up]
18:10:00 #161 OK SELECT id=3668287 via doris-1 rows=10213 [doris-1:f:up doris-2:f:DOWN doris-3:M:up]
18:10:01 #162 OK SELECT id=3668287 via doris-1 rows=10214 [doris-1:f:up doris-2:f:DOWN doris-3:M:up]
18:10:02 #163 OK SELECT id=3668287 via doris-1 rows=10213 [doris-1:f:up doris-2:f:DOWN doris-3:M:up]
18:10:03 #164 OK SELECT id=3668287 via doris-1 rows=10213 [doris-1:f:up doris-2:f:DOWN doris-3:M:up]
18:10:04 #165 OK SELECT id=3668287 via doris-1 rows=10213 [doris-1:f:up doris-2:f:DOWN doris-3:M:up]
18:10:05 #166 OK SELECT id=3668287 via doris-1 rows=10213 [doris-1:f:up doris-2:f:DOWN doris-3:M:up]
18:10:06 #167 OK SELECT id=3668287 via doris-1 rows=10214 [doris-1:f:up doris-2:f:DOWN doris-3:M:up]
18:10:07 #168 OK SELECT id=3668287 via doris-1 rows=10213 [doris-1:f:up doris-2:f:DOWN doris-3:M:up]
18:10:08 #169 OK SELECT id=3668287 via doris-1 rows=10213 [doris-1:f:up doris-2:f:DOWN doris-3:M:up]
18:10:09 #170 OK SELECT id=3668287 via doris-1 rows=10213 [doris-1:f:up doris-2:f:DOWN doris-3:M:up]
18:10:10 #171 OK SELECT id=3668287 via doris-1 rows=10213 [doris-1:f:up doris-2:f:DOWN doris-3:M:up]
18:10:12 #172 OK SELECT id=3668287 via doris-1 rows=10214 [doris-1:f:up doris-2:f:DOWN doris-3:M:up]
18:10:13 #173 OK SELECT id=3668287 via doris-1 rows=10213 [doris-1:f:up doris-2:f:DOWN doris-3:M:up]
18:10:14 #174 OK SELECT id=3668287 via doris-1 rows=10213 [doris-1:f:up doris-2:f:DOWN doris-3:M:up]
18:10:15 #175 OK SELECT id=3668287 via doris-1 rows=10213 [doris-1:f:up doris-2:f:DOWN doris-3:M:up]
18:10:16 #176 OK SELECT id=3668287 via doris-1 rows=10213 [doris-1:f:up doris-2:f:DOWN doris-3:M:up]
18:10:17 #177 OK SELECT id=3668287 via doris-1 rows=10214 [doris-1:f:up doris-2:f:DOWN doris-3:M:up]
18:10:18 #178 OK SELECT id=3668287 via doris-1 rows=10213 [doris-1:f:up doris-2:f:DOWN doris-3:M:up]
18:10:19 #179 OK SELECT id=3668287 via doris-1 rows=10213 [doris-1:f:up doris-2:f:DOWN doris-3:M:up]
18:10:20 #180 OK SELECT id=3668287 via doris-1 rows=10213 [doris-1:f:up doris-2:f:DOWN doris-3:M:up]
18:10:21 #181 OK SELECT id=3668287 via doris-1 rows=10213 [doris-1:f:up doris-2:f:DOWN doris-3:M:up]
18:10:22 #182 OK SELECT id=3668287 via doris-1 rows=10214 [doris-1:f:up doris-2:f:DOWN doris-3:M:up]
18:10:23 #183 OK SELECT id=3668287 via doris-1 rows=10213 [doris-1:f:up doris-2:f:DOWN doris-3:M:up]
18:10:24 #184 OK SELECT id=3668287 via doris-1 rows=10213 [doris-1:f:up doris-2:f:DOWN doris-3:M:up]
18:10:25 #185 OK SELECT id=3668287 via doris-1 rows=10213 [doris-1:f:up doris-2:f:DOWN doris-3:M:up]
18:10:26 #186 OK SELECT id=3668287 via doris-1 rows=10213 [doris-1:f:up doris-2:f:up doris-3:M:up]
18:10:27 #187 OK SELECT id=3668287 via doris-1 rows=10214 [doris-1:f:up doris-2:f:up doris-3:M:up]
18:10:28 #188 OK SELECT id=3668287 via doris-1 rows=10213 [doris-1:f:up doris-2:f:up doris-3:M:up]
18:10:29 #189 OK SELECT id=3668287 via doris-1 rows=10213 [doris-1:f:up doris-2:f:up doris-3:M:up]
18:10:30 #190 OK SELECT id=3668287 via doris-1 rows=10213 [doris-1:f:up doris-2:f:up doris-3:M:up]
18:10:32 #191 OK SELECT id=3668287 via doris-1 rows=10213 [doris-1:f:up doris-2:f:up doris-3:M:up]
18:10:33 #192 OK SELECT id=3668287 via doris-1 rows=10214 [doris-1:f:up doris-2:f:up doris-3:M:up]
18:10:34 #193 OK SELECT id=3668287 via doris-1 rows=10213 [doris-1:f:up doris-2:f:up doris-3:M:up]
18:10:35 #194 OK SELECT id=3668287 via doris-1 rows=10213 [doris-1:f:up doris-2:f:up doris-3:M:up]
18:10:36 #195 OK SELECT id=3668287 via doris-1 rows=10214 [doris-1:f:up doris-2:f:up doris-3:M:up]
18:10:37 #196 OK SELECT id=3668287 via doris-1 rows=10213 [doris-1:f:up doris-2:f:up doris-3:M:up]
18:10:38 #197 OK SELECT id=3668287 via doris-1 rows=10213 [doris-1:f:up doris-2:f:up doris-3:M:up]
18:10:39 #198 OK SELECT id=3668287 via doris-1 rows=10213 [doris-1:f:up doris-2:f:up doris-3:M:up]
18:10:40 #199 OK SELECT id=3668287 via doris-1 rows=10213 [doris-1:f:up doris-2:f:up doris-3:M:up]
18:10:41 #200 OK SELECT id=3668287 via doris-1 rows=10214 [doris-1:f:up doris-2:f:up doris-3:M:up]
18:10:42 #201 OK SELECT id=3668287 via doris-1 rows=10213 [doris-1:f:up doris-2:f:up doris-3:M:up]
18:10:43 #202 OK SELECT id=3668287 via doris-1 rows=10213 [doris-1:f:up doris-2:f:up doris-3:M:up]
18:10:44 #203 OK SELECT id=3668287 via doris-1 rows=10213 [doris-1:f:up doris-2:f:up doris-3:M:up]
18:10:45 #204 OK SELECT id=3668287 via doris-1 rows=10213 [doris-1:f:up doris-2:f:up doris-3:M:up]
18:10:46 #205 OK SELECT id=3668287 via doris-1 rows=10213 [doris-1:f:up doris-2:f:up doris-3:M:up]
18:10:47 #206 OK SELECT id=3668287 via doris-1 rows=10212 [doris-1:f:up doris-2:f:up doris-3:M:up]
18:10:48 #207 OK SELECT id=3668287 via doris-1 rows=10213 [doris-1:f:up doris-2:f:up doris-3:M:up]
18:10:50 #208 OK SELECT id=3668287 via doris-1 rows=10214 [doris-1:f:up doris-2:f:up doris-3:M:up]
18:10:51 #209 OK SELECT id=3668287 via doris-1 rows=10214 [doris-1:f:up doris-2:f:up doris-3:M:up]
18:10:52 #210 OK SELECT id=3668287 via doris-1 rows=10214 [doris-1:f:up doris-2:f:up doris-3:M:up]
18:10:53 EVENT restore: cluster healthy
18:10:53 #211 OK SELECT id=3668287 via doris-1 rows=10212 [doris-1:f:up doris-2:f:up doris-3:M:up]
18:10:54 #212 OK SELECT id=3668287 via doris-1 rows=10212 [doris-1:f:up doris-2:f:up doris-3:M:up]
18:10:55 #213 OK SELECT id=3668287 via doris-1 rows=10214 [doris-1:f:up doris-2:f:up doris-3:M:up]
18:10:56 #214 OK SELECT id=3668287 via doris-1 rows=10214 [doris-1:f:up doris-2:f:up doris-3:M:up]
18:10:57 #215 OK SELECT id=3668287 via doris-1 rows=10214 [doris-1:f:up doris-2:f:up doris-3:M:up]
18:10:58 #216 OK SELECT id=3668287 via doris-1 rows=10213 [doris-1:f:up doris-2:f:up doris-3:M:up]
18:10:59 #217 OK SELECT id=3668287 via doris-1 rows=10212 [doris-1:f:up doris-2:f:up doris-3:M:up]
18:11:00 #218 OK SELECT id=3668287 via doris-1 rows=10213 [doris-1:f:up doris-2:f:up doris-3:M:up]
18:11:01 #219 OK SELECT id=3668287 via doris-1 rows=10214 [doris-1:f:up doris-2:f:up doris-3:M:up]
18:11:02 #220 OK SELECT id=3668287 via doris-1 rows=10214 [doris-1:f:up doris-2:f:up doris-3:M:up]
18:11:03 #221 OK SELECT id=3668287 via doris-1 rows=10213 [doris-1:f:up doris-2:f:up doris-3:M:up]
18:11:04 #222 OK SELECT id=3668287 via doris-1 rows=10212 [doris-1:f:up doris-2:f:up doris-3:M:up]
18:11:05 #223 OK SELECT id=3668287 via doris-1 rows=10213 [doris-1:f:up doris-2:f:up doris-3:M:up]
18:11:06 #224 OK SELECT id=3668287 via doris-1 rows=10214 [doris-1:f:up doris-2:f:up doris-3:M:up]
18:11:07 #225 OK SELECT id=3668287 via doris-1 rows=10214 [doris-1:f:up doris-2:f:up doris-3:M:up]
18:11:08 #226 OK SELECT id=3668287 via doris-1 rows=10213 [doris-1:f:up doris-2:f:up doris-3:M:up]
18:11:10 #227 OK SELECT id=3668287 via doris-1 rows=10212 [doris-1:f:up doris-2:f:up doris-3:M:up]
18:11:11 #228 OK SELECT id=3668287 via doris-1 rows=10213 [doris-1:f:up doris-2:f:up doris-3:M:up]
18:11:12 #229 OK SELECT id=3668287 via doris-1 rows=10214 [doris-1:f:up doris-2:f:up doris-3:M:up]
18:11:13 #230 OK SELECT id=3668287 via doris-1 rows=10214 [doris-1:f:up doris-2:f:up doris-3:M:up]
18:11:14 #231 OK SELECT id=3668287 via doris-1 rows=10213 [doris-1:f:up doris-2:f:up doris-3:M:up]
18:11:15 #232 OK SELECT id=3668287 via doris-1 rows=10212 [doris-1:f:up doris-2:f:up doris-3:M:up]
18:11:16 #233 OK SELECT id=3668287 via doris-1 rows=10213 [doris-1:f:up doris-2:f:up doris-3:M:up]
18:11:17 #234 OK SELECT id=3668287 via doris-1 rows=10214 [doris-1:f:up doris-2:f:up doris-3:M:up]
18:11:18 #235 OK SELECT id=3668287 via doris-1 rows=10214 [doris-1:f:up doris-2:f:up doris-3:M:up]
18:11:19 #236 OK SELECT id=3668287 via doris-1 rows=10213 [doris-1:f:up doris-2:f:up doris-3:M:up]
18:11:20 #237 OK SELECT id=3668287 via doris-1 rows=10212 [doris-1:f:up doris-2:f:up doris-3:M:up]
18:11:21 #238 OK SELECT id=3668287 via doris-1 rows=10213 [doris-1:f:up doris-2:f:up doris-3:M:up]
18:11:22 #239 OK SELECT id=3668287 via doris-1 rows=10213 [doris-1:f:up doris-2:f:up doris-3:M:up]
