03:14:59 PROBE start proto=jdbc hosts=doris-2,doris-1,doris-3 duration=86400s cycle=INSERT>UPSERT>SELECT>DELETE>SELECT url=jdbc:mysql://10.140.0.3:9030,10.140.0.2:9030,10.140.0.4:9030/hatest
03:15:00 connected to doris-2 (driver-selected host)
03:15:00 #1 OK INSERT id=2676990 via doris-2 rows=10066 [doris-1:f:up doris-2:M:up doris-3:f:up]
03:15:01 #2 OK UPSERT id=2676990 via doris-2 rows=10067 [doris-1:f:up doris-2:M:up doris-3:f:up]
03:15:02 #3 OK SELECT id=2676990 via doris-2 rows=10067 [doris-1:f:up doris-2:M:up doris-3:f:up]
03:15:03 #4 OK DELETE id=2676990 via doris-2 rows=10065 [doris-1:f:up doris-2:M:up doris-3:f:up]
03:15:04 #5 OK SELECT id=2676990 via doris-2 rows=10064 [doris-1:f:up doris-2:M:up doris-3:f:up]
03:15:05 #6 OK INSERT id=2676991 via doris-2 rows=10066 [doris-1:f:up doris-2:M:up doris-3:f:up]
03:15:06 #7 OK UPSERT id=2676991 via doris-2 rows=10067 [doris-1:f:up doris-2:M:up doris-3:f:up]
03:15:07 #8 OK SELECT id=2676991 via doris-2 rows=10067 [doris-1:f:up doris-2:M:up doris-3:f:up]
03:15:09 #9 OK DELETE id=2676991 via doris-2 rows=10065 [doris-1:f:up doris-2:M:up doris-3:f:up]
03:15:10 #10 OK SELECT id=2676991 via doris-2 rows=10064 [doris-1:f:up doris-2:M:up doris-3:f:up]
03:15:11 #11 OK INSERT id=2676992 via doris-2 rows=10066 [doris-1:f:up doris-2:M:up doris-3:f:up]
03:15:12 #12 OK UPSERT id=2676992 via doris-2 rows=10067 [doris-1:f:up doris-2:M:up doris-3:f:up]
03:15:13 #13 OK SELECT id=2676992 via doris-2 rows=10067 [doris-1:f:up doris-2:M:up doris-3:f:up]
03:15:14 #14 OK DELETE id=2676992 via doris-2 rows=10065 [doris-1:f:up doris-2:M:up doris-3:f:up]
03:15:15 #15 OK SELECT id=2676992 via doris-2 rows=10064 [doris-1:f:up doris-2:M:up doris-3:f:up]
03:15:16 #16 OK INSERT id=2676993 via doris-2 rows=10066 [doris-1:f:up doris-2:M:up doris-3:f:up]
03:15:17 #17 OK UPSERT id=2676993 via doris-2 rows=10067 [doris-1:f:up doris-2:M:up doris-3:f:up]
03:15:18 #18 OK SELECT id=2676993 via doris-2 rows=10067 [doris-1:f:up doris-2:M:up doris-3:f:up]
03:15:19 #19 OK DELETE id=2676993 via doris-2 rows=10065 [doris-1:f:up doris-2:M:up doris-3:f:up]
03:15:20 #20 OK SELECT id=2676993 via doris-2 rows=10065 [doris-1:f:up doris-2:M:up doris-3:f:up]
03:15:22 #21 OK INSERT id=2676994 via doris-2 rows=10066 [doris-1:f:up doris-2:M:up doris-3:f:up]
03:15:23 #22 OK UPSERT id=2676994 via doris-2 rows=10066 [doris-1:f:up doris-2:M:up doris-3:f:up]
03:15:24 #23 OK SELECT id=2676994 via doris-2 rows=10067 [doris-1:f:up doris-2:M:up doris-3:f:up]
03:15:25 #24 OK DELETE id=2676994 via doris-2 rows=10065 [doris-1:f:up doris-2:M:up doris-3:f:up]
03:15:26 #25 OK SELECT id=2676994 via doris-2 rows=10065 [doris-1:f:up doris-2:M:up doris-3:f:up]
03:15:27 #26 OK INSERT id=2676995 via doris-2 rows=10066 [doris-1:f:up doris-2:M:up doris-3:f:up]
03:15:28 #27 OK UPSERT id=2676995 via doris-2 rows=10066 [doris-1:f:up doris-2:M:up doris-3:f:up]
03:15:29 #28 OK SELECT id=2676995 via doris-2 rows=10067 [doris-1:f:up doris-2:M:up doris-3:f:up]
03:15:30 #29 OK DELETE id=2676995 via doris-2 rows=10065 [doris-1:f:up doris-2:M:up doris-3:f:up]
03:15:31 #30 OK SELECT id=2676995 via doris-2 rows=10065 [doris-1:f:up doris-2:M:up doris-3:f:up]
03:15:32 #31 OK INSERT id=2676996 via doris-2 rows=10066 [doris-1:f:up doris-2:M:up doris-3:f:up]
03:15:33 EVENT break: vm stop on doris-2 (FE master)
03:15:33 #32 OK UPSERT id=2676996 via doris-2 rows=10066 [doris-1:f:up doris-2:M:up doris-3:f:up]
03:15:34 #33 OK SELECT id=2676996 via doris-2 rows=10067 [doris-1:f:up doris-2:M:up doris-3:f:up]
03:15:36 #34 OK DELETE id=2676996 via doris-2 rows=10065 [doris-1:f:up doris-2:M:up doris-3:f:up]
03:15:37 #35 FAIL SELECT id=2676996 via doris-2: SQLException: ForwardToMasterException, msg: forward to master FE TNetworkAddress(hostname:10.140.0.3, port:9020), statement
03:15:38 connected to doris-1 (driver-selected host)
03:15:41 #36 OK INSERT id=2676997 via doris-1 rows=10066 [doris-1:f:up doris-2:f:DOWN doris-3:M:up] (recovered)
03:15:43 #37 OK UPSERT id=2676997 via doris-1 rows=10067 [doris-1:f:up doris-2:f:DOWN doris-3:M:up]
03:15:44 #38 OK SELECT id=2676997 via doris-1 rows=10067 [doris-1:f:up doris-2:f:DOWN doris-3:M:up]
03:15:45 #39 OK DELETE id=2676997 via doris-1 rows=10065 [doris-1:f:up doris-2:f:DOWN doris-3:M:up]
03:15:46 #40 OK SELECT id=2676997 via doris-1 rows=10065 [doris-1:f:up doris-2:f:DOWN doris-3:M:up]
03:15:47 #41 OK INSERT id=2676998 via doris-1 rows=10067 [doris-1:f:up doris-2:f:DOWN doris-3:M:up]
03:15:48 #42 OK UPSERT id=2676998 via doris-1 rows=10067 [doris-1:f:up doris-2:f:DOWN doris-3:M:up]
03:15:49 #43 OK SELECT id=2676998 via doris-1 rows=10067 [doris-1:f:up doris-2:f:DOWN doris-3:M:up]
03:15:50 #44 OK DELETE id=2676998 via doris-1 rows=10065 [doris-1:f:up doris-2:f:DOWN doris-3:M:up]
03:15:51 #45 OK SELECT id=2676998 via doris-1 rows=10065 [doris-1:f:up doris-2:f:DOWN doris-3:M:up]
03:15:52 #46 OK INSERT id=2676999 via doris-1 rows=10066 [doris-1:f:up doris-2:f:DOWN doris-3:M:up]
03:15:54 #47 OK UPSERT id=2676999 via doris-1 rows=10067 [doris-1:f:up doris-2:f:DOWN doris-3:M:up]
03:15:55 #48 OK SELECT id=2676999 via doris-1 rows=10067 [doris-1:f:up doris-2:f:DOWN doris-3:M:up]
03:15:56 #49 OK DELETE id=2676999 via doris-1 rows=10065 [doris-1:f:up doris-2:f:DOWN doris-3:M:up]
03:15:57 #50 OK SELECT id=2676999 via doris-1 rows=10065 [doris-1:f:up doris-2:f:DOWN doris-3:M:up]
03:15:58 #51 OK INSERT id=2677000 via doris-1 rows=10067 [doris-1:f:up doris-2:f:DOWN doris-3:M:up]
03:16:02 #52 OK UPSERT id=2677000 via doris-1 rows=10066 [doris-1:f:up doris-2:f:DOWN doris-3:M:up]
03:16:03 #53 OK SELECT id=2677000 via doris-1 rows=10066 [doris-1:f:up doris-2:f:DOWN doris-3:M:up]
03:16:04 #54 OK DELETE id=2677000 via doris-1 rows=10066 [doris-1:f:up doris-2:f:DOWN doris-3:M:up]
03:16:05 #55 OK SELECT id=2677000 via doris-1 rows=10066 [doris-1:f:up doris-2:f:DOWN doris-3:M:up]
03:16:06 EVENT break: doris-2 is down
03:16:06 #56 OK INSERT id=2677001 via doris-1 rows=10067 [doris-1:f:up doris-2:f:DOWN doris-3:M:up]
03:16:07 #57 OK UPSERT id=2677001 via doris-1 rows=10066 [doris-1:f:up doris-2:f:DOWN doris-3:M:up]
03:16:08 #58 OK SELECT id=2677001 via doris-1 rows=10066 [doris-1:f:up doris-2:f:DOWN doris-3:M:up]
03:16:10 #59 OK DELETE id=2677001 via doris-1 rows=10066 [doris-1:f:up doris-2:f:DOWN doris-3:M:up]
03:16:11 #60 OK SELECT id=2677001 via doris-1 rows=10066 [doris-1:f:up doris-2:f:DOWN doris-3:M:up]
03:16:12 #61 OK INSERT id=2677002 via doris-1 rows=10067 [doris-1:f:up doris-2:f:DOWN doris-3:M:up]
03:16:13 #62 OK UPSERT id=2677002 via doris-1 rows=10066 [doris-1:f:up doris-2:f:DOWN doris-3:M:up]
03:16:14 #63 OK SELECT id=2677002 via doris-1 rows=10066 [doris-1:f:up doris-2:f:DOWN doris-3:M:up]
03:16:15 #64 OK DELETE id=2677002 via doris-1 rows=10066 [doris-1:f:up doris-2:f:DOWN doris-3:M:up]
03:16:16 #65 OK SELECT id=2677002 via doris-1 rows=10066 [doris-1:f:up doris-2:f:DOWN doris-3:M:up]
03:16:17 #66 OK INSERT id=2677003 via doris-1 rows=10067 [doris-1:f:up doris-2:f:DOWN doris-3:M:up]
03:16:18 #67 OK UPSERT id=2677003 via doris-1 rows=10066 [doris-1:f:up doris-2:f:DOWN doris-3:M:up]
03:16:22 #68 OK SELECT id=2677003 via doris-1 rows=10066 [doris-1:f:up doris-2:f:DOWN doris-3:M:up]
03:16:23 #69 OK DELETE id=2677003 via doris-1 rows=10065 [doris-1:f:up doris-2:f:DOWN doris-3:M:up]
03:16:24 #70 OK SELECT id=2677003 via doris-1 rows=10065 [doris-1:f:up doris-2:f:DOWN doris-3:M:up]
03:16:25 #71 OK INSERT id=2677004 via doris-1 rows=10067 [doris-1:f:up doris-2:f:DOWN doris-3:M:up]
03:16:27 #72 OK UPSERT id=2677004 via doris-1 rows=10067 [doris-1:f:up doris-2:f:DOWN doris-3:M:up]
03:16:28 #73 OK SELECT id=2677004 via doris-1 rows=10067 [doris-1:f:up doris-2:f:DOWN doris-3:M:up]
03:16:29 #74 OK DELETE id=2677004 via doris-1 rows=10065 [doris-1:f:up doris-2:f:DOWN doris-3:M:up]
03:16:30 #75 OK SELECT id=2677004 via doris-1 rows=10065 [doris-1:f:up doris-2:f:DOWN doris-3:M:up]
03:16:31 #76 OK INSERT id=2677005 via doris-1 rows=10067 [doris-1:f:up doris-2:f:DOWN doris-3:M:up]
03:16:32 #77 OK UPSERT id=2677005 via doris-1 rows=10067 [doris-1:f:up doris-2:f:DOWN doris-3:M:up]
03:16:33 #78 OK SELECT id=2677005 via doris-1 rows=10067 [doris-1:f:up doris-2:f:DOWN doris-3:M:up]
03:16:34 #79 OK DELETE id=2677005 via doris-1 rows=10065 [doris-1:f:up doris-2:f:DOWN doris-3:M:up]
03:16:35 #80 OK SELECT id=2677005 via doris-1 rows=10065 [doris-1:f:up doris-2:f:DOWN doris-3:M:up]
03:16:36 #81 OK INSERT id=2677006 via doris-1 rows=10067 [doris-1:f:up doris-2:f:DOWN doris-3:M:up]
03:16:37 #82 OK UPSERT id=2677006 via doris-1 rows=10067 [doris-1:f:up doris-2:f:DOWN doris-3:M:up]
03:16:38 #83 OK SELECT id=2677006 via doris-1 rows=10067 [doris-1:f:up doris-2:f:DOWN doris-3:M:up]
03:16:39 #84 OK DELETE id=2677006 via doris-1 rows=10065 [doris-1:f:up doris-2:f:DOWN doris-3:M:up]
03:16:43 #85 OK SELECT id=2677006 via doris-1 rows=10065 [doris-1:f:up doris-2:f:DOWN doris-3:M:up]
03:16:45 #86 OK INSERT id=2677007 via doris-1 rows=10066 [doris-1:f:up doris-2:f:DOWN doris-3:M:up]
03:16:46 #87 OK UPSERT id=2677007 via doris-1 rows=10066 [doris-1:f:up doris-2:f:DOWN doris-3:M:up]
03:16:47 #88 OK SELECT id=2677007 via doris-1 rows=10067 [doris-1:f:up doris-2:f:DOWN doris-3:M:up]
03:16:48 #89 OK DELETE id=2677007 via doris-1 rows=10066 [doris-1:f:up doris-2:f:DOWN doris-3:M:up]
03:16:49 #90 OK SELECT id=2677007 via doris-1 rows=10066 [doris-1:f:up doris-2:f:DOWN doris-3:M:up]
03:16:50 #91 OK INSERT id=2677008 via doris-1 rows=10066 [doris-1:f:up doris-2:f:DOWN doris-3:M:up]
03:16:51 #92 OK UPSERT id=2677008 via doris-1 rows=10066 [doris-1:f:up doris-2:f:DOWN doris-3:M:up]
03:16:52 #93 OK SELECT id=2677008 via doris-1 rows=10067 [doris-1:f:up doris-2:f:DOWN doris-3:M:up]
03:16:53 #94 OK DELETE id=2677008 via doris-1 rows=10066 [doris-1:f:up doris-2:f:DOWN doris-3:M:up]
03:16:54 #95 OK SELECT id=2677008 via doris-1 rows=10066 [doris-1:f:up doris-2:f:DOWN doris-3:M:up]
03:16:55 #96 OK INSERT id=2677009 via doris-1 rows=10066 [doris-1:f:up doris-2:f:DOWN doris-3:M:up]
03:16:56 #97 OK UPSERT id=2677009 via doris-1 rows=10066 [doris-1:f:up doris-2:f:DOWN doris-3:M:up]
03:16:57 #98 OK SELECT id=2677009 via doris-1 rows=10067 [doris-1:f:up doris-2:f:DOWN doris-3:M:up]
03:16:58 #99 OK DELETE id=2677009 via doris-1 rows=10066 [doris-1:f:up doris-2:f:DOWN doris-3:M:up]
03:17:00 #100 OK SELECT id=2677009 via doris-1 rows=10066 [doris-1:f:up doris-2:f:DOWN doris-3:M:up]
03:17:01 #101 OK INSERT id=2677010 via doris-1 rows=10066 [doris-1:f:up doris-2:f:DOWN doris-3:M:up]
03:17:05 #102 OK UPSERT id=2677010 via doris-1 rows=10067 [doris-1:f:up doris-2:f:DOWN doris-3:M:up]
03:17:06 #103 OK SELECT id=2677010 via doris-1 rows=10066 [doris-1:f:up doris-2:f:DOWN doris-3:M:up]
03:17:07 #104 OK DELETE id=2677010 via doris-1 rows=10065 [doris-1:f:up doris-2:f:DOWN doris-3:M:up]
03:17:08 #105 OK SELECT id=2677010 via doris-1 rows=10066 [doris-1:f:up doris-2:f:DOWN doris-3:M:up]
03:17:09 #106 OK INSERT id=2677011 via doris-1 rows=10067 [doris-1:f:up doris-2:f:DOWN doris-3:M:up]
03:17:10 #107 OK UPSERT id=2677011 via doris-1 rows=10067 [doris-1:f:up doris-2:f:DOWN doris-3:M:up]
03:17:11 #108 OK SELECT id=2677011 via doris-1 rows=10066 [doris-1:f:up doris-2:f:DOWN doris-3:M:up]
03:17:12 #109 OK DELETE id=2677011 via doris-1 rows=10065 [doris-1:f:up doris-2:f:DOWN doris-3:M:up]
03:17:13 #110 OK SELECT id=2677011 via doris-1 rows=10066 [doris-1:f:up doris-2:f:DOWN doris-3:M:up]
03:17:14 #111 OK INSERT id=2677012 via doris-1 rows=10067 [doris-1:f:up doris-2:f:DOWN doris-3:M:up]
03:17:15 #112 OK UPSERT id=2677012 via doris-1 rows=10067 [doris-1:f:up doris-2:f:DOWN doris-3:M:up]
03:17:16 #113 OK SELECT id=2677012 via doris-1 rows=10066 [doris-1:f:up doris-2:f:DOWN doris-3:M:up]
03:17:18 #114 OK DELETE id=2677012 via doris-1 rows=10065 [doris-1:f:up doris-2:f:DOWN doris-3:M:up]
03:17:19 #115 OK SELECT id=2677012 via doris-1 rows=10066 [doris-1:f:up doris-2:f:DOWN doris-3:M:up]
03:17:20 #116 OK INSERT id=2677013 via doris-1 rows=10067 [doris-1:f:up doris-2:f:DOWN doris-3:M:up]
03:17:21 #117 OK UPSERT id=2677013 via doris-1 rows=10067 [doris-1:f:up doris-2:f:DOWN doris-3:M:up]
03:17:25 #118 OK SELECT id=2677013 via doris-1 rows=10066 [doris-1:f:up doris-2:f:DOWN doris-3:M:up]
03:17:26 #119 OK DELETE id=2677013 via doris-1 rows=10066 [doris-1:f:up doris-2:f:DOWN doris-3:M:up]
03:17:27 #120 OK SELECT id=2677013 via doris-1 rows=10065 [doris-1:f:up doris-2:f:DOWN doris-3:M:up]
03:17:28 #121 OK INSERT id=2677014 via doris-1 rows=10066 [doris-1:f:up doris-2:f:DOWN doris-3:M:up]
03:17:29 #122 OK UPSERT id=2677014 via doris-1 rows=10067 [doris-1:f:up doris-2:f:DOWN doris-3:M:up]
03:17:30 #123 OK SELECT id=2677014 via doris-1 rows=10067 [doris-1:f:up doris-2:f:DOWN doris-3:M:up]
03:17:31 #124 OK DELETE id=2677014 via doris-1 rows=10066 [doris-1:f:up doris-2:f:DOWN doris-3:M:up]
03:17:32 #125 OK SELECT id=2677014 via doris-1 rows=10065 [doris-1:f:up doris-2:f:DOWN doris-3:M:up]
03:17:33 #126 OK INSERT id=2677015 via doris-1 rows=10066 [doris-1:f:up doris-2:f:DOWN doris-3:M:up]
03:17:34 #127 OK UPSERT id=2677015 via doris-1 rows=10067 [doris-1:f:up doris-2:f:DOWN doris-3:M:up]
03:17:35 #128 OK SELECT id=2677015 via doris-1 rows=10067 [doris-1:f:up doris-2:f:DOWN doris-3:M:up]
03:17:37 #129 OK DELETE id=2677015 via doris-1 rows=10066 [doris-1:f:up doris-2:f:DOWN doris-3:M:up]
03:17:38 #130 OK SELECT id=2677015 via doris-1 rows=10065 [doris-1:f:up doris-2:f:DOWN doris-3:M:up]
03:17:39 #131 OK INSERT id=2677016 via doris-1 rows=10066 [doris-1:f:up doris-2:f:DOWN doris-3:M:up]
03:17:40 #132 OK UPSERT id=2677016 via doris-1 rows=10067 [doris-1:f:up doris-2:f:DOWN doris-3:M:up]
03:17:41 #133 OK SELECT id=2677016 via doris-1 rows=10067 [doris-1:f:up doris-2:f:DOWN doris-3:M:up]
03:17:42 #134 OK DELETE id=2677016 via doris-1 rows=10066 [doris-1:f:up doris-2:f:DOWN doris-3:M:up]
03:17:43 EVENT restore: start doris-2
03:17:46 #135 OK SELECT id=2677016 via doris-1 rows=10065 [doris-1:f:up doris-2:f:DOWN doris-3:M:up]
03:17:47 #136 OK INSERT id=2677017 via doris-1 rows=10067 [doris-1:f:up doris-2:f:DOWN doris-3:M:up]
03:17:48 #137 OK UPSERT id=2677017 via doris-1 rows=10067 [doris-1:f:up doris-2:f:DOWN doris-3:M:up]
03:17:49 #138 OK SELECT id=2677017 via doris-1 rows=10066 [doris-1:f:up doris-2:f:DOWN doris-3:M:up]
03:17:50 #139 OK DELETE id=2677017 via doris-1 rows=10065 [doris-1:f:up doris-2:f:DOWN doris-3:M:up]
03:17:51 #140 OK SELECT id=2677017 via doris-1 rows=10066 [doris-1:f:up doris-2:f:DOWN doris-3:M:up]
03:17:52 #141 OK INSERT id=2677018 via doris-1 rows=10067 [doris-1:f:up doris-2:f:DOWN doris-3:M:up]
03:17:53 #142 OK UPSERT id=2677018 via doris-1 rows=10067 [doris-1:f:up doris-2:f:DOWN doris-3:M:up]
03:17:54 #143 OK SELECT id=2677018 via doris-1 rows=10066 [doris-1:f:up doris-2:f:DOWN doris-3:M:up]
03:17:56 #144 OK DELETE id=2677018 via doris-1 rows=10065 [doris-1:f:up doris-2:f:DOWN doris-3:M:up]
03:17:57 #145 OK SELECT id=2677018 via doris-1 rows=10066 [doris-1:f:up doris-2:f:DOWN doris-3:M:up]
03:17:58 #146 OK INSERT id=2677019 via doris-1 rows=10067 [doris-1:f:up doris-2:f:DOWN doris-3:M:up]
03:17:59 #147 OK UPSERT id=2677019 via doris-1 rows=10067 [doris-1:f:up doris-2:f:DOWN doris-3:M:up]
03:18:00 #148 OK SELECT id=2677019 via doris-1 rows=10066 [doris-1:f:up doris-2:f:DOWN doris-3:M:up]
03:18:01 #149 OK DELETE id=2677019 via doris-1 rows=10065 [doris-1:f:up doris-2:f:DOWN doris-3:M:up]
03:18:02 #150 OK SELECT id=2677019 via doris-1 rows=10066 [doris-1:f:up doris-2:f:DOWN doris-3:M:up]
03:18:03 #151 OK INSERT id=2677020 via doris-1 rows=10067 [doris-1:f:up doris-2:f:DOWN doris-3:M:up]
03:18:07 #152 OK UPSERT id=2677020 via doris-1 rows=10067 [doris-1:f:up doris-2:f:DOWN doris-3:M:up]
03:18:08 #153 OK SELECT id=2677020 via doris-1 rows=10067 [doris-1:f:up doris-2:f:DOWN doris-3:M:up]
03:18:09 #154 OK DELETE id=2677020 via doris-1 rows=10066 [doris-1:f:up doris-2:f:DOWN doris-3:M:up]
03:18:10 #155 OK SELECT id=2677020 via doris-1 rows=10065 [doris-1:f:up doris-2:f:DOWN doris-3:M:up]
03:18:11 #156 OK INSERT id=2677021 via doris-1 rows=10066 [doris-1:f:up doris-2:f:DOWN doris-3:M:up]
03:18:12 #157 OK UPSERT id=2677021 via doris-1 rows=10067 [doris-1:f:up doris-2:f:DOWN doris-3:M:up]
03:18:13 #158 OK SELECT id=2677021 via doris-1 rows=10067 [doris-1:f:up doris-2:f:DOWN doris-3:M:up]
03:18:15 #159 OK DELETE id=2677021 via doris-1 rows=10066 [doris-1:f:up doris-2:f:DOWN doris-3:M:up]
03:18:16 #160 OK SELECT id=2677021 via doris-1 rows=10065 [doris-1:f:up doris-2:f:DOWN doris-3:M:up]
03:18:17 #161 OK INSERT id=2677022 via doris-1 rows=10066 [doris-1:f:up doris-2:f:DOWN doris-3:M:up]
03:18:18 #162 OK UPSERT id=2677022 via doris-1 rows=10067 [doris-1:f:up doris-2:f:DOWN doris-3:M:up]
03:18:19 #163 OK SELECT id=2677022 via doris-1 rows=10067 [doris-1:f:up doris-2:f:DOWN doris-3:M:up]
03:18:20 #164 OK DELETE id=2677022 via doris-1 rows=10066 [doris-1:f:up doris-2:f:DOWN doris-3:M:up]
03:18:21 #165 OK SELECT id=2677022 via doris-1 rows=10065 [doris-1:f:up doris-2:f:DOWN doris-3:M:up]
03:18:22 #166 OK INSERT id=2677023 via doris-1 rows=10066 [doris-1:f:up doris-2:f:DOWN doris-3:M:up]
03:18:23 #167 OK UPSERT id=2677023 via doris-1 rows=10067 [doris-1:f:up doris-2:f:DOWN doris-3:M:up]
03:18:24 #168 OK SELECT id=2677023 via doris-1 rows=10067 [doris-1:f:up doris-2:f:DOWN doris-3:M:up]
03:18:25 #169 OK DELETE id=2677023 via doris-1 rows=10066 [doris-1:f:up doris-2:f:DOWN doris-3:M:up]
03:18:26 #170 OK SELECT id=2677023 via doris-1 rows=10065 [doris-1:f:up doris-2:f:DOWN doris-3:M:up]
03:18:27 #171 OK INSERT id=2677024 via doris-1 rows=10066 [doris-1:f:up doris-2:f:up doris-3:M:up]
03:18:28 #172 OK UPSERT id=2677024 via doris-1 rows=10067 [doris-1:f:up doris-2:f:up doris-3:M:up]
03:18:30 #173 OK SELECT id=2677024 via doris-1 rows=10067 [doris-1:f:up doris-2:f:up doris-3:M:up]
03:18:31 #174 OK DELETE id=2677024 via doris-1 rows=10066 [doris-1:f:up doris-2:f:up doris-3:M:up]
03:18:32 #175 OK SELECT id=2677024 via doris-1 rows=10065 [doris-1:f:up doris-2:f:up doris-3:M:up]
03:18:33 #176 OK INSERT id=2677025 via doris-1 rows=10066 [doris-1:f:up doris-2:f:up doris-3:M:up]
03:18:34 #177 OK UPSERT id=2677025 via doris-1 rows=10067 [doris-1:f:up doris-2:f:up doris-3:M:up]
03:18:35 #178 OK SELECT id=2677025 via doris-1 rows=10067 [doris-1:f:up doris-2:f:up doris-3:M:up]
03:18:36 #179 OK DELETE id=2677025 via doris-1 rows=10066 [doris-1:f:up doris-2:f:up doris-3:M:up]
03:18:37 #180 OK SELECT id=2677025 via doris-1 rows=10065 [doris-1:f:up doris-2:f:up doris-3:M:up]
03:18:38 #181 OK INSERT id=2677026 via doris-1 rows=10066 [doris-1:f:up doris-2:f:up doris-3:M:up]
03:18:39 #182 OK UPSERT id=2677026 via doris-1 rows=10067 [doris-1:f:up doris-2:f:up doris-3:M:up]
03:18:40 #183 OK SELECT id=2677026 via doris-1 rows=10067 [doris-1:f:up doris-2:f:up doris-3:M:up]
03:18:41 #184 OK DELETE id=2677026 via doris-1 rows=10066 [doris-1:f:up doris-2:f:up doris-3:M:up]
03:18:44 EVENT restore: cluster healthy
03:18:45 #185 OK SELECT id=2677026 via doris-1 rows=10065 [doris-1:f:up doris-2:f:up doris-3:M:up]
03:18:47 #186 OK INSERT id=2677027 via doris-1 rows=10067 [doris-1:f:up doris-2:f:up doris-3:M:up]
03:18:48 #187 OK UPSERT id=2677027 via doris-1 rows=10066 [doris-1:f:up doris-2:f:up doris-3:M:up]
03:18:49 #188 OK SELECT id=2677027 via doris-1 rows=10067 [doris-1:f:up doris-2:f:up doris-3:M:up]
03:18:51 #189 OK DELETE id=2677027 via doris-1 rows=10066 [doris-1:f:up doris-2:f:up doris-3:M:up]
03:18:52 #190 OK SELECT id=2677027 via doris-1 rows=10066 [doris-1:f:up doris-2:f:up doris-3:M:up]
03:18:53 #191 OK INSERT id=2677028 via doris-1 rows=10066 [doris-1:f:up doris-2:f:up doris-3:M:up]
03:18:54 #192 OK UPSERT id=2677028 via doris-1 rows=10066 [doris-1:f:up doris-2:f:up doris-3:M:up]
03:18:55 #193 OK SELECT id=2677028 via doris-1 rows=10067 [doris-1:f:up doris-2:f:up doris-3:M:up]
03:18:56 #194 OK DELETE id=2677028 via doris-1 rows=10066 [doris-1:f:up doris-2:f:up doris-3:M:up]
03:18:57 #195 OK SELECT id=2677028 via doris-1 rows=10066 [doris-1:f:up doris-2:f:up doris-3:M:up]
03:18:59 #196 OK INSERT id=2677029 via doris-1 rows=10066 [doris-1:f:up doris-2:f:up doris-3:M:up]
03:19:00 #197 OK UPSERT id=2677029 via doris-1 rows=10066 [doris-1:f:up doris-2:f:up doris-3:M:up]
03:19:01 #198 OK SELECT id=2677029 via doris-1 rows=10067 [doris-1:f:up doris-2:f:up doris-3:M:up]
03:19:02 #199 OK DELETE id=2677029 via doris-1 rows=10066 [doris-1:f:up doris-2:f:up doris-3:M:up]
03:19:03 #200 OK SELECT id=2677029 via doris-1 rows=10065 [doris-1:f:up doris-2:f:up doris-3:M:up]
03:19:04 #201 OK INSERT id=2677030 via doris-1 rows=10066 [doris-1:f:up doris-2:f:up doris-3:M:up]
03:19:05 #202 OK UPSERT id=2677030 via doris-1 rows=10067 [doris-1:f:up doris-2:f:up doris-3:M:up]
03:19:06 #203 OK SELECT id=2677030 via doris-1 rows=10067 [doris-1:f:up doris-2:f:up doris-3:M:up]
03:19:08 #204 OK DELETE id=2677030 via doris-1 rows=10066 [doris-1:f:up doris-2:f:up doris-3:M:up]
03:19:09 #205 OK SELECT id=2677030 via doris-1 rows=10065 [doris-1:f:up doris-2:f:up doris-3:M:up]
03:19:10 #206 OK INSERT id=2677031 via doris-1 rows=10066 [doris-1:f:up doris-2:f:up doris-3:M:up]
03:19:11 #207 OK UPSERT id=2677031 via doris-1 rows=10067 [doris-1:f:up doris-2:f:up doris-3:M:up]
03:19:12 #208 OK SELECT id=2677031 via doris-1 rows=10067 [doris-1:f:up doris-2:f:up doris-3:M:up]
03:19:13 #209 OK DELETE id=2677031 via doris-1 rows=10066 [doris-1:f:up doris-2:f:up doris-3:M:up]
