18:07:08 PROBE start proto=mysql hosts=doris-2,doris-1,doris-3 duration=86400s cycle=INSERT>UPSERT>SELECT>DELETE>SELECT
18:07:08 connected to doris-2 (10.140.0.3)
18:07:08 #1 OK INSERT id=1668280 via doris-2 rows=10212 [doris-1:f:up doris-2:M:up doris-3:f:up]
18:07:09 #2 OK UPSERT id=1668280 via doris-2 rows=10214 [doris-1:f:up doris-2:M:up doris-3:f:up]
18:07:10 #3 OK SELECT id=1668280 via doris-2 rows=10214 [doris-1:f:up doris-2:M:up doris-3:f:up]
18:07:11 #4 OK DELETE id=1668280 via doris-2 rows=10213 [doris-1:f:up doris-2:M:up doris-3:f:up]
18:07:13 #5 OK SELECT id=1668280 via doris-2 rows=10212 [doris-1:f:up doris-2:M:up doris-3:f:up]
18:07:14 #6 OK INSERT id=1668281 via doris-2 rows=10212 [doris-1:f:up doris-2:M:up doris-3:f:up]
18:07:15 #7 OK UPSERT id=1668281 via doris-2 rows=10213 [doris-1:f:up doris-2:M:up doris-3:f:up]
18:07:16 #8 OK SELECT id=1668281 via doris-2 rows=10214 [doris-1:f:up doris-2:M:up doris-3:f:up]
18:07:17 #9 OK DELETE id=1668281 via doris-2 rows=10213 [doris-1:f:up doris-2:M:up doris-3:f:up]
18:07:18 #10 OK SELECT id=1668281 via doris-2 rows=10212 [doris-1:f:up doris-2:M:up doris-3:f:up]
18:07:19 #11 OK INSERT id=1668282 via doris-2 rows=10212 [doris-1:f:up doris-2:M:up doris-3:f:up]
18:07:20 #12 OK UPSERT id=1668282 via doris-2 rows=10213 [doris-1:f:up doris-2:M:up doris-3:f:up]
18:07:21 #13 OK SELECT id=1668282 via doris-2 rows=10214 [doris-1:f:up doris-2:M:up doris-3:f:up]
18:07:22 #14 OK DELETE id=1668282 via doris-2 rows=10213 [doris-1:f:up doris-2:M:up doris-3:f:up]
18:07:23 #15 OK SELECT id=1668282 via doris-2 rows=10212 [doris-1:f:up doris-2:M:up doris-3:f:up]
18:07:24 #16 OK INSERT id=1668283 via doris-2 rows=10212 [doris-1:f:up doris-2:M:up doris-3:f:up]
18:07:25 #17 OK UPSERT id=1668283 via doris-2 rows=10213 [doris-1:f:up doris-2:M:up doris-3:f:up]
18:07:26 #18 OK SELECT id=1668283 via doris-2 rows=10214 [doris-1:f:up doris-2:M:up doris-3:f:up]
18:07:28 #19 OK DELETE id=1668283 via doris-2 rows=10213 [doris-1:f:up doris-2:M:up doris-3:f:up]
18:07:29 #20 OK SELECT id=1668283 via doris-2 rows=10212 [doris-1:f:up doris-2:M:up doris-3:f:up]
18:07:30 #21 OK INSERT id=1668284 via doris-2 rows=10212 [doris-1:f:up doris-2:M:up doris-3:f:up]
18:07:31 #22 OK UPSERT id=1668284 via doris-2 rows=10213 [doris-1:f:up doris-2:M:up doris-3:f:up]
18:07:32 #23 OK SELECT id=1668284 via doris-2 rows=10214 [doris-1:f:up doris-2:M:up doris-3:f:up]
18:07:33 #24 OK DELETE id=1668284 via doris-2 rows=10213 [doris-1:f:up doris-2:M:up doris-3:f:up]
18:07:34 #25 OK SELECT id=1668284 via doris-2 rows=10212 [doris-1:f:up doris-2:M:up doris-3:f:up]
18:07:35 #26 OK INSERT id=1668285 via doris-2 rows=10212 [doris-1:f:up doris-2:M:up doris-3:f:up]
18:07:36 #27 OK UPSERT id=1668285 via doris-2 rows=10213 [doris-1:f:up doris-2:M:up doris-3:f:up]
18:07:37 #28 OK SELECT id=1668285 via doris-2 rows=10214 [doris-1:f:up doris-2:M:up doris-3:f:up]
18:07:38 #29 OK DELETE id=1668285 via doris-2 rows=10213 [doris-1:f:up doris-2:M:up doris-3:f:up]
18:07:39 #30 OK SELECT id=1668285 via doris-2 rows=10212 [doris-1:f:up doris-2:M:up doris-3:f:up]
18:07:40 #31 OK INSERT id=1668286 via doris-2 rows=10212 [doris-1:f:up doris-2:M:up doris-3:f:up]
18:07:41 #32 OK UPSERT id=1668286 via doris-2 rows=10213 [doris-1:f:up doris-2:M:up doris-3:f:up]
18:07:42 EVENT break: vm stop on doris-2 (FE master)
18:07:42 #33 OK SELECT id=1668286 via doris-2 rows=10214 [doris-1:f:up doris-2:M:up doris-3:f:up]
18:07:44 #34 OK DELETE id=1668286 via doris-2 rows=10213 [doris-1:f:up doris-2:M:up doris-3:f:up]
18:07:45 #35 OK SELECT id=1668286 via doris-2 rows=10212 [doris-1:f:up doris-2:M:up doris-3:f:up]
18:07:46 #36 FAIL INSERT id=1668287 via doris-2: OperationalError: (2013, 'Lost connection to MySQL server during query')
18:07:46 #36 OK SELECT(check) id=1 via doris-1
18:07:47 connected to doris-1 (10.140.0.2)
18:07:48 #37 OK INSERT id=1668288 via doris-1 rows=10214 [doris-1:f:up doris-2:f:DOWN doris-3:M:up] (recovered)
18:07:49 #38 OK UPSERT id=1668288 via doris-1 rows=10214 [doris-1:f:up doris-2:f:DOWN doris-3:M:up]
18:07:50 #39 OK SELECT id=1668288 via doris-1 rows=10214 [doris-1:f:up doris-2:f:DOWN doris-3:M:up]
18:07:51 #40 OK DELETE id=1668288 via doris-1 rows=10212 [doris-1:f:up doris-2:f:DOWN doris-3:M:up]
18:07:52 #41 OK SELECT id=1668288 via doris-1 rows=10212 [doris-1:f:up doris-2:f:DOWN doris-3:M:up]
18:07:54 #42 OK INSERT id=1668289 via doris-1 rows=10214 [doris-1:f:up doris-2:f:DOWN doris-3:M:up]
18:07:55 #43 OK UPSERT id=1668289 via doris-1 rows=10214 [doris-1:f:up doris-2:f:DOWN doris-3:M:up]
18:07:56 #44 OK SELECT id=1668289 via doris-1 rows=10214 [doris-1:f:up doris-2:f:DOWN doris-3:M:up]
18:07:57 #45 OK DELETE id=1668289 via doris-1 rows=10213 [doris-1:f:up doris-2:f:DOWN doris-3:M:up]
18:07:58 #46 OK SELECT id=1668289 via doris-1 rows=10212 [doris-1:f:up doris-2:f:DOWN doris-3:M:up]
18:07:59 #47 OK INSERT id=1668290 via doris-1 rows=10213 [doris-1:f:up doris-2:f:DOWN doris-3:M:up]
18:08:00 #48 OK UPSERT id=1668290 via doris-1 rows=10214 [doris-1:f:up doris-2:f:DOWN doris-3:M:up]
18:08:01 #49 OK SELECT id=1668290 via doris-1 rows=10214 [doris-1:f:up doris-2:f:DOWN doris-3:M:up]
18:08:02 #50 OK DELETE id=1668290 via doris-1 rows=10213 [doris-1:f:up doris-2:f:DOWN doris-3:M:up]
18:08:03 #51 OK SELECT id=1668290 via doris-1 rows=10212 [doris-1:f:up doris-2:f:DOWN doris-3:M:up]
18:08:04 #52 OK INSERT id=1668291 via doris-1 rows=10213 [doris-1:f:up doris-2:f:DOWN doris-3:M:up]
18:08:05 #53 OK UPSERT id=1668291 via doris-1 rows=10214 [doris-1:f:up doris-2:f:DOWN doris-3:M:up]
18:08:06 EVENT break: doris-2 is down
18:08:06 #54 OK SELECT id=1668291 via doris-1 rows=10214 [doris-1:f:up doris-2:f:DOWN doris-3:M:up]
18:08:08 #55 OK DELETE id=1668291 via doris-1 rows=10213 [doris-1:f:up doris-2:f:DOWN doris-3:M:up]
18:08:09 #56 OK SELECT id=1668291 via doris-1 rows=10213 [doris-1:f:up doris-2:f:DOWN doris-3:M:up]
18:08:10 #57 OK INSERT id=1668292 via doris-1 rows=10214 [doris-1:f:up doris-2:f:DOWN doris-3:M:up]
18:08:11 #58 OK UPSERT id=1668292 via doris-1 rows=10213 [doris-1:f:up doris-2:f:DOWN doris-3:M:up]
18:08:12 #59 OK SELECT id=1668292 via doris-1 rows=10213 [doris-1:f:up doris-2:f:DOWN doris-3:M:up]
18:08:13 #60 OK DELETE id=1668292 via doris-1 rows=10213 [doris-1:f:up doris-2:f:DOWN doris-3:M:up]
18:08:14 #61 OK SELECT id=1668292 via doris-1 rows=10213 [doris-1:f:up doris-2:f:DOWN doris-3:M:up]
18:08:15 #62 OK INSERT id=1668293 via doris-1 rows=10214 [doris-1:f:up doris-2:f:DOWN doris-3:M:up]
18:08:16 #63 OK UPSERT id=1668293 via doris-1 rows=10213 [doris-1:f:up doris-2:f:DOWN doris-3:M:up]
18:08:17 #64 OK SELECT id=1668293 via doris-1 rows=10213 [doris-1:f:up doris-2:f:DOWN doris-3:M:up]
18:08:18 #65 OK DELETE id=1668293 via doris-1 rows=10213 [doris-1:f:up doris-2:f:DOWN doris-3:M:up]
18:08:19 #66 OK SELECT id=1668293 via doris-1 rows=10213 [doris-1:f:up doris-2:f:DOWN doris-3:M:up]
18:08:20 #67 OK INSERT id=1668294 via doris-1 rows=10214 [doris-1:f:up doris-2:f:DOWN doris-3:M:up]
18:08:21 #68 OK UPSERT id=1668294 via doris-1 rows=10213 [doris-1:f:up doris-2:f:DOWN doris-3:M:up]
18:08:22 #69 OK SELECT id=1668294 via doris-1 rows=10213 [doris-1:f:up doris-2:f:DOWN doris-3:M:up]
18:08:24 #70 OK DELETE id=1668294 via doris-1 rows=10213 [doris-1:f:up doris-2:f:DOWN doris-3:M:up]
18:08:25 #71 OK SELECT id=1668294 via doris-1 rows=10213 [doris-1:f:up doris-2:f:DOWN doris-3:M:up]
18:08:26 #72 OK INSERT id=1668295 via doris-1 rows=10214 [doris-1:f:up doris-2:f:DOWN doris-3:M:up]
18:08:27 #73 OK UPSERT id=1668295 via doris-1 rows=10214 [doris-1:f:up doris-2:f:DOWN doris-3:M:up]
18:08:28 #74 OK SELECT id=1668295 via doris-1 rows=10214 [doris-1:f:up doris-2:f:DOWN doris-3:M:up]
18:08:29 #75 OK DELETE id=1668295 via doris-1 rows=10213 [doris-1:f:up doris-2:f:DOWN doris-3:M:up]
18:08:30 #76 OK SELECT id=1668295 via doris-1 rows=10212 [doris-1:f:up doris-2:f:DOWN doris-3:M:up]
18:08:31 #77 OK INSERT id=1668296 via doris-1 rows=10213 [doris-1:f:up doris-2:f:DOWN doris-3:M:up]
18:08:32 #78 OK UPSERT id=1668296 via doris-1 rows=10214 [doris-1:f:up doris-2:f:DOWN doris-3:M:up]
18:08:33 #79 OK SELECT id=1668296 via doris-1 rows=10214 [doris-1:f:up doris-2:f:DOWN doris-3:M:up]
18:08:34 #80 OK DELETE id=1668296 via doris-1 rows=10213 [doris-1:f:up doris-2:f:DOWN doris-3:M:up]
18:08:35 #81 OK SELECT id=1668296 via doris-1 rows=10212 [doris-1:f:up doris-2:f:DOWN doris-3:M:up]
18:08:36 #82 OK INSERT id=1668297 via doris-1 rows=10213 [doris-1:f:up doris-2:f:DOWN doris-3:M:up]
18:08:37 #83 OK UPSERT id=1668297 via doris-1 rows=10214 [doris-1:f:up doris-2:f:DOWN doris-3:M:up]
18:08:38 #84 OK SELECT id=1668297 via doris-1 rows=10214 [doris-1:f:up doris-2:f:DOWN doris-3:M:up]
18:08:39 #85 OK DELETE id=1668297 via doris-1 rows=10213 [doris-1:f:up doris-2:f:DOWN doris-3:M:up]
18:08:40 #86 OK SELECT id=1668297 via doris-1 rows=10212 [doris-1:f:up doris-2:f:DOWN doris-3:M:up]
18:08:42 #87 OK INSERT id=1668298 via doris-1 rows=10213 [doris-1:f:up doris-2:f:DOWN doris-3:M:up]
18:08:43 #88 OK UPSERT id=1668298 via doris-1 rows=10214 [doris-1:f:up doris-2:f:DOWN doris-3:M:up]
18:08:44 #89 OK SELECT id=1668298 via doris-1 rows=10214 [doris-1:f:up doris-2:f:DOWN doris-3:M:up]
18:08:45 #90 OK DELETE id=1668298 via doris-1 rows=10213 [doris-1:f:up doris-2:f:DOWN doris-3:M:up]
18:08:46 #91 OK SELECT id=1668298 via doris-1 rows=10212 [doris-1:f:up doris-2:f:DOWN doris-3:M:up]
18:08:47 #92 OK INSERT id=1668299 via doris-1 rows=10213 [doris-1:f:up doris-2:f:DOWN doris-3:M:up]
18:08:48 #93 OK UPSERT id=1668299 via doris-1 rows=10213 [doris-1:f:up doris-2:f:DOWN doris-3:M:up]
18:08:49 #94 OK SELECT id=1668299 via doris-1 rows=10213 [doris-1:f:up doris-2:f:DOWN doris-3:M:up]
18:08:50 #95 OK DELETE id=1668299 via doris-1 rows=10212 [doris-1:f:up doris-2:f:DOWN doris-3:M:up]
18:08:51 #96 OK SELECT id=1668299 via doris-1 rows=10213 [doris-1:f:up doris-2:f:DOWN doris-3:M:up]
18:08:52 #97 OK INSERT id=1668300 via doris-1 rows=10214 [doris-1:f:up doris-2:f:DOWN doris-3:M:up]
18:08:53 #98 OK UPSERT id=1668300 via doris-1 rows=10214 [doris-1:f:up doris-2:f:DOWN doris-3:M:up]
18:08:54 #99 OK SELECT id=1668300 via doris-1 rows=10213 [doris-1:f:up doris-2:f:DOWN doris-3:M:up]
18:08:55 #100 OK DELETE id=1668300 via doris-1 rows=10212 [doris-1:f:up doris-2:f:DOWN doris-3:M:up]
18:08:56 #101 OK SELECT id=1668300 via doris-1 rows=10213 [doris-1:f:up doris-2:f:DOWN doris-3:M:up]
18:08:57 #102 OK INSERT id=1668301 via doris-1 rows=10214 [doris-1:f:up doris-2:f:DOWN doris-3:M:up]
18:08:58 #103 OK UPSERT id=1668301 via doris-1 rows=10214 [doris-1:f:up doris-2:f:DOWN doris-3:M:up]
18:09:00 #104 OK SELECT id=1668301 via doris-1 rows=10213 [doris-1:f:up doris-2:f:DOWN doris-3:M:up]
18:09:01 #105 OK DELETE id=1668301 via doris-1 rows=10212 [doris-1:f:up doris-2:f:DOWN doris-3:M:up]
18:09:02 #106 OK SELECT id=1668301 via doris-1 rows=10213 [doris-1:f:up doris-2:f:DOWN doris-3:M:up]
18:09:03 #107 OK INSERT id=1668302 via doris-1 rows=10214 [doris-1:f:up doris-2:f:DOWN doris-3:M:up]
18:09:04 #108 OK UPSERT id=1668302 via doris-1 rows=10214 [doris-1:f:up doris-2:f:DOWN doris-3:M:up]
18:09:05 #109 OK SELECT id=1668302 via doris-1 rows=10213 [doris-1:f:up doris-2:f:DOWN doris-3:M:up]
18:09:06 #110 OK DELETE id=1668302 via doris-1 rows=10212 [doris-1:f:up doris-2:f:DOWN doris-3:M:up]
18:09:07 #111 OK SELECT id=1668302 via doris-1 rows=10213 [doris-1:f:up doris-2:f:DOWN doris-3:M:up]
18:09:08 #112 OK INSERT id=1668303 via doris-1 rows=10214 [doris-1:f:up doris-2:f:DOWN doris-3:M:up]
18:09:09 #113 OK UPSERT id=1668303 via doris-1 rows=10214 [doris-1:f:up doris-2:f:DOWN doris-3:M:up]
18:09:10 #114 OK SELECT id=1668303 via doris-1 rows=10214 [doris-1:f:up doris-2:f:DOWN doris-3:M:up]
18:09:11 #115 OK DELETE id=1668303 via doris-1 rows=10213 [doris-1:f:up doris-2:f:DOWN doris-3:M:up]
18:09:12 #116 OK SELECT id=1668303 via doris-1 rows=10213 [doris-1:f:up doris-2:f:DOWN doris-3:M:up]
18:09:13 #117 OK INSERT id=1668304 via doris-1 rows=10213 [doris-1:f:up doris-2:f:DOWN doris-3:M:up]
18:09:14 #118 OK UPSERT id=1668304 via doris-1 rows=10213 [doris-1:f:up doris-2:f:DOWN doris-3:M:up]
18:09:15 #119 OK SELECT id=1668304 via doris-1 rows=10214 [doris-1:f:up doris-2:f:DOWN doris-3:M:up]
18:09:16 #120 OK DELETE id=1668304 via doris-1 rows=10213 [doris-1:f:up doris-2:f:DOWN doris-3:M:up]
18:09:18 #121 OK SELECT id=1668304 via doris-1 rows=10213 [doris-1:f:up doris-2:f:DOWN doris-3:M:up]
18:09:19 #122 OK INSERT id=1668305 via doris-1 rows=10213 [doris-1:f:up doris-2:f:DOWN doris-3:M:up]
18:09:20 #123 OK UPSERT id=1668305 via doris-1 rows=10213 [doris-1:f:up doris-2:f:DOWN doris-3:M:up]
18:09:21 #124 OK SELECT id=1668305 via doris-1 rows=10214 [doris-1:f:up doris-2:f:DOWN doris-3:M:up]
18:09:22 #125 OK DELETE id=1668305 via doris-1 rows=10213 [doris-1:f:up doris-2:f:DOWN doris-3:M:up]
18:09:23 #126 OK SELECT id=1668305 via doris-1 rows=10213 [doris-1:f:up doris-2:f:DOWN doris-3:M:up]
18:09:24 #127 OK INSERT id=1668306 via doris-1 rows=10213 [doris-1:f:up doris-2:f:DOWN doris-3:M:up]
18:09:25 #128 OK UPSERT id=1668306 via doris-1 rows=10213 [doris-1:f:up doris-2:f:DOWN doris-3:M:up]
18:09:26 #129 OK SELECT id=1668306 via doris-1 rows=10214 [doris-1:f:up doris-2:f:DOWN doris-3:M:up]
18:09:27 #130 OK DELETE id=1668306 via doris-1 rows=10213 [doris-1:f:up doris-2:f:DOWN doris-3:M:up]
18:09:28 #131 OK SELECT id=1668306 via doris-1 rows=10213 [doris-1:f:up doris-2:f:DOWN doris-3:M:up]
18:09:29 #132 OK INSERT id=1668307 via doris-1 rows=10214 [doris-1:f:up doris-2:f:DOWN doris-3:M:up]
18:09:30 #133 OK UPSERT id=1668307 via doris-1 rows=10214 [doris-1:f:up doris-2:f:DOWN doris-3:M:up]
18:09:31 #134 OK SELECT id=1668307 via doris-1 rows=10214 [doris-1:f:up doris-2:f:DOWN doris-3:M:up]
18:09:32 #135 OK DELETE id=1668307 via doris-1 rows=10212 [doris-1:f:up doris-2:f:DOWN doris-3:M:up]
18:09:33 #136 OK SELECT id=1668307 via doris-1 rows=10212 [doris-1:f:up doris-2:f:DOWN doris-3:M:up]
18:09:34 #137 OK INSERT id=1668308 via doris-1 rows=10214 [doris-1:f:up doris-2:f:DOWN doris-3:M:up]
18:09:36 #138 OK UPSERT id=1668308 via doris-1 rows=10214 [doris-1:f:up doris-2:f:DOWN doris-3:M:up]
18:09:37 #139 OK SELECT id=1668308 via doris-1 rows=10214 [doris-1:f:up doris-2:f:DOWN doris-3:M:up]
18:09:38 #140 OK DELETE id=1668308 via doris-1 rows=10212 [doris-1:f:up doris-2:f:DOWN doris-3:M:up]
18:09:39 #141 OK SELECT id=1668308 via doris-1 rows=10212 [doris-1:f:up doris-2:f:DOWN doris-3:M:up]
18:09:40 #142 OK INSERT id=1668309 via doris-1 rows=10214 [doris-1:f:up doris-2:f:DOWN doris-3:M:up]
18:09:41 #143 OK UPSERT id=1668309 via doris-1 rows=10214 [doris-1:f:up doris-2:f:DOWN doris-3:M:up]
18:09:42 #144 OK SELECT id=1668309 via doris-1 rows=10214 [doris-1:f:up doris-2:f:DOWN doris-3:M:up]
18:09:43 #145 OK DELETE id=1668309 via doris-1 rows=10212 [doris-1:f:up doris-2:f:DOWN doris-3:M:up]
18:09:44 #146 OK SELECT id=1668309 via doris-1 rows=10212 [doris-1:f:up doris-2:f:DOWN doris-3:M:up]
18:09:45 #147 OK INSERT id=1668310 via doris-1 rows=10214 [doris-1:f:up doris-2:f:DOWN doris-3:M:up]
18:09:45 EVENT restore: start doris-2
18:09:46 #148 OK UPSERT id=1668310 via doris-1 rows=10214 [doris-1:f:up doris-2:f:DOWN doris-3:M:up]
18:09:47 #149 OK SELECT id=1668310 via doris-1 rows=10214 [doris-1:f:up doris-2:f:DOWN doris-3:M:up]
18:09:48 #150 OK DELETE id=1668310 via doris-1 rows=10212 [doris-1:f:up doris-2:f:DOWN doris-3:M:up]
18:09:49 #151 OK SELECT id=1668310 via doris-1 rows=10212 [doris-1:f:up doris-2:f:DOWN doris-3:M:up]
18:09:50 #152 OK INSERT id=1668311 via doris-1 rows=10213 [doris-1:f:up doris-2:f:DOWN doris-3:M:up]
18:09:51 #153 OK UPSERT id=1668311 via doris-1 rows=10213 [doris-1:f:up doris-2:f:DOWN doris-3:M:up]
18:09:52 #154 OK SELECT id=1668311 via doris-1 rows=10213 [doris-1:f:up doris-2:f:DOWN doris-3:M:up]
18:09:53 #155 OK DELETE id=1668311 via doris-1 rows=10213 [doris-1:f:up doris-2:f:DOWN doris-3:M:up]
18:09:55 #156 OK SELECT id=1668311 via doris-1 rows=10213 [doris-1:f:up doris-2:f:DOWN doris-3:M:up]
18:09:56 #157 OK INSERT id=1668312 via doris-1 rows=10214 [doris-1:f:up doris-2:f:DOWN doris-3:M:up]
18:09:57 #158 OK UPSERT id=1668312 via doris-1 rows=10213 [doris-1:f:up doris-2:f:DOWN doris-3:M:up]
18:09:58 #159 OK SELECT id=1668312 via doris-1 rows=10213 [doris-1:f:up doris-2:f:DOWN doris-3:M:up]
18:09:59 #160 OK DELETE id=1668312 via doris-1 rows=10213 [doris-1:f:up doris-2:f:DOWN doris-3:M:up]
18:10:00 #161 OK SELECT id=1668312 via doris-1 rows=10213 [doris-1:f:up doris-2:f:DOWN doris-3:M:up]
18:10:01 #162 OK INSERT id=1668313 via doris-1 rows=10214 [doris-1:f:up doris-2:f:DOWN doris-3:M:up]
18:10:02 #163 OK UPSERT id=1668313 via doris-1 rows=10213 [doris-1:f:up doris-2:f:DOWN doris-3:M:up]
18:10:03 #164 OK SELECT id=1668313 via doris-1 rows=10213 [doris-1:f:up doris-2:f:DOWN doris-3:M:up]
18:10:04 #165 OK DELETE id=1668313 via doris-1 rows=10213 [doris-1:f:up doris-2:f:DOWN doris-3:M:up]
18:10:05 #166 OK SELECT id=1668313 via doris-1 rows=10213 [doris-1:f:up doris-2:f:DOWN doris-3:M:up]
18:10:06 #167 OK INSERT id=1668314 via doris-1 rows=10214 [doris-1:f:up doris-2:f:DOWN doris-3:M:up]
18:10:07 #168 OK UPSERT id=1668314 via doris-1 rows=10213 [doris-1:f:up doris-2:f:DOWN doris-3:M:up]
18:10:08 #169 OK SELECT id=1668314 via doris-1 rows=10213 [doris-1:f:up doris-2:f:DOWN doris-3:M:up]
18:10:09 #170 OK DELETE id=1668314 via doris-1 rows=10213 [doris-1:f:up doris-2:f:DOWN doris-3:M:up]
18:10:10 #171 OK SELECT id=1668314 via doris-1 rows=10213 [doris-1:f:up doris-2:f:DOWN doris-3:M:up]
18:10:11 #172 OK INSERT id=1668315 via doris-1 rows=10214 [doris-1:f:up doris-2:f:DOWN doris-3:M:up]
18:10:12 #173 OK UPSERT id=1668315 via doris-1 rows=10213 [doris-1:f:up doris-2:f:DOWN doris-3:M:up]
18:10:13 #174 OK SELECT id=1668315 via doris-1 rows=10213 [doris-1:f:up doris-2:f:DOWN doris-3:M:up]
18:10:15 #175 OK DELETE id=1668315 via doris-1 rows=10213 [doris-1:f:up doris-2:f:DOWN doris-3:M:up]
18:10:16 #176 OK SELECT id=1668315 via doris-1 rows=10213 [doris-1:f:up doris-2:f:DOWN doris-3:M:up]
18:10:17 #177 OK INSERT id=1668316 via doris-1 rows=10214 [doris-1:f:up doris-2:f:DOWN doris-3:M:up]
18:10:18 #178 OK UPSERT id=1668316 via doris-1 rows=10213 [doris-1:f:up doris-2:f:DOWN doris-3:M:up]
18:10:19 #179 OK SELECT id=1668316 via doris-1 rows=10213 [doris-1:f:up doris-2:f:DOWN doris-3:M:up]
18:10:20 #180 OK DELETE id=1668316 via doris-1 rows=10213 [doris-1:f:up doris-2:f:DOWN doris-3:M:up]
18:10:21 #181 OK SELECT id=1668316 via doris-1 rows=10213 [doris-1:f:up doris-2:f:DOWN doris-3:M:up]
18:10:22 #182 OK INSERT id=1668317 via doris-1 rows=10214 [doris-1:f:up doris-2:f:DOWN doris-3:M:up]
18:10:23 #183 OK UPSERT id=1668317 via doris-1 rows=10213 [doris-1:f:up doris-2:f:DOWN doris-3:M:up]
18:10:24 #184 OK SELECT id=1668317 via doris-1 rows=10213 [doris-1:f:up doris-2:f:DOWN doris-3:M:up]
18:10:25 #185 OK DELETE id=1668317 via doris-1 rows=10213 [doris-1:f:up doris-2:f:DOWN doris-3:M:up]
18:10:26 #186 OK SELECT id=1668317 via doris-1 rows=10213 [doris-1:f:up doris-2:f:up doris-3:M:up]
18:10:27 #187 OK INSERT id=1668318 via doris-1 rows=10214 [doris-1:f:up doris-2:f:up doris-3:M:up]
18:10:28 #188 OK UPSERT id=1668318 via doris-1 rows=10213 [doris-1:f:up doris-2:f:up doris-3:M:up]
18:10:29 #189 OK SELECT id=1668318 via doris-1 rows=10213 [doris-1:f:up doris-2:f:up doris-3:M:up]
18:10:30 #190 OK DELETE id=1668318 via doris-1 rows=10213 [doris-1:f:up doris-2:f:up doris-3:M:up]
18:10:31 #191 OK SELECT id=1668318 via doris-1 rows=10213 [doris-1:f:up doris-2:f:up doris-3:M:up]
18:10:33 #192 OK INSERT id=1668319 via doris-1 rows=10214 [doris-1:f:up doris-2:f:up doris-3:M:up]
18:10:34 #193 OK UPSERT id=1668319 via doris-1 rows=10213 [doris-1:f:up doris-2:f:up doris-3:M:up]
18:10:35 #194 OK SELECT id=1668319 via doris-1 rows=10213 [doris-1:f:up doris-2:f:up doris-3:M:up]
18:10:36 #195 OK DELETE id=1668319 via doris-1 rows=10213 [doris-1:f:up doris-2:f:up doris-3:M:up]
18:10:37 #196 OK SELECT id=1668319 via doris-1 rows=10213 [doris-1:f:up doris-2:f:up doris-3:M:up]
18:10:38 #197 OK INSERT id=1668320 via doris-1 rows=10214 [doris-1:f:up doris-2:f:up doris-3:M:up]
18:10:39 #198 OK UPSERT id=1668320 via doris-1 rows=10213 [doris-1:f:up doris-2:f:up doris-3:M:up]
18:10:40 #199 OK SELECT id=1668320 via doris-1 rows=10213 [doris-1:f:up doris-2:f:up doris-3:M:up]
18:10:41 #200 OK DELETE id=1668320 via doris-1 rows=10213 [doris-1:f:up doris-2:f:up doris-3:M:up]
18:10:42 #201 OK SELECT id=1668320 via doris-1 rows=10213 [doris-1:f:up doris-2:f:up doris-3:M:up]
18:10:43 #202 OK INSERT id=1668321 via doris-1 rows=10214 [doris-1:f:up doris-2:f:up doris-3:M:up]
18:10:44 #203 OK UPSERT id=1668321 via doris-1 rows=10213 [doris-1:f:up doris-2:f:up doris-3:M:up]
18:10:45 #204 OK SELECT id=1668321 via doris-1 rows=10213 [doris-1:f:up doris-2:f:up doris-3:M:up]
18:10:46 #205 OK DELETE id=1668321 via doris-1 rows=10212 [doris-1:f:up doris-2:f:up doris-3:M:up]
18:10:47 #206 OK SELECT id=1668321 via doris-1 rows=10212 [doris-1:f:up doris-2:f:up doris-3:M:up]
18:10:49 #207 OK INSERT id=1668322 via doris-1 rows=10214 [doris-1:f:up doris-2:f:up doris-3:M:up]
18:10:50 #208 OK UPSERT id=1668322 via doris-1 rows=10214 [doris-1:f:up doris-2:f:up doris-3:M:up]
18:10:51 #209 OK SELECT id=1668322 via doris-1 rows=10214 [doris-1:f:up doris-2:f:up doris-3:M:up]
18:10:52 #210 OK DELETE id=1668322 via doris-1 rows=10213 [doris-1:f:up doris-2:f:up doris-3:M:up]
18:10:53 EVENT restore: cluster healthy
18:10:53 #211 OK SELECT id=1668322 via doris-1 rows=10212 [doris-1:f:up doris-2:f:up doris-3:M:up]
18:10:54 #212 OK INSERT id=1668323 via doris-1 rows=10213 [doris-1:f:up doris-2:f:up doris-3:M:up]
18:10:55 #213 OK UPSERT id=1668323 via doris-1 rows=10214 [doris-1:f:up doris-2:f:up doris-3:M:up]
18:10:56 #214 OK SELECT id=1668323 via doris-1 rows=10214 [doris-1:f:up doris-2:f:up doris-3:M:up]
18:10:57 #215 OK DELETE id=1668323 via doris-1 rows=10213 [doris-1:f:up doris-2:f:up doris-3:M:up]
18:10:58 #216 OK SELECT id=1668323 via doris-1 rows=10212 [doris-1:f:up doris-2:f:up doris-3:M:up]
18:10:59 #217 OK INSERT id=1668324 via doris-1 rows=10213 [doris-1:f:up doris-2:f:up doris-3:M:up]
18:11:00 #218 OK UPSERT id=1668324 via doris-1 rows=10213 [doris-1:f:up doris-2:f:up doris-3:M:up]
18:11:01 #219 OK SELECT id=1668324 via doris-1 rows=10214 [doris-1:f:up doris-2:f:up doris-3:M:up]
18:11:02 #220 OK DELETE id=1668324 via doris-1 rows=10213 [doris-1:f:up doris-2:f:up doris-3:M:up]
18:11:03 #221 OK SELECT id=1668324 via doris-1 rows=10213 [doris-1:f:up doris-2:f:up doris-3:M:up]
18:11:04 #222 OK INSERT id=1668325 via doris-1 rows=10213 [doris-1:f:up doris-2:f:up doris-3:M:up]
18:11:05 #223 OK UPSERT id=1668325 via doris-1 rows=10213 [doris-1:f:up doris-2:f:up doris-3:M:up]
18:11:07 #224 OK SELECT id=1668325 via doris-1 rows=10214 [doris-1:f:up doris-2:f:up doris-3:M:up]
18:11:08 #225 OK DELETE id=1668325 via doris-1 rows=10213 [doris-1:f:up doris-2:f:up doris-3:M:up]
18:11:09 #226 OK SELECT id=1668325 via doris-1 rows=10213 [doris-1:f:up doris-2:f:up doris-3:M:up]
18:11:10 #227 OK INSERT id=1668326 via doris-1 rows=10213 [doris-1:f:up doris-2:f:up doris-3:M:up]
18:11:11 #228 OK UPSERT id=1668326 via doris-1 rows=10213 [doris-1:f:up doris-2:f:up doris-3:M:up]
18:11:12 #229 OK SELECT id=1668326 via doris-1 rows=10214 [doris-1:f:up doris-2:f:up doris-3:M:up]
18:11:13 #230 OK DELETE id=1668326 via doris-1 rows=10213 [doris-1:f:up doris-2:f:up doris-3:M:up]
18:11:14 #231 OK SELECT id=1668326 via doris-1 rows=10213 [doris-1:f:up doris-2:f:up doris-3:M:up]
18:11:15 #232 OK INSERT id=1668327 via doris-1 rows=10213 [doris-1:f:up doris-2:f:up doris-3:M:up]
18:11:16 #233 OK UPSERT id=1668327 via doris-1 rows=10213 [doris-1:f:up doris-2:f:up doris-3:M:up]
18:11:17 #234 OK SELECT id=1668327 via doris-1 rows=10214 [doris-1:f:up doris-2:f:up doris-3:M:up]
18:11:18 #235 OK DELETE id=1668327 via doris-1 rows=10213 [doris-1:f:up doris-2:f:up doris-3:M:up]
18:11:19 #236 OK SELECT id=1668327 via doris-1 rows=10213 [doris-1:f:up doris-2:f:up doris-3:M:up]
