03:23:25 PROBE start proto=mysql hosts=doris-1,doris-2,doris-3 duration=86400s cycle=INSERT>UPSERT>SELECT>DELETE>SELECT
03:23:25 connected to doris-1 (10.140.0.2)
03:23:25 #1 OK INSERT id=1682050 via doris-1 rows=10067 [doris-1:f:up doris-2:M:up doris-3:f:up]
03:23:26 #2 OK UPSERT id=1682050 via doris-1 rows=10068 [doris-1:f:up doris-2:M:up doris-3:f:up]
03:23:28 #3 OK SELECT id=1682050 via doris-1 rows=10068 [doris-1:f:up doris-2:M:up doris-3:f:up]
03:23:29 #4 OK DELETE id=1682050 via doris-1 rows=10067 [doris-1:f:up doris-2:M:up doris-3:f:up]
03:23:30 #5 OK SELECT id=1682050 via doris-1 rows=10066 [doris-1:f:up doris-2:M:up doris-3:f:up]
03:23:31 #6 OK INSERT id=1682051 via doris-1 rows=10067 [doris-1:f:up doris-2:M:up doris-3:f:up]
03:23:32 #7 OK UPSERT id=1682051 via doris-1 rows=10068 [doris-1:f:up doris-2:M:up doris-3:f:up]
03:23:33 #8 OK SELECT id=1682051 via doris-1 rows=10068 [doris-1:f:up doris-2:M:up doris-3:f:up]
03:23:34 #9 OK DELETE id=1682051 via doris-1 rows=10067 [doris-1:f:up doris-2:M:up doris-3:f:up]
03:23:35 #10 OK SELECT id=1682051 via doris-1 rows=10066 [doris-1:f:up doris-2:M:up doris-3:f:up]
03:23:36 #11 OK INSERT id=1682052 via doris-1 rows=10067 [doris-1:f:up doris-2:M:up doris-3:f:up]
03:23:37 #12 OK UPSERT id=1682052 via doris-1 rows=10068 [doris-1:f:up doris-2:M:up doris-3:f:up]
03:23:38 #13 OK SELECT id=1682052 via doris-1 rows=10068 [doris-1:f:up doris-2:M:up doris-3:f:up]
03:23:39 #14 OK DELETE id=1682052 via doris-1 rows=10067 [doris-1:f:up doris-2:M:up doris-3:f:up]
03:23:40 #15 OK SELECT id=1682052 via doris-1 rows=10066 [doris-1:f:up doris-2:M:up doris-3:f:up]
03:23:41 #16 OK INSERT id=1682053 via doris-1 rows=10067 [doris-1:f:up doris-2:M:up doris-3:f:up]
03:23:42 #17 OK UPSERT id=1682053 via doris-1 rows=10068 [doris-1:f:up doris-2:M:up doris-3:f:up]
03:23:43 #18 OK SELECT id=1682053 via doris-1 rows=10068 [doris-1:f:up doris-2:M:up doris-3:f:up]
03:23:45 #19 OK DELETE id=1682053 via doris-1 rows=10067 [doris-1:f:up doris-2:M:up doris-3:f:up]
03:23:46 #20 OK SELECT id=1682053 via doris-1 rows=10066 [doris-1:f:up doris-2:M:up doris-3:f:up]
03:23:47 #21 OK INSERT id=1682054 via doris-1 rows=10067 [doris-1:f:up doris-2:M:up doris-3:f:up]
03:23:48 #22 OK UPSERT id=1682054 via doris-1 rows=10068 [doris-1:f:up doris-2:M:up doris-3:f:up]
03:23:49 #23 OK SELECT id=1682054 via doris-1 rows=10068 [doris-1:f:up doris-2:M:up doris-3:f:up]
03:23:50 #24 OK DELETE id=1682054 via doris-1 rows=10067 [doris-1:f:up doris-2:M:up doris-3:f:up]
03:23:51 #25 OK SELECT id=1682054 via doris-1 rows=10066 [doris-1:f:up doris-2:M:up doris-3:f:up]
03:23:52 #26 OK INSERT id=1682055 via doris-1 rows=10067 [doris-1:f:up doris-2:M:up doris-3:f:up]
03:23:53 #27 OK UPSERT id=1682055 via doris-1 rows=10068 [doris-1:f:up doris-2:M:up doris-3:f:up]
03:23:54 #28 OK SELECT id=1682055 via doris-1 rows=10068 [doris-1:f:up doris-2:M:up doris-3:f:up]
03:23:55 #29 OK DELETE id=1682055 via doris-1 rows=10067 [doris-1:f:up doris-2:M:up doris-3:f:up]
03:23:56 #30 OK SELECT id=1682055 via doris-1 rows=10066 [doris-1:f:up doris-2:M:up doris-3:f:up]
03:23:57 #31 OK INSERT id=1682056 via doris-1 rows=10067 [doris-1:f:up doris-2:M:up doris-3:f:up]
03:23:58 #32 OK UPSERT id=1682056 via doris-1 rows=10068 [doris-1:f:up doris-2:M:up doris-3:f:up]
03:23:59 EVENT break: vm stop on doris-1 (FE follower)
03:23:59 #33 OK SELECT id=1682056 via doris-1 rows=10068 [doris-1:f:up doris-2:M:up doris-3:f:up]
03:24:01 #34 OK DELETE id=1682056 via doris-1 rows=10067 [doris-1:f:up doris-2:M:up doris-3:f:up]
03:24:02 #35 OK SELECT id=1682056 via doris-1 rows=10066 [doris-1:f:up doris-2:M:up doris-3:f:up]
03:24:03 #36 FAIL INSERT id=1682057 via doris-1: OperationalError: (2013, 'Lost connection to MySQL server during query')
03:24:03 #36 OK SELECT(check) id=1 via doris-2
03:24:04 connected to doris-2 (10.140.0.3)
03:24:04 #37 OK INSERT id=1682058 via doris-2 rows=10068 [doris-1:f:DOWN doris-2:M:up doris-3:f:up] (recovered)
03:24:05 #38 OK UPSERT id=1682058 via doris-2 rows=10068 [doris-1:f:DOWN doris-2:M:up doris-3:f:up]
03:24:06 #39 OK SELECT id=1682058 via doris-2 rows=10068 [doris-1:f:DOWN doris-2:M:up doris-3:f:up]
03:24:07 #40 OK DELETE id=1682058 via doris-2 rows=10066 [doris-1:f:DOWN doris-2:M:up doris-3:f:up]
03:24:08 #41 OK SELECT id=1682058 via doris-2 rows=10066 [doris-1:f:DOWN doris-2:M:up doris-3:f:up]
03:24:09 #42 OK INSERT id=1682059 via doris-2 rows=10068 [doris-1:f:DOWN doris-2:M:up doris-3:f:up]
03:24:10 #43 OK UPSERT id=1682059 via doris-2 rows=10068 [doris-1:f:DOWN doris-2:M:up doris-3:f:up]
03:24:11 #44 OK SELECT id=1682059 via doris-2 rows=10068 [doris-1:f:DOWN doris-2:M:up doris-3:f:up]
03:24:12 #45 OK DELETE id=1682059 via doris-2 rows=10066 [doris-1:f:DOWN doris-2:M:up doris-3:f:up]
03:24:14 #46 OK SELECT id=1682059 via doris-2 rows=10066 [doris-1:f:DOWN doris-2:M:up doris-3:f:up]
03:24:15 #47 OK INSERT id=1682060 via doris-2 rows=10068 [doris-1:f:DOWN doris-2:M:up doris-3:f:up]
03:24:16 #48 OK UPSERT id=1682060 via doris-2 rows=10068 [doris-1:f:DOWN doris-2:M:up doris-3:f:up]
03:24:17 #49 OK SELECT id=1682060 via doris-2 rows=10068 [doris-1:f:DOWN doris-2:M:up doris-3:f:up]
03:24:18 #50 OK DELETE id=1682060 via doris-2 rows=10066 [doris-1:f:DOWN doris-2:M:up doris-3:f:up]
03:24:19 #51 OK SELECT id=1682060 via doris-2 rows=10066 [doris-1:f:DOWN doris-2:M:up doris-3:f:up]
03:24:20 #52 OK INSERT id=1682061 via doris-2 rows=10068 [doris-1:f:DOWN doris-2:M:up doris-3:f:up]
03:24:21 #53 OK UPSERT id=1682061 via doris-2 rows=10068 [doris-1:f:DOWN doris-2:M:up doris-3:f:up]
03:24:22 #54 OK SELECT id=1682061 via doris-2 rows=10068 [doris-1:f:DOWN doris-2:M:up doris-3:f:up]
03:24:23 #55 OK DELETE id=1682061 via doris-2 rows=10067 [doris-1:f:DOWN doris-2:M:up doris-3:f:up]
03:24:24 EVENT break: doris-1 is down
03:24:24 #56 OK SELECT id=1682061 via doris-2 rows=10067 [doris-1:f:DOWN doris-2:M:up doris-3:f:up]
03:24:25 #57 OK INSERT id=1682062 via doris-2 rows=10068 [doris-1:f:DOWN doris-2:M:up doris-3:f:up]
03:24:26 #58 OK UPSERT id=1682062 via doris-2 rows=10067 [doris-1:f:DOWN doris-2:M:up doris-3:f:up]
03:24:27 #59 OK SELECT id=1682062 via doris-2 rows=10067 [doris-1:f:DOWN doris-2:M:up doris-3:f:up]
03:24:29 #60 OK DELETE id=1682062 via doris-2 rows=10067 [doris-1:f:DOWN doris-2:M:up doris-3:f:up]
03:24:30 #61 OK SELECT id=1682062 via doris-2 rows=10067 [doris-1:f:DOWN doris-2:M:up doris-3:f:up]
03:24:31 #62 OK INSERT id=1682063 via doris-2 rows=10068 [doris-1:f:DOWN doris-2:M:up doris-3:f:up]
03:24:32 #63 OK UPSERT id=1682063 via doris-2 rows=10067 [doris-1:f:DOWN doris-2:M:up doris-3:f:up]
03:24:33 #64 OK SELECT id=1682063 via doris-2 rows=10067 [doris-1:f:DOWN doris-2:M:up doris-3:f:up]
03:24:34 #65 OK DELETE id=1682063 via doris-2 rows=10067 [doris-1:f:DOWN doris-2:M:up doris-3:f:up]
03:24:35 #66 OK SELECT id=1682063 via doris-2 rows=10067 [doris-1:f:DOWN doris-2:M:up doris-3:f:up]
03:24:36 #67 OK INSERT id=1682064 via doris-2 rows=10068 [doris-1:f:DOWN doris-2:M:up doris-3:f:up]
03:24:37 #68 OK UPSERT id=1682064 via doris-2 rows=10067 [doris-1:f:DOWN doris-2:M:up doris-3:f:up]
03:24:38 #69 OK SELECT id=1682064 via doris-2 rows=10067 [doris-1:f:DOWN doris-2:M:up doris-3:f:up]
03:24:39 #70 OK DELETE id=1682064 via doris-2 rows=10067 [doris-1:f:DOWN doris-2:M:up doris-3:f:up]
03:24:40 #71 OK SELECT id=1682064 via doris-2 rows=10067 [doris-1:f:DOWN doris-2:M:up doris-3:f:up]
03:24:41 #72 OK INSERT id=1682065 via doris-2 rows=10068 [doris-1:f:DOWN doris-2:M:up doris-3:f:up]
03:24:43 #73 OK UPSERT id=1682065 via doris-2 rows=10068 [doris-1:f:DOWN doris-2:M:up doris-3:f:up]
03:24:44 #74 OK SELECT id=1682065 via doris-2 rows=10068 [doris-1:f:DOWN doris-2:M:up doris-3:f:up]
03:24:45 #75 OK DELETE id=1682065 via doris-2 rows=10067 [doris-1:f:DOWN doris-2:M:up doris-3:f:up]
03:24:46 #76 OK SELECT id=1682065 via doris-2 rows=10066 [doris-1:f:DOWN doris-2:M:up doris-3:f:up]
03:24:47 #77 OK INSERT id=1682066 via doris-2 rows=10067 [doris-1:f:DOWN doris-2:M:up doris-3:f:up]
03:24:48 #78 OK UPSERT id=1682066 via doris-2 rows=10068 [doris-1:f:DOWN doris-2:M:up doris-3:f:up]
03:24:49 #79 OK SELECT id=1682066 via doris-2 rows=10068 [doris-1:f:DOWN doris-2:M:up doris-3:f:up]
03:24:50 #80 OK DELETE id=1682066 via doris-2 rows=10067 [doris-1:f:DOWN doris-2:M:up doris-3:f:up]
03:24:51 #81 OK SELECT id=1682066 via doris-2 rows=10066 [doris-1:f:DOWN doris-2:M:up doris-3:f:up]
03:24:52 #82 OK INSERT id=1682067 via doris-2 rows=10067 [doris-1:f:DOWN doris-2:M:up doris-3:f:up]
03:24:53 #83 OK UPSERT id=1682067 via doris-2 rows=10068 [doris-1:f:DOWN doris-2:M:up doris-3:f:up]
03:24:54 #84 OK SELECT id=1682067 via doris-2 rows=10068 [doris-1:f:DOWN doris-2:M:up doris-3:f:up]
03:24:55 #85 OK DELETE id=1682067 via doris-2 rows=10067 [doris-1:f:DOWN doris-2:M:up doris-3:f:up]
03:24:57 #86 OK SELECT id=1682067 via doris-2 rows=10066 [doris-1:f:DOWN doris-2:M:up doris-3:f:up]
03:24:58 #87 OK INSERT id=1682068 via doris-2 rows=10067 [doris-1:f:DOWN doris-2:M:up doris-3:f:up]
03:24:59 #88 OK UPSERT id=1682068 via doris-2 rows=10068 [doris-1:f:DOWN doris-2:M:up doris-3:f:up]
03:25:00 #89 OK SELECT id=1682068 via doris-2 rows=10068 [doris-1:f:DOWN doris-2:M:up doris-3:f:up]
03:25:01 #90 OK DELETE id=1682068 via doris-2 rows=10067 [doris-1:f:DOWN doris-2:M:up doris-3:f:up]
03:25:02 #91 OK SELECT id=1682068 via doris-2 rows=10066 [doris-1:f:DOWN doris-2:M:up doris-3:f:up]
03:25:03 #92 OK INSERT id=1682069 via doris-2 rows=10067 [doris-1:f:DOWN doris-2:M:up doris-3:f:up]
03:25:04 #93 OK UPSERT id=1682069 via doris-2 rows=10067 [doris-1:f:DOWN doris-2:M:up doris-3:f:up]
03:25:05 #94 OK SELECT id=1682069 via doris-2 rows=10067 [doris-1:f:DOWN doris-2:M:up doris-3:f:up]
03:25:06 #95 OK DELETE id=1682069 via doris-2 rows=10066 [doris-1:f:DOWN doris-2:M:up doris-3:f:up]
03:25:07 #96 OK SELECT id=1682069 via doris-2 rows=10067 [doris-1:f:DOWN doris-2:M:up doris-3:f:up]
03:25:08 #97 OK INSERT id=1682070 via doris-2 rows=10068 [doris-1:f:DOWN doris-2:M:up doris-3:f:up]
03:25:09 #98 OK UPSERT id=1682070 via doris-2 rows=10068 [doris-1:f:DOWN doris-2:M:up doris-3:f:up]
03:25:10 #99 OK SELECT id=1682070 via doris-2 rows=10067 [doris-1:f:DOWN doris-2:M:up doris-3:f:up]
03:25:12 #100 OK DELETE id=1682070 via doris-2 rows=10066 [doris-1:f:DOWN doris-2:M:up doris-3:f:up]
03:25:13 #101 OK SELECT id=1682070 via doris-2 rows=10067 [doris-1:f:DOWN doris-2:M:up doris-3:f:up]
03:25:14 #102 OK INSERT id=1682071 via doris-2 rows=10068 [doris-1:f:DOWN doris-2:M:up doris-3:f:up]
03:25:15 #103 OK UPSERT id=1682071 via doris-2 rows=10068 [doris-1:f:DOWN doris-2:M:up doris-3:f:up]
03:25:16 #104 OK SELECT id=1682071 via doris-2 rows=10067 [doris-1:f:DOWN doris-2:M:up doris-3:f:up]
03:25:17 #105 OK DELETE id=1682071 via doris-2 rows=10066 [doris-1:f:DOWN doris-2:M:up doris-3:f:up]
03:25:18 #106 OK SELECT id=1682071 via doris-2 rows=10067 [doris-1:f:DOWN doris-2:M:up doris-3:f:up]
03:25:19 #107 OK INSERT id=1682072 via doris-2 rows=10068 [doris-1:f:DOWN doris-2:M:up doris-3:f:up]
03:25:20 #108 OK UPSERT id=1682072 via doris-2 rows=10068 [doris-1:f:DOWN doris-2:M:up doris-3:f:up]
03:25:21 #109 OK SELECT id=1682072 via doris-2 rows=10067 [doris-1:f:DOWN doris-2:M:up doris-3:f:up]
03:25:22 #110 OK DELETE id=1682072 via doris-2 rows=10066 [doris-1:f:DOWN doris-2:M:up doris-3:f:up]
03:25:23 #111 OK SELECT id=1682072 via doris-2 rows=10067 [doris-1:f:DOWN doris-2:M:up doris-3:f:up]
03:25:24 #112 OK INSERT id=1682073 via doris-2 rows=10068 [doris-1:f:DOWN doris-2:M:up doris-3:f:up]
03:25:25 #113 OK UPSERT id=1682073 via doris-2 rows=10068 [doris-1:f:DOWN doris-2:M:up doris-3:f:up]
03:25:26 #114 OK SELECT id=1682073 via doris-2 rows=10068 [doris-1:f:DOWN doris-2:M:up doris-3:f:up]
03:25:28 #115 OK DELETE id=1682073 via doris-2 rows=10067 [doris-1:f:DOWN doris-2:M:up doris-3:f:up]
03:25:29 #116 OK SELECT id=1682073 via doris-2 rows=10067 [doris-1:f:DOWN doris-2:M:up doris-3:f:up]
03:25:30 #117 OK INSERT id=1682074 via doris-2 rows=10067 [doris-1:f:DOWN doris-2:M:up doris-3:f:up]
03:25:31 #118 OK UPSERT id=1682074 via doris-2 rows=10067 [doris-1:f:DOWN doris-2:M:up doris-3:f:up]
03:25:32 #119 OK SELECT id=1682074 via doris-2 rows=10068 [doris-1:f:DOWN doris-2:M:up doris-3:f:up]
03:25:33 #120 OK DELETE id=1682074 via doris-2 rows=10067 [doris-1:f:DOWN doris-2:M:up doris-3:f:up]
03:25:34 #121 OK SELECT id=1682074 via doris-2 rows=10067 [doris-1:f:DOWN doris-2:M:up doris-3:f:up]
03:25:35 #122 OK INSERT id=1682075 via doris-2 rows=10067 [doris-1:f:DOWN doris-2:M:up doris-3:f:up]
03:25:36 #123 OK UPSERT id=1682075 via doris-2 rows=10067 [doris-1:f:DOWN doris-2:M:up doris-3:f:up]
03:25:37 #124 OK SELECT id=1682075 via doris-2 rows=10068 [doris-1:f:DOWN doris-2:M:up doris-3:f:up]
03:25:38 #125 OK DELETE id=1682075 via doris-2 rows=10067 [doris-1:f:DOWN doris-2:M:up doris-3:f:up]
03:25:39 #126 OK SELECT id=1682075 via doris-2 rows=10067 [doris-1:f:DOWN doris-2:M:up doris-3:f:up]
03:25:40 #127 OK INSERT id=1682076 via doris-2 rows=10067 [doris-1:f:DOWN doris-2:M:up doris-3:f:up]
03:25:41 #128 OK UPSERT id=1682076 via doris-2 rows=10067 [doris-1:f:DOWN doris-2:M:up doris-3:f:up]
03:25:42 #129 OK SELECT id=1682076 via doris-2 rows=10068 [doris-1:f:DOWN doris-2:M:up doris-3:f:up]
03:25:44 #130 OK DELETE id=1682076 via doris-2 rows=10067 [doris-1:f:DOWN doris-2:M:up doris-3:f:up]
03:25:45 #131 OK SELECT id=1682076 via doris-2 rows=10067 [doris-1:f:DOWN doris-2:M:up doris-3:f:up]
03:25:46 #132 OK INSERT id=1682077 via doris-2 rows=10068 [doris-1:f:DOWN doris-2:M:up doris-3:f:up]
03:25:47 #133 OK UPSERT id=1682077 via doris-2 rows=10068 [doris-1:f:DOWN doris-2:M:up doris-3:f:up]
03:25:48 #134 OK SELECT id=1682077 via doris-2 rows=10067 [doris-1:f:DOWN doris-2:M:up doris-3:f:up]
03:25:49 #135 OK DELETE id=1682077 via doris-2 rows=10066 [doris-1:f:DOWN doris-2:M:up doris-3:f:up]
03:25:50 #136 OK SELECT id=1682077 via doris-2 rows=10067 [doris-1:f:DOWN doris-2:M:up doris-3:f:up]
03:25:51 #137 OK INSERT id=1682078 via doris-2 rows=10068 [doris-1:f:DOWN doris-2:M:up doris-3:f:up]
03:25:52 #138 OK UPSERT id=1682078 via doris-2 rows=10068 [doris-1:f:DOWN doris-2:M:up doris-3:f:up]
03:25:53 #139 OK SELECT id=1682078 via doris-2 rows=10067 [doris-1:f:DOWN doris-2:M:up doris-3:f:up]
03:25:54 #140 OK DELETE id=1682078 via doris-2 rows=10066 [doris-1:f:DOWN doris-2:M:up doris-3:f:up]
03:25:55 #141 OK SELECT id=1682078 via doris-2 rows=10067 [doris-1:f:DOWN doris-2:M:up doris-3:f:up]
03:25:56 #142 OK INSERT id=1682079 via doris-2 rows=10068 [doris-1:f:DOWN doris-2:M:up doris-3:f:up]
03:25:57 #143 OK UPSERT id=1682079 via doris-2 rows=10068 [doris-1:f:DOWN doris-2:M:up doris-3:f:up]
03:25:58 #144 OK SELECT id=1682079 via doris-2 rows=10067 [doris-1:f:DOWN doris-2:M:up doris-3:f:up]
03:26:00 #145 OK DELETE id=1682079 via doris-2 rows=10066 [doris-1:f:DOWN doris-2:M:up doris-3:f:up]
03:26:01 #146 OK SELECT id=1682079 via doris-2 rows=10067 [doris-1:f:DOWN doris-2:M:up doris-3:f:up]
03:26:02 #147 OK INSERT id=1682080 via doris-2 rows=10068 [doris-1:f:DOWN doris-2:M:up doris-3:f:up]
03:26:03 #148 OK UPSERT id=1682080 via doris-2 rows=10068 [doris-1:f:DOWN doris-2:M:up doris-3:f:up]
03:26:04 #149 OK SELECT id=1682080 via doris-2 rows=10067 [doris-1:f:DOWN doris-2:M:up doris-3:f:up]
03:26:05 EVENT restore: start doris-1
03:26:05 #150 OK DELETE id=1682080 via doris-2 rows=10066 [doris-1:f:DOWN doris-2:M:up doris-3:f:up]
03:26:06 #151 OK SELECT id=1682080 via doris-2 rows=10066 [doris-1:f:DOWN doris-2:M:up doris-3:f:up]
03:26:07 #152 OK INSERT id=1682081 via doris-2 rows=10067 [doris-1:f:DOWN doris-2:M:up doris-3:f:up]
03:26:08 #153 OK UPSERT id=1682081 via doris-2 rows=10067 [doris-1:f:DOWN doris-2:M:up doris-3:f:up]
03:26:09 #154 OK SELECT id=1682081 via doris-2 rows=10068 [doris-1:f:DOWN doris-2:M:up doris-3:f:up]
03:26:10 #155 OK DELETE id=1682081 via doris-2 rows=10067 [doris-1:f:DOWN doris-2:M:up doris-3:f:up]
03:26:11 #156 OK SELECT id=1682081 via doris-2 rows=10067 [doris-1:f:DOWN doris-2:M:up doris-3:f:up]
03:26:12 #157 OK INSERT id=1682082 via doris-2 rows=10067 [doris-1:f:DOWN doris-2:M:up doris-3:f:up]
03:26:13 #158 OK UPSERT id=1682082 via doris-2 rows=10067 [doris-1:f:DOWN doris-2:M:up doris-3:f:up]
03:26:14 #159 OK SELECT id=1682082 via doris-2 rows=10068 [doris-1:f:DOWN doris-2:M:up doris-3:f:up]
03:26:16 #160 OK DELETE id=1682082 via doris-2 rows=10067 [doris-1:f:DOWN doris-2:M:up doris-3:f:up]
03:26:17 #161 OK SELECT id=1682082 via doris-2 rows=10067 [doris-1:f:DOWN doris-2:M:up doris-3:f:up]
03:26:18 #162 OK INSERT id=1682083 via doris-2 rows=10067 [doris-1:f:DOWN doris-2:M:up doris-3:f:up]
03:26:19 #163 OK UPSERT id=1682083 via doris-2 rows=10067 [doris-1:f:DOWN doris-2:M:up doris-3:f:up]
03:26:20 #164 OK SELECT id=1682083 via doris-2 rows=10068 [doris-1:f:DOWN doris-2:M:up doris-3:f:up]
03:26:21 #165 OK DELETE id=1682083 via doris-2 rows=10067 [doris-1:f:DOWN doris-2:M:up doris-3:f:up]
03:26:22 #166 OK SELECT id=1682083 via doris-2 rows=10067 [doris-1:f:DOWN doris-2:M:up doris-3:f:up]
03:26:23 #167 OK INSERT id=1682084 via doris-2 rows=10067 [doris-1:f:DOWN doris-2:M:up doris-3:f:up]
03:26:24 #168 OK UPSERT id=1682084 via doris-2 rows=10067 [doris-1:f:DOWN doris-2:M:up doris-3:f:up]
03:26:25 #169 OK SELECT id=1682084 via doris-2 rows=10068 [doris-1:f:DOWN doris-2:M:up doris-3:f:up]
03:26:26 #170 OK DELETE id=1682084 via doris-2 rows=10067 [doris-1:f:DOWN doris-2:M:up doris-3:f:up]
03:26:27 #171 OK SELECT id=1682084 via doris-2 rows=10067 [doris-1:f:DOWN doris-2:M:up doris-3:f:up]
03:26:28 #172 OK INSERT id=1682085 via doris-2 rows=10067 [doris-1:f:DOWN doris-2:M:up doris-3:f:up]
03:26:29 #173 OK UPSERT id=1682085 via doris-2 rows=10067 [doris-1:f:DOWN doris-2:M:up doris-3:f:up]
03:26:30 #174 OK SELECT id=1682085 via doris-2 rows=10068 [doris-1:f:DOWN doris-2:M:up doris-3:f:up]
03:26:31 #175 OK DELETE id=1682085 via doris-2 rows=10067 [doris-1:f:DOWN doris-2:M:up doris-3:f:up]
03:26:33 #176 OK SELECT id=1682085 via doris-2 rows=10067 [doris-1:f:DOWN doris-2:M:up doris-3:f:up]
03:26:34 #177 OK INSERT id=1682086 via doris-2 rows=10067 [doris-1:f:DOWN doris-2:M:up doris-3:f:up]
03:26:35 #178 OK UPSERT id=1682086 via doris-2 rows=10067 [doris-1:f:DOWN doris-2:M:up doris-3:f:up]
03:26:36 #179 OK SELECT id=1682086 via doris-2 rows=10068 [doris-1:f:DOWN doris-2:M:up doris-3:f:up]
03:26:37 #180 OK DELETE id=1682086 via doris-2 rows=10067 [doris-1:f:DOWN doris-2:M:up doris-3:f:up]
03:26:38 #181 OK SELECT id=1682086 via doris-2 rows=10067 [doris-1:f:DOWN doris-2:M:up doris-3:f:up]
03:26:39 #182 OK INSERT id=1682087 via doris-2 rows=10067 [doris-1:f:DOWN doris-2:M:up doris-3:f:up]
03:26:40 #183 OK UPSERT id=1682087 via doris-2 rows=10067 [doris-1:f:DOWN doris-2:M:up doris-3:f:up]
03:26:41 #184 OK SELECT id=1682087 via doris-2 rows=10068 [doris-1:f:DOWN doris-2:M:up doris-3:f:up]
03:26:42 #185 OK DELETE id=1682087 via doris-2 rows=10067 [doris-1:f:DOWN doris-2:M:up doris-3:f:up]
03:26:43 #186 OK SELECT id=1682087 via doris-2 rows=10067 [doris-1:f:DOWN doris-2:M:up doris-3:f:up]
03:26:44 #187 OK INSERT id=1682088 via doris-2 rows=10067 [doris-1:f:DOWN doris-2:M:up doris-3:f:up]
03:26:45 #188 OK UPSERT id=1682088 via doris-2 rows=10067 [doris-1:f:up doris-2:M:up doris-3:f:up]
03:26:46 #189 OK SELECT id=1682088 via doris-2 rows=10068 [doris-1:f:up doris-2:M:up doris-3:f:up]
03:26:47 #190 OK DELETE id=1682088 via doris-2 rows=10067 [doris-1:f:up doris-2:M:up doris-3:f:up]
03:26:48 #191 OK SELECT id=1682088 via doris-2 rows=10067 [doris-1:f:up doris-2:M:up doris-3:f:up]
03:26:50 #192 OK INSERT id=1682089 via doris-2 rows=10067 [doris-1:f:up doris-2:M:up doris-3:f:up]
03:26:51 #193 OK UPSERT id=1682089 via doris-2 rows=10067 [doris-1:f:up doris-2:M:up doris-3:f:up]
03:26:52 #194 OK SELECT id=1682089 via doris-2 rows=10068 [doris-1:f:up doris-2:M:up doris-3:f:up]
03:26:53 #195 OK DELETE id=1682089 via doris-2 rows=10067 [doris-1:f:up doris-2:M:up doris-3:f:up]
03:26:54 #196 OK SELECT id=1682089 via doris-2 rows=10067 [doris-1:f:up doris-2:M:up doris-3:f:up]
03:26:55 #197 OK INSERT id=1682090 via doris-2 rows=10067 [doris-1:f:up doris-2:M:up doris-3:f:up]
03:26:56 #198 OK UPSERT id=1682090 via doris-2 rows=10067 [doris-1:f:up doris-2:M:up doris-3:f:up]
03:26:57 #199 OK SELECT id=1682090 via doris-2 rows=10068 [doris-1:f:up doris-2:M:up doris-3:f:up]
03:26:58 #200 OK DELETE id=1682090 via doris-2 rows=10067 [doris-1:f:up doris-2:M:up doris-3:f:up]
03:26:59 #201 OK SELECT id=1682090 via doris-2 rows=10067 [doris-1:f:up doris-2:M:up doris-3:f:up]
03:27:00 #202 OK INSERT id=1682091 via doris-2 rows=10067 [doris-1:f:up doris-2:M:up doris-3:f:up]
03:27:01 #203 OK UPSERT id=1682091 via doris-2 rows=10067 [doris-1:f:up doris-2:M:up doris-3:f:up]
03:27:02 #204 OK SELECT id=1682091 via doris-2 rows=10067 [doris-1:f:up doris-2:M:up doris-3:f:up]
03:27:03 #205 OK DELETE id=1682091 via doris-2 rows=10067 [doris-1:f:up doris-2:M:up doris-3:f:up]
03:27:04 #206 OK SELECT id=1682091 via doris-2 rows=10067 [doris-1:f:up doris-2:M:up doris-3:f:up]
03:27:05 EVENT restore: cluster healthy
03:27:06 #207 OK INSERT id=1682092 via doris-2 rows=10068 [doris-1:f:up doris-2:M:up doris-3:f:up]
03:27:07 #208 OK UPSERT id=1682092 via doris-2 rows=10067 [doris-1:f:up doris-2:M:up doris-3:f:up]
03:27:08 #209 OK SELECT id=1682092 via doris-2 rows=10067 [doris-1:f:up doris-2:M:up doris-3:f:up]
03:27:09 #210 OK DELETE id=1682092 via doris-2 rows=10067 [doris-1:f:up doris-2:M:up doris-3:f:up]
03:27:10 #211 OK SELECT id=1682092 via doris-2 rows=10067 [doris-1:f:up doris-2:M:up doris-3:f:up]
03:27:11 #212 OK INSERT id=1682093 via doris-2 rows=10068 [doris-1:f:up doris-2:M:up doris-3:f:up]
03:27:12 #213 OK UPSERT id=1682093 via doris-2 rows=10067 [doris-1:f:up doris-2:M:up doris-3:f:up]
03:27:13 #214 OK SELECT id=1682093 via doris-2 rows=10067 [doris-1:f:up doris-2:M:up doris-3:f:up]
03:27:14 #215 OK DELETE id=1682093 via doris-2 rows=10067 [doris-1:f:up doris-2:M:up doris-3:f:up]
03:27:15 #216 OK SELECT id=1682093 via doris-2 rows=10067 [doris-1:f:up doris-2:M:up doris-3:f:up]
03:27:16 #217 OK INSERT id=1682094 via doris-2 rows=10068 [doris-1:f:up doris-2:M:up doris-3:f:up]
03:27:17 #218 OK UPSERT id=1682094 via doris-2 rows=10067 [doris-1:f:up doris-2:M:up doris-3:f:up]
03:27:18 #219 OK SELECT id=1682094 via doris-2 rows=10067 [doris-1:f:up doris-2:M:up doris-3:f:up]
03:27:19 #220 OK DELETE id=1682094 via doris-2 rows=10066 [doris-1:f:up doris-2:M:up doris-3:f:up]
03:27:21 #221 OK SELECT id=1682094 via doris-2 rows=10067 [doris-1:f:up doris-2:M:up doris-3:f:up]
03:27:22 #222 OK INSERT id=1682095 via doris-2 rows=10068 [doris-1:f:up doris-2:M:up doris-3:f:up]
03:27:23 #223 OK UPSERT id=1682095 via doris-2 rows=10068 [doris-1:f:up doris-2:M:up doris-3:f:up]
03:27:24 #224 OK SELECT id=1682095 via doris-2 rows=10067 [doris-1:f:up doris-2:M:up doris-3:f:up]
03:27:25 #225 OK DELETE id=1682095 via doris-2 rows=10066 [doris-1:f:up doris-2:M:up doris-3:f:up]
03:27:26 #226 OK SELECT id=1682095 via doris-2 rows=10067 [doris-1:f:up doris-2:M:up doris-3:f:up]
03:27:27 #227 OK INSERT id=1682096 via doris-2 rows=10068 [doris-1:f:up doris-2:M:up doris-3:f:up]
03:27:28 #228 OK UPSERT id=1682096 via doris-2 rows=10068 [doris-1:f:up doris-2:M:up doris-3:f:up]
03:27:29 #229 OK SELECT id=1682096 via doris-2 rows=10067 [doris-1:f:up doris-2:M:up doris-3:f:up]
03:27:30 #230 OK DELETE id=1682096 via doris-2 rows=10066 [doris-1:f:up doris-2:M:up doris-3:f:up]
03:27:31 #231 OK SELECT id=1682096 via doris-2 rows=10067 [doris-1:f:up doris-2:M:up doris-3:f:up]
