00:54:27 PROBE start proto=jdbc hosts=doris-1,doris-2,doris-3 duration=86400s cycle=INSERT>UPSERT>SELECT>DELETE>SELECT url=jdbc:mysql://10.140.0.2:9030,10.140.0.3:9030,10.140.0.4:9030/hatest
00:54:28 connected to doris-1 (driver-selected host)
00:54:28 #1 OK INSERT id=2592670 via doris-1 rows=10054 [doris-1:f:up doris-2:f:up doris-3:M:up]
00:54:29 #2 OK UPSERT id=2592670 via doris-1 rows=10054 [doris-1:f:up doris-2:f:up doris-3:M:up]
00:54:30 #3 OK SELECT id=2592670 via doris-1 rows=10054 [doris-1:f:up doris-2:f:up doris-3:M:up]
00:54:31 #4 OK DELETE id=2592670 via doris-1 rows=10052 [doris-1:f:up doris-2:f:up doris-3:M:up]
00:54:32 #5 OK SELECT id=2592670 via doris-1 rows=10052 [doris-1:f:up doris-2:f:up doris-3:M:up]
00:54:33 #6 OK INSERT id=2592671 via doris-1 rows=10054 [doris-1:f:up doris-2:f:up doris-3:M:up]
00:54:34 #7 OK UPSERT id=2592671 via doris-1 rows=10054 [doris-1:f:up doris-2:f:up doris-3:M:up]
00:54:35 #8 OK SELECT id=2592671 via doris-1 rows=10054 [doris-1:f:up doris-2:f:up doris-3:M:up]
00:54:36 #9 OK DELETE id=2592671 via doris-1 rows=10052 [doris-1:f:up doris-2:f:up doris-3:M:up]
00:54:37 #10 OK SELECT id=2592671 via doris-1 rows=10052 [doris-1:f:up doris-2:f:up doris-3:M:up]
00:54:39 #11 OK INSERT id=2592672 via doris-1 rows=10054 [doris-1:f:up doris-2:f:up doris-3:M:up]
00:54:40 #12 OK UPSERT id=2592672 via doris-1 rows=10054 [doris-1:f:up doris-2:f:up doris-3:M:up]
00:54:41 #13 OK SELECT id=2592672 via doris-1 rows=10054 [doris-1:f:up doris-2:f:up doris-3:M:up]
00:54:42 #14 OK DELETE id=2592672 via doris-1 rows=10052 [doris-1:f:up doris-2:f:up doris-3:M:up]
00:54:43 #15 OK SELECT id=2592672 via doris-1 rows=10052 [doris-1:f:up doris-2:f:up doris-3:M:up]
00:54:44 #16 OK INSERT id=2592673 via doris-1 rows=10054 [doris-1:f:up doris-2:f:up doris-3:M:up]
00:54:45 #17 OK UPSERT id=2592673 via doris-1 rows=10054 [doris-1:f:up doris-2:f:up doris-3:M:up]
00:54:46 #18 OK SELECT id=2592673 via doris-1 rows=10054 [doris-1:f:up doris-2:f:up doris-3:M:up]
00:54:47 #19 OK DELETE id=2592673 via doris-1 rows=10052 [doris-1:f:up doris-2:f:up doris-3:M:up]
00:54:48 #20 OK SELECT id=2592673 via doris-1 rows=10052 [doris-1:f:up doris-2:f:up doris-3:M:up]
00:54:49 #21 OK INSERT id=2592674 via doris-1 rows=10054 [doris-1:f:up doris-2:f:up doris-3:M:up]
00:54:50 #22 OK UPSERT id=2592674 via doris-1 rows=10054 [doris-1:f:up doris-2:f:up doris-3:M:up]
00:54:51 #23 OK SELECT id=2592674 via doris-1 rows=10054 [doris-1:f:up doris-2:f:up doris-3:M:up]
00:54:53 #24 OK DELETE id=2592674 via doris-1 rows=10052 [doris-1:f:up doris-2:f:up doris-3:M:up]
00:54:54 #25 OK SELECT id=2592674 via doris-1 rows=10052 [doris-1:f:up doris-2:f:up doris-3:M:up]
00:54:55 #26 OK INSERT id=2592675 via doris-1 rows=10054 [doris-1:f:up doris-2:f:up doris-3:M:up]
00:54:56 #27 OK UPSERT id=2592675 via doris-1 rows=10054 [doris-1:f:up doris-2:f:up doris-3:M:up]
00:54:57 #28 OK SELECT id=2592675 via doris-1 rows=10054 [doris-1:f:up doris-2:f:up doris-3:M:up]
00:54:58 #29 OK DELETE id=2592675 via doris-1 rows=10052 [doris-1:f:up doris-2:f:up doris-3:M:up]
00:54:59 #30 OK SELECT id=2592675 via doris-1 rows=10052 [doris-1:f:up doris-2:f:up doris-3:M:up]
00:55:00 #31 OK INSERT id=2592676 via doris-1 rows=10054 [doris-1:f:up doris-2:f:up doris-3:M:up]
00:55:01 EVENT break: vm stop on doris-3 (FE master)
00:55:01 #32 OK UPSERT id=2592676 via doris-1 rows=10054 [doris-1:f:up doris-2:f:up doris-3:M:up]
00:55:02 #33 OK SELECT id=2592676 via doris-1 rows=10054 [doris-1:f:up doris-2:f:up doris-3:M:up]
00:55:03 #34 OK DELETE id=2592676 via doris-1 rows=10052 [doris-1:f:up doris-2:f:up doris-3:M:up]
00:55:04 #35 FAIL SELECT id=2592676 via doris-1: SQLException: RpcException, msg: send fragments failed. io.grpc.StatusRuntimeException: UNAVAILABLE: io exception, host: 10.
00:55:06 connected to doris-1 (driver-selected host)
00:55:08 #36 OK INSERT id=2592677 via doris-1 rows=10053 [doris-1:f:up doris-2:M:up doris-3:f:DOWN] (recovered)
00:55:09 #37 OK UPSERT id=2592677 via doris-1 rows=10054 [doris-1:f:up doris-2:M:up doris-3:f:DOWN]
00:55:10 #38 OK SELECT id=2592677 via doris-1 rows=10054 [doris-1:f:up doris-2:M:up doris-3:f:DOWN]
00:55:11 #39 OK DELETE id=2592677 via doris-1 rows=10052 [doris-1:f:up doris-2:M:up doris-3:f:DOWN]
00:55:12 #40 OK SELECT id=2592677 via doris-1 rows=10052 [doris-1:f:up doris-2:M:up doris-3:f:DOWN]
00:55:14 #41 OK INSERT id=2592678 via doris-1 rows=10053 [doris-1:f:up doris-2:M:up doris-3:f:DOWN]
00:55:15 #42 OK UPSERT id=2592678 via doris-1 rows=10054 [doris-1:f:up doris-2:M:up doris-3:f:DOWN]
00:55:16 #43 OK SELECT id=2592678 via doris-1 rows=10054 [doris-1:f:up doris-2:M:up doris-3:f:DOWN]
00:55:17 #44 OK DELETE id=2592678 via doris-1 rows=10053 [doris-1:f:up doris-2:M:up doris-3:f:DOWN]
00:55:18 #45 OK SELECT id=2592678 via doris-1 rows=10052 [doris-1:f:up doris-2:M:up doris-3:f:DOWN]
00:55:19 #46 OK INSERT id=2592679 via doris-1 rows=10053 [doris-1:f:up doris-2:M:up doris-3:f:DOWN]
00:55:20 #47 OK UPSERT id=2592679 via doris-1 rows=10054 [doris-1:f:up doris-2:M:up doris-3:f:DOWN]
00:55:21 #48 OK SELECT id=2592679 via doris-1 rows=10054 [doris-1:f:up doris-2:M:up doris-3:f:DOWN]
00:55:22 #49 OK DELETE id=2592679 via doris-1 rows=10053 [doris-1:f:up doris-2:M:up doris-3:f:DOWN]
00:55:23 #50 OK SELECT id=2592679 via doris-1 rows=10052 [doris-1:f:up doris-2:M:up doris-3:f:DOWN]
00:55:24 EVENT break: doris-3 is down
00:55:25 #51 OK INSERT id=2592680 via doris-1 rows=10053 [doris-1:f:up doris-2:M:up doris-3:f:DOWN]
00:55:26 #52 OK UPSERT id=2592680 via doris-1 rows=10054 [doris-1:f:up doris-2:M:up doris-3:f:DOWN]
00:55:27 #53 OK SELECT id=2592680 via doris-1 rows=10054 [doris-1:f:up doris-2:M:up doris-3:f:DOWN]
00:55:28 #54 OK DELETE id=2592680 via doris-1 rows=10052 [doris-1:f:up doris-2:M:up doris-3:f:DOWN]
00:55:29 #55 OK SELECT id=2592680 via doris-1 rows=10052 [doris-1:f:up doris-2:M:up doris-3:f:DOWN]
00:55:30 #56 OK INSERT id=2592681 via doris-1 rows=10054 [doris-1:f:up doris-2:M:up doris-3:f:DOWN]
00:55:31 #57 OK UPSERT id=2592681 via doris-1 rows=10054 [doris-1:f:up doris-2:M:up doris-3:f:DOWN]
00:55:32 #58 OK SELECT id=2592681 via doris-1 rows=10054 [doris-1:f:up doris-2:M:up doris-3:f:DOWN]
00:55:33 #59 OK DELETE id=2592681 via doris-1 rows=10053 [doris-1:f:up doris-2:M:up doris-3:f:DOWN]
00:55:34 #60 OK SELECT id=2592681 via doris-1 rows=10052 [doris-1:f:up doris-2:M:up doris-3:f:DOWN]
00:55:35 #61 OK INSERT id=2592682 via doris-1 rows=10053 [doris-1:f:up doris-2:M:up doris-3:f:DOWN]
00:55:37 #62 OK UPSERT id=2592682 via doris-1 rows=10054 [doris-1:f:up doris-2:M:up doris-3:f:DOWN]
00:55:38 #63 OK SELECT id=2592682 via doris-1 rows=10054 [doris-1:f:up doris-2:M:up doris-3:f:DOWN]
00:55:39 #64 OK DELETE id=2592682 via doris-1 rows=10052 [doris-1:f:up doris-2:M:up doris-3:f:DOWN]
00:55:40 #65 OK SELECT id=2592682 via doris-1 rows=10052 [doris-1:f:up doris-2:M:up doris-3:f:DOWN]
00:55:41 #66 OK INSERT id=2592683 via doris-1 rows=10054 [doris-1:f:up doris-2:M:up doris-3:f:DOWN]
00:55:42 #67 OK UPSERT id=2592683 via doris-1 rows=10054 [doris-1:f:up doris-2:M:up doris-3:f:DOWN]
00:55:43 #68 OK SELECT id=2592683 via doris-1 rows=10054 [doris-1:f:up doris-2:M:up doris-3:f:DOWN]
00:55:44 #69 OK DELETE id=2592683 via doris-1 rows=10052 [doris-1:f:up doris-2:M:up doris-3:f:DOWN]
00:55:45 #70 OK SELECT id=2592683 via doris-1 rows=10052 [doris-1:f:up doris-2:M:up doris-3:f:DOWN]
00:55:46 #71 OK INSERT id=2592684 via doris-1 rows=10053 [doris-1:f:up doris-2:M:up doris-3:f:DOWN]
00:55:47 #72 OK UPSERT id=2592684 via doris-1 rows=10054 [doris-1:f:up doris-2:M:up doris-3:f:DOWN]
00:55:48 #73 OK SELECT id=2592684 via doris-1 rows=10054 [doris-1:f:up doris-2:M:up doris-3:f:DOWN]
00:55:50 #74 OK DELETE id=2592684 via doris-1 rows=10052 [doris-1:f:up doris-2:M:up doris-3:f:DOWN]
00:55:51 #75 OK SELECT id=2592684 via doris-1 rows=10052 [doris-1:f:up doris-2:M:up doris-3:f:DOWN]
00:55:52 #76 OK INSERT id=2592685 via doris-1 rows=10053 [doris-1:f:up doris-2:M:up doris-3:f:DOWN]
00:55:53 #77 OK UPSERT id=2592685 via doris-1 rows=10054 [doris-1:f:up doris-2:M:up doris-3:f:DOWN]
00:55:54 #78 OK SELECT id=2592685 via doris-1 rows=10054 [doris-1:f:up doris-2:M:up doris-3:f:DOWN]
00:55:55 #79 OK DELETE id=2592685 via doris-1 rows=10052 [doris-1:f:up doris-2:M:up doris-3:f:DOWN]
00:55:56 #80 OK SELECT id=2592685 via doris-1 rows=10052 [doris-1:f:up doris-2:M:up doris-3:f:DOWN]
00:55:56 EVENT break: be dead on doris-1 (FE follower)
00:55:57 #81 OK INSERT id=2592686 via doris-1 rows=10054 [doris-1:f:up doris-2:M:up doris-3:f:DOWN]
00:55:58 #82 OK UPSERT id=2592686 via doris-1 rows=10054 [doris-1:f:up doris-2:M:up doris-3:f:DOWN]
00:55:59 #83 FAIL SELECT id=2592686 via doris-1: SQLException: RpcException, msg: send fragments failed. io.grpc.StatusRuntimeException: UNAVAILABLE: io exception, host: 10.
00:56:00 connected to doris-1 (driver-selected host)
00:56:00 #84 FAIL INSERT id=2592687 via doris-1: SQLException: errCode = 2, detailMessage = (10.140.0.3)[INTERNAL_ERROR]failed to open DeltaWriter 1789045666396: failed to w
00:56:01 connected to doris-1 (driver-selected host)
00:56:01 #85 FAIL INSERT id=2592688 via doris-1: SQLException: errCode = 2, detailMessage = (10.140.0.3)[INTERNAL_ERROR]failed to open DeltaWriter 1789045666408: failed to w
00:56:02 connected to doris-1 (driver-selected host)
00:56:02 #86 FAIL INSERT id=2592689 via doris-1: SQLException: send fragments failed. io.grpc.StatusRuntimeException: UNAVAILABLE: io exception, host: 10.140.0.2
00:56:04 connected to doris-1 (driver-selected host)
00:56:04 #87 FAIL INSERT id=2592690 via doris-1: SQLException: errCode = 2, detailMessage = (10.140.0.3)[INTERNAL_ERROR]failed to open DeltaWriter 1789045666404: failed to w
00:56:05 connected to doris-1 (driver-selected host)
00:56:05 #88 FAIL INSERT id=2592691 via doris-1: SQLException: send fragments failed. io.grpc.StatusRuntimeException: UNAVAILABLE: io exception, host: 10.140.0.2
00:56:06 connected to doris-1 (driver-selected host)
00:56:06 #89 FAIL INSERT id=2592692 via doris-1: SQLException: send fragments failed. io.grpc.StatusRuntimeException: UNAVAILABLE: io exception, host: 10.140.0.2
00:56:07 connected to doris-1 (driver-selected host)
00:56:07 #90 FAIL INSERT id=2592693 via doris-1: SQLException: errCode = 2, detailMessage = (10.140.0.3)[INTERNAL_ERROR]failed to open DeltaWriter 1789045666408: failed to w
00:56:08 connected to doris-1 (driver-selected host)
00:56:08 #91 FAIL INSERT id=2592694 via doris-1: SQLException: send fragments failed. io.grpc.StatusRuntimeException: UNAVAILABLE: io exception, host: 10.140.0.2
00:56:09 connected to doris-1 (driver-selected host)
00:56:09 #92 FAIL INSERT id=2592695 via doris-1: SQLException: send fragments failed. io.grpc.StatusRuntimeException: UNAVAILABLE: io exception, host: 10.140.0.2
00:56:10 connected to doris-1 (driver-selected host)
00:56:10 #93 FAIL INSERT id=2592696 via doris-1: SQLException: errCode = 2, detailMessage = (10.140.0.3)[INTERNAL_ERROR]failed to open DeltaWriter 1789045666404: failed to w
00:56:11 connected to doris-1 (driver-selected host)
00:56:11 #94 FAIL INSERT id=2592697 via doris-1: SQLException: send fragments failed. io.grpc.StatusRuntimeException: UNAVAILABLE: io exception, host: 10.140.0.2
00:56:12 connected to doris-1 (driver-selected host)
00:56:12 #95 FAIL INSERT id=2592698 via doris-1: SQLException: send fragments failed. io.grpc.StatusRuntimeException: UNAVAILABLE: io exception, host: 10.140.0.2
00:56:13 connected to doris-1 (driver-selected host)
00:56:13 #96 FAIL INSERT id=2592699 via doris-1: SQLException: errCode = 2, detailMessage = (10.140.0.3)[INTERNAL_ERROR]failed to open DeltaWriter 1789045666400: failed to w
00:56:14 connected to doris-1 (driver-selected host)
00:56:14 #97 FAIL INSERT id=2592700 via doris-1: SQLException: send fragments failed. io.grpc.StatusRuntimeException: UNAVAILABLE: io exception, host: 10.140.0.2
00:56:15 connected to doris-1 (driver-selected host)
00:56:15 #98 FAIL INSERT id=2592701 via doris-1: SQLException: send fragments failed. io.grpc.StatusRuntimeException: UNAVAILABLE: io exception, host: 10.140.0.2
00:56:16 connected to doris-1 (driver-selected host)
00:56:16 #99 FAIL INSERT id=2592702 via doris-1: SQLException: errCode = 2, detailMessage = (10.140.0.3)[INTERNAL_ERROR]failed to open DeltaWriter 1789045666400: failed to w
00:56:17 connected to doris-1 (driver-selected host)
00:56:17 #100 FAIL INSERT id=2592703 via doris-1: SQLException: send fragments failed. io.grpc.StatusRuntimeException: UNAVAILABLE: io exception, host: 10.140.0.2
00:56:18 connected to doris-1 (driver-selected host)
00:56:18 #101 FAIL INSERT id=2592704 via doris-1: SQLException: send fragments failed. io.grpc.StatusRuntimeException: UNAVAILABLE: io exception, host: 10.140.0.2
00:56:19 connected to doris-1 (driver-selected host)
00:56:19 #102 FAIL INSERT id=2592705 via doris-1: SQLException: errCode = 2, detailMessage = (10.140.0.3)[INTERNAL_ERROR]failed to open DeltaWriter 1789045666400: failed to w
00:56:20 connected to doris-1 (driver-selected host)
00:56:20 #103 FAIL INSERT id=2592706 via doris-1: SQLException: send fragments failed. io.grpc.StatusRuntimeException: UNAVAILABLE: io exception, host: 10.140.0.2
00:56:21 connected to doris-1 (driver-selected host)
00:56:21 #104 FAIL INSERT id=2592707 via doris-1: SQLException: send fragments failed. io.grpc.StatusRuntimeException: UNAVAILABLE: io exception, host: 10.140.0.2
00:56:23 connected to doris-1 (driver-selected host)
00:56:23 #105 FAIL INSERT id=2592708 via doris-1: SQLException: errCode = 2, detailMessage = (10.140.0.3)[INTERNAL_ERROR]failed to open DeltaWriter 1789045666400: failed to w
00:56:24 connected to doris-1 (driver-selected host)
00:56:24 #106 FAIL INSERT id=2592709 via doris-1: SQLException: send fragments failed. io.grpc.StatusRuntimeException: UNAVAILABLE: io exception, host: 10.140.0.2
00:56:25 connected to doris-1 (driver-selected host)
00:56:25 #107 FAIL INSERT id=2592710 via doris-1: SQLException: send fragments failed. io.grpc.StatusRuntimeException: UNAVAILABLE: io exception, host: 10.140.0.2
00:56:26 connected to doris-1 (driver-selected host)
00:56:26 #108 FAIL INSERT id=2592711 via doris-1: SQLException: errCode = 2, detailMessage = (10.140.0.3)[INTERNAL_ERROR]failed to open DeltaWriter 1789045666404: failed to w
00:56:27 connected to doris-1 (driver-selected host)
00:56:27 #109 FAIL INSERT id=2592712 via doris-1: SQLException: send fragments failed. io.grpc.StatusRuntimeException: UNAVAILABLE: io exception, host: 10.140.0.2
00:56:28 connected to doris-1 (driver-selected host)
00:56:28 #110 FAIL INSERT id=2592713 via doris-1: SQLException: send fragments failed. io.grpc.StatusRuntimeException: UNAVAILABLE: io exception, host: 10.140.0.2
00:56:29 connected to doris-1 (driver-selected host)
00:56:29 #111 FAIL INSERT id=2592714 via doris-1: SQLException: errCode = 2, detailMessage = (10.140.0.3)[INTERNAL_ERROR]failed to open DeltaWriter 1789045666408: failed to w
00:56:30 connected to doris-1 (driver-selected host)
00:56:30 #112 FAIL INSERT id=2592715 via doris-1: SQLException: send fragments failed. io.grpc.StatusRuntimeException: UNAVAILABLE: io exception, host: 10.140.0.2
00:56:31 connected to doris-1 (driver-selected host)
00:56:31 #113 FAIL INSERT id=2592716 via doris-1: SQLException: send fragments failed. io.grpc.StatusRuntimeException: UNAVAILABLE: io exception, host: 10.140.0.2
00:56:32 connected to doris-1 (driver-selected host)
00:56:32 #114 FAIL INSERT id=2592717 via doris-1: SQLException: errCode = 2, detailMessage = (10.140.0.3)[INTERNAL_ERROR]failed to open DeltaWriter 1789045666404: failed to w
00:56:33 connected to doris-1 (driver-selected host)
00:56:33 #115 FAIL INSERT id=2592718 via doris-1: SQLException: send fragments failed. io.grpc.StatusRuntimeException: UNAVAILABLE: io exception, host: 10.140.0.2
00:56:34 connected to doris-1 (driver-selected host)
00:56:34 #116 FAIL INSERT id=2592719 via doris-1: SQLException: send fragments failed. io.grpc.StatusRuntimeException: UNAVAILABLE: io exception, host: 10.140.0.2
00:56:35 connected to doris-1 (driver-selected host)
00:56:35 #117 FAIL INSERT id=2592720 via doris-1: SQLException: errCode = 2, detailMessage = errCode = 3, detailMessage = tablet 1789045666396 alive replica num 1 < load requ
00:56:36 connected to doris-1 (driver-selected host)
00:56:36 #118 FAIL INSERT id=2592721 via doris-1: SQLException: errCode = 2, detailMessage = errCode = 3, detailMessage = tablet 1789045666396 alive replica num 1 < load requ
00:56:37 connected to doris-1 (driver-selected host)
00:56:37 #119 FAIL INSERT id=2592722 via doris-1: SQLException: errCode = 2, detailMessage = errCode = 3, detailMessage = tablet 1789045666396 alive replica num 1 < load requ
00:56:38 connected to doris-1 (driver-selected host)
00:56:38 #120 FAIL INSERT id=2592723 via doris-1: SQLException: errCode = 2, detailMessage = errCode = 3, detailMessage = tablet 1789045666396 alive replica num 1 < load requ
00:56:39 connected to doris-1 (driver-selected host)
00:56:39 #121 FAIL INSERT id=2592724 via doris-1: SQLException: errCode = 2, detailMessage = errCode = 3, detailMessage = tablet 1789045666396 alive replica num 1 < load requ
00:56:40 connected to doris-1 (driver-selected host)
00:56:40 #122 FAIL INSERT id=2592725 via doris-1: SQLException: errCode = 2, detailMessage = errCode = 3, detailMessage = tablet 1789045666396 alive replica num 1 < load requ
00:56:41 connected to doris-1 (driver-selected host)
00:56:41 #123 FAIL INSERT id=2592726 via doris-1: SQLException: errCode = 2, detailMessage = errCode = 3, detailMessage = tablet 1789045666396 alive replica num 1 < load requ
00:56:42 connected to doris-1 (driver-selected host)
00:56:42 #124 FAIL INSERT id=2592727 via doris-1: SQLException: errCode = 2, detailMessage = errCode = 3, detailMessage = tablet 1789045666396 alive replica num 1 < load requ
00:56:43 connected to doris-1 (driver-selected host)
00:56:44 #125 FAIL INSERT id=2592728 via doris-1: SQLException: errCode = 2, detailMessage = errCode = 3, detailMessage = tablet 1789045666396 alive replica num 1 < load requ
00:56:45 connected to doris-1 (driver-selected host)
00:56:45 #126 FAIL INSERT id=2592729 via doris-1: SQLException: errCode = 2, detailMessage = errCode = 3, detailMessage = tablet 1789045666396 alive replica num 1 < load requ
00:56:46 connected to doris-1 (driver-selected host)
00:56:46 #127 FAIL INSERT id=2592730 via doris-1: SQLException: errCode = 2, detailMessage = errCode = 3, detailMessage = tablet 1789045666396 alive replica num 1 < load requ
00:56:47 connected to doris-1 (driver-selected host)
00:56:47 #128 FAIL INSERT id=2592731 via doris-1: SQLException: errCode = 2, detailMessage = errCode = 3, detailMessage = tablet 1789045666396 alive replica num 1 < load requ
00:56:48 connected to doris-1 (driver-selected host)
00:56:48 #129 FAIL INSERT id=2592732 via doris-1: SQLException: errCode = 2, detailMessage = errCode = 3, detailMessage = tablet 1789045666396 alive replica num 1 < load requ
00:56:49 connected to doris-1 (driver-selected host)
00:56:49 #130 FAIL INSERT id=2592733 via doris-1: SQLException: errCode = 2, detailMessage = errCode = 3, detailMessage = tablet 1789045666396 alive replica num 1 < load requ
00:56:50 connected to doris-1 (driver-selected host)
00:56:50 #131 FAIL INSERT id=2592734 via doris-1: SQLException: errCode = 2, detailMessage = errCode = 3, detailMessage = tablet 1789045666396 alive replica num 1 < load requ
00:56:51 connected to doris-1 (driver-selected host)
00:56:51 #132 FAIL INSERT id=2592735 via doris-1: SQLException: errCode = 2, detailMessage = errCode = 3, detailMessage = tablet 1789045666396 alive replica num 1 < load requ
00:56:52 connected to doris-1 (driver-selected host)
00:56:52 #133 FAIL INSERT id=2592736 via doris-1: SQLException: errCode = 2, detailMessage = errCode = 3, detailMessage = tablet 1789045666396 alive replica num 1 < load requ
00:56:53 connected to doris-1 (driver-selected host)
00:56:53 #134 FAIL INSERT id=2592737 via doris-1: SQLException: errCode = 2, detailMessage = errCode = 3, detailMessage = tablet 1789045666396 alive replica num 1 < load requ
00:56:54 connected to doris-1 (driver-selected host)
00:56:54 #135 FAIL INSERT id=2592738 via doris-1: SQLException: errCode = 2, detailMessage = errCode = 3, detailMessage = tablet 1789045666396 alive replica num 1 < load requ
00:56:55 connected to doris-1 (driver-selected host)
00:56:55 #136 FAIL INSERT id=2592739 via doris-1: SQLException: errCode = 2, detailMessage = errCode = 3, detailMessage = tablet 1789045666396 alive replica num 1 < load requ
00:56:56 connected to doris-1 (driver-selected host)
00:56:56 #137 FAIL INSERT id=2592740 via doris-1: SQLException: errCode = 2, detailMessage = errCode = 3, detailMessage = tablet 1789045666396 alive replica num 1 < load requ
00:56:57 connected to doris-1 (driver-selected host)
00:56:57 #138 FAIL INSERT id=2592741 via doris-1: SQLException: errCode = 2, detailMessage = errCode = 3, detailMessage = tablet 1789045666396 alive replica num 1 < load requ
00:56:58 connected to doris-1 (driver-selected host)
00:56:58 #139 FAIL INSERT id=2592742 via doris-1: SQLException: errCode = 2, detailMessage = errCode = 3, detailMessage = tablet 1789045666396 alive replica num 1 < load requ
00:56:59 connected to doris-1 (driver-selected host)
00:56:59 #140 FAIL INSERT id=2592743 via doris-1: SQLException: errCode = 2, detailMessage = errCode = 3, detailMessage = tablet 1789045666396 alive replica num 1 < load requ
00:57:00 connected to doris-1 (driver-selected host)
00:57:00 #141 FAIL INSERT id=2592744 via doris-1: SQLException: errCode = 2, detailMessage = errCode = 3, detailMessage = tablet 1789045666396 alive replica num 1 < load requ
00:57:01 connected to doris-1 (driver-selected host)
00:57:01 #142 FAIL INSERT id=2592745 via doris-1: SQLException: errCode = 2, detailMessage = errCode = 3, detailMessage = tablet 1789045666396 alive replica num 1 < load requ
00:57:02 connected to doris-1 (driver-selected host)
00:57:02 #143 FAIL INSERT id=2592746 via doris-1: SQLException: errCode = 2, detailMessage = errCode = 3, detailMessage = tablet 1789045666396 alive replica num 1 < load requ
00:57:03 connected to doris-1 (driver-selected host)
00:57:03 #144 FAIL INSERT id=2592747 via doris-1: SQLException: errCode = 2, detailMessage = errCode = 3, detailMessage = tablet 1789045666396 alive replica num 1 < load requ
00:57:04 connected to doris-1 (driver-selected host)
00:57:04 #145 FAIL INSERT id=2592748 via doris-1: SQLException: errCode = 2, detailMessage = errCode = 3, detailMessage = tablet 1789045666396 alive replica num 1 < load requ
00:57:05 connected to doris-1 (driver-selected host)
00:57:05 #146 FAIL INSERT id=2592749 via doris-1: SQLException: errCode = 2, detailMessage = errCode = 3, detailMessage = tablet 1789045666396 alive replica num 1 < load requ
00:57:06 connected to doris-1 (driver-selected host)
00:57:06 #147 FAIL INSERT id=2592750 via doris-1: SQLException: errCode = 2, detailMessage = errCode = 3, detailMessage = tablet 1789045666396 alive replica num 1 < load requ
00:57:07 connected to doris-1 (driver-selected host)
00:57:07 #148 FAIL INSERT id=2592751 via doris-1: SQLException: errCode = 2, detailMessage = errCode = 3, detailMessage = tablet 1789045666396 alive replica num 1 < load requ
00:57:09 connected to doris-1 (driver-selected host)
00:57:09 #149 FAIL INSERT id=2592752 via doris-1: SQLException: errCode = 2, detailMessage = errCode = 3, detailMessage = tablet 1789045666396 alive replica num 1 < load requ
00:57:10 connected to doris-1 (driver-selected host)
00:57:10 #150 FAIL INSERT id=2592753 via doris-1: SQLException: errCode = 2, detailMessage = errCode = 3, detailMessage = tablet 1789045666396 alive replica num 1 < load requ
00:57:11 connected to doris-1 (driver-selected host)
00:57:11 #151 FAIL INSERT id=2592754 via doris-1: SQLException: errCode = 2, detailMessage = errCode = 3, detailMessage = tablet 1789045666396 alive replica num 1 < load requ
00:57:12 connected to doris-1 (driver-selected host)
00:57:12 #152 FAIL INSERT id=2592755 via doris-1: SQLException: errCode = 2, detailMessage = errCode = 3, detailMessage = tablet 1789045666396 alive replica num 1 < load requ
00:57:13 connected to doris-1 (driver-selected host)
00:57:13 #153 FAIL INSERT id=2592756 via doris-1: SQLException: errCode = 2, detailMessage = errCode = 3, detailMessage = tablet 1789045666396 alive replica num 1 < load requ
00:57:14 connected to doris-1 (driver-selected host)
00:57:14 #154 FAIL INSERT id=2592757 via doris-1: SQLException: errCode = 2, detailMessage = errCode = 3, detailMessage = tablet 1789045666396 alive replica num 1 < load requ
00:57:15 connected to doris-1 (driver-selected host)
00:57:15 #155 FAIL INSERT id=2592758 via doris-1: SQLException: errCode = 2, detailMessage = errCode = 3, detailMessage = tablet 1789045666396 alive replica num 1 < load requ
00:57:16 connected to doris-1 (driver-selected host)
00:57:16 #156 FAIL INSERT id=2592759 via doris-1: SQLException: errCode = 2, detailMessage = errCode = 3, detailMessage = tablet 1789045666396 alive replica num 1 < load requ
00:57:17 connected to doris-1 (driver-selected host)
00:57:17 #157 FAIL INSERT id=2592760 via doris-1: SQLException: errCode = 2, detailMessage = errCode = 3, detailMessage = tablet 1789045666396 alive replica num 1 < load requ
00:57:18 connected to doris-1 (driver-selected host)
00:57:18 #158 FAIL INSERT id=2592761 via doris-1: SQLException: errCode = 2, detailMessage = errCode = 3, detailMessage = tablet 1789045666396 alive replica num 1 < load requ
00:57:19 connected to doris-1 (driver-selected host)
00:57:19 #159 FAIL INSERT id=2592762 via doris-1: SQLException: errCode = 2, detailMessage = errCode = 3, detailMessage = tablet 1789045666396 alive replica num 1 < load requ
00:57:20 connected to doris-1 (driver-selected host)
00:57:20 #160 FAIL INSERT id=2592763 via doris-1: SQLException: errCode = 2, detailMessage = errCode = 3, detailMessage = tablet 1789045666396 alive replica num 1 < load requ
00:57:21 connected to doris-1 (driver-selected host)
00:57:21 #161 FAIL INSERT id=2592764 via doris-1: SQLException: errCode = 2, detailMessage = errCode = 3, detailMessage = tablet 1789045666396 alive replica num 1 < load requ
00:57:22 connected to doris-1 (driver-selected host)
00:57:22 #162 FAIL INSERT id=2592765 via doris-1: SQLException: errCode = 2, detailMessage = errCode = 3, detailMessage = tablet 1789045666396 alive replica num 1 < load requ
00:57:23 connected to doris-1 (driver-selected host)
00:57:23 #163 FAIL INSERT id=2592766 via doris-1: SQLException: errCode = 2, detailMessage = errCode = 3, detailMessage = tablet 1789045666396 alive replica num 1 < load requ
00:57:24 connected to doris-1 (driver-selected host)
00:57:24 #164 FAIL INSERT id=2592767 via doris-1: SQLException: errCode = 2, detailMessage = errCode = 3, detailMessage = tablet 1789045666396 alive replica num 1 < load requ
00:57:25 connected to doris-1 (driver-selected host)
00:57:25 #165 FAIL INSERT id=2592768 via doris-1: SQLException: errCode = 2, detailMessage = errCode = 3, detailMessage = tablet 1789045666396 alive replica num 1 < load requ
00:57:26 connected to doris-1 (driver-selected host)
00:57:26 #166 FAIL INSERT id=2592769 via doris-1: SQLException: errCode = 2, detailMessage = errCode = 3, detailMessage = tablet 1789045666396 alive replica num 1 < load requ
00:57:27 connected to doris-1 (driver-selected host)
00:57:27 #167 FAIL INSERT id=2592770 via doris-1: SQLException: errCode = 2, detailMessage = errCode = 3, detailMessage = tablet 1789045666396 alive replica num 1 < load requ
00:57:28 connected to doris-1 (driver-selected host)
00:57:28 #168 FAIL INSERT id=2592771 via doris-1: SQLException: errCode = 2, detailMessage = errCode = 3, detailMessage = tablet 1789045666396 alive replica num 1 < load requ
00:57:29 connected to doris-1 (driver-selected host)
00:57:29 #169 FAIL INSERT id=2592772 via doris-1: SQLException: errCode = 2, detailMessage = errCode = 3, detailMessage = tablet 1789045666396 alive replica num 1 < load requ
00:57:30 connected to doris-1 (driver-selected host)
00:57:30 #170 FAIL INSERT id=2592773 via doris-1: SQLException: errCode = 2, detailMessage = errCode = 3, detailMessage = tablet 1789045666396 alive replica num 1 < load requ
00:57:31 connected to doris-1 (driver-selected host)
00:57:31 #171 FAIL INSERT id=2592774 via doris-1: SQLException: errCode = 2, detailMessage = errCode = 3, detailMessage = tablet 1789045666396 alive replica num 1 < load requ
00:57:32 connected to doris-1 (driver-selected host)
00:57:32 #172 FAIL INSERT id=2592775 via doris-1: SQLException: errCode = 2, detailMessage = errCode = 3, detailMessage = tablet 1789045666396 alive replica num 1 < load requ
00:57:34 connected to doris-1 (driver-selected host)
00:57:34 #173 FAIL INSERT id=2592776 via doris-1: SQLException: errCode = 2, detailMessage = errCode = 3, detailMessage = tablet 1789045666396 alive replica num 1 < load requ
00:57:35 connected to doris-1 (driver-selected host)
00:57:35 #174 FAIL INSERT id=2592777 via doris-1: SQLException: errCode = 2, detailMessage = errCode = 3, detailMessage = tablet 1789045666396 alive replica num 1 < load requ
00:57:36 connected to doris-1 (driver-selected host)
00:57:36 #175 FAIL INSERT id=2592778 via doris-1: SQLException: errCode = 2, detailMessage = errCode = 3, detailMessage = tablet 1789045666396 alive replica num 1 < load requ
00:57:37 connected to doris-1 (driver-selected host)
00:57:37 #176 FAIL INSERT id=2592779 via doris-1: SQLException: errCode = 2, detailMessage = errCode = 3, detailMessage = tablet 1789045666396 alive replica num 1 < load requ
00:57:38 EVENT restore: systemctl start doris-be on doris-1
00:57:38 connected to doris-1 (driver-selected host)
00:57:38 #177 FAIL INSERT id=2592780 via doris-1: SQLException: errCode = 2, detailMessage = errCode = 3, detailMessage = tablet 1789045666396 alive replica num 1 < load requ
00:57:39 connected to doris-1 (driver-selected host)
00:57:39 #178 FAIL INSERT id=2592781 via doris-1: SQLException: errCode = 2, detailMessage = errCode = 3, detailMessage = tablet 1789045666396 alive replica num 1 < load requ
00:57:40 connected to doris-1 (driver-selected host)
00:57:40 #179 FAIL INSERT id=2592782 via doris-1: SQLException: errCode = 2, detailMessage = errCode = 3, detailMessage = tablet 1789045666396 alive replica num 1 < load requ
00:57:41 connected to doris-1 (driver-selected host)
00:57:41 #180 FAIL INSERT id=2592783 via doris-1: SQLException: errCode = 2, detailMessage = errCode = 3, detailMessage = tablet 1789045666396 alive replica num 1 < load requ
00:57:42 connected to doris-1 (driver-selected host)
00:57:42 EVENT restore: start doris-3
00:57:42 #181 FAIL INSERT id=2592784 via doris-1: SQLException: errCode = 2, detailMessage = errCode = 3, detailMessage = tablet 1789045666396 alive replica num 1 < load requ
00:57:43 connected to doris-1 (driver-selected host)
00:57:43 #182 FAIL INSERT id=2592785 via doris-1: SQLException: errCode = 2, detailMessage = errCode = 3, detailMessage = tablet 1789045666396 alive replica num 1 < load requ
00:57:44 connected to doris-1 (driver-selected host)
00:57:44 #183 FAIL INSERT id=2592786 via doris-1: SQLException: errCode = 2, detailMessage = errCode = 3, detailMessage = tablet 1789045666396 alive replica num 1 < load requ
00:57:45 connected to doris-1 (driver-selected host)
00:57:45 #184 FAIL INSERT id=2592787 via doris-1: SQLException: errCode = 2, detailMessage = errCode = 3, detailMessage = tablet 1789045666396 alive replica num 1 < load requ
00:57:46 connected to doris-1 (driver-selected host)
00:57:46 #185 FAIL INSERT id=2592788 via doris-1: SQLException: errCode = 2, detailMessage = errCode = 3, detailMessage = tablet 1789045666396 alive replica num 1 < load requ
00:57:47 connected to doris-1 (driver-selected host)
00:57:47 #186 FAIL INSERT id=2592789 via doris-1: SQLException: errCode = 2, detailMessage = errCode = 3, detailMessage = tablet 1789045666396 alive replica num 1 < load requ
00:57:48 connected to doris-1 (driver-selected host)
00:57:48 #187 FAIL INSERT id=2592790 via doris-1: SQLException: errCode = 2, detailMessage = errCode = 3, detailMessage = tablet 1789045666396 alive replica num 1 < load requ
00:57:49 connected to doris-1 (driver-selected host)
00:57:49 #188 FAIL INSERT id=2592791 via doris-1: SQLException: errCode = 2, detailMessage = errCode = 3, detailMessage = tablet 1789045666396 alive replica num 1 < load requ
00:57:50 connected to doris-1 (driver-selected host)
00:57:50 #189 FAIL INSERT id=2592792 via doris-1: SQLException: errCode = 2, detailMessage = errCode = 3, detailMessage = tablet 1789045666396 alive replica num 1 < load requ
00:57:51 connected to doris-1 (driver-selected host)
00:57:51 #190 FAIL INSERT id=2592793 via doris-1: SQLException: errCode = 2, detailMessage = errCode = 3, detailMessage = tablet 1789045666396 alive replica num 1 < load requ
00:57:52 connected to doris-1 (driver-selected host)
00:57:52 #191 FAIL INSERT id=2592794 via doris-1: SQLException: errCode = 2, detailMessage = errCode = 3, detailMessage = tablet 1789045666396 alive replica num 1 < load requ
00:57:53 connected to doris-1 (driver-selected host)
00:57:53 #192 FAIL INSERT id=2592795 via doris-1: SQLException: errCode = 2, detailMessage = errCode = 3, detailMessage = tablet 1789045666396 alive replica num 1 < load requ
00:57:54 connected to doris-1 (driver-selected host)
00:57:54 #193 FAIL INSERT id=2592796 via doris-1: SQLException: errCode = 2, detailMessage = errCode = 3, detailMessage = tablet 1789045666396 alive replica num 1 < load requ
00:57:55 connected to doris-1 (driver-selected host)
00:57:55 #194 FAIL INSERT id=2592797 via doris-1: SQLException: errCode = 2, detailMessage = errCode = 3, detailMessage = tablet 1789045666396 alive replica num 1 < load requ
00:57:56 connected to doris-1 (driver-selected host)
00:57:56 #195 FAIL INSERT id=2592798 via doris-1: SQLException: errCode = 2, detailMessage = errCode = 3, detailMessage = tablet 1789045666396 alive replica num 1 < load requ
00:57:57 connected to doris-1 (driver-selected host)
00:57:57 #196 FAIL INSERT id=2592799 via doris-1: SQLException: errCode = 2, detailMessage = errCode = 3, detailMessage = tablet 1789045666396 alive replica num 1 < load requ
00:57:58 connected to doris-1 (driver-selected host)
00:57:58 #197 FAIL INSERT id=2592800 via doris-1: SQLException: errCode = 2, detailMessage = errCode = 3, detailMessage = tablet 1789045666396 alive replica num 1 < load requ
00:58:00 connected to doris-1 (driver-selected host)
00:58:00 #198 FAIL INSERT id=2592801 via doris-1: SQLException: errCode = 2, detailMessage = errCode = 3, detailMessage = tablet 1789045666396 alive replica num 1 < load requ
00:58:01 connected to doris-1 (driver-selected host)
00:58:01 #199 FAIL INSERT id=2592802 via doris-1: SQLException: errCode = 2, detailMessage = errCode = 3, detailMessage = tablet 1789045666396 alive replica num 1 < load requ
00:58:02 connected to doris-1 (driver-selected host)
00:58:02 #200 FAIL INSERT id=2592803 via doris-1: SQLException: errCode = 2, detailMessage = errCode = 3, detailMessage = tablet 1789045666396 alive replica num 1 < load requ
00:58:03 connected to doris-1 (driver-selected host)
00:58:03 #201 FAIL INSERT id=2592804 via doris-1: SQLException: errCode = 2, detailMessage = errCode = 3, detailMessage = tablet 1789045666396 alive replica num 1 < load requ
00:58:04 connected to doris-1 (driver-selected host)
00:58:04 #202 FAIL INSERT id=2592805 via doris-1: SQLException: errCode = 2, detailMessage = errCode = 3, detailMessage = tablet 1789045666396 alive replica num 1 < load requ
00:58:05 connected to doris-1 (driver-selected host)
00:58:05 #203 FAIL INSERT id=2592806 via doris-1: SQLException: errCode = 2, detailMessage = errCode = 3, detailMessage = tablet 1789045666396 alive replica num 1 < load requ
00:58:06 connected to doris-1 (driver-selected host)
00:58:06 #204 OK INSERT id=2592807 via doris-1 rows=10056 [doris-1:f:up doris-2:M:up doris-3:f:DOWN] (recovered)
00:58:07 #205 OK UPSERT id=2592807 via doris-1 rows=10056 [doris-1:f:up doris-2:M:up doris-3:f:DOWN]
00:58:08 #206 OK SELECT id=2592807 via doris-1 rows=10056 [doris-1:f:up doris-2:M:up doris-3:f:DOWN]
00:58:09 #207 OK DELETE id=2592807 via doris-1 rows=10054 [doris-1:f:up doris-2:M:up doris-3:f:DOWN]
00:58:10 #208 OK SELECT id=2592807 via doris-1 rows=10054 [doris-1:f:up doris-2:M:up doris-3:f:DOWN]
00:58:11 #209 OK INSERT id=2592808 via doris-1 rows=10056 [doris-1:f:up doris-2:M:up doris-3:f:DOWN]
00:58:12 #210 OK UPSERT id=2592808 via doris-1 rows=10056 [doris-1:f:up doris-2:M:up doris-3:f:DOWN]
00:58:13 #211 OK SELECT id=2592808 via doris-1 rows=10056 [doris-1:f:up doris-2:M:up doris-3:f:DOWN]
00:58:14 #212 OK DELETE id=2592808 via doris-1 rows=10054 [doris-1:f:up doris-2:M:up doris-3:f:DOWN]
00:58:15 #213 OK SELECT id=2592808 via doris-1 rows=10054 [doris-1:f:up doris-2:M:up doris-3:f:DOWN]
00:58:17 #214 OK INSERT id=2592809 via doris-1 rows=10056 [doris-1:f:up doris-2:M:up doris-3:f:DOWN]
00:58:18 #215 OK UPSERT id=2592809 via doris-1 rows=10056 [doris-1:f:up doris-2:M:up doris-3:f:DOWN]
00:58:19 #216 OK SELECT id=2592809 via doris-1 rows=10056 [doris-1:f:up doris-2:M:up doris-3:f:DOWN]
00:58:20 #217 OK DELETE id=2592809 via doris-1 rows=10054 [doris-1:f:up doris-2:M:up doris-3:f:DOWN]
00:58:21 #218 OK SELECT id=2592809 via doris-1 rows=10054 [doris-1:f:up doris-2:M:up doris-3:f:DOWN]
00:58:22 #219 OK INSERT id=2592810 via doris-1 rows=10056 [doris-1:f:up doris-2:M:up doris-3:f:DOWN]
00:58:23 #220 OK UPSERT id=2592810 via doris-1 rows=10056 [doris-1:f:up doris-2:M:up doris-3:f:DOWN]
00:58:24 #221 OK SELECT id=2592810 via doris-1 rows=10056 [doris-1:f:up doris-2:M:up doris-3:f:DOWN]
00:58:25 #222 OK DELETE id=2592810 via doris-1 rows=10054 [doris-1:f:up doris-2:M:up doris-3:f:up]
00:58:26 #223 OK SELECT id=2592810 via doris-1 rows=10054 [doris-1:f:up doris-2:M:up doris-3:f:up]
00:58:27 #224 OK INSERT id=2592811 via doris-1 rows=10056 [doris-1:f:up doris-2:M:up doris-3:f:up]
00:58:28 #225 OK UPSERT id=2592811 via doris-1 rows=10056 [doris-1:f:up doris-2:M:up doris-3:f:up]
00:58:30 #226 OK SELECT id=2592811 via doris-1 rows=10056 [doris-1:f:up doris-2:M:up doris-3:f:up]
00:58:30 EVENT restore: cluster healthy
00:58:31 #227 OK DELETE id=2592811 via doris-1 rows=10054 [doris-1:f:up doris-2:M:up doris-3:f:up]
00:58:32 #228 OK SELECT id=2592811 via doris-1 rows=10054 [doris-1:f:up doris-2:M:up doris-3:f:up]
00:58:33 #229 OK INSERT id=2592812 via doris-1 rows=10056 [doris-1:f:up doris-2:M:up doris-3:f:up]
00:58:34 #230 OK UPSERT id=2592812 via doris-1 rows=10056 [doris-1:f:up doris-2:M:up doris-3:f:up]
00:58:35 #231 OK SELECT id=2592812 via doris-1 rows=10056 [doris-1:f:up doris-2:M:up doris-3:f:up]
00:58:36 #232 OK DELETE id=2592812 via doris-1 rows=10054 [doris-1:f:up doris-2:M:up doris-3:f:up]
00:58:37 #233 OK SELECT id=2592812 via doris-1 rows=10054 [doris-1:f:up doris-2:M:up doris-3:f:up]
00:58:38 #234 OK INSERT id=2592813 via doris-1 rows=10056 [doris-1:f:up doris-2:M:up doris-3:f:up]
00:58:39 #235 OK UPSERT id=2592813 via doris-1 rows=10056 [doris-1:f:up doris-2:M:up doris-3:f:up]
00:58:40 #236 OK SELECT id=2592813 via doris-1 rows=10056 [doris-1:f:up doris-2:M:up doris-3:f:up]
00:58:41 #237 OK DELETE id=2592813 via doris-1 rows=10054 [doris-1:f:up doris-2:M:up doris-3:f:up]
00:58:42 #238 OK SELECT id=2592813 via doris-1 rows=10054 [doris-1:f:up doris-2:M:up doris-3:f:up]
00:58:43 #239 OK INSERT id=2592814 via doris-1 rows=10056 [doris-1:f:up doris-2:M:up doris-3:f:up]
00:58:45 #240 OK UPSERT id=2592814 via doris-1 rows=10056 [doris-1:f:up doris-2:M:up doris-3:f:up]
00:58:46 #241 OK SELECT id=2592814 via doris-1 rows=10056 [doris-1:f:up doris-2:M:up doris-3:f:up]
00:58:47 #242 OK DELETE id=2592814 via doris-1 rows=10054 [doris-1:f:up doris-2:M:up doris-3:f:up]
00:58:48 #243 OK SELECT id=2592814 via doris-1 rows=10054 [doris-1:f:up doris-2:M:up doris-3:f:up]
00:58:49 #244 OK INSERT id=2592815 via doris-1 rows=10056 [doris-1:f:up doris-2:M:up doris-3:f:up]
00:58:50 #245 OK UPSERT id=2592815 via doris-1 rows=10056 [doris-1:f:up doris-2:M:up doris-3:f:up]
00:58:51 #246 OK SELECT id=2592815 via doris-1 rows=10056 [doris-1:f:up doris-2:M:up doris-3:f:up]
00:58:52 #247 OK DELETE id=2592815 via doris-1 rows=10054 [doris-1:f:up doris-2:M:up doris-3:f:up]
00:58:53 #248 OK SELECT id=2592815 via doris-1 rows=10054 [doris-1:f:up doris-2:M:up doris-3:f:up]
00:58:54 #249 OK INSERT id=2592816 via doris-1 rows=10056 [doris-1:f:up doris-2:M:up doris-3:f:up]
00:58:55 #250 OK UPSERT id=2592816 via doris-1 rows=10056 [doris-1:f:up doris-2:M:up doris-3:f:up]
00:58:56 #251 OK SELECT id=2592816 via doris-1 rows=10056 [doris-1:f:up doris-2:M:up doris-3:f:up]
00:58:57 #252 OK DELETE id=2592816 via doris-1 rows=10054 [doris-1:f:up doris-2:M:up doris-3:f:up]
00:58:58 #253 OK SELECT id=2592816 via doris-1 rows=10054 [doris-1:f:up doris-2:M:up doris-3:f:up]
00:59:00 #254 OK INSERT id=2592817 via doris-1 rows=10056 [doris-1:f:up doris-2:M:up doris-3:f:up]
