00:49:26 PROBE start proto=mysql hosts=doris-1,doris-2,doris-3 duration=86400s cycle=INSERT>UPSERT>SELECT>DELETE>SELECT
00:49:27 connected to doris-1 (10.140.0.2)
00:49:27 #1 OK INSERT id=1589660 via doris-1 rows=10049 [doris-1:f:up doris-2:M:up doris-3:f:up]
00:49:28 #2 OK UPSERT id=1589660 via doris-1 rows=10050 [doris-1:f:up doris-2:M:up doris-3:f:up]
00:49:29 #3 OK SELECT id=1589660 via doris-1 rows=10050 [doris-1:f:up doris-2:M:up doris-3:f:up]
00:49:30 #4 OK DELETE id=1589660 via doris-1 rows=10049 [doris-1:f:up doris-2:M:up doris-3:f:up]
00:49:31 #5 OK SELECT id=1589660 via doris-1 rows=10048 [doris-1:f:up doris-2:M:up doris-3:f:up]
00:49:32 #6 OK INSERT id=1589661 via doris-1 rows=10049 [doris-1:f:up doris-2:M:up doris-3:f:up]
00:49:33 #7 OK UPSERT id=1589661 via doris-1 rows=10050 [doris-1:f:up doris-2:M:up doris-3:f:up]
00:49:34 #8 OK SELECT id=1589661 via doris-1 rows=10050 [doris-1:f:up doris-2:M:up doris-3:f:up]
00:49:35 #9 OK DELETE id=1589661 via doris-1 rows=10049 [doris-1:f:up doris-2:M:up doris-3:f:up]
00:49:36 #10 OK SELECT id=1589661 via doris-1 rows=10048 [doris-1:f:up doris-2:M:up doris-3:f:up]
00:49:37 #11 OK INSERT id=1589662 via doris-1 rows=10049 [doris-1:f:up doris-2:M:up doris-3:f:up]
00:49:38 #12 OK UPSERT id=1589662 via doris-1 rows=10050 [doris-1:f:up doris-2:M:up doris-3:f:up]
00:49:39 #13 OK SELECT id=1589662 via doris-1 rows=10050 [doris-1:f:up doris-2:M:up doris-3:f:up]
00:49:40 #14 OK DELETE id=1589662 via doris-1 rows=10049 [doris-1:f:up doris-2:M:up doris-3:f:up]
00:49:42 #15 OK SELECT id=1589662 via doris-1 rows=10048 [doris-1:f:up doris-2:M:up doris-3:f:up]
00:49:43 #16 OK INSERT id=1589663 via doris-1 rows=10049 [doris-1:f:up doris-2:M:up doris-3:f:up]
00:49:44 #17 OK UPSERT id=1589663 via doris-1 rows=10050 [doris-1:f:up doris-2:M:up doris-3:f:up]
00:49:45 #18 OK SELECT id=1589663 via doris-1 rows=10050 [doris-1:f:up doris-2:M:up doris-3:f:up]
00:49:46 #19 OK DELETE id=1589663 via doris-1 rows=10049 [doris-1:f:up doris-2:M:up doris-3:f:up]
00:49:47 #20 OK SELECT id=1589663 via doris-1 rows=10048 [doris-1:f:up doris-2:M:up doris-3:f:up]
00:49:48 #21 OK INSERT id=1589664 via doris-1 rows=10049 [doris-1:f:up doris-2:M:up doris-3:f:up]
00:49:49 #22 OK UPSERT id=1589664 via doris-1 rows=10050 [doris-1:f:up doris-2:M:up doris-3:f:up]
00:49:50 #23 OK SELECT id=1589664 via doris-1 rows=10050 [doris-1:f:up doris-2:M:up doris-3:f:up]
00:49:51 #24 OK DELETE id=1589664 via doris-1 rows=10049 [doris-1:f:up doris-2:M:up doris-3:f:up]
00:49:52 #25 OK SELECT id=1589664 via doris-1 rows=10048 [doris-1:f:up doris-2:M:up doris-3:f:up]
00:49:53 #26 OK INSERT id=1589665 via doris-1 rows=10049 [doris-1:f:up doris-2:M:up doris-3:f:up]
00:49:54 #27 OK UPSERT id=1589665 via doris-1 rows=10050 [doris-1:f:up doris-2:M:up doris-3:f:up]
00:49:55 #28 OK SELECT id=1589665 via doris-1 rows=10050 [doris-1:f:up doris-2:M:up doris-3:f:up]
00:49:56 #29 OK DELETE id=1589665 via doris-1 rows=10049 [doris-1:f:up doris-2:M:up doris-3:f:up]
00:49:57 #30 OK SELECT id=1589665 via doris-1 rows=10048 [doris-1:f:up doris-2:M:up doris-3:f:up]
00:49:59 #31 OK INSERT id=1589666 via doris-1 rows=10049 [doris-1:f:up doris-2:M:up doris-3:f:up]
00:50:00 #32 OK UPSERT id=1589666 via doris-1 rows=10050 [doris-1:f:up doris-2:M:up doris-3:f:up]
00:50:00 EVENT break: vm stop on doris-2 (FE master)
00:50:01 #33 OK SELECT id=1589666 via doris-1 rows=10050 [doris-1:f:up doris-2:M:up doris-3:f:up]
00:50:02 #34 OK DELETE id=1589666 via doris-1 rows=10049 [doris-1:f:up doris-2:M:up doris-3:f:up]
00:50:03 #35 OK SELECT id=1589666 via doris-1 rows=10048 [doris-1:f:up doris-2:M:up doris-3:f:up]
00:50:08 #36 OK INSERT id=1589667 via doris-1 rows=10049 [doris-1:f:up doris-2:f:DOWN doris-3:M:up]
00:50:09 #37 OK UPSERT id=1589667 via doris-1 rows=10050 [doris-1:f:up doris-2:f:DOWN doris-3:M:up]
00:50:10 #38 OK SELECT id=1589667 via doris-1 rows=10050 [doris-1:f:up doris-2:f:DOWN doris-3:M:up]
00:50:12 #39 OK DELETE id=1589667 via doris-1 rows=10049 [doris-1:f:up doris-2:f:DOWN doris-3:M:up]
00:50:13 #40 OK SELECT id=1589667 via doris-1 rows=10048 [doris-1:f:up doris-2:f:DOWN doris-3:M:up]
00:50:14 #41 OK INSERT id=1589668 via doris-1 rows=10049 [doris-1:f:up doris-2:f:DOWN doris-3:M:up]
00:50:15 #42 OK UPSERT id=1589668 via doris-1 rows=10050 [doris-1:f:up doris-2:f:DOWN doris-3:M:up]
00:50:16 #43 OK SELECT id=1589668 via doris-1 rows=10050 [doris-1:f:up doris-2:f:DOWN doris-3:M:up]
00:50:17 #44 OK DELETE id=1589668 via doris-1 rows=10049 [doris-1:f:up doris-2:f:DOWN doris-3:M:up]
00:50:18 #45 OK SELECT id=1589668 via doris-1 rows=10048 [doris-1:f:up doris-2:f:DOWN doris-3:M:up]
00:50:19 #46 OK INSERT id=1589669 via doris-1 rows=10049 [doris-1:f:up doris-2:f:DOWN doris-3:M:up]
00:50:20 #47 OK UPSERT id=1589669 via doris-1 rows=10050 [doris-1:f:up doris-2:f:DOWN doris-3:M:up]
00:50:21 #48 OK SELECT id=1589669 via doris-1 rows=10050 [doris-1:f:up doris-2:f:DOWN doris-3:M:up]
00:50:22 #49 OK DELETE id=1589669 via doris-1 rows=10049 [doris-1:f:up doris-2:f:DOWN doris-3:M:up]
00:50:24 #50 OK SELECT id=1589669 via doris-1 rows=10048 [doris-1:f:up doris-2:f:DOWN doris-3:M:up]
00:50:25 #51 OK INSERT id=1589670 via doris-1 rows=10049 [doris-1:f:up doris-2:f:DOWN doris-3:M:up]
00:50:25 EVENT break: doris-2 is down
00:50:26 #52 OK UPSERT id=1589670 via doris-1 rows=10050 [doris-1:f:up doris-2:f:DOWN doris-3:M:up]
00:50:27 #53 OK SELECT id=1589670 via doris-1 rows=10050 [doris-1:f:up doris-2:f:DOWN doris-3:M:up]
00:50:28 #54 OK DELETE id=1589670 via doris-1 rows=10049 [doris-1:f:up doris-2:f:DOWN doris-3:M:up]
00:50:29 #55 OK SELECT id=1589670 via doris-1 rows=10048 [doris-1:f:up doris-2:f:DOWN doris-3:M:up]
00:50:30 #56 OK INSERT id=1589671 via doris-1 rows=10049 [doris-1:f:up doris-2:f:DOWN doris-3:M:up]
00:50:31 #57 OK UPSERT id=1589671 via doris-1 rows=10050 [doris-1:f:up doris-2:f:DOWN doris-3:M:up]
00:50:32 #58 OK SELECT id=1589671 via doris-1 rows=10050 [doris-1:f:up doris-2:f:DOWN doris-3:M:up]
00:50:33 #59 OK DELETE id=1589671 via doris-1 rows=10049 [doris-1:f:up doris-2:f:DOWN doris-3:M:up]
00:50:34 #60 OK SELECT id=1589671 via doris-1 rows=10048 [doris-1:f:up doris-2:f:DOWN doris-3:M:up]
00:50:35 #61 OK INSERT id=1589672 via doris-1 rows=10049 [doris-1:f:up doris-2:f:DOWN doris-3:M:up]
00:50:36 #62 OK UPSERT id=1589672 via doris-1 rows=10050 [doris-1:f:up doris-2:f:DOWN doris-3:M:up]
00:50:37 #63 OK SELECT id=1589672 via doris-1 rows=10050 [doris-1:f:up doris-2:f:DOWN doris-3:M:up]
00:50:39 #64 OK DELETE id=1589672 via doris-1 rows=10049 [doris-1:f:up doris-2:f:DOWN doris-3:M:up]
00:50:40 #65 OK SELECT id=1589672 via doris-1 rows=10048 [doris-1:f:up doris-2:f:DOWN doris-3:M:up]
00:50:41 #66 OK INSERT id=1589673 via doris-1 rows=10049 [doris-1:f:up doris-2:f:DOWN doris-3:M:up]
00:50:42 #67 OK UPSERT id=1589673 via doris-1 rows=10050 [doris-1:f:up doris-2:f:DOWN doris-3:M:up]
00:50:43 #68 OK SELECT id=1589673 via doris-1 rows=10050 [doris-1:f:up doris-2:f:DOWN doris-3:M:up]
00:50:44 #69 OK DELETE id=1589673 via doris-1 rows=10049 [doris-1:f:up doris-2:f:DOWN doris-3:M:up]
00:50:45 #70 OK SELECT id=1589673 via doris-1 rows=10048 [doris-1:f:up doris-2:f:DOWN doris-3:M:up]
00:50:46 #71 OK INSERT id=1589674 via doris-1 rows=10049 [doris-1:f:up doris-2:f:DOWN doris-3:M:up]
00:50:47 #72 OK UPSERT id=1589674 via doris-1 rows=10050 [doris-1:f:up doris-2:f:DOWN doris-3:M:up]
00:50:48 #73 OK SELECT id=1589674 via doris-1 rows=10050 [doris-1:f:up doris-2:f:DOWN doris-3:M:up]
00:50:49 #74 OK DELETE id=1589674 via doris-1 rows=10049 [doris-1:f:up doris-2:f:DOWN doris-3:M:up]
00:50:50 #75 OK SELECT id=1589674 via doris-1 rows=10048 [doris-1:f:up doris-2:f:DOWN doris-3:M:up]
00:50:51 #76 OK INSERT id=1589675 via doris-1 rows=10049 [doris-1:f:up doris-2:f:DOWN doris-3:M:up]
00:50:53 #77 OK UPSERT id=1589675 via doris-1 rows=10050 [doris-1:f:up doris-2:f:DOWN doris-3:M:up]
00:50:54 #78 OK SELECT id=1589675 via doris-1 rows=10050 [doris-1:f:up doris-2:f:DOWN doris-3:M:up]
00:50:55 #79 OK DELETE id=1589675 via doris-1 rows=10049 [doris-1:f:up doris-2:f:DOWN doris-3:M:up]
00:50:56 #80 OK SELECT id=1589675 via doris-1 rows=10048 [doris-1:f:up doris-2:f:DOWN doris-3:M:up]
00:50:57 #81 OK INSERT id=1589676 via doris-1 rows=10049 [doris-1:f:up doris-2:f:DOWN doris-3:M:up]
00:50:57 EVENT break: fe dead on doris-1 (FE follower)
00:50:58 #82 OK UPSERT id=1589676 via doris-1 rows=10050 [doris-1:f:up doris-2:f:DOWN doris-3:M:up]
00:50:59 #83 OK SELECT id=1589676 via doris-1 rows=10050 [doris-1:f:up doris-2:f:DOWN doris-3:M:up]
00:51:00 #84 FAIL DELETE id=1589676 via doris-1: OperationalError: (2013, 'Lost connection to MySQL server during query')
00:51:04 connected to doris-3 (10.140.0.4)
00:51:12 #85 FAIL INSERT id=1589677 via doris-3: OperationalError: (2013, 'Lost connection to MySQL server during query (timed out)')
00:51:16 connected to doris-3 (10.140.0.4)
00:51:24 #86 FAIL INSERT id=1589678 via doris-3: OperationalError: (2013, 'Lost connection to MySQL server during query (timed out)')
00:51:28 connected to doris-3 (10.140.0.4)
00:51:36 #87 FAIL INSERT id=1589679 via doris-3: OperationalError: (2013, 'Lost connection to MySQL server during query (timed out)')
00:51:40 connected to doris-3 (10.140.0.4)
00:51:48 #88 FAIL INSERT id=1589680 via doris-3: OperationalError: (2013, 'Lost connection to MySQL server during query (timed out)')
00:51:52 #89 FAIL INSERT id=1589681 via doris-3: OperationalError: (2003, "Can't connect to MySQL server on '10.140.0.4' ([Errno 111] Connection refused)")
00:51:57 #90 FAIL INSERT id=1589682 via doris-3: OperationalError: (2003, "Can't connect to MySQL server on '10.140.0.4' ([Errno 111] Connection refused)")
00:52:01 #91 FAIL INSERT id=1589683 via doris-3: OperationalError: (2003, "Can't connect to MySQL server on '10.140.0.4' ([Errno 111] Connection refused)")
00:52:05 #92 FAIL INSERT id=1589684 via doris-3: OperationalError: (2003, "Can't connect to MySQL server on '10.140.0.4' ([Errno 111] Connection refused)")
00:52:09 #93 FAIL INSERT id=1589685 via doris-3: OperationalError: (2003, "Can't connect to MySQL server on '10.140.0.4' ([Errno 111] Connection refused)")
00:52:13 #94 FAIL INSERT id=1589686 via doris-3: OperationalError: (2003, "Can't connect to MySQL server on '10.140.0.4' ([Errno 111] Connection refused)")
00:52:17 #95 FAIL INSERT id=1589687 via doris-3: OperationalError: (2003, "Can't connect to MySQL server on '10.140.0.4' ([Errno 111] Connection refused)")
00:52:21 #96 FAIL INSERT id=1589688 via doris-3: OperationalError: (2003, "Can't connect to MySQL server on '10.140.0.4' ([Errno 111] Connection refused)")
00:52:25 #97 FAIL INSERT id=1589689 via doris-3: OperationalError: (2003, "Can't connect to MySQL server on '10.140.0.4' ([Errno 111] Connection refused)")
00:52:29 #98 FAIL INSERT id=1589690 via doris-3: OperationalError: (2003, "Can't connect to MySQL server on '10.140.0.4' ([Errno 111] Connection refused)")
00:52:33 #99 FAIL INSERT id=1589691 via doris-3: OperationalError: (2003, "Can't connect to MySQL server on '10.140.0.4' ([Errno 111] Connection refused)")
00:52:37 #100 FAIL INSERT id=1589692 via doris-3: OperationalError: (2003, "Can't connect to MySQL server on '10.140.0.4' ([Errno 111] Connection refused)")
00:52:42 #101 FAIL INSERT id=1589693 via doris-3: OperationalError: (2003, "Can't connect to MySQL server on '10.140.0.4' ([Errno 111] Connection refused)")
00:52:42 EVENT restore: systemctl start doris-fe on doris-1
00:52:46 #102 FAIL INSERT id=1589694 via doris-3: OperationalError: (2003, "Can't connect to MySQL server on '10.140.0.4' ([Errno 111] Connection refused)")
00:52:47 EVENT restore: start doris-2
00:52:50 #103 FAIL INSERT id=1589695 via doris-3: OperationalError: (2003, "Can't connect to MySQL server on '10.140.0.4' ([Errno 111] Connection refused)")
00:52:54 #104 FAIL INSERT id=1589696 via doris-3: OperationalError: (2003, "Can't connect to MySQL server on '10.140.0.4' ([Errno 111] Connection refused)")
00:52:58 #105 FAIL INSERT id=1589697 via doris-3: OperationalError: (2003, "Can't connect to MySQL server on '10.140.0.4' ([Errno 111] Connection refused)")
00:53:02 #106 FAIL INSERT id=1589698 via doris-3: OperationalError: (2003, "Can't connect to MySQL server on '10.140.0.4' ([Errno 111] Connection refused)")
00:53:06 #107 FAIL INSERT id=1589699 via doris-3: OperationalError: (2003, "Can't connect to MySQL server on '10.140.0.4' ([Errno 111] Connection refused)")
00:53:07 #108 FAIL INSERT id=1589700 via doris-3: OperationalError: (2003, "Can't connect to MySQL server on '10.140.0.4' ([Errno 111] Connection refused)")
00:53:08 #109 FAIL INSERT id=1589701 via doris-3: OperationalError: (2003, "Can't connect to MySQL server on '10.140.0.4' ([Errno 111] Connection refused)")
00:53:09 #110 FAIL INSERT id=1589702 via doris-3: OperationalError: (2003, "Can't connect to MySQL server on '10.140.0.4' ([Errno 111] Connection refused)")
00:53:10 #111 FAIL INSERT id=1589703 via doris-3: OperationalError: (2003, "Can't connect to MySQL server on '10.140.0.4' ([Errno 111] Connection refused)")
00:53:11 #112 FAIL INSERT id=1589704 via doris-3: OperationalError: (2003, "Can't connect to MySQL server on '10.140.0.4' ([Errno 111] Connection refused)")
00:53:14 connected to doris-1 (10.140.0.2)
00:53:15 #113 FAIL INSERT id=1589705 via doris-1: OperationalError: (1105, 'errCode = 2, detailMessage = errCode = 3, detailMessage = tablet 1789045666396 alive replica num 0 < l
00:53:16 connected to doris-1 (10.140.0.2)
00:53:16 #114 FAIL INSERT id=1589706 via doris-1: OperationalError: (1105, 'errCode = 2, detailMessage = errCode = 3, detailMessage = tablet 1789045666396 alive replica num 0 < l
00:53:17 connected to doris-1 (10.140.0.2)
00:53:17 #115 FAIL INSERT id=1589707 via doris-1: OperationalError: (1105, 'errCode = 2, detailMessage = errCode = 3, detailMessage = tablet 1789045666396 alive replica num 0 < l
00:53:18 connected to doris-1 (10.140.0.2)
00:53:19 #116 OK INSERT id=1589708 via doris-1 rows=10052 [doris-1:f:up doris-2:f:DOWN doris-3:M:up] (recovered)
00:53:20 #117 OK UPSERT id=1589708 via doris-1 rows=10052 [doris-1:f:up doris-2:f:DOWN doris-3:M:up]
00:53:21 #118 OK SELECT id=1589708 via doris-1 rows=10052 [doris-1:f:up doris-2:f:DOWN doris-3:M:up]
00:53:23 #119 OK DELETE id=1589708 via doris-1 rows=10050 [doris-1:f:up doris-2:f:DOWN doris-3:M:up]
00:53:24 #120 OK SELECT id=1589708 via doris-1 rows=10050 [doris-1:f:up doris-2:f:DOWN doris-3:M:up]
00:53:25 #121 OK INSERT id=1589709 via doris-1 rows=10051 [doris-1:f:up doris-2:f:DOWN doris-3:M:up]
00:53:26 #122 OK UPSERT id=1589709 via doris-1 rows=10052 [doris-1:f:up doris-2:f:DOWN doris-3:M:up]
00:53:27 #123 OK SELECT id=1589709 via doris-1 rows=10052 [doris-1:f:up doris-2:f:DOWN doris-3:M:up]
00:53:28 #124 OK DELETE id=1589709 via doris-1 rows=10050 [doris-1:f:up doris-2:f:up doris-3:M:up]
00:53:29 #125 OK SELECT id=1589709 via doris-1 rows=10050 [doris-1:f:up doris-2:f:up doris-3:M:up]
00:53:31 #126 OK INSERT id=1589710 via doris-1 rows=10052 [doris-1:f:up doris-2:f:up doris-3:M:up]
00:53:32 #127 OK UPSERT id=1589710 via doris-1 rows=10052 [doris-1:f:up doris-2:f:up doris-3:M:up]
00:53:33 #128 OK SELECT id=1589710 via doris-1 rows=10052 [doris-1:f:up doris-2:f:up doris-3:M:up]
00:53:34 #129 OK DELETE id=1589710 via doris-1 rows=10050 [doris-1:f:up doris-2:f:up doris-3:M:up]
00:53:35 #130 OK SELECT id=1589710 via doris-1 rows=10050 [doris-1:f:up doris-2:f:up doris-3:M:up]
00:53:36 #131 OK INSERT id=1589711 via doris-1 rows=10052 [doris-1:f:up doris-2:f:up doris-3:M:up]
00:53:37 #132 OK UPSERT id=1589711 via doris-1 rows=10052 [doris-1:f:up doris-2:f:up doris-3:M:up]
00:53:38 #133 OK SELECT id=1589711 via doris-1 rows=10052 [doris-1:f:up doris-2:f:up doris-3:M:up]
00:53:40 #134 OK DELETE id=1589711 via doris-1 rows=10051 [doris-1:f:up doris-2:f:up doris-3:M:up]
00:53:41 #135 OK SELECT id=1589711 via doris-1 rows=10050 [doris-1:f:up doris-2:f:up doris-3:M:up]
00:53:42 #136 OK INSERT id=1589712 via doris-1 rows=10051 [doris-1:f:up doris-2:f:up doris-3:M:up]
00:53:43 #137 OK UPSERT id=1589712 via doris-1 rows=10052 [doris-1:f:up doris-2:f:up doris-3:M:up]
00:53:44 #138 OK SELECT id=1589712 via doris-1 rows=10052 [doris-1:f:up doris-2:f:up doris-3:M:up]
00:53:45 #139 OK DELETE id=1589712 via doris-1 rows=10051 [doris-1:f:up doris-2:f:up doris-3:M:up]
00:53:46 #140 OK SELECT id=1589712 via doris-1 rows=10050 [doris-1:f:up doris-2:f:up doris-3:M:up]
00:53:47 #141 OK INSERT id=1589713 via doris-1 rows=10051 [doris-1:f:up doris-2:f:up doris-3:M:up]
00:53:49 #142 OK UPSERT id=1589713 via doris-1 rows=10052 [doris-1:f:up doris-2:f:up doris-3:M:up]
00:53:50 #143 OK SELECT id=1589713 via doris-1 rows=10052 [doris-1:f:up doris-2:f:up doris-3:M:up]
00:53:51 #144 OK DELETE id=1589713 via doris-1 rows=10051 [doris-1:f:up doris-2:f:up doris-3:M:up]
00:53:52 #145 OK SELECT id=1589713 via doris-1 rows=10050 [doris-1:f:up doris-2:f:up doris-3:M:up]
00:53:53 EVENT restore: cluster healthy
00:53:53 #146 OK INSERT id=1589714 via doris-1 rows=10051 [doris-1:f:up doris-2:f:up doris-3:M:up]
00:53:54 #147 OK UPSERT id=1589714 via doris-1 rows=10052 [doris-1:f:up doris-2:f:up doris-3:M:up]
00:53:55 #148 OK SELECT id=1589714 via doris-1 rows=10052 [doris-1:f:up doris-2:f:up doris-3:M:up]
00:53:56 #149 OK DELETE id=1589714 via doris-1 rows=10051 [doris-1:f:up doris-2:f:up doris-3:M:up]
00:53:57 #150 OK SELECT id=1589714 via doris-1 rows=10050 [doris-1:f:up doris-2:f:up doris-3:M:up]
00:53:59 #151 OK INSERT id=1589715 via doris-1 rows=10051 [doris-1:f:up doris-2:f:up doris-3:M:up]
00:54:00 #152 OK UPSERT id=1589715 via doris-1 rows=10052 [doris-1:f:up doris-2:f:up doris-3:M:up]
00:54:01 #153 OK SELECT id=1589715 via doris-1 rows=10052 [doris-1:f:up doris-2:f:up doris-3:M:up]
00:54:02 #154 OK DELETE id=1589715 via doris-1 rows=10050 [doris-1:f:up doris-2:f:up doris-3:M:up]
00:54:03 #155 OK SELECT id=1589715 via doris-1 rows=10050 [doris-1:f:up doris-2:f:up doris-3:M:up]
00:54:04 #156 OK INSERT id=1589716 via doris-1 rows=10052 [doris-1:f:up doris-2:f:up doris-3:M:up]
00:54:05 #157 OK UPSERT id=1589716 via doris-1 rows=10052 [doris-1:f:up doris-2:f:up doris-3:M:up]
00:54:06 #158 OK SELECT id=1589716 via doris-1 rows=10052 [doris-1:f:up doris-2:f:up doris-3:M:up]
00:54:07 #159 OK DELETE id=1589716 via doris-1 rows=10050 [doris-1:f:up doris-2:f:up doris-3:M:up]
00:54:09 #160 OK SELECT id=1589716 via doris-1 rows=10050 [doris-1:f:up doris-2:f:up doris-3:M:up]
00:54:10 #161 OK INSERT id=1589717 via doris-1 rows=10052 [doris-1:f:up doris-2:f:up doris-3:M:up]
00:54:11 #162 OK UPSERT id=1589717 via doris-1 rows=10052 [doris-1:f:up doris-2:f:up doris-3:M:up]
00:54:12 #163 OK SELECT id=1589717 via doris-1 rows=10052 [doris-1:f:up doris-2:f:up doris-3:M:up]
00:54:13 #164 OK DELETE id=1589717 via doris-1 rows=10050 [doris-1:f:up doris-2:f:up doris-3:M:up]
00:54:14 #165 OK SELECT id=1589717 via doris-1 rows=10050 [doris-1:f:up doris-2:f:up doris-3:M:up]
00:54:15 #166 OK INSERT id=1589718 via doris-1 rows=10052 [doris-1:f:up doris-2:f:up doris-3:M:up]
00:54:16 #167 OK UPSERT id=1589718 via doris-1 rows=10052 [doris-1:f:up doris-2:f:up doris-3:M:up]
00:54:17 #168 OK SELECT id=1589718 via doris-1 rows=10052 [doris-1:f:up doris-2:f:up doris-3:M:up]
00:54:18 #169 OK DELETE id=1589718 via doris-1 rows=10050 [doris-1:f:up doris-2:f:up doris-3:M:up]
