19:08:49 PROBE start proto=arrow-flight hosts=doris-1,doris-2,doris-3 duration=86400s cycle=INSERT>UPSERT>SELECT>DELETE>SELECT
19:08:50 connected to doris-1 (10.140.0.2)
19:08:50 DML unsupported over arrow-flight (InternalError: RuntimeException, msg: getMysqlChannel not in mysql connection (Internal; ExecuteQuery)) — switching to SELECT-only mode
19:08:50 #1 OK SELECT id=3705290 via doris-1 rows=10248 [doris-1:f:up doris-2:f:up doris-3:M:up]
19:08:51 #2 OK SELECT id=3705290 via doris-1 rows=10248 [doris-1:f:up doris-2:f:up doris-3:M:up]
19:08:53 #3 OK SELECT id=3705290 via doris-1 rows=10247 [doris-1:f:up doris-2:f:up doris-3:M:up]
19:08:54 #4 OK SELECT id=3705290 via doris-1 rows=10246 [doris-1:f:up doris-2:f:up doris-3:M:up]
19:08:55 #5 OK SELECT id=3705290 via doris-1 rows=10247 [doris-1:f:up doris-2:f:up doris-3:M:up]
19:08:56 #6 OK SELECT id=3705290 via doris-1 rows=10248 [doris-1:f:up doris-2:f:up doris-3:M:up]
19:08:57 #7 OK SELECT id=3705290 via doris-1 rows=10248 [doris-1:f:up doris-2:f:up doris-3:M:up]
19:08:58 #8 OK SELECT id=3705290 via doris-1 rows=10247 [doris-1:f:up doris-2:f:up doris-3:M:up]
19:08:59 #9 OK SELECT id=3705290 via doris-1 rows=10246 [doris-1:f:up doris-2:f:up doris-3:M:up]
19:09:00 #10 OK SELECT id=3705290 via doris-1 rows=10247 [doris-1:f:up doris-2:f:up doris-3:M:up]
19:09:01 #11 OK SELECT id=3705290 via doris-1 rows=10248 [doris-1:f:up doris-2:f:up doris-3:M:up]
19:09:03 #12 OK SELECT id=3705290 via doris-1 rows=10248 [doris-1:f:up doris-2:f:up doris-3:M:up]
19:09:04 #13 OK SELECT id=3705290 via doris-1 rows=10247 [doris-1:f:up doris-2:f:up doris-3:M:up]
19:09:05 #14 OK SELECT id=3705290 via doris-1 rows=10246 [doris-1:f:up doris-2:f:up doris-3:M:up]
19:09:06 #15 OK SELECT id=3705290 via doris-1 rows=10247 [doris-1:f:up doris-2:f:up doris-3:M:up]
19:09:07 #16 OK SELECT id=3705290 via doris-1 rows=10248 [doris-1:f:up doris-2:f:up doris-3:M:up]
19:09:08 #17 OK SELECT id=3705290 via doris-1 rows=10248 [doris-1:f:up doris-2:f:up doris-3:M:up]
19:09:09 #18 OK SELECT id=3705290 via doris-1 rows=10247 [doris-1:f:up doris-2:f:up doris-3:M:up]
19:09:10 #19 OK SELECT id=3705290 via doris-1 rows=10246 [doris-1:f:up doris-2:f:up doris-3:M:up]
19:09:11 #20 OK SELECT id=3705290 via doris-1 rows=10247 [doris-1:f:up doris-2:f:up doris-3:M:up]
19:09:13 #21 OK SELECT id=3705290 via doris-1 rows=10248 [doris-1:f:up doris-2:f:up doris-3:M:up]
19:09:14 #22 OK SELECT id=3705290 via doris-1 rows=10248 [doris-1:f:up doris-2:f:up doris-3:M:up]
19:09:15 #23 OK SELECT id=3705290 via doris-1 rows=10247 [doris-1:f:up doris-2:f:up doris-3:M:up]
19:09:16 #24 OK SELECT id=3705290 via doris-1 rows=10246 [doris-1:f:up doris-2:f:up doris-3:M:up]
19:09:17 #25 OK SELECT id=3705290 via doris-1 rows=10247 [doris-1:f:up doris-2:f:up doris-3:M:up]
19:09:18 #26 OK SELECT id=3705290 via doris-1 rows=10248 [doris-1:f:up doris-2:f:up doris-3:M:up]
19:09:19 #27 OK SELECT id=3705290 via doris-1 rows=10248 [doris-1:f:up doris-2:f:up doris-3:M:up]
19:09:20 #28 OK SELECT id=3705290 via doris-1 rows=10247 [doris-1:f:up doris-2:f:up doris-3:M:up]
19:09:21 #29 OK SELECT id=3705290 via doris-1 rows=10246 [doris-1:f:up doris-2:f:up doris-3:M:up]
19:09:22 #30 OK SELECT id=3705290 via doris-1 rows=10247 [doris-1:f:up doris-2:f:up doris-3:M:up]
19:09:23 EVENT break: vm stop on doris-3 (FE master)
19:09:23 #31 OK SELECT id=3705290 via doris-1 rows=10248 [doris-1:f:up doris-2:f:up doris-3:M:up]
19:09:25 #32 OK SELECT id=3705290 via doris-1 rows=10248 [doris-1:f:up doris-2:f:up doris-3:M:up]
19:09:26 #33 OK SELECT id=3705290 via doris-1 rows=10247 [?]
19:09:27 #34 FAIL SELECT id=3705290 via doris-1: InternalError: INTERNAL: [FlightSQL] get flight info statement failed, after executeQueryStatement handleQuery, java.lang.Run
19:09:28 connected to doris-1 (10.140.0.2)
19:09:28 #35 FAIL SELECT id=3705290 via doris-1: InternalError: INTERNAL: [FlightSQL] get flight info statement failed, after executeQueryStatement handleQuery, java.lang.Run
19:09:29 connected to doris-1 (10.140.0.2)
19:09:37 #36 FAIL SELECT id=3705290 via doris-1: OperationalError: TIMEOUT: [FlightSQL] stream terminated by RST_STREAM with error code: CANCEL (DeadlineExceeded; ExecuteQuery).
19:09:38 connected to doris-1 (10.140.0.2)
19:09:46 #37 FAIL SELECT id=3705290 via doris-1: OperationalError: TIMEOUT: [FlightSQL] stream terminated by RST_STREAM with error code: CANCEL (DeadlineExceeded; ExecuteQuery).
19:09:47 connected to doris-1 (10.140.0.2)
19:09:52 EVENT break: doris-3 is down
19:09:55 #38 FAIL SELECT id=3705290 via doris-1: OperationalError: TIMEOUT: [FlightSQL] context deadline exceeded (DeadlineExceeded; ExecuteQuery). Vendor code: 4
19:09:56 connected to doris-1 (10.140.0.2)
19:09:56 #39 OK SELECT id=3705290 via doris-1 rows=10248 [doris-1:f:up doris-2:M:up doris-3:f:DOWN] (recovered)
19:09:57 #40 OK SELECT id=3705290 via doris-1 rows=10248 [doris-1:f:up doris-2:M:up doris-3:f:DOWN]
19:09:58 #41 OK SELECT id=3705290 via doris-1 rows=10248 [doris-1:f:up doris-2:M:up doris-3:f:DOWN]
19:09:59 #42 OK SELECT id=3705290 via doris-1 rows=10247 [doris-1:f:up doris-2:M:up doris-3:f:DOWN]
19:10:01 #43 OK SELECT id=3705290 via doris-1 rows=10248 [doris-1:f:up doris-2:M:up doris-3:f:DOWN]
19:10:02 #44 OK SELECT id=3705290 via doris-1 rows=10249 [doris-1:f:up doris-2:M:up doris-3:f:DOWN]
19:10:03 #45 OK SELECT id=3705290 via doris-1 rows=10249 [doris-1:f:up doris-2:M:up doris-3:f:DOWN]
19:10:04 #46 OK SELECT id=3705290 via doris-1 rows=10248 [doris-1:f:up doris-2:M:up doris-3:f:DOWN]
19:10:05 #47 OK SELECT id=3705290 via doris-1 rows=10247 [doris-1:f:up doris-2:M:up doris-3:f:DOWN]
19:10:06 #48 OK SELECT id=3705290 via doris-1 rows=10248 [doris-1:f:up doris-2:M:up doris-3:f:DOWN]
19:10:07 #49 OK SELECT id=3705290 via doris-1 rows=10249 [doris-1:f:up doris-2:M:up doris-3:f:DOWN]
19:10:08 #50 OK SELECT id=3705290 via doris-1 rows=10249 [doris-1:f:up doris-2:M:up doris-3:f:DOWN]
19:10:09 #51 OK SELECT id=3705290 via doris-1 rows=10248 [doris-1:f:up doris-2:M:up doris-3:f:DOWN]
19:10:10 #52 OK SELECT id=3705290 via doris-1 rows=10247 [doris-1:f:up doris-2:M:up doris-3:f:DOWN]
19:10:11 #53 OK SELECT id=3705290 via doris-1 rows=10248 [doris-1:f:up doris-2:M:up doris-3:f:DOWN]
19:10:12 #54 OK SELECT id=3705290 via doris-1 rows=10249 [doris-1:f:up doris-2:M:up doris-3:f:DOWN]
19:10:14 #55 OK SELECT id=3705290 via doris-1 rows=10249 [doris-1:f:up doris-2:M:up doris-3:f:DOWN]
19:10:15 #56 OK SELECT id=3705290 via doris-1 rows=10248 [doris-1:f:up doris-2:M:up doris-3:f:DOWN]
19:10:16 #57 OK SELECT id=3705290 via doris-1 rows=10247 [doris-1:f:up doris-2:M:up doris-3:f:DOWN]
19:10:17 #58 OK SELECT id=3705290 via doris-1 rows=10248 [doris-1:f:up doris-2:M:up doris-3:f:DOWN]
19:10:18 #59 OK SELECT id=3705290 via doris-1 rows=10249 [doris-1:f:up doris-2:M:up doris-3:f:DOWN]
19:10:19 #60 OK SELECT id=3705290 via doris-1 rows=10249 [doris-1:f:up doris-2:M:up doris-3:f:DOWN]
19:10:20 #61 OK SELECT id=3705290 via doris-1 rows=10248 [doris-1:f:up doris-2:M:up doris-3:f:DOWN]
19:10:21 #62 OK SELECT id=3705290 via doris-1 rows=10247 [doris-1:f:up doris-2:M:up doris-3:f:DOWN]
19:10:22 #63 OK SELECT id=3705290 via doris-1 rows=10248 [doris-1:f:up doris-2:M:up doris-3:f:DOWN]
19:10:23 #64 OK SELECT id=3705290 via doris-1 rows=10249 [doris-1:f:up doris-2:M:up doris-3:f:DOWN]
19:10:24 #65 OK SELECT id=3705290 via doris-1 rows=10249 [doris-1:f:up doris-2:M:up doris-3:f:DOWN]
19:10:25 #66 OK SELECT id=3705290 via doris-1 rows=10249 [doris-1:f:up doris-2:M:up doris-3:f:DOWN]
19:10:27 #67 OK SELECT id=3705290 via doris-1 rows=10247 [doris-1:f:up doris-2:M:up doris-3:f:DOWN]
19:10:28 #68 OK SELECT id=3705290 via doris-1 rows=10247 [doris-1:f:up doris-2:M:up doris-3:f:DOWN]
19:10:29 #69 OK SELECT id=3705290 via doris-1 rows=10249 [doris-1:f:up doris-2:M:up doris-3:f:DOWN]
19:10:30 #70 OK SELECT id=3705290 via doris-1 rows=10249 [doris-1:f:up doris-2:M:up doris-3:f:DOWN]
19:10:31 #71 OK SELECT id=3705290 via doris-1 rows=10249 [doris-1:f:up doris-2:M:up doris-3:f:DOWN]
19:10:32 #72 OK SELECT id=3705290 via doris-1 rows=10247 [doris-1:f:up doris-2:M:up doris-3:f:DOWN]
19:10:33 #73 OK SELECT id=3705290 via doris-1 rows=10247 [doris-1:f:up doris-2:M:up doris-3:f:DOWN]
19:10:34 #74 OK SELECT id=3705290 via doris-1 rows=10249 [doris-1:f:up doris-2:M:up doris-3:f:DOWN]
19:10:35 #75 OK SELECT id=3705290 via doris-1 rows=10249 [doris-1:f:up doris-2:M:up doris-3:f:DOWN]
19:10:36 #76 OK SELECT id=3705290 via doris-1 rows=10249 [doris-1:f:up doris-2:M:up doris-3:f:DOWN]
19:10:37 #77 OK SELECT id=3705290 via doris-1 rows=10247 [doris-1:f:up doris-2:M:up doris-3:f:DOWN]
19:10:39 #78 OK SELECT id=3705290 via doris-1 rows=10247 [doris-1:f:up doris-2:M:up doris-3:f:DOWN]
19:10:40 #79 OK SELECT id=3705290 via doris-1 rows=10249 [doris-1:f:up doris-2:M:up doris-3:f:DOWN]
19:10:41 #80 OK SELECT id=3705290 via doris-1 rows=10249 [doris-1:f:up doris-2:M:up doris-3:f:DOWN]
19:10:42 #81 OK SELECT id=3705290 via doris-1 rows=10249 [doris-1:f:up doris-2:M:up doris-3:f:DOWN]
19:10:43 #82 OK SELECT id=3705290 via doris-1 rows=10247 [doris-1:f:up doris-2:M:up doris-3:f:DOWN]
19:10:44 #83 OK SELECT id=3705290 via doris-1 rows=10247 [doris-1:f:up doris-2:M:up doris-3:f:DOWN]
19:10:45 #84 OK SELECT id=3705290 via doris-1 rows=10249 [doris-1:f:up doris-2:M:up doris-3:f:DOWN]
19:10:46 #85 OK SELECT id=3705290 via doris-1 rows=10249 [doris-1:f:up doris-2:M:up doris-3:f:DOWN]
19:10:47 #86 OK SELECT id=3705290 via doris-1 rows=10249 [doris-1:f:up doris-2:M:up doris-3:f:DOWN]
19:10:48 #87 OK SELECT id=3705290 via doris-1 rows=10247 [doris-1:f:up doris-2:M:up doris-3:f:DOWN]
19:10:49 #88 OK SELECT id=3705290 via doris-1 rows=10247 [doris-1:f:up doris-2:M:up doris-3:f:DOWN]
19:10:50 #89 OK SELECT id=3705290 via doris-1 rows=10249 [doris-1:f:up doris-2:M:up doris-3:f:DOWN]
19:10:51 #90 OK SELECT id=3705290 via doris-1 rows=10249 [doris-1:f:up doris-2:M:up doris-3:f:DOWN]
19:10:52 #91 OK SELECT id=3705290 via doris-1 rows=10249 [doris-1:f:up doris-2:M:up doris-3:f:DOWN]
19:10:54 #92 OK SELECT id=3705290 via doris-1 rows=10247 [doris-1:f:up doris-2:M:up doris-3:f:DOWN]
19:10:55 #93 OK SELECT id=3705290 via doris-1 rows=10247 [doris-1:f:up doris-2:M:up doris-3:f:DOWN]
19:10:56 #94 OK SELECT id=3705290 via doris-1 rows=10249 [doris-1:f:up doris-2:M:up doris-3:f:DOWN]
19:10:57 #95 OK SELECT id=3705290 via doris-1 rows=10249 [doris-1:f:up doris-2:M:up doris-3:f:DOWN]
19:10:58 #96 OK SELECT id=3705290 via doris-1 rows=10249 [doris-1:f:up doris-2:M:up doris-3:f:DOWN]
19:10:59 #97 OK SELECT id=3705290 via doris-1 rows=10247 [doris-1:f:up doris-2:M:up doris-3:f:DOWN]
19:11:00 #98 OK SELECT id=3705290 via doris-1 rows=10247 [doris-1:f:up doris-2:M:up doris-3:f:DOWN]
19:11:01 #99 OK SELECT id=3705290 via doris-1 rows=10249 [doris-1:f:up doris-2:M:up doris-3:f:DOWN]
19:11:02 #100 OK SELECT id=3705290 via doris-1 rows=10249 [doris-1:f:up doris-2:M:up doris-3:f:DOWN]
19:11:03 #101 OK SELECT id=3705290 via doris-1 rows=10249 [doris-1:f:up doris-2:M:up doris-3:f:DOWN]
19:11:04 #102 OK SELECT id=3705290 via doris-1 rows=10247 [doris-1:f:up doris-2:M:up doris-3:f:DOWN]
19:11:05 #103 OK SELECT id=3705290 via doris-1 rows=10247 [doris-1:f:up doris-2:M:up doris-3:f:DOWN]
19:11:06 #104 OK SELECT id=3705290 via doris-1 rows=10249 [doris-1:f:up doris-2:M:up doris-3:f:DOWN]
19:11:07 #105 OK SELECT id=3705290 via doris-1 rows=10249 [doris-1:f:up doris-2:M:up doris-3:f:DOWN]
19:11:09 #106 OK SELECT id=3705290 via doris-1 rows=10249 [doris-1:f:up doris-2:M:up doris-3:f:DOWN]
19:11:10 #107 OK SELECT id=3705290 via doris-1 rows=10247 [doris-1:f:up doris-2:M:up doris-3:f:DOWN]
19:11:11 #108 OK SELECT id=3705290 via doris-1 rows=10247 [doris-1:f:up doris-2:M:up doris-3:f:DOWN]
19:11:12 #109 OK SELECT id=3705290 via doris-1 rows=10249 [doris-1:f:up doris-2:M:up doris-3:f:DOWN]
19:11:13 #110 OK SELECT id=3705290 via doris-1 rows=10249 [doris-1:f:up doris-2:M:up doris-3:f:DOWN]
19:11:14 #111 OK SELECT id=3705290 via doris-1 rows=10249 [doris-1:f:up doris-2:M:up doris-3:f:DOWN]
19:11:15 #112 OK SELECT id=3705290 via doris-1 rows=10247 [doris-1:f:up doris-2:M:up doris-3:f:DOWN]
19:11:16 #113 OK SELECT id=3705290 via doris-1 rows=10247 [doris-1:f:up doris-2:M:up doris-3:f:DOWN]
19:11:17 #114 OK SELECT id=3705290 via doris-1 rows=10249 [doris-1:f:up doris-2:M:up doris-3:f:DOWN]
19:11:18 #115 OK SELECT id=3705290 via doris-1 rows=10249 [doris-1:f:up doris-2:M:up doris-3:f:DOWN]
19:11:19 #116 OK SELECT id=3705290 via doris-1 rows=10249 [doris-1:f:up doris-2:M:up doris-3:f:DOWN]
19:11:20 #117 OK SELECT id=3705290 via doris-1 rows=10247 [doris-1:f:up doris-2:M:up doris-3:f:DOWN]
19:11:21 #118 OK SELECT id=3705290 via doris-1 rows=10247 [doris-1:f:up doris-2:M:up doris-3:f:DOWN]
19:11:22 #119 OK SELECT id=3705290 via doris-1 rows=10249 [doris-1:f:up doris-2:M:up doris-3:f:DOWN]
19:11:24 #120 OK SELECT id=3705290 via doris-1 rows=10249 [doris-1:f:up doris-2:M:up doris-3:f:DOWN]
19:11:25 #121 OK SELECT id=3705290 via doris-1 rows=10249 [doris-1:f:up doris-2:M:up doris-3:f:DOWN]
19:11:26 #122 OK SELECT id=3705290 via doris-1 rows=10247 [doris-1:f:up doris-2:M:up doris-3:f:DOWN]
19:11:27 #123 OK SELECT id=3705290 via doris-1 rows=10247 [doris-1:f:up doris-2:M:up doris-3:f:DOWN]
19:11:28 #124 OK SELECT id=3705290 via doris-1 rows=10249 [doris-1:f:up doris-2:M:up doris-3:f:DOWN]
19:11:29 #125 OK SELECT id=3705290 via doris-1 rows=10249 [doris-1:f:up doris-2:M:up doris-3:f:DOWN]
19:11:30 #126 OK SELECT id=3705290 via doris-1 rows=10249 [doris-1:f:up doris-2:M:up doris-3:f:DOWN]
19:11:31 #127 OK SELECT id=3705290 via doris-1 rows=10247 [doris-1:f:up doris-2:M:up doris-3:f:DOWN]
19:11:32 EVENT restore: start doris-3
19:11:32 #128 OK SELECT id=3705290 via doris-1 rows=10247 [doris-1:f:up doris-2:M:up doris-3:f:DOWN]
19:11:33 #129 OK SELECT id=3705290 via doris-1 rows=10249 [doris-1:f:up doris-2:M:up doris-3:f:DOWN]
19:11:34 #130 OK SELECT id=3705290 via doris-1 rows=10249 [doris-1:f:up doris-2:M:up doris-3:f:DOWN]
19:11:35 #131 OK SELECT id=3705290 via doris-1 rows=10249 [doris-1:f:up doris-2:M:up doris-3:f:DOWN]
19:11:36 #132 OK SELECT id=3705290 via doris-1 rows=10247 [doris-1:f:up doris-2:M:up doris-3:f:DOWN]
19:11:37 #133 OK SELECT id=3705290 via doris-1 rows=10247 [doris-1:f:up doris-2:M:up doris-3:f:DOWN]
19:11:39 #134 OK SELECT id=3705290 via doris-1 rows=10249 [doris-1:f:up doris-2:M:up doris-3:f:DOWN]
19:11:40 #135 OK SELECT id=3705290 via doris-1 rows=10249 [doris-1:f:up doris-2:M:up doris-3:f:DOWN]
19:11:41 #136 OK SELECT id=3705290 via doris-1 rows=10249 [doris-1:f:up doris-2:M:up doris-3:f:DOWN]
19:11:42 #137 OK SELECT id=3705290 via doris-1 rows=10247 [doris-1:f:up doris-2:M:up doris-3:f:DOWN]
19:11:43 #138 OK SELECT id=3705290 via doris-1 rows=10247 [doris-1:f:up doris-2:M:up doris-3:f:DOWN]
19:11:44 #139 OK SELECT id=3705290 via doris-1 rows=10249 [doris-1:f:up doris-2:M:up doris-3:f:DOWN]
19:11:45 #140 OK SELECT id=3705290 via doris-1 rows=10249 [doris-1:f:up doris-2:M:up doris-3:f:DOWN]
19:11:46 #141 OK SELECT id=3705290 via doris-1 rows=10249 [doris-1:f:up doris-2:M:up doris-3:f:DOWN]
19:11:47 #142 OK SELECT id=3705290 via doris-1 rows=10247 [doris-1:f:up doris-2:M:up doris-3:f:DOWN]
19:11:48 #143 OK SELECT id=3705290 via doris-1 rows=10247 [doris-1:f:up doris-2:M:up doris-3:f:DOWN]
19:11:49 #144 OK SELECT id=3705290 via doris-1 rows=10249 [doris-1:f:up doris-2:M:up doris-3:f:DOWN]
19:11:50 #145 OK SELECT id=3705290 via doris-1 rows=10249 [doris-1:f:up doris-2:M:up doris-3:f:DOWN]
19:11:51 #146 OK SELECT id=3705290 via doris-1 rows=10249 [doris-1:f:up doris-2:M:up doris-3:f:DOWN]
19:11:52 #147 OK SELECT id=3705290 via doris-1 rows=10247 [doris-1:f:up doris-2:M:up doris-3:f:DOWN]
19:11:53 #148 OK SELECT id=3705290 via doris-1 rows=10247 [doris-1:f:up doris-2:M:up doris-3:f:DOWN]
19:11:55 #149 OK SELECT id=3705290 via doris-1 rows=10249 [doris-1:f:up doris-2:M:up doris-3:f:DOWN]
19:11:56 #150 OK SELECT id=3705290 via doris-1 rows=10249 [doris-1:f:up doris-2:M:up doris-3:f:DOWN]
19:11:57 #151 OK SELECT id=3705290 via doris-1 rows=10249 [doris-1:f:up doris-2:M:up doris-3:f:DOWN]
19:11:58 #152 OK SELECT id=3705290 via doris-1 rows=10247 [doris-1:f:up doris-2:M:up doris-3:f:DOWN]
19:11:59 #153 OK SELECT id=3705290 via doris-1 rows=10247 [doris-1:f:up doris-2:M:up doris-3:f:up]
19:12:00 #154 OK SELECT id=3705290 via doris-1 rows=10249 [doris-1:f:up doris-2:M:up doris-3:f:up]
19:12:01 #155 OK SELECT id=3705290 via doris-1 rows=10249 [doris-1:f:up doris-2:M:up doris-3:f:up]
19:12:02 #156 OK SELECT id=3705290 via doris-1 rows=10249 [doris-1:f:up doris-2:M:up doris-3:f:up]
19:12:03 #157 OK SELECT id=3705290 via doris-1 rows=10247 [doris-1:f:up doris-2:M:up doris-3:f:up]
19:12:04 #158 OK SELECT id=3705290 via doris-1 rows=10247 [doris-1:f:up doris-2:M:up doris-3:f:up]
19:12:05 #159 OK SELECT id=3705290 via doris-1 rows=10249 [doris-1:f:up doris-2:M:up doris-3:f:up]
19:12:06 #160 OK SELECT id=3705290 via doris-1 rows=10249 [doris-1:f:up doris-2:M:up doris-3:f:up]
19:12:07 #161 OK SELECT id=3705290 via doris-1 rows=10249 [doris-1:f:up doris-2:M:up doris-3:f:up]
19:12:08 #162 OK SELECT id=3705290 via doris-1 rows=10247 [doris-1:f:up doris-2:M:up doris-3:f:up]
19:12:09 #163 OK SELECT id=3705290 via doris-1 rows=10247 [doris-1:f:up doris-2:M:up doris-3:f:up]
19:12:11 #164 OK SELECT id=3705290 via doris-1 rows=10249 [doris-1:f:up doris-2:M:up doris-3:f:up]
19:12:12 #165 OK SELECT id=3705290 via doris-1 rows=10249 [doris-1:f:up doris-2:M:up doris-3:f:up]
19:12:13 #166 OK SELECT id=3705290 via doris-1 rows=10249 [doris-1:f:up doris-2:M:up doris-3:f:up]
19:12:14 #167 OK SELECT id=3705290 via doris-1 rows=10248 [doris-1:f:up doris-2:M:up doris-3:f:up]
19:12:15 #168 OK SELECT id=3705290 via doris-1 rows=10247 [doris-1:f:up doris-2:M:up doris-3:f:up]
19:12:16 #169 OK SELECT id=3705290 via doris-1 rows=10247 [doris-1:f:up doris-2:M:up doris-3:f:up]
19:12:17 #170 OK SELECT id=3705290 via doris-1 rows=10249 [doris-1:f:up doris-2:M:up doris-3:f:up]
19:12:18 #171 OK SELECT id=3705290 via doris-1 rows=10249 [doris-1:f:up doris-2:M:up doris-3:f:up]
19:12:19 EVENT restore: cluster healthy
19:12:19 #172 OK SELECT id=3705290 via doris-1 rows=10249 [doris-1:f:up doris-2:M:up doris-3:f:up]
19:12:20 #173 OK SELECT id=3705290 via doris-1 rows=10247 [doris-1:f:up doris-2:M:up doris-3:f:up]
19:12:21 #174 OK SELECT id=3705290 via doris-1 rows=10247 [doris-1:f:up doris-2:M:up doris-3:f:up]
19:12:22 #175 OK SELECT id=3705290 via doris-1 rows=10249 [doris-1:f:up doris-2:M:up doris-3:f:up]
19:12:23 #176 OK SELECT id=3705290 via doris-1 rows=10249 [doris-1:f:up doris-2:M:up doris-3:f:up]
19:12:25 #177 OK SELECT id=3705290 via doris-1 rows=10249 [doris-1:f:up doris-2:M:up doris-3:f:up]
19:12:26 #178 OK SELECT id=3705290 via doris-1 rows=10247 [doris-1:f:up doris-2:M:up doris-3:f:up]
19:12:27 #179 OK SELECT id=3705290 via doris-1 rows=10247 [doris-1:f:up doris-2:M:up doris-3:f:up]
19:12:28 #180 OK SELECT id=3705290 via doris-1 rows=10249 [doris-1:f:up doris-2:M:up doris-3:f:up]
19:12:29 #181 OK SELECT id=3705290 via doris-1 rows=10249 [doris-1:f:up doris-2:M:up doris-3:f:up]
19:12:30 #182 OK SELECT id=3705290 via doris-1 rows=10249 [doris-1:f:up doris-2:M:up doris-3:f:up]
19:12:31 #183 OK SELECT id=3705290 via doris-1 rows=10247 [doris-1:f:up doris-2:M:up doris-3:f:up]
19:12:32 #184 OK SELECT id=3705290 via doris-1 rows=10247 [doris-1:f:up doris-2:M:up doris-3:f:up]
19:12:33 #185 OK SELECT id=3705290 via doris-1 rows=10249 [doris-1:f:up doris-2:M:up doris-3:f:up]
19:12:34 #186 OK SELECT id=3705290 via doris-1 rows=10249 [doris-1:f:up doris-2:M:up doris-3:f:up]
19:12:35 #187 OK SELECT id=3705290 via doris-1 rows=10249 [doris-1:f:up doris-2:M:up doris-3:f:up]
19:12:36 #188 OK SELECT id=3705290 via doris-1 rows=10247 [doris-1:f:up doris-2:M:up doris-3:f:up]
19:12:37 #189 OK SELECT id=3705290 via doris-1 rows=10247 [doris-1:f:up doris-2:M:up doris-3:f:up]
19:12:38 #190 OK SELECT id=3705290 via doris-1 rows=10249 [doris-1:f:up doris-2:M:up doris-3:f:up]
19:12:39 #191 OK SELECT id=3705290 via doris-1 rows=10249 [doris-1:f:up doris-2:M:up doris-3:f:up]
19:12:40 #192 OK SELECT id=3705290 via doris-1 rows=10249 [doris-1:f:up doris-2:M:up doris-3:f:up]
19:12:42 #193 OK SELECT id=3705290 via doris-1 rows=10247 [doris-1:f:up doris-2:M:up doris-3:f:up]
19:12:43 #194 OK SELECT id=3705290 via doris-1 rows=10247 [doris-1:f:up doris-2:M:up doris-3:f:up]
19:12:44 #195 OK SELECT id=3705290 via doris-1 rows=10249 [doris-1:f:up doris-2:M:up doris-3:f:up]
19:12:45 #196 OK SELECT id=3705290 via doris-1 rows=10249 [doris-1:f:up doris-2:M:up doris-3:f:up]
19:12:46 #197 OK SELECT id=3705290 via doris-1 rows=10249 [doris-1:f:up doris-2:M:up doris-3:f:up]
19:12:47 #198 OK SELECT id=3705290 via doris-1 rows=10247 [doris-1:f:up doris-2:M:up doris-3:f:up]
19:12:48 #199 OK SELECT id=3705290 via doris-1 rows=10247 [doris-1:f:up doris-2:M:up doris-3:f:up]
19:12:49 #200 OK SELECT id=3705290 via doris-1 rows=10249 [doris-1:f:up doris-2:M:up doris-3:f:up]
19:12:50 #201 OK SELECT id=3705290 via doris-1 rows=10249 [doris-1:f:up doris-2:M:up doris-3:f:up]
