16:05:20 ##### pass 1 start: 16 scenario(s) ['vm-stop-3clients', 'vm-stop-master-direct', 'vm-stop-master-follower', 'vm-stop-follower', 'fe-crash-master', 'fe-crash-follower', 'fe-dead-master', 'fe-hang-master', 'fe-hang-follower', 'be-crash', 'be-dead', 'be-hang', 'double-vm-fe-dead', 'double-vm-be-dead', 'double-two-vms', 'double-crossed']
16:05:20 $ /home/yugachang/workspace/doris-poc/demo.sh start
    |     "zone" = "asia-east1-b"
    |   },
    |   {
    |     "external_ip" = "34.80.24.53"
    |     "internal_ip" = "10.140.0.4"
    |     "name" = "doris-3"
    |     "zone" = "asia-east1-c"
    |   },
    | ]
    |   NAME     ZONE           INTERNAL     EXTERNAL
    |   doris-1  asia-east1-a   10.140.0.2   35.194.240.180
    |   doris-2  asia-east1-b   10.140.0.3   107.167.189.172
    |   doris-3  asia-east1-c   10.140.0.4   34.80.24.53
    | healthy after 0s
    | hatest.events (UNIQUE KEY, 3 replicas) rows=10163
    | (queried via doris-1 35.194.240.180)
    | FE:
    |   doris-1  10.140.0.2   follower alive=true  journal=35360
    |   doris-2  10.140.0.3   follower alive=true  journal=35360
    |   doris-3  10.140.0.4   MASTER   alive=true  journal=35366
    | BE:
    |   doris-1  10.140.0.2   alive=true  tablets=18
    |   doris-2  10.140.0.3   alive=true  tablets=21
    |   doris-3  10.140.0.4   alive=true  tablets=23
    | replicas hatest.events: {'OK': 12}   rows=10163
16:05:40 $ /home/yugachang/workspace/doris-poc/venv/bin/python /home/yugachang/workspace/doris-poc/cluster.py wait /home/yugachang/workspace/doris-poc/.state/hosts.tsv 300
    | healthy after 0s
16:05:40   cluster healthy (before pass)
16:05:40 === [vm-stop-3clients] 三個 client 同時觀察 VM 停機  steps=['--target vm --on master']
16:05:40 $ /home/yugachang/workspace/doris-poc/demo.sh monitor --fresh
    | hatest.events (UNIQUE KEY, 3 replicas) rows=10163
    | active active active 
    | [1;32m✔ probes started on doris-client: mysql jdbc flight (logs /opt/probe/log/*.log)
16:05:48   wait 30s (baseline)
16:06:18 $ /home/yugachang/workspace/doris-poc/demo.sh break --target vm --on master
    | == break: vm stop on doris-3 (FE master) ==  [2m16:06:18
    | [1;35m▶ EVENT break: vm stop on doris-3 (FE master)
    | [1;35m▶ EVENT break: doris-3 is down
    | [1;32m✔ fault injected — watch the probes / run: ./demo.sh status
    | Stopping instance(s) doris-3...
    | Updated [https://compute.googleapis.com/compute/v1/projects/doris-poc/zones/asia-east1-c/instances/doris-3].
16:06:55   wait 90s (observe)
16:08:25 $ /home/yugachang/workspace/doris-poc/demo.sh measure --json
16:08:30   during: mysql=讀寫正常 (29s), jdbc=讀寫正常 (32s), flight=讀取正常 (36s)  alive=FE 2/3 (master doris-2) BE 2/3 replicas {'OK': 8, 'DEAD': 4} rows=10163 via doris-1
16:08:30 $ /home/yugachang/workspace/doris-poc/demo.sh restore
    | == restore: reverse all faults ==  [2m16:08:30
    | [1;35m▶ EVENT restore: start doris-3
    |   waiting for the cluster to be healthy…
    |   waiting (0s): doris-3(fe), doris-3(be), replicas={'OK': 8, 'DEAD': 4}
    |   waiting (5s): doris-3(fe), doris-3(be), replicas={'OK': 8, 'DEAD': 4}
    |   waiting (10s): doris-3(fe), doris-3(be), replicas={'OK': 8, 'DEAD': 4}
    |   waiting (15s): doris-3(fe), doris-3(be), replicas={'OK': 8, 'DEAD': 4}
    |   waiting (20s): doris-3(fe), replicas={'OK': 8, 'VERSION_ERROR': 4}
    |   waiting (25s): doris-3(fe)
    | healthy after 30s
    | [1;35m▶ EVENT restore: cluster healthy
    | (queried via doris-1 35.194.240.180)
    | FE:
    |   doris-1  10.140.0.2   follower alive=true  journal=35884
    |   doris-2  10.140.0.3   MASTER   alive=true  journal=35899
    |   doris-3  10.140.0.4   follower alive=true  journal=35884
    | BE:
    |   doris-1  10.140.0.2   alive=true  tablets=18
    |   doris-2  10.140.0.3   alive=true  tablets=21
    |   doris-3  10.140.0.4   alive=true  tablets=23
    | replicas hatest.events: {'OK': 12}   rows=10163
    | Starting instance(s) doris-3...
    | Updated [https://compute.googleapis.com/compute/v1/projects/doris-poc/zones/asia-east1-c/instances/doris-3].
    | Instance internal IP is 10.140.0.4
    | Instance external IP is 34.80.24.53
16:09:14   wait 25s (settle)
16:09:39 $ /home/yugachang/workspace/doris-poc/demo.sh measure --json
16:09:45   after:  mysql=讀寫正常 fails=11 impact=29s, jdbc=讀寫正常 fails=5 impact=32s, flight=讀取正常 fails=5 impact=36s  alive=FE 3/3 (master doris-2) BE 3/3 replicas {'OK': 12} rows=10163 via doris-1  healthy=True
16:09:45 === [vm-stop-master-direct] master 所在 VM 停機，client 直連 master  steps=['--target vm --on master']
16:09:45 $ /home/yugachang/workspace/doris-poc/demo.sh monitor --fresh --order master-first
    | hatest.events (UNIQUE KEY, 3 replicas) rows=10163
    | active active active 
    | [1;32m✔ probes started on doris-client: mysql jdbc flight (logs /opt/probe/log/*.log)
16:09:52   wait 30s (baseline)
16:10:22 $ /home/yugachang/workspace/doris-poc/demo.sh break --target vm --on master
    | == break: vm stop on doris-2 (FE master) ==  [2m16:10:23
    | [1;35m▶ EVENT break: vm stop on doris-2 (FE master)
    | [1;35m▶ EVENT break: doris-2 is down
    | [1;32m✔ fault injected — watch the probes / run: ./demo.sh status
    | Stopping instance(s) doris-2...
    | Updated [https://compute.googleapis.com/compute/v1/projects/doris-poc/zones/asia-east1-b/instances/doris-2].
16:10:48   wait 90s (observe)
16:12:18 $ /home/yugachang/workspace/doris-poc/demo.sh measure --json
16:12:24   during: mysql=讀寫正常 (32s), jdbc=讀寫正常 (33s), flight=讀取正常 (29s)  alive=FE 2/3 (master doris-3) BE 2/3 replicas {'OK': 8, 'DEAD': 4} rows=10167 via doris-1
16:12:24 $ /home/yugachang/workspace/doris-poc/demo.sh restore
    |   waiting for the cluster to be healthy…
    |   waiting (0s): doris-2(fe), doris-2(be), replicas={'OK': 8, 'DEAD': 4}
    |   waiting (5s): doris-2(fe), doris-2(be), replicas={'OK': 8, 'DEAD': 4}
    |   waiting (10s): doris-2(fe), doris-2(be), replicas={'OK': 8, 'DEAD': 4}
    |   waiting (15s): doris-2(fe), doris-2(be), replicas={'OK': 8, 'DEAD': 4}
    |   waiting (20s): doris-2(fe), doris-2(be), replicas={'OK': 8, 'DEAD': 4}
    |   waiting (25s): doris-2(fe), doris-2(be), replicas={'OK': 8, 'DEAD': 4}
    |   waiting (30s): doris-2(fe), doris-2(be), replicas={'OK': 8, 'DEAD': 4}
    |   waiting (35s): replicas={'OK': 8, 'VERSION_ERROR': 4}
    | healthy after 40s
    | [1;35m▶ EVENT restore: cluster healthy
    | (queried via doris-1 35.194.240.180)
    | FE:
    |   doris-1  10.140.0.2   follower alive=true  journal=36509
    |   doris-2  10.140.0.3   follower alive=true  journal=36509
    |   doris-3  10.140.0.4   MASTER   alive=true  journal=36537
    | BE:
    |   doris-1  10.140.0.2   alive=true  tablets=18
    |   doris-2  10.140.0.3   alive=true  tablets=21
    |   doris-3  10.140.0.4   alive=true  tablets=23
    | replicas hatest.events: {'OK': 12}   rows=10167
    | Starting instance(s) doris-2...
    | Updated [https://compute.googleapis.com/compute/v1/projects/doris-poc/zones/asia-east1-b/instances/doris-2].
    | Instance internal IP is 10.140.0.3
    | Instance external IP is 107.167.189.172
16:13:20   wait 25s (settle)
16:13:45 $ /home/yugachang/workspace/doris-poc/demo.sh measure --json
16:13:50   after:  mysql=讀寫正常 fails=5 impact=32s, jdbc=讀寫正常 fails=4 impact=33s, flight=讀取正常 fails=2 impact=29s  alive=FE 3/3 (master doris-3) BE 3/3 replicas {'OK': 12} rows=10167 via doris-1  healthy=True
16:13:50 === [vm-stop-master-follower] master 所在 VM 停機，client 連在 follower  steps=['--target vm --on master']
16:13:50 $ /home/yugachang/workspace/doris-poc/demo.sh monitor --fresh --order follower-first
    | hatest.events (UNIQUE KEY, 3 replicas) rows=10167
    | active active active 
    | [1;32m✔ probes started on doris-client: mysql jdbc flight (logs /opt/probe/log/*.log)
16:13:57   wait 30s (baseline)
16:14:27 $ /home/yugachang/workspace/doris-poc/demo.sh break --target vm --on master
    | == break: vm stop on doris-3 (FE master) ==  [2m16:14:27
    | [1;35m▶ EVENT break: vm stop on doris-3 (FE master)
    | [1;35m▶ EVENT break: doris-3 is down
    | [1;32m✔ fault injected — watch the probes / run: ./demo.sh status
    | Stopping instance(s) doris-3...
    | Updated [https://compute.googleapis.com/compute/v1/projects/doris-poc/zones/asia-east1-c/instances/doris-3].
16:14:52   wait 90s (observe)
16:16:22 $ /home/yugachang/workspace/doris-poc/demo.sh measure --json
16:16:28   during: mysql=讀寫正常 (35s), jdbc=讀寫正常 (32s), flight=讀取正常 (29s)  alive=FE 2/3 (master doris-2) BE 2/3 replicas {'OK': 8, 'DEAD': 4} rows=10168 via doris-1
16:16:28 $ /home/yugachang/workspace/doris-poc/demo.sh restore
    | == restore: reverse all faults ==  [2m16:16:28
    | [1;35m▶ EVENT restore: start doris-3
    |   waiting for the cluster to be healthy…
    |   waiting (0s): doris-3(fe), doris-3(be), replicas={'OK': 8, 'DEAD': 4}
    |   waiting (5s): doris-3(fe), doris-3(be), replicas={'OK': 8, 'DEAD': 4}
    |   waiting (10s): doris-3(fe), doris-3(be), replicas={'OK': 8, 'DEAD': 4}
    |   waiting (15s): doris-3(fe), doris-3(be), replicas={'OK': 8, 'DEAD': 4}
    |   waiting (20s): doris-3(fe), replicas={'OK': 8, 'VERSION_ERROR': 4}
    |   waiting (25s): doris-3(fe)
    | healthy after 30s
    | [1;35m▶ EVENT restore: cluster healthy
    | (queried via doris-1 35.194.240.180)
    | FE:
    |   doris-1  10.140.0.2   follower alive=true  journal=37091
    |   doris-2  10.140.0.3   MASTER   alive=true  journal=37105
    |   doris-3  10.140.0.4   follower alive=true  journal=37092
    | BE:
    |   doris-1  10.140.0.2   alive=true  tablets=18
    |   doris-2  10.140.0.3   alive=true  tablets=21
    |   doris-3  10.140.0.4   alive=true  tablets=23
    | replicas hatest.events: {'OK': 12}   rows=10170
    | Starting instance(s) doris-3...
    | Updated [https://compute.googleapis.com/compute/v1/projects/doris-poc/zones/asia-east1-c/instances/doris-3].
    | Instance internal IP is 10.140.0.4
    | Instance external IP is 34.80.24.53
16:17:12   wait 25s (settle)
16:17:37 $ /home/yugachang/workspace/doris-poc/demo.sh measure --json
16:17:43   after:  mysql=讀寫正常 fails=6 impact=35s, jdbc=讀寫正常 fails=4 impact=32s, flight=讀取正常 fails=5 impact=29s  alive=FE 3/3 (master doris-2) BE 3/3 replicas {'OK': 12} rows=10168 via doris-1  healthy=True
16:17:43 === [vm-stop-follower] follower 所在 VM 停機  steps=['--target vm --on follower']
16:17:43 $ /home/yugachang/workspace/doris-poc/demo.sh monitor --fresh
    | hatest.events (UNIQUE KEY, 3 replicas) rows=10168
    | active active active 
    | [1;32m✔ probes started on doris-client: mysql jdbc flight (logs /opt/probe/log/*.log)
16:17:48   wait 30s (baseline)
16:18:18 $ /home/yugachang/workspace/doris-poc/demo.sh break --target vm --on follower
    | == break: vm stop on doris-1 (FE follower) ==  [2m16:18:19
    | [1;35m▶ EVENT break: vm stop on doris-1 (FE follower)
    | [1;35m▶ EVENT break: doris-1 is down
    | [1;32m✔ fault injected — watch the probes / run: ./demo.sh status
    | Stopping instance(s) doris-1...
    | Updated [https://compute.googleapis.com/compute/v1/projects/doris-poc/zones/asia-east1-a/instances/doris-1].
16:18:57   wait 90s (observe)
16:20:27 $ /home/yugachang/workspace/doris-poc/demo.sh measure --json
16:20:36   during: mysql=讀寫正常 (13s), jdbc=讀寫正常 (15s), flight=讀取正常 (18s)  alive=FE 2/3 (master doris-2) BE 2/3 replicas {'DEAD': 4, 'OK': 8} rows=10173 via doris-2
16:20:36 $ /home/yugachang/workspace/doris-poc/demo.sh restore
    | == restore: reverse all faults ==  [2m16:20:36
    | [1;35m▶ EVENT restore: start doris-1
    |   waiting for the cluster to be healthy…
    |   waiting (3s): doris-1(fe), doris-1(be), replicas={'DEAD': 4, 'OK': 8}
    |   waiting (9s): doris-1(fe), doris-1(be), replicas={'DEAD': 4, 'OK': 8}
    |   waiting (14s): doris-1(fe), doris-1(be), replicas={'DEAD': 4, 'OK': 8}
    |   waiting (19s): doris-1(fe), doris-1(be), replicas={'DEAD': 4, 'OK': 8}
    |   waiting (24s): doris-1(fe), doris-1(be), replicas={'DEAD': 4, 'OK': 8}
    |   waiting (29s): replicas={'VERSION_ERROR': 4, 'OK': 8}
    | healthy after 36s
    | [1;35m▶ EVENT restore: cluster healthy
    | (queried via doris-1 35.194.240.180)
    | FE:
    |   doris-1  10.140.0.2   follower alive=true  journal=37736
    |   doris-2  10.140.0.3   MASTER   alive=true  journal=37762
    |   doris-3  10.140.0.4   follower alive=true  journal=37736
    | BE:
    |   doris-1  10.140.0.2   alive=true  tablets=18
    |   doris-2  10.140.0.3   alive=true  tablets=21
    |   doris-3  10.140.0.4   alive=true  tablets=23
    | replicas hatest.events: {'OK': 12}   rows=10173
    | Starting instance(s) doris-1...
    | Updated [https://compute.googleapis.com/compute/v1/projects/doris-poc/zones/asia-east1-a/instances/doris-1].
    | Instance internal IP is 10.140.0.2
    | Instance external IP is 35.194.240.180
16:21:27   wait 25s (settle)
16:21:52 $ /home/yugachang/workspace/doris-poc/demo.sh measure --json
16:21:58   after:  mysql=讀寫正常 fails=2 impact=13s, jdbc=讀寫正常 fails=2 impact=15s, flight=讀取正常 fails=1 impact=18s  alive=FE 3/3 (master doris-2) BE 3/3 replicas {'OK': 12} rows=10173 via doris-1  healthy=True
16:21:58 === [fe-crash-master] master FE crash（kill -9，systemd 自動拉起）  steps=['--target fe --mode crash --on master']
16:21:58 $ /home/yugachang/workspace/doris-poc/demo.sh monitor --fresh
    | hatest.events (UNIQUE KEY, 3 replicas) rows=10173
    | active active active 
    | [1;32m✔ probes started on doris-client: mysql jdbc flight (logs /opt/probe/log/*.log)
16:22:03   wait 30s (baseline)
16:22:33 $ /home/yugachang/workspace/doris-poc/demo.sh break --target fe --mode crash --on master
    | == break: fe crash on doris-2 (FE master) ==  [2m16:22:34
    | [1;35m▶ EVENT break: fe crash on doris-2 (FE master)
    | killed
    | [1;35m▶ EVENT recovered: fe restarted by systemd on doris-2 (+9s)
    | [1;32m✔ fault injected — watch the probes / run: ./demo.sh status
16:22:53   wait 90s (observe)
16:24:23 $ /home/yugachang/workspace/doris-poc/demo.sh measure --json
16:24:31   during: mysql=讀寫正常 (24s), jdbc=讀寫正常 (27s), flight=讀取正常 (7s)  alive=FE 3/3 (master doris-3) BE 3/3 replicas {'OK': 12} rows=10180 via doris-1
16:24:31 $ /home/yugachang/workspace/doris-poc/demo.sh restore
    | == restore: reverse all faults ==  [2m16:24:31
    | [1;35m▶ EVENT restore: verify fe on doris-2
    |   waiting for the cluster to be healthy…
    | healthy after 0s
    | [1;35m▶ EVENT restore: cluster healthy
    | (queried via doris-1 35.194.240.180)
    | FE:
    |   doris-1  10.140.0.2   follower alive=true  journal=38233
    |   doris-2  10.140.0.3   follower alive=true  journal=38233
    |   doris-3  10.140.0.4   MASTER   alive=true  journal=38258
    | BE:
    |   doris-1  10.140.0.2   alive=true  tablets=26
    |   doris-2  10.140.0.3   alive=true  tablets=29
    |   doris-3  10.140.0.4   alive=true  tablets=31
    | replicas hatest.events: {'OK': 12}   rows=10178
16:24:38   wait 25s (settle)
16:25:03 $ /home/yugachang/workspace/doris-poc/demo.sh measure --json
16:25:09   after:  mysql=讀寫正常 fails=2 impact=24s, jdbc=讀寫正常 fails=5 impact=27s, flight=讀取正常 fails=1 impact=7s  alive=FE 3/3 (master doris-3) BE 3/3 replicas {'OK': 12} rows=10180 via doris-1  healthy=True
16:25:09 === [fe-crash-follower] follower FE crash  steps=['--target fe --mode crash --on follower']
16:25:09 $ /home/yugachang/workspace/doris-poc/demo.sh monitor --fresh
    | hatest.events (UNIQUE KEY, 3 replicas) rows=10180
    | active active active 
    | [1;32m✔ probes started on doris-client: mysql jdbc flight (logs /opt/probe/log/*.log)
16:25:14   wait 30s (baseline)
16:25:44 $ /home/yugachang/workspace/doris-poc/demo.sh break --target fe --mode crash --on follower
    | == break: fe crash on doris-1 (FE follower) ==  [2m16:25:44
    | [1;35m▶ EVENT break: fe crash on doris-1 (FE follower)
    | killed
    | [1;35m▶ EVENT recovered: fe restarted by systemd on doris-1 (+9s)
    | [1;32m✔ fault injected — watch the probes / run: ./demo.sh status
16:26:04   wait 90s (observe)
16:27:34 $ /home/yugachang/workspace/doris-poc/demo.sh measure --json
16:27:40   during: mysql=讀寫正常 (3s), jdbc=讀寫正常 (2s), flight=讀取正常 (3s)  alive=FE 3/3 (master doris-3) BE 3/3 replicas {'OK': 12} rows=10182 via doris-1
16:27:40 $ /home/yugachang/workspace/doris-poc/demo.sh restore
    | == restore: reverse all faults ==  [2m16:27:40
    | [1;35m▶ EVENT restore: verify fe on doris-1
    |   waiting for the cluster to be healthy…
    | healthy after 0s
    | [1;35m▶ EVENT restore: cluster healthy
    | (queried via doris-1 35.194.240.180)
    | FE:
    |   doris-1  10.140.0.2   follower alive=true  journal=38764
    |   doris-2  10.140.0.3   follower alive=true  journal=38764
    |   doris-3  10.140.0.4   MASTER   alive=true  journal=38785
    | BE:
    |   doris-1  10.140.0.2   alive=true  tablets=26
    |   doris-2  10.140.0.3   alive=true  tablets=29
    |   doris-3  10.140.0.4   alive=true  tablets=31
    | replicas hatest.events: {'OK': 12}   rows=10182
16:27:46   wait 25s (settle)
16:28:11 $ /home/yugachang/workspace/doris-poc/demo.sh measure --json
16:28:17   after:  mysql=讀寫正常 fails=1 impact=3s, jdbc=讀寫正常 fails=1 impact=2s, flight=讀取正常 fails=1 impact=3s  alive=FE 3/3 (master doris-3) BE 3/3 replicas {'OK': 12} rows=10182 via doris-1  healthy=True
16:28:17 === [fe-dead-master] master FE dead（systemctl stop，不自動起）  steps=['--target fe --mode dead --on master']
16:28:17 $ /home/yugachang/workspace/doris-poc/demo.sh monitor --fresh
    | hatest.events (UNIQUE KEY, 3 replicas) rows=10182
    | active active active 
    | [1;32m✔ probes started on doris-client: mysql jdbc flight (logs /opt/probe/log/*.log)
16:28:23   wait 30s (baseline)
16:28:53 $ /home/yugachang/workspace/doris-poc/demo.sh break --target fe --mode dead --on master
    | == break: fe dead on doris-3 (FE master) ==  [2m16:28:53
    | [1;35m▶ EVENT break: fe dead on doris-3 (FE master)
    | stopped
    | [1;32m✔ fault injected — watch the probes / run: ./demo.sh status
16:28:59   wait 90s (observe)
16:30:29 $ /home/yugachang/workspace/doris-poc/demo.sh measure --json
16:30:34   during: mysql=讀寫正常 (0s), jdbc=讀寫正常 (2s), flight=讀取正常 (0s)  alive=FE 2/3 (master doris-2) BE 3/3 replicas {'OK': 12} rows=10182 via doris-1
16:30:34 $ /home/yugachang/workspace/doris-poc/demo.sh restore
    | == restore: reverse all faults ==  [2m16:30:34
    | [1;35m▶ EVENT restore: systemctl start doris-fe on doris-3
    |   waiting for the cluster to be healthy…
    |   waiting (0s): doris-3(fe)
    |   waiting (5s): doris-3(fe)
    | healthy after 10s
    | [1;35m▶ EVENT restore: cluster healthy
    | (queried via doris-1 35.194.240.180)
    | FE:
    |   doris-1  10.140.0.2   follower alive=true  journal=39316
    |   doris-2  10.140.0.3   MASTER   alive=true  journal=39327
    |   doris-3  10.140.0.4   follower alive=true  journal=39316
    | BE:
    |   doris-1  10.140.0.2   alive=true  tablets=26
    |   doris-2  10.140.0.3   alive=true  tablets=29
    |   doris-3  10.140.0.4   alive=true  tablets=31
    | replicas hatest.events: {'OK': 12}   rows=10181
16:30:52   wait 25s (settle)
16:31:17 $ /home/yugachang/workspace/doris-poc/demo.sh measure --json
16:31:23   after:  mysql=讀寫正常 fails=0 impact=0s, jdbc=讀寫正常 fails=2 impact=2s, flight=讀取正常 fails=0 impact=0s  alive=FE 3/3 (master doris-2) BE 3/3 replicas {'OK': 12} rows=10182 via doris-1  healthy=True
16:31:23 === [fe-hang-master] master FE hang（kill -STOP）  steps=['--target fe --mode hang --on master']
16:31:23 $ /home/yugachang/workspace/doris-poc/demo.sh monitor --fresh
    | hatest.events (UNIQUE KEY, 3 replicas) rows=10182
    | active active active 
    | [1;32m✔ probes started on doris-client: mysql jdbc flight (logs /opt/probe/log/*.log)
16:31:28   wait 30s (baseline)
16:31:58 $ /home/yugachang/workspace/doris-poc/demo.sh break --target fe --mode hang --on master
    | == break: fe hang on doris-2 (FE master) ==  [2m16:31:59
    | [1;35m▶ EVENT break: fe hang on doris-2 (FE master)
    | paused
    | [1;32m✔ fault injected — watch the probes / run: ./demo.sh status
16:32:02   wait 120s (observe)
16:34:02 $ /home/yugachang/workspace/doris-poc/demo.sh measure --json
16:34:14   during: mysql=讀寫正常 (118s), jdbc=讀寫正常 (0s), flight=讀取正常 (118s)  alive=alive check failed: OperationalError: (2013, 'Lost connection to MySQL server during query (timed out)')
16:34:14 $ /home/yugachang/workspace/doris-poc/demo.sh restore
    | == restore: reverse all faults ==  [2m16:34:14
    | [1;35m▶ EVENT restore: resume fe on doris-2
    |   waiting for the cluster to be healthy…
    | healthy after 0s
    | [1;35m▶ EVENT restore: cluster healthy
    | (queried via doris-1 35.194.240.180)
    | FE:
    |   doris-1  10.140.0.2   follower alive=true  journal=39530
    |   doris-2  10.140.0.3   MASTER   alive=true  journal=39552
    |   doris-3  10.140.0.4   follower alive=true  journal=39530
    | BE:
    |   doris-1  10.140.0.2   alive=true  tablets=26
    |   doris-2  10.140.0.3   alive=true  tablets=29
    |   doris-3  10.140.0.4   alive=true  tablets=31
    | replicas hatest.events: {'OK': 12}   rows=10185
16:34:21   wait 25s (settle)
16:34:46 $ /home/yugachang/workspace/doris-poc/demo.sh measure --json
16:34:51   after:  mysql=讀寫正常 fails=14 impact=135s, jdbc=讀寫正常 fails=1 impact=137s, flight=讀取正常 fails=0 impact=136s  alive=FE 3/3 (master doris-2) BE 3/3 replicas {'OK': 12} rows=10184 via doris-1  healthy=True
16:34:51 === [fe-hang-follower] follower FE hang  steps=['--target fe --mode hang --on follower']
16:34:51 $ /home/yugachang/workspace/doris-poc/demo.sh monitor --fresh
    | hatest.events (UNIQUE KEY, 3 replicas) rows=10184
    | active active active 
    | [1;32m✔ probes started on doris-client: mysql jdbc flight (logs /opt/probe/log/*.log)
16:34:56   wait 30s (baseline)
16:35:26 $ /home/yugachang/workspace/doris-poc/demo.sh break --target fe --mode hang --on follower
    | == break: fe hang on doris-1 (FE follower) ==  [2m16:35:27
    | [1;35m▶ EVENT break: fe hang on doris-1 (FE follower)
    | paused
    | [1;32m✔ fault injected — watch the probes / run: ./demo.sh status
16:35:31   wait 90s (observe)
16:37:01 $ /home/yugachang/workspace/doris-poc/demo.sh measure --json
16:37:13   during: mysql=讀寫正常 (26s), jdbc=讀寫正常 (36s), flight=讀取正常 (38s)  alive=FE 2/3 (master doris-2) BE 3/3 replicas {'OK': 12} rows=10186 via doris-2
16:37:13 $ /home/yugachang/workspace/doris-poc/demo.sh restore
    | == restore: reverse all faults ==  [2m16:37:13
    | [1;35m▶ EVENT restore: resume fe on doris-1
    |   waiting for the cluster to be healthy…
    |   waiting (0s): doris-1(fe)
    | healthy after 5s
    | [1;35m▶ EVENT restore: cluster healthy
    | (queried via doris-1 35.194.240.180)
    | FE:
    |   doris-1  10.140.0.2   follower alive=true  journal=39976
    |   doris-2  10.140.0.3   MASTER   alive=true  journal=39995
    |   doris-3  10.140.0.4   follower alive=true  journal=39976
    | BE:
    |   doris-1  10.140.0.2   alive=true  tablets=26
    |   doris-2  10.140.0.3   alive=true  tablets=29
    |   doris-3  10.140.0.4   alive=true  tablets=31
    | replicas hatest.events: {'OK': 12}   rows=10186
16:37:24   wait 25s (settle)
16:37:49 $ /home/yugachang/workspace/doris-poc/demo.sh measure --json
16:37:55   after:  mysql=讀寫正常 fails=1 impact=26s, jdbc=讀寫正常 fails=1 impact=45s, flight=讀取正常 fails=1 impact=38s  alive=FE 3/3 (master doris-2) BE 3/3 replicas {'OK': 12} rows=10184 via doris-1  healthy=True
16:37:55 === [be-crash] BE crash（systemd 自動拉起）  steps=['--target be --mode crash --on follower']
16:37:55 $ /home/yugachang/workspace/doris-poc/demo.sh monitor --fresh
    | hatest.events (UNIQUE KEY, 3 replicas) rows=10184
    | active active active 
    | [1;32m✔ probes started on doris-client: mysql jdbc flight (logs /opt/probe/log/*.log)
16:38:01   wait 30s (baseline)
16:38:31 $ /home/yugachang/workspace/doris-poc/demo.sh break --target be --mode crash --on follower
    | == break: be crash on doris-1 (FE follower) ==  [2m16:38:32
    | [1;35m▶ EVENT break: be crash on doris-1 (FE follower)
    | killed
    | [1;35m▶ EVENT recovered: be restarted by systemd on doris-1 (+9s)
    | [1;32m✔ fault injected — watch the probes / run: ./demo.sh status
16:38:51   wait 90s (observe)
16:40:21 $ /home/yugachang/workspace/doris-poc/demo.sh measure --json
16:40:26   during: mysql=讀寫正常 (0s), jdbc=讀寫正常 (0s), flight=讀取正常 (0s)  alive=FE 3/3 (master doris-2) BE 3/3 replicas {'OK': 12} rows=10185 via doris-1
16:40:26 $ /home/yugachang/workspace/doris-poc/demo.sh restore
    | == restore: reverse all faults ==  [2m16:40:26
    | [1;35m▶ EVENT restore: verify be on doris-1
    |   waiting for the cluster to be healthy…
    | healthy after 0s
    | [1;35m▶ EVENT restore: cluster healthy
    | (queried via doris-1 35.194.240.180)
    | FE:
    |   doris-1  10.140.0.2   follower alive=true  journal=40529
    |   doris-2  10.140.0.3   MASTER   alive=true  journal=40544
    |   doris-3  10.140.0.4   follower alive=true  journal=40529
    | BE:
    |   doris-1  10.140.0.2   alive=true  tablets=26
    |   doris-2  10.140.0.3   alive=true  tablets=29
    |   doris-3  10.140.0.4   alive=true  tablets=31
    | replicas hatest.events: {'OK': 12}   rows=10186
16:40:33   wait 25s (settle)
16:40:58 $ /home/yugachang/workspace/doris-poc/demo.sh measure --json
16:41:04   after:  mysql=讀寫正常 fails=0 impact=0s, jdbc=讀寫正常 fails=0 impact=0s, flight=讀取正常 fails=0 impact=0s  alive=FE 3/3 (master doris-2) BE 3/3 replicas {'OK': 12} rows=10185 via doris-1  healthy=True
16:41:04 === [be-dead] BE dead  steps=['--target be --mode dead --on follower']
16:41:04 $ /home/yugachang/workspace/doris-poc/demo.sh monitor --fresh
    | hatest.events (UNIQUE KEY, 3 replicas) rows=10185
    | active active active 
    | [1;32m✔ probes started on doris-client: mysql jdbc flight (logs /opt/probe/log/*.log)
16:41:10   wait 30s (baseline)
16:41:40 $ /home/yugachang/workspace/doris-poc/demo.sh break --target be --mode dead --on follower
    | == break: be dead on doris-1 (FE follower) ==  [2m16:41:40
    | [1;35m▶ EVENT break: be dead on doris-1 (FE follower)
    | stopped
    | [1;32m✔ fault injected — watch the probes / run: ./demo.sh status
16:41:47   wait 90s (observe)
16:43:17 $ /home/yugachang/workspace/doris-poc/demo.sh measure --json
16:43:22   during: mysql=讀寫正常 (0s), jdbc=讀寫正常 (3s), flight=讀取正常 (1s)  alive=FE 3/3 (master doris-2) BE 2/3 replicas {'DEAD': 4, 'OK': 8} rows=10186 via doris-1
16:43:22 $ /home/yugachang/workspace/doris-poc/demo.sh restore
    | == restore: reverse all faults ==  [2m16:43:22
    | [1;35m▶ EVENT restore: systemctl start doris-be on doris-1
    |   waiting for the cluster to be healthy…
    |   waiting (0s): doris-1(be), replicas={'DEAD': 4, 'OK': 8}
    |   waiting (5s): doris-1(be), replicas={'DEAD': 4, 'OK': 8}
    |   waiting (10s): replicas={'VERSION_ERROR': 4, 'OK': 8}
    |   waiting (15s): replicas={'OK': 11, 'VERSION_ERROR': 1}
    |   waiting (20s): replicas={'OK': 11, 'VERSION_ERROR': 1}
    |   waiting (25s): replicas={'OK': 11, 'VERSION_ERROR': 1}
    | healthy after 30s
    | [1;35m▶ EVENT restore: cluster healthy
    | (queried via doris-1 35.194.240.180)
    | FE:
    |   doris-1  10.140.0.2   follower alive=true  journal=41135
    |   doris-2  10.140.0.3   MASTER   alive=true  journal=41143
    |   doris-3  10.140.0.4   follower alive=true  journal=41135
    | BE:
    |   doris-1  10.140.0.2   alive=true  tablets=26
    |   doris-2  10.140.0.3   alive=true  tablets=29
    |   doris-3  10.140.0.4   alive=true  tablets=31
    | replicas hatest.events: {'OK': 12}   rows=10185
16:44:01   wait 25s (settle)
16:44:26 $ /home/yugachang/workspace/doris-poc/demo.sh measure --json
16:44:43   after:  mysql=讀寫正常 fails=1 impact=0s, jdbc=讀寫正常 fails=1 impact=3s, flight=讀取正常 fails=1 impact=1s  alive=FE 3/3 (master doris-2) BE 3/3 replicas {'OK': 12} rows=10185 via doris-1  healthy=True
16:44:43 === [be-hang] BE hang（kill -STOP）  steps=['--target be --mode hang --on follower']
16:44:43 $ /home/yugachang/workspace/doris-poc/demo.sh monitor --fresh
    | hatest.events (UNIQUE KEY, 3 replicas) rows=10185
    | active active active 
    | [1;32m✔ probes started on doris-client: mysql jdbc flight (logs /opt/probe/log/*.log)
16:44:51   wait 30s (baseline)
16:45:21 $ /home/yugachang/workspace/doris-poc/demo.sh break --target be --mode hang --on follower
    | == break: be hang on doris-1 (FE follower) ==  [2m16:45:22
    | [1;35m▶ EVENT break: be hang on doris-1 (FE follower)
    | paused
    | [1;32m✔ fault injected — watch the probes / run: ./demo.sh status
16:45:25   wait 120s (observe)
16:47:25 $ /home/yugachang/workspace/doris-poc/demo.sh measure --json
16:47:31   during: mysql=讀寫正常 (28s), jdbc=讀寫正常 (27s), flight=讀取正常 (28s)  alive=FE 3/3 (master doris-2) BE 2/3 replicas {'DEAD': 4, 'OK': 8} rows=10186 via doris-1
16:47:31 $ /home/yugachang/workspace/doris-poc/demo.sh restore
    | == restore: reverse all faults ==  [2m16:47:31
    | [1;35m▶ EVENT restore: resume be on doris-1
    |   waiting for the cluster to be healthy…
    |   waiting (0s): replicas={'VERSION_ERROR': 4, 'OK': 8}
    |   waiting (5s): replicas={'OK': 11, 'VERSION_ERROR': 1}
    | healthy after 10s
    | [1;35m▶ EVENT restore: cluster healthy
    | (queried via doris-1 35.194.240.180)
    | FE:
    |   doris-1  10.140.0.2   follower alive=true  journal=41723
    |   doris-2  10.140.0.3   MASTER   alive=true  journal=41737
    |   doris-3  10.140.0.4   follower alive=true  journal=41723
    | BE:
    |   doris-1  10.140.0.2   alive=true  tablets=26
    |   doris-2  10.140.0.3   alive=true  tablets=29
    |   doris-3  10.140.0.4   alive=true  tablets=31
    | replicas hatest.events: {'OK': 12}   rows=10186
16:47:48   wait 25s (settle)
16:48:13 $ /home/yugachang/workspace/doris-poc/demo.sh measure --json
16:48:18   after:  mysql=讀寫正常 fails=3 impact=28s, jdbc=讀寫正常 fails=4 impact=27s, flight=讀取正常 fails=3 impact=28s  alive=FE 3/3 (master doris-2) BE 3/3 replicas {'OK': 12} rows=10186 via doris-1  healthy=True
16:48:18 === [double-vm-fe-dead] VM 停 + 另一台 FE dead（FE 剩 1/3）  steps=['--target vm --on master', '--target fe --mode dead --on follower']
16:48:18 $ /home/yugachang/workspace/doris-poc/demo.sh monitor --fresh
    | hatest.events (UNIQUE KEY, 3 replicas) rows=10186
    | active active active 
    | [1;32m✔ probes started on doris-client: mysql jdbc flight (logs /opt/probe/log/*.log)
16:48:26   wait 30s (baseline)
16:48:56 $ /home/yugachang/workspace/doris-poc/demo.sh break --target vm --on master
    | == break: vm stop on doris-2 (FE master) ==  [2m16:48:56
    | [1;35m▶ EVENT break: vm stop on doris-2 (FE master)
    | [1;35m▶ EVENT break: doris-2 is down
    | [1;32m✔ fault injected — watch the probes / run: ./demo.sh status
    | Stopping instance(s) doris-2...
    | Updated [https://compute.googleapis.com/compute/v1/projects/doris-poc/zones/asia-east1-b/instances/doris-2].
16:49:22   wait 30s (gap between breaks)
16:49:52 $ /home/yugachang/workspace/doris-poc/demo.sh break --target fe --mode dead --on follower
    | == break: fe dead on doris-1 (FE follower) ==  [2m16:49:53
    | [1;35m▶ EVENT break: fe dead on doris-1 (FE follower)
    | stopped
    | [1;32m✔ fault injected — watch the probes / run: ./demo.sh status
16:49:59   wait 90s (observe)
16:51:29 $ /home/yugachang/workspace/doris-poc/demo.sh measure --json
16:51:37   during: mysql=只讀 (73s), jdbc=只讀 (73s), flight=讀取正常 (121s)  alive=FE 0/3? BE ?/3 (no FE reachable: no FE reachable: (2003, "Can't connect to MySQL server on '34.80.24.53' ([Errno 111] Connection refused)"))
16:51:37 $ /home/yugachang/workspace/doris-poc/demo.sh restore
    | == restore: reverse all faults ==  [2m16:51:37
    | [1;35m▶ EVENT restore: systemctl start doris-fe on doris-1
    | [1;35m▶ EVENT restore: start doris-2
    |   waiting for the cluster to be healthy…
    |   waiting (3s): SystemExit: no FE reachable: (2003, "Can't connect to MySQL server on '34.80.24.53' ([Errno 111] Conne
    |   waiting (11s): SystemExit: no FE reachable: (2003, "Can't connect to MySQL server on '34.80.24.53' ([Errno 111] Conne
    |   waiting (16s): SystemExit: no FE reachable: (2003, "Can't connect to MySQL server on '34.80.24.53' ([Errno 111] Conne
    |   waiting (23s): doris-2(fe), doris-1(fe), doris-2(be), replicas={'OK': 8, 'DEAD': 4}
    |   waiting (28s): doris-2(fe), replicas={'OK': 8, 'VERSION_ERROR': 4}
    | healthy after 33s
    | [1;35m▶ EVENT restore: cluster healthy
    | (queried via doris-1 35.194.240.180)
    | FE:
    |   doris-1  10.140.0.2   follower alive=true  journal=42052
    |   doris-2  10.140.0.3   follower alive=true  journal=42054
    |   doris-3  10.140.0.4   MASTER   alive=true  journal=42064
    | BE:
    |   doris-1  10.140.0.2   alive=true  tablets=26
    |   doris-2  10.140.0.3   alive=true  tablets=29
    |   doris-3  10.140.0.4   alive=true  tablets=31
    | replicas hatest.events: {'OK': 12}   rows=10193
    | Starting instance(s) doris-2...
    | Updated [https://compute.googleapis.com/compute/v1/projects/doris-poc/zones/asia-east1-b/instances/doris-2].
    | Instance internal IP is 10.140.0.3
    | Instance external IP is 107.167.189.172
16:52:29   wait 25s (settle)
16:52:54 $ /home/yugachang/workspace/doris-poc/demo.sh measure --json
16:53:00   after:  mysql=讀寫正常 fails=80 impact=172s, jdbc=讀寫正常 fails=40 impact=179s, flight=讀取正常 fails=40 impact=168s  alive=FE 3/3 (master doris-3) BE 3/3 replicas {'OK': 12} rows=10191 via doris-1  healthy=True
16:53:00 === [double-vm-be-dead] VM 停 + 另一台 BE dead（BE 剩 1/3）  steps=['--target vm --on master', '--target be --mode dead --on follower']
16:53:00 $ /home/yugachang/workspace/doris-poc/demo.sh monitor --fresh
    | hatest.events (UNIQUE KEY, 3 replicas) rows=10191
    | active active active 
    | [1;32m✔ probes started on doris-client: mysql jdbc flight (logs /opt/probe/log/*.log)
16:53:11   wait 30s (baseline)
16:53:41 $ /home/yugachang/workspace/doris-poc/demo.sh break --target vm --on master
    | == break: vm stop on doris-3 (FE master) ==  [2m16:53:41
    | [1;35m▶ EVENT break: vm stop on doris-3 (FE master)
    | [1;35m▶ EVENT break: doris-3 is down
    | [1;32m✔ fault injected — watch the probes / run: ./demo.sh status
    | Stopping instance(s) doris-3...
    | Updated [https://compute.googleapis.com/compute/v1/projects/doris-poc/zones/asia-east1-c/instances/doris-3].
16:54:06   wait 30s (gap between breaks)
16:54:36 $ /home/yugachang/workspace/doris-poc/demo.sh break --target be --mode dead --on follower
    | == break: be dead on doris-1 (FE follower) ==  [2m16:54:37
    | [1;35m▶ EVENT break: be dead on doris-1 (FE follower)
    | stopped
    | [1;32m✔ fault injected — watch the probes / run: ./demo.sh status
16:54:43   wait 90s (observe)
16:56:13 $ /home/yugachang/workspace/doris-poc/demo.sh measure --json
16:56:20   during: mysql=只讀 (26s), jdbc=只讀 (26s), flight=讀取正常 (37s)  alive=FE 2/3 (master doris-2) BE 1/3 replicas {'DEAD': 8, 'OK': 4} rows=10195 via doris-1
16:56:20 $ /home/yugachang/workspace/doris-poc/demo.sh restore
    | [1;35m▶ EVENT restore: start doris-3
    | Starting instance(s) doris-3...
    | ERROR: (gcloud.compute.instances.start) ---
    | code: ZONE_RESOURCE_POOL_EXHAUSTED
    | errorDetails:
    | - help:
    |     links:
    |     - description: Troubleshooting documentation
    |       url: https://cloud.google.com/compute/docs/resource-error
    | - localizedMessage:
    |     locale: en-US
    |     message: A n2-standard-4 VM instance is currently unavailable in the asia-east1-c
    |       zone. Alternatively, you can try your request again with a different VM hardware
    |       configuration or at a later time. For more information, see the troubleshooting
    |       documentation.
    | - errorInfo:
    |     domain: compute.googleapis.com
    |     metadatas:
    |       attachment: ''
    |       vmType: n2-standard-4
    |       zone: asia-east1-c
    |       zonesAvailable: ''
    |     reason: resource_availability
    | message: The zone 'projects/doris-poc/zones/asia-east1-c' does not have enough resources
    |   available to fulfill the request.  Try a different zone, or try again later.
16:56:35 $ /home/yugachang/workspace/doris-poc/venv/bin/python /home/yugachang/workspace/doris-poc/cluster.py wait /home/yugachang/workspace/doris-poc/.state/hosts.tsv 300
    |   waiting (178s): doris-3(fe), doris-3(be), replicas={'OK': 8, 'DEAD': 4}
    |   waiting (183s): doris-3(fe), doris-3(be), replicas={'OK': 8, 'DEAD': 4}
    |   waiting (188s): doris-3(fe), doris-3(be), replicas={'OK': 8, 'DEAD': 4}
    |   waiting (193s): doris-3(fe), doris-3(be), replicas={'OK': 8, 'DEAD': 4}
    |   waiting (198s): doris-3(fe), doris-3(be), replicas={'OK': 8, 'DEAD': 4}
    |   waiting (203s): doris-3(fe), doris-3(be), replicas={'OK': 8, 'DEAD': 4}
    |   waiting (208s): doris-3(fe), doris-3(be), replicas={'OK': 8, 'DEAD': 4}
    |   waiting (213s): doris-3(fe), doris-3(be), replicas={'OK': 8, 'DEAD': 4}
    |   waiting (218s): doris-3(fe), doris-3(be), replicas={'OK': 8, 'DEAD': 4}
    |   waiting (224s): doris-3(fe), doris-3(be), replicas={'OK': 8, 'DEAD': 4}
    |   waiting (229s): doris-3(fe), doris-3(be), replicas={'OK': 8, 'DEAD': 4}
    |   waiting (234s): doris-3(fe), doris-3(be), replicas={'OK': 8, 'DEAD': 4}
    |   waiting (239s): doris-3(fe), doris-3(be), replicas={'OK': 8, 'DEAD': 4}
    |   waiting (244s): doris-3(fe), doris-3(be), replicas={'OK': 8, 'DEAD': 4}
    |   waiting (249s): doris-3(fe), doris-3(be), replicas={'OK': 8, 'DEAD': 4}
    |   waiting (254s): doris-3(fe), doris-3(be), replicas={'OK': 8, 'DEAD': 4}
    |   waiting (259s): doris-3(fe), doris-3(be), replicas={'OK': 8, 'DEAD': 4}
    |   waiting (264s): doris-3(fe), doris-3(be), replicas={'OK': 8, 'DEAD': 4}
    |   waiting (269s): doris-3(fe), doris-3(be), replicas={'OK': 8, 'DEAD': 4}
    |   waiting (274s): doris-3(fe), doris-3(be), replicas={'OK': 8, 'DEAD': 4}
    |   waiting (280s): doris-3(fe), doris-3(be), replicas={'OK': 8, 'DEAD': 4}
    |   waiting (285s): doris-3(fe), doris-3(be), replicas={'OK': 8, 'DEAD': 4}
    |   waiting (290s): doris-3(fe), doris-3(be), replicas={'OK': 8, 'DEAD': 4}
    |   waiting (295s): doris-3(fe), doris-3(be), replicas={'OK': 8, 'DEAD': 4}
    | NOT healthy after 300s: doris-3(fe), doris-3(be), replicas={'OK': 8, 'DEAD': 4}
17:01:35   cluster NOT healthy (after restore)
17:01:35   restore did not converge — second attempt
17:01:35 $ /home/yugachang/workspace/doris-poc/demo.sh restore
    | [1;35m▶ EVENT restore: start doris-3
    | Starting instance(s) doris-3...
    | ERROR: (gcloud.compute.instances.start) ---
    | code: ZONE_RESOURCE_POOL_EXHAUSTED
    | errorDetails:
    | - help:
    |     links:
    |     - description: Troubleshooting documentation
    |       url: https://cloud.google.com/compute/docs/resource-error
    | - localizedMessage:
    |     locale: en-US
    |     message: A n2-standard-4 VM instance is currently unavailable in the asia-east1-c
    |       zone. Alternatively, you can try your request again with a different VM hardware
    |       configuration or at a later time. For more information, see the troubleshooting
    |       documentation.
    | - errorInfo:
    |     domain: compute.googleapis.com
    |     metadatas:
    |       attachment: ''
    |       vmType: n2-standard-4
    |       zone: asia-east1-c
    |       zonesAvailable: ''
    |     reason: resource_availability
    | message: The zone 'projects/doris-poc/zones/asia-east1-c' does not have enough resources
    |   available to fulfill the request.  Try a different zone, or try again later.
17:01:50 $ /home/yugachang/workspace/doris-poc/venv/bin/python /home/yugachang/workspace/doris-poc/cluster.py wait /home/yugachang/workspace/doris-poc/.state/hosts.tsv 300
    |   waiting (178s): doris-3(fe), doris-3(be), replicas={'OK': 8, 'DEAD': 4}
    |   waiting (183s): doris-3(fe), doris-3(be), replicas={'OK': 8, 'DEAD': 4}
    |   waiting (188s): doris-3(fe), doris-3(be), replicas={'OK': 8, 'DEAD': 4}
    |   waiting (193s): doris-3(fe), doris-3(be), replicas={'OK': 8, 'DEAD': 4}
    |   waiting (198s): doris-3(fe), doris-3(be), replicas={'OK': 8, 'DEAD': 4}
    |   waiting (203s): doris-3(fe), doris-3(be), replicas={'OK': 8, 'DEAD': 4}
    |   waiting (208s): doris-3(fe), doris-3(be), replicas={'OK': 8, 'DEAD': 4}
    |   waiting (213s): doris-3(fe), doris-3(be), replicas={'OK': 8, 'DEAD': 4}
    |   waiting (218s): doris-3(fe), doris-3(be), replicas={'OK': 8, 'DEAD': 4}
    |   waiting (223s): doris-3(fe), doris-3(be), replicas={'OK': 8, 'DEAD': 4}
    |   waiting (229s): doris-3(fe), doris-3(be), replicas={'OK': 8, 'DEAD': 4}
    |   waiting (234s): doris-3(fe), doris-3(be), replicas={'OK': 8, 'DEAD': 4}
    |   waiting (239s): doris-3(fe), doris-3(be), replicas={'OK': 8, 'DEAD': 4}
    |   waiting (244s): doris-3(fe), doris-3(be), replicas={'OK': 8, 'DEAD': 4}
    |   waiting (249s): doris-3(fe), doris-3(be), replicas={'OK': 8, 'DEAD': 4}
    |   waiting (254s): doris-3(fe), doris-3(be), replicas={'OK': 8, 'DEAD': 4}
    |   waiting (259s): doris-3(fe), doris-3(be), replicas={'OK': 8, 'DEAD': 4}
    |   waiting (264s): doris-3(fe), doris-3(be), replicas={'OK': 8, 'DEAD': 4}
    |   waiting (269s): doris-3(fe), doris-3(be), replicas={'OK': 8, 'DEAD': 4}
    |   waiting (274s): doris-3(fe), doris-3(be), replicas={'OK': 8, 'DEAD': 4}
    |   waiting (279s): doris-3(fe), doris-3(be), replicas={'OK': 8, 'DEAD': 4}
    |   waiting (284s): doris-3(fe), doris-3(be), replicas={'OK': 8, 'DEAD': 4}
    |   waiting (290s): doris-3(fe), doris-3(be), replicas={'OK': 8, 'DEAD': 4}
    |   waiting (295s): doris-3(fe), doris-3(be), replicas={'OK': 8, 'DEAD': 4}
    | NOT healthy after 300s: doris-3(fe), doris-3(be), replicas={'OK': 8, 'DEAD': 4}
17:06:50   cluster NOT healthy (after 2nd restore)
17:06:50   wait 25s (settle)
17:07:15 $ /home/yugachang/workspace/doris-poc/demo.sh measure --json
17:07:21   after:  mysql=讀寫正常 fails=152 impact=28s, jdbc=讀寫正常 fails=161 impact=27s, flight=讀取正常 fails=90 impact=95s  alive=FE 2/3 (master doris-2) BE 2/3 replicas {'OK': 8, 'DEAD': 4} rows=10197 via doris-1  healthy=False
17:07:21 === [double-two-vms] 兩台 VM 停（FE 1/3、BE 1/3）  steps=['--target vm --on master', '--target vm --on follower']
17:07:21 $ /home/yugachang/workspace/doris-poc/demo.sh monitor --fresh
    | hatest.events (UNIQUE KEY, 3 replicas) rows=10197
    | active active active 
    | [1;32m✔ probes started on doris-client: mysql jdbc flight (logs /opt/probe/log/*.log)
17:07:27   wait 30s (baseline)
17:09:13 ##### pass 1 start: 3 scenario(s) ['double-vm-be-dead', 'double-two-vms', 'double-crossed']
17:09:13 $ /home/yugachang/workspace/doris-poc/venv/bin/python /home/yugachang/workspace/doris-poc/cluster.py wait /home/yugachang/workspace/doris-poc/.state/hosts.tsv 300
    | healthy after 0s
17:09:13   cluster healthy (before pass)
17:09:13 === [double-vm-be-dead] VM 停 + 另一台 BE dead（BE 剩 1/3）  steps=['--target vm --on master', '--target be --mode dead --on follower']
17:09:13 $ /home/yugachang/workspace/doris-poc/demo.sh monitor --fresh
    | hatest.events (UNIQUE KEY, 3 replicas) rows=10199
    | active active active 
    | [1;32m✔ probes started on doris-client: mysql jdbc flight (logs /opt/probe/log/*.log)
17:09:23   wait 30s (baseline)
17:09:53 $ /home/yugachang/workspace/doris-poc/demo.sh break --target vm --on master
    | == break: vm stop on doris-2 (FE master) ==  [2m17:09:54
    | [1;35m▶ EVENT break: vm stop on doris-2 (FE master)
    | [1;35m▶ EVENT break: doris-2 is down
    | [1;32m✔ fault injected — watch the probes / run: ./demo.sh status
    | Stopping instance(s) doris-2...
    | Updated [https://compute.googleapis.com/compute/v1/projects/doris-poc/zones/asia-east1-b/instances/doris-2].
17:10:25   wait 30s (gap between breaks)
17:10:55 $ /home/yugachang/workspace/doris-poc/demo.sh break --target be --mode dead --on follower
    | == break: be dead on doris-1 (FE follower) ==  [2m17:10:55
    | [1;35m▶ EVENT break: be dead on doris-1 (FE follower)
    | stopped
    | [1;32m✔ fault injected — watch the probes / run: ./demo.sh status
17:11:02   wait 90s (observe)
17:12:32 $ /home/yugachang/workspace/doris-poc/demo.sh measure --json
17:12:38   during: mysql=只讀 (23s), jdbc=只讀 (19s), flight=讀取正常 (32s)  alive=FE 2/3 (master doris-3) BE 1/3 replicas {'DEAD': 8, 'OK': 4} rows=10199 via doris-1
17:12:38 $ /home/yugachang/workspace/doris-poc/demo.sh restore
    |   waiting (0s): doris-2(fe), doris-1(be), doris-2(be), replicas={'DEAD': 8, 'OK': 4}
    |   waiting (5s): doris-2(fe), doris-1(be), doris-2(be), replicas={'DEAD': 8, 'OK': 4}
    |   waiting (10s): doris-2(fe), doris-1(be), doris-2(be), replicas={'DEAD': 8, 'OK': 4}
    |   waiting (15s): doris-2(fe), doris-2(be), replicas={'OK': 8, 'DEAD': 4}
    |   waiting (20s): doris-2(fe), doris-2(be), replicas={'OK': 8, 'DEAD': 4}
    |   waiting (25s): doris-2(fe), doris-2(be), replicas={'OK': 8, 'DEAD': 4}
    |   waiting (30s): doris-2(fe), doris-2(be), replicas={'OK': 8, 'DEAD': 4}
    |   waiting (35s): replicas={'OK': 8, 'VERSION_ERROR': 4}
    |   waiting (40s): replicas={'OK': 8, 'VERSION_ERROR': 4}
    | healthy after 45s
    | [1;35m▶ EVENT restore: cluster healthy
    | (queried via doris-1 35.194.240.180)
    | FE:
    |   doris-1  10.140.0.2   follower alive=true  journal=45427
    |   doris-2  10.140.0.3   follower alive=true  journal=45427
    |   doris-3  10.140.0.4   MASTER   alive=true  journal=45441
    | BE:
    |   doris-1  10.140.0.2   alive=true  tablets=26
    |   doris-2  10.140.0.3   alive=true  tablets=29
    |   doris-3  10.140.0.4   alive=true  tablets=31
    | replicas hatest.events: {'OK': 12}   rows=10201
    | Starting instance(s) doris-2...
    | Updated [https://compute.googleapis.com/compute/v1/projects/doris-poc/zones/asia-east1-b/instances/doris-2].
    | Instance internal IP is 10.140.0.3
    | Instance external IP is 107.167.189.172
17:13:43   wait 25s (settle)
17:14:08 $ /home/yugachang/workspace/doris-poc/demo.sh measure --json
17:14:14   after:  mysql=讀寫正常 fails=132 impact=24s, jdbc=讀寫正常 fails=136 impact=20s, flight=讀取正常 fails=61 impact=65s  alive=FE 3/3 (master doris-3) BE 3/3 replicas {'OK': 12} rows=10199 via doris-1  healthy=True
17:14:14 === [double-two-vms] 兩台 VM 停（FE 1/3、BE 1/3）  steps=['--target vm --on master', '--target vm --on follower']
17:14:14 $ /home/yugachang/workspace/doris-poc/demo.sh monitor --fresh
    | hatest.events (UNIQUE KEY, 3 replicas) rows=10199
    | active active active 
    | [1;32m✔ probes started on doris-client: mysql jdbc flight (logs /opt/probe/log/*.log)
17:14:20   wait 30s (baseline)
17:14:50 $ /home/yugachang/workspace/doris-poc/demo.sh break --target vm --on master
    | == break: vm stop on doris-3 (FE master) ==  [2m17:14:50
    | [1;35m▶ EVENT break: vm stop on doris-3 (FE master)
    | [1;35m▶ EVENT break: doris-3 is down
    | [1;32m✔ fault injected — watch the probes / run: ./demo.sh status
    | Stopping instance(s) doris-3...
    | Updated [https://compute.googleapis.com/compute/v1/projects/doris-poc/zones/asia-east1-c/instances/doris-3].
17:15:17   wait 30s (gap between breaks)
17:15:47 $ /home/yugachang/workspace/doris-poc/demo.sh break --target vm --on follower
    | == break: vm stop on doris-1 (FE follower) ==  [2m17:15:47
    | [1;35m▶ EVENT break: vm stop on doris-1 (FE follower)
    | [1;35m▶ EVENT break: doris-1 is down
    | [1;32m✔ fault injected — watch the probes / run: ./demo.sh status
    | Stopping instance(s) doris-1...
    | Updated [https://compute.googleapis.com/compute/v1/projects/doris-poc/zones/asia-east1-a/instances/doris-1].
17:16:16   wait 90s (observe)
17:17:46 $ /home/yugachang/workspace/doris-poc/demo.sh measure --json
17:18:02   during: mysql=讀寫正常 (141s), jdbc=讀寫正常 (144s), flight=讀取正常 (127s)  alive=FE 1/3 (master doris-2) BE 1/3 replicas n/a rows=None via doris-2
17:18:02 $ /home/yugachang/workspace/doris-poc/demo.sh restore
    | Instance external IP is 34.80.24.53
    | Starting instance(s) doris-3...
    | ERROR: (gcloud.compute.instances.start) ---
    | code: ZONE_RESOURCE_POOL_EXHAUSTED
    | errorDetails:
    | - help:
    |     links:
    |     - description: Troubleshooting documentation
    |       url: https://cloud.google.com/compute/docs/resource-error
    | - localizedMessage:
    |     locale: en-US
    |     message: A n2-standard-4 VM instance is currently unavailable in the asia-east1-c
    |       zone. Alternatively, you can try your request again with a different VM hardware
    |       configuration or at a later time. For more information, see the troubleshooting
    |       documentation.
    | - errorInfo:
    |     domain: compute.googleapis.com
    |     metadatas:
    |       attachment: ''
    |       vmType: n2-standard-4
    |       zone: asia-east1-c
    |       zonesAvailable: ''
    |     reason: resource_availability
    | message: The zone 'projects/doris-poc/zones/asia-east1-c' does not have enough resources
    |   available to fulfill the request.  Try a different zone, or try again later.
17:18:22 $ /home/yugachang/workspace/doris-poc/venv/bin/python /home/yugachang/workspace/doris-poc/cluster.py wait /home/yugachang/workspace/doris-poc/.state/hosts.tsv 300
    |   waiting (51s): doris-1(fe), doris-3(fe), doris-1(be), doris-3(be)
    |   waiting (65s): doris-1(fe), doris-3(fe), doris-1(be), doris-3(be)
    |   waiting (79s): doris-1(fe), doris-3(fe), doris-1(be), doris-3(be)
    |   waiting (93s): doris-1(fe), doris-3(fe), doris-1(be), doris-3(be)
    |   waiting (107s): doris-1(fe), doris-3(fe), doris-1(be), doris-3(be)
    |   waiting (121s): doris-1(fe), doris-3(fe), doris-1(be), doris-3(be)
    |   waiting (135s): doris-1(fe), doris-3(fe), doris-1(be), doris-3(be)
    |   waiting (150s): doris-1(fe), doris-3(fe), doris-1(be), doris-3(be)
    |   waiting (164s): doris-1(fe), doris-3(fe), doris-1(be), doris-3(be)
    |   waiting (178s): doris-1(fe), doris-3(fe), doris-1(be), doris-3(be)
    |   waiting (192s): doris-1(fe), doris-3(fe), doris-1(be), doris-3(be)
    |   waiting (200s): OperationalError: (1105, 'Exception, msg: Node catalog is not ready, please wait for a while. To master prog
    |   waiting (208s): OperationalError: (1105, 'Exception, msg: Node catalog is not ready, please wait for a while. To master prog
    |   waiting (216s): OperationalError: (1105, 'Exception, msg: Node catalog is not ready, please wait for a while. To master prog
    |   waiting (224s): OperationalError: (1105, 'Exception, msg: Node catalog is not ready, please wait for a while. To master prog
    |   waiting (232s): OperationalError: (1105, 'Exception, msg: Node catalog is not ready, please wait for a while. To master prog
    |   waiting (240s): OperationalError: (1105, 'Exception, msg: Node catalog is not ready, please wait for a while. To master prog
    |   waiting (249s): doris-3(fe), doris-3(be), replicas={'OK': 8, 'DEAD': 4}
    |   waiting (257s): doris-3(fe), doris-3(be), replicas={'OK': 8, 'DEAD': 4}
    |   waiting (265s): doris-3(fe), doris-3(be), replicas={'OK': 8, 'DEAD': 4}
    |   waiting (273s): doris-3(fe), doris-3(be), replicas={'OK': 8, 'DEAD': 4}
    |   waiting (282s): doris-3(fe), doris-3(be), replicas={'OK': 8, 'DEAD': 4}
    |   waiting (290s): doris-3(fe), doris-3(be), replicas={'OK': 8, 'DEAD': 4}
    |   waiting (298s): doris-3(fe), doris-3(be), replicas={'OK': 8, 'DEAD': 4}
    | NOT healthy after 300s: doris-3(fe), doris-3(be), replicas={'OK': 8, 'DEAD': 4}
17:23:28   cluster NOT healthy (after restore)
17:23:28   restore did not converge — second attempt
17:23:28 $ /home/yugachang/workspace/doris-poc/demo.sh restore
    | Instance external IP is 34.80.24.53
    | Starting instance(s) doris-3...
    | ERROR: (gcloud.compute.instances.start) ---
    | code: ZONE_RESOURCE_POOL_EXHAUSTED
    | errorDetails:
    | - help:
    |     links:
    |     - description: Troubleshooting documentation
    |       url: https://cloud.google.com/compute/docs/resource-error
    | - localizedMessage:
    |     locale: en-US
    |     message: A n2-standard-4 VM instance is currently unavailable in the asia-east1-c
    |       zone. Alternatively, you can try your request again with a different VM hardware
    |       configuration or at a later time. For more information, see the troubleshooting
    |       documentation.
    | - errorInfo:
    |     domain: compute.googleapis.com
    |     metadatas:
    |       attachment: ''
    |       vmType: n2-standard-4
    |       zone: asia-east1-c
    |       zonesAvailable: ''
    |     reason: resource_availability
    | message: The zone 'projects/doris-poc/zones/asia-east1-c' does not have enough resources
    |   available to fulfill the request.  Try a different zone, or try again later.
17:23:44 $ /home/yugachang/workspace/doris-poc/venv/bin/python /home/yugachang/workspace/doris-poc/cluster.py wait /home/yugachang/workspace/doris-poc/.state/hosts.tsv 300
17:49:47 ##### pass 1 start: 2 scenario(s) ['double-two-vms', 'double-crossed']
17:49:47 $ /home/yugachang/workspace/doris-poc/venv/bin/python /home/yugachang/workspace/doris-poc/cluster.py wait /home/yugachang/workspace/doris-poc/.state/hosts.tsv 300
    | healthy after 0s
17:49:47   cluster healthy (before pass)
17:49:47 === [double-two-vms] 兩台 VM 停（FE 1/3、BE 1/3）  steps=['--target vm --on master', '--target vm --on follower']
17:49:47 $ /home/yugachang/workspace/doris-poc/demo.sh monitor --fresh
    | hatest.events (UNIQUE KEY, 3 replicas) rows=10204
    | active active active 
    | [1;32m✔ probes started on doris-client: mysql jdbc flight (logs /opt/probe/log/*.log)
17:49:52   wait 30s (baseline)
17:50:22 $ /home/yugachang/workspace/doris-poc/demo.sh break --target vm --on master
    | == break: vm stop on doris-2 (FE master) ==  [2m17:50:23
    | [1;35m▶ EVENT break: vm stop on doris-2 (FE master)
    | [1;35m▶ EVENT break: doris-2 is down
    | [1;32m✔ fault injected — watch the probes / run: ./demo.sh status
    | Stopping instance(s) doris-2...
    | Updated [https://compute.googleapis.com/compute/v1/projects/doris-poc/zones/asia-east1-b/instances/doris-2].
17:50:49   wait 30s (gap between breaks)
17:51:19 $ /home/yugachang/workspace/doris-poc/demo.sh break --target vm --on follower
    | == break: vm stop on doris-1 (FE follower) ==  [2m17:51:19
    | [1;35m▶ EVENT break: vm stop on doris-1 (FE follower)
    | [1;35m▶ EVENT break: doris-1 is down
    | [1;32m✔ fault injected — watch the probes / run: ./demo.sh status
    | Stopping instance(s) doris-1...
    | Updated [https://compute.googleapis.com/compute/v1/projects/doris-poc/zones/asia-east1-a/instances/doris-1].
17:51:44   wait 90s (observe)
17:53:14 $ /home/yugachang/workspace/doris-poc/demo.sh measure --json
17:53:33   during: mysql=讀寫正常 (106s), jdbc=讀寫正常 (88s), flight=讀取正常 (95s)  alive=alive check failed: OperationalError: (2013, 'Lost connection to MySQL server during query (timed out)')
17:53:33 $ /home/yugachang/workspace/doris-poc/demo.sh restore
    |   waiting (11s): SystemExit: no FE reachable: (2003, "Can't connect to MySQL server on '35.194.240.180' ([Errno 111] Co
    |   waiting (16s): SystemExit: no FE reachable: (2003, "Can't connect to MySQL server on '35.194.240.180' ([Errno 111] Co
    |   waiting (21s): SystemExit: no FE reachable: (2003, "Can't connect to MySQL server on '35.194.240.180' ([Errno 111] Co
    |   waiting (29s): doris-2(fe), replicas={'OK': 8, 'VERSION_ERROR': 4}
    |   waiting (34s): doris-2(fe), replicas={'OK': 8, 'VERSION_ERROR': 4}
    | healthy after 39s
    | [1;35m▶ EVENT restore: cluster healthy
    | (queried via doris-1 107.167.189.172)
    | FE:
    |   doris-1  10.140.0.2   follower alive=true  journal=50726
    |   doris-2  10.140.0.3   follower alive=true  journal=50728
    |   doris-3  10.140.0.4   MASTER   alive=true  journal=50741
    | BE:
    |   doris-1  10.140.0.2   alive=true  tablets=26
    |   doris-2  10.140.0.3   alive=true  tablets=29
    |   doris-3  10.140.0.4   alive=true  tablets=31
    | replicas hatest.events: {'OK': 12}   rows=10205
    | Starting instance(s) doris-1...
    | Updated [https://compute.googleapis.com/compute/v1/projects/doris-poc/zones/asia-east1-a/instances/doris-1].
    | Instance internal IP is 10.140.0.2
    | Instance external IP is 107.167.189.172
    | Starting instance(s) doris-2...
    | Updated [https://compute.googleapis.com/compute/v1/projects/doris-poc/zones/asia-east1-b/instances/doris-2].
    | Instance internal IP is 10.140.0.3
    | Instance external IP is 34.80.24.53
17:54:44   wait 25s (settle)
17:55:09 $ /home/yugachang/workspace/doris-poc/demo.sh measure --json
17:55:14   after:  mysql=讀寫正常 fails=32 impact=181s, jdbc=讀寫正常 fails=8 impact=180s, flight=讀取正常 fails=14 impact=182s  alive=FE 3/3 (master doris-3) BE 3/3 replicas {'OK': 12} rows=10204 via doris-1  healthy=True
17:55:14 === [double-crossed] 交錯故障（一台 VM 停、一台 BE dead、一台 FE dead）  steps=['--target vm --on doris-1', '--target be --mode dead --on doris-2', '--target fe --mode dead --on doris-3']
17:55:14 $ /home/yugachang/workspace/doris-poc/demo.sh monitor --fresh
    | hatest.events (UNIQUE KEY, 3 replicas) rows=10204
    | active active active 
    | [1;32m✔ probes started on doris-client: mysql jdbc flight (logs /opt/probe/log/*.log)
17:55:20   wait 30s (baseline)
17:55:50 $ /home/yugachang/workspace/doris-poc/demo.sh break --target vm --on doris-1
    | == break: vm stop on doris-1 (FE follower) ==  [2m17:55:50
    | [1;35m▶ EVENT break: vm stop on doris-1 (FE follower)
    | [1;35m▶ EVENT break: doris-1 is down
    | [1;32m✔ fault injected — watch the probes / run: ./demo.sh status
    | Stopping instance(s) doris-1...
    | Updated [https://compute.googleapis.com/compute/v1/projects/doris-poc/zones/asia-east1-a/instances/doris-1].
17:56:16   wait 30s (gap between breaks)
17:56:46 $ /home/yugachang/workspace/doris-poc/demo.sh break --target be --mode dead --on doris-2
    | == break: be dead on doris-2 (FE follower) ==  [2m17:56:49
    | [1;35m▶ EVENT break: be dead on doris-2 (FE follower)
    | stopped
    | [1;32m✔ fault injected — watch the probes / run: ./demo.sh status
17:56:56   wait 30s (gap between breaks)
17:57:26 $ /home/yugachang/workspace/doris-poc/demo.sh break --target fe --mode dead --on doris-3
    | == break: fe dead on doris-3 (FE master) ==  [2m17:57:29
    | [1;35m▶ EVENT break: fe dead on doris-3 (FE master)
    | stopped
    | [1;32m✔ fault injected — watch the probes / run: ./demo.sh status
17:57:35   wait 90s (observe)
17:59:05 $ /home/yugachang/workspace/doris-poc/demo.sh measure --json
17:59:13   during: mysql=只讀 (89s), jdbc=只讀 (44s), flight=讀取正常 (157s)  alive=alive check failed: OperationalError: (1105, 'Exception, msg: Failed to get master client.')
17:59:13 $ /home/yugachang/workspace/doris-poc/demo.sh restore
    |   waiting (3s): OperationalError: (1105, 'Exception, msg: Failed to get master client.')
    |   waiting (11s): OperationalError: (1105, 'Exception, msg: Failed to get master client.')
    |   waiting (16s): doris-1(fe), doris-1(be), doris-3(be)
    |   waiting (21s): doris-1(fe), doris-1(be), doris-3(be)
    |   waiting (26s): doris-1(fe), doris-1(be), doris-2(be), doris-3(be)
    |   waiting (35s): replicas={'VERSION_ERROR': 4, 'OK': 8}
    |   waiting (40s): replicas={'VERSION_ERROR': 4, 'OK': 8}
    |   waiting (45s): replicas={'VERSION_ERROR': 4, 'OK': 8}
    |   waiting (50s): replicas={'VERSION_ERROR': 4, 'OK': 8}
    | healthy after 55s
    | [1;35m▶ EVENT restore: cluster healthy
    | (queried via doris-1 107.167.189.172)
    | FE:
    |   doris-1  10.140.0.2   follower alive=true  journal=51170
    |   doris-2  10.140.0.3   follower alive=true  journal=51170
    |   doris-3  10.140.0.4   MASTER   alive=true  journal=51187
    | BE:
    |   doris-1  10.140.0.2   alive=true  tablets=26
    |   doris-2  10.140.0.3   alive=true  tablets=29
    |   doris-3  10.140.0.4   alive=true  tablets=31
    | replicas hatest.events: {'OK': 12}   rows=10206
    | Starting instance(s) doris-1...
    | Updated [https://compute.googleapis.com/compute/v1/projects/doris-poc/zones/asia-east1-a/instances/doris-1].
    | Instance internal IP is 10.140.0.2
    | Instance external IP is 107.167.189.172
18:00:39   wait 25s (settle)
18:01:04 $ /home/yugachang/workspace/doris-poc/demo.sh measure --json
18:01:10   after:  mysql=讀寫正常 fails=62 impact=132s, jdbc=讀寫正常 fails=88 impact=211s, flight=讀取正常 fails=27 impact=229s  alive=FE 3/3 (master doris-3) BE 3/3 replicas {'OK': 12} rows=10208 via doris-1  healthy=True
18:01:10 $ /home/yugachang/workspace/doris-poc/demo.sh measure
18:01:15 $ /home/yugachang/workspace/doris-poc/demo.sh stop
    |   "name" = "doris-client"
    |   "zone" = "asia-east1-a"
    | }
    | inventory = "./../ansible/inventory.ini"
    | nodes = [
    |   {
    |     "external_ip" = "107.167.189.172"
    |     "internal_ip" = "10.140.0.2"
    |     "name" = "doris-1"
    |     "zone" = "asia-east1-a"
    |   },
    |   {
    |     "external_ip" = "34.80.24.53"
    |     "internal_ip" = "10.140.0.3"
    |     "name" = "doris-2"
    |     "zone" = "asia-east1-b"
    |   },
    |   {
    |     "external_ip" = "35.194.240.180"
    |     "internal_ip" = "10.140.0.4"
    |     "name" = "doris-3"
    |     "zone" = "asia-east1-c"
    |   },
    | ]
    | [1;32m✔ stopped (disks kept)
18:02:07 ##### pass 1 done: 2/2 scenarios
