23:46:03 PROBE start proto=arrow-flight hosts=doris-1,doris-2,doris-3 duration=86400s cycle=INSERT>UPSERT>SELECT>DELETE>SELECT
23:46:03 connected to doris-1 (10.140.0.2)
23:46:03 DML unsupported over arrow-flight (InternalError: RuntimeException, msg: getMysqlChannel not in mysql connection (Internal; ExecuteQuery)) — switching to SELECT-only mode
23:46:03 #1 OK SELECT id=3551630 via doris-1 rows=10020 [doris-1:f:up doris-2:f:up doris-3:M:up]
23:46:04 #2 OK SELECT id=3551630 via doris-1 rows=10021 [doris-1:f:up doris-2:f:up doris-3:M:up]
23:46:05 #3 OK SELECT id=3551630 via doris-1 rows=10021 [doris-1:f:up doris-2:f:up doris-3:M:up]
23:46:06 #4 OK SELECT id=3551630 via doris-1 rows=10020 [doris-1:f:up doris-2:f:up doris-3:M:up]
23:46:07 #5 OK SELECT id=3551630 via doris-1 rows=10019 [doris-1:f:up doris-2:f:up doris-3:M:up]
23:46:08 #6 OK SELECT id=3551630 via doris-1 rows=10020 [doris-1:f:up doris-2:f:up doris-3:M:up]
23:46:09 #7 OK SELECT id=3551630 via doris-1 rows=10021 [doris-1:f:up doris-2:f:up doris-3:M:up]
23:46:10 #8 OK SELECT id=3551630 via doris-1 rows=10021 [doris-1:f:up doris-2:f:up doris-3:M:up]
23:46:11 #9 OK SELECT id=3551630 via doris-1 rows=10021 [doris-1:f:up doris-2:f:up doris-3:M:up]
23:46:12 #10 OK SELECT id=3551630 via doris-1 rows=10019 [doris-1:f:up doris-2:f:up doris-3:M:up]
23:46:14 #11 OK SELECT id=3551630 via doris-1 rows=10019 [doris-1:f:up doris-2:f:up doris-3:M:up]
23:46:15 #12 OK SELECT id=3551630 via doris-1 rows=10021 [doris-1:f:up doris-2:f:up doris-3:M:up]
23:46:16 #13 OK SELECT id=3551630 via doris-1 rows=10021 [doris-1:f:up doris-2:f:up doris-3:M:up]
23:46:17 #14 OK SELECT id=3551630 via doris-1 rows=10021 [doris-1:f:up doris-2:f:up doris-3:M:up]
23:46:18 #15 OK SELECT id=3551630 via doris-1 rows=10019 [doris-1:f:up doris-2:f:up doris-3:M:up]
23:46:19 #16 OK SELECT id=3551630 via doris-1 rows=10019 [doris-1:f:up doris-2:f:up doris-3:M:up]
23:46:20 #17 OK SELECT id=3551630 via doris-1 rows=10021 [doris-1:f:up doris-2:f:up doris-3:M:up]
23:46:21 #18 OK SELECT id=3551630 via doris-1 rows=10021 [doris-1:f:up doris-2:f:up doris-3:M:up]
23:46:22 #19 OK SELECT id=3551630 via doris-1 rows=10021 [doris-1:f:up doris-2:f:up doris-3:M:up]
23:46:23 #20 OK SELECT id=3551630 via doris-1 rows=10019 [doris-1:f:up doris-2:f:up doris-3:M:up]
23:46:24 #21 OK SELECT id=3551630 via doris-1 rows=10019 [doris-1:f:up doris-2:f:up doris-3:M:up]
23:46:25 #22 OK SELECT id=3551630 via doris-1 rows=10021 [doris-1:f:up doris-2:f:up doris-3:M:up]
23:46:26 #23 OK SELECT id=3551630 via doris-1 rows=10021 [doris-1:f:up doris-2:f:up doris-3:M:up]
23:46:27 #24 OK SELECT id=3551630 via doris-1 rows=10021 [doris-1:f:up doris-2:f:up doris-3:M:up]
23:46:28 #25 OK SELECT id=3551630 via doris-1 rows=10019 [doris-1:f:up doris-2:f:up doris-3:M:up]
23:46:29 #26 OK SELECT id=3551630 via doris-1 rows=10019 [doris-1:f:up doris-2:f:up doris-3:M:up]
23:46:30 #27 OK SELECT id=3551630 via doris-1 rows=10021 [doris-1:f:up doris-2:f:up doris-3:M:up]
23:46:32 #28 OK SELECT id=3551630 via doris-1 rows=10021 [doris-1:f:up doris-2:f:up doris-3:M:up]
23:46:33 #29 OK SELECT id=3551630 via doris-1 rows=10021 [doris-1:f:up doris-2:f:up doris-3:M:up]
23:46:34 #30 OK SELECT id=3551630 via doris-1 rows=10019 [doris-1:f:up doris-2:f:up doris-3:M:up]
23:46:35 #31 OK SELECT id=3551630 via doris-1 rows=10019 [doris-1:f:up doris-2:f:up doris-3:M:up]
23:46:36 #32 OK SELECT id=3551630 via doris-1 rows=10021 [doris-1:f:up doris-2:f:up doris-3:M:up]
23:46:37 #33 OK SELECT id=3551630 via doris-1 rows=10021 [doris-1:f:up doris-2:f:up doris-3:M:up]
23:46:37 EVENT break: vm stop on doris-3 (FE master)
23:46:38 #34 OK SELECT id=3551630 via doris-1 rows=10021 [doris-1:f:up doris-2:f:up doris-3:M:up]
23:46:39 #35 OK SELECT id=3551630 via doris-1 rows=10019 [doris-1:f:up doris-2:f:up doris-3:M:up]
23:46:40 #36 OK SELECT id=3551630 via doris-1 rows=10019 [doris-1:f:up doris-2:f:up doris-3:M:up]
23:46:41 #37 FAIL SELECT id=3551630 via doris-1: InternalError: INTERNAL: [FlightSQL] get flight info statement failed, after executeQueryStatement handleQuery, java.lang.Run
23:46:42 connected to doris-1 (10.140.0.2)
23:46:42 #38 OK SELECT id=3551630 via doris-1 rows=10020 [doris-1:f:up doris-2:M:up doris-3:f:DOWN] (recovered)
23:46:43 #39 OK SELECT id=3551630 via doris-1 rows=10022 [doris-1:f:up doris-2:M:up doris-3:f:DOWN]
23:46:44 #40 OK SELECT id=3551630 via doris-1 rows=10022 [doris-1:f:up doris-2:M:up doris-3:f:DOWN]
23:46:45 #41 OK SELECT id=3551630 via doris-1 rows=10022 [doris-1:f:up doris-2:M:up doris-3:f:DOWN]
23:46:46 #42 OK SELECT id=3551630 via doris-1 rows=10020 [doris-1:f:up doris-2:M:up doris-3:f:DOWN]
23:46:48 #43 OK SELECT id=3551630 via doris-1 rows=10020 [doris-1:f:up doris-2:M:up doris-3:f:DOWN]
23:46:49 #44 OK SELECT id=3551630 via doris-1 rows=10022 [doris-1:f:up doris-2:M:up doris-3:f:DOWN]
23:46:50 #45 OK SELECT id=3551630 via doris-1 rows=10022 [doris-1:f:up doris-2:M:up doris-3:f:DOWN]
23:46:51 #46 OK SELECT id=3551630 via doris-1 rows=10022 [doris-1:f:up doris-2:M:up doris-3:f:DOWN]
23:46:52 #47 OK SELECT id=3551630 via doris-1 rows=10020 [doris-1:f:up doris-2:M:up doris-3:f:DOWN]
23:46:53 #48 OK SELECT id=3551630 via doris-1 rows=10020 [doris-1:f:up doris-2:M:up doris-3:f:DOWN]
23:46:54 #49 OK SELECT id=3551630 via doris-1 rows=10022 [doris-1:f:up doris-2:M:up doris-3:f:DOWN]
23:46:55 #50 OK SELECT id=3551630 via doris-1 rows=10022 [doris-1:f:up doris-2:M:up doris-3:f:DOWN]
23:46:56 #51 OK SELECT id=3551630 via doris-1 rows=10022 [doris-1:f:up doris-2:M:up doris-3:f:DOWN]
23:46:57 #52 OK SELECT id=3551630 via doris-1 rows=10020 [doris-1:f:up doris-2:M:up doris-3:f:DOWN]
23:46:58 #53 OK SELECT id=3551630 via doris-1 rows=10020 [doris-1:f:up doris-2:M:up doris-3:f:DOWN]
23:46:59 #54 OK SELECT id=3551630 via doris-1 rows=10022 [doris-1:f:up doris-2:M:up doris-3:f:DOWN]
23:47:00 #55 OK SELECT id=3551630 via doris-1 rows=10022 [doris-1:f:up doris-2:M:up doris-3:f:DOWN]
23:47:01 #56 OK SELECT id=3551630 via doris-1 rows=10022 [doris-1:f:up doris-2:M:up doris-3:f:DOWN]
23:47:02 EVENT break: doris-3 is down
23:47:02 #57 OK SELECT id=3551630 via doris-1 rows=10020 [doris-1:f:up doris-2:M:up doris-3:f:DOWN]
23:47:03 #58 OK SELECT id=3551630 via doris-1 rows=10020 [doris-1:f:up doris-2:M:up doris-3:f:DOWN]
23:47:04 #59 OK SELECT id=3551630 via doris-1 rows=10022 [doris-1:f:up doris-2:M:up doris-3:f:DOWN]
23:47:06 #60 OK SELECT id=3551630 via doris-1 rows=10022 [doris-1:f:up doris-2:M:up doris-3:f:DOWN]
23:47:07 #61 OK SELECT id=3551630 via doris-1 rows=10022 [doris-1:f:up doris-2:M:up doris-3:f:DOWN]
23:47:08 #62 OK SELECT id=3551630 via doris-1 rows=10020 [doris-1:f:up doris-2:M:up doris-3:f:DOWN]
23:47:09 #63 OK SELECT id=3551630 via doris-1 rows=10020 [doris-1:f:up doris-2:M:up doris-3:f:DOWN]
23:47:10 #64 OK SELECT id=3551630 via doris-1 rows=10022 [doris-1:f:up doris-2:M:up doris-3:f:DOWN]
23:47:11 #65 OK SELECT id=3551630 via doris-1 rows=10022 [doris-1:f:up doris-2:M:up doris-3:f:DOWN]
23:47:12 #66 OK SELECT id=3551630 via doris-1 rows=10022 [doris-1:f:up doris-2:M:up doris-3:f:DOWN]
23:47:13 #67 OK SELECT id=3551630 via doris-1 rows=10020 [doris-1:f:up doris-2:M:up doris-3:f:DOWN]
23:47:14 #68 OK SELECT id=3551630 via doris-1 rows=10020 [doris-1:f:up doris-2:M:up doris-3:f:DOWN]
23:47:15 #69 OK SELECT id=3551630 via doris-1 rows=10022 [doris-1:f:up doris-2:M:up doris-3:f:DOWN]
23:47:16 #70 OK SELECT id=3551630 via doris-1 rows=10022 [doris-1:f:up doris-2:M:up doris-3:f:DOWN]
23:47:17 #71 OK SELECT id=3551630 via doris-1 rows=10022 [doris-1:f:up doris-2:M:up doris-3:f:DOWN]
23:47:18 #72 OK SELECT id=3551630 via doris-1 rows=10022 [doris-1:f:up doris-2:M:up doris-3:f:DOWN]
23:47:19 #73 OK SELECT id=3551630 via doris-1 rows=10020 [doris-1:f:up doris-2:M:up doris-3:f:DOWN]
23:47:20 #74 OK SELECT id=3551630 via doris-1 rows=10020 [doris-1:f:up doris-2:M:up doris-3:f:DOWN]
23:47:21 #75 OK SELECT id=3551630 via doris-1 rows=10022 [doris-1:f:up doris-2:M:up doris-3:f:DOWN]
23:47:22 #76 OK SELECT id=3551630 via doris-1 rows=10022 [doris-1:f:up doris-2:M:up doris-3:f:DOWN]
23:47:24 #77 OK SELECT id=3551630 via doris-1 rows=10022 [doris-1:f:up doris-2:M:up doris-3:f:DOWN]
23:47:25 #78 OK SELECT id=3551630 via doris-1 rows=10020 [doris-1:f:up doris-2:M:up doris-3:f:DOWN]
23:47:26 #79 OK SELECT id=3551630 via doris-1 rows=10020 [doris-1:f:up doris-2:M:up doris-3:f:DOWN]
23:47:27 #80 OK SELECT id=3551630 via doris-1 rows=10022 [doris-1:f:up doris-2:M:up doris-3:f:DOWN]
23:47:28 #81 OK SELECT id=3551630 via doris-1 rows=10022 [doris-1:f:up doris-2:M:up doris-3:f:DOWN]
23:47:29 #82 OK SELECT id=3551630 via doris-1 rows=10022 [doris-1:f:up doris-2:M:up doris-3:f:DOWN]
23:47:30 #83 OK SELECT id=3551630 via doris-1 rows=10020 [doris-1:f:up doris-2:M:up doris-3:f:DOWN]
23:47:31 #84 OK SELECT id=3551630 via doris-1 rows=10020 [doris-1:f:up doris-2:M:up doris-3:f:DOWN]
23:47:32 #85 OK SELECT id=3551630 via doris-1 rows=10022 [doris-1:f:up doris-2:M:up doris-3:f:DOWN]
23:47:33 #86 OK SELECT id=3551630 via doris-1 rows=10022 [doris-1:f:up doris-2:M:up doris-3:f:DOWN]
23:47:34 #87 OK SELECT id=3551630 via doris-1 rows=10022 [doris-1:f:up doris-2:M:up doris-3:f:DOWN]
23:47:35 #88 OK SELECT id=3551630 via doris-1 rows=10020 [doris-1:f:up doris-2:M:up doris-3:f:DOWN]
23:47:36 #89 OK SELECT id=3551630 via doris-1 rows=10020 [doris-1:f:up doris-2:M:up doris-3:f:DOWN]
23:47:37 #90 OK SELECT id=3551630 via doris-1 rows=10022 [doris-1:f:up doris-2:M:up doris-3:f:DOWN]
23:47:38 #91 OK SELECT id=3551630 via doris-1 rows=10022 [doris-1:f:up doris-2:M:up doris-3:f:DOWN]
23:47:39 #92 OK SELECT id=3551630 via doris-1 rows=10022 [doris-1:f:up doris-2:M:up doris-3:f:DOWN]
23:47:40 #93 OK SELECT id=3551630 via doris-1 rows=10020 [doris-1:f:up doris-2:M:up doris-3:f:DOWN]
23:47:41 #94 OK SELECT id=3551630 via doris-1 rows=10020 [doris-1:f:up doris-2:M:up doris-3:f:DOWN]
23:47:43 #95 OK SELECT id=3551630 via doris-1 rows=10022 [doris-1:f:up doris-2:M:up doris-3:f:DOWN]
23:47:44 #96 OK SELECT id=3551630 via doris-1 rows=10022 [doris-1:f:up doris-2:M:up doris-3:f:DOWN]
23:47:45 #97 OK SELECT id=3551630 via doris-1 rows=10022 [doris-1:f:up doris-2:M:up doris-3:f:DOWN]
23:47:46 #98 OK SELECT id=3551630 via doris-1 rows=10020 [doris-1:f:up doris-2:M:up doris-3:f:DOWN]
23:47:47 #99 OK SELECT id=3551630 via doris-1 rows=10020 [doris-1:f:up doris-2:M:up doris-3:f:DOWN]
23:47:48 #100 OK SELECT id=3551630 via doris-1 rows=10022 [doris-1:f:up doris-2:M:up doris-3:f:DOWN]
23:47:49 #101 OK SELECT id=3551630 via doris-1 rows=10022 [doris-1:f:up doris-2:M:up doris-3:f:DOWN]
23:47:50 #102 OK SELECT id=3551630 via doris-1 rows=10022 [doris-1:f:up doris-2:M:up doris-3:f:DOWN]
23:47:51 #103 OK SELECT id=3551630 via doris-1 rows=10020 [doris-1:f:up doris-2:M:up doris-3:f:DOWN]
23:47:52 #104 OK SELECT id=3551630 via doris-1 rows=10020 [doris-1:f:up doris-2:M:up doris-3:f:DOWN]
23:47:53 #105 OK SELECT id=3551630 via doris-1 rows=10022 [doris-1:f:up doris-2:M:up doris-3:f:DOWN]
23:47:54 #106 OK SELECT id=3551630 via doris-1 rows=10022 [doris-1:f:up doris-2:M:up doris-3:f:DOWN]
23:47:55 #107 OK SELECT id=3551630 via doris-1 rows=10022 [doris-1:f:up doris-2:M:up doris-3:f:DOWN]
23:47:56 #108 OK SELECT id=3551630 via doris-1 rows=10020 [doris-1:f:up doris-2:M:up doris-3:f:DOWN]
23:47:57 #109 OK SELECT id=3551630 via doris-1 rows=10020 [doris-1:f:up doris-2:M:up doris-3:f:DOWN]
23:47:58 #110 OK SELECT id=3551630 via doris-1 rows=10022 [doris-1:f:up doris-2:M:up doris-3:f:DOWN]
23:47:59 #111 OK SELECT id=3551630 via doris-1 rows=10022 [doris-1:f:up doris-2:M:up doris-3:f:DOWN]
23:48:00 #112 OK SELECT id=3551630 via doris-1 rows=10022 [doris-1:f:up doris-2:M:up doris-3:f:DOWN]
23:48:02 #113 OK SELECT id=3551630 via doris-1 rows=10020 [doris-1:f:up doris-2:M:up doris-3:f:DOWN]
23:48:03 #114 OK SELECT id=3551630 via doris-1 rows=10020 [doris-1:f:up doris-2:M:up doris-3:f:DOWN]
23:48:04 #115 OK SELECT id=3551630 via doris-1 rows=10022 [doris-1:f:up doris-2:M:up doris-3:f:DOWN]
23:48:05 #116 OK SELECT id=3551630 via doris-1 rows=10022 [doris-1:f:up doris-2:M:up doris-3:f:DOWN]
23:48:06 #117 OK SELECT id=3551630 via doris-1 rows=10022 [doris-1:f:up doris-2:M:up doris-3:f:DOWN]
23:48:07 #118 OK SELECT id=3551630 via doris-1 rows=10020 [doris-1:f:up doris-2:M:up doris-3:f:DOWN]
23:48:08 #119 OK SELECT id=3551630 via doris-1 rows=10020 [doris-1:f:up doris-2:M:up doris-3:f:DOWN]
23:48:09 #120 OK SELECT id=3551630 via doris-1 rows=10022 [doris-1:f:up doris-2:M:up doris-3:f:DOWN]
23:48:10 #121 OK SELECT id=3551630 via doris-1 rows=10022 [doris-1:f:up doris-2:M:up doris-3:f:DOWN]
23:48:11 #122 OK SELECT id=3551630 via doris-1 rows=10022 [doris-1:f:up doris-2:M:up doris-3:f:DOWN]
23:48:12 #123 OK SELECT id=3551630 via doris-1 rows=10020 [doris-1:f:up doris-2:M:up doris-3:f:DOWN]
23:48:13 #124 OK SELECT id=3551630 via doris-1 rows=10020 [doris-1:f:up doris-2:M:up doris-3:f:DOWN]
23:48:14 #125 OK SELECT id=3551630 via doris-1 rows=10022 [doris-1:f:up doris-2:M:up doris-3:f:DOWN]
23:48:15 #126 OK SELECT id=3551630 via doris-1 rows=10022 [doris-1:f:up doris-2:M:up doris-3:f:DOWN]
23:48:16 #127 OK SELECT id=3551630 via doris-1 rows=10022 [doris-1:f:up doris-2:M:up doris-3:f:DOWN]
23:48:17 #128 OK SELECT id=3551630 via doris-1 rows=10020 [doris-1:f:up doris-2:M:up doris-3:f:DOWN]
23:48:18 #129 OK SELECT id=3551630 via doris-1 rows=10020 [doris-1:f:up doris-2:M:up doris-3:f:DOWN]
23:48:19 #130 OK SELECT id=3551630 via doris-1 rows=10022 [doris-1:f:up doris-2:M:up doris-3:f:DOWN]
23:48:21 #131 OK SELECT id=3551630 via doris-1 rows=10022 [doris-1:f:up doris-2:M:up doris-3:f:DOWN]
23:48:22 #132 OK SELECT id=3551630 via doris-1 rows=10022 [doris-1:f:up doris-2:M:up doris-3:f:DOWN]
23:48:23 #133 OK SELECT id=3551630 via doris-1 rows=10020 [doris-1:f:up doris-2:M:up doris-3:f:DOWN]
23:48:24 #134 OK SELECT id=3551630 via doris-1 rows=10020 [doris-1:f:up doris-2:M:up doris-3:f:DOWN]
23:48:25 #135 OK SELECT id=3551630 via doris-1 rows=10022 [doris-1:f:up doris-2:M:up doris-3:f:DOWN]
23:48:26 #136 OK SELECT id=3551630 via doris-1 rows=10022 [doris-1:f:up doris-2:M:up doris-3:f:DOWN]
23:48:27 #137 OK SELECT id=3551630 via doris-1 rows=10022 [doris-1:f:up doris-2:M:up doris-3:f:DOWN]
23:48:28 #138 OK SELECT id=3551630 via doris-1 rows=10020 [doris-1:f:up doris-2:M:up doris-3:f:DOWN]
23:48:29 #139 OK SELECT id=3551630 via doris-1 rows=10020 [doris-1:f:up doris-2:M:up doris-3:f:DOWN]
23:48:30 #140 OK SELECT id=3551630 via doris-1 rows=10022 [doris-1:f:up doris-2:M:up doris-3:f:DOWN]
23:48:31 #141 OK SELECT id=3551630 via doris-1 rows=10022 [doris-1:f:up doris-2:M:up doris-3:f:DOWN]
23:48:32 #142 OK SELECT id=3551630 via doris-1 rows=10022 [doris-1:f:up doris-2:M:up doris-3:f:DOWN]
23:48:33 #143 OK SELECT id=3551630 via doris-1 rows=10020 [doris-1:f:up doris-2:M:up doris-3:f:DOWN]
23:48:34 #144 OK SELECT id=3551630 via doris-1 rows=10020 [doris-1:f:up doris-2:M:up doris-3:f:DOWN]
23:48:35 #145 OK SELECT id=3551630 via doris-1 rows=10022 [doris-1:f:up doris-2:M:up doris-3:f:DOWN]
23:48:36 #146 OK SELECT id=3551630 via doris-1 rows=10022 [doris-1:f:up doris-2:M:up doris-3:f:DOWN]
23:48:37 #147 OK SELECT id=3551630 via doris-1 rows=10022 [doris-1:f:up doris-2:M:up doris-3:f:DOWN]
23:48:38 #148 OK SELECT id=3551630 via doris-1 rows=10020 [doris-1:f:up doris-2:M:up doris-3:f:DOWN]
23:48:39 #149 OK SELECT id=3551630 via doris-1 rows=10020 [doris-1:f:up doris-2:M:up doris-3:f:DOWN]
23:48:40 EVENT restore: start doris-3
23:48:41 #150 OK SELECT id=3551630 via doris-1 rows=10022 [doris-1:f:up doris-2:M:up doris-3:f:DOWN]
23:48:42 #151 OK SELECT id=3551630 via doris-1 rows=10022 [doris-1:f:up doris-2:M:up doris-3:f:DOWN]
23:48:43 #152 OK SELECT id=3551630 via doris-1 rows=10022 [doris-1:f:up doris-2:M:up doris-3:f:DOWN]
23:48:44 #153 OK SELECT id=3551630 via doris-1 rows=10020 [doris-1:f:up doris-2:M:up doris-3:f:DOWN]
23:48:45 #154 OK SELECT id=3551630 via doris-1 rows=10020 [doris-1:f:up doris-2:M:up doris-3:f:DOWN]
23:48:46 #155 OK SELECT id=3551630 via doris-1 rows=10022 [doris-1:f:up doris-2:M:up doris-3:f:DOWN]
23:48:47 #156 OK SELECT id=3551630 via doris-1 rows=10022 [doris-1:f:up doris-2:M:up doris-3:f:DOWN]
23:48:48 #157 OK SELECT id=3551630 via doris-1 rows=10022 [doris-1:f:up doris-2:M:up doris-3:f:DOWN]
23:48:49 #158 OK SELECT id=3551630 via doris-1 rows=10020 [doris-1:f:up doris-2:M:up doris-3:f:DOWN]
23:48:50 #159 OK SELECT id=3551630 via doris-1 rows=10020 [doris-1:f:up doris-2:M:up doris-3:f:DOWN]
23:48:51 #160 OK SELECT id=3551630 via doris-1 rows=10022 [doris-1:f:up doris-2:M:up doris-3:f:DOWN]
23:48:52 #161 OK SELECT id=3551630 via doris-1 rows=10022 [doris-1:f:up doris-2:M:up doris-3:f:DOWN]
23:48:53 #162 OK SELECT id=3551630 via doris-1 rows=10022 [doris-1:f:up doris-2:M:up doris-3:f:DOWN]
23:48:54 #163 OK SELECT id=3551630 via doris-1 rows=10020 [doris-1:f:up doris-2:M:up doris-3:f:DOWN]
23:48:55 #164 OK SELECT id=3551630 via doris-1 rows=10020 [doris-1:f:up doris-2:M:up doris-3:f:DOWN]
23:48:56 #165 OK SELECT id=3551630 via doris-1 rows=10022 [doris-1:f:up doris-2:M:up doris-3:f:DOWN]
23:48:57 #166 OK SELECT id=3551630 via doris-1 rows=10022 [doris-1:f:up doris-2:M:up doris-3:f:DOWN]
23:48:58 #167 OK SELECT id=3551630 via doris-1 rows=10022 [doris-1:f:up doris-2:M:up doris-3:f:DOWN]
23:48:59 #168 OK SELECT id=3551630 via doris-1 rows=10020 [doris-1:f:up doris-2:M:up doris-3:f:DOWN]
23:49:01 #169 OK SELECT id=3551630 via doris-1 rows=10020 [doris-1:f:up doris-2:M:up doris-3:f:DOWN]
23:49:02 #170 OK SELECT id=3551630 via doris-1 rows=10022 [doris-1:f:up doris-2:M:up doris-3:f:DOWN]
23:49:03 #171 OK SELECT id=3551630 via doris-1 rows=10022 [doris-1:f:up doris-2:M:up doris-3:f:DOWN]
23:49:04 #172 OK SELECT id=3551630 via doris-1 rows=10022 [doris-1:f:up doris-2:M:up doris-3:f:DOWN]
23:49:05 #173 OK SELECT id=3551630 via doris-1 rows=10020 [doris-1:f:up doris-2:M:up doris-3:f:DOWN]
23:49:06 #174 OK SELECT id=3551630 via doris-1 rows=10020 [doris-1:f:up doris-2:M:up doris-3:f:DOWN]
23:49:07 #175 OK SELECT id=3551630 via doris-1 rows=10022 [doris-1:f:up doris-2:M:up doris-3:f:DOWN]
23:49:08 #176 OK SELECT id=3551630 via doris-1 rows=10022 [doris-1:f:up doris-2:M:up doris-3:f:DOWN]
23:49:09 #177 OK SELECT id=3551630 via doris-1 rows=10022 [doris-1:f:up doris-2:M:up doris-3:f:DOWN]
23:49:10 #178 OK SELECT id=3551630 via doris-1 rows=10020 [doris-1:f:up doris-2:M:up doris-3:f:DOWN]
23:49:11 #179 OK SELECT id=3551630 via doris-1 rows=10020 [doris-1:f:up doris-2:M:up doris-3:f:DOWN]
23:49:12 #180 OK SELECT id=3551630 via doris-1 rows=10022 [doris-1:f:up doris-2:M:up doris-3:f:DOWN]
23:49:13 #181 OK SELECT id=3551630 via doris-1 rows=10022 [doris-1:f:up doris-2:M:up doris-3:f:DOWN]
23:49:14 #182 OK SELECT id=3551630 via doris-1 rows=10022 [doris-1:f:up doris-2:M:up doris-3:f:DOWN]
23:49:15 #183 OK SELECT id=3551630 via doris-1 rows=10020 [doris-1:f:up doris-2:M:up doris-3:f:DOWN]
23:49:16 #184 OK SELECT id=3551630 via doris-1 rows=10020 [doris-1:f:up doris-2:M:up doris-3:f:DOWN]
23:49:17 #185 OK SELECT id=3551630 via doris-1 rows=10022 [doris-1:f:up doris-2:M:up doris-3:f:DOWN]
23:49:18 #186 OK SELECT id=3551630 via doris-1 rows=10022 [doris-1:f:up doris-2:M:up doris-3:f:DOWN]
23:49:20 #187 OK SELECT id=3551630 via doris-1 rows=10022 [doris-1:f:up doris-2:M:up doris-3:f:up]
23:49:21 #188 OK SELECT id=3551630 via doris-1 rows=10020 [doris-1:f:up doris-2:M:up doris-3:f:up]
23:49:22 #189 OK SELECT id=3551630 via doris-1 rows=10020 [doris-1:f:up doris-2:M:up doris-3:f:up]
23:49:23 #190 OK SELECT id=3551630 via doris-1 rows=10021 [doris-1:f:up doris-2:M:up doris-3:f:up]
23:49:24 #191 OK SELECT id=3551630 via doris-1 rows=10022 [doris-1:f:up doris-2:M:up doris-3:f:up]
23:49:25 #192 OK SELECT id=3551630 via doris-1 rows=10022 [doris-1:f:up doris-2:M:up doris-3:f:up]
23:49:26 #193 OK SELECT id=3551630 via doris-1 rows=10021 [doris-1:f:up doris-2:M:up doris-3:f:up]
23:49:27 #194 OK SELECT id=3551630 via doris-1 rows=10020 [doris-1:f:up doris-2:M:up doris-3:f:up]
23:49:28 #195 OK SELECT id=3551630 via doris-1 rows=10021 [doris-1:f:up doris-2:M:up doris-3:f:up]
23:49:28 EVENT restore: cluster healthy
23:49:29 #196 OK SELECT id=3551630 via doris-1 rows=10022 [doris-1:f:up doris-2:M:up doris-3:f:up]
23:49:30 #197 OK SELECT id=3551630 via doris-1 rows=10022 [doris-1:f:up doris-2:M:up doris-3:f:up]
23:49:31 #198 OK SELECT id=3551630 via doris-1 rows=10021 [doris-1:f:up doris-2:M:up doris-3:f:up]
23:49:32 #199 OK SELECT id=3551630 via doris-1 rows=10020 [doris-1:f:up doris-2:M:up doris-3:f:up]
23:49:33 #200 OK SELECT id=3551630 via doris-1 rows=10021 [doris-1:f:up doris-2:M:up doris-3:f:up]
23:49:34 #201 OK SELECT id=3551630 via doris-1 rows=10022 [doris-1:f:up doris-2:M:up doris-3:f:up]
23:49:35 #202 OK SELECT id=3551630 via doris-1 rows=10022 [doris-1:f:up doris-2:M:up doris-3:f:up]
23:49:37 #203 OK SELECT id=3551630 via doris-1 rows=10021 [doris-1:f:up doris-2:M:up doris-3:f:up]
23:49:38 #204 OK SELECT id=3551630 via doris-1 rows=10020 [doris-1:f:up doris-2:M:up doris-3:f:up]
23:49:39 #205 OK SELECT id=3551630 via doris-1 rows=10021 [doris-1:f:up doris-2:M:up doris-3:f:up]
23:49:40 #206 OK SELECT id=3551630 via doris-1 rows=10022 [doris-1:f:up doris-2:M:up doris-3:f:up]
23:49:41 #207 OK SELECT id=3551630 via doris-1 rows=10022 [doris-1:f:up doris-2:M:up doris-3:f:up]
23:49:42 #208 OK SELECT id=3551630 via doris-1 rows=10021 [doris-1:f:up doris-2:M:up doris-3:f:up]
23:49:43 #209 OK SELECT id=3551630 via doris-1 rows=10020 [doris-1:f:up doris-2:M:up doris-3:f:up]
23:49:44 #210 OK SELECT id=3551630 via doris-1 rows=10020 [doris-1:f:up doris-2:M:up doris-3:f:up]
23:49:45 #211 OK SELECT id=3551630 via doris-1 rows=10022 [doris-1:f:up doris-2:M:up doris-3:f:up]
23:49:46 #212 OK SELECT id=3551630 via doris-1 rows=10022 [doris-1:f:up doris-2:M:up doris-3:f:up]
23:49:47 #213 OK SELECT id=3551630 via doris-1 rows=10022 [doris-1:f:up doris-2:M:up doris-3:f:up]
23:49:48 #214 OK SELECT id=3551630 via doris-1 rows=10020 [doris-1:f:up doris-2:M:up doris-3:f:up]
23:49:49 #215 OK SELECT id=3551630 via doris-1 rows=10020 [doris-1:f:up doris-2:M:up doris-3:f:up]
23:49:50 #216 OK SELECT id=3551630 via doris-1 rows=10022 [doris-1:f:up doris-2:M:up doris-3:f:up]
23:49:51 #217 OK SELECT id=3551630 via doris-1 rows=10022 [doris-1:f:up doris-2:M:up doris-3:f:up]
23:49:52 #218 OK SELECT id=3551630 via doris-1 rows=10022 [doris-1:f:up doris-2:M:up doris-3:f:up]
23:49:53 #219 OK SELECT id=3551630 via doris-1 rows=10020 [doris-1:f:up doris-2:M:up doris-3:f:up]
23:49:54 #220 OK SELECT id=3551630 via doris-1 rows=10020 [doris-1:f:up doris-2:M:up doris-3:f:up]
23:49:56 #221 OK SELECT id=3551630 via doris-1 rows=10022 [doris-1:f:up doris-2:M:up doris-3:f:up]
23:49:57 #222 OK SELECT id=3551630 via doris-1 rows=10022 [doris-1:f:up doris-2:M:up doris-3:f:up]
23:49:58 #223 OK SELECT id=3551630 via doris-1 rows=10022 [doris-1:f:up doris-2:M:up doris-3:f:up]
23:49:59 #224 OK SELECT id=3551630 via doris-1 rows=10020 [doris-1:f:up doris-2:M:up doris-3:f:up]
