04:47:15 PROBE start proto=jdbc hosts=doris-1,doris-2,doris-3 duration=86400s cycle=INSERT>UPSERT>SELECT>DELETE>SELECT url=jdbc:mysql://10.140.0.2:9030,10.140.0.3:9030,10.140.0.4:9030/hatest
04:47:16 connected to doris-1 (driver-selected host)
04:47:16 #1 OK INSERT id=2732350 via doris-1 rows=10136 [doris-1:f:up doris-2:M:up doris-3:f:up]
04:47:17 #2 OK UPSERT id=2732350 via doris-1 rows=10136 [doris-1:f:up doris-2:M:up doris-3:f:up]
04:47:18 #3 OK SELECT id=2732350 via doris-1 rows=10136 [doris-1:f:up doris-2:M:up doris-3:f:up]
04:47:19 #4 OK DELETE id=2732350 via doris-1 rows=10134 [doris-1:f:up doris-2:M:up doris-3:f:up]
04:47:20 #5 OK SELECT id=2732350 via doris-1 rows=10134 [doris-1:f:up doris-2:M:up doris-3:f:up]
04:47:21 #6 OK INSERT id=2732351 via doris-1 rows=10136 [doris-1:f:up doris-2:M:up doris-3:f:up]
04:47:22 #7 OK UPSERT id=2732351 via doris-1 rows=10136 [doris-1:f:up doris-2:M:up doris-3:f:up]
04:47:23 #8 OK SELECT id=2732351 via doris-1 rows=10136 [doris-1:f:up doris-2:M:up doris-3:f:up]
04:47:24 #9 OK DELETE id=2732351 via doris-1 rows=10134 [doris-1:f:up doris-2:M:up doris-3:f:up]
04:47:25 #10 OK SELECT id=2732351 via doris-1 rows=10134 [doris-1:f:up doris-2:M:up doris-3:f:up]
04:47:26 #11 OK INSERT id=2732352 via doris-1 rows=10136 [doris-1:f:up doris-2:M:up doris-3:f:up]
04:47:27 #12 OK UPSERT id=2732352 via doris-1 rows=10136 [doris-1:f:up doris-2:M:up doris-3:f:up]
04:47:28 #13 OK SELECT id=2732352 via doris-1 rows=10136 [doris-1:f:up doris-2:M:up doris-3:f:up]
04:47:30 #14 OK DELETE id=2732352 via doris-1 rows=10134 [doris-1:f:up doris-2:M:up doris-3:f:up]
04:47:31 #15 OK SELECT id=2732352 via doris-1 rows=10134 [doris-1:f:up doris-2:M:up doris-3:f:up]
04:47:32 #16 OK INSERT id=2732353 via doris-1 rows=10136 [doris-1:f:up doris-2:M:up doris-3:f:up]
04:47:33 #17 OK UPSERT id=2732353 via doris-1 rows=10136 [doris-1:f:up doris-2:M:up doris-3:f:up]
04:47:34 #18 OK SELECT id=2732353 via doris-1 rows=10136 [doris-1:f:up doris-2:M:up doris-3:f:up]
04:47:35 #19 OK DELETE id=2732353 via doris-1 rows=10134 [doris-1:f:up doris-2:M:up doris-3:f:up]
04:47:36 #20 OK SELECT id=2732353 via doris-1 rows=10134 [doris-1:f:up doris-2:M:up doris-3:f:up]
04:47:37 #21 OK INSERT id=2732354 via doris-1 rows=10136 [doris-1:f:up doris-2:M:up doris-3:f:up]
04:47:38 #22 OK UPSERT id=2732354 via doris-1 rows=10136 [doris-1:f:up doris-2:M:up doris-3:f:up]
04:47:39 #23 OK SELECT id=2732354 via doris-1 rows=10136 [doris-1:f:up doris-2:M:up doris-3:f:up]
04:47:40 #24 OK DELETE id=2732354 via doris-1 rows=10134 [doris-1:f:up doris-2:M:up doris-3:f:up]
04:47:41 #25 OK SELECT id=2732354 via doris-1 rows=10134 [doris-1:f:up doris-2:M:up doris-3:f:up]
04:47:42 #26 OK INSERT id=2732355 via doris-1 rows=10136 [doris-1:f:up doris-2:M:up doris-3:f:up]
04:47:43 #27 OK UPSERT id=2732355 via doris-1 rows=10136 [doris-1:f:up doris-2:M:up doris-3:f:up]
04:47:44 #28 OK SELECT id=2732355 via doris-1 rows=10136 [doris-1:f:up doris-2:M:up doris-3:f:up]
04:47:46 #29 OK DELETE id=2732355 via doris-1 rows=10134 [doris-1:f:up doris-2:M:up doris-3:f:up]
04:47:47 #30 OK SELECT id=2732355 via doris-1 rows=10134 [doris-1:f:up doris-2:M:up doris-3:f:up]
04:47:48 #31 OK INSERT id=2732356 via doris-1 rows=10136 [doris-1:f:up doris-2:M:up doris-3:f:up]
04:47:49 EVENT break: fe hang on doris-2 (FE master)
04:47:49 #32 OK UPSERT id=2732356 via doris-1 rows=10136 [doris-1:f:up doris-2:M:up doris-3:f:up]
04:47:50 #33 OK SELECT id=2732356 via doris-1 rows=10136 [doris-1:f:up doris-2:M:up doris-3:f:up]
04:47:51 #34 OK DELETE id=2732356 via doris-1 rows=10134 [doris-1:f:up doris-2:M:up doris-3:f:up]
04:48:43 #35 OK SELECT id=2732356 via doris-1 rows=10134 [?]
04:49:00 #36 OK INSERT id=2732357 via doris-1 rows=10135 [?]
04:49:02 #37 OK UPSERT id=2732357 via doris-1 rows=10136 [doris-1:f:up doris-2:f:DOWN doris-3:M:up]
04:49:03 #38 OK SELECT id=2732357 via doris-1 rows=10136 [doris-1:f:up doris-2:f:DOWN doris-3:M:up]
04:49:04 #39 OK DELETE id=2732357 via doris-1 rows=10135 [doris-1:f:up doris-2:f:DOWN doris-3:M:up]
04:49:05 #40 OK SELECT id=2732357 via doris-1 rows=10134 [doris-1:f:up doris-2:f:DOWN doris-3:M:up]
04:49:07 #41 OK INSERT id=2732358 via doris-1 rows=10135 [doris-1:f:up doris-2:f:DOWN doris-3:M:up]
04:49:08 #42 OK UPSERT id=2732358 via doris-1 rows=10136 [doris-1:f:up doris-2:f:DOWN doris-3:M:up]
04:49:09 #43 OK SELECT id=2732358 via doris-1 rows=10136 [doris-1:f:up doris-2:f:DOWN doris-3:M:up]
04:49:10 #44 OK DELETE id=2732358 via doris-1 rows=10135 [doris-1:f:up doris-2:f:DOWN doris-3:M:up]
04:49:11 #45 OK SELECT id=2732358 via doris-1 rows=10134 [doris-1:f:up doris-2:f:DOWN doris-3:M:up]
04:49:12 #46 OK INSERT id=2732359 via doris-1 rows=10135 [doris-1:f:up doris-2:f:DOWN doris-3:M:up]
04:49:14 #47 OK UPSERT id=2732359 via doris-1 rows=10136 [doris-1:f:up doris-2:f:DOWN doris-3:M:up]
04:49:15 #48 OK SELECT id=2732359 via doris-1 rows=10136 [doris-1:f:up doris-2:f:DOWN doris-3:M:up]
04:49:16 #49 OK DELETE id=2732359 via doris-1 rows=10134 [doris-1:f:up doris-2:f:DOWN doris-3:M:up]
04:49:17 #50 OK SELECT id=2732359 via doris-1 rows=10134 [doris-1:f:up doris-2:f:DOWN doris-3:M:up]
04:49:18 #51 OK INSERT id=2732360 via doris-1 rows=10136 [doris-1:f:up doris-2:f:DOWN doris-3:M:up]
04:49:19 #52 OK UPSERT id=2732360 via doris-1 rows=10136 [doris-1:f:up doris-2:f:DOWN doris-3:M:up]
04:49:21 #53 OK SELECT id=2732360 via doris-1 rows=10136 [doris-1:f:up doris-2:f:DOWN doris-3:M:up]
04:49:22 #54 OK DELETE id=2732360 via doris-1 rows=10134 [doris-1:f:up doris-2:f:DOWN doris-3:M:up]
04:49:23 #55 OK SELECT id=2732360 via doris-1 rows=10134 [doris-1:f:up doris-2:f:DOWN doris-3:M:up]
04:49:24 #56 OK INSERT id=2732361 via doris-1 rows=10136 [doris-1:f:up doris-2:f:DOWN doris-3:M:up]
04:49:25 #57 OK UPSERT id=2732361 via doris-1 rows=10136 [doris-1:f:up doris-2:f:DOWN doris-3:M:up]
04:49:26 #58 OK SELECT id=2732361 via doris-1 rows=10136 [doris-1:f:up doris-2:f:DOWN doris-3:M:up]
04:49:27 #59 OK DELETE id=2732361 via doris-1 rows=10134 [doris-1:f:up doris-2:f:DOWN doris-3:M:up]
04:49:28 #60 OK SELECT id=2732361 via doris-1 rows=10134 [doris-1:f:up doris-2:f:DOWN doris-3:M:up]
04:49:29 #61 OK INSERT id=2732362 via doris-1 rows=10136 [doris-1:f:up doris-2:f:DOWN doris-3:M:up]
04:49:30 #62 OK UPSERT id=2732362 via doris-1 rows=10136 [doris-1:f:up doris-2:f:DOWN doris-3:M:up]
04:49:31 #63 OK SELECT id=2732362 via doris-1 rows=10136 [doris-1:f:up doris-2:f:DOWN doris-3:M:up]
04:49:32 #64 OK DELETE id=2732362 via doris-1 rows=10134 [doris-1:f:up doris-2:f:DOWN doris-3:M:up]
04:49:33 #65 OK SELECT id=2732362 via doris-1 rows=10134 [doris-1:f:up doris-2:f:DOWN doris-3:M:up]
04:49:35 #66 OK INSERT id=2732363 via doris-1 rows=10136 [doris-1:f:up doris-2:f:DOWN doris-3:M:up]
04:49:36 #67 OK UPSERT id=2732363 via doris-1 rows=10136 [doris-1:f:up doris-2:f:DOWN doris-3:M:up]
04:49:37 #68 OK SELECT id=2732363 via doris-1 rows=10136 [doris-1:f:up doris-2:f:DOWN doris-3:M:up]
04:49:38 #69 OK DELETE id=2732363 via doris-1 rows=10134 [doris-1:f:up doris-2:f:DOWN doris-3:M:up]
04:49:39 #70 OK SELECT id=2732363 via doris-1 rows=10134 [doris-1:f:up doris-2:f:DOWN doris-3:M:up]
04:49:40 #71 OK INSERT id=2732364 via doris-1 rows=10136 [doris-1:f:up doris-2:f:DOWN doris-3:M:up]
04:49:41 #72 OK UPSERT id=2732364 via doris-1 rows=10136 [doris-1:f:up doris-2:f:DOWN doris-3:M:up]
04:49:42 #73 OK SELECT id=2732364 via doris-1 rows=10136 [doris-1:f:up doris-2:f:DOWN doris-3:M:up]
04:49:43 #74 OK DELETE id=2732364 via doris-1 rows=10134 [doris-1:f:up doris-2:f:DOWN doris-3:M:up]
04:49:44 #75 OK SELECT id=2732364 via doris-1 rows=10134 [doris-1:f:up doris-2:f:DOWN doris-3:M:up]
04:49:45 #76 OK INSERT id=2732365 via doris-1 rows=10136 [doris-1:f:up doris-2:f:DOWN doris-3:M:up]
04:49:46 #77 OK UPSERT id=2732365 via doris-1 rows=10136 [doris-1:f:up doris-2:f:DOWN doris-3:M:up]
04:49:47 #78 OK SELECT id=2732365 via doris-1 rows=10136 [doris-1:f:up doris-2:f:DOWN doris-3:M:up]
04:49:49 #79 OK DELETE id=2732365 via doris-1 rows=10134 [doris-1:f:up doris-2:f:DOWN doris-3:M:up]
04:49:50 #80 OK SELECT id=2732365 via doris-1 rows=10134 [doris-1:f:up doris-2:f:DOWN doris-3:M:up]
04:49:51 #81 OK INSERT id=2732366 via doris-1 rows=10136 [doris-1:f:up doris-2:f:DOWN doris-3:M:up]
04:49:52 #82 OK UPSERT id=2732366 via doris-1 rows=10136 [doris-1:f:up doris-2:f:DOWN doris-3:M:up]
04:49:53 #83 OK SELECT id=2732366 via doris-1 rows=10136 [doris-1:f:up doris-2:f:DOWN doris-3:M:up]
04:49:54 #84 OK DELETE id=2732366 via doris-1 rows=10134 [doris-1:f:up doris-2:f:DOWN doris-3:M:up]
04:49:55 #85 OK SELECT id=2732366 via doris-1 rows=10134 [doris-1:f:up doris-2:f:DOWN doris-3:M:up]
04:49:56 #86 OK INSERT id=2732367 via doris-1 rows=10136 [doris-1:f:up doris-2:f:DOWN doris-3:M:up]
04:49:57 #87 OK UPSERT id=2732367 via doris-1 rows=10136 [doris-1:f:up doris-2:f:DOWN doris-3:M:up]
04:49:58 #88 OK SELECT id=2732367 via doris-1 rows=10136 [doris-1:f:up doris-2:f:DOWN doris-3:M:up]
04:49:59 EVENT restore: resume fe on doris-2
04:49:59 #89 OK DELETE id=2732367 via doris-1 rows=10134 [doris-1:f:up doris-2:f:DOWN doris-3:M:up]
04:50:00 #90 OK SELECT id=2732367 via doris-1 rows=10134 [doris-1:f:up doris-2:f:DOWN doris-3:M:up]
04:50:01 #91 OK INSERT id=2732368 via doris-1 rows=10136 [doris-1:f:up doris-2:f:DOWN doris-3:M:up]
04:50:03 #92 OK UPSERT id=2732368 via doris-1 rows=10136 [doris-1:f:up doris-2:f:up doris-3:M:up]
04:50:04 #93 OK SELECT id=2732368 via doris-1 rows=10136 [doris-1:f:up doris-2:f:up doris-3:M:up]
04:50:05 #94 OK DELETE id=2732368 via doris-1 rows=10134 [doris-1:f:up doris-2:f:up doris-3:M:up]
04:50:06 #95 OK SELECT id=2732368 via doris-1 rows=10134 [doris-1:f:up doris-2:f:up doris-3:M:up]
04:50:06 EVENT restore: cluster healthy
04:50:07 #96 OK INSERT id=2732369 via doris-1 rows=10136 [doris-1:f:up doris-2:f:up doris-3:M:up]
04:50:08 #97 OK UPSERT id=2732369 via doris-1 rows=10136 [doris-1:f:up doris-2:f:up doris-3:M:up]
04:50:09 #98 OK SELECT id=2732369 via doris-1 rows=10136 [doris-1:f:up doris-2:f:up doris-3:M:up]
04:50:10 #99 OK DELETE id=2732369 via doris-1 rows=10134 [doris-1:f:up doris-2:f:up doris-3:M:up]
04:50:11 #100 OK SELECT id=2732369 via doris-1 rows=10134 [doris-1:f:up doris-2:f:up doris-3:M:up]
04:50:12 #101 OK INSERT id=2732370 via doris-1 rows=10136 [doris-1:f:up doris-2:f:up doris-3:M:up]
04:50:13 #102 OK UPSERT id=2732370 via doris-1 rows=10136 [doris-1:f:up doris-2:f:up doris-3:M:up]
04:50:14 #103 OK SELECT id=2732370 via doris-1 rows=10136 [doris-1:f:up doris-2:f:up doris-3:M:up]
04:50:16 #104 OK DELETE id=2732370 via doris-1 rows=10134 [doris-1:f:up doris-2:f:up doris-3:M:up]
04:50:17 #105 OK SELECT id=2732370 via doris-1 rows=10134 [doris-1:f:up doris-2:f:up doris-3:M:up]
04:50:18 #106 OK INSERT id=2732371 via doris-1 rows=10136 [doris-1:f:up doris-2:f:up doris-3:M:up]
04:50:19 #107 OK UPSERT id=2732371 via doris-1 rows=10136 [doris-1:f:up doris-2:f:up doris-3:M:up]
04:50:20 #108 OK SELECT id=2732371 via doris-1 rows=10136 [doris-1:f:up doris-2:f:up doris-3:M:up]
04:50:21 #109 OK DELETE id=2732371 via doris-1 rows=10134 [doris-1:f:up doris-2:f:up doris-3:M:up]
04:50:22 #110 OK SELECT id=2732371 via doris-1 rows=10134 [doris-1:f:up doris-2:f:up doris-3:M:up]
04:50:23 #111 OK INSERT id=2732372 via doris-1 rows=10136 [doris-1:f:up doris-2:f:up doris-3:M:up]
04:50:24 #112 OK UPSERT id=2732372 via doris-1 rows=10136 [doris-1:f:up doris-2:f:up doris-3:M:up]
04:50:25 #113 OK SELECT id=2732372 via doris-1 rows=10136 [doris-1:f:up doris-2:f:up doris-3:M:up]
04:50:26 #114 OK DELETE id=2732372 via doris-1 rows=10134 [doris-1:f:up doris-2:f:up doris-3:M:up]
04:50:27 #115 OK SELECT id=2732372 via doris-1 rows=10134 [doris-1:f:up doris-2:f:up doris-3:M:up]
04:50:28 #116 OK INSERT id=2732373 via doris-1 rows=10136 [doris-1:f:up doris-2:f:up doris-3:M:up]
04:50:30 #117 OK UPSERT id=2732373 via doris-1 rows=10136 [doris-1:f:up doris-2:f:up doris-3:M:up]
04:50:31 #118 OK SELECT id=2732373 via doris-1 rows=10136 [doris-1:f:up doris-2:f:up doris-3:M:up]
04:50:32 #119 OK DELETE id=2732373 via doris-1 rows=10134 [doris-1:f:up doris-2:f:up doris-3:M:up]
04:50:33 #120 OK SELECT id=2732373 via doris-1 rows=10134 [doris-1:f:up doris-2:f:DOWN doris-3:M:up]
04:50:34 #121 OK INSERT id=2732374 via doris-1 rows=10136 [doris-1:f:up doris-2:f:DOWN doris-3:M:up]
