23:59:51 PROBE start proto=jdbc hosts=doris-1,doris-2,doris-3 duration=86400s cycle=INSERT>UPSERT>SELECT>DELETE>SELECT url=jdbc:mysql://10.140.0.2:9030,10.140.0.3:9030,10.140.0.4:9030/hatest
23:59:51 connected to doris-1 (driver-selected host)
23:59:52 #1 OK INSERT id=2559910 via doris-1 rows=10028 [doris-1:f:up doris-2:f:up doris-3:M:up]
23:59:53 #2 OK UPSERT id=2559910 via doris-1 rows=10028 [doris-1:f:up doris-2:f:up doris-3:M:up]
23:59:54 #3 OK SELECT id=2559910 via doris-1 rows=10028 [doris-1:f:up doris-2:f:up doris-3:M:up]
23:59:55 #4 OK DELETE id=2559910 via doris-1 rows=10026 [doris-1:f:up doris-2:f:up doris-3:M:up]
23:59:56 #5 OK SELECT id=2559910 via doris-1 rows=10026 [doris-1:f:up doris-2:f:up doris-3:M:up]
23:59:57 #6 OK INSERT id=2559911 via doris-1 rows=10028 [doris-1:f:up doris-2:f:up doris-3:M:up]
23:59:58 #7 OK UPSERT id=2559911 via doris-1 rows=10028 [doris-1:f:up doris-2:f:up doris-3:M:up]
23:59:59 #8 OK SELECT id=2559911 via doris-1 rows=10028 [doris-1:f:up doris-2:f:up doris-3:M:up]
00:00:00 #9 OK DELETE id=2559911 via doris-1 rows=10026 [doris-1:f:up doris-2:f:up doris-3:M:up]
00:00:01 #10 OK SELECT id=2559911 via doris-1 rows=10026 [doris-1:f:up doris-2:f:up doris-3:M:up]
00:00:02 #11 OK INSERT id=2559912 via doris-1 rows=10028 [doris-1:f:up doris-2:f:up doris-3:M:up]
00:00:03 #12 OK UPSERT id=2559912 via doris-1 rows=10028 [doris-1:f:up doris-2:f:up doris-3:M:up]
00:00:04 #13 OK SELECT id=2559912 via doris-1 rows=10028 [doris-1:f:up doris-2:f:up doris-3:M:up]
00:00:06 #14 OK DELETE id=2559912 via doris-1 rows=10026 [doris-1:f:up doris-2:f:up doris-3:M:up]
00:00:07 #15 OK SELECT id=2559912 via doris-1 rows=10026 [doris-1:f:up doris-2:f:up doris-3:M:up]
00:00:08 #16 OK INSERT id=2559913 via doris-1 rows=10028 [doris-1:f:up doris-2:f:up doris-3:M:up]
00:00:09 #17 OK UPSERT id=2559913 via doris-1 rows=10028 [doris-1:f:up doris-2:f:up doris-3:M:up]
00:00:10 #18 OK SELECT id=2559913 via doris-1 rows=10028 [doris-1:f:up doris-2:f:up doris-3:M:up]
00:00:11 #19 OK DELETE id=2559913 via doris-1 rows=10026 [doris-1:f:up doris-2:f:up doris-3:M:up]
00:00:12 #20 OK SELECT id=2559913 via doris-1 rows=10026 [doris-1:f:up doris-2:f:up doris-3:M:up]
00:00:13 #21 OK INSERT id=2559914 via doris-1 rows=10028 [doris-1:f:up doris-2:f:up doris-3:M:up]
00:00:14 #22 OK UPSERT id=2559914 via doris-1 rows=10028 [doris-1:f:up doris-2:f:up doris-3:M:up]
00:00:15 #23 OK SELECT id=2559914 via doris-1 rows=10028 [doris-1:f:up doris-2:f:up doris-3:M:up]
00:00:16 #24 OK DELETE id=2559914 via doris-1 rows=10026 [doris-1:f:up doris-2:f:up doris-3:M:up]
00:00:17 #25 OK SELECT id=2559914 via doris-1 rows=10026 [doris-1:f:up doris-2:f:up doris-3:M:up]
00:00:18 #26 OK INSERT id=2559915 via doris-1 rows=10028 [doris-1:f:up doris-2:f:up doris-3:M:up]
00:00:19 #27 OK UPSERT id=2559915 via doris-1 rows=10028 [doris-1:f:up doris-2:f:up doris-3:M:up]
00:00:21 #28 OK SELECT id=2559915 via doris-1 rows=10028 [doris-1:f:up doris-2:f:up doris-3:M:up]
00:00:22 #29 OK DELETE id=2559915 via doris-1 rows=10026 [doris-1:f:up doris-2:f:up doris-3:M:up]
00:00:23 #30 OK SELECT id=2559915 via doris-1 rows=10026 [doris-1:f:up doris-2:f:up doris-3:M:up]
00:00:24 #31 OK INSERT id=2559916 via doris-1 rows=10028 [doris-1:f:up doris-2:f:up doris-3:M:up]
00:00:25 EVENT break: fe dead on doris-3 (FE master)
00:00:25 #32 OK UPSERT id=2559916 via doris-1 rows=10028 [doris-1:f:up doris-2:f:up doris-3:M:up]
00:00:26 #33 OK SELECT id=2559916 via doris-1 rows=10028 [doris-1:f:up doris-2:f:up doris-3:M:up]
00:00:27 #34 OK DELETE id=2559916 via doris-1 rows=10026 [doris-1:f:up doris-2:f:up doris-3:M:up]
00:00:28 #35 OK SELECT id=2559916 via doris-1 rows=10026 [?]
00:00:31 #36 OK INSERT id=2559917 via doris-1 rows=10027 [doris-1:f:up doris-2:M:up doris-3:f:DOWN]
00:00:32 #37 FAIL UPSERT id=2559917 via doris-1: SQLException: send fragments failed. io.grpc.StatusRuntimeException: UNAVAILABLE: io exception, host: 10.140.0.4
00:00:34 connected to doris-1 (driver-selected host)
00:00:38 #38 OK INSERT id=2559918 via doris-1 rows=10029 [doris-1:f:up doris-2:M:up doris-3:f:DOWN] (recovered)
00:00:39 #39 OK UPSERT id=2559918 via doris-1 rows=10029 [doris-1:f:up doris-2:M:up doris-3:f:DOWN]
00:00:41 #40 OK SELECT id=2559918 via doris-1 rows=10029 [doris-1:f:up doris-2:M:up doris-3:f:DOWN]
00:00:42 #41 OK DELETE id=2559918 via doris-1 rows=10027 [doris-1:f:up doris-2:M:up doris-3:f:DOWN]
00:00:43 #42 OK SELECT id=2559918 via doris-1 rows=10028 [doris-1:f:up doris-2:M:up doris-3:f:DOWN]
00:00:44 #43 OK INSERT id=2559919 via doris-1 rows=10029 [doris-1:f:up doris-2:M:up doris-3:f:DOWN]
00:00:45 #44 OK UPSERT id=2559919 via doris-1 rows=10029 [doris-1:f:up doris-2:M:up doris-3:f:DOWN]
00:00:46 #45 OK SELECT id=2559919 via doris-1 rows=10028 [doris-1:f:up doris-2:M:up doris-3:f:DOWN]
00:00:47 #46 OK DELETE id=2559919 via doris-1 rows=10027 [doris-1:f:up doris-2:M:up doris-3:f:DOWN]
00:00:48 #47 OK SELECT id=2559919 via doris-1 rows=10028 [doris-1:f:up doris-2:M:up doris-3:f:DOWN]
00:00:57 #48 FAIL INSERT id=2559920 via doris-1: CommunicationsException: Communications link failure  The last packet successfully received from the server was 9,008 milliseconds ago.
00:00:58 connected to doris-1 (driver-selected host)
00:01:06 #49 FAIL INSERT id=2559921 via doris-1: CommunicationsException: Communications link failure  The last packet successfully received from the server was 8,010 milliseconds ago.
00:01:07 connected to doris-1 (driver-selected host)
00:01:09 #50 OK INSERT id=2559922 via doris-1 rows=10033 [doris-1:f:up doris-2:M:up doris-3:f:DOWN] (recovered)
00:01:10 #51 OK UPSERT id=2559922 via doris-1 rows=10033 [doris-1:f:up doris-2:M:up doris-3:f:DOWN]
00:01:11 #52 OK SELECT id=2559922 via doris-1 rows=10033 [doris-1:f:up doris-2:M:up doris-3:f:DOWN]
00:01:12 #53 OK DELETE id=2559922 via doris-1 rows=10032 [doris-1:f:up doris-2:M:up doris-3:f:DOWN]
00:01:13 #54 OK SELECT id=2559922 via doris-1 rows=10031 [doris-1:f:up doris-2:M:up doris-3:f:DOWN]
00:01:14 #55 OK INSERT id=2559923 via doris-1 rows=10032 [doris-1:f:up doris-2:M:up doris-3:f:DOWN]
00:01:15 #56 OK UPSERT id=2559923 via doris-1 rows=10033 [doris-1:f:up doris-2:M:up doris-3:f:DOWN]
00:01:16 #57 OK SELECT id=2559923 via doris-1 rows=10033 [doris-1:f:up doris-2:M:up doris-3:f:DOWN]
00:01:17 #58 OK DELETE id=2559923 via doris-1 rows=10031 [doris-1:f:up doris-2:M:up doris-3:f:DOWN]
00:01:18 #59 OK SELECT id=2559923 via doris-1 rows=10031 [doris-1:f:up doris-2:M:up doris-3:f:DOWN]
00:01:19 #60 OK INSERT id=2559924 via doris-1 rows=10032 [doris-1:f:up doris-2:M:up doris-3:f:DOWN]
00:01:20 #61 OK UPSERT id=2559924 via doris-1 rows=10033 [doris-1:f:up doris-2:M:up doris-3:f:DOWN]
00:01:21 #62 OK SELECT id=2559924 via doris-1 rows=10033 [doris-1:f:up doris-2:M:up doris-3:f:DOWN]
00:01:23 #63 OK DELETE id=2559924 via doris-1 rows=10031 [doris-1:f:up doris-2:M:up doris-3:f:DOWN]
00:01:24 #64 OK SELECT id=2559924 via doris-1 rows=10031 [doris-1:f:up doris-2:M:up doris-3:f:DOWN]
00:01:25 #65 OK INSERT id=2559925 via doris-1 rows=10032 [doris-1:f:up doris-2:M:up doris-3:f:DOWN]
00:01:26 #66 OK UPSERT id=2559925 via doris-1 rows=10033 [doris-1:f:up doris-2:M:up doris-3:f:DOWN]
00:01:27 #67 OK SELECT id=2559925 via doris-1 rows=10033 [doris-1:f:up doris-2:M:up doris-3:f:DOWN]
00:01:28 #68 OK DELETE id=2559925 via doris-1 rows=10032 [doris-1:f:up doris-2:M:up doris-3:f:DOWN]
00:01:29 #69 OK SELECT id=2559925 via doris-1 rows=10031 [doris-1:f:up doris-2:M:up doris-3:f:DOWN]
00:01:30 #70 OK INSERT id=2559926 via doris-1 rows=10032 [doris-1:f:up doris-2:M:up doris-3:f:DOWN]
00:01:31 #71 OK UPSERT id=2559926 via doris-1 rows=10033 [doris-1:f:up doris-2:M:up doris-3:f:DOWN]
00:01:32 #72 OK SELECT id=2559926 via doris-1 rows=10033 [doris-1:f:up doris-2:M:up doris-3:f:DOWN]
00:01:33 #73 OK DELETE id=2559926 via doris-1 rows=10031 [doris-1:f:up doris-2:M:up doris-3:f:DOWN]
00:01:34 #74 OK SELECT id=2559926 via doris-1 rows=10031 [doris-1:f:up doris-2:M:up doris-3:f:DOWN]
00:01:35 #75 OK INSERT id=2559927 via doris-1 rows=10032 [doris-1:f:up doris-2:M:up doris-3:f:DOWN]
00:01:37 #76 OK UPSERT id=2559927 via doris-1 rows=10033 [doris-1:f:up doris-2:M:up doris-3:f:DOWN]
00:01:38 #77 OK SELECT id=2559927 via doris-1 rows=10033 [doris-1:f:up doris-2:M:up doris-3:f:DOWN]
00:01:39 #78 OK DELETE id=2559927 via doris-1 rows=10031 [doris-1:f:up doris-2:M:up doris-3:f:DOWN]
00:01:40 #79 OK SELECT id=2559927 via doris-1 rows=10031 [doris-1:f:up doris-2:M:up doris-3:f:DOWN]
00:01:41 #80 OK INSERT id=2559928 via doris-1 rows=10033 [doris-1:f:up doris-2:M:up doris-3:f:DOWN]
00:01:42 #81 OK UPSERT id=2559928 via doris-1 rows=10033 [doris-1:f:up doris-2:M:up doris-3:f:DOWN]
00:01:43 #82 OK SELECT id=2559928 via doris-1 rows=10033 [doris-1:f:up doris-2:M:up doris-3:f:DOWN]
00:01:44 #83 OK DELETE id=2559928 via doris-1 rows=10031 [doris-1:f:up doris-2:M:up doris-3:f:DOWN]
00:01:45 #84 OK SELECT id=2559928 via doris-1 rows=10031 [doris-1:f:up doris-2:M:up doris-3:f:DOWN]
00:01:46 #85 OK INSERT id=2559929 via doris-1 rows=10033 [doris-1:f:up doris-2:M:up doris-3:f:DOWN]
00:01:47 #86 OK UPSERT id=2559929 via doris-1 rows=10033 [doris-1:f:up doris-2:M:up doris-3:f:DOWN]
00:01:48 #87 OK SELECT id=2559929 via doris-1 rows=10033 [doris-1:f:up doris-2:M:up doris-3:f:DOWN]
00:01:49 #88 OK DELETE id=2559929 via doris-1 rows=10031 [doris-1:f:up doris-2:M:up doris-3:f:DOWN]
00:01:50 #89 OK SELECT id=2559929 via doris-1 rows=10031 [doris-1:f:up doris-2:M:up doris-3:f:DOWN]
00:01:52 #90 OK INSERT id=2559930 via doris-1 rows=10032 [doris-1:f:up doris-2:M:up doris-3:f:DOWN]
00:01:53 #91 OK UPSERT id=2559930 via doris-1 rows=10033 [doris-1:f:up doris-2:M:up doris-3:f:DOWN]
00:01:54 #92 OK SELECT id=2559930 via doris-1 rows=10033 [doris-1:f:up doris-2:M:up doris-3:f:DOWN]
00:01:55 #93 OK DELETE id=2559930 via doris-1 rows=10031 [doris-1:f:up doris-2:M:up doris-3:f:DOWN]
00:01:56 #94 OK SELECT id=2559930 via doris-1 rows=10031 [doris-1:f:up doris-2:M:up doris-3:f:DOWN]
00:01:57 #95 OK INSERT id=2559931 via doris-1 rows=10033 [doris-1:f:up doris-2:M:up doris-3:f:DOWN]
00:01:58 #96 OK UPSERT id=2559931 via doris-1 rows=10033 [doris-1:f:up doris-2:M:up doris-3:f:DOWN]
00:01:59 #97 OK SELECT id=2559931 via doris-1 rows=10033 [doris-1:f:up doris-2:M:up doris-3:f:DOWN]
00:02:00 #98 OK DELETE id=2559931 via doris-1 rows=10031 [doris-1:f:up doris-2:M:up doris-3:f:DOWN]
00:02:01 #99 OK SELECT id=2559931 via doris-1 rows=10031 [doris-1:f:up doris-2:M:up doris-3:f:DOWN]
00:02:02 #100 OK INSERT id=2559932 via doris-1 rows=10033 [doris-1:f:up doris-2:M:up doris-3:f:DOWN]
00:02:03 #101 OK UPSERT id=2559932 via doris-1 rows=10033 [doris-1:f:up doris-2:M:up doris-3:f:DOWN]
00:02:04 #102 OK SELECT id=2559932 via doris-1 rows=10033 [doris-1:f:up doris-2:M:up doris-3:f:DOWN]
00:02:06 #103 OK DELETE id=2559932 via doris-1 rows=10031 [doris-1:f:up doris-2:M:up doris-3:f:DOWN]
00:02:07 #104 OK SELECT id=2559932 via doris-1 rows=10031 [doris-1:f:up doris-2:M:up doris-3:f:DOWN]
00:02:07 EVENT restore: systemctl start doris-fe on doris-3
00:02:08 #105 OK INSERT id=2559933 via doris-1 rows=10033 [doris-1:f:up doris-2:M:up doris-3:f:DOWN]
00:02:09 #106 OK UPSERT id=2559933 via doris-1 rows=10033 [doris-1:f:up doris-2:M:up doris-3:f:DOWN]
00:02:10 #107 OK SELECT id=2559933 via doris-1 rows=10033 [doris-1:f:up doris-2:M:up doris-3:f:DOWN]
00:02:11 #108 OK DELETE id=2559933 via doris-1 rows=10031 [doris-1:f:up doris-2:M:up doris-3:f:DOWN]
00:02:12 #109 OK SELECT id=2559933 via doris-1 rows=10031 [doris-1:f:up doris-2:M:up doris-3:f:DOWN]
00:02:13 #110 OK INSERT id=2559934 via doris-1 rows=10033 [doris-1:f:up doris-2:M:up doris-3:f:DOWN]
00:02:14 #111 OK UPSERT id=2559934 via doris-1 rows=10033 [doris-1:f:up doris-2:M:up doris-3:f:DOWN]
00:02:15 #112 OK SELECT id=2559934 via doris-1 rows=10033 [doris-1:f:up doris-2:M:up doris-3:f:DOWN]
00:02:16 #113 OK DELETE id=2559934 via doris-1 rows=10031 [doris-1:f:up doris-2:M:up doris-3:f:DOWN]
00:02:17 #114 OK SELECT id=2559934 via doris-1 rows=10031 [doris-1:f:up doris-2:M:up doris-3:f:DOWN]
00:02:18 #115 OK INSERT id=2559935 via doris-1 rows=10033 [doris-1:f:up doris-2:M:up doris-3:f:DOWN]
00:02:19 #116 OK UPSERT id=2559935 via doris-1 rows=10033 [doris-1:f:up doris-2:M:up doris-3:f:up]
00:02:20 #117 OK SELECT id=2559935 via doris-1 rows=10033 [doris-1:f:up doris-2:M:up doris-3:f:up]
00:02:22 #118 OK DELETE id=2559935 via doris-1 rows=10031 [doris-1:f:up doris-2:M:up doris-3:f:up]
00:02:23 #119 OK SELECT id=2559935 via doris-1 rows=10031 [doris-1:f:up doris-2:M:up doris-3:f:up]
00:02:23 EVENT restore: cluster healthy
00:02:24 #120 OK INSERT id=2559936 via doris-1 rows=10033 [doris-1:f:up doris-2:M:up doris-3:f:up]
00:02:25 #121 OK UPSERT id=2559936 via doris-1 rows=10033 [doris-1:f:up doris-2:M:up doris-3:f:up]
00:02:26 #122 OK SELECT id=2559936 via doris-1 rows=10033 [doris-1:f:up doris-2:M:up doris-3:f:up]
00:02:27 #123 OK DELETE id=2559936 via doris-1 rows=10031 [doris-1:f:up doris-2:M:up doris-3:f:up]
00:02:28 #124 OK SELECT id=2559936 via doris-1 rows=10031 [doris-1:f:up doris-2:M:up doris-3:f:up]
00:02:29 #125 OK INSERT id=2559937 via doris-1 rows=10033 [doris-1:f:up doris-2:M:up doris-3:f:up]
00:02:30 #126 OK UPSERT id=2559937 via doris-1 rows=10033 [doris-1:f:up doris-2:M:up doris-3:f:up]
00:02:31 #127 OK SELECT id=2559937 via doris-1 rows=10033 [doris-1:f:up doris-2:M:up doris-3:f:up]
00:02:32 #128 OK DELETE id=2559937 via doris-1 rows=10031 [doris-1:f:up doris-2:M:up doris-3:f:up]
00:02:33 #129 OK SELECT id=2559937 via doris-1 rows=10031 [doris-1:f:up doris-2:M:up doris-3:f:up]
00:02:34 #130 OK INSERT id=2559938 via doris-1 rows=10033 [doris-1:f:up doris-2:M:up doris-3:f:up]
00:02:36 #131 OK UPSERT id=2559938 via doris-1 rows=10033 [doris-1:f:up doris-2:M:up doris-3:f:up]
00:02:37 #132 OK SELECT id=2559938 via doris-1 rows=10033 [doris-1:f:up doris-2:M:up doris-3:f:up]
00:02:38 #133 OK DELETE id=2559938 via doris-1 rows=10031 [doris-1:f:up doris-2:M:up doris-3:f:up]
00:02:39 #134 OK SELECT id=2559938 via doris-1 rows=10031 [doris-1:f:up doris-2:M:up doris-3:f:up]
00:02:40 #135 OK INSERT id=2559939 via doris-1 rows=10033 [doris-1:f:up doris-2:M:up doris-3:f:up]
00:02:41 #136 OK UPSERT id=2559939 via doris-1 rows=10033 [doris-1:f:up doris-2:M:up doris-3:f:up]
00:02:42 #137 OK SELECT id=2559939 via doris-1 rows=10033 [doris-1:f:up doris-2:M:up doris-3:f:up]
00:02:43 #138 OK DELETE id=2559939 via doris-1 rows=10031 [doris-1:f:up doris-2:M:up doris-3:f:up]
00:02:44 #139 OK SELECT id=2559939 via doris-1 rows=10031 [doris-1:f:up doris-2:M:up doris-3:f:up]
00:02:45 #140 OK INSERT id=2559940 via doris-1 rows=10033 [doris-1:f:up doris-2:M:up doris-3:f:up]
00:02:46 #141 OK UPSERT id=2559940 via doris-1 rows=10033 [doris-1:f:up doris-2:M:up doris-3:f:up]
00:02:47 #142 OK SELECT id=2559940 via doris-1 rows=10033 [doris-1:f:up doris-2:M:up doris-3:f:up]
00:02:48 #143 OK DELETE id=2559940 via doris-1 rows=10031 [doris-1:f:up doris-2:M:up doris-3:f:up]
00:02:49 #144 OK SELECT id=2559940 via doris-1 rows=10031 [doris-1:f:up doris-2:M:up doris-3:f:up]
00:02:50 #145 OK INSERT id=2559941 via doris-1 rows=10033 [doris-1:f:up doris-2:M:up doris-3:f:up]
00:02:52 #146 OK UPSERT id=2559941 via doris-1 rows=10033 [doris-1:f:up doris-2:M:up doris-3:f:up]
