16:37:59 PROBE start proto=arrow-flight hosts=doris-1,doris-2,doris-3 duration=86400s cycle=INSERT>UPSERT>SELECT>DELETE>SELECT
16:37:59 connected to doris-1 (10.140.0.2)
16:37:59 DML unsupported over arrow-flight (InternalError: RuntimeException, msg: getMysqlChannel not in mysql connection (Internal; ExecuteQuery)) — switching to SELECT-only mode
16:37:59 #1 OK SELECT id=3614790 via doris-1 rows=10185 [doris-1:f:up doris-2:M:up doris-3:f:up]
16:38:00 #2 OK SELECT id=3614790 via doris-1 rows=10186 [doris-1:f:up doris-2:M:up doris-3:f:up]
16:38:01 #3 OK SELECT id=3614790 via doris-1 rows=10186 [doris-1:f:up doris-2:M:up doris-3:f:up]
16:38:03 #4 OK SELECT id=3614790 via doris-1 rows=10185 [doris-1:f:up doris-2:M:up doris-3:f:up]
16:38:04 #5 OK SELECT id=3614790 via doris-1 rows=10184 [doris-1:f:up doris-2:M:up doris-3:f:up]
16:38:05 #6 OK SELECT id=3614790 via doris-1 rows=10185 [doris-1:f:up doris-2:M:up doris-3:f:up]
16:38:06 #7 OK SELECT id=3614790 via doris-1 rows=10186 [doris-1:f:up doris-2:M:up doris-3:f:up]
16:38:07 #8 OK SELECT id=3614790 via doris-1 rows=10186 [doris-1:f:up doris-2:M:up doris-3:f:up]
16:38:08 #9 OK SELECT id=3614790 via doris-1 rows=10185 [doris-1:f:up doris-2:M:up doris-3:f:up]
16:38:09 #10 OK SELECT id=3614790 via doris-1 rows=10184 [doris-1:f:up doris-2:M:up doris-3:f:up]
16:38:10 #11 OK SELECT id=3614790 via doris-1 rows=10185 [doris-1:f:up doris-2:M:up doris-3:f:up]
16:38:11 #12 OK SELECT id=3614790 via doris-1 rows=10186 [doris-1:f:up doris-2:M:up doris-3:f:up]
16:38:12 #13 OK SELECT id=3614790 via doris-1 rows=10186 [doris-1:f:up doris-2:M:up doris-3:f:up]
16:38:13 #14 OK SELECT id=3614790 via doris-1 rows=10185 [doris-1:f:up doris-2:M:up doris-3:f:up]
16:38:14 #15 OK SELECT id=3614790 via doris-1 rows=10184 [doris-1:f:up doris-2:M:up doris-3:f:up]
16:38:15 #16 OK SELECT id=3614790 via doris-1 rows=10185 [doris-1:f:up doris-2:M:up doris-3:f:up]
16:38:16 #17 OK SELECT id=3614790 via doris-1 rows=10186 [doris-1:f:up doris-2:M:up doris-3:f:up]
16:38:17 #18 OK SELECT id=3614790 via doris-1 rows=10186 [doris-1:f:up doris-2:M:up doris-3:f:up]
16:38:19 #19 OK SELECT id=3614790 via doris-1 rows=10185 [doris-1:f:up doris-2:M:up doris-3:f:up]
16:38:20 #20 OK SELECT id=3614790 via doris-1 rows=10184 [doris-1:f:up doris-2:M:up doris-3:f:up]
16:38:21 #21 OK SELECT id=3614790 via doris-1 rows=10185 [doris-1:f:up doris-2:M:up doris-3:f:up]
16:38:22 #22 OK SELECT id=3614790 via doris-1 rows=10186 [doris-1:f:up doris-2:M:up doris-3:f:up]
16:38:23 #23 OK SELECT id=3614790 via doris-1 rows=10186 [doris-1:f:up doris-2:M:up doris-3:f:up]
16:38:24 #24 OK SELECT id=3614790 via doris-1 rows=10186 [doris-1:f:up doris-2:M:up doris-3:f:up]
16:38:25 #25 OK SELECT id=3614790 via doris-1 rows=10184 [doris-1:f:up doris-2:M:up doris-3:f:up]
16:38:26 #26 OK SELECT id=3614790 via doris-1 rows=10184 [doris-1:f:up doris-2:M:up doris-3:f:up]
16:38:27 #27 OK SELECT id=3614790 via doris-1 rows=10186 [doris-1:f:up doris-2:M:up doris-3:f:up]
16:38:28 #28 OK SELECT id=3614790 via doris-1 rows=10186 [doris-1:f:up doris-2:M:up doris-3:f:up]
16:38:29 #29 OK SELECT id=3614790 via doris-1 rows=10186 [doris-1:f:up doris-2:M:up doris-3:f:up]
16:38:30 #30 OK SELECT id=3614790 via doris-1 rows=10184 [doris-1:f:up doris-2:M:up doris-3:f:up]
16:38:31 #31 OK SELECT id=3614790 via doris-1 rows=10184 [doris-1:f:up doris-2:M:up doris-3:f:up]
16:38:32 #32 OK SELECT id=3614790 via doris-1 rows=10186 [doris-1:f:up doris-2:M:up doris-3:f:up]
16:38:33 EVENT break: be crash on doris-1 (FE follower)
16:38:33 #33 OK SELECT id=3614790 via doris-1 rows=10186 [doris-1:f:up doris-2:M:up doris-3:f:up]
16:38:34 #34 OK SELECT id=3614790 via doris-1 rows=10186 [doris-1:f:up doris-2:M:up doris-3:f:up]
16:38:36 #35 OK SELECT id=3614790 via doris-1 rows=10185 [doris-1:f:up doris-2:M:up doris-3:f:up]
16:38:37 #36 OK SELECT id=3614790 via doris-1 rows=10185 [doris-1:f:up doris-2:M:up doris-3:f:up]
16:38:38 #37 OK SELECT id=3614790 via doris-1 rows=10185 [?]
16:38:39 #38 OK SELECT id=3614790 via doris-1 rows=10185 [doris-1:f:up doris-2:M:up doris-3:f:up]
16:38:40 #39 OK SELECT id=3614790 via doris-1 rows=10185 [doris-1:f:up doris-2:M:up doris-3:f:up]
16:38:41 #40 OK SELECT id=3614790 via doris-1 rows=10186 [doris-1:f:up doris-2:M:up doris-3:f:up]
16:38:42 #41 OK SELECT id=3614790 via doris-1 rows=10185 [doris-1:f:up doris-2:M:up doris-3:f:up]
16:38:43 #42 OK SELECT id=3614790 via doris-1 rows=10185 [doris-1:f:up doris-2:M:up doris-3:f:up]
16:38:44 #43 OK SELECT id=3614790 via doris-1 rows=10185 [doris-1:f:up doris-2:M:up doris-3:f:up]
16:38:45 #44 OK SELECT id=3614790 via doris-1 rows=10185 [doris-1:f:up doris-2:M:up doris-3:f:up]
16:38:46 #45 OK SELECT id=3614790 via doris-1 rows=10186 [doris-1:f:up doris-2:M:up doris-3:f:up]
16:38:47 #46 OK SELECT id=3614790 via doris-1 rows=10185 [doris-1:f:up doris-2:M:up doris-3:f:up]
16:38:48 #47 OK SELECT id=3614790 via doris-1 rows=10185 [doris-1:f:up doris-2:M:up doris-3:f:up]
16:38:49 #48 OK SELECT id=3614790 via doris-1 rows=10185 [doris-1:f:up doris-2:M:up doris-3:f:up]
16:38:50 #49 OK SELECT id=3614790 via doris-1 rows=10185 [doris-1:f:up doris-2:M:up doris-3:f:up]
16:38:51 EVENT recovered: be restarted by systemd on doris-1 (+9s)
16:38:52 #50 OK SELECT id=3614790 via doris-1 rows=10186 [doris-1:f:up doris-2:M:up doris-3:f:up]
16:38:53 #51 OK SELECT id=3614790 via doris-1 rows=10185 [doris-1:f:up doris-2:M:up doris-3:f:up]
16:38:54 #52 OK SELECT id=3614790 via doris-1 rows=10185 [doris-1:f:up doris-2:M:up doris-3:f:up]
16:38:55 #53 OK SELECT id=3614790 via doris-1 rows=10185 [doris-1:f:up doris-2:M:up doris-3:f:up]
16:38:56 #54 OK SELECT id=3614790 via doris-1 rows=10185 [doris-1:f:up doris-2:M:up doris-3:f:up]
16:38:57 #55 OK SELECT id=3614790 via doris-1 rows=10186 [doris-1:f:up doris-2:M:up doris-3:f:up]
16:38:58 #56 OK SELECT id=3614790 via doris-1 rows=10185 [doris-1:f:up doris-2:M:up doris-3:f:up]
16:38:59 #57 OK SELECT id=3614790 via doris-1 rows=10185 [doris-1:f:up doris-2:M:up doris-3:f:up]
16:39:00 #58 OK SELECT id=3614790 via doris-1 rows=10185 [doris-1:f:up doris-2:M:up doris-3:f:up]
16:39:01 #59 OK SELECT id=3614790 via doris-1 rows=10185 [doris-1:f:up doris-2:M:up doris-3:f:up]
16:39:02 #60 OK SELECT id=3614790 via doris-1 rows=10186 [doris-1:f:up doris-2:M:up doris-3:f:up]
16:39:03 #61 OK SELECT id=3614790 via doris-1 rows=10185 [doris-1:f:up doris-2:M:up doris-3:f:up]
16:39:04 #62 OK SELECT id=3614790 via doris-1 rows=10185 [doris-1:f:up doris-2:M:up doris-3:f:up]
16:39:05 #63 OK SELECT id=3614790 via doris-1 rows=10185 [doris-1:f:up doris-2:M:up doris-3:f:up]
16:39:06 #64 OK SELECT id=3614790 via doris-1 rows=10185 [doris-1:f:up doris-2:M:up doris-3:f:up]
16:39:08 #65 OK SELECT id=3614790 via doris-1 rows=10186 [doris-1:f:up doris-2:M:up doris-3:f:up]
16:39:09 #66 OK SELECT id=3614790 via doris-1 rows=10185 [doris-1:f:up doris-2:M:up doris-3:f:up]
16:39:10 #67 OK SELECT id=3614790 via doris-1 rows=10185 [doris-1:f:up doris-2:M:up doris-3:f:up]
16:39:11 #68 OK SELECT id=3614790 via doris-1 rows=10185 [doris-1:f:up doris-2:M:up doris-3:f:up]
16:39:12 #69 OK SELECT id=3614790 via doris-1 rows=10185 [doris-1:f:up doris-2:M:up doris-3:f:up]
16:39:13 #70 OK SELECT id=3614790 via doris-1 rows=10186 [doris-1:f:up doris-2:M:up doris-3:f:up]
16:39:14 #71 OK SELECT id=3614790 via doris-1 rows=10185 [doris-1:f:up doris-2:M:up doris-3:f:up]
16:39:15 #72 OK SELECT id=3614790 via doris-1 rows=10185 [doris-1:f:up doris-2:M:up doris-3:f:up]
16:39:16 #73 OK SELECT id=3614790 via doris-1 rows=10185 [doris-1:f:up doris-2:M:up doris-3:f:up]
16:39:17 #74 OK SELECT id=3614790 via doris-1 rows=10185 [doris-1:f:up doris-2:M:up doris-3:f:up]
16:39:18 #75 OK SELECT id=3614790 via doris-1 rows=10186 [doris-1:f:up doris-2:M:up doris-3:f:up]
16:39:19 #76 OK SELECT id=3614790 via doris-1 rows=10185 [doris-1:f:up doris-2:M:up doris-3:f:up]
16:39:20 #77 OK SELECT id=3614790 via doris-1 rows=10185 [doris-1:f:up doris-2:M:up doris-3:f:up]
16:39:21 #78 OK SELECT id=3614790 via doris-1 rows=10185 [doris-1:f:up doris-2:M:up doris-3:f:up]
16:39:22 #79 OK SELECT id=3614790 via doris-1 rows=10185 [doris-1:f:up doris-2:M:up doris-3:f:up]
16:39:24 #80 OK SELECT id=3614790 via doris-1 rows=10186 [doris-1:f:up doris-2:M:up doris-3:f:up]
16:39:25 #81 OK SELECT id=3614790 via doris-1 rows=10185 [doris-1:f:up doris-2:M:up doris-3:f:up]
16:39:26 #82 OK SELECT id=3614790 via doris-1 rows=10185 [doris-1:f:up doris-2:M:up doris-3:f:up]
16:39:27 #83 OK SELECT id=3614790 via doris-1 rows=10185 [doris-1:f:up doris-2:M:up doris-3:f:up]
16:39:28 #84 OK SELECT id=3614790 via doris-1 rows=10185 [doris-1:f:up doris-2:M:up doris-3:f:up]
16:39:29 #85 OK SELECT id=3614790 via doris-1 rows=10186 [doris-1:f:up doris-2:M:up doris-3:f:up]
16:39:30 #86 OK SELECT id=3614790 via doris-1 rows=10185 [doris-1:f:up doris-2:M:up doris-3:f:up]
16:39:31 #87 OK SELECT id=3614790 via doris-1 rows=10185 [doris-1:f:up doris-2:M:up doris-3:f:up]
16:39:32 #88 OK SELECT id=3614790 via doris-1 rows=10185 [doris-1:f:up doris-2:M:up doris-3:f:up]
16:39:33 #89 OK SELECT id=3614790 via doris-1 rows=10185 [doris-1:f:up doris-2:M:up doris-3:f:up]
16:39:34 #90 OK SELECT id=3614790 via doris-1 rows=10186 [doris-1:f:up doris-2:M:up doris-3:f:up]
16:39:35 #91 OK SELECT id=3614790 via doris-1 rows=10185 [doris-1:f:up doris-2:M:up doris-3:f:up]
16:39:36 #92 OK SELECT id=3614790 via doris-1 rows=10185 [doris-1:f:up doris-2:M:up doris-3:f:up]
16:39:37 #93 OK SELECT id=3614790 via doris-1 rows=10185 [doris-1:f:up doris-2:M:up doris-3:f:up]
16:39:38 #94 OK SELECT id=3614790 via doris-1 rows=10185 [doris-1:f:up doris-2:M:up doris-3:f:up]
16:39:40 #95 OK SELECT id=3614790 via doris-1 rows=10186 [doris-1:f:up doris-2:M:up doris-3:f:up]
16:39:41 #96 OK SELECT id=3614790 via doris-1 rows=10185 [doris-1:f:up doris-2:M:up doris-3:f:up]
16:39:42 #97 OK SELECT id=3614790 via doris-1 rows=10185 [doris-1:f:up doris-2:M:up doris-3:f:up]
16:39:43 #98 OK SELECT id=3614790 via doris-1 rows=10185 [doris-1:f:up doris-2:M:up doris-3:f:up]
16:39:44 #99 OK SELECT id=3614790 via doris-1 rows=10185 [doris-1:f:up doris-2:M:up doris-3:f:up]
16:39:45 #100 OK SELECT id=3614790 via doris-1 rows=10186 [doris-1:f:up doris-2:M:up doris-3:f:up]
16:39:46 #101 OK SELECT id=3614790 via doris-1 rows=10185 [doris-1:f:up doris-2:M:up doris-3:f:up]
16:39:47 #102 OK SELECT id=3614790 via doris-1 rows=10185 [doris-1:f:up doris-2:M:up doris-3:f:up]
16:39:48 #103 OK SELECT id=3614790 via doris-1 rows=10185 [doris-1:f:up doris-2:M:up doris-3:f:up]
16:39:49 #104 OK SELECT id=3614790 via doris-1 rows=10185 [doris-1:f:up doris-2:M:up doris-3:f:up]
16:39:50 #105 OK SELECT id=3614790 via doris-1 rows=10186 [doris-1:f:up doris-2:M:up doris-3:f:up]
16:39:51 #106 OK SELECT id=3614790 via doris-1 rows=10185 [doris-1:f:up doris-2:M:up doris-3:f:up]
16:39:52 #107 OK SELECT id=3614790 via doris-1 rows=10185 [doris-1:f:up doris-2:M:up doris-3:f:up]
16:39:53 #108 OK SELECT id=3614790 via doris-1 rows=10185 [doris-1:f:up doris-2:M:up doris-3:f:up]
16:39:54 #109 OK SELECT id=3614790 via doris-1 rows=10185 [doris-1:f:up doris-2:M:up doris-3:f:up]
16:39:55 #110 OK SELECT id=3614790 via doris-1 rows=10186 [doris-1:f:up doris-2:M:up doris-3:f:up]
16:39:57 #111 OK SELECT id=3614790 via doris-1 rows=10185 [doris-1:f:up doris-2:M:up doris-3:f:up]
16:39:58 #112 OK SELECT id=3614790 via doris-1 rows=10185 [doris-1:f:up doris-2:M:up doris-3:f:up]
16:39:59 #113 OK SELECT id=3614790 via doris-1 rows=10185 [doris-1:f:up doris-2:M:up doris-3:f:up]
16:40:00 #114 OK SELECT id=3614790 via doris-1 rows=10185 [doris-1:f:up doris-2:M:up doris-3:f:up]
16:40:01 #115 OK SELECT id=3614790 via doris-1 rows=10186 [doris-1:f:up doris-2:M:up doris-3:f:up]
16:40:02 #116 OK SELECT id=3614790 via doris-1 rows=10185 [doris-1:f:up doris-2:M:up doris-3:f:up]
16:40:03 #117 OK SELECT id=3614790 via doris-1 rows=10185 [doris-1:f:up doris-2:M:up doris-3:f:up]
16:40:04 #118 OK SELECT id=3614790 via doris-1 rows=10185 [doris-1:f:up doris-2:M:up doris-3:f:up]
16:40:05 #119 OK SELECT id=3614790 via doris-1 rows=10185 [doris-1:f:up doris-2:M:up doris-3:f:up]
16:40:06 #120 OK SELECT id=3614790 via doris-1 rows=10186 [doris-1:f:up doris-2:M:up doris-3:f:up]
16:40:07 #121 OK SELECT id=3614790 via doris-1 rows=10185 [doris-1:f:up doris-2:M:up doris-3:f:up]
16:40:08 #122 OK SELECT id=3614790 via doris-1 rows=10185 [doris-1:f:up doris-2:M:up doris-3:f:up]
16:40:09 #123 OK SELECT id=3614790 via doris-1 rows=10185 [doris-1:f:up doris-2:M:up doris-3:f:up]
16:40:10 #124 OK SELECT id=3614790 via doris-1 rows=10185 [doris-1:f:up doris-2:M:up doris-3:f:up]
16:40:11 #125 OK SELECT id=3614790 via doris-1 rows=10186 [doris-1:f:up doris-2:M:up doris-3:f:up]
16:40:12 #126 OK SELECT id=3614790 via doris-1 rows=10185 [doris-1:f:up doris-2:M:up doris-3:f:up]
16:40:14 #127 OK SELECT id=3614790 via doris-1 rows=10185 [doris-1:f:up doris-2:M:up doris-3:f:up]
16:40:15 #128 OK SELECT id=3614790 via doris-1 rows=10185 [doris-1:f:up doris-2:M:up doris-3:f:up]
16:40:16 #129 OK SELECT id=3614790 via doris-1 rows=10185 [doris-1:f:up doris-2:M:up doris-3:f:up]
16:40:17 #130 OK SELECT id=3614790 via doris-1 rows=10186 [doris-1:f:up doris-2:M:up doris-3:f:up]
16:40:18 #131 OK SELECT id=3614790 via doris-1 rows=10185 [doris-1:f:up doris-2:M:up doris-3:f:up]
16:40:19 #132 OK SELECT id=3614790 via doris-1 rows=10185 [doris-1:f:up doris-2:M:up doris-3:f:up]
16:40:20 #133 OK SELECT id=3614790 via doris-1 rows=10185 [doris-1:f:up doris-2:M:up doris-3:f:up]
16:40:21 #134 OK SELECT id=3614790 via doris-1 rows=10185 [doris-1:f:up doris-2:M:up doris-3:f:up]
16:40:22 #135 OK SELECT id=3614790 via doris-1 rows=10186 [doris-1:f:up doris-2:M:up doris-3:f:up]
16:40:23 #136 OK SELECT id=3614790 via doris-1 rows=10185 [doris-1:f:up doris-2:M:up doris-3:f:up]
16:40:24 #137 OK SELECT id=3614790 via doris-1 rows=10185 [doris-1:f:up doris-2:M:up doris-3:f:up]
16:40:25 #138 OK SELECT id=3614790 via doris-1 rows=10185 [doris-1:f:up doris-2:M:up doris-3:f:up]
16:40:26 #139 OK SELECT id=3614790 via doris-1 rows=10185 [doris-1:f:up doris-2:M:up doris-3:f:up]
16:40:27 #140 OK SELECT id=3614790 via doris-1 rows=10186 [doris-1:f:up doris-2:M:up doris-3:f:up]
16:40:28 EVENT restore: verify be on doris-1
16:40:28 #141 OK SELECT id=3614790 via doris-1 rows=10185 [doris-1:f:up doris-2:M:up doris-3:f:up]
16:40:30 #142 OK SELECT id=3614790 via doris-1 rows=10185 [doris-1:f:up doris-2:M:up doris-3:f:up]
16:40:31 #143 OK SELECT id=3614790 via doris-1 rows=10185 [doris-1:f:up doris-2:M:up doris-3:f:up]
16:40:32 #144 OK SELECT id=3614790 via doris-1 rows=10185 [doris-1:f:up doris-2:M:up doris-3:f:up]
16:40:33 #145 OK SELECT id=3614790 via doris-1 rows=10186 [doris-1:f:up doris-2:M:up doris-3:f:up]
16:40:33 EVENT restore: cluster healthy
16:40:34 #146 OK SELECT id=3614790 via doris-1 rows=10185 [doris-1:f:up doris-2:M:up doris-3:f:up]
16:40:35 #147 OK SELECT id=3614790 via doris-1 rows=10185 [doris-1:f:up doris-2:M:up doris-3:f:up]
16:40:36 #148 OK SELECT id=3614790 via doris-1 rows=10185 [doris-1:f:up doris-2:M:up doris-3:f:up]
16:40:37 #149 OK SELECT id=3614790 via doris-1 rows=10185 [doris-1:f:up doris-2:M:up doris-3:f:up]
16:40:38 #150 OK SELECT id=3614790 via doris-1 rows=10186 [doris-1:f:up doris-2:M:up doris-3:f:up]
16:40:39 #151 OK SELECT id=3614790 via doris-1 rows=10185 [doris-1:f:up doris-2:M:up doris-3:f:up]
16:40:40 #152 OK SELECT id=3614790 via doris-1 rows=10185 [doris-1:f:up doris-2:M:up doris-3:f:up]
16:40:41 #153 OK SELECT id=3614790 via doris-1 rows=10185 [doris-1:f:up doris-2:M:up doris-3:f:up]
16:40:42 #154 OK SELECT id=3614790 via doris-1 rows=10185 [doris-1:f:up doris-2:M:up doris-3:f:up]
16:40:43 #155 OK SELECT id=3614790 via doris-1 rows=10186 [doris-1:f:up doris-2:M:up doris-3:f:up]
16:40:44 #156 OK SELECT id=3614790 via doris-1 rows=10185 [doris-1:f:up doris-2:M:up doris-3:f:up]
16:40:45 #157 OK SELECT id=3614790 via doris-1 rows=10185 [doris-1:f:up doris-2:M:up doris-3:f:up]
16:40:47 #158 OK SELECT id=3614790 via doris-1 rows=10185 [doris-1:f:up doris-2:M:up doris-3:f:up]
16:40:48 #159 OK SELECT id=3614790 via doris-1 rows=10185 [doris-1:f:up doris-2:M:up doris-3:f:up]
16:40:49 #160 OK SELECT id=3614790 via doris-1 rows=10186 [doris-1:f:up doris-2:M:up doris-3:f:up]
16:40:50 #161 OK SELECT id=3614790 via doris-1 rows=10185 [doris-1:f:up doris-2:M:up doris-3:f:up]
16:40:51 #162 OK SELECT id=3614790 via doris-1 rows=10185 [doris-1:f:up doris-2:M:up doris-3:f:up]
16:40:52 #163 OK SELECT id=3614790 via doris-1 rows=10185 [doris-1:f:up doris-2:M:up doris-3:f:up]
16:40:53 #164 OK SELECT id=3614790 via doris-1 rows=10185 [doris-1:f:up doris-2:M:up doris-3:f:up]
16:40:54 #165 OK SELECT id=3614790 via doris-1 rows=10186 [doris-1:f:up doris-2:M:up doris-3:f:up]
16:40:55 #166 OK SELECT id=3614790 via doris-1 rows=10185 [doris-1:f:up doris-2:M:up doris-3:f:up]
16:40:56 #167 OK SELECT id=3614790 via doris-1 rows=10185 [doris-1:f:up doris-2:M:up doris-3:f:up]
16:40:57 #168 OK SELECT id=3614790 via doris-1 rows=10185 [doris-1:f:up doris-2:M:up doris-3:f:up]
16:40:58 #169 OK SELECT id=3614790 via doris-1 rows=10185 [doris-1:f:up doris-2:M:up doris-3:f:up]
16:40:59 #170 OK SELECT id=3614790 via doris-1 rows=10186 [doris-1:f:up doris-2:M:up doris-3:f:up]
16:41:00 #171 OK SELECT id=3614790 via doris-1 rows=10185 [doris-1:f:up doris-2:M:up doris-3:f:up]
16:41:01 #172 OK SELECT id=3614790 via doris-1 rows=10185 [doris-1:f:up doris-2:M:up doris-3:f:up]
16:41:03 #173 OK SELECT id=3614790 via doris-1 rows=10185 [doris-1:f:up doris-2:M:up doris-3:f:up]
