16:37:59 PROBE start proto=mysql hosts=doris-1,doris-2,doris-3 duration=86400s cycle=INSERT>UPSERT>SELECT>DELETE>SELECT
16:37:59 connected to doris-1 (10.140.0.2)
16:37:59 #1 OK INSERT id=1614790 via doris-1 rows=10185 [doris-1:f:up doris-2:M:up doris-3:f:up]
16:38:00 #2 OK UPSERT id=1614790 via doris-1 rows=10186 [doris-1:f:up doris-2:M:up doris-3:f:up]
16:38:01 #3 OK SELECT id=1614790 via doris-1 rows=10186 [doris-1:f:up doris-2:M:up doris-3:f:up]
16:38:02 #4 OK DELETE id=1614790 via doris-1 rows=10185 [doris-1:f:up doris-2:M:up doris-3:f:up]
16:38:04 #5 OK SELECT id=1614790 via doris-1 rows=10184 [doris-1:f:up doris-2:M:up doris-3:f:up]
16:38:05 #6 OK INSERT id=1614791 via doris-1 rows=10185 [doris-1:f:up doris-2:M:up doris-3:f:up]
16:38:06 #7 OK UPSERT id=1614791 via doris-1 rows=10186 [doris-1:f:up doris-2:M:up doris-3:f:up]
16:38:07 #8 OK SELECT id=1614791 via doris-1 rows=10186 [doris-1:f:up doris-2:M:up doris-3:f:up]
16:38:08 #9 OK DELETE id=1614791 via doris-1 rows=10185 [doris-1:f:up doris-2:M:up doris-3:f:up]
16:38:09 #10 OK SELECT id=1614791 via doris-1 rows=10184 [doris-1:f:up doris-2:M:up doris-3:f:up]
16:38:10 #11 OK INSERT id=1614792 via doris-1 rows=10185 [doris-1:f:up doris-2:M:up doris-3:f:up]
16:38:11 #12 OK UPSERT id=1614792 via doris-1 rows=10186 [doris-1:f:up doris-2:M:up doris-3:f:up]
16:38:12 #13 OK SELECT id=1614792 via doris-1 rows=10186 [doris-1:f:up doris-2:M:up doris-3:f:up]
16:38:13 #14 OK DELETE id=1614792 via doris-1 rows=10185 [doris-1:f:up doris-2:M:up doris-3:f:up]
16:38:14 #15 OK SELECT id=1614792 via doris-1 rows=10184 [doris-1:f:up doris-2:M:up doris-3:f:up]
16:38:15 #16 OK INSERT id=1614793 via doris-1 rows=10185 [doris-1:f:up doris-2:M:up doris-3:f:up]
16:38:16 #17 OK UPSERT id=1614793 via doris-1 rows=10186 [doris-1:f:up doris-2:M:up doris-3:f:up]
16:38:17 #18 OK SELECT id=1614793 via doris-1 rows=10186 [doris-1:f:up doris-2:M:up doris-3:f:up]
16:38:18 #19 OK DELETE id=1614793 via doris-1 rows=10185 [doris-1:f:up doris-2:M:up doris-3:f:up]
16:38:20 #20 OK SELECT id=1614793 via doris-1 rows=10184 [doris-1:f:up doris-2:M:up doris-3:f:up]
16:38:21 #21 OK INSERT id=1614794 via doris-1 rows=10185 [doris-1:f:up doris-2:M:up doris-3:f:up]
16:38:22 #22 OK UPSERT id=1614794 via doris-1 rows=10186 [doris-1:f:up doris-2:M:up doris-3:f:up]
16:38:23 #23 OK SELECT id=1614794 via doris-1 rows=10186 [doris-1:f:up doris-2:M:up doris-3:f:up]
16:38:24 #24 OK DELETE id=1614794 via doris-1 rows=10185 [doris-1:f:up doris-2:M:up doris-3:f:up]
16:38:25 #25 OK SELECT id=1614794 via doris-1 rows=10184 [doris-1:f:up doris-2:M:up doris-3:f:up]
16:38:26 #26 OK INSERT id=1614795 via doris-1 rows=10185 [doris-1:f:up doris-2:M:up doris-3:f:up]
16:38:27 #27 OK UPSERT id=1614795 via doris-1 rows=10186 [doris-1:f:up doris-2:M:up doris-3:f:up]
16:38:28 #28 OK SELECT id=1614795 via doris-1 rows=10186 [doris-1:f:up doris-2:M:up doris-3:f:up]
16:38:29 #29 OK DELETE id=1614795 via doris-1 rows=10185 [doris-1:f:up doris-2:M:up doris-3:f:up]
16:38:30 #30 OK SELECT id=1614795 via doris-1 rows=10184 [doris-1:f:up doris-2:M:up doris-3:f:up]
16:38:31 #31 OK INSERT id=1614796 via doris-1 rows=10185 [doris-1:f:up doris-2:M:up doris-3:f:up]
16:38:32 #32 OK UPSERT id=1614796 via doris-1 rows=10186 [doris-1:f:up doris-2:M:up doris-3:f:up]
16:38:33 EVENT break: be crash on doris-1 (FE follower)
16:38:33 #33 OK SELECT id=1614796 via doris-1 rows=10186 [doris-1:f:up doris-2:M:up doris-3:f:up]
16:38:35 #34 OK DELETE id=1614796 via doris-1 rows=10185 [doris-1:f:up doris-2:M:up doris-3:f:up]
16:38:36 #35 OK SELECT id=1614796 via doris-1 rows=10185 [doris-1:f:up doris-2:M:up doris-3:f:up]
16:38:38 #36 OK INSERT id=1614797 via doris-1 rows=10185 [doris-1:f:up doris-2:M:up doris-3:f:up]
16:38:39 #37 OK UPSERT id=1614797 via doris-1 rows=10185 [doris-1:f:up doris-2:M:up doris-3:f:up]
16:38:40 #38 OK SELECT id=1614797 via doris-1 rows=10185 [doris-1:f:up doris-2:M:up doris-3:f:up]
16:38:41 #39 OK DELETE id=1614797 via doris-1 rows=10185 [doris-1:f:up doris-2:M:up doris-3:f:up]
16:38:42 #40 OK SELECT id=1614797 via doris-1 rows=10185 [doris-1:f:up doris-2:M:up doris-3:f:up]
16:38:43 #41 OK INSERT id=1614798 via doris-1 rows=10186 [doris-1:f:up doris-2:M:up doris-3:f:up]
16:38:44 #42 OK UPSERT id=1614798 via doris-1 rows=10185 [doris-1:f:up doris-2:M:up doris-3:f:up]
16:38:45 #43 OK SELECT id=1614798 via doris-1 rows=10185 [doris-1:f:up doris-2:M:up doris-3:f:up]
16:38:46 #44 OK DELETE id=1614798 via doris-1 rows=10185 [doris-1:f:up doris-2:M:up doris-3:f:up]
16:38:47 #45 OK SELECT id=1614798 via doris-1 rows=10185 [doris-1:f:up doris-2:M:up doris-3:f:up]
16:38:49 #46 OK INSERT id=1614799 via doris-1 rows=10186 [doris-1:f:up doris-2:M:up doris-3:f:up]
16:38:50 #47 OK UPSERT id=1614799 via doris-1 rows=10185 [doris-1:f:up doris-2:M:up doris-3:f:up]
16:38:51 EVENT recovered: be restarted by systemd on doris-1 (+9s)
16:38:51 #48 OK SELECT id=1614799 via doris-1 rows=10185 [doris-1:f:up doris-2:M:up doris-3:f:up]
16:38:52 #49 OK DELETE id=1614799 via doris-1 rows=10185 [doris-1:f:up doris-2:M:up doris-3:f:up]
16:38:53 #50 OK SELECT id=1614799 via doris-1 rows=10185 [doris-1:f:up doris-2:M:up doris-3:f:up]
16:38:54 #51 OK INSERT id=1614800 via doris-1 rows=10186 [doris-1:f:up doris-2:M:up doris-3:f:up]
16:38:55 #52 OK UPSERT id=1614800 via doris-1 rows=10185 [doris-1:f:up doris-2:M:up doris-3:f:up]
16:38:56 #53 OK SELECT id=1614800 via doris-1 rows=10185 [doris-1:f:up doris-2:M:up doris-3:f:up]
16:38:57 #54 OK DELETE id=1614800 via doris-1 rows=10185 [doris-1:f:up doris-2:M:up doris-3:f:up]
16:38:58 #55 OK SELECT id=1614800 via doris-1 rows=10185 [doris-1:f:up doris-2:M:up doris-3:f:up]
16:38:59 #56 OK INSERT id=1614801 via doris-1 rows=10186 [doris-1:f:up doris-2:M:up doris-3:f:up]
16:39:00 #57 OK UPSERT id=1614801 via doris-1 rows=10185 [doris-1:f:up doris-2:M:up doris-3:f:up]
16:39:01 #58 OK SELECT id=1614801 via doris-1 rows=10185 [doris-1:f:up doris-2:M:up doris-3:f:up]
16:39:02 #59 OK DELETE id=1614801 via doris-1 rows=10185 [doris-1:f:up doris-2:M:up doris-3:f:up]
16:39:03 #60 OK SELECT id=1614801 via doris-1 rows=10185 [doris-1:f:up doris-2:M:up doris-3:f:up]
16:39:05 #61 OK INSERT id=1614802 via doris-1 rows=10186 [doris-1:f:up doris-2:M:up doris-3:f:up]
16:39:06 #62 OK UPSERT id=1614802 via doris-1 rows=10185 [doris-1:f:up doris-2:M:up doris-3:f:up]
16:39:07 #63 OK SELECT id=1614802 via doris-1 rows=10185 [doris-1:f:up doris-2:M:up doris-3:f:up]
16:39:08 #64 OK DELETE id=1614802 via doris-1 rows=10185 [doris-1:f:up doris-2:M:up doris-3:f:up]
16:39:09 #65 OK SELECT id=1614802 via doris-1 rows=10185 [doris-1:f:up doris-2:M:up doris-3:f:up]
16:39:10 #66 OK INSERT id=1614803 via doris-1 rows=10186 [doris-1:f:up doris-2:M:up doris-3:f:up]
16:39:11 #67 OK UPSERT id=1614803 via doris-1 rows=10185 [doris-1:f:up doris-2:M:up doris-3:f:up]
16:39:12 #68 OK SELECT id=1614803 via doris-1 rows=10185 [doris-1:f:up doris-2:M:up doris-3:f:up]
16:39:13 #69 OK DELETE id=1614803 via doris-1 rows=10185 [doris-1:f:up doris-2:M:up doris-3:f:up]
16:39:14 #70 OK SELECT id=1614803 via doris-1 rows=10185 [doris-1:f:up doris-2:M:up doris-3:f:up]
16:39:15 #71 OK INSERT id=1614804 via doris-1 rows=10186 [doris-1:f:up doris-2:M:up doris-3:f:up]
16:39:16 #72 OK UPSERT id=1614804 via doris-1 rows=10185 [doris-1:f:up doris-2:M:up doris-3:f:up]
16:39:17 #73 OK SELECT id=1614804 via doris-1 rows=10185 [doris-1:f:up doris-2:M:up doris-3:f:up]
16:39:19 #74 OK DELETE id=1614804 via doris-1 rows=10185 [doris-1:f:up doris-2:M:up doris-3:f:up]
16:39:20 #75 OK SELECT id=1614804 via doris-1 rows=10185 [doris-1:f:up doris-2:M:up doris-3:f:up]
16:39:21 #76 OK INSERT id=1614805 via doris-1 rows=10186 [doris-1:f:up doris-2:M:up doris-3:f:up]
16:39:22 #77 OK UPSERT id=1614805 via doris-1 rows=10185 [doris-1:f:up doris-2:M:up doris-3:f:up]
16:39:23 #78 OK SELECT id=1614805 via doris-1 rows=10185 [doris-1:f:up doris-2:M:up doris-3:f:up]
16:39:24 #79 OK DELETE id=1614805 via doris-1 rows=10185 [doris-1:f:up doris-2:M:up doris-3:f:up]
16:39:25 #80 OK SELECT id=1614805 via doris-1 rows=10185 [doris-1:f:up doris-2:M:up doris-3:f:up]
16:39:26 #81 OK INSERT id=1614806 via doris-1 rows=10186 [doris-1:f:up doris-2:M:up doris-3:f:up]
16:39:27 #82 OK UPSERT id=1614806 via doris-1 rows=10185 [doris-1:f:up doris-2:M:up doris-3:f:up]
16:39:28 #83 OK SELECT id=1614806 via doris-1 rows=10185 [doris-1:f:up doris-2:M:up doris-3:f:up]
16:39:29 #84 OK DELETE id=1614806 via doris-1 rows=10185 [doris-1:f:up doris-2:M:up doris-3:f:up]
16:39:30 #85 OK SELECT id=1614806 via doris-1 rows=10185 [doris-1:f:up doris-2:M:up doris-3:f:up]
16:39:31 #86 OK INSERT id=1614807 via doris-1 rows=10186 [doris-1:f:up doris-2:M:up doris-3:f:up]
16:39:32 #87 OK UPSERT id=1614807 via doris-1 rows=10185 [doris-1:f:up doris-2:M:up doris-3:f:up]
16:39:33 #88 OK SELECT id=1614807 via doris-1 rows=10185 [doris-1:f:up doris-2:M:up doris-3:f:up]
16:39:35 #89 OK DELETE id=1614807 via doris-1 rows=10185 [doris-1:f:up doris-2:M:up doris-3:f:up]
16:39:36 #90 OK SELECT id=1614807 via doris-1 rows=10185 [doris-1:f:up doris-2:M:up doris-3:f:up]
16:39:37 #91 OK INSERT id=1614808 via doris-1 rows=10186 [doris-1:f:up doris-2:M:up doris-3:f:up]
16:39:38 #92 OK UPSERT id=1614808 via doris-1 rows=10185 [doris-1:f:up doris-2:M:up doris-3:f:up]
16:39:39 #93 OK SELECT id=1614808 via doris-1 rows=10185 [doris-1:f:up doris-2:M:up doris-3:f:up]
16:39:40 #94 OK DELETE id=1614808 via doris-1 rows=10185 [doris-1:f:up doris-2:M:up doris-3:f:up]
16:39:41 #95 OK SELECT id=1614808 via doris-1 rows=10185 [doris-1:f:up doris-2:M:up doris-3:f:up]
16:39:42 #96 OK INSERT id=1614809 via doris-1 rows=10186 [doris-1:f:up doris-2:M:up doris-3:f:up]
16:39:43 #97 OK UPSERT id=1614809 via doris-1 rows=10185 [doris-1:f:up doris-2:M:up doris-3:f:up]
16:39:44 #98 OK SELECT id=1614809 via doris-1 rows=10185 [doris-1:f:up doris-2:M:up doris-3:f:up]
16:39:45 #99 OK DELETE id=1614809 via doris-1 rows=10185 [doris-1:f:up doris-2:M:up doris-3:f:up]
16:39:46 #100 OK SELECT id=1614809 via doris-1 rows=10185 [doris-1:f:up doris-2:M:up doris-3:f:up]
16:39:47 #101 OK INSERT id=1614810 via doris-1 rows=10186 [doris-1:f:up doris-2:M:up doris-3:f:up]
16:39:48 #102 OK UPSERT id=1614810 via doris-1 rows=10185 [doris-1:f:up doris-2:M:up doris-3:f:up]
16:39:50 #103 OK SELECT id=1614810 via doris-1 rows=10185 [doris-1:f:up doris-2:M:up doris-3:f:up]
16:39:51 #104 OK DELETE id=1614810 via doris-1 rows=10185 [doris-1:f:up doris-2:M:up doris-3:f:up]
16:39:52 #105 OK SELECT id=1614810 via doris-1 rows=10185 [doris-1:f:up doris-2:M:up doris-3:f:up]
16:39:53 #106 OK INSERT id=1614811 via doris-1 rows=10186 [doris-1:f:up doris-2:M:up doris-3:f:up]
16:39:54 #107 OK UPSERT id=1614811 via doris-1 rows=10185 [doris-1:f:up doris-2:M:up doris-3:f:up]
16:39:55 #108 OK SELECT id=1614811 via doris-1 rows=10185 [doris-1:f:up doris-2:M:up doris-3:f:up]
16:39:56 #109 OK DELETE id=1614811 via doris-1 rows=10185 [doris-1:f:up doris-2:M:up doris-3:f:up]
16:39:57 #110 OK SELECT id=1614811 via doris-1 rows=10185 [doris-1:f:up doris-2:M:up doris-3:f:up]
16:39:58 #111 OK INSERT id=1614812 via doris-1 rows=10186 [doris-1:f:up doris-2:M:up doris-3:f:up]
16:39:59 #112 OK UPSERT id=1614812 via doris-1 rows=10185 [doris-1:f:up doris-2:M:up doris-3:f:up]
16:40:00 #113 OK SELECT id=1614812 via doris-1 rows=10185 [doris-1:f:up doris-2:M:up doris-3:f:up]
16:40:01 #114 OK DELETE id=1614812 via doris-1 rows=10185 [doris-1:f:up doris-2:M:up doris-3:f:up]
16:40:02 #115 OK SELECT id=1614812 via doris-1 rows=10185 [doris-1:f:up doris-2:M:up doris-3:f:up]
16:40:03 #116 OK INSERT id=1614813 via doris-1 rows=10186 [doris-1:f:up doris-2:M:up doris-3:f:up]
16:40:04 #117 OK UPSERT id=1614813 via doris-1 rows=10185 [doris-1:f:up doris-2:M:up doris-3:f:up]
16:40:06 #118 OK SELECT id=1614813 via doris-1 rows=10185 [doris-1:f:up doris-2:M:up doris-3:f:up]
16:40:07 #119 OK DELETE id=1614813 via doris-1 rows=10185 [doris-1:f:up doris-2:M:up doris-3:f:up]
16:40:08 #120 OK SELECT id=1614813 via doris-1 rows=10185 [doris-1:f:up doris-2:M:up doris-3:f:up]
16:40:09 #121 OK INSERT id=1614814 via doris-1 rows=10186 [doris-1:f:up doris-2:M:up doris-3:f:up]
16:40:10 #122 OK UPSERT id=1614814 via doris-1 rows=10185 [doris-1:f:up doris-2:M:up doris-3:f:up]
16:40:11 #123 OK SELECT id=1614814 via doris-1 rows=10185 [doris-1:f:up doris-2:M:up doris-3:f:up]
16:40:12 #124 OK DELETE id=1614814 via doris-1 rows=10185 [doris-1:f:up doris-2:M:up doris-3:f:up]
16:40:13 #125 OK SELECT id=1614814 via doris-1 rows=10185 [doris-1:f:up doris-2:M:up doris-3:f:up]
16:40:14 #126 OK INSERT id=1614815 via doris-1 rows=10186 [doris-1:f:up doris-2:M:up doris-3:f:up]
16:40:15 #127 OK UPSERT id=1614815 via doris-1 rows=10185 [doris-1:f:up doris-2:M:up doris-3:f:up]
16:40:16 #128 OK SELECT id=1614815 via doris-1 rows=10185 [doris-1:f:up doris-2:M:up doris-3:f:up]
16:40:17 #129 OK DELETE id=1614815 via doris-1 rows=10185 [doris-1:f:up doris-2:M:up doris-3:f:up]
16:40:18 #130 OK SELECT id=1614815 via doris-1 rows=10185 [doris-1:f:up doris-2:M:up doris-3:f:up]
16:40:19 #131 OK INSERT id=1614816 via doris-1 rows=10186 [doris-1:f:up doris-2:M:up doris-3:f:up]
16:40:20 #132 OK UPSERT id=1614816 via doris-1 rows=10185 [doris-1:f:up doris-2:M:up doris-3:f:up]
16:40:22 #133 OK SELECT id=1614816 via doris-1 rows=10185 [doris-1:f:up doris-2:M:up doris-3:f:up]
16:40:23 #134 OK DELETE id=1614816 via doris-1 rows=10185 [doris-1:f:up doris-2:M:up doris-3:f:up]
16:40:24 #135 OK SELECT id=1614816 via doris-1 rows=10185 [doris-1:f:up doris-2:M:up doris-3:f:up]
16:40:25 #136 OK INSERT id=1614817 via doris-1 rows=10186 [doris-1:f:up doris-2:M:up doris-3:f:up]
16:40:26 #137 OK UPSERT id=1614817 via doris-1 rows=10185 [doris-1:f:up doris-2:M:up doris-3:f:up]
16:40:27 #138 OK SELECT id=1614817 via doris-1 rows=10185 [doris-1:f:up doris-2:M:up doris-3:f:up]
16:40:28 EVENT restore: verify be on doris-1
16:40:28 #139 OK DELETE id=1614817 via doris-1 rows=10185 [doris-1:f:up doris-2:M:up doris-3:f:up]
16:40:29 #140 OK SELECT id=1614817 via doris-1 rows=10185 [doris-1:f:up doris-2:M:up doris-3:f:up]
16:40:30 #141 OK INSERT id=1614818 via doris-1 rows=10186 [doris-1:f:up doris-2:M:up doris-3:f:up]
16:40:31 #142 OK UPSERT id=1614818 via doris-1 rows=10185 [doris-1:f:up doris-2:M:up doris-3:f:up]
16:40:32 #143 OK SELECT id=1614818 via doris-1 rows=10185 [doris-1:f:up doris-2:M:up doris-3:f:up]
16:40:33 EVENT restore: cluster healthy
16:40:33 #144 OK DELETE id=1614818 via doris-1 rows=10185 [doris-1:f:up doris-2:M:up doris-3:f:up]
16:40:34 #145 OK SELECT id=1614818 via doris-1 rows=10185 [doris-1:f:up doris-2:M:up doris-3:f:up]
16:40:35 #146 OK INSERT id=1614819 via doris-1 rows=10186 [doris-1:f:up doris-2:M:up doris-3:f:up]
16:40:37 #147 OK UPSERT id=1614819 via doris-1 rows=10185 [doris-1:f:up doris-2:M:up doris-3:f:up]
16:40:38 #148 OK SELECT id=1614819 via doris-1 rows=10185 [doris-1:f:up doris-2:M:up doris-3:f:up]
16:40:39 #149 OK DELETE id=1614819 via doris-1 rows=10185 [doris-1:f:up doris-2:M:up doris-3:f:up]
16:40:40 #150 OK SELECT id=1614819 via doris-1 rows=10185 [doris-1:f:up doris-2:M:up doris-3:f:up]
16:40:41 #151 OK INSERT id=1614820 via doris-1 rows=10186 [doris-1:f:up doris-2:M:up doris-3:f:up]
16:40:42 #152 OK UPSERT id=1614820 via doris-1 rows=10185 [doris-1:f:up doris-2:M:up doris-3:f:up]
16:40:43 #153 OK SELECT id=1614820 via doris-1 rows=10185 [doris-1:f:up doris-2:M:up doris-3:f:up]
16:40:44 #154 OK DELETE id=1614820 via doris-1 rows=10185 [doris-1:f:up doris-2:M:up doris-3:f:up]
16:40:45 #155 OK SELECT id=1614820 via doris-1 rows=10185 [doris-1:f:up doris-2:M:up doris-3:f:up]
16:40:46 #156 OK INSERT id=1614821 via doris-1 rows=10186 [doris-1:f:up doris-2:M:up doris-3:f:up]
16:40:47 #157 OK UPSERT id=1614821 via doris-1 rows=10185 [doris-1:f:up doris-2:M:up doris-3:f:up]
16:40:48 #158 OK SELECT id=1614821 via doris-1 rows=10185 [doris-1:f:up doris-2:M:up doris-3:f:up]
16:40:49 #159 OK DELETE id=1614821 via doris-1 rows=10185 [doris-1:f:up doris-2:M:up doris-3:f:up]
16:40:50 #160 OK SELECT id=1614821 via doris-1 rows=10185 [doris-1:f:up doris-2:M:up doris-3:f:up]
16:40:51 #161 OK INSERT id=1614822 via doris-1 rows=10186 [doris-1:f:up doris-2:M:up doris-3:f:up]
16:40:53 #162 OK UPSERT id=1614822 via doris-1 rows=10185 [doris-1:f:up doris-2:M:up doris-3:f:up]
16:40:54 #163 OK SELECT id=1614822 via doris-1 rows=10185 [doris-1:f:up doris-2:M:up doris-3:f:up]
16:40:55 #164 OK DELETE id=1614822 via doris-1 rows=10185 [doris-1:f:up doris-2:M:up doris-3:f:up]
16:40:56 #165 OK SELECT id=1614822 via doris-1 rows=10185 [doris-1:f:up doris-2:M:up doris-3:f:up]
16:40:57 #166 OK INSERT id=1614823 via doris-1 rows=10186 [doris-1:f:up doris-2:M:up doris-3:f:up]
16:40:58 #167 OK UPSERT id=1614823 via doris-1 rows=10185 [doris-1:f:up doris-2:M:up doris-3:f:up]
16:40:59 #168 OK SELECT id=1614823 via doris-1 rows=10185 [doris-1:f:up doris-2:M:up doris-3:f:up]
