04:37:37 PROBE start proto=arrow-flight hosts=doris-1,doris-2,doris-3 duration=86400s cycle=INSERT>UPSERT>SELECT>DELETE>SELECT
04:37:38 connected to doris-1 (10.140.0.2)
04:37:38 DML unsupported over arrow-flight (InternalError: RuntimeException, msg: getMysqlChannel not in mysql connection (Internal; ExecuteQuery)) — switching to SELECT-only mode
04:37:38 #1 OK SELECT id=3726570 via doris-1 rows=10124 [doris-1:f:up doris-2:M:up doris-3:f:up]
04:37:39 #2 OK SELECT id=3726570 via doris-1 rows=10125 [doris-1:f:up doris-2:M:up doris-3:f:up]
04:37:40 #3 OK SELECT id=3726570 via doris-1 rows=10125 [doris-1:f:up doris-2:M:up doris-3:f:up]
04:37:41 #4 OK SELECT id=3726570 via doris-1 rows=10123 [doris-1:f:up doris-2:M:up doris-3:f:up]
04:37:42 #5 OK SELECT id=3726570 via doris-1 rows=10123 [doris-1:f:up doris-2:M:up doris-3:f:up]
04:37:43 #6 OK SELECT id=3726570 via doris-1 rows=10125 [doris-1:f:up doris-2:M:up doris-3:f:up]
04:37:45 #7 OK SELECT id=3726570 via doris-1 rows=10125 [doris-1:f:up doris-2:M:up doris-3:f:up]
04:37:46 #8 OK SELECT id=3726570 via doris-1 rows=10125 [doris-1:f:up doris-2:M:up doris-3:f:up]
04:37:47 #9 OK SELECT id=3726570 via doris-1 rows=10123 [doris-1:f:up doris-2:M:up doris-3:f:up]
04:37:48 #10 OK SELECT id=3726570 via doris-1 rows=10123 [doris-1:f:up doris-2:M:up doris-3:f:up]
04:37:49 #11 OK SELECT id=3726570 via doris-1 rows=10125 [doris-1:f:up doris-2:M:up doris-3:f:up]
04:37:50 #12 OK SELECT id=3726570 via doris-1 rows=10125 [doris-1:f:up doris-2:M:up doris-3:f:up]
04:37:51 #13 OK SELECT id=3726570 via doris-1 rows=10125 [doris-1:f:up doris-2:M:up doris-3:f:up]
04:37:52 #14 OK SELECT id=3726570 via doris-1 rows=10123 [doris-1:f:up doris-2:M:up doris-3:f:up]
04:37:53 #15 OK SELECT id=3726570 via doris-1 rows=10123 [doris-1:f:up doris-2:M:up doris-3:f:up]
04:37:54 #16 OK SELECT id=3726570 via doris-1 rows=10125 [doris-1:f:up doris-2:M:up doris-3:f:up]
04:37:56 #17 OK SELECT id=3726570 via doris-1 rows=10125 [doris-1:f:up doris-2:M:up doris-3:f:up]
04:37:57 #18 OK SELECT id=3726570 via doris-1 rows=10125 [doris-1:f:up doris-2:M:up doris-3:f:up]
04:37:58 #19 OK SELECT id=3726570 via doris-1 rows=10123 [doris-1:f:up doris-2:M:up doris-3:f:up]
04:37:59 #20 OK SELECT id=3726570 via doris-1 rows=10123 [doris-1:f:up doris-2:M:up doris-3:f:up]
04:38:00 #21 OK SELECT id=3726570 via doris-1 rows=10125 [doris-1:f:up doris-2:M:up doris-3:f:up]
04:38:01 #22 OK SELECT id=3726570 via doris-1 rows=10125 [doris-1:f:up doris-2:M:up doris-3:f:up]
04:38:02 #23 OK SELECT id=3726570 via doris-1 rows=10124 [doris-1:f:up doris-2:M:up doris-3:f:up]
04:38:03 #24 OK SELECT id=3726570 via doris-1 rows=10123 [doris-1:f:up doris-2:M:up doris-3:f:up]
04:38:04 #25 OK SELECT id=3726570 via doris-1 rows=10124 [doris-1:f:up doris-2:M:up doris-3:f:up]
04:38:05 #26 OK SELECT id=3726570 via doris-1 rows=10125 [doris-1:f:up doris-2:M:up doris-3:f:up]
04:38:06 #27 OK SELECT id=3726570 via doris-1 rows=10125 [doris-1:f:up doris-2:M:up doris-3:f:up]
04:38:07 #28 OK SELECT id=3726570 via doris-1 rows=10124 [doris-1:f:up doris-2:M:up doris-3:f:up]
04:38:09 #29 OK SELECT id=3726570 via doris-1 rows=10123 [doris-1:f:up doris-2:M:up doris-3:f:up]
04:38:10 #30 OK SELECT id=3726570 via doris-1 rows=10124 [doris-1:f:up doris-2:M:up doris-3:f:up]
04:38:11 #31 OK SELECT id=3726570 via doris-1 rows=10125 [doris-1:f:up doris-2:M:up doris-3:f:up]
04:38:11 EVENT break: fe crash on doris-2 (FE master)
04:38:12 #32 OK SELECT id=3726570 via doris-1 rows=10125 [doris-1:f:up doris-2:M:up doris-3:f:up]
04:38:19 #33 OK SELECT id=3726570 via doris-1 rows=10124 [?]
04:38:20 #34 FAIL SELECT id=3726570 via doris-1: InternalError: INTERNAL: [FlightSQL] get flight info statement failed, after executeQueryStatement handleQuery, java.lang.Run
04:38:21 connected to doris-1 (10.140.0.2)
04:38:21 #35 OK SELECT id=3726570 via doris-1 rows=10126 [?] (recovered)
04:38:22 #36 OK SELECT id=3726570 via doris-1 rows=10126 [doris-1:f:up doris-2:f:DOWN doris-3:M:up]
04:38:23 #37 OK SELECT id=3726570 via doris-1 rows=10126 [doris-1:f:up doris-2:f:DOWN doris-3:M:up]
04:38:24 #38 OK SELECT id=3726570 via doris-1 rows=10128 [doris-1:f:up doris-2:f:DOWN doris-3:M:up]
04:38:25 #39 OK SELECT id=3726570 via doris-1 rows=10128 [doris-1:f:up doris-2:f:DOWN doris-3:M:up]
04:38:27 #40 OK SELECT id=3726570 via doris-1 rows=10128 [doris-1:f:up doris-2:f:DOWN doris-3:M:up]
04:38:28 #41 OK SELECT id=3726570 via doris-1 rows=10128 [doris-1:f:up doris-2:f:DOWN doris-3:M:up]
04:38:28 EVENT recovered: fe restarted by systemd on doris-2 (+9s)
04:38:29 #42 OK SELECT id=3726570 via doris-1 rows=10126 [doris-1:f:up doris-2:f:DOWN doris-3:M:up]
04:38:30 #43 OK SELECT id=3726570 via doris-1 rows=10126 [doris-1:f:up doris-2:f:DOWN doris-3:M:up]
04:38:31 #44 OK SELECT id=3726570 via doris-1 rows=10128 [doris-1:f:up doris-2:f:DOWN doris-3:M:up]
04:38:32 #45 OK SELECT id=3726570 via doris-1 rows=10128 [doris-1:f:up doris-2:f:DOWN doris-3:M:up]
04:38:33 #46 OK SELECT id=3726570 via doris-1 rows=10128 [doris-1:f:up doris-2:f:DOWN doris-3:M:up]
04:38:34 #47 OK SELECT id=3726570 via doris-1 rows=10126 [doris-1:f:up doris-2:f:DOWN doris-3:M:up]
04:38:35 #48 OK SELECT id=3726570 via doris-1 rows=10126 [doris-1:f:up doris-2:f:up doris-3:M:up]
04:38:36 #49 OK SELECT id=3726570 via doris-1 rows=10126 [doris-1:f:up doris-2:f:up doris-3:M:up]
04:38:38 #50 OK SELECT id=3726570 via doris-1 rows=10126 [doris-1:f:up doris-2:f:up doris-3:M:up]
04:38:39 #51 OK SELECT id=3726570 via doris-1 rows=10126 [doris-1:f:up doris-2:f:up doris-3:M:up]
04:38:40 #52 OK SELECT id=3726570 via doris-1 rows=10126 [doris-1:f:up doris-2:f:up doris-3:M:up]
04:38:41 #53 OK SELECT id=3726570 via doris-1 rows=10126 [doris-1:f:up doris-2:f:up doris-3:M:up]
04:38:42 #54 OK SELECT id=3726570 via doris-1 rows=10126 [doris-1:f:up doris-2:f:up doris-3:M:up]
04:38:43 #55 OK SELECT id=3726570 via doris-1 rows=10126 [doris-1:f:up doris-2:f:up doris-3:M:up]
04:38:44 #56 OK SELECT id=3726570 via doris-1 rows=10127 [doris-1:f:up doris-2:f:up doris-3:M:up]
04:38:45 #57 OK SELECT id=3726570 via doris-1 rows=10127 [doris-1:f:up doris-2:f:up doris-3:M:up]
04:38:46 #58 OK SELECT id=3726570 via doris-1 rows=10128 [doris-1:f:up doris-2:f:up doris-3:M:up]
04:38:47 #59 OK SELECT id=3726570 via doris-1 rows=10128 [doris-1:f:up doris-2:f:up doris-3:M:up]
04:38:49 #60 OK SELECT id=3726570 via doris-1 rows=10128 [doris-1:f:up doris-2:f:up doris-3:M:up]
04:38:50 #61 OK SELECT id=3726570 via doris-1 rows=10128 [doris-1:f:up doris-2:f:up doris-3:M:up]
04:38:51 #62 OK SELECT id=3726570 via doris-1 rows=10128 [doris-1:f:up doris-2:f:up doris-3:M:up]
04:38:52 #63 OK SELECT id=3726570 via doris-1 rows=10128 [doris-1:f:up doris-2:f:up doris-3:M:up]
04:38:53 #64 OK SELECT id=3726570 via doris-1 rows=10128 [doris-1:f:up doris-2:f:up doris-3:M:up]
04:38:54 #65 OK SELECT id=3726570 via doris-1 rows=10128 [doris-1:f:up doris-2:f:up doris-3:M:up]
04:38:55 #66 OK SELECT id=3726570 via doris-1 rows=10131 [doris-1:f:up doris-2:f:up doris-3:M:up]
04:38:56 #67 OK SELECT id=3726570 via doris-1 rows=10131 [doris-1:f:up doris-2:f:up doris-3:M:up]
04:38:57 #68 OK SELECT id=3726570 via doris-1 rows=10131 [doris-1:f:up doris-2:f:up doris-3:M:up]
04:38:58 #69 OK SELECT id=3726570 via doris-1 rows=10129 [doris-1:f:up doris-2:f:up doris-3:M:up]
04:38:59 #70 OK SELECT id=3726570 via doris-1 rows=10129 [doris-1:f:up doris-2:f:up doris-3:M:up]
04:39:00 #71 OK SELECT id=3726570 via doris-1 rows=10131 [doris-1:f:up doris-2:f:up doris-3:M:up]
04:39:01 #72 OK SELECT id=3726570 via doris-1 rows=10131 [doris-1:f:up doris-2:f:up doris-3:M:up]
04:39:03 #73 OK SELECT id=3726570 via doris-1 rows=10131 [doris-1:f:up doris-2:f:up doris-3:M:up]
04:39:04 #74 OK SELECT id=3726570 via doris-1 rows=10130 [doris-1:f:up doris-2:f:up doris-3:M:up]
04:39:05 #75 OK SELECT id=3726570 via doris-1 rows=10129 [doris-1:f:up doris-2:f:up doris-3:M:up]
04:39:06 #76 OK SELECT id=3726570 via doris-1 rows=10130 [doris-1:f:up doris-2:f:up doris-3:M:up]
04:39:07 #77 OK SELECT id=3726570 via doris-1 rows=10131 [doris-1:f:up doris-2:f:up doris-3:M:up]
04:39:08 #78 OK SELECT id=3726570 via doris-1 rows=10131 [doris-1:f:up doris-2:f:up doris-3:M:up]
04:39:09 #79 OK SELECT id=3726570 via doris-1 rows=10130 [doris-1:f:up doris-2:f:up doris-3:M:up]
04:39:10 #80 OK SELECT id=3726570 via doris-1 rows=10129 [doris-1:f:up doris-2:f:up doris-3:M:up]
04:39:11 #81 OK SELECT id=3726570 via doris-1 rows=10130 [doris-1:f:up doris-2:f:up doris-3:M:up]
04:39:12 #82 OK SELECT id=3726570 via doris-1 rows=10131 [doris-1:f:up doris-2:f:up doris-3:M:up]
04:39:13 #83 OK SELECT id=3726570 via doris-1 rows=10131 [doris-1:f:up doris-2:f:up doris-3:M:up]
04:39:14 #84 OK SELECT id=3726570 via doris-1 rows=10130 [doris-1:f:up doris-2:f:up doris-3:M:up]
04:39:15 #85 OK SELECT id=3726570 via doris-1 rows=10129 [doris-1:f:up doris-2:f:up doris-3:M:up]
04:39:17 #86 OK SELECT id=3726570 via doris-1 rows=10130 [doris-1:f:up doris-2:f:up doris-3:M:up]
04:39:18 #87 OK SELECT id=3726570 via doris-1 rows=10131 [doris-1:f:up doris-2:f:up doris-3:M:up]
04:39:19 #88 OK SELECT id=3726570 via doris-1 rows=10131 [doris-1:f:up doris-2:f:up doris-3:M:up]
04:39:20 #89 OK SELECT id=3726570 via doris-1 rows=10130 [doris-1:f:up doris-2:f:up doris-3:M:up]
04:39:21 #90 OK SELECT id=3726570 via doris-1 rows=10129 [doris-1:f:up doris-2:f:up doris-3:M:up]
04:39:22 #91 OK SELECT id=3726570 via doris-1 rows=10130 [doris-1:f:up doris-2:f:up doris-3:M:up]
04:39:23 #92 OK SELECT id=3726570 via doris-1 rows=10131 [doris-1:f:up doris-2:f:up doris-3:M:up]
04:39:24 #93 OK SELECT id=3726570 via doris-1 rows=10131 [doris-1:f:up doris-2:f:up doris-3:M:up]
04:39:25 #94 OK SELECT id=3726570 via doris-1 rows=10130 [doris-1:f:up doris-2:f:up doris-3:M:up]
04:39:26 #95 OK SELECT id=3726570 via doris-1 rows=10129 [doris-1:f:up doris-2:f:up doris-3:M:up]
04:39:27 #96 OK SELECT id=3726570 via doris-1 rows=10130 [doris-1:f:up doris-2:f:up doris-3:M:up]
04:39:28 #97 OK SELECT id=3726570 via doris-1 rows=10131 [doris-1:f:up doris-2:f:up doris-3:M:up]
04:39:29 #98 OK SELECT id=3726570 via doris-1 rows=10131 [doris-1:f:up doris-2:f:up doris-3:M:up]
04:39:30 #99 OK SELECT id=3726570 via doris-1 rows=10130 [doris-1:f:up doris-2:f:up doris-3:M:up]
04:39:31 #100 OK SELECT id=3726570 via doris-1 rows=10129 [doris-1:f:up doris-2:f:up doris-3:M:up]
04:39:33 #101 OK SELECT id=3726570 via doris-1 rows=10130 [doris-1:f:up doris-2:f:up doris-3:M:up]
04:39:34 #102 OK SELECT id=3726570 via doris-1 rows=10131 [doris-1:f:up doris-2:f:up doris-3:M:up]
04:39:35 #103 OK SELECT id=3726570 via doris-1 rows=10131 [doris-1:f:up doris-2:f:up doris-3:M:up]
04:39:36 #104 OK SELECT id=3726570 via doris-1 rows=10130 [doris-1:f:up doris-2:f:up doris-3:M:up]
04:39:37 #105 OK SELECT id=3726570 via doris-1 rows=10129 [doris-1:f:up doris-2:f:up doris-3:M:up]
04:39:38 #106 OK SELECT id=3726570 via doris-1 rows=10130 [doris-1:f:up doris-2:f:up doris-3:M:up]
04:39:39 #107 OK SELECT id=3726570 via doris-1 rows=10131 [doris-1:f:up doris-2:f:up doris-3:M:up]
04:39:40 #108 OK SELECT id=3726570 via doris-1 rows=10131 [doris-1:f:up doris-2:f:up doris-3:M:up]
04:39:41 #109 OK SELECT id=3726570 via doris-1 rows=10130 [doris-1:f:up doris-2:f:up doris-3:M:up]
04:39:42 #110 OK SELECT id=3726570 via doris-1 rows=10129 [doris-1:f:up doris-2:f:up doris-3:M:up]
04:39:43 #111 OK SELECT id=3726570 via doris-1 rows=10129 [doris-1:f:up doris-2:f:up doris-3:M:up]
04:39:44 #112 OK SELECT id=3726570 via doris-1 rows=10131 [doris-1:f:up doris-2:f:up doris-3:M:up]
04:39:45 #113 OK SELECT id=3726570 via doris-1 rows=10131 [doris-1:f:up doris-2:f:up doris-3:M:up]
04:39:46 #114 OK SELECT id=3726570 via doris-1 rows=10131 [doris-1:f:up doris-2:f:up doris-3:M:up]
04:39:48 #115 OK SELECT id=3726570 via doris-1 rows=10129 [doris-1:f:up doris-2:f:up doris-3:M:up]
04:39:49 #116 OK SELECT id=3726570 via doris-1 rows=10129 [doris-1:f:up doris-2:f:up doris-3:M:up]
04:39:50 #117 OK SELECT id=3726570 via doris-1 rows=10131 [doris-1:f:up doris-2:f:up doris-3:M:up]
04:39:51 #118 OK SELECT id=3726570 via doris-1 rows=10131 [doris-1:f:up doris-2:f:up doris-3:M:up]
04:39:52 #119 OK SELECT id=3726570 via doris-1 rows=10131 [doris-1:f:up doris-2:f:up doris-3:M:up]
04:39:53 #120 OK SELECT id=3726570 via doris-1 rows=10129 [doris-1:f:up doris-2:f:up doris-3:M:up]
04:39:54 #121 OK SELECT id=3726570 via doris-1 rows=10129 [doris-1:f:up doris-2:f:up doris-3:M:up]
04:39:55 #122 OK SELECT id=3726570 via doris-1 rows=10131 [doris-1:f:up doris-2:f:up doris-3:M:up]
04:39:56 #123 OK SELECT id=3726570 via doris-1 rows=10131 [doris-1:f:up doris-2:f:up doris-3:M:up]
04:39:57 #124 OK SELECT id=3726570 via doris-1 rows=10131 [doris-1:f:up doris-2:f:up doris-3:M:up]
04:39:58 #125 OK SELECT id=3726570 via doris-1 rows=10129 [doris-1:f:up doris-2:f:up doris-3:M:up]
04:39:59 #126 OK SELECT id=3726570 via doris-1 rows=10129 [doris-1:f:up doris-2:f:up doris-3:M:up]
04:40:00 #127 OK SELECT id=3726570 via doris-1 rows=10131 [doris-1:f:up doris-2:f:up doris-3:M:up]
04:40:01 #128 OK SELECT id=3726570 via doris-1 rows=10131 [doris-1:f:up doris-2:f:up doris-3:M:up]
04:40:02 #129 OK SELECT id=3726570 via doris-1 rows=10131 [doris-1:f:up doris-2:f:up doris-3:M:up]
04:40:04 #130 OK SELECT id=3726570 via doris-1 rows=10129 [doris-1:f:up doris-2:f:up doris-3:M:up]
04:40:05 #131 OK SELECT id=3726570 via doris-1 rows=10129 [doris-1:f:up doris-2:f:up doris-3:M:up]
04:40:06 #132 OK SELECT id=3726570 via doris-1 rows=10131 [doris-1:f:up doris-2:f:up doris-3:M:up]
04:40:07 #133 OK SELECT id=3726570 via doris-1 rows=10131 [doris-1:f:up doris-2:f:up doris-3:M:up]
04:40:08 EVENT restore: verify fe on doris-2
04:40:08 #134 OK SELECT id=3726570 via doris-1 rows=10131 [doris-1:f:up doris-2:f:up doris-3:M:up]
04:40:09 #135 OK SELECT id=3726570 via doris-1 rows=10129 [doris-1:f:up doris-2:f:up doris-3:M:up]
04:40:10 #136 OK SELECT id=3726570 via doris-1 rows=10129 [doris-1:f:up doris-2:f:up doris-3:M:up]
04:40:11 #137 OK SELECT id=3726570 via doris-1 rows=10131 [doris-1:f:up doris-2:f:up doris-3:M:up]
04:40:12 #138 OK SELECT id=3726570 via doris-1 rows=10131 [doris-1:f:up doris-2:f:up doris-3:M:up]
04:40:13 #139 OK SELECT id=3726570 via doris-1 rows=10131 [doris-1:f:up doris-2:f:up doris-3:M:up]
04:40:14 EVENT restore: cluster healthy
04:40:14 #140 OK SELECT id=3726570 via doris-1 rows=10129 [doris-1:f:up doris-2:f:up doris-3:M:up]
04:40:15 #141 OK SELECT id=3726570 via doris-1 rows=10129 [doris-1:f:up doris-2:f:up doris-3:M:up]
04:40:16 #142 OK SELECT id=3726570 via doris-1 rows=10131 [doris-1:f:up doris-2:f:up doris-3:M:up]
04:40:17 #143 OK SELECT id=3726570 via doris-1 rows=10131 [doris-1:f:up doris-2:f:up doris-3:M:up]
04:40:18 #144 OK SELECT id=3726570 via doris-1 rows=10131 [doris-1:f:up doris-2:f:up doris-3:M:up]
04:40:19 #145 OK SELECT id=3726570 via doris-1 rows=10129 [doris-1:f:up doris-2:f:up doris-3:M:up]
04:40:21 #146 OK SELECT id=3726570 via doris-1 rows=10129 [doris-1:f:up doris-2:f:up doris-3:M:up]
04:40:22 #147 OK SELECT id=3726570 via doris-1 rows=10131 [doris-1:f:up doris-2:f:up doris-3:M:up]
04:40:23 #148 OK SELECT id=3726570 via doris-1 rows=10131 [doris-1:f:up doris-2:f:up doris-3:M:up]
04:40:24 #149 OK SELECT id=3726570 via doris-1 rows=10131 [doris-1:f:up doris-2:f:up doris-3:M:up]
04:40:25 #150 OK SELECT id=3726570 via doris-1 rows=10129 [doris-1:f:up doris-2:f:up doris-3:M:up]
04:40:26 #151 OK SELECT id=3726570 via doris-1 rows=10129 [doris-1:f:up doris-2:f:up doris-3:M:up]
04:40:27 #152 OK SELECT id=3726570 via doris-1 rows=10131 [doris-1:f:up doris-2:f:up doris-3:M:up]
04:40:28 #153 OK SELECT id=3726570 via doris-1 rows=10131 [doris-1:f:up doris-2:f:up doris-3:M:up]
04:40:29 #154 OK SELECT id=3726570 via doris-1 rows=10131 [doris-1:f:up doris-2:f:up doris-3:M:up]
04:40:30 #155 OK SELECT id=3726570 via doris-1 rows=10129 [doris-1:f:up doris-2:f:up doris-3:M:up]
04:40:31 #156 OK SELECT id=3726570 via doris-1 rows=10129 [doris-1:f:up doris-2:f:up doris-3:M:up]
04:40:32 #157 OK SELECT id=3726570 via doris-1 rows=10131 [doris-1:f:up doris-2:f:up doris-3:M:up]
04:40:33 #158 OK SELECT id=3726570 via doris-1 rows=10131 [doris-1:f:up doris-2:f:up doris-3:M:up]
04:40:34 #159 OK SELECT id=3726570 via doris-1 rows=10131 [doris-1:f:up doris-2:f:up doris-3:M:up]
04:40:35 #160 OK SELECT id=3726570 via doris-1 rows=10129 [doris-1:f:up doris-2:f:up doris-3:M:up]
04:40:37 #161 OK SELECT id=3726570 via doris-1 rows=10129 [doris-1:f:up doris-2:f:up doris-3:M:up]
04:40:38 #162 OK SELECT id=3726570 via doris-1 rows=10131 [doris-1:f:up doris-2:f:up doris-3:M:up]
04:40:39 #163 OK SELECT id=3726570 via doris-1 rows=10131 [doris-1:f:up doris-2:f:up doris-3:M:up]
04:40:40 #164 OK SELECT id=3726570 via doris-1 rows=10131 [doris-1:f:up doris-2:f:up doris-3:M:up]
04:40:41 #165 OK SELECT id=3726570 via doris-1 rows=10129 [doris-1:f:up doris-2:f:up doris-3:M:up]
04:40:42 #166 OK SELECT id=3726570 via doris-1 rows=10129 [doris-1:f:up doris-2:f:up doris-3:M:up]
04:40:43 #167 OK SELECT id=3726570 via doris-1 rows=10131 [doris-1:f:up doris-2:f:up doris-3:M:up]
04:40:44 #168 OK SELECT id=3726570 via doris-1 rows=10131 [doris-1:f:up doris-2:f:up doris-3:M:up]
