04:37:37 PROBE start proto=mysql hosts=doris-1,doris-2,doris-3 duration=86400s cycle=INSERT>UPSERT>SELECT>DELETE>SELECT
04:37:37 connected to doris-1 (10.140.0.2)
04:37:37 #1 OK INSERT id=1726570 via doris-1 rows=10124 [doris-1:f:up doris-2:M:up doris-3:f:up]
04:37:38 #2 OK UPSERT id=1726570 via doris-1 rows=10125 [doris-1:f:up doris-2:M:up doris-3:f:up]
04:37:39 #3 OK SELECT id=1726570 via doris-1 rows=10125 [doris-1:f:up doris-2:M:up doris-3:f:up]
04:37:40 #4 OK DELETE id=1726570 via doris-1 rows=10124 [doris-1:f:up doris-2:M:up doris-3:f:up]
04:37:42 #5 OK SELECT id=1726570 via doris-1 rows=10123 [doris-1:f:up doris-2:M:up doris-3:f:up]
04:37:43 #6 OK INSERT id=1726571 via doris-1 rows=10124 [doris-1:f:up doris-2:M:up doris-3:f:up]
04:37:44 #7 OK UPSERT id=1726571 via doris-1 rows=10125 [doris-1:f:up doris-2:M:up doris-3:f:up]
04:37:45 #8 OK SELECT id=1726571 via doris-1 rows=10125 [doris-1:f:up doris-2:M:up doris-3:f:up]
04:37:46 #9 OK DELETE id=1726571 via doris-1 rows=10124 [doris-1:f:up doris-2:M:up doris-3:f:up]
04:37:47 #10 OK SELECT id=1726571 via doris-1 rows=10123 [doris-1:f:up doris-2:M:up doris-3:f:up]
04:37:48 #11 OK INSERT id=1726572 via doris-1 rows=10124 [doris-1:f:up doris-2:M:up doris-3:f:up]
04:37:49 #12 OK UPSERT id=1726572 via doris-1 rows=10125 [doris-1:f:up doris-2:M:up doris-3:f:up]
04:37:50 #13 OK SELECT id=1726572 via doris-1 rows=10125 [doris-1:f:up doris-2:M:up doris-3:f:up]
04:37:51 #14 OK DELETE id=1726572 via doris-1 rows=10124 [doris-1:f:up doris-2:M:up doris-3:f:up]
04:37:52 #15 OK SELECT id=1726572 via doris-1 rows=10123 [doris-1:f:up doris-2:M:up doris-3:f:up]
04:37:53 #16 OK INSERT id=1726573 via doris-1 rows=10124 [doris-1:f:up doris-2:M:up doris-3:f:up]
04:37:54 #17 OK UPSERT id=1726573 via doris-1 rows=10125 [doris-1:f:up doris-2:M:up doris-3:f:up]
04:37:56 #18 OK SELECT id=1726573 via doris-1 rows=10125 [doris-1:f:up doris-2:M:up doris-3:f:up]
04:37:57 #19 OK DELETE id=1726573 via doris-1 rows=10124 [doris-1:f:up doris-2:M:up doris-3:f:up]
04:37:58 #20 OK SELECT id=1726573 via doris-1 rows=10123 [doris-1:f:up doris-2:M:up doris-3:f:up]
04:37:59 #21 OK INSERT id=1726574 via doris-1 rows=10124 [doris-1:f:up doris-2:M:up doris-3:f:up]
04:38:00 #22 OK UPSERT id=1726574 via doris-1 rows=10125 [doris-1:f:up doris-2:M:up doris-3:f:up]
04:38:01 #23 OK SELECT id=1726574 via doris-1 rows=10125 [doris-1:f:up doris-2:M:up doris-3:f:up]
04:38:02 #24 OK DELETE id=1726574 via doris-1 rows=10124 [doris-1:f:up doris-2:M:up doris-3:f:up]
04:38:03 #25 OK SELECT id=1726574 via doris-1 rows=10123 [doris-1:f:up doris-2:M:up doris-3:f:up]
04:38:04 #26 OK INSERT id=1726575 via doris-1 rows=10124 [doris-1:f:up doris-2:M:up doris-3:f:up]
04:38:05 #27 OK UPSERT id=1726575 via doris-1 rows=10125 [doris-1:f:up doris-2:M:up doris-3:f:up]
04:38:06 #28 OK SELECT id=1726575 via doris-1 rows=10125 [doris-1:f:up doris-2:M:up doris-3:f:up]
04:38:07 #29 OK DELETE id=1726575 via doris-1 rows=10124 [doris-1:f:up doris-2:M:up doris-3:f:up]
04:38:08 #30 OK SELECT id=1726575 via doris-1 rows=10123 [doris-1:f:up doris-2:M:up doris-3:f:up]
04:38:10 #31 OK INSERT id=1726576 via doris-1 rows=10124 [doris-1:f:up doris-2:M:up doris-3:f:up]
04:38:11 #32 OK UPSERT id=1726576 via doris-1 rows=10125 [doris-1:f:up doris-2:M:up doris-3:f:up]
04:38:11 EVENT break: fe crash on doris-2 (FE master)
04:38:12 #33 OK SELECT id=1726576 via doris-1 rows=10125 [doris-1:f:up doris-2:M:up doris-3:f:up]
04:38:13 #34 OK DELETE id=1726576 via doris-1 rows=10124 [doris-1:f:up doris-2:M:up doris-3:f:up]
04:38:16 #35 OK SELECT id=1726576 via doris-1 rows=10124 [doris-1:f:up doris-2:f:DOWN doris-3:M:up]
04:38:17 #36 OK INSERT id=1726577 via doris-1 rows=10126 [doris-1:f:up doris-2:f:DOWN doris-3:M:up]
04:38:18 #37 OK UPSERT id=1726577 via doris-1 rows=10126 [doris-1:f:up doris-2:f:DOWN doris-3:M:up]
04:38:19 #38 FAIL SELECT id=1726577 via doris-1: OperationalError: (1105, 'RpcException, msg: send fragments failed. io.grpc.StatusRuntimeException: UNAVAILABLE: io exception, h
04:38:21 connected to doris-1 (10.140.0.2)
04:38:21 #39 FAIL INSERT id=1726578 via doris-1: OperationalError: (1105, 'send fragments failed. io.grpc.StatusRuntimeException: UNAVAILABLE: io exception, host: 10.140.0.4')
04:38:21 #39 FAIL SELECT(check) id=1 via doris-1: OperationalError: (1105, 'RpcException, msg: send fragments failed. io.grpc.StatusRuntimeException: UNAVAILA
04:38:22 connected to doris-1 (10.140.0.2)
04:38:24 #40 OK INSERT id=1726579 via doris-1 rows=10128 [doris-1:f:up doris-2:f:DOWN doris-3:M:up] (recovered)
04:38:25 #41 OK UPSERT id=1726579 via doris-1 rows=10128 [doris-1:f:up doris-2:f:DOWN doris-3:M:up]
04:38:26 #42 OK SELECT id=1726579 via doris-1 rows=10128 [doris-1:f:up doris-2:f:DOWN doris-3:M:up]
04:38:28 #43 OK DELETE id=1726579 via doris-1 rows=10126 [doris-1:f:up doris-2:f:DOWN doris-3:M:up]
04:38:28 EVENT recovered: fe restarted by systemd on doris-2 (+9s)
04:38:29 #44 OK SELECT id=1726579 via doris-1 rows=10126 [doris-1:f:up doris-2:f:DOWN doris-3:M:up]
04:38:30 #45 OK INSERT id=1726580 via doris-1 rows=10127 [doris-1:f:up doris-2:f:DOWN doris-3:M:up]
04:38:31 #46 OK UPSERT id=1726580 via doris-1 rows=10128 [doris-1:f:up doris-2:f:DOWN doris-3:M:up]
04:38:32 #47 OK SELECT id=1726580 via doris-1 rows=10128 [doris-1:f:up doris-2:f:DOWN doris-3:M:up]
04:38:33 #48 OK DELETE id=1726580 via doris-1 rows=10126 [doris-1:f:up doris-2:f:DOWN doris-3:M:up]
04:38:34 #49 OK SELECT id=1726580 via doris-1 rows=10126 [doris-1:f:up doris-2:f:up doris-3:M:up]
04:38:35 #50 FAIL INSERT id=1726581 via doris-1: OperationalError: (1105, 'errCode = 2, detailMessage = (10.140.0.2)[CANCELLED]load_id=9af9dee69ed248fe-8ea47dd52d7c24ce, reason:
04:38:35 #50 OK SELECT(check) id=1 via doris-1
04:38:37 connected to doris-1 (10.140.0.2)
04:38:45 #51 FAIL INSERT id=1726582 via doris-1: OperationalError: (2013, 'Lost connection to MySQL server during query (timed out)')
04:38:45 #51 OK SELECT(check) id=1 via doris-1
04:38:46 connected to doris-1 (10.140.0.2)
04:38:54 #52 FAIL INSERT id=1726583 via doris-1: OperationalError: (2013, 'Lost connection to MySQL server during query (timed out)')
04:38:54 #52 OK SELECT(check) id=1 via doris-1
04:38:55 connected to doris-1 (10.140.0.2)
04:38:55 #53 OK INSERT id=1726584 via doris-1 rows=10131 [doris-1:f:up doris-2:f:up doris-3:M:up] (recovered)
04:38:56 #54 OK UPSERT id=1726584 via doris-1 rows=10131 [doris-1:f:up doris-2:f:up doris-3:M:up]
04:38:57 #55 OK SELECT id=1726584 via doris-1 rows=10131 [doris-1:f:up doris-2:f:up doris-3:M:up]
04:38:58 #56 OK DELETE id=1726584 via doris-1 rows=10129 [doris-1:f:up doris-2:f:up doris-3:M:up]
04:38:59 #57 OK SELECT id=1726584 via doris-1 rows=10129 [doris-1:f:up doris-2:f:up doris-3:M:up]
04:39:00 #58 OK INSERT id=1726585 via doris-1 rows=10131 [doris-1:f:up doris-2:f:up doris-3:M:up]
04:39:01 #59 OK UPSERT id=1726585 via doris-1 rows=10131 [doris-1:f:up doris-2:f:up doris-3:M:up]
04:39:03 #60 OK SELECT id=1726585 via doris-1 rows=10131 [doris-1:f:up doris-2:f:up doris-3:M:up]
04:39:04 #61 OK DELETE id=1726585 via doris-1 rows=10129 [doris-1:f:up doris-2:f:up doris-3:M:up]
04:39:05 #62 OK SELECT id=1726585 via doris-1 rows=10129 [doris-1:f:up doris-2:f:up doris-3:M:up]
04:39:06 #63 OK INSERT id=1726586 via doris-1 rows=10131 [doris-1:f:up doris-2:f:up doris-3:M:up]
04:39:07 #64 OK UPSERT id=1726586 via doris-1 rows=10131 [doris-1:f:up doris-2:f:up doris-3:M:up]
04:39:08 #65 OK SELECT id=1726586 via doris-1 rows=10131 [doris-1:f:up doris-2:f:up doris-3:M:up]
04:39:09 #66 OK DELETE id=1726586 via doris-1 rows=10129 [doris-1:f:up doris-2:f:up doris-3:M:up]
04:39:10 #67 OK SELECT id=1726586 via doris-1 rows=10129 [doris-1:f:up doris-2:f:up doris-3:M:up]
04:39:11 #68 OK INSERT id=1726587 via doris-1 rows=10131 [doris-1:f:up doris-2:f:up doris-3:M:up]
04:39:12 #69 OK UPSERT id=1726587 via doris-1 rows=10131 [doris-1:f:up doris-2:f:up doris-3:M:up]
04:39:13 #70 OK SELECT id=1726587 via doris-1 rows=10131 [doris-1:f:up doris-2:f:up doris-3:M:up]
04:39:14 #71 OK DELETE id=1726587 via doris-1 rows=10129 [doris-1:f:up doris-2:f:up doris-3:M:up]
04:39:16 #72 OK SELECT id=1726587 via doris-1 rows=10129 [doris-1:f:up doris-2:f:up doris-3:M:up]
04:39:17 #73 OK INSERT id=1726588 via doris-1 rows=10131 [doris-1:f:up doris-2:f:up doris-3:M:up]
04:39:18 #74 OK UPSERT id=1726588 via doris-1 rows=10131 [doris-1:f:up doris-2:f:up doris-3:M:up]
04:39:19 #75 OK SELECT id=1726588 via doris-1 rows=10131 [doris-1:f:up doris-2:f:up doris-3:M:up]
04:39:20 #76 OK DELETE id=1726588 via doris-1 rows=10129 [doris-1:f:up doris-2:f:up doris-3:M:up]
04:39:21 #77 OK SELECT id=1726588 via doris-1 rows=10129 [doris-1:f:up doris-2:f:up doris-3:M:up]
04:39:22 #78 OK INSERT id=1726589 via doris-1 rows=10131 [doris-1:f:up doris-2:f:up doris-3:M:up]
04:39:23 #79 OK UPSERT id=1726589 via doris-1 rows=10131 [doris-1:f:up doris-2:f:up doris-3:M:up]
04:39:24 #80 OK SELECT id=1726589 via doris-1 rows=10131 [doris-1:f:up doris-2:f:up doris-3:M:up]
04:39:25 #81 OK DELETE id=1726589 via doris-1 rows=10129 [doris-1:f:up doris-2:f:up doris-3:M:up]
04:39:26 #82 OK SELECT id=1726589 via doris-1 rows=10129 [doris-1:f:up doris-2:f:up doris-3:M:up]
04:39:27 #83 OK INSERT id=1726590 via doris-1 rows=10131 [doris-1:f:up doris-2:f:up doris-3:M:up]
04:39:28 #84 OK UPSERT id=1726590 via doris-1 rows=10131 [doris-1:f:up doris-2:f:up doris-3:M:up]
04:39:30 #85 OK SELECT id=1726590 via doris-1 rows=10131 [doris-1:f:up doris-2:f:up doris-3:M:up]
04:39:31 #86 OK DELETE id=1726590 via doris-1 rows=10129 [doris-1:f:up doris-2:f:up doris-3:M:up]
04:39:32 #87 OK SELECT id=1726590 via doris-1 rows=10129 [doris-1:f:up doris-2:f:up doris-3:M:up]
04:39:33 #88 OK INSERT id=1726591 via doris-1 rows=10131 [doris-1:f:up doris-2:f:up doris-3:M:up]
04:39:34 #89 OK UPSERT id=1726591 via doris-1 rows=10131 [doris-1:f:up doris-2:f:up doris-3:M:up]
04:39:35 #90 OK SELECT id=1726591 via doris-1 rows=10131 [doris-1:f:up doris-2:f:up doris-3:M:up]
04:39:36 #91 OK DELETE id=1726591 via doris-1 rows=10129 [doris-1:f:up doris-2:f:up doris-3:M:up]
04:39:37 #92 OK SELECT id=1726591 via doris-1 rows=10129 [doris-1:f:up doris-2:f:up doris-3:M:up]
04:39:38 #93 OK INSERT id=1726592 via doris-1 rows=10131 [doris-1:f:up doris-2:f:up doris-3:M:up]
04:39:39 #94 OK UPSERT id=1726592 via doris-1 rows=10131 [doris-1:f:up doris-2:f:up doris-3:M:up]
04:39:40 #95 OK SELECT id=1726592 via doris-1 rows=10131 [doris-1:f:up doris-2:f:up doris-3:M:up]
04:39:41 #96 OK DELETE id=1726592 via doris-1 rows=10129 [doris-1:f:up doris-2:f:up doris-3:M:up]
04:39:43 #97 OK SELECT id=1726592 via doris-1 rows=10129 [doris-1:f:up doris-2:f:up doris-3:M:up]
04:39:44 #98 OK INSERT id=1726593 via doris-1 rows=10131 [doris-1:f:up doris-2:f:up doris-3:M:up]
04:39:45 #99 OK UPSERT id=1726593 via doris-1 rows=10131 [doris-1:f:up doris-2:f:up doris-3:M:up]
04:39:46 #100 OK SELECT id=1726593 via doris-1 rows=10131 [doris-1:f:up doris-2:f:up doris-3:M:up]
04:39:47 #101 OK DELETE id=1726593 via doris-1 rows=10129 [doris-1:f:up doris-2:f:up doris-3:M:up]
04:39:48 #102 OK SELECT id=1726593 via doris-1 rows=10129 [doris-1:f:up doris-2:f:up doris-3:M:up]
04:39:49 #103 OK INSERT id=1726594 via doris-1 rows=10131 [doris-1:f:up doris-2:f:up doris-3:M:up]
04:39:50 #104 OK UPSERT id=1726594 via doris-1 rows=10131 [doris-1:f:up doris-2:f:up doris-3:M:up]
04:39:51 #105 OK SELECT id=1726594 via doris-1 rows=10131 [doris-1:f:up doris-2:f:up doris-3:M:up]
04:39:52 #106 OK DELETE id=1726594 via doris-1 rows=10129 [doris-1:f:up doris-2:f:up doris-3:M:up]
04:39:53 #107 OK SELECT id=1726594 via doris-1 rows=10129 [doris-1:f:up doris-2:f:up doris-3:M:up]
04:39:54 #108 OK INSERT id=1726595 via doris-1 rows=10131 [doris-1:f:up doris-2:f:up doris-3:M:up]
04:39:55 #109 OK UPSERT id=1726595 via doris-1 rows=10131 [doris-1:f:up doris-2:f:up doris-3:M:up]
04:39:56 #110 OK SELECT id=1726595 via doris-1 rows=10131 [doris-1:f:up doris-2:f:up doris-3:M:up]
04:39:58 #111 OK DELETE id=1726595 via doris-1 rows=10129 [doris-1:f:up doris-2:f:up doris-3:M:up]
04:39:59 #112 OK SELECT id=1726595 via doris-1 rows=10129 [doris-1:f:up doris-2:f:up doris-3:M:up]
04:40:00 #113 OK INSERT id=1726596 via doris-1 rows=10131 [doris-1:f:up doris-2:f:up doris-3:M:up]
04:40:01 #114 OK UPSERT id=1726596 via doris-1 rows=10131 [doris-1:f:up doris-2:f:up doris-3:M:up]
04:40:02 #115 OK SELECT id=1726596 via doris-1 rows=10131 [doris-1:f:up doris-2:f:up doris-3:M:up]
04:40:03 #116 OK DELETE id=1726596 via doris-1 rows=10129 [doris-1:f:up doris-2:f:up doris-3:M:up]
04:40:04 #117 OK SELECT id=1726596 via doris-1 rows=10129 [doris-1:f:up doris-2:f:up doris-3:M:up]
04:40:05 #118 OK INSERT id=1726597 via doris-1 rows=10131 [doris-1:f:up doris-2:f:up doris-3:M:up]
04:40:06 #119 OK UPSERT id=1726597 via doris-1 rows=10131 [doris-1:f:up doris-2:f:up doris-3:M:up]
04:40:07 #120 OK SELECT id=1726597 via doris-1 rows=10131 [doris-1:f:up doris-2:f:up doris-3:M:up]
04:40:08 EVENT restore: verify fe on doris-2
04:40:08 #121 OK DELETE id=1726597 via doris-1 rows=10129 [doris-1:f:up doris-2:f:up doris-3:M:up]
04:40:09 #122 OK SELECT id=1726597 via doris-1 rows=10129 [doris-1:f:up doris-2:f:up doris-3:M:up]
04:40:11 #123 OK INSERT id=1726598 via doris-1 rows=10131 [doris-1:f:up doris-2:f:up doris-3:M:up]
04:40:12 #124 OK UPSERT id=1726598 via doris-1 rows=10131 [doris-1:f:up doris-2:f:up doris-3:M:up]
04:40:13 #125 OK SELECT id=1726598 via doris-1 rows=10131 [doris-1:f:up doris-2:f:up doris-3:M:up]
04:40:14 EVENT restore: cluster healthy
04:40:14 #126 OK DELETE id=1726598 via doris-1 rows=10129 [doris-1:f:up doris-2:f:up doris-3:M:up]
04:40:15 #127 OK SELECT id=1726598 via doris-1 rows=10129 [doris-1:f:up doris-2:f:up doris-3:M:up]
04:40:16 #128 OK INSERT id=1726599 via doris-1 rows=10131 [doris-1:f:up doris-2:f:up doris-3:M:up]
04:40:17 #129 OK UPSERT id=1726599 via doris-1 rows=10131 [doris-1:f:up doris-2:f:up doris-3:M:up]
04:40:18 #130 OK SELECT id=1726599 via doris-1 rows=10131 [doris-1:f:up doris-2:f:up doris-3:M:up]
04:40:19 #131 OK DELETE id=1726599 via doris-1 rows=10129 [doris-1:f:up doris-2:f:up doris-3:M:up]
04:40:20 #132 OK SELECT id=1726599 via doris-1 rows=10129 [doris-1:f:up doris-2:f:up doris-3:M:up]
04:40:21 #133 OK INSERT id=1726600 via doris-1 rows=10131 [doris-1:f:up doris-2:f:up doris-3:M:up]
04:40:22 #134 OK UPSERT id=1726600 via doris-1 rows=10131 [doris-1:f:up doris-2:f:up doris-3:M:up]
04:40:23 #135 OK SELECT id=1726600 via doris-1 rows=10131 [doris-1:f:up doris-2:f:up doris-3:M:up]
04:40:25 #136 OK DELETE id=1726600 via doris-1 rows=10129 [doris-1:f:up doris-2:f:up doris-3:M:up]
04:40:26 #137 OK SELECT id=1726600 via doris-1 rows=10129 [doris-1:f:up doris-2:f:up doris-3:M:up]
04:40:27 #138 OK INSERT id=1726601 via doris-1 rows=10131 [doris-1:f:up doris-2:f:up doris-3:M:up]
04:40:28 #139 OK UPSERT id=1726601 via doris-1 rows=10131 [doris-1:f:up doris-2:f:up doris-3:M:up]
04:40:29 #140 OK SELECT id=1726601 via doris-1 rows=10131 [doris-1:f:up doris-2:f:up doris-3:M:up]
04:40:30 #141 OK DELETE id=1726601 via doris-1 rows=10129 [doris-1:f:up doris-2:f:up doris-3:M:up]
04:40:31 #142 OK SELECT id=1726601 via doris-1 rows=10129 [doris-1:f:up doris-2:f:up doris-3:M:up]
04:40:32 #143 OK INSERT id=1726602 via doris-1 rows=10131 [doris-1:f:up doris-2:f:up doris-3:M:up]
04:40:33 #144 OK UPSERT id=1726602 via doris-1 rows=10131 [doris-1:f:up doris-2:f:up doris-3:M:up]
04:40:34 #145 OK SELECT id=1726602 via doris-1 rows=10131 [doris-1:f:up doris-2:f:up doris-3:M:up]
04:40:35 #146 OK DELETE id=1726602 via doris-1 rows=10129 [doris-1:f:up doris-2:f:up doris-3:M:up]
04:40:36 #147 OK SELECT id=1726602 via doris-1 rows=10129 [doris-1:f:up doris-2:f:up doris-3:M:up]
04:40:37 #148 OK INSERT id=1726603 via doris-1 rows=10131 [doris-1:f:up doris-2:f:up doris-3:M:up]
04:40:38 #149 OK UPSERT id=1726603 via doris-1 rows=10131 [doris-1:f:up doris-2:f:up doris-3:M:up]
04:40:40 #150 OK SELECT id=1726603 via doris-1 rows=10131 [doris-1:f:up doris-2:f:up doris-3:M:up]
