23:54:04 PROBE start proto=mysql hosts=doris-1,doris-2,doris-3 duration=86400s cycle=INSERT>UPSERT>SELECT>DELETE>SELECT
23:54:04 connected to doris-1 (10.140.0.2)
23:54:04 #1 OK INSERT id=1556440 via doris-1 rows=10024 [doris-1:f:up doris-2:M:up doris-3:f:up]
23:54:05 #2 OK UPSERT id=1556440 via doris-1 rows=10025 [doris-1:f:up doris-2:M:up doris-3:f:up]
23:54:06 #3 OK SELECT id=1556440 via doris-1 rows=10025 [doris-1:f:up doris-2:M:up doris-3:f:up]
23:54:07 #4 OK DELETE id=1556440 via doris-1 rows=10024 [doris-1:f:up doris-2:M:up doris-3:f:up]
23:54:08 #5 OK SELECT id=1556440 via doris-1 rows=10023 [doris-1:f:up doris-2:M:up doris-3:f:up]
23:54:10 #6 OK INSERT id=1556441 via doris-1 rows=10024 [doris-1:f:up doris-2:M:up doris-3:f:up]
23:54:11 #7 OK UPSERT id=1556441 via doris-1 rows=10025 [doris-1:f:up doris-2:M:up doris-3:f:up]
23:54:12 #8 OK SELECT id=1556441 via doris-1 rows=10025 [doris-1:f:up doris-2:M:up doris-3:f:up]
23:54:13 #9 OK DELETE id=1556441 via doris-1 rows=10024 [doris-1:f:up doris-2:M:up doris-3:f:up]
23:54:14 #10 OK SELECT id=1556441 via doris-1 rows=10023 [doris-1:f:up doris-2:M:up doris-3:f:up]
23:54:15 #11 OK INSERT id=1556442 via doris-1 rows=10024 [doris-1:f:up doris-2:M:up doris-3:f:up]
23:54:16 #12 OK UPSERT id=1556442 via doris-1 rows=10025 [doris-1:f:up doris-2:M:up doris-3:f:up]
23:54:17 #13 OK SELECT id=1556442 via doris-1 rows=10025 [doris-1:f:up doris-2:M:up doris-3:f:up]
23:54:18 #14 OK DELETE id=1556442 via doris-1 rows=10024 [doris-1:f:up doris-2:M:up doris-3:f:up]
23:54:19 #15 OK SELECT id=1556442 via doris-1 rows=10023 [doris-1:f:up doris-2:M:up doris-3:f:up]
23:54:20 #16 OK INSERT id=1556443 via doris-1 rows=10024 [doris-1:f:up doris-2:M:up doris-3:f:up]
23:54:21 #17 OK UPSERT id=1556443 via doris-1 rows=10025 [doris-1:f:up doris-2:M:up doris-3:f:up]
23:54:23 #18 OK SELECT id=1556443 via doris-1 rows=10025 [doris-1:f:up doris-2:M:up doris-3:f:up]
23:54:24 #19 OK DELETE id=1556443 via doris-1 rows=10024 [doris-1:f:up doris-2:M:up doris-3:f:up]
23:54:25 #20 OK SELECT id=1556443 via doris-1 rows=10023 [doris-1:f:up doris-2:M:up doris-3:f:up]
23:54:26 #21 OK INSERT id=1556444 via doris-1 rows=10024 [doris-1:f:up doris-2:M:up doris-3:f:up]
23:54:27 #22 OK UPSERT id=1556444 via doris-1 rows=10025 [doris-1:f:up doris-2:M:up doris-3:f:up]
23:54:28 #23 OK SELECT id=1556444 via doris-1 rows=10025 [doris-1:f:up doris-2:M:up doris-3:f:up]
23:54:29 #24 OK DELETE id=1556444 via doris-1 rows=10024 [doris-1:f:up doris-2:M:up doris-3:f:up]
23:54:30 #25 OK SELECT id=1556444 via doris-1 rows=10023 [doris-1:f:up doris-2:M:up doris-3:f:up]
23:54:31 #26 OK INSERT id=1556445 via doris-1 rows=10024 [doris-1:f:up doris-2:M:up doris-3:f:up]
23:54:32 #27 OK UPSERT id=1556445 via doris-1 rows=10025 [doris-1:f:up doris-2:M:up doris-3:f:up]
23:54:33 #28 OK SELECT id=1556445 via doris-1 rows=10025 [doris-1:f:up doris-2:M:up doris-3:f:up]
23:54:34 #29 OK DELETE id=1556445 via doris-1 rows=10024 [doris-1:f:up doris-2:M:up doris-3:f:up]
23:54:35 #30 OK SELECT id=1556445 via doris-1 rows=10023 [doris-1:f:up doris-2:M:up doris-3:f:up]
23:54:37 #31 OK INSERT id=1556446 via doris-1 rows=10024 [doris-1:f:up doris-2:M:up doris-3:f:up]
23:54:38 #32 OK UPSERT id=1556446 via doris-1 rows=10025 [doris-1:f:up doris-2:M:up doris-3:f:up]
23:54:38 EVENT break: fe crash on doris-2 (FE master)
23:54:39 #33 OK SELECT id=1556446 via doris-1 rows=10025 [doris-1:f:up doris-2:M:up doris-3:f:up]
23:54:40 #34 OK DELETE id=1556446 via doris-1 rows=10024 [doris-1:f:up doris-2:M:up doris-3:f:up]
23:54:42 #35 OK SELECT id=1556446 via doris-1 rows=10024 [doris-1:f:up doris-2:f:DOWN doris-3:M:up]
23:54:43 #36 OK INSERT id=1556447 via doris-1 rows=10026 [doris-1:f:up doris-2:f:DOWN doris-3:M:up]
23:54:44 #37 OK UPSERT id=1556447 via doris-1 rows=10026 [doris-1:f:up doris-2:f:DOWN doris-3:M:up]
23:54:45 #38 OK SELECT id=1556447 via doris-1 rows=10026 [doris-1:f:up doris-2:f:DOWN doris-3:M:up]
23:54:51 #39 OK DELETE id=1556447 via doris-1 rows=10024 [doris-1:f:up doris-2:f:DOWN doris-3:M:up]
23:54:52 #40 OK SELECT id=1556447 via doris-1 rows=10024 [doris-1:f:up doris-2:f:DOWN doris-3:M:up]
23:54:53 #41 OK INSERT id=1556448 via doris-1 rows=10025 [doris-1:f:up doris-2:f:DOWN doris-3:M:up]
23:54:54 #42 OK UPSERT id=1556448 via doris-1 rows=10026 [doris-1:f:up doris-2:f:DOWN doris-3:M:up]
23:54:55 #43 OK SELECT id=1556448 via doris-1 rows=10026 [doris-1:f:up doris-2:f:DOWN doris-3:M:up]
23:54:57 #44 OK DELETE id=1556448 via doris-1 rows=10024 [doris-1:f:up doris-2:f:DOWN doris-3:M:up]
23:54:58 #45 OK SELECT id=1556448 via doris-1 rows=10024 [doris-1:f:up doris-2:f:DOWN doris-3:M:up]
23:54:59 #46 OK INSERT id=1556449 via doris-1 rows=10025 [doris-1:f:up doris-2:f:DOWN doris-3:M:up]
23:55:00 #47 OK UPSERT id=1556449 via doris-1 rows=10026 [doris-1:f:up doris-2:f:DOWN doris-3:M:up]
23:55:01 #48 OK SELECT id=1556449 via doris-1 rows=10026 [doris-1:f:up doris-2:f:DOWN doris-3:M:up]
23:55:10 #49 FAIL DELETE id=1556449 via doris-1: OperationalError: (2013, 'Lost connection to MySQL server during query (timed out)')
23:55:11 connected to doris-1 (10.140.0.2)
23:55:19 #50 FAIL INSERT id=1556450 via doris-1: OperationalError: (2013, 'Lost connection to MySQL server during query (timed out)')
23:55:20 connected to doris-1 (10.140.0.2)
23:55:21 #51 OK INSERT id=1556451 via doris-1 rows=10027 [doris-1:f:up doris-2:f:up doris-3:M:up] (recovered)
23:55:22 #52 OK UPSERT id=1556451 via doris-1 rows=10027 [doris-1:f:up doris-2:f:up doris-3:M:up]
23:55:23 #53 OK SELECT id=1556451 via doris-1 rows=10027 [doris-1:f:up doris-2:f:up doris-3:M:up]
23:55:25 #54 OK DELETE id=1556451 via doris-1 rows=10025 [doris-1:f:up doris-2:f:up doris-3:M:up]
23:55:26 #55 OK SELECT id=1556451 via doris-1 rows=10025 [doris-1:f:up doris-2:f:up doris-3:M:up]
23:55:27 #56 OK INSERT id=1556452 via doris-1 rows=10026 [doris-1:f:up doris-2:f:up doris-3:M:up]
23:55:28 #57 OK UPSERT id=1556452 via doris-1 rows=10027 [doris-1:f:up doris-2:f:up doris-3:M:up]
23:55:29 #58 OK SELECT id=1556452 via doris-1 rows=10027 [doris-1:f:up doris-2:f:up doris-3:M:up]
23:55:30 #59 OK DELETE id=1556452 via doris-1 rows=10026 [doris-1:f:up doris-2:f:up doris-3:M:up]
23:55:31 #60 OK SELECT id=1556452 via doris-1 rows=10025 [doris-1:f:up doris-2:f:up doris-3:M:up]
23:55:32 #61 OK INSERT id=1556453 via doris-1 rows=10026 [doris-1:f:up doris-2:f:up doris-3:M:up]
23:55:33 #62 OK UPSERT id=1556453 via doris-1 rows=10027 [doris-1:f:up doris-2:f:up doris-3:M:up]
23:55:34 #63 OK SELECT id=1556453 via doris-1 rows=10027 [doris-1:f:up doris-2:f:up doris-3:M:up]
23:55:35 #64 OK DELETE id=1556453 via doris-1 rows=10026 [doris-1:f:up doris-2:f:up doris-3:M:up]
23:55:36 #65 OK SELECT id=1556453 via doris-1 rows=10025 [doris-1:f:up doris-2:f:up doris-3:M:up]
23:55:38 #66 OK INSERT id=1556454 via doris-1 rows=10026 [doris-1:f:up doris-2:f:up doris-3:M:up]
23:55:39 #67 OK UPSERT id=1556454 via doris-1 rows=10027 [doris-1:f:up doris-2:f:up doris-3:M:up]
23:55:40 #68 OK SELECT id=1556454 via doris-1 rows=10027 [doris-1:f:up doris-2:f:up doris-3:M:up]
23:55:41 #69 OK DELETE id=1556454 via doris-1 rows=10025 [doris-1:f:up doris-2:f:up doris-3:M:up]
23:55:42 #70 OK SELECT id=1556454 via doris-1 rows=10025 [doris-1:f:up doris-2:f:up doris-3:M:up]
23:55:43 #71 OK INSERT id=1556455 via doris-1 rows=10027 [doris-1:f:up doris-2:f:up doris-3:M:up]
23:55:44 #72 OK UPSERT id=1556455 via doris-1 rows=10027 [doris-1:f:up doris-2:f:up doris-3:M:up]
23:55:45 #73 OK SELECT id=1556455 via doris-1 rows=10027 [doris-1:f:up doris-2:f:up doris-3:M:up]
23:55:46 #74 OK DELETE id=1556455 via doris-1 rows=10025 [doris-1:f:up doris-2:f:up doris-3:M:up]
23:55:47 #75 OK SELECT id=1556455 via doris-1 rows=10025 [doris-1:f:up doris-2:f:up doris-3:M:up]
23:55:48 #76 OK INSERT id=1556456 via doris-1 rows=10027 [doris-1:f:up doris-2:f:up doris-3:M:up]
23:55:49 #77 OK UPSERT id=1556456 via doris-1 rows=10027 [doris-1:f:up doris-2:f:up doris-3:M:up]
23:55:50 #78 OK SELECT id=1556456 via doris-1 rows=10027 [doris-1:f:up doris-2:f:up doris-3:M:up]
23:55:52 #79 OK DELETE id=1556456 via doris-1 rows=10025 [doris-1:f:up doris-2:f:up doris-3:M:up]
23:55:53 #80 OK SELECT id=1556456 via doris-1 rows=10025 [doris-1:f:up doris-2:f:up doris-3:M:up]
23:55:54 #81 OK INSERT id=1556457 via doris-1 rows=10027 [doris-1:f:up doris-2:f:up doris-3:M:up]
23:55:55 #82 OK UPSERT id=1556457 via doris-1 rows=10027 [doris-1:f:up doris-2:f:up doris-3:M:up]
23:55:56 #83 OK SELECT id=1556457 via doris-1 rows=10027 [doris-1:f:up doris-2:f:up doris-3:M:up]
23:55:57 #84 OK DELETE id=1556457 via doris-1 rows=10025 [doris-1:f:up doris-2:f:up doris-3:M:up]
23:55:58 #85 OK SELECT id=1556457 via doris-1 rows=10025 [doris-1:f:up doris-2:f:up doris-3:M:up]
23:55:59 #86 OK INSERT id=1556458 via doris-1 rows=10026 [doris-1:f:up doris-2:f:up doris-3:M:up]
23:56:00 #87 OK UPSERT id=1556458 via doris-1 rows=10027 [doris-1:f:up doris-2:f:up doris-3:M:up]
23:56:01 #88 OK SELECT id=1556458 via doris-1 rows=10027 [doris-1:f:up doris-2:f:up doris-3:M:up]
23:56:02 #89 OK DELETE id=1556458 via doris-1 rows=10025 [doris-1:f:up doris-2:f:up doris-3:M:up]
23:56:03 #90 OK SELECT id=1556458 via doris-1 rows=10025 [doris-1:f:up doris-2:f:up doris-3:M:up]
23:56:04 #91 OK INSERT id=1556459 via doris-1 rows=10026 [doris-1:f:up doris-2:f:up doris-3:M:up]
23:56:06 #92 OK UPSERT id=1556459 via doris-1 rows=10027 [doris-1:f:up doris-2:f:up doris-3:M:up]
23:56:07 #93 OK SELECT id=1556459 via doris-1 rows=10027 [doris-1:f:up doris-2:f:up doris-3:M:up]
23:56:08 #94 OK DELETE id=1556459 via doris-1 rows=10025 [doris-1:f:up doris-2:f:up doris-3:M:up]
23:56:09 #95 OK SELECT id=1556459 via doris-1 rows=10025 [doris-1:f:up doris-2:f:up doris-3:M:up]
23:56:10 #96 OK INSERT id=1556460 via doris-1 rows=10026 [doris-1:f:up doris-2:f:up doris-3:M:up]
23:56:11 #97 OK UPSERT id=1556460 via doris-1 rows=10027 [doris-1:f:up doris-2:f:up doris-3:M:up]
23:56:12 #98 OK SELECT id=1556460 via doris-1 rows=10027 [doris-1:f:up doris-2:f:up doris-3:M:up]
23:56:13 #99 OK DELETE id=1556460 via doris-1 rows=10025 [doris-1:f:up doris-2:f:up doris-3:M:up]
23:56:14 #100 OK SELECT id=1556460 via doris-1 rows=10025 [doris-1:f:up doris-2:f:up doris-3:M:up]
23:56:15 #101 OK INSERT id=1556461 via doris-1 rows=10026 [doris-1:f:up doris-2:f:up doris-3:M:up]
23:56:16 #102 OK UPSERT id=1556461 via doris-1 rows=10027 [doris-1:f:up doris-2:f:up doris-3:M:up]
23:56:17 EVENT restore: verify fe on doris-2
23:56:17 #103 OK SELECT id=1556461 via doris-1 rows=10027 [doris-1:f:up doris-2:f:up doris-3:M:up]
23:56:18 #104 OK DELETE id=1556461 via doris-1 rows=10025 [doris-1:f:up doris-2:f:up doris-3:M:up]
23:56:19 #105 OK SELECT id=1556461 via doris-1 rows=10025 [doris-1:f:up doris-2:f:up doris-3:M:up]
23:56:21 #106 OK INSERT id=1556462 via doris-1 rows=10026 [doris-1:f:up doris-2:f:up doris-3:M:up]
23:56:22 #107 OK UPSERT id=1556462 via doris-1 rows=10027 [doris-1:f:up doris-2:f:up doris-3:M:up]
23:56:23 #108 OK SELECT id=1556462 via doris-1 rows=10027 [doris-1:f:up doris-2:f:up doris-3:M:up]
23:56:23 EVENT restore: cluster healthy
23:56:24 #109 OK DELETE id=1556462 via doris-1 rows=10025 [doris-1:f:up doris-2:f:up doris-3:M:up]
23:56:25 #110 OK SELECT id=1556462 via doris-1 rows=10025 [doris-1:f:up doris-2:f:up doris-3:M:up]
23:56:26 #111 OK INSERT id=1556463 via doris-1 rows=10026 [doris-1:f:up doris-2:f:up doris-3:M:up]
23:56:27 #112 OK UPSERT id=1556463 via doris-1 rows=10027 [doris-1:f:up doris-2:f:up doris-3:M:up]
23:56:28 #113 OK SELECT id=1556463 via doris-1 rows=10027 [doris-1:f:up doris-2:f:up doris-3:M:up]
23:56:29 #114 OK DELETE id=1556463 via doris-1 rows=10026 [doris-1:f:up doris-2:f:up doris-3:M:up]
23:56:30 #115 OK SELECT id=1556463 via doris-1 rows=10025 [doris-1:f:up doris-2:f:up doris-3:M:up]
23:56:31 #116 OK INSERT id=1556464 via doris-1 rows=10026 [doris-1:f:up doris-2:f:up doris-3:M:up]
23:56:32 #117 OK UPSERT id=1556464 via doris-1 rows=10027 [doris-1:f:up doris-2:f:up doris-3:M:up]
23:56:33 #118 OK SELECT id=1556464 via doris-1 rows=10027 [doris-1:f:up doris-2:f:up doris-3:M:up]
23:56:35 #119 OK DELETE id=1556464 via doris-1 rows=10025 [doris-1:f:up doris-2:f:up doris-3:M:up]
23:56:36 #120 OK SELECT id=1556464 via doris-1 rows=10025 [doris-1:f:up doris-2:f:up doris-3:M:up]
23:56:37 #121 OK INSERT id=1556465 via doris-1 rows=10026 [doris-1:f:up doris-2:f:up doris-3:M:up]
23:56:38 #122 OK UPSERT id=1556465 via doris-1 rows=10027 [doris-1:f:up doris-2:f:up doris-3:M:up]
23:56:39 #123 OK SELECT id=1556465 via doris-1 rows=10027 [doris-1:f:up doris-2:f:up doris-3:M:up]
23:56:40 #124 OK DELETE id=1556465 via doris-1 rows=10026 [doris-1:f:up doris-2:f:up doris-3:M:up]
23:56:41 #125 OK SELECT id=1556465 via doris-1 rows=10025 [doris-1:f:up doris-2:f:up doris-3:M:up]
23:56:42 #126 OK INSERT id=1556466 via doris-1 rows=10026 [doris-1:f:up doris-2:f:up doris-3:M:up]
23:56:43 #127 OK UPSERT id=1556466 via doris-1 rows=10027 [doris-1:f:up doris-2:f:up doris-3:M:up]
23:56:44 #128 OK SELECT id=1556466 via doris-1 rows=10027 [doris-1:f:up doris-2:f:up doris-3:M:up]
23:56:45 #129 OK DELETE id=1556466 via doris-1 rows=10026 [doris-1:f:up doris-2:f:up doris-3:M:up]
23:56:46 #130 OK SELECT id=1556466 via doris-1 rows=10025 [doris-1:f:up doris-2:f:up doris-3:M:up]
23:56:47 #131 OK INSERT id=1556467 via doris-1 rows=10026 [doris-1:f:up doris-2:f:up doris-3:M:up]
23:56:48 #132 OK UPSERT id=1556467 via doris-1 rows=10027 [doris-1:f:up doris-2:f:up doris-3:M:up]
23:56:49 #133 OK SELECT id=1556467 via doris-1 rows=10027 [doris-1:f:up doris-2:f:up doris-3:M:up]
