03:19:20 PROBE start proto=arrow-flight hosts=doris-1,doris-2,doris-3 duration=86400s cycle=INSERT>UPSERT>SELECT>DELETE>SELECT
03:19:20 connected to doris-1 (10.140.0.2)
03:19:20 DML unsupported over arrow-flight (InternalError: RuntimeException, msg: getMysqlChannel not in mysql connection (Internal; ExecuteQuery)) — switching to SELECT-only mode
03:19:20 #1 OK SELECT id=3679600 via doris-1 rows=10066 [doris-1:f:up doris-2:f:up doris-3:M:up]
03:19:21 #2 OK SELECT id=3679600 via doris-1 rows=10067 [doris-1:f:up doris-2:f:up doris-3:M:up]
03:19:22 #3 OK SELECT id=3679600 via doris-1 rows=10067 [doris-1:f:up doris-2:f:up doris-3:M:up]
03:19:23 #4 OK SELECT id=3679600 via doris-1 rows=10067 [doris-1:f:up doris-2:f:up doris-3:M:up]
03:19:24 #5 OK SELECT id=3679600 via doris-1 rows=10065 [doris-1:f:up doris-2:f:up doris-3:M:up]
03:19:25 #6 OK SELECT id=3679600 via doris-1 rows=10065 [doris-1:f:up doris-2:f:up doris-3:M:up]
03:19:26 #7 OK SELECT id=3679600 via doris-1 rows=10067 [doris-1:f:up doris-2:f:up doris-3:M:up]
03:19:27 #8 OK SELECT id=3679600 via doris-1 rows=10067 [doris-1:f:up doris-2:f:up doris-3:M:up]
03:19:28 #9 OK SELECT id=3679600 via doris-1 rows=10067 [doris-1:f:up doris-2:f:up doris-3:M:up]
03:19:29 #10 OK SELECT id=3679600 via doris-1 rows=10065 [doris-1:f:up doris-2:f:up doris-3:M:up]
03:19:30 #11 OK SELECT id=3679600 via doris-1 rows=10065 [doris-1:f:up doris-2:f:up doris-3:M:up]
03:19:31 #12 OK SELECT id=3679600 via doris-1 rows=10067 [doris-1:f:up doris-2:f:up doris-3:M:up]
03:19:32 #13 OK SELECT id=3679600 via doris-1 rows=10067 [doris-1:f:up doris-2:f:up doris-3:M:up]
03:19:33 #14 OK SELECT id=3679600 via doris-1 rows=10067 [doris-1:f:up doris-2:f:up doris-3:M:up]
03:19:34 #15 OK SELECT id=3679600 via doris-1 rows=10065 [doris-1:f:up doris-2:f:up doris-3:M:up]
03:19:36 #16 OK SELECT id=3679600 via doris-1 rows=10065 [doris-1:f:up doris-2:f:up doris-3:M:up]
03:19:37 #17 OK SELECT id=3679600 via doris-1 rows=10067 [doris-1:f:up doris-2:f:up doris-3:M:up]
03:19:38 #18 OK SELECT id=3679600 via doris-1 rows=10067 [doris-1:f:up doris-2:f:up doris-3:M:up]
03:19:39 #19 OK SELECT id=3679600 via doris-1 rows=10067 [doris-1:f:up doris-2:f:up doris-3:M:up]
03:19:40 #20 OK SELECT id=3679600 via doris-1 rows=10065 [doris-1:f:up doris-2:f:up doris-3:M:up]
03:19:41 #21 OK SELECT id=3679600 via doris-1 rows=10065 [doris-1:f:up doris-2:f:up doris-3:M:up]
03:19:42 #22 OK SELECT id=3679600 via doris-1 rows=10067 [doris-1:f:up doris-2:f:up doris-3:M:up]
03:19:43 #23 OK SELECT id=3679600 via doris-1 rows=10067 [doris-1:f:up doris-2:f:up doris-3:M:up]
03:19:44 #24 OK SELECT id=3679600 via doris-1 rows=10067 [doris-1:f:up doris-2:f:up doris-3:M:up]
03:19:45 #25 OK SELECT id=3679600 via doris-1 rows=10065 [doris-1:f:up doris-2:f:up doris-3:M:up]
03:19:46 #26 OK SELECT id=3679600 via doris-1 rows=10065 [doris-1:f:up doris-2:f:up doris-3:M:up]
03:19:47 #27 OK SELECT id=3679600 via doris-1 rows=10067 [doris-1:f:up doris-2:f:up doris-3:M:up]
03:19:48 #28 OK SELECT id=3679600 via doris-1 rows=10067 [doris-1:f:up doris-2:f:up doris-3:M:up]
03:19:49 #29 OK SELECT id=3679600 via doris-1 rows=10067 [doris-1:f:up doris-2:f:up doris-3:M:up]
03:19:50 #30 OK SELECT id=3679600 via doris-1 rows=10065 [doris-1:f:up doris-2:f:up doris-3:M:up]
03:19:51 #31 OK SELECT id=3679600 via doris-1 rows=10065 [doris-1:f:up doris-2:f:up doris-3:M:up]
03:19:52 #32 OK SELECT id=3679600 via doris-1 rows=10067 [doris-1:f:up doris-2:f:up doris-3:M:up]
03:19:53 #33 OK SELECT id=3679600 via doris-1 rows=10067 [doris-1:f:up doris-2:f:up doris-3:M:up]
03:19:53 EVENT break: vm stop on doris-3 (FE master)
03:19:55 #34 OK SELECT id=3679600 via doris-1 rows=10067 [doris-1:f:up doris-2:f:up doris-3:M:up]
03:19:56 #35 OK SELECT id=3679600 via doris-1 rows=10065 [doris-1:f:up doris-2:f:up doris-3:M:up]
03:19:57 #36 FAIL SELECT id=3679600 via doris-1: InternalError: INTERNAL: [FlightSQL] get flight info statement failed, after executeQueryStatement handleQuery, java.lang.Run
03:19:58 connected to doris-1 (10.140.0.2)
03:19:58 #37 FAIL SELECT id=3679600 via doris-1: InternalError: INTERNAL: [FlightSQL] get flight info statement failed, after executeQueryStatement handleQuery, java.lang.Run
03:19:59 connected to doris-1 (10.140.0.2)
03:19:59 #38 FAIL SELECT id=3679600 via doris-1: InternalError: INTERNAL: [FlightSQL] get flight info statement failed, after executeQueryStatement handleQuery, java.lang.Run
03:20:00 connected to doris-1 (10.140.0.2)
03:20:08 #39 FAIL SELECT id=3679600 via doris-1: OperationalError: TIMEOUT: [FlightSQL] stream terminated by RST_STREAM with error code: CANCEL (DeadlineExceeded; ExecuteQuery).
03:20:09 connected to doris-1 (10.140.0.2)
03:20:17 #40 FAIL SELECT id=3679600 via doris-1: OperationalError: TIMEOUT: [FlightSQL] stream terminated by RST_STREAM with error code: CANCEL (DeadlineExceeded; ExecuteQuery).
03:20:18 connected to doris-1 (10.140.0.2)
03:20:18 EVENT break: doris-3 is down
03:20:26 #41 FAIL SELECT id=3679600 via doris-1: OperationalError: TIMEOUT: [FlightSQL] context deadline exceeded (DeadlineExceeded; ExecuteQuery). Vendor code: 4
03:20:27 connected to doris-1 (10.140.0.2)
03:20:27 #42 OK SELECT id=3679600 via doris-1 rows=10065 [doris-1:f:up doris-2:M:up doris-3:f:DOWN] (recovered)
03:20:28 #43 OK SELECT id=3679600 via doris-1 rows=10065 [doris-1:f:up doris-2:M:up doris-3:f:DOWN]
03:20:29 #44 OK SELECT id=3679600 via doris-1 rows=10065 [doris-1:f:up doris-2:M:up doris-3:f:DOWN]
03:20:30 #45 OK SELECT id=3679600 via doris-1 rows=10068 [doris-1:f:up doris-2:M:up doris-3:f:DOWN]
03:20:31 #46 OK SELECT id=3679600 via doris-1 rows=10068 [doris-1:f:up doris-2:M:up doris-3:f:DOWN]
03:20:32 #47 OK SELECT id=3679600 via doris-1 rows=10068 [doris-1:f:up doris-2:M:up doris-3:f:DOWN]
03:20:33 #48 OK SELECT id=3679600 via doris-1 rows=10066 [doris-1:f:up doris-2:M:up doris-3:f:DOWN]
03:20:34 #49 OK SELECT id=3679600 via doris-1 rows=10066 [doris-1:f:up doris-2:M:up doris-3:f:DOWN]
03:20:35 #50 OK SELECT id=3679600 via doris-1 rows=10067 [doris-1:f:up doris-2:M:up doris-3:f:DOWN]
03:20:37 #51 OK SELECT id=3679600 via doris-1 rows=10068 [doris-1:f:up doris-2:M:up doris-3:f:DOWN]
03:20:38 #52 OK SELECT id=3679600 via doris-1 rows=10068 [doris-1:f:up doris-2:M:up doris-3:f:DOWN]
03:20:39 #53 OK SELECT id=3679600 via doris-1 rows=10067 [doris-1:f:up doris-2:M:up doris-3:f:DOWN]
03:20:40 #54 OK SELECT id=3679600 via doris-1 rows=10066 [doris-1:f:up doris-2:M:up doris-3:f:DOWN]
03:20:41 #55 OK SELECT id=3679600 via doris-1 rows=10067 [doris-1:f:up doris-2:M:up doris-3:f:DOWN]
03:20:42 #56 OK SELECT id=3679600 via doris-1 rows=10068 [doris-1:f:up doris-2:M:up doris-3:f:DOWN]
03:20:43 #57 OK SELECT id=3679600 via doris-1 rows=10068 [doris-1:f:up doris-2:M:up doris-3:f:DOWN]
03:20:44 #58 OK SELECT id=3679600 via doris-1 rows=10067 [doris-1:f:up doris-2:M:up doris-3:f:DOWN]
03:20:45 #59 OK SELECT id=3679600 via doris-1 rows=10066 [doris-1:f:up doris-2:M:up doris-3:f:DOWN]
03:20:46 #60 OK SELECT id=3679600 via doris-1 rows=10067 [doris-1:f:up doris-2:M:up doris-3:f:DOWN]
03:20:47 #61 OK SELECT id=3679600 via doris-1 rows=10068 [doris-1:f:up doris-2:M:up doris-3:f:DOWN]
03:20:48 #62 OK SELECT id=3679600 via doris-1 rows=10068 [doris-1:f:up doris-2:M:up doris-3:f:DOWN]
03:20:49 #63 OK SELECT id=3679600 via doris-1 rows=10067 [doris-1:f:up doris-2:M:up doris-3:f:DOWN]
03:20:50 #64 OK SELECT id=3679600 via doris-1 rows=10066 [doris-1:f:up doris-2:M:up doris-3:f:DOWN]
03:20:51 #65 OK SELECT id=3679600 via doris-1 rows=10067 [doris-1:f:up doris-2:M:up doris-3:f:DOWN]
03:20:52 #66 OK SELECT id=3679600 via doris-1 rows=10068 [doris-1:f:up doris-2:M:up doris-3:f:DOWN]
03:20:53 #67 OK SELECT id=3679600 via doris-1 rows=10068 [doris-1:f:up doris-2:M:up doris-3:f:DOWN]
03:20:55 #68 OK SELECT id=3679600 via doris-1 rows=10067 [doris-1:f:up doris-2:M:up doris-3:f:DOWN]
03:20:56 #69 OK SELECT id=3679600 via doris-1 rows=10066 [doris-1:f:up doris-2:M:up doris-3:f:DOWN]
03:20:57 #70 OK SELECT id=3679600 via doris-1 rows=10067 [doris-1:f:up doris-2:M:up doris-3:f:DOWN]
03:20:58 #71 OK SELECT id=3679600 via doris-1 rows=10068 [doris-1:f:up doris-2:M:up doris-3:f:DOWN]
03:20:59 #72 OK SELECT id=3679600 via doris-1 rows=10068 [doris-1:f:up doris-2:M:up doris-3:f:DOWN]
03:21:00 #73 OK SELECT id=3679600 via doris-1 rows=10067 [doris-1:f:up doris-2:M:up doris-3:f:DOWN]
03:21:01 #74 OK SELECT id=3679600 via doris-1 rows=10066 [doris-1:f:up doris-2:M:up doris-3:f:DOWN]
03:21:02 #75 OK SELECT id=3679600 via doris-1 rows=10067 [doris-1:f:up doris-2:M:up doris-3:f:DOWN]
03:21:03 #76 OK SELECT id=3679600 via doris-1 rows=10068 [doris-1:f:up doris-2:M:up doris-3:f:DOWN]
03:21:04 #77 OK SELECT id=3679600 via doris-1 rows=10068 [doris-1:f:up doris-2:M:up doris-3:f:DOWN]
03:21:05 #78 OK SELECT id=3679600 via doris-1 rows=10067 [doris-1:f:up doris-2:M:up doris-3:f:DOWN]
03:21:06 #79 OK SELECT id=3679600 via doris-1 rows=10066 [doris-1:f:up doris-2:M:up doris-3:f:DOWN]
03:21:07 #80 OK SELECT id=3679600 via doris-1 rows=10067 [doris-1:f:up doris-2:M:up doris-3:f:DOWN]
03:21:08 #81 OK SELECT id=3679600 via doris-1 rows=10068 [doris-1:f:up doris-2:M:up doris-3:f:DOWN]
03:21:09 #82 OK SELECT id=3679600 via doris-1 rows=10068 [doris-1:f:up doris-2:M:up doris-3:f:DOWN]
03:21:10 #83 OK SELECT id=3679600 via doris-1 rows=10067 [doris-1:f:up doris-2:M:up doris-3:f:DOWN]
03:21:11 #84 OK SELECT id=3679600 via doris-1 rows=10066 [doris-1:f:up doris-2:M:up doris-3:f:DOWN]
03:21:12 #85 OK SELECT id=3679600 via doris-1 rows=10067 [doris-1:f:up doris-2:M:up doris-3:f:DOWN]
03:21:13 #86 OK SELECT id=3679600 via doris-1 rows=10068 [doris-1:f:up doris-2:M:up doris-3:f:DOWN]
03:21:15 #87 OK SELECT id=3679600 via doris-1 rows=10068 [doris-1:f:up doris-2:M:up doris-3:f:DOWN]
03:21:16 #88 OK SELECT id=3679600 via doris-1 rows=10067 [doris-1:f:up doris-2:M:up doris-3:f:DOWN]
03:21:17 #89 OK SELECT id=3679600 via doris-1 rows=10066 [doris-1:f:up doris-2:M:up doris-3:f:DOWN]
03:21:18 #90 OK SELECT id=3679600 via doris-1 rows=10067 [doris-1:f:up doris-2:M:up doris-3:f:DOWN]
03:21:19 #91 OK SELECT id=3679600 via doris-1 rows=10068 [doris-1:f:up doris-2:M:up doris-3:f:DOWN]
03:21:20 #92 OK SELECT id=3679600 via doris-1 rows=10068 [doris-1:f:up doris-2:M:up doris-3:f:DOWN]
03:21:21 #93 OK SELECT id=3679600 via doris-1 rows=10067 [doris-1:f:up doris-2:M:up doris-3:f:DOWN]
03:21:22 #94 OK SELECT id=3679600 via doris-1 rows=10066 [doris-1:f:up doris-2:M:up doris-3:f:DOWN]
03:21:23 #95 OK SELECT id=3679600 via doris-1 rows=10067 [doris-1:f:up doris-2:M:up doris-3:f:DOWN]
03:21:24 #96 OK SELECT id=3679600 via doris-1 rows=10068 [doris-1:f:up doris-2:M:up doris-3:f:DOWN]
03:21:25 #97 OK SELECT id=3679600 via doris-1 rows=10068 [doris-1:f:up doris-2:M:up doris-3:f:DOWN]
03:21:26 #98 OK SELECT id=3679600 via doris-1 rows=10067 [doris-1:f:up doris-2:M:up doris-3:f:DOWN]
03:21:27 #99 OK SELECT id=3679600 via doris-1 rows=10066 [doris-1:f:up doris-2:M:up doris-3:f:DOWN]
03:21:28 #100 OK SELECT id=3679600 via doris-1 rows=10067 [doris-1:f:up doris-2:M:up doris-3:f:DOWN]
03:21:29 #101 OK SELECT id=3679600 via doris-1 rows=10068 [doris-1:f:up doris-2:M:up doris-3:f:DOWN]
03:21:30 #102 OK SELECT id=3679600 via doris-1 rows=10068 [doris-1:f:up doris-2:M:up doris-3:f:DOWN]
03:21:31 #103 OK SELECT id=3679600 via doris-1 rows=10067 [doris-1:f:up doris-2:M:up doris-3:f:DOWN]
03:21:32 #104 OK SELECT id=3679600 via doris-1 rows=10066 [doris-1:f:up doris-2:M:up doris-3:f:DOWN]
03:21:34 #105 OK SELECT id=3679600 via doris-1 rows=10067 [doris-1:f:up doris-2:M:up doris-3:f:DOWN]
03:21:35 #106 OK SELECT id=3679600 via doris-1 rows=10068 [doris-1:f:up doris-2:M:up doris-3:f:DOWN]
03:21:36 #107 OK SELECT id=3679600 via doris-1 rows=10068 [doris-1:f:up doris-2:M:up doris-3:f:DOWN]
03:21:37 #108 OK SELECT id=3679600 via doris-1 rows=10067 [doris-1:f:up doris-2:M:up doris-3:f:DOWN]
03:21:38 #109 OK SELECT id=3679600 via doris-1 rows=10066 [doris-1:f:up doris-2:M:up doris-3:f:DOWN]
03:21:39 #110 OK SELECT id=3679600 via doris-1 rows=10067 [doris-1:f:up doris-2:M:up doris-3:f:DOWN]
03:21:40 #111 OK SELECT id=3679600 via doris-1 rows=10068 [doris-1:f:up doris-2:M:up doris-3:f:DOWN]
03:21:41 #112 OK SELECT id=3679600 via doris-1 rows=10068 [doris-1:f:up doris-2:M:up doris-3:f:DOWN]
03:21:42 #113 OK SELECT id=3679600 via doris-1 rows=10067 [doris-1:f:up doris-2:M:up doris-3:f:DOWN]
03:21:43 #114 OK SELECT id=3679600 via doris-1 rows=10067 [doris-1:f:up doris-2:M:up doris-3:f:DOWN]
03:21:44 #115 OK SELECT id=3679600 via doris-1 rows=10067 [doris-1:f:up doris-2:M:up doris-3:f:DOWN]
03:21:45 #116 OK SELECT id=3679600 via doris-1 rows=10067 [doris-1:f:up doris-2:M:up doris-3:f:DOWN]
03:21:46 #117 OK SELECT id=3679600 via doris-1 rows=10068 [doris-1:f:up doris-2:M:up doris-3:f:DOWN]
03:21:47 #118 OK SELECT id=3679600 via doris-1 rows=10068 [doris-1:f:up doris-2:M:up doris-3:f:DOWN]
03:21:48 #119 OK SELECT id=3679600 via doris-1 rows=10067 [doris-1:f:up doris-2:M:up doris-3:f:DOWN]
03:21:49 #120 OK SELECT id=3679600 via doris-1 rows=10066 [doris-1:f:up doris-2:M:up doris-3:f:DOWN]
03:21:50 #121 OK SELECT id=3679600 via doris-1 rows=10067 [doris-1:f:up doris-2:M:up doris-3:f:DOWN]
03:21:51 #122 OK SELECT id=3679600 via doris-1 rows=10068 [doris-1:f:up doris-2:M:up doris-3:f:DOWN]
03:21:53 #123 OK SELECT id=3679600 via doris-1 rows=10068 [doris-1:f:up doris-2:M:up doris-3:f:DOWN]
03:21:54 #124 OK SELECT id=3679600 via doris-1 rows=10067 [doris-1:f:up doris-2:M:up doris-3:f:DOWN]
03:21:55 #125 OK SELECT id=3679600 via doris-1 rows=10066 [doris-1:f:up doris-2:M:up doris-3:f:DOWN]
03:21:56 #126 OK SELECT id=3679600 via doris-1 rows=10067 [doris-1:f:up doris-2:M:up doris-3:f:DOWN]
03:21:56 EVENT restore: start doris-3
03:21:57 #127 OK SELECT id=3679600 via doris-1 rows=10068 [doris-1:f:up doris-2:M:up doris-3:f:DOWN]
03:21:58 #128 OK SELECT id=3679600 via doris-1 rows=10068 [doris-1:f:up doris-2:M:up doris-3:f:DOWN]
03:21:59 #129 OK SELECT id=3679600 via doris-1 rows=10067 [doris-1:f:up doris-2:M:up doris-3:f:DOWN]
03:22:00 #130 OK SELECT id=3679600 via doris-1 rows=10066 [doris-1:f:up doris-2:M:up doris-3:f:DOWN]
03:22:01 #131 OK SELECT id=3679600 via doris-1 rows=10067 [doris-1:f:up doris-2:M:up doris-3:f:DOWN]
03:22:02 #132 OK SELECT id=3679600 via doris-1 rows=10068 [doris-1:f:up doris-2:M:up doris-3:f:DOWN]
03:22:03 #133 OK SELECT id=3679600 via doris-1 rows=10068 [doris-1:f:up doris-2:M:up doris-3:f:DOWN]
03:22:04 #134 OK SELECT id=3679600 via doris-1 rows=10067 [doris-1:f:up doris-2:M:up doris-3:f:DOWN]
03:22:05 #135 OK SELECT id=3679600 via doris-1 rows=10066 [doris-1:f:up doris-2:M:up doris-3:f:DOWN]
03:22:06 #136 OK SELECT id=3679600 via doris-1 rows=10067 [doris-1:f:up doris-2:M:up doris-3:f:DOWN]
03:22:07 #137 OK SELECT id=3679600 via doris-1 rows=10068 [doris-1:f:up doris-2:M:up doris-3:f:DOWN]
03:22:08 #138 OK SELECT id=3679600 via doris-1 rows=10068 [doris-1:f:up doris-2:M:up doris-3:f:DOWN]
03:22:09 #139 OK SELECT id=3679600 via doris-1 rows=10067 [doris-1:f:up doris-2:M:up doris-3:f:DOWN]
03:22:10 #140 OK SELECT id=3679600 via doris-1 rows=10066 [doris-1:f:up doris-2:M:up doris-3:f:DOWN]
03:22:11 #141 OK SELECT id=3679600 via doris-1 rows=10067 [doris-1:f:up doris-2:M:up doris-3:f:DOWN]
03:22:13 #142 OK SELECT id=3679600 via doris-1 rows=10068 [doris-1:f:up doris-2:M:up doris-3:f:DOWN]
03:22:14 #143 OK SELECT id=3679600 via doris-1 rows=10068 [doris-1:f:up doris-2:M:up doris-3:f:DOWN]
03:22:15 #144 OK SELECT id=3679600 via doris-1 rows=10067 [doris-1:f:up doris-2:M:up doris-3:f:DOWN]
03:22:16 #145 OK SELECT id=3679600 via doris-1 rows=10066 [doris-1:f:up doris-2:M:up doris-3:f:DOWN]
03:22:17 #146 OK SELECT id=3679600 via doris-1 rows=10067 [doris-1:f:up doris-2:M:up doris-3:f:DOWN]
03:22:18 #147 OK SELECT id=3679600 via doris-1 rows=10068 [doris-1:f:up doris-2:M:up doris-3:f:DOWN]
03:22:19 #148 OK SELECT id=3679600 via doris-1 rows=10068 [doris-1:f:up doris-2:M:up doris-3:f:DOWN]
03:22:20 #149 OK SELECT id=3679600 via doris-1 rows=10067 [doris-1:f:up doris-2:M:up doris-3:f:DOWN]
03:22:21 #150 OK SELECT id=3679600 via doris-1 rows=10066 [doris-1:f:up doris-2:M:up doris-3:f:DOWN]
03:22:22 #151 OK SELECT id=3679600 via doris-1 rows=10067 [doris-1:f:up doris-2:M:up doris-3:f:DOWN]
03:22:23 #152 OK SELECT id=3679600 via doris-1 rows=10068 [doris-1:f:up doris-2:M:up doris-3:f:DOWN]
03:22:24 #153 OK SELECT id=3679600 via doris-1 rows=10068 [doris-1:f:up doris-2:M:up doris-3:f:DOWN]
03:22:25 #154 OK SELECT id=3679600 via doris-1 rows=10067 [doris-1:f:up doris-2:M:up doris-3:f:DOWN]
03:22:26 #155 OK SELECT id=3679600 via doris-1 rows=10066 [doris-1:f:up doris-2:M:up doris-3:f:DOWN]
03:22:27 #156 OK SELECT id=3679600 via doris-1 rows=10067 [doris-1:f:up doris-2:M:up doris-3:f:DOWN]
03:22:28 #157 OK SELECT id=3679600 via doris-1 rows=10068 [doris-1:f:up doris-2:M:up doris-3:f:DOWN]
03:22:29 #158 OK SELECT id=3679600 via doris-1 rows=10068 [doris-1:f:up doris-2:M:up doris-3:f:DOWN]
03:22:30 #159 OK SELECT id=3679600 via doris-1 rows=10067 [doris-1:f:up doris-2:M:up doris-3:f:DOWN]
03:22:31 #160 OK SELECT id=3679600 via doris-1 rows=10066 [doris-1:f:up doris-2:M:up doris-3:f:DOWN]
03:22:33 #161 OK SELECT id=3679600 via doris-1 rows=10067 [doris-1:f:up doris-2:M:up doris-3:f:DOWN]
03:22:34 #162 OK SELECT id=3679600 via doris-1 rows=10068 [doris-1:f:up doris-2:M:up doris-3:f:DOWN]
03:22:35 #163 OK SELECT id=3679600 via doris-1 rows=10068 [doris-1:f:up doris-2:M:up doris-3:f:DOWN]
03:22:36 #164 OK SELECT id=3679600 via doris-1 rows=10067 [doris-1:f:up doris-2:M:up doris-3:f:DOWN]
03:22:37 #165 OK SELECT id=3679600 via doris-1 rows=10066 [doris-1:f:up doris-2:M:up doris-3:f:DOWN]
03:22:38 #166 OK SELECT id=3679600 via doris-1 rows=10067 [doris-1:f:up doris-2:M:up doris-3:f:DOWN]
03:22:39 #167 OK SELECT id=3679600 via doris-1 rows=10068 [doris-1:f:up doris-2:M:up doris-3:f:DOWN]
03:22:40 #168 OK SELECT id=3679600 via doris-1 rows=10068 [doris-1:f:up doris-2:M:up doris-3:f:DOWN]
03:22:41 #169 OK SELECT id=3679600 via doris-1 rows=10067 [doris-1:f:up doris-2:M:up doris-3:f:DOWN]
03:22:42 #170 OK SELECT id=3679600 via doris-1 rows=10066 [doris-1:f:up doris-2:M:up doris-3:f:up]
03:22:43 #171 OK SELECT id=3679600 via doris-1 rows=10067 [doris-1:f:up doris-2:M:up doris-3:f:up]
03:22:44 #172 OK SELECT id=3679600 via doris-1 rows=10068 [doris-1:f:up doris-2:M:up doris-3:f:up]
03:22:45 #173 OK SELECT id=3679600 via doris-1 rows=10068 [doris-1:f:up doris-2:M:up doris-3:f:up]
03:22:46 #174 OK SELECT id=3679600 via doris-1 rows=10067 [doris-1:f:up doris-2:M:up doris-3:f:up]
03:22:47 #175 OK SELECT id=3679600 via doris-1 rows=10066 [doris-1:f:up doris-2:M:up doris-3:f:up]
03:22:48 #176 OK SELECT id=3679600 via doris-1 rows=10067 [doris-1:f:up doris-2:M:up doris-3:f:up]
03:22:49 #177 OK SELECT id=3679600 via doris-1 rows=10068 [doris-1:f:up doris-2:M:up doris-3:f:up]
03:22:51 #178 OK SELECT id=3679600 via doris-1 rows=10068 [doris-1:f:up doris-2:M:up doris-3:f:up]
03:22:51 EVENT restore: cluster healthy
03:22:52 #179 OK SELECT id=3679600 via doris-1 rows=10067 [doris-1:f:up doris-2:M:up doris-3:f:up]
03:22:53 #180 OK SELECT id=3679600 via doris-1 rows=10066 [doris-1:f:up doris-2:M:up doris-3:f:up]
03:22:54 #181 OK SELECT id=3679600 via doris-1 rows=10067 [doris-1:f:up doris-2:M:up doris-3:f:up]
03:22:55 #182 OK SELECT id=3679600 via doris-1 rows=10068 [doris-1:f:up doris-2:M:up doris-3:f:up]
03:22:56 #183 OK SELECT id=3679600 via doris-1 rows=10068 [doris-1:f:up doris-2:M:up doris-3:f:up]
03:22:57 #184 OK SELECT id=3679600 via doris-1 rows=10067 [doris-1:f:up doris-2:M:up doris-3:f:up]
03:22:58 #185 OK SELECT id=3679600 via doris-1 rows=10066 [doris-1:f:up doris-2:M:up doris-3:f:up]
03:22:59 #186 OK SELECT id=3679600 via doris-1 rows=10067 [doris-1:f:up doris-2:M:up doris-3:f:up]
03:23:00 #187 OK SELECT id=3679600 via doris-1 rows=10068 [doris-1:f:up doris-2:M:up doris-3:f:up]
03:23:01 #188 OK SELECT id=3679600 via doris-1 rows=10068 [doris-1:f:up doris-2:M:up doris-3:f:up]
03:23:02 #189 OK SELECT id=3679600 via doris-1 rows=10067 [doris-1:f:up doris-2:M:up doris-3:f:up]
03:23:03 #190 OK SELECT id=3679600 via doris-1 rows=10066 [doris-1:f:up doris-2:M:up doris-3:f:up]
03:23:04 #191 OK SELECT id=3679600 via doris-1 rows=10067 [doris-1:f:up doris-2:M:up doris-3:f:up]
03:23:05 #192 OK SELECT id=3679600 via doris-1 rows=10068 [doris-1:f:up doris-2:M:up doris-3:f:up]
03:23:06 #193 OK SELECT id=3679600 via doris-1 rows=10068 [doris-1:f:up doris-2:M:up doris-3:f:up]
03:23:07 #194 OK SELECT id=3679600 via doris-1 rows=10067 [doris-1:f:up doris-2:M:up doris-3:f:up]
03:23:08 #195 OK SELECT id=3679600 via doris-1 rows=10066 [doris-1:f:up doris-2:M:up doris-3:f:up]
03:23:09 #196 OK SELECT id=3679600 via doris-1 rows=10067 [doris-1:f:up doris-2:M:up doris-3:f:up]
03:23:11 #197 OK SELECT id=3679600 via doris-1 rows=10068 [doris-1:f:up doris-2:M:up doris-3:f:up]
03:23:12 #198 OK SELECT id=3679600 via doris-1 rows=10068 [doris-1:f:up doris-2:M:up doris-3:f:up]
03:23:13 #199 OK SELECT id=3679600 via doris-1 rows=10067 [doris-1:f:up doris-2:M:up doris-3:f:up]
03:23:14 #200 OK SELECT id=3679600 via doris-1 rows=10066 [doris-1:f:up doris-2:M:up doris-3:f:up]
03:23:15 #201 OK SELECT id=3679600 via doris-1 rows=10067 [doris-1:f:up doris-2:M:up doris-3:f:up]
03:23:16 #202 OK SELECT id=3679600 via doris-1 rows=10067 [doris-1:f:up doris-2:M:up doris-3:f:up]
03:23:17 #203 OK SELECT id=3679600 via doris-1 rows=10068 [doris-1:f:up doris-2:M:up doris-3:f:up]
03:23:18 #204 OK SELECT id=3679600 via doris-1 rows=10067 [doris-1:f:up doris-2:M:up doris-3:f:up]
03:23:19 #205 OK SELECT id=3679600 via doris-1 rows=10067 [doris-1:f:up doris-2:M:up doris-3:f:up]
03:23:20 #206 OK SELECT id=3679600 via doris-1 rows=10067 [doris-1:f:up doris-2:M:up doris-3:f:up]
03:23:21 #207 OK SELECT id=3679600 via doris-1 rows=10067 [doris-1:f:up doris-2:M:up doris-3:f:up]
