18:11:27 PROBE start proto=jdbc hosts=doris-1,doris-2,doris-3 duration=86400s cycle=INSERT>UPSERT>SELECT>DELETE>SELECT url=jdbc:mysql://10.140.0.2:9030,10.140.0.3:9030,10.140.0.4:9030/hatest
18:11:28 connected to doris-1 (driver-selected host)
18:11:28 #1 OK INSERT id=2670870 via doris-1 rows=10215 [doris-1:f:up doris-2:f:up doris-3:M:up]
18:11:29 #2 OK UPSERT id=2670870 via doris-1 rows=10215 [doris-1:f:up doris-2:f:up doris-3:M:up]
18:11:30 #3 OK SELECT id=2670870 via doris-1 rows=10215 [doris-1:f:up doris-2:f:up doris-3:M:up]
18:11:31 #4 OK DELETE id=2670870 via doris-1 rows=10213 [doris-1:f:up doris-2:f:up doris-3:M:up]
18:11:32 #5 OK SELECT id=2670870 via doris-1 rows=10213 [doris-1:f:up doris-2:f:up doris-3:M:up]
18:11:33 #6 OK INSERT id=2670871 via doris-1 rows=10215 [doris-1:f:up doris-2:f:up doris-3:M:up]
18:11:34 #7 OK UPSERT id=2670871 via doris-1 rows=10215 [doris-1:f:up doris-2:f:up doris-3:M:up]
18:11:35 #8 OK SELECT id=2670871 via doris-1 rows=10215 [doris-1:f:up doris-2:f:up doris-3:M:up]
18:11:36 #9 OK DELETE id=2670871 via doris-1 rows=10213 [doris-1:f:up doris-2:f:up doris-3:M:up]
18:11:38 #10 OK SELECT id=2670871 via doris-1 rows=10213 [doris-1:f:up doris-2:f:up doris-3:M:up]
18:11:39 #11 OK INSERT id=2670872 via doris-1 rows=10215 [doris-1:f:up doris-2:f:up doris-3:M:up]
18:11:40 #12 OK UPSERT id=2670872 via doris-1 rows=10215 [doris-1:f:up doris-2:f:up doris-3:M:up]
18:11:41 #13 OK SELECT id=2670872 via doris-1 rows=10215 [doris-1:f:up doris-2:f:up doris-3:M:up]
18:11:42 #14 OK DELETE id=2670872 via doris-1 rows=10213 [doris-1:f:up doris-2:f:up doris-3:M:up]
18:11:43 #15 OK SELECT id=2670872 via doris-1 rows=10213 [doris-1:f:up doris-2:f:up doris-3:M:up]
18:11:44 #16 OK INSERT id=2670873 via doris-1 rows=10215 [doris-1:f:up doris-2:f:up doris-3:M:up]
18:11:45 #17 OK UPSERT id=2670873 via doris-1 rows=10215 [doris-1:f:up doris-2:f:up doris-3:M:up]
18:11:46 #18 OK SELECT id=2670873 via doris-1 rows=10215 [doris-1:f:up doris-2:f:up doris-3:M:up]
18:11:47 #19 OK DELETE id=2670873 via doris-1 rows=10213 [doris-1:f:up doris-2:f:up doris-3:M:up]
18:11:48 #20 OK SELECT id=2670873 via doris-1 rows=10213 [doris-1:f:up doris-2:f:up doris-3:M:up]
18:11:49 #21 OK INSERT id=2670874 via doris-1 rows=10215 [doris-1:f:up doris-2:f:up doris-3:M:up]
18:11:50 #22 OK UPSERT id=2670874 via doris-1 rows=10215 [doris-1:f:up doris-2:f:up doris-3:M:up]
18:11:51 #23 OK SELECT id=2670874 via doris-1 rows=10215 [doris-1:f:up doris-2:f:up doris-3:M:up]
18:11:52 #24 OK DELETE id=2670874 via doris-1 rows=10213 [doris-1:f:up doris-2:f:up doris-3:M:up]
18:11:53 #25 OK SELECT id=2670874 via doris-1 rows=10213 [doris-1:f:up doris-2:f:up doris-3:M:up]
18:11:54 #26 OK INSERT id=2670875 via doris-1 rows=10215 [doris-1:f:up doris-2:f:up doris-3:M:up]
18:11:56 #27 OK UPSERT id=2670875 via doris-1 rows=10215 [doris-1:f:up doris-2:f:up doris-3:M:up]
18:11:57 #28 OK SELECT id=2670875 via doris-1 rows=10215 [doris-1:f:up doris-2:f:up doris-3:M:up]
18:11:58 #29 OK DELETE id=2670875 via doris-1 rows=10213 [doris-1:f:up doris-2:f:up doris-3:M:up]
18:11:59 #30 OK SELECT id=2670875 via doris-1 rows=10213 [doris-1:f:up doris-2:f:up doris-3:M:up]
18:12:00 #31 OK INSERT id=2670876 via doris-1 rows=10215 [doris-1:f:up doris-2:f:up doris-3:M:up]
18:12:01 #32 OK UPSERT id=2670876 via doris-1 rows=10215 [doris-1:f:up doris-2:f:up doris-3:M:up]
18:12:01 EVENT break: vm stop on doris-3 (FE master)
18:12:02 #33 OK SELECT id=2670876 via doris-1 rows=10215 [doris-1:f:up doris-2:f:up doris-3:M:up]
18:12:03 #34 OK DELETE id=2670876 via doris-1 rows=10213 [doris-1:f:up doris-2:f:up doris-3:M:up]
18:12:04 #35 OK SELECT id=2670876 via doris-1 rows=10213 [doris-1:f:up doris-2:f:up doris-3:M:up]
18:12:05 #36 FAIL INSERT id=2670877 via doris-1: SQLException: Exception, msg: Failed to get master client.
18:12:05 #36 FAIL SELECT(check) id=1 via -: SQLException: Exception, msg: Node catalog is not ready, please wait for a while. To master progress: lo
18:12:06 connected to doris-1 (driver-selected host)
18:12:06 #37 OK INSERT id=2670878 via doris-1 rows=10215 [doris-1:f:up doris-2:M:up doris-3:f:DOWN] (recovered)
18:12:07 #38 OK UPSERT id=2670878 via doris-1 rows=10215 [doris-1:f:up doris-2:M:up doris-3:f:DOWN]
18:12:08 #39 OK SELECT id=2670878 via doris-1 rows=10215 [doris-1:f:up doris-2:M:up doris-3:f:DOWN]
18:12:10 #40 OK DELETE id=2670878 via doris-1 rows=10213 [doris-1:f:up doris-2:M:up doris-3:f:DOWN]
18:12:11 #41 OK SELECT id=2670878 via doris-1 rows=10213 [doris-1:f:up doris-2:M:up doris-3:f:DOWN]
18:12:12 #42 OK INSERT id=2670879 via doris-1 rows=10215 [doris-1:f:up doris-2:M:up doris-3:f:DOWN]
18:12:13 #43 OK UPSERT id=2670879 via doris-1 rows=10215 [doris-1:f:up doris-2:M:up doris-3:f:DOWN]
18:12:14 #44 OK SELECT id=2670879 via doris-1 rows=10215 [doris-1:f:up doris-2:M:up doris-3:f:DOWN]
18:12:15 #45 OK DELETE id=2670879 via doris-1 rows=10213 [doris-1:f:up doris-2:M:up doris-3:f:DOWN]
18:12:16 #46 OK SELECT id=2670879 via doris-1 rows=10213 [doris-1:f:up doris-2:M:up doris-3:f:DOWN]
18:12:17 #47 OK INSERT id=2670880 via doris-1 rows=10215 [doris-1:f:up doris-2:M:up doris-3:f:DOWN]
18:12:18 #48 OK UPSERT id=2670880 via doris-1 rows=10215 [doris-1:f:up doris-2:M:up doris-3:f:DOWN]
18:12:19 #49 OK SELECT id=2670880 via doris-1 rows=10215 [doris-1:f:up doris-2:M:up doris-3:f:DOWN]
18:12:20 #50 OK DELETE id=2670880 via doris-1 rows=10213 [doris-1:f:up doris-2:M:up doris-3:f:DOWN]
18:12:21 #51 OK SELECT id=2670880 via doris-1 rows=10213 [doris-1:f:up doris-2:M:up doris-3:f:DOWN]
18:12:22 #52 OK INSERT id=2670881 via doris-1 rows=10215 [doris-1:f:up doris-2:M:up doris-3:f:DOWN]
18:12:23 #53 OK UPSERT id=2670881 via doris-1 rows=10215 [doris-1:f:up doris-2:M:up doris-3:f:DOWN]
18:12:25 #54 OK SELECT id=2670881 via doris-1 rows=10215 [doris-1:f:up doris-2:M:up doris-3:f:DOWN]
18:12:25 EVENT break: doris-3 is down
18:12:26 #55 OK DELETE id=2670881 via doris-1 rows=10213 [doris-1:f:up doris-2:M:up doris-3:f:DOWN]
18:12:27 #56 OK SELECT id=2670881 via doris-1 rows=10213 [doris-1:f:up doris-2:M:up doris-3:f:DOWN]
18:12:28 #57 OK INSERT id=2670882 via doris-1 rows=10215 [doris-1:f:up doris-2:M:up doris-3:f:DOWN]
18:12:29 #58 OK UPSERT id=2670882 via doris-1 rows=10215 [doris-1:f:up doris-2:M:up doris-3:f:DOWN]
18:12:30 #59 OK SELECT id=2670882 via doris-1 rows=10215 [doris-1:f:up doris-2:M:up doris-3:f:DOWN]
18:12:31 #60 OK DELETE id=2670882 via doris-1 rows=10213 [doris-1:f:up doris-2:M:up doris-3:f:DOWN]
18:12:32 #61 OK SELECT id=2670882 via doris-1 rows=10213 [doris-1:f:up doris-2:M:up doris-3:f:DOWN]
18:12:33 #62 OK INSERT id=2670883 via doris-1 rows=10215 [doris-1:f:up doris-2:M:up doris-3:f:DOWN]
18:12:34 #63 OK UPSERT id=2670883 via doris-1 rows=10215 [doris-1:f:up doris-2:M:up doris-3:f:DOWN]
18:12:35 #64 OK SELECT id=2670883 via doris-1 rows=10215 [doris-1:f:up doris-2:M:up doris-3:f:DOWN]
18:12:36 #65 OK DELETE id=2670883 via doris-1 rows=10213 [doris-1:f:up doris-2:M:up doris-3:f:DOWN]
18:12:37 #66 OK SELECT id=2670883 via doris-1 rows=10213 [doris-1:f:up doris-2:M:up doris-3:f:DOWN]
18:12:38 #67 OK INSERT id=2670884 via doris-1 rows=10215 [doris-1:f:up doris-2:M:up doris-3:f:DOWN]
18:12:39 #68 OK UPSERT id=2670884 via doris-1 rows=10215 [doris-1:f:up doris-2:M:up doris-3:f:DOWN]
18:12:41 #69 OK SELECT id=2670884 via doris-1 rows=10215 [doris-1:f:up doris-2:M:up doris-3:f:DOWN]
18:12:42 #70 OK DELETE id=2670884 via doris-1 rows=10213 [doris-1:f:up doris-2:M:up doris-3:f:DOWN]
18:12:43 #71 OK SELECT id=2670884 via doris-1 rows=10213 [doris-1:f:up doris-2:M:up doris-3:f:DOWN]
18:12:44 #72 OK INSERT id=2670885 via doris-1 rows=10215 [doris-1:f:up doris-2:M:up doris-3:f:DOWN]
18:12:45 #73 OK UPSERT id=2670885 via doris-1 rows=10215 [doris-1:f:up doris-2:M:up doris-3:f:DOWN]
18:12:46 #74 OK SELECT id=2670885 via doris-1 rows=10215 [doris-1:f:up doris-2:M:up doris-3:f:DOWN]
18:12:47 #75 OK DELETE id=2670885 via doris-1 rows=10213 [doris-1:f:up doris-2:M:up doris-3:f:DOWN]
18:12:48 #76 OK SELECT id=2670885 via doris-1 rows=10213 [doris-1:f:up doris-2:M:up doris-3:f:DOWN]
18:12:49 #77 OK INSERT id=2670886 via doris-1 rows=10215 [doris-1:f:up doris-2:M:up doris-3:f:DOWN]
18:12:50 #78 OK UPSERT id=2670886 via doris-1 rows=10215 [doris-1:f:up doris-2:M:up doris-3:f:DOWN]
18:12:51 #79 OK SELECT id=2670886 via doris-1 rows=10215 [doris-1:f:up doris-2:M:up doris-3:f:DOWN]
18:12:52 #80 OK DELETE id=2670886 via doris-1 rows=10213 [doris-1:f:up doris-2:M:up doris-3:f:DOWN]
18:12:53 #81 OK SELECT id=2670886 via doris-1 rows=10213 [doris-1:f:up doris-2:M:up doris-3:f:DOWN]
18:12:54 #82 OK INSERT id=2670887 via doris-1 rows=10215 [doris-1:f:up doris-2:M:up doris-3:f:DOWN]
18:12:55 #83 OK UPSERT id=2670887 via doris-1 rows=10215 [doris-1:f:up doris-2:M:up doris-3:f:DOWN]
18:12:56 #84 OK SELECT id=2670887 via doris-1 rows=10215 [doris-1:f:up doris-2:M:up doris-3:f:DOWN]
18:12:58 #85 OK DELETE id=2670887 via doris-1 rows=10213 [doris-1:f:up doris-2:M:up doris-3:f:DOWN]
18:12:59 #86 OK SELECT id=2670887 via doris-1 rows=10213 [doris-1:f:up doris-2:M:up doris-3:f:DOWN]
18:13:00 #87 OK INSERT id=2670888 via doris-1 rows=10215 [doris-1:f:up doris-2:M:up doris-3:f:DOWN]
18:13:01 #88 OK UPSERT id=2670888 via doris-1 rows=10215 [doris-1:f:up doris-2:M:up doris-3:f:DOWN]
18:13:02 #89 OK SELECT id=2670888 via doris-1 rows=10215 [doris-1:f:up doris-2:M:up doris-3:f:DOWN]
18:13:03 #90 OK DELETE id=2670888 via doris-1 rows=10213 [doris-1:f:up doris-2:M:up doris-3:f:DOWN]
18:13:04 #91 OK SELECT id=2670888 via doris-1 rows=10213 [doris-1:f:up doris-2:M:up doris-3:f:DOWN]
18:13:05 #92 OK INSERT id=2670889 via doris-1 rows=10215 [doris-1:f:up doris-2:M:up doris-3:f:DOWN]
18:13:06 #93 OK UPSERT id=2670889 via doris-1 rows=10215 [doris-1:f:up doris-2:M:up doris-3:f:DOWN]
18:13:07 #94 OK SELECT id=2670889 via doris-1 rows=10215 [doris-1:f:up doris-2:M:up doris-3:f:DOWN]
18:13:08 #95 OK DELETE id=2670889 via doris-1 rows=10213 [doris-1:f:up doris-2:M:up doris-3:f:DOWN]
18:13:09 #96 OK SELECT id=2670889 via doris-1 rows=10213 [doris-1:f:up doris-2:M:up doris-3:f:DOWN]
18:13:10 #97 OK INSERT id=2670890 via doris-1 rows=10215 [doris-1:f:up doris-2:M:up doris-3:f:DOWN]
18:13:11 #98 OK UPSERT id=2670890 via doris-1 rows=10215 [doris-1:f:up doris-2:M:up doris-3:f:DOWN]
18:13:12 #99 OK SELECT id=2670890 via doris-1 rows=10215 [doris-1:f:up doris-2:M:up doris-3:f:DOWN]
18:13:14 #100 OK DELETE id=2670890 via doris-1 rows=10213 [doris-1:f:up doris-2:M:up doris-3:f:DOWN]
18:13:15 #101 OK SELECT id=2670890 via doris-1 rows=10213 [doris-1:f:up doris-2:M:up doris-3:f:DOWN]
18:13:16 #102 OK INSERT id=2670891 via doris-1 rows=10215 [doris-1:f:up doris-2:M:up doris-3:f:DOWN]
18:13:17 #103 OK UPSERT id=2670891 via doris-1 rows=10215 [doris-1:f:up doris-2:M:up doris-3:f:DOWN]
18:13:18 #104 OK SELECT id=2670891 via doris-1 rows=10215 [doris-1:f:up doris-2:M:up doris-3:f:DOWN]
18:13:19 #105 OK DELETE id=2670891 via doris-1 rows=10213 [doris-1:f:up doris-2:M:up doris-3:f:DOWN]
18:13:20 #106 OK SELECT id=2670891 via doris-1 rows=10213 [doris-1:f:up doris-2:M:up doris-3:f:DOWN]
18:13:21 #107 OK INSERT id=2670892 via doris-1 rows=10215 [doris-1:f:up doris-2:M:up doris-3:f:DOWN]
18:13:22 #108 OK UPSERT id=2670892 via doris-1 rows=10215 [doris-1:f:up doris-2:M:up doris-3:f:DOWN]
18:13:23 #109 OK SELECT id=2670892 via doris-1 rows=10215 [doris-1:f:up doris-2:M:up doris-3:f:DOWN]
18:13:24 #110 OK DELETE id=2670892 via doris-1 rows=10213 [doris-1:f:up doris-2:M:up doris-3:f:DOWN]
18:13:25 #111 OK SELECT id=2670892 via doris-1 rows=10213 [doris-1:f:up doris-2:M:up doris-3:f:DOWN]
18:13:26 #112 OK INSERT id=2670893 via doris-1 rows=10215 [doris-1:f:up doris-2:M:up doris-3:f:DOWN]
18:13:27 #113 OK UPSERT id=2670893 via doris-1 rows=10215 [doris-1:f:up doris-2:M:up doris-3:f:DOWN]
18:13:28 #114 OK SELECT id=2670893 via doris-1 rows=10215 [doris-1:f:up doris-2:M:up doris-3:f:DOWN]
18:13:29 #115 OK DELETE id=2670893 via doris-1 rows=10213 [doris-1:f:up doris-2:M:up doris-3:f:DOWN]
18:13:30 #116 OK SELECT id=2670893 via doris-1 rows=10213 [doris-1:f:up doris-2:M:up doris-3:f:DOWN]
18:13:32 #117 OK INSERT id=2670894 via doris-1 rows=10215 [doris-1:f:up doris-2:M:up doris-3:f:DOWN]
18:13:33 #118 OK UPSERT id=2670894 via doris-1 rows=10215 [doris-1:f:up doris-2:M:up doris-3:f:DOWN]
18:13:34 #119 OK SELECT id=2670894 via doris-1 rows=10215 [doris-1:f:up doris-2:M:up doris-3:f:DOWN]
18:13:35 #120 OK DELETE id=2670894 via doris-1 rows=10213 [doris-1:f:up doris-2:M:up doris-3:f:DOWN]
18:13:36 #121 OK SELECT id=2670894 via doris-1 rows=10213 [doris-1:f:up doris-2:M:up doris-3:f:DOWN]
18:13:37 #122 OK INSERT id=2670895 via doris-1 rows=10215 [doris-1:f:up doris-2:M:up doris-3:f:DOWN]
18:13:38 #123 OK UPSERT id=2670895 via doris-1 rows=10215 [doris-1:f:up doris-2:M:up doris-3:f:DOWN]
18:13:39 #124 OK SELECT id=2670895 via doris-1 rows=10215 [doris-1:f:up doris-2:M:up doris-3:f:DOWN]
18:13:40 #125 OK DELETE id=2670895 via doris-1 rows=10213 [doris-1:f:up doris-2:M:up doris-3:f:DOWN]
18:13:41 #126 OK SELECT id=2670895 via doris-1 rows=10213 [doris-1:f:up doris-2:M:up doris-3:f:DOWN]
18:13:42 #127 OK INSERT id=2670896 via doris-1 rows=10215 [doris-1:f:up doris-2:M:up doris-3:f:DOWN]
18:13:43 #128 OK UPSERT id=2670896 via doris-1 rows=10215 [doris-1:f:up doris-2:M:up doris-3:f:DOWN]
18:13:44 #129 OK SELECT id=2670896 via doris-1 rows=10215 [doris-1:f:up doris-2:M:up doris-3:f:DOWN]
18:13:45 #130 OK DELETE id=2670896 via doris-1 rows=10213 [doris-1:f:up doris-2:M:up doris-3:f:DOWN]
18:13:46 #131 OK SELECT id=2670896 via doris-1 rows=10213 [doris-1:f:up doris-2:M:up doris-3:f:DOWN]
18:13:47 #132 OK INSERT id=2670897 via doris-1 rows=10215 [doris-1:f:up doris-2:M:up doris-3:f:DOWN]
18:13:49 #133 OK UPSERT id=2670897 via doris-1 rows=10215 [doris-1:f:up doris-2:M:up doris-3:f:DOWN]
18:13:50 #134 OK SELECT id=2670897 via doris-1 rows=10215 [doris-1:f:up doris-2:M:up doris-3:f:DOWN]
18:13:51 #135 OK DELETE id=2670897 via doris-1 rows=10213 [doris-1:f:up doris-2:M:up doris-3:f:DOWN]
18:13:52 #136 OK SELECT id=2670897 via doris-1 rows=10213 [doris-1:f:up doris-2:M:up doris-3:f:DOWN]
18:13:53 #137 OK INSERT id=2670898 via doris-1 rows=10215 [doris-1:f:up doris-2:M:up doris-3:f:DOWN]
18:13:54 #138 OK UPSERT id=2670898 via doris-1 rows=10215 [doris-1:f:up doris-2:M:up doris-3:f:DOWN]
18:13:55 #139 OK SELECT id=2670898 via doris-1 rows=10215 [doris-1:f:up doris-2:M:up doris-3:f:DOWN]
18:13:56 #140 OK DELETE id=2670898 via doris-1 rows=10213 [doris-1:f:up doris-2:M:up doris-3:f:DOWN]
18:13:57 #141 OK SELECT id=2670898 via doris-1 rows=10213 [doris-1:f:up doris-2:M:up doris-3:f:DOWN]
18:13:58 #142 OK INSERT id=2670899 via doris-1 rows=10215 [doris-1:f:up doris-2:M:up doris-3:f:DOWN]
18:13:59 #143 OK UPSERT id=2670899 via doris-1 rows=10215 [doris-1:f:up doris-2:M:up doris-3:f:DOWN]
18:14:00 #144 OK SELECT id=2670899 via doris-1 rows=10215 [doris-1:f:up doris-2:M:up doris-3:f:DOWN]
18:14:01 #145 OK DELETE id=2670899 via doris-1 rows=10213 [doris-1:f:up doris-2:M:up doris-3:f:DOWN]
18:14:02 #146 OK SELECT id=2670899 via doris-1 rows=10213 [doris-1:f:up doris-2:M:up doris-3:f:DOWN]
18:14:03 #147 OK INSERT id=2670900 via doris-1 rows=10215 [doris-1:f:up doris-2:M:up doris-3:f:DOWN]
18:14:04 EVENT restore: start doris-3
18:14:04 #148 OK UPSERT id=2670900 via doris-1 rows=10215 [doris-1:f:up doris-2:M:up doris-3:f:DOWN]
18:14:05 #149 OK SELECT id=2670900 via doris-1 rows=10215 [doris-1:f:up doris-2:M:up doris-3:f:DOWN]
18:14:07 #150 OK DELETE id=2670900 via doris-1 rows=10213 [doris-1:f:up doris-2:M:up doris-3:f:DOWN]
18:14:08 #151 OK SELECT id=2670900 via doris-1 rows=10213 [doris-1:f:up doris-2:M:up doris-3:f:DOWN]
18:14:09 #152 OK INSERT id=2670901 via doris-1 rows=10215 [doris-1:f:up doris-2:M:up doris-3:f:DOWN]
18:14:10 #153 OK UPSERT id=2670901 via doris-1 rows=10215 [doris-1:f:up doris-2:M:up doris-3:f:DOWN]
18:14:11 #154 OK SELECT id=2670901 via doris-1 rows=10215 [doris-1:f:up doris-2:M:up doris-3:f:DOWN]
18:14:12 #155 OK DELETE id=2670901 via doris-1 rows=10213 [doris-1:f:up doris-2:M:up doris-3:f:DOWN]
18:14:13 #156 OK SELECT id=2670901 via doris-1 rows=10213 [doris-1:f:up doris-2:M:up doris-3:f:DOWN]
18:14:14 #157 OK INSERT id=2670902 via doris-1 rows=10215 [doris-1:f:up doris-2:M:up doris-3:f:DOWN]
18:14:15 #158 OK UPSERT id=2670902 via doris-1 rows=10215 [doris-1:f:up doris-2:M:up doris-3:f:DOWN]
18:14:16 #159 OK SELECT id=2670902 via doris-1 rows=10215 [doris-1:f:up doris-2:M:up doris-3:f:DOWN]
18:14:17 #160 OK DELETE id=2670902 via doris-1 rows=10213 [doris-1:f:up doris-2:M:up doris-3:f:DOWN]
18:14:18 #161 OK SELECT id=2670902 via doris-1 rows=10213 [doris-1:f:up doris-2:M:up doris-3:f:DOWN]
18:14:19 #162 OK INSERT id=2670903 via doris-1 rows=10215 [doris-1:f:up doris-2:M:up doris-3:f:DOWN]
18:14:20 #163 OK UPSERT id=2670903 via doris-1 rows=10215 [doris-1:f:up doris-2:M:up doris-3:f:DOWN]
18:14:21 #164 OK SELECT id=2670903 via doris-1 rows=10215 [doris-1:f:up doris-2:M:up doris-3:f:DOWN]
18:14:22 #165 OK DELETE id=2670903 via doris-1 rows=10213 [doris-1:f:up doris-2:M:up doris-3:f:DOWN]
18:14:23 #166 OK SELECT id=2670903 via doris-1 rows=10213 [doris-1:f:up doris-2:M:up doris-3:f:DOWN]
18:14:25 #167 OK INSERT id=2670904 via doris-1 rows=10215 [doris-1:f:up doris-2:M:up doris-3:f:DOWN]
18:14:26 #168 OK UPSERT id=2670904 via doris-1 rows=10215 [doris-1:f:up doris-2:M:up doris-3:f:DOWN]
18:14:27 #169 OK SELECT id=2670904 via doris-1 rows=10215 [doris-1:f:up doris-2:M:up doris-3:f:DOWN]
18:14:28 #170 OK DELETE id=2670904 via doris-1 rows=10213 [doris-1:f:up doris-2:M:up doris-3:f:DOWN]
18:14:29 #171 OK SELECT id=2670904 via doris-1 rows=10213 [doris-1:f:up doris-2:M:up doris-3:f:DOWN]
18:14:30 #172 OK INSERT id=2670905 via doris-1 rows=10215 [doris-1:f:up doris-2:M:up doris-3:f:DOWN]
18:14:31 #173 OK UPSERT id=2670905 via doris-1 rows=10215 [doris-1:f:up doris-2:M:up doris-3:f:DOWN]
18:14:32 #174 OK SELECT id=2670905 via doris-1 rows=10215 [doris-1:f:up doris-2:M:up doris-3:f:DOWN]
18:14:33 #175 OK DELETE id=2670905 via doris-1 rows=10213 [doris-1:f:up doris-2:M:up doris-3:f:up]
18:14:34 #176 OK SELECT id=2670905 via doris-1 rows=10213 [doris-1:f:up doris-2:M:up doris-3:f:up]
18:14:35 #177 OK INSERT id=2670906 via doris-1 rows=10215 [doris-1:f:up doris-2:M:up doris-3:f:up]
18:14:36 #178 OK UPSERT id=2670906 via doris-1 rows=10215 [doris-1:f:up doris-2:M:up doris-3:f:up]
18:14:37 #179 OK SELECT id=2670906 via doris-1 rows=10215 [doris-1:f:up doris-2:M:up doris-3:f:up]
18:14:38 #180 OK DELETE id=2670906 via doris-1 rows=10213 [doris-1:f:up doris-2:M:up doris-3:f:up]
18:14:39 #181 OK SELECT id=2670906 via doris-1 rows=10213 [doris-1:f:up doris-2:M:up doris-3:f:up]
18:14:40 #182 OK INSERT id=2670907 via doris-1 rows=10215 [doris-1:f:up doris-2:M:up doris-3:f:up]
18:14:42 #183 OK UPSERT id=2670907 via doris-1 rows=10215 [doris-1:f:up doris-2:M:up doris-3:f:up]
18:14:43 #184 OK SELECT id=2670907 via doris-1 rows=10215 [doris-1:f:up doris-2:M:up doris-3:f:up]
18:14:44 #185 OK DELETE id=2670907 via doris-1 rows=10213 [doris-1:f:up doris-2:M:up doris-3:f:up]
18:14:45 #186 OK SELECT id=2670907 via doris-1 rows=10213 [doris-1:f:up doris-2:M:up doris-3:f:up]
18:14:46 #187 OK INSERT id=2670908 via doris-1 rows=10215 [doris-1:f:up doris-2:M:up doris-3:f:up]
18:14:47 #188 OK UPSERT id=2670908 via doris-1 rows=10215 [doris-1:f:up doris-2:M:up doris-3:f:up]
18:14:48 #189 OK SELECT id=2670908 via doris-1 rows=10215 [doris-1:f:up doris-2:M:up doris-3:f:up]
18:14:48 EVENT restore: cluster healthy
18:14:49 #190 OK DELETE id=2670908 via doris-1 rows=10213 [doris-1:f:up doris-2:M:up doris-3:f:up]
18:14:50 #191 OK SELECT id=2670908 via doris-1 rows=10213 [doris-1:f:up doris-2:M:up doris-3:f:up]
18:14:51 #192 OK INSERT id=2670909 via doris-1 rows=10215 [doris-1:f:up doris-2:M:up doris-3:f:up]
18:14:52 #193 OK UPSERT id=2670909 via doris-1 rows=10215 [doris-1:f:up doris-2:M:up doris-3:f:up]
18:14:53 #194 OK SELECT id=2670909 via doris-1 rows=10215 [doris-1:f:up doris-2:M:up doris-3:f:up]
18:14:54 #195 OK DELETE id=2670909 via doris-1 rows=10213 [doris-1:f:up doris-2:M:up doris-3:f:up]
18:14:55 #196 OK SELECT id=2670909 via doris-1 rows=10213 [doris-1:f:up doris-2:M:up doris-3:f:up]
18:14:57 #197 OK INSERT id=2670910 via doris-1 rows=10215 [doris-1:f:up doris-2:M:up doris-3:f:up]
18:14:58 #198 OK UPSERT id=2670910 via doris-1 rows=10215 [doris-1:f:up doris-2:M:up doris-3:f:up]
18:14:59 #199 OK SELECT id=2670910 via doris-1 rows=10215 [doris-1:f:up doris-2:M:up doris-3:f:up]
18:15:00 #200 OK DELETE id=2670910 via doris-1 rows=10213 [doris-1:f:up doris-2:M:up doris-3:f:up]
18:15:01 #201 OK SELECT id=2670910 via doris-1 rows=10213 [doris-1:f:up doris-2:M:up doris-3:f:up]
18:15:02 #202 OK INSERT id=2670911 via doris-1 rows=10215 [doris-1:f:up doris-2:M:up doris-3:f:up]
18:15:03 #203 OK UPSERT id=2670911 via doris-1 rows=10215 [doris-1:f:up doris-2:M:up doris-3:f:up]
18:15:04 #204 OK SELECT id=2670911 via doris-1 rows=10215 [doris-1:f:up doris-2:M:up doris-3:f:up]
18:15:05 #205 OK DELETE id=2670911 via doris-1 rows=10213 [doris-1:f:up doris-2:M:up doris-3:f:up]
18:15:06 #206 OK SELECT id=2670911 via doris-1 rows=10213 [doris-1:f:up doris-2:M:up doris-3:f:up]
18:15:07 #207 OK INSERT id=2670912 via doris-1 rows=10215 [doris-1:f:up doris-2:M:up doris-3:f:up]
18:15:08 #208 OK UPSERT id=2670912 via doris-1 rows=10215 [doris-1:f:up doris-2:M:up doris-3:f:up]
18:15:09 #209 OK SELECT id=2670912 via doris-1 rows=10215 [doris-1:f:up doris-2:M:up doris-3:f:up]
18:15:10 #210 OK DELETE id=2670912 via doris-1 rows=10213 [doris-1:f:up doris-2:M:up doris-3:f:up]
18:15:11 #211 OK SELECT id=2670912 via doris-1 rows=10213 [doris-1:f:up doris-2:M:up doris-3:f:up]
18:15:12 #212 OK INSERT id=2670913 via doris-1 rows=10215 [doris-1:f:up doris-2:M:up doris-3:f:up]
18:15:13 #213 OK UPSERT id=2670913 via doris-1 rows=10215 [doris-1:f:up doris-2:M:up doris-3:f:up]
18:15:15 #214 OK SELECT id=2670913 via doris-1 rows=10215 [doris-1:f:up doris-2:M:up doris-3:f:up]
18:15:16 #215 OK DELETE id=2670913 via doris-1 rows=10213 [doris-1:f:up doris-2:M:up doris-3:f:up]
18:15:17 #216 OK SELECT id=2670913 via doris-1 rows=10213 [doris-1:f:up doris-2:M:up doris-3:f:up]
