18:11:27 PROBE start proto=mysql hosts=doris-1,doris-2,doris-3 duration=86400s cycle=INSERT>UPSERT>SELECT>DELETE>SELECT
18:11:27 connected to doris-1 (10.140.0.2)
18:11:27 #1 OK INSERT id=1670870 via doris-1 rows=10214 [doris-1:f:up doris-2:f:up doris-3:M:up]
18:11:28 #2 OK UPSERT id=1670870 via doris-1 rows=10215 [doris-1:f:up doris-2:f:up doris-3:M:up]
18:11:29 #3 OK SELECT id=1670870 via doris-1 rows=10215 [doris-1:f:up doris-2:f:up doris-3:M:up]
18:11:30 #4 OK DELETE id=1670870 via doris-1 rows=10214 [doris-1:f:up doris-2:f:up doris-3:M:up]
18:11:32 #5 OK SELECT id=1670870 via doris-1 rows=10213 [doris-1:f:up doris-2:f:up doris-3:M:up]
18:11:33 #6 OK INSERT id=1670871 via doris-1 rows=10214 [doris-1:f:up doris-2:f:up doris-3:M:up]
18:11:34 #7 OK UPSERT id=1670871 via doris-1 rows=10215 [doris-1:f:up doris-2:f:up doris-3:M:up]
18:11:35 #8 OK SELECT id=1670871 via doris-1 rows=10215 [doris-1:f:up doris-2:f:up doris-3:M:up]
18:11:36 #9 OK DELETE id=1670871 via doris-1 rows=10214 [doris-1:f:up doris-2:f:up doris-3:M:up]
18:11:37 #10 OK SELECT id=1670871 via doris-1 rows=10213 [doris-1:f:up doris-2:f:up doris-3:M:up]
18:11:38 #11 OK INSERT id=1670872 via doris-1 rows=10214 [doris-1:f:up doris-2:f:up doris-3:M:up]
18:11:39 #12 OK UPSERT id=1670872 via doris-1 rows=10215 [doris-1:f:up doris-2:f:up doris-3:M:up]
18:11:40 #13 OK SELECT id=1670872 via doris-1 rows=10215 [doris-1:f:up doris-2:f:up doris-3:M:up]
18:11:41 #14 OK DELETE id=1670872 via doris-1 rows=10214 [doris-1:f:up doris-2:f:up doris-3:M:up]
18:11:42 #15 OK SELECT id=1670872 via doris-1 rows=10213 [doris-1:f:up doris-2:f:up doris-3:M:up]
18:11:43 #16 OK INSERT id=1670873 via doris-1 rows=10214 [doris-1:f:up doris-2:f:up doris-3:M:up]
18:11:44 #17 OK UPSERT id=1670873 via doris-1 rows=10215 [doris-1:f:up doris-2:f:up doris-3:M:up]
18:11:45 #18 OK SELECT id=1670873 via doris-1 rows=10215 [doris-1:f:up doris-2:f:up doris-3:M:up]
18:11:46 #19 OK DELETE id=1670873 via doris-1 rows=10214 [doris-1:f:up doris-2:f:up doris-3:M:up]
18:11:47 #20 OK SELECT id=1670873 via doris-1 rows=10213 [doris-1:f:up doris-2:f:up doris-3:M:up]
18:11:48 #21 OK INSERT id=1670874 via doris-1 rows=10214 [doris-1:f:up doris-2:f:up doris-3:M:up]
18:11:49 #22 OK UPSERT id=1670874 via doris-1 rows=10215 [doris-1:f:up doris-2:f:up doris-3:M:up]
18:11:51 #23 OK SELECT id=1670874 via doris-1 rows=10215 [doris-1:f:up doris-2:f:up doris-3:M:up]
18:11:52 #24 OK DELETE id=1670874 via doris-1 rows=10214 [doris-1:f:up doris-2:f:up doris-3:M:up]
18:11:53 #25 OK SELECT id=1670874 via doris-1 rows=10213 [doris-1:f:up doris-2:f:up doris-3:M:up]
18:11:54 #26 OK INSERT id=1670875 via doris-1 rows=10214 [doris-1:f:up doris-2:f:up doris-3:M:up]
18:11:55 #27 OK UPSERT id=1670875 via doris-1 rows=10215 [doris-1:f:up doris-2:f:up doris-3:M:up]
18:11:56 #28 OK SELECT id=1670875 via doris-1 rows=10215 [doris-1:f:up doris-2:f:up doris-3:M:up]
18:11:57 #29 OK DELETE id=1670875 via doris-1 rows=10214 [doris-1:f:up doris-2:f:up doris-3:M:up]
18:11:58 #30 OK SELECT id=1670875 via doris-1 rows=10213 [doris-1:f:up doris-2:f:up doris-3:M:up]
18:11:59 #31 OK INSERT id=1670876 via doris-1 rows=10214 [doris-1:f:up doris-2:f:up doris-3:M:up]
18:12:00 #32 OK UPSERT id=1670876 via doris-1 rows=10215 [doris-1:f:up doris-2:f:up doris-3:M:up]
18:12:01 #33 OK SELECT id=1670876 via doris-1 rows=10215 [doris-1:f:up doris-2:f:up doris-3:M:up]
18:12:01 EVENT break: vm stop on doris-3 (FE master)
18:12:02 #34 OK DELETE id=1670876 via doris-1 rows=10214 [doris-1:f:up doris-2:f:up doris-3:M:up]
18:12:03 #35 OK SELECT id=1670876 via doris-1 rows=10213 [doris-1:f:up doris-2:f:up doris-3:M:up]
18:12:04 #36 FAIL INSERT id=1670877 via doris-1: OperationalError: (1105, 'ForwardToMasterException, msg: forward to master FE TNetworkAddress(hostname:10.140.0.4, port:9020), s
18:12:04 #36 FAIL SELECT(check) id=1 via doris-1: OperationalError: (1105, 'RpcException, msg: send fragments failed. io.grpc.StatusRuntimeException: UNAVAILA
18:12:05 connected to doris-1 (10.140.0.2)
18:12:06 #37 OK INSERT id=1670878 via doris-1 rows=10214 [doris-1:f:up doris-2:M:up doris-3:f:DOWN] (recovered)
18:12:07 #38 OK UPSERT id=1670878 via doris-1 rows=10215 [doris-1:f:up doris-2:M:up doris-3:f:DOWN]
18:12:08 #39 OK SELECT id=1670878 via doris-1 rows=10215 [doris-1:f:up doris-2:M:up doris-3:f:DOWN]
18:12:09 #40 OK DELETE id=1670878 via doris-1 rows=10214 [doris-1:f:up doris-2:M:up doris-3:f:DOWN]
18:12:10 #41 OK SELECT id=1670878 via doris-1 rows=10213 [doris-1:f:up doris-2:M:up doris-3:f:DOWN]
18:12:11 #42 OK INSERT id=1670879 via doris-1 rows=10214 [doris-1:f:up doris-2:M:up doris-3:f:DOWN]
18:12:12 #43 OK UPSERT id=1670879 via doris-1 rows=10215 [doris-1:f:up doris-2:M:up doris-3:f:DOWN]
18:12:13 #44 OK SELECT id=1670879 via doris-1 rows=10215 [doris-1:f:up doris-2:M:up doris-3:f:DOWN]
18:12:15 #45 OK DELETE id=1670879 via doris-1 rows=10214 [doris-1:f:up doris-2:M:up doris-3:f:DOWN]
18:12:16 #46 OK SELECT id=1670879 via doris-1 rows=10213 [doris-1:f:up doris-2:M:up doris-3:f:DOWN]
18:12:17 #47 OK INSERT id=1670880 via doris-1 rows=10214 [doris-1:f:up doris-2:M:up doris-3:f:DOWN]
18:12:18 #48 OK UPSERT id=1670880 via doris-1 rows=10215 [doris-1:f:up doris-2:M:up doris-3:f:DOWN]
18:12:19 #49 OK SELECT id=1670880 via doris-1 rows=10215 [doris-1:f:up doris-2:M:up doris-3:f:DOWN]
18:12:20 #50 OK DELETE id=1670880 via doris-1 rows=10214 [doris-1:f:up doris-2:M:up doris-3:f:DOWN]
18:12:21 #51 OK SELECT id=1670880 via doris-1 rows=10213 [doris-1:f:up doris-2:M:up doris-3:f:DOWN]
18:12:22 #52 OK INSERT id=1670881 via doris-1 rows=10214 [doris-1:f:up doris-2:M:up doris-3:f:DOWN]
18:12:23 #53 OK UPSERT id=1670881 via doris-1 rows=10215 [doris-1:f:up doris-2:M:up doris-3:f:DOWN]
18:12:24 #54 OK SELECT id=1670881 via doris-1 rows=10215 [doris-1:f:up doris-2:M:up doris-3:f:DOWN]
18:12:25 EVENT break: doris-3 is down
18:12:25 #55 OK DELETE id=1670881 via doris-1 rows=10214 [doris-1:f:up doris-2:M:up doris-3:f:DOWN]
18:12:26 #56 OK SELECT id=1670881 via doris-1 rows=10213 [doris-1:f:up doris-2:M:up doris-3:f:DOWN]
18:12:27 #57 OK INSERT id=1670882 via doris-1 rows=10214 [doris-1:f:up doris-2:M:up doris-3:f:DOWN]
18:12:28 #58 OK UPSERT id=1670882 via doris-1 rows=10215 [doris-1:f:up doris-2:M:up doris-3:f:DOWN]
18:12:30 #59 OK SELECT id=1670882 via doris-1 rows=10215 [doris-1:f:up doris-2:M:up doris-3:f:DOWN]
18:12:31 #60 OK DELETE id=1670882 via doris-1 rows=10214 [doris-1:f:up doris-2:M:up doris-3:f:DOWN]
18:12:32 #61 OK SELECT id=1670882 via doris-1 rows=10213 [doris-1:f:up doris-2:M:up doris-3:f:DOWN]
18:12:33 #62 OK INSERT id=1670883 via doris-1 rows=10214 [doris-1:f:up doris-2:M:up doris-3:f:DOWN]
18:12:34 #63 OK UPSERT id=1670883 via doris-1 rows=10215 [doris-1:f:up doris-2:M:up doris-3:f:DOWN]
18:12:35 #64 OK SELECT id=1670883 via doris-1 rows=10215 [doris-1:f:up doris-2:M:up doris-3:f:DOWN]
18:12:36 #65 OK DELETE id=1670883 via doris-1 rows=10214 [doris-1:f:up doris-2:M:up doris-3:f:DOWN]
18:12:37 #66 OK SELECT id=1670883 via doris-1 rows=10213 [doris-1:f:up doris-2:M:up doris-3:f:DOWN]
18:12:38 #67 OK INSERT id=1670884 via doris-1 rows=10214 [doris-1:f:up doris-2:M:up doris-3:f:DOWN]
18:12:39 #68 OK UPSERT id=1670884 via doris-1 rows=10215 [doris-1:f:up doris-2:M:up doris-3:f:DOWN]
18:12:40 #69 OK SELECT id=1670884 via doris-1 rows=10215 [doris-1:f:up doris-2:M:up doris-3:f:DOWN]
18:12:41 #70 OK DELETE id=1670884 via doris-1 rows=10214 [doris-1:f:up doris-2:M:up doris-3:f:DOWN]
18:12:42 #71 OK SELECT id=1670884 via doris-1 rows=10213 [doris-1:f:up doris-2:M:up doris-3:f:DOWN]
18:12:43 #72 OK INSERT id=1670885 via doris-1 rows=10214 [doris-1:f:up doris-2:M:up doris-3:f:DOWN]
18:12:44 #73 OK UPSERT id=1670885 via doris-1 rows=10215 [doris-1:f:up doris-2:M:up doris-3:f:DOWN]
18:12:45 #74 OK SELECT id=1670885 via doris-1 rows=10215 [doris-1:f:up doris-2:M:up doris-3:f:DOWN]
18:12:47 #75 OK DELETE id=1670885 via doris-1 rows=10214 [doris-1:f:up doris-2:M:up doris-3:f:DOWN]
18:12:48 #76 OK SELECT id=1670885 via doris-1 rows=10213 [doris-1:f:up doris-2:M:up doris-3:f:DOWN]
18:12:49 #77 OK INSERT id=1670886 via doris-1 rows=10214 [doris-1:f:up doris-2:M:up doris-3:f:DOWN]
18:12:50 #78 OK UPSERT id=1670886 via doris-1 rows=10215 [doris-1:f:up doris-2:M:up doris-3:f:DOWN]
18:12:51 #79 OK SELECT id=1670886 via doris-1 rows=10215 [doris-1:f:up doris-2:M:up doris-3:f:DOWN]
18:12:52 #80 OK DELETE id=1670886 via doris-1 rows=10214 [doris-1:f:up doris-2:M:up doris-3:f:DOWN]
18:12:53 #81 OK SELECT id=1670886 via doris-1 rows=10213 [doris-1:f:up doris-2:M:up doris-3:f:DOWN]
18:12:54 #82 OK INSERT id=1670887 via doris-1 rows=10214 [doris-1:f:up doris-2:M:up doris-3:f:DOWN]
18:12:55 #83 OK UPSERT id=1670887 via doris-1 rows=10215 [doris-1:f:up doris-2:M:up doris-3:f:DOWN]
18:12:56 #84 OK SELECT id=1670887 via doris-1 rows=10215 [doris-1:f:up doris-2:M:up doris-3:f:DOWN]
18:12:57 #85 OK DELETE id=1670887 via doris-1 rows=10214 [doris-1:f:up doris-2:M:up doris-3:f:DOWN]
18:12:58 #86 OK SELECT id=1670887 via doris-1 rows=10213 [doris-1:f:up doris-2:M:up doris-3:f:DOWN]
18:12:59 #87 OK INSERT id=1670888 via doris-1 rows=10214 [doris-1:f:up doris-2:M:up doris-3:f:DOWN]
18:13:00 #88 OK UPSERT id=1670888 via doris-1 rows=10215 [doris-1:f:up doris-2:M:up doris-3:f:DOWN]
18:13:01 #89 OK SELECT id=1670888 via doris-1 rows=10215 [doris-1:f:up doris-2:M:up doris-3:f:DOWN]
18:13:03 #90 OK DELETE id=1670888 via doris-1 rows=10214 [doris-1:f:up doris-2:M:up doris-3:f:DOWN]
18:13:04 #91 OK SELECT id=1670888 via doris-1 rows=10213 [doris-1:f:up doris-2:M:up doris-3:f:DOWN]
18:13:05 #92 OK INSERT id=1670889 via doris-1 rows=10214 [doris-1:f:up doris-2:M:up doris-3:f:DOWN]
18:13:06 #93 OK UPSERT id=1670889 via doris-1 rows=10215 [doris-1:f:up doris-2:M:up doris-3:f:DOWN]
18:13:07 #94 OK SELECT id=1670889 via doris-1 rows=10215 [doris-1:f:up doris-2:M:up doris-3:f:DOWN]
18:13:08 #95 OK DELETE id=1670889 via doris-1 rows=10214 [doris-1:f:up doris-2:M:up doris-3:f:DOWN]
18:13:09 #96 OK SELECT id=1670889 via doris-1 rows=10213 [doris-1:f:up doris-2:M:up doris-3:f:DOWN]
18:13:10 #97 OK INSERT id=1670890 via doris-1 rows=10214 [doris-1:f:up doris-2:M:up doris-3:f:DOWN]
18:13:11 #98 OK UPSERT id=1670890 via doris-1 rows=10215 [doris-1:f:up doris-2:M:up doris-3:f:DOWN]
18:13:12 #99 OK SELECT id=1670890 via doris-1 rows=10215 [doris-1:f:up doris-2:M:up doris-3:f:DOWN]
18:13:13 #100 OK DELETE id=1670890 via doris-1 rows=10214 [doris-1:f:up doris-2:M:up doris-3:f:DOWN]
18:13:14 #101 OK SELECT id=1670890 via doris-1 rows=10213 [doris-1:f:up doris-2:M:up doris-3:f:DOWN]
18:13:15 #102 OK INSERT id=1670891 via doris-1 rows=10214 [doris-1:f:up doris-2:M:up doris-3:f:DOWN]
18:13:16 #103 OK UPSERT id=1670891 via doris-1 rows=10215 [doris-1:f:up doris-2:M:up doris-3:f:DOWN]
18:13:17 #104 OK SELECT id=1670891 via doris-1 rows=10215 [doris-1:f:up doris-2:M:up doris-3:f:DOWN]
18:13:18 #105 OK DELETE id=1670891 via doris-1 rows=10214 [doris-1:f:up doris-2:M:up doris-3:f:DOWN]
18:13:20 #106 OK SELECT id=1670891 via doris-1 rows=10213 [doris-1:f:up doris-2:M:up doris-3:f:DOWN]
18:13:21 #107 OK INSERT id=1670892 via doris-1 rows=10214 [doris-1:f:up doris-2:M:up doris-3:f:DOWN]
18:13:22 #108 OK UPSERT id=1670892 via doris-1 rows=10215 [doris-1:f:up doris-2:M:up doris-3:f:DOWN]
18:13:23 #109 OK SELECT id=1670892 via doris-1 rows=10215 [doris-1:f:up doris-2:M:up doris-3:f:DOWN]
18:13:24 #110 OK DELETE id=1670892 via doris-1 rows=10214 [doris-1:f:up doris-2:M:up doris-3:f:DOWN]
18:13:25 #111 OK SELECT id=1670892 via doris-1 rows=10213 [doris-1:f:up doris-2:M:up doris-3:f:DOWN]
18:13:26 #112 OK INSERT id=1670893 via doris-1 rows=10214 [doris-1:f:up doris-2:M:up doris-3:f:DOWN]
18:13:27 #113 OK UPSERT id=1670893 via doris-1 rows=10215 [doris-1:f:up doris-2:M:up doris-3:f:DOWN]
18:13:28 #114 OK SELECT id=1670893 via doris-1 rows=10215 [doris-1:f:up doris-2:M:up doris-3:f:DOWN]
18:13:29 #115 OK DELETE id=1670893 via doris-1 rows=10214 [doris-1:f:up doris-2:M:up doris-3:f:DOWN]
18:13:30 #116 OK SELECT id=1670893 via doris-1 rows=10213 [doris-1:f:up doris-2:M:up doris-3:f:DOWN]
18:13:31 #117 OK INSERT id=1670894 via doris-1 rows=10214 [doris-1:f:up doris-2:M:up doris-3:f:DOWN]
18:13:32 #118 OK UPSERT id=1670894 via doris-1 rows=10215 [doris-1:f:up doris-2:M:up doris-3:f:DOWN]
18:13:33 #119 OK SELECT id=1670894 via doris-1 rows=10215 [doris-1:f:up doris-2:M:up doris-3:f:DOWN]
18:13:34 #120 OK DELETE id=1670894 via doris-1 rows=10214 [doris-1:f:up doris-2:M:up doris-3:f:DOWN]
18:13:35 #121 OK SELECT id=1670894 via doris-1 rows=10213 [doris-1:f:up doris-2:M:up doris-3:f:DOWN]
18:13:37 #122 OK INSERT id=1670895 via doris-1 rows=10214 [doris-1:f:up doris-2:M:up doris-3:f:DOWN]
18:13:38 #123 OK UPSERT id=1670895 via doris-1 rows=10215 [doris-1:f:up doris-2:M:up doris-3:f:DOWN]
18:13:39 #124 OK SELECT id=1670895 via doris-1 rows=10215 [doris-1:f:up doris-2:M:up doris-3:f:DOWN]
18:13:40 #125 OK DELETE id=1670895 via doris-1 rows=10214 [doris-1:f:up doris-2:M:up doris-3:f:DOWN]
18:13:41 #126 OK SELECT id=1670895 via doris-1 rows=10213 [doris-1:f:up doris-2:M:up doris-3:f:DOWN]
18:13:42 #127 OK INSERT id=1670896 via doris-1 rows=10214 [doris-1:f:up doris-2:M:up doris-3:f:DOWN]
18:13:43 #128 OK UPSERT id=1670896 via doris-1 rows=10215 [doris-1:f:up doris-2:M:up doris-3:f:DOWN]
18:13:44 #129 OK SELECT id=1670896 via doris-1 rows=10215 [doris-1:f:up doris-2:M:up doris-3:f:DOWN]
18:13:45 #130 OK DELETE id=1670896 via doris-1 rows=10214 [doris-1:f:up doris-2:M:up doris-3:f:DOWN]
18:13:46 #131 OK SELECT id=1670896 via doris-1 rows=10213 [doris-1:f:up doris-2:M:up doris-3:f:DOWN]
18:13:47 #132 OK INSERT id=1670897 via doris-1 rows=10214 [doris-1:f:up doris-2:M:up doris-3:f:DOWN]
18:13:48 #133 OK UPSERT id=1670897 via doris-1 rows=10215 [doris-1:f:up doris-2:M:up doris-3:f:DOWN]
18:13:49 #134 OK SELECT id=1670897 via doris-1 rows=10215 [doris-1:f:up doris-2:M:up doris-3:f:DOWN]
18:13:50 #135 OK DELETE id=1670897 via doris-1 rows=10214 [doris-1:f:up doris-2:M:up doris-3:f:DOWN]
18:13:51 #136 OK SELECT id=1670897 via doris-1 rows=10213 [doris-1:f:up doris-2:M:up doris-3:f:DOWN]
18:13:52 #137 OK INSERT id=1670898 via doris-1 rows=10214 [doris-1:f:up doris-2:M:up doris-3:f:DOWN]
18:13:53 #138 OK UPSERT id=1670898 via doris-1 rows=10215 [doris-1:f:up doris-2:M:up doris-3:f:DOWN]
18:13:54 #139 OK SELECT id=1670898 via doris-1 rows=10215 [doris-1:f:up doris-2:M:up doris-3:f:DOWN]
18:13:56 #140 OK DELETE id=1670898 via doris-1 rows=10214 [doris-1:f:up doris-2:M:up doris-3:f:DOWN]
18:13:57 #141 OK SELECT id=1670898 via doris-1 rows=10213 [doris-1:f:up doris-2:M:up doris-3:f:DOWN]
18:13:58 #142 OK INSERT id=1670899 via doris-1 rows=10214 [doris-1:f:up doris-2:M:up doris-3:f:DOWN]
18:13:59 #143 OK UPSERT id=1670899 via doris-1 rows=10215 [doris-1:f:up doris-2:M:up doris-3:f:DOWN]
18:14:00 #144 OK SELECT id=1670899 via doris-1 rows=10215 [doris-1:f:up doris-2:M:up doris-3:f:DOWN]
18:14:01 #145 OK DELETE id=1670899 via doris-1 rows=10214 [doris-1:f:up doris-2:M:up doris-3:f:DOWN]
18:14:02 #146 OK SELECT id=1670899 via doris-1 rows=10213 [doris-1:f:up doris-2:M:up doris-3:f:DOWN]
18:14:03 #147 OK INSERT id=1670900 via doris-1 rows=10214 [doris-1:f:up doris-2:M:up doris-3:f:DOWN]
18:14:04 EVENT restore: start doris-3
18:14:04 #148 OK UPSERT id=1670900 via doris-1 rows=10215 [doris-1:f:up doris-2:M:up doris-3:f:DOWN]
18:14:05 #149 OK SELECT id=1670900 via doris-1 rows=10215 [doris-1:f:up doris-2:M:up doris-3:f:DOWN]
18:14:06 #150 OK DELETE id=1670900 via doris-1 rows=10214 [doris-1:f:up doris-2:M:up doris-3:f:DOWN]
18:14:07 #151 OK SELECT id=1670900 via doris-1 rows=10213 [doris-1:f:up doris-2:M:up doris-3:f:DOWN]
18:14:08 #152 OK INSERT id=1670901 via doris-1 rows=10214 [doris-1:f:up doris-2:M:up doris-3:f:DOWN]
18:14:09 #153 OK UPSERT id=1670901 via doris-1 rows=10215 [doris-1:f:up doris-2:M:up doris-3:f:DOWN]
18:14:10 #154 OK SELECT id=1670901 via doris-1 rows=10215 [doris-1:f:up doris-2:M:up doris-3:f:DOWN]
18:14:11 #155 OK DELETE id=1670901 via doris-1 rows=10214 [doris-1:f:up doris-2:M:up doris-3:f:DOWN]
18:14:12 #156 OK SELECT id=1670901 via doris-1 rows=10213 [doris-1:f:up doris-2:M:up doris-3:f:DOWN]
18:14:14 #157 OK INSERT id=1670902 via doris-1 rows=10214 [doris-1:f:up doris-2:M:up doris-3:f:DOWN]
18:14:15 #158 OK UPSERT id=1670902 via doris-1 rows=10215 [doris-1:f:up doris-2:M:up doris-3:f:DOWN]
18:14:16 #159 OK SELECT id=1670902 via doris-1 rows=10215 [doris-1:f:up doris-2:M:up doris-3:f:DOWN]
18:14:17 #160 OK DELETE id=1670902 via doris-1 rows=10214 [doris-1:f:up doris-2:M:up doris-3:f:DOWN]
18:14:18 #161 OK SELECT id=1670902 via doris-1 rows=10213 [doris-1:f:up doris-2:M:up doris-3:f:DOWN]
18:14:19 #162 OK INSERT id=1670903 via doris-1 rows=10214 [doris-1:f:up doris-2:M:up doris-3:f:DOWN]
18:14:20 #163 OK UPSERT id=1670903 via doris-1 rows=10215 [doris-1:f:up doris-2:M:up doris-3:f:DOWN]
18:14:21 #164 OK SELECT id=1670903 via doris-1 rows=10215 [doris-1:f:up doris-2:M:up doris-3:f:DOWN]
18:14:22 #165 OK DELETE id=1670903 via doris-1 rows=10214 [doris-1:f:up doris-2:M:up doris-3:f:DOWN]
18:14:23 #166 OK SELECT id=1670903 via doris-1 rows=10213 [doris-1:f:up doris-2:M:up doris-3:f:DOWN]
18:14:24 #167 OK INSERT id=1670904 via doris-1 rows=10214 [doris-1:f:up doris-2:M:up doris-3:f:DOWN]
18:14:25 #168 OK UPSERT id=1670904 via doris-1 rows=10215 [doris-1:f:up doris-2:M:up doris-3:f:DOWN]
18:14:26 #169 OK SELECT id=1670904 via doris-1 rows=10215 [doris-1:f:up doris-2:M:up doris-3:f:DOWN]
18:14:27 #170 OK DELETE id=1670904 via doris-1 rows=10214 [doris-1:f:up doris-2:M:up doris-3:f:DOWN]
18:14:28 #171 OK SELECT id=1670904 via doris-1 rows=10213 [doris-1:f:up doris-2:M:up doris-3:f:DOWN]
18:14:29 #172 OK INSERT id=1670905 via doris-1 rows=10214 [doris-1:f:up doris-2:M:up doris-3:f:DOWN]
18:14:31 #173 OK UPSERT id=1670905 via doris-1 rows=10215 [doris-1:f:up doris-2:M:up doris-3:f:DOWN]
18:14:32 #174 OK SELECT id=1670905 via doris-1 rows=10215 [doris-1:f:up doris-2:M:up doris-3:f:DOWN]
18:14:33 #175 OK DELETE id=1670905 via doris-1 rows=10214 [doris-1:f:up doris-2:M:up doris-3:f:up]
18:14:34 #176 OK SELECT id=1670905 via doris-1 rows=10213 [doris-1:f:up doris-2:M:up doris-3:f:up]
18:14:35 #177 OK INSERT id=1670906 via doris-1 rows=10214 [doris-1:f:up doris-2:M:up doris-3:f:up]
18:14:36 #178 OK UPSERT id=1670906 via doris-1 rows=10215 [doris-1:f:up doris-2:M:up doris-3:f:up]
18:14:37 #179 OK SELECT id=1670906 via doris-1 rows=10215 [doris-1:f:up doris-2:M:up doris-3:f:up]
18:14:38 #180 OK DELETE id=1670906 via doris-1 rows=10214 [doris-1:f:up doris-2:M:up doris-3:f:up]
18:14:39 #181 OK SELECT id=1670906 via doris-1 rows=10213 [doris-1:f:up doris-2:M:up doris-3:f:up]
18:14:40 #182 OK INSERT id=1670907 via doris-1 rows=10214 [doris-1:f:up doris-2:M:up doris-3:f:up]
18:14:41 #183 OK UPSERT id=1670907 via doris-1 rows=10215 [doris-1:f:up doris-2:M:up doris-3:f:up]
18:14:42 #184 OK SELECT id=1670907 via doris-1 rows=10215 [doris-1:f:up doris-2:M:up doris-3:f:up]
18:14:43 #185 OK DELETE id=1670907 via doris-1 rows=10214 [doris-1:f:up doris-2:M:up doris-3:f:up]
18:14:44 #186 OK SELECT id=1670907 via doris-1 rows=10213 [doris-1:f:up doris-2:M:up doris-3:f:up]
18:14:45 #187 OK INSERT id=1670908 via doris-1 rows=10214 [doris-1:f:up doris-2:M:up doris-3:f:up]
18:14:47 #188 OK UPSERT id=1670908 via doris-1 rows=10215 [doris-1:f:up doris-2:M:up doris-3:f:up]
18:14:48 #189 OK SELECT id=1670908 via doris-1 rows=10215 [doris-1:f:up doris-2:M:up doris-3:f:up]
18:14:48 EVENT restore: cluster healthy
18:14:49 #190 OK DELETE id=1670908 via doris-1 rows=10214 [doris-1:f:up doris-2:M:up doris-3:f:up]
18:14:50 #191 OK SELECT id=1670908 via doris-1 rows=10213 [doris-1:f:up doris-2:M:up doris-3:f:up]
18:14:51 #192 OK INSERT id=1670909 via doris-1 rows=10214 [doris-1:f:up doris-2:M:up doris-3:f:up]
18:14:52 #193 OK UPSERT id=1670909 via doris-1 rows=10215 [doris-1:f:up doris-2:M:up doris-3:f:up]
18:14:53 #194 OK SELECT id=1670909 via doris-1 rows=10215 [doris-1:f:up doris-2:M:up doris-3:f:up]
18:14:54 #195 OK DELETE id=1670909 via doris-1 rows=10214 [doris-1:f:up doris-2:M:up doris-3:f:up]
18:14:55 #196 OK SELECT id=1670909 via doris-1 rows=10213 [doris-1:f:up doris-2:M:up doris-3:f:up]
18:14:56 #197 OK INSERT id=1670910 via doris-1 rows=10214 [doris-1:f:up doris-2:M:up doris-3:f:up]
18:14:57 #198 OK UPSERT id=1670910 via doris-1 rows=10215 [doris-1:f:up doris-2:M:up doris-3:f:up]
18:14:58 #199 OK SELECT id=1670910 via doris-1 rows=10215 [doris-1:f:up doris-2:M:up doris-3:f:up]
18:14:59 #200 OK DELETE id=1670910 via doris-1 rows=10214 [doris-1:f:up doris-2:M:up doris-3:f:up]
18:15:00 #201 OK SELECT id=1670910 via doris-1 rows=10213 [doris-1:f:up doris-2:M:up doris-3:f:up]
18:15:01 #202 OK INSERT id=1670911 via doris-1 rows=10214 [doris-1:f:up doris-2:M:up doris-3:f:up]
18:15:02 #203 OK UPSERT id=1670911 via doris-1 rows=10215 [doris-1:f:up doris-2:M:up doris-3:f:up]
18:15:03 #204 OK SELECT id=1670911 via doris-1 rows=10215 [doris-1:f:up doris-2:M:up doris-3:f:up]
18:15:05 #205 OK DELETE id=1670911 via doris-1 rows=10214 [doris-1:f:up doris-2:M:up doris-3:f:up]
18:15:06 #206 OK SELECT id=1670911 via doris-1 rows=10213 [doris-1:f:up doris-2:M:up doris-3:f:up]
18:15:07 #207 OK INSERT id=1670912 via doris-1 rows=10214 [doris-1:f:up doris-2:M:up doris-3:f:up]
18:15:08 #208 OK UPSERT id=1670912 via doris-1 rows=10215 [doris-1:f:up doris-2:M:up doris-3:f:up]
18:15:09 #209 OK SELECT id=1670912 via doris-1 rows=10215 [doris-1:f:up doris-2:M:up doris-3:f:up]
18:15:10 #210 OK DELETE id=1670912 via doris-1 rows=10214 [doris-1:f:up doris-2:M:up doris-3:f:up]
18:15:11 #211 OK SELECT id=1670912 via doris-1 rows=10213 [doris-1:f:up doris-2:M:up doris-3:f:up]
18:15:12 #212 OK INSERT id=1670913 via doris-1 rows=10214 [doris-1:f:up doris-2:M:up doris-3:f:up]
18:15:13 #213 OK UPSERT id=1670913 via doris-1 rows=10215 [doris-1:f:up doris-2:M:up doris-3:f:up]
18:15:14 #214 OK SELECT id=1670913 via doris-1 rows=10215 [doris-1:f:up doris-2:M:up doris-3:f:up]
18:15:15 #215 OK DELETE id=1670913 via doris-1 rows=10214 [doris-1:f:up doris-2:M:up doris-3:f:up]
