19:12:55 PROBE start proto=jdbc hosts=doris-2,doris-1,doris-3 duration=86400s cycle=INSERT>UPSERT>SELECT>DELETE>SELECT url=jdbc:mysql://10.140.0.3:9030,10.140.0.2:9030,10.140.0.4:9030/hatest
19:12:56 connected to doris-2 (driver-selected host)
19:12:56 #1 OK INSERT id=2707750 via doris-2 rows=10251 [doris-1:f:up doris-2:M:up doris-3:f:up]
19:12:57 #2 OK UPSERT id=2707750 via doris-2 rows=10252 [doris-1:f:up doris-2:M:up doris-3:f:up]
19:12:58 #3 OK SELECT id=2707750 via doris-2 rows=10252 [doris-1:f:up doris-2:M:up doris-3:f:up]
19:12:59 #4 OK DELETE id=2707750 via doris-2 rows=10250 [doris-1:f:up doris-2:M:up doris-3:f:up]
19:13:00 #5 OK SELECT id=2707750 via doris-2 rows=10249 [doris-1:f:up doris-2:M:up doris-3:f:up]
19:13:01 #6 OK INSERT id=2707751 via doris-2 rows=10251 [doris-1:f:up doris-2:M:up doris-3:f:up]
19:13:02 #7 OK UPSERT id=2707751 via doris-2 rows=10252 [doris-1:f:up doris-2:M:up doris-3:f:up]
19:13:03 #8 OK SELECT id=2707751 via doris-2 rows=10252 [doris-1:f:up doris-2:M:up doris-3:f:up]
19:13:05 #9 OK DELETE id=2707751 via doris-2 rows=10250 [doris-1:f:up doris-2:M:up doris-3:f:up]
19:13:06 #10 OK SELECT id=2707751 via doris-2 rows=10250 [doris-1:f:up doris-2:M:up doris-3:f:up]
19:13:07 #11 OK INSERT id=2707752 via doris-2 rows=10251 [doris-1:f:up doris-2:M:up doris-3:f:up]
19:13:08 #12 OK UPSERT id=2707752 via doris-2 rows=10251 [doris-1:f:up doris-2:M:up doris-3:f:up]
19:13:09 #13 OK SELECT id=2707752 via doris-2 rows=10252 [doris-1:f:up doris-2:M:up doris-3:f:up]
19:13:10 #14 OK DELETE id=2707752 via doris-2 rows=10250 [doris-1:f:up doris-2:M:up doris-3:f:up]
19:13:11 #15 OK SELECT id=2707752 via doris-2 rows=10250 [doris-1:f:up doris-2:M:up doris-3:f:up]
19:13:12 #16 OK INSERT id=2707753 via doris-2 rows=10251 [doris-1:f:up doris-2:M:up doris-3:f:up]
19:13:13 #17 OK UPSERT id=2707753 via doris-2 rows=10251 [doris-1:f:up doris-2:M:up doris-3:f:up]
19:13:14 #18 OK SELECT id=2707753 via doris-2 rows=10252 [doris-1:f:up doris-2:M:up doris-3:f:up]
19:13:15 #19 OK DELETE id=2707753 via doris-2 rows=10250 [doris-1:f:up doris-2:M:up doris-3:f:up]
19:13:16 #20 OK SELECT id=2707753 via doris-2 rows=10250 [doris-1:f:up doris-2:M:up doris-3:f:up]
19:13:18 #21 OK INSERT id=2707754 via doris-2 rows=10251 [doris-1:f:up doris-2:M:up doris-3:f:up]
19:13:19 #22 OK UPSERT id=2707754 via doris-2 rows=10251 [doris-1:f:up doris-2:M:up doris-3:f:up]
19:13:20 #23 OK SELECT id=2707754 via doris-2 rows=10252 [doris-1:f:up doris-2:M:up doris-3:f:up]
19:13:21 #24 OK DELETE id=2707754 via doris-2 rows=10250 [doris-1:f:up doris-2:M:up doris-3:f:up]
19:13:22 #25 OK SELECT id=2707754 via doris-2 rows=10250 [doris-1:f:up doris-2:M:up doris-3:f:up]
19:13:23 #26 OK INSERT id=2707755 via doris-2 rows=10251 [doris-1:f:up doris-2:M:up doris-3:f:up]
19:13:24 #27 OK UPSERT id=2707755 via doris-2 rows=10251 [doris-1:f:up doris-2:M:up doris-3:f:up]
19:13:25 #28 OK SELECT id=2707755 via doris-2 rows=10252 [doris-1:f:up doris-2:M:up doris-3:f:up]
19:13:26 #29 OK DELETE id=2707755 via doris-2 rows=10250 [doris-1:f:up doris-2:M:up doris-3:f:up]
19:13:27 #30 OK SELECT id=2707755 via doris-2 rows=10250 [doris-1:f:up doris-2:M:up doris-3:f:up]
19:13:28 #31 OK INSERT id=2707756 via doris-2 rows=10251 [doris-1:f:up doris-2:M:up doris-3:f:up]
19:13:29 #32 OK UPSERT id=2707756 via doris-2 rows=10251 [doris-1:f:up doris-2:M:up doris-3:f:up]
19:13:31 #33 OK SELECT id=2707756 via doris-2 rows=10252 [doris-1:f:up doris-2:M:up doris-3:f:up]
19:13:31 EVENT break: vm stop on doris-2 (FE master)
19:13:32 #34 OK DELETE id=2707756 via doris-2 rows=10250 [doris-1:f:up doris-2:M:up doris-3:f:up]
19:13:33 #35 OK SELECT id=2707756 via doris-2 rows=10250 [doris-1:f:up doris-2:M:up doris-3:f:up]
19:13:34 #36 OK INSERT id=2707757 via doris-2 rows=10251 [doris-1:f:up doris-2:M:up doris-3:f:up]
19:13:35 #37 FAIL UPSERT id=2707757 via doris-2: CommunicationsException: Communications link failure  The last packet successfully received from the server was 1,016 milliseconds ago.
19:13:36 #37 OK SELECT(check) id=1 via doris-1
19:13:37 connected to doris-1 (driver-selected host)
19:13:38 #38 OK INSERT id=2707758 via doris-1 rows=10253 [doris-1:f:up doris-2:f:DOWN doris-3:M:up] (recovered)
19:13:39 #39 OK UPSERT id=2707758 via doris-1 rows=10253 [doris-1:f:up doris-2:f:DOWN doris-3:M:up]
19:13:40 #40 OK SELECT id=2707758 via doris-1 rows=10253 [doris-1:f:up doris-2:f:DOWN doris-3:M:up]
19:13:41 #41 OK DELETE id=2707758 via doris-1 rows=10252 [doris-1:f:up doris-2:f:DOWN doris-3:M:up]
19:13:42 #42 OK SELECT id=2707758 via doris-1 rows=10251 [doris-1:f:up doris-2:f:DOWN doris-3:M:up]
19:13:43 #43 OK INSERT id=2707759 via doris-1 rows=10252 [doris-1:f:up doris-2:f:DOWN doris-3:M:up]
19:13:44 #44 OK UPSERT id=2707759 via doris-1 rows=10253 [doris-1:f:up doris-2:f:DOWN doris-3:M:up]
19:13:45 #45 OK SELECT id=2707759 via doris-1 rows=10253 [doris-1:f:up doris-2:f:DOWN doris-3:M:up]
19:13:46 #46 OK DELETE id=2707759 via doris-1 rows=10251 [doris-1:f:up doris-2:f:DOWN doris-3:M:up]
19:13:47 #47 OK SELECT id=2707759 via doris-1 rows=10251 [doris-1:f:up doris-2:f:DOWN doris-3:M:up]
19:13:48 #48 OK INSERT id=2707760 via doris-1 rows=10253 [doris-1:f:up doris-2:f:DOWN doris-3:M:up]
19:13:50 #49 OK UPSERT id=2707760 via doris-1 rows=10253 [doris-1:f:up doris-2:f:DOWN doris-3:M:up]
19:13:51 #50 OK SELECT id=2707760 via doris-1 rows=10253 [doris-1:f:up doris-2:f:DOWN doris-3:M:up]
19:13:52 #51 OK DELETE id=2707760 via doris-1 rows=10251 [doris-1:f:up doris-2:f:DOWN doris-3:M:up]
19:13:53 #52 OK SELECT id=2707760 via doris-1 rows=10251 [doris-1:f:up doris-2:f:DOWN doris-3:M:up]
19:13:54 #53 OK INSERT id=2707761 via doris-1 rows=10253 [doris-1:f:up doris-2:f:DOWN doris-3:M:up]
19:13:55 EVENT break: doris-2 is down
19:13:58 #54 OK UPSERT id=2707761 via doris-1 rows=10252 [doris-1:f:up doris-2:f:DOWN doris-3:M:up]
19:13:59 #55 OK SELECT id=2707761 via doris-1 rows=10252 [doris-1:f:up doris-2:f:DOWN doris-3:M:up]
19:14:00 #56 OK DELETE id=2707761 via doris-1 rows=10252 [doris-1:f:up doris-2:f:DOWN doris-3:M:up]
19:14:01 #57 OK SELECT id=2707761 via doris-1 rows=10252 [doris-1:f:up doris-2:f:DOWN doris-3:M:up]
19:14:02 #58 OK INSERT id=2707762 via doris-1 rows=10253 [doris-1:f:up doris-2:f:DOWN doris-3:M:up]
19:14:03 #59 OK UPSERT id=2707762 via doris-1 rows=10252 [doris-1:f:up doris-2:f:DOWN doris-3:M:up]
19:14:04 #60 OK SELECT id=2707762 via doris-1 rows=10252 [doris-1:f:up doris-2:f:DOWN doris-3:M:up]
19:14:05 #61 OK DELETE id=2707762 via doris-1 rows=10252 [doris-1:f:up doris-2:f:DOWN doris-3:M:up]
19:14:06 #62 OK SELECT id=2707762 via doris-1 rows=10252 [doris-1:f:up doris-2:f:DOWN doris-3:M:up]
19:14:08 #63 OK INSERT id=2707763 via doris-1 rows=10253 [doris-1:f:up doris-2:f:DOWN doris-3:M:up]
19:14:09 #64 OK UPSERT id=2707763 via doris-1 rows=10252 [doris-1:f:up doris-2:f:DOWN doris-3:M:up]
19:14:10 #65 OK SELECT id=2707763 via doris-1 rows=10252 [doris-1:f:up doris-2:f:DOWN doris-3:M:up]
19:14:11 #66 OK DELETE id=2707763 via doris-1 rows=10252 [doris-1:f:up doris-2:f:DOWN doris-3:M:up]
19:14:12 #67 OK SELECT id=2707763 via doris-1 rows=10252 [doris-1:f:up doris-2:f:DOWN doris-3:M:up]
19:14:13 #68 OK INSERT id=2707764 via doris-1 rows=10253 [doris-1:f:up doris-2:f:DOWN doris-3:M:up]
19:14:14 #69 OK UPSERT id=2707764 via doris-1 rows=10252 [doris-1:f:up doris-2:f:DOWN doris-3:M:up]
19:14:18 #70 OK SELECT id=2707764 via doris-1 rows=10252 [doris-1:f:up doris-2:f:DOWN doris-3:M:up]
19:14:19 #71 OK DELETE id=2707764 via doris-1 rows=10251 [doris-1:f:up doris-2:f:DOWN doris-3:M:up]
19:14:20 #72 OK SELECT id=2707764 via doris-1 rows=10251 [doris-1:f:up doris-2:f:DOWN doris-3:M:up]
19:14:21 #73 OK INSERT id=2707765 via doris-1 rows=10253 [doris-1:f:up doris-2:f:DOWN doris-3:M:up]
19:14:22 #74 OK UPSERT id=2707765 via doris-1 rows=10253 [doris-1:f:up doris-2:f:DOWN doris-3:M:up]
19:14:23 #75 OK SELECT id=2707765 via doris-1 rows=10253 [doris-1:f:up doris-2:f:DOWN doris-3:M:up]
19:14:24 #76 OK DELETE id=2707765 via doris-1 rows=10251 [doris-1:f:up doris-2:f:DOWN doris-3:M:up]
19:14:25 #77 OK SELECT id=2707765 via doris-1 rows=10251 [doris-1:f:up doris-2:f:DOWN doris-3:M:up]
19:14:27 #78 OK INSERT id=2707766 via doris-1 rows=10253 [doris-1:f:up doris-2:f:DOWN doris-3:M:up]
19:14:28 #79 OK UPSERT id=2707766 via doris-1 rows=10253 [doris-1:f:up doris-2:f:DOWN doris-3:M:up]
19:14:29 #80 OK SELECT id=2707766 via doris-1 rows=10253 [doris-1:f:up doris-2:f:DOWN doris-3:M:up]
19:14:30 #81 OK DELETE id=2707766 via doris-1 rows=10251 [doris-1:f:up doris-2:f:DOWN doris-3:M:up]
19:14:31 #82 OK SELECT id=2707766 via doris-1 rows=10251 [doris-1:f:up doris-2:f:DOWN doris-3:M:up]
19:14:32 #83 OK INSERT id=2707767 via doris-1 rows=10253 [doris-1:f:up doris-2:f:DOWN doris-3:M:up]
19:14:33 #84 OK UPSERT id=2707767 via doris-1 rows=10253 [doris-1:f:up doris-2:f:DOWN doris-3:M:up]
19:14:34 #85 OK SELECT id=2707767 via doris-1 rows=10253 [doris-1:f:up doris-2:f:DOWN doris-3:M:up]
19:14:35 #86 OK DELETE id=2707767 via doris-1 rows=10251 [doris-1:f:up doris-2:f:DOWN doris-3:M:up]
19:14:39 #87 OK SELECT id=2707767 via doris-1 rows=10251 [doris-1:f:up doris-2:f:DOWN doris-3:M:up]
19:14:40 #88 OK INSERT id=2707768 via doris-1 rows=10252 [doris-1:f:up doris-2:f:DOWN doris-3:M:up]
19:14:41 #89 OK UPSERT id=2707768 via doris-1 rows=10252 [doris-1:f:up doris-2:f:DOWN doris-3:M:up]
19:14:42 #90 OK SELECT id=2707768 via doris-1 rows=10253 [doris-1:f:up doris-2:f:DOWN doris-3:M:up]
19:14:43 #91 OK DELETE id=2707768 via doris-1 rows=10252 [doris-1:f:up doris-2:f:DOWN doris-3:M:up]
19:14:44 #92 OK SELECT id=2707768 via doris-1 rows=10252 [doris-1:f:up doris-2:f:DOWN doris-3:M:up]
19:14:45 #93 OK INSERT id=2707769 via doris-1 rows=10252 [doris-1:f:up doris-2:f:DOWN doris-3:M:up]
19:14:47 #94 OK UPSERT id=2707769 via doris-1 rows=10252 [doris-1:f:up doris-2:f:DOWN doris-3:M:up]
19:14:48 #95 OK SELECT id=2707769 via doris-1 rows=10253 [doris-1:f:up doris-2:f:DOWN doris-3:M:up]
19:14:49 #96 OK DELETE id=2707769 via doris-1 rows=10252 [doris-1:f:up doris-2:f:DOWN doris-3:M:up]
19:14:50 #97 OK SELECT id=2707769 via doris-1 rows=10252 [doris-1:f:up doris-2:f:DOWN doris-3:M:up]
19:14:51 #98 OK INSERT id=2707770 via doris-1 rows=10252 [doris-1:f:up doris-2:f:DOWN doris-3:M:up]
19:14:52 #99 OK UPSERT id=2707770 via doris-1 rows=10252 [doris-1:f:up doris-2:f:DOWN doris-3:M:up]
19:14:53 #100 OK SELECT id=2707770 via doris-1 rows=10253 [doris-1:f:up doris-2:f:DOWN doris-3:M:up]
19:14:54 #101 OK DELETE id=2707770 via doris-1 rows=10252 [doris-1:f:up doris-2:f:DOWN doris-3:M:up]
19:14:55 #102 OK SELECT id=2707770 via doris-1 rows=10252 [doris-1:f:up doris-2:f:DOWN doris-3:M:up]
19:14:56 #103 OK INSERT id=2707771 via doris-1 rows=10252 [doris-1:f:up doris-2:f:DOWN doris-3:M:up]
19:15:00 #104 OK UPSERT id=2707771 via doris-1 rows=10253 [doris-1:f:up doris-2:f:DOWN doris-3:M:up]
19:15:01 #105 OK SELECT id=2707771 via doris-1 rows=10252 [doris-1:f:up doris-2:f:DOWN doris-3:M:up]
19:15:02 #106 OK DELETE id=2707771 via doris-1 rows=10251 [doris-1:f:up doris-2:f:DOWN doris-3:M:up]
19:15:03 #107 OK SELECT id=2707771 via doris-1 rows=10252 [doris-1:f:up doris-2:f:DOWN doris-3:M:up]
19:15:04 #108 OK INSERT id=2707772 via doris-1 rows=10253 [doris-1:f:up doris-2:f:DOWN doris-3:M:up]
19:15:05 #109 OK UPSERT id=2707772 via doris-1 rows=10253 [doris-1:f:up doris-2:f:DOWN doris-3:M:up]
19:15:06 #110 OK SELECT id=2707772 via doris-1 rows=10252 [doris-1:f:up doris-2:f:DOWN doris-3:M:up]
19:15:08 #111 OK DELETE id=2707772 via doris-1 rows=10251 [doris-1:f:up doris-2:f:DOWN doris-3:M:up]
19:15:09 #112 OK SELECT id=2707772 via doris-1 rows=10252 [doris-1:f:up doris-2:f:DOWN doris-3:M:up]
19:15:10 #113 OK INSERT id=2707773 via doris-1 rows=10253 [doris-1:f:up doris-2:f:DOWN doris-3:M:up]
19:15:11 #114 OK UPSERT id=2707773 via doris-1 rows=10253 [doris-1:f:up doris-2:f:DOWN doris-3:M:up]
19:15:12 #115 OK SELECT id=2707773 via doris-1 rows=10252 [doris-1:f:up doris-2:f:DOWN doris-3:M:up]
19:15:13 #116 OK DELETE id=2707773 via doris-1 rows=10251 [doris-1:f:up doris-2:f:DOWN doris-3:M:up]
19:15:14 #117 OK SELECT id=2707773 via doris-1 rows=10252 [doris-1:f:up doris-2:f:DOWN doris-3:M:up]
19:15:15 #118 OK INSERT id=2707774 via doris-1 rows=10253 [doris-1:f:up doris-2:f:DOWN doris-3:M:up]
19:15:16 #119 OK UPSERT id=2707774 via doris-1 rows=10253 [doris-1:f:up doris-2:f:DOWN doris-3:M:up]
19:15:20 #120 OK SELECT id=2707774 via doris-1 rows=10252 [doris-1:f:up doris-2:f:DOWN doris-3:M:up]
19:15:21 #121 OK DELETE id=2707774 via doris-1 rows=10252 [doris-1:f:up doris-2:f:DOWN doris-3:M:up]
19:15:22 #122 OK SELECT id=2707774 via doris-1 rows=10251 [doris-1:f:up doris-2:f:DOWN doris-3:M:up]
19:15:23 #123 OK INSERT id=2707775 via doris-1 rows=10252 [doris-1:f:up doris-2:f:DOWN doris-3:M:up]
19:15:24 #124 OK UPSERT id=2707775 via doris-1 rows=10253 [doris-1:f:up doris-2:f:DOWN doris-3:M:up]
19:15:25 #125 OK SELECT id=2707775 via doris-1 rows=10253 [doris-1:f:up doris-2:f:DOWN doris-3:M:up]
19:15:26 #126 OK DELETE id=2707775 via doris-1 rows=10252 [doris-1:f:up doris-2:f:DOWN doris-3:M:up]
19:15:28 #127 OK SELECT id=2707775 via doris-1 rows=10251 [doris-1:f:up doris-2:f:DOWN doris-3:M:up]
19:15:29 #128 OK INSERT id=2707776 via doris-1 rows=10252 [doris-1:f:up doris-2:f:DOWN doris-3:M:up]
19:15:30 #129 OK UPSERT id=2707776 via doris-1 rows=10253 [doris-1:f:up doris-2:f:DOWN doris-3:M:up]
19:15:31 #130 OK SELECT id=2707776 via doris-1 rows=10253 [doris-1:f:up doris-2:f:DOWN doris-3:M:up]
19:15:32 #131 OK DELETE id=2707776 via doris-1 rows=10252 [doris-1:f:up doris-2:f:DOWN doris-3:M:up]
19:15:33 #132 OK SELECT id=2707776 via doris-1 rows=10251 [doris-1:f:up doris-2:f:DOWN doris-3:M:up]
19:15:33 EVENT restore: start doris-2
19:15:34 #133 OK INSERT id=2707777 via doris-1 rows=10252 [doris-1:f:up doris-2:f:DOWN doris-3:M:up]
19:15:35 #134 OK UPSERT id=2707777 via doris-1 rows=10253 [doris-1:f:up doris-2:f:DOWN doris-3:M:up]
19:15:36 #135 OK SELECT id=2707777 via doris-1 rows=10253 [doris-1:f:up doris-2:f:DOWN doris-3:M:up]
19:15:37 #136 OK DELETE id=2707777 via doris-1 rows=10252 [doris-1:f:up doris-2:f:DOWN doris-3:M:up]
19:15:41 #137 OK SELECT id=2707777 via doris-1 rows=10251 [doris-1:f:up doris-2:f:DOWN doris-3:M:up]
19:15:42 #138 OK INSERT id=2707778 via doris-1 rows=10253 [doris-1:f:up doris-2:f:DOWN doris-3:M:up]
19:15:43 #139 OK UPSERT id=2707778 via doris-1 rows=10252 [doris-1:f:up doris-2:f:DOWN doris-3:M:up]
19:15:44 #140 OK SELECT id=2707778 via doris-1 rows=10252 [doris-1:f:up doris-2:f:DOWN doris-3:M:up]
19:15:45 #141 OK DELETE id=2707778 via doris-1 rows=10252 [doris-1:f:up doris-2:f:DOWN doris-3:M:up]
19:15:46 #142 OK SELECT id=2707778 via doris-1 rows=10252 [doris-1:f:up doris-2:f:DOWN doris-3:M:up]
19:15:47 #143 OK INSERT id=2707779 via doris-1 rows=10253 [doris-1:f:up doris-2:f:DOWN doris-3:M:up]
19:15:49 #144 OK UPSERT id=2707779 via doris-1 rows=10252 [doris-1:f:up doris-2:f:DOWN doris-3:M:up]
19:15:50 #145 OK SELECT id=2707779 via doris-1 rows=10252 [doris-1:f:up doris-2:f:DOWN doris-3:M:up]
19:15:51 #146 OK DELETE id=2707779 via doris-1 rows=10252 [doris-1:f:up doris-2:f:DOWN doris-3:M:up]
19:15:52 #147 OK SELECT id=2707779 via doris-1 rows=10252 [doris-1:f:up doris-2:f:DOWN doris-3:M:up]
19:15:53 #148 OK INSERT id=2707780 via doris-1 rows=10253 [doris-1:f:up doris-2:f:DOWN doris-3:M:up]
19:15:54 #149 OK UPSERT id=2707780 via doris-1 rows=10252 [doris-1:f:up doris-2:f:DOWN doris-3:M:up]
19:15:55 #150 OK SELECT id=2707780 via doris-1 rows=10252 [doris-1:f:up doris-2:f:DOWN doris-3:M:up]
19:15:56 #151 OK DELETE id=2707780 via doris-1 rows=10252 [doris-1:f:up doris-2:f:DOWN doris-3:M:up]
19:15:57 #152 OK SELECT id=2707780 via doris-1 rows=10252 [doris-1:f:up doris-2:f:DOWN doris-3:M:up]
19:15:58 #153 OK INSERT id=2707781 via doris-1 rows=10253 [doris-1:f:up doris-2:f:DOWN doris-3:M:up]
19:15:59 #154 OK UPSERT id=2707781 via doris-1 rows=10252 [doris-1:f:up doris-2:f:DOWN doris-3:M:up]
19:16:00 #155 OK SELECT id=2707781 via doris-1 rows=10252 [doris-1:f:up doris-2:f:DOWN doris-3:M:up]
19:16:01 #156 OK DELETE id=2707781 via doris-1 rows=10252 [doris-1:f:up doris-2:f:DOWN doris-3:M:up]
19:16:02 #157 OK SELECT id=2707781 via doris-1 rows=10252 [doris-1:f:up doris-2:f:DOWN doris-3:M:up]
19:16:03 #158 OK INSERT id=2707782 via doris-1 rows=10253 [doris-1:f:up doris-2:f:DOWN doris-3:M:up]
19:16:04 #159 OK UPSERT id=2707782 via doris-1 rows=10252 [doris-1:f:up doris-2:f:DOWN doris-3:M:up]
19:16:05 #160 OK SELECT id=2707782 via doris-1 rows=10252 [doris-1:f:up doris-2:f:DOWN doris-3:M:up]
19:16:07 #161 OK DELETE id=2707782 via doris-1 rows=10252 [doris-1:f:up doris-2:f:DOWN doris-3:M:up]
19:16:08 #162 OK SELECT id=2707782 via doris-1 rows=10252 [doris-1:f:up doris-2:f:DOWN doris-3:M:up]
19:16:09 #163 OK INSERT id=2707783 via doris-1 rows=10253 [doris-1:f:up doris-2:f:DOWN doris-3:M:up]
19:16:10 #164 OK UPSERT id=2707783 via doris-1 rows=10252 [doris-1:f:up doris-2:f:DOWN doris-3:M:up]
19:16:11 #165 OK SELECT id=2707783 via doris-1 rows=10252 [doris-1:f:up doris-2:f:DOWN doris-3:M:up]
19:16:12 #166 OK DELETE id=2707783 via doris-1 rows=10252 [doris-1:f:up doris-2:f:DOWN doris-3:M:up]
19:16:13 #167 OK SELECT id=2707783 via doris-1 rows=10252 [doris-1:f:up doris-2:f:DOWN doris-3:M:up]
19:16:14 #168 OK INSERT id=2707784 via doris-1 rows=10253 [doris-1:f:up doris-2:f:DOWN doris-3:M:up]
19:16:15 #169 OK UPSERT id=2707784 via doris-1 rows=10252 [doris-1:f:up doris-2:f:DOWN doris-3:M:up]
19:16:16 #170 OK SELECT id=2707784 via doris-1 rows=10252 [doris-1:f:up doris-2:f:DOWN doris-3:M:up]
19:16:17 #171 OK DELETE id=2707784 via doris-1 rows=10252 [doris-1:f:up doris-2:f:up doris-3:M:up]
19:16:18 #172 OK SELECT id=2707784 via doris-1 rows=10252 [doris-1:f:up doris-2:f:up doris-3:M:up]
19:16:19 #173 OK INSERT id=2707785 via doris-1 rows=10253 [doris-1:f:up doris-2:f:up doris-3:M:up]
19:16:20 #174 OK UPSERT id=2707785 via doris-1 rows=10252 [doris-1:f:up doris-2:f:up doris-3:M:up]
19:16:21 #175 OK SELECT id=2707785 via doris-1 rows=10252 [doris-1:f:up doris-2:f:up doris-3:M:up]
19:16:22 #176 OK DELETE id=2707785 via doris-1 rows=10252 [doris-1:f:up doris-2:f:up doris-3:M:up]
19:16:23 #177 OK SELECT id=2707785 via doris-1 rows=10252 [doris-1:f:up doris-2:f:up doris-3:M:up]
19:16:25 #178 OK INSERT id=2707786 via doris-1 rows=10253 [doris-1:f:up doris-2:f:up doris-3:M:up]
19:16:26 #179 OK UPSERT id=2707786 via doris-1 rows=10252 [doris-1:f:up doris-2:f:up doris-3:M:up]
19:16:27 #180 OK SELECT id=2707786 via doris-1 rows=10252 [doris-1:f:up doris-2:f:up doris-3:M:up]
19:16:28 #181 OK DELETE id=2707786 via doris-1 rows=10252 [doris-1:f:up doris-2:f:up doris-3:M:up]
19:16:29 #182 OK SELECT id=2707786 via doris-1 rows=10252 [doris-1:f:up doris-2:f:up doris-3:M:up]
19:16:30 #183 OK INSERT id=2707787 via doris-1 rows=10253 [doris-1:f:up doris-2:f:up doris-3:M:up]
19:16:31 #184 OK UPSERT id=2707787 via doris-1 rows=10252 [doris-1:f:up doris-2:f:up doris-3:M:up]
19:16:32 #185 OK SELECT id=2707787 via doris-1 rows=10252 [doris-1:f:up doris-2:f:up doris-3:M:up]
19:16:33 #186 OK DELETE id=2707787 via doris-1 rows=10252 [doris-1:f:up doris-2:f:up doris-3:M:up]
19:16:37 #187 OK SELECT id=2707787 via doris-1 rows=10252 [doris-1:f:up doris-2:f:up doris-3:M:up]
19:16:39 #188 OK INSERT id=2707788 via doris-1 rows=10252 [doris-1:f:up doris-2:f:up doris-3:M:up]
19:16:40 #189 OK UPSERT id=2707788 via doris-1 rows=10253 [doris-1:f:up doris-2:f:up doris-3:M:up]
19:16:41 #190 OK SELECT id=2707788 via doris-1 rows=10253 [doris-1:f:up doris-2:f:up doris-3:M:up]
19:16:43 #191 OK DELETE id=2707788 via doris-1 rows=10251 [doris-1:f:up doris-2:f:up doris-3:M:up]
19:16:43 EVENT restore: cluster healthy
19:16:44 #192 OK SELECT id=2707788 via doris-1 rows=10251 [doris-1:f:up doris-2:f:up doris-3:M:up]
19:16:45 #193 OK INSERT id=2707789 via doris-1 rows=10253 [doris-1:f:up doris-2:f:up doris-3:M:up]
19:16:46 #194 OK UPSERT id=2707789 via doris-1 rows=10253 [doris-1:f:up doris-2:f:up doris-3:M:up]
19:16:47 #195 OK SELECT id=2707789 via doris-1 rows=10252 [doris-1:f:up doris-2:f:up doris-3:M:up]
19:16:48 #196 OK DELETE id=2707789 via doris-1 rows=10251 [doris-1:f:up doris-2:f:up doris-3:M:up]
19:16:49 #197 OK SELECT id=2707789 via doris-1 rows=10252 [doris-1:f:up doris-2:f:up doris-3:M:up]
19:16:50 #198 OK INSERT id=2707790 via doris-1 rows=10253 [doris-1:f:up doris-2:f:up doris-3:M:up]
19:16:51 #199 OK UPSERT id=2707790 via doris-1 rows=10253 [doris-1:f:up doris-2:f:up doris-3:M:up]
19:16:53 #200 OK SELECT id=2707790 via doris-1 rows=10252 [doris-1:f:up doris-2:f:up doris-3:M:up]
19:16:54 #201 OK DELETE id=2707790 via doris-1 rows=10251 [doris-1:f:up doris-2:f:up doris-3:M:up]
19:16:55 #202 OK SELECT id=2707790 via doris-1 rows=10252 [doris-1:f:up doris-2:f:up doris-3:M:up]
19:16:56 #203 OK INSERT id=2707791 via doris-1 rows=10253 [doris-1:f:up doris-2:f:up doris-3:M:up]
19:16:57 #204 OK UPSERT id=2707791 via doris-1 rows=10253 [doris-1:f:up doris-2:f:up doris-3:M:up]
19:16:58 #205 OK SELECT id=2707791 via doris-1 rows=10252 [doris-1:f:up doris-2:f:up doris-3:M:up]
19:16:59 #206 OK DELETE id=2707791 via doris-1 rows=10251 [doris-1:f:up doris-2:f:up doris-3:M:up]
19:17:00 #207 OK SELECT id=2707791 via doris-1 rows=10252 [doris-1:f:up doris-2:f:up doris-3:M:up]
19:17:01 #208 OK INSERT id=2707792 via doris-1 rows=10253 [doris-1:f:up doris-2:f:up doris-3:M:up]
19:17:03 #209 OK UPSERT id=2707792 via doris-1 rows=10253 [doris-1:f:up doris-2:f:up doris-3:M:up]
19:17:04 #210 OK SELECT id=2707792 via doris-1 rows=10252 [doris-1:f:up doris-2:f:up doris-3:M:up]
19:17:05 #211 OK DELETE id=2707792 via doris-1 rows=10251 [doris-1:f:up doris-2:f:up doris-3:M:up]
19:17:06 #212 OK SELECT id=2707792 via doris-1 rows=10252 [doris-1:f:up doris-2:f:up doris-3:M:up]
19:17:07 #213 OK INSERT id=2707793 via doris-1 rows=10253 [doris-1:f:up doris-2:f:up doris-3:M:up]
19:17:08 #214 OK UPSERT id=2707793 via doris-1 rows=10253 [doris-1:f:up doris-2:f:up doris-3:M:up]
19:17:09 #215 OK SELECT id=2707793 via doris-1 rows=10252 [doris-1:f:up doris-2:f:up doris-3:M:up]
19:17:10 #216 OK DELETE id=2707793 via doris-1 rows=10251 [doris-1:f:up doris-2:f:up doris-3:M:up]
19:17:11 #217 OK SELECT id=2707793 via doris-1 rows=10252 [doris-1:f:up doris-2:f:up doris-3:M:up]
19:17:12 #218 OK INSERT id=2707794 via doris-1 rows=10253 [doris-1:f:up doris-2:f:up doris-3:M:up]
19:17:14 #219 OK UPSERT id=2707794 via doris-1 rows=10252 [doris-1:f:up doris-2:f:up doris-3:M:up]
19:17:15 #220 OK SELECT id=2707794 via doris-1 rows=10252 [doris-1:f:up doris-2:f:up doris-3:M:up]
19:17:16 #221 OK DELETE id=2707794 via doris-1 rows=10252 [doris-1:f:up doris-2:f:up doris-3:M:up]
