19:12:55 PROBE start proto=mysql hosts=doris-2,doris-1,doris-3 duration=86400s cycle=INSERT>UPSERT>SELECT>DELETE>SELECT
19:12:55 connected to doris-2 (10.140.0.3)
19:12:55 #1 OK INSERT id=1707750 via doris-2 rows=10250 [doris-1:f:up doris-2:M:up doris-3:f:up]
19:12:56 #2 OK UPSERT id=1707750 via doris-2 rows=10252 [doris-1:f:up doris-2:M:up doris-3:f:up]
19:12:57 #3 OK SELECT id=1707750 via doris-2 rows=10252 [doris-1:f:up doris-2:M:up doris-3:f:up]
19:12:59 #4 OK DELETE id=1707750 via doris-2 rows=10251 [doris-1:f:up doris-2:M:up doris-3:f:up]
19:13:00 #5 OK SELECT id=1707750 via doris-2 rows=10250 [doris-1:f:up doris-2:M:up doris-3:f:up]
19:13:01 #6 OK INSERT id=1707751 via doris-2 rows=10250 [doris-1:f:up doris-2:M:up doris-3:f:up]
19:13:02 #7 OK UPSERT id=1707751 via doris-2 rows=10251 [doris-1:f:up doris-2:M:up doris-3:f:up]
19:13:03 #8 OK SELECT id=1707751 via doris-2 rows=10252 [doris-1:f:up doris-2:M:up doris-3:f:up]
19:13:04 #9 OK DELETE id=1707751 via doris-2 rows=10251 [doris-1:f:up doris-2:M:up doris-3:f:up]
19:13:05 #10 OK SELECT id=1707751 via doris-2 rows=10250 [doris-1:f:up doris-2:M:up doris-3:f:up]
19:13:06 #11 OK INSERT id=1707752 via doris-2 rows=10250 [doris-1:f:up doris-2:M:up doris-3:f:up]
19:13:07 #12 OK UPSERT id=1707752 via doris-2 rows=10251 [doris-1:f:up doris-2:M:up doris-3:f:up]
19:13:08 #13 OK SELECT id=1707752 via doris-2 rows=10252 [doris-1:f:up doris-2:M:up doris-3:f:up]
19:13:09 #14 OK DELETE id=1707752 via doris-2 rows=10251 [doris-1:f:up doris-2:M:up doris-3:f:up]
19:13:10 #15 OK SELECT id=1707752 via doris-2 rows=10250 [doris-1:f:up doris-2:M:up doris-3:f:up]
19:13:12 #16 OK INSERT id=1707753 via doris-2 rows=10250 [doris-1:f:up doris-2:M:up doris-3:f:up]
19:13:13 #17 OK UPSERT id=1707753 via doris-2 rows=10251 [doris-1:f:up doris-2:M:up doris-3:f:up]
19:13:14 #18 OK SELECT id=1707753 via doris-2 rows=10252 [doris-1:f:up doris-2:M:up doris-3:f:up]
19:13:15 #19 OK DELETE id=1707753 via doris-2 rows=10251 [doris-1:f:up doris-2:M:up doris-3:f:up]
19:13:16 #20 OK SELECT id=1707753 via doris-2 rows=10250 [doris-1:f:up doris-2:M:up doris-3:f:up]
19:13:17 #21 OK INSERT id=1707754 via doris-2 rows=10250 [doris-1:f:up doris-2:M:up doris-3:f:up]
19:13:18 #22 OK UPSERT id=1707754 via doris-2 rows=10251 [doris-1:f:up doris-2:M:up doris-3:f:up]
19:13:19 #23 OK SELECT id=1707754 via doris-2 rows=10252 [doris-1:f:up doris-2:M:up doris-3:f:up]
19:13:20 #24 OK DELETE id=1707754 via doris-2 rows=10251 [doris-1:f:up doris-2:M:up doris-3:f:up]
19:13:21 #25 OK SELECT id=1707754 via doris-2 rows=10250 [doris-1:f:up doris-2:M:up doris-3:f:up]
19:13:22 #26 OK INSERT id=1707755 via doris-2 rows=10250 [doris-1:f:up doris-2:M:up doris-3:f:up]
19:13:24 #27 OK UPSERT id=1707755 via doris-2 rows=10251 [doris-1:f:up doris-2:M:up doris-3:f:up]
19:13:25 #28 OK SELECT id=1707755 via doris-2 rows=10251 [doris-1:f:up doris-2:M:up doris-3:f:up]
19:13:26 #29 OK DELETE id=1707755 via doris-2 rows=10251 [doris-1:f:up doris-2:M:up doris-3:f:up]
19:13:27 #30 OK SELECT id=1707755 via doris-2 rows=10250 [doris-1:f:up doris-2:M:up doris-3:f:up]
19:13:28 #31 OK INSERT id=1707756 via doris-2 rows=10251 [doris-1:f:up doris-2:M:up doris-3:f:up]
19:13:29 #32 OK UPSERT id=1707756 via doris-2 rows=10251 [doris-1:f:up doris-2:M:up doris-3:f:up]
19:13:30 #33 OK SELECT id=1707756 via doris-2 rows=10251 [doris-1:f:up doris-2:M:up doris-3:f:up]
19:13:31 EVENT break: vm stop on doris-2 (FE master)
19:13:31 #34 OK DELETE id=1707756 via doris-2 rows=10251 [doris-1:f:up doris-2:M:up doris-3:f:up]
19:13:32 #35 OK SELECT id=1707756 via doris-2 rows=10250 [doris-1:f:up doris-2:M:up doris-3:f:up]
19:13:33 #36 OK INSERT id=1707757 via doris-2 rows=10251 [doris-1:f:up doris-2:M:up doris-3:f:up]
19:13:34 #37 FAIL UPSERT id=1707757 via doris-2: OperationalError: (2013, 'Lost connection to MySQL server during query')
19:13:35 #37 OK SELECT(check) id=1 via doris-1
19:13:36 connected to doris-1 (10.140.0.2)
19:13:38 #38 OK INSERT id=1707758 via doris-1 rows=10253 [doris-1:f:up doris-2:f:DOWN doris-3:M:up] (recovered)
19:13:39 #39 OK UPSERT id=1707758 via doris-1 rows=10253 [doris-1:f:up doris-2:f:DOWN doris-3:M:up]
19:13:40 #40 OK SELECT id=1707758 via doris-1 rows=10253 [doris-1:f:up doris-2:f:DOWN doris-3:M:up]
19:13:41 #41 OK DELETE id=1707758 via doris-1 rows=10251 [doris-1:f:up doris-2:f:DOWN doris-3:M:up]
19:13:42 #42 OK SELECT id=1707758 via doris-1 rows=10251 [doris-1:f:up doris-2:f:DOWN doris-3:M:up]
19:13:43 #43 OK INSERT id=1707759 via doris-1 rows=10253 [doris-1:f:up doris-2:f:DOWN doris-3:M:up]
19:13:44 #44 OK UPSERT id=1707759 via doris-1 rows=10253 [doris-1:f:up doris-2:f:DOWN doris-3:M:up]
19:13:45 #45 OK SELECT id=1707759 via doris-1 rows=10253 [doris-1:f:up doris-2:f:DOWN doris-3:M:up]
19:13:46 #46 OK DELETE id=1707759 via doris-1 rows=10251 [doris-1:f:up doris-2:f:DOWN doris-3:M:up]
19:13:47 #47 OK SELECT id=1707759 via doris-1 rows=10251 [doris-1:f:up doris-2:f:DOWN doris-3:M:up]
19:13:48 #48 OK INSERT id=1707760 via doris-1 rows=10252 [doris-1:f:up doris-2:f:DOWN doris-3:M:up]
19:13:50 #49 OK UPSERT id=1707760 via doris-1 rows=10253 [doris-1:f:up doris-2:f:DOWN doris-3:M:up]
19:13:51 #50 OK SELECT id=1707760 via doris-1 rows=10253 [doris-1:f:up doris-2:f:DOWN doris-3:M:up]
19:13:52 #51 OK DELETE id=1707760 via doris-1 rows=10251 [doris-1:f:up doris-2:f:DOWN doris-3:M:up]
19:13:53 #52 OK SELECT id=1707760 via doris-1 rows=10251 [doris-1:f:up doris-2:f:DOWN doris-3:M:up]
19:13:54 #53 OK INSERT id=1707761 via doris-1 rows=10252 [doris-1:f:up doris-2:f:DOWN doris-3:M:up]
19:13:55 #54 OK UPSERT id=1707761 via doris-1 rows=10253 [doris-1:f:up doris-2:f:DOWN doris-3:M:up]
19:13:55 EVENT break: doris-2 is down
19:13:56 #55 OK SELECT id=1707761 via doris-1 rows=10253 [doris-1:f:up doris-2:f:DOWN doris-3:M:up]
19:13:57 #56 OK DELETE id=1707761 via doris-1 rows=10252 [doris-1:f:up doris-2:f:DOWN doris-3:M:up]
19:13:58 #57 OK SELECT id=1707761 via doris-1 rows=10252 [doris-1:f:up doris-2:f:DOWN doris-3:M:up]
19:13:59 #58 OK INSERT id=1707762 via doris-1 rows=10253 [doris-1:f:up doris-2:f:DOWN doris-3:M:up]
19:14:00 #59 OK UPSERT id=1707762 via doris-1 rows=10252 [doris-1:f:up doris-2:f:DOWN doris-3:M:up]
19:14:01 #60 OK SELECT id=1707762 via doris-1 rows=10252 [doris-1:f:up doris-2:f:DOWN doris-3:M:up]
19:14:02 #61 OK DELETE id=1707762 via doris-1 rows=10252 [doris-1:f:up doris-2:f:DOWN doris-3:M:up]
19:14:03 #62 OK SELECT id=1707762 via doris-1 rows=10252 [doris-1:f:up doris-2:f:DOWN doris-3:M:up]
19:14:05 #63 OK INSERT id=1707763 via doris-1 rows=10253 [doris-1:f:up doris-2:f:DOWN doris-3:M:up]
19:14:06 #64 OK UPSERT id=1707763 via doris-1 rows=10252 [doris-1:f:up doris-2:f:DOWN doris-3:M:up]
19:14:07 #65 OK SELECT id=1707763 via doris-1 rows=10252 [doris-1:f:up doris-2:f:DOWN doris-3:M:up]
19:14:08 #66 OK DELETE id=1707763 via doris-1 rows=10252 [doris-1:f:up doris-2:f:DOWN doris-3:M:up]
19:14:09 #67 OK SELECT id=1707763 via doris-1 rows=10252 [doris-1:f:up doris-2:f:DOWN doris-3:M:up]
19:14:10 #68 OK INSERT id=1707764 via doris-1 rows=10253 [doris-1:f:up doris-2:f:DOWN doris-3:M:up]
19:14:11 #69 OK UPSERT id=1707764 via doris-1 rows=10252 [doris-1:f:up doris-2:f:DOWN doris-3:M:up]
19:14:12 #70 OK SELECT id=1707764 via doris-1 rows=10252 [doris-1:f:up doris-2:f:DOWN doris-3:M:up]
19:14:13 #71 OK DELETE id=1707764 via doris-1 rows=10252 [doris-1:f:up doris-2:f:DOWN doris-3:M:up]
19:14:14 #72 OK SELECT id=1707764 via doris-1 rows=10252 [doris-1:f:up doris-2:f:DOWN doris-3:M:up]
19:14:15 #73 OK INSERT id=1707765 via doris-1 rows=10253 [doris-1:f:up doris-2:f:DOWN doris-3:M:up]
19:14:16 #74 OK UPSERT id=1707765 via doris-1 rows=10253 [doris-1:f:up doris-2:f:DOWN doris-3:M:up]
19:14:17 #75 OK SELECT id=1707765 via doris-1 rows=10253 [doris-1:f:up doris-2:f:DOWN doris-3:M:up]
19:14:18 #76 OK DELETE id=1707765 via doris-1 rows=10252 [doris-1:f:up doris-2:f:DOWN doris-3:M:up]
19:14:19 #77 OK SELECT id=1707765 via doris-1 rows=10251 [doris-1:f:up doris-2:f:DOWN doris-3:M:up]
19:14:21 #78 OK INSERT id=1707766 via doris-1 rows=10252 [doris-1:f:up doris-2:f:DOWN doris-3:M:up]
19:14:22 #79 OK UPSERT id=1707766 via doris-1 rows=10253 [doris-1:f:up doris-2:f:DOWN doris-3:M:up]
19:14:23 #80 OK SELECT id=1707766 via doris-1 rows=10253 [doris-1:f:up doris-2:f:DOWN doris-3:M:up]
19:14:24 #81 OK DELETE id=1707766 via doris-1 rows=10252 [doris-1:f:up doris-2:f:DOWN doris-3:M:up]
19:14:25 #82 OK SELECT id=1707766 via doris-1 rows=10251 [doris-1:f:up doris-2:f:DOWN doris-3:M:up]
19:14:26 #83 OK INSERT id=1707767 via doris-1 rows=10252 [doris-1:f:up doris-2:f:DOWN doris-3:M:up]
19:14:27 #84 OK UPSERT id=1707767 via doris-1 rows=10253 [doris-1:f:up doris-2:f:DOWN doris-3:M:up]
19:14:28 #85 OK SELECT id=1707767 via doris-1 rows=10253 [doris-1:f:up doris-2:f:DOWN doris-3:M:up]
19:14:29 #86 OK DELETE id=1707767 via doris-1 rows=10252 [doris-1:f:up doris-2:f:DOWN doris-3:M:up]
19:14:30 #87 OK SELECT id=1707767 via doris-1 rows=10251 [doris-1:f:up doris-2:f:DOWN doris-3:M:up]
19:14:31 #88 OK INSERT id=1707768 via doris-1 rows=10252 [doris-1:f:up doris-2:f:DOWN doris-3:M:up]
19:14:32 #89 OK UPSERT id=1707768 via doris-1 rows=10253 [doris-1:f:up doris-2:f:DOWN doris-3:M:up]
19:14:33 #90 OK SELECT id=1707768 via doris-1 rows=10253 [doris-1:f:up doris-2:f:DOWN doris-3:M:up]
19:14:34 #91 OK DELETE id=1707768 via doris-1 rows=10252 [doris-1:f:up doris-2:f:DOWN doris-3:M:up]
19:14:35 #92 OK SELECT id=1707768 via doris-1 rows=10251 [doris-1:f:up doris-2:f:DOWN doris-3:M:up]
19:14:36 #93 OK INSERT id=1707769 via doris-1 rows=10252 [doris-1:f:up doris-2:f:DOWN doris-3:M:up]
19:14:38 #94 OK UPSERT id=1707769 via doris-1 rows=10252 [doris-1:f:up doris-2:f:DOWN doris-3:M:up]
19:14:39 #95 OK SELECT id=1707769 via doris-1 rows=10252 [doris-1:f:up doris-2:f:DOWN doris-3:M:up]
19:14:40 #96 OK DELETE id=1707769 via doris-1 rows=10251 [doris-1:f:up doris-2:f:DOWN doris-3:M:up]
19:14:41 #97 OK SELECT id=1707769 via doris-1 rows=10252 [doris-1:f:up doris-2:f:DOWN doris-3:M:up]
19:14:42 #98 OK INSERT id=1707770 via doris-1 rows=10253 [doris-1:f:up doris-2:f:DOWN doris-3:M:up]
19:14:43 #99 OK UPSERT id=1707770 via doris-1 rows=10253 [doris-1:f:up doris-2:f:DOWN doris-3:M:up]
19:14:44 #100 OK SELECT id=1707770 via doris-1 rows=10252 [doris-1:f:up doris-2:f:DOWN doris-3:M:up]
19:14:45 #101 OK DELETE id=1707770 via doris-1 rows=10251 [doris-1:f:up doris-2:f:DOWN doris-3:M:up]
19:14:46 #102 OK SELECT id=1707770 via doris-1 rows=10252 [doris-1:f:up doris-2:f:DOWN doris-3:M:up]
19:14:47 #103 OK INSERT id=1707771 via doris-1 rows=10253 [doris-1:f:up doris-2:f:DOWN doris-3:M:up]
19:14:48 #104 OK UPSERT id=1707771 via doris-1 rows=10253 [doris-1:f:up doris-2:f:DOWN doris-3:M:up]
19:14:49 #105 OK SELECT id=1707771 via doris-1 rows=10252 [doris-1:f:up doris-2:f:DOWN doris-3:M:up]
19:14:50 #106 OK DELETE id=1707771 via doris-1 rows=10251 [doris-1:f:up doris-2:f:DOWN doris-3:M:up]
19:14:51 #107 OK SELECT id=1707771 via doris-1 rows=10252 [doris-1:f:up doris-2:f:DOWN doris-3:M:up]
19:14:52 #108 OK INSERT id=1707772 via doris-1 rows=10253 [doris-1:f:up doris-2:f:DOWN doris-3:M:up]
19:14:53 #109 OK UPSERT id=1707772 via doris-1 rows=10253 [doris-1:f:up doris-2:f:DOWN doris-3:M:up]
19:14:54 #110 OK SELECT id=1707772 via doris-1 rows=10252 [doris-1:f:up doris-2:f:DOWN doris-3:M:up]
19:14:56 #111 OK DELETE id=1707772 via doris-1 rows=10251 [doris-1:f:up doris-2:f:DOWN doris-3:M:up]
19:14:57 #112 OK SELECT id=1707772 via doris-1 rows=10252 [doris-1:f:up doris-2:f:DOWN doris-3:M:up]
19:14:58 #113 OK INSERT id=1707773 via doris-1 rows=10253 [doris-1:f:up doris-2:f:DOWN doris-3:M:up]
19:14:59 #114 OK UPSERT id=1707773 via doris-1 rows=10253 [doris-1:f:up doris-2:f:DOWN doris-3:M:up]
19:15:00 #115 OK SELECT id=1707773 via doris-1 rows=10253 [doris-1:f:up doris-2:f:DOWN doris-3:M:up]
19:15:01 #116 OK DELETE id=1707773 via doris-1 rows=10252 [doris-1:f:up doris-2:f:DOWN doris-3:M:up]
19:15:02 #117 OK SELECT id=1707773 via doris-1 rows=10252 [doris-1:f:up doris-2:f:DOWN doris-3:M:up]
19:15:03 #118 OK INSERT id=1707774 via doris-1 rows=10252 [doris-1:f:up doris-2:f:DOWN doris-3:M:up]
19:15:04 #119 OK UPSERT id=1707774 via doris-1 rows=10252 [doris-1:f:up doris-2:f:DOWN doris-3:M:up]
19:15:05 #120 OK SELECT id=1707774 via doris-1 rows=10253 [doris-1:f:up doris-2:f:DOWN doris-3:M:up]
19:15:06 #121 OK DELETE id=1707774 via doris-1 rows=10252 [doris-1:f:up doris-2:f:DOWN doris-3:M:up]
19:15:07 #122 OK SELECT id=1707774 via doris-1 rows=10252 [doris-1:f:up doris-2:f:DOWN doris-3:M:up]
19:15:08 #123 OK INSERT id=1707775 via doris-1 rows=10252 [doris-1:f:up doris-2:f:DOWN doris-3:M:up]
19:15:09 #124 OK UPSERT id=1707775 via doris-1 rows=10252 [doris-1:f:up doris-2:f:DOWN doris-3:M:up]
19:15:10 #125 OK SELECT id=1707775 via doris-1 rows=10253 [doris-1:f:up doris-2:f:DOWN doris-3:M:up]
19:15:11 #126 OK DELETE id=1707775 via doris-1 rows=10252 [doris-1:f:up doris-2:f:DOWN doris-3:M:up]
19:15:12 #127 OK SELECT id=1707775 via doris-1 rows=10252 [doris-1:f:up doris-2:f:DOWN doris-3:M:up]
19:15:14 #128 OK INSERT id=1707776 via doris-1 rows=10252 [doris-1:f:up doris-2:f:DOWN doris-3:M:up]
19:15:15 #129 OK UPSERT id=1707776 via doris-1 rows=10252 [doris-1:f:up doris-2:f:DOWN doris-3:M:up]
19:15:16 #130 OK SELECT id=1707776 via doris-1 rows=10253 [doris-1:f:up doris-2:f:DOWN doris-3:M:up]
19:15:17 #131 OK DELETE id=1707776 via doris-1 rows=10252 [doris-1:f:up doris-2:f:DOWN doris-3:M:up]
19:15:18 #132 OK SELECT id=1707776 via doris-1 rows=10252 [doris-1:f:up doris-2:f:DOWN doris-3:M:up]
19:15:19 #133 OK INSERT id=1707777 via doris-1 rows=10253 [doris-1:f:up doris-2:f:DOWN doris-3:M:up]
19:15:20 #134 OK UPSERT id=1707777 via doris-1 rows=10253 [doris-1:f:up doris-2:f:DOWN doris-3:M:up]
19:15:21 #135 OK SELECT id=1707777 via doris-1 rows=10253 [doris-1:f:up doris-2:f:DOWN doris-3:M:up]
19:15:22 #136 OK DELETE id=1707777 via doris-1 rows=10251 [doris-1:f:up doris-2:f:DOWN doris-3:M:up]
19:15:23 #137 OK SELECT id=1707777 via doris-1 rows=10251 [doris-1:f:up doris-2:f:DOWN doris-3:M:up]
19:15:24 #138 OK INSERT id=1707778 via doris-1 rows=10253 [doris-1:f:up doris-2:f:DOWN doris-3:M:up]
19:15:25 #139 OK UPSERT id=1707778 via doris-1 rows=10253 [doris-1:f:up doris-2:f:DOWN doris-3:M:up]
19:15:26 #140 OK SELECT id=1707778 via doris-1 rows=10253 [doris-1:f:up doris-2:f:DOWN doris-3:M:up]
19:15:27 #141 OK DELETE id=1707778 via doris-1 rows=10251 [doris-1:f:up doris-2:f:DOWN doris-3:M:up]
19:15:28 #142 OK SELECT id=1707778 via doris-1 rows=10251 [doris-1:f:up doris-2:f:DOWN doris-3:M:up]
19:15:29 #143 OK INSERT id=1707779 via doris-1 rows=10253 [doris-1:f:up doris-2:f:DOWN doris-3:M:up]
19:15:30 #144 OK UPSERT id=1707779 via doris-1 rows=10253 [doris-1:f:up doris-2:f:DOWN doris-3:M:up]
19:15:32 #145 OK SELECT id=1707779 via doris-1 rows=10253 [doris-1:f:up doris-2:f:DOWN doris-3:M:up]
19:15:33 #146 OK DELETE id=1707779 via doris-1 rows=10251 [doris-1:f:up doris-2:f:DOWN doris-3:M:up]
19:15:33 EVENT restore: start doris-2
19:15:34 #147 OK SELECT id=1707779 via doris-1 rows=10251 [doris-1:f:up doris-2:f:DOWN doris-3:M:up]
19:15:35 #148 OK INSERT id=1707780 via doris-1 rows=10253 [doris-1:f:up doris-2:f:DOWN doris-3:M:up]
19:15:36 #149 OK UPSERT id=1707780 via doris-1 rows=10253 [doris-1:f:up doris-2:f:DOWN doris-3:M:up]
19:15:37 #150 OK SELECT id=1707780 via doris-1 rows=10253 [doris-1:f:up doris-2:f:DOWN doris-3:M:up]
19:15:38 #151 OK DELETE id=1707780 via doris-1 rows=10251 [doris-1:f:up doris-2:f:DOWN doris-3:M:up]
19:15:39 #152 OK SELECT id=1707780 via doris-1 rows=10251 [doris-1:f:up doris-2:f:DOWN doris-3:M:up]
19:15:40 #153 OK INSERT id=1707781 via doris-1 rows=10252 [doris-1:f:up doris-2:f:DOWN doris-3:M:up]
19:15:41 #154 OK UPSERT id=1707781 via doris-1 rows=10252 [doris-1:f:up doris-2:f:DOWN doris-3:M:up]
19:15:42 #155 OK SELECT id=1707781 via doris-1 rows=10252 [doris-1:f:up doris-2:f:DOWN doris-3:M:up]
19:15:43 #156 OK DELETE id=1707781 via doris-1 rows=10252 [doris-1:f:up doris-2:f:DOWN doris-3:M:up]
19:15:44 #157 OK SELECT id=1707781 via doris-1 rows=10252 [doris-1:f:up doris-2:f:DOWN doris-3:M:up]
19:15:45 #158 OK INSERT id=1707782 via doris-1 rows=10253 [doris-1:f:up doris-2:f:DOWN doris-3:M:up]
19:15:46 #159 OK UPSERT id=1707782 via doris-1 rows=10252 [doris-1:f:up doris-2:f:DOWN doris-3:M:up]
19:15:47 #160 OK SELECT id=1707782 via doris-1 rows=10252 [doris-1:f:up doris-2:f:DOWN doris-3:M:up]
19:15:48 #161 OK DELETE id=1707782 via doris-1 rows=10252 [doris-1:f:up doris-2:f:DOWN doris-3:M:up]
19:15:49 #162 OK SELECT id=1707782 via doris-1 rows=10252 [doris-1:f:up doris-2:f:DOWN doris-3:M:up]
19:15:51 #163 OK INSERT id=1707783 via doris-1 rows=10253 [doris-1:f:up doris-2:f:DOWN doris-3:M:up]
19:15:52 #164 OK UPSERT id=1707783 via doris-1 rows=10252 [doris-1:f:up doris-2:f:DOWN doris-3:M:up]
19:15:53 #165 OK SELECT id=1707783 via doris-1 rows=10252 [doris-1:f:up doris-2:f:DOWN doris-3:M:up]
19:15:54 #166 OK DELETE id=1707783 via doris-1 rows=10252 [doris-1:f:up doris-2:f:DOWN doris-3:M:up]
19:15:55 #167 OK SELECT id=1707783 via doris-1 rows=10252 [doris-1:f:up doris-2:f:DOWN doris-3:M:up]
19:15:56 #168 OK INSERT id=1707784 via doris-1 rows=10253 [doris-1:f:up doris-2:f:DOWN doris-3:M:up]
19:15:57 #169 OK UPSERT id=1707784 via doris-1 rows=10252 [doris-1:f:up doris-2:f:DOWN doris-3:M:up]
19:15:58 #170 OK SELECT id=1707784 via doris-1 rows=10252 [doris-1:f:up doris-2:f:DOWN doris-3:M:up]
19:15:59 #171 OK DELETE id=1707784 via doris-1 rows=10252 [doris-1:f:up doris-2:f:DOWN doris-3:M:up]
19:16:00 #172 OK SELECT id=1707784 via doris-1 rows=10252 [doris-1:f:up doris-2:f:DOWN doris-3:M:up]
19:16:01 #173 OK INSERT id=1707785 via doris-1 rows=10253 [doris-1:f:up doris-2:f:DOWN doris-3:M:up]
19:16:02 #174 OK UPSERT id=1707785 via doris-1 rows=10252 [doris-1:f:up doris-2:f:DOWN doris-3:M:up]
19:16:03 #175 OK SELECT id=1707785 via doris-1 rows=10252 [doris-1:f:up doris-2:f:DOWN doris-3:M:up]
19:16:04 #176 OK DELETE id=1707785 via doris-1 rows=10252 [doris-1:f:up doris-2:f:DOWN doris-3:M:up]
19:16:05 #177 OK SELECT id=1707785 via doris-1 rows=10252 [doris-1:f:up doris-2:f:DOWN doris-3:M:up]
19:16:06 #178 OK INSERT id=1707786 via doris-1 rows=10253 [doris-1:f:up doris-2:f:DOWN doris-3:M:up]
19:16:07 #179 OK UPSERT id=1707786 via doris-1 rows=10252 [doris-1:f:up doris-2:f:DOWN doris-3:M:up]
19:16:09 #180 OK SELECT id=1707786 via doris-1 rows=10252 [doris-1:f:up doris-2:f:DOWN doris-3:M:up]
19:16:10 #181 OK DELETE id=1707786 via doris-1 rows=10252 [doris-1:f:up doris-2:f:DOWN doris-3:M:up]
19:16:11 #182 OK SELECT id=1707786 via doris-1 rows=10252 [doris-1:f:up doris-2:f:DOWN doris-3:M:up]
19:16:12 #183 OK INSERT id=1707787 via doris-1 rows=10253 [doris-1:f:up doris-2:f:DOWN doris-3:M:up]
19:16:13 #184 OK UPSERT id=1707787 via doris-1 rows=10252 [doris-1:f:up doris-2:f:DOWN doris-3:M:up]
19:16:14 #185 OK SELECT id=1707787 via doris-1 rows=10252 [doris-1:f:up doris-2:f:DOWN doris-3:M:up]
19:16:15 #186 OK DELETE id=1707787 via doris-1 rows=10252 [doris-1:f:up doris-2:f:DOWN doris-3:M:up]
19:16:16 #187 OK SELECT id=1707787 via doris-1 rows=10252 [doris-1:f:up doris-2:f:DOWN doris-3:M:up]
19:16:17 #188 OK INSERT id=1707788 via doris-1 rows=10253 [doris-1:f:up doris-2:f:up doris-3:M:up]
19:16:18 #189 OK UPSERT id=1707788 via doris-1 rows=10252 [doris-1:f:up doris-2:f:up doris-3:M:up]
19:16:19 #190 OK SELECT id=1707788 via doris-1 rows=10252 [doris-1:f:up doris-2:f:up doris-3:M:up]
19:16:20 #191 OK DELETE id=1707788 via doris-1 rows=10252 [doris-1:f:up doris-2:f:up doris-3:M:up]
19:16:21 #192 OK SELECT id=1707788 via doris-1 rows=10252 [doris-1:f:up doris-2:f:up doris-3:M:up]
19:16:22 #193 OK INSERT id=1707789 via doris-1 rows=10253 [doris-1:f:up doris-2:f:up doris-3:M:up]
19:16:23 #194 OK UPSERT id=1707789 via doris-1 rows=10252 [doris-1:f:up doris-2:f:up doris-3:M:up]
19:16:25 #195 OK SELECT id=1707789 via doris-1 rows=10252 [doris-1:f:up doris-2:f:up doris-3:M:up]
19:16:26 #196 OK DELETE id=1707789 via doris-1 rows=10252 [doris-1:f:up doris-2:f:up doris-3:M:up]
19:16:27 #197 OK SELECT id=1707789 via doris-1 rows=10252 [doris-1:f:up doris-2:f:up doris-3:M:up]
19:16:28 #198 OK INSERT id=1707790 via doris-1 rows=10253 [doris-1:f:up doris-2:f:up doris-3:M:up]
19:16:29 #199 OK UPSERT id=1707790 via doris-1 rows=10252 [doris-1:f:up doris-2:f:up doris-3:M:up]
19:16:30 #200 OK SELECT id=1707790 via doris-1 rows=10252 [doris-1:f:up doris-2:f:up doris-3:M:up]
19:16:31 #201 OK DELETE id=1707790 via doris-1 rows=10252 [doris-1:f:up doris-2:f:up doris-3:M:up]
19:16:32 #202 OK SELECT id=1707790 via doris-1 rows=10252 [doris-1:f:up doris-2:f:up doris-3:M:up]
19:16:33 #203 OK INSERT id=1707791 via doris-1 rows=10253 [doris-1:f:up doris-2:f:up doris-3:M:up]
19:16:34 #204 OK UPSERT id=1707791 via doris-1 rows=10252 [doris-1:f:up doris-2:f:up doris-3:M:up]
19:16:35 #205 OK SELECT id=1707791 via doris-1 rows=10252 [doris-1:f:up doris-2:f:up doris-3:M:up]
19:16:36 #206 OK DELETE id=1707791 via doris-1 rows=10251 [doris-1:f:up doris-2:f:up doris-3:M:up]
19:16:37 #207 OK SELECT id=1707791 via doris-1 rows=10251 [doris-1:f:up doris-2:f:up doris-3:M:up]
19:16:38 #208 OK INSERT id=1707792 via doris-1 rows=10253 [doris-1:f:up doris-2:f:up doris-3:M:up]
19:16:40 #209 OK UPSERT id=1707792 via doris-1 rows=10253 [doris-1:f:up doris-2:f:up doris-3:M:up]
19:16:41 #210 OK SELECT id=1707792 via doris-1 rows=10253 [doris-1:f:up doris-2:f:up doris-3:M:up]
19:16:42 #211 OK DELETE id=1707792 via doris-1 rows=10252 [doris-1:f:up doris-2:f:up doris-3:M:up]
19:16:43 #212 OK SELECT id=1707792 via doris-1 rows=10251 [doris-1:f:up doris-2:f:up doris-3:M:up]
19:16:43 EVENT restore: cluster healthy
19:16:44 #213 OK INSERT id=1707793 via doris-1 rows=10252 [doris-1:f:up doris-2:f:up doris-3:M:up]
19:16:45 #214 OK UPSERT id=1707793 via doris-1 rows=10253 [doris-1:f:up doris-2:f:up doris-3:M:up]
19:16:46 #215 OK SELECT id=1707793 via doris-1 rows=10253 [doris-1:f:up doris-2:f:up doris-3:M:up]
19:16:47 #216 OK DELETE id=1707793 via doris-1 rows=10252 [doris-1:f:up doris-2:f:up doris-3:M:up]
19:16:48 #217 OK SELECT id=1707793 via doris-1 rows=10252 [doris-1:f:up doris-2:f:up doris-3:M:up]
19:16:49 #218 OK INSERT id=1707794 via doris-1 rows=10252 [doris-1:f:up doris-2:f:up doris-3:M:up]
19:16:50 #219 OK UPSERT id=1707794 via doris-1 rows=10252 [doris-1:f:up doris-2:f:up doris-3:M:up]
19:16:51 #220 OK SELECT id=1707794 via doris-1 rows=10253 [doris-1:f:up doris-2:f:up doris-3:M:up]
19:16:52 #221 OK DELETE id=1707794 via doris-1 rows=10252 [doris-1:f:up doris-2:f:up doris-3:M:up]
19:16:53 #222 OK SELECT id=1707794 via doris-1 rows=10252 [doris-1:f:up doris-2:f:up doris-3:M:up]
19:16:54 #223 OK INSERT id=1707795 via doris-1 rows=10252 [doris-1:f:up doris-2:f:up doris-3:M:up]
19:16:55 #224 OK UPSERT id=1707795 via doris-1 rows=10252 [doris-1:f:up doris-2:f:up doris-3:M:up]
19:16:56 #225 OK SELECT id=1707795 via doris-1 rows=10253 [doris-1:f:up doris-2:f:up doris-3:M:up]
19:16:58 #226 OK DELETE id=1707795 via doris-1 rows=10252 [doris-1:f:up doris-2:f:up doris-3:M:up]
19:16:59 #227 OK SELECT id=1707795 via doris-1 rows=10252 [doris-1:f:up doris-2:f:up doris-3:M:up]
19:17:00 #228 OK INSERT id=1707796 via doris-1 rows=10252 [doris-1:f:up doris-2:f:up doris-3:M:up]
19:17:01 #229 OK UPSERT id=1707796 via doris-1 rows=10252 [doris-1:f:up doris-2:f:up doris-3:M:up]
19:17:02 #230 OK SELECT id=1707796 via doris-1 rows=10253 [doris-1:f:up doris-2:f:up doris-3:M:up]
19:17:03 #231 OK DELETE id=1707796 via doris-1 rows=10252 [doris-1:f:up doris-2:f:up doris-3:M:up]
19:17:04 #232 OK SELECT id=1707796 via doris-1 rows=10252 [doris-1:f:up doris-2:f:up doris-3:M:up]
19:17:05 #233 OK INSERT id=1707797 via doris-1 rows=10252 [doris-1:f:up doris-2:f:up doris-3:M:up]
19:17:06 #234 OK UPSERT id=1707797 via doris-1 rows=10252 [doris-1:f:up doris-2:f:up doris-3:M:up]
19:17:07 #235 OK SELECT id=1707797 via doris-1 rows=10253 [doris-1:f:up doris-2:f:up doris-3:M:up]
19:17:08 #236 OK DELETE id=1707797 via doris-1 rows=10252 [doris-1:f:up doris-2:f:up doris-3:M:up]
19:17:09 #237 OK SELECT id=1707797 via doris-1 rows=10252 [doris-1:f:up doris-2:f:up doris-3:M:up]
