
[1;36m== start all VMs (terraform vm_status=RUNNING) ==[0m  [2m03:09:15[0m
[0m[1mgoogle_project_service.apis["compute.googleapis.com"]: Refreshing state... [id=doris-poc/compute.googleapis.com][0m
[0m[1mgoogle_project_service.apis["artifactregistry.googleapis.com"]: Refreshing state... [id=doris-poc/artifactregistry.googleapis.com][0m
[0m[1mgoogle_project_service.apis["cloudbuild.googleapis.com"]: Refreshing state... [id=doris-poc/cloudbuild.googleapis.com][0m
[0m[1mdata.google_project.this: Reading...[0m[0m
[0m[1mgoogle_project_service.apis["run.googleapis.com"]: Refreshing state... [id=doris-poc/run.googleapis.com][0m
[0m[1mgoogle_compute_firewall.operator: Refreshing state... [id=projects/doris-poc/global/firewalls/doris-client-from-me][0m
[0m[1mdata.google_project.this: Read complete after 2s [id=projects/doris-poc][0m
[0m[1mgoogle_compute_instance.client: Refreshing state... [id=projects/doris-poc/zones/asia-east1-a/instances/doris-client][0m
[0m[1mgoogle_compute_instance.doris[1]: Refreshing state... [id=projects/doris-poc/zones/asia-east1-b/instances/doris-2][0m
[0m[1mgoogle_compute_instance.doris[2]: Refreshing state... [id=projects/doris-poc/zones/asia-east1-c/instances/doris-3][0m
[0m[1mgoogle_compute_instance.doris[0]: Refreshing state... [id=projects/doris-poc/zones/asia-east1-a/instances/doris-1][0m

Terraform used the selected providers to generate the following execution
plan. Resource actions are indicated with the following symbols:
  [32m+[0m create[0m
  [33m~[0m update in-place[0m

Terraform will perform the following actions:

[1m  # google_compute_instance.client[0m will be updated in-place
[0m  [33m~[0m[0m resource "google_compute_instance" "client" {
      [33m~[0m[0m desired_status             = "TERMINATED" [33m->[0m[0m "RUNNING"
        id                         = "projects/doris-poc/zones/asia-east1-a/instances/doris-client"
        name                       = "doris-client"
        tags                       = []
        [90m# (25 unchanged attributes hidden)[0m[0m

        [90m# (5 unchanged blocks hidden)[0m[0m
    }

[1m  # google_compute_instance.doris[0][0m will be updated in-place
[0m  [33m~[0m[0m resource "google_compute_instance" "doris" {
      [33m~[0m[0m desired_status             = "TERMINATED" [33m->[0m[0m "RUNNING"
        id                         = "projects/doris-poc/zones/asia-east1-a/instances/doris-1"
        name                       = "doris-1"
        tags                       = [
            "doris",
        ]
        [90m# (25 unchanged attributes hidden)[0m[0m

        [90m# (5 unchanged blocks hidden)[0m[0m
    }

[1m  # google_compute_instance.doris[1][0m will be updated in-place
[0m  [33m~[0m[0m resource "google_compute_instance" "doris" {
      [33m~[0m[0m desired_status             = "TERMINATED" [33m->[0m[0m "RUNNING"
        id                         = "projects/doris-poc/zones/asia-east1-b/instances/doris-2"
        name                       = "doris-2"
        tags                       = [
            "doris",
        ]
        [90m# (25 unchanged attributes hidden)[0m[0m

        [90m# (5 unchanged blocks hidden)[0m[0m
    }

[1m  # google_compute_instance.doris[2][0m will be updated in-place
[0m  [33m~[0m[0m resource "google_compute_instance" "doris" {
      [33m~[0m[0m desired_status             = "TERMINATED" [33m->[0m[0m "RUNNING"
        id                         = "projects/doris-poc/zones/asia-east1-c/instances/doris-3"
        name                       = "doris-3"
        tags                       = [
            "doris",
        ]
        [90m# (25 unchanged attributes hidden)[0m[0m

        [90m# (5 unchanged blocks hidden)[0m[0m
    }

[1m  # local_file.inventory[0m will be created
[0m  [32m+[0m[0m resource "local_file" "inventory" {
      [32m+[0m[0m content              = <<-EOT
            # generated by terraform apply — do not edit
            [doris]
            doris-1 ansible_host= internal_ip=10.140.0.2 zone=asia-east1-a fe_seed=true
            doris-2 ansible_host= internal_ip=10.140.0.3 zone=asia-east1-b fe_seed=false
            doris-3 ansible_host= internal_ip=10.140.0.4 zone=asia-east1-c fe_seed=false
            
            [client]
            doris-client ansible_host= internal_ip=10.140.0.5 zone=asia-east1-a
            
            [all:vars]
            ansible_user=yugachang
            ansible_ssh_private_key_file=~/.ssh/google_compute_engine
            seed_internal_ip=10.140.0.2
        EOT
      [32m+[0m[0m content_base64sha256 = (known after apply)
      [32m+[0m[0m content_base64sha512 = (known after apply)
      [32m+[0m[0m content_md5          = (known after apply)
      [32m+[0m[0m content_sha1         = (known after apply)
      [32m+[0m[0m content_sha256       = (known after apply)
      [32m+[0m[0m content_sha512       = (known after apply)
      [32m+[0m[0m directory_permission = "0777"
      [32m+[0m[0m file_permission      = "0644"
      [32m+[0m[0m filename             = "./../ansible/inventory.ini"
      [32m+[0m[0m id                   = (known after apply)
    }

[1mPlan:[0m [0m1 to add, 4 to change, 0 to destroy.

Changes to Outputs:
  [33m~[0m[0m client    = {
      [33m~[0m[0m external_ip = "104.155.203.141" [33m->[0m[0m ""
        name        = "doris-client"
        [90m# (2 unchanged attributes hidden)[0m[0m
    }
  [33m~[0m[0m nodes     = [
      [33m~[0m[0m {
          [33m~[0m[0m external_ip = "34.80.84.237" [33m->[0m[0m ""
            name        = "doris-1"
            [90m# (2 unchanged attributes hidden)[0m[0m
        },
      [33m~[0m[0m {
          [33m~[0m[0m external_ip = "104.199.213.69" [33m->[0m[0m ""
            name        = "doris-2"
            [90m# (2 unchanged attributes hidden)[0m[0m
        },
      [33m~[0m[0m {
          [33m~[0m[0m external_ip = "34.80.234.205" [33m->[0m[0m ""
            name        = "doris-3"
            [90m# (2 unchanged attributes hidden)[0m[0m
        },
    ]
[0m[1mgoogle_compute_instance.doris[1]: Modifying... [id=projects/doris-poc/zones/asia-east1-b/instances/doris-2][0m[0m
[0m[1mgoogle_compute_instance.client: Modifying... [id=projects/doris-poc/zones/asia-east1-a/instances/doris-client][0m[0m
[0m[1mgoogle_compute_instance.doris[0]: Modifying... [id=projects/doris-poc/zones/asia-east1-a/instances/doris-1][0m[0m
[0m[1mgoogle_compute_instance.doris[2]: Modifying... [id=projects/doris-poc/zones/asia-east1-c/instances/doris-3][0m[0m
[0m[1mgoogle_compute_instance.client: Still modifying... [id=projects/doris-poc/zones/asia-east1-a/instances/doris-client, 00m10s elapsed][0m[0m
[0m[1mgoogle_compute_instance.doris[1]: Still modifying... [id=projects/doris-poc/zones/asia-east1-b/instances/doris-2, 00m10s elapsed][0m[0m
[0m[1mgoogle_compute_instance.doris[2]: Still modifying... [id=projects/doris-poc/zones/asia-east1-c/instances/doris-3, 00m10s elapsed][0m[0m
[0m[1mgoogle_compute_instance.doris[0]: Still modifying... [id=projects/doris-poc/zones/asia-east1-a/instances/doris-1, 00m10s elapsed][0m[0m
[0m[1mgoogle_compute_instance.doris[1]: Modifications complete after 11s [id=projects/doris-poc/zones/asia-east1-b/instances/doris-2][0m
[0m[1mgoogle_compute_instance.doris[0]: Modifications complete after 11s [id=projects/doris-poc/zones/asia-east1-a/instances/doris-1][0m
[0m[1mgoogle_compute_instance.client: Modifications complete after 11s [id=projects/doris-poc/zones/asia-east1-a/instances/doris-client][0m
[0m[1mgoogle_compute_instance.doris[2]: Modifications complete after 11s [id=projects/doris-poc/zones/asia-east1-c/instances/doris-3][0m
[31m╷[0m[0m
[31m│[0m [0m[1m[31mError: [0m[0m[1mProvider produced inconsistent final plan[0m
[31m│[0m [0m
[31m│[0m [0m[0mWhen expanding the plan for local_file.inventory to include new values
[31m│[0m [0mlearned so far during apply, provider
[31m│[0m [0m"registry.terraform.io/hashicorp/local" produced an invalid new value for
[31m│[0m [0m.content: was cty.StringVal("# generated by terraform apply — do not
[31m│[0m [0medit\n[doris]\ndoris-1 ansible_host= internal_ip=10.140.0.2
[31m│[0m [0mzone=asia-east1-a fe_seed=true\ndoris-2 ansible_host=
[31m│[0m [0minternal_ip=10.140.0.3 zone=asia-east1-b fe_seed=false\ndoris-3
[31m│[0m [0mansible_host= internal_ip=10.140.0.4 zone=asia-east1-c
[31m│[0m [0mfe_seed=false\n\n[client]\ndoris-client ansible_host=
[31m│[0m [0minternal_ip=10.140.0.5
[31m│[0m [0mzone=asia-east1-a\n\n[all:vars]\nansible_user=yugachang\nansible_ssh_private_key_file=~/.ssh/google_compute_engine\nseed_internal_ip=10.140.0.2\n"),
[31m│[0m [0mbut now cty.StringVal("# generated by terraform apply — do not
[31m│[0m [0medit\n[doris]\ndoris-1 ansible_host=35.185.162.157 internal_ip=10.140.0.2
[31m│[0m [0mzone=asia-east1-a fe_seed=true\ndoris-2 ansible_host=35.221.241.215
[31m│[0m [0minternal_ip=10.140.0.3 zone=asia-east1-b fe_seed=false\ndoris-3
[31m│[0m [0mansible_host=34.80.150.141 internal_ip=10.140.0.4 zone=asia-east1-c
[31m│[0m [0mfe_seed=false\n\n[client]\ndoris-client ansible_host=104.155.203.141
[31m│[0m [0minternal_ip=10.140.0.5
[31m│[0m [0mzone=asia-east1-a\n\n[all:vars]\nansible_user=yugachang\nansible_ssh_private_key_file=~/.ssh/google_compute_engine\nseed_internal_ip=10.140.0.2\n").
[31m│[0m [0m
[31m│[0m [0mThis is a bug in the provider, which should be reported in the provider's
[31m│[0m [0mown issue tracker.
[31m╵[0m[0m

[1;36m== start all VMs (terraform vm_status=RUNNING) ==[0m  [2m03:10:14[0m
[0m[1mdata.google_project.this: Reading...[0m[0m
[0m[1mgoogle_project_service.apis["compute.googleapis.com"]: Refreshing state... [id=doris-poc/compute.googleapis.com][0m
[0m[1mgoogle_project_service.apis["cloudbuild.googleapis.com"]: Refreshing state... [id=doris-poc/cloudbuild.googleapis.com][0m
[0m[1mgoogle_project_service.apis["artifactregistry.googleapis.com"]: Refreshing state... [id=doris-poc/artifactregistry.googleapis.com][0m
[0m[1mgoogle_project_service.apis["run.googleapis.com"]: Refreshing state... [id=doris-poc/run.googleapis.com][0m
[0m[1mdata.google_project.this: Read complete after 1s [id=projects/doris-poc][0m
[0m[1mgoogle_compute_instance.doris[1]: Refreshing state... [id=projects/doris-poc/zones/asia-east1-b/instances/doris-2][0m
[0m[1mgoogle_compute_instance.doris[2]: Refreshing state... [id=projects/doris-poc/zones/asia-east1-c/instances/doris-3][0m
[0m[1mgoogle_compute_instance.client: Refreshing state... [id=projects/doris-poc/zones/asia-east1-a/instances/doris-client][0m
[0m[1mgoogle_compute_instance.doris[0]: Refreshing state... [id=projects/doris-poc/zones/asia-east1-a/instances/doris-1][0m

Changes to Outputs:
  [33m~[0m[0m client = {
      [33m~[0m[0m external_ip = "" [33m->[0m[0m "104.155.203.141"
        name        = "doris-client"
        [90m# (2 unchanged attributes hidden)[0m[0m
    }
  [33m~[0m[0m nodes  = [
      [33m~[0m[0m {
          [33m~[0m[0m external_ip = "" [33m->[0m[0m "35.185.162.157"
            name        = "doris-1"
            [90m# (2 unchanged attributes hidden)[0m[0m
        },
      [33m~[0m[0m {
          [33m~[0m[0m external_ip = "" [33m->[0m[0m "35.221.241.215"
            name        = "doris-2"
            [90m# (2 unchanged attributes hidden)[0m[0m
        },
      [33m~[0m[0m {
          [33m~[0m[0m external_ip = "" [33m->[0m[0m "34.80.150.141"
            name        = "doris-3"
            [90m# (2 unchanged attributes hidden)[0m[0m
        },
    ]

You can apply this plan to save these new output values to the Terraform
state, without changing any real infrastructure.
[33m╷[0m[0m
[33m│[0m [0m[1m[33mWarning: [0m[0m[1mResource targeting is in effect[0m
[33m│[0m [0m
[33m│[0m [0m[0mYou are creating a plan with the -target option, which means that the
[33m│[0m [0mresult of this plan may not represent all of the changes requested by the
[33m│[0m [0mcurrent configuration.
[33m│[0m [0m
[33m│[0m [0mThe -target option is not for routine use, and is provided only for
[33m│[0m [0mexceptional situations such as recovering from errors or mistakes, or when
[33m│[0m [0mTerraform specifically suggests to use it as part of an error message.
[33m╵[0m[0m
[33m╷[0m[0m
[33m│[0m [0m[1m[33mWarning: [0m[0m[1mApplied changes may be incomplete[0m
[33m│[0m [0m
[33m│[0m [0m[0mThe plan was created with the -target option in effect, so some changes
[33m│[0m [0mrequested in the configuration may have been ignored and the output values
[33m│[0m [0mmay not be fully updated. Run the following command to verify that no other
[33m│[0m [0mchanges are pending:
[33m│[0m [0m    terraform plan
[33m│[0m [0m
[33m│[0m [0mNote that the -target option is not suitable for routine use, and is
[33m│[0m [0mprovided only for exceptional situations such as recovering from errors or
[33m│[0m [0mmistakes, or when Terraform specifically suggests to use it as part of an
[33m│[0m [0merror message.
[33m╵[0m[0m
[0m[1m[32m
Apply complete! Resources: 0 added, 0 changed, 0 destroyed.[0m
[0m[1m[32m
Outputs:

[0mclient = {
  "external_ip" = "104.155.203.141"
  "internal_ip" = "10.140.0.5"
  "name" = "doris-client"
  "zone" = "asia-east1-a"
}
inventory = "./../ansible/inventory.ini"
nodes = [
  {
    "external_ip" = "35.185.162.157"
    "internal_ip" = "10.140.0.2"
    "name" = "doris-1"
    "zone" = "asia-east1-a"
  },
  {
    "external_ip" = "35.221.241.215"
    "internal_ip" = "10.140.0.3"
    "name" = "doris-2"
    "zone" = "asia-east1-b"
  },
  {
    "external_ip" = "34.80.150.141"
    "internal_ip" = "10.140.0.4"
    "name" = "doris-3"
    "zone" = "asia-east1-c"
  },
]
[0m[1mdata.google_project.this: Reading...[0m[0m
[0m[1mgoogle_project_service.apis["artifactregistry.googleapis.com"]: Refreshing state... [id=doris-poc/artifactregistry.googleapis.com][0m
[0m[1mgoogle_project_service.apis["cloudbuild.googleapis.com"]: Refreshing state... [id=doris-poc/cloudbuild.googleapis.com][0m
[0m[1mgoogle_project_service.apis["compute.googleapis.com"]: Refreshing state... [id=doris-poc/compute.googleapis.com][0m
[0m[1mgoogle_project_service.apis["run.googleapis.com"]: Refreshing state... [id=doris-poc/run.googleapis.com][0m
[0m[1mgoogle_compute_firewall.operator: Refreshing state... [id=projects/doris-poc/global/firewalls/doris-client-from-me][0m
[0m[1mdata.google_project.this: Read complete after 1s [id=projects/doris-poc][0m
[0m[1mgoogle_compute_instance.client: Refreshing state... [id=projects/doris-poc/zones/asia-east1-a/instances/doris-client][0m
[0m[1mgoogle_compute_instance.doris[2]: Refreshing state... [id=projects/doris-poc/zones/asia-east1-c/instances/doris-3][0m
[0m[1mgoogle_compute_instance.doris[0]: Refreshing state... [id=projects/doris-poc/zones/asia-east1-a/instances/doris-1][0m
[0m[1mgoogle_compute_instance.doris[1]: Refreshing state... [id=projects/doris-poc/zones/asia-east1-b/instances/doris-2][0m

Terraform used the selected providers to generate the following execution
plan. Resource actions are indicated with the following symbols:
  [32m+[0m create[0m

Terraform will perform the following actions:

[1m  # local_file.inventory[0m will be created
[0m  [32m+[0m[0m resource "local_file" "inventory" {
      [32m+[0m[0m content              = <<-EOT
            # generated by terraform apply — do not edit
            [doris]
            doris-1 ansible_host=35.185.162.157 internal_ip=10.140.0.2 zone=asia-east1-a fe_seed=true
            doris-2 ansible_host=35.221.241.215 internal_ip=10.140.0.3 zone=asia-east1-b fe_seed=false
            doris-3 ansible_host=34.80.150.141 internal_ip=10.140.0.4 zone=asia-east1-c fe_seed=false
            
            [client]
            doris-client ansible_host=104.155.203.141 internal_ip=10.140.0.5 zone=asia-east1-a
            
            [all:vars]
            ansible_user=yugachang
            ansible_ssh_private_key_file=~/.ssh/google_compute_engine
            seed_internal_ip=10.140.0.2
        EOT
      [32m+[0m[0m content_base64sha256 = (known after apply)
      [32m+[0m[0m content_base64sha512 = (known after apply)
      [32m+[0m[0m content_md5          = (known after apply)
      [32m+[0m[0m content_sha1         = (known after apply)
      [32m+[0m[0m content_sha256       = (known after apply)
      [32m+[0m[0m content_sha512       = (known after apply)
      [32m+[0m[0m directory_permission = "0777"
      [32m+[0m[0m file_permission      = "0644"
      [32m+[0m[0m filename             = "./../ansible/inventory.ini"
      [32m+[0m[0m id                   = (known after apply)
    }

[1mPlan:[0m [0m1 to add, 0 to change, 0 to destroy.
[0m[1mlocal_file.inventory: Creating...[0m[0m
[0m[1mlocal_file.inventory: Creation complete after 0s [id=bd6c23f2c8f14e20d97610359570b38f6dcf1e93][0m
[0m[1m[32m
Apply complete! Resources: 1 added, 0 changed, 0 destroyed.[0m
[0m[1m[32m
Outputs:

[0mclient = {
  "external_ip" = "104.155.203.141"
  "internal_ip" = "10.140.0.5"
  "name" = "doris-client"
  "zone" = "asia-east1-a"
}
inventory = "./../ansible/inventory.ini"
nodes = [
  {
    "external_ip" = "35.185.162.157"
    "internal_ip" = "10.140.0.2"
    "name" = "doris-1"
    "zone" = "asia-east1-a"
  },
  {
    "external_ip" = "35.221.241.215"
    "internal_ip" = "10.140.0.3"
    "name" = "doris-2"
    "zone" = "asia-east1-b"
  },
  {
    "external_ip" = "34.80.150.141"
    "internal_ip" = "10.140.0.4"
    "name" = "doris-3"
    "zone" = "asia-east1-c"
  },
]
  NAME     ZONE           INTERNAL     EXTERNAL
  doris-1  asia-east1-a   10.140.0.2   35.185.162.157
  doris-2  asia-east1-b   10.140.0.3   35.221.241.215
  doris-3  asia-east1-c   10.140.0.4   34.80.150.141
healthy after 2s
hatest.events (UNIQUE KEY, 3 replicas) rows=10061
(queried via doris-1 35.185.162.157)
FE:
  doris-1  10.140.0.2   follower alive=true  journal=16341
  doris-2  10.140.0.3   follower alive=true  journal=16341
  doris-3  10.140.0.4   MASTER   alive=true  journal=16343
BE:
  doris-1  10.140.0.2   alive=true  tablets=22
  doris-2  10.140.0.3   alive=true  tablets=25
  doris-3  10.140.0.4   alive=true  tablets=27
replicas hatest.events: {'OK': 12}   rows=10061

[1;36m== client: ansible --limit client ==[0m  [2m03:10:37[0m

PLAY [Install and configure Doris FE + BE on every node] ***********************
skipping: no hosts matched

PLAY [Form the cluster from the seed FE (add followers and backends)] **********
skipping: no hosts matched

PLAY [Install the three probes on the client VM] *******************************

TASK [Gathering Facts] *********************************************************
ok: [doris-client]

TASK [probe_client : Timezone (probe logs line up with the operator's clock)] ***
ok: [doris-client]

TASK [probe_client : OS packages] **********************************************
ok: [doris-client]

TASK [probe_client : Probe directories] ****************************************
ok: [doris-client] => (item=/opt/probe)
ok: [doris-client] => (item=/opt/probe/log)
ok: [doris-client] => (item=/opt/probe/jdbc)

TASK [probe_client : Probe sources] ********************************************
changed: [doris-client] => (item=probe_common.py)
ok: [doris-client] => (item=probe_mysql.py)
ok: [doris-client] => (item=probe_flight.py)
changed: [doris-client] => (item=Probe.java)

TASK [probe_client : Python venv with client libraries] ************************
ok: [doris-client]

TASK [probe_client : MySQL Connector/J 9.4.0] **********************************
ok: [doris-client]

TASK [probe_client : Is the JDBC probe compiled?] ******************************
ok: [doris-client]

TASK [probe_client : Compile the JDBC probe] ***********************************
changed: [doris-client]

TASK [probe_client : systemd units for the probes (left disabled; demo.sh monitor starts them)] ***
ok: [doris-client] => (item=probe-mysql)
ok: [doris-client] => (item=probe-jdbc)
ok: [doris-client] => (item=probe-flight)

TASK [probe_client : Reload systemd and restart running probes with the new code] ***
changed: [doris-client]

PLAY RECAP *********************************************************************
doris-client               : ok=11   changed=3    unreachable=0    failed=0    skipped=0    rescued=0    ignored=0   

[1;32m✔ client VM ready (probes: mysql jdbc flight)[0m
03:10:54 ##### pass 2 start: 16 scenario(s) ['vm-stop-3clients', 'vm-stop-master-direct', 'vm-stop-master-follower', 'vm-stop-follower', 'fe-crash-master', 'fe-crash-follower', 'fe-dead-master', 'fe-hang-master', 'fe-hang-follower', 'be-crash', 'be-dead', 'be-hang', 'double-vm-fe-dead', 'double-vm-be-dead', 'double-two-vms', 'double-crossed']
03:10:54 $ /home/yugachang/workspace/doris-poc/venv/bin/python /home/yugachang/workspace/doris-poc/cluster.py wait /home/yugachang/workspace/doris-poc/.state/hosts.tsv 300
03:10:55   cluster healthy (before pass)
03:10:55 === [vm-stop-3clients] 三個 client 同時觀察 VM 停機  steps=['--target vm --on master']
03:10:55 $ /home/yugachang/workspace/doris-poc/demo.sh monitor --fresh
03:11:00   wait 30s (baseline)
03:11:30 $ /home/yugachang/workspace/doris-poc/demo.sh break --target vm --on master
03:11:57   wait 90s (observe)
03:13:27 $ /home/yugachang/workspace/doris-poc/demo.sh measure --json
03:13:33   during: mysql=讀寫正常 (4s), jdbc=讀寫正常 (4s), flight=讀取正常 (2s)  alive=FE 2/3 (master doris-2) BE 2/3 replicas {'OK': 8, 'DEAD': 4} rows=10062 via doris-1
03:13:33 $ /home/yugachang/workspace/doris-poc/demo.sh restore
03:14:25   wait 25s (settle)
03:14:50 $ /home/yugachang/workspace/doris-poc/demo.sh measure --json
03:14:55   after:  mysql=讀寫正常 fails=1 impact=4s, jdbc=讀寫正常 fails=2 impact=4s, flight=讀取正常 fails=1 impact=2s  alive=FE 3/3 (master doris-2) BE 3/3 replicas {'OK': 12} rows=10064 via doris-1  healthy=True
03:14:55 === [vm-stop-master-direct] master 所在 VM 停機，client 直連 master  steps=['--target vm --on master']
03:14:55 $ /home/yugachang/workspace/doris-poc/demo.sh monitor --fresh --order master-first
03:15:01   wait 30s (baseline)
03:15:31 $ /home/yugachang/workspace/doris-poc/demo.sh break --target vm --on master
03:16:06   wait 90s (observe)
03:17:36 $ /home/yugachang/workspace/doris-poc/demo.sh measure --json
03:17:41   during: mysql=讀寫正常 (0s), jdbc=讀寫正常 (4s), flight=讀取正常 (0s)  alive=FE 2/3 (master doris-3) BE 2/3 replicas {'OK': 8, 'DEAD': 4} rows=10067 via doris-1
03:17:41 $ /home/yugachang/workspace/doris-poc/demo.sh restore
03:18:44   wait 25s (settle)
03:19:09 $ /home/yugachang/workspace/doris-poc/demo.sh measure --json
03:19:16   after:  mysql=讀寫正常 fails=1 impact=0s, jdbc=讀寫正常 fails=1 impact=4s, flight=讀取正常 fails=1 impact=0s  alive=FE 3/3 (master doris-3) BE 3/3 replicas {'OK': 12} rows=10067 via doris-1  healthy=True
03:19:16 === [vm-stop-master-follower] master 所在 VM 停機，client 連在 follower  steps=['--target vm --on master']
03:19:16 $ /home/yugachang/workspace/doris-poc/demo.sh monitor --fresh --order follower-first
03:19:21   wait 30s (baseline)
03:19:51 $ /home/yugachang/workspace/doris-poc/demo.sh break --target vm --on master
03:20:18   wait 90s (observe)
03:21:48 $ /home/yugachang/workspace/doris-poc/demo.sh measure --json
03:21:55   during: mysql=讀寫正常 (28s), jdbc=讀寫正常 (32s), flight=讀取正常 (30s)  alive=FE 2/3 (master doris-2) BE 2/3 replicas {'OK': 8, 'DEAD': 4} rows=10067 via doris-1
03:21:55 $ /home/yugachang/workspace/doris-poc/demo.sh restore
03:22:51   wait 25s (settle)
03:23:16 $ /home/yugachang/workspace/doris-poc/demo.sh measure --json
03:23:22   after:  mysql=讀寫正常 fails=7 impact=28s, jdbc=讀寫正常 fails=4 impact=32s, flight=讀取正常 fails=6 impact=30s  alive=FE 3/3 (master doris-2) BE 3/3 replicas {'OK': 12} rows=10068 via doris-1  healthy=True
03:23:22 === [vm-stop-follower] follower 所在 VM 停機  steps=['--target vm --on follower']
03:23:22 $ /home/yugachang/workspace/doris-poc/demo.sh monitor --fresh
03:23:27   wait 30s (baseline)
03:23:57 $ /home/yugachang/workspace/doris-poc/demo.sh break --target vm --on follower
03:24:24   wait 90s (observe)
03:25:54 $ /home/yugachang/workspace/doris-poc/demo.sh measure --json
03:26:03   during: mysql=讀寫正常 (0s), jdbc=讀寫正常 (2s), flight=讀取正常 (2s)  alive=FE 2/3 (master doris-2) BE 2/3 replicas {'DEAD': 4, 'OK': 8} rows=10068 via doris-2
03:26:03 $ /home/yugachang/workspace/doris-poc/demo.sh restore
03:27:05   wait 25s (settle)
03:27:30 $ /home/yugachang/workspace/doris-poc/demo.sh measure --json
03:27:37   after:  mysql=讀寫正常 fails=1 impact=0s, jdbc=讀寫正常 fails=1 impact=2s, flight=讀取正常 fails=1 impact=2s  alive=FE 3/3 (master doris-2) BE 3/3 replicas {'OK': 12} rows=10067 via doris-1  healthy=True
03:27:37 === [fe-crash-master] master FE crash（kill -9，systemd 自動拉起）  steps=['--target fe --mode crash --on master']
03:27:37 $ /home/yugachang/workspace/doris-poc/demo.sh monitor --fresh
03:27:43   wait 30s (baseline)
03:28:13 $ /home/yugachang/workspace/doris-poc/demo.sh break --target fe --mode crash --on master
03:28:33   wait 90s (observe)
03:30:03 $ /home/yugachang/workspace/doris-poc/demo.sh measure --json
03:30:09   during: mysql=讀寫正常 (18s), jdbc=讀寫正常 (22s), flight=讀取正常 (6s)  alive=FE 3/3 (master doris-3) BE 3/3 replicas {'OK': 12} rows=10070 via doris-1
03:30:09 $ /home/yugachang/workspace/doris-poc/demo.sh restore
03:30:16   wait 25s (settle)
03:30:41 $ /home/yugachang/workspace/doris-poc/demo.sh measure --json
03:30:47   after:  mysql=讀寫正常 fails=2 impact=18s, jdbc=讀寫正常 fails=11 impact=22s, flight=讀取正常 fails=0 impact=6s  alive=FE 3/3 (master doris-3) BE 3/3 replicas {'OK': 12} rows=10071 via doris-1  healthy=True
03:30:47 === [fe-crash-follower] follower FE crash  steps=['--target fe --mode crash --on follower']
03:30:47 $ /home/yugachang/workspace/doris-poc/demo.sh monitor --fresh
03:30:52   wait 30s (baseline)
03:31:22 $ /home/yugachang/workspace/doris-poc/demo.sh break --target fe --mode crash --on follower
03:31:42   wait 90s (observe)
03:33:12 $ /home/yugachang/workspace/doris-poc/demo.sh measure --json
03:33:17   during: mysql=讀寫正常 (1s), jdbc=讀寫正常 (1s), flight=讀取正常 (2s)  alive=FE 3/3 (master doris-3) BE 3/3 replicas {'OK': 12} rows=10073 via doris-1
03:33:17 $ /home/yugachang/workspace/doris-poc/demo.sh restore
03:33:24   wait 25s (settle)
03:33:49 $ /home/yugachang/workspace/doris-poc/demo.sh measure --json
03:33:54   after:  mysql=讀寫正常 fails=1 impact=1s, jdbc=讀寫正常 fails=1 impact=1s, flight=讀取正常 fails=1 impact=2s  alive=FE 3/3 (master doris-3) BE 3/3 replicas {'OK': 12} rows=10072 via doris-1  healthy=True
03:33:54 === [fe-dead-master] master FE dead（systemctl stop，不自動起）  steps=['--target fe --mode dead --on master']
03:33:54 $ /home/yugachang/workspace/doris-poc/demo.sh monitor --fresh
03:34:00   wait 30s (baseline)
03:34:30 $ /home/yugachang/workspace/doris-poc/demo.sh break --target fe --mode dead --on master
03:34:37   wait 90s (observe)
03:36:07 $ /home/yugachang/workspace/doris-poc/demo.sh measure --json
03:36:13   during: mysql=讀寫正常 (22s), jdbc=讀寫正常 (22s), flight=讀取正常 (7s)  alive=FE 2/3 (master doris-2) BE 3/3 replicas {'OK': 12} rows=10077 via doris-1
03:36:13 $ /home/yugachang/workspace/doris-poc/demo.sh restore
03:36:41   wait 25s (settle)
03:37:06 $ /home/yugachang/workspace/doris-poc/demo.sh measure --json
03:37:12   after:  mysql=讀寫正常 fails=4 impact=22s, jdbc=讀寫正常 fails=3 impact=22s, flight=讀取正常 fails=1 impact=7s  alive=FE 3/3 (master doris-2) BE 3/3 replicas {'OK': 12} rows=10079 via doris-1  healthy=True
03:37:12 === [fe-hang-master] master FE hang（kill -STOP）  steps=['--target fe --mode hang --on master']
03:37:12 $ /home/yugachang/workspace/doris-poc/demo.sh monitor --fresh
03:37:17   wait 30s (baseline)
03:37:47 $ /home/yugachang/workspace/doris-poc/demo.sh break --target fe --mode hang --on master
03:37:52   wait 120s (observe)
03:39:52 $ /home/yugachang/workspace/doris-poc/demo.sh measure --json
03:39:59   during: mysql=讀寫正常 (63s), jdbc=讀寫正常 (69s), flight=讀取正常 (63s)  alive=FE 2/3 (master doris-3) BE 3/3 replicas {'OK': 12} rows=10079 via doris-1
03:39:59 $ /home/yugachang/workspace/doris-poc/demo.sh restore
03:40:07   wait 25s (settle)
03:40:32 $ /home/yugachang/workspace/doris-poc/demo.sh measure --json
03:40:37   after:  mysql=讀寫正常 fails=7 impact=63s, jdbc=讀寫正常 fails=0 impact=69s, flight=讀取正常 fails=0 impact=63s  alive=FE 2/3 (master doris-3) BE 3/3 replicas {'OK': 12} rows=10079 via doris-1  healthy=True
03:40:37 === [fe-hang-follower] follower FE hang  steps=['--target fe --mode hang --on follower']
03:40:37 $ /home/yugachang/workspace/doris-poc/demo.sh monitor --fresh
03:40:43   wait 30s (baseline)
03:41:13 $ /home/yugachang/workspace/doris-poc/demo.sh break --target fe --mode hang --on follower
03:41:17   wait 90s (observe)
03:42:47 $ /home/yugachang/workspace/doris-poc/demo.sh measure --json
03:42:59   during: mysql=讀寫正常 (28s), jdbc=讀寫正常 (39s), flight=讀取正常 (39s)  alive=FE 2/3 (master doris-3) BE 3/3 replicas {'OK': 12} rows=10082 via doris-2
03:42:59 $ /home/yugachang/workspace/doris-poc/demo.sh restore
03:43:06   wait 25s (settle)
03:43:31 $ /home/yugachang/workspace/doris-poc/demo.sh measure --json
03:43:36   after:  mysql=讀寫正常 fails=1 impact=28s, jdbc=讀寫正常 fails=1 impact=48s, flight=讀取正常 fails=1 impact=39s  alive=FE 3/3 (master doris-3) BE 3/3 replicas {'OK': 12} rows=10084 via doris-1  healthy=True
03:43:36 === [be-crash] BE crash（systemd 自動拉起）  steps=['--target be --mode crash --on follower']
03:43:36 $ /home/yugachang/workspace/doris-poc/demo.sh monitor --fresh
03:43:42   wait 30s (baseline)
03:44:12 $ /home/yugachang/workspace/doris-poc/demo.sh break --target be --mode crash --on follower
03:44:31   wait 90s (observe)
03:46:01 $ /home/yugachang/workspace/doris-poc/demo.sh measure --json
03:46:08   during: mysql=讀寫正常 (18s), jdbc=讀寫正常 (18s), flight=讀取正常 (1s)  alive=FE 3/3 (master doris-3) BE 3/3 replicas {'OK': 12} rows=10086 via doris-1
03:46:08 $ /home/yugachang/workspace/doris-poc/demo.sh restore
03:46:15   wait 25s (settle)
03:46:40 $ /home/yugachang/workspace/doris-poc/demo.sh measure --json
03:46:45   after:  mysql=讀寫正常 fails=2 impact=18s, jdbc=讀寫正常 fails=2 impact=18s, flight=讀取正常 fails=1 impact=1s  alive=FE 3/3 (master doris-3) BE 3/3 replicas {'OK': 12} rows=10086 via doris-1  healthy=True
03:46:45 === [be-dead] BE dead  steps=['--target be --mode dead --on follower']
03:46:45 $ /home/yugachang/workspace/doris-poc/demo.sh monitor --fresh
03:46:50   wait 30s (baseline)
03:47:20 $ /home/yugachang/workspace/doris-poc/demo.sh break --target be --mode dead --on follower
03:47:27   wait 90s (observe)
03:48:57 $ /home/yugachang/workspace/doris-poc/demo.sh measure --json
03:49:03   during: mysql=讀寫正常 (9s), jdbc=讀寫正常 (8s), flight=讀取正常 (1s)  alive=FE 3/3 (master doris-3) BE 2/3 replicas {'DEAD': 4, 'OK': 8} rows=10089 via doris-1
03:49:03 $ /home/yugachang/workspace/doris-poc/demo.sh restore
03:49:32   wait 25s (settle)
03:49:57 $ /home/yugachang/workspace/doris-poc/demo.sh measure --json
03:50:02   after:  mysql=讀寫正常 fails=1 impact=9s, jdbc=讀寫正常 fails=1 impact=8s, flight=讀取正常 fails=1 impact=1s  alive=FE 3/3 (master doris-3) BE 3/3 replicas {'OK': 12} rows=10089 via doris-1  healthy=True
03:50:02 === [be-hang] BE hang（kill -STOP）  steps=['--target be --mode hang --on follower']
03:50:02 $ /home/yugachang/workspace/doris-poc/demo.sh monitor --fresh
03:50:08   wait 30s (baseline)
03:50:38 $ /home/yugachang/workspace/doris-poc/demo.sh break --target be --mode hang --on follower
03:50:42   wait 120s (observe)
03:52:42 $ /home/yugachang/workspace/doris-poc/demo.sh measure --json
03:52:48   during: mysql=讀寫正常 (27s), jdbc=讀寫正常 (27s), flight=讀取正常 (27s)  alive=FE 3/3 (master doris-3) BE 2/3 replicas {'DEAD': 4, 'OK': 8} rows=10091 via doris-1
03:52:48 $ /home/yugachang/workspace/doris-poc/demo.sh restore
03:53:11   wait 25s (settle)
03:53:36 $ /home/yugachang/workspace/doris-poc/demo.sh measure --json
03:53:41   after:  mysql=讀寫正常 fails=3 impact=27s, jdbc=讀寫正常 fails=3 impact=27s, flight=讀取正常 fails=3 impact=27s  alive=FE 3/3 (master doris-3) BE 3/3 replicas {'OK': 12} rows=10092 via doris-1  healthy=True
03:53:41 === [double-vm-fe-dead] VM 停 + 另一台 FE dead（FE 剩 1/3）  steps=['--target vm --on master', '--target fe --mode dead --on follower']
03:53:41 $ /home/yugachang/workspace/doris-poc/demo.sh monitor --fresh
03:53:47   wait 30s (baseline)
03:54:17 $ /home/yugachang/workspace/doris-poc/demo.sh break --target vm --on master
03:54:45   wait 30s (gap between breaks)
03:55:15 $ /home/yugachang/workspace/doris-poc/demo.sh break --target fe --mode dead --on follower
03:55:21   wait 90s (observe)
03:56:51 $ /home/yugachang/workspace/doris-poc/demo.sh measure --json
03:57:03   during: mysql=讀寫正常 (115s), jdbc=讀寫正常 (127s), flight=讀取正常 (120s)  alive=FE 1/3 (master doris-2) BE 2/3 replicas n/a rows=None via doris-2
03:57:03 $ /home/yugachang/workspace/doris-poc/demo.sh restore
04:02:09   wait 25s (settle)
04:02:34 $ /home/yugachang/workspace/doris-poc/demo.sh measure --json
04:02:41   after:  mysql=讀寫正常 fails=58 impact=394s, jdbc=讀寫正常 fails=53 impact=397s, flight=讀取正常 fails=26 impact=172s  alive=FE 3/3 (master doris-3) BE 3/3 replicas {'OK': 12} rows=10099 via doris-1  healthy=True
04:02:41 === [double-vm-be-dead] VM 停 + 另一台 BE dead（BE 剩 1/3）  steps=['--target vm --on master', '--target be --mode dead --on follower']
04:02:41 $ /home/yugachang/workspace/doris-poc/demo.sh monitor --fresh
04:02:46   wait 30s (baseline)
04:03:16 $ /home/yugachang/workspace/doris-poc/demo.sh break --target vm --on master
04:03:42   wait 30s (gap between breaks)
04:04:12 $ /home/yugachang/workspace/doris-poc/demo.sh break --target be --mode dead --on follower
04:04:19   wait 90s (observe)
04:05:49 $ /home/yugachang/workspace/doris-poc/demo.sh measure --json
04:05:55   during: mysql=只讀 (42s), jdbc=只讀 (48s), flight=讀取正常 (59s)  alive=FE 2/3 (master doris-2) BE 1/3 replicas {'DEAD': 8, 'OK': 4} rows=10099 via doris-1
04:05:55 $ /home/yugachang/workspace/doris-poc/demo.sh restore
04:06:55   wait 25s (settle)
04:07:20 $ /home/yugachang/workspace/doris-poc/demo.sh measure --json
04:07:25   after:  mysql=讀寫正常 fails=134 impact=43s, jdbc=讀寫正常 fails=136 impact=49s, flight=讀取正常 fails=65 impact=92s  alive=FE 3/3 (master doris-2) BE 3/3 replicas {'OK': 12} rows=10099 via doris-1  healthy=True
04:07:25 === [double-two-vms] 兩台 VM 停（FE 1/3、BE 1/3）  steps=['--target vm --on master', '--target vm --on follower']
04:07:25 $ /home/yugachang/workspace/doris-poc/demo.sh monitor --fresh
04:07:31   wait 30s (baseline)
04:08:01 $ /home/yugachang/workspace/doris-poc/demo.sh break --target vm --on master
04:08:27   wait 30s (gap between breaks)
04:08:57 $ /home/yugachang/workspace/doris-poc/demo.sh break --target vm --on follower
04:09:24   wait 90s (observe)
04:10:54 $ /home/yugachang/workspace/doris-poc/demo.sh measure --json
04:11:06   during: mysql=讀寫正常 (139s), jdbc=讀寫正常 (103s), flight=讀取正常 (59s)  alive=FE 0/3? BE ?/3 (no FE reachable: no FE reachable: (2003, "Can't connect to MySQL server on '34.80.234.205' ([Errno 111] Connection refused)"))
04:11:06 $ /home/yugachang/workspace/doris-poc/demo.sh restore
04:12:26   wait 25s (settle)
04:12:51 $ /home/yugachang/workspace/doris-poc/demo.sh measure --json
04:12:56   after:  mysql=讀寫正常 fails=42 impact=196s, jdbc=讀寫正常 fails=15 impact=192s, flight=讀取正常 fails=12 impact=143s  alive=FE 3/3 (master doris-3) BE 3/3 replicas {'OK': 12} rows=10102 via doris-1  healthy=True
04:12:56 === [double-crossed] 交錯故障（一台 VM 停、一台 BE dead、一台 FE dead）  steps=['--target vm --on doris-1', '--target be --mode dead --on doris-2', '--target fe --mode dead --on doris-3']
04:12:56 $ /home/yugachang/workspace/doris-poc/demo.sh monitor --fresh
04:13:02   wait 30s (baseline)
04:13:32 $ /home/yugachang/workspace/doris-poc/demo.sh break --target vm --on doris-1
04:14:00   wait 30s (gap between breaks)
04:14:30 $ /home/yugachang/workspace/doris-poc/demo.sh break --target be --mode dead --on doris-2
04:14:39   wait 30s (gap between breaks)
04:15:09 $ /home/yugachang/workspace/doris-poc/demo.sh break --target fe --mode dead --on doris-3
04:15:19   wait 90s (observe)
04:16:49 $ /home/yugachang/workspace/doris-poc/demo.sh measure --json
04:16:58   during: mysql=只讀 (79s), jdbc=只讀 (33s), flight=讀取正常 (130s)  alive=alive check failed: OperationalError: (1105, 'Exception, msg: Failed to get master client.')
04:16:58 $ /home/yugachang/workspace/doris-poc/demo.sh restore
04:18:15   wait 25s (settle)
04:18:40 $ /home/yugachang/workspace/doris-poc/demo.sh measure --json
04:18:46   after:  mysql=讀寫正常 fails=33 impact=129s, jdbc=讀寫正常 fails=52 impact=190s, flight=讀取正常 fails=15 impact=179s  alive=FE 3/3 (master doris-3) BE 3/3 replicas {'OK': 12} rows=10113 via doris-1  healthy=True
04:18:46 $ /home/yugachang/workspace/doris-poc/demo.sh measure
04:18:51 $ /home/yugachang/workspace/doris-poc/demo.sh stop
04:19:35 ##### pass 2 done: 16/16 scenarios
