16:37:59 PROBE start proto=jdbc hosts=doris-1,doris-2,doris-3 duration=86400s cycle=INSERT>UPSERT>SELECT>DELETE>SELECT url=jdbc:mysql://10.140.0.2:9030,10.140.0.3:9030,10.140.0.4:9030/hatest
16:38:00 connected to doris-1 (driver-selected host)
16:38:00 #1 OK INSERT id=2614790 via doris-1 rows=10186 [doris-1:f:up doris-2:M:up doris-3:f:up]
16:38:01 #2 OK UPSERT id=2614790 via doris-1 rows=10186 [doris-1:f:up doris-2:M:up doris-3:f:up]
16:38:02 #3 OK SELECT id=2614790 via doris-1 rows=10186 [doris-1:f:up doris-2:M:up doris-3:f:up]
16:38:03 #4 OK DELETE id=2614790 via doris-1 rows=10184 [doris-1:f:up doris-2:M:up doris-3:f:up]
16:38:04 #5 OK SELECT id=2614790 via doris-1 rows=10184 [doris-1:f:up doris-2:M:up doris-3:f:up]
16:38:05 #6 OK INSERT id=2614791 via doris-1 rows=10186 [doris-1:f:up doris-2:M:up doris-3:f:up]
16:38:06 #7 OK UPSERT id=2614791 via doris-1 rows=10186 [doris-1:f:up doris-2:M:up doris-3:f:up]
16:38:07 #8 OK SELECT id=2614791 via doris-1 rows=10186 [doris-1:f:up doris-2:M:up doris-3:f:up]
16:38:09 #9 OK DELETE id=2614791 via doris-1 rows=10184 [doris-1:f:up doris-2:M:up doris-3:f:up]
16:38:10 #10 OK SELECT id=2614791 via doris-1 rows=10184 [doris-1:f:up doris-2:M:up doris-3:f:up]
16:38:11 #11 OK INSERT id=2614792 via doris-1 rows=10186 [doris-1:f:up doris-2:M:up doris-3:f:up]
16:38:12 #12 OK UPSERT id=2614792 via doris-1 rows=10186 [doris-1:f:up doris-2:M:up doris-3:f:up]
16:38:13 #13 OK SELECT id=2614792 via doris-1 rows=10186 [doris-1:f:up doris-2:M:up doris-3:f:up]
16:38:14 #14 OK DELETE id=2614792 via doris-1 rows=10184 [doris-1:f:up doris-2:M:up doris-3:f:up]
16:38:15 #15 OK SELECT id=2614792 via doris-1 rows=10184 [doris-1:f:up doris-2:M:up doris-3:f:up]
16:38:16 #16 OK INSERT id=2614793 via doris-1 rows=10186 [doris-1:f:up doris-2:M:up doris-3:f:up]
16:38:17 #17 OK UPSERT id=2614793 via doris-1 rows=10186 [doris-1:f:up doris-2:M:up doris-3:f:up]
16:38:18 #18 OK SELECT id=2614793 via doris-1 rows=10186 [doris-1:f:up doris-2:M:up doris-3:f:up]
16:38:19 #19 OK DELETE id=2614793 via doris-1 rows=10184 [doris-1:f:up doris-2:M:up doris-3:f:up]
16:38:20 #20 OK SELECT id=2614793 via doris-1 rows=10184 [doris-1:f:up doris-2:M:up doris-3:f:up]
16:38:21 #21 OK INSERT id=2614794 via doris-1 rows=10186 [doris-1:f:up doris-2:M:up doris-3:f:up]
16:38:22 #22 OK UPSERT id=2614794 via doris-1 rows=10186 [doris-1:f:up doris-2:M:up doris-3:f:up]
16:38:24 #23 OK SELECT id=2614794 via doris-1 rows=10186 [doris-1:f:up doris-2:M:up doris-3:f:up]
16:38:25 #24 OK DELETE id=2614794 via doris-1 rows=10184 [doris-1:f:up doris-2:M:up doris-3:f:up]
16:38:26 #25 OK SELECT id=2614794 via doris-1 rows=10184 [doris-1:f:up doris-2:M:up doris-3:f:up]
16:38:27 #26 OK INSERT id=2614795 via doris-1 rows=10186 [doris-1:f:up doris-2:M:up doris-3:f:up]
16:38:28 #27 OK UPSERT id=2614795 via doris-1 rows=10186 [doris-1:f:up doris-2:M:up doris-3:f:up]
16:38:29 #28 OK SELECT id=2614795 via doris-1 rows=10186 [doris-1:f:up doris-2:M:up doris-3:f:up]
16:38:30 #29 OK DELETE id=2614795 via doris-1 rows=10184 [doris-1:f:up doris-2:M:up doris-3:f:up]
16:38:31 #30 OK SELECT id=2614795 via doris-1 rows=10184 [doris-1:f:up doris-2:M:up doris-3:f:up]
16:38:32 #31 OK INSERT id=2614796 via doris-1 rows=10186 [doris-1:f:up doris-2:M:up doris-3:f:up]
16:38:33 EVENT break: be crash on doris-1 (FE follower)
16:38:33 #32 OK UPSERT id=2614796 via doris-1 rows=10186 [doris-1:f:up doris-2:M:up doris-3:f:up]
16:38:34 #33 OK SELECT id=2614796 via doris-1 rows=10186 [doris-1:f:up doris-2:M:up doris-3:f:up]
16:38:38 #34 OK DELETE id=2614796 via doris-1 rows=10185 [doris-1:f:up doris-2:M:up doris-3:f:up]
16:38:39 #35 OK SELECT id=2614796 via doris-1 rows=10185 [doris-1:f:up doris-2:M:up doris-3:f:up]
16:38:40 #36 OK INSERT id=2614797 via doris-1 rows=10186 [doris-1:f:up doris-2:M:up doris-3:f:up]
16:38:41 #37 OK UPSERT id=2614797 via doris-1 rows=10185 [doris-1:f:up doris-2:M:up doris-3:f:up]
16:38:42 #38 OK SELECT id=2614797 via doris-1 rows=10185 [doris-1:f:up doris-2:M:up doris-3:f:up]
16:38:43 #39 OK DELETE id=2614797 via doris-1 rows=10185 [doris-1:f:up doris-2:M:up doris-3:f:up]
16:38:44 #40 OK SELECT id=2614797 via doris-1 rows=10185 [doris-1:f:up doris-2:M:up doris-3:f:up]
16:38:45 #41 OK INSERT id=2614798 via doris-1 rows=10186 [doris-1:f:up doris-2:M:up doris-3:f:up]
16:38:46 #42 OK UPSERT id=2614798 via doris-1 rows=10185 [doris-1:f:up doris-2:M:up doris-3:f:up]
16:38:47 #43 OK SELECT id=2614798 via doris-1 rows=10185 [doris-1:f:up doris-2:M:up doris-3:f:up]
16:38:49 #44 OK DELETE id=2614798 via doris-1 rows=10185 [doris-1:f:up doris-2:M:up doris-3:f:up]
16:38:50 #45 OK SELECT id=2614798 via doris-1 rows=10185 [doris-1:f:up doris-2:M:up doris-3:f:up]
16:38:51 EVENT recovered: be restarted by systemd on doris-1 (+9s)
16:38:51 #46 OK INSERT id=2614799 via doris-1 rows=10186 [doris-1:f:up doris-2:M:up doris-3:f:up]
16:38:52 #47 OK UPSERT id=2614799 via doris-1 rows=10185 [doris-1:f:up doris-2:M:up doris-3:f:up]
16:38:53 #48 OK SELECT id=2614799 via doris-1 rows=10185 [doris-1:f:up doris-2:M:up doris-3:f:up]
16:38:54 #49 OK DELETE id=2614799 via doris-1 rows=10185 [doris-1:f:up doris-2:M:up doris-3:f:up]
16:38:55 #50 OK SELECT id=2614799 via doris-1 rows=10185 [doris-1:f:up doris-2:M:up doris-3:f:up]
16:38:56 #51 OK INSERT id=2614800 via doris-1 rows=10186 [doris-1:f:up doris-2:M:up doris-3:f:up]
16:38:57 #52 OK UPSERT id=2614800 via doris-1 rows=10185 [doris-1:f:up doris-2:M:up doris-3:f:up]
16:38:58 #53 OK SELECT id=2614800 via doris-1 rows=10185 [doris-1:f:up doris-2:M:up doris-3:f:up]
16:38:59 #54 OK DELETE id=2614800 via doris-1 rows=10185 [doris-1:f:up doris-2:M:up doris-3:f:up]
16:39:00 #55 OK SELECT id=2614800 via doris-1 rows=10185 [doris-1:f:up doris-2:M:up doris-3:f:up]
16:39:01 #56 OK INSERT id=2614801 via doris-1 rows=10186 [doris-1:f:up doris-2:M:up doris-3:f:up]
16:39:02 #57 OK UPSERT id=2614801 via doris-1 rows=10185 [doris-1:f:up doris-2:M:up doris-3:f:up]
16:39:04 #58 OK SELECT id=2614801 via doris-1 rows=10185 [doris-1:f:up doris-2:M:up doris-3:f:up]
16:39:05 #59 OK DELETE id=2614801 via doris-1 rows=10185 [doris-1:f:up doris-2:M:up doris-3:f:up]
16:39:06 #60 OK SELECT id=2614801 via doris-1 rows=10185 [doris-1:f:up doris-2:M:up doris-3:f:up]
16:39:07 #61 OK INSERT id=2614802 via doris-1 rows=10186 [doris-1:f:up doris-2:M:up doris-3:f:up]
16:39:08 #62 OK UPSERT id=2614802 via doris-1 rows=10185 [doris-1:f:up doris-2:M:up doris-3:f:up]
16:39:09 #63 OK SELECT id=2614802 via doris-1 rows=10185 [doris-1:f:up doris-2:M:up doris-3:f:up]
16:39:10 #64 OK DELETE id=2614802 via doris-1 rows=10185 [doris-1:f:up doris-2:M:up doris-3:f:up]
16:39:11 #65 OK SELECT id=2614802 via doris-1 rows=10185 [doris-1:f:up doris-2:M:up doris-3:f:up]
16:39:12 #66 OK INSERT id=2614803 via doris-1 rows=10186 [doris-1:f:up doris-2:M:up doris-3:f:up]
16:39:13 #67 OK UPSERT id=2614803 via doris-1 rows=10185 [doris-1:f:up doris-2:M:up doris-3:f:up]
16:39:14 #68 OK SELECT id=2614803 via doris-1 rows=10185 [doris-1:f:up doris-2:M:up doris-3:f:up]
16:39:15 #69 OK DELETE id=2614803 via doris-1 rows=10185 [doris-1:f:up doris-2:M:up doris-3:f:up]
16:39:16 #70 OK SELECT id=2614803 via doris-1 rows=10185 [doris-1:f:up doris-2:M:up doris-3:f:up]
16:39:17 #71 OK INSERT id=2614804 via doris-1 rows=10186 [doris-1:f:up doris-2:M:up doris-3:f:up]
16:39:19 #72 OK UPSERT id=2614804 via doris-1 rows=10185 [doris-1:f:up doris-2:M:up doris-3:f:up]
16:39:20 #73 OK SELECT id=2614804 via doris-1 rows=10185 [doris-1:f:up doris-2:M:up doris-3:f:up]
16:39:21 #74 OK DELETE id=2614804 via doris-1 rows=10185 [doris-1:f:up doris-2:M:up doris-3:f:up]
16:39:22 #75 OK SELECT id=2614804 via doris-1 rows=10185 [doris-1:f:up doris-2:M:up doris-3:f:up]
16:39:23 #76 OK INSERT id=2614805 via doris-1 rows=10186 [doris-1:f:up doris-2:M:up doris-3:f:up]
16:39:24 #77 OK UPSERT id=2614805 via doris-1 rows=10185 [doris-1:f:up doris-2:M:up doris-3:f:up]
16:39:25 #78 OK SELECT id=2614805 via doris-1 rows=10185 [doris-1:f:up doris-2:M:up doris-3:f:up]
16:39:26 #79 OK DELETE id=2614805 via doris-1 rows=10185 [doris-1:f:up doris-2:M:up doris-3:f:up]
16:39:27 #80 OK SELECT id=2614805 via doris-1 rows=10185 [doris-1:f:up doris-2:M:up doris-3:f:up]
16:39:28 #81 OK INSERT id=2614806 via doris-1 rows=10186 [doris-1:f:up doris-2:M:up doris-3:f:up]
16:39:29 #82 OK UPSERT id=2614806 via doris-1 rows=10185 [doris-1:f:up doris-2:M:up doris-3:f:up]
16:39:30 #83 OK SELECT id=2614806 via doris-1 rows=10185 [doris-1:f:up doris-2:M:up doris-3:f:up]
16:39:31 #84 OK DELETE id=2614806 via doris-1 rows=10185 [doris-1:f:up doris-2:M:up doris-3:f:up]
16:39:32 #85 OK SELECT id=2614806 via doris-1 rows=10185 [doris-1:f:up doris-2:M:up doris-3:f:up]
16:39:34 #86 OK INSERT id=2614807 via doris-1 rows=10186 [doris-1:f:up doris-2:M:up doris-3:f:up]
16:39:35 #87 OK UPSERT id=2614807 via doris-1 rows=10185 [doris-1:f:up doris-2:M:up doris-3:f:up]
16:39:36 #88 OK SELECT id=2614807 via doris-1 rows=10185 [doris-1:f:up doris-2:M:up doris-3:f:up]
16:39:37 #89 OK DELETE id=2614807 via doris-1 rows=10185 [doris-1:f:up doris-2:M:up doris-3:f:up]
16:39:38 #90 OK SELECT id=2614807 via doris-1 rows=10185 [doris-1:f:up doris-2:M:up doris-3:f:up]
16:39:39 #91 OK INSERT id=2614808 via doris-1 rows=10186 [doris-1:f:up doris-2:M:up doris-3:f:up]
16:39:40 #92 OK UPSERT id=2614808 via doris-1 rows=10185 [doris-1:f:up doris-2:M:up doris-3:f:up]
16:39:41 #93 OK SELECT id=2614808 via doris-1 rows=10185 [doris-1:f:up doris-2:M:up doris-3:f:up]
16:39:42 #94 OK DELETE id=2614808 via doris-1 rows=10185 [doris-1:f:up doris-2:M:up doris-3:f:up]
16:39:43 #95 OK SELECT id=2614808 via doris-1 rows=10185 [doris-1:f:up doris-2:M:up doris-3:f:up]
16:39:44 #96 OK INSERT id=2614809 via doris-1 rows=10186 [doris-1:f:up doris-2:M:up doris-3:f:up]
16:39:45 #97 OK UPSERT id=2614809 via doris-1 rows=10185 [doris-1:f:up doris-2:M:up doris-3:f:up]
16:39:46 #98 OK SELECT id=2614809 via doris-1 rows=10185 [doris-1:f:up doris-2:M:up doris-3:f:up]
16:39:47 #99 OK DELETE id=2614809 via doris-1 rows=10185 [doris-1:f:up doris-2:M:up doris-3:f:up]
16:39:48 #100 OK SELECT id=2614809 via doris-1 rows=10185 [doris-1:f:up doris-2:M:up doris-3:f:up]
16:39:50 #101 OK INSERT id=2614810 via doris-1 rows=10186 [doris-1:f:up doris-2:M:up doris-3:f:up]
16:39:51 #102 OK UPSERT id=2614810 via doris-1 rows=10185 [doris-1:f:up doris-2:M:up doris-3:f:up]
16:39:52 #103 OK SELECT id=2614810 via doris-1 rows=10185 [doris-1:f:up doris-2:M:up doris-3:f:up]
16:39:53 #104 OK DELETE id=2614810 via doris-1 rows=10185 [doris-1:f:up doris-2:M:up doris-3:f:up]
16:39:54 #105 OK SELECT id=2614810 via doris-1 rows=10185 [doris-1:f:up doris-2:M:up doris-3:f:up]
16:39:55 #106 OK INSERT id=2614811 via doris-1 rows=10186 [doris-1:f:up doris-2:M:up doris-3:f:up]
16:39:56 #107 OK UPSERT id=2614811 via doris-1 rows=10185 [doris-1:f:up doris-2:M:up doris-3:f:up]
16:39:57 #108 OK SELECT id=2614811 via doris-1 rows=10185 [doris-1:f:up doris-2:M:up doris-3:f:up]
16:39:58 #109 OK DELETE id=2614811 via doris-1 rows=10185 [doris-1:f:up doris-2:M:up doris-3:f:up]
16:39:59 #110 OK SELECT id=2614811 via doris-1 rows=10185 [doris-1:f:up doris-2:M:up doris-3:f:up]
16:40:00 #111 OK INSERT id=2614812 via doris-1 rows=10186 [doris-1:f:up doris-2:M:up doris-3:f:up]
16:40:01 #112 OK UPSERT id=2614812 via doris-1 rows=10185 [doris-1:f:up doris-2:M:up doris-3:f:up]
16:40:02 #113 OK SELECT id=2614812 via doris-1 rows=10185 [doris-1:f:up doris-2:M:up doris-3:f:up]
16:40:03 #114 OK DELETE id=2614812 via doris-1 rows=10185 [doris-1:f:up doris-2:M:up doris-3:f:up]
16:40:05 #115 OK SELECT id=2614812 via doris-1 rows=10185 [doris-1:f:up doris-2:M:up doris-3:f:up]
16:40:06 #116 OK INSERT id=2614813 via doris-1 rows=10186 [doris-1:f:up doris-2:M:up doris-3:f:up]
16:40:07 #117 OK UPSERT id=2614813 via doris-1 rows=10185 [doris-1:f:up doris-2:M:up doris-3:f:up]
16:40:08 #118 OK SELECT id=2614813 via doris-1 rows=10185 [doris-1:f:up doris-2:M:up doris-3:f:up]
16:40:09 #119 OK DELETE id=2614813 via doris-1 rows=10185 [doris-1:f:up doris-2:M:up doris-3:f:up]
16:40:10 #120 OK SELECT id=2614813 via doris-1 rows=10185 [doris-1:f:up doris-2:M:up doris-3:f:up]
16:40:11 #121 OK INSERT id=2614814 via doris-1 rows=10186 [doris-1:f:up doris-2:M:up doris-3:f:up]
16:40:12 #122 OK UPSERT id=2614814 via doris-1 rows=10185 [doris-1:f:up doris-2:M:up doris-3:f:up]
16:40:13 #123 OK SELECT id=2614814 via doris-1 rows=10185 [doris-1:f:up doris-2:M:up doris-3:f:up]
16:40:14 #124 OK DELETE id=2614814 via doris-1 rows=10185 [doris-1:f:up doris-2:M:up doris-3:f:up]
16:40:15 #125 OK SELECT id=2614814 via doris-1 rows=10185 [doris-1:f:up doris-2:M:up doris-3:f:up]
16:40:16 #126 OK INSERT id=2614815 via doris-1 rows=10186 [doris-1:f:up doris-2:M:up doris-3:f:up]
16:40:17 #127 OK UPSERT id=2614815 via doris-1 rows=10185 [doris-1:f:up doris-2:M:up doris-3:f:up]
16:40:18 #128 OK SELECT id=2614815 via doris-1 rows=10185 [doris-1:f:up doris-2:M:up doris-3:f:up]
16:40:20 #129 OK DELETE id=2614815 via doris-1 rows=10185 [doris-1:f:up doris-2:M:up doris-3:f:up]
16:40:21 #130 OK SELECT id=2614815 via doris-1 rows=10185 [doris-1:f:up doris-2:M:up doris-3:f:up]
16:40:22 #131 OK INSERT id=2614816 via doris-1 rows=10186 [doris-1:f:up doris-2:M:up doris-3:f:up]
16:40:23 #132 OK UPSERT id=2614816 via doris-1 rows=10185 [doris-1:f:up doris-2:M:up doris-3:f:up]
16:40:24 #133 OK SELECT id=2614816 via doris-1 rows=10185 [doris-1:f:up doris-2:M:up doris-3:f:up]
16:40:25 #134 OK DELETE id=2614816 via doris-1 rows=10185 [doris-1:f:up doris-2:M:up doris-3:f:up]
16:40:26 #135 OK SELECT id=2614816 via doris-1 rows=10185 [doris-1:f:up doris-2:M:up doris-3:f:up]
16:40:27 #136 OK INSERT id=2614817 via doris-1 rows=10186 [doris-1:f:up doris-2:M:up doris-3:f:up]
16:40:28 EVENT restore: verify be on doris-1
16:40:28 #137 OK UPSERT id=2614817 via doris-1 rows=10185 [doris-1:f:up doris-2:M:up doris-3:f:up]
16:40:29 #138 OK SELECT id=2614817 via doris-1 rows=10185 [doris-1:f:up doris-2:M:up doris-3:f:up]
16:40:30 #139 OK DELETE id=2614817 via doris-1 rows=10185 [doris-1:f:up doris-2:M:up doris-3:f:up]
16:40:31 #140 OK SELECT id=2614817 via doris-1 rows=10185 [doris-1:f:up doris-2:M:up doris-3:f:up]
16:40:32 #141 OK INSERT id=2614818 via doris-1 rows=10186 [doris-1:f:up doris-2:M:up doris-3:f:up]
16:40:33 EVENT restore: cluster healthy
16:40:33 #142 OK UPSERT id=2614818 via doris-1 rows=10185 [doris-1:f:up doris-2:M:up doris-3:f:up]
16:40:34 #143 OK SELECT id=2614818 via doris-1 rows=10185 [doris-1:f:up doris-2:M:up doris-3:f:up]
16:40:36 #144 OK DELETE id=2614818 via doris-1 rows=10185 [doris-1:f:up doris-2:M:up doris-3:f:up]
16:40:37 #145 OK SELECT id=2614818 via doris-1 rows=10185 [doris-1:f:up doris-2:M:up doris-3:f:up]
16:40:38 #146 OK INSERT id=2614819 via doris-1 rows=10186 [doris-1:f:up doris-2:M:up doris-3:f:up]
16:40:39 #147 OK UPSERT id=2614819 via doris-1 rows=10185 [doris-1:f:up doris-2:M:up doris-3:f:up]
16:40:40 #148 OK SELECT id=2614819 via doris-1 rows=10185 [doris-1:f:up doris-2:M:up doris-3:f:up]
16:40:41 #149 OK DELETE id=2614819 via doris-1 rows=10185 [doris-1:f:up doris-2:M:up doris-3:f:up]
16:40:42 #150 OK SELECT id=2614819 via doris-1 rows=10185 [doris-1:f:up doris-2:M:up doris-3:f:up]
16:40:43 #151 OK INSERT id=2614820 via doris-1 rows=10186 [doris-1:f:up doris-2:M:up doris-3:f:up]
16:40:44 #152 OK UPSERT id=2614820 via doris-1 rows=10185 [doris-1:f:up doris-2:M:up doris-3:f:up]
16:40:45 #153 OK SELECT id=2614820 via doris-1 rows=10185 [doris-1:f:up doris-2:M:up doris-3:f:up]
16:40:46 #154 OK DELETE id=2614820 via doris-1 rows=10185 [doris-1:f:up doris-2:M:up doris-3:f:up]
16:40:47 #155 OK SELECT id=2614820 via doris-1 rows=10185 [doris-1:f:up doris-2:M:up doris-3:f:up]
16:40:48 #156 OK INSERT id=2614821 via doris-1 rows=10186 [doris-1:f:up doris-2:M:up doris-3:f:up]
16:40:49 #157 OK UPSERT id=2614821 via doris-1 rows=10185 [doris-1:f:up doris-2:M:up doris-3:f:up]
16:40:51 #158 OK SELECT id=2614821 via doris-1 rows=10185 [doris-1:f:up doris-2:M:up doris-3:f:up]
16:40:52 #159 OK DELETE id=2614821 via doris-1 rows=10185 [doris-1:f:up doris-2:M:up doris-3:f:up]
16:40:53 #160 OK SELECT id=2614821 via doris-1 rows=10185 [doris-1:f:up doris-2:M:up doris-3:f:up]
16:40:54 #161 OK INSERT id=2614822 via doris-1 rows=10186 [doris-1:f:up doris-2:M:up doris-3:f:up]
16:40:55 #162 OK UPSERT id=2614822 via doris-1 rows=10185 [doris-1:f:up doris-2:M:up doris-3:f:up]
16:40:56 #163 OK SELECT id=2614822 via doris-1 rows=10185 [doris-1:f:up doris-2:M:up doris-3:f:up]
16:40:57 #164 OK DELETE id=2614822 via doris-1 rows=10185 [doris-1:f:up doris-2:M:up doris-3:f:up]
16:40:58 #165 OK SELECT id=2614822 via doris-1 rows=10185 [doris-1:f:up doris-2:M:up doris-3:f:up]
16:40:59 #166 OK INSERT id=2614823 via doris-1 rows=10186 [doris-1:f:up doris-2:M:up doris-3:f:up]
16:41:00 #167 OK UPSERT id=2614823 via doris-1 rows=10185 [doris-1:f:up doris-2:M:up doris-3:f:up]
16:41:01 #168 OK SELECT id=2614823 via doris-1 rows=10185 [doris-1:f:up doris-2:M:up doris-3:f:up]
