16:05:46 PROBE start proto=arrow-flight hosts=doris-1,doris-2,doris-3 duration=86400s cycle=INSERT>UPSERT>SELECT>DELETE>SELECT
16:05:46 connected to doris-1 (10.140.0.2)
16:05:46 DML unsupported over arrow-flight (InternalError: RuntimeException, msg: getMysqlChannel not in mysql connection (Internal; ExecuteQuery)) — switching to SELECT-only mode
16:05:46 #1 OK SELECT id=3595460 via doris-1 rows=10164 [doris-1:f:up doris-2:f:up doris-3:M:up]
16:05:47 #2 OK SELECT id=3595460 via doris-1 rows=10165 [doris-1:f:up doris-2:f:up doris-3:M:up]
16:05:48 #3 OK SELECT id=3595460 via doris-1 rows=10165 [doris-1:f:up doris-2:f:up doris-3:M:up]
16:05:49 #4 OK SELECT id=3595460 via doris-1 rows=10164 [doris-1:f:up doris-2:f:up doris-3:M:up]
16:05:50 #5 OK SELECT id=3595460 via doris-1 rows=10163 [doris-1:f:up doris-2:f:up doris-3:M:up]
16:05:51 #6 OK SELECT id=3595460 via doris-1 rows=10164 [doris-1:f:up doris-2:f:up doris-3:M:up]
16:05:52 #7 OK SELECT id=3595460 via doris-1 rows=10165 [doris-1:f:up doris-2:f:up doris-3:M:up]
16:05:53 #8 OK SELECT id=3595460 via doris-1 rows=10165 [doris-1:f:up doris-2:f:up doris-3:M:up]
16:05:54 #9 OK SELECT id=3595460 via doris-1 rows=10164 [doris-1:f:up doris-2:f:up doris-3:M:up]
16:05:55 #10 OK SELECT id=3595460 via doris-1 rows=10163 [doris-1:f:up doris-2:f:up doris-3:M:up]
16:05:56 #11 OK SELECT id=3595460 via doris-1 rows=10164 [doris-1:f:up doris-2:f:up doris-3:M:up]
16:05:58 #12 OK SELECT id=3595460 via doris-1 rows=10165 [doris-1:f:up doris-2:f:up doris-3:M:up]
16:05:59 #13 OK SELECT id=3595460 via doris-1 rows=10165 [doris-1:f:up doris-2:f:up doris-3:M:up]
16:06:00 #14 OK SELECT id=3595460 via doris-1 rows=10164 [doris-1:f:up doris-2:f:up doris-3:M:up]
16:06:01 #15 OK SELECT id=3595460 via doris-1 rows=10163 [doris-1:f:up doris-2:f:up doris-3:M:up]
16:06:02 #16 OK SELECT id=3595460 via doris-1 rows=10164 [doris-1:f:up doris-2:f:up doris-3:M:up]
16:06:03 #17 OK SELECT id=3595460 via doris-1 rows=10165 [doris-1:f:up doris-2:f:up doris-3:M:up]
16:06:04 #18 OK SELECT id=3595460 via doris-1 rows=10165 [doris-1:f:up doris-2:f:up doris-3:M:up]
16:06:05 #19 OK SELECT id=3595460 via doris-1 rows=10164 [doris-1:f:up doris-2:f:up doris-3:M:up]
16:06:06 #20 OK SELECT id=3595460 via doris-1 rows=10163 [doris-1:f:up doris-2:f:up doris-3:M:up]
16:06:07 #21 OK SELECT id=3595460 via doris-1 rows=10164 [doris-1:f:up doris-2:f:up doris-3:M:up]
16:06:08 #22 OK SELECT id=3595460 via doris-1 rows=10165 [doris-1:f:up doris-2:f:up doris-3:M:up]
16:06:09 #23 OK SELECT id=3595460 via doris-1 rows=10165 [doris-1:f:up doris-2:f:up doris-3:M:up]
16:06:10 #24 OK SELECT id=3595460 via doris-1 rows=10164 [doris-1:f:up doris-2:f:up doris-3:M:up]
16:06:11 #25 OK SELECT id=3595460 via doris-1 rows=10163 [doris-1:f:up doris-2:f:up doris-3:M:up]
16:06:12 #26 OK SELECT id=3595460 via doris-1 rows=10164 [doris-1:f:up doris-2:f:up doris-3:M:up]
16:06:13 #27 OK SELECT id=3595460 via doris-1 rows=10165 [doris-1:f:up doris-2:f:up doris-3:M:up]
16:06:14 #28 OK SELECT id=3595460 via doris-1 rows=10165 [doris-1:f:up doris-2:f:up doris-3:M:up]
16:06:16 #29 OK SELECT id=3595460 via doris-1 rows=10164 [doris-1:f:up doris-2:f:up doris-3:M:up]
16:06:17 #30 OK SELECT id=3595460 via doris-1 rows=10163 [doris-1:f:up doris-2:f:up doris-3:M:up]
16:06:18 #31 OK SELECT id=3595460 via doris-1 rows=10164 [doris-1:f:up doris-2:f:up doris-3:M:up]
16:06:19 #32 OK SELECT id=3595460 via doris-1 rows=10164 [doris-1:f:up doris-2:f:up doris-3:M:up]
16:06:20 EVENT break: vm stop on doris-3 (FE master)
16:06:20 #33 OK SELECT id=3595460 via doris-1 rows=10164 [doris-1:f:up doris-2:f:up doris-3:M:up]
16:06:21 #34 OK SELECT id=3595460 via doris-1 rows=10163 [doris-1:f:up doris-2:f:up doris-3:M:up]
16:06:22 #35 OK SELECT id=3595460 via doris-1 rows=10162 [doris-1:f:up doris-2:f:up doris-3:M:up]
16:06:23 #36 OK SELECT id=3595460 via doris-1 rows=10162 [doris-1:f:up doris-2:f:up doris-3:M:up]
16:06:24 #37 OK SELECT id=3595460 via doris-1 rows=10163 [doris-1:f:up doris-2:f:up doris-3:M:up]
16:06:25 #38 OK SELECT id=3595460 via doris-1 rows=10163 [doris-1:f:up doris-2:f:up doris-3:M:up]
16:06:26 #39 OK SELECT id=3595460 via doris-1 rows=10162 [doris-1:f:up doris-2:f:up doris-3:M:up]
16:06:27 #40 OK SELECT id=3595460 via doris-1 rows=10161 [doris-1:f:up doris-2:f:up doris-3:M:up]
16:06:28 #41 OK SELECT id=3595460 via doris-1 rows=10162 [doris-1:f:up doris-2:f:up doris-3:M:up]
16:06:29 #42 OK SELECT id=3595460 via doris-1 rows=10163 [doris-1:f:up doris-2:f:up doris-3:M:up]
16:06:30 #43 OK SELECT id=3595460 via doris-1 rows=10163 [doris-1:f:up doris-2:f:up doris-3:M:up]
16:06:31 #44 OK SELECT id=3595460 via doris-1 rows=10162 [doris-1:f:up doris-2:f:up doris-3:M:up]
16:06:37 #45 OK SELECT id=3595460 via doris-1 rows=10161 [?]
16:06:46 #46 FAIL SELECT id=3595460 via doris-1: OperationalError: TIMEOUT: [FlightSQL] context deadline exceeded (DeadlineExceeded; ExecuteQuery). Vendor code: 4
16:06:47 connected to doris-1 (10.140.0.2)
16:06:47 #47 FAIL SELECT id=3595460 via doris-1: InternalError: INTERNAL: [FlightSQL] get flight info statement failed, after executeQueryStatement handleQuery, java.lang.Run
16:06:48 connected to doris-1 (10.140.0.2)
16:06:48 #48 FAIL SELECT id=3595460 via doris-1: InternalError: INTERNAL: [FlightSQL] get flight info statement failed, after executeQueryStatement handleQuery, java.lang.Run
16:06:49 connected to doris-1 (10.140.0.2)
16:06:55 EVENT break: doris-3 is down
16:06:57 #49 FAIL SELECT id=3595460 via doris-1: OperationalError: TIMEOUT: [FlightSQL] stream terminated by RST_STREAM with error code: CANCEL (DeadlineExceeded; ExecuteQuery).
16:06:58 connected to doris-1 (10.140.0.2)
16:07:06 #50 FAIL SELECT id=3595460 via doris-1: OperationalError: TIMEOUT: [FlightSQL] context deadline exceeded (DeadlineExceeded; ExecuteQuery). Vendor code: 4
16:07:07 connected to doris-1 (10.140.0.2)
16:07:07 #51 OK SELECT id=3595460 via doris-1 rows=10161 [doris-1:f:up doris-2:M:up doris-3:f:DOWN] (recovered)
16:07:08 #52 OK SELECT id=3595460 via doris-1 rows=10161 [doris-1:f:up doris-2:M:up doris-3:f:DOWN]
16:07:09 #53 OK SELECT id=3595460 via doris-1 rows=10163 [doris-1:f:up doris-2:M:up doris-3:f:DOWN]
16:07:10 #54 OK SELECT id=3595460 via doris-1 rows=10163 [doris-1:f:up doris-2:M:up doris-3:f:DOWN]
16:07:11 #55 OK SELECT id=3595460 via doris-1 rows=10163 [doris-1:f:up doris-2:M:up doris-3:f:DOWN]
16:07:12 #56 OK SELECT id=3595460 via doris-1 rows=10161 [doris-1:f:up doris-2:M:up doris-3:f:DOWN]
16:07:13 #57 OK SELECT id=3595460 via doris-1 rows=10161 [doris-1:f:up doris-2:M:up doris-3:f:DOWN]
16:07:15 #58 OK SELECT id=3595460 via doris-1 rows=10163 [doris-1:f:up doris-2:M:up doris-3:f:DOWN]
16:07:16 #59 OK SELECT id=3595460 via doris-1 rows=10163 [doris-1:f:up doris-2:M:up doris-3:f:DOWN]
16:07:17 #60 OK SELECT id=3595460 via doris-1 rows=10163 [doris-1:f:up doris-2:M:up doris-3:f:DOWN]
16:07:18 #61 OK SELECT id=3595460 via doris-1 rows=10162 [doris-1:f:up doris-2:M:up doris-3:f:DOWN]
16:07:19 #62 OK SELECT id=3595460 via doris-1 rows=10161 [doris-1:f:up doris-2:M:up doris-3:f:DOWN]
16:07:20 #63 OK SELECT id=3595460 via doris-1 rows=10162 [doris-1:f:up doris-2:M:up doris-3:f:DOWN]
16:07:21 #64 OK SELECT id=3595460 via doris-1 rows=10163 [doris-1:f:up doris-2:M:up doris-3:f:DOWN]
16:07:22 #65 OK SELECT id=3595460 via doris-1 rows=10163 [doris-1:f:up doris-2:M:up doris-3:f:DOWN]
16:07:23 #66 OK SELECT id=3595460 via doris-1 rows=10162 [doris-1:f:up doris-2:M:up doris-3:f:DOWN]
16:07:24 #67 OK SELECT id=3595460 via doris-1 rows=10161 [doris-1:f:up doris-2:M:up doris-3:f:DOWN]
16:07:25 #68 OK SELECT id=3595460 via doris-1 rows=10162 [doris-1:f:up doris-2:M:up doris-3:f:DOWN]
16:07:26 #69 OK SELECT id=3595460 via doris-1 rows=10163 [doris-1:f:up doris-2:M:up doris-3:f:DOWN]
16:07:27 #70 OK SELECT id=3595460 via doris-1 rows=10163 [doris-1:f:up doris-2:M:up doris-3:f:DOWN]
16:07:28 #71 OK SELECT id=3595460 via doris-1 rows=10162 [doris-1:f:up doris-2:M:up doris-3:f:DOWN]
16:07:29 #72 OK SELECT id=3595460 via doris-1 rows=10161 [doris-1:f:up doris-2:M:up doris-3:f:DOWN]
16:07:30 #73 OK SELECT id=3595460 via doris-1 rows=10162 [doris-1:f:up doris-2:M:up doris-3:f:DOWN]
16:07:32 #74 OK SELECT id=3595460 via doris-1 rows=10163 [doris-1:f:up doris-2:M:up doris-3:f:DOWN]
16:07:33 #75 OK SELECT id=3595460 via doris-1 rows=10163 [doris-1:f:up doris-2:M:up doris-3:f:DOWN]
16:07:34 #76 OK SELECT id=3595460 via doris-1 rows=10162 [doris-1:f:up doris-2:M:up doris-3:f:DOWN]
16:07:35 #77 OK SELECT id=3595460 via doris-1 rows=10161 [doris-1:f:up doris-2:M:up doris-3:f:DOWN]
16:07:36 #78 OK SELECT id=3595460 via doris-1 rows=10162 [doris-1:f:up doris-2:M:up doris-3:f:DOWN]
16:07:37 #79 OK SELECT id=3595460 via doris-1 rows=10163 [doris-1:f:up doris-2:M:up doris-3:f:DOWN]
16:07:38 #80 OK SELECT id=3595460 via doris-1 rows=10163 [doris-1:f:up doris-2:M:up doris-3:f:DOWN]
16:07:39 #81 OK SELECT id=3595460 via doris-1 rows=10162 [doris-1:f:up doris-2:M:up doris-3:f:DOWN]
16:07:40 #82 OK SELECT id=3595460 via doris-1 rows=10161 [doris-1:f:up doris-2:M:up doris-3:f:DOWN]
16:07:41 #83 OK SELECT id=3595460 via doris-1 rows=10162 [doris-1:f:up doris-2:M:up doris-3:f:DOWN]
16:07:42 #84 OK SELECT id=3595460 via doris-1 rows=10163 [doris-1:f:up doris-2:M:up doris-3:f:DOWN]
16:07:43 #85 OK SELECT id=3595460 via doris-1 rows=10163 [doris-1:f:up doris-2:M:up doris-3:f:DOWN]
16:07:44 #86 OK SELECT id=3595460 via doris-1 rows=10162 [doris-1:f:up doris-2:M:up doris-3:f:DOWN]
16:07:45 #87 OK SELECT id=3595460 via doris-1 rows=10161 [doris-1:f:up doris-2:M:up doris-3:f:DOWN]
16:07:46 #88 OK SELECT id=3595460 via doris-1 rows=10162 [doris-1:f:up doris-2:M:up doris-3:f:DOWN]
16:07:47 #89 OK SELECT id=3595460 via doris-1 rows=10163 [doris-1:f:up doris-2:M:up doris-3:f:DOWN]
16:07:48 #90 OK SELECT id=3595460 via doris-1 rows=10163 [doris-1:f:up doris-2:M:up doris-3:f:DOWN]
16:07:50 #91 OK SELECT id=3595460 via doris-1 rows=10162 [doris-1:f:up doris-2:M:up doris-3:f:DOWN]
16:07:51 #92 OK SELECT id=3595460 via doris-1 rows=10161 [doris-1:f:up doris-2:M:up doris-3:f:DOWN]
16:07:52 #93 OK SELECT id=3595460 via doris-1 rows=10162 [doris-1:f:up doris-2:M:up doris-3:f:DOWN]
16:07:53 #94 OK SELECT id=3595460 via doris-1 rows=10163 [doris-1:f:up doris-2:M:up doris-3:f:DOWN]
16:07:54 #95 OK SELECT id=3595460 via doris-1 rows=10163 [doris-1:f:up doris-2:M:up doris-3:f:DOWN]
16:07:55 #96 OK SELECT id=3595460 via doris-1 rows=10162 [doris-1:f:up doris-2:M:up doris-3:f:DOWN]
16:07:56 #97 OK SELECT id=3595460 via doris-1 rows=10161 [doris-1:f:up doris-2:M:up doris-3:f:DOWN]
16:07:57 #98 OK SELECT id=3595460 via doris-1 rows=10162 [doris-1:f:up doris-2:M:up doris-3:f:DOWN]
16:07:58 #99 OK SELECT id=3595460 via doris-1 rows=10163 [doris-1:f:up doris-2:M:up doris-3:f:DOWN]
16:07:59 #100 OK SELECT id=3595460 via doris-1 rows=10163 [doris-1:f:up doris-2:M:up doris-3:f:DOWN]
16:08:00 #101 OK SELECT id=3595460 via doris-1 rows=10163 [doris-1:f:up doris-2:M:up doris-3:f:DOWN]
16:08:01 #102 OK SELECT id=3595460 via doris-1 rows=10161 [doris-1:f:up doris-2:M:up doris-3:f:DOWN]
16:08:02 #103 OK SELECT id=3595460 via doris-1 rows=10161 [doris-1:f:up doris-2:M:up doris-3:f:DOWN]
16:08:03 #104 OK SELECT id=3595460 via doris-1 rows=10163 [doris-1:f:up doris-2:M:up doris-3:f:DOWN]
16:08:04 #105 OK SELECT id=3595460 via doris-1 rows=10163 [doris-1:f:up doris-2:M:up doris-3:f:DOWN]
16:08:05 #106 OK SELECT id=3595460 via doris-1 rows=10163 [doris-1:f:up doris-2:M:up doris-3:f:DOWN]
16:08:06 #107 OK SELECT id=3595460 via doris-1 rows=10161 [doris-1:f:up doris-2:M:up doris-3:f:DOWN]
16:08:08 #108 OK SELECT id=3595460 via doris-1 rows=10161 [doris-1:f:up doris-2:M:up doris-3:f:DOWN]
16:08:09 #109 OK SELECT id=3595460 via doris-1 rows=10163 [doris-1:f:up doris-2:M:up doris-3:f:DOWN]
16:08:10 #110 OK SELECT id=3595460 via doris-1 rows=10163 [doris-1:f:up doris-2:M:up doris-3:f:DOWN]
16:08:11 #111 OK SELECT id=3595460 via doris-1 rows=10163 [doris-1:f:up doris-2:M:up doris-3:f:DOWN]
16:08:12 #112 OK SELECT id=3595460 via doris-1 rows=10161 [doris-1:f:up doris-2:M:up doris-3:f:DOWN]
16:08:13 #113 OK SELECT id=3595460 via doris-1 rows=10161 [doris-1:f:up doris-2:M:up doris-3:f:DOWN]
16:08:14 #114 OK SELECT id=3595460 via doris-1 rows=10163 [doris-1:f:up doris-2:M:up doris-3:f:DOWN]
16:08:15 #115 OK SELECT id=3595460 via doris-1 rows=10163 [doris-1:f:up doris-2:M:up doris-3:f:DOWN]
16:08:16 #116 OK SELECT id=3595460 via doris-1 rows=10163 [doris-1:f:up doris-2:M:up doris-3:f:DOWN]
16:08:17 #117 OK SELECT id=3595460 via doris-1 rows=10161 [doris-1:f:up doris-2:M:up doris-3:f:DOWN]
16:08:18 #118 OK SELECT id=3595460 via doris-1 rows=10161 [doris-1:f:up doris-2:M:up doris-3:f:DOWN]
16:08:19 #119 OK SELECT id=3595460 via doris-1 rows=10163 [doris-1:f:up doris-2:M:up doris-3:f:DOWN]
16:08:20 #120 OK SELECT id=3595460 via doris-1 rows=10163 [doris-1:f:up doris-2:M:up doris-3:f:DOWN]
16:08:21 #121 OK SELECT id=3595460 via doris-1 rows=10163 [doris-1:f:up doris-2:M:up doris-3:f:DOWN]
16:08:22 #122 OK SELECT id=3595460 via doris-1 rows=10161 [doris-1:f:up doris-2:M:up doris-3:f:DOWN]
16:08:23 #123 OK SELECT id=3595460 via doris-1 rows=10161 [doris-1:f:up doris-2:M:up doris-3:f:DOWN]
16:08:24 #124 OK SELECT id=3595460 via doris-1 rows=10163 [doris-1:f:up doris-2:M:up doris-3:f:DOWN]
16:08:25 #125 OK SELECT id=3595460 via doris-1 rows=10163 [doris-1:f:up doris-2:M:up doris-3:f:DOWN]
16:08:27 #126 OK SELECT id=3595460 via doris-1 rows=10163 [doris-1:f:up doris-2:M:up doris-3:f:DOWN]
16:08:28 #127 OK SELECT id=3595460 via doris-1 rows=10161 [doris-1:f:up doris-2:M:up doris-3:f:DOWN]
16:08:29 #128 OK SELECT id=3595460 via doris-1 rows=10161 [doris-1:f:up doris-2:M:up doris-3:f:DOWN]
16:08:30 #129 OK SELECT id=3595460 via doris-1 rows=10163 [doris-1:f:up doris-2:M:up doris-3:f:DOWN]
16:08:31 #130 OK SELECT id=3595460 via doris-1 rows=10163 [doris-1:f:up doris-2:M:up doris-3:f:DOWN]
16:08:32 EVENT restore: start doris-3
16:08:32 #131 OK SELECT id=3595460 via doris-1 rows=10163 [doris-1:f:up doris-2:M:up doris-3:f:DOWN]
16:08:33 #132 OK SELECT id=3595460 via doris-1 rows=10161 [doris-1:f:up doris-2:M:up doris-3:f:DOWN]
16:08:34 #133 OK SELECT id=3595460 via doris-1 rows=10161 [doris-1:f:up doris-2:M:up doris-3:f:DOWN]
16:08:35 #134 OK SELECT id=3595460 via doris-1 rows=10163 [doris-1:f:up doris-2:M:up doris-3:f:DOWN]
16:08:36 #135 OK SELECT id=3595460 via doris-1 rows=10163 [doris-1:f:up doris-2:M:up doris-3:f:DOWN]
16:08:37 #136 OK SELECT id=3595460 via doris-1 rows=10163 [doris-1:f:up doris-2:M:up doris-3:f:DOWN]
16:08:38 #137 OK SELECT id=3595460 via doris-1 rows=10161 [doris-1:f:up doris-2:M:up doris-3:f:DOWN]
16:08:39 #138 OK SELECT id=3595460 via doris-1 rows=10161 [doris-1:f:up doris-2:M:up doris-3:f:DOWN]
16:08:40 #139 OK SELECT id=3595460 via doris-1 rows=10163 [doris-1:f:up doris-2:M:up doris-3:f:DOWN]
16:08:41 #140 OK SELECT id=3595460 via doris-1 rows=10163 [doris-1:f:up doris-2:M:up doris-3:f:DOWN]
16:08:42 #141 OK SELECT id=3595460 via doris-1 rows=10163 [doris-1:f:up doris-2:M:up doris-3:f:DOWN]
16:08:43 #142 OK SELECT id=3595460 via doris-1 rows=10161 [doris-1:f:up doris-2:M:up doris-3:f:DOWN]
16:08:45 #143 OK SELECT id=3595460 via doris-1 rows=10161 [doris-1:f:up doris-2:M:up doris-3:f:DOWN]
16:08:46 #144 OK SELECT id=3595460 via doris-1 rows=10163 [doris-1:f:up doris-2:M:up doris-3:f:DOWN]
16:08:47 #145 OK SELECT id=3595460 via doris-1 rows=10163 [doris-1:f:up doris-2:M:up doris-3:f:DOWN]
16:08:48 #146 OK SELECT id=3595460 via doris-1 rows=10163 [doris-1:f:up doris-2:M:up doris-3:f:DOWN]
16:08:49 #147 OK SELECT id=3595460 via doris-1 rows=10161 [doris-1:f:up doris-2:M:up doris-3:f:DOWN]
16:08:50 #148 OK SELECT id=3595460 via doris-1 rows=10161 [doris-1:f:up doris-2:M:up doris-3:f:DOWN]
16:08:51 #149 OK SELECT id=3595460 via doris-1 rows=10163 [doris-1:f:up doris-2:M:up doris-3:f:DOWN]
16:08:52 #150 OK SELECT id=3595460 via doris-1 rows=10163 [doris-1:f:up doris-2:M:up doris-3:f:DOWN]
16:08:53 #151 OK SELECT id=3595460 via doris-1 rows=10163 [doris-1:f:up doris-2:M:up doris-3:f:DOWN]
16:08:54 #152 OK SELECT id=3595460 via doris-1 rows=10162 [doris-1:f:up doris-2:M:up doris-3:f:DOWN]
16:08:55 #153 OK SELECT id=3595460 via doris-1 rows=10161 [doris-1:f:up doris-2:M:up doris-3:f:DOWN]
16:08:56 #154 OK SELECT id=3595460 via doris-1 rows=10162 [doris-1:f:up doris-2:M:up doris-3:f:DOWN]
16:08:57 #155 OK SELECT id=3595460 via doris-1 rows=10163 [doris-1:f:up doris-2:M:up doris-3:f:DOWN]
16:08:58 #156 OK SELECT id=3595460 via doris-1 rows=10163 [doris-1:f:up doris-2:M:up doris-3:f:DOWN]
16:08:59 #157 OK SELECT id=3595460 via doris-1 rows=10162 [doris-1:f:up doris-2:M:up doris-3:f:DOWN]
16:09:00 #158 OK SELECT id=3595460 via doris-1 rows=10161 [doris-1:f:up doris-2:M:up doris-3:f:DOWN]
16:09:01 #159 OK SELECT id=3595460 via doris-1 rows=10162 [doris-1:f:up doris-2:M:up doris-3:f:DOWN]
16:09:03 #160 OK SELECT id=3595460 via doris-1 rows=10163 [doris-1:f:up doris-2:M:up doris-3:f:DOWN]
16:09:04 #161 OK SELECT id=3595460 via doris-1 rows=10163 [doris-1:f:up doris-2:M:up doris-3:f:DOWN]
16:09:05 #162 OK SELECT id=3595460 via doris-1 rows=10161 [doris-1:f:up doris-2:M:up doris-3:f:DOWN]
16:09:06 #163 OK SELECT id=3595460 via doris-1 rows=10161 [doris-1:f:up doris-2:M:up doris-3:f:DOWN]
16:09:07 #164 OK SELECT id=3595460 via doris-1 rows=10163 [doris-1:f:up doris-2:M:up doris-3:f:DOWN]
16:09:08 #165 OK SELECT id=3595460 via doris-1 rows=10163 [doris-1:f:up doris-2:M:up doris-3:f:DOWN]
16:09:09 #166 OK SELECT id=3595460 via doris-1 rows=10163 [doris-1:f:up doris-2:M:up doris-3:f:up]
16:09:10 #167 OK SELECT id=3595460 via doris-1 rows=10162 [doris-1:f:up doris-2:M:up doris-3:f:up]
16:09:11 #168 OK SELECT id=3595460 via doris-1 rows=10161 [doris-1:f:up doris-2:M:up doris-3:f:up]
16:09:12 #169 OK SELECT id=3595460 via doris-1 rows=10162 [doris-1:f:up doris-2:M:up doris-3:f:up]
16:09:13 #170 OK SELECT id=3595460 via doris-1 rows=10163 [doris-1:f:up doris-2:M:up doris-3:f:up]
16:09:13 EVENT restore: cluster healthy
16:09:14 #171 OK SELECT id=3595460 via doris-1 rows=10163 [doris-1:f:up doris-2:M:up doris-3:f:up]
16:09:15 #172 OK SELECT id=3595460 via doris-1 rows=10162 [doris-1:f:up doris-2:M:up doris-3:f:up]
16:09:16 #173 OK SELECT id=3595460 via doris-1 rows=10161 [doris-1:f:up doris-2:M:up doris-3:f:up]
16:09:17 #174 OK SELECT id=3595460 via doris-1 rows=10162 [doris-1:f:up doris-2:M:up doris-3:f:up]
16:09:18 #175 OK SELECT id=3595460 via doris-1 rows=10163 [doris-1:f:up doris-2:M:up doris-3:f:up]
16:09:20 #176 OK SELECT id=3595460 via doris-1 rows=10163 [doris-1:f:up doris-2:M:up doris-3:f:up]
16:09:21 #177 OK SELECT id=3595460 via doris-1 rows=10162 [doris-1:f:up doris-2:M:up doris-3:f:up]
16:09:22 #178 OK SELECT id=3595460 via doris-1 rows=10161 [doris-1:f:up doris-2:M:up doris-3:f:up]
16:09:23 #179 OK SELECT id=3595460 via doris-1 rows=10162 [doris-1:f:up doris-2:M:up doris-3:f:up]
16:09:24 #180 OK SELECT id=3595460 via doris-1 rows=10163 [doris-1:f:up doris-2:M:up doris-3:f:up]
16:09:25 #181 OK SELECT id=3595460 via doris-1 rows=10163 [doris-1:f:up doris-2:M:up doris-3:f:up]
16:09:26 #182 OK SELECT id=3595460 via doris-1 rows=10162 [doris-1:f:up doris-2:M:up doris-3:f:up]
16:09:27 #183 OK SELECT id=3595460 via doris-1 rows=10161 [doris-1:f:up doris-2:M:up doris-3:f:up]
16:09:28 #184 OK SELECT id=3595460 via doris-1 rows=10162 [doris-1:f:up doris-2:M:up doris-3:f:up]
16:09:29 #185 OK SELECT id=3595460 via doris-1 rows=10163 [doris-1:f:up doris-2:M:up doris-3:f:up]
16:09:30 #186 OK SELECT id=3595460 via doris-1 rows=10163 [doris-1:f:up doris-2:M:up doris-3:f:up]
16:09:31 #187 OK SELECT id=3595460 via doris-1 rows=10162 [doris-1:f:up doris-2:M:up doris-3:f:up]
16:09:32 #188 OK SELECT id=3595460 via doris-1 rows=10161 [doris-1:f:up doris-2:M:up doris-3:f:up]
16:09:33 #189 OK SELECT id=3595460 via doris-1 rows=10162 [doris-1:f:up doris-2:M:up doris-3:f:up]
16:09:34 #190 OK SELECT id=3595460 via doris-1 rows=10163 [doris-1:f:up doris-2:M:up doris-3:f:up]
16:09:35 #191 OK SELECT id=3595460 via doris-1 rows=10163 [doris-1:f:up doris-2:M:up doris-3:f:up]
16:09:36 #192 OK SELECT id=3595460 via doris-1 rows=10162 [doris-1:f:up doris-2:M:up doris-3:f:up]
16:09:38 #193 OK SELECT id=3595460 via doris-1 rows=10161 [doris-1:f:up doris-2:M:up doris-3:f:up]
16:09:39 #194 OK SELECT id=3595460 via doris-1 rows=10162 [doris-1:f:up doris-2:M:up doris-3:f:up]
16:09:40 #195 OK SELECT id=3595460 via doris-1 rows=10163 [doris-1:f:up doris-2:M:up doris-3:f:up]
16:09:41 #196 OK SELECT id=3595460 via doris-1 rows=10163 [doris-1:f:up doris-2:M:up doris-3:f:up]
16:09:42 #197 OK SELECT id=3595460 via doris-1 rows=10162 [doris-1:f:up doris-2:M:up doris-3:f:up]
16:09:43 #198 OK SELECT id=3595460 via doris-1 rows=10161 [doris-1:f:up doris-2:M:up doris-3:f:up]
16:09:44 #199 OK SELECT id=3595460 via doris-1 rows=10162 [doris-1:f:up doris-2:M:up doris-3:f:up]
16:09:45 #200 OK SELECT id=3595460 via doris-1 rows=10163 [doris-1:f:up doris-2:M:up doris-3:f:up]
