23:37:30 PROBE start proto=jdbc hosts=doris-1,doris-2,doris-3 duration=86400s cycle=INSERT>UPSERT>SELECT>DELETE>SELECT url=jdbc:mysql://10.140.0.2:9030,10.140.0.3:9030,10.140.0.4:9030/hatest
23:37:31 connected to doris-1 (driver-selected host)
23:37:31 #1 OK INSERT id=2546500 via doris-1 rows=10013 [doris-1:f:up doris-2:f:up doris-3:M:up]
23:37:32 #2 OK UPSERT id=2546500 via doris-1 rows=10013 [doris-1:f:up doris-2:f:up doris-3:M:up]
23:37:33 #3 OK SELECT id=2546500 via doris-1 rows=10013 [doris-1:f:up doris-2:f:up doris-3:M:up]
23:37:34 #4 OK DELETE id=2546500 via doris-1 rows=10011 [doris-1:f:up doris-2:f:up doris-3:M:up]
23:37:35 #5 OK SELECT id=2546500 via doris-1 rows=10011 [doris-1:f:up doris-2:f:up doris-3:M:up]
23:37:36 #6 OK INSERT id=2546501 via doris-1 rows=10013 [doris-1:f:up doris-2:f:up doris-3:M:up]
23:37:37 #7 OK UPSERT id=2546501 via doris-1 rows=10013 [doris-1:f:up doris-2:f:up doris-3:M:up]
23:37:38 #8 OK SELECT id=2546501 via doris-1 rows=10013 [doris-1:f:up doris-2:f:up doris-3:M:up]
23:37:40 #9 OK DELETE id=2546501 via doris-1 rows=10011 [doris-1:f:up doris-2:f:up doris-3:M:up]
23:37:41 #10 OK SELECT id=2546501 via doris-1 rows=10011 [doris-1:f:up doris-2:f:up doris-3:M:up]
23:37:42 #11 OK INSERT id=2546502 via doris-1 rows=10013 [doris-1:f:up doris-2:f:up doris-3:M:up]
23:37:43 #12 OK UPSERT id=2546502 via doris-1 rows=10013 [doris-1:f:up doris-2:f:up doris-3:M:up]
23:37:44 #13 OK SELECT id=2546502 via doris-1 rows=10013 [doris-1:f:up doris-2:f:up doris-3:M:up]
23:37:45 #14 OK DELETE id=2546502 via doris-1 rows=10011 [doris-1:f:up doris-2:f:up doris-3:M:up]
23:37:46 #15 OK SELECT id=2546502 via doris-1 rows=10011 [doris-1:f:up doris-2:f:up doris-3:M:up]
23:37:47 #16 OK INSERT id=2546503 via doris-1 rows=10013 [doris-1:f:up doris-2:f:up doris-3:M:up]
23:37:48 #17 OK UPSERT id=2546503 via doris-1 rows=10013 [doris-1:f:up doris-2:f:up doris-3:M:up]
23:37:49 #18 OK SELECT id=2546503 via doris-1 rows=10013 [doris-1:f:up doris-2:f:up doris-3:M:up]
23:37:50 #19 OK DELETE id=2546503 via doris-1 rows=10011 [doris-1:f:up doris-2:f:up doris-3:M:up]
23:37:51 #20 OK SELECT id=2546503 via doris-1 rows=10011 [doris-1:f:up doris-2:f:up doris-3:M:up]
23:37:53 #21 OK INSERT id=2546504 via doris-1 rows=10013 [doris-1:f:up doris-2:f:up doris-3:M:up]
23:37:54 #22 OK UPSERT id=2546504 via doris-1 rows=10013 [doris-1:f:up doris-2:f:up doris-3:M:up]
23:37:55 #23 OK SELECT id=2546504 via doris-1 rows=10013 [doris-1:f:up doris-2:f:up doris-3:M:up]
23:37:56 #24 OK DELETE id=2546504 via doris-1 rows=10011 [doris-1:f:up doris-2:f:up doris-3:M:up]
23:37:57 #25 OK SELECT id=2546504 via doris-1 rows=10011 [doris-1:f:up doris-2:f:up doris-3:M:up]
23:37:58 #26 OK INSERT id=2546505 via doris-1 rows=10013 [doris-1:f:up doris-2:f:up doris-3:M:up]
23:37:59 #27 OK UPSERT id=2546505 via doris-1 rows=10013 [doris-1:f:up doris-2:f:up doris-3:M:up]
23:38:00 #28 OK SELECT id=2546505 via doris-1 rows=10013 [doris-1:f:up doris-2:f:up doris-3:M:up]
23:38:01 #29 OK DELETE id=2546505 via doris-1 rows=10011 [doris-1:f:up doris-2:f:up doris-3:M:up]
23:38:02 #30 OK SELECT id=2546505 via doris-1 rows=10011 [doris-1:f:up doris-2:f:up doris-3:M:up]
23:38:03 #31 OK INSERT id=2546506 via doris-1 rows=10013 [doris-1:f:up doris-2:f:up doris-3:M:up]
23:38:04 EVENT break: vm stop on doris-3 (FE master)
23:38:04 #32 OK UPSERT id=2546506 via doris-1 rows=10013 [doris-1:f:up doris-2:f:up doris-3:M:up]
23:38:05 #33 OK SELECT id=2546506 via doris-1 rows=10013 [doris-1:f:up doris-2:f:up doris-3:M:up]
23:38:07 #34 OK DELETE id=2546506 via doris-1 rows=10011 [doris-1:f:up doris-2:f:up doris-3:M:up]
23:38:08 #35 FAIL SELECT id=2546506 via doris-1: SQLException: RpcException, msg: send fragments failed. io.grpc.StatusRuntimeException: UNAVAILABLE: io exception, host: 10.
23:38:09 #36 FAIL INSERT id=2546507 via doris-1: SQLException: Exception, msg: Node catalog is not ready, please wait for a while. To master progress: open editlog. Frontend
23:38:28 EVENT break: doris-3 is down
23:38:29 connected to doris-1 (driver-selected host)
23:38:41 #37 FAIL INSERT id=2546508 via doris-1: CommunicationsException: Communications link failure  The last packet successfully received from the server was 8,010 milliseconds ago.
23:38:42 connected to doris-1 (driver-selected host)
23:38:42 #38 OK INSERT id=2546509 via doris-1 rows=10012 [doris-1:f:up doris-2:M:up doris-3:f:DOWN] (recovered)
23:38:43 #39 OK UPSERT id=2546509 via doris-1 rows=10012 [doris-1:f:up doris-2:M:up doris-3:f:DOWN]
23:38:44 #40 OK SELECT id=2546509 via doris-1 rows=10013 [doris-1:f:up doris-2:M:up doris-3:f:DOWN]
23:38:45 #41 OK DELETE id=2546509 via doris-1 rows=10012 [doris-1:f:up doris-2:M:up doris-3:f:DOWN]
23:38:46 #42 OK SELECT id=2546509 via doris-1 rows=10012 [doris-1:f:up doris-2:M:up doris-3:f:DOWN]
23:38:47 #43 OK INSERT id=2546510 via doris-1 rows=10012 [doris-1:f:up doris-2:M:up doris-3:f:DOWN]
23:38:48 #44 OK UPSERT id=2546510 via doris-1 rows=10013 [doris-1:f:up doris-2:M:up doris-3:f:DOWN]
23:38:49 #45 OK SELECT id=2546510 via doris-1 rows=10013 [doris-1:f:up doris-2:M:up doris-3:f:DOWN]
23:38:50 #46 OK DELETE id=2546510 via doris-1 rows=10012 [doris-1:f:up doris-2:M:up doris-3:f:DOWN]
23:38:52 #47 OK SELECT id=2546510 via doris-1 rows=10012 [doris-1:f:up doris-2:M:up doris-3:f:DOWN]
23:38:53 #48 OK INSERT id=2546511 via doris-1 rows=10012 [doris-1:f:up doris-2:M:up doris-3:f:DOWN]
23:38:54 #49 OK UPSERT id=2546511 via doris-1 rows=10013 [doris-1:f:up doris-2:M:up doris-3:f:DOWN]
23:38:55 #50 OK SELECT id=2546511 via doris-1 rows=10013 [doris-1:f:up doris-2:M:up doris-3:f:DOWN]
23:38:56 #51 OK DELETE id=2546511 via doris-1 rows=10012 [doris-1:f:up doris-2:M:up doris-3:f:DOWN]
23:38:57 #52 OK SELECT id=2546511 via doris-1 rows=10012 [doris-1:f:up doris-2:M:up doris-3:f:DOWN]
23:38:58 #53 OK INSERT id=2546512 via doris-1 rows=10012 [doris-1:f:up doris-2:M:up doris-3:f:DOWN]
23:38:59 #54 OK UPSERT id=2546512 via doris-1 rows=10013 [doris-1:f:up doris-2:M:up doris-3:f:DOWN]
23:39:00 #55 OK SELECT id=2546512 via doris-1 rows=10013 [doris-1:f:up doris-2:M:up doris-3:f:DOWN]
23:39:01 #56 OK DELETE id=2546512 via doris-1 rows=10012 [doris-1:f:up doris-2:M:up doris-3:f:DOWN]
23:39:02 #57 OK SELECT id=2546512 via doris-1 rows=10012 [doris-1:f:up doris-2:M:up doris-3:f:DOWN]
23:39:04 #58 OK INSERT id=2546513 via doris-1 rows=10012 [doris-1:f:up doris-2:M:up doris-3:f:DOWN]
23:39:05 #59 OK UPSERT id=2546513 via doris-1 rows=10013 [doris-1:f:up doris-2:M:up doris-3:f:DOWN]
23:39:06 #60 OK SELECT id=2546513 via doris-1 rows=10013 [doris-1:f:up doris-2:M:up doris-3:f:DOWN]
23:39:07 #61 OK DELETE id=2546513 via doris-1 rows=10012 [doris-1:f:up doris-2:M:up doris-3:f:DOWN]
23:39:08 #62 OK SELECT id=2546513 via doris-1 rows=10012 [doris-1:f:up doris-2:M:up doris-3:f:DOWN]
23:39:09 #63 OK INSERT id=2546514 via doris-1 rows=10012 [doris-1:f:up doris-2:M:up doris-3:f:DOWN]
23:39:10 #64 OK UPSERT id=2546514 via doris-1 rows=10013 [doris-1:f:up doris-2:M:up doris-3:f:DOWN]
23:39:11 #65 OK SELECT id=2546514 via doris-1 rows=10013 [doris-1:f:up doris-2:M:up doris-3:f:DOWN]
23:39:12 #66 OK DELETE id=2546514 via doris-1 rows=10012 [doris-1:f:up doris-2:M:up doris-3:f:DOWN]
23:39:13 #67 OK SELECT id=2546514 via doris-1 rows=10011 [doris-1:f:up doris-2:M:up doris-3:f:DOWN]
23:39:15 #68 OK INSERT id=2546515 via doris-1 rows=10012 [doris-1:f:up doris-2:M:up doris-3:f:DOWN]
23:39:16 #69 OK UPSERT id=2546515 via doris-1 rows=10013 [doris-1:f:up doris-2:M:up doris-3:f:DOWN]
23:39:17 #70 OK SELECT id=2546515 via doris-1 rows=10013 [doris-1:f:up doris-2:M:up doris-3:f:DOWN]
23:39:18 #71 OK DELETE id=2546515 via doris-1 rows=10012 [doris-1:f:up doris-2:M:up doris-3:f:DOWN]
23:39:19 #72 OK SELECT id=2546515 via doris-1 rows=10011 [doris-1:f:up doris-2:M:up doris-3:f:DOWN]
23:39:20 #73 OK INSERT id=2546516 via doris-1 rows=10012 [doris-1:f:up doris-2:M:up doris-3:f:DOWN]
23:39:21 #74 OK UPSERT id=2546516 via doris-1 rows=10013 [doris-1:f:up doris-2:M:up doris-3:f:DOWN]
23:39:22 #75 OK SELECT id=2546516 via doris-1 rows=10013 [doris-1:f:up doris-2:M:up doris-3:f:DOWN]
23:39:23 #76 OK DELETE id=2546516 via doris-1 rows=10012 [doris-1:f:up doris-2:M:up doris-3:f:DOWN]
23:39:24 #77 OK SELECT id=2546516 via doris-1 rows=10011 [doris-1:f:up doris-2:M:up doris-3:f:DOWN]
23:39:25 #78 OK INSERT id=2546517 via doris-1 rows=10012 [doris-1:f:up doris-2:M:up doris-3:f:DOWN]
23:39:26 #79 OK UPSERT id=2546517 via doris-1 rows=10013 [doris-1:f:up doris-2:M:up doris-3:f:DOWN]
23:39:27 #80 OK SELECT id=2546517 via doris-1 rows=10013 [doris-1:f:up doris-2:M:up doris-3:f:DOWN]
23:39:29 #81 OK DELETE id=2546517 via doris-1 rows=10012 [doris-1:f:up doris-2:M:up doris-3:f:DOWN]
23:39:30 #82 OK SELECT id=2546517 via doris-1 rows=10011 [doris-1:f:up doris-2:M:up doris-3:f:DOWN]
23:39:31 #83 OK INSERT id=2546518 via doris-1 rows=10012 [doris-1:f:up doris-2:M:up doris-3:f:DOWN]
23:39:32 #84 OK UPSERT id=2546518 via doris-1 rows=10013 [doris-1:f:up doris-2:M:up doris-3:f:DOWN]
23:39:33 #85 OK SELECT id=2546518 via doris-1 rows=10013 [doris-1:f:up doris-2:M:up doris-3:f:DOWN]
23:39:34 #86 OK DELETE id=2546518 via doris-1 rows=10012 [doris-1:f:up doris-2:M:up doris-3:f:DOWN]
23:39:35 #87 OK SELECT id=2546518 via doris-1 rows=10011 [doris-1:f:up doris-2:M:up doris-3:f:DOWN]
23:39:36 #88 OK INSERT id=2546519 via doris-1 rows=10012 [doris-1:f:up doris-2:M:up doris-3:f:DOWN]
23:39:37 #89 OK UPSERT id=2546519 via doris-1 rows=10013 [doris-1:f:up doris-2:M:up doris-3:f:DOWN]
23:39:38 #90 OK SELECT id=2546519 via doris-1 rows=10013 [doris-1:f:up doris-2:M:up doris-3:f:DOWN]
23:39:39 #91 OK DELETE id=2546519 via doris-1 rows=10012 [doris-1:f:up doris-2:M:up doris-3:f:DOWN]
23:39:40 #92 OK SELECT id=2546519 via doris-1 rows=10011 [doris-1:f:up doris-2:M:up doris-3:f:DOWN]
23:39:42 #93 OK INSERT id=2546520 via doris-1 rows=10012 [doris-1:f:up doris-2:M:up doris-3:f:DOWN]
23:39:43 #94 OK UPSERT id=2546520 via doris-1 rows=10013 [doris-1:f:up doris-2:M:up doris-3:f:DOWN]
23:39:44 #95 OK SELECT id=2546520 via doris-1 rows=10013 [doris-1:f:up doris-2:M:up doris-3:f:DOWN]
23:39:45 #96 OK DELETE id=2546520 via doris-1 rows=10012 [doris-1:f:up doris-2:M:up doris-3:f:DOWN]
23:39:46 #97 OK SELECT id=2546520 via doris-1 rows=10011 [doris-1:f:up doris-2:M:up doris-3:f:DOWN]
23:39:47 #98 OK INSERT id=2546521 via doris-1 rows=10012 [doris-1:f:up doris-2:M:up doris-3:f:DOWN]
23:39:48 #99 OK UPSERT id=2546521 via doris-1 rows=10013 [doris-1:f:up doris-2:M:up doris-3:f:DOWN]
23:39:49 #100 OK SELECT id=2546521 via doris-1 rows=10013 [doris-1:f:up doris-2:M:up doris-3:f:DOWN]
23:39:50 #101 OK DELETE id=2546521 via doris-1 rows=10012 [doris-1:f:up doris-2:M:up doris-3:f:DOWN]
23:39:51 #102 OK SELECT id=2546521 via doris-1 rows=10011 [doris-1:f:up doris-2:M:up doris-3:f:DOWN]
23:39:52 #103 OK INSERT id=2546522 via doris-1 rows=10012 [doris-1:f:up doris-2:M:up doris-3:f:DOWN]
23:39:53 #104 OK UPSERT id=2546522 via doris-1 rows=10013 [doris-1:f:up doris-2:M:up doris-3:f:DOWN]
23:39:54 #105 OK SELECT id=2546522 via doris-1 rows=10013 [doris-1:f:up doris-2:M:up doris-3:f:DOWN]
23:39:56 #106 OK DELETE id=2546522 via doris-1 rows=10012 [doris-1:f:up doris-2:M:up doris-3:f:DOWN]
23:39:57 #107 OK SELECT id=2546522 via doris-1 rows=10011 [doris-1:f:up doris-2:M:up doris-3:f:DOWN]
23:39:58 #108 OK INSERT id=2546523 via doris-1 rows=10012 [doris-1:f:up doris-2:M:up doris-3:f:DOWN]
23:39:59 #109 OK UPSERT id=2546523 via doris-1 rows=10013 [doris-1:f:up doris-2:M:up doris-3:f:DOWN]
23:40:00 #110 OK SELECT id=2546523 via doris-1 rows=10013 [doris-1:f:up doris-2:M:up doris-3:f:DOWN]
23:40:01 #111 OK DELETE id=2546523 via doris-1 rows=10012 [doris-1:f:up doris-2:M:up doris-3:f:DOWN]
23:40:02 #112 OK SELECT id=2546523 via doris-1 rows=10011 [doris-1:f:up doris-2:M:up doris-3:f:DOWN]
23:40:03 #113 OK INSERT id=2546524 via doris-1 rows=10012 [doris-1:f:up doris-2:M:up doris-3:f:DOWN]
23:40:04 #114 OK UPSERT id=2546524 via doris-1 rows=10013 [doris-1:f:up doris-2:M:up doris-3:f:DOWN]
23:40:05 #115 OK SELECT id=2546524 via doris-1 rows=10013 [doris-1:f:up doris-2:M:up doris-3:f:DOWN]
23:40:06 EVENT restore: start doris-3
23:40:06 #116 OK DELETE id=2546524 via doris-1 rows=10012 [doris-1:f:up doris-2:M:up doris-3:f:DOWN]
23:40:07 #117 OK SELECT id=2546524 via doris-1 rows=10011 [doris-1:f:up doris-2:M:up doris-3:f:DOWN]
23:40:08 #118 OK INSERT id=2546525 via doris-1 rows=10012 [doris-1:f:up doris-2:M:up doris-3:f:DOWN]
23:40:09 #119 OK UPSERT id=2546525 via doris-1 rows=10013 [doris-1:f:up doris-2:M:up doris-3:f:DOWN]
23:40:10 #120 OK SELECT id=2546525 via doris-1 rows=10013 [doris-1:f:up doris-2:M:up doris-3:f:DOWN]
23:40:12 #121 OK DELETE id=2546525 via doris-1 rows=10012 [doris-1:f:up doris-2:M:up doris-3:f:DOWN]
23:40:13 #122 OK SELECT id=2546525 via doris-1 rows=10011 [doris-1:f:up doris-2:M:up doris-3:f:DOWN]
23:40:14 #123 OK INSERT id=2546526 via doris-1 rows=10012 [doris-1:f:up doris-2:M:up doris-3:f:DOWN]
23:40:15 #124 OK UPSERT id=2546526 via doris-1 rows=10013 [doris-1:f:up doris-2:M:up doris-3:f:DOWN]
23:40:16 #125 OK SELECT id=2546526 via doris-1 rows=10013 [doris-1:f:up doris-2:M:up doris-3:f:DOWN]
23:40:17 #126 OK DELETE id=2546526 via doris-1 rows=10012 [doris-1:f:up doris-2:M:up doris-3:f:DOWN]
23:40:18 #127 OK SELECT id=2546526 via doris-1 rows=10011 [doris-1:f:up doris-2:M:up doris-3:f:DOWN]
23:40:19 #128 OK INSERT id=2546527 via doris-1 rows=10012 [doris-1:f:up doris-2:M:up doris-3:f:DOWN]
23:40:20 #129 OK UPSERT id=2546527 via doris-1 rows=10013 [doris-1:f:up doris-2:M:up doris-3:f:DOWN]
23:40:21 #130 OK SELECT id=2546527 via doris-1 rows=10013 [doris-1:f:up doris-2:M:up doris-3:f:DOWN]
23:40:22 #131 OK DELETE id=2546527 via doris-1 rows=10012 [doris-1:f:up doris-2:M:up doris-3:f:DOWN]
23:40:23 #132 OK SELECT id=2546527 via doris-1 rows=10011 [doris-1:f:up doris-2:M:up doris-3:f:DOWN]
23:40:24 #133 OK INSERT id=2546528 via doris-1 rows=10012 [doris-1:f:up doris-2:M:up doris-3:f:DOWN]
23:40:25 #134 OK UPSERT id=2546528 via doris-1 rows=10013 [doris-1:f:up doris-2:M:up doris-3:f:DOWN]
23:40:27 #135 OK SELECT id=2546528 via doris-1 rows=10013 [doris-1:f:up doris-2:M:up doris-3:f:DOWN]
23:40:28 #136 OK DELETE id=2546528 via doris-1 rows=10012 [doris-1:f:up doris-2:M:up doris-3:f:DOWN]
23:40:29 #137 OK SELECT id=2546528 via doris-1 rows=10011 [doris-1:f:up doris-2:M:up doris-3:f:DOWN]
23:40:30 #138 OK INSERT id=2546529 via doris-1 rows=10012 [doris-1:f:up doris-2:M:up doris-3:f:DOWN]
23:40:31 #139 OK UPSERT id=2546529 via doris-1 rows=10013 [doris-1:f:up doris-2:M:up doris-3:f:DOWN]
23:40:32 #140 OK SELECT id=2546529 via doris-1 rows=10013 [doris-1:f:up doris-2:M:up doris-3:f:DOWN]
23:40:33 #141 OK DELETE id=2546529 via doris-1 rows=10012 [doris-1:f:up doris-2:M:up doris-3:f:DOWN]
23:40:34 #142 OK SELECT id=2546529 via doris-1 rows=10011 [doris-1:f:up doris-2:M:up doris-3:f:DOWN]
23:40:35 #143 OK INSERT id=2546530 via doris-1 rows=10012 [doris-1:f:up doris-2:M:up doris-3:f:DOWN]
23:40:36 #144 OK UPSERT id=2546530 via doris-1 rows=10013 [doris-1:f:up doris-2:M:up doris-3:f:DOWN]
23:40:37 #145 OK SELECT id=2546530 via doris-1 rows=10013 [doris-1:f:up doris-2:M:up doris-3:f:DOWN]
23:40:38 #146 OK DELETE id=2546530 via doris-1 rows=10012 [doris-1:f:up doris-2:M:up doris-3:f:DOWN]
23:40:39 #147 OK SELECT id=2546530 via doris-1 rows=10011 [doris-1:f:up doris-2:M:up doris-3:f:DOWN]
23:40:40 #148 OK INSERT id=2546531 via doris-1 rows=10012 [doris-1:f:up doris-2:M:up doris-3:f:DOWN]
23:40:42 #149 OK UPSERT id=2546531 via doris-1 rows=10013 [doris-1:f:up doris-2:M:up doris-3:f:DOWN]
23:40:43 #150 OK SELECT id=2546531 via doris-1 rows=10013 [doris-1:f:up doris-2:M:up doris-3:f:DOWN]
23:40:44 #151 OK DELETE id=2546531 via doris-1 rows=10012 [doris-1:f:up doris-2:M:up doris-3:f:DOWN]
23:40:45 #152 OK SELECT id=2546531 via doris-1 rows=10011 [doris-1:f:up doris-2:M:up doris-3:f:DOWN]
23:40:46 #153 OK INSERT id=2546532 via doris-1 rows=10012 [doris-1:f:up doris-2:M:up doris-3:f:DOWN]
23:40:47 #154 OK UPSERT id=2546532 via doris-1 rows=10013 [doris-1:f:up doris-2:M:up doris-3:f:DOWN]
23:40:48 #155 OK SELECT id=2546532 via doris-1 rows=10013 [doris-1:f:up doris-2:M:up doris-3:f:DOWN]
23:40:49 #156 OK DELETE id=2546532 via doris-1 rows=10012 [doris-1:f:up doris-2:M:up doris-3:f:DOWN]
23:40:50 #157 OK SELECT id=2546532 via doris-1 rows=10011 [doris-1:f:up doris-2:M:up doris-3:f:DOWN]
23:40:51 #158 OK INSERT id=2546533 via doris-1 rows=10012 [doris-1:f:up doris-2:M:up doris-3:f:DOWN]
23:40:52 #159 OK UPSERT id=2546533 via doris-1 rows=10013 [doris-1:f:up doris-2:M:up doris-3:f:DOWN]
23:40:53 #160 OK SELECT id=2546533 via doris-1 rows=10013 [doris-1:f:up doris-2:M:up doris-3:f:DOWN]
23:40:54 #161 OK DELETE id=2546533 via doris-1 rows=10012 [doris-1:f:up doris-2:M:up doris-3:f:DOWN]
23:40:55 #162 OK SELECT id=2546533 via doris-1 rows=10011 [doris-1:f:up doris-2:M:up doris-3:f:DOWN]
23:40:57 #163 OK INSERT id=2546534 via doris-1 rows=10012 [doris-1:f:up doris-2:M:up doris-3:f:DOWN]
23:40:58 #164 OK UPSERT id=2546534 via doris-1 rows=10013 [doris-1:f:up doris-2:M:up doris-3:f:DOWN]
23:40:59 #165 OK SELECT id=2546534 via doris-1 rows=10013 [doris-1:f:up doris-2:M:up doris-3:f:DOWN]
23:41:00 #166 OK DELETE id=2546534 via doris-1 rows=10012 [doris-1:f:up doris-2:M:up doris-3:f:DOWN]
23:41:01 #167 OK SELECT id=2546534 via doris-1 rows=10011 [doris-1:f:up doris-2:M:up doris-3:f:DOWN]
23:41:02 #168 OK INSERT id=2546535 via doris-1 rows=10012 [doris-1:f:up doris-2:M:up doris-3:f:DOWN]
23:41:03 #169 OK UPSERT id=2546535 via doris-1 rows=10013 [doris-1:f:up doris-2:M:up doris-3:f:DOWN]
23:41:04 #170 OK SELECT id=2546535 via doris-1 rows=10013 [doris-1:f:up doris-2:M:up doris-3:f:up]
23:41:05 #171 OK DELETE id=2546535 via doris-1 rows=10012 [doris-1:f:up doris-2:M:up doris-3:f:up]
23:41:06 #172 OK SELECT id=2546535 via doris-1 rows=10011 [doris-1:f:up doris-2:M:up doris-3:f:up]
23:41:07 EVENT restore: cluster healthy
23:41:07 #173 OK INSERT id=2546536 via doris-1 rows=10012 [doris-1:f:up doris-2:M:up doris-3:f:up]
23:41:08 #174 OK UPSERT id=2546536 via doris-1 rows=10013 [doris-1:f:up doris-2:M:up doris-3:f:up]
23:41:09 #175 OK SELECT id=2546536 via doris-1 rows=10013 [doris-1:f:up doris-2:M:up doris-3:f:up]
23:41:10 #176 OK DELETE id=2546536 via doris-1 rows=10012 [doris-1:f:up doris-2:M:up doris-3:f:up]
23:41:12 #177 OK SELECT id=2546536 via doris-1 rows=10011 [doris-1:f:up doris-2:M:up doris-3:f:up]
23:41:13 #178 OK INSERT id=2546537 via doris-1 rows=10012 [doris-1:f:up doris-2:M:up doris-3:f:up]
23:41:14 #179 OK UPSERT id=2546537 via doris-1 rows=10013 [doris-1:f:up doris-2:M:up doris-3:f:up]
23:41:15 #180 OK SELECT id=2546537 via doris-1 rows=10013 [doris-1:f:up doris-2:M:up doris-3:f:up]
23:41:16 #181 OK DELETE id=2546537 via doris-1 rows=10012 [doris-1:f:up doris-2:M:up doris-3:f:up]
23:41:17 #182 OK SELECT id=2546537 via doris-1 rows=10011 [doris-1:f:up doris-2:M:up doris-3:f:up]
23:41:18 #183 OK INSERT id=2546538 via doris-1 rows=10012 [doris-1:f:up doris-2:M:up doris-3:f:up]
23:41:19 #184 OK UPSERT id=2546538 via doris-1 rows=10013 [doris-1:f:up doris-2:M:up doris-3:f:up]
23:41:20 #185 OK SELECT id=2546538 via doris-1 rows=10013 [doris-1:f:up doris-2:M:up doris-3:f:up]
23:41:21 #186 OK DELETE id=2546538 via doris-1 rows=10012 [doris-1:f:up doris-2:M:up doris-3:f:up]
23:41:22 #187 OK SELECT id=2546538 via doris-1 rows=10011 [doris-1:f:up doris-2:M:up doris-3:f:up]
23:41:23 #188 OK INSERT id=2546539 via doris-1 rows=10012 [doris-1:f:up doris-2:M:up doris-3:f:up]
23:41:24 #189 OK UPSERT id=2546539 via doris-1 rows=10013 [doris-1:f:up doris-2:M:up doris-3:f:up]
23:41:25 #190 OK SELECT id=2546539 via doris-1 rows=10013 [doris-1:f:up doris-2:M:up doris-3:f:up]
23:41:27 #191 OK DELETE id=2546539 via doris-1 rows=10012 [doris-1:f:up doris-2:M:up doris-3:f:up]
23:41:28 #192 OK SELECT id=2546539 via doris-1 rows=10011 [doris-1:f:up doris-2:M:up doris-3:f:up]
23:41:29 #193 OK INSERT id=2546540 via doris-1 rows=10012 [doris-1:f:up doris-2:M:up doris-3:f:up]
23:41:30 #194 OK UPSERT id=2546540 via doris-1 rows=10013 [doris-1:f:up doris-2:M:up doris-3:f:up]
23:41:31 #195 OK SELECT id=2546540 via doris-1 rows=10013 [doris-1:f:up doris-2:M:up doris-3:f:up]
23:41:32 #196 OK DELETE id=2546540 via doris-1 rows=10012 [doris-1:f:up doris-2:M:up doris-3:f:up]
23:41:33 #197 OK SELECT id=2546540 via doris-1 rows=10011 [doris-1:f:up doris-2:M:up doris-3:f:up]
23:41:34 #198 OK INSERT id=2546541 via doris-1 rows=10012 [doris-1:f:up doris-2:M:up doris-3:f:up]
23:41:35 #199 OK UPSERT id=2546541 via doris-1 rows=10013 [doris-1:f:up doris-2:M:up doris-3:f:up]
