23:37:30 PROBE start proto=mysql hosts=doris-1,doris-2,doris-3 duration=86400s cycle=INSERT>UPSERT>SELECT>DELETE>SELECT
23:37:30 connected to doris-1 (10.140.0.2)
23:37:30 #1 OK INSERT id=1546500 via doris-1 rows=10012 [doris-1:f:up doris-2:f:up doris-3:M:up]
23:37:31 #2 OK UPSERT id=1546500 via doris-1 rows=10013 [doris-1:f:up doris-2:f:up doris-3:M:up]
23:37:32 #3 OK SELECT id=1546500 via doris-1 rows=10013 [doris-1:f:up doris-2:f:up doris-3:M:up]
23:37:33 #4 OK DELETE id=1546500 via doris-1 rows=10012 [doris-1:f:up doris-2:f:up doris-3:M:up]
23:37:34 #5 OK SELECT id=1546500 via doris-1 rows=10011 [doris-1:f:up doris-2:f:up doris-3:M:up]
23:37:36 #6 OK INSERT id=1546501 via doris-1 rows=10012 [doris-1:f:up doris-2:f:up doris-3:M:up]
23:37:37 #7 OK UPSERT id=1546501 via doris-1 rows=10013 [doris-1:f:up doris-2:f:up doris-3:M:up]
23:37:38 #8 OK SELECT id=1546501 via doris-1 rows=10013 [doris-1:f:up doris-2:f:up doris-3:M:up]
23:37:39 #9 OK DELETE id=1546501 via doris-1 rows=10012 [doris-1:f:up doris-2:f:up doris-3:M:up]
23:37:40 #10 OK SELECT id=1546501 via doris-1 rows=10011 [doris-1:f:up doris-2:f:up doris-3:M:up]
23:37:41 #11 OK INSERT id=1546502 via doris-1 rows=10012 [doris-1:f:up doris-2:f:up doris-3:M:up]
23:37:42 #12 OK UPSERT id=1546502 via doris-1 rows=10013 [doris-1:f:up doris-2:f:up doris-3:M:up]
23:37:43 #13 OK SELECT id=1546502 via doris-1 rows=10013 [doris-1:f:up doris-2:f:up doris-3:M:up]
23:37:44 #14 OK DELETE id=1546502 via doris-1 rows=10012 [doris-1:f:up doris-2:f:up doris-3:M:up]
23:37:45 #15 OK SELECT id=1546502 via doris-1 rows=10011 [doris-1:f:up doris-2:f:up doris-3:M:up]
23:37:46 #16 OK INSERT id=1546503 via doris-1 rows=10012 [doris-1:f:up doris-2:f:up doris-3:M:up]
23:37:47 #17 OK UPSERT id=1546503 via doris-1 rows=10013 [doris-1:f:up doris-2:f:up doris-3:M:up]
23:37:48 #18 OK SELECT id=1546503 via doris-1 rows=10013 [doris-1:f:up doris-2:f:up doris-3:M:up]
23:37:50 #19 OK DELETE id=1546503 via doris-1 rows=10012 [doris-1:f:up doris-2:f:up doris-3:M:up]
23:37:51 #20 OK SELECT id=1546503 via doris-1 rows=10011 [doris-1:f:up doris-2:f:up doris-3:M:up]
23:37:52 #21 OK INSERT id=1546504 via doris-1 rows=10012 [doris-1:f:up doris-2:f:up doris-3:M:up]
23:37:53 #22 OK UPSERT id=1546504 via doris-1 rows=10013 [doris-1:f:up doris-2:f:up doris-3:M:up]
23:37:54 #23 OK SELECT id=1546504 via doris-1 rows=10013 [doris-1:f:up doris-2:f:up doris-3:M:up]
23:37:55 #24 OK DELETE id=1546504 via doris-1 rows=10012 [doris-1:f:up doris-2:f:up doris-3:M:up]
23:37:56 #25 OK SELECT id=1546504 via doris-1 rows=10011 [doris-1:f:up doris-2:f:up doris-3:M:up]
23:37:57 #26 OK INSERT id=1546505 via doris-1 rows=10012 [doris-1:f:up doris-2:f:up doris-3:M:up]
23:37:58 #27 OK UPSERT id=1546505 via doris-1 rows=10013 [doris-1:f:up doris-2:f:up doris-3:M:up]
23:37:59 #28 OK SELECT id=1546505 via doris-1 rows=10013 [doris-1:f:up doris-2:f:up doris-3:M:up]
23:38:00 #29 OK DELETE id=1546505 via doris-1 rows=10012 [doris-1:f:up doris-2:f:up doris-3:M:up]
23:38:01 #30 OK SELECT id=1546505 via doris-1 rows=10011 [doris-1:f:up doris-2:f:up doris-3:M:up]
23:38:02 #31 OK INSERT id=1546506 via doris-1 rows=10012 [doris-1:f:up doris-2:f:up doris-3:M:up]
23:38:03 #32 OK UPSERT id=1546506 via doris-1 rows=10013 [doris-1:f:up doris-2:f:up doris-3:M:up]
23:38:04 EVENT break: vm stop on doris-3 (FE master)
23:38:05 #33 OK SELECT id=1546506 via doris-1 rows=10013 [doris-1:f:up doris-2:f:up doris-3:M:up]
23:38:06 #34 OK DELETE id=1546506 via doris-1 rows=10012 [doris-1:f:up doris-2:f:up doris-3:M:up]
23:38:07 #35 OK SELECT id=1546506 via doris-1 rows=10011 [doris-1:f:up doris-2:f:up doris-3:M:up]
23:38:08 #36 FAIL INSERT id=1546507 via doris-1: OperationalError: (1105, 'ForwardToMasterException, msg: forward to master FE TNetworkAddress(hostname:10.140.0.4, port:9020), s
23:38:09 connected to doris-1 (10.140.0.2)
23:38:09 #37 FAIL INSERT id=1546508 via doris-1: OperationalError: (1105, 'Exception, msg: Failed to get master client.')
23:38:18 connected to doris-1 (10.140.0.2)
23:38:18 #38 FAIL INSERT id=1546509 via doris-1: InterfaceError: (0, '')
23:38:27 connected to doris-1 (10.140.0.2)
23:38:27 #39 FAIL INSERT id=1546510 via doris-1: InterfaceError: (0, '')
23:38:28 EVENT break: doris-3 is down
23:38:36 connected to doris-1 (10.140.0.2)
23:38:36 #40 FAIL INSERT id=1546511 via doris-1: InterfaceError: (0, '')
23:38:37 connected to doris-1 (10.140.0.2)
23:38:37 #41 OK INSERT id=1546512 via doris-1 rows=10012 [doris-1:f:up doris-2:M:up doris-3:f:DOWN] (recovered)
23:38:38 #42 OK UPSERT id=1546512 via doris-1 rows=10012 [doris-1:f:up doris-2:M:up doris-3:f:DOWN]
23:38:39 #43 OK SELECT id=1546512 via doris-1 rows=10012 [doris-1:f:up doris-2:M:up doris-3:f:DOWN]
23:38:41 #44 OK DELETE id=1546512 via doris-1 rows=10011 [doris-1:f:up doris-2:M:up doris-3:f:DOWN]
23:38:42 #45 OK SELECT id=1546512 via doris-1 rows=10012 [doris-1:f:up doris-2:M:up doris-3:f:DOWN]
23:38:43 #46 OK INSERT id=1546513 via doris-1 rows=10013 [doris-1:f:up doris-2:M:up doris-3:f:DOWN]
23:38:44 #47 OK UPSERT id=1546513 via doris-1 rows=10013 [doris-1:f:up doris-2:M:up doris-3:f:DOWN]
23:38:45 #48 OK SELECT id=1546513 via doris-1 rows=10013 [doris-1:f:up doris-2:M:up doris-3:f:DOWN]
23:38:46 #49 OK DELETE id=1546513 via doris-1 rows=10011 [doris-1:f:up doris-2:M:up doris-3:f:DOWN]
23:38:47 #50 OK SELECT id=1546513 via doris-1 rows=10012 [doris-1:f:up doris-2:M:up doris-3:f:DOWN]
23:38:48 #51 OK INSERT id=1546514 via doris-1 rows=10013 [doris-1:f:up doris-2:M:up doris-3:f:DOWN]
23:38:49 #52 OK UPSERT id=1546514 via doris-1 rows=10013 [doris-1:f:up doris-2:M:up doris-3:f:DOWN]
23:38:50 #53 OK SELECT id=1546514 via doris-1 rows=10013 [doris-1:f:up doris-2:M:up doris-3:f:DOWN]
23:38:52 #54 OK DELETE id=1546514 via doris-1 rows=10011 [doris-1:f:up doris-2:M:up doris-3:f:DOWN]
23:38:53 #55 OK SELECT id=1546514 via doris-1 rows=10011 [doris-1:f:up doris-2:M:up doris-3:f:DOWN]
23:38:54 #56 OK INSERT id=1546515 via doris-1 rows=10013 [doris-1:f:up doris-2:M:up doris-3:f:DOWN]
23:38:55 #57 OK UPSERT id=1546515 via doris-1 rows=10013 [doris-1:f:up doris-2:M:up doris-3:f:DOWN]
23:38:56 #58 OK SELECT id=1546515 via doris-1 rows=10013 [doris-1:f:up doris-2:M:up doris-3:f:DOWN]
23:38:57 #59 OK DELETE id=1546515 via doris-1 rows=10011 [doris-1:f:up doris-2:M:up doris-3:f:DOWN]
23:38:58 #60 OK SELECT id=1546515 via doris-1 rows=10011 [doris-1:f:up doris-2:M:up doris-3:f:DOWN]
23:38:59 #61 OK INSERT id=1546516 via doris-1 rows=10013 [doris-1:f:up doris-2:M:up doris-3:f:DOWN]
23:39:00 #62 OK UPSERT id=1546516 via doris-1 rows=10013 [doris-1:f:up doris-2:M:up doris-3:f:DOWN]
23:39:01 #63 OK SELECT id=1546516 via doris-1 rows=10013 [doris-1:f:up doris-2:M:up doris-3:f:DOWN]
23:39:02 #64 OK DELETE id=1546516 via doris-1 rows=10011 [doris-1:f:up doris-2:M:up doris-3:f:DOWN]
23:39:03 #65 OK SELECT id=1546516 via doris-1 rows=10011 [doris-1:f:up doris-2:M:up doris-3:f:DOWN]
23:39:05 #66 OK INSERT id=1546517 via doris-1 rows=10013 [doris-1:f:up doris-2:M:up doris-3:f:DOWN]
23:39:06 #67 OK UPSERT id=1546517 via doris-1 rows=10013 [doris-1:f:up doris-2:M:up doris-3:f:DOWN]
23:39:07 #68 OK SELECT id=1546517 via doris-1 rows=10013 [doris-1:f:up doris-2:M:up doris-3:f:DOWN]
23:39:08 #69 OK DELETE id=1546517 via doris-1 rows=10011 [doris-1:f:up doris-2:M:up doris-3:f:DOWN]
23:39:09 #70 OK SELECT id=1546517 via doris-1 rows=10011 [doris-1:f:up doris-2:M:up doris-3:f:DOWN]
23:39:10 #71 OK INSERT id=1546518 via doris-1 rows=10013 [doris-1:f:up doris-2:M:up doris-3:f:DOWN]
23:39:11 #72 OK UPSERT id=1546518 via doris-1 rows=10013 [doris-1:f:up doris-2:M:up doris-3:f:DOWN]
23:39:12 #73 OK SELECT id=1546518 via doris-1 rows=10013 [doris-1:f:up doris-2:M:up doris-3:f:DOWN]
23:39:13 #74 OK DELETE id=1546518 via doris-1 rows=10011 [doris-1:f:up doris-2:M:up doris-3:f:DOWN]
23:39:14 #75 OK SELECT id=1546518 via doris-1 rows=10011 [doris-1:f:up doris-2:M:up doris-3:f:DOWN]
23:39:16 #76 OK INSERT id=1546519 via doris-1 rows=10013 [doris-1:f:up doris-2:M:up doris-3:f:DOWN]
23:39:17 #77 OK UPSERT id=1546519 via doris-1 rows=10013 [doris-1:f:up doris-2:M:up doris-3:f:DOWN]
23:39:18 #78 OK SELECT id=1546519 via doris-1 rows=10013 [doris-1:f:up doris-2:M:up doris-3:f:DOWN]
23:39:19 #79 OK DELETE id=1546519 via doris-1 rows=10011 [doris-1:f:up doris-2:M:up doris-3:f:DOWN]
23:39:20 #80 OK SELECT id=1546519 via doris-1 rows=10011 [doris-1:f:up doris-2:M:up doris-3:f:DOWN]
23:39:21 #81 OK INSERT id=1546520 via doris-1 rows=10013 [doris-1:f:up doris-2:M:up doris-3:f:DOWN]
23:39:22 #82 OK UPSERT id=1546520 via doris-1 rows=10013 [doris-1:f:up doris-2:M:up doris-3:f:DOWN]
23:39:23 #83 OK SELECT id=1546520 via doris-1 rows=10013 [doris-1:f:up doris-2:M:up doris-3:f:DOWN]
23:39:24 #84 OK DELETE id=1546520 via doris-1 rows=10011 [doris-1:f:up doris-2:M:up doris-3:f:DOWN]
23:39:25 #85 OK SELECT id=1546520 via doris-1 rows=10011 [doris-1:f:up doris-2:M:up doris-3:f:DOWN]
23:39:26 #86 OK INSERT id=1546521 via doris-1 rows=10013 [doris-1:f:up doris-2:M:up doris-3:f:DOWN]
23:39:27 #87 OK UPSERT id=1546521 via doris-1 rows=10013 [doris-1:f:up doris-2:M:up doris-3:f:DOWN]
23:39:28 #88 OK SELECT id=1546521 via doris-1 rows=10013 [doris-1:f:up doris-2:M:up doris-3:f:DOWN]
23:39:30 #89 OK DELETE id=1546521 via doris-1 rows=10011 [doris-1:f:up doris-2:M:up doris-3:f:DOWN]
23:39:31 #90 OK SELECT id=1546521 via doris-1 rows=10011 [doris-1:f:up doris-2:M:up doris-3:f:DOWN]
23:39:32 #91 OK INSERT id=1546522 via doris-1 rows=10013 [doris-1:f:up doris-2:M:up doris-3:f:DOWN]
23:39:33 #92 OK UPSERT id=1546522 via doris-1 rows=10013 [doris-1:f:up doris-2:M:up doris-3:f:DOWN]
23:39:34 #93 OK SELECT id=1546522 via doris-1 rows=10013 [doris-1:f:up doris-2:M:up doris-3:f:DOWN]
23:39:35 #94 OK DELETE id=1546522 via doris-1 rows=10011 [doris-1:f:up doris-2:M:up doris-3:f:DOWN]
23:39:36 #95 OK SELECT id=1546522 via doris-1 rows=10011 [doris-1:f:up doris-2:M:up doris-3:f:DOWN]
23:39:37 #96 OK INSERT id=1546523 via doris-1 rows=10013 [doris-1:f:up doris-2:M:up doris-3:f:DOWN]
23:39:38 #97 OK UPSERT id=1546523 via doris-1 rows=10013 [doris-1:f:up doris-2:M:up doris-3:f:DOWN]
23:39:39 #98 OK SELECT id=1546523 via doris-1 rows=10013 [doris-1:f:up doris-2:M:up doris-3:f:DOWN]
23:39:40 #99 OK DELETE id=1546523 via doris-1 rows=10011 [doris-1:f:up doris-2:M:up doris-3:f:DOWN]
23:39:41 #100 OK SELECT id=1546523 via doris-1 rows=10011 [doris-1:f:up doris-2:M:up doris-3:f:DOWN]
23:39:43 #101 OK INSERT id=1546524 via doris-1 rows=10013 [doris-1:f:up doris-2:M:up doris-3:f:DOWN]
23:39:44 #102 OK UPSERT id=1546524 via doris-1 rows=10013 [doris-1:f:up doris-2:M:up doris-3:f:DOWN]
23:39:45 #103 OK SELECT id=1546524 via doris-1 rows=10013 [doris-1:f:up doris-2:M:up doris-3:f:DOWN]
23:39:46 #104 OK DELETE id=1546524 via doris-1 rows=10011 [doris-1:f:up doris-2:M:up doris-3:f:DOWN]
23:39:47 #105 OK SELECT id=1546524 via doris-1 rows=10011 [doris-1:f:up doris-2:M:up doris-3:f:DOWN]
23:39:48 #106 OK INSERT id=1546525 via doris-1 rows=10013 [doris-1:f:up doris-2:M:up doris-3:f:DOWN]
23:39:49 #107 OK UPSERT id=1546525 via doris-1 rows=10013 [doris-1:f:up doris-2:M:up doris-3:f:DOWN]
23:39:50 #108 OK SELECT id=1546525 via doris-1 rows=10013 [doris-1:f:up doris-2:M:up doris-3:f:DOWN]
23:39:51 #109 OK DELETE id=1546525 via doris-1 rows=10011 [doris-1:f:up doris-2:M:up doris-3:f:DOWN]
23:39:52 #110 OK SELECT id=1546525 via doris-1 rows=10011 [doris-1:f:up doris-2:M:up doris-3:f:DOWN]
23:39:53 #111 OK INSERT id=1546526 via doris-1 rows=10013 [doris-1:f:up doris-2:M:up doris-3:f:DOWN]
23:39:54 #112 OK UPSERT id=1546526 via doris-1 rows=10013 [doris-1:f:up doris-2:M:up doris-3:f:DOWN]
23:39:55 #113 OK SELECT id=1546526 via doris-1 rows=10013 [doris-1:f:up doris-2:M:up doris-3:f:DOWN]
23:39:56 #114 OK DELETE id=1546526 via doris-1 rows=10011 [doris-1:f:up doris-2:M:up doris-3:f:DOWN]
23:39:57 #115 OK SELECT id=1546526 via doris-1 rows=10011 [doris-1:f:up doris-2:M:up doris-3:f:DOWN]
23:39:59 #116 OK INSERT id=1546527 via doris-1 rows=10013 [doris-1:f:up doris-2:M:up doris-3:f:DOWN]
23:40:00 #117 OK UPSERT id=1546527 via doris-1 rows=10013 [doris-1:f:up doris-2:M:up doris-3:f:DOWN]
23:40:01 #118 OK SELECT id=1546527 via doris-1 rows=10013 [doris-1:f:up doris-2:M:up doris-3:f:DOWN]
23:40:02 #119 OK DELETE id=1546527 via doris-1 rows=10011 [doris-1:f:up doris-2:M:up doris-3:f:DOWN]
23:40:03 #120 OK SELECT id=1546527 via doris-1 rows=10011 [doris-1:f:up doris-2:M:up doris-3:f:DOWN]
23:40:04 #121 OK INSERT id=1546528 via doris-1 rows=10013 [doris-1:f:up doris-2:M:up doris-3:f:DOWN]
23:40:05 #122 OK UPSERT id=1546528 via doris-1 rows=10013 [doris-1:f:up doris-2:M:up doris-3:f:DOWN]
23:40:06 EVENT restore: start doris-3
23:40:06 #123 OK SELECT id=1546528 via doris-1 rows=10013 [doris-1:f:up doris-2:M:up doris-3:f:DOWN]
23:40:07 #124 OK DELETE id=1546528 via doris-1 rows=10011 [doris-1:f:up doris-2:M:up doris-3:f:DOWN]
23:40:08 #125 OK SELECT id=1546528 via doris-1 rows=10011 [doris-1:f:up doris-2:M:up doris-3:f:DOWN]
23:40:09 #126 OK INSERT id=1546529 via doris-1 rows=10013 [doris-1:f:up doris-2:M:up doris-3:f:DOWN]
23:40:10 #127 OK UPSERT id=1546529 via doris-1 rows=10013 [doris-1:f:up doris-2:M:up doris-3:f:DOWN]
23:40:11 #128 OK SELECT id=1546529 via doris-1 rows=10013 [doris-1:f:up doris-2:M:up doris-3:f:DOWN]
23:40:13 #129 OK DELETE id=1546529 via doris-1 rows=10011 [doris-1:f:up doris-2:M:up doris-3:f:DOWN]
23:40:14 #130 OK SELECT id=1546529 via doris-1 rows=10011 [doris-1:f:up doris-2:M:up doris-3:f:DOWN]
23:40:15 #131 OK INSERT id=1546530 via doris-1 rows=10013 [doris-1:f:up doris-2:M:up doris-3:f:DOWN]
23:40:16 #132 OK UPSERT id=1546530 via doris-1 rows=10013 [doris-1:f:up doris-2:M:up doris-3:f:DOWN]
23:40:17 #133 OK SELECT id=1546530 via doris-1 rows=10013 [doris-1:f:up doris-2:M:up doris-3:f:DOWN]
23:40:18 #134 OK DELETE id=1546530 via doris-1 rows=10011 [doris-1:f:up doris-2:M:up doris-3:f:DOWN]
23:40:19 #135 OK SELECT id=1546530 via doris-1 rows=10011 [doris-1:f:up doris-2:M:up doris-3:f:DOWN]
23:40:20 #136 OK INSERT id=1546531 via doris-1 rows=10013 [doris-1:f:up doris-2:M:up doris-3:f:DOWN]
23:40:21 #137 OK UPSERT id=1546531 via doris-1 rows=10013 [doris-1:f:up doris-2:M:up doris-3:f:DOWN]
23:40:22 #138 OK SELECT id=1546531 via doris-1 rows=10013 [doris-1:f:up doris-2:M:up doris-3:f:DOWN]
23:40:23 #139 OK DELETE id=1546531 via doris-1 rows=10011 [doris-1:f:up doris-2:M:up doris-3:f:DOWN]
23:40:24 #140 OK SELECT id=1546531 via doris-1 rows=10011 [doris-1:f:up doris-2:M:up doris-3:f:DOWN]
23:40:25 #141 OK INSERT id=1546532 via doris-1 rows=10013 [doris-1:f:up doris-2:M:up doris-3:f:DOWN]
23:40:26 #142 OK UPSERT id=1546532 via doris-1 rows=10013 [doris-1:f:up doris-2:M:up doris-3:f:DOWN]
23:40:27 #143 OK SELECT id=1546532 via doris-1 rows=10013 [doris-1:f:up doris-2:M:up doris-3:f:DOWN]
23:40:29 #144 OK DELETE id=1546532 via doris-1 rows=10011 [doris-1:f:up doris-2:M:up doris-3:f:DOWN]
23:40:30 #145 OK SELECT id=1546532 via doris-1 rows=10011 [doris-1:f:up doris-2:M:up doris-3:f:DOWN]
23:40:31 #146 OK INSERT id=1546533 via doris-1 rows=10013 [doris-1:f:up doris-2:M:up doris-3:f:DOWN]
23:40:32 #147 OK UPSERT id=1546533 via doris-1 rows=10013 [doris-1:f:up doris-2:M:up doris-3:f:DOWN]
23:40:33 #148 OK SELECT id=1546533 via doris-1 rows=10013 [doris-1:f:up doris-2:M:up doris-3:f:DOWN]
23:40:34 #149 OK DELETE id=1546533 via doris-1 rows=10011 [doris-1:f:up doris-2:M:up doris-3:f:DOWN]
23:40:35 #150 OK SELECT id=1546533 via doris-1 rows=10011 [doris-1:f:up doris-2:M:up doris-3:f:DOWN]
23:40:36 #151 OK INSERT id=1546534 via doris-1 rows=10013 [doris-1:f:up doris-2:M:up doris-3:f:DOWN]
23:40:37 #152 OK UPSERT id=1546534 via doris-1 rows=10013 [doris-1:f:up doris-2:M:up doris-3:f:DOWN]
23:40:38 #153 OK SELECT id=1546534 via doris-1 rows=10013 [doris-1:f:up doris-2:M:up doris-3:f:DOWN]
23:40:39 #154 OK DELETE id=1546534 via doris-1 rows=10011 [doris-1:f:up doris-2:M:up doris-3:f:DOWN]
23:40:40 #155 OK SELECT id=1546534 via doris-1 rows=10011 [doris-1:f:up doris-2:M:up doris-3:f:DOWN]
23:40:41 #156 OK INSERT id=1546535 via doris-1 rows=10013 [doris-1:f:up doris-2:M:up doris-3:f:DOWN]
23:40:42 #157 OK UPSERT id=1546535 via doris-1 rows=10013 [doris-1:f:up doris-2:M:up doris-3:f:DOWN]
23:40:43 #158 OK SELECT id=1546535 via doris-1 rows=10013 [doris-1:f:up doris-2:M:up doris-3:f:DOWN]
23:40:45 #159 OK DELETE id=1546535 via doris-1 rows=10011 [doris-1:f:up doris-2:M:up doris-3:f:DOWN]
23:40:46 #160 OK SELECT id=1546535 via doris-1 rows=10011 [doris-1:f:up doris-2:M:up doris-3:f:DOWN]
23:40:47 #161 OK INSERT id=1546536 via doris-1 rows=10013 [doris-1:f:up doris-2:M:up doris-3:f:DOWN]
23:40:48 #162 OK UPSERT id=1546536 via doris-1 rows=10013 [doris-1:f:up doris-2:M:up doris-3:f:DOWN]
23:40:49 #163 OK SELECT id=1546536 via doris-1 rows=10013 [doris-1:f:up doris-2:M:up doris-3:f:DOWN]
23:40:50 #164 OK DELETE id=1546536 via doris-1 rows=10011 [doris-1:f:up doris-2:M:up doris-3:f:DOWN]
23:40:51 #165 OK SELECT id=1546536 via doris-1 rows=10011 [doris-1:f:up doris-2:M:up doris-3:f:DOWN]
23:40:52 #166 OK INSERT id=1546537 via doris-1 rows=10013 [doris-1:f:up doris-2:M:up doris-3:f:DOWN]
23:40:53 #167 OK UPSERT id=1546537 via doris-1 rows=10013 [doris-1:f:up doris-2:M:up doris-3:f:DOWN]
23:40:54 #168 OK SELECT id=1546537 via doris-1 rows=10013 [doris-1:f:up doris-2:M:up doris-3:f:DOWN]
23:40:55 #169 OK DELETE id=1546537 via doris-1 rows=10011 [doris-1:f:up doris-2:M:up doris-3:f:DOWN]
23:40:56 #170 OK SELECT id=1546537 via doris-1 rows=10011 [doris-1:f:up doris-2:M:up doris-3:f:DOWN]
23:40:57 #171 OK INSERT id=1546538 via doris-1 rows=10013 [doris-1:f:up doris-2:M:up doris-3:f:DOWN]
23:40:59 #172 OK UPSERT id=1546538 via doris-1 rows=10013 [doris-1:f:up doris-2:M:up doris-3:f:DOWN]
23:41:00 #173 OK SELECT id=1546538 via doris-1 rows=10013 [doris-1:f:up doris-2:M:up doris-3:f:DOWN]
23:41:01 #174 OK DELETE id=1546538 via doris-1 rows=10011 [doris-1:f:up doris-2:M:up doris-3:f:DOWN]
23:41:02 #175 OK SELECT id=1546538 via doris-1 rows=10011 [doris-1:f:up doris-2:M:up doris-3:f:DOWN]
23:41:03 #176 OK INSERT id=1546539 via doris-1 rows=10013 [doris-1:f:up doris-2:M:up doris-3:f:DOWN]
23:41:04 #177 OK UPSERT id=1546539 via doris-1 rows=10013 [doris-1:f:up doris-2:M:up doris-3:f:up]
23:41:05 #178 OK SELECT id=1546539 via doris-1 rows=10013 [doris-1:f:up doris-2:M:up doris-3:f:up]
23:41:06 #179 OK DELETE id=1546539 via doris-1 rows=10011 [doris-1:f:up doris-2:M:up doris-3:f:up]
23:41:07 EVENT restore: cluster healthy
23:41:07 #180 OK SELECT id=1546539 via doris-1 rows=10011 [doris-1:f:up doris-2:M:up doris-3:f:up]
23:41:08 #181 OK INSERT id=1546540 via doris-1 rows=10013 [doris-1:f:up doris-2:M:up doris-3:f:up]
23:41:09 #182 OK UPSERT id=1546540 via doris-1 rows=10013 [doris-1:f:up doris-2:M:up doris-3:f:up]
23:41:10 #183 OK SELECT id=1546540 via doris-1 rows=10013 [doris-1:f:up doris-2:M:up doris-3:f:up]
23:41:11 #184 OK DELETE id=1546540 via doris-1 rows=10011 [doris-1:f:up doris-2:M:up doris-3:f:up]
23:41:12 #185 OK SELECT id=1546540 via doris-1 rows=10011 [doris-1:f:up doris-2:M:up doris-3:f:up]
23:41:14 #186 OK INSERT id=1546541 via doris-1 rows=10013 [doris-1:f:up doris-2:M:up doris-3:f:up]
23:41:15 #187 OK UPSERT id=1546541 via doris-1 rows=10013 [doris-1:f:up doris-2:M:up doris-3:f:up]
23:41:16 #188 OK SELECT id=1546541 via doris-1 rows=10013 [doris-1:f:up doris-2:M:up doris-3:f:up]
23:41:17 #189 OK DELETE id=1546541 via doris-1 rows=10011 [doris-1:f:up doris-2:M:up doris-3:f:up]
23:41:18 #190 OK SELECT id=1546541 via doris-1 rows=10011 [doris-1:f:up doris-2:M:up doris-3:f:up]
23:41:19 #191 OK INSERT id=1546542 via doris-1 rows=10013 [doris-1:f:up doris-2:M:up doris-3:f:up]
23:41:20 #192 OK UPSERT id=1546542 via doris-1 rows=10013 [doris-1:f:up doris-2:M:up doris-3:f:up]
23:41:21 #193 OK SELECT id=1546542 via doris-1 rows=10013 [doris-1:f:up doris-2:M:up doris-3:f:up]
23:41:22 #194 OK DELETE id=1546542 via doris-1 rows=10011 [doris-1:f:up doris-2:M:up doris-3:f:up]
23:41:23 #195 OK SELECT id=1546542 via doris-1 rows=10011 [doris-1:f:up doris-2:M:up doris-3:f:up]
23:41:24 #196 OK INSERT id=1546543 via doris-1 rows=10013 [doris-1:f:up doris-2:M:up doris-3:f:up]
23:41:25 #197 OK UPSERT id=1546543 via doris-1 rows=10013 [doris-1:f:up doris-2:M:up doris-3:f:up]
23:41:26 #198 OK SELECT id=1546543 via doris-1 rows=10013 [doris-1:f:up doris-2:M:up doris-3:f:up]
23:41:27 #199 OK DELETE id=1546543 via doris-1 rows=10011 [doris-1:f:up doris-2:M:up doris-3:f:up]
23:41:29 #200 OK SELECT id=1546543 via doris-1 rows=10011 [doris-1:f:up doris-2:M:up doris-3:f:up]
23:41:30 #201 OK INSERT id=1546544 via doris-1 rows=10013 [doris-1:f:up doris-2:M:up doris-3:f:up]
23:41:31 #202 OK UPSERT id=1546544 via doris-1 rows=10013 [doris-1:f:up doris-2:M:up doris-3:f:up]
23:41:32 #203 OK SELECT id=1546544 via doris-1 rows=10013 [doris-1:f:up doris-2:M:up doris-3:f:up]
23:41:33 #204 OK DELETE id=1546544 via doris-1 rows=10011 [doris-1:f:up doris-2:M:up doris-3:f:up]
23:41:34 #205 OK SELECT id=1546544 via doris-1 rows=10011 [doris-1:f:up doris-2:M:up doris-3:f:up]
