23:59:51 PROBE start proto=arrow-flight hosts=doris-1,doris-2,doris-3 duration=86400s cycle=INSERT>UPSERT>SELECT>DELETE>SELECT
23:59:51 connected to doris-1 (10.140.0.2)
23:59:51 DML unsupported over arrow-flight (InternalError: RuntimeException, msg: getMysqlChannel not in mysql connection (Internal; ExecuteQuery)) — switching to SELECT-only mode
23:59:52 #1 OK SELECT id=3559910 via doris-1 rows=10027 [doris-1:f:up doris-2:f:up doris-3:M:up]
23:59:53 #2 OK SELECT id=3559910 via doris-1 rows=10028 [doris-1:f:up doris-2:f:up doris-3:M:up]
23:59:54 #3 OK SELECT id=3559910 via doris-1 rows=10028 [doris-1:f:up doris-2:f:up doris-3:M:up]
23:59:55 #4 OK SELECT id=3559910 via doris-1 rows=10026 [doris-1:f:up doris-2:f:up doris-3:M:up]
23:59:56 #5 OK SELECT id=3559910 via doris-1 rows=10026 [doris-1:f:up doris-2:f:up doris-3:M:up]
23:59:57 #6 OK SELECT id=3559910 via doris-1 rows=10028 [doris-1:f:up doris-2:f:up doris-3:M:up]
23:59:58 #7 OK SELECT id=3559910 via doris-1 rows=10028 [doris-1:f:up doris-2:f:up doris-3:M:up]
23:59:59 #8 OK SELECT id=3559910 via doris-1 rows=10028 [doris-1:f:up doris-2:f:up doris-3:M:up]
00:00:00 #9 OK SELECT id=3559910 via doris-1 rows=10026 [doris-1:f:up doris-2:f:up doris-3:M:up]
00:00:01 #10 OK SELECT id=3559910 via doris-1 rows=10026 [doris-1:f:up doris-2:f:up doris-3:M:up]
00:00:03 #11 OK SELECT id=3559910 via doris-1 rows=10028 [doris-1:f:up doris-2:f:up doris-3:M:up]
00:00:04 #12 OK SELECT id=3559910 via doris-1 rows=10028 [doris-1:f:up doris-2:f:up doris-3:M:up]
00:00:05 #13 OK SELECT id=3559910 via doris-1 rows=10028 [doris-1:f:up doris-2:f:up doris-3:M:up]
00:00:06 #14 OK SELECT id=3559910 via doris-1 rows=10026 [doris-1:f:up doris-2:f:up doris-3:M:up]
00:00:07 #15 OK SELECT id=3559910 via doris-1 rows=10026 [doris-1:f:up doris-2:f:up doris-3:M:up]
00:00:08 #16 OK SELECT id=3559910 via doris-1 rows=10028 [doris-1:f:up doris-2:f:up doris-3:M:up]
00:00:09 #17 OK SELECT id=3559910 via doris-1 rows=10028 [doris-1:f:up doris-2:f:up doris-3:M:up]
00:00:10 #18 OK SELECT id=3559910 via doris-1 rows=10028 [doris-1:f:up doris-2:f:up doris-3:M:up]
00:00:11 #19 OK SELECT id=3559910 via doris-1 rows=10026 [doris-1:f:up doris-2:f:up doris-3:M:up]
00:00:12 #20 OK SELECT id=3559910 via doris-1 rows=10026 [doris-1:f:up doris-2:f:up doris-3:M:up]
00:00:13 #21 OK SELECT id=3559910 via doris-1 rows=10028 [doris-1:f:up doris-2:f:up doris-3:M:up]
00:00:14 #22 OK SELECT id=3559910 via doris-1 rows=10028 [doris-1:f:up doris-2:f:up doris-3:M:up]
00:00:15 #23 OK SELECT id=3559910 via doris-1 rows=10028 [doris-1:f:up doris-2:f:up doris-3:M:up]
00:00:16 #24 OK SELECT id=3559910 via doris-1 rows=10026 [doris-1:f:up doris-2:f:up doris-3:M:up]
00:00:18 #25 OK SELECT id=3559910 via doris-1 rows=10026 [doris-1:f:up doris-2:f:up doris-3:M:up]
00:00:19 #26 OK SELECT id=3559910 via doris-1 rows=10028 [doris-1:f:up doris-2:f:up doris-3:M:up]
00:00:20 #27 OK SELECT id=3559910 via doris-1 rows=10028 [doris-1:f:up doris-2:f:up doris-3:M:up]
00:00:21 #28 OK SELECT id=3559910 via doris-1 rows=10028 [doris-1:f:up doris-2:f:up doris-3:M:up]
00:00:22 #29 OK SELECT id=3559910 via doris-1 rows=10026 [doris-1:f:up doris-2:f:up doris-3:M:up]
00:00:23 #30 OK SELECT id=3559910 via doris-1 rows=10026 [doris-1:f:up doris-2:f:up doris-3:M:up]
00:00:24 #31 OK SELECT id=3559910 via doris-1 rows=10028 [doris-1:f:up doris-2:f:up doris-3:M:up]
00:00:25 EVENT break: fe dead on doris-3 (FE master)
00:00:25 #32 OK SELECT id=3559910 via doris-1 rows=10028 [doris-1:f:up doris-2:f:up doris-3:M:up]
00:00:26 #33 OK SELECT id=3559910 via doris-1 rows=10028 [doris-1:f:up doris-2:f:up doris-3:M:up]
00:00:32 #34 OK SELECT id=3559910 via doris-1 rows=10026 [?]
00:00:33 #35 OK SELECT id=3559910 via doris-1 rows=10028 [doris-1:f:up doris-2:M:up doris-3:f:DOWN]
00:00:34 #36 OK SELECT id=3559910 via doris-1 rows=10028 [doris-1:f:up doris-2:M:up doris-3:f:DOWN]
00:00:35 #37 OK SELECT id=3559910 via doris-1 rows=10028 [doris-1:f:up doris-2:M:up doris-3:f:DOWN]
00:00:36 #38 OK SELECT id=3559910 via doris-1 rows=10028 [doris-1:f:up doris-2:M:up doris-3:f:DOWN]
00:00:37 #39 OK SELECT id=3559910 via doris-1 rows=10028 [doris-1:f:up doris-2:M:up doris-3:f:DOWN]
00:00:38 #40 OK SELECT id=3559910 via doris-1 rows=10028 [?]
00:00:39 #41 OK SELECT id=3559910 via doris-1 rows=10029 [doris-1:f:up doris-2:M:up doris-3:f:DOWN]
00:00:40 #42 OK SELECT id=3559910 via doris-1 rows=10029 [doris-1:f:up doris-2:M:up doris-3:f:DOWN]
00:00:41 #43 OK SELECT id=3559910 via doris-1 rows=10028 [doris-1:f:up doris-2:M:up doris-3:f:DOWN]
00:00:42 #44 OK SELECT id=3559910 via doris-1 rows=10027 [doris-1:f:up doris-2:M:up doris-3:f:DOWN]
00:00:43 #45 OK SELECT id=3559910 via doris-1 rows=10028 [doris-1:f:up doris-2:M:up doris-3:f:DOWN]
00:00:45 #46 OK SELECT id=3559910 via doris-1 rows=10029 [doris-1:f:up doris-2:M:up doris-3:f:DOWN]
00:00:46 #47 OK SELECT id=3559910 via doris-1 rows=10029 [doris-1:f:up doris-2:M:up doris-3:f:DOWN]
00:00:47 #48 OK SELECT id=3559910 via doris-1 rows=10028 [doris-1:f:up doris-2:M:up doris-3:f:DOWN]
00:00:48 #49 OK SELECT id=3559910 via doris-1 rows=10027 [doris-1:f:up doris-2:M:up doris-3:f:DOWN]
00:00:49 #50 OK SELECT id=3559910 via doris-1 rows=10028 [doris-1:f:up doris-2:M:up doris-3:f:DOWN]
00:00:50 #51 OK SELECT id=3559910 via doris-1 rows=10028 [doris-1:f:up doris-2:M:up doris-3:f:DOWN]
00:00:51 #52 OK SELECT id=3559910 via doris-1 rows=10028 [doris-1:f:up doris-2:M:up doris-3:f:DOWN]
00:00:52 #53 OK SELECT id=3559910 via doris-1 rows=10028 [doris-1:f:up doris-2:M:up doris-3:f:DOWN]
00:00:53 #54 OK SELECT id=3559910 via doris-1 rows=10028 [doris-1:f:up doris-2:M:up doris-3:f:DOWN]
00:00:54 #55 OK SELECT id=3559910 via doris-1 rows=10028 [doris-1:f:up doris-2:M:up doris-3:f:DOWN]
00:00:55 #56 OK SELECT id=3559910 via doris-1 rows=10028 [doris-1:f:up doris-2:M:up doris-3:f:DOWN]
00:00:56 #57 OK SELECT id=3559910 via doris-1 rows=10028 [doris-1:f:up doris-2:M:up doris-3:f:DOWN]
00:00:57 #58 OK SELECT id=3559910 via doris-1 rows=10028 [doris-1:f:up doris-2:M:up doris-3:f:DOWN]
00:00:58 #59 OK SELECT id=3559910 via doris-1 rows=10029 [doris-1:f:up doris-2:M:up doris-3:f:DOWN]
00:01:00 #60 OK SELECT id=3559910 via doris-1 rows=10029 [doris-1:f:up doris-2:M:up doris-3:f:DOWN]
00:01:01 #61 OK SELECT id=3559910 via doris-1 rows=10029 [doris-1:f:up doris-2:M:up doris-3:f:DOWN]
00:01:02 #62 OK SELECT id=3559910 via doris-1 rows=10029 [doris-1:f:up doris-2:M:up doris-3:f:DOWN]
00:01:03 #63 OK SELECT id=3559910 via doris-1 rows=10029 [doris-1:f:up doris-2:M:up doris-3:f:DOWN]
00:01:04 #64 OK SELECT id=3559910 via doris-1 rows=10029 [doris-1:f:up doris-2:M:up doris-3:f:DOWN]
00:01:05 #65 OK SELECT id=3559910 via doris-1 rows=10029 [doris-1:f:up doris-2:M:up doris-3:f:DOWN]
00:01:06 #66 OK SELECT id=3559910 via doris-1 rows=10029 [doris-1:f:up doris-2:M:up doris-3:f:DOWN]
00:01:07 #67 OK SELECT id=3559910 via doris-1 rows=10031 [doris-1:f:up doris-2:M:up doris-3:f:DOWN]
00:01:08 #68 OK SELECT id=3559910 via doris-1 rows=10031 [doris-1:f:up doris-2:M:up doris-3:f:DOWN]
00:01:09 #69 OK SELECT id=3559910 via doris-1 rows=10033 [doris-1:f:up doris-2:M:up doris-3:f:DOWN]
00:01:10 #70 OK SELECT id=3559910 via doris-1 rows=10033 [doris-1:f:up doris-2:M:up doris-3:f:DOWN]
00:01:11 #71 OK SELECT id=3559910 via doris-1 rows=10033 [doris-1:f:up doris-2:M:up doris-3:f:DOWN]
00:01:12 #72 OK SELECT id=3559910 via doris-1 rows=10031 [doris-1:f:up doris-2:M:up doris-3:f:DOWN]
00:01:13 #73 OK SELECT id=3559910 via doris-1 rows=10031 [doris-1:f:up doris-2:M:up doris-3:f:DOWN]
00:01:14 #74 OK SELECT id=3559910 via doris-1 rows=10033 [doris-1:f:up doris-2:M:up doris-3:f:DOWN]
00:01:16 #75 OK SELECT id=3559910 via doris-1 rows=10033 [doris-1:f:up doris-2:M:up doris-3:f:DOWN]
00:01:17 #76 OK SELECT id=3559910 via doris-1 rows=10033 [doris-1:f:up doris-2:M:up doris-3:f:DOWN]
00:01:18 #77 OK SELECT id=3559910 via doris-1 rows=10031 [doris-1:f:up doris-2:M:up doris-3:f:DOWN]
00:01:19 #78 OK SELECT id=3559910 via doris-1 rows=10031 [doris-1:f:up doris-2:M:up doris-3:f:DOWN]
00:01:20 #79 OK SELECT id=3559910 via doris-1 rows=10033 [doris-1:f:up doris-2:M:up doris-3:f:DOWN]
00:01:21 #80 OK SELECT id=3559910 via doris-1 rows=10033 [doris-1:f:up doris-2:M:up doris-3:f:DOWN]
00:01:22 #81 OK SELECT id=3559910 via doris-1 rows=10033 [doris-1:f:up doris-2:M:up doris-3:f:DOWN]
00:01:23 #82 OK SELECT id=3559910 via doris-1 rows=10031 [doris-1:f:up doris-2:M:up doris-3:f:DOWN]
00:01:24 #83 OK SELECT id=3559910 via doris-1 rows=10031 [doris-1:f:up doris-2:M:up doris-3:f:DOWN]
00:01:25 #84 OK SELECT id=3559910 via doris-1 rows=10033 [doris-1:f:up doris-2:M:up doris-3:f:DOWN]
00:01:26 #85 OK SELECT id=3559910 via doris-1 rows=10033 [doris-1:f:up doris-2:M:up doris-3:f:DOWN]
00:01:27 #86 OK SELECT id=3559910 via doris-1 rows=10033 [doris-1:f:up doris-2:M:up doris-3:f:DOWN]
00:01:28 #87 OK SELECT id=3559910 via doris-1 rows=10031 [doris-1:f:up doris-2:M:up doris-3:f:DOWN]
00:01:29 #88 OK SELECT id=3559910 via doris-1 rows=10031 [doris-1:f:up doris-2:M:up doris-3:f:DOWN]
00:01:30 #89 OK SELECT id=3559910 via doris-1 rows=10033 [doris-1:f:up doris-2:M:up doris-3:f:DOWN]
00:01:32 #90 OK SELECT id=3559910 via doris-1 rows=10033 [doris-1:f:up doris-2:M:up doris-3:f:DOWN]
00:01:33 #91 OK SELECT id=3559910 via doris-1 rows=10033 [doris-1:f:up doris-2:M:up doris-3:f:DOWN]
00:01:34 #92 OK SELECT id=3559910 via doris-1 rows=10031 [doris-1:f:up doris-2:M:up doris-3:f:DOWN]
00:01:35 #93 OK SELECT id=3559910 via doris-1 rows=10031 [doris-1:f:up doris-2:M:up doris-3:f:DOWN]
00:01:36 #94 OK SELECT id=3559910 via doris-1 rows=10033 [doris-1:f:up doris-2:M:up doris-3:f:DOWN]
00:01:37 #95 OK SELECT id=3559910 via doris-1 rows=10033 [doris-1:f:up doris-2:M:up doris-3:f:DOWN]
00:01:38 #96 OK SELECT id=3559910 via doris-1 rows=10033 [doris-1:f:up doris-2:M:up doris-3:f:DOWN]
00:01:39 #97 OK SELECT id=3559910 via doris-1 rows=10031 [doris-1:f:up doris-2:M:up doris-3:f:DOWN]
00:01:40 #98 OK SELECT id=3559910 via doris-1 rows=10031 [doris-1:f:up doris-2:M:up doris-3:f:DOWN]
00:01:41 #99 OK SELECT id=3559910 via doris-1 rows=10033 [doris-1:f:up doris-2:M:up doris-3:f:DOWN]
00:01:42 #100 OK SELECT id=3559910 via doris-1 rows=10033 [doris-1:f:up doris-2:M:up doris-3:f:DOWN]
00:01:43 #101 OK SELECT id=3559910 via doris-1 rows=10033 [doris-1:f:up doris-2:M:up doris-3:f:DOWN]
00:01:44 #102 OK SELECT id=3559910 via doris-1 rows=10031 [doris-1:f:up doris-2:M:up doris-3:f:DOWN]
00:01:45 #103 OK SELECT id=3559910 via doris-1 rows=10031 [doris-1:f:up doris-2:M:up doris-3:f:DOWN]
00:01:46 #104 OK SELECT id=3559910 via doris-1 rows=10033 [doris-1:f:up doris-2:M:up doris-3:f:DOWN]
00:01:47 #105 OK SELECT id=3559910 via doris-1 rows=10033 [doris-1:f:up doris-2:M:up doris-3:f:DOWN]
00:01:49 #106 OK SELECT id=3559910 via doris-1 rows=10033 [doris-1:f:up doris-2:M:up doris-3:f:DOWN]
00:01:50 #107 OK SELECT id=3559910 via doris-1 rows=10031 [doris-1:f:up doris-2:M:up doris-3:f:DOWN]
00:01:51 #108 OK SELECT id=3559910 via doris-1 rows=10031 [doris-1:f:up doris-2:M:up doris-3:f:DOWN]
00:01:52 #109 OK SELECT id=3559910 via doris-1 rows=10033 [doris-1:f:up doris-2:M:up doris-3:f:DOWN]
00:01:53 #110 OK SELECT id=3559910 via doris-1 rows=10033 [doris-1:f:up doris-2:M:up doris-3:f:DOWN]
00:01:54 #111 OK SELECT id=3559910 via doris-1 rows=10033 [doris-1:f:up doris-2:M:up doris-3:f:DOWN]
00:01:55 #112 OK SELECT id=3559910 via doris-1 rows=10031 [doris-1:f:up doris-2:M:up doris-3:f:DOWN]
00:01:56 #113 OK SELECT id=3559910 via doris-1 rows=10031 [doris-1:f:up doris-2:M:up doris-3:f:DOWN]
00:01:57 #114 OK SELECT id=3559910 via doris-1 rows=10033 [doris-1:f:up doris-2:M:up doris-3:f:DOWN]
00:01:58 #115 OK SELECT id=3559910 via doris-1 rows=10033 [doris-1:f:up doris-2:M:up doris-3:f:DOWN]
00:01:59 #116 OK SELECT id=3559910 via doris-1 rows=10033 [doris-1:f:up doris-2:M:up doris-3:f:DOWN]
00:02:00 #117 OK SELECT id=3559910 via doris-1 rows=10031 [doris-1:f:up doris-2:M:up doris-3:f:DOWN]
00:02:01 #118 OK SELECT id=3559910 via doris-1 rows=10031 [doris-1:f:up doris-2:M:up doris-3:f:DOWN]
00:02:02 #119 OK SELECT id=3559910 via doris-1 rows=10033 [doris-1:f:up doris-2:M:up doris-3:f:DOWN]
00:02:03 #120 OK SELECT id=3559910 via doris-1 rows=10033 [doris-1:f:up doris-2:M:up doris-3:f:DOWN]
00:02:04 #121 OK SELECT id=3559910 via doris-1 rows=10033 [doris-1:f:up doris-2:M:up doris-3:f:DOWN]
00:02:06 #122 OK SELECT id=3559910 via doris-1 rows=10032 [doris-1:f:up doris-2:M:up doris-3:f:DOWN]
00:02:07 #123 OK SELECT id=3559910 via doris-1 rows=10031 [doris-1:f:up doris-2:M:up doris-3:f:DOWN]
00:02:07 EVENT restore: systemctl start doris-fe on doris-3
00:02:08 #124 OK SELECT id=3559910 via doris-1 rows=10032 [doris-1:f:up doris-2:M:up doris-3:f:DOWN]
00:02:09 #125 OK SELECT id=3559910 via doris-1 rows=10033 [doris-1:f:up doris-2:M:up doris-3:f:DOWN]
00:02:10 #126 OK SELECT id=3559910 via doris-1 rows=10033 [doris-1:f:up doris-2:M:up doris-3:f:DOWN]
00:02:11 #127 OK SELECT id=3559910 via doris-1 rows=10032 [doris-1:f:up doris-2:M:up doris-3:f:DOWN]
00:02:12 #128 OK SELECT id=3559910 via doris-1 rows=10031 [doris-1:f:up doris-2:M:up doris-3:f:DOWN]
00:02:13 #129 OK SELECT id=3559910 via doris-1 rows=10032 [doris-1:f:up doris-2:M:up doris-3:f:DOWN]
00:02:14 #130 OK SELECT id=3559910 via doris-1 rows=10033 [doris-1:f:up doris-2:M:up doris-3:f:DOWN]
00:02:15 #131 OK SELECT id=3559910 via doris-1 rows=10033 [doris-1:f:up doris-2:M:up doris-3:f:DOWN]
00:02:16 #132 OK SELECT id=3559910 via doris-1 rows=10033 [doris-1:f:up doris-2:M:up doris-3:f:DOWN]
00:02:17 #133 OK SELECT id=3559910 via doris-1 rows=10031 [doris-1:f:up doris-2:M:up doris-3:f:DOWN]
00:02:18 #134 OK SELECT id=3559910 via doris-1 rows=10031 [doris-1:f:up doris-2:M:up doris-3:f:DOWN]
00:02:19 #135 OK SELECT id=3559910 via doris-1 rows=10033 [doris-1:f:up doris-2:M:up doris-3:f:up]
00:02:20 #136 OK SELECT id=3559910 via doris-1 rows=10033 [doris-1:f:up doris-2:M:up doris-3:f:up]
00:02:21 #137 OK SELECT id=3559910 via doris-1 rows=10033 [doris-1:f:up doris-2:M:up doris-3:f:up]
00:02:23 #138 OK SELECT id=3559910 via doris-1 rows=10031 [doris-1:f:up doris-2:M:up doris-3:f:up]
00:02:23 EVENT restore: cluster healthy
00:02:24 #139 OK SELECT id=3559910 via doris-1 rows=10031 [doris-1:f:up doris-2:M:up doris-3:f:up]
00:02:25 #140 OK SELECT id=3559910 via doris-1 rows=10033 [doris-1:f:up doris-2:M:up doris-3:f:up]
00:02:26 #141 OK SELECT id=3559910 via doris-1 rows=10033 [doris-1:f:up doris-2:M:up doris-3:f:up]
00:02:27 #142 OK SELECT id=3559910 via doris-1 rows=10033 [doris-1:f:up doris-2:M:up doris-3:f:up]
00:02:28 #143 OK SELECT id=3559910 via doris-1 rows=10031 [doris-1:f:up doris-2:M:up doris-3:f:up]
00:02:29 #144 OK SELECT id=3559910 via doris-1 rows=10031 [doris-1:f:up doris-2:M:up doris-3:f:up]
00:02:30 #145 OK SELECT id=3559910 via doris-1 rows=10033 [doris-1:f:up doris-2:M:up doris-3:f:up]
00:02:31 #146 OK SELECT id=3559910 via doris-1 rows=10033 [doris-1:f:up doris-2:M:up doris-3:f:up]
00:02:32 #147 OK SELECT id=3559910 via doris-1 rows=10033 [doris-1:f:up doris-2:M:up doris-3:f:up]
00:02:33 #148 OK SELECT id=3559910 via doris-1 rows=10031 [doris-1:f:up doris-2:M:up doris-3:f:up]
00:02:34 #149 OK SELECT id=3559910 via doris-1 rows=10031 [doris-1:f:up doris-2:M:up doris-3:f:up]
00:02:35 #150 OK SELECT id=3559910 via doris-1 rows=10033 [doris-1:f:up doris-2:M:up doris-3:f:up]
00:02:36 #151 OK SELECT id=3559910 via doris-1 rows=10033 [doris-1:f:up doris-2:M:up doris-3:f:up]
00:02:38 #152 OK SELECT id=3559910 via doris-1 rows=10033 [doris-1:f:up doris-2:M:up doris-3:f:up]
00:02:39 #153 OK SELECT id=3559910 via doris-1 rows=10031 [doris-1:f:up doris-2:M:up doris-3:f:up]
00:02:40 #154 OK SELECT id=3559910 via doris-1 rows=10031 [doris-1:f:up doris-2:M:up doris-3:f:up]
00:02:41 #155 OK SELECT id=3559910 via doris-1 rows=10033 [doris-1:f:up doris-2:M:up doris-3:f:up]
00:02:42 #156 OK SELECT id=3559910 via doris-1 rows=10033 [doris-1:f:up doris-2:M:up doris-3:f:up]
00:02:43 #157 OK SELECT id=3559910 via doris-1 rows=10033 [doris-1:f:up doris-2:M:up doris-3:f:up]
00:02:44 #158 OK SELECT id=3559910 via doris-1 rows=10031 [doris-1:f:up doris-2:M:up doris-3:f:up]
00:02:45 #159 OK SELECT id=3559910 via doris-1 rows=10031 [doris-1:f:up doris-2:M:up doris-3:f:up]
00:02:46 #160 OK SELECT id=3559910 via doris-1 rows=10033 [doris-1:f:up doris-2:M:up doris-3:f:up]
00:02:47 #161 OK SELECT id=3559910 via doris-1 rows=10033 [doris-1:f:up doris-2:M:up doris-3:f:up]
00:02:48 #162 OK SELECT id=3559910 via doris-1 rows=10033 [doris-1:f:up doris-2:M:up doris-3:f:up]
00:02:49 #163 OK SELECT id=3559910 via doris-1 rows=10031 [doris-1:f:up doris-2:M:up doris-3:f:up]
00:02:50 #164 OK SELECT id=3559910 via doris-1 rows=10031 [doris-1:f:up doris-2:M:up doris-3:f:up]
00:02:51 #165 OK SELECT id=3559910 via doris-1 rows=10033 [doris-1:f:up doris-2:M:up doris-3:f:up]
00:02:52 #166 OK SELECT id=3559910 via doris-1 rows=10033 [doris-1:f:up doris-2:M:up doris-3:f:up]
00:02:53 #167 OK SELECT id=3559910 via doris-1 rows=10033 [doris-1:f:up doris-2:M:up doris-3:f:up]
