23:59:51 PROBE start proto=mysql hosts=doris-1,doris-2,doris-3 duration=86400s cycle=INSERT>UPSERT>SELECT>DELETE>SELECT
23:59:51 connected to doris-1 (10.140.0.2)
23:59:51 #1 OK INSERT id=1559910 via doris-1 rows=10027 [doris-1:f:up doris-2:f:up doris-3:M:up]
23:59:52 #2 OK UPSERT id=1559910 via doris-1 rows=10028 [doris-1:f:up doris-2:f:up doris-3:M:up]
23:59:53 #3 OK SELECT id=1559910 via doris-1 rows=10028 [doris-1:f:up doris-2:f:up doris-3:M:up]
23:59:54 #4 OK DELETE id=1559910 via doris-1 rows=10027 [doris-1:f:up doris-2:f:up doris-3:M:up]
23:59:55 #5 OK SELECT id=1559910 via doris-1 rows=10026 [doris-1:f:up doris-2:f:up doris-3:M:up]
23:59:56 #6 OK INSERT id=1559911 via doris-1 rows=10027 [doris-1:f:up doris-2:f:up doris-3:M:up]
23:59:57 #7 OK UPSERT id=1559911 via doris-1 rows=10028 [doris-1:f:up doris-2:f:up doris-3:M:up]
23:59:58 #8 OK SELECT id=1559911 via doris-1 rows=10028 [doris-1:f:up doris-2:f:up doris-3:M:up]
00:00:00 #9 OK DELETE id=1559911 via doris-1 rows=10027 [doris-1:f:up doris-2:f:up doris-3:M:up]
00:00:01 #10 OK SELECT id=1559911 via doris-1 rows=10026 [doris-1:f:up doris-2:f:up doris-3:M:up]
00:00:02 #11 OK INSERT id=1559912 via doris-1 rows=10027 [doris-1:f:up doris-2:f:up doris-3:M:up]
00:00:03 #12 OK UPSERT id=1559912 via doris-1 rows=10028 [doris-1:f:up doris-2:f:up doris-3:M:up]
00:00:04 #13 OK SELECT id=1559912 via doris-1 rows=10028 [doris-1:f:up doris-2:f:up doris-3:M:up]
00:00:05 #14 OK DELETE id=1559912 via doris-1 rows=10027 [doris-1:f:up doris-2:f:up doris-3:M:up]
00:00:06 #15 OK SELECT id=1559912 via doris-1 rows=10026 [doris-1:f:up doris-2:f:up doris-3:M:up]
00:00:07 #16 OK INSERT id=1559913 via doris-1 rows=10027 [doris-1:f:up doris-2:f:up doris-3:M:up]
00:00:08 #17 OK UPSERT id=1559913 via doris-1 rows=10028 [doris-1:f:up doris-2:f:up doris-3:M:up]
00:00:09 #18 OK SELECT id=1559913 via doris-1 rows=10028 [doris-1:f:up doris-2:f:up doris-3:M:up]
00:00:10 #19 OK DELETE id=1559913 via doris-1 rows=10027 [doris-1:f:up doris-2:f:up doris-3:M:up]
00:00:11 #20 OK SELECT id=1559913 via doris-1 rows=10026 [doris-1:f:up doris-2:f:up doris-3:M:up]
00:00:12 #21 OK INSERT id=1559914 via doris-1 rows=10027 [doris-1:f:up doris-2:f:up doris-3:M:up]
00:00:13 #22 OK UPSERT id=1559914 via doris-1 rows=10028 [doris-1:f:up doris-2:f:up doris-3:M:up]
00:00:14 #23 OK SELECT id=1559914 via doris-1 rows=10028 [doris-1:f:up doris-2:f:up doris-3:M:up]
00:00:16 #24 OK DELETE id=1559914 via doris-1 rows=10027 [doris-1:f:up doris-2:f:up doris-3:M:up]
00:00:17 #25 OK SELECT id=1559914 via doris-1 rows=10026 [doris-1:f:up doris-2:f:up doris-3:M:up]
00:00:18 #26 OK INSERT id=1559915 via doris-1 rows=10027 [doris-1:f:up doris-2:f:up doris-3:M:up]
00:00:19 #27 OK UPSERT id=1559915 via doris-1 rows=10028 [doris-1:f:up doris-2:f:up doris-3:M:up]
00:00:20 #28 OK SELECT id=1559915 via doris-1 rows=10028 [doris-1:f:up doris-2:f:up doris-3:M:up]
00:00:21 #29 OK DELETE id=1559915 via doris-1 rows=10027 [doris-1:f:up doris-2:f:up doris-3:M:up]
00:00:22 #30 OK SELECT id=1559915 via doris-1 rows=10026 [doris-1:f:up doris-2:f:up doris-3:M:up]
00:00:23 #31 OK INSERT id=1559916 via doris-1 rows=10027 [doris-1:f:up doris-2:f:up doris-3:M:up]
00:00:24 #32 OK UPSERT id=1559916 via doris-1 rows=10028 [doris-1:f:up doris-2:f:up doris-3:M:up]
00:00:25 EVENT break: fe dead on doris-3 (FE master)
00:00:25 #33 OK SELECT id=1559916 via doris-1 rows=10028 [doris-1:f:up doris-2:f:up doris-3:M:up]
00:00:26 #34 OK DELETE id=1559916 via doris-1 rows=10027 [doris-1:f:up doris-2:f:up doris-3:M:up]
00:00:28 #35 OK SELECT id=1559916 via doris-1 rows=10026 [doris-1:f:up doris-2:M:up doris-3:f:DOWN]
00:00:31 #36 OK INSERT id=1559917 via doris-1 rows=10028 [doris-1:f:up doris-2:M:up doris-3:f:DOWN]
00:00:38 #37 OK UPSERT id=1559917 via doris-1 rows=10028 [doris-1:f:up doris-2:M:up doris-3:f:DOWN]
00:00:39 #38 OK SELECT id=1559917 via doris-1 rows=10029 [doris-1:f:up doris-2:M:up doris-3:f:DOWN]
00:00:41 #39 OK DELETE id=1559917 via doris-1 rows=10028 [doris-1:f:up doris-2:M:up doris-3:f:DOWN]
00:00:42 #40 OK SELECT id=1559917 via doris-1 rows=10028 [doris-1:f:up doris-2:M:up doris-3:f:DOWN]
00:00:43 #41 OK INSERT id=1559918 via doris-1 rows=10028 [doris-1:f:up doris-2:M:up doris-3:f:DOWN]
00:00:44 #42 OK UPSERT id=1559918 via doris-1 rows=10028 [doris-1:f:up doris-2:M:up doris-3:f:DOWN]
00:00:45 #43 OK SELECT id=1559918 via doris-1 rows=10029 [doris-1:f:up doris-2:M:up doris-3:f:DOWN]
00:00:46 #44 OK DELETE id=1559918 via doris-1 rows=10028 [doris-1:f:up doris-2:M:up doris-3:f:DOWN]
00:00:47 #45 OK SELECT id=1559918 via doris-1 rows=10028 [doris-1:f:up doris-2:M:up doris-3:f:DOWN]
00:00:48 #46 OK INSERT id=1559919 via doris-1 rows=10028 [doris-1:f:up doris-2:M:up doris-3:f:DOWN]
00:00:57 #47 FAIL UPSERT id=1559919 via doris-1: OperationalError: (2013, 'Lost connection to MySQL server during query (timed out)')
00:00:58 connected to doris-1 (10.140.0.2)
00:01:06 #48 FAIL INSERT id=1559920 via doris-1: OperationalError: (2013, 'Lost connection to MySQL server during query (timed out)')
00:01:07 connected to doris-1 (10.140.0.2)
00:01:09 #49 OK INSERT id=1559921 via doris-1 rows=10032 [doris-1:f:up doris-2:M:up doris-3:f:DOWN] (recovered)
00:01:10 #50 OK UPSERT id=1559921 via doris-1 rows=10033 [doris-1:f:up doris-2:M:up doris-3:f:DOWN]
00:01:11 #51 OK SELECT id=1559921 via doris-1 rows=10033 [doris-1:f:up doris-2:M:up doris-3:f:DOWN]
00:01:12 #52 OK DELETE id=1559921 via doris-1 rows=10031 [doris-1:f:up doris-2:M:up doris-3:f:DOWN]
00:01:13 #53 OK SELECT id=1559921 via doris-1 rows=10031 [doris-1:f:up doris-2:M:up doris-3:f:DOWN]
00:01:14 #54 OK INSERT id=1559922 via doris-1 rows=10033 [doris-1:f:up doris-2:M:up doris-3:f:DOWN]
00:01:15 #55 OK UPSERT id=1559922 via doris-1 rows=10033 [doris-1:f:up doris-2:M:up doris-3:f:DOWN]
00:01:16 #56 OK SELECT id=1559922 via doris-1 rows=10033 [doris-1:f:up doris-2:M:up doris-3:f:DOWN]
00:01:17 #57 OK DELETE id=1559922 via doris-1 rows=10031 [doris-1:f:up doris-2:M:up doris-3:f:DOWN]
00:01:18 #58 OK SELECT id=1559922 via doris-1 rows=10031 [doris-1:f:up doris-2:M:up doris-3:f:DOWN]
00:01:19 #59 OK INSERT id=1559923 via doris-1 rows=10033 [doris-1:f:up doris-2:M:up doris-3:f:DOWN]
00:01:20 #60 OK UPSERT id=1559923 via doris-1 rows=10033 [doris-1:f:up doris-2:M:up doris-3:f:DOWN]
00:01:21 #61 OK SELECT id=1559923 via doris-1 rows=10033 [doris-1:f:up doris-2:M:up doris-3:f:DOWN]
00:01:23 #62 OK DELETE id=1559923 via doris-1 rows=10031 [doris-1:f:up doris-2:M:up doris-3:f:DOWN]
00:01:24 #63 OK SELECT id=1559923 via doris-1 rows=10031 [doris-1:f:up doris-2:M:up doris-3:f:DOWN]
00:01:25 #64 OK INSERT id=1559924 via doris-1 rows=10033 [doris-1:f:up doris-2:M:up doris-3:f:DOWN]
00:01:26 #65 OK UPSERT id=1559924 via doris-1 rows=10033 [doris-1:f:up doris-2:M:up doris-3:f:DOWN]
00:01:27 #66 OK SELECT id=1559924 via doris-1 rows=10033 [doris-1:f:up doris-2:M:up doris-3:f:DOWN]
00:01:28 #67 OK DELETE id=1559924 via doris-1 rows=10031 [doris-1:f:up doris-2:M:up doris-3:f:DOWN]
00:01:29 #68 OK SELECT id=1559924 via doris-1 rows=10031 [doris-1:f:up doris-2:M:up doris-3:f:DOWN]
00:01:30 #69 OK INSERT id=1559925 via doris-1 rows=10033 [doris-1:f:up doris-2:M:up doris-3:f:DOWN]
00:01:31 #70 OK UPSERT id=1559925 via doris-1 rows=10033 [doris-1:f:up doris-2:M:up doris-3:f:DOWN]
00:01:32 #71 OK SELECT id=1559925 via doris-1 rows=10033 [doris-1:f:up doris-2:M:up doris-3:f:DOWN]
00:01:33 #72 OK DELETE id=1559925 via doris-1 rows=10031 [doris-1:f:up doris-2:M:up doris-3:f:DOWN]
00:01:34 #73 OK SELECT id=1559925 via doris-1 rows=10031 [doris-1:f:up doris-2:M:up doris-3:f:DOWN]
00:01:35 #74 OK INSERT id=1559926 via doris-1 rows=10033 [doris-1:f:up doris-2:M:up doris-3:f:DOWN]
00:01:37 #75 OK UPSERT id=1559926 via doris-1 rows=10033 [doris-1:f:up doris-2:M:up doris-3:f:DOWN]
00:01:38 #76 OK SELECT id=1559926 via doris-1 rows=10033 [doris-1:f:up doris-2:M:up doris-3:f:DOWN]
00:01:39 #77 OK DELETE id=1559926 via doris-1 rows=10031 [doris-1:f:up doris-2:M:up doris-3:f:DOWN]
00:01:40 #78 OK SELECT id=1559926 via doris-1 rows=10031 [doris-1:f:up doris-2:M:up doris-3:f:DOWN]
00:01:41 #79 OK INSERT id=1559927 via doris-1 rows=10032 [doris-1:f:up doris-2:M:up doris-3:f:DOWN]
00:01:42 #80 OK UPSERT id=1559927 via doris-1 rows=10033 [doris-1:f:up doris-2:M:up doris-3:f:DOWN]
00:01:43 #81 OK SELECT id=1559927 via doris-1 rows=10033 [doris-1:f:up doris-2:M:up doris-3:f:DOWN]
00:01:44 #82 OK DELETE id=1559927 via doris-1 rows=10032 [doris-1:f:up doris-2:M:up doris-3:f:DOWN]
00:01:45 #83 OK SELECT id=1559927 via doris-1 rows=10031 [doris-1:f:up doris-2:M:up doris-3:f:DOWN]
00:01:46 #84 OK INSERT id=1559928 via doris-1 rows=10032 [doris-1:f:up doris-2:M:up doris-3:f:DOWN]
00:01:47 #85 OK UPSERT id=1559928 via doris-1 rows=10033 [doris-1:f:up doris-2:M:up doris-3:f:DOWN]
00:01:48 #86 OK SELECT id=1559928 via doris-1 rows=10033 [doris-1:f:up doris-2:M:up doris-3:f:DOWN]
00:01:49 #87 OK DELETE id=1559928 via doris-1 rows=10031 [doris-1:f:up doris-2:M:up doris-3:f:DOWN]
00:01:50 #88 OK SELECT id=1559928 via doris-1 rows=10031 [doris-1:f:up doris-2:M:up doris-3:f:DOWN]
00:01:52 #89 OK INSERT id=1559929 via doris-1 rows=10033 [doris-1:f:up doris-2:M:up doris-3:f:DOWN]
00:01:53 #90 OK UPSERT id=1559929 via doris-1 rows=10033 [doris-1:f:up doris-2:M:up doris-3:f:DOWN]
00:01:54 #91 OK SELECT id=1559929 via doris-1 rows=10033 [doris-1:f:up doris-2:M:up doris-3:f:DOWN]
00:01:55 #92 OK DELETE id=1559929 via doris-1 rows=10031 [doris-1:f:up doris-2:M:up doris-3:f:DOWN]
00:01:56 #93 OK SELECT id=1559929 via doris-1 rows=10031 [doris-1:f:up doris-2:M:up doris-3:f:DOWN]
00:01:57 #94 OK INSERT id=1559930 via doris-1 rows=10032 [doris-1:f:up doris-2:M:up doris-3:f:DOWN]
00:01:58 #95 OK UPSERT id=1559930 via doris-1 rows=10033 [doris-1:f:up doris-2:M:up doris-3:f:DOWN]
00:01:59 #96 OK SELECT id=1559930 via doris-1 rows=10033 [doris-1:f:up doris-2:M:up doris-3:f:DOWN]
00:02:00 #97 OK DELETE id=1559930 via doris-1 rows=10032 [doris-1:f:up doris-2:M:up doris-3:f:DOWN]
00:02:01 #98 OK SELECT id=1559930 via doris-1 rows=10031 [doris-1:f:up doris-2:M:up doris-3:f:DOWN]
00:02:02 #99 OK INSERT id=1559931 via doris-1 rows=10032 [doris-1:f:up doris-2:M:up doris-3:f:DOWN]
00:02:03 #100 OK UPSERT id=1559931 via doris-1 rows=10033 [doris-1:f:up doris-2:M:up doris-3:f:DOWN]
00:02:04 #101 OK SELECT id=1559931 via doris-1 rows=10033 [doris-1:f:up doris-2:M:up doris-3:f:DOWN]
00:02:05 #102 OK DELETE id=1559931 via doris-1 rows=10032 [doris-1:f:up doris-2:M:up doris-3:f:DOWN]
00:02:07 #103 OK SELECT id=1559931 via doris-1 rows=10031 [doris-1:f:up doris-2:M:up doris-3:f:DOWN]
00:02:07 EVENT restore: systemctl start doris-fe on doris-3
00:02:08 #104 OK INSERT id=1559932 via doris-1 rows=10032 [doris-1:f:up doris-2:M:up doris-3:f:DOWN]
00:02:09 #105 OK UPSERT id=1559932 via doris-1 rows=10033 [doris-1:f:up doris-2:M:up doris-3:f:DOWN]
00:02:10 #106 OK SELECT id=1559932 via doris-1 rows=10033 [doris-1:f:up doris-2:M:up doris-3:f:DOWN]
00:02:11 #107 OK DELETE id=1559932 via doris-1 rows=10032 [doris-1:f:up doris-2:M:up doris-3:f:DOWN]
00:02:12 #108 OK SELECT id=1559932 via doris-1 rows=10031 [doris-1:f:up doris-2:M:up doris-3:f:DOWN]
00:02:13 #109 OK INSERT id=1559933 via doris-1 rows=10032 [doris-1:f:up doris-2:M:up doris-3:f:DOWN]
00:02:14 #110 OK UPSERT id=1559933 via doris-1 rows=10033 [doris-1:f:up doris-2:M:up doris-3:f:DOWN]
00:02:15 #111 OK SELECT id=1559933 via doris-1 rows=10033 [doris-1:f:up doris-2:M:up doris-3:f:DOWN]
00:02:16 #112 OK DELETE id=1559933 via doris-1 rows=10032 [doris-1:f:up doris-2:M:up doris-3:f:DOWN]
00:02:17 #113 OK SELECT id=1559933 via doris-1 rows=10031 [doris-1:f:up doris-2:M:up doris-3:f:DOWN]
00:02:18 #114 OK INSERT id=1559934 via doris-1 rows=10032 [doris-1:f:up doris-2:M:up doris-3:f:DOWN]
00:02:19 #115 OK UPSERT id=1559934 via doris-1 rows=10033 [doris-1:f:up doris-2:M:up doris-3:f:up]
00:02:20 #116 OK SELECT id=1559934 via doris-1 rows=10033 [doris-1:f:up doris-2:M:up doris-3:f:up]
00:02:22 #117 OK DELETE id=1559934 via doris-1 rows=10032 [doris-1:f:up doris-2:M:up doris-3:f:up]
00:02:23 #118 OK SELECT id=1559934 via doris-1 rows=10031 [doris-1:f:up doris-2:M:up doris-3:f:up]
00:02:23 EVENT restore: cluster healthy
00:02:24 #119 OK INSERT id=1559935 via doris-1 rows=10032 [doris-1:f:up doris-2:M:up doris-3:f:up]
00:02:25 #120 OK UPSERT id=1559935 via doris-1 rows=10033 [doris-1:f:up doris-2:M:up doris-3:f:up]
00:02:26 #121 OK SELECT id=1559935 via doris-1 rows=10033 [doris-1:f:up doris-2:M:up doris-3:f:up]
00:02:27 #122 OK DELETE id=1559935 via doris-1 rows=10032 [doris-1:f:up doris-2:M:up doris-3:f:up]
00:02:28 #123 OK SELECT id=1559935 via doris-1 rows=10031 [doris-1:f:up doris-2:M:up doris-3:f:up]
00:02:29 #124 OK INSERT id=1559936 via doris-1 rows=10032 [doris-1:f:up doris-2:M:up doris-3:f:up]
00:02:30 #125 OK UPSERT id=1559936 via doris-1 rows=10033 [doris-1:f:up doris-2:M:up doris-3:f:up]
00:02:31 #126 OK SELECT id=1559936 via doris-1 rows=10033 [doris-1:f:up doris-2:M:up doris-3:f:up]
00:02:32 #127 OK DELETE id=1559936 via doris-1 rows=10032 [doris-1:f:up doris-2:M:up doris-3:f:up]
00:02:33 #128 OK SELECT id=1559936 via doris-1 rows=10031 [doris-1:f:up doris-2:M:up doris-3:f:up]
00:02:34 #129 OK INSERT id=1559937 via doris-1 rows=10032 [doris-1:f:up doris-2:M:up doris-3:f:up]
00:02:35 #130 OK UPSERT id=1559937 via doris-1 rows=10033 [doris-1:f:up doris-2:M:up doris-3:f:up]
00:02:37 #131 OK SELECT id=1559937 via doris-1 rows=10033 [doris-1:f:up doris-2:M:up doris-3:f:up]
00:02:38 #132 OK DELETE id=1559937 via doris-1 rows=10032 [doris-1:f:up doris-2:M:up doris-3:f:up]
00:02:39 #133 OK SELECT id=1559937 via doris-1 rows=10031 [doris-1:f:up doris-2:M:up doris-3:f:up]
00:02:40 #134 OK INSERT id=1559938 via doris-1 rows=10032 [doris-1:f:up doris-2:M:up doris-3:f:up]
00:02:41 #135 OK UPSERT id=1559938 via doris-1 rows=10033 [doris-1:f:up doris-2:M:up doris-3:f:up]
00:02:42 #136 OK SELECT id=1559938 via doris-1 rows=10033 [doris-1:f:up doris-2:M:up doris-3:f:up]
00:02:43 #137 OK DELETE id=1559938 via doris-1 rows=10032 [doris-1:f:up doris-2:M:up doris-3:f:up]
00:02:44 #138 OK SELECT id=1559938 via doris-1 rows=10031 [doris-1:f:up doris-2:M:up doris-3:f:up]
00:02:45 #139 OK INSERT id=1559939 via doris-1 rows=10032 [doris-1:f:up doris-2:M:up doris-3:f:up]
00:02:46 #140 OK UPSERT id=1559939 via doris-1 rows=10033 [doris-1:f:up doris-2:M:up doris-3:f:up]
00:02:47 #141 OK SELECT id=1559939 via doris-1 rows=10033 [doris-1:f:up doris-2:M:up doris-3:f:up]
00:02:48 #142 OK DELETE id=1559939 via doris-1 rows=10032 [doris-1:f:up doris-2:M:up doris-3:f:up]
00:02:49 #143 OK SELECT id=1559939 via doris-1 rows=10031 [doris-1:f:up doris-2:M:up doris-3:f:up]
00:02:50 #144 OK INSERT id=1559940 via doris-1 rows=10032 [doris-1:f:up doris-2:M:up doris-3:f:up]
