18:51:09 PROBE start proto=jdbc hosts=doris-1,doris-2,doris-3 duration=86400s cycle=INSERT>UPSERT>SELECT>DELETE>SELECT url=jdbc:mysql://10.140.0.2:9030,10.140.0.3:9030,10.140.0.4:9030/hatest
18:51:10 connected to doris-1 (driver-selected host)
18:51:10 #1 OK INSERT id=2694690 via doris-1 rows=10242 [doris-1:f:up doris-2:f:up doris-3:M:up]
18:51:11 #2 OK UPSERT id=2694690 via doris-1 rows=10242 [doris-1:f:up doris-2:f:up doris-3:M:up]
18:51:12 #3 OK SELECT id=2694690 via doris-1 rows=10242 [doris-1:f:up doris-2:f:up doris-3:M:up]
18:51:13 #4 OK DELETE id=2694690 via doris-1 rows=10240 [doris-1:f:up doris-2:f:up doris-3:M:up]
18:51:14 #5 OK SELECT id=2694690 via doris-1 rows=10240 [doris-1:f:up doris-2:f:up doris-3:M:up]
18:51:15 #6 OK INSERT id=2694691 via doris-1 rows=10242 [doris-1:f:up doris-2:f:up doris-3:M:up]
18:51:16 #7 OK UPSERT id=2694691 via doris-1 rows=10242 [doris-1:f:up doris-2:f:up doris-3:M:up]
18:51:17 #8 OK SELECT id=2694691 via doris-1 rows=10242 [doris-1:f:up doris-2:f:up doris-3:M:up]
18:51:19 #9 OK DELETE id=2694691 via doris-1 rows=10240 [doris-1:f:up doris-2:f:up doris-3:M:up]
18:51:20 #10 OK SELECT id=2694691 via doris-1 rows=10240 [doris-1:f:up doris-2:f:up doris-3:M:up]
18:51:21 #11 OK INSERT id=2694692 via doris-1 rows=10242 [doris-1:f:up doris-2:f:up doris-3:M:up]
18:51:22 #12 OK UPSERT id=2694692 via doris-1 rows=10242 [doris-1:f:up doris-2:f:up doris-3:M:up]
18:51:23 #13 OK SELECT id=2694692 via doris-1 rows=10242 [doris-1:f:up doris-2:f:up doris-3:M:up]
18:51:24 #14 OK DELETE id=2694692 via doris-1 rows=10240 [doris-1:f:up doris-2:f:up doris-3:M:up]
18:51:25 #15 OK SELECT id=2694692 via doris-1 rows=10240 [doris-1:f:up doris-2:f:up doris-3:M:up]
18:51:26 #16 OK INSERT id=2694693 via doris-1 rows=10242 [doris-1:f:up doris-2:f:up doris-3:M:up]
18:51:27 #17 OK UPSERT id=2694693 via doris-1 rows=10242 [doris-1:f:up doris-2:f:up doris-3:M:up]
18:51:28 #18 OK SELECT id=2694693 via doris-1 rows=10242 [doris-1:f:up doris-2:f:up doris-3:M:up]
18:51:29 #19 OK DELETE id=2694693 via doris-1 rows=10240 [doris-1:f:up doris-2:f:up doris-3:M:up]
18:51:30 #20 OK SELECT id=2694693 via doris-1 rows=10240 [doris-1:f:up doris-2:f:up doris-3:M:up]
18:51:31 #21 OK INSERT id=2694694 via doris-1 rows=10242 [doris-1:f:up doris-2:f:up doris-3:M:up]
18:51:32 #22 OK UPSERT id=2694694 via doris-1 rows=10242 [doris-1:f:up doris-2:f:up doris-3:M:up]
18:51:34 #23 OK SELECT id=2694694 via doris-1 rows=10242 [doris-1:f:up doris-2:f:up doris-3:M:up]
18:51:35 #24 OK DELETE id=2694694 via doris-1 rows=10240 [doris-1:f:up doris-2:f:up doris-3:M:up]
18:51:36 #25 OK SELECT id=2694694 via doris-1 rows=10240 [doris-1:f:up doris-2:f:up doris-3:M:up]
18:51:37 #26 OK INSERT id=2694695 via doris-1 rows=10242 [doris-1:f:up doris-2:f:up doris-3:M:up]
18:51:38 #27 OK UPSERT id=2694695 via doris-1 rows=10242 [doris-1:f:up doris-2:f:up doris-3:M:up]
18:51:39 #28 OK SELECT id=2694695 via doris-1 rows=10242 [doris-1:f:up doris-2:f:up doris-3:M:up]
18:51:40 #29 OK DELETE id=2694695 via doris-1 rows=10240 [doris-1:f:up doris-2:f:up doris-3:M:up]
18:51:41 #30 OK SELECT id=2694695 via doris-1 rows=10240 [doris-1:f:up doris-2:f:up doris-3:M:up]
18:51:42 #31 OK INSERT id=2694696 via doris-1 rows=10242 [doris-1:f:up doris-2:f:up doris-3:M:up]
18:51:43 EVENT break: vm stop on doris-3 (FE master)
18:51:43 #32 OK UPSERT id=2694696 via doris-1 rows=10242 [doris-1:f:up doris-2:f:up doris-3:M:up]
18:51:44 #33 OK SELECT id=2694696 via doris-1 rows=10242 [doris-1:f:up doris-2:f:up doris-3:M:up]
18:51:45 #34 OK DELETE id=2694696 via doris-1 rows=10240 [doris-1:f:up doris-2:f:up doris-3:M:up]
18:51:46 #35 FAIL SELECT id=2694696 via doris-1: SQLException: RpcException, msg: send fragments failed. io.grpc.StatusRuntimeException: UNAVAILABLE: io exception, host: 10.
18:51:48 connected to doris-1 (driver-selected host)
18:51:48 #36 OK INSERT id=2694697 via doris-1 rows=10241 [doris-1:f:up doris-2:M:up doris-3:f:DOWN] (recovered)
18:51:49 #37 OK UPSERT id=2694697 via doris-1 rows=10242 [doris-1:f:up doris-2:M:up doris-3:f:DOWN]
18:51:51 #38 OK SELECT id=2694697 via doris-1 rows=10242 [doris-1:f:up doris-2:M:up doris-3:f:DOWN]
18:51:52 #39 OK DELETE id=2694697 via doris-1 rows=10240 [doris-1:f:up doris-2:M:up doris-3:f:DOWN]
18:51:53 #40 OK SELECT id=2694697 via doris-1 rows=10240 [doris-1:f:up doris-2:M:up doris-3:f:DOWN]
18:51:54 #41 OK INSERT id=2694698 via doris-1 rows=10242 [doris-1:f:up doris-2:M:up doris-3:f:DOWN]
18:51:55 #42 OK UPSERT id=2694698 via doris-1 rows=10242 [doris-1:f:up doris-2:M:up doris-3:f:DOWN]
18:51:56 #43 OK SELECT id=2694698 via doris-1 rows=10242 [doris-1:f:up doris-2:M:up doris-3:f:DOWN]
18:51:57 #44 OK DELETE id=2694698 via doris-1 rows=10240 [doris-1:f:up doris-2:M:up doris-3:f:DOWN]
18:51:58 #45 OK SELECT id=2694698 via doris-1 rows=10240 [doris-1:f:up doris-2:M:up doris-3:f:DOWN]
18:52:00 #46 OK INSERT id=2694699 via doris-1 rows=10242 [doris-1:f:up doris-2:M:up doris-3:f:DOWN]
18:52:01 #47 OK UPSERT id=2694699 via doris-1 rows=10242 [doris-1:f:up doris-2:M:up doris-3:f:DOWN]
18:52:02 #48 OK SELECT id=2694699 via doris-1 rows=10242 [doris-1:f:up doris-2:M:up doris-3:f:DOWN]
18:52:03 #49 OK DELETE id=2694699 via doris-1 rows=10240 [doris-1:f:up doris-2:M:up doris-3:f:DOWN]
18:52:04 #50 OK SELECT id=2694699 via doris-1 rows=10240 [doris-1:f:up doris-2:M:up doris-3:f:DOWN]
18:52:05 #51 OK INSERT id=2694700 via doris-1 rows=10242 [doris-1:f:up doris-2:M:up doris-3:f:DOWN]
18:52:06 #52 OK UPSERT id=2694700 via doris-1 rows=10242 [doris-1:f:up doris-2:M:up doris-3:f:DOWN]
18:52:07 #53 OK SELECT id=2694700 via doris-1 rows=10242 [doris-1:f:up doris-2:M:up doris-3:f:DOWN]
18:52:08 #54 OK DELETE id=2694700 via doris-1 rows=10240 [doris-1:f:up doris-2:M:up doris-3:f:DOWN]
18:52:09 #55 OK SELECT id=2694700 via doris-1 rows=10240 [doris-1:f:up doris-2:M:up doris-3:f:DOWN]
18:52:10 #56 OK INSERT id=2694701 via doris-1 rows=10242 [doris-1:f:up doris-2:M:up doris-3:f:DOWN]
18:52:12 #57 OK UPSERT id=2694701 via doris-1 rows=10242 [doris-1:f:up doris-2:M:up doris-3:f:DOWN]
18:52:12 EVENT break: doris-3 is down
18:52:13 #58 OK SELECT id=2694701 via doris-1 rows=10242 [doris-1:f:up doris-2:M:up doris-3:f:DOWN]
18:52:14 #59 OK DELETE id=2694701 via doris-1 rows=10240 [doris-1:f:up doris-2:M:up doris-3:f:DOWN]
18:52:15 #60 OK SELECT id=2694701 via doris-1 rows=10240 [doris-1:f:up doris-2:M:up doris-3:f:DOWN]
18:52:16 #61 OK INSERT id=2694702 via doris-1 rows=10242 [doris-1:f:up doris-2:M:up doris-3:f:DOWN]
18:52:17 #62 OK UPSERT id=2694702 via doris-1 rows=10242 [doris-1:f:up doris-2:M:up doris-3:f:DOWN]
18:52:18 #63 OK SELECT id=2694702 via doris-1 rows=10242 [doris-1:f:up doris-2:M:up doris-3:f:DOWN]
18:52:19 #64 OK DELETE id=2694702 via doris-1 rows=10240 [doris-1:f:up doris-2:M:up doris-3:f:DOWN]
18:52:20 #65 OK SELECT id=2694702 via doris-1 rows=10240 [doris-1:f:up doris-2:M:up doris-3:f:DOWN]
18:52:21 #66 OK INSERT id=2694703 via doris-1 rows=10242 [doris-1:f:up doris-2:M:up doris-3:f:DOWN]
18:52:22 #67 OK UPSERT id=2694703 via doris-1 rows=10242 [doris-1:f:up doris-2:M:up doris-3:f:DOWN]
18:52:24 #68 OK SELECT id=2694703 via doris-1 rows=10242 [doris-1:f:up doris-2:M:up doris-3:f:DOWN]
18:52:25 #69 OK DELETE id=2694703 via doris-1 rows=10240 [doris-1:f:up doris-2:M:up doris-3:f:DOWN]
18:52:26 #70 OK SELECT id=2694703 via doris-1 rows=10240 [doris-1:f:up doris-2:M:up doris-3:f:DOWN]
18:52:27 #71 OK INSERT id=2694704 via doris-1 rows=10242 [doris-1:f:up doris-2:M:up doris-3:f:DOWN]
18:52:28 #72 OK UPSERT id=2694704 via doris-1 rows=10242 [doris-1:f:up doris-2:M:up doris-3:f:DOWN]
18:52:29 #73 OK SELECT id=2694704 via doris-1 rows=10242 [doris-1:f:up doris-2:M:up doris-3:f:DOWN]
18:52:30 #74 OK DELETE id=2694704 via doris-1 rows=10240 [doris-1:f:up doris-2:M:up doris-3:f:DOWN]
18:52:31 #75 OK SELECT id=2694704 via doris-1 rows=10240 [doris-1:f:up doris-2:M:up doris-3:f:DOWN]
18:52:32 #76 OK INSERT id=2694705 via doris-1 rows=10242 [doris-1:f:up doris-2:M:up doris-3:f:DOWN]
18:52:33 #77 OK UPSERT id=2694705 via doris-1 rows=10242 [doris-1:f:up doris-2:M:up doris-3:f:DOWN]
18:52:34 #78 OK SELECT id=2694705 via doris-1 rows=10242 [doris-1:f:up doris-2:M:up doris-3:f:DOWN]
18:52:35 #79 OK DELETE id=2694705 via doris-1 rows=10240 [doris-1:f:up doris-2:M:up doris-3:f:DOWN]
18:52:36 #80 OK SELECT id=2694705 via doris-1 rows=10240 [doris-1:f:up doris-2:M:up doris-3:f:DOWN]
18:52:38 #81 OK INSERT id=2694706 via doris-1 rows=10242 [doris-1:f:up doris-2:M:up doris-3:f:DOWN]
18:52:39 #82 OK UPSERT id=2694706 via doris-1 rows=10242 [doris-1:f:up doris-2:M:up doris-3:f:DOWN]
18:52:40 #83 OK SELECT id=2694706 via doris-1 rows=10242 [doris-1:f:up doris-2:M:up doris-3:f:DOWN]
18:52:41 #84 OK DELETE id=2694706 via doris-1 rows=10240 [doris-1:f:up doris-2:M:up doris-3:f:DOWN]
18:52:42 #85 OK SELECT id=2694706 via doris-1 rows=10240 [doris-1:f:up doris-2:M:up doris-3:f:DOWN]
18:52:43 #86 OK INSERT id=2694707 via doris-1 rows=10242 [doris-1:f:up doris-2:M:up doris-3:f:DOWN]
18:52:44 #87 OK UPSERT id=2694707 via doris-1 rows=10242 [doris-1:f:up doris-2:M:up doris-3:f:DOWN]
18:52:44 EVENT break: be dead on doris-1 (FE follower)
18:52:45 #88 OK SELECT id=2694707 via doris-1 rows=10242 [doris-1:f:up doris-2:M:up doris-3:f:DOWN]
18:52:46 #89 OK DELETE id=2694707 via doris-1 rows=10240 [doris-1:f:up doris-2:M:up doris-3:f:DOWN]
18:52:47 #90 FAIL SELECT id=2694707 via doris-1: SQLException: RpcException, msg: send fragments failed. io.grpc.StatusRuntimeException: UNAVAILABLE: io exception, host: 10.
18:52:48 connected to doris-1 (driver-selected host)
18:52:48 #91 FAIL INSERT id=2694708 via doris-1: SQLException: errCode = 2, detailMessage = (10.140.0.3)[INTERNAL_ERROR]failed to open DeltaWriter 1789045666408: failed to w
18:52:48 #91 OK SELECT(check) id=1 via doris-1
18:52:49 connected to doris-1 (driver-selected host)
18:52:49 #92 FAIL INSERT id=2694709 via doris-1: SQLException: send fragments failed. io.grpc.StatusRuntimeException: UNAVAILABLE: io exception, host: 10.140.0.2
18:52:50 #92 OK SELECT(check) id=1 via doris-1
18:52:51 connected to doris-1 (driver-selected host)
18:52:51 #93 FAIL INSERT id=2694710 via doris-1: SQLException: send fragments failed. io.grpc.StatusRuntimeException: UNAVAILABLE: io exception, host: 10.140.0.2
18:52:51 #93 OK SELECT(check) id=1 via doris-1
18:52:52 connected to doris-1 (driver-selected host)
18:52:52 #94 FAIL INSERT id=2694711 via doris-1: SQLException: errCode = 2, detailMessage = (10.140.0.3)[INTERNAL_ERROR]failed to open DeltaWriter 1789045666396: failed to w
18:52:52 #94 OK SELECT(check) id=1 via doris-1
18:52:53 connected to doris-1 (driver-selected host)
18:52:53 #95 FAIL INSERT id=2694712 via doris-1: SQLException: send fragments failed. io.grpc.StatusRuntimeException: UNAVAILABLE: io exception, host: 10.140.0.2
18:52:53 #95 OK SELECT(check) id=1 via doris-1
18:52:54 connected to doris-1 (driver-selected host)
18:52:54 #96 FAIL INSERT id=2694713 via doris-1: SQLException: errCode = 2, detailMessage = (10.140.0.3)[INTERNAL_ERROR]failed to open DeltaWriter 1789045666404: failed to w
18:52:54 #96 FAIL SELECT(check) id=1 via doris-1: SQLException: RpcException, msg: send fragments failed. io.grpc.StatusRuntimeException: UNAVAILABLE: io 
18:52:55 connected to doris-1 (driver-selected host)
18:52:55 #97 FAIL INSERT id=2694714 via doris-1: SQLException: send fragments failed. io.grpc.StatusRuntimeException: UNAVAILABLE: io exception, host: 10.140.0.2
18:52:55 #97 FAIL SELECT(check) id=1 via doris-1: SQLException: RpcException, msg: send fragments failed. io.grpc.StatusRuntimeException: UNAVAILABLE: io 
18:52:56 connected to doris-1 (driver-selected host)
18:52:56 #98 FAIL INSERT id=2694715 via doris-1: SQLException: send fragments failed. io.grpc.StatusRuntimeException: UNAVAILABLE: io exception, host: 10.140.0.2
18:52:56 #98 OK SELECT(check) id=1 via doris-1
18:52:57 connected to doris-1 (driver-selected host)
18:52:57 #99 FAIL INSERT id=2694716 via doris-1: SQLException: errCode = 2, detailMessage = (10.140.0.3)[INTERNAL_ERROR]failed to open DeltaWriter 1789045666404: failed to w
18:52:57 #99 OK SELECT(check) id=1 via doris-1
18:52:58 connected to doris-1 (driver-selected host)
18:52:58 #100 FAIL INSERT id=2694717 via doris-1: SQLException: send fragments failed. io.grpc.StatusRuntimeException: UNAVAILABLE: io exception, host: 10.140.0.2
18:52:58 #100 FAIL SELECT(check) id=1 via doris-1: SQLException: RpcException, msg: send fragments failed. io.grpc.StatusRuntimeException: UNAVAILABLE: io 
18:52:59 connected to doris-1 (driver-selected host)
18:52:59 #101 FAIL INSERT id=2694718 via doris-1: SQLException: send fragments failed. io.grpc.StatusRuntimeException: UNAVAILABLE: io exception, host: 10.140.0.2
18:53:00 #101 OK SELECT(check) id=1 via doris-1
18:53:01 connected to doris-1 (driver-selected host)
18:53:01 #102 FAIL INSERT id=2694719 via doris-1: SQLException: errCode = 2, detailMessage = (10.140.0.3)[INTERNAL_ERROR]failed to open DeltaWriter 1789045666400: failed to w
18:53:01 #102 OK SELECT(check) id=1 via doris-1
18:53:02 connected to doris-1 (driver-selected host)
18:53:02 #103 FAIL INSERT id=2694720 via doris-1: SQLException: send fragments failed. io.grpc.StatusRuntimeException: UNAVAILABLE: io exception, host: 10.140.0.2
18:53:02 #103 OK SELECT(check) id=1 via doris-1
18:53:03 connected to doris-1 (driver-selected host)
18:53:03 #104 FAIL INSERT id=2694721 via doris-1: SQLException: send fragments failed. io.grpc.StatusRuntimeException: UNAVAILABLE: io exception, host: 10.140.0.2
18:53:03 #104 FAIL SELECT(check) id=1 via doris-1: SQLException: RpcException, msg: send fragments failed. io.grpc.StatusRuntimeException: UNAVAILABLE: io 
18:53:04 connected to doris-1 (driver-selected host)
18:53:04 #105 FAIL INSERT id=2694722 via doris-1: SQLException: errCode = 2, detailMessage = (10.140.0.3)[INTERNAL_ERROR]failed to open DeltaWriter 1789045666396: failed to w
18:53:04 #105 OK SELECT(check) id=1 via doris-1
18:53:05 connected to doris-1 (driver-selected host)
18:53:05 #106 FAIL INSERT id=2694723 via doris-1: SQLException: send fragments failed. io.grpc.StatusRuntimeException: UNAVAILABLE: io exception, host: 10.140.0.2
18:53:05 #106 FAIL SELECT(check) id=1 via doris-1: SQLException: RpcException, msg: send fragments failed. io.grpc.StatusRuntimeException: UNAVAILABLE: io 
18:53:06 connected to doris-1 (driver-selected host)
18:53:06 #107 FAIL INSERT id=2694724 via doris-1: SQLException: send fragments failed. io.grpc.StatusRuntimeException: UNAVAILABLE: io exception, host: 10.140.0.2
18:53:06 #107 OK SELECT(check) id=1 via doris-1
18:53:07 connected to doris-1 (driver-selected host)
18:53:07 #108 FAIL INSERT id=2694725 via doris-1: SQLException: errCode = 2, detailMessage = (10.140.0.3)[INTERNAL_ERROR]failed to open DeltaWriter 1789045666400: failed to w
18:53:07 #108 FAIL SELECT(check) id=1 via doris-1: SQLException: RpcException, msg: send fragments failed. io.grpc.StatusRuntimeException: UNAVAILABLE: io 
18:53:08 connected to doris-1 (driver-selected host)
18:53:08 #109 FAIL INSERT id=2694726 via doris-1: SQLException: send fragments failed. io.grpc.StatusRuntimeException: UNAVAILABLE: io exception, host: 10.140.0.2
18:53:08 #109 FAIL SELECT(check) id=1 via doris-1: SQLException: RpcException, msg: send fragments failed. io.grpc.StatusRuntimeException: UNAVAILABLE: io 
18:53:09 connected to doris-1 (driver-selected host)
18:53:09 #110 FAIL INSERT id=2694727 via doris-1: SQLException: send fragments failed. io.grpc.StatusRuntimeException: UNAVAILABLE: io exception, host: 10.140.0.2
18:53:09 #110 FAIL SELECT(check) id=1 via doris-1: SQLException: RpcException, msg: send fragments failed. io.grpc.StatusRuntimeException: UNAVAILABLE: io 
18:53:11 connected to doris-1 (driver-selected host)
18:53:11 #111 FAIL INSERT id=2694728 via doris-1: SQLException: errCode = 2, detailMessage = (10.140.0.3)[INTERNAL_ERROR]failed to open DeltaWriter 1789045666396: failed to w
18:53:11 #111 FAIL SELECT(check) id=1 via doris-1: SQLException: RpcException, msg: send fragments failed. io.grpc.StatusRuntimeException: UNAVAILABLE: io 
18:53:12 connected to doris-1 (driver-selected host)
18:53:12 #112 FAIL INSERT id=2694729 via doris-1: SQLException: send fragments failed. io.grpc.StatusRuntimeException: UNAVAILABLE: io exception, host: 10.140.0.2
18:53:12 #112 FAIL SELECT(check) id=1 via doris-1: SQLException: RpcException, msg: send fragments failed. io.grpc.StatusRuntimeException: UNAVAILABLE: io 
18:53:13 connected to doris-1 (driver-selected host)
18:53:13 #113 FAIL INSERT id=2694730 via doris-1: SQLException: send fragments failed. io.grpc.StatusRuntimeException: UNAVAILABLE: io exception, host: 10.140.0.2
18:53:13 #113 FAIL SELECT(check) id=1 via doris-1: SQLException: RpcException, msg: send fragments failed. io.grpc.StatusRuntimeException: UNAVAILABLE: io 
18:53:14 connected to doris-1 (driver-selected host)
18:53:14 #114 FAIL INSERT id=2694731 via doris-1: SQLException: errCode = 2, detailMessage = (10.140.0.3)[INTERNAL_ERROR]failed to open DeltaWriter 1789045666408: failed to w
18:53:14 #114 OK SELECT(check) id=1 via doris-1
18:53:15 connected to doris-1 (driver-selected host)
18:53:15 #115 FAIL INSERT id=2694732 via doris-1: SQLException: send fragments failed. io.grpc.StatusRuntimeException: UNAVAILABLE: io exception, host: 10.140.0.2
18:53:15 #115 FAIL SELECT(check) id=1 via doris-1: SQLException: RpcException, msg: send fragments failed. io.grpc.StatusRuntimeException: UNAVAILABLE: io 
18:53:16 connected to doris-1 (driver-selected host)
18:53:16 #116 FAIL INSERT id=2694733 via doris-1: SQLException: send fragments failed. io.grpc.StatusRuntimeException: UNAVAILABLE: io exception, host: 10.140.0.2
18:53:16 #116 OK SELECT(check) id=1 via doris-1
18:53:17 connected to doris-1 (driver-selected host)
18:53:17 #117 FAIL INSERT id=2694734 via doris-1: SQLException: errCode = 2, detailMessage = errCode = 3, detailMessage = tablet 1789045666396 alive replica num 1 < load requ
18:53:17 #117 OK SELECT(check) id=1 via doris-1
18:53:18 connected to doris-1 (driver-selected host)
18:53:18 #118 FAIL INSERT id=2694735 via doris-1: SQLException: errCode = 2, detailMessage = errCode = 3, detailMessage = tablet 1789045666396 alive replica num 1 < load requ
18:53:18 #118 OK SELECT(check) id=1 via doris-1
18:53:19 connected to doris-1 (driver-selected host)
18:53:19 #119 FAIL INSERT id=2694736 via doris-1: SQLException: errCode = 2, detailMessage = errCode = 3, detailMessage = tablet 1789045666396 alive replica num 1 < load requ
18:53:19 #119 OK SELECT(check) id=1 via doris-1
18:53:20 connected to doris-1 (driver-selected host)
18:53:20 #120 FAIL INSERT id=2694737 via doris-1: SQLException: errCode = 2, detailMessage = errCode = 3, detailMessage = tablet 1789045666396 alive replica num 1 < load requ
18:53:20 #120 OK SELECT(check) id=1 via doris-1
18:53:21 connected to doris-1 (driver-selected host)
18:53:21 #121 FAIL INSERT id=2694738 via doris-1: SQLException: errCode = 2, detailMessage = errCode = 3, detailMessage = tablet 1789045666396 alive replica num 1 < load requ
18:53:22 #121 OK SELECT(check) id=1 via doris-1
18:53:23 connected to doris-1 (driver-selected host)
18:53:23 #122 FAIL INSERT id=2694739 via doris-1: SQLException: errCode = 2, detailMessage = errCode = 3, detailMessage = tablet 1789045666396 alive replica num 1 < load requ
18:53:23 #122 OK SELECT(check) id=1 via doris-1
18:53:24 connected to doris-1 (driver-selected host)
18:53:24 #123 FAIL INSERT id=2694740 via doris-1: SQLException: errCode = 2, detailMessage = errCode = 3, detailMessage = tablet 1789045666396 alive replica num 1 < load requ
18:53:24 #123 OK SELECT(check) id=1 via doris-1
18:53:25 connected to doris-1 (driver-selected host)
18:53:25 #124 FAIL INSERT id=2694741 via doris-1: SQLException: errCode = 2, detailMessage = errCode = 3, detailMessage = tablet 1789045666396 alive replica num 1 < load requ
18:53:25 #124 OK SELECT(check) id=1 via doris-1
18:53:26 connected to doris-1 (driver-selected host)
18:53:26 #125 FAIL INSERT id=2694742 via doris-1: SQLException: errCode = 2, detailMessage = errCode = 3, detailMessage = tablet 1789045666396 alive replica num 1 < load requ
18:53:26 #125 OK SELECT(check) id=1 via doris-1
18:53:27 connected to doris-1 (driver-selected host)
18:53:27 #126 FAIL INSERT id=2694743 via doris-1: SQLException: errCode = 2, detailMessage = errCode = 3, detailMessage = tablet 1789045666396 alive replica num 1 < load requ
18:53:27 #126 OK SELECT(check) id=1 via doris-1
18:53:28 connected to doris-1 (driver-selected host)
18:53:28 #127 FAIL INSERT id=2694744 via doris-1: SQLException: errCode = 2, detailMessage = errCode = 3, detailMessage = tablet 1789045666396 alive replica num 1 < load requ
18:53:28 #127 OK SELECT(check) id=1 via doris-1
18:53:29 connected to doris-1 (driver-selected host)
18:53:29 #128 FAIL INSERT id=2694745 via doris-1: SQLException: errCode = 2, detailMessage = errCode = 3, detailMessage = tablet 1789045666396 alive replica num 1 < load requ
18:53:29 #128 OK SELECT(check) id=1 via doris-1
18:53:30 connected to doris-1 (driver-selected host)
18:53:30 #129 FAIL INSERT id=2694746 via doris-1: SQLException: errCode = 2, detailMessage = errCode = 3, detailMessage = tablet 1789045666396 alive replica num 1 < load requ
18:53:30 #129 OK SELECT(check) id=1 via doris-1
18:53:31 connected to doris-1 (driver-selected host)
18:53:31 #130 FAIL INSERT id=2694747 via doris-1: SQLException: errCode = 2, detailMessage = errCode = 3, detailMessage = tablet 1789045666396 alive replica num 1 < load requ
18:53:31 #130 OK SELECT(check) id=1 via doris-1
18:53:32 connected to doris-1 (driver-selected host)
18:53:32 #131 FAIL INSERT id=2694748 via doris-1: SQLException: errCode = 2, detailMessage = errCode = 3, detailMessage = tablet 1789045666396 alive replica num 1 < load requ
18:53:32 #131 OK SELECT(check) id=1 via doris-1
18:53:33 connected to doris-1 (driver-selected host)
18:53:33 #132 FAIL INSERT id=2694749 via doris-1: SQLException: errCode = 2, detailMessage = errCode = 3, detailMessage = tablet 1789045666396 alive replica num 1 < load requ
18:53:33 #132 OK SELECT(check) id=1 via doris-1
18:53:34 connected to doris-1 (driver-selected host)
18:53:34 #133 FAIL INSERT id=2694750 via doris-1: SQLException: errCode = 2, detailMessage = errCode = 3, detailMessage = tablet 1789045666396 alive replica num 1 < load requ
18:53:34 #133 OK SELECT(check) id=1 via doris-1
18:53:35 connected to doris-1 (driver-selected host)
18:53:35 #134 FAIL INSERT id=2694751 via doris-1: SQLException: errCode = 2, detailMessage = errCode = 3, detailMessage = tablet 1789045666396 alive replica num 1 < load requ
18:53:36 #134 OK SELECT(check) id=1 via doris-1
18:53:37 connected to doris-1 (driver-selected host)
18:53:37 #135 FAIL INSERT id=2694752 via doris-1: SQLException: errCode = 2, detailMessage = errCode = 3, detailMessage = tablet 1789045666396 alive replica num 1 < load requ
18:53:37 #135 OK SELECT(check) id=1 via doris-1
18:53:38 connected to doris-1 (driver-selected host)
18:53:38 #136 FAIL INSERT id=2694753 via doris-1: SQLException: errCode = 2, detailMessage = errCode = 3, detailMessage = tablet 1789045666396 alive replica num 1 < load requ
18:53:38 #136 OK SELECT(check) id=1 via doris-1
18:53:39 connected to doris-1 (driver-selected host)
18:53:39 #137 FAIL INSERT id=2694754 via doris-1: SQLException: errCode = 2, detailMessage = errCode = 3, detailMessage = tablet 1789045666396 alive replica num 1 < load requ
18:53:39 #137 OK SELECT(check) id=1 via doris-1
18:53:40 connected to doris-1 (driver-selected host)
18:53:40 #138 FAIL INSERT id=2694755 via doris-1: SQLException: errCode = 2, detailMessage = errCode = 3, detailMessage = tablet 1789045666396 alive replica num 1 < load requ
18:53:40 #138 OK SELECT(check) id=1 via doris-1
18:53:41 connected to doris-1 (driver-selected host)
18:53:41 #139 FAIL INSERT id=2694756 via doris-1: SQLException: errCode = 2, detailMessage = errCode = 3, detailMessage = tablet 1789045666396 alive replica num 1 < load requ
18:53:41 #139 OK SELECT(check) id=1 via doris-1
18:53:42 connected to doris-1 (driver-selected host)
18:53:42 #140 FAIL INSERT id=2694757 via doris-1: SQLException: errCode = 2, detailMessage = errCode = 3, detailMessage = tablet 1789045666396 alive replica num 1 < load requ
18:53:42 #140 OK SELECT(check) id=1 via doris-1
18:53:43 connected to doris-1 (driver-selected host)
18:53:43 #141 FAIL INSERT id=2694758 via doris-1: SQLException: errCode = 2, detailMessage = errCode = 3, detailMessage = tablet 1789045666396 alive replica num 1 < load requ
18:53:43 #141 OK SELECT(check) id=1 via doris-1
18:53:44 connected to doris-1 (driver-selected host)
18:53:44 #142 FAIL INSERT id=2694759 via doris-1: SQLException: errCode = 2, detailMessage = errCode = 3, detailMessage = tablet 1789045666396 alive replica num 1 < load requ
18:53:44 #142 OK SELECT(check) id=1 via doris-1
18:53:45 connected to doris-1 (driver-selected host)
18:53:45 #143 FAIL INSERT id=2694760 via doris-1: SQLException: errCode = 2, detailMessage = errCode = 3, detailMessage = tablet 1789045666396 alive replica num 1 < load requ
18:53:45 #143 OK SELECT(check) id=1 via doris-1
18:53:46 connected to doris-1 (driver-selected host)
18:53:46 #144 FAIL INSERT id=2694761 via doris-1: SQLException: errCode = 2, detailMessage = errCode = 3, detailMessage = tablet 1789045666396 alive replica num 1 < load requ
18:53:46 #144 OK SELECT(check) id=1 via doris-1
18:53:47 connected to doris-1 (driver-selected host)
18:53:47 #145 FAIL INSERT id=2694762 via doris-1: SQLException: errCode = 2, detailMessage = errCode = 3, detailMessage = tablet 1789045666396 alive replica num 1 < load requ
18:53:47 #145 OK SELECT(check) id=1 via doris-1
18:53:48 connected to doris-1 (driver-selected host)
18:53:48 #146 FAIL INSERT id=2694763 via doris-1: SQLException: errCode = 2, detailMessage = errCode = 3, detailMessage = tablet 1789045666396 alive replica num 1 < load requ
18:53:49 #146 OK SELECT(check) id=1 via doris-1
18:53:50 connected to doris-1 (driver-selected host)
18:53:50 #147 FAIL INSERT id=2694764 via doris-1: SQLException: errCode = 2, detailMessage = errCode = 3, detailMessage = tablet 1789045666396 alive replica num 1 < load requ
18:53:50 #147 OK SELECT(check) id=1 via doris-1
18:53:51 connected to doris-1 (driver-selected host)
18:53:51 #148 FAIL INSERT id=2694765 via doris-1: SQLException: errCode = 2, detailMessage = errCode = 3, detailMessage = tablet 1789045666396 alive replica num 1 < load requ
18:53:51 #148 OK SELECT(check) id=1 via doris-1
18:53:52 connected to doris-1 (driver-selected host)
18:53:52 #149 FAIL INSERT id=2694766 via doris-1: SQLException: errCode = 2, detailMessage = errCode = 3, detailMessage = tablet 1789045666396 alive replica num 1 < load requ
18:53:52 #149 OK SELECT(check) id=1 via doris-1
18:53:53 connected to doris-1 (driver-selected host)
18:53:53 #150 FAIL INSERT id=2694767 via doris-1: SQLException: errCode = 2, detailMessage = errCode = 3, detailMessage = tablet 1789045666396 alive replica num 1 < load requ
18:53:53 #150 OK SELECT(check) id=1 via doris-1
18:53:54 connected to doris-1 (driver-selected host)
18:53:54 #151 FAIL INSERT id=2694768 via doris-1: SQLException: errCode = 2, detailMessage = errCode = 3, detailMessage = tablet 1789045666396 alive replica num 1 < load requ
18:53:54 #151 OK SELECT(check) id=1 via doris-1
18:53:55 connected to doris-1 (driver-selected host)
18:53:55 #152 FAIL INSERT id=2694769 via doris-1: SQLException: errCode = 2, detailMessage = errCode = 3, detailMessage = tablet 1789045666396 alive replica num 1 < load requ
18:53:55 #152 OK SELECT(check) id=1 via doris-1
18:53:56 connected to doris-1 (driver-selected host)
18:53:56 #153 FAIL INSERT id=2694770 via doris-1: SQLException: errCode = 2, detailMessage = errCode = 3, detailMessage = tablet 1789045666396 alive replica num 1 < load requ
18:53:56 #153 OK SELECT(check) id=1 via doris-1
18:53:57 connected to doris-1 (driver-selected host)
18:53:57 #154 FAIL INSERT id=2694771 via doris-1: SQLException: errCode = 2, detailMessage = errCode = 3, detailMessage = tablet 1789045666396 alive replica num 1 < load requ
18:53:57 #154 OK SELECT(check) id=1 via doris-1
18:53:58 connected to doris-1 (driver-selected host)
18:53:58 #155 FAIL INSERT id=2694772 via doris-1: SQLException: errCode = 2, detailMessage = errCode = 3, detailMessage = tablet 1789045666396 alive replica num 1 < load requ
18:53:58 #155 OK SELECT(check) id=1 via doris-1
18:53:59 connected to doris-1 (driver-selected host)
18:53:59 #156 FAIL INSERT id=2694773 via doris-1: SQLException: errCode = 2, detailMessage = errCode = 3, detailMessage = tablet 1789045666396 alive replica num 1 < load requ
18:53:59 #156 OK SELECT(check) id=1 via doris-1
18:54:00 connected to doris-1 (driver-selected host)
18:54:00 #157 FAIL INSERT id=2694774 via doris-1: SQLException: errCode = 2, detailMessage = errCode = 3, detailMessage = tablet 1789045666396 alive replica num 1 < load requ
18:54:00 #157 OK SELECT(check) id=1 via doris-1
18:54:01 connected to doris-1 (driver-selected host)
18:54:01 #158 FAIL INSERT id=2694775 via doris-1: SQLException: errCode = 2, detailMessage = errCode = 3, detailMessage = tablet 1789045666396 alive replica num 1 < load requ
18:54:01 #158 OK SELECT(check) id=1 via doris-1
18:54:02 connected to doris-1 (driver-selected host)
18:54:02 #159 FAIL INSERT id=2694776 via doris-1: SQLException: errCode = 2, detailMessage = errCode = 3, detailMessage = tablet 1789045666396 alive replica num 1 < load requ
18:54:03 #159 OK SELECT(check) id=1 via doris-1
18:54:04 connected to doris-1 (driver-selected host)
18:54:04 #160 FAIL INSERT id=2694777 via doris-1: SQLException: errCode = 2, detailMessage = errCode = 3, detailMessage = tablet 1789045666396 alive replica num 1 < load requ
18:54:04 #160 OK SELECT(check) id=1 via doris-1
18:54:05 connected to doris-1 (driver-selected host)
18:54:05 #161 FAIL INSERT id=2694778 via doris-1: SQLException: errCode = 2, detailMessage = errCode = 3, detailMessage = tablet 1789045666396 alive replica num 1 < load requ
18:54:05 #161 OK SELECT(check) id=1 via doris-1
18:54:06 connected to doris-1 (driver-selected host)
18:54:06 #162 FAIL INSERT id=2694779 via doris-1: SQLException: errCode = 2, detailMessage = errCode = 3, detailMessage = tablet 1789045666396 alive replica num 1 < load requ
18:54:06 #162 OK SELECT(check) id=1 via doris-1
18:54:07 connected to doris-1 (driver-selected host)
18:54:07 #163 FAIL INSERT id=2694780 via doris-1: SQLException: errCode = 2, detailMessage = errCode = 3, detailMessage = tablet 1789045666396 alive replica num 1 < load requ
18:54:07 #163 OK SELECT(check) id=1 via doris-1
18:54:08 connected to doris-1 (driver-selected host)
18:54:08 #164 FAIL INSERT id=2694781 via doris-1: SQLException: errCode = 2, detailMessage = errCode = 3, detailMessage = tablet 1789045666396 alive replica num 1 < load requ
18:54:08 #164 OK SELECT(check) id=1 via doris-1
18:54:09 connected to doris-1 (driver-selected host)
18:54:09 #165 FAIL INSERT id=2694782 via doris-1: SQLException: errCode = 2, detailMessage = errCode = 3, detailMessage = tablet 1789045666396 alive replica num 1 < load requ
18:54:09 #165 OK SELECT(check) id=1 via doris-1
18:54:10 connected to doris-1 (driver-selected host)
18:54:10 #166 FAIL INSERT id=2694783 via doris-1: SQLException: errCode = 2, detailMessage = errCode = 3, detailMessage = tablet 1789045666396 alive replica num 1 < load requ
18:54:10 #166 OK SELECT(check) id=1 via doris-1
18:54:11 connected to doris-1 (driver-selected host)
18:54:11 #167 FAIL INSERT id=2694784 via doris-1: SQLException: errCode = 2, detailMessage = errCode = 3, detailMessage = tablet 1789045666396 alive replica num 1 < load requ
18:54:11 #167 OK SELECT(check) id=1 via doris-1
18:54:12 connected to doris-1 (driver-selected host)
18:54:12 #168 FAIL INSERT id=2694785 via doris-1: SQLException: errCode = 2, detailMessage = errCode = 3, detailMessage = tablet 1789045666396 alive replica num 1 < load requ
18:54:12 #168 OK SELECT(check) id=1 via doris-1
18:54:13 connected to doris-1 (driver-selected host)
18:54:13 #169 FAIL INSERT id=2694786 via doris-1: SQLException: errCode = 2, detailMessage = errCode = 3, detailMessage = tablet 1789045666396 alive replica num 1 < load requ
18:54:13 #169 OK SELECT(check) id=1 via doris-1
18:54:14 connected to doris-1 (driver-selected host)
18:54:14 #170 FAIL INSERT id=2694787 via doris-1: SQLException: errCode = 2, detailMessage = errCode = 3, detailMessage = tablet 1789045666396 alive replica num 1 < load requ
18:54:14 #170 OK SELECT(check) id=1 via doris-1
18:54:15 connected to doris-1 (driver-selected host)
18:54:15 #171 FAIL INSERT id=2694788 via doris-1: SQLException: errCode = 2, detailMessage = errCode = 3, detailMessage = tablet 1789045666396 alive replica num 1 < load requ
18:54:15 #171 OK SELECT(check) id=1 via doris-1
18:54:16 connected to doris-1 (driver-selected host)
18:54:16 #172 FAIL INSERT id=2694789 via doris-1: SQLException: errCode = 2, detailMessage = errCode = 3, detailMessage = tablet 1789045666396 alive replica num 1 < load requ
18:54:17 #172 OK SELECT(check) id=1 via doris-1
18:54:18 connected to doris-1 (driver-selected host)
18:54:18 #173 FAIL INSERT id=2694790 via doris-1: SQLException: errCode = 2, detailMessage = errCode = 3, detailMessage = tablet 1789045666396 alive replica num 1 < load requ
18:54:18 #173 OK SELECT(check) id=1 via doris-1
18:54:19 connected to doris-1 (driver-selected host)
18:54:19 #174 FAIL INSERT id=2694791 via doris-1: SQLException: errCode = 2, detailMessage = errCode = 3, detailMessage = tablet 1789045666396 alive replica num 1 < load requ
18:54:19 #174 OK SELECT(check) id=1 via doris-1
18:54:20 connected to doris-1 (driver-selected host)
18:54:20 #175 FAIL INSERT id=2694792 via doris-1: SQLException: errCode = 2, detailMessage = errCode = 3, detailMessage = tablet 1789045666396 alive replica num 1 < load requ
18:54:20 #175 OK SELECT(check) id=1 via doris-1
18:54:21 connected to doris-1 (driver-selected host)
18:54:21 #176 FAIL INSERT id=2694793 via doris-1: SQLException: errCode = 2, detailMessage = errCode = 3, detailMessage = tablet 1789045666396 alive replica num 1 < load requ
18:54:21 #176 OK SELECT(check) id=1 via doris-1
18:54:22 connected to doris-1 (driver-selected host)
18:54:22 #177 FAIL INSERT id=2694794 via doris-1: SQLException: errCode = 2, detailMessage = errCode = 3, detailMessage = tablet 1789045666396 alive replica num 1 < load requ
18:54:22 #177 OK SELECT(check) id=1 via doris-1
18:54:23 connected to doris-1 (driver-selected host)
18:54:23 #178 FAIL INSERT id=2694795 via doris-1: SQLException: errCode = 2, detailMessage = errCode = 3, detailMessage = tablet 1789045666396 alive replica num 1 < load requ
18:54:23 #178 OK SELECT(check) id=1 via doris-1
18:54:24 connected to doris-1 (driver-selected host)
18:54:24 #179 FAIL INSERT id=2694796 via doris-1: SQLException: errCode = 2, detailMessage = errCode = 3, detailMessage = tablet 1789045666396 alive replica num 1 < load requ
18:54:24 #179 OK SELECT(check) id=1 via doris-1
18:54:25 connected to doris-1 (driver-selected host)
18:54:25 #180 FAIL INSERT id=2694797 via doris-1: SQLException: errCode = 2, detailMessage = errCode = 3, detailMessage = tablet 1789045666396 alive replica num 1 < load requ
18:54:25 #180 OK SELECT(check) id=1 via doris-1
18:54:26 EVENT restore: systemctl start doris-be on doris-1
18:54:26 connected to doris-1 (driver-selected host)
18:54:26 #181 FAIL INSERT id=2694798 via doris-1: SQLException: errCode = 2, detailMessage = errCode = 3, detailMessage = tablet 1789045666396 alive replica num 1 < load requ
18:54:26 #181 OK SELECT(check) id=1 via doris-1
18:54:27 connected to doris-1 (driver-selected host)
18:54:27 #182 FAIL INSERT id=2694799 via doris-1: SQLException: errCode = 2, detailMessage = errCode = 3, detailMessage = tablet 1789045666396 alive replica num 1 < load requ
18:54:27 #182 OK SELECT(check) id=1 via doris-1
18:54:28 connected to doris-1 (driver-selected host)
18:54:28 #183 FAIL INSERT id=2694800 via doris-1: SQLException: errCode = 2, detailMessage = errCode = 3, detailMessage = tablet 1789045666396 alive replica num 1 < load requ
18:54:28 #183 OK SELECT(check) id=1 via doris-1
18:54:29 connected to doris-1 (driver-selected host)
18:54:29 #184 FAIL INSERT id=2694801 via doris-1: SQLException: errCode = 2, detailMessage = errCode = 3, detailMessage = tablet 1789045666396 alive replica num 1 < load requ
18:54:29 #184 OK SELECT(check) id=1 via doris-1
18:54:30 connected to doris-1 (driver-selected host)
18:54:30 #185 FAIL INSERT id=2694802 via doris-1: SQLException: errCode = 2, detailMessage = errCode = 3, detailMessage = tablet 1789045666396 alive replica num 1 < load requ
18:54:31 #185 OK SELECT(check) id=1 via doris-1
18:54:32 connected to doris-1 (driver-selected host)
18:54:32 #186 FAIL INSERT id=2694803 via doris-1: SQLException: errCode = 2, detailMessage = errCode = 3, detailMessage = tablet 1789045666396 alive replica num 1 < load requ
18:54:32 #186 OK SELECT(check) id=1 via doris-1
18:54:32 EVENT restore: start doris-3
18:54:33 connected to doris-1 (driver-selected host)
18:54:33 #187 FAIL INSERT id=2694804 via doris-1: SQLException: errCode = 2, detailMessage = errCode = 3, detailMessage = tablet 1789045666396 alive replica num 1 < load requ
18:54:33 #187 OK SELECT(check) id=1 via doris-1
18:54:34 connected to doris-1 (driver-selected host)
18:54:34 #188 FAIL INSERT id=2694805 via doris-1: SQLException: errCode = 2, detailMessage = errCode = 3, detailMessage = tablet 1789045666396 alive replica num 1 < load requ
18:54:34 #188 OK SELECT(check) id=1 via doris-1
18:54:35 connected to doris-1 (driver-selected host)
18:54:35 #189 FAIL INSERT id=2694806 via doris-1: SQLException: errCode = 2, detailMessage = errCode = 3, detailMessage = tablet 1789045666396 alive replica num 1 < load requ
18:54:35 #189 OK SELECT(check) id=1 via doris-1
18:54:36 connected to doris-1 (driver-selected host)
18:54:36 #190 FAIL INSERT id=2694807 via doris-1: SQLException: errCode = 2, detailMessage = errCode = 3, detailMessage = tablet 1789045666396 alive replica num 1 < load requ
18:54:36 #190 OK SELECT(check) id=1 via doris-1
18:54:37 connected to doris-1 (driver-selected host)
18:54:37 #191 FAIL INSERT id=2694808 via doris-1: SQLException: errCode = 2, detailMessage = errCode = 3, detailMessage = tablet 1789045666396 alive replica num 1 < load requ
18:54:37 #191 OK SELECT(check) id=1 via doris-1
18:54:38 connected to doris-1 (driver-selected host)
18:54:38 #192 FAIL INSERT id=2694809 via doris-1: SQLException: errCode = 2, detailMessage = errCode = 3, detailMessage = tablet 1789045666396 alive replica num 1 < load requ
18:54:38 #192 OK SELECT(check) id=1 via doris-1
18:54:39 connected to doris-1 (driver-selected host)
18:54:39 #193 FAIL INSERT id=2694810 via doris-1: SQLException: errCode = 2, detailMessage = errCode = 3, detailMessage = tablet 1789045666396 alive replica num 1 < load requ
18:54:39 #193 OK SELECT(check) id=1 via doris-1
18:54:40 connected to doris-1 (driver-selected host)
18:54:40 #194 FAIL INSERT id=2694811 via doris-1: SQLException: errCode = 2, detailMessage = errCode = 3, detailMessage = tablet 1789045666396 alive replica num 1 < load requ
18:54:40 #194 OK SELECT(check) id=1 via doris-1
18:54:41 connected to doris-1 (driver-selected host)
18:54:41 #195 FAIL INSERT id=2694812 via doris-1: SQLException: errCode = 2, detailMessage = errCode = 3, detailMessage = tablet 1789045666396 alive replica num 1 < load requ
18:54:41 #195 OK SELECT(check) id=1 via doris-1
18:54:42 connected to doris-1 (driver-selected host)
18:54:42 #196 FAIL INSERT id=2694813 via doris-1: SQLException: errCode = 2, detailMessage = errCode = 3, detailMessage = tablet 1789045666396 alive replica num 1 < load requ
18:54:42 #196 OK SELECT(check) id=1 via doris-1
18:54:43 connected to doris-1 (driver-selected host)
18:54:43 #197 FAIL INSERT id=2694814 via doris-1: SQLException: errCode = 2, detailMessage = errCode = 3, detailMessage = tablet 1789045666396 alive replica num 1 < load requ
18:54:43 #197 OK SELECT(check) id=1 via doris-1
18:54:44 connected to doris-1 (driver-selected host)
18:54:44 #198 FAIL INSERT id=2694815 via doris-1: SQLException: errCode = 2, detailMessage = errCode = 3, detailMessage = tablet 1789045666396 alive replica num 1 < load requ
18:54:44 #198 OK SELECT(check) id=1 via doris-1
18:54:45 connected to doris-1 (driver-selected host)
18:54:45 #199 FAIL INSERT id=2694816 via doris-1: SQLException: errCode = 2, detailMessage = errCode = 3, detailMessage = tablet 1789045666396 alive replica num 1 < load requ
18:54:46 #199 OK SELECT(check) id=1 via doris-1
18:54:47 connected to doris-1 (driver-selected host)
18:54:47 #200 FAIL INSERT id=2694817 via doris-1: SQLException: errCode = 2, detailMessage = errCode = 3, detailMessage = tablet 1789045666396 alive replica num 1 < load requ
18:54:47 #200 OK SELECT(check) id=1 via doris-1
18:54:48 connected to doris-1 (driver-selected host)
18:54:48 #201 FAIL INSERT id=2694818 via doris-1: SQLException: errCode = 2, detailMessage = errCode = 3, detailMessage = tablet 1789045666396 alive replica num 1 < load requ
18:54:48 #201 OK SELECT(check) id=1 via doris-1
18:54:49 connected to doris-1 (driver-selected host)
18:54:49 #202 FAIL INSERT id=2694819 via doris-1: SQLException: errCode = 2, detailMessage = errCode = 3, detailMessage = tablet 1789045666396 alive replica num 1 < load requ
18:54:49 #202 OK SELECT(check) id=1 via doris-1
18:54:50 connected to doris-1 (driver-selected host)
18:54:50 #203 FAIL INSERT id=2694820 via doris-1: SQLException: errCode = 2, detailMessage = errCode = 3, detailMessage = tablet 1789045666396 alive replica num 1 < load requ
18:54:50 #203 OK SELECT(check) id=1 via doris-1
18:54:51 connected to doris-1 (driver-selected host)
18:54:51 #204 FAIL INSERT id=2694821 via doris-1: SQLException: errCode = 2, detailMessage = errCode = 3, detailMessage = tablet 1789045666396 alive replica num 1 < load requ
18:54:51 #204 OK SELECT(check) id=1 via doris-1
18:54:52 connected to doris-1 (driver-selected host)
18:54:52 #205 FAIL INSERT id=2694822 via doris-1: SQLException: errCode = 2, detailMessage = errCode = 3, detailMessage = tablet 1789045666396 alive replica num 1 < load requ
18:54:52 #205 OK SELECT(check) id=1 via doris-1
18:54:53 connected to doris-1 (driver-selected host)
18:54:53 #206 FAIL INSERT id=2694823 via doris-1: SQLException: errCode = 2, detailMessage = errCode = 3, detailMessage = tablet 1789045666396 alive replica num 1 < load requ
18:54:53 #206 OK SELECT(check) id=1 via doris-1
18:54:54 connected to doris-1 (driver-selected host)
18:54:54 #207 FAIL INSERT id=2694824 via doris-1: SQLException: errCode = 2, detailMessage = errCode = 3, detailMessage = tablet 1789045666396 alive replica num 1 < load requ
18:54:54 #207 OK SELECT(check) id=1 via doris-1
18:54:55 connected to doris-1 (driver-selected host)
18:54:55 #208 FAIL INSERT id=2694825 via doris-1: SQLException: errCode = 2, detailMessage = errCode = 3, detailMessage = tablet 1789045666396 alive replica num 1 < load requ
18:54:55 #208 OK SELECT(check) id=1 via doris-1
18:54:56 connected to doris-1 (driver-selected host)
18:54:56 #209 FAIL INSERT id=2694826 via doris-1: SQLException: errCode = 2, detailMessage = errCode = 3, detailMessage = tablet 1789045666396 alive replica num 1 < load requ
18:54:56 #209 OK SELECT(check) id=1 via doris-1
18:54:57 connected to doris-1 (driver-selected host)
18:54:57 #210 OK INSERT id=2694827 via doris-1 rows=10241 [doris-1:f:up doris-2:M:up doris-3:f:DOWN] (recovered)
18:54:58 #211 OK UPSERT id=2694827 via doris-1 rows=10242 [doris-1:f:up doris-2:M:up doris-3:f:DOWN]
18:55:00 #212 OK SELECT id=2694827 via doris-1 rows=10242 [doris-1:f:up doris-2:M:up doris-3:f:DOWN]
18:55:01 #213 OK DELETE id=2694827 via doris-1 rows=10241 [doris-1:f:up doris-2:M:up doris-3:f:DOWN]
18:55:02 #214 OK SELECT id=2694827 via doris-1 rows=10240 [doris-1:f:up doris-2:M:up doris-3:f:DOWN]
18:55:03 #215 OK INSERT id=2694828 via doris-1 rows=10241 [doris-1:f:up doris-2:M:up doris-3:f:DOWN]
18:55:04 #216 OK UPSERT id=2694828 via doris-1 rows=10242 [doris-1:f:up doris-2:M:up doris-3:f:DOWN]
18:55:05 #217 OK SELECT id=2694828 via doris-1 rows=10242 [doris-1:f:up doris-2:M:up doris-3:f:DOWN]
18:55:06 #218 OK DELETE id=2694828 via doris-1 rows=10241 [doris-1:f:up doris-2:M:up doris-3:f:DOWN]
18:55:07 #219 OK SELECT id=2694828 via doris-1 rows=10240 [doris-1:f:up doris-2:M:up doris-3:f:up]
18:55:08 #220 OK INSERT id=2694829 via doris-1 rows=10241 [doris-1:f:up doris-2:M:up doris-3:f:up]
18:55:09 #221 OK UPSERT id=2694829 via doris-1 rows=10242 [doris-1:f:up doris-2:M:up doris-3:f:up]
18:55:10 #222 OK SELECT id=2694829 via doris-1 rows=10242 [doris-1:f:up doris-2:M:up doris-3:f:up]
18:55:10 EVENT restore: cluster healthy
18:55:11 #223 OK DELETE id=2694829 via doris-1 rows=10241 [doris-1:f:up doris-2:M:up doris-3:f:up]
18:55:12 #224 OK SELECT id=2694829 via doris-1 rows=10240 [doris-1:f:up doris-2:M:up doris-3:f:up]
18:55:13 #225 OK INSERT id=2694830 via doris-1 rows=10241 [doris-1:f:up doris-2:M:up doris-3:f:up]
18:55:15 #226 OK UPSERT id=2694830 via doris-1 rows=10242 [doris-1:f:up doris-2:M:up doris-3:f:up]
18:55:16 #227 OK SELECT id=2694830 via doris-1 rows=10242 [doris-1:f:up doris-2:M:up doris-3:f:up]
18:55:17 #228 OK DELETE id=2694830 via doris-1 rows=10241 [doris-1:f:up doris-2:M:up doris-3:f:up]
18:55:18 #229 OK SELECT id=2694830 via doris-1 rows=10240 [doris-1:f:up doris-2:M:up doris-3:f:up]
18:55:19 #230 OK INSERT id=2694831 via doris-1 rows=10241 [doris-1:f:up doris-2:M:up doris-3:f:up]
18:55:20 #231 OK UPSERT id=2694831 via doris-1 rows=10242 [doris-1:f:up doris-2:M:up doris-3:f:up]
18:55:21 #232 OK SELECT id=2694831 via doris-1 rows=10242 [doris-1:f:up doris-2:M:up doris-3:f:up]
18:55:22 #233 OK DELETE id=2694831 via doris-1 rows=10241 [doris-1:f:up doris-2:M:up doris-3:f:up]
18:55:23 #234 OK SELECT id=2694831 via doris-1 rows=10240 [doris-1:f:up doris-2:M:up doris-3:f:up]
18:55:24 #235 OK INSERT id=2694832 via doris-1 rows=10241 [doris-1:f:up doris-2:M:up doris-3:f:up]
18:55:25 #236 OK UPSERT id=2694832 via doris-1 rows=10242 [doris-1:f:up doris-2:M:up doris-3:f:up]
18:55:26 #237 OK SELECT id=2694832 via doris-1 rows=10242 [doris-1:f:up doris-2:M:up doris-3:f:up]
18:55:27 #238 OK DELETE id=2694832 via doris-1 rows=10241 [doris-1:f:up doris-2:M:up doris-3:f:up]
18:55:28 #239 OK SELECT id=2694832 via doris-1 rows=10240 [doris-1:f:up doris-2:M:up doris-3:f:up]
18:55:30 #240 OK INSERT id=2694833 via doris-1 rows=10241 [doris-1:f:up doris-2:M:up doris-3:f:up]
18:55:31 #241 OK UPSERT id=2694833 via doris-1 rows=10242 [doris-1:f:up doris-2:M:up doris-3:f:up]
18:55:32 #242 OK SELECT id=2694833 via doris-1 rows=10242 [doris-1:f:up doris-2:M:up doris-3:f:up]
18:55:33 #243 OK DELETE id=2694833 via doris-1 rows=10241 [doris-1:f:up doris-2:M:up doris-3:f:up]
18:55:34 #244 OK SELECT id=2694833 via doris-1 rows=10240 [doris-1:f:up doris-2:M:up doris-3:f:up]
18:55:35 #245 OK INSERT id=2694834 via doris-1 rows=10241 [doris-1:f:up doris-2:M:up doris-3:f:up]
18:55:36 #246 OK UPSERT id=2694834 via doris-1 rows=10242 [doris-1:f:up doris-2:M:up doris-3:f:up]
18:55:37 #247 OK SELECT id=2694834 via doris-1 rows=10242 [doris-1:f:up doris-2:M:up doris-3:f:up]
18:55:38 #248 OK DELETE id=2694834 via doris-1 rows=10241 [doris-1:f:up doris-2:M:up doris-3:f:up]
