19:01:16 PROBE start proto=arrow-flight hosts=doris-1,doris-2,doris-3 duration=86400s cycle=INSERT>UPSERT>SELECT>DELETE>SELECT
19:01:16 connected to doris-1 (10.140.0.2)
19:01:16 DML unsupported over arrow-flight (InternalError: RuntimeException, msg: getMysqlChannel not in mysql connection (Internal; ExecuteQuery)) — switching to SELECT-only mode
19:01:16 #1 OK SELECT id=3700760 via doris-1 rows=10244 [doris-1:f:up doris-2:f:up doris-3:M:up]
19:01:17 #2 OK SELECT id=3700760 via doris-1 rows=10245 [doris-1:f:up doris-2:f:up doris-3:M:up]
19:01:18 #3 OK SELECT id=3700760 via doris-1 rows=10245 [doris-1:f:up doris-2:f:up doris-3:M:up]
19:01:19 #4 OK SELECT id=3700760 via doris-1 rows=10244 [doris-1:f:up doris-2:f:up doris-3:M:up]
19:01:21 #5 OK SELECT id=3700760 via doris-1 rows=10243 [doris-1:f:up doris-2:f:up doris-3:M:up]
19:01:22 #6 OK SELECT id=3700760 via doris-1 rows=10244 [doris-1:f:up doris-2:f:up doris-3:M:up]
19:01:23 #7 OK SELECT id=3700760 via doris-1 rows=10245 [doris-1:f:up doris-2:f:up doris-3:M:up]
19:01:24 #8 OK SELECT id=3700760 via doris-1 rows=10245 [doris-1:f:up doris-2:f:up doris-3:M:up]
19:01:25 #9 OK SELECT id=3700760 via doris-1 rows=10244 [doris-1:f:up doris-2:f:up doris-3:M:up]
19:01:26 #10 OK SELECT id=3700760 via doris-1 rows=10243 [doris-1:f:up doris-2:f:up doris-3:M:up]
19:01:27 #11 OK SELECT id=3700760 via doris-1 rows=10244 [doris-1:f:up doris-2:f:up doris-3:M:up]
19:01:28 #12 OK SELECT id=3700760 via doris-1 rows=10245 [doris-1:f:up doris-2:f:up doris-3:M:up]
19:01:29 #13 OK SELECT id=3700760 via doris-1 rows=10245 [doris-1:f:up doris-2:f:up doris-3:M:up]
19:01:30 #14 OK SELECT id=3700760 via doris-1 rows=10244 [doris-1:f:up doris-2:f:up doris-3:M:up]
19:01:31 #15 OK SELECT id=3700760 via doris-1 rows=10243 [doris-1:f:up doris-2:f:up doris-3:M:up]
19:01:32 #16 OK SELECT id=3700760 via doris-1 rows=10244 [doris-1:f:up doris-2:f:up doris-3:M:up]
19:01:33 #17 OK SELECT id=3700760 via doris-1 rows=10245 [doris-1:f:up doris-2:f:up doris-3:M:up]
19:01:34 #18 OK SELECT id=3700760 via doris-1 rows=10245 [doris-1:f:up doris-2:f:up doris-3:M:up]
19:01:36 #19 OK SELECT id=3700760 via doris-1 rows=10244 [doris-1:f:up doris-2:f:up doris-3:M:up]
19:01:37 #20 OK SELECT id=3700760 via doris-1 rows=10243 [doris-1:f:up doris-2:f:up doris-3:M:up]
19:01:38 #21 OK SELECT id=3700760 via doris-1 rows=10244 [doris-1:f:up doris-2:f:up doris-3:M:up]
19:01:39 #22 OK SELECT id=3700760 via doris-1 rows=10245 [doris-1:f:up doris-2:f:up doris-3:M:up]
19:01:40 #23 OK SELECT id=3700760 via doris-1 rows=10245 [doris-1:f:up doris-2:f:up doris-3:M:up]
19:01:41 #24 OK SELECT id=3700760 via doris-1 rows=10244 [doris-1:f:up doris-2:f:up doris-3:M:up]
19:01:42 #25 OK SELECT id=3700760 via doris-1 rows=10243 [doris-1:f:up doris-2:f:up doris-3:M:up]
19:01:43 #26 OK SELECT id=3700760 via doris-1 rows=10244 [doris-1:f:up doris-2:f:up doris-3:M:up]
19:01:44 #27 OK SELECT id=3700760 via doris-1 rows=10245 [doris-1:f:up doris-2:f:up doris-3:M:up]
19:01:45 #28 OK SELECT id=3700760 via doris-1 rows=10245 [doris-1:f:up doris-2:f:up doris-3:M:up]
19:01:46 #29 OK SELECT id=3700760 via doris-1 rows=10244 [doris-1:f:up doris-2:f:up doris-3:M:up]
19:01:47 #30 OK SELECT id=3700760 via doris-1 rows=10243 [doris-1:f:up doris-2:f:up doris-3:M:up]
19:01:48 #31 OK SELECT id=3700760 via doris-1 rows=10244 [doris-1:f:up doris-2:f:up doris-3:M:up]
19:01:49 #32 OK SELECT id=3700760 via doris-1 rows=10245 [doris-1:f:up doris-2:f:up doris-3:M:up]
19:01:50 EVENT break: vm stop on doris-1 (FE follower)
19:01:51 #33 OK SELECT id=3700760 via doris-1 rows=10245 [doris-1:f:up doris-2:f:up doris-3:M:up]
19:01:52 #34 OK SELECT id=3700760 via doris-1 rows=10244 [doris-1:f:up doris-2:f:up doris-3:M:up]
19:01:53 #35 OK SELECT id=3700760 via doris-1 rows=10243 [doris-1:f:up doris-2:f:up doris-3:M:up]
19:01:54 #36 FAIL SELECT id=3700760 via doris-1: OperationalError: IO: [FlightSQL] connection error: desc = "transport: Error while dialing: dial tcp 10.140.0.2:8070: connect: c
19:01:56 connected to doris-2 (10.140.0.3)
19:02:04 #37 FAIL SELECT id=3700760 via doris-2: OperationalError: TIMEOUT: [FlightSQL] stream terminated by RST_STREAM with error code: CANCEL (DeadlineExceeded; ExecuteQuery).
19:02:14 EVENT break: doris-1 is down
19:02:25 connected to doris-2 (10.140.0.3)
19:02:25 #38 OK SELECT id=3700760 via doris-2 rows=10244 [doris-1:f:DOWN doris-2:f:up doris-3:M:up] (recovered)
19:02:27 #39 OK SELECT id=3700760 via doris-2 rows=10244 [doris-1:f:DOWN doris-2:f:up doris-3:M:up]
19:02:28 #40 OK SELECT id=3700760 via doris-2 rows=10244 [doris-1:f:DOWN doris-2:f:up doris-3:M:up]
19:02:29 #41 OK SELECT id=3700760 via doris-2 rows=10245 [doris-1:f:DOWN doris-2:f:up doris-3:M:up]
19:02:30 #42 OK SELECT id=3700760 via doris-2 rows=10245 [doris-1:f:DOWN doris-2:f:up doris-3:M:up]
19:02:31 #43 OK SELECT id=3700760 via doris-2 rows=10244 [doris-1:f:DOWN doris-2:f:up doris-3:M:up]
19:02:32 #44 OK SELECT id=3700760 via doris-2 rows=10244 [doris-1:f:DOWN doris-2:f:up doris-3:M:up]
19:02:33 #45 OK SELECT id=3700760 via doris-2 rows=10245 [doris-1:f:DOWN doris-2:f:up doris-3:M:up]
19:02:34 #46 OK SELECT id=3700760 via doris-2 rows=10245 [doris-1:f:DOWN doris-2:f:up doris-3:M:up]
19:02:35 #47 OK SELECT id=3700760 via doris-2 rows=10244 [doris-1:f:DOWN doris-2:f:up doris-3:M:up]
19:02:37 #48 OK SELECT id=3700760 via doris-2 rows=10243 [doris-1:f:DOWN doris-2:f:up doris-3:M:up]
19:02:38 #49 OK SELECT id=3700760 via doris-2 rows=10244 [doris-1:f:DOWN doris-2:f:up doris-3:M:up]
19:02:39 #50 OK SELECT id=3700760 via doris-2 rows=10245 [doris-1:f:DOWN doris-2:f:up doris-3:M:up]
19:02:40 #51 OK SELECT id=3700760 via doris-2 rows=10245 [doris-1:f:DOWN doris-2:f:up doris-3:M:up]
19:02:41 #52 OK SELECT id=3700760 via doris-2 rows=10244 [doris-1:f:DOWN doris-2:f:up doris-3:M:up]
19:02:42 #53 OK SELECT id=3700760 via doris-2 rows=10243 [doris-1:f:DOWN doris-2:f:up doris-3:M:up]
19:02:43 #54 OK SELECT id=3700760 via doris-2 rows=10244 [doris-1:f:DOWN doris-2:f:up doris-3:M:up]
19:02:44 #55 OK SELECT id=3700760 via doris-2 rows=10245 [doris-1:f:DOWN doris-2:f:up doris-3:M:up]
19:02:45 #56 OK SELECT id=3700760 via doris-2 rows=10245 [doris-1:f:DOWN doris-2:f:up doris-3:M:up]
19:02:46 #57 OK SELECT id=3700760 via doris-2 rows=10244 [doris-1:f:DOWN doris-2:f:up doris-3:M:up]
19:02:48 #58 OK SELECT id=3700760 via doris-2 rows=10243 [doris-1:f:DOWN doris-2:f:up doris-3:M:up]
19:02:49 #59 OK SELECT id=3700760 via doris-2 rows=10244 [doris-1:f:DOWN doris-2:f:up doris-3:M:up]
19:02:49 EVENT break: be dead on doris-2 (FE follower)
19:02:50 #60 OK SELECT id=3700760 via doris-2 rows=10245 [doris-1:f:DOWN doris-2:f:up doris-3:M:up]
19:02:51 #61 OK SELECT id=3700760 via doris-2 rows=10245 [doris-1:f:DOWN doris-2:f:up doris-3:M:up]
19:02:52 #62 OK SELECT id=3700760 via doris-2 rows=10245 [doris-1:f:DOWN doris-2:f:up doris-3:M:up]
19:02:53 #63 OK SELECT id=3700760 via doris-2 rows=10244 [doris-1:f:DOWN doris-2:f:up doris-3:M:up]
19:02:54 #64 OK SELECT id=3700760 via doris-2 rows=10243 [doris-1:f:DOWN doris-2:f:up doris-3:M:up]
19:02:55 #65 FAIL SELECT id=3700760 via doris-2: InternalError: INTERNAL: [FlightSQL] get flight info statement failed, after executeQueryStatement handleQuery, java.lang.Run
19:03:16 connected to doris-2 (10.140.0.3)
19:03:16 #66 FAIL SELECT id=3700760 via doris-2: InternalError: INTERNAL: [FlightSQL] get flight info statement failed, after executeQueryStatement handleQuery, java.lang.Run
19:03:32 EVENT break: fe dead on doris-3 (FE master)
19:03:37 connected to doris-2 (10.140.0.3)
19:03:37 #67 FAIL SELECT id=3700760 via doris-2: InternalError: INTERNAL: [FlightSQL] get flight info statement failed, after executeQueryStatement handleQuery, java.lang.Run
19:03:58 connected to doris-2 (10.140.0.3)
19:03:58 #68 FAIL SELECT id=3700760 via doris-2: InternalError: INTERNAL: [FlightSQL] get flight info statement failed, after executeQueryStatement handleQuery, java.lang.Run
19:04:19 connected to doris-2 (10.140.0.3)
19:04:19 #69 FAIL SELECT id=3700760 via doris-2: InternalError: INTERNAL: [FlightSQL] get flight info statement failed, after executeQueryStatement handleQuery, java.lang.Run
19:04:40 connected to doris-2 (10.140.0.3)
19:04:40 #70 FAIL SELECT id=3700760 via doris-2: InternalError: INTERNAL: [FlightSQL] get flight info statement failed, after executeQueryStatement handleQuery, java.lang.Run
19:05:02 connected to doris-2 (10.140.0.3)
19:05:02 #71 FAIL SELECT id=3700760 via doris-2: InternalError: INTERNAL: [FlightSQL] get flight info statement failed, after executeQueryStatement handleQuery, java.lang.Run
19:05:21 EVENT restore: systemctl start doris-fe on doris-3
19:05:23 connected to doris-2 (10.140.0.3)
19:05:23 #72 FAIL SELECT id=3700760 via doris-2: InternalError: INTERNAL: [FlightSQL] get flight info statement failed, after executeQueryStatement handleQuery, java.lang.Run
19:05:25 EVENT restore: systemctl start doris-be on doris-2
19:05:29 EVENT restore: start doris-1
19:05:44 connected to doris-2 (10.140.0.3)
19:05:47 #73 OK SELECT id=3700760 via doris-2 rows=10244 [?] (recovered)
19:05:48 #74 FAIL SELECT id=3700760 via doris-2: InternalError: INTERNAL: [FlightSQL] get flight info statement failed, after executeQueryStatement handleQuery, java.lang.Run
19:05:49 connected to doris-2 (10.140.0.3)
19:05:49 #75 FAIL SELECT id=3700760 via doris-2: InternalError: INTERNAL: [FlightSQL] get flight info statement failed, after executeQueryStatement handleQuery, java.lang.Run
19:05:50 connected to doris-2 (10.140.0.3)
19:05:50 #76 FAIL SELECT id=3700760 via doris-2: InternalError: INTERNAL: [FlightSQL] get flight info statement failed, after executeQueryStatement handleQuery, java.lang.Run
19:05:51 connected to doris-2 (10.140.0.3)
19:05:51 #77 FAIL SELECT id=3700760 via doris-2: InternalError: INTERNAL: [FlightSQL] get flight info statement failed, after executeQueryStatement handleQuery, java.lang.Run
19:05:52 connected to doris-2 (10.140.0.3)
19:05:52 #78 FAIL SELECT id=3700760 via doris-2: InternalError: INTERNAL: [FlightSQL] get flight info statement failed, after executeQueryStatement handleQuery, java.lang.Run
19:05:53 connected to doris-2 (10.140.0.3)
19:05:53 #79 FAIL SELECT id=3700760 via doris-2: InternalError: INTERNAL: [FlightSQL] get flight info statement failed, after executeQueryStatement handleQuery, java.lang.Run
19:05:54 connected to doris-2 (10.140.0.3)
19:05:54 #80 FAIL SELECT id=3700760 via doris-2: InternalError: INTERNAL: [FlightSQL] get flight info statement failed, after executeQueryStatement handleQuery, java.lang.Run
19:05:55 connected to doris-2 (10.140.0.3)
19:05:55 #81 FAIL SELECT id=3700760 via doris-2: InternalError: INTERNAL: [FlightSQL] get flight info statement failed, after executeQueryStatement handleQuery, java.lang.Run
19:05:56 connected to doris-2 (10.140.0.3)
19:05:56 #82 FAIL SELECT id=3700760 via doris-2: InternalError: INTERNAL: [FlightSQL] get flight info statement failed, after executeQueryStatement handleQuery, java.lang.Run
19:05:57 connected to doris-2 (10.140.0.3)
19:05:57 #83 FAIL SELECT id=3700760 via doris-2: InternalError: INTERNAL: [FlightSQL] get flight info statement failed, after executeQueryStatement handleQuery, java.lang.Run
19:05:58 connected to doris-2 (10.140.0.3)
19:05:58 #84 FAIL SELECT id=3700760 via doris-2: InternalError: INTERNAL: [FlightSQL] get flight info statement failed, after executeQueryStatement handleQuery, java.lang.Run
19:05:59 connected to doris-2 (10.140.0.3)
19:05:59 #85 OK SELECT id=3700760 via doris-2 rows=10244 [doris-1:f:DOWN doris-2:f:up doris-3:M:up] (recovered)
19:06:00 #86 FAIL SELECT id=3700760 via doris-2: InternalError: INTERNAL: [FlightSQL] get flight info statement failed, after executeQueryStatement handleQuery, java.lang.Run
19:06:01 connected to doris-2 (10.140.0.3)
19:06:01 #87 FAIL SELECT id=3700760 via doris-2: InternalError: INTERNAL: [FlightSQL] get flight info statement failed, after executeQueryStatement handleQuery, java.lang.Run
19:06:02 connected to doris-2 (10.140.0.3)
19:06:03 #88 FAIL SELECT id=3700760 via doris-2: InternalError: INTERNAL: [FlightSQL] get flight info statement failed, after executeQueryStatement handleQuery, java.lang.Run
19:06:04 connected to doris-2 (10.140.0.3)
19:06:04 #89 FAIL SELECT id=3700760 via doris-2: InternalError: INTERNAL: [FlightSQL] get flight info statement failed, after executeQueryStatement handleQuery, java.lang.Run
19:06:05 connected to doris-2 (10.140.0.3)
19:06:05 #90 FAIL SELECT id=3700760 via doris-2: InternalError: INTERNAL: [FlightSQL] get flight info statement failed, after executeQueryStatement handleQuery, java.lang.Run
19:06:06 connected to doris-2 (10.140.0.3)
19:06:06 #91 FAIL SELECT id=3700760 via doris-2: InternalError: INTERNAL: [FlightSQL] get flight info statement failed, after executeQueryStatement handleQuery, java.lang.Run
19:06:07 connected to doris-1 (10.140.0.2)
19:06:09 #92 OK SELECT id=3700760 via doris-1 rows=10244 [doris-1:f:DOWN doris-2:f:up doris-3:M:up] (recovered)
19:06:10 #93 OK SELECT id=3700760 via doris-1 rows=10246 [doris-1:f:up doris-2:f:up doris-3:M:up]
19:06:11 #94 OK SELECT id=3700760 via doris-1 rows=10246 [doris-1:f:up doris-2:f:up doris-3:M:up]
19:06:11 EVENT restore: cluster healthy
19:06:12 #95 OK SELECT id=3700760 via doris-1 rows=10246 [doris-1:f:up doris-2:f:up doris-3:M:up]
19:06:13 #96 OK SELECT id=3700760 via doris-1 rows=10244 [doris-1:f:up doris-2:f:up doris-3:M:up]
19:06:14 #97 OK SELECT id=3700760 via doris-1 rows=10244 [doris-1:f:up doris-2:f:up doris-3:M:up]
19:06:15 #98 OK SELECT id=3700760 via doris-1 rows=10246 [doris-1:f:up doris-2:f:up doris-3:M:up]
19:06:17 #99 OK SELECT id=3700760 via doris-1 rows=10246 [doris-1:f:up doris-2:f:up doris-3:M:up]
19:06:18 #100 OK SELECT id=3700760 via doris-1 rows=10246 [doris-1:f:up doris-2:f:up doris-3:M:up]
19:06:19 #101 OK SELECT id=3700760 via doris-1 rows=10244 [doris-1:f:up doris-2:f:up doris-3:M:up]
19:06:20 #102 OK SELECT id=3700760 via doris-1 rows=10244 [doris-1:f:up doris-2:f:up doris-3:M:up]
19:06:21 #103 OK SELECT id=3700760 via doris-1 rows=10246 [doris-1:f:up doris-2:f:up doris-3:M:up]
19:06:22 #104 OK SELECT id=3700760 via doris-1 rows=10246 [doris-1:f:up doris-2:f:up doris-3:M:up]
19:06:23 #105 OK SELECT id=3700760 via doris-1 rows=10246 [doris-1:f:up doris-2:f:up doris-3:M:up]
19:06:24 #106 OK SELECT id=3700760 via doris-1 rows=10244 [doris-1:f:up doris-2:f:up doris-3:M:up]
19:06:25 #107 OK SELECT id=3700760 via doris-1 rows=10244 [doris-1:f:up doris-2:f:up doris-3:M:up]
19:06:26 #108 OK SELECT id=3700760 via doris-1 rows=10246 [doris-1:f:up doris-2:f:up doris-3:M:up]
19:06:28 #109 OK SELECT id=3700760 via doris-1 rows=10246 [doris-1:f:up doris-2:f:up doris-3:M:up]
19:06:29 #110 OK SELECT id=3700760 via doris-1 rows=10246 [doris-1:f:up doris-2:f:up doris-3:M:up]
19:06:30 #111 OK SELECT id=3700760 via doris-1 rows=10244 [doris-1:f:up doris-2:f:up doris-3:M:up]
19:06:31 #112 OK SELECT id=3700760 via doris-1 rows=10244 [doris-1:f:up doris-2:f:up doris-3:M:up]
19:06:32 #113 OK SELECT id=3700760 via doris-1 rows=10246 [doris-1:f:up doris-2:f:up doris-3:M:up]
19:06:33 #114 OK SELECT id=3700760 via doris-1 rows=10246 [doris-1:f:up doris-2:f:up doris-3:M:up]
19:06:34 #115 OK SELECT id=3700760 via doris-1 rows=10246 [doris-1:f:up doris-2:f:up doris-3:M:up]
19:06:35 #116 OK SELECT id=3700760 via doris-1 rows=10244 [doris-1:f:up doris-2:f:up doris-3:M:up]
19:06:36 #117 OK SELECT id=3700760 via doris-1 rows=10244 [doris-1:f:up doris-2:f:up doris-3:M:up]
19:06:37 #118 OK SELECT id=3700760 via doris-1 rows=10246 [doris-1:f:up doris-2:f:up doris-3:M:up]
19:06:38 #119 OK SELECT id=3700760 via doris-1 rows=10246 [doris-1:f:up doris-2:f:up doris-3:M:up]
19:06:39 #120 OK SELECT id=3700760 via doris-1 rows=10246 [doris-1:f:up doris-2:f:up doris-3:M:up]
19:06:41 #121 OK SELECT id=3700760 via doris-1 rows=10244 [doris-1:f:up doris-2:f:up doris-3:M:up]
