19:01:16 PROBE start proto=jdbc hosts=doris-1,doris-2,doris-3 duration=86400s cycle=INSERT>UPSERT>SELECT>DELETE>SELECT url=jdbc:mysql://10.140.0.2:9030,10.140.0.3:9030,10.140.0.4:9030/hatest
19:01:17 connected to doris-1 (driver-selected host)
19:01:17 #1 OK INSERT id=2700760 via doris-1 rows=10245 [doris-1:f:up doris-2:f:up doris-3:M:up]
19:01:18 #2 OK UPSERT id=2700760 via doris-1 rows=10245 [doris-1:f:up doris-2:f:up doris-3:M:up]
19:01:19 #3 OK SELECT id=2700760 via doris-1 rows=10245 [doris-1:f:up doris-2:f:up doris-3:M:up]
19:01:20 #4 OK DELETE id=2700760 via doris-1 rows=10243 [doris-1:f:up doris-2:f:up doris-3:M:up]
19:01:21 #5 OK SELECT id=2700760 via doris-1 rows=10243 [doris-1:f:up doris-2:f:up doris-3:M:up]
19:01:22 #6 OK INSERT id=2700761 via doris-1 rows=10245 [doris-1:f:up doris-2:f:up doris-3:M:up]
19:01:23 #7 OK UPSERT id=2700761 via doris-1 rows=10245 [doris-1:f:up doris-2:f:up doris-3:M:up]
19:01:24 #8 OK SELECT id=2700761 via doris-1 rows=10245 [doris-1:f:up doris-2:f:up doris-3:M:up]
19:01:25 #9 OK DELETE id=2700761 via doris-1 rows=10243 [doris-1:f:up doris-2:f:up doris-3:M:up]
19:01:26 #10 OK SELECT id=2700761 via doris-1 rows=10243 [doris-1:f:up doris-2:f:up doris-3:M:up]
19:01:28 #11 OK INSERT id=2700762 via doris-1 rows=10245 [doris-1:f:up doris-2:f:up doris-3:M:up]
19:01:29 #12 OK UPSERT id=2700762 via doris-1 rows=10245 [doris-1:f:up doris-2:f:up doris-3:M:up]
19:01:30 #13 OK SELECT id=2700762 via doris-1 rows=10245 [doris-1:f:up doris-2:f:up doris-3:M:up]
19:01:31 #14 OK DELETE id=2700762 via doris-1 rows=10243 [doris-1:f:up doris-2:f:up doris-3:M:up]
19:01:32 #15 OK SELECT id=2700762 via doris-1 rows=10243 [doris-1:f:up doris-2:f:up doris-3:M:up]
19:01:33 #16 OK INSERT id=2700763 via doris-1 rows=10245 [doris-1:f:up doris-2:f:up doris-3:M:up]
19:01:34 #17 OK UPSERT id=2700763 via doris-1 rows=10245 [doris-1:f:up doris-2:f:up doris-3:M:up]
19:01:35 #18 OK SELECT id=2700763 via doris-1 rows=10245 [doris-1:f:up doris-2:f:up doris-3:M:up]
19:01:36 #19 OK DELETE id=2700763 via doris-1 rows=10243 [doris-1:f:up doris-2:f:up doris-3:M:up]
19:01:37 #20 OK SELECT id=2700763 via doris-1 rows=10243 [doris-1:f:up doris-2:f:up doris-3:M:up]
19:01:38 #21 OK INSERT id=2700764 via doris-1 rows=10245 [doris-1:f:up doris-2:f:up doris-3:M:up]
19:01:39 #22 OK UPSERT id=2700764 via doris-1 rows=10245 [doris-1:f:up doris-2:f:up doris-3:M:up]
19:01:40 #23 OK SELECT id=2700764 via doris-1 rows=10245 [doris-1:f:up doris-2:f:up doris-3:M:up]
19:01:41 #24 OK DELETE id=2700764 via doris-1 rows=10243 [doris-1:f:up doris-2:f:up doris-3:M:up]
19:01:43 #25 OK SELECT id=2700764 via doris-1 rows=10243 [doris-1:f:up doris-2:f:up doris-3:M:up]
19:01:44 #26 OK INSERT id=2700765 via doris-1 rows=10245 [doris-1:f:up doris-2:f:up doris-3:M:up]
19:01:45 #27 OK UPSERT id=2700765 via doris-1 rows=10245 [doris-1:f:up doris-2:f:up doris-3:M:up]
19:01:46 #28 OK SELECT id=2700765 via doris-1 rows=10245 [doris-1:f:up doris-2:f:up doris-3:M:up]
19:01:47 #29 OK DELETE id=2700765 via doris-1 rows=10243 [doris-1:f:up doris-2:f:up doris-3:M:up]
19:01:48 #30 OK SELECT id=2700765 via doris-1 rows=10243 [doris-1:f:up doris-2:f:up doris-3:M:up]
19:01:49 #31 OK INSERT id=2700766 via doris-1 rows=10245 [doris-1:f:up doris-2:f:up doris-3:M:up]
19:01:50 EVENT break: vm stop on doris-1 (FE follower)
19:01:50 #32 OK UPSERT id=2700766 via doris-1 rows=10245 [doris-1:f:up doris-2:f:up doris-3:M:up]
19:01:51 #33 OK SELECT id=2700766 via doris-1 rows=10245 [doris-1:f:up doris-2:f:up doris-3:M:up]
19:01:52 #34 OK DELETE id=2700766 via doris-1 rows=10243 [doris-1:f:up doris-2:f:up doris-3:M:up]
19:01:56 #35 FAIL SELECT id=2700766 via doris-1: CommunicationsException: Communications link failure  The last packet successfully received from the server was 1,022 milliseconds ago.
19:02:08 connected to doris-1 (driver-selected host)
19:02:13 #36 OK INSERT id=2700767 via doris-1 rows=10244 [doris-1:f:DOWN doris-2:f:up doris-3:M:up] (recovered)
19:02:14 #37 OK UPSERT id=2700767 via doris-1 rows=10244 [doris-1:f:DOWN doris-2:f:up doris-3:M:up]
19:02:14 EVENT break: doris-1 is down
19:02:15 #38 OK SELECT id=2700767 via doris-1 rows=10244 [doris-1:f:DOWN doris-2:f:up doris-3:M:up]
19:02:16 #39 OK DELETE id=2700767 via doris-1 rows=10243 [doris-1:f:DOWN doris-2:f:up doris-3:M:up]
19:02:17 #40 OK SELECT id=2700767 via doris-1 rows=10243 [doris-1:f:DOWN doris-2:f:up doris-3:M:up]
19:02:18 #41 OK INSERT id=2700768 via doris-1 rows=10244 [doris-1:f:DOWN doris-2:f:up doris-3:M:up]
19:02:19 #42 OK UPSERT id=2700768 via doris-1 rows=10244 [doris-1:f:DOWN doris-2:f:up doris-3:M:up]
19:02:20 #43 OK SELECT id=2700768 via doris-1 rows=10244 [doris-1:f:DOWN doris-2:f:up doris-3:M:up]
19:02:21 #44 OK DELETE id=2700768 via doris-1 rows=10243 [doris-1:f:DOWN doris-2:f:up doris-3:M:up]
19:02:22 #45 OK SELECT id=2700768 via doris-1 rows=10244 [doris-1:f:DOWN doris-2:f:up doris-3:M:up]
19:02:23 #46 OK INSERT id=2700769 via doris-1 rows=10245 [doris-1:f:DOWN doris-2:f:up doris-3:M:up]
19:02:24 #47 OK UPSERT id=2700769 via doris-1 rows=10245 [doris-1:f:DOWN doris-2:f:up doris-3:M:up]
19:02:26 #48 OK SELECT id=2700769 via doris-1 rows=10244 [doris-1:f:DOWN doris-2:f:up doris-3:M:up]
19:02:27 #49 OK DELETE id=2700769 via doris-1 rows=10243 [doris-1:f:DOWN doris-2:f:up doris-3:M:up]
19:02:28 #50 OK SELECT id=2700769 via doris-1 rows=10244 [doris-1:f:DOWN doris-2:f:up doris-3:M:up]
19:02:29 #51 OK INSERT id=2700770 via doris-1 rows=10245 [doris-1:f:DOWN doris-2:f:up doris-3:M:up]
19:02:33 #52 OK UPSERT id=2700770 via doris-1 rows=10244 [doris-1:f:DOWN doris-2:f:up doris-3:M:up]
19:02:34 #53 OK SELECT id=2700770 via doris-1 rows=10245 [doris-1:f:DOWN doris-2:f:up doris-3:M:up]
19:02:35 #54 OK DELETE id=2700770 via doris-1 rows=10244 [doris-1:f:DOWN doris-2:f:up doris-3:M:up]
19:02:36 #55 OK SELECT id=2700770 via doris-1 rows=10244 [doris-1:f:DOWN doris-2:f:up doris-3:M:up]
19:02:37 #56 OK INSERT id=2700771 via doris-1 rows=10244 [doris-1:f:DOWN doris-2:f:up doris-3:M:up]
19:02:38 #57 OK UPSERT id=2700771 via doris-1 rows=10244 [doris-1:f:DOWN doris-2:f:up doris-3:M:up]
19:02:39 #58 OK SELECT id=2700771 via doris-1 rows=10245 [doris-1:f:DOWN doris-2:f:up doris-3:M:up]
19:02:40 #59 OK DELETE id=2700771 via doris-1 rows=10244 [doris-1:f:DOWN doris-2:f:up doris-3:M:up]
19:02:41 #60 OK SELECT id=2700771 via doris-1 rows=10244 [doris-1:f:DOWN doris-2:f:up doris-3:M:up]
19:02:42 #61 OK INSERT id=2700772 via doris-1 rows=10244 [doris-1:f:DOWN doris-2:f:up doris-3:M:up]
19:02:43 #62 OK UPSERT id=2700772 via doris-1 rows=10244 [doris-1:f:DOWN doris-2:f:up doris-3:M:up]
19:02:44 #63 OK SELECT id=2700772 via doris-1 rows=10245 [doris-1:f:DOWN doris-2:f:up doris-3:M:up]
19:02:45 #64 OK DELETE id=2700772 via doris-1 rows=10244 [doris-1:f:DOWN doris-2:f:up doris-3:M:up]
19:02:47 #65 OK SELECT id=2700772 via doris-1 rows=10244 [doris-1:f:DOWN doris-2:f:up doris-3:M:up]
19:02:48 #66 OK INSERT id=2700773 via doris-1 rows=10244 [doris-1:f:DOWN doris-2:f:up doris-3:M:up]
19:02:49 #67 OK UPSERT id=2700773 via doris-1 rows=10244 [doris-1:f:DOWN doris-2:f:up doris-3:M:up]
19:02:49 EVENT break: be dead on doris-2 (FE follower)
19:02:53 #68 OK SELECT id=2700773 via doris-1 rows=10245 [doris-1:f:DOWN doris-2:f:up doris-3:M:up]
19:02:54 #69 OK DELETE id=2700773 via doris-1 rows=10243 [doris-1:f:DOWN doris-2:f:up doris-3:M:up]
19:02:55 #70 OK SELECT id=2700773 via doris-1 rows=10244 [doris-1:f:DOWN doris-2:f:up doris-3:M:up]
19:02:56 #71 FAIL INSERT id=2700774 via doris-1: SQLException: errCode = 2, detailMessage = (10.140.0.4)[INTERNAL_ERROR]failed to open DeltaWriter 1789045666396: failed to w
19:02:59 #71 OK SELECT(check) id=1 via doris-2
19:03:03 connected to doris-2 (driver-selected host)
19:03:03 #72 FAIL INSERT id=2700775 via doris-2: SQLException: send fragments failed. io.grpc.StatusRuntimeException: UNAVAILABLE: io exception, host: 10.140.0.3
19:03:06 #72 OK SELECT(check) id=1 via doris-2
19:03:10 connected to doris-2 (driver-selected host)
19:03:10 #73 FAIL INSERT id=2700776 via doris-2: SQLException: send fragments failed. io.grpc.StatusRuntimeException: UNAVAILABLE: io exception, host: 10.140.0.3
19:03:13 #73 FAIL SELECT(check) id=1 via doris-2: SQLException: RpcException, msg: send fragments failed. io.grpc.StatusRuntimeException: UNAVAILABLE: io 
19:03:17 connected to doris-2 (driver-selected host)
19:03:17 #74 FAIL INSERT id=2700777 via doris-2: SQLException: errCode = 2, detailMessage = (10.140.0.4)[INTERNAL_ERROR]failed to open DeltaWriter 1789045666396: failed to w
19:03:20 #74 OK SELECT(check) id=1 via doris-2
19:03:24 connected to doris-2 (driver-selected host)
19:03:24 #75 FAIL INSERT id=2700778 via doris-2: SQLException: errCode = 2, detailMessage = errCode = 3, detailMessage = tablet 1789045666396 alive replica num 1 < load requ
19:03:27 #75 OK SELECT(check) id=1 via doris-2
19:03:31 connected to doris-2 (driver-selected host)
19:03:31 #76 FAIL INSERT id=2700779 via doris-2: SQLException: errCode = 2, detailMessage = errCode = 3, detailMessage = tablet 1789045666396 alive replica num 1 < load requ
19:03:32 EVENT break: fe dead on doris-3 (FE master)
19:03:34 #76 FAIL SELECT(check) id=1 via -: SQLException: ForwardToMasterException, msg: forward to master FE TNetworkAddress(hostname:10.140.0.4, p
19:03:38 #77 FAIL INSERT id=2700780 via doris-2: SQLException: Exception, msg: Failed to get master client.
19:03:41 #77 FAIL SELECT(check) id=1 via -: SQLException: Exception, msg: Failed to get master client.
19:03:45 #78 FAIL INSERT id=2700781 via doris-2: SQLException: Exception, msg: Failed to get master client.
19:03:48 #78 FAIL SELECT(check) id=1 via -: SQLException: Exception, msg: Failed to get master client.
19:03:52 #79 FAIL INSERT id=2700782 via doris-2: SQLException: Exception, msg: Failed to get master client.
19:03:56 #79 FAIL SELECT(check) id=1 via -: SQLException: Exception, msg: Failed to get master client.
19:04:00 #80 FAIL INSERT id=2700783 via doris-2: SQLException: Exception, msg: Failed to get master client.
19:04:03 #80 FAIL SELECT(check) id=1 via -: SQLException: Exception, msg: Failed to get master client.
19:04:07 #81 FAIL INSERT id=2700784 via doris-2: SQLException: Exception, msg: Failed to get master client.
19:04:10 #81 FAIL SELECT(check) id=1 via -: SQLException: Exception, msg: Failed to get master client.
19:04:14 #82 FAIL INSERT id=2700785 via doris-2: SQLException: Exception, msg: Failed to get master client.
19:04:17 #82 FAIL SELECT(check) id=1 via -: SQLException: Exception, msg: Failed to get master client.
19:04:21 #83 FAIL INSERT id=2700786 via doris-2: SQLException: Exception, msg: Failed to get master client.
19:04:24 #83 FAIL SELECT(check) id=1 via -: SQLException: Exception, msg: Failed to get master client.
19:04:28 #84 FAIL INSERT id=2700787 via doris-2: SQLException: Exception, msg: Failed to get master client.
19:04:31 #84 FAIL SELECT(check) id=1 via -: SQLException: Exception, msg: Failed to get master client.
19:04:35 #85 FAIL INSERT id=2700788 via doris-2: SQLException: Exception, msg: Failed to get master client.
19:04:38 #85 FAIL SELECT(check) id=1 via -: SQLException: Exception, msg: Failed to get master client.
19:04:42 #86 FAIL INSERT id=2700789 via doris-2: SQLException: Exception, msg: Failed to get master client.
19:04:45 #86 FAIL SELECT(check) id=1 via -: SQLException: Exception, msg: Failed to get master client.
19:04:49 #87 FAIL INSERT id=2700790 via doris-2: SQLException: Exception, msg: Failed to get master client.
19:04:52 #87 FAIL SELECT(check) id=1 via -: SQLException: Exception, msg: Failed to get master client.
19:04:56 #88 FAIL INSERT id=2700791 via doris-2: SQLException: Exception, msg: Failed to get master client.
19:04:59 #88 FAIL SELECT(check) id=1 via -: SQLException: Exception, msg: Failed to get master client.
19:05:03 #89 FAIL INSERT id=2700792 via doris-2: SQLException: Exception, msg: Failed to get master client.
19:05:06 #89 FAIL SELECT(check) id=1 via -: SQLException: Exception, msg: Failed to get master client.
19:05:10 #90 FAIL INSERT id=2700793 via doris-2: SQLException: Exception, msg: Failed to get master client.
19:05:13 #90 FAIL SELECT(check) id=1 via -: SQLException: Exception, msg: Failed to get master client.
19:05:17 #91 FAIL INSERT id=2700794 via doris-2: SQLException: Exception, msg: Failed to get master client.
19:05:20 #91 FAIL SELECT(check) id=1 via -: SQLException: Exception, msg: Failed to get master client.
19:05:21 EVENT restore: systemctl start doris-fe on doris-3
19:05:24 #92 FAIL INSERT id=2700795 via doris-2: SQLException: Exception, msg: Failed to get master client.
19:05:25 EVENT restore: systemctl start doris-be on doris-2
19:05:27 #92 FAIL SELECT(check) id=1 via -: SQLException: Exception, msg: Failed to get master client.
19:05:29 EVENT restore: start doris-1
19:05:31 #93 FAIL INSERT id=2700796 via doris-2: SQLException: Exception, msg: Failed to get master client.
19:05:34 #93 FAIL SELECT(check) id=1 via -: SQLException: Exception, msg: Failed to get master client.
19:05:38 #94 FAIL INSERT id=2700797 via doris-2: SQLException: Exception, msg: Failed to get master client.
19:05:41 #94 FAIL SELECT(check) id=1 via -: SQLException: Exception, msg: Failed to get master client.
19:05:45 #95 FAIL INSERT id=2700798 via doris-2: SQLException: Exception, msg: Failed to get master client.
19:05:48 #95 FAIL SELECT(check) id=1 via -: SQLException: Exception, msg: Failed to get master client.
19:05:49 connected to doris-2 (driver-selected host)
19:05:50 #96 FAIL INSERT id=2700799 via doris-2: SQLException: errCode = 2, detailMessage = errCode = 3, detailMessage = tablet 1789045666396 alive replica num 0 < load requ
19:05:51 #96 FAIL SELECT(check) id=1 via doris-2: SQLException: errCode = 2, detailMessage = tablet 1789045666408 has no queryable replicas. err: replica 
19:05:52 connected to doris-2 (driver-selected host)
19:05:52 #97 FAIL INSERT id=2700800 via doris-2: SQLException: errCode = 2, detailMessage = errCode = 3, detailMessage = tablet 1789045666396 alive replica num 0 < load requ
19:05:52 #97 FAIL SELECT(check) id=1 via doris-2: SQLException: errCode = 2, detailMessage = tablet 1789045666408 has no queryable replicas. err: replica 
19:05:53 connected to doris-2 (driver-selected host)
19:05:53 #98 FAIL INSERT id=2700801 via doris-2: SQLException: errCode = 2, detailMessage = errCode = 3, detailMessage = tablet 1789045666396 alive replica num 0 < load requ
19:05:53 #98 FAIL SELECT(check) id=1 via doris-2: SQLException: errCode = 2, detailMessage = tablet 1789045666408 has no queryable replicas. err: replica 
19:05:54 connected to doris-2 (driver-selected host)
19:05:54 #99 FAIL INSERT id=2700802 via doris-2: SQLException: errCode = 2, detailMessage = errCode = 3, detailMessage = tablet 1789045666396 alive replica num 0 < load requ
19:05:54 #99 FAIL SELECT(check) id=1 via doris-2: SQLException: errCode = 2, detailMessage = tablet 1789045666408 has no queryable replicas. err: replica 
19:05:55 connected to doris-2 (driver-selected host)
19:05:55 #100 FAIL INSERT id=2700803 via doris-2: SQLException: errCode = 2, detailMessage = errCode = 3, detailMessage = tablet 1789045666396 alive replica num 0 < load requ
19:05:55 #100 FAIL SELECT(check) id=1 via doris-2: SQLException: errCode = 2, detailMessage = tablet 1789045666408 has no queryable replicas. err: replica 
19:05:56 connected to doris-2 (driver-selected host)
19:05:56 #101 FAIL INSERT id=2700804 via doris-2: SQLException: errCode = 2, detailMessage = errCode = 3, detailMessage = tablet 1789045666396 alive replica num 0 < load requ
19:05:56 #101 FAIL SELECT(check) id=1 via doris-2: SQLException: errCode = 2, detailMessage = tablet 1789045666408 has no queryable replicas. err: replica 
19:05:57 connected to doris-2 (driver-selected host)
19:05:57 #102 FAIL INSERT id=2700805 via doris-2: SQLException: errCode = 2, detailMessage = errCode = 3, detailMessage = tablet 1789045666396 alive replica num 0 < load requ
19:05:57 #102 FAIL SELECT(check) id=1 via doris-2: SQLException: errCode = 2, detailMessage = tablet 1789045666408 has no queryable replicas. err: replica 
19:05:58 connected to doris-2 (driver-selected host)
19:05:58 #103 FAIL INSERT id=2700806 via doris-2: SQLException: errCode = 2, detailMessage = errCode = 3, detailMessage = tablet 1789045666396 alive replica num 0 < load requ
19:05:58 #103 FAIL SELECT(check) id=1 via doris-2: SQLException: errCode = 2, detailMessage = tablet 1789045666408 has no queryable replicas. err: replica 
19:05:59 connected to doris-2 (driver-selected host)
19:05:59 #104 FAIL INSERT id=2700807 via doris-2: SQLException: errCode = 2, detailMessage = Failed to commit txn 84096, cause tablet 1789045666396 succ replica num 1 < load 
19:06:00 #104 OK SELECT(check) id=1 via doris-2
19:06:01 connected to doris-2 (driver-selected host)
19:06:01 #105 FAIL INSERT id=2700808 via doris-2: SQLException: errCode = 2, detailMessage = Failed to commit txn 84099, cause tablet 1789045666396 succ replica num 1 < load 
19:06:01 #105 OK SELECT(check) id=1 via doris-2
19:06:02 connected to doris-2 (driver-selected host)
19:06:02 #106 FAIL INSERT id=2700809 via doris-2: SQLException: errCode = 2, detailMessage = Failed to commit txn 84101, cause tablet 1789045666396 succ replica num 1 < load 
19:06:02 #106 OK SELECT(check) id=1 via doris-2
19:06:03 connected to doris-2 (driver-selected host)
19:06:03 #107 FAIL INSERT id=2700810 via doris-2: SQLException: errCode = 2, detailMessage = Failed to commit txn 84103, cause tablet 1789045666396 succ replica num 1 < load 
19:06:03 #107 OK SELECT(check) id=1 via doris-2
19:06:04 connected to doris-2 (driver-selected host)
19:06:04 #108 FAIL INSERT id=2700811 via doris-2: SQLException: errCode = 2, detailMessage = Failed to commit txn 84104, cause tablet 1789045666396 succ replica num 1 < load 
19:06:04 #108 OK SELECT(check) id=1 via doris-2
19:06:05 connected to doris-2 (driver-selected host)
19:06:05 #109 FAIL INSERT id=2700812 via doris-2: SQLException: errCode = 2, detailMessage = Failed to commit txn 84106, cause tablet 1789045666396 succ replica num 1 < load 
19:06:05 #109 OK SELECT(check) id=1 via doris-2
19:06:08 connected to doris-1 (driver-selected host)
19:06:08 #110 FAIL INSERT id=2700813 via doris-1: SQLException: errCode = 2, detailMessage = Failed to commit txn 84109, cause tablet 1789045666396 succ replica num 1 < load 
19:06:08 #110 OK SELECT(check) id=1 via doris-1
19:06:09 connected to doris-1 (driver-selected host)
19:06:10 #111 OK INSERT id=2700814 via doris-1 rows=10246 [doris-1:f:up doris-2:f:up doris-3:M:up] (recovered)
19:06:11 #112 OK UPSERT id=2700814 via doris-1 rows=10246 [doris-1:f:up doris-2:f:up doris-3:M:up]
19:06:11 EVENT restore: cluster healthy
19:06:12 #113 OK SELECT id=2700814 via doris-1 rows=10246 [doris-1:f:up doris-2:f:up doris-3:M:up]
19:06:13 #114 OK DELETE id=2700814 via doris-1 rows=10244 [doris-1:f:up doris-2:f:up doris-3:M:up]
19:06:14 #115 OK SELECT id=2700814 via doris-1 rows=10244 [doris-1:f:up doris-2:f:up doris-3:M:up]
19:06:15 #116 OK INSERT id=2700815 via doris-1 rows=10246 [doris-1:f:up doris-2:f:up doris-3:M:up]
19:06:16 #117 OK UPSERT id=2700815 via doris-1 rows=10246 [doris-1:f:up doris-2:f:up doris-3:M:up]
19:06:17 #118 OK SELECT id=2700815 via doris-1 rows=10246 [doris-1:f:up doris-2:f:up doris-3:M:up]
19:06:19 #119 OK DELETE id=2700815 via doris-1 rows=10244 [doris-1:f:up doris-2:f:up doris-3:M:up]
19:06:20 #120 OK SELECT id=2700815 via doris-1 rows=10244 [doris-1:f:up doris-2:f:up doris-3:M:up]
19:06:21 #121 OK INSERT id=2700816 via doris-1 rows=10246 [doris-1:f:up doris-2:f:up doris-3:M:up]
19:06:22 #122 OK UPSERT id=2700816 via doris-1 rows=10246 [doris-1:f:up doris-2:f:up doris-3:M:up]
19:06:23 #123 OK SELECT id=2700816 via doris-1 rows=10246 [doris-1:f:up doris-2:f:up doris-3:M:up]
19:06:24 #124 OK DELETE id=2700816 via doris-1 rows=10244 [doris-1:f:up doris-2:f:up doris-3:M:up]
19:06:25 #125 OK SELECT id=2700816 via doris-1 rows=10244 [doris-1:f:up doris-2:f:up doris-3:M:up]
19:06:26 #126 OK INSERT id=2700817 via doris-1 rows=10246 [doris-1:f:up doris-2:f:up doris-3:M:up]
19:06:27 #127 OK UPSERT id=2700817 via doris-1 rows=10246 [doris-1:f:up doris-2:f:up doris-3:M:up]
19:06:28 #128 OK SELECT id=2700817 via doris-1 rows=10246 [doris-1:f:up doris-2:f:up doris-3:M:up]
19:06:29 #129 OK DELETE id=2700817 via doris-1 rows=10244 [doris-1:f:up doris-2:f:up doris-3:M:up]
19:06:31 #130 OK SELECT id=2700817 via doris-1 rows=10244 [doris-1:f:up doris-2:f:up doris-3:M:up]
19:06:32 #131 OK INSERT id=2700818 via doris-1 rows=10246 [doris-1:f:up doris-2:f:up doris-3:M:up]
19:06:33 #132 OK UPSERT id=2700818 via doris-1 rows=10246 [doris-1:f:up doris-2:f:up doris-3:M:up]
19:06:34 #133 OK SELECT id=2700818 via doris-1 rows=10246 [doris-1:f:up doris-2:f:up doris-3:M:up]
19:06:35 #134 OK DELETE id=2700818 via doris-1 rows=10244 [doris-1:f:up doris-2:f:up doris-3:M:up]
19:06:36 #135 OK SELECT id=2700818 via doris-1 rows=10244 [doris-1:f:up doris-2:f:up doris-3:M:up]
19:06:37 #136 OK INSERT id=2700819 via doris-1 rows=10246 [doris-1:f:up doris-2:f:up doris-3:M:up]
19:06:38 #137 OK UPSERT id=2700819 via doris-1 rows=10246 [doris-1:f:up doris-2:f:up doris-3:M:up]
19:06:39 #138 OK SELECT id=2700819 via doris-1 rows=10246 [doris-1:f:up doris-2:f:up doris-3:M:up]
