19:34:48 PROBE start proto=arrow-flight hosts=doris-1,doris-2,doris-3 duration=86400s cycle=INSERT>UPSERT>SELECT>DELETE>SELECT
19:34:48 connected to doris-1 (10.140.0.2)
19:34:48 DML unsupported over arrow-flight (InternalError: RuntimeException, msg: getMysqlChannel not in mysql connection (Internal; ExecuteQuery)) — switching to SELECT-only mode
19:34:48 #1 OK SELECT id=3720880 via doris-1 rows=10265 [doris-1:f:up doris-2:M:up doris-3:f:up]
19:34:49 #2 OK SELECT id=3720880 via doris-1 rows=10266 [doris-1:f:up doris-2:M:up doris-3:f:up]
19:34:50 #3 OK SELECT id=3720880 via doris-1 rows=10266 [doris-1:f:up doris-2:M:up doris-3:f:up]
19:34:51 #4 OK SELECT id=3720880 via doris-1 rows=10265 [doris-1:f:up doris-2:M:up doris-3:f:up]
19:34:52 #5 OK SELECT id=3720880 via doris-1 rows=10264 [doris-1:f:up doris-2:M:up doris-3:f:up]
19:34:53 #6 OK SELECT id=3720880 via doris-1 rows=10265 [doris-1:f:up doris-2:M:up doris-3:f:up]
19:34:54 #7 OK SELECT id=3720880 via doris-1 rows=10266 [doris-1:f:up doris-2:M:up doris-3:f:up]
19:34:55 #8 OK SELECT id=3720880 via doris-1 rows=10266 [doris-1:f:up doris-2:M:up doris-3:f:up]
19:34:56 #9 OK SELECT id=3720880 via doris-1 rows=10266 [doris-1:f:up doris-2:M:up doris-3:f:up]
19:34:57 #10 OK SELECT id=3720880 via doris-1 rows=10264 [doris-1:f:up doris-2:M:up doris-3:f:up]
19:34:58 #11 OK SELECT id=3720880 via doris-1 rows=10265 [doris-1:f:up doris-2:M:up doris-3:f:up]
19:34:59 #12 OK SELECT id=3720880 via doris-1 rows=10266 [doris-1:f:up doris-2:M:up doris-3:f:up]
19:35:00 #13 OK SELECT id=3720880 via doris-1 rows=10266 [doris-1:f:up doris-2:M:up doris-3:f:up]
19:35:02 #14 OK SELECT id=3720880 via doris-1 rows=10266 [doris-1:f:up doris-2:M:up doris-3:f:up]
19:35:03 #15 OK SELECT id=3720880 via doris-1 rows=10264 [doris-1:f:up doris-2:M:up doris-3:f:up]
19:35:04 #16 OK SELECT id=3720880 via doris-1 rows=10264 [doris-1:f:up doris-2:M:up doris-3:f:up]
19:35:05 #17 OK SELECT id=3720880 via doris-1 rows=10266 [doris-1:f:up doris-2:M:up doris-3:f:up]
19:35:06 #18 OK SELECT id=3720880 via doris-1 rows=10266 [doris-1:f:up doris-2:M:up doris-3:f:up]
19:35:07 #19 OK SELECT id=3720880 via doris-1 rows=10266 [doris-1:f:up doris-2:M:up doris-3:f:up]
19:35:08 #20 OK SELECT id=3720880 via doris-1 rows=10264 [doris-1:f:up doris-2:M:up doris-3:f:up]
19:35:09 #21 OK SELECT id=3720880 via doris-1 rows=10264 [doris-1:f:up doris-2:M:up doris-3:f:up]
19:35:10 #22 OK SELECT id=3720880 via doris-1 rows=10266 [doris-1:f:up doris-2:M:up doris-3:f:up]
19:35:11 #23 OK SELECT id=3720880 via doris-1 rows=10266 [doris-1:f:up doris-2:M:up doris-3:f:up]
19:35:12 #24 OK SELECT id=3720880 via doris-1 rows=10266 [doris-1:f:up doris-2:M:up doris-3:f:up]
19:35:13 #25 OK SELECT id=3720880 via doris-1 rows=10264 [doris-1:f:up doris-2:M:up doris-3:f:up]
19:35:14 #26 OK SELECT id=3720880 via doris-1 rows=10264 [doris-1:f:up doris-2:M:up doris-3:f:up]
19:35:15 #27 OK SELECT id=3720880 via doris-1 rows=10266 [doris-1:f:up doris-2:M:up doris-3:f:up]
19:35:16 #28 OK SELECT id=3720880 via doris-1 rows=10266 [doris-1:f:up doris-2:M:up doris-3:f:up]
19:35:17 #29 OK SELECT id=3720880 via doris-1 rows=10266 [doris-1:f:up doris-2:M:up doris-3:f:up]
19:35:18 #30 OK SELECT id=3720880 via doris-1 rows=10264 [doris-1:f:up doris-2:M:up doris-3:f:up]
19:35:20 #31 OK SELECT id=3720880 via doris-1 rows=10264 [doris-1:f:up doris-2:M:up doris-3:f:up]
19:35:21 #32 OK SELECT id=3720880 via doris-1 rows=10266 [doris-1:f:up doris-2:M:up doris-3:f:up]
19:35:22 EVENT break: fe hang on doris-2 (FE master)
19:35:22 #33 OK SELECT id=3720880 via doris-1 rows=10266 [doris-1:f:up doris-2:M:up doris-3:f:up]
19:35:23 #34 OK SELECT id=3720880 via doris-1 rows=10266 [doris-1:f:up doris-2:M:up doris-3:f:up]
19:35:32 #35 OK SELECT id=3720880 via doris-1 rows=10265 [?]
19:35:41 #36 OK SELECT id=3720880 via doris-1 rows=10265 [?]
19:35:50 #37 OK SELECT id=3720880 via doris-1 rows=10265 [?]
19:35:59 #38 OK SELECT id=3720880 via doris-1 rows=10265 [?]
19:36:08 #39 OK SELECT id=3720880 via doris-1 rows=10265 [?]
19:36:17 #40 OK SELECT id=3720880 via doris-1 rows=10265 [?]
19:36:26 #41 OK SELECT id=3720880 via doris-1 rows=10265 [?]
19:36:35 #42 OK SELECT id=3720880 via doris-1 rows=10264 [?]
19:36:37 #43 OK SELECT id=3720880 via doris-1 rows=10264 [doris-1:f:up doris-2:f:DOWN doris-3:M:up]
19:36:38 #44 OK SELECT id=3720880 via doris-1 rows=10265 [doris-1:f:up doris-2:f:DOWN doris-3:M:up]
19:36:39 #45 OK SELECT id=3720880 via doris-1 rows=10265 [doris-1:f:up doris-2:f:DOWN doris-3:M:up]
19:36:40 #46 OK SELECT id=3720880 via doris-1 rows=10265 [doris-1:f:up doris-2:f:DOWN doris-3:M:up]
19:36:41 #47 OK SELECT id=3720880 via doris-1 rows=10264 [doris-1:f:up doris-2:f:DOWN doris-3:M:up]
19:36:42 #48 OK SELECT id=3720880 via doris-1 rows=10264 [doris-1:f:up doris-2:f:DOWN doris-3:M:up]
19:36:44 #49 OK SELECT id=3720880 via doris-1 rows=10265 [doris-1:f:up doris-2:f:DOWN doris-3:M:up]
19:36:45 #50 OK SELECT id=3720880 via doris-1 rows=10265 [doris-1:f:up doris-2:f:DOWN doris-3:M:up]
19:36:46 #51 OK SELECT id=3720880 via doris-1 rows=10265 [doris-1:f:up doris-2:f:DOWN doris-3:M:up]
19:36:47 #52 OK SELECT id=3720880 via doris-1 rows=10264 [doris-1:f:up doris-2:f:DOWN doris-3:M:up]
19:36:48 #53 OK SELECT id=3720880 via doris-1 rows=10265 [doris-1:f:up doris-2:f:DOWN doris-3:M:up]
19:36:49 #54 OK SELECT id=3720880 via doris-1 rows=10266 [doris-1:f:up doris-2:f:DOWN doris-3:M:up]
19:36:50 #55 OK SELECT id=3720880 via doris-1 rows=10266 [doris-1:f:up doris-2:f:DOWN doris-3:M:up]
19:36:51 #56 OK SELECT id=3720880 via doris-1 rows=10265 [doris-1:f:up doris-2:f:DOWN doris-3:M:up]
19:36:52 #57 OK SELECT id=3720880 via doris-1 rows=10264 [doris-1:f:up doris-2:f:DOWN doris-3:M:up]
19:36:53 #58 OK SELECT id=3720880 via doris-1 rows=10265 [doris-1:f:up doris-2:f:DOWN doris-3:M:up]
19:36:54 #59 OK SELECT id=3720880 via doris-1 rows=10266 [doris-1:f:up doris-2:f:DOWN doris-3:M:up]
19:36:55 #60 OK SELECT id=3720880 via doris-1 rows=10266 [doris-1:f:up doris-2:f:DOWN doris-3:M:up]
19:36:56 #61 OK SELECT id=3720880 via doris-1 rows=10265 [doris-1:f:up doris-2:f:DOWN doris-3:M:up]
19:36:57 #62 OK SELECT id=3720880 via doris-1 rows=10264 [doris-1:f:up doris-2:f:DOWN doris-3:M:up]
19:36:58 #63 OK SELECT id=3720880 via doris-1 rows=10265 [doris-1:f:up doris-2:f:DOWN doris-3:M:up]
19:36:59 #64 OK SELECT id=3720880 via doris-1 rows=10266 [doris-1:f:up doris-2:f:DOWN doris-3:M:up]
19:37:00 #65 OK SELECT id=3720880 via doris-1 rows=10266 [doris-1:f:up doris-2:f:DOWN doris-3:M:up]
19:37:01 #66 OK SELECT id=3720880 via doris-1 rows=10265 [doris-1:f:up doris-2:f:DOWN doris-3:M:up]
19:37:02 #67 OK SELECT id=3720880 via doris-1 rows=10264 [doris-1:f:up doris-2:f:DOWN doris-3:M:up]
19:37:04 #68 OK SELECT id=3720880 via doris-1 rows=10265 [doris-1:f:up doris-2:f:DOWN doris-3:M:up]
19:37:05 #69 OK SELECT id=3720880 via doris-1 rows=10266 [doris-1:f:up doris-2:f:DOWN doris-3:M:up]
19:37:06 #70 OK SELECT id=3720880 via doris-1 rows=10266 [doris-1:f:up doris-2:f:DOWN doris-3:M:up]
19:37:07 #71 OK SELECT id=3720880 via doris-1 rows=10265 [doris-1:f:up doris-2:f:DOWN doris-3:M:up]
19:37:08 #72 OK SELECT id=3720880 via doris-1 rows=10264 [doris-1:f:up doris-2:f:DOWN doris-3:M:up]
19:37:09 #73 OK SELECT id=3720880 via doris-1 rows=10265 [doris-1:f:up doris-2:f:DOWN doris-3:M:up]
19:37:10 #74 OK SELECT id=3720880 via doris-1 rows=10266 [doris-1:f:up doris-2:f:DOWN doris-3:M:up]
19:37:11 #75 OK SELECT id=3720880 via doris-1 rows=10266 [doris-1:f:up doris-2:f:DOWN doris-3:M:up]
19:37:12 #76 OK SELECT id=3720880 via doris-1 rows=10265 [doris-1:f:up doris-2:f:DOWN doris-3:M:up]
19:37:13 #77 OK SELECT id=3720880 via doris-1 rows=10265 [doris-1:f:up doris-2:f:DOWN doris-3:M:up]
19:37:14 #78 OK SELECT id=3720880 via doris-1 rows=10265 [doris-1:f:up doris-2:f:DOWN doris-3:M:up]
19:37:15 #79 OK SELECT id=3720880 via doris-1 rows=10265 [doris-1:f:up doris-2:f:DOWN doris-3:M:up]
19:37:16 #80 OK SELECT id=3720880 via doris-1 rows=10266 [doris-1:f:up doris-2:f:DOWN doris-3:M:up]
19:37:17 #81 OK SELECT id=3720880 via doris-1 rows=10265 [doris-1:f:up doris-2:f:DOWN doris-3:M:up]
19:37:18 #82 OK SELECT id=3720880 via doris-1 rows=10265 [doris-1:f:up doris-2:f:DOWN doris-3:M:up]
19:37:19 #83 OK SELECT id=3720880 via doris-1 rows=10265 [doris-1:f:up doris-2:f:DOWN doris-3:M:up]
19:37:20 #84 OK SELECT id=3720880 via doris-1 rows=10265 [doris-1:f:up doris-2:f:DOWN doris-3:M:up]
19:37:21 #85 OK SELECT id=3720880 via doris-1 rows=10266 [doris-1:f:up doris-2:f:DOWN doris-3:M:up]
19:37:23 #86 OK SELECT id=3720880 via doris-1 rows=10265 [doris-1:f:up doris-2:f:DOWN doris-3:M:up]
19:37:24 #87 OK SELECT id=3720880 via doris-1 rows=10265 [doris-1:f:up doris-2:f:DOWN doris-3:M:up]
19:37:25 #88 OK SELECT id=3720880 via doris-1 rows=10265 [doris-1:f:up doris-2:f:DOWN doris-3:M:up]
19:37:26 #89 OK SELECT id=3720880 via doris-1 rows=10265 [doris-1:f:up doris-2:f:DOWN doris-3:M:up]
19:37:27 #90 OK SELECT id=3720880 via doris-1 rows=10266 [doris-1:f:up doris-2:f:DOWN doris-3:M:up]
19:37:28 #91 OK SELECT id=3720880 via doris-1 rows=10265 [doris-1:f:up doris-2:f:DOWN doris-3:M:up]
19:37:29 #92 OK SELECT id=3720880 via doris-1 rows=10265 [doris-1:f:up doris-2:f:DOWN doris-3:M:up]
19:37:30 #93 OK SELECT id=3720880 via doris-1 rows=10265 [doris-1:f:up doris-2:f:DOWN doris-3:M:up]
19:37:31 #94 OK SELECT id=3720880 via doris-1 rows=10265 [doris-1:f:up doris-2:f:DOWN doris-3:M:up]
19:37:31 EVENT restore: resume fe on doris-2
19:37:32 #95 OK SELECT id=3720880 via doris-1 rows=10266 [doris-1:f:up doris-2:f:DOWN doris-3:M:up]
19:37:33 #96 OK SELECT id=3720880 via doris-1 rows=10265 [doris-1:f:up doris-2:f:DOWN doris-3:M:up]
19:37:34 #97 OK SELECT id=3720880 via doris-1 rows=10265 [doris-1:f:up doris-2:f:up doris-3:M:up]
19:37:35 #98 OK SELECT id=3720880 via doris-1 rows=10265 [doris-1:f:up doris-2:f:up doris-3:M:up]
19:37:36 #99 OK SELECT id=3720880 via doris-1 rows=10265 [doris-1:f:up doris-2:f:up doris-3:M:up]
19:37:36 EVENT restore: cluster healthy
19:37:37 #100 OK SELECT id=3720880 via doris-1 rows=10266 [doris-1:f:up doris-2:f:up doris-3:M:up]
19:37:38 #101 OK SELECT id=3720880 via doris-1 rows=10265 [doris-1:f:up doris-2:f:up doris-3:M:up]
19:37:39 #102 OK SELECT id=3720880 via doris-1 rows=10265 [doris-1:f:up doris-2:f:up doris-3:M:up]
19:37:40 #103 OK SELECT id=3720880 via doris-1 rows=10265 [doris-1:f:up doris-2:f:up doris-3:M:up]
19:37:42 #104 OK SELECT id=3720880 via doris-1 rows=10265 [doris-1:f:up doris-2:f:up doris-3:M:up]
19:37:43 #105 OK SELECT id=3720880 via doris-1 rows=10266 [doris-1:f:up doris-2:f:up doris-3:M:up]
19:37:44 #106 OK SELECT id=3720880 via doris-1 rows=10265 [doris-1:f:up doris-2:f:up doris-3:M:up]
19:37:45 #107 OK SELECT id=3720880 via doris-1 rows=10265 [doris-1:f:up doris-2:f:up doris-3:M:up]
19:37:46 #108 OK SELECT id=3720880 via doris-1 rows=10265 [doris-1:f:up doris-2:f:up doris-3:M:up]
19:37:47 #109 OK SELECT id=3720880 via doris-1 rows=10265 [doris-1:f:up doris-2:f:up doris-3:M:up]
19:37:48 #110 OK SELECT id=3720880 via doris-1 rows=10266 [doris-1:f:up doris-2:f:up doris-3:M:up]
19:37:49 #111 OK SELECT id=3720880 via doris-1 rows=10265 [doris-1:f:up doris-2:f:up doris-3:M:up]
19:37:50 #112 OK SELECT id=3720880 via doris-1 rows=10265 [doris-1:f:up doris-2:f:up doris-3:M:up]
19:37:51 #113 OK SELECT id=3720880 via doris-1 rows=10265 [doris-1:f:up doris-2:f:up doris-3:M:up]
19:37:52 #114 OK SELECT id=3720880 via doris-1 rows=10265 [doris-1:f:up doris-2:f:up doris-3:M:up]
19:37:53 #115 OK SELECT id=3720880 via doris-1 rows=10266 [doris-1:f:up doris-2:f:up doris-3:M:up]
19:37:54 #116 OK SELECT id=3720880 via doris-1 rows=10265 [doris-1:f:up doris-2:f:up doris-3:M:up]
19:37:55 #117 OK SELECT id=3720880 via doris-1 rows=10265 [doris-1:f:up doris-2:f:up doris-3:M:up]
19:37:56 #118 OK SELECT id=3720880 via doris-1 rows=10265 [doris-1:f:up doris-2:f:up doris-3:M:up]
19:37:57 #119 OK SELECT id=3720880 via doris-1 rows=10265 [doris-1:f:up doris-2:f:up doris-3:M:up]
19:37:58 #120 OK SELECT id=3720880 via doris-1 rows=10266 [doris-1:f:up doris-2:f:up doris-3:M:up]
19:37:59 #121 OK SELECT id=3720880 via doris-1 rows=10265 [doris-1:f:up doris-2:f:up doris-3:M:up]
19:38:01 #122 OK SELECT id=3720880 via doris-1 rows=10265 [doris-1:f:up doris-2:f:up doris-3:M:up]
19:38:02 #123 OK SELECT id=3720880 via doris-1 rows=10265 [doris-1:f:up doris-2:f:up doris-3:M:up]
19:38:03 #124 OK SELECT id=3720880 via doris-1 rows=10265 [doris-1:f:up doris-2:f:up doris-3:M:up]
19:38:04 #125 OK SELECT id=3720880 via doris-1 rows=10266 [doris-1:f:up doris-2:f:up doris-3:M:up]
19:38:05 #126 OK SELECT id=3720880 via doris-1 rows=10265 [doris-1:f:up doris-2:f:up doris-3:M:up]
19:38:06 #127 OK SELECT id=3720880 via doris-1 rows=10265 [doris-1:f:up doris-2:f:up doris-3:M:up]
