19:34:48 PROBE start proto=jdbc hosts=doris-1,doris-2,doris-3 duration=86400s cycle=INSERT>UPSERT>SELECT>DELETE>SELECT url=jdbc:mysql://10.140.0.2:9030,10.140.0.3:9030,10.140.0.4:9030/hatest
19:34:48 connected to doris-1 (driver-selected host)
19:34:48 #1 OK INSERT id=2720880 via doris-1 rows=10266 [doris-1:f:up doris-2:M:up doris-3:f:up]
19:34:49 #2 OK UPSERT id=2720880 via doris-1 rows=10266 [doris-1:f:up doris-2:M:up doris-3:f:up]
19:34:50 #3 OK SELECT id=2720880 via doris-1 rows=10266 [doris-1:f:up doris-2:M:up doris-3:f:up]
19:34:52 #4 OK DELETE id=2720880 via doris-1 rows=10264 [doris-1:f:up doris-2:M:up doris-3:f:up]
19:34:53 #5 OK SELECT id=2720880 via doris-1 rows=10264 [doris-1:f:up doris-2:M:up doris-3:f:up]
19:34:54 #6 OK INSERT id=2720881 via doris-1 rows=10266 [doris-1:f:up doris-2:M:up doris-3:f:up]
19:34:55 #7 OK UPSERT id=2720881 via doris-1 rows=10266 [doris-1:f:up doris-2:M:up doris-3:f:up]
19:34:56 #8 OK SELECT id=2720881 via doris-1 rows=10266 [doris-1:f:up doris-2:M:up doris-3:f:up]
19:34:57 #9 OK DELETE id=2720881 via doris-1 rows=10264 [doris-1:f:up doris-2:M:up doris-3:f:up]
19:34:58 #10 OK SELECT id=2720881 via doris-1 rows=10264 [doris-1:f:up doris-2:M:up doris-3:f:up]
19:34:59 #11 OK INSERT id=2720882 via doris-1 rows=10266 [doris-1:f:up doris-2:M:up doris-3:f:up]
19:35:00 #12 OK UPSERT id=2720882 via doris-1 rows=10266 [doris-1:f:up doris-2:M:up doris-3:f:up]
19:35:01 #13 OK SELECT id=2720882 via doris-1 rows=10266 [doris-1:f:up doris-2:M:up doris-3:f:up]
19:35:02 #14 OK DELETE id=2720882 via doris-1 rows=10264 [doris-1:f:up doris-2:M:up doris-3:f:up]
19:35:03 #15 OK SELECT id=2720882 via doris-1 rows=10264 [doris-1:f:up doris-2:M:up doris-3:f:up]
19:35:04 #16 OK INSERT id=2720883 via doris-1 rows=10266 [doris-1:f:up doris-2:M:up doris-3:f:up]
19:35:05 #17 OK UPSERT id=2720883 via doris-1 rows=10266 [doris-1:f:up doris-2:M:up doris-3:f:up]
19:35:07 #18 OK SELECT id=2720883 via doris-1 rows=10266 [doris-1:f:up doris-2:M:up doris-3:f:up]
19:35:08 #19 OK DELETE id=2720883 via doris-1 rows=10264 [doris-1:f:up doris-2:M:up doris-3:f:up]
19:35:09 #20 OK SELECT id=2720883 via doris-1 rows=10264 [doris-1:f:up doris-2:M:up doris-3:f:up]
19:35:10 #21 OK INSERT id=2720884 via doris-1 rows=10266 [doris-1:f:up doris-2:M:up doris-3:f:up]
19:35:11 #22 OK UPSERT id=2720884 via doris-1 rows=10266 [doris-1:f:up doris-2:M:up doris-3:f:up]
19:35:12 #23 OK SELECT id=2720884 via doris-1 rows=10266 [doris-1:f:up doris-2:M:up doris-3:f:up]
19:35:13 #24 OK DELETE id=2720884 via doris-1 rows=10264 [doris-1:f:up doris-2:M:up doris-3:f:up]
19:35:14 #25 OK SELECT id=2720884 via doris-1 rows=10264 [doris-1:f:up doris-2:M:up doris-3:f:up]
19:35:15 #26 OK INSERT id=2720885 via doris-1 rows=10266 [doris-1:f:up doris-2:M:up doris-3:f:up]
19:35:16 #27 OK UPSERT id=2720885 via doris-1 rows=10266 [doris-1:f:up doris-2:M:up doris-3:f:up]
19:35:17 #28 OK SELECT id=2720885 via doris-1 rows=10266 [doris-1:f:up doris-2:M:up doris-3:f:up]
19:35:18 #29 OK DELETE id=2720885 via doris-1 rows=10264 [doris-1:f:up doris-2:M:up doris-3:f:up]
19:35:19 #30 OK SELECT id=2720885 via doris-1 rows=10264 [doris-1:f:up doris-2:M:up doris-3:f:up]
19:35:20 #31 OK INSERT id=2720886 via doris-1 rows=10266 [doris-1:f:up doris-2:M:up doris-3:f:up]
19:35:21 #32 OK UPSERT id=2720886 via doris-1 rows=10266 [doris-1:f:up doris-2:M:up doris-3:f:up]
19:35:22 EVENT break: fe hang on doris-2 (FE master)
19:35:23 #33 OK SELECT id=2720886 via doris-1 rows=10266 [doris-1:f:up doris-2:M:up doris-3:f:up]
19:36:30 #34 FAIL DELETE id=2720886 via doris-1: CommunicationsException: Communications link failure  The last packet successfully received from the server was 9,017 milliseconds ago.
19:36:46 #34 OK SELECT(check) id=1 via -
19:36:47 connected to doris-1 (driver-selected host)
19:36:47 #35 OK INSERT id=2720887 via doris-1 rows=10265 [doris-1:f:up doris-2:f:DOWN doris-3:M:up] (recovered)
19:36:48 #36 OK UPSERT id=2720887 via doris-1 rows=10265 [doris-1:f:up doris-2:f:DOWN doris-3:M:up]
19:36:49 #37 OK SELECT id=2720887 via doris-1 rows=10266 [doris-1:f:up doris-2:f:DOWN doris-3:M:up]
19:36:50 #38 OK DELETE id=2720887 via doris-1 rows=10265 [doris-1:f:up doris-2:f:DOWN doris-3:M:up]
19:36:51 #39 OK SELECT id=2720887 via doris-1 rows=10265 [doris-1:f:up doris-2:f:DOWN doris-3:M:up]
19:36:52 #40 OK INSERT id=2720888 via doris-1 rows=10265 [doris-1:f:up doris-2:f:DOWN doris-3:M:up]
19:36:53 #41 OK UPSERT id=2720888 via doris-1 rows=10265 [doris-1:f:up doris-2:f:DOWN doris-3:M:up]
19:36:54 #42 OK SELECT id=2720888 via doris-1 rows=10266 [doris-1:f:up doris-2:f:DOWN doris-3:M:up]
19:36:55 #43 OK DELETE id=2720888 via doris-1 rows=10265 [doris-1:f:up doris-2:f:DOWN doris-3:M:up]
19:36:56 #44 OK SELECT id=2720888 via doris-1 rows=10265 [doris-1:f:up doris-2:f:DOWN doris-3:M:up]
19:36:58 #45 OK INSERT id=2720889 via doris-1 rows=10265 [doris-1:f:up doris-2:f:DOWN doris-3:M:up]
19:36:59 #46 OK UPSERT id=2720889 via doris-1 rows=10265 [doris-1:f:up doris-2:f:DOWN doris-3:M:up]
19:37:00 #47 OK SELECT id=2720889 via doris-1 rows=10266 [doris-1:f:up doris-2:f:DOWN doris-3:M:up]
19:37:01 #48 OK DELETE id=2720889 via doris-1 rows=10265 [doris-1:f:up doris-2:f:DOWN doris-3:M:up]
19:37:02 #49 OK SELECT id=2720889 via doris-1 rows=10265 [doris-1:f:up doris-2:f:DOWN doris-3:M:up]
19:37:03 #50 OK INSERT id=2720890 via doris-1 rows=10265 [doris-1:f:up doris-2:f:DOWN doris-3:M:up]
19:37:04 #51 OK UPSERT id=2720890 via doris-1 rows=10265 [doris-1:f:up doris-2:f:DOWN doris-3:M:up]
19:37:05 #52 OK SELECT id=2720890 via doris-1 rows=10266 [doris-1:f:up doris-2:f:DOWN doris-3:M:up]
19:37:06 #53 OK DELETE id=2720890 via doris-1 rows=10265 [doris-1:f:up doris-2:f:DOWN doris-3:M:up]
19:37:07 #54 OK SELECT id=2720890 via doris-1 rows=10265 [doris-1:f:up doris-2:f:DOWN doris-3:M:up]
19:37:08 #55 OK INSERT id=2720891 via doris-1 rows=10265 [doris-1:f:up doris-2:f:DOWN doris-3:M:up]
19:37:09 #56 OK UPSERT id=2720891 via doris-1 rows=10265 [doris-1:f:up doris-2:f:DOWN doris-3:M:up]
19:37:10 #57 OK SELECT id=2720891 via doris-1 rows=10266 [doris-1:f:up doris-2:f:DOWN doris-3:M:up]
19:37:11 #58 OK DELETE id=2720891 via doris-1 rows=10265 [doris-1:f:up doris-2:f:DOWN doris-3:M:up]
19:37:12 #59 OK SELECT id=2720891 via doris-1 rows=10265 [doris-1:f:up doris-2:f:DOWN doris-3:M:up]
19:37:13 #60 OK INSERT id=2720892 via doris-1 rows=10265 [doris-1:f:up doris-2:f:DOWN doris-3:M:up]
19:37:15 #61 OK UPSERT id=2720892 via doris-1 rows=10265 [doris-1:f:up doris-2:f:DOWN doris-3:M:up]
19:37:16 #62 OK SELECT id=2720892 via doris-1 rows=10266 [doris-1:f:up doris-2:f:DOWN doris-3:M:up]
19:37:17 #63 OK DELETE id=2720892 via doris-1 rows=10265 [doris-1:f:up doris-2:f:DOWN doris-3:M:up]
19:37:18 #64 OK SELECT id=2720892 via doris-1 rows=10265 [doris-1:f:up doris-2:f:DOWN doris-3:M:up]
19:37:19 #65 OK INSERT id=2720893 via doris-1 rows=10265 [doris-1:f:up doris-2:f:DOWN doris-3:M:up]
19:37:20 #66 OK UPSERT id=2720893 via doris-1 rows=10265 [doris-1:f:up doris-2:f:DOWN doris-3:M:up]
19:37:21 #67 OK SELECT id=2720893 via doris-1 rows=10266 [doris-1:f:up doris-2:f:DOWN doris-3:M:up]
19:37:22 #68 OK DELETE id=2720893 via doris-1 rows=10265 [doris-1:f:up doris-2:f:DOWN doris-3:M:up]
19:37:23 #69 OK SELECT id=2720893 via doris-1 rows=10265 [doris-1:f:up doris-2:f:DOWN doris-3:M:up]
19:37:24 #70 OK INSERT id=2720894 via doris-1 rows=10265 [doris-1:f:up doris-2:f:DOWN doris-3:M:up]
19:37:25 #71 OK UPSERT id=2720894 via doris-1 rows=10265 [doris-1:f:up doris-2:f:DOWN doris-3:M:up]
19:37:26 #72 OK SELECT id=2720894 via doris-1 rows=10266 [doris-1:f:up doris-2:f:DOWN doris-3:M:up]
19:37:27 #73 OK DELETE id=2720894 via doris-1 rows=10265 [doris-1:f:up doris-2:f:DOWN doris-3:M:up]
19:37:28 #74 OK SELECT id=2720894 via doris-1 rows=10265 [doris-1:f:up doris-2:f:DOWN doris-3:M:up]
19:37:29 #75 OK INSERT id=2720895 via doris-1 rows=10265 [doris-1:f:up doris-2:f:DOWN doris-3:M:up]
19:37:31 #76 OK UPSERT id=2720895 via doris-1 rows=10265 [doris-1:f:up doris-2:f:DOWN doris-3:M:up]
19:37:31 EVENT restore: resume fe on doris-2
19:37:32 #77 OK SELECT id=2720895 via doris-1 rows=10266 [doris-1:f:up doris-2:f:DOWN doris-3:M:up]
19:37:33 #78 OK DELETE id=2720895 via doris-1 rows=10265 [doris-1:f:up doris-2:f:DOWN doris-3:M:up]
19:37:34 #79 OK SELECT id=2720895 via doris-1 rows=10265 [doris-1:f:up doris-2:f:up doris-3:M:up]
19:37:35 #80 OK INSERT id=2720896 via doris-1 rows=10265 [doris-1:f:up doris-2:f:up doris-3:M:up]
19:37:36 #81 OK UPSERT id=2720896 via doris-1 rows=10265 [doris-1:f:up doris-2:f:up doris-3:M:up]
19:37:36 EVENT restore: cluster healthy
19:37:37 #82 OK SELECT id=2720896 via doris-1 rows=10266 [doris-1:f:up doris-2:f:up doris-3:M:up]
19:37:38 #83 OK DELETE id=2720896 via doris-1 rows=10265 [doris-1:f:up doris-2:f:up doris-3:M:up]
19:37:39 #84 OK SELECT id=2720896 via doris-1 rows=10265 [doris-1:f:up doris-2:f:up doris-3:M:up]
19:37:40 #85 OK INSERT id=2720897 via doris-1 rows=10265 [doris-1:f:up doris-2:f:up doris-3:M:up]
19:37:41 #86 OK UPSERT id=2720897 via doris-1 rows=10265 [doris-1:f:up doris-2:f:up doris-3:M:up]
19:37:42 #87 OK SELECT id=2720897 via doris-1 rows=10266 [doris-1:f:up doris-2:f:up doris-3:M:up]
19:37:43 #88 OK DELETE id=2720897 via doris-1 rows=10265 [doris-1:f:up doris-2:f:up doris-3:M:up]
19:37:44 #89 OK SELECT id=2720897 via doris-1 rows=10265 [doris-1:f:up doris-2:f:up doris-3:M:up]
19:37:45 #90 OK INSERT id=2720898 via doris-1 rows=10265 [doris-1:f:up doris-2:f:up doris-3:M:up]
19:37:46 #91 OK UPSERT id=2720898 via doris-1 rows=10265 [doris-1:f:up doris-2:f:up doris-3:M:up]
19:37:48 #92 OK SELECT id=2720898 via doris-1 rows=10266 [doris-1:f:up doris-2:f:up doris-3:M:up]
19:37:49 #93 OK DELETE id=2720898 via doris-1 rows=10265 [doris-1:f:up doris-2:f:up doris-3:M:up]
19:37:50 #94 OK SELECT id=2720898 via doris-1 rows=10265 [doris-1:f:up doris-2:f:up doris-3:M:up]
19:37:51 #95 OK INSERT id=2720899 via doris-1 rows=10265 [doris-1:f:up doris-2:f:up doris-3:M:up]
19:37:52 #96 OK UPSERT id=2720899 via doris-1 rows=10265 [doris-1:f:up doris-2:f:up doris-3:M:up]
19:37:53 #97 OK SELECT id=2720899 via doris-1 rows=10266 [doris-1:f:up doris-2:f:up doris-3:M:up]
19:37:54 #98 OK DELETE id=2720899 via doris-1 rows=10265 [doris-1:f:up doris-2:f:up doris-3:M:up]
19:37:55 #99 OK SELECT id=2720899 via doris-1 rows=10265 [doris-1:f:up doris-2:f:up doris-3:M:up]
19:37:56 #100 OK INSERT id=2720900 via doris-1 rows=10265 [doris-1:f:up doris-2:f:up doris-3:M:up]
19:37:57 #101 OK UPSERT id=2720900 via doris-1 rows=10265 [doris-1:f:up doris-2:f:up doris-3:M:up]
19:37:58 #102 OK SELECT id=2720900 via doris-1 rows=10266 [doris-1:f:up doris-2:f:up doris-3:M:up]
19:37:59 #103 OK DELETE id=2720900 via doris-1 rows=10265 [doris-1:f:up doris-2:f:up doris-3:M:up]
19:38:00 #104 OK SELECT id=2720900 via doris-1 rows=10265 [doris-1:f:up doris-2:f:up doris-3:M:up]
19:38:01 #105 OK INSERT id=2720901 via doris-1 rows=10265 [doris-1:f:up doris-2:f:up doris-3:M:up]
19:38:02 #106 OK UPSERT id=2720901 via doris-1 rows=10265 [doris-1:f:up doris-2:f:up doris-3:M:up]
19:38:03 #107 OK SELECT id=2720901 via doris-1 rows=10266 [doris-1:f:up doris-2:f:up doris-3:M:up]
19:38:05 #108 OK DELETE id=2720901 via doris-1 rows=10265 [doris-1:f:up doris-2:f:up doris-3:M:up]
