19:34:48 PROBE start proto=mysql hosts=doris-1,doris-2,doris-3 duration=86400s cycle=INSERT>UPSERT>SELECT>DELETE>SELECT
19:34:48 connected to doris-1 (10.140.0.2)
19:34:48 #1 OK INSERT id=1720880 via doris-1 rows=10265 [doris-1:f:up doris-2:M:up doris-3:f:up]
19:34:49 #2 OK UPSERT id=1720880 via doris-1 rows=10266 [doris-1:f:up doris-2:M:up doris-3:f:up]
19:34:50 #3 OK SELECT id=1720880 via doris-1 rows=10266 [doris-1:f:up doris-2:M:up doris-3:f:up]
19:34:51 #4 OK DELETE id=1720880 via doris-1 rows=10265 [doris-1:f:up doris-2:M:up doris-3:f:up]
19:34:52 #5 OK SELECT id=1720880 via doris-1 rows=10264 [doris-1:f:up doris-2:M:up doris-3:f:up]
19:34:53 #6 OK INSERT id=1720881 via doris-1 rows=10265 [doris-1:f:up doris-2:M:up doris-3:f:up]
19:34:54 #7 OK UPSERT id=1720881 via doris-1 rows=10266 [doris-1:f:up doris-2:M:up doris-3:f:up]
19:34:55 #8 OK SELECT id=1720881 via doris-1 rows=10266 [doris-1:f:up doris-2:M:up doris-3:f:up]
19:34:56 #9 OK DELETE id=1720881 via doris-1 rows=10265 [doris-1:f:up doris-2:M:up doris-3:f:up]
19:34:57 #10 OK SELECT id=1720881 via doris-1 rows=10264 [doris-1:f:up doris-2:M:up doris-3:f:up]
19:34:58 #11 OK INSERT id=1720882 via doris-1 rows=10265 [doris-1:f:up doris-2:M:up doris-3:f:up]
19:34:59 #12 OK UPSERT id=1720882 via doris-1 rows=10266 [doris-1:f:up doris-2:M:up doris-3:f:up]
19:35:00 #13 OK SELECT id=1720882 via doris-1 rows=10266 [doris-1:f:up doris-2:M:up doris-3:f:up]
19:35:02 #14 OK DELETE id=1720882 via doris-1 rows=10265 [doris-1:f:up doris-2:M:up doris-3:f:up]
19:35:03 #15 OK SELECT id=1720882 via doris-1 rows=10264 [doris-1:f:up doris-2:M:up doris-3:f:up]
19:35:04 #16 OK INSERT id=1720883 via doris-1 rows=10265 [doris-1:f:up doris-2:M:up doris-3:f:up]
19:35:05 #17 OK UPSERT id=1720883 via doris-1 rows=10266 [doris-1:f:up doris-2:M:up doris-3:f:up]
19:35:06 #18 OK SELECT id=1720883 via doris-1 rows=10266 [doris-1:f:up doris-2:M:up doris-3:f:up]
19:35:07 #19 OK DELETE id=1720883 via doris-1 rows=10265 [doris-1:f:up doris-2:M:up doris-3:f:up]
19:35:08 #20 OK SELECT id=1720883 via doris-1 rows=10264 [doris-1:f:up doris-2:M:up doris-3:f:up]
19:35:09 #21 OK INSERT id=1720884 via doris-1 rows=10265 [doris-1:f:up doris-2:M:up doris-3:f:up]
19:35:10 #22 OK UPSERT id=1720884 via doris-1 rows=10266 [doris-1:f:up doris-2:M:up doris-3:f:up]
19:35:11 #23 OK SELECT id=1720884 via doris-1 rows=10266 [doris-1:f:up doris-2:M:up doris-3:f:up]
19:35:12 #24 OK DELETE id=1720884 via doris-1 rows=10265 [doris-1:f:up doris-2:M:up doris-3:f:up]
19:35:13 #25 OK SELECT id=1720884 via doris-1 rows=10264 [doris-1:f:up doris-2:M:up doris-3:f:up]
19:35:14 #26 OK INSERT id=1720885 via doris-1 rows=10265 [doris-1:f:up doris-2:M:up doris-3:f:up]
19:35:15 #27 OK UPSERT id=1720885 via doris-1 rows=10266 [doris-1:f:up doris-2:M:up doris-3:f:up]
19:35:16 #28 OK SELECT id=1720885 via doris-1 rows=10266 [doris-1:f:up doris-2:M:up doris-3:f:up]
19:35:18 #29 OK DELETE id=1720885 via doris-1 rows=10265 [doris-1:f:up doris-2:M:up doris-3:f:up]
19:35:19 #30 OK SELECT id=1720885 via doris-1 rows=10264 [doris-1:f:up doris-2:M:up doris-3:f:up]
19:35:20 #31 OK INSERT id=1720886 via doris-1 rows=10265 [doris-1:f:up doris-2:M:up doris-3:f:up]
19:35:21 #32 OK UPSERT id=1720886 via doris-1 rows=10266 [doris-1:f:up doris-2:M:up doris-3:f:up]
19:35:22 EVENT break: fe hang on doris-2 (FE master)
19:35:22 #33 OK SELECT id=1720886 via doris-1 rows=10266 [doris-1:f:up doris-2:M:up doris-3:f:up]
19:35:23 #34 OK DELETE id=1720886 via doris-1 rows=10265 [doris-1:f:up doris-2:M:up doris-3:f:up]
19:35:32 #35 OK SELECT id=1720886 via doris-1 rows=10265 [?]
19:35:33 #36 FAIL INSERT id=1720887 via doris-1: InterfaceError: (0, '')
19:35:33 #36 OK SELECT(check) id=1 via doris-1
19:35:42 connected to doris-1 (10.140.0.2)
19:35:42 #37 FAIL INSERT id=1720888 via doris-1: InterfaceError: (0, '')
19:35:42 #37 OK SELECT(check) id=1 via doris-1
19:35:51 connected to doris-1 (10.140.0.2)
19:35:51 #38 FAIL INSERT id=1720889 via doris-1: InterfaceError: (0, '')
19:35:51 #38 OK SELECT(check) id=1 via doris-1
19:36:00 connected to doris-1 (10.140.0.2)
19:36:00 #39 FAIL INSERT id=1720890 via doris-1: InterfaceError: (0, '')
19:36:00 #39 OK SELECT(check) id=1 via doris-1
19:36:09 connected to doris-1 (10.140.0.2)
19:36:09 #40 FAIL INSERT id=1720891 via doris-1: InterfaceError: (0, '')
19:36:09 #40 OK SELECT(check) id=1 via doris-1
19:36:18 connected to doris-1 (10.140.0.2)
19:36:18 #41 FAIL INSERT id=1720892 via doris-1: InterfaceError: (0, '')
19:36:18 #41 OK SELECT(check) id=1 via doris-1
19:36:27 connected to doris-1 (10.140.0.2)
19:36:27 #42 FAIL INSERT id=1720893 via doris-1: InterfaceError: (0, '')
19:36:27 #42 OK SELECT(check) id=1 via doris-1
19:36:37 connected to doris-1 (10.140.0.2)
19:36:37 #43 FAIL INSERT id=1720894 via doris-1: InterfaceError: (0, '')
19:36:37 #43 OK SELECT(check) id=1 via doris-1
19:36:38 connected to doris-1 (10.140.0.2)
19:36:38 #44 OK INSERT id=1720895 via doris-1 rows=10265 [doris-1:f:up doris-2:f:DOWN doris-3:M:up] (recovered)
19:36:39 #45 OK UPSERT id=1720895 via doris-1 rows=10265 [doris-1:f:up doris-2:f:DOWN doris-3:M:up]
19:36:40 #46 OK SELECT id=1720895 via doris-1 rows=10265 [doris-1:f:up doris-2:f:DOWN doris-3:M:up]
19:36:41 #47 OK DELETE id=1720895 via doris-1 rows=10264 [doris-1:f:up doris-2:f:DOWN doris-3:M:up]
19:36:42 #48 OK SELECT id=1720895 via doris-1 rows=10264 [doris-1:f:up doris-2:f:DOWN doris-3:M:up]
19:36:43 #49 OK INSERT id=1720896 via doris-1 rows=10265 [doris-1:f:up doris-2:f:DOWN doris-3:M:up]
19:36:44 #50 OK UPSERT id=1720896 via doris-1 rows=10265 [doris-1:f:up doris-2:f:DOWN doris-3:M:up]
19:36:45 #51 OK SELECT id=1720896 via doris-1 rows=10265 [doris-1:f:up doris-2:f:DOWN doris-3:M:up]
19:36:46 #52 OK DELETE id=1720896 via doris-1 rows=10264 [doris-1:f:up doris-2:f:DOWN doris-3:M:up]
19:36:47 #53 OK SELECT id=1720896 via doris-1 rows=10265 [doris-1:f:up doris-2:f:DOWN doris-3:M:up]
19:36:49 #54 OK INSERT id=1720897 via doris-1 rows=10266 [doris-1:f:up doris-2:f:DOWN doris-3:M:up]
19:36:50 #55 OK UPSERT id=1720897 via doris-1 rows=10266 [doris-1:f:up doris-2:f:DOWN doris-3:M:up]
19:36:51 #56 OK SELECT id=1720897 via doris-1 rows=10265 [doris-1:f:up doris-2:f:DOWN doris-3:M:up]
19:36:52 #57 OK DELETE id=1720897 via doris-1 rows=10264 [doris-1:f:up doris-2:f:DOWN doris-3:M:up]
19:36:53 #58 OK SELECT id=1720897 via doris-1 rows=10265 [doris-1:f:up doris-2:f:DOWN doris-3:M:up]
19:36:54 #59 OK INSERT id=1720898 via doris-1 rows=10266 [doris-1:f:up doris-2:f:DOWN doris-3:M:up]
19:36:55 #60 OK UPSERT id=1720898 via doris-1 rows=10266 [doris-1:f:up doris-2:f:DOWN doris-3:M:up]
19:36:56 #61 OK SELECT id=1720898 via doris-1 rows=10265 [doris-1:f:up doris-2:f:DOWN doris-3:M:up]
19:36:57 #62 OK DELETE id=1720898 via doris-1 rows=10264 [doris-1:f:up doris-2:f:DOWN doris-3:M:up]
19:36:58 #63 OK SELECT id=1720898 via doris-1 rows=10265 [doris-1:f:up doris-2:f:DOWN doris-3:M:up]
19:36:59 #64 OK INSERT id=1720899 via doris-1 rows=10266 [doris-1:f:up doris-2:f:DOWN doris-3:M:up]
19:37:00 #65 OK UPSERT id=1720899 via doris-1 rows=10266 [doris-1:f:up doris-2:f:DOWN doris-3:M:up]
19:37:01 #66 OK SELECT id=1720899 via doris-1 rows=10265 [doris-1:f:up doris-2:f:DOWN doris-3:M:up]
19:37:02 #67 OK DELETE id=1720899 via doris-1 rows=10264 [doris-1:f:up doris-2:f:DOWN doris-3:M:up]
19:37:03 #68 OK SELECT id=1720899 via doris-1 rows=10265 [doris-1:f:up doris-2:f:DOWN doris-3:M:up]
19:37:05 #69 OK INSERT id=1720900 via doris-1 rows=10266 [doris-1:f:up doris-2:f:DOWN doris-3:M:up]
19:37:06 #70 OK UPSERT id=1720900 via doris-1 rows=10266 [doris-1:f:up doris-2:f:DOWN doris-3:M:up]
19:37:07 #71 OK SELECT id=1720900 via doris-1 rows=10265 [doris-1:f:up doris-2:f:DOWN doris-3:M:up]
19:37:08 #72 OK DELETE id=1720900 via doris-1 rows=10264 [doris-1:f:up doris-2:f:DOWN doris-3:M:up]
19:37:09 #73 OK SELECT id=1720900 via doris-1 rows=10265 [doris-1:f:up doris-2:f:DOWN doris-3:M:up]
19:37:10 #74 OK INSERT id=1720901 via doris-1 rows=10266 [doris-1:f:up doris-2:f:DOWN doris-3:M:up]
19:37:11 #75 OK UPSERT id=1720901 via doris-1 rows=10266 [doris-1:f:up doris-2:f:DOWN doris-3:M:up]
19:37:12 #76 OK SELECT id=1720901 via doris-1 rows=10265 [doris-1:f:up doris-2:f:DOWN doris-3:M:up]
19:37:13 #77 OK DELETE id=1720901 via doris-1 rows=10264 [doris-1:f:up doris-2:f:DOWN doris-3:M:up]
19:37:14 #78 OK SELECT id=1720901 via doris-1 rows=10265 [doris-1:f:up doris-2:f:DOWN doris-3:M:up]
19:37:15 #79 OK INSERT id=1720902 via doris-1 rows=10266 [doris-1:f:up doris-2:f:DOWN doris-3:M:up]
19:37:16 #80 OK UPSERT id=1720902 via doris-1 rows=10266 [doris-1:f:up doris-2:f:DOWN doris-3:M:up]
19:37:17 #81 OK SELECT id=1720902 via doris-1 rows=10265 [doris-1:f:up doris-2:f:DOWN doris-3:M:up]
19:37:18 #82 OK DELETE id=1720902 via doris-1 rows=10264 [doris-1:f:up doris-2:f:DOWN doris-3:M:up]
19:37:19 #83 OK SELECT id=1720902 via doris-1 rows=10265 [doris-1:f:up doris-2:f:DOWN doris-3:M:up]
19:37:20 #84 OK INSERT id=1720903 via doris-1 rows=10266 [doris-1:f:up doris-2:f:DOWN doris-3:M:up]
19:37:22 #85 OK UPSERT id=1720903 via doris-1 rows=10266 [doris-1:f:up doris-2:f:DOWN doris-3:M:up]
19:37:23 #86 OK SELECT id=1720903 via doris-1 rows=10265 [doris-1:f:up doris-2:f:DOWN doris-3:M:up]
19:37:24 #87 OK DELETE id=1720903 via doris-1 rows=10264 [doris-1:f:up doris-2:f:DOWN doris-3:M:up]
19:37:25 #88 OK SELECT id=1720903 via doris-1 rows=10265 [doris-1:f:up doris-2:f:DOWN doris-3:M:up]
19:37:26 #89 OK INSERT id=1720904 via doris-1 rows=10266 [doris-1:f:up doris-2:f:DOWN doris-3:M:up]
19:37:27 #90 OK UPSERT id=1720904 via doris-1 rows=10266 [doris-1:f:up doris-2:f:DOWN doris-3:M:up]
19:37:28 #91 OK SELECT id=1720904 via doris-1 rows=10265 [doris-1:f:up doris-2:f:DOWN doris-3:M:up]
19:37:29 #92 OK DELETE id=1720904 via doris-1 rows=10264 [doris-1:f:up doris-2:f:DOWN doris-3:M:up]
19:37:30 #93 OK SELECT id=1720904 via doris-1 rows=10265 [doris-1:f:up doris-2:f:DOWN doris-3:M:up]
19:37:31 #94 OK INSERT id=1720905 via doris-1 rows=10266 [doris-1:f:up doris-2:f:DOWN doris-3:M:up]
19:37:31 EVENT restore: resume fe on doris-2
19:37:32 #95 OK UPSERT id=1720905 via doris-1 rows=10266 [doris-1:f:up doris-2:f:DOWN doris-3:M:up]
19:37:33 #96 OK SELECT id=1720905 via doris-1 rows=10265 [doris-1:f:up doris-2:f:DOWN doris-3:M:up]
19:37:34 #97 OK DELETE id=1720905 via doris-1 rows=10264 [doris-1:f:up doris-2:f:up doris-3:M:up]
19:37:35 #98 OK SELECT id=1720905 via doris-1 rows=10265 [doris-1:f:up doris-2:f:up doris-3:M:up]
19:37:36 EVENT restore: cluster healthy
19:37:36 #99 OK INSERT id=1720906 via doris-1 rows=10266 [doris-1:f:up doris-2:f:up doris-3:M:up]
19:37:37 #100 OK UPSERT id=1720906 via doris-1 rows=10266 [doris-1:f:up doris-2:f:up doris-3:M:up]
19:37:38 #101 OK SELECT id=1720906 via doris-1 rows=10265 [doris-1:f:up doris-2:f:up doris-3:M:up]
19:37:40 #102 OK DELETE id=1720906 via doris-1 rows=10264 [doris-1:f:up doris-2:f:up doris-3:M:up]
19:37:41 #103 OK SELECT id=1720906 via doris-1 rows=10265 [doris-1:f:up doris-2:f:up doris-3:M:up]
19:37:42 #104 OK INSERT id=1720907 via doris-1 rows=10266 [doris-1:f:up doris-2:f:up doris-3:M:up]
19:37:43 #105 OK UPSERT id=1720907 via doris-1 rows=10266 [doris-1:f:up doris-2:f:up doris-3:M:up]
19:37:44 #106 OK SELECT id=1720907 via doris-1 rows=10265 [doris-1:f:up doris-2:f:up doris-3:M:up]
19:37:45 #107 OK DELETE id=1720907 via doris-1 rows=10264 [doris-1:f:up doris-2:f:up doris-3:M:up]
19:37:46 #108 OK SELECT id=1720907 via doris-1 rows=10265 [doris-1:f:up doris-2:f:up doris-3:M:up]
19:37:47 #109 OK INSERT id=1720908 via doris-1 rows=10266 [doris-1:f:up doris-2:f:up doris-3:M:up]
19:37:48 #110 OK UPSERT id=1720908 via doris-1 rows=10266 [doris-1:f:up doris-2:f:up doris-3:M:up]
19:37:49 #111 OK SELECT id=1720908 via doris-1 rows=10265 [doris-1:f:up doris-2:f:up doris-3:M:up]
19:37:50 #112 OK DELETE id=1720908 via doris-1 rows=10264 [doris-1:f:up doris-2:f:up doris-3:M:up]
19:37:51 #113 OK SELECT id=1720908 via doris-1 rows=10265 [doris-1:f:up doris-2:f:up doris-3:M:up]
19:37:52 #114 OK INSERT id=1720909 via doris-1 rows=10266 [doris-1:f:up doris-2:f:up doris-3:M:up]
19:37:53 #115 OK UPSERT id=1720909 via doris-1 rows=10266 [doris-1:f:up doris-2:f:up doris-3:M:up]
19:37:54 #116 OK SELECT id=1720909 via doris-1 rows=10265 [doris-1:f:up doris-2:f:up doris-3:M:up]
19:37:55 #117 OK DELETE id=1720909 via doris-1 rows=10264 [doris-1:f:up doris-2:f:up doris-3:M:up]
19:37:57 #118 OK SELECT id=1720909 via doris-1 rows=10265 [doris-1:f:up doris-2:f:up doris-3:M:up]
19:37:58 #119 OK INSERT id=1720910 via doris-1 rows=10266 [doris-1:f:up doris-2:f:up doris-3:M:up]
19:37:59 #120 OK UPSERT id=1720910 via doris-1 rows=10266 [doris-1:f:up doris-2:f:up doris-3:M:up]
19:38:00 #121 OK SELECT id=1720910 via doris-1 rows=10265 [doris-1:f:up doris-2:f:up doris-3:M:up]
19:38:01 #122 OK DELETE id=1720910 via doris-1 rows=10264 [doris-1:f:up doris-2:f:up doris-3:M:up]
19:38:02 #123 OK SELECT id=1720910 via doris-1 rows=10265 [doris-1:f:up doris-2:f:up doris-3:M:up]
19:38:03 #124 OK INSERT id=1720911 via doris-1 rows=10266 [doris-1:f:up doris-2:f:up doris-3:M:up]
