04:29:17 PROBE start proto=arrow-flight hosts=doris-1,doris-2,doris-3 duration=86400s cycle=INSERT>UPSERT>SELECT>DELETE>SELECT
04:29:17 connected to doris-1 (10.140.0.2)
04:29:17 DML unsupported over arrow-flight (InternalError: RuntimeException, msg: getMysqlChannel not in mysql connection (Internal; ExecuteQuery)) — switching to SELECT-only mode
04:29:17 #1 OK SELECT id=3721570 via doris-1 rows=10119 [doris-1:f:up doris-2:f:up doris-3:M:up]
04:29:18 #2 OK SELECT id=3721570 via doris-1 rows=10120 [doris-1:f:up doris-2:f:up doris-3:M:up]
04:29:19 #3 OK SELECT id=3721570 via doris-1 rows=10120 [doris-1:f:up doris-2:f:up doris-3:M:up]
04:29:20 #4 OK SELECT id=3721570 via doris-1 rows=10119 [doris-1:f:up doris-2:f:up doris-3:M:up]
04:29:21 #5 OK SELECT id=3721570 via doris-1 rows=10118 [doris-1:f:up doris-2:f:up doris-3:M:up]
04:29:22 #6 OK SELECT id=3721570 via doris-1 rows=10119 [doris-1:f:up doris-2:f:up doris-3:M:up]
04:29:23 #7 OK SELECT id=3721570 via doris-1 rows=10120 [doris-1:f:up doris-2:f:up doris-3:M:up]
04:29:24 #8 OK SELECT id=3721570 via doris-1 rows=10120 [doris-1:f:up doris-2:f:up doris-3:M:up]
04:29:25 #9 OK SELECT id=3721570 via doris-1 rows=10119 [doris-1:f:up doris-2:f:up doris-3:M:up]
04:29:26 #10 OK SELECT id=3721570 via doris-1 rows=10118 [doris-1:f:up doris-2:f:up doris-3:M:up]
04:29:27 #11 OK SELECT id=3721570 via doris-1 rows=10119 [doris-1:f:up doris-2:f:up doris-3:M:up]
04:29:28 #12 OK SELECT id=3721570 via doris-1 rows=10120 [doris-1:f:up doris-2:f:up doris-3:M:up]
04:29:29 #13 OK SELECT id=3721570 via doris-1 rows=10120 [doris-1:f:up doris-2:f:up doris-3:M:up]
04:29:31 #14 OK SELECT id=3721570 via doris-1 rows=10119 [doris-1:f:up doris-2:f:up doris-3:M:up]
04:29:32 #15 OK SELECT id=3721570 via doris-1 rows=10118 [doris-1:f:up doris-2:f:up doris-3:M:up]
04:29:33 #16 OK SELECT id=3721570 via doris-1 rows=10119 [doris-1:f:up doris-2:f:up doris-3:M:up]
04:29:34 #17 OK SELECT id=3721570 via doris-1 rows=10120 [doris-1:f:up doris-2:f:up doris-3:M:up]
04:29:35 #18 OK SELECT id=3721570 via doris-1 rows=10120 [doris-1:f:up doris-2:f:up doris-3:M:up]
04:29:36 #19 OK SELECT id=3721570 via doris-1 rows=10119 [doris-1:f:up doris-2:f:up doris-3:M:up]
04:29:37 #20 OK SELECT id=3721570 via doris-1 rows=10118 [doris-1:f:up doris-2:f:up doris-3:M:up]
04:29:38 #21 OK SELECT id=3721570 via doris-1 rows=10119 [doris-1:f:up doris-2:f:up doris-3:M:up]
04:29:39 #22 OK SELECT id=3721570 via doris-1 rows=10120 [doris-1:f:up doris-2:f:up doris-3:M:up]
04:29:40 #23 OK SELECT id=3721570 via doris-1 rows=10120 [doris-1:f:up doris-2:f:up doris-3:M:up]
04:29:41 #24 OK SELECT id=3721570 via doris-1 rows=10119 [doris-1:f:up doris-2:f:up doris-3:M:up]
04:29:42 #25 OK SELECT id=3721570 via doris-1 rows=10118 [doris-1:f:up doris-2:f:up doris-3:M:up]
04:29:43 #26 OK SELECT id=3721570 via doris-1 rows=10119 [doris-1:f:up doris-2:f:up doris-3:M:up]
04:29:44 #27 OK SELECT id=3721570 via doris-1 rows=10120 [doris-1:f:up doris-2:f:up doris-3:M:up]
04:29:45 #28 OK SELECT id=3721570 via doris-1 rows=10120 [doris-1:f:up doris-2:f:up doris-3:M:up]
04:29:47 #29 OK SELECT id=3721570 via doris-1 rows=10119 [doris-1:f:up doris-2:f:up doris-3:M:up]
04:29:48 #30 OK SELECT id=3721570 via doris-1 rows=10118 [doris-1:f:up doris-2:f:up doris-3:M:up]
04:29:49 #31 OK SELECT id=3721570 via doris-1 rows=10119 [doris-1:f:up doris-2:f:up doris-3:M:up]
04:29:50 #32 OK SELECT id=3721570 via doris-1 rows=10120 [doris-1:f:up doris-2:f:up doris-3:M:up]
04:29:50 EVENT break: vm stop on doris-3 (FE master)
04:29:51 #33 OK SELECT id=3721570 via doris-1 rows=10120 [doris-1:f:up doris-2:f:up doris-3:M:up]
04:29:52 #34 OK SELECT id=3721570 via doris-1 rows=10119 [doris-1:f:up doris-2:f:up doris-3:M:up]
04:29:53 #35 OK SELECT id=3721570 via doris-1 rows=10118 [doris-1:f:up doris-2:f:up doris-3:M:up]
04:29:54 #36 FAIL SELECT id=3721570 via doris-1: InternalError: INTERNAL: [FlightSQL] get flight info statement failed, after executeQueryStatement handleQuery, java.lang.Run
04:29:55 connected to doris-1 (10.140.0.2)
04:29:55 #37 OK SELECT id=3721570 via doris-1 rows=10118 [doris-1:f:up doris-2:M:up doris-3:f:DOWN] (recovered)
04:29:56 #38 OK SELECT id=3721570 via doris-1 rows=10120 [doris-1:f:up doris-2:M:up doris-3:f:DOWN]
04:29:57 #39 OK SELECT id=3721570 via doris-1 rows=10120 [doris-1:f:up doris-2:M:up doris-3:f:DOWN]
04:29:58 #40 OK SELECT id=3721570 via doris-1 rows=10120 [doris-1:f:up doris-2:M:up doris-3:f:DOWN]
04:30:00 #41 OK SELECT id=3721570 via doris-1 rows=10118 [doris-1:f:up doris-2:M:up doris-3:f:DOWN]
04:30:01 #42 OK SELECT id=3721570 via doris-1 rows=10118 [doris-1:f:up doris-2:M:up doris-3:f:DOWN]
04:30:02 #43 OK SELECT id=3721570 via doris-1 rows=10120 [doris-1:f:up doris-2:M:up doris-3:f:DOWN]
04:30:03 #44 OK SELECT id=3721570 via doris-1 rows=10120 [doris-1:f:up doris-2:M:up doris-3:f:DOWN]
04:30:04 #45 OK SELECT id=3721570 via doris-1 rows=10120 [doris-1:f:up doris-2:M:up doris-3:f:DOWN]
04:30:05 #46 OK SELECT id=3721570 via doris-1 rows=10118 [doris-1:f:up doris-2:M:up doris-3:f:DOWN]
04:30:06 #47 OK SELECT id=3721570 via doris-1 rows=10118 [doris-1:f:up doris-2:M:up doris-3:f:DOWN]
04:30:07 #48 OK SELECT id=3721570 via doris-1 rows=10120 [doris-1:f:up doris-2:M:up doris-3:f:DOWN]
04:30:08 #49 OK SELECT id=3721570 via doris-1 rows=10120 [doris-1:f:up doris-2:M:up doris-3:f:DOWN]
04:30:09 #50 OK SELECT id=3721570 via doris-1 rows=10120 [doris-1:f:up doris-2:M:up doris-3:f:DOWN]
04:30:10 #51 OK SELECT id=3721570 via doris-1 rows=10118 [doris-1:f:up doris-2:M:up doris-3:f:DOWN]
04:30:11 #52 OK SELECT id=3721570 via doris-1 rows=10118 [doris-1:f:up doris-2:M:up doris-3:f:DOWN]
04:30:12 #53 OK SELECT id=3721570 via doris-1 rows=10120 [doris-1:f:up doris-2:M:up doris-3:f:DOWN]
04:30:13 #54 OK SELECT id=3721570 via doris-1 rows=10120 [doris-1:f:up doris-2:M:up doris-3:f:DOWN]
04:30:14 EVENT break: doris-3 is down
04:30:15 #55 OK SELECT id=3721570 via doris-1 rows=10120 [doris-1:f:up doris-2:M:up doris-3:f:DOWN]
04:30:16 #56 OK SELECT id=3721570 via doris-1 rows=10118 [doris-1:f:up doris-2:M:up doris-3:f:DOWN]
04:30:17 #57 OK SELECT id=3721570 via doris-1 rows=10118 [doris-1:f:up doris-2:M:up doris-3:f:DOWN]
04:30:18 #58 OK SELECT id=3721570 via doris-1 rows=10120 [doris-1:f:up doris-2:M:up doris-3:f:DOWN]
04:30:19 #59 OK SELECT id=3721570 via doris-1 rows=10120 [doris-1:f:up doris-2:M:up doris-3:f:DOWN]
04:30:20 #60 OK SELECT id=3721570 via doris-1 rows=10120 [doris-1:f:up doris-2:M:up doris-3:f:DOWN]
04:30:21 #61 OK SELECT id=3721570 via doris-1 rows=10118 [doris-1:f:up doris-2:M:up doris-3:f:DOWN]
04:30:22 #62 OK SELECT id=3721570 via doris-1 rows=10118 [doris-1:f:up doris-2:M:up doris-3:f:DOWN]
04:30:23 #63 OK SELECT id=3721570 via doris-1 rows=10120 [doris-1:f:up doris-2:M:up doris-3:f:DOWN]
04:30:24 #64 OK SELECT id=3721570 via doris-1 rows=10120 [doris-1:f:up doris-2:M:up doris-3:f:DOWN]
04:30:25 #65 OK SELECT id=3721570 via doris-1 rows=10120 [doris-1:f:up doris-2:M:up doris-3:f:DOWN]
04:30:26 #66 OK SELECT id=3721570 via doris-1 rows=10118 [doris-1:f:up doris-2:M:up doris-3:f:DOWN]
04:30:27 #67 OK SELECT id=3721570 via doris-1 rows=10118 [doris-1:f:up doris-2:M:up doris-3:f:DOWN]
04:30:28 #68 OK SELECT id=3721570 via doris-1 rows=10120 [doris-1:f:up doris-2:M:up doris-3:f:DOWN]
04:30:29 #69 OK SELECT id=3721570 via doris-1 rows=10120 [doris-1:f:up doris-2:M:up doris-3:f:DOWN]
04:30:31 #70 OK SELECT id=3721570 via doris-1 rows=10120 [doris-1:f:up doris-2:M:up doris-3:f:DOWN]
04:30:32 #71 OK SELECT id=3721570 via doris-1 rows=10118 [doris-1:f:up doris-2:M:up doris-3:f:DOWN]
04:30:33 #72 OK SELECT id=3721570 via doris-1 rows=10118 [doris-1:f:up doris-2:M:up doris-3:f:DOWN]
04:30:34 #73 OK SELECT id=3721570 via doris-1 rows=10120 [doris-1:f:up doris-2:M:up doris-3:f:DOWN]
04:30:35 #74 OK SELECT id=3721570 via doris-1 rows=10120 [doris-1:f:up doris-2:M:up doris-3:f:DOWN]
04:30:36 #75 OK SELECT id=3721570 via doris-1 rows=10120 [doris-1:f:up doris-2:M:up doris-3:f:DOWN]
04:30:37 #76 OK SELECT id=3721570 via doris-1 rows=10120 [doris-1:f:up doris-2:M:up doris-3:f:DOWN]
04:30:38 #77 OK SELECT id=3721570 via doris-1 rows=10118 [doris-1:f:up doris-2:M:up doris-3:f:DOWN]
04:30:39 #78 OK SELECT id=3721570 via doris-1 rows=10118 [doris-1:f:up doris-2:M:up doris-3:f:DOWN]
04:30:40 #79 OK SELECT id=3721570 via doris-1 rows=10120 [doris-1:f:up doris-2:M:up doris-3:f:DOWN]
04:30:41 #80 OK SELECT id=3721570 via doris-1 rows=10120 [doris-1:f:up doris-2:M:up doris-3:f:DOWN]
04:30:42 #81 OK SELECT id=3721570 via doris-1 rows=10120 [doris-1:f:up doris-2:M:up doris-3:f:DOWN]
04:30:43 #82 OK SELECT id=3721570 via doris-1 rows=10118 [doris-1:f:up doris-2:M:up doris-3:f:DOWN]
04:30:45 #83 OK SELECT id=3721570 via doris-1 rows=10118 [doris-1:f:up doris-2:M:up doris-3:f:DOWN]
04:30:46 #84 OK SELECT id=3721570 via doris-1 rows=10120 [doris-1:f:up doris-2:M:up doris-3:f:DOWN]
04:30:47 #85 OK SELECT id=3721570 via doris-1 rows=10120 [doris-1:f:up doris-2:M:up doris-3:f:DOWN]
04:30:48 #86 OK SELECT id=3721570 via doris-1 rows=10120 [doris-1:f:up doris-2:M:up doris-3:f:DOWN]
04:30:49 #87 OK SELECT id=3721570 via doris-1 rows=10118 [doris-1:f:up doris-2:M:up doris-3:f:DOWN]
04:30:50 #88 OK SELECT id=3721570 via doris-1 rows=10118 [doris-1:f:up doris-2:M:up doris-3:f:DOWN]
04:30:51 #89 OK SELECT id=3721570 via doris-1 rows=10120 [doris-1:f:up doris-2:M:up doris-3:f:DOWN]
04:30:52 #90 OK SELECT id=3721570 via doris-1 rows=10120 [doris-1:f:up doris-2:M:up doris-3:f:DOWN]
04:30:53 #91 OK SELECT id=3721570 via doris-1 rows=10120 [doris-1:f:up doris-2:M:up doris-3:f:DOWN]
04:30:54 #92 OK SELECT id=3721570 via doris-1 rows=10118 [doris-1:f:up doris-2:M:up doris-3:f:DOWN]
04:30:55 #93 OK SELECT id=3721570 via doris-1 rows=10118 [doris-1:f:up doris-2:M:up doris-3:f:DOWN]
04:30:56 #94 OK SELECT id=3721570 via doris-1 rows=10120 [doris-1:f:up doris-2:M:up doris-3:f:DOWN]
04:30:57 #95 OK SELECT id=3721570 via doris-1 rows=10120 [doris-1:f:up doris-2:M:up doris-3:f:DOWN]
04:30:58 #96 OK SELECT id=3721570 via doris-1 rows=10120 [doris-1:f:up doris-2:M:up doris-3:f:DOWN]
04:30:59 #97 OK SELECT id=3721570 via doris-1 rows=10118 [doris-1:f:up doris-2:M:up doris-3:f:DOWN]
04:31:01 #98 OK SELECT id=3721570 via doris-1 rows=10118 [doris-1:f:up doris-2:M:up doris-3:f:DOWN]
04:31:02 #99 OK SELECT id=3721570 via doris-1 rows=10120 [doris-1:f:up doris-2:M:up doris-3:f:DOWN]
04:31:03 #100 OK SELECT id=3721570 via doris-1 rows=10120 [doris-1:f:up doris-2:M:up doris-3:f:DOWN]
04:31:04 #101 OK SELECT id=3721570 via doris-1 rows=10120 [doris-1:f:up doris-2:M:up doris-3:f:DOWN]
04:31:05 #102 OK SELECT id=3721570 via doris-1 rows=10118 [doris-1:f:up doris-2:M:up doris-3:f:DOWN]
04:31:06 #103 OK SELECT id=3721570 via doris-1 rows=10118 [doris-1:f:up doris-2:M:up doris-3:f:DOWN]
04:31:07 #104 OK SELECT id=3721570 via doris-1 rows=10120 [doris-1:f:up doris-2:M:up doris-3:f:DOWN]
04:31:08 #105 OK SELECT id=3721570 via doris-1 rows=10120 [doris-1:f:up doris-2:M:up doris-3:f:DOWN]
04:31:09 #106 OK SELECT id=3721570 via doris-1 rows=10120 [doris-1:f:up doris-2:M:up doris-3:f:DOWN]
04:31:10 #107 OK SELECT id=3721570 via doris-1 rows=10118 [doris-1:f:up doris-2:M:up doris-3:f:DOWN]
04:31:11 #108 OK SELECT id=3721570 via doris-1 rows=10118 [doris-1:f:up doris-2:M:up doris-3:f:DOWN]
04:31:12 #109 OK SELECT id=3721570 via doris-1 rows=10120 [doris-1:f:up doris-2:M:up doris-3:f:DOWN]
04:31:13 #110 OK SELECT id=3721570 via doris-1 rows=10120 [doris-1:f:up doris-2:M:up doris-3:f:DOWN]
04:31:14 #111 OK SELECT id=3721570 via doris-1 rows=10120 [doris-1:f:up doris-2:M:up doris-3:f:DOWN]
04:31:15 #112 OK SELECT id=3721570 via doris-1 rows=10118 [doris-1:f:up doris-2:M:up doris-3:f:DOWN]
04:31:17 #113 OK SELECT id=3721570 via doris-1 rows=10118 [doris-1:f:up doris-2:M:up doris-3:f:DOWN]
04:31:18 #114 OK SELECT id=3721570 via doris-1 rows=10120 [doris-1:f:up doris-2:M:up doris-3:f:DOWN]
04:31:19 #115 OK SELECT id=3721570 via doris-1 rows=10120 [doris-1:f:up doris-2:M:up doris-3:f:DOWN]
04:31:20 #116 OK SELECT id=3721570 via doris-1 rows=10120 [doris-1:f:up doris-2:M:up doris-3:f:DOWN]
04:31:21 #117 OK SELECT id=3721570 via doris-1 rows=10118 [doris-1:f:up doris-2:M:up doris-3:f:DOWN]
04:31:22 #118 OK SELECT id=3721570 via doris-1 rows=10118 [doris-1:f:up doris-2:M:up doris-3:f:DOWN]
04:31:23 #119 OK SELECT id=3721570 via doris-1 rows=10120 [doris-1:f:up doris-2:M:up doris-3:f:DOWN]
04:31:24 #120 OK SELECT id=3721570 via doris-1 rows=10120 [doris-1:f:up doris-2:M:up doris-3:f:DOWN]
04:31:25 #121 OK SELECT id=3721570 via doris-1 rows=10120 [doris-1:f:up doris-2:M:up doris-3:f:DOWN]
04:31:26 #122 OK SELECT id=3721570 via doris-1 rows=10118 [doris-1:f:up doris-2:M:up doris-3:f:DOWN]
04:31:27 #123 OK SELECT id=3721570 via doris-1 rows=10118 [doris-1:f:up doris-2:M:up doris-3:f:DOWN]
04:31:28 #124 OK SELECT id=3721570 via doris-1 rows=10120 [doris-1:f:up doris-2:M:up doris-3:f:DOWN]
04:31:29 #125 OK SELECT id=3721570 via doris-1 rows=10120 [doris-1:f:up doris-2:M:up doris-3:f:DOWN]
04:31:30 #126 OK SELECT id=3721570 via doris-1 rows=10120 [doris-1:f:up doris-2:M:up doris-3:f:DOWN]
04:31:31 #127 OK SELECT id=3721570 via doris-1 rows=10118 [doris-1:f:up doris-2:M:up doris-3:f:DOWN]
04:31:32 #128 OK SELECT id=3721570 via doris-1 rows=10118 [doris-1:f:up doris-2:M:up doris-3:f:DOWN]
04:31:34 #129 OK SELECT id=3721570 via doris-1 rows=10120 [doris-1:f:up doris-2:M:up doris-3:f:DOWN]
04:31:35 #130 OK SELECT id=3721570 via doris-1 rows=10120 [doris-1:f:up doris-2:M:up doris-3:f:DOWN]
04:31:36 #131 OK SELECT id=3721570 via doris-1 rows=10120 [doris-1:f:up doris-2:M:up doris-3:f:DOWN]
04:31:37 #132 OK SELECT id=3721570 via doris-1 rows=10118 [doris-1:f:up doris-2:M:up doris-3:f:DOWN]
04:31:38 #133 OK SELECT id=3721570 via doris-1 rows=10118 [doris-1:f:up doris-2:M:up doris-3:f:DOWN]
04:31:39 #134 OK SELECT id=3721570 via doris-1 rows=10120 [doris-1:f:up doris-2:M:up doris-3:f:DOWN]
04:31:40 #135 OK SELECT id=3721570 via doris-1 rows=10120 [doris-1:f:up doris-2:M:up doris-3:f:DOWN]
04:31:41 #136 OK SELECT id=3721570 via doris-1 rows=10120 [doris-1:f:up doris-2:M:up doris-3:f:DOWN]
04:31:42 #137 OK SELECT id=3721570 via doris-1 rows=10118 [doris-1:f:up doris-2:M:up doris-3:f:DOWN]
04:31:43 #138 OK SELECT id=3721570 via doris-1 rows=10118 [doris-1:f:up doris-2:M:up doris-3:f:DOWN]
04:31:44 #139 OK SELECT id=3721570 via doris-1 rows=10120 [doris-1:f:up doris-2:M:up doris-3:f:DOWN]
04:31:45 #140 OK SELECT id=3721570 via doris-1 rows=10120 [doris-1:f:up doris-2:M:up doris-3:f:DOWN]
04:31:46 #141 OK SELECT id=3721570 via doris-1 rows=10120 [doris-1:f:up doris-2:M:up doris-3:f:DOWN]
04:31:47 #142 OK SELECT id=3721570 via doris-1 rows=10118 [doris-1:f:up doris-2:M:up doris-3:f:DOWN]
04:31:48 #143 OK SELECT id=3721570 via doris-1 rows=10118 [doris-1:f:up doris-2:M:up doris-3:f:DOWN]
04:31:49 #144 OK SELECT id=3721570 via doris-1 rows=10120 [doris-1:f:up doris-2:M:up doris-3:f:DOWN]
04:31:51 #145 OK SELECT id=3721570 via doris-1 rows=10120 [doris-1:f:up doris-2:M:up doris-3:f:DOWN]
04:31:52 #146 OK SELECT id=3721570 via doris-1 rows=10120 [doris-1:f:up doris-2:M:up doris-3:f:DOWN]
04:31:52 EVENT restore: start doris-3
04:31:53 #147 OK SELECT id=3721570 via doris-1 rows=10118 [doris-1:f:up doris-2:M:up doris-3:f:DOWN]
04:31:54 #148 OK SELECT id=3721570 via doris-1 rows=10118 [doris-1:f:up doris-2:M:up doris-3:f:DOWN]
04:31:55 #149 OK SELECT id=3721570 via doris-1 rows=10120 [doris-1:f:up doris-2:M:up doris-3:f:DOWN]
04:31:56 #150 OK SELECT id=3721570 via doris-1 rows=10120 [doris-1:f:up doris-2:M:up doris-3:f:DOWN]
04:31:57 #151 OK SELECT id=3721570 via doris-1 rows=10120 [doris-1:f:up doris-2:M:up doris-3:f:DOWN]
04:31:58 #152 OK SELECT id=3721570 via doris-1 rows=10118 [doris-1:f:up doris-2:M:up doris-3:f:DOWN]
04:31:59 #153 OK SELECT id=3721570 via doris-1 rows=10118 [doris-1:f:up doris-2:M:up doris-3:f:DOWN]
04:32:00 #154 OK SELECT id=3721570 via doris-1 rows=10120 [doris-1:f:up doris-2:M:up doris-3:f:DOWN]
04:32:01 #155 OK SELECT id=3721570 via doris-1 rows=10120 [doris-1:f:up doris-2:M:up doris-3:f:DOWN]
04:32:02 #156 OK SELECT id=3721570 via doris-1 rows=10120 [doris-1:f:up doris-2:M:up doris-3:f:DOWN]
04:32:03 #157 OK SELECT id=3721570 via doris-1 rows=10118 [doris-1:f:up doris-2:M:up doris-3:f:DOWN]
04:32:04 #158 OK SELECT id=3721570 via doris-1 rows=10118 [doris-1:f:up doris-2:M:up doris-3:f:DOWN]
04:32:05 #159 OK SELECT id=3721570 via doris-1 rows=10120 [doris-1:f:up doris-2:M:up doris-3:f:DOWN]
04:32:07 #160 OK SELECT id=3721570 via doris-1 rows=10120 [doris-1:f:up doris-2:M:up doris-3:f:DOWN]
04:32:08 #161 OK SELECT id=3721570 via doris-1 rows=10120 [doris-1:f:up doris-2:M:up doris-3:f:DOWN]
04:32:09 #162 OK SELECT id=3721570 via doris-1 rows=10118 [doris-1:f:up doris-2:M:up doris-3:f:DOWN]
04:32:10 #163 OK SELECT id=3721570 via doris-1 rows=10118 [doris-1:f:up doris-2:M:up doris-3:f:DOWN]
04:32:11 #164 OK SELECT id=3721570 via doris-1 rows=10120 [doris-1:f:up doris-2:M:up doris-3:f:DOWN]
04:32:12 #165 OK SELECT id=3721570 via doris-1 rows=10120 [doris-1:f:up doris-2:M:up doris-3:f:DOWN]
04:32:13 #166 OK SELECT id=3721570 via doris-1 rows=10120 [doris-1:f:up doris-2:M:up doris-3:f:DOWN]
04:32:14 #167 OK SELECT id=3721570 via doris-1 rows=10118 [doris-1:f:up doris-2:M:up doris-3:f:DOWN]
04:32:15 #168 OK SELECT id=3721570 via doris-1 rows=10118 [doris-1:f:up doris-2:M:up doris-3:f:DOWN]
04:32:16 #169 OK SELECT id=3721570 via doris-1 rows=10120 [doris-1:f:up doris-2:M:up doris-3:f:DOWN]
04:32:17 #170 OK SELECT id=3721570 via doris-1 rows=10120 [doris-1:f:up doris-2:M:up doris-3:f:DOWN]
04:32:18 #171 OK SELECT id=3721570 via doris-1 rows=10120 [doris-1:f:up doris-2:M:up doris-3:f:DOWN]
04:32:19 #172 OK SELECT id=3721570 via doris-1 rows=10118 [doris-1:f:up doris-2:M:up doris-3:f:DOWN]
04:32:20 #173 OK SELECT id=3721570 via doris-1 rows=10118 [doris-1:f:up doris-2:M:up doris-3:f:DOWN]
04:32:21 #174 OK SELECT id=3721570 via doris-1 rows=10120 [doris-1:f:up doris-2:M:up doris-3:f:DOWN]
04:32:22 #175 OK SELECT id=3721570 via doris-1 rows=10120 [doris-1:f:up doris-2:M:up doris-3:f:DOWN]
04:32:24 #176 OK SELECT id=3721570 via doris-1 rows=10120 [doris-1:f:up doris-2:M:up doris-3:f:DOWN]
04:32:25 #177 OK SELECT id=3721570 via doris-1 rows=10118 [doris-1:f:up doris-2:M:up doris-3:f:DOWN]
04:32:26 #178 OK SELECT id=3721570 via doris-1 rows=10118 [doris-1:f:up doris-2:M:up doris-3:f:DOWN]
04:32:27 #179 OK SELECT id=3721570 via doris-1 rows=10120 [doris-1:f:up doris-2:M:up doris-3:f:DOWN]
04:32:28 #180 OK SELECT id=3721570 via doris-1 rows=10120 [doris-1:f:up doris-2:M:up doris-3:f:DOWN]
04:32:29 #181 OK SELECT id=3721570 via doris-1 rows=10120 [doris-1:f:up doris-2:M:up doris-3:f:DOWN]
04:32:30 #182 OK SELECT id=3721570 via doris-1 rows=10118 [doris-1:f:up doris-2:M:up doris-3:f:DOWN]
04:32:31 #183 OK SELECT id=3721570 via doris-1 rows=10118 [doris-1:f:up doris-2:M:up doris-3:f:DOWN]
04:32:32 #184 OK SELECT id=3721570 via doris-1 rows=10120 [doris-1:f:up doris-2:M:up doris-3:f:DOWN]
04:32:33 #185 OK SELECT id=3721570 via doris-1 rows=10120 [doris-1:f:up doris-2:M:up doris-3:f:DOWN]
04:32:34 #186 OK SELECT id=3721570 via doris-1 rows=10120 [doris-1:f:up doris-2:M:up doris-3:f:DOWN]
04:32:35 #187 OK SELECT id=3721570 via doris-1 rows=10118 [doris-1:f:up doris-2:M:up doris-3:f:DOWN]
04:32:36 #188 OK SELECT id=3721570 via doris-1 rows=10118 [doris-1:f:up doris-2:M:up doris-3:f:DOWN]
04:32:37 #189 OK SELECT id=3721570 via doris-1 rows=10120 [doris-1:f:up doris-2:M:up doris-3:f:DOWN]
04:32:38 #190 OK SELECT id=3721570 via doris-1 rows=10120 [doris-1:f:up doris-2:M:up doris-3:f:DOWN]
04:32:40 #191 OK SELECT id=3721570 via doris-1 rows=10120 [doris-1:f:up doris-2:M:up doris-3:f:DOWN]
04:32:41 #192 OK SELECT id=3721570 via doris-1 rows=10118 [doris-1:f:up doris-2:M:up doris-3:f:DOWN]
04:32:42 #193 OK SELECT id=3721570 via doris-1 rows=10118 [doris-1:f:up doris-2:M:up doris-3:f:DOWN]
04:32:43 #194 OK SELECT id=3721570 via doris-1 rows=10120 [doris-1:f:up doris-2:M:up doris-3:f:DOWN]
04:32:44 #195 OK SELECT id=3721570 via doris-1 rows=10120 [doris-1:f:up doris-2:M:up doris-3:f:DOWN]
04:32:45 #196 OK SELECT id=3721570 via doris-1 rows=10120 [doris-1:f:up doris-2:M:up doris-3:f:DOWN]
04:32:46 #197 OK SELECT id=3721570 via doris-1 rows=10118 [doris-1:f:up doris-2:M:up doris-3:f:DOWN]
04:32:47 #198 OK SELECT id=3721570 via doris-1 rows=10118 [doris-1:f:up doris-2:M:up doris-3:f:DOWN]
04:32:48 #199 OK SELECT id=3721570 via doris-1 rows=10120 [doris-1:f:up doris-2:M:up doris-3:f:DOWN]
04:32:49 #200 OK SELECT id=3721570 via doris-1 rows=10120 [doris-1:f:up doris-2:M:up doris-3:f:DOWN]
04:32:50 #201 OK SELECT id=3721570 via doris-1 rows=10120 [doris-1:f:up doris-2:M:up doris-3:f:DOWN]
04:32:51 #202 OK SELECT id=3721570 via doris-1 rows=10118 [doris-1:f:up doris-2:M:up doris-3:f:DOWN]
04:32:52 #203 OK SELECT id=3721570 via doris-1 rows=10118 [doris-1:f:up doris-2:M:up doris-3:f:DOWN]
04:32:53 #204 OK SELECT id=3721570 via doris-1 rows=10120 [doris-1:f:up doris-2:M:up doris-3:f:DOWN]
04:32:54 #205 OK SELECT id=3721570 via doris-1 rows=10120 [doris-1:f:up doris-2:M:up doris-3:f:up]
04:32:55 #206 OK SELECT id=3721570 via doris-1 rows=10120 [doris-1:f:up doris-2:M:up doris-3:f:up]
04:32:57 #207 OK SELECT id=3721570 via doris-1 rows=10118 [doris-1:f:up doris-2:M:up doris-3:f:up]
04:32:57 EVENT restore: cluster healthy
04:32:58 #208 OK SELECT id=3721570 via doris-1 rows=10118 [doris-1:f:up doris-2:M:up doris-3:f:up]
04:32:59 #209 OK SELECT id=3721570 via doris-1 rows=10120 [doris-1:f:up doris-2:M:up doris-3:f:up]
04:33:00 #210 OK SELECT id=3721570 via doris-1 rows=10120 [doris-1:f:up doris-2:M:up doris-3:f:up]
04:33:01 #211 OK SELECT id=3721570 via doris-1 rows=10120 [doris-1:f:up doris-2:M:up doris-3:f:up]
04:33:02 #212 OK SELECT id=3721570 via doris-1 rows=10118 [doris-1:f:up doris-2:M:up doris-3:f:up]
04:33:03 #213 OK SELECT id=3721570 via doris-1 rows=10118 [doris-1:f:up doris-2:M:up doris-3:f:up]
04:33:04 #214 OK SELECT id=3721570 via doris-1 rows=10120 [doris-1:f:up doris-2:M:up doris-3:f:up]
04:33:05 #215 OK SELECT id=3721570 via doris-1 rows=10120 [doris-1:f:up doris-2:M:up doris-3:f:up]
04:33:06 #216 OK SELECT id=3721570 via doris-1 rows=10120 [doris-1:f:up doris-2:M:up doris-3:f:up]
04:33:07 #217 OK SELECT id=3721570 via doris-1 rows=10118 [doris-1:f:up doris-2:M:up doris-3:f:up]
04:33:08 #218 OK SELECT id=3721570 via doris-1 rows=10118 [doris-1:f:up doris-2:M:up doris-3:f:up]
04:33:09 #219 OK SELECT id=3721570 via doris-1 rows=10120 [doris-1:f:up doris-2:M:up doris-3:f:up]
04:33:10 #220 OK SELECT id=3721570 via doris-1 rows=10120 [doris-1:f:up doris-2:M:up doris-3:f:up]
04:33:11 #221 OK SELECT id=3721570 via doris-1 rows=10120 [doris-1:f:up doris-2:M:up doris-3:f:up]
04:33:13 #222 OK SELECT id=3721570 via doris-1 rows=10118 [doris-1:f:up doris-2:M:up doris-3:f:up]
04:33:14 #223 OK SELECT id=3721570 via doris-1 rows=10118 [doris-1:f:up doris-2:M:up doris-3:f:up]
04:33:15 #224 OK SELECT id=3721570 via doris-1 rows=10120 [doris-1:f:up doris-2:M:up doris-3:f:up]
04:33:16 #225 OK SELECT id=3721570 via doris-1 rows=10120 [doris-1:f:up doris-2:M:up doris-3:f:up]
04:33:17 #226 OK SELECT id=3721570 via doris-1 rows=10120 [doris-1:f:up doris-2:M:up doris-3:f:up]
04:33:18 #227 OK SELECT id=3721570 via doris-1 rows=10118 [doris-1:f:up doris-2:M:up doris-3:f:up]
04:33:19 #228 OK SELECT id=3721570 via doris-1 rows=10118 [doris-1:f:up doris-2:M:up doris-3:f:up]
04:33:20 #229 OK SELECT id=3721570 via doris-1 rows=10120 [doris-1:f:up doris-2:M:up doris-3:f:up]
04:33:21 #230 OK SELECT id=3721570 via doris-1 rows=10120 [doris-1:f:up doris-2:M:up doris-3:f:up]
04:33:22 #231 OK SELECT id=3721570 via doris-1 rows=10120 [doris-1:f:up doris-2:M:up doris-3:f:up]
04:33:23 #232 OK SELECT id=3721570 via doris-1 rows=10118 [doris-1:f:up doris-2:M:up doris-3:f:up]
04:33:24 #233 OK SELECT id=3721570 via doris-1 rows=10118 [doris-1:f:up doris-2:M:up doris-3:f:up]
04:33:25 #234 OK SELECT id=3721570 via doris-1 rows=10120 [doris-1:f:up doris-2:M:up doris-3:f:up]
04:33:26 #235 OK SELECT id=3721570 via doris-1 rows=10120 [doris-1:f:up doris-2:M:up doris-3:f:up]
04:33:28 #236 OK SELECT id=3721570 via doris-1 rows=10120 [doris-1:f:up doris-2:M:up doris-3:f:up]
