19:17:22 PROBE start proto=jdbc hosts=doris-1,doris-2,doris-3 duration=86400s cycle=INSERT>UPSERT>SELECT>DELETE>SELECT url=jdbc:mysql://10.140.0.2:9030,10.140.0.3:9030,10.140.0.4:9030/hatest
19:17:23 connected to doris-1 (driver-selected host)
19:17:23 #1 OK INSERT id=2710420 via doris-1 rows=10254 [doris-1:f:up doris-2:f:up doris-3:M:up]
19:17:24 #2 OK UPSERT id=2710420 via doris-1 rows=10254 [doris-1:f:up doris-2:f:up doris-3:M:up]
19:17:25 #3 OK SELECT id=2710420 via doris-1 rows=10254 [doris-1:f:up doris-2:f:up doris-3:M:up]
19:17:26 #4 OK DELETE id=2710420 via doris-1 rows=10252 [doris-1:f:up doris-2:f:up doris-3:M:up]
19:17:27 #5 OK SELECT id=2710420 via doris-1 rows=10252 [doris-1:f:up doris-2:f:up doris-3:M:up]
19:17:28 #6 OK INSERT id=2710421 via doris-1 rows=10254 [doris-1:f:up doris-2:f:up doris-3:M:up]
19:17:29 #7 OK UPSERT id=2710421 via doris-1 rows=10254 [doris-1:f:up doris-2:f:up doris-3:M:up]
19:17:30 #8 OK SELECT id=2710421 via doris-1 rows=10254 [doris-1:f:up doris-2:f:up doris-3:M:up]
19:17:32 #9 OK DELETE id=2710421 via doris-1 rows=10252 [doris-1:f:up doris-2:f:up doris-3:M:up]
19:17:33 #10 OK SELECT id=2710421 via doris-1 rows=10252 [doris-1:f:up doris-2:f:up doris-3:M:up]
19:17:34 #11 OK INSERT id=2710422 via doris-1 rows=10254 [doris-1:f:up doris-2:f:up doris-3:M:up]
19:17:35 #12 OK UPSERT id=2710422 via doris-1 rows=10254 [doris-1:f:up doris-2:f:up doris-3:M:up]
19:17:36 #13 OK SELECT id=2710422 via doris-1 rows=10254 [doris-1:f:up doris-2:f:up doris-3:M:up]
19:17:37 #14 OK DELETE id=2710422 via doris-1 rows=10252 [doris-1:f:up doris-2:f:up doris-3:M:up]
19:17:38 #15 OK SELECT id=2710422 via doris-1 rows=10252 [doris-1:f:up doris-2:f:up doris-3:M:up]
19:17:39 #16 OK INSERT id=2710423 via doris-1 rows=10254 [doris-1:f:up doris-2:f:up doris-3:M:up]
19:17:40 #17 OK UPSERT id=2710423 via doris-1 rows=10254 [doris-1:f:up doris-2:f:up doris-3:M:up]
19:17:41 #18 OK SELECT id=2710423 via doris-1 rows=10254 [doris-1:f:up doris-2:f:up doris-3:M:up]
19:17:42 #19 OK DELETE id=2710423 via doris-1 rows=10252 [doris-1:f:up doris-2:f:up doris-3:M:up]
19:17:43 #20 OK SELECT id=2710423 via doris-1 rows=10252 [doris-1:f:up doris-2:f:up doris-3:M:up]
19:17:44 #21 OK INSERT id=2710424 via doris-1 rows=10254 [doris-1:f:up doris-2:f:up doris-3:M:up]
19:17:45 #22 OK UPSERT id=2710424 via doris-1 rows=10254 [doris-1:f:up doris-2:f:up doris-3:M:up]
19:17:46 #23 OK SELECT id=2710424 via doris-1 rows=10254 [doris-1:f:up doris-2:f:up doris-3:M:up]
19:17:48 #24 OK DELETE id=2710424 via doris-1 rows=10252 [doris-1:f:up doris-2:f:up doris-3:M:up]
19:17:49 #25 OK SELECT id=2710424 via doris-1 rows=10252 [doris-1:f:up doris-2:f:up doris-3:M:up]
19:17:50 #26 OK INSERT id=2710425 via doris-1 rows=10254 [doris-1:f:up doris-2:f:up doris-3:M:up]
19:17:51 #27 OK UPSERT id=2710425 via doris-1 rows=10254 [doris-1:f:up doris-2:f:up doris-3:M:up]
19:17:52 #28 OK SELECT id=2710425 via doris-1 rows=10254 [doris-1:f:up doris-2:f:up doris-3:M:up]
19:17:53 #29 OK DELETE id=2710425 via doris-1 rows=10252 [doris-1:f:up doris-2:f:up doris-3:M:up]
19:17:54 #30 OK SELECT id=2710425 via doris-1 rows=10252 [doris-1:f:up doris-2:f:up doris-3:M:up]
19:17:55 #31 OK INSERT id=2710426 via doris-1 rows=10254 [doris-1:f:up doris-2:f:up doris-3:M:up]
19:17:56 #32 OK UPSERT id=2710426 via doris-1 rows=10254 [doris-1:f:up doris-2:f:up doris-3:M:up]
19:17:56 EVENT break: vm stop on doris-3 (FE master)
19:17:57 #33 OK SELECT id=2710426 via doris-1 rows=10254 [doris-1:f:up doris-2:f:up doris-3:M:up]
19:17:58 #34 OK DELETE id=2710426 via doris-1 rows=10252 [doris-1:f:up doris-2:f:up doris-3:M:up]
19:17:59 #35 OK SELECT id=2710426 via doris-1 rows=10252 [doris-1:f:up doris-2:f:up doris-3:M:up]
19:18:00 #36 FAIL INSERT id=2710427 via doris-1: SQLException: Exception, msg: Failed to get master client.
19:18:00 #36 FAIL SELECT(check) id=1 via -: SQLException: Exception, msg: Node catalog is not ready, please wait for a while. To master progress: op
19:18:01 #37 FAIL INSERT id=2710428 via doris-1: SQLException: Exception, msg: Node catalog is not ready, please wait for a while. To master progress: open editlog. Frontend
19:18:01 #37 FAIL SELECT(check) id=1 via -: SQLException: Exception, msg: Node catalog is not ready, please wait for a while. To master progress: op
19:18:21 EVENT break: doris-3 is down
19:18:21 connected to doris-1 (driver-selected host)
19:18:32 #38 FAIL INSERT id=2710429 via doris-1: CommunicationsException: Communications link failure  The last packet successfully received from the server was 8,009 milliseconds ago.
19:18:33 #38 OK SELECT(check) id=1 via doris-1
19:18:34 connected to doris-1 (driver-selected host)
19:18:37 #39 OK INSERT id=2710430 via doris-1 rows=10255 [doris-1:f:up doris-2:M:up doris-3:f:DOWN] (recovered)
19:18:39 #40 OK UPSERT id=2710430 via doris-1 rows=10255 [doris-1:f:up doris-2:M:up doris-3:f:DOWN]
19:18:40 #41 OK SELECT id=2710430 via doris-1 rows=10255 [doris-1:f:up doris-2:M:up doris-3:f:DOWN]
19:18:41 #42 OK DELETE id=2710430 via doris-1 rows=10253 [doris-1:f:up doris-2:M:up doris-3:f:DOWN]
19:18:42 #43 OK SELECT id=2710430 via doris-1 rows=10253 [doris-1:f:up doris-2:M:up doris-3:f:DOWN]
19:18:43 #44 OK INSERT id=2710431 via doris-1 rows=10255 [doris-1:f:up doris-2:M:up doris-3:f:DOWN]
19:18:44 #45 OK UPSERT id=2710431 via doris-1 rows=10255 [doris-1:f:up doris-2:M:up doris-3:f:DOWN]
19:18:45 #46 OK SELECT id=2710431 via doris-1 rows=10255 [doris-1:f:up doris-2:M:up doris-3:f:DOWN]
19:18:46 #47 OK DELETE id=2710431 via doris-1 rows=10253 [doris-1:f:up doris-2:M:up doris-3:f:DOWN]
19:18:47 #48 OK SELECT id=2710431 via doris-1 rows=10253 [doris-1:f:up doris-2:M:up doris-3:f:DOWN]
19:18:48 #49 OK INSERT id=2710432 via doris-1 rows=10255 [doris-1:f:up doris-2:M:up doris-3:f:DOWN]
19:18:49 #50 OK UPSERT id=2710432 via doris-1 rows=10255 [doris-1:f:up doris-2:M:up doris-3:f:DOWN]
19:18:50 #51 OK SELECT id=2710432 via doris-1 rows=10255 [doris-1:f:up doris-2:M:up doris-3:f:DOWN]
19:18:52 #52 OK DELETE id=2710432 via doris-1 rows=10253 [doris-1:f:up doris-2:M:up doris-3:f:DOWN]
19:18:53 #53 OK SELECT id=2710432 via doris-1 rows=10253 [doris-1:f:up doris-2:M:up doris-3:f:DOWN]
19:18:54 #54 OK INSERT id=2710433 via doris-1 rows=10255 [doris-1:f:up doris-2:M:up doris-3:f:DOWN]
19:18:55 #55 OK UPSERT id=2710433 via doris-1 rows=10255 [doris-1:f:up doris-2:M:up doris-3:f:DOWN]
19:18:56 #56 OK SELECT id=2710433 via doris-1 rows=10255 [doris-1:f:up doris-2:M:up doris-3:f:DOWN]
19:18:57 #57 OK DELETE id=2710433 via doris-1 rows=10253 [doris-1:f:up doris-2:M:up doris-3:f:DOWN]
19:18:58 #58 OK SELECT id=2710433 via doris-1 rows=10253 [doris-1:f:up doris-2:M:up doris-3:f:DOWN]
19:18:59 #59 OK INSERT id=2710434 via doris-1 rows=10255 [doris-1:f:up doris-2:M:up doris-3:f:DOWN]
19:19:00 #60 OK UPSERT id=2710434 via doris-1 rows=10255 [doris-1:f:up doris-2:M:up doris-3:f:DOWN]
19:19:01 #61 OK SELECT id=2710434 via doris-1 rows=10255 [doris-1:f:up doris-2:M:up doris-3:f:DOWN]
19:19:02 #62 OK DELETE id=2710434 via doris-1 rows=10253 [doris-1:f:up doris-2:M:up doris-3:f:DOWN]
19:19:03 #63 OK SELECT id=2710434 via doris-1 rows=10253 [doris-1:f:up doris-2:M:up doris-3:f:DOWN]
19:19:05 #64 OK INSERT id=2710435 via doris-1 rows=10255 [doris-1:f:up doris-2:M:up doris-3:f:DOWN]
19:19:06 #65 OK UPSERT id=2710435 via doris-1 rows=10255 [doris-1:f:up doris-2:M:up doris-3:f:DOWN]
19:19:07 #66 OK SELECT id=2710435 via doris-1 rows=10255 [doris-1:f:up doris-2:M:up doris-3:f:DOWN]
19:19:08 #67 OK DELETE id=2710435 via doris-1 rows=10253 [doris-1:f:up doris-2:M:up doris-3:f:DOWN]
19:19:09 #68 OK SELECT id=2710435 via doris-1 rows=10253 [doris-1:f:up doris-2:M:up doris-3:f:DOWN]
19:19:10 #69 OK INSERT id=2710436 via doris-1 rows=10255 [doris-1:f:up doris-2:M:up doris-3:f:DOWN]
19:19:11 #70 OK UPSERT id=2710436 via doris-1 rows=10255 [doris-1:f:up doris-2:M:up doris-3:f:DOWN]
19:19:12 #71 OK SELECT id=2710436 via doris-1 rows=10255 [doris-1:f:up doris-2:M:up doris-3:f:DOWN]
19:19:13 #72 OK DELETE id=2710436 via doris-1 rows=10253 [doris-1:f:up doris-2:M:up doris-3:f:DOWN]
19:19:14 #73 OK SELECT id=2710436 via doris-1 rows=10253 [doris-1:f:up doris-2:M:up doris-3:f:DOWN]
19:19:15 #74 OK INSERT id=2710437 via doris-1 rows=10255 [doris-1:f:up doris-2:M:up doris-3:f:DOWN]
19:19:16 #75 OK UPSERT id=2710437 via doris-1 rows=10255 [doris-1:f:up doris-2:M:up doris-3:f:DOWN]
19:19:17 #76 OK SELECT id=2710437 via doris-1 rows=10255 [doris-1:f:up doris-2:M:up doris-3:f:DOWN]
19:19:19 #77 OK DELETE id=2710437 via doris-1 rows=10253 [doris-1:f:up doris-2:M:up doris-3:f:DOWN]
19:19:20 #78 OK SELECT id=2710437 via doris-1 rows=10253 [doris-1:f:up doris-2:M:up doris-3:f:DOWN]
19:19:21 #79 OK INSERT id=2710438 via doris-1 rows=10255 [doris-1:f:up doris-2:M:up doris-3:f:DOWN]
19:19:22 #80 OK UPSERT id=2710438 via doris-1 rows=10255 [doris-1:f:up doris-2:M:up doris-3:f:DOWN]
19:19:23 #81 OK SELECT id=2710438 via doris-1 rows=10255 [doris-1:f:up doris-2:M:up doris-3:f:DOWN]
19:19:24 #82 OK DELETE id=2710438 via doris-1 rows=10253 [doris-1:f:up doris-2:M:up doris-3:f:DOWN]
19:19:25 #83 OK SELECT id=2710438 via doris-1 rows=10253 [doris-1:f:up doris-2:M:up doris-3:f:DOWN]
19:19:26 #84 OK INSERT id=2710439 via doris-1 rows=10255 [doris-1:f:up doris-2:M:up doris-3:f:DOWN]
19:19:27 #85 OK UPSERT id=2710439 via doris-1 rows=10255 [doris-1:f:up doris-2:M:up doris-3:f:DOWN]
19:19:28 #86 OK SELECT id=2710439 via doris-1 rows=10255 [doris-1:f:up doris-2:M:up doris-3:f:DOWN]
19:19:29 #87 OK DELETE id=2710439 via doris-1 rows=10253 [doris-1:f:up doris-2:M:up doris-3:f:DOWN]
19:19:30 #88 OK SELECT id=2710439 via doris-1 rows=10253 [doris-1:f:up doris-2:M:up doris-3:f:DOWN]
19:19:31 #89 OK INSERT id=2710440 via doris-1 rows=10255 [doris-1:f:up doris-2:M:up doris-3:f:DOWN]
19:19:33 #90 OK UPSERT id=2710440 via doris-1 rows=10255 [doris-1:f:up doris-2:M:up doris-3:f:DOWN]
19:19:34 #91 OK SELECT id=2710440 via doris-1 rows=10255 [doris-1:f:up doris-2:M:up doris-3:f:DOWN]
19:19:35 #92 OK DELETE id=2710440 via doris-1 rows=10253 [doris-1:f:up doris-2:M:up doris-3:f:DOWN]
19:19:36 #93 OK SELECT id=2710440 via doris-1 rows=10253 [doris-1:f:up doris-2:M:up doris-3:f:DOWN]
19:19:37 #94 OK INSERT id=2710441 via doris-1 rows=10255 [doris-1:f:up doris-2:M:up doris-3:f:DOWN]
19:19:38 #95 OK UPSERT id=2710441 via doris-1 rows=10255 [doris-1:f:up doris-2:M:up doris-3:f:DOWN]
19:19:39 #96 OK SELECT id=2710441 via doris-1 rows=10255 [doris-1:f:up doris-2:M:up doris-3:f:DOWN]
19:19:40 #97 OK DELETE id=2710441 via doris-1 rows=10253 [doris-1:f:up doris-2:M:up doris-3:f:DOWN]
19:19:41 #98 OK SELECT id=2710441 via doris-1 rows=10253 [doris-1:f:up doris-2:M:up doris-3:f:DOWN]
19:19:42 #99 OK INSERT id=2710442 via doris-1 rows=10255 [doris-1:f:up doris-2:M:up doris-3:f:DOWN]
19:19:43 #100 OK UPSERT id=2710442 via doris-1 rows=10255 [doris-1:f:up doris-2:M:up doris-3:f:DOWN]
19:19:44 #101 OK SELECT id=2710442 via doris-1 rows=10255 [doris-1:f:up doris-2:M:up doris-3:f:DOWN]
19:19:45 #102 OK DELETE id=2710442 via doris-1 rows=10253 [doris-1:f:up doris-2:M:up doris-3:f:DOWN]
19:19:47 #103 OK SELECT id=2710442 via doris-1 rows=10253 [doris-1:f:up doris-2:M:up doris-3:f:DOWN]
19:19:48 #104 OK INSERT id=2710443 via doris-1 rows=10255 [doris-1:f:up doris-2:M:up doris-3:f:DOWN]
19:19:49 #105 OK UPSERT id=2710443 via doris-1 rows=10255 [doris-1:f:up doris-2:M:up doris-3:f:DOWN]
19:19:50 #106 OK SELECT id=2710443 via doris-1 rows=10255 [doris-1:f:up doris-2:M:up doris-3:f:DOWN]
19:19:51 #107 OK DELETE id=2710443 via doris-1 rows=10253 [doris-1:f:up doris-2:M:up doris-3:f:DOWN]
19:19:52 #108 OK SELECT id=2710443 via doris-1 rows=10253 [doris-1:f:up doris-2:M:up doris-3:f:DOWN]
19:19:53 #109 OK INSERT id=2710444 via doris-1 rows=10255 [doris-1:f:up doris-2:M:up doris-3:f:DOWN]
19:19:54 #110 OK UPSERT id=2710444 via doris-1 rows=10255 [doris-1:f:up doris-2:M:up doris-3:f:DOWN]
19:19:55 #111 OK SELECT id=2710444 via doris-1 rows=10255 [doris-1:f:up doris-2:M:up doris-3:f:DOWN]
19:19:56 #112 OK DELETE id=2710444 via doris-1 rows=10253 [doris-1:f:up doris-2:M:up doris-3:f:DOWN]
19:19:57 #113 OK SELECT id=2710444 via doris-1 rows=10253 [doris-1:f:up doris-2:M:up doris-3:f:DOWN]
19:19:58 #114 OK INSERT id=2710445 via doris-1 rows=10255 [doris-1:f:up doris-2:M:up doris-3:f:DOWN]
19:19:59 EVENT restore: start doris-3
19:19:59 #115 OK UPSERT id=2710445 via doris-1 rows=10255 [doris-1:f:up doris-2:M:up doris-3:f:DOWN]
19:20:00 #116 OK SELECT id=2710445 via doris-1 rows=10255 [doris-1:f:up doris-2:M:up doris-3:f:DOWN]
19:20:02 #117 OK DELETE id=2710445 via doris-1 rows=10253 [doris-1:f:up doris-2:M:up doris-3:f:DOWN]
19:20:03 #118 OK SELECT id=2710445 via doris-1 rows=10253 [doris-1:f:up doris-2:M:up doris-3:f:DOWN]
19:20:04 #119 OK INSERT id=2710446 via doris-1 rows=10255 [doris-1:f:up doris-2:M:up doris-3:f:DOWN]
19:20:05 #120 OK UPSERT id=2710446 via doris-1 rows=10255 [doris-1:f:up doris-2:M:up doris-3:f:DOWN]
19:20:06 #121 OK SELECT id=2710446 via doris-1 rows=10255 [doris-1:f:up doris-2:M:up doris-3:f:DOWN]
19:20:07 #122 OK DELETE id=2710446 via doris-1 rows=10253 [doris-1:f:up doris-2:M:up doris-3:f:DOWN]
19:20:08 #123 OK SELECT id=2710446 via doris-1 rows=10253 [doris-1:f:up doris-2:M:up doris-3:f:DOWN]
19:20:09 #124 OK INSERT id=2710447 via doris-1 rows=10255 [doris-1:f:up doris-2:M:up doris-3:f:DOWN]
19:20:10 #125 OK UPSERT id=2710447 via doris-1 rows=10255 [doris-1:f:up doris-2:M:up doris-3:f:DOWN]
19:20:11 #126 OK SELECT id=2710447 via doris-1 rows=10255 [doris-1:f:up doris-2:M:up doris-3:f:DOWN]
19:20:12 #127 OK DELETE id=2710447 via doris-1 rows=10253 [doris-1:f:up doris-2:M:up doris-3:f:DOWN]
19:20:13 #128 OK SELECT id=2710447 via doris-1 rows=10253 [doris-1:f:up doris-2:M:up doris-3:f:DOWN]
19:20:14 #129 OK INSERT id=2710448 via doris-1 rows=10255 [doris-1:f:up doris-2:M:up doris-3:f:DOWN]
19:20:15 #130 OK UPSERT id=2710448 via doris-1 rows=10255 [doris-1:f:up doris-2:M:up doris-3:f:DOWN]
19:20:16 #131 OK SELECT id=2710448 via doris-1 rows=10255 [doris-1:f:up doris-2:M:up doris-3:f:DOWN]
19:20:18 #132 OK DELETE id=2710448 via doris-1 rows=10253 [doris-1:f:up doris-2:M:up doris-3:f:DOWN]
19:20:19 #133 OK SELECT id=2710448 via doris-1 rows=10253 [doris-1:f:up doris-2:M:up doris-3:f:DOWN]
19:20:20 #134 OK INSERT id=2710449 via doris-1 rows=10255 [doris-1:f:up doris-2:M:up doris-3:f:DOWN]
19:20:21 #135 OK UPSERT id=2710449 via doris-1 rows=10255 [doris-1:f:up doris-2:M:up doris-3:f:DOWN]
19:20:22 #136 OK SELECT id=2710449 via doris-1 rows=10255 [doris-1:f:up doris-2:M:up doris-3:f:DOWN]
19:20:23 #137 OK DELETE id=2710449 via doris-1 rows=10253 [doris-1:f:up doris-2:M:up doris-3:f:DOWN]
19:20:24 #138 OK SELECT id=2710449 via doris-1 rows=10253 [doris-1:f:up doris-2:M:up doris-3:f:DOWN]
19:20:25 #139 OK INSERT id=2710450 via doris-1 rows=10255 [doris-1:f:up doris-2:M:up doris-3:f:DOWN]
19:20:26 #140 OK UPSERT id=2710450 via doris-1 rows=10255 [doris-1:f:up doris-2:M:up doris-3:f:DOWN]
19:20:27 #141 OK SELECT id=2710450 via doris-1 rows=10255 [doris-1:f:up doris-2:M:up doris-3:f:DOWN]
19:20:28 #142 OK DELETE id=2710450 via doris-1 rows=10253 [doris-1:f:up doris-2:M:up doris-3:f:DOWN]
19:20:29 #143 OK SELECT id=2710450 via doris-1 rows=10253 [doris-1:f:up doris-2:M:up doris-3:f:DOWN]
19:20:30 #144 OK INSERT id=2710451 via doris-1 rows=10255 [doris-1:f:up doris-2:M:up doris-3:f:DOWN]
19:20:31 #145 OK UPSERT id=2710451 via doris-1 rows=10255 [doris-1:f:up doris-2:M:up doris-3:f:DOWN]
19:20:33 #146 OK SELECT id=2710451 via doris-1 rows=10255 [doris-1:f:up doris-2:M:up doris-3:f:DOWN]
19:20:34 #147 OK DELETE id=2710451 via doris-1 rows=10253 [doris-1:f:up doris-2:M:up doris-3:f:DOWN]
19:20:35 #148 OK SELECT id=2710451 via doris-1 rows=10253 [doris-1:f:up doris-2:M:up doris-3:f:DOWN]
19:20:36 #149 OK INSERT id=2710452 via doris-1 rows=10255 [doris-1:f:up doris-2:M:up doris-3:f:up]
19:20:37 #150 OK UPSERT id=2710452 via doris-1 rows=10255 [doris-1:f:up doris-2:M:up doris-3:f:up]
19:20:38 #151 OK SELECT id=2710452 via doris-1 rows=10255 [doris-1:f:up doris-2:M:up doris-3:f:up]
19:20:39 #152 OK DELETE id=2710452 via doris-1 rows=10253 [doris-1:f:up doris-2:M:up doris-3:f:up]
19:20:40 #153 OK SELECT id=2710452 via doris-1 rows=10253 [doris-1:f:up doris-2:M:up doris-3:f:up]
19:20:41 #154 OK INSERT id=2710453 via doris-1 rows=10255 [doris-1:f:up doris-2:M:up doris-3:f:up]
19:20:42 EVENT restore: cluster healthy
19:20:42 #155 OK UPSERT id=2710453 via doris-1 rows=10255 [doris-1:f:up doris-2:M:up doris-3:f:up]
19:20:43 #156 OK SELECT id=2710453 via doris-1 rows=10255 [doris-1:f:up doris-2:M:up doris-3:f:up]
19:20:44 #157 OK DELETE id=2710453 via doris-1 rows=10253 [doris-1:f:up doris-2:M:up doris-3:f:up]
19:20:45 #158 OK SELECT id=2710453 via doris-1 rows=10253 [doris-1:f:up doris-2:M:up doris-3:f:up]
19:20:46 #159 OK INSERT id=2710454 via doris-1 rows=10255 [doris-1:f:up doris-2:M:up doris-3:f:up]
19:20:48 #160 OK UPSERT id=2710454 via doris-1 rows=10255 [doris-1:f:up doris-2:M:up doris-3:f:up]
19:20:49 #161 OK SELECT id=2710454 via doris-1 rows=10255 [doris-1:f:up doris-2:M:up doris-3:f:up]
19:20:50 #162 OK DELETE id=2710454 via doris-1 rows=10253 [doris-1:f:up doris-2:M:up doris-3:f:up]
19:20:51 #163 OK SELECT id=2710454 via doris-1 rows=10253 [doris-1:f:up doris-2:M:up doris-3:f:up]
19:20:52 #164 OK INSERT id=2710455 via doris-1 rows=10255 [doris-1:f:up doris-2:M:up doris-3:f:up]
19:20:53 #165 OK UPSERT id=2710455 via doris-1 rows=10255 [doris-1:f:up doris-2:M:up doris-3:f:up]
19:20:54 #166 OK SELECT id=2710455 via doris-1 rows=10255 [doris-1:f:up doris-2:M:up doris-3:f:up]
19:20:55 #167 OK DELETE id=2710455 via doris-1 rows=10253 [doris-1:f:up doris-2:M:up doris-3:f:up]
19:20:56 #168 OK SELECT id=2710455 via doris-1 rows=10253 [doris-1:f:up doris-2:M:up doris-3:f:up]
19:20:57 #169 OK INSERT id=2710456 via doris-1 rows=10255 [doris-1:f:up doris-2:M:up doris-3:f:up]
19:20:58 #170 OK UPSERT id=2710456 via doris-1 rows=10255 [doris-1:f:up doris-2:M:up doris-3:f:up]
19:20:59 #171 OK SELECT id=2710456 via doris-1 rows=10255 [doris-1:f:up doris-2:M:up doris-3:f:up]
19:21:00 #172 OK DELETE id=2710456 via doris-1 rows=10253 [doris-1:f:up doris-2:M:up doris-3:f:up]
19:21:01 #173 OK SELECT id=2710456 via doris-1 rows=10253 [doris-1:f:up doris-2:M:up doris-3:f:up]
19:21:02 #174 OK INSERT id=2710457 via doris-1 rows=10255 [doris-1:f:up doris-2:M:up doris-3:f:up]
19:21:04 #175 OK UPSERT id=2710457 via doris-1 rows=10255 [doris-1:f:up doris-2:M:up doris-3:f:up]
19:21:05 #176 OK SELECT id=2710457 via doris-1 rows=10255 [doris-1:f:up doris-2:M:up doris-3:f:up]
19:21:06 #177 OK DELETE id=2710457 via doris-1 rows=10253 [doris-1:f:up doris-2:M:up doris-3:f:up]
19:21:07 #178 OK SELECT id=2710457 via doris-1 rows=10253 [doris-1:f:up doris-2:M:up doris-3:f:up]
19:21:08 #179 OK INSERT id=2710458 via doris-1 rows=10255 [doris-1:f:up doris-2:M:up doris-3:f:up]
19:21:09 #180 OK UPSERT id=2710458 via doris-1 rows=10255 [doris-1:f:up doris-2:M:up doris-3:f:up]
19:21:10 #181 OK SELECT id=2710458 via doris-1 rows=10255 [doris-1:f:up doris-2:M:up doris-3:f:up]
