18:19:30 PROBE start proto=arrow-flight hosts=doris-1,doris-2,doris-3 duration=86400s cycle=INSERT>UPSERT>SELECT>DELETE>SELECT
18:19:31 connected to doris-1 (10.140.0.2)
18:19:31 DML unsupported over arrow-flight (InternalError: RuntimeException, msg: getMysqlChannel not in mysql connection (Internal; ExecuteQuery)) — switching to SELECT-only mode
18:19:31 #1 OK SELECT id=3675700 via doris-1 rows=10219 [doris-1:f:up doris-2:M:up doris-3:f:up]
18:19:32 #2 OK SELECT id=3675700 via doris-1 rows=10219 [doris-1:f:up doris-2:M:up doris-3:f:up]
18:19:33 #3 OK SELECT id=3675700 via doris-1 rows=10219 [doris-1:f:up doris-2:M:up doris-3:f:up]
18:19:34 #4 OK SELECT id=3675700 via doris-1 rows=10217 [doris-1:f:up doris-2:M:up doris-3:f:up]
18:19:35 #5 OK SELECT id=3675700 via doris-1 rows=10217 [doris-1:f:up doris-2:M:up doris-3:f:up]
18:19:37 #6 OK SELECT id=3675700 via doris-1 rows=10219 [doris-1:f:up doris-2:M:up doris-3:f:up]
18:19:38 #7 OK SELECT id=3675700 via doris-1 rows=10219 [doris-1:f:up doris-2:M:up doris-3:f:up]
18:19:39 #8 OK SELECT id=3675700 via doris-1 rows=10219 [doris-1:f:up doris-2:M:up doris-3:f:up]
18:19:40 #9 OK SELECT id=3675700 via doris-1 rows=10217 [doris-1:f:up doris-2:M:up doris-3:f:up]
18:19:41 #10 OK SELECT id=3675700 via doris-1 rows=10217 [doris-1:f:up doris-2:M:up doris-3:f:up]
18:19:42 #11 OK SELECT id=3675700 via doris-1 rows=10219 [doris-1:f:up doris-2:M:up doris-3:f:up]
18:19:43 #12 OK SELECT id=3675700 via doris-1 rows=10219 [doris-1:f:up doris-2:M:up doris-3:f:up]
18:19:44 #13 OK SELECT id=3675700 via doris-1 rows=10218 [doris-1:f:up doris-2:M:up doris-3:f:up]
18:19:45 #14 OK SELECT id=3675700 via doris-1 rows=10217 [doris-1:f:up doris-2:M:up doris-3:f:up]
18:19:46 #15 OK SELECT id=3675700 via doris-1 rows=10218 [doris-1:f:up doris-2:M:up doris-3:f:up]
18:19:48 #16 OK SELECT id=3675700 via doris-1 rows=10219 [doris-1:f:up doris-2:M:up doris-3:f:up]
18:19:49 #17 OK SELECT id=3675700 via doris-1 rows=10219 [doris-1:f:up doris-2:M:up doris-3:f:up]
18:19:50 #18 OK SELECT id=3675700 via doris-1 rows=10218 [doris-1:f:up doris-2:M:up doris-3:f:up]
18:19:51 #19 OK SELECT id=3675700 via doris-1 rows=10217 [doris-1:f:up doris-2:M:up doris-3:f:up]
18:19:52 #20 OK SELECT id=3675700 via doris-1 rows=10218 [doris-1:f:up doris-2:M:up doris-3:f:up]
18:19:53 #21 OK SELECT id=3675700 via doris-1 rows=10219 [doris-1:f:up doris-2:M:up doris-3:f:up]
18:19:54 #22 OK SELECT id=3675700 via doris-1 rows=10219 [doris-1:f:up doris-2:M:up doris-3:f:up]
18:19:55 #23 OK SELECT id=3675700 via doris-1 rows=10218 [doris-1:f:up doris-2:M:up doris-3:f:up]
18:19:56 #24 OK SELECT id=3675700 via doris-1 rows=10217 [doris-1:f:up doris-2:M:up doris-3:f:up]
18:19:57 #25 OK SELECT id=3675700 via doris-1 rows=10218 [doris-1:f:up doris-2:M:up doris-3:f:up]
18:19:58 #26 OK SELECT id=3675700 via doris-1 rows=10219 [doris-1:f:up doris-2:M:up doris-3:f:up]
18:19:59 #27 OK SELECT id=3675700 via doris-1 rows=10219 [doris-1:f:up doris-2:M:up doris-3:f:up]
18:20:01 #28 OK SELECT id=3675700 via doris-1 rows=10218 [doris-1:f:up doris-2:M:up doris-3:f:up]
18:20:02 #29 OK SELECT id=3675700 via doris-1 rows=10217 [doris-1:f:up doris-2:M:up doris-3:f:up]
18:20:03 #30 OK SELECT id=3675700 via doris-1 rows=10218 [doris-1:f:up doris-2:M:up doris-3:f:up]
18:20:04 #31 OK SELECT id=3675700 via doris-1 rows=10219 [doris-1:f:up doris-2:M:up doris-3:f:up]
18:20:04 EVENT break: fe crash on doris-2 (FE master)
18:20:05 #32 OK SELECT id=3675700 via doris-1 rows=10219 [doris-1:f:up doris-2:M:up doris-3:f:up]
18:20:11 #33 OK SELECT id=3675700 via doris-1 rows=10218 [?]
18:20:12 #34 OK SELECT id=3675700 via doris-1 rows=10220 [doris-1:f:up doris-2:f:DOWN doris-3:M:up]
18:20:13 #35 OK SELECT id=3675700 via doris-1 rows=10220 [?]
18:20:14 #36 OK SELECT id=3675700 via doris-1 rows=10220 [?]
18:20:15 #37 OK SELECT id=3675700 via doris-1 rows=10220 [doris-1:f:up doris-2:f:DOWN doris-3:M:up]
18:20:16 #38 OK SELECT id=3675700 via doris-1 rows=10220 [doris-1:f:up doris-2:f:DOWN doris-3:M:up]
18:20:17 #39 OK SELECT id=3675700 via doris-1 rows=10219 [doris-1:f:up doris-2:f:DOWN doris-3:M:up]
18:20:18 #40 OK SELECT id=3675700 via doris-1 rows=10219 [doris-1:f:up doris-2:f:DOWN doris-3:M:up]
18:20:19 #41 OK SELECT id=3675700 via doris-1 rows=10219 [doris-1:f:up doris-2:f:DOWN doris-3:M:up]
18:20:20 #42 OK SELECT id=3675700 via doris-1 rows=10219 [doris-1:f:up doris-2:f:DOWN doris-3:M:up]
18:20:21 #43 OK SELECT id=3675700 via doris-1 rows=10220 [doris-1:f:up doris-2:f:DOWN doris-3:M:up]
18:20:22 EVENT recovered: fe restarted by systemd on doris-2 (+9s)
18:20:23 #44 OK SELECT id=3675700 via doris-1 rows=10219 [doris-1:f:up doris-2:f:DOWN doris-3:M:up]
18:20:24 #45 OK SELECT id=3675700 via doris-1 rows=10219 [doris-1:f:up doris-2:f:DOWN doris-3:M:up]
18:20:25 #46 OK SELECT id=3675700 via doris-1 rows=10219 [doris-1:f:up doris-2:f:DOWN doris-3:M:up]
18:20:26 #47 OK SELECT id=3675700 via doris-1 rows=10219 [doris-1:f:up doris-2:f:DOWN doris-3:M:up]
18:20:27 #48 OK SELECT id=3675700 via doris-1 rows=10220 [doris-1:f:up doris-2:f:DOWN doris-3:M:up]
18:20:28 #49 OK SELECT id=3675700 via doris-1 rows=10220 [doris-1:f:up doris-2:f:up doris-3:M:up]
18:20:29 #50 OK SELECT id=3675700 via doris-1 rows=10220 [doris-1:f:up doris-2:f:up doris-3:M:up]
18:20:30 #51 OK SELECT id=3675700 via doris-1 rows=10220 [doris-1:f:up doris-2:f:up doris-3:M:up]
18:20:31 #52 OK SELECT id=3675700 via doris-1 rows=10220 [doris-1:f:up doris-2:f:up doris-3:M:up]
18:20:32 #53 OK SELECT id=3675700 via doris-1 rows=10220 [doris-1:f:up doris-2:f:up doris-3:M:up]
18:20:33 #54 OK SELECT id=3675700 via doris-1 rows=10220 [doris-1:f:up doris-2:f:up doris-3:M:up]
18:20:35 #55 OK SELECT id=3675700 via doris-1 rows=10220 [doris-1:f:up doris-2:f:up doris-3:M:up]
18:20:36 #56 OK SELECT id=3675700 via doris-1 rows=10220 [doris-1:f:up doris-2:f:up doris-3:M:up]
18:20:37 #57 OK SELECT id=3675700 via doris-1 rows=10219 [doris-1:f:up doris-2:f:up doris-3:M:up]
18:20:38 #58 OK SELECT id=3675700 via doris-1 rows=10219 [doris-1:f:up doris-2:f:up doris-3:M:up]
18:20:39 #59 OK SELECT id=3675700 via doris-1 rows=10219 [doris-1:f:up doris-2:f:up doris-3:M:up]
18:20:40 #60 OK SELECT id=3675700 via doris-1 rows=10219 [doris-1:f:up doris-2:f:up doris-3:M:up]
18:20:41 #61 OK SELECT id=3675700 via doris-1 rows=10219 [doris-1:f:up doris-2:f:up doris-3:M:up]
18:20:42 #62 OK SELECT id=3675700 via doris-1 rows=10219 [doris-1:f:up doris-2:f:up doris-3:M:up]
18:20:43 #63 OK SELECT id=3675700 via doris-1 rows=10219 [doris-1:f:up doris-2:f:up doris-3:M:up]
18:20:44 #64 OK SELECT id=3675700 via doris-1 rows=10219 [doris-1:f:up doris-2:f:up doris-3:M:up]
18:20:45 #65 OK SELECT id=3675700 via doris-1 rows=10219 [doris-1:f:up doris-2:f:up doris-3:M:up]
18:20:47 #66 OK SELECT id=3675700 via doris-1 rows=10220 [doris-1:f:up doris-2:f:up doris-3:M:up]
18:20:48 #67 OK SELECT id=3675700 via doris-1 rows=10222 [doris-1:f:up doris-2:f:up doris-3:M:up]
18:20:49 #68 OK SELECT id=3675700 via doris-1 rows=10222 [doris-1:f:up doris-2:f:up doris-3:M:up]
18:20:50 #69 OK SELECT id=3675700 via doris-1 rows=10222 [doris-1:f:up doris-2:f:up doris-3:M:up]
18:20:51 #70 OK SELECT id=3675700 via doris-1 rows=10220 [doris-1:f:up doris-2:f:up doris-3:M:up]
18:20:52 #71 OK SELECT id=3675700 via doris-1 rows=10220 [doris-1:f:up doris-2:f:up doris-3:M:up]
18:20:53 #72 OK SELECT id=3675700 via doris-1 rows=10222 [doris-1:f:up doris-2:f:up doris-3:M:up]
18:20:54 #73 OK SELECT id=3675700 via doris-1 rows=10222 [doris-1:f:up doris-2:f:up doris-3:M:up]
18:20:55 #74 OK SELECT id=3675700 via doris-1 rows=10222 [doris-1:f:up doris-2:f:up doris-3:M:up]
18:20:56 #75 OK SELECT id=3675700 via doris-1 rows=10220 [doris-1:f:up doris-2:f:up doris-3:M:up]
18:20:57 #76 OK SELECT id=3675700 via doris-1 rows=10220 [doris-1:f:up doris-2:f:up doris-3:M:up]
18:20:58 #77 OK SELECT id=3675700 via doris-1 rows=10222 [doris-1:f:up doris-2:f:up doris-3:M:up]
18:20:59 #78 OK SELECT id=3675700 via doris-1 rows=10222 [doris-1:f:up doris-2:f:up doris-3:M:up]
18:21:00 #79 OK SELECT id=3675700 via doris-1 rows=10222 [doris-1:f:up doris-2:f:up doris-3:M:up]
18:21:02 #80 OK SELECT id=3675700 via doris-1 rows=10220 [doris-1:f:up doris-2:f:up doris-3:M:up]
18:21:03 #81 OK SELECT id=3675700 via doris-1 rows=10220 [doris-1:f:up doris-2:f:up doris-3:M:up]
18:21:04 #82 OK SELECT id=3675700 via doris-1 rows=10222 [doris-1:f:up doris-2:f:up doris-3:M:up]
18:21:05 #83 OK SELECT id=3675700 via doris-1 rows=10222 [doris-1:f:up doris-2:f:up doris-3:M:up]
18:21:06 #84 OK SELECT id=3675700 via doris-1 rows=10222 [doris-1:f:up doris-2:f:up doris-3:M:up]
18:21:07 #85 OK SELECT id=3675700 via doris-1 rows=10220 [doris-1:f:up doris-2:f:up doris-3:M:up]
18:21:08 #86 OK SELECT id=3675700 via doris-1 rows=10220 [doris-1:f:up doris-2:f:up doris-3:M:up]
18:21:09 #87 OK SELECT id=3675700 via doris-1 rows=10222 [doris-1:f:up doris-2:f:up doris-3:M:up]
18:21:10 #88 OK SELECT id=3675700 via doris-1 rows=10222 [doris-1:f:up doris-2:f:up doris-3:M:up]
18:21:11 #89 OK SELECT id=3675700 via doris-1 rows=10222 [doris-1:f:up doris-2:f:up doris-3:M:up]
18:21:12 #90 OK SELECT id=3675700 via doris-1 rows=10220 [doris-1:f:up doris-2:f:up doris-3:M:up]
18:21:13 #91 OK SELECT id=3675700 via doris-1 rows=10220 [doris-1:f:up doris-2:f:up doris-3:M:up]
18:21:14 #92 OK SELECT id=3675700 via doris-1 rows=10222 [doris-1:f:up doris-2:f:up doris-3:M:up]
18:21:15 #93 OK SELECT id=3675700 via doris-1 rows=10222 [doris-1:f:up doris-2:f:up doris-3:M:up]
18:21:16 #94 OK SELECT id=3675700 via doris-1 rows=10222 [doris-1:f:up doris-2:f:up doris-3:M:up]
18:21:18 #95 OK SELECT id=3675700 via doris-1 rows=10220 [doris-1:f:up doris-2:f:up doris-3:M:up]
18:21:19 #96 OK SELECT id=3675700 via doris-1 rows=10220 [doris-1:f:up doris-2:f:up doris-3:M:up]
18:21:20 #97 OK SELECT id=3675700 via doris-1 rows=10222 [doris-1:f:up doris-2:f:up doris-3:M:up]
18:21:21 #98 OK SELECT id=3675700 via doris-1 rows=10222 [doris-1:f:up doris-2:f:up doris-3:M:up]
18:21:22 #99 OK SELECT id=3675700 via doris-1 rows=10222 [doris-1:f:up doris-2:f:up doris-3:M:up]
18:21:23 #100 OK SELECT id=3675700 via doris-1 rows=10220 [doris-1:f:up doris-2:f:up doris-3:M:up]
18:21:24 #101 OK SELECT id=3675700 via doris-1 rows=10220 [doris-1:f:up doris-2:f:up doris-3:M:up]
18:21:25 #102 OK SELECT id=3675700 via doris-1 rows=10222 [doris-1:f:up doris-2:f:up doris-3:M:up]
18:21:26 #103 OK SELECT id=3675700 via doris-1 rows=10222 [doris-1:f:up doris-2:f:up doris-3:M:up]
18:21:27 #104 OK SELECT id=3675700 via doris-1 rows=10222 [doris-1:f:up doris-2:f:up doris-3:M:up]
18:21:28 #105 OK SELECT id=3675700 via doris-1 rows=10220 [doris-1:f:up doris-2:f:up doris-3:M:up]
18:21:29 #106 OK SELECT id=3675700 via doris-1 rows=10220 [doris-1:f:up doris-2:f:up doris-3:M:up]
18:21:30 #107 OK SELECT id=3675700 via doris-1 rows=10222 [doris-1:f:up doris-2:f:up doris-3:M:up]
18:21:31 #108 OK SELECT id=3675700 via doris-1 rows=10222 [doris-1:f:up doris-2:f:up doris-3:M:up]
18:21:32 #109 OK SELECT id=3675700 via doris-1 rows=10222 [doris-1:f:up doris-2:f:up doris-3:M:up]
18:21:33 #110 OK SELECT id=3675700 via doris-1 rows=10220 [doris-1:f:up doris-2:f:up doris-3:M:up]
18:21:35 #111 OK SELECT id=3675700 via doris-1 rows=10220 [doris-1:f:up doris-2:f:up doris-3:M:up]
18:21:36 #112 OK SELECT id=3675700 via doris-1 rows=10222 [doris-1:f:up doris-2:f:up doris-3:M:up]
18:21:37 #113 OK SELECT id=3675700 via doris-1 rows=10222 [doris-1:f:up doris-2:f:up doris-3:M:up]
18:21:38 #114 OK SELECT id=3675700 via doris-1 rows=10222 [doris-1:f:up doris-2:f:up doris-3:M:up]
18:21:39 #115 OK SELECT id=3675700 via doris-1 rows=10220 [doris-1:f:up doris-2:f:up doris-3:M:up]
18:21:40 #116 OK SELECT id=3675700 via doris-1 rows=10220 [doris-1:f:up doris-2:f:up doris-3:M:up]
18:21:41 #117 OK SELECT id=3675700 via doris-1 rows=10221 [doris-1:f:up doris-2:f:up doris-3:M:up]
18:21:42 #118 OK SELECT id=3675700 via doris-1 rows=10222 [doris-1:f:up doris-2:f:up doris-3:M:up]
18:21:43 #119 OK SELECT id=3675700 via doris-1 rows=10222 [doris-1:f:up doris-2:f:up doris-3:M:up]
18:21:44 #120 OK SELECT id=3675700 via doris-1 rows=10222 [doris-1:f:up doris-2:f:up doris-3:M:up]
18:21:45 #121 OK SELECT id=3675700 via doris-1 rows=10220 [doris-1:f:up doris-2:f:up doris-3:M:up]
18:21:46 #122 OK SELECT id=3675700 via doris-1 rows=10220 [doris-1:f:up doris-2:f:up doris-3:M:up]
18:21:47 #123 OK SELECT id=3675700 via doris-1 rows=10222 [doris-1:f:up doris-2:f:up doris-3:M:up]
18:21:48 #124 OK SELECT id=3675700 via doris-1 rows=10222 [doris-1:f:up doris-2:f:up doris-3:M:up]
18:21:50 #125 OK SELECT id=3675700 via doris-1 rows=10222 [doris-1:f:up doris-2:f:up doris-3:M:up]
18:21:51 #126 OK SELECT id=3675700 via doris-1 rows=10220 [doris-1:f:up doris-2:f:up doris-3:M:up]
18:21:52 #127 OK SELECT id=3675700 via doris-1 rows=10220 [doris-1:f:up doris-2:f:up doris-3:M:up]
18:21:53 #128 OK SELECT id=3675700 via doris-1 rows=10222 [doris-1:f:up doris-2:f:up doris-3:M:up]
18:21:54 #129 OK SELECT id=3675700 via doris-1 rows=10222 [doris-1:f:up doris-2:f:up doris-3:M:up]
18:21:55 #130 OK SELECT id=3675700 via doris-1 rows=10222 [doris-1:f:up doris-2:f:up doris-3:M:up]
18:21:56 #131 OK SELECT id=3675700 via doris-1 rows=10220 [doris-1:f:up doris-2:f:up doris-3:M:up]
18:21:57 #132 OK SELECT id=3675700 via doris-1 rows=10220 [doris-1:f:up doris-2:f:up doris-3:M:up]
18:21:58 #133 OK SELECT id=3675700 via doris-1 rows=10222 [doris-1:f:up doris-2:f:up doris-3:M:up]
18:21:59 #134 OK SELECT id=3675700 via doris-1 rows=10222 [doris-1:f:up doris-2:f:up doris-3:M:up]
18:22:00 #135 OK SELECT id=3675700 via doris-1 rows=10222 [doris-1:f:up doris-2:f:up doris-3:M:up]
18:22:01 EVENT restore: verify fe on doris-2
18:22:01 #136 OK SELECT id=3675700 via doris-1 rows=10220 [doris-1:f:up doris-2:f:up doris-3:M:up]
18:22:02 #137 OK SELECT id=3675700 via doris-1 rows=10220 [doris-1:f:up doris-2:f:up doris-3:M:up]
18:22:03 #138 OK SELECT id=3675700 via doris-1 rows=10222 [doris-1:f:up doris-2:f:up doris-3:M:up]
18:22:04 #139 OK SELECT id=3675700 via doris-1 rows=10222 [doris-1:f:up doris-2:f:up doris-3:M:up]
18:22:05 #140 OK SELECT id=3675700 via doris-1 rows=10222 [doris-1:f:up doris-2:f:up doris-3:M:up]
18:22:07 #141 OK SELECT id=3675700 via doris-1 rows=10220 [doris-1:f:up doris-2:f:up doris-3:M:up]
18:22:08 #142 OK SELECT id=3675700 via doris-1 rows=10220 [doris-1:f:up doris-2:f:up doris-3:M:up]
18:22:09 #143 OK SELECT id=3675700 via doris-1 rows=10222 [doris-1:f:up doris-2:f:up doris-3:M:up]
18:22:09 EVENT restore: cluster healthy
18:22:10 #144 OK SELECT id=3675700 via doris-1 rows=10222 [doris-1:f:up doris-2:f:up doris-3:M:up]
18:22:11 #145 OK SELECT id=3675700 via doris-1 rows=10222 [doris-1:f:up doris-2:f:up doris-3:M:up]
18:22:12 #146 OK SELECT id=3675700 via doris-1 rows=10220 [doris-1:f:up doris-2:f:up doris-3:M:up]
18:22:13 #147 OK SELECT id=3675700 via doris-1 rows=10220 [doris-1:f:up doris-2:f:up doris-3:M:up]
18:22:14 #148 OK SELECT id=3675700 via doris-1 rows=10222 [doris-1:f:up doris-2:f:up doris-3:M:up]
18:22:15 #149 OK SELECT id=3675700 via doris-1 rows=10222 [doris-1:f:up doris-2:f:up doris-3:M:up]
18:22:16 #150 OK SELECT id=3675700 via doris-1 rows=10222 [doris-1:f:up doris-2:f:up doris-3:M:up]
18:22:17 #151 OK SELECT id=3675700 via doris-1 rows=10220 [doris-1:f:up doris-2:f:up doris-3:M:up]
18:22:18 #152 OK SELECT id=3675700 via doris-1 rows=10220 [doris-1:f:up doris-2:f:up doris-3:M:up]
18:22:19 #153 OK SELECT id=3675700 via doris-1 rows=10222 [doris-1:f:up doris-2:f:up doris-3:M:up]
18:22:20 #154 OK SELECT id=3675700 via doris-1 rows=10222 [doris-1:f:up doris-2:f:up doris-3:M:up]
18:22:21 #155 OK SELECT id=3675700 via doris-1 rows=10222 [doris-1:f:up doris-2:f:up doris-3:M:up]
18:22:22 #156 OK SELECT id=3675700 via doris-1 rows=10220 [doris-1:f:up doris-2:f:up doris-3:M:up]
18:22:23 #157 OK SELECT id=3675700 via doris-1 rows=10220 [doris-1:f:up doris-2:f:up doris-3:M:up]
18:22:25 #158 OK SELECT id=3675700 via doris-1 rows=10222 [doris-1:f:up doris-2:f:up doris-3:M:up]
18:22:26 #159 OK SELECT id=3675700 via doris-1 rows=10222 [doris-1:f:up doris-2:f:up doris-3:M:up]
18:22:27 #160 OK SELECT id=3675700 via doris-1 rows=10222 [doris-1:f:up doris-2:f:up doris-3:M:up]
18:22:28 #161 OK SELECT id=3675700 via doris-1 rows=10220 [doris-1:f:up doris-2:f:up doris-3:M:up]
18:22:29 #162 OK SELECT id=3675700 via doris-1 rows=10220 [doris-1:f:up doris-2:f:up doris-3:M:up]
18:22:30 #163 OK SELECT id=3675700 via doris-1 rows=10222 [doris-1:f:up doris-2:f:up doris-3:M:up]
18:22:31 #164 OK SELECT id=3675700 via doris-1 rows=10222 [doris-1:f:up doris-2:f:up doris-3:M:up]
18:22:32 #165 OK SELECT id=3675700 via doris-1 rows=10222 [doris-1:f:up doris-2:f:up doris-3:M:up]
18:22:33 #166 OK SELECT id=3675700 via doris-1 rows=10220 [doris-1:f:up doris-2:f:up doris-3:M:up]
18:22:34 #167 OK SELECT id=3675700 via doris-1 rows=10220 [doris-1:f:up doris-2:f:up doris-3:M:up]
18:22:35 #168 OK SELECT id=3675700 via doris-1 rows=10222 [doris-1:f:up doris-2:f:up doris-3:M:up]
18:22:36 #169 OK SELECT id=3675700 via doris-1 rows=10222 [doris-1:f:up doris-2:f:up doris-3:M:up]
18:22:37 #170 OK SELECT id=3675700 via doris-1 rows=10222 [doris-1:f:up doris-2:f:up doris-3:M:up]
18:22:38 #171 OK SELECT id=3675700 via doris-1 rows=10220 [doris-1:f:up doris-2:f:up doris-3:M:up]
18:22:39 #172 OK SELECT id=3675700 via doris-1 rows=10220 [doris-1:f:up doris-2:f:up doris-3:M:up]
18:22:40 #173 OK SELECT id=3675700 via doris-1 rows=10222 [doris-1:f:up doris-2:f:up doris-3:M:up]
18:22:41 #174 OK SELECT id=3675700 via doris-1 rows=10222 [doris-1:f:up doris-2:f:up doris-3:M:up]
