03:27:41 PROBE start proto=jdbc hosts=doris-1,doris-2,doris-3 duration=86400s cycle=INSERT>UPSERT>SELECT>DELETE>SELECT url=jdbc:mysql://10.140.0.2:9030,10.140.0.3:9030,10.140.0.4:9030/hatest
03:27:41 connected to doris-1 (driver-selected host)
03:27:42 #1 OK INSERT id=2684610 via doris-1 rows=10069 [doris-1:f:up doris-2:M:up doris-3:f:up]
03:27:43 #2 OK UPSERT id=2684610 via doris-1 rows=10069 [doris-1:f:up doris-2:M:up doris-3:f:up]
03:27:44 #3 OK SELECT id=2684610 via doris-1 rows=10069 [doris-1:f:up doris-2:M:up doris-3:f:up]
03:27:45 #4 OK DELETE id=2684610 via doris-1 rows=10067 [doris-1:f:up doris-2:M:up doris-3:f:up]
03:27:46 #5 OK SELECT id=2684610 via doris-1 rows=10067 [doris-1:f:up doris-2:M:up doris-3:f:up]
03:27:47 #6 OK INSERT id=2684611 via doris-1 rows=10069 [doris-1:f:up doris-2:M:up doris-3:f:up]
03:27:48 #7 OK UPSERT id=2684611 via doris-1 rows=10069 [doris-1:f:up doris-2:M:up doris-3:f:up]
03:27:49 #8 OK SELECT id=2684611 via doris-1 rows=10069 [doris-1:f:up doris-2:M:up doris-3:f:up]
03:27:50 #9 OK DELETE id=2684611 via doris-1 rows=10067 [doris-1:f:up doris-2:M:up doris-3:f:up]
03:27:51 #10 OK SELECT id=2684611 via doris-1 rows=10067 [doris-1:f:up doris-2:M:up doris-3:f:up]
03:27:52 #11 OK INSERT id=2684612 via doris-1 rows=10069 [doris-1:f:up doris-2:M:up doris-3:f:up]
03:27:54 #12 OK UPSERT id=2684612 via doris-1 rows=10069 [doris-1:f:up doris-2:M:up doris-3:f:up]
03:27:55 #13 OK SELECT id=2684612 via doris-1 rows=10069 [doris-1:f:up doris-2:M:up doris-3:f:up]
03:27:56 #14 OK DELETE id=2684612 via doris-1 rows=10067 [doris-1:f:up doris-2:M:up doris-3:f:up]
03:27:57 #15 OK SELECT id=2684612 via doris-1 rows=10067 [doris-1:f:up doris-2:M:up doris-3:f:up]
03:27:58 #16 OK INSERT id=2684613 via doris-1 rows=10069 [doris-1:f:up doris-2:M:up doris-3:f:up]
03:27:59 #17 OK UPSERT id=2684613 via doris-1 rows=10069 [doris-1:f:up doris-2:M:up doris-3:f:up]
03:28:00 #18 OK SELECT id=2684613 via doris-1 rows=10069 [doris-1:f:up doris-2:M:up doris-3:f:up]
03:28:01 #19 OK DELETE id=2684613 via doris-1 rows=10067 [doris-1:f:up doris-2:M:up doris-3:f:up]
03:28:02 #20 OK SELECT id=2684613 via doris-1 rows=10067 [doris-1:f:up doris-2:M:up doris-3:f:up]
03:28:03 #21 OK INSERT id=2684614 via doris-1 rows=10069 [doris-1:f:up doris-2:M:up doris-3:f:up]
03:28:04 #22 OK UPSERT id=2684614 via doris-1 rows=10069 [doris-1:f:up doris-2:M:up doris-3:f:up]
03:28:05 #23 OK SELECT id=2684614 via doris-1 rows=10069 [doris-1:f:up doris-2:M:up doris-3:f:up]
03:28:07 #24 OK DELETE id=2684614 via doris-1 rows=10067 [doris-1:f:up doris-2:M:up doris-3:f:up]
03:28:08 #25 OK SELECT id=2684614 via doris-1 rows=10067 [doris-1:f:up doris-2:M:up doris-3:f:up]
03:28:09 #26 OK INSERT id=2684615 via doris-1 rows=10069 [doris-1:f:up doris-2:M:up doris-3:f:up]
03:28:10 #27 OK UPSERT id=2684615 via doris-1 rows=10069 [doris-1:f:up doris-2:M:up doris-3:f:up]
03:28:11 #28 OK SELECT id=2684615 via doris-1 rows=10069 [doris-1:f:up doris-2:M:up doris-3:f:up]
03:28:12 #29 OK DELETE id=2684615 via doris-1 rows=10067 [doris-1:f:up doris-2:M:up doris-3:f:up]
03:28:13 #30 OK SELECT id=2684615 via doris-1 rows=10067 [doris-1:f:up doris-2:M:up doris-3:f:up]
03:28:14 #31 OK INSERT id=2684616 via doris-1 rows=10069 [doris-1:f:up doris-2:M:up doris-3:f:up]
03:28:15 EVENT break: fe crash on doris-2 (FE master)
03:28:15 #32 OK UPSERT id=2684616 via doris-1 rows=10069 [doris-1:f:up doris-2:M:up doris-3:f:up]
03:28:16 #33 OK SELECT id=2684616 via doris-1 rows=10069 [doris-1:f:up doris-2:M:up doris-3:f:up]
03:28:17 #34 FAIL DELETE id=2684616 via doris-1: SQLException: ForwardToMasterException, msg: forward to master FE TNetworkAddress(hostname:10.140.0.3, port:9020), statement
03:28:18 #34 FAIL SELECT(check) id=1 via -: SQLException: Exception, msg: Node catalog is not ready, please wait for a while. To master progress: op
03:28:19 #35 FAIL INSERT id=2684617 via doris-1: SQLException: Exception, msg: Node catalog is not ready, please wait for a while. To master progress: open editlog. Frontend
03:28:19 #35 FAIL SELECT(check) id=1 via -: SQLException: Exception, msg: Node catalog is not ready, please wait for a while. To master progress: op
03:28:20 #36 FAIL INSERT id=2684618 via doris-1: SQLException: Exception, msg: Node catalog is not ready, please wait for a while. To master progress: open editlog. Frontend
03:28:20 #36 FAIL SELECT(check) id=1 via -: SQLException: Exception, msg: Node catalog is not ready, please wait for a while. To master progress: op
03:28:21 #37 FAIL INSERT id=2684619 via doris-1: SQLException: Exception, msg: Node catalog is not ready, please wait for a while. To master progress: open editlog. Frontend
03:28:21 #37 FAIL SELECT(check) id=1 via -: SQLException: Exception, msg: Node catalog is not ready, please wait for a while. To master progress: op
03:28:22 #38 FAIL INSERT id=2684620 via doris-1: SQLException: Exception, msg: Node catalog is not ready, please wait for a while. To master progress: open editlog. Frontend
03:28:22 #38 FAIL SELECT(check) id=1 via -: SQLException: Exception, msg: Node catalog is not ready, please wait for a while. To master progress: op
03:28:24 connected to doris-1 (driver-selected host)
03:28:27 #39 OK INSERT id=2684621 via doris-1 rows=10069 [doris-1:f:up doris-2:f:DOWN doris-3:M:up] (recovered)
03:28:28 #40 OK UPSERT id=2684621 via doris-1 rows=10069 [doris-1:f:up doris-2:f:DOWN doris-3:M:up]
03:28:29 #41 OK SELECT id=2684621 via doris-1 rows=10070 [doris-1:f:up doris-2:f:DOWN doris-3:M:up]
03:28:30 #42 OK DELETE id=2684621 via doris-1 rows=10069 [doris-1:f:up doris-2:f:DOWN doris-3:M:up]
03:28:31 #43 OK SELECT id=2684621 via doris-1 rows=10069 [doris-1:f:up doris-2:f:DOWN doris-3:M:up]
03:28:32 #44 OK INSERT id=2684622 via doris-1 rows=10069 [doris-1:f:up doris-2:f:DOWN doris-3:M:up]
03:28:33 #45 OK UPSERT id=2684622 via doris-1 rows=10069 [doris-1:f:up doris-2:f:DOWN doris-3:M:up]
03:28:33 EVENT recovered: fe restarted by systemd on doris-2 (+9s)
03:28:34 #46 OK SELECT id=2684622 via doris-1 rows=10070 [doris-1:f:up doris-2:f:DOWN doris-3:M:up]
03:28:35 #47 OK DELETE id=2684622 via doris-1 rows=10069 [doris-1:f:up doris-2:f:DOWN doris-3:M:up]
03:28:37 #48 OK SELECT id=2684622 via doris-1 rows=10069 [doris-1:f:up doris-2:f:DOWN doris-3:M:up]
03:28:38 #49 OK INSERT id=2684623 via doris-1 rows=10069 [doris-1:f:up doris-2:f:DOWN doris-3:M:up]
03:28:39 #50 OK UPSERT id=2684623 via doris-1 rows=10069 [doris-1:f:up doris-2:f:DOWN doris-3:M:up]
03:28:40 #51 OK SELECT id=2684623 via doris-1 rows=10070 [doris-1:f:up doris-2:f:DOWN doris-3:M:up]
03:28:41 #52 OK DELETE id=2684623 via doris-1 rows=10069 [doris-1:f:up doris-2:f:DOWN doris-3:M:up]
03:28:42 #53 OK SELECT id=2684623 via doris-1 rows=10069 [doris-1:f:up doris-2:f:DOWN doris-3:M:up]
03:28:53 #54 FAIL INSERT id=2684624 via doris-1: CommunicationsException: Communications link failure  The last packet successfully received from the server was 9,010 milliseconds ago.
03:28:54 #54 OK SELECT(check) id=1 via doris-1
03:28:55 connected to doris-1 (driver-selected host)
03:28:55 #55 OK INSERT id=2684625 via doris-1 rows=10072 [doris-1:f:up doris-2:f:up doris-3:M:up] (recovered)
03:28:56 #56 OK UPSERT id=2684625 via doris-1 rows=10072 [doris-1:f:up doris-2:f:up doris-3:M:up]
03:28:57 #57 OK SELECT id=2684625 via doris-1 rows=10071 [doris-1:f:up doris-2:f:up doris-3:M:up]
03:28:58 #58 OK DELETE id=2684625 via doris-1 rows=10070 [doris-1:f:up doris-2:f:up doris-3:M:up]
03:28:59 #59 OK SELECT id=2684625 via doris-1 rows=10071 [doris-1:f:up doris-2:f:up doris-3:M:up]
03:29:00 #60 OK INSERT id=2684626 via doris-1 rows=10072 [doris-1:f:up doris-2:f:up doris-3:M:up]
03:29:01 #61 OK UPSERT id=2684626 via doris-1 rows=10072 [doris-1:f:up doris-2:f:up doris-3:M:up]
03:29:02 #62 OK SELECT id=2684626 via doris-1 rows=10071 [doris-1:f:up doris-2:f:up doris-3:M:up]
03:29:03 #63 OK DELETE id=2684626 via doris-1 rows=10070 [doris-1:f:up doris-2:f:up doris-3:M:up]
03:29:04 #64 OK SELECT id=2684626 via doris-1 rows=10071 [doris-1:f:up doris-2:f:up doris-3:M:up]
03:29:06 #65 OK INSERT id=2684627 via doris-1 rows=10072 [doris-1:f:up doris-2:f:up doris-3:M:up]
03:29:07 #66 OK UPSERT id=2684627 via doris-1 rows=10072 [doris-1:f:up doris-2:f:up doris-3:M:up]
03:29:08 #67 OK SELECT id=2684627 via doris-1 rows=10071 [doris-1:f:up doris-2:f:up doris-3:M:up]
03:29:09 #68 OK DELETE id=2684627 via doris-1 rows=10070 [doris-1:f:up doris-2:f:up doris-3:M:up]
03:29:10 #69 OK SELECT id=2684627 via doris-1 rows=10071 [doris-1:f:up doris-2:f:up doris-3:M:up]
03:29:11 #70 OK INSERT id=2684628 via doris-1 rows=10072 [doris-1:f:up doris-2:f:up doris-3:M:up]
03:29:12 #71 OK UPSERT id=2684628 via doris-1 rows=10072 [doris-1:f:up doris-2:f:up doris-3:M:up]
03:29:13 #72 OK SELECT id=2684628 via doris-1 rows=10071 [doris-1:f:up doris-2:f:up doris-3:M:up]
03:29:14 #73 OK DELETE id=2684628 via doris-1 rows=10070 [doris-1:f:up doris-2:f:up doris-3:M:up]
03:29:15 #74 OK SELECT id=2684628 via doris-1 rows=10071 [doris-1:f:up doris-2:f:up doris-3:M:up]
03:29:16 #75 OK INSERT id=2684629 via doris-1 rows=10072 [doris-1:f:up doris-2:f:up doris-3:M:up]
03:29:18 #76 OK UPSERT id=2684629 via doris-1 rows=10072 [doris-1:f:up doris-2:f:up doris-3:M:up]
03:29:19 #77 OK SELECT id=2684629 via doris-1 rows=10071 [doris-1:f:up doris-2:f:up doris-3:M:up]
03:29:20 #78 OK DELETE id=2684629 via doris-1 rows=10070 [doris-1:f:up doris-2:f:up doris-3:M:up]
03:29:21 #79 OK SELECT id=2684629 via doris-1 rows=10071 [doris-1:f:up doris-2:f:up doris-3:M:up]
03:29:22 #80 OK INSERT id=2684630 via doris-1 rows=10072 [doris-1:f:up doris-2:f:up doris-3:M:up]
03:29:23 #81 OK UPSERT id=2684630 via doris-1 rows=10072 [doris-1:f:up doris-2:f:up doris-3:M:up]
03:29:24 #82 OK SELECT id=2684630 via doris-1 rows=10071 [doris-1:f:up doris-2:f:up doris-3:M:up]
03:29:25 #83 OK DELETE id=2684630 via doris-1 rows=10070 [doris-1:f:up doris-2:f:up doris-3:M:up]
03:29:26 #84 OK SELECT id=2684630 via doris-1 rows=10071 [doris-1:f:up doris-2:f:up doris-3:M:up]
03:29:27 #85 OK INSERT id=2684631 via doris-1 rows=10072 [doris-1:f:up doris-2:f:up doris-3:M:up]
03:29:28 #86 OK UPSERT id=2684631 via doris-1 rows=10072 [doris-1:f:up doris-2:f:up doris-3:M:up]
03:29:29 #87 OK SELECT id=2684631 via doris-1 rows=10071 [doris-1:f:up doris-2:f:up doris-3:M:up]
03:29:31 #88 OK DELETE id=2684631 via doris-1 rows=10070 [doris-1:f:up doris-2:f:up doris-3:M:up]
03:29:32 #89 OK SELECT id=2684631 via doris-1 rows=10071 [doris-1:f:up doris-2:f:up doris-3:M:up]
03:29:33 #90 OK INSERT id=2684632 via doris-1 rows=10072 [doris-1:f:up doris-2:f:up doris-3:M:up]
03:29:34 #91 OK UPSERT id=2684632 via doris-1 rows=10072 [doris-1:f:up doris-2:f:up doris-3:M:up]
03:29:35 #92 OK SELECT id=2684632 via doris-1 rows=10071 [doris-1:f:up doris-2:f:up doris-3:M:up]
03:29:36 #93 OK DELETE id=2684632 via doris-1 rows=10070 [doris-1:f:up doris-2:f:up doris-3:M:up]
03:29:37 #94 OK SELECT id=2684632 via doris-1 rows=10071 [doris-1:f:up doris-2:f:up doris-3:M:up]
03:29:38 #95 OK INSERT id=2684633 via doris-1 rows=10072 [doris-1:f:up doris-2:f:up doris-3:M:up]
03:29:39 #96 OK UPSERT id=2684633 via doris-1 rows=10072 [doris-1:f:up doris-2:f:up doris-3:M:up]
03:29:40 #97 OK SELECT id=2684633 via doris-1 rows=10071 [doris-1:f:up doris-2:f:up doris-3:M:up]
03:29:41 #98 OK DELETE id=2684633 via doris-1 rows=10070 [doris-1:f:up doris-2:f:up doris-3:M:up]
03:29:42 #99 OK SELECT id=2684633 via doris-1 rows=10071 [doris-1:f:up doris-2:f:up doris-3:M:up]
03:29:43 #100 OK INSERT id=2684634 via doris-1 rows=10072 [doris-1:f:up doris-2:f:up doris-3:M:up]
03:29:45 #101 OK UPSERT id=2684634 via doris-1 rows=10072 [doris-1:f:up doris-2:f:up doris-3:M:up]
03:29:46 #102 OK SELECT id=2684634 via doris-1 rows=10071 [doris-1:f:up doris-2:f:up doris-3:M:up]
03:29:47 #103 OK DELETE id=2684634 via doris-1 rows=10070 [doris-1:f:up doris-2:f:up doris-3:M:up]
03:29:48 #104 OK SELECT id=2684634 via doris-1 rows=10071 [doris-1:f:up doris-2:f:up doris-3:M:up]
03:29:49 #105 OK INSERT id=2684635 via doris-1 rows=10072 [doris-1:f:up doris-2:f:up doris-3:M:up]
03:29:50 #106 OK UPSERT id=2684635 via doris-1 rows=10072 [doris-1:f:up doris-2:f:up doris-3:M:up]
03:29:51 #107 OK SELECT id=2684635 via doris-1 rows=10071 [doris-1:f:up doris-2:f:up doris-3:M:up]
03:29:52 #108 OK DELETE id=2684635 via doris-1 rows=10070 [doris-1:f:up doris-2:f:up doris-3:M:up]
03:29:53 #109 OK SELECT id=2684635 via doris-1 rows=10071 [doris-1:f:up doris-2:f:up doris-3:M:up]
03:29:54 #110 OK INSERT id=2684636 via doris-1 rows=10072 [doris-1:f:up doris-2:f:up doris-3:M:up]
03:29:55 #111 OK UPSERT id=2684636 via doris-1 rows=10072 [doris-1:f:up doris-2:f:up doris-3:M:up]
03:29:56 #112 OK SELECT id=2684636 via doris-1 rows=10071 [doris-1:f:up doris-2:f:up doris-3:M:up]
03:29:57 #113 OK DELETE id=2684636 via doris-1 rows=10070 [doris-1:f:up doris-2:f:up doris-3:M:up]
03:29:59 #114 OK SELECT id=2684636 via doris-1 rows=10071 [doris-1:f:up doris-2:f:up doris-3:M:up]
03:30:00 #115 OK INSERT id=2684637 via doris-1 rows=10072 [doris-1:f:up doris-2:f:up doris-3:M:up]
03:30:01 #116 OK UPSERT id=2684637 via doris-1 rows=10072 [doris-1:f:up doris-2:f:up doris-3:M:up]
03:30:02 #117 OK SELECT id=2684637 via doris-1 rows=10071 [doris-1:f:up doris-2:f:up doris-3:M:up]
03:30:03 #118 OK DELETE id=2684637 via doris-1 rows=10070 [doris-1:f:up doris-2:f:up doris-3:M:up]
03:30:04 #119 OK SELECT id=2684637 via doris-1 rows=10071 [doris-1:f:up doris-2:f:up doris-3:M:up]
03:30:05 #120 OK INSERT id=2684638 via doris-1 rows=10072 [doris-1:f:up doris-2:f:up doris-3:M:up]
03:30:06 #121 OK UPSERT id=2684638 via doris-1 rows=10072 [doris-1:f:up doris-2:f:up doris-3:M:up]
03:30:07 #122 OK SELECT id=2684638 via doris-1 rows=10071 [doris-1:f:up doris-2:f:up doris-3:M:up]
03:30:08 #123 OK DELETE id=2684638 via doris-1 rows=10070 [doris-1:f:up doris-2:f:up doris-3:M:up]
03:30:09 #124 OK SELECT id=2684638 via doris-1 rows=10071 [doris-1:f:up doris-2:f:up doris-3:M:up]
03:30:10 EVENT restore: verify fe on doris-2
03:30:10 #125 OK INSERT id=2684639 via doris-1 rows=10072 [doris-1:f:up doris-2:f:up doris-3:M:up]
03:30:11 #126 OK UPSERT id=2684639 via doris-1 rows=10072 [doris-1:f:up doris-2:f:up doris-3:M:up]
03:30:12 #127 OK SELECT id=2684639 via doris-1 rows=10071 [doris-1:f:up doris-2:f:up doris-3:M:up]
03:30:14 #128 OK DELETE id=2684639 via doris-1 rows=10070 [doris-1:f:up doris-2:f:up doris-3:M:up]
03:30:15 #129 OK SELECT id=2684639 via doris-1 rows=10071 [doris-1:f:up doris-2:f:up doris-3:M:up]
03:30:16 #130 OK INSERT id=2684640 via doris-1 rows=10072 [doris-1:f:up doris-2:f:up doris-3:M:up]
03:30:16 EVENT restore: cluster healthy
03:30:17 #131 OK UPSERT id=2684640 via doris-1 rows=10072 [doris-1:f:up doris-2:f:up doris-3:M:up]
03:30:18 #132 OK SELECT id=2684640 via doris-1 rows=10071 [doris-1:f:up doris-2:f:up doris-3:M:up]
03:30:19 #133 OK DELETE id=2684640 via doris-1 rows=10070 [doris-1:f:up doris-2:f:up doris-3:M:up]
03:30:20 #134 OK SELECT id=2684640 via doris-1 rows=10071 [doris-1:f:up doris-2:f:up doris-3:M:up]
03:30:21 #135 OK INSERT id=2684641 via doris-1 rows=10072 [doris-1:f:up doris-2:f:up doris-3:M:up]
03:30:22 #136 OK UPSERT id=2684641 via doris-1 rows=10072 [doris-1:f:up doris-2:f:up doris-3:M:up]
03:30:23 #137 OK SELECT id=2684641 via doris-1 rows=10071 [doris-1:f:up doris-2:f:up doris-3:M:up]
03:30:24 #138 OK DELETE id=2684641 via doris-1 rows=10070 [doris-1:f:up doris-2:f:up doris-3:M:up]
03:30:25 #139 OK SELECT id=2684641 via doris-1 rows=10071 [doris-1:f:up doris-2:f:up doris-3:M:up]
03:30:26 #140 OK INSERT id=2684642 via doris-1 rows=10072 [doris-1:f:up doris-2:f:up doris-3:M:up]
03:30:28 #141 OK UPSERT id=2684642 via doris-1 rows=10072 [doris-1:f:up doris-2:f:up doris-3:M:up]
03:30:29 #142 OK SELECT id=2684642 via doris-1 rows=10071 [doris-1:f:up doris-2:f:up doris-3:M:up]
03:30:30 #143 OK DELETE id=2684642 via doris-1 rows=10070 [doris-1:f:up doris-2:f:up doris-3:M:up]
03:30:31 #144 OK SELECT id=2684642 via doris-1 rows=10071 [doris-1:f:up doris-2:f:up doris-3:M:up]
03:30:32 #145 OK INSERT id=2684643 via doris-1 rows=10072 [doris-1:f:up doris-2:f:up doris-3:M:up]
03:30:33 #146 OK UPSERT id=2684643 via doris-1 rows=10072 [doris-1:f:up doris-2:f:up doris-3:M:up]
03:30:34 #147 OK SELECT id=2684643 via doris-1 rows=10071 [doris-1:f:up doris-2:f:up doris-3:M:up]
03:30:35 #148 OK DELETE id=2684643 via doris-1 rows=10070 [doris-1:f:up doris-2:f:up doris-3:M:up]
03:30:36 #149 OK SELECT id=2684643 via doris-1 rows=10071 [doris-1:f:up doris-2:f:up doris-3:M:up]
03:30:37 #150 OK INSERT id=2684644 via doris-1 rows=10072 [doris-1:f:up doris-2:f:up doris-3:M:up]
03:30:38 #151 OK UPSERT id=2684644 via doris-1 rows=10072 [doris-1:f:up doris-2:f:up doris-3:M:up]
03:30:39 #152 OK SELECT id=2684644 via doris-1 rows=10071 [doris-1:f:up doris-2:f:up doris-3:M:up]
03:30:40 #153 OK DELETE id=2684644 via doris-1 rows=10070 [doris-1:f:up doris-2:f:up doris-3:M:up]
03:30:41 #154 OK SELECT id=2684644 via doris-1 rows=10071 [doris-1:f:up doris-2:f:up doris-3:M:up]
03:30:43 #155 OK INSERT id=2684645 via doris-1 rows=10072 [doris-1:f:up doris-2:f:up doris-3:M:up]
03:30:44 #156 OK UPSERT id=2684645 via doris-1 rows=10072 [doris-1:f:up doris-2:f:up doris-3:M:up]
03:30:45 #157 OK SELECT id=2684645 via doris-1 rows=10071 [doris-1:f:up doris-2:f:up doris-3:M:up]
