18:19:30 PROBE start proto=mysql hosts=doris-1,doris-2,doris-3 duration=86400s cycle=INSERT>UPSERT>SELECT>DELETE>SELECT
18:19:30 connected to doris-1 (10.140.0.2)
18:19:30 #1 OK INSERT id=1675700 via doris-1 rows=10218 [doris-1:f:up doris-2:M:up doris-3:f:up]
18:19:31 #2 OK UPSERT id=1675700 via doris-1 rows=10219 [doris-1:f:up doris-2:M:up doris-3:f:up]
18:19:32 #3 OK SELECT id=1675700 via doris-1 rows=10219 [doris-1:f:up doris-2:M:up doris-3:f:up]
18:19:33 #4 OK DELETE id=1675700 via doris-1 rows=10218 [doris-1:f:up doris-2:M:up doris-3:f:up]
18:19:34 #5 OK SELECT id=1675700 via doris-1 rows=10217 [doris-1:f:up doris-2:M:up doris-3:f:up]
18:19:36 #6 OK INSERT id=1675701 via doris-1 rows=10218 [doris-1:f:up doris-2:M:up doris-3:f:up]
18:19:37 #7 OK UPSERT id=1675701 via doris-1 rows=10219 [doris-1:f:up doris-2:M:up doris-3:f:up]
18:19:38 #8 OK SELECT id=1675701 via doris-1 rows=10219 [doris-1:f:up doris-2:M:up doris-3:f:up]
18:19:39 #9 OK DELETE id=1675701 via doris-1 rows=10218 [doris-1:f:up doris-2:M:up doris-3:f:up]
18:19:40 #10 OK SELECT id=1675701 via doris-1 rows=10217 [doris-1:f:up doris-2:M:up doris-3:f:up]
18:19:41 #11 OK INSERT id=1675702 via doris-1 rows=10218 [doris-1:f:up doris-2:M:up doris-3:f:up]
18:19:42 #12 OK UPSERT id=1675702 via doris-1 rows=10219 [doris-1:f:up doris-2:M:up doris-3:f:up]
18:19:43 #13 OK SELECT id=1675702 via doris-1 rows=10219 [doris-1:f:up doris-2:M:up doris-3:f:up]
18:19:44 #14 OK DELETE id=1675702 via doris-1 rows=10218 [doris-1:f:up doris-2:M:up doris-3:f:up]
18:19:45 #15 OK SELECT id=1675702 via doris-1 rows=10217 [doris-1:f:up doris-2:M:up doris-3:f:up]
18:19:46 #16 OK INSERT id=1675703 via doris-1 rows=10218 [doris-1:f:up doris-2:M:up doris-3:f:up]
18:19:47 #17 OK UPSERT id=1675703 via doris-1 rows=10219 [doris-1:f:up doris-2:M:up doris-3:f:up]
18:19:49 #18 OK SELECT id=1675703 via doris-1 rows=10219 [doris-1:f:up doris-2:M:up doris-3:f:up]
18:19:50 #19 OK DELETE id=1675703 via doris-1 rows=10218 [doris-1:f:up doris-2:M:up doris-3:f:up]
18:19:51 #20 OK SELECT id=1675703 via doris-1 rows=10217 [doris-1:f:up doris-2:M:up doris-3:f:up]
18:19:52 #21 OK INSERT id=1675704 via doris-1 rows=10218 [doris-1:f:up doris-2:M:up doris-3:f:up]
18:19:53 #22 OK UPSERT id=1675704 via doris-1 rows=10219 [doris-1:f:up doris-2:M:up doris-3:f:up]
18:19:54 #23 OK SELECT id=1675704 via doris-1 rows=10219 [doris-1:f:up doris-2:M:up doris-3:f:up]
18:19:55 #24 OK DELETE id=1675704 via doris-1 rows=10218 [doris-1:f:up doris-2:M:up doris-3:f:up]
18:19:56 #25 OK SELECT id=1675704 via doris-1 rows=10217 [doris-1:f:up doris-2:M:up doris-3:f:up]
18:19:57 #26 OK INSERT id=1675705 via doris-1 rows=10218 [doris-1:f:up doris-2:M:up doris-3:f:up]
18:19:58 #27 OK UPSERT id=1675705 via doris-1 rows=10219 [doris-1:f:up doris-2:M:up doris-3:f:up]
18:19:59 #28 OK SELECT id=1675705 via doris-1 rows=10219 [doris-1:f:up doris-2:M:up doris-3:f:up]
18:20:00 #29 OK DELETE id=1675705 via doris-1 rows=10218 [doris-1:f:up doris-2:M:up doris-3:f:up]
18:20:01 #30 OK SELECT id=1675705 via doris-1 rows=10217 [doris-1:f:up doris-2:M:up doris-3:f:up]
18:20:02 #31 OK INSERT id=1675706 via doris-1 rows=10218 [doris-1:f:up doris-2:M:up doris-3:f:up]
18:20:04 #32 OK UPSERT id=1675706 via doris-1 rows=10219 [doris-1:f:up doris-2:M:up doris-3:f:up]
18:20:04 EVENT break: fe crash on doris-2 (FE master)
18:20:05 #33 OK SELECT id=1675706 via doris-1 rows=10219 [doris-1:f:up doris-2:M:up doris-3:f:up]
18:20:06 #34 OK DELETE id=1675706 via doris-1 rows=10218 [doris-1:f:up doris-2:M:up doris-3:f:up]
18:20:09 #35 OK SELECT id=1675706 via doris-1 rows=10218 [doris-1:f:up doris-2:f:DOWN doris-3:M:up]
18:20:10 #36 OK INSERT id=1675707 via doris-1 rows=10220 [doris-1:f:up doris-2:f:DOWN doris-3:M:up]
18:20:17 #37 OK UPSERT id=1675707 via doris-1 rows=10220 [doris-1:f:up doris-2:f:DOWN doris-3:M:up]
18:20:18 #38 OK SELECT id=1675707 via doris-1 rows=10219 [doris-1:f:up doris-2:f:DOWN doris-3:M:up]
18:20:19 #39 OK DELETE id=1675707 via doris-1 rows=10219 [doris-1:f:up doris-2:f:DOWN doris-3:M:up]
18:20:20 #40 OK SELECT id=1675707 via doris-1 rows=10219 [doris-1:f:up doris-2:f:DOWN doris-3:M:up]
18:20:21 #41 OK INSERT id=1675708 via doris-1 rows=10220 [doris-1:f:up doris-2:f:DOWN doris-3:M:up]
18:20:22 EVENT recovered: fe restarted by systemd on doris-2 (+9s)
18:20:22 #42 OK UPSERT id=1675708 via doris-1 rows=10220 [doris-1:f:up doris-2:f:DOWN doris-3:M:up]
18:20:23 #43 OK SELECT id=1675708 via doris-1 rows=10219 [doris-1:f:up doris-2:f:DOWN doris-3:M:up]
18:20:25 #44 OK DELETE id=1675708 via doris-1 rows=10219 [doris-1:f:up doris-2:f:DOWN doris-3:M:up]
18:20:26 #45 OK SELECT id=1675708 via doris-1 rows=10219 [doris-1:f:up doris-2:f:DOWN doris-3:M:up]
18:20:27 #46 OK INSERT id=1675709 via doris-1 rows=10220 [doris-1:f:up doris-2:f:DOWN doris-3:M:up]
18:20:36 #47 FAIL UPSERT id=1675709 via doris-1: OperationalError: (2013, 'Lost connection to MySQL server during query (timed out)')
18:20:36 #47 OK SELECT(check) id=1 via doris-1
18:20:37 connected to doris-1 (10.140.0.2)
18:20:45 #48 FAIL INSERT id=1675710 via doris-1: OperationalError: (2013, 'Lost connection to MySQL server during query (timed out)')
18:20:45 #48 OK SELECT(check) id=1 via doris-1
18:20:46 connected to doris-1 (10.140.0.2)
18:20:47 #49 OK INSERT id=1675711 via doris-1 rows=10222 [doris-1:f:up doris-2:f:up doris-3:M:up] (recovered)
18:20:48 #50 OK UPSERT id=1675711 via doris-1 rows=10222 [doris-1:f:up doris-2:f:up doris-3:M:up]
18:20:49 #51 OK SELECT id=1675711 via doris-1 rows=10222 [doris-1:f:up doris-2:f:up doris-3:M:up]
18:20:50 #52 OK DELETE id=1675711 via doris-1 rows=10220 [doris-1:f:up doris-2:f:up doris-3:M:up]
18:20:51 #53 OK SELECT id=1675711 via doris-1 rows=10220 [doris-1:f:up doris-2:f:up doris-3:M:up]
18:20:53 #54 OK INSERT id=1675712 via doris-1 rows=10221 [doris-1:f:up doris-2:f:up doris-3:M:up]
18:20:54 #55 OK UPSERT id=1675712 via doris-1 rows=10222 [doris-1:f:up doris-2:f:up doris-3:M:up]
18:20:55 #56 OK SELECT id=1675712 via doris-1 rows=10222 [doris-1:f:up doris-2:f:up doris-3:M:up]
18:20:56 #57 OK DELETE id=1675712 via doris-1 rows=10221 [doris-1:f:up doris-2:f:up doris-3:M:up]
18:20:57 #58 OK SELECT id=1675712 via doris-1 rows=10220 [doris-1:f:up doris-2:f:up doris-3:M:up]
18:20:58 #59 OK INSERT id=1675713 via doris-1 rows=10221 [doris-1:f:up doris-2:f:up doris-3:M:up]
18:20:59 #60 OK UPSERT id=1675713 via doris-1 rows=10222 [doris-1:f:up doris-2:f:up doris-3:M:up]
18:21:00 #61 OK SELECT id=1675713 via doris-1 rows=10222 [doris-1:f:up doris-2:f:up doris-3:M:up]
18:21:01 #62 OK DELETE id=1675713 via doris-1 rows=10221 [doris-1:f:up doris-2:f:up doris-3:M:up]
18:21:02 #63 OK SELECT id=1675713 via doris-1 rows=10220 [doris-1:f:up doris-2:f:up doris-3:M:up]
18:21:03 #64 OK INSERT id=1675714 via doris-1 rows=10222 [doris-1:f:up doris-2:f:up doris-3:M:up]
18:21:04 #65 OK UPSERT id=1675714 via doris-1 rows=10222 [doris-1:f:up doris-2:f:up doris-3:M:up]
18:21:06 #66 OK SELECT id=1675714 via doris-1 rows=10222 [doris-1:f:up doris-2:f:up doris-3:M:up]
18:21:07 #67 OK DELETE id=1675714 via doris-1 rows=10220 [doris-1:f:up doris-2:f:up doris-3:M:up]
18:21:08 #68 OK SELECT id=1675714 via doris-1 rows=10220 [doris-1:f:up doris-2:f:up doris-3:M:up]
18:21:09 #69 OK INSERT id=1675715 via doris-1 rows=10222 [doris-1:f:up doris-2:f:up doris-3:M:up]
18:21:10 #70 OK UPSERT id=1675715 via doris-1 rows=10222 [doris-1:f:up doris-2:f:up doris-3:M:up]
18:21:11 #71 OK SELECT id=1675715 via doris-1 rows=10222 [doris-1:f:up doris-2:f:up doris-3:M:up]
18:21:12 #72 OK DELETE id=1675715 via doris-1 rows=10220 [doris-1:f:up doris-2:f:up doris-3:M:up]
18:21:13 #73 OK SELECT id=1675715 via doris-1 rows=10220 [doris-1:f:up doris-2:f:up doris-3:M:up]
18:21:14 #74 OK INSERT id=1675716 via doris-1 rows=10222 [doris-1:f:up doris-2:f:up doris-3:M:up]
18:21:15 #75 OK UPSERT id=1675716 via doris-1 rows=10222 [doris-1:f:up doris-2:f:up doris-3:M:up]
18:21:16 #76 OK SELECT id=1675716 via doris-1 rows=10222 [doris-1:f:up doris-2:f:up doris-3:M:up]
18:21:17 #77 OK DELETE id=1675716 via doris-1 rows=10220 [doris-1:f:up doris-2:f:up doris-3:M:up]
18:21:18 #78 OK SELECT id=1675716 via doris-1 rows=10220 [doris-1:f:up doris-2:f:up doris-3:M:up]
18:21:20 #79 OK INSERT id=1675717 via doris-1 rows=10221 [doris-1:f:up doris-2:f:up doris-3:M:up]
18:21:21 #80 OK UPSERT id=1675717 via doris-1 rows=10222 [doris-1:f:up doris-2:f:up doris-3:M:up]
18:21:22 #81 OK SELECT id=1675717 via doris-1 rows=10222 [doris-1:f:up doris-2:f:up doris-3:M:up]
18:21:23 #82 OK DELETE id=1675717 via doris-1 rows=10221 [doris-1:f:up doris-2:f:up doris-3:M:up]
18:21:24 #83 OK SELECT id=1675717 via doris-1 rows=10220 [doris-1:f:up doris-2:f:up doris-3:M:up]
18:21:25 #84 OK INSERT id=1675718 via doris-1 rows=10221 [doris-1:f:up doris-2:f:up doris-3:M:up]
18:21:26 #85 OK UPSERT id=1675718 via doris-1 rows=10222 [doris-1:f:up doris-2:f:up doris-3:M:up]
18:21:27 #86 OK SELECT id=1675718 via doris-1 rows=10222 [doris-1:f:up doris-2:f:up doris-3:M:up]
18:21:28 #87 OK DELETE id=1675718 via doris-1 rows=10221 [doris-1:f:up doris-2:f:up doris-3:M:up]
18:21:29 #88 OK SELECT id=1675718 via doris-1 rows=10220 [doris-1:f:up doris-2:f:up doris-3:M:up]
18:21:30 #89 OK INSERT id=1675719 via doris-1 rows=10222 [doris-1:f:up doris-2:f:up doris-3:M:up]
18:21:31 #90 OK UPSERT id=1675719 via doris-1 rows=10222 [doris-1:f:up doris-2:f:up doris-3:M:up]
18:21:32 #91 OK SELECT id=1675719 via doris-1 rows=10222 [doris-1:f:up doris-2:f:up doris-3:M:up]
18:21:33 #92 OK DELETE id=1675719 via doris-1 rows=10220 [doris-1:f:up doris-2:f:up doris-3:M:up]
18:21:35 #93 OK SELECT id=1675719 via doris-1 rows=10220 [doris-1:f:up doris-2:f:up doris-3:M:up]
18:21:36 #94 OK INSERT id=1675720 via doris-1 rows=10222 [doris-1:f:up doris-2:f:up doris-3:M:up]
18:21:37 #95 OK UPSERT id=1675720 via doris-1 rows=10222 [doris-1:f:up doris-2:f:up doris-3:M:up]
18:21:38 #96 OK SELECT id=1675720 via doris-1 rows=10222 [doris-1:f:up doris-2:f:up doris-3:M:up]
18:21:39 #97 OK DELETE id=1675720 via doris-1 rows=10220 [doris-1:f:up doris-2:f:up doris-3:M:up]
18:21:40 #98 OK SELECT id=1675720 via doris-1 rows=10220 [doris-1:f:up doris-2:f:up doris-3:M:up]
18:21:41 #99 OK INSERT id=1675721 via doris-1 rows=10222 [doris-1:f:up doris-2:f:up doris-3:M:up]
18:21:42 #100 OK UPSERT id=1675721 via doris-1 rows=10222 [doris-1:f:up doris-2:f:up doris-3:M:up]
18:21:43 #101 OK SELECT id=1675721 via doris-1 rows=10222 [doris-1:f:up doris-2:f:up doris-3:M:up]
18:21:44 #102 OK DELETE id=1675721 via doris-1 rows=10220 [doris-1:f:up doris-2:f:up doris-3:M:up]
18:21:45 #103 OK SELECT id=1675721 via doris-1 rows=10220 [doris-1:f:up doris-2:f:up doris-3:M:up]
18:21:46 #104 OK INSERT id=1675722 via doris-1 rows=10222 [doris-1:f:up doris-2:f:up doris-3:M:up]
18:21:47 #105 OK UPSERT id=1675722 via doris-1 rows=10222 [doris-1:f:up doris-2:f:up doris-3:M:up]
18:21:48 #106 OK SELECT id=1675722 via doris-1 rows=10222 [doris-1:f:up doris-2:f:up doris-3:M:up]
18:21:50 #107 OK DELETE id=1675722 via doris-1 rows=10221 [doris-1:f:up doris-2:f:up doris-3:M:up]
18:21:51 #108 OK SELECT id=1675722 via doris-1 rows=10220 [doris-1:f:up doris-2:f:up doris-3:M:up]
18:21:52 #109 OK INSERT id=1675723 via doris-1 rows=10221 [doris-1:f:up doris-2:f:up doris-3:M:up]
18:21:53 #110 OK UPSERT id=1675723 via doris-1 rows=10222 [doris-1:f:up doris-2:f:up doris-3:M:up]
18:21:54 #111 OK SELECT id=1675723 via doris-1 rows=10222 [doris-1:f:up doris-2:f:up doris-3:M:up]
18:21:55 #112 OK DELETE id=1675723 via doris-1 rows=10221 [doris-1:f:up doris-2:f:up doris-3:M:up]
18:21:56 #113 OK SELECT id=1675723 via doris-1 rows=10220 [doris-1:f:up doris-2:f:up doris-3:M:up]
18:21:57 #114 OK INSERT id=1675724 via doris-1 rows=10221 [doris-1:f:up doris-2:f:up doris-3:M:up]
18:21:58 #115 OK UPSERT id=1675724 via doris-1 rows=10222 [doris-1:f:up doris-2:f:up doris-3:M:up]
18:21:59 #116 OK SELECT id=1675724 via doris-1 rows=10222 [doris-1:f:up doris-2:f:up doris-3:M:up]
18:22:00 #117 OK DELETE id=1675724 via doris-1 rows=10220 [doris-1:f:up doris-2:f:up doris-3:M:up]
18:22:01 EVENT restore: verify fe on doris-2
18:22:01 #118 OK SELECT id=1675724 via doris-1 rows=10220 [doris-1:f:up doris-2:f:up doris-3:M:up]
18:22:02 #119 OK INSERT id=1675725 via doris-1 rows=10221 [doris-1:f:up doris-2:f:up doris-3:M:up]
18:22:03 #120 OK UPSERT id=1675725 via doris-1 rows=10222 [doris-1:f:up doris-2:f:up doris-3:M:up]
18:22:05 #121 OK SELECT id=1675725 via doris-1 rows=10222 [doris-1:f:up doris-2:f:up doris-3:M:up]
18:22:06 #122 OK DELETE id=1675725 via doris-1 rows=10221 [doris-1:f:up doris-2:f:up doris-3:M:up]
18:22:07 #123 OK SELECT id=1675725 via doris-1 rows=10220 [doris-1:f:up doris-2:f:up doris-3:M:up]
18:22:08 #124 OK INSERT id=1675726 via doris-1 rows=10221 [doris-1:f:up doris-2:f:up doris-3:M:up]
18:22:09 #125 OK UPSERT id=1675726 via doris-1 rows=10222 [doris-1:f:up doris-2:f:up doris-3:M:up]
18:22:09 EVENT restore: cluster healthy
18:22:10 #126 OK SELECT id=1675726 via doris-1 rows=10222 [doris-1:f:up doris-2:f:up doris-3:M:up]
18:22:11 #127 OK DELETE id=1675726 via doris-1 rows=10221 [doris-1:f:up doris-2:f:up doris-3:M:up]
18:22:12 #128 OK SELECT id=1675726 via doris-1 rows=10220 [doris-1:f:up doris-2:f:up doris-3:M:up]
18:22:13 #129 OK INSERT id=1675727 via doris-1 rows=10221 [doris-1:f:up doris-2:f:up doris-3:M:up]
18:22:14 #130 OK UPSERT id=1675727 via doris-1 rows=10222 [doris-1:f:up doris-2:f:up doris-3:M:up]
18:22:15 #131 OK SELECT id=1675727 via doris-1 rows=10222 [doris-1:f:up doris-2:f:up doris-3:M:up]
18:22:16 #132 OK DELETE id=1675727 via doris-1 rows=10221 [doris-1:f:up doris-2:f:up doris-3:M:up]
18:22:17 #133 OK SELECT id=1675727 via doris-1 rows=10220 [doris-1:f:up doris-2:f:up doris-3:M:up]
18:22:18 #134 OK INSERT id=1675728 via doris-1 rows=10221 [doris-1:f:up doris-2:f:up doris-3:M:up]
18:22:19 #135 OK UPSERT id=1675728 via doris-1 rows=10222 [doris-1:f:up doris-2:f:up doris-3:M:up]
18:22:20 #136 OK SELECT id=1675728 via doris-1 rows=10222 [doris-1:f:up doris-2:f:up doris-3:M:up]
18:22:22 #137 OK DELETE id=1675728 via doris-1 rows=10221 [doris-1:f:up doris-2:f:up doris-3:M:up]
18:22:23 #138 OK SELECT id=1675728 via doris-1 rows=10220 [doris-1:f:up doris-2:f:up doris-3:M:up]
18:22:24 #139 OK INSERT id=1675729 via doris-1 rows=10221 [doris-1:f:up doris-2:f:up doris-3:M:up]
18:22:25 #140 OK UPSERT id=1675729 via doris-1 rows=10222 [doris-1:f:up doris-2:f:up doris-3:M:up]
18:22:26 #141 OK SELECT id=1675729 via doris-1 rows=10222 [doris-1:f:up doris-2:f:up doris-3:M:up]
18:22:27 #142 OK DELETE id=1675729 via doris-1 rows=10221 [doris-1:f:up doris-2:f:up doris-3:M:up]
18:22:28 #143 OK SELECT id=1675729 via doris-1 rows=10220 [doris-1:f:up doris-2:f:up doris-3:M:up]
18:22:29 #144 OK INSERT id=1675730 via doris-1 rows=10221 [doris-1:f:up doris-2:f:up doris-3:M:up]
18:22:30 #145 OK UPSERT id=1675730 via doris-1 rows=10222 [doris-1:f:up doris-2:f:up doris-3:M:up]
18:22:31 #146 OK SELECT id=1675730 via doris-1 rows=10222 [doris-1:f:up doris-2:f:up doris-3:M:up]
18:22:32 #147 OK DELETE id=1675730 via doris-1 rows=10221 [doris-1:f:up doris-2:f:up doris-3:M:up]
18:22:33 #148 OK SELECT id=1675730 via doris-1 rows=10220 [doris-1:f:up doris-2:f:up doris-3:M:up]
18:22:34 #149 OK INSERT id=1675731 via doris-1 rows=10221 [doris-1:f:up doris-2:f:up doris-3:M:up]
18:22:35 #150 OK UPSERT id=1675731 via doris-1 rows=10222 [doris-1:f:up doris-2:f:up doris-3:M:up]
18:22:36 #151 OK SELECT id=1675731 via doris-1 rows=10222 [doris-1:f:up doris-2:f:up doris-3:M:up]
18:22:37 #152 OK DELETE id=1675731 via doris-1 rows=10221 [doris-1:f:up doris-2:f:up doris-3:M:up]
