16:28:21 PROBE start proto=arrow-flight hosts=doris-1,doris-2,doris-3 duration=86400s cycle=INSERT>UPSERT>SELECT>DELETE>SELECT
16:28:21 connected to doris-1 (10.140.0.2)
16:28:21 DML unsupported over arrow-flight (InternalError: RuntimeException, msg: getMysqlChannel not in mysql connection (Internal; ExecuteQuery)) — switching to SELECT-only mode
16:28:22 #1 OK SELECT id=3609010 via doris-1 rows=10182 [doris-1:f:up doris-2:f:up doris-3:M:up]
16:28:23 #2 OK SELECT id=3609010 via doris-1 rows=10182 [doris-1:f:up doris-2:f:up doris-3:M:up]
16:28:24 #3 OK SELECT id=3609010 via doris-1 rows=10182 [doris-1:f:up doris-2:f:up doris-3:M:up]
16:28:25 #4 OK SELECT id=3609010 via doris-1 rows=10180 [doris-1:f:up doris-2:f:up doris-3:M:up]
16:28:26 #5 OK SELECT id=3609010 via doris-1 rows=10180 [doris-1:f:up doris-2:f:up doris-3:M:up]
16:28:27 #6 OK SELECT id=3609010 via doris-1 rows=10182 [doris-1:f:up doris-2:f:up doris-3:M:up]
16:28:28 #7 OK SELECT id=3609010 via doris-1 rows=10182 [doris-1:f:up doris-2:f:up doris-3:M:up]
16:28:29 #8 OK SELECT id=3609010 via doris-1 rows=10181 [doris-1:f:up doris-2:f:up doris-3:M:up]
16:28:30 #9 OK SELECT id=3609010 via doris-1 rows=10180 [doris-1:f:up doris-2:f:up doris-3:M:up]
16:28:32 #10 OK SELECT id=3609010 via doris-1 rows=10181 [doris-1:f:up doris-2:f:up doris-3:M:up]
16:28:33 #11 OK SELECT id=3609010 via doris-1 rows=10182 [doris-1:f:up doris-2:f:up doris-3:M:up]
16:28:34 #12 OK SELECT id=3609010 via doris-1 rows=10182 [doris-1:f:up doris-2:f:up doris-3:M:up]
16:28:35 #13 OK SELECT id=3609010 via doris-1 rows=10181 [doris-1:f:up doris-2:f:up doris-3:M:up]
16:28:36 #14 OK SELECT id=3609010 via doris-1 rows=10180 [doris-1:f:up doris-2:f:up doris-3:M:up]
16:28:37 #15 OK SELECT id=3609010 via doris-1 rows=10181 [doris-1:f:up doris-2:f:up doris-3:M:up]
16:28:38 #16 OK SELECT id=3609010 via doris-1 rows=10182 [doris-1:f:up doris-2:f:up doris-3:M:up]
16:28:39 #17 OK SELECT id=3609010 via doris-1 rows=10182 [doris-1:f:up doris-2:f:up doris-3:M:up]
16:28:40 #18 OK SELECT id=3609010 via doris-1 rows=10181 [doris-1:f:up doris-2:f:up doris-3:M:up]
16:28:41 #19 OK SELECT id=3609010 via doris-1 rows=10180 [doris-1:f:up doris-2:f:up doris-3:M:up]
16:28:42 #20 OK SELECT id=3609010 via doris-1 rows=10181 [doris-1:f:up doris-2:f:up doris-3:M:up]
16:28:44 #21 OK SELECT id=3609010 via doris-1 rows=10182 [doris-1:f:up doris-2:f:up doris-3:M:up]
16:28:45 #22 OK SELECT id=3609010 via doris-1 rows=10182 [doris-1:f:up doris-2:f:up doris-3:M:up]
16:28:46 #23 OK SELECT id=3609010 via doris-1 rows=10181 [doris-1:f:up doris-2:f:up doris-3:M:up]
16:28:47 #24 OK SELECT id=3609010 via doris-1 rows=10180 [doris-1:f:up doris-2:f:up doris-3:M:up]
16:28:48 #25 OK SELECT id=3609010 via doris-1 rows=10181 [doris-1:f:up doris-2:f:up doris-3:M:up]
16:28:49 #26 OK SELECT id=3609010 via doris-1 rows=10182 [doris-1:f:up doris-2:f:up doris-3:M:up]
16:28:50 #27 OK SELECT id=3609010 via doris-1 rows=10182 [doris-1:f:up doris-2:f:up doris-3:M:up]
16:28:51 #28 OK SELECT id=3609010 via doris-1 rows=10181 [doris-1:f:up doris-2:f:up doris-3:M:up]
16:28:52 #29 OK SELECT id=3609010 via doris-1 rows=10180 [doris-1:f:up doris-2:f:up doris-3:M:up]
16:28:53 #30 OK SELECT id=3609010 via doris-1 rows=10181 [doris-1:f:up doris-2:f:up doris-3:M:up]
16:28:54 #31 OK SELECT id=3609010 via doris-1 rows=10182 [doris-1:f:up doris-2:f:up doris-3:M:up]
16:28:55 EVENT break: fe dead on doris-3 (FE master)
16:28:56 #32 OK SELECT id=3609010 via doris-1 rows=10182 [doris-1:f:up doris-2:f:up doris-3:M:up]
16:28:57 #33 OK SELECT id=3609010 via doris-1 rows=10181 [doris-1:f:up doris-2:f:up doris-3:M:up]
16:28:58 #34 OK SELECT id=3609010 via doris-1 rows=10181 [doris-1:f:up doris-2:M:up doris-3:f:DOWN]
16:28:59 #35 OK SELECT id=3609010 via doris-1 rows=10182 [doris-1:f:up doris-2:M:up doris-3:f:DOWN]
16:29:00 #36 OK SELECT id=3609010 via doris-1 rows=10183 [doris-1:f:up doris-2:M:up doris-3:f:DOWN]
16:29:01 #37 OK SELECT id=3609010 via doris-1 rows=10183 [doris-1:f:up doris-2:M:up doris-3:f:DOWN]
16:29:02 #38 OK SELECT id=3609010 via doris-1 rows=10182 [doris-1:f:up doris-2:M:up doris-3:f:DOWN]
16:29:03 #39 OK SELECT id=3609010 via doris-1 rows=10181 [doris-1:f:up doris-2:M:up doris-3:f:DOWN]
16:29:04 #40 OK SELECT id=3609010 via doris-1 rows=10182 [doris-1:f:up doris-2:M:up doris-3:f:DOWN]
16:29:05 #41 OK SELECT id=3609010 via doris-1 rows=10183 [doris-1:f:up doris-2:M:up doris-3:f:DOWN]
16:29:07 #42 OK SELECT id=3609010 via doris-1 rows=10183 [doris-1:f:up doris-2:M:up doris-3:f:DOWN]
16:29:08 #43 OK SELECT id=3609010 via doris-1 rows=10182 [doris-1:f:up doris-2:M:up doris-3:f:DOWN]
16:29:09 #44 OK SELECT id=3609010 via doris-1 rows=10181 [doris-1:f:up doris-2:M:up doris-3:f:DOWN]
16:29:10 #45 OK SELECT id=3609010 via doris-1 rows=10182 [doris-1:f:up doris-2:M:up doris-3:f:DOWN]
16:29:11 #46 OK SELECT id=3609010 via doris-1 rows=10183 [doris-1:f:up doris-2:M:up doris-3:f:DOWN]
16:29:12 #47 OK SELECT id=3609010 via doris-1 rows=10183 [doris-1:f:up doris-2:M:up doris-3:f:DOWN]
16:29:13 #48 OK SELECT id=3609010 via doris-1 rows=10182 [doris-1:f:up doris-2:M:up doris-3:f:DOWN]
16:29:14 #49 OK SELECT id=3609010 via doris-1 rows=10181 [doris-1:f:up doris-2:M:up doris-3:f:DOWN]
16:29:15 #50 OK SELECT id=3609010 via doris-1 rows=10182 [doris-1:f:up doris-2:M:up doris-3:f:DOWN]
16:29:16 #51 OK SELECT id=3609010 via doris-1 rows=10183 [doris-1:f:up doris-2:M:up doris-3:f:DOWN]
16:29:17 #52 OK SELECT id=3609010 via doris-1 rows=10183 [doris-1:f:up doris-2:M:up doris-3:f:DOWN]
16:29:19 #53 OK SELECT id=3609010 via doris-1 rows=10182 [doris-1:f:up doris-2:M:up doris-3:f:DOWN]
16:29:20 #54 OK SELECT id=3609010 via doris-1 rows=10181 [doris-1:f:up doris-2:M:up doris-3:f:DOWN]
16:29:21 #55 OK SELECT id=3609010 via doris-1 rows=10182 [doris-1:f:up doris-2:M:up doris-3:f:DOWN]
16:29:22 #56 OK SELECT id=3609010 via doris-1 rows=10183 [doris-1:f:up doris-2:M:up doris-3:f:DOWN]
16:29:23 #57 OK SELECT id=3609010 via doris-1 rows=10183 [doris-1:f:up doris-2:M:up doris-3:f:DOWN]
16:29:24 #58 OK SELECT id=3609010 via doris-1 rows=10182 [doris-1:f:up doris-2:M:up doris-3:f:DOWN]
16:29:25 #59 OK SELECT id=3609010 via doris-1 rows=10181 [doris-1:f:up doris-2:M:up doris-3:f:DOWN]
16:29:26 #60 OK SELECT id=3609010 via doris-1 rows=10182 [doris-1:f:up doris-2:M:up doris-3:f:DOWN]
16:29:27 #61 OK SELECT id=3609010 via doris-1 rows=10183 [doris-1:f:up doris-2:M:up doris-3:f:DOWN]
16:29:28 #62 OK SELECT id=3609010 via doris-1 rows=10183 [doris-1:f:up doris-2:M:up doris-3:f:DOWN]
16:29:29 #63 OK SELECT id=3609010 via doris-1 rows=10182 [doris-1:f:up doris-2:M:up doris-3:f:DOWN]
16:29:30 #64 OK SELECT id=3609010 via doris-1 rows=10181 [doris-1:f:up doris-2:M:up doris-3:f:DOWN]
16:29:32 #65 OK SELECT id=3609010 via doris-1 rows=10182 [doris-1:f:up doris-2:M:up doris-3:f:DOWN]
16:29:33 #66 OK SELECT id=3609010 via doris-1 rows=10183 [doris-1:f:up doris-2:M:up doris-3:f:DOWN]
16:29:34 #67 OK SELECT id=3609010 via doris-1 rows=10183 [doris-1:f:up doris-2:M:up doris-3:f:DOWN]
16:29:35 #68 OK SELECT id=3609010 via doris-1 rows=10182 [doris-1:f:up doris-2:M:up doris-3:f:DOWN]
16:29:36 #69 OK SELECT id=3609010 via doris-1 rows=10181 [doris-1:f:up doris-2:M:up doris-3:f:DOWN]
16:29:37 #70 OK SELECT id=3609010 via doris-1 rows=10182 [doris-1:f:up doris-2:M:up doris-3:f:DOWN]
16:29:38 #71 OK SELECT id=3609010 via doris-1 rows=10183 [doris-1:f:up doris-2:M:up doris-3:f:DOWN]
16:29:39 #72 OK SELECT id=3609010 via doris-1 rows=10183 [doris-1:f:up doris-2:M:up doris-3:f:DOWN]
16:29:40 #73 OK SELECT id=3609010 via doris-1 rows=10182 [doris-1:f:up doris-2:M:up doris-3:f:DOWN]
16:29:41 #74 OK SELECT id=3609010 via doris-1 rows=10181 [doris-1:f:up doris-2:M:up doris-3:f:DOWN]
16:29:42 #75 OK SELECT id=3609010 via doris-1 rows=10182 [doris-1:f:up doris-2:M:up doris-3:f:DOWN]
16:29:43 #76 OK SELECT id=3609010 via doris-1 rows=10183 [doris-1:f:up doris-2:M:up doris-3:f:DOWN]
16:29:44 #77 OK SELECT id=3609010 via doris-1 rows=10183 [doris-1:f:up doris-2:M:up doris-3:f:DOWN]
16:29:46 #78 OK SELECT id=3609010 via doris-1 rows=10182 [doris-1:f:up doris-2:M:up doris-3:f:DOWN]
16:29:47 #79 OK SELECT id=3609010 via doris-1 rows=10181 [doris-1:f:up doris-2:M:up doris-3:f:DOWN]
16:29:48 #80 OK SELECT id=3609010 via doris-1 rows=10182 [doris-1:f:up doris-2:M:up doris-3:f:DOWN]
16:29:49 #81 OK SELECT id=3609010 via doris-1 rows=10183 [doris-1:f:up doris-2:M:up doris-3:f:DOWN]
16:29:50 #82 OK SELECT id=3609010 via doris-1 rows=10183 [doris-1:f:up doris-2:M:up doris-3:f:DOWN]
16:29:51 #83 OK SELECT id=3609010 via doris-1 rows=10183 [doris-1:f:up doris-2:M:up doris-3:f:DOWN]
16:29:52 #84 OK SELECT id=3609010 via doris-1 rows=10181 [doris-1:f:up doris-2:M:up doris-3:f:DOWN]
16:29:53 #85 OK SELECT id=3609010 via doris-1 rows=10181 [doris-1:f:up doris-2:M:up doris-3:f:DOWN]
16:29:54 #86 OK SELECT id=3609010 via doris-1 rows=10183 [doris-1:f:up doris-2:M:up doris-3:f:DOWN]
16:29:55 #87 OK SELECT id=3609010 via doris-1 rows=10183 [doris-1:f:up doris-2:M:up doris-3:f:DOWN]
16:29:56 #88 OK SELECT id=3609010 via doris-1 rows=10183 [doris-1:f:up doris-2:M:up doris-3:f:DOWN]
16:29:57 #89 OK SELECT id=3609010 via doris-1 rows=10181 [doris-1:f:up doris-2:M:up doris-3:f:DOWN]
16:29:58 #90 OK SELECT id=3609010 via doris-1 rows=10181 [doris-1:f:up doris-2:M:up doris-3:f:DOWN]
16:30:00 #91 OK SELECT id=3609010 via doris-1 rows=10183 [doris-1:f:up doris-2:M:up doris-3:f:DOWN]
16:30:01 #92 OK SELECT id=3609010 via doris-1 rows=10183 [doris-1:f:up doris-2:M:up doris-3:f:DOWN]
16:30:02 #93 OK SELECT id=3609010 via doris-1 rows=10183 [doris-1:f:up doris-2:M:up doris-3:f:DOWN]
16:30:03 #94 OK SELECT id=3609010 via doris-1 rows=10181 [doris-1:f:up doris-2:M:up doris-3:f:DOWN]
16:30:04 #95 OK SELECT id=3609010 via doris-1 rows=10181 [doris-1:f:up doris-2:M:up doris-3:f:DOWN]
16:30:05 #96 OK SELECT id=3609010 via doris-1 rows=10183 [doris-1:f:up doris-2:M:up doris-3:f:DOWN]
16:30:06 #97 OK SELECT id=3609010 via doris-1 rows=10183 [doris-1:f:up doris-2:M:up doris-3:f:DOWN]
16:30:07 #98 OK SELECT id=3609010 via doris-1 rows=10183 [doris-1:f:up doris-2:M:up doris-3:f:DOWN]
16:30:08 #99 OK SELECT id=3609010 via doris-1 rows=10181 [doris-1:f:up doris-2:M:up doris-3:f:DOWN]
16:30:09 #100 OK SELECT id=3609010 via doris-1 rows=10181 [doris-1:f:up doris-2:M:up doris-3:f:DOWN]
16:30:10 #101 OK SELECT id=3609010 via doris-1 rows=10183 [doris-1:f:up doris-2:M:up doris-3:f:DOWN]
16:30:11 #102 OK SELECT id=3609010 via doris-1 rows=10183 [doris-1:f:up doris-2:M:up doris-3:f:DOWN]
16:30:12 #103 OK SELECT id=3609010 via doris-1 rows=10183 [doris-1:f:up doris-2:M:up doris-3:f:DOWN]
16:30:14 #104 OK SELECT id=3609010 via doris-1 rows=10181 [doris-1:f:up doris-2:M:up doris-3:f:DOWN]
16:30:15 #105 OK SELECT id=3609010 via doris-1 rows=10181 [doris-1:f:up doris-2:M:up doris-3:f:DOWN]
16:30:16 #106 OK SELECT id=3609010 via doris-1 rows=10183 [doris-1:f:up doris-2:M:up doris-3:f:DOWN]
16:30:17 #107 OK SELECT id=3609010 via doris-1 rows=10183 [doris-1:f:up doris-2:M:up doris-3:f:DOWN]
16:30:18 #108 OK SELECT id=3609010 via doris-1 rows=10183 [doris-1:f:up doris-2:M:up doris-3:f:DOWN]
16:30:19 #109 OK SELECT id=3609010 via doris-1 rows=10181 [doris-1:f:up doris-2:M:up doris-3:f:DOWN]
16:30:20 #110 OK SELECT id=3609010 via doris-1 rows=10181 [doris-1:f:up doris-2:M:up doris-3:f:DOWN]
16:30:21 #111 OK SELECT id=3609010 via doris-1 rows=10183 [doris-1:f:up doris-2:M:up doris-3:f:DOWN]
16:30:22 #112 OK SELECT id=3609010 via doris-1 rows=10183 [doris-1:f:up doris-2:M:up doris-3:f:DOWN]
16:30:23 #113 OK SELECT id=3609010 via doris-1 rows=10183 [doris-1:f:up doris-2:M:up doris-3:f:DOWN]
16:30:24 #114 OK SELECT id=3609010 via doris-1 rows=10181 [doris-1:f:up doris-2:M:up doris-3:f:DOWN]
16:30:25 #115 OK SELECT id=3609010 via doris-1 rows=10181 [doris-1:f:up doris-2:M:up doris-3:f:DOWN]
16:30:26 #116 OK SELECT id=3609010 via doris-1 rows=10183 [doris-1:f:up doris-2:M:up doris-3:f:DOWN]
16:30:27 #117 OK SELECT id=3609010 via doris-1 rows=10183 [doris-1:f:up doris-2:M:up doris-3:f:DOWN]
16:30:29 #118 OK SELECT id=3609010 via doris-1 rows=10183 [doris-1:f:up doris-2:M:up doris-3:f:DOWN]
16:30:30 #119 OK SELECT id=3609010 via doris-1 rows=10181 [doris-1:f:up doris-2:M:up doris-3:f:DOWN]
16:30:31 #120 OK SELECT id=3609010 via doris-1 rows=10181 [doris-1:f:up doris-2:M:up doris-3:f:DOWN]
16:30:32 #121 OK SELECT id=3609010 via doris-1 rows=10183 [doris-1:f:up doris-2:M:up doris-3:f:DOWN]
16:30:33 #122 OK SELECT id=3609010 via doris-1 rows=10183 [doris-1:f:up doris-2:M:up doris-3:f:DOWN]
16:30:34 #123 OK SELECT id=3609010 via doris-1 rows=10183 [doris-1:f:up doris-2:M:up doris-3:f:DOWN]
16:30:35 #124 OK SELECT id=3609010 via doris-1 rows=10181 [doris-1:f:up doris-2:M:up doris-3:f:DOWN]
16:30:36 EVENT restore: systemctl start doris-fe on doris-3
16:30:36 #125 OK SELECT id=3609010 via doris-1 rows=10181 [doris-1:f:up doris-2:M:up doris-3:f:DOWN]
16:30:37 #126 OK SELECT id=3609010 via doris-1 rows=10183 [doris-1:f:up doris-2:M:up doris-3:f:DOWN]
16:30:38 #127 OK SELECT id=3609010 via doris-1 rows=10183 [doris-1:f:up doris-2:M:up doris-3:f:DOWN]
16:30:39 #128 OK SELECT id=3609010 via doris-1 rows=10183 [doris-1:f:up doris-2:M:up doris-3:f:DOWN]
16:30:40 #129 OK SELECT id=3609010 via doris-1 rows=10181 [doris-1:f:up doris-2:M:up doris-3:f:DOWN]
16:30:41 #130 OK SELECT id=3609010 via doris-1 rows=10181 [doris-1:f:up doris-2:M:up doris-3:f:DOWN]
16:30:42 #131 OK SELECT id=3609010 via doris-1 rows=10183 [doris-1:f:up doris-2:M:up doris-3:f:DOWN]
16:30:44 #132 OK SELECT id=3609010 via doris-1 rows=10183 [doris-1:f:up doris-2:M:up doris-3:f:DOWN]
16:30:45 #133 OK SELECT id=3609010 via doris-1 rows=10183 [doris-1:f:up doris-2:M:up doris-3:f:DOWN]
16:30:46 #134 OK SELECT id=3609010 via doris-1 rows=10181 [doris-1:f:up doris-2:M:up doris-3:f:DOWN]
16:30:47 #135 OK SELECT id=3609010 via doris-1 rows=10181 [doris-1:f:up doris-2:M:up doris-3:f:DOWN]
16:30:48 #136 OK SELECT id=3609010 via doris-1 rows=10183 [doris-1:f:up doris-2:M:up doris-3:f:up]
16:30:49 #137 OK SELECT id=3609010 via doris-1 rows=10183 [doris-1:f:up doris-2:M:up doris-3:f:up]
16:30:50 #138 OK SELECT id=3609010 via doris-1 rows=10183 [doris-1:f:up doris-2:M:up doris-3:f:up]
16:30:51 #139 OK SELECT id=3609010 via doris-1 rows=10181 [doris-1:f:up doris-2:M:up doris-3:f:up]
16:30:52 EVENT restore: cluster healthy
16:30:52 #140 OK SELECT id=3609010 via doris-1 rows=10181 [doris-1:f:up doris-2:M:up doris-3:f:up]
16:30:53 #141 OK SELECT id=3609010 via doris-1 rows=10183 [doris-1:f:up doris-2:M:up doris-3:f:up]
16:30:54 #142 OK SELECT id=3609010 via doris-1 rows=10183 [doris-1:f:up doris-2:M:up doris-3:f:up]
16:30:55 #143 OK SELECT id=3609010 via doris-1 rows=10183 [doris-1:f:up doris-2:M:up doris-3:f:up]
16:30:56 #144 OK SELECT id=3609010 via doris-1 rows=10181 [doris-1:f:up doris-2:M:up doris-3:f:up]
16:30:57 #145 OK SELECT id=3609010 via doris-1 rows=10181 [doris-1:f:up doris-2:M:up doris-3:f:up]
16:30:58 #146 OK SELECT id=3609010 via doris-1 rows=10183 [doris-1:f:up doris-2:M:up doris-3:f:up]
16:31:00 #147 OK SELECT id=3609010 via doris-1 rows=10183 [doris-1:f:up doris-2:M:up doris-3:f:up]
16:31:01 #148 OK SELECT id=3609010 via doris-1 rows=10183 [doris-1:f:up doris-2:M:up doris-3:f:up]
16:31:02 #149 OK SELECT id=3609010 via doris-1 rows=10181 [doris-1:f:up doris-2:M:up doris-3:f:up]
16:31:03 #150 OK SELECT id=3609010 via doris-1 rows=10181 [doris-1:f:up doris-2:M:up doris-3:f:up]
16:31:04 #151 OK SELECT id=3609010 via doris-1 rows=10183 [doris-1:f:up doris-2:M:up doris-3:f:up]
16:31:05 #152 OK SELECT id=3609010 via doris-1 rows=10183 [doris-1:f:up doris-2:M:up doris-3:f:up]
16:31:06 #153 OK SELECT id=3609010 via doris-1 rows=10183 [doris-1:f:up doris-2:M:up doris-3:f:up]
16:31:07 #154 OK SELECT id=3609010 via doris-1 rows=10181 [doris-1:f:up doris-2:M:up doris-3:f:up]
16:31:08 #155 OK SELECT id=3609010 via doris-1 rows=10181 [doris-1:f:up doris-2:M:up doris-3:f:up]
16:31:09 #156 OK SELECT id=3609010 via doris-1 rows=10183 [doris-1:f:up doris-2:M:up doris-3:f:up]
16:31:10 #157 OK SELECT id=3609010 via doris-1 rows=10183 [doris-1:f:up doris-2:M:up doris-3:f:up]
16:31:11 #158 OK SELECT id=3609010 via doris-1 rows=10183 [doris-1:f:up doris-2:M:up doris-3:f:up]
16:31:12 #159 OK SELECT id=3609010 via doris-1 rows=10181 [doris-1:f:up doris-2:M:up doris-3:f:up]
16:31:13 #160 OK SELECT id=3609010 via doris-1 rows=10181 [doris-1:f:up doris-2:M:up doris-3:f:up]
16:31:15 #161 OK SELECT id=3609010 via doris-1 rows=10183 [doris-1:f:up doris-2:M:up doris-3:f:up]
16:31:16 #162 OK SELECT id=3609010 via doris-1 rows=10183 [doris-1:f:up doris-2:M:up doris-3:f:up]
16:31:17 #163 OK SELECT id=3609010 via doris-1 rows=10183 [doris-1:f:up doris-2:M:up doris-3:f:up]
16:31:18 #164 OK SELECT id=3609010 via doris-1 rows=10181 [doris-1:f:up doris-2:M:up doris-3:f:up]
16:31:19 #165 OK SELECT id=3609010 via doris-1 rows=10181 [doris-1:f:up doris-2:M:up doris-3:f:up]
16:31:20 #166 OK SELECT id=3609010 via doris-1 rows=10183 [doris-1:f:up doris-2:M:up doris-3:f:up]
16:31:21 #167 OK SELECT id=3609010 via doris-1 rows=10183 [doris-1:f:up doris-2:M:up doris-3:f:up]
