16:28:21 PROBE start proto=jdbc hosts=doris-1,doris-2,doris-3 duration=86400s cycle=INSERT>UPSERT>SELECT>DELETE>SELECT url=jdbc:mysql://10.140.0.2:9030,10.140.0.3:9030,10.140.0.4:9030/hatest
16:28:21 connected to doris-1 (driver-selected host)
16:28:21 #1 OK INSERT id=2609010 via doris-1 rows=10182 [doris-1:f:up doris-2:f:up doris-3:M:up]
16:28:22 #2 OK UPSERT id=2609010 via doris-1 rows=10182 [doris-1:f:up doris-2:f:up doris-3:M:up]
16:28:24 #3 OK SELECT id=2609010 via doris-1 rows=10182 [doris-1:f:up doris-2:f:up doris-3:M:up]
16:28:25 #4 OK DELETE id=2609010 via doris-1 rows=10180 [doris-1:f:up doris-2:f:up doris-3:M:up]
16:28:26 #5 OK SELECT id=2609010 via doris-1 rows=10180 [doris-1:f:up doris-2:f:up doris-3:M:up]
16:28:27 #6 OK INSERT id=2609011 via doris-1 rows=10182 [doris-1:f:up doris-2:f:up doris-3:M:up]
16:28:28 #7 OK UPSERT id=2609011 via doris-1 rows=10182 [doris-1:f:up doris-2:f:up doris-3:M:up]
16:28:29 #8 OK SELECT id=2609011 via doris-1 rows=10182 [doris-1:f:up doris-2:f:up doris-3:M:up]
16:28:30 #9 OK DELETE id=2609011 via doris-1 rows=10180 [doris-1:f:up doris-2:f:up doris-3:M:up]
16:28:31 #10 OK SELECT id=2609011 via doris-1 rows=10180 [doris-1:f:up doris-2:f:up doris-3:M:up]
16:28:32 #11 OK INSERT id=2609012 via doris-1 rows=10182 [doris-1:f:up doris-2:f:up doris-3:M:up]
16:28:33 #12 OK UPSERT id=2609012 via doris-1 rows=10182 [doris-1:f:up doris-2:f:up doris-3:M:up]
16:28:34 #13 OK SELECT id=2609012 via doris-1 rows=10182 [doris-1:f:up doris-2:f:up doris-3:M:up]
16:28:35 #14 OK DELETE id=2609012 via doris-1 rows=10180 [doris-1:f:up doris-2:f:up doris-3:M:up]
16:28:36 #15 OK SELECT id=2609012 via doris-1 rows=10180 [doris-1:f:up doris-2:f:up doris-3:M:up]
16:28:38 #16 OK INSERT id=2609013 via doris-1 rows=10182 [doris-1:f:up doris-2:f:up doris-3:M:up]
16:28:39 #17 OK UPSERT id=2609013 via doris-1 rows=10182 [doris-1:f:up doris-2:f:up doris-3:M:up]
16:28:40 #18 OK SELECT id=2609013 via doris-1 rows=10182 [doris-1:f:up doris-2:f:up doris-3:M:up]
16:28:41 #19 OK DELETE id=2609013 via doris-1 rows=10180 [doris-1:f:up doris-2:f:up doris-3:M:up]
16:28:42 #20 OK SELECT id=2609013 via doris-1 rows=10180 [doris-1:f:up doris-2:f:up doris-3:M:up]
16:28:43 #21 OK INSERT id=2609014 via doris-1 rows=10182 [doris-1:f:up doris-2:f:up doris-3:M:up]
16:28:44 #22 OK UPSERT id=2609014 via doris-1 rows=10182 [doris-1:f:up doris-2:f:up doris-3:M:up]
16:28:45 #23 OK SELECT id=2609014 via doris-1 rows=10182 [doris-1:f:up doris-2:f:up doris-3:M:up]
16:28:46 #24 OK DELETE id=2609014 via doris-1 rows=10180 [doris-1:f:up doris-2:f:up doris-3:M:up]
16:28:47 #25 OK SELECT id=2609014 via doris-1 rows=10180 [doris-1:f:up doris-2:f:up doris-3:M:up]
16:28:48 #26 OK INSERT id=2609015 via doris-1 rows=10182 [doris-1:f:up doris-2:f:up doris-3:M:up]
16:28:49 #27 OK UPSERT id=2609015 via doris-1 rows=10182 [doris-1:f:up doris-2:f:up doris-3:M:up]
16:28:51 #28 OK SELECT id=2609015 via doris-1 rows=10182 [doris-1:f:up doris-2:f:up doris-3:M:up]
16:28:52 #29 OK DELETE id=2609015 via doris-1 rows=10180 [doris-1:f:up doris-2:f:up doris-3:M:up]
16:28:53 #30 OK SELECT id=2609015 via doris-1 rows=10180 [doris-1:f:up doris-2:f:up doris-3:M:up]
16:28:54 #31 OK INSERT id=2609016 via doris-1 rows=10182 [doris-1:f:up doris-2:f:up doris-3:M:up]
16:28:55 EVENT break: fe dead on doris-3 (FE master)
16:28:55 #32 OK UPSERT id=2609016 via doris-1 rows=10182 [doris-1:f:up doris-2:f:up doris-3:M:up]
16:28:56 #33 OK SELECT id=2609016 via doris-1 rows=10182 [doris-1:f:up doris-2:f:up doris-3:M:up]
16:28:57 #34 FAIL DELETE id=2609016 via doris-1: SQLException: ForwardToMasterException, msg: forward to master FE TNetworkAddress(hostname:10.140.0.4, port:9020), statement
16:28:57 #34 FAIL SELECT(check) id=1 via -: SQLException: ForwardToMasterException, msg: forward to master FE TNetworkAddress(hostname:10.140.0.4, p
16:28:58 connected to doris-1 (driver-selected host)
16:28:59 #35 OK INSERT id=2609017 via doris-1 rows=10182 [doris-1:f:up doris-2:M:up doris-3:f:DOWN] (recovered)
16:29:00 #36 OK UPSERT id=2609017 via doris-1 rows=10183 [doris-1:f:up doris-2:M:up doris-3:f:DOWN]
16:29:01 #37 OK SELECT id=2609017 via doris-1 rows=10183 [doris-1:f:up doris-2:M:up doris-3:f:DOWN]
16:29:02 #38 OK DELETE id=2609017 via doris-1 rows=10182 [doris-1:f:up doris-2:M:up doris-3:f:DOWN]
16:29:03 #39 OK SELECT id=2609017 via doris-1 rows=10181 [doris-1:f:up doris-2:M:up doris-3:f:DOWN]
16:29:04 #40 OK INSERT id=2609018 via doris-1 rows=10182 [doris-1:f:up doris-2:M:up doris-3:f:DOWN]
16:29:05 #41 OK UPSERT id=2609018 via doris-1 rows=10183 [doris-1:f:up doris-2:M:up doris-3:f:DOWN]
16:29:06 #42 OK SELECT id=2609018 via doris-1 rows=10183 [doris-1:f:up doris-2:M:up doris-3:f:DOWN]
16:29:08 #43 OK DELETE id=2609018 via doris-1 rows=10182 [doris-1:f:up doris-2:M:up doris-3:f:DOWN]
16:29:09 #44 OK SELECT id=2609018 via doris-1 rows=10181 [doris-1:f:up doris-2:M:up doris-3:f:DOWN]
16:29:10 #45 OK INSERT id=2609019 via doris-1 rows=10182 [doris-1:f:up doris-2:M:up doris-3:f:DOWN]
16:29:11 #46 OK UPSERT id=2609019 via doris-1 rows=10183 [doris-1:f:up doris-2:M:up doris-3:f:DOWN]
16:29:12 #47 OK SELECT id=2609019 via doris-1 rows=10183 [doris-1:f:up doris-2:M:up doris-3:f:DOWN]
16:29:13 #48 OK DELETE id=2609019 via doris-1 rows=10182 [doris-1:f:up doris-2:M:up doris-3:f:DOWN]
16:29:14 #49 OK SELECT id=2609019 via doris-1 rows=10181 [doris-1:f:up doris-2:M:up doris-3:f:DOWN]
16:29:15 #50 OK INSERT id=2609020 via doris-1 rows=10182 [doris-1:f:up doris-2:M:up doris-3:f:DOWN]
16:29:16 #51 OK UPSERT id=2609020 via doris-1 rows=10183 [doris-1:f:up doris-2:M:up doris-3:f:DOWN]
16:29:17 #52 OK SELECT id=2609020 via doris-1 rows=10183 [doris-1:f:up doris-2:M:up doris-3:f:DOWN]
16:29:18 #53 OK DELETE id=2609020 via doris-1 rows=10182 [doris-1:f:up doris-2:M:up doris-3:f:DOWN]
16:29:20 #54 OK SELECT id=2609020 via doris-1 rows=10181 [doris-1:f:up doris-2:M:up doris-3:f:DOWN]
16:29:21 #55 OK INSERT id=2609021 via doris-1 rows=10182 [doris-1:f:up doris-2:M:up doris-3:f:DOWN]
16:29:22 #56 OK UPSERT id=2609021 via doris-1 rows=10183 [doris-1:f:up doris-2:M:up doris-3:f:DOWN]
16:29:23 #57 OK SELECT id=2609021 via doris-1 rows=10183 [doris-1:f:up doris-2:M:up doris-3:f:DOWN]
16:29:24 #58 OK DELETE id=2609021 via doris-1 rows=10182 [doris-1:f:up doris-2:M:up doris-3:f:DOWN]
16:29:25 #59 OK SELECT id=2609021 via doris-1 rows=10181 [doris-1:f:up doris-2:M:up doris-3:f:DOWN]
16:29:26 #60 OK INSERT id=2609022 via doris-1 rows=10182 [doris-1:f:up doris-2:M:up doris-3:f:DOWN]
16:29:27 #61 OK UPSERT id=2609022 via doris-1 rows=10183 [doris-1:f:up doris-2:M:up doris-3:f:DOWN]
16:29:28 #62 OK SELECT id=2609022 via doris-1 rows=10183 [doris-1:f:up doris-2:M:up doris-3:f:DOWN]
16:29:29 #63 OK DELETE id=2609022 via doris-1 rows=10182 [doris-1:f:up doris-2:M:up doris-3:f:DOWN]
16:29:30 #64 OK SELECT id=2609022 via doris-1 rows=10181 [doris-1:f:up doris-2:M:up doris-3:f:DOWN]
16:29:31 #65 OK INSERT id=2609023 via doris-1 rows=10182 [doris-1:f:up doris-2:M:up doris-3:f:DOWN]
16:29:33 #66 OK UPSERT id=2609023 via doris-1 rows=10183 [doris-1:f:up doris-2:M:up doris-3:f:DOWN]
16:29:34 #67 OK SELECT id=2609023 via doris-1 rows=10183 [doris-1:f:up doris-2:M:up doris-3:f:DOWN]
16:29:35 #68 OK DELETE id=2609023 via doris-1 rows=10182 [doris-1:f:up doris-2:M:up doris-3:f:DOWN]
16:29:36 #69 OK SELECT id=2609023 via doris-1 rows=10181 [doris-1:f:up doris-2:M:up doris-3:f:DOWN]
16:29:37 #70 OK INSERT id=2609024 via doris-1 rows=10182 [doris-1:f:up doris-2:M:up doris-3:f:DOWN]
16:29:38 #71 OK UPSERT id=2609024 via doris-1 rows=10183 [doris-1:f:up doris-2:M:up doris-3:f:DOWN]
16:29:39 #72 OK SELECT id=2609024 via doris-1 rows=10183 [doris-1:f:up doris-2:M:up doris-3:f:DOWN]
16:29:40 #73 OK DELETE id=2609024 via doris-1 rows=10182 [doris-1:f:up doris-2:M:up doris-3:f:DOWN]
16:29:41 #74 OK SELECT id=2609024 via doris-1 rows=10181 [doris-1:f:up doris-2:M:up doris-3:f:DOWN]
16:29:42 #75 OK INSERT id=2609025 via doris-1 rows=10182 [doris-1:f:up doris-2:M:up doris-3:f:DOWN]
16:29:43 #76 OK UPSERT id=2609025 via doris-1 rows=10183 [doris-1:f:up doris-2:M:up doris-3:f:DOWN]
16:29:44 #77 OK SELECT id=2609025 via doris-1 rows=10183 [doris-1:f:up doris-2:M:up doris-3:f:DOWN]
16:29:46 #78 OK DELETE id=2609025 via doris-1 rows=10182 [doris-1:f:up doris-2:M:up doris-3:f:DOWN]
16:29:47 #79 OK SELECT id=2609025 via doris-1 rows=10181 [doris-1:f:up doris-2:M:up doris-3:f:DOWN]
16:29:48 #80 OK INSERT id=2609026 via doris-1 rows=10182 [doris-1:f:up doris-2:M:up doris-3:f:DOWN]
16:29:49 #81 OK UPSERT id=2609026 via doris-1 rows=10183 [doris-1:f:up doris-2:M:up doris-3:f:DOWN]
16:29:50 #82 OK SELECT id=2609026 via doris-1 rows=10183 [doris-1:f:up doris-2:M:up doris-3:f:DOWN]
16:29:51 #83 OK DELETE id=2609026 via doris-1 rows=10182 [doris-1:f:up doris-2:M:up doris-3:f:DOWN]
16:29:52 #84 OK SELECT id=2609026 via doris-1 rows=10181 [doris-1:f:up doris-2:M:up doris-3:f:DOWN]
16:29:53 #85 OK INSERT id=2609027 via doris-1 rows=10182 [doris-1:f:up doris-2:M:up doris-3:f:DOWN]
16:29:54 #86 OK UPSERT id=2609027 via doris-1 rows=10183 [doris-1:f:up doris-2:M:up doris-3:f:DOWN]
16:29:55 #87 OK SELECT id=2609027 via doris-1 rows=10183 [doris-1:f:up doris-2:M:up doris-3:f:DOWN]
16:29:56 #88 OK DELETE id=2609027 via doris-1 rows=10182 [doris-1:f:up doris-2:M:up doris-3:f:DOWN]
16:29:57 #89 OK SELECT id=2609027 via doris-1 rows=10181 [doris-1:f:up doris-2:M:up doris-3:f:DOWN]
16:29:58 #90 OK INSERT id=2609028 via doris-1 rows=10182 [doris-1:f:up doris-2:M:up doris-3:f:DOWN]
16:30:00 #91 OK UPSERT id=2609028 via doris-1 rows=10183 [doris-1:f:up doris-2:M:up doris-3:f:DOWN]
16:30:01 #92 OK SELECT id=2609028 via doris-1 rows=10183 [doris-1:f:up doris-2:M:up doris-3:f:DOWN]
16:30:02 #93 OK DELETE id=2609028 via doris-1 rows=10182 [doris-1:f:up doris-2:M:up doris-3:f:DOWN]
16:30:03 #94 OK SELECT id=2609028 via doris-1 rows=10181 [doris-1:f:up doris-2:M:up doris-3:f:DOWN]
16:30:04 #95 OK INSERT id=2609029 via doris-1 rows=10182 [doris-1:f:up doris-2:M:up doris-3:f:DOWN]
16:30:05 #96 OK UPSERT id=2609029 via doris-1 rows=10183 [doris-1:f:up doris-2:M:up doris-3:f:DOWN]
16:30:06 #97 OK SELECT id=2609029 via doris-1 rows=10183 [doris-1:f:up doris-2:M:up doris-3:f:DOWN]
16:30:07 #98 OK DELETE id=2609029 via doris-1 rows=10182 [doris-1:f:up doris-2:M:up doris-3:f:DOWN]
16:30:08 #99 OK SELECT id=2609029 via doris-1 rows=10181 [doris-1:f:up doris-2:M:up doris-3:f:DOWN]
16:30:09 #100 OK INSERT id=2609030 via doris-1 rows=10182 [doris-1:f:up doris-2:M:up doris-3:f:DOWN]
16:30:10 #101 OK UPSERT id=2609030 via doris-1 rows=10183 [doris-1:f:up doris-2:M:up doris-3:f:DOWN]
16:30:11 #102 OK SELECT id=2609030 via doris-1 rows=10183 [doris-1:f:up doris-2:M:up doris-3:f:DOWN]
16:30:13 #103 OK DELETE id=2609030 via doris-1 rows=10182 [doris-1:f:up doris-2:M:up doris-3:f:DOWN]
16:30:14 #104 OK SELECT id=2609030 via doris-1 rows=10181 [doris-1:f:up doris-2:M:up doris-3:f:DOWN]
16:30:15 #105 OK INSERT id=2609031 via doris-1 rows=10182 [doris-1:f:up doris-2:M:up doris-3:f:DOWN]
16:30:16 #106 OK UPSERT id=2609031 via doris-1 rows=10183 [doris-1:f:up doris-2:M:up doris-3:f:DOWN]
16:30:17 #107 OK SELECT id=2609031 via doris-1 rows=10183 [doris-1:f:up doris-2:M:up doris-3:f:DOWN]
16:30:18 #108 OK DELETE id=2609031 via doris-1 rows=10182 [doris-1:f:up doris-2:M:up doris-3:f:DOWN]
16:30:19 #109 OK SELECT id=2609031 via doris-1 rows=10181 [doris-1:f:up doris-2:M:up doris-3:f:DOWN]
16:30:20 #110 OK INSERT id=2609032 via doris-1 rows=10182 [doris-1:f:up doris-2:M:up doris-3:f:DOWN]
16:30:21 #111 OK UPSERT id=2609032 via doris-1 rows=10183 [doris-1:f:up doris-2:M:up doris-3:f:DOWN]
16:30:22 #112 OK SELECT id=2609032 via doris-1 rows=10183 [doris-1:f:up doris-2:M:up doris-3:f:DOWN]
16:30:23 #113 OK DELETE id=2609032 via doris-1 rows=10182 [doris-1:f:up doris-2:M:up doris-3:f:DOWN]
16:30:24 #114 OK SELECT id=2609032 via doris-1 rows=10181 [doris-1:f:up doris-2:M:up doris-3:f:DOWN]
16:30:25 #115 OK INSERT id=2609033 via doris-1 rows=10182 [doris-1:f:up doris-2:M:up doris-3:f:DOWN]
16:30:26 #116 OK UPSERT id=2609033 via doris-1 rows=10183 [doris-1:f:up doris-2:M:up doris-3:f:DOWN]
16:30:28 #117 OK SELECT id=2609033 via doris-1 rows=10183 [doris-1:f:up doris-2:M:up doris-3:f:DOWN]
16:30:29 #118 OK DELETE id=2609033 via doris-1 rows=10182 [doris-1:f:up doris-2:M:up doris-3:f:DOWN]
16:30:30 #119 OK SELECT id=2609033 via doris-1 rows=10181 [doris-1:f:up doris-2:M:up doris-3:f:DOWN]
16:30:31 #120 OK INSERT id=2609034 via doris-1 rows=10182 [doris-1:f:up doris-2:M:up doris-3:f:DOWN]
16:30:32 #121 OK UPSERT id=2609034 via doris-1 rows=10183 [doris-1:f:up doris-2:M:up doris-3:f:DOWN]
16:30:33 #122 OK SELECT id=2609034 via doris-1 rows=10183 [doris-1:f:up doris-2:M:up doris-3:f:DOWN]
16:30:34 #123 OK DELETE id=2609034 via doris-1 rows=10182 [doris-1:f:up doris-2:M:up doris-3:f:DOWN]
16:30:35 #124 OK SELECT id=2609034 via doris-1 rows=10181 [doris-1:f:up doris-2:M:up doris-3:f:DOWN]
16:30:36 EVENT restore: systemctl start doris-fe on doris-3
16:30:36 #125 OK INSERT id=2609035 via doris-1 rows=10182 [doris-1:f:up doris-2:M:up doris-3:f:DOWN]
16:30:37 #126 OK UPSERT id=2609035 via doris-1 rows=10183 [doris-1:f:up doris-2:M:up doris-3:f:DOWN]
16:30:38 #127 OK SELECT id=2609035 via doris-1 rows=10183 [doris-1:f:up doris-2:M:up doris-3:f:DOWN]
16:30:39 #128 OK DELETE id=2609035 via doris-1 rows=10182 [doris-1:f:up doris-2:M:up doris-3:f:DOWN]
16:30:40 #129 OK SELECT id=2609035 via doris-1 rows=10181 [doris-1:f:up doris-2:M:up doris-3:f:DOWN]
16:30:42 #130 OK INSERT id=2609036 via doris-1 rows=10182 [doris-1:f:up doris-2:M:up doris-3:f:DOWN]
16:30:43 #131 OK UPSERT id=2609036 via doris-1 rows=10183 [doris-1:f:up doris-2:M:up doris-3:f:DOWN]
16:30:44 #132 OK SELECT id=2609036 via doris-1 rows=10183 [doris-1:f:up doris-2:M:up doris-3:f:DOWN]
16:30:45 #133 OK DELETE id=2609036 via doris-1 rows=10182 [doris-1:f:up doris-2:M:up doris-3:f:DOWN]
16:30:46 #134 OK SELECT id=2609036 via doris-1 rows=10181 [doris-1:f:up doris-2:M:up doris-3:f:DOWN]
16:30:47 #135 OK INSERT id=2609037 via doris-1 rows=10182 [doris-1:f:up doris-2:M:up doris-3:f:DOWN]
16:30:48 #136 OK UPSERT id=2609037 via doris-1 rows=10183 [doris-1:f:up doris-2:M:up doris-3:f:up]
16:30:49 #137 OK SELECT id=2609037 via doris-1 rows=10183 [doris-1:f:up doris-2:M:up doris-3:f:up]
16:30:50 #138 OK DELETE id=2609037 via doris-1 rows=10182 [doris-1:f:up doris-2:M:up doris-3:f:up]
16:30:51 #139 OK SELECT id=2609037 via doris-1 rows=10181 [doris-1:f:up doris-2:M:up doris-3:f:up]
16:30:52 EVENT restore: cluster healthy
16:30:52 #140 OK INSERT id=2609038 via doris-1 rows=10182 [doris-1:f:up doris-2:M:up doris-3:f:up]
16:30:53 #141 OK UPSERT id=2609038 via doris-1 rows=10183 [doris-1:f:up doris-2:M:up doris-3:f:up]
16:30:54 #142 OK SELECT id=2609038 via doris-1 rows=10183 [doris-1:f:up doris-2:M:up doris-3:f:up]
16:30:56 #143 OK DELETE id=2609038 via doris-1 rows=10182 [doris-1:f:up doris-2:M:up doris-3:f:up]
16:30:57 #144 OK SELECT id=2609038 via doris-1 rows=10181 [doris-1:f:up doris-2:M:up doris-3:f:up]
16:30:58 #145 OK INSERT id=2609039 via doris-1 rows=10182 [doris-1:f:up doris-2:M:up doris-3:f:up]
16:30:59 #146 OK UPSERT id=2609039 via doris-1 rows=10183 [doris-1:f:up doris-2:M:up doris-3:f:up]
16:31:00 #147 OK SELECT id=2609039 via doris-1 rows=10183 [doris-1:f:up doris-2:M:up doris-3:f:up]
16:31:01 #148 OK DELETE id=2609039 via doris-1 rows=10182 [doris-1:f:up doris-2:M:up doris-3:f:up]
16:31:02 #149 OK SELECT id=2609039 via doris-1 rows=10181 [doris-1:f:up doris-2:M:up doris-3:f:up]
16:31:03 #150 OK INSERT id=2609040 via doris-1 rows=10182 [doris-1:f:up doris-2:M:up doris-3:f:up]
16:31:04 #151 OK UPSERT id=2609040 via doris-1 rows=10183 [doris-1:f:up doris-2:M:up doris-3:f:up]
16:31:05 #152 OK SELECT id=2609040 via doris-1 rows=10183 [doris-1:f:up doris-2:M:up doris-3:f:up]
16:31:06 #153 OK DELETE id=2609040 via doris-1 rows=10182 [doris-1:f:up doris-2:M:up doris-3:f:up]
16:31:07 #154 OK SELECT id=2609040 via doris-1 rows=10181 [doris-1:f:up doris-2:M:up doris-3:f:up]
16:31:08 #155 OK INSERT id=2609041 via doris-1 rows=10182 [doris-1:f:up doris-2:M:up doris-3:f:up]
16:31:09 #156 OK UPSERT id=2609041 via doris-1 rows=10183 [doris-1:f:up doris-2:M:up doris-3:f:up]
16:31:11 #157 OK SELECT id=2609041 via doris-1 rows=10183 [doris-1:f:up doris-2:M:up doris-3:f:up]
16:31:12 #158 OK DELETE id=2609041 via doris-1 rows=10182 [doris-1:f:up doris-2:M:up doris-3:f:up]
16:31:13 #159 OK SELECT id=2609041 via doris-1 rows=10181 [doris-1:f:up doris-2:M:up doris-3:f:up]
16:31:14 #160 OK INSERT id=2609042 via doris-1 rows=10182 [doris-1:f:up doris-2:M:up doris-3:f:up]
16:31:15 #161 OK UPSERT id=2609042 via doris-1 rows=10183 [doris-1:f:up doris-2:M:up doris-3:f:up]
16:31:16 #162 OK SELECT id=2609042 via doris-1 rows=10183 [doris-1:f:up doris-2:M:up doris-3:f:up]
16:31:17 #163 OK DELETE id=2609042 via doris-1 rows=10182 [doris-1:f:up doris-2:M:up doris-3:f:up]
16:31:18 #164 OK SELECT id=2609042 via doris-1 rows=10181 [doris-1:f:up doris-2:M:up doris-3:f:up]
16:31:19 #165 OK INSERT id=2609043 via doris-1 rows=10182 [doris-1:f:up doris-2:M:up doris-3:f:up]
16:31:20 #166 OK UPSERT id=2609043 via doris-1 rows=10183 [doris-1:f:up doris-2:M:up doris-3:f:up]
