16:28:20 PROBE start proto=mysql hosts=doris-1,doris-2,doris-3 duration=86400s cycle=INSERT>UPSERT>SELECT>DELETE>SELECT
16:28:21 connected to doris-1 (10.140.0.2)
16:28:21 #1 OK INSERT id=1609000 via doris-1 rows=10181 [doris-1:f:up doris-2:f:up doris-3:M:up]
16:28:22 #2 OK UPSERT id=1609000 via doris-1 rows=10182 [doris-1:f:up doris-2:f:up doris-3:M:up]
16:28:23 #3 OK SELECT id=1609000 via doris-1 rows=10182 [doris-1:f:up doris-2:f:up doris-3:M:up]
16:28:24 #4 OK DELETE id=1609000 via doris-1 rows=10181 [doris-1:f:up doris-2:f:up doris-3:M:up]
16:28:25 #5 OK SELECT id=1609000 via doris-1 rows=10180 [doris-1:f:up doris-2:f:up doris-3:M:up]
16:28:26 #6 OK INSERT id=1609001 via doris-1 rows=10181 [doris-1:f:up doris-2:f:up doris-3:M:up]
16:28:27 #7 OK UPSERT id=1609001 via doris-1 rows=10182 [doris-1:f:up doris-2:f:up doris-3:M:up]
16:28:28 #8 OK SELECT id=1609001 via doris-1 rows=10182 [doris-1:f:up doris-2:f:up doris-3:M:up]
16:28:29 #9 OK DELETE id=1609001 via doris-1 rows=10181 [doris-1:f:up doris-2:f:up doris-3:M:up]
16:28:30 #10 OK SELECT id=1609001 via doris-1 rows=10180 [doris-1:f:up doris-2:f:up doris-3:M:up]
16:28:31 #11 OK INSERT id=1609002 via doris-1 rows=10181 [doris-1:f:up doris-2:f:up doris-3:M:up]
16:28:33 #12 OK UPSERT id=1609002 via doris-1 rows=10182 [doris-1:f:up doris-2:f:up doris-3:M:up]
16:28:34 #13 OK SELECT id=1609002 via doris-1 rows=10182 [doris-1:f:up doris-2:f:up doris-3:M:up]
16:28:35 #14 OK DELETE id=1609002 via doris-1 rows=10181 [doris-1:f:up doris-2:f:up doris-3:M:up]
16:28:36 #15 OK SELECT id=1609002 via doris-1 rows=10180 [doris-1:f:up doris-2:f:up doris-3:M:up]
16:28:37 #16 OK INSERT id=1609003 via doris-1 rows=10181 [doris-1:f:up doris-2:f:up doris-3:M:up]
16:28:38 #17 OK UPSERT id=1609003 via doris-1 rows=10182 [doris-1:f:up doris-2:f:up doris-3:M:up]
16:28:39 #18 OK SELECT id=1609003 via doris-1 rows=10182 [doris-1:f:up doris-2:f:up doris-3:M:up]
16:28:40 #19 OK DELETE id=1609003 via doris-1 rows=10181 [doris-1:f:up doris-2:f:up doris-3:M:up]
16:28:41 #20 OK SELECT id=1609003 via doris-1 rows=10180 [doris-1:f:up doris-2:f:up doris-3:M:up]
16:28:42 #21 OK INSERT id=1609004 via doris-1 rows=10181 [doris-1:f:up doris-2:f:up doris-3:M:up]
16:28:43 #22 OK UPSERT id=1609004 via doris-1 rows=10182 [doris-1:f:up doris-2:f:up doris-3:M:up]
16:28:44 #23 OK SELECT id=1609004 via doris-1 rows=10182 [doris-1:f:up doris-2:f:up doris-3:M:up]
16:28:45 #24 OK DELETE id=1609004 via doris-1 rows=10181 [doris-1:f:up doris-2:f:up doris-3:M:up]
16:28:46 #25 OK SELECT id=1609004 via doris-1 rows=10180 [doris-1:f:up doris-2:f:up doris-3:M:up]
16:28:48 #26 OK INSERT id=1609005 via doris-1 rows=10181 [doris-1:f:up doris-2:f:up doris-3:M:up]
16:28:49 #27 OK UPSERT id=1609005 via doris-1 rows=10182 [doris-1:f:up doris-2:f:up doris-3:M:up]
16:28:50 #28 OK SELECT id=1609005 via doris-1 rows=10182 [doris-1:f:up doris-2:f:up doris-3:M:up]
16:28:51 #29 OK DELETE id=1609005 via doris-1 rows=10181 [doris-1:f:up doris-2:f:up doris-3:M:up]
16:28:52 #30 OK SELECT id=1609005 via doris-1 rows=10180 [doris-1:f:up doris-2:f:up doris-3:M:up]
16:28:53 #31 OK INSERT id=1609006 via doris-1 rows=10181 [doris-1:f:up doris-2:f:up doris-3:M:up]
16:28:54 #32 OK UPSERT id=1609006 via doris-1 rows=10182 [doris-1:f:up doris-2:f:up doris-3:M:up]
16:28:55 EVENT break: fe dead on doris-3 (FE master)
16:28:55 #33 OK SELECT id=1609006 via doris-1 rows=10182 [doris-1:f:up doris-2:f:up doris-3:M:up]
16:28:56 #34 OK DELETE id=1609006 via doris-1 rows=10181 [doris-1:f:up doris-2:f:up doris-3:M:up]
16:28:58 #35 OK SELECT id=1609006 via doris-1 rows=10181 [doris-1:f:up doris-2:M:up doris-3:f:DOWN]
16:29:00 #36 OK INSERT id=1609007 via doris-1 rows=10183 [doris-1:f:up doris-2:M:up doris-3:f:DOWN]
16:29:01 #37 OK UPSERT id=1609007 via doris-1 rows=10183 [doris-1:f:up doris-2:M:up doris-3:f:DOWN]
16:29:02 #38 OK SELECT id=1609007 via doris-1 rows=10183 [doris-1:f:up doris-2:M:up doris-3:f:DOWN]
16:29:03 #39 OK DELETE id=1609007 via doris-1 rows=10181 [doris-1:f:up doris-2:M:up doris-3:f:DOWN]
16:29:04 #40 OK SELECT id=1609007 via doris-1 rows=10181 [doris-1:f:up doris-2:M:up doris-3:f:DOWN]
16:29:05 #41 OK INSERT id=1609008 via doris-1 rows=10183 [doris-1:f:up doris-2:M:up doris-3:f:DOWN]
16:29:06 #42 OK UPSERT id=1609008 via doris-1 rows=10183 [doris-1:f:up doris-2:M:up doris-3:f:DOWN]
16:29:07 #43 OK SELECT id=1609008 via doris-1 rows=10183 [doris-1:f:up doris-2:M:up doris-3:f:DOWN]
16:29:08 #44 OK DELETE id=1609008 via doris-1 rows=10181 [doris-1:f:up doris-2:M:up doris-3:f:DOWN]
16:29:09 #45 OK SELECT id=1609008 via doris-1 rows=10181 [doris-1:f:up doris-2:M:up doris-3:f:DOWN]
16:29:10 #46 OK INSERT id=1609009 via doris-1 rows=10183 [doris-1:f:up doris-2:M:up doris-3:f:DOWN]
16:29:12 #47 OK UPSERT id=1609009 via doris-1 rows=10183 [doris-1:f:up doris-2:M:up doris-3:f:DOWN]
16:29:13 #48 OK SELECT id=1609009 via doris-1 rows=10183 [doris-1:f:up doris-2:M:up doris-3:f:DOWN]
16:29:14 #49 OK DELETE id=1609009 via doris-1 rows=10181 [doris-1:f:up doris-2:M:up doris-3:f:DOWN]
16:29:15 #50 OK SELECT id=1609009 via doris-1 rows=10181 [doris-1:f:up doris-2:M:up doris-3:f:DOWN]
16:29:16 #51 OK INSERT id=1609010 via doris-1 rows=10183 [doris-1:f:up doris-2:M:up doris-3:f:DOWN]
16:29:17 #52 OK UPSERT id=1609010 via doris-1 rows=10183 [doris-1:f:up doris-2:M:up doris-3:f:DOWN]
16:29:18 #53 OK SELECT id=1609010 via doris-1 rows=10183 [doris-1:f:up doris-2:M:up doris-3:f:DOWN]
16:29:19 #54 OK DELETE id=1609010 via doris-1 rows=10181 [doris-1:f:up doris-2:M:up doris-3:f:DOWN]
16:29:20 #55 OK SELECT id=1609010 via doris-1 rows=10181 [doris-1:f:up doris-2:M:up doris-3:f:DOWN]
16:29:21 #56 OK INSERT id=1609011 via doris-1 rows=10183 [doris-1:f:up doris-2:M:up doris-3:f:DOWN]
16:29:22 #57 OK UPSERT id=1609011 via doris-1 rows=10183 [doris-1:f:up doris-2:M:up doris-3:f:DOWN]
16:29:24 #58 OK SELECT id=1609011 via doris-1 rows=10183 [doris-1:f:up doris-2:M:up doris-3:f:DOWN]
16:29:25 #59 OK DELETE id=1609011 via doris-1 rows=10181 [doris-1:f:up doris-2:M:up doris-3:f:DOWN]
16:29:26 #60 OK SELECT id=1609011 via doris-1 rows=10181 [doris-1:f:up doris-2:M:up doris-3:f:DOWN]
16:29:27 #61 OK INSERT id=1609012 via doris-1 rows=10183 [doris-1:f:up doris-2:M:up doris-3:f:DOWN]
16:29:28 #62 OK UPSERT id=1609012 via doris-1 rows=10183 [doris-1:f:up doris-2:M:up doris-3:f:DOWN]
16:29:29 #63 OK SELECT id=1609012 via doris-1 rows=10183 [doris-1:f:up doris-2:M:up doris-3:f:DOWN]
16:29:30 #64 OK DELETE id=1609012 via doris-1 rows=10181 [doris-1:f:up doris-2:M:up doris-3:f:DOWN]
16:29:31 #65 OK SELECT id=1609012 via doris-1 rows=10181 [doris-1:f:up doris-2:M:up doris-3:f:DOWN]
16:29:32 #66 OK INSERT id=1609013 via doris-1 rows=10183 [doris-1:f:up doris-2:M:up doris-3:f:DOWN]
16:29:33 #67 OK UPSERT id=1609013 via doris-1 rows=10183 [doris-1:f:up doris-2:M:up doris-3:f:DOWN]
16:29:34 #68 OK SELECT id=1609013 via doris-1 rows=10183 [doris-1:f:up doris-2:M:up doris-3:f:DOWN]
16:29:35 #69 OK DELETE id=1609013 via doris-1 rows=10181 [doris-1:f:up doris-2:M:up doris-3:f:DOWN]
16:29:36 #70 OK SELECT id=1609013 via doris-1 rows=10181 [doris-1:f:up doris-2:M:up doris-3:f:DOWN]
16:29:38 #71 OK INSERT id=1609014 via doris-1 rows=10183 [doris-1:f:up doris-2:M:up doris-3:f:DOWN]
16:29:39 #72 OK UPSERT id=1609014 via doris-1 rows=10183 [doris-1:f:up doris-2:M:up doris-3:f:DOWN]
16:29:40 #73 OK SELECT id=1609014 via doris-1 rows=10183 [doris-1:f:up doris-2:M:up doris-3:f:DOWN]
16:29:41 #74 OK DELETE id=1609014 via doris-1 rows=10181 [doris-1:f:up doris-2:M:up doris-3:f:DOWN]
16:29:42 #75 OK SELECT id=1609014 via doris-1 rows=10181 [doris-1:f:up doris-2:M:up doris-3:f:DOWN]
16:29:43 #76 OK INSERT id=1609015 via doris-1 rows=10183 [doris-1:f:up doris-2:M:up doris-3:f:DOWN]
16:29:44 #77 OK UPSERT id=1609015 via doris-1 rows=10183 [doris-1:f:up doris-2:M:up doris-3:f:DOWN]
16:29:45 #78 OK SELECT id=1609015 via doris-1 rows=10183 [doris-1:f:up doris-2:M:up doris-3:f:DOWN]
16:29:46 #79 OK DELETE id=1609015 via doris-1 rows=10181 [doris-1:f:up doris-2:M:up doris-3:f:DOWN]
16:29:47 #80 OK SELECT id=1609015 via doris-1 rows=10181 [doris-1:f:up doris-2:M:up doris-3:f:DOWN]
16:29:48 #81 OK INSERT id=1609016 via doris-1 rows=10183 [doris-1:f:up doris-2:M:up doris-3:f:DOWN]
16:29:49 #82 OK UPSERT id=1609016 via doris-1 rows=10183 [doris-1:f:up doris-2:M:up doris-3:f:DOWN]
16:29:50 #83 OK SELECT id=1609016 via doris-1 rows=10183 [doris-1:f:up doris-2:M:up doris-3:f:DOWN]
16:29:52 #84 OK DELETE id=1609016 via doris-1 rows=10181 [doris-1:f:up doris-2:M:up doris-3:f:DOWN]
16:29:53 #85 OK SELECT id=1609016 via doris-1 rows=10181 [doris-1:f:up doris-2:M:up doris-3:f:DOWN]
16:29:54 #86 OK INSERT id=1609017 via doris-1 rows=10183 [doris-1:f:up doris-2:M:up doris-3:f:DOWN]
16:29:55 #87 OK UPSERT id=1609017 via doris-1 rows=10183 [doris-1:f:up doris-2:M:up doris-3:f:DOWN]
16:29:56 #88 OK SELECT id=1609017 via doris-1 rows=10183 [doris-1:f:up doris-2:M:up doris-3:f:DOWN]
16:29:57 #89 OK DELETE id=1609017 via doris-1 rows=10181 [doris-1:f:up doris-2:M:up doris-3:f:DOWN]
16:29:58 #90 OK SELECT id=1609017 via doris-1 rows=10181 [doris-1:f:up doris-2:M:up doris-3:f:DOWN]
16:29:59 #91 OK INSERT id=1609018 via doris-1 rows=10183 [doris-1:f:up doris-2:M:up doris-3:f:DOWN]
16:30:00 #92 OK UPSERT id=1609018 via doris-1 rows=10183 [doris-1:f:up doris-2:M:up doris-3:f:DOWN]
16:30:01 #93 OK SELECT id=1609018 via doris-1 rows=10183 [doris-1:f:up doris-2:M:up doris-3:f:DOWN]
16:30:02 #94 OK DELETE id=1609018 via doris-1 rows=10181 [doris-1:f:up doris-2:M:up doris-3:f:DOWN]
16:30:03 #95 OK SELECT id=1609018 via doris-1 rows=10181 [doris-1:f:up doris-2:M:up doris-3:f:DOWN]
16:30:04 #96 OK INSERT id=1609019 via doris-1 rows=10183 [doris-1:f:up doris-2:M:up doris-3:f:DOWN]
16:30:06 #97 OK UPSERT id=1609019 via doris-1 rows=10183 [doris-1:f:up doris-2:M:up doris-3:f:DOWN]
16:30:07 #98 OK SELECT id=1609019 via doris-1 rows=10183 [doris-1:f:up doris-2:M:up doris-3:f:DOWN]
16:30:08 #99 OK DELETE id=1609019 via doris-1 rows=10181 [doris-1:f:up doris-2:M:up doris-3:f:DOWN]
16:30:09 #100 OK SELECT id=1609019 via doris-1 rows=10181 [doris-1:f:up doris-2:M:up doris-3:f:DOWN]
16:30:10 #101 OK INSERT id=1609020 via doris-1 rows=10183 [doris-1:f:up doris-2:M:up doris-3:f:DOWN]
16:30:11 #102 OK UPSERT id=1609020 via doris-1 rows=10183 [doris-1:f:up doris-2:M:up doris-3:f:DOWN]
16:30:12 #103 OK SELECT id=1609020 via doris-1 rows=10183 [doris-1:f:up doris-2:M:up doris-3:f:DOWN]
16:30:13 #104 OK DELETE id=1609020 via doris-1 rows=10181 [doris-1:f:up doris-2:M:up doris-3:f:DOWN]
16:30:14 #105 OK SELECT id=1609020 via doris-1 rows=10181 [doris-1:f:up doris-2:M:up doris-3:f:DOWN]
16:30:15 #106 OK INSERT id=1609021 via doris-1 rows=10183 [doris-1:f:up doris-2:M:up doris-3:f:DOWN]
16:30:16 #107 OK UPSERT id=1609021 via doris-1 rows=10183 [doris-1:f:up doris-2:M:up doris-3:f:DOWN]
16:30:17 #108 OK SELECT id=1609021 via doris-1 rows=10183 [doris-1:f:up doris-2:M:up doris-3:f:DOWN]
16:30:18 #109 OK DELETE id=1609021 via doris-1 rows=10181 [doris-1:f:up doris-2:M:up doris-3:f:DOWN]
16:30:19 #110 OK SELECT id=1609021 via doris-1 rows=10181 [doris-1:f:up doris-2:M:up doris-3:f:DOWN]
16:30:21 #111 OK INSERT id=1609022 via doris-1 rows=10183 [doris-1:f:up doris-2:M:up doris-3:f:DOWN]
16:30:22 #112 OK UPSERT id=1609022 via doris-1 rows=10183 [doris-1:f:up doris-2:M:up doris-3:f:DOWN]
16:30:23 #113 OK SELECT id=1609022 via doris-1 rows=10183 [doris-1:f:up doris-2:M:up doris-3:f:DOWN]
16:30:24 #114 OK DELETE id=1609022 via doris-1 rows=10181 [doris-1:f:up doris-2:M:up doris-3:f:DOWN]
16:30:25 #115 OK SELECT id=1609022 via doris-1 rows=10181 [doris-1:f:up doris-2:M:up doris-3:f:DOWN]
16:30:26 #116 OK INSERT id=1609023 via doris-1 rows=10183 [doris-1:f:up doris-2:M:up doris-3:f:DOWN]
16:30:27 #117 OK UPSERT id=1609023 via doris-1 rows=10183 [doris-1:f:up doris-2:M:up doris-3:f:DOWN]
16:30:28 #118 OK SELECT id=1609023 via doris-1 rows=10183 [doris-1:f:up doris-2:M:up doris-3:f:DOWN]
16:30:29 #119 OK DELETE id=1609023 via doris-1 rows=10181 [doris-1:f:up doris-2:M:up doris-3:f:DOWN]
16:30:30 #120 OK SELECT id=1609023 via doris-1 rows=10181 [doris-1:f:up doris-2:M:up doris-3:f:DOWN]
16:30:31 #121 OK INSERT id=1609024 via doris-1 rows=10183 [doris-1:f:up doris-2:M:up doris-3:f:DOWN]
16:30:32 #122 OK UPSERT id=1609024 via doris-1 rows=10183 [doris-1:f:up doris-2:M:up doris-3:f:DOWN]
16:30:33 #123 OK SELECT id=1609024 via doris-1 rows=10183 [doris-1:f:up doris-2:M:up doris-3:f:DOWN]
16:30:35 #124 OK DELETE id=1609024 via doris-1 rows=10181 [doris-1:f:up doris-2:M:up doris-3:f:DOWN]
16:30:36 #125 OK SELECT id=1609024 via doris-1 rows=10181 [doris-1:f:up doris-2:M:up doris-3:f:DOWN]
16:30:36 EVENT restore: systemctl start doris-fe on doris-3
16:30:37 #126 OK INSERT id=1609025 via doris-1 rows=10183 [doris-1:f:up doris-2:M:up doris-3:f:DOWN]
16:30:38 #127 OK UPSERT id=1609025 via doris-1 rows=10183 [doris-1:f:up doris-2:M:up doris-3:f:DOWN]
16:30:39 #128 OK SELECT id=1609025 via doris-1 rows=10183 [doris-1:f:up doris-2:M:up doris-3:f:DOWN]
16:30:40 #129 OK DELETE id=1609025 via doris-1 rows=10181 [doris-1:f:up doris-2:M:up doris-3:f:DOWN]
16:30:41 #130 OK SELECT id=1609025 via doris-1 rows=10181 [doris-1:f:up doris-2:M:up doris-3:f:DOWN]
16:30:42 #131 OK INSERT id=1609026 via doris-1 rows=10183 [doris-1:f:up doris-2:M:up doris-3:f:DOWN]
16:30:43 #132 OK UPSERT id=1609026 via doris-1 rows=10183 [doris-1:f:up doris-2:M:up doris-3:f:DOWN]
16:30:44 #133 OK SELECT id=1609026 via doris-1 rows=10183 [doris-1:f:up doris-2:M:up doris-3:f:DOWN]
16:30:45 #134 OK DELETE id=1609026 via doris-1 rows=10181 [doris-1:f:up doris-2:M:up doris-3:f:DOWN]
16:30:46 #135 OK SELECT id=1609026 via doris-1 rows=10181 [doris-1:f:up doris-2:M:up doris-3:f:DOWN]
16:30:47 #136 OK INSERT id=1609027 via doris-1 rows=10183 [doris-1:f:up doris-2:M:up doris-3:f:DOWN]
16:30:48 #137 OK UPSERT id=1609027 via doris-1 rows=10183 [doris-1:f:up doris-2:M:up doris-3:f:up]
16:30:50 #138 OK SELECT id=1609027 via doris-1 rows=10183 [doris-1:f:up doris-2:M:up doris-3:f:up]
16:30:51 #139 OK DELETE id=1609027 via doris-1 rows=10181 [doris-1:f:up doris-2:M:up doris-3:f:up]
16:30:52 EVENT restore: cluster healthy
16:30:52 #140 OK SELECT id=1609027 via doris-1 rows=10181 [doris-1:f:up doris-2:M:up doris-3:f:up]
16:30:53 #141 OK INSERT id=1609028 via doris-1 rows=10183 [doris-1:f:up doris-2:M:up doris-3:f:up]
16:30:54 #142 OK UPSERT id=1609028 via doris-1 rows=10183 [doris-1:f:up doris-2:M:up doris-3:f:up]
16:30:55 #143 OK SELECT id=1609028 via doris-1 rows=10183 [doris-1:f:up doris-2:M:up doris-3:f:up]
16:30:56 #144 OK DELETE id=1609028 via doris-1 rows=10181 [doris-1:f:up doris-2:M:up doris-3:f:up]
16:30:57 #145 OK SELECT id=1609028 via doris-1 rows=10181 [doris-1:f:up doris-2:M:up doris-3:f:up]
16:30:58 #146 OK INSERT id=1609029 via doris-1 rows=10183 [doris-1:f:up doris-2:M:up doris-3:f:up]
16:30:59 #147 OK UPSERT id=1609029 via doris-1 rows=10183 [doris-1:f:up doris-2:M:up doris-3:f:up]
16:31:00 #148 OK SELECT id=1609029 via doris-1 rows=10183 [doris-1:f:up doris-2:M:up doris-3:f:up]
16:31:01 #149 OK DELETE id=1609029 via doris-1 rows=10181 [doris-1:f:up doris-2:M:up doris-3:f:up]
16:31:02 #150 OK SELECT id=1609029 via doris-1 rows=10181 [doris-1:f:up doris-2:M:up doris-3:f:up]
16:31:04 #151 OK INSERT id=1609030 via doris-1 rows=10183 [doris-1:f:up doris-2:M:up doris-3:f:up]
16:31:05 #152 OK UPSERT id=1609030 via doris-1 rows=10183 [doris-1:f:up doris-2:M:up doris-3:f:up]
16:31:06 #153 OK SELECT id=1609030 via doris-1 rows=10183 [doris-1:f:up doris-2:M:up doris-3:f:up]
16:31:07 #154 OK DELETE id=1609030 via doris-1 rows=10181 [doris-1:f:up doris-2:M:up doris-3:f:up]
16:31:08 #155 OK SELECT id=1609030 via doris-1 rows=10181 [doris-1:f:up doris-2:M:up doris-3:f:up]
16:31:09 #156 OK INSERT id=1609031 via doris-1 rows=10183 [doris-1:f:up doris-2:M:up doris-3:f:up]
16:31:10 #157 OK UPSERT id=1609031 via doris-1 rows=10183 [doris-1:f:up doris-2:M:up doris-3:f:up]
16:31:11 #158 OK SELECT id=1609031 via doris-1 rows=10183 [doris-1:f:up doris-2:M:up doris-3:f:up]
16:31:12 #159 OK DELETE id=1609031 via doris-1 rows=10181 [doris-1:f:up doris-2:M:up doris-3:f:up]
16:31:13 #160 OK SELECT id=1609031 via doris-1 rows=10181 [doris-1:f:up doris-2:M:up doris-3:f:up]
16:31:14 #161 OK INSERT id=1609032 via doris-1 rows=10183 [doris-1:f:up doris-2:M:up doris-3:f:up]
16:31:15 #162 OK UPSERT id=1609032 via doris-1 rows=10183 [doris-1:f:up doris-2:M:up doris-3:f:up]
16:31:16 #163 OK SELECT id=1609032 via doris-1 rows=10183 [doris-1:f:up doris-2:M:up doris-3:f:up]
16:31:17 #164 OK DELETE id=1609032 via doris-1 rows=10181 [doris-1:f:up doris-2:M:up doris-3:f:up]
16:31:19 #165 OK SELECT id=1609032 via doris-1 rows=10181 [doris-1:f:up doris-2:M:up doris-3:f:up]
