00:19:18 PROBE start proto=arrow-flight hosts=doris-1,doris-2,doris-3 duration=86400s cycle=INSERT>UPSERT>SELECT>DELETE>SELECT
00:19:18 connected to doris-1 (10.140.0.2)
00:19:18 DML unsupported over arrow-flight (InternalError: RuntimeException, msg: getMysqlChannel not in mysql connection (Internal; ExecuteQuery)) — switching to SELECT-only mode
00:19:18 #1 OK SELECT id=3571580 via doris-1 rows=10039 [doris-1:f:up doris-2:f:up doris-3:M:up]
00:19:19 #2 OK SELECT id=3571580 via doris-1 rows=10040 [doris-1:f:up doris-2:f:up doris-3:M:up]
00:19:20 #3 OK SELECT id=3571580 via doris-1 rows=10040 [doris-1:f:up doris-2:f:up doris-3:M:up]
00:19:21 #4 OK SELECT id=3571580 via doris-1 rows=10039 [doris-1:f:up doris-2:f:up doris-3:M:up]
00:19:22 #5 OK SELECT id=3571580 via doris-1 rows=10038 [doris-1:f:up doris-2:f:up doris-3:M:up]
00:19:23 #6 OK SELECT id=3571580 via doris-1 rows=10039 [doris-1:f:up doris-2:f:up doris-3:M:up]
00:19:24 #7 OK SELECT id=3571580 via doris-1 rows=10040 [doris-1:f:up doris-2:f:up doris-3:M:up]
00:19:25 #8 OK SELECT id=3571580 via doris-1 rows=10040 [doris-1:f:up doris-2:f:up doris-3:M:up]
00:19:26 #9 OK SELECT id=3571580 via doris-1 rows=10039 [doris-1:f:up doris-2:f:up doris-3:M:up]
00:19:27 #10 OK SELECT id=3571580 via doris-1 rows=10038 [doris-1:f:up doris-2:f:up doris-3:M:up]
00:19:29 #11 OK SELECT id=3571580 via doris-1 rows=10039 [doris-1:f:up doris-2:f:up doris-3:M:up]
00:19:30 #12 OK SELECT id=3571580 via doris-1 rows=10040 [doris-1:f:up doris-2:f:up doris-3:M:up]
00:19:31 #13 OK SELECT id=3571580 via doris-1 rows=10040 [doris-1:f:up doris-2:f:up doris-3:M:up]
00:19:32 #14 OK SELECT id=3571580 via doris-1 rows=10040 [doris-1:f:up doris-2:f:up doris-3:M:up]
00:19:33 #15 OK SELECT id=3571580 via doris-1 rows=10038 [doris-1:f:up doris-2:f:up doris-3:M:up]
00:19:34 #16 OK SELECT id=3571580 via doris-1 rows=10038 [doris-1:f:up doris-2:f:up doris-3:M:up]
00:19:35 #17 OK SELECT id=3571580 via doris-1 rows=10040 [doris-1:f:up doris-2:f:up doris-3:M:up]
00:19:36 #18 OK SELECT id=3571580 via doris-1 rows=10040 [doris-1:f:up doris-2:f:up doris-3:M:up]
00:19:37 #19 OK SELECT id=3571580 via doris-1 rows=10040 [doris-1:f:up doris-2:f:up doris-3:M:up]
00:19:38 #20 OK SELECT id=3571580 via doris-1 rows=10038 [doris-1:f:up doris-2:f:up doris-3:M:up]
00:19:39 #21 OK SELECT id=3571580 via doris-1 rows=10038 [doris-1:f:up doris-2:f:up doris-3:M:up]
00:19:40 #22 OK SELECT id=3571580 via doris-1 rows=10040 [doris-1:f:up doris-2:f:up doris-3:M:up]
00:19:41 #23 OK SELECT id=3571580 via doris-1 rows=10040 [doris-1:f:up doris-2:f:up doris-3:M:up]
00:19:42 #24 OK SELECT id=3571580 via doris-1 rows=10040 [doris-1:f:up doris-2:f:up doris-3:M:up]
00:19:43 #25 OK SELECT id=3571580 via doris-1 rows=10038 [doris-1:f:up doris-2:f:up doris-3:M:up]
00:19:44 #26 OK SELECT id=3571580 via doris-1 rows=10038 [doris-1:f:up doris-2:f:up doris-3:M:up]
00:19:45 #27 OK SELECT id=3571580 via doris-1 rows=10040 [doris-1:f:up doris-2:f:up doris-3:M:up]
00:19:46 #28 OK SELECT id=3571580 via doris-1 rows=10040 [doris-1:f:up doris-2:f:up doris-3:M:up]
00:19:47 #29 OK SELECT id=3571580 via doris-1 rows=10040 [doris-1:f:up doris-2:f:up doris-3:M:up]
00:19:49 #30 OK SELECT id=3571580 via doris-1 rows=10038 [doris-1:f:up doris-2:f:up doris-3:M:up]
00:19:50 #31 OK SELECT id=3571580 via doris-1 rows=10038 [doris-1:f:up doris-2:f:up doris-3:M:up]
00:19:51 #32 OK SELECT id=3571580 via doris-1 rows=10040 [doris-1:f:up doris-2:f:up doris-3:M:up]
00:19:52 #33 OK SELECT id=3571580 via doris-1 rows=10040 [doris-1:f:up doris-2:f:up doris-3:M:up]
00:19:52 EVENT break: fe hang on doris-1 (FE follower)
00:19:53 #34 OK SELECT id=3571580 via doris-1 rows=10040 [doris-1:f:up doris-2:f:up doris-3:M:up]
00:20:02 #35 FAIL SELECT id=3571580 via doris-1: OperationalError: TIMEOUT: [FlightSQL] context deadline exceeded (DeadlineExceeded; Prepare). Vendor code: 4
00:20:31 connected to doris-2 (10.140.0.3)
00:20:32 #36 OK SELECT id=3571580 via doris-2 rows=10039 [doris-1:f:DOWN doris-2:f:up doris-3:M:up] (recovered)
00:20:33 #37 OK SELECT id=3571580 via doris-2 rows=10039 [doris-1:f:DOWN doris-2:f:up doris-3:M:up]
00:20:34 #38 OK SELECT id=3571580 via doris-2 rows=10040 [doris-1:f:DOWN doris-2:f:up doris-3:M:up]
00:20:35 #39 OK SELECT id=3571580 via doris-2 rows=10040 [doris-1:f:DOWN doris-2:f:up doris-3:M:up]
00:20:36 #40 OK SELECT id=3571580 via doris-2 rows=10039 [doris-1:f:DOWN doris-2:f:up doris-3:M:up]
00:20:37 #41 OK SELECT id=3571580 via doris-2 rows=10039 [doris-1:f:DOWN doris-2:f:up doris-3:M:up]
00:20:38 #42 OK SELECT id=3571580 via doris-2 rows=10040 [doris-1:f:DOWN doris-2:f:up doris-3:M:up]
00:20:40 #43 OK SELECT id=3571580 via doris-2 rows=10039 [doris-1:f:DOWN doris-2:f:up doris-3:M:up]
00:20:41 #44 OK SELECT id=3571580 via doris-2 rows=10039 [doris-1:f:DOWN doris-2:f:up doris-3:M:up]
00:20:42 #45 OK SELECT id=3571580 via doris-2 rows=10039 [doris-1:f:DOWN doris-2:f:up doris-3:M:up]
00:20:43 #46 OK SELECT id=3571580 via doris-2 rows=10039 [doris-1:f:DOWN doris-2:f:up doris-3:M:up]
00:20:44 #47 OK SELECT id=3571580 via doris-2 rows=10040 [doris-1:f:DOWN doris-2:f:up doris-3:M:up]
00:20:45 #48 OK SELECT id=3571580 via doris-2 rows=10039 [doris-1:f:DOWN doris-2:f:up doris-3:M:up]
00:20:46 #49 OK SELECT id=3571580 via doris-2 rows=10039 [doris-1:f:DOWN doris-2:f:up doris-3:M:up]
00:20:47 #50 OK SELECT id=3571580 via doris-2 rows=10039 [doris-1:f:DOWN doris-2:f:up doris-3:M:up]
00:20:48 #51 OK SELECT id=3571580 via doris-2 rows=10039 [doris-1:f:DOWN doris-2:f:up doris-3:M:up]
00:20:49 #52 OK SELECT id=3571580 via doris-2 rows=10040 [doris-1:f:DOWN doris-2:f:up doris-3:M:up]
00:20:50 #53 OK SELECT id=3571580 via doris-2 rows=10039 [doris-1:f:DOWN doris-2:f:up doris-3:M:up]
00:20:52 #54 OK SELECT id=3571580 via doris-2 rows=10039 [doris-1:f:DOWN doris-2:f:up doris-3:M:up]
00:20:53 #55 OK SELECT id=3571580 via doris-2 rows=10039 [doris-1:f:DOWN doris-2:f:up doris-3:M:up]
00:20:54 #56 OK SELECT id=3571580 via doris-2 rows=10039 [doris-1:f:DOWN doris-2:f:up doris-3:M:up]
00:20:55 #57 OK SELECT id=3571580 via doris-2 rows=10040 [doris-1:f:DOWN doris-2:f:up doris-3:M:up]
00:20:56 #58 OK SELECT id=3571580 via doris-2 rows=10040 [doris-1:f:DOWN doris-2:f:up doris-3:M:up]
00:20:57 #59 OK SELECT id=3571580 via doris-2 rows=10040 [doris-1:f:DOWN doris-2:f:up doris-3:M:up]
00:20:58 #60 OK SELECT id=3571580 via doris-2 rows=10039 [doris-1:f:DOWN doris-2:f:up doris-3:M:up]
00:20:59 #61 OK SELECT id=3571580 via doris-2 rows=10039 [doris-1:f:DOWN doris-2:f:up doris-3:M:up]
00:21:00 #62 OK SELECT id=3571580 via doris-2 rows=10040 [doris-1:f:DOWN doris-2:f:up doris-3:M:up]
00:21:01 #63 OK SELECT id=3571580 via doris-2 rows=10040 [doris-1:f:DOWN doris-2:f:up doris-3:M:up]
00:21:02 #64 OK SELECT id=3571580 via doris-2 rows=10040 [doris-1:f:DOWN doris-2:f:up doris-3:M:up]
00:21:03 #65 OK SELECT id=3571580 via doris-2 rows=10039 [doris-1:f:DOWN doris-2:f:up doris-3:M:up]
00:21:04 #66 OK SELECT id=3571580 via doris-2 rows=10038 [doris-1:f:DOWN doris-2:f:up doris-3:M:up]
00:21:06 #67 OK SELECT id=3571580 via doris-2 rows=10039 [doris-1:f:DOWN doris-2:f:up doris-3:M:up]
00:21:07 #68 OK SELECT id=3571580 via doris-2 rows=10040 [doris-1:f:DOWN doris-2:f:up doris-3:M:up]
00:21:08 #69 OK SELECT id=3571580 via doris-2 rows=10040 [doris-1:f:DOWN doris-2:f:up doris-3:M:up]
00:21:09 #70 OK SELECT id=3571580 via doris-2 rows=10039 [doris-1:f:DOWN doris-2:f:up doris-3:M:up]
00:21:10 #71 OK SELECT id=3571580 via doris-2 rows=10038 [doris-1:f:DOWN doris-2:f:up doris-3:M:up]
00:21:11 #72 OK SELECT id=3571580 via doris-2 rows=10039 [doris-1:f:DOWN doris-2:f:up doris-3:M:up]
00:21:12 #73 OK SELECT id=3571580 via doris-2 rows=10040 [doris-1:f:DOWN doris-2:f:up doris-3:M:up]
00:21:13 #74 OK SELECT id=3571580 via doris-2 rows=10040 [doris-1:f:DOWN doris-2:f:up doris-3:M:up]
00:21:14 #75 OK SELECT id=3571580 via doris-2 rows=10039 [doris-1:f:DOWN doris-2:f:up doris-3:M:up]
00:21:15 #76 OK SELECT id=3571580 via doris-2 rows=10038 [doris-1:f:DOWN doris-2:f:up doris-3:M:up]
00:21:16 #77 OK SELECT id=3571580 via doris-2 rows=10039 [doris-1:f:DOWN doris-2:f:up doris-3:M:up]
00:21:17 #78 OK SELECT id=3571580 via doris-2 rows=10040 [doris-1:f:DOWN doris-2:f:up doris-3:M:up]
00:21:19 #79 OK SELECT id=3571580 via doris-2 rows=10040 [doris-1:f:DOWN doris-2:f:up doris-3:M:up]
00:21:20 #80 OK SELECT id=3571580 via doris-2 rows=10039 [doris-1:f:DOWN doris-2:f:up doris-3:M:up]
00:21:21 #81 OK SELECT id=3571580 via doris-2 rows=10038 [doris-1:f:DOWN doris-2:f:up doris-3:M:up]
00:21:22 #82 OK SELECT id=3571580 via doris-2 rows=10039 [doris-1:f:DOWN doris-2:f:up doris-3:M:up]
00:21:23 #83 OK SELECT id=3571580 via doris-2 rows=10039 [doris-1:f:DOWN doris-2:f:up doris-3:M:up]
00:21:24 #84 OK SELECT id=3571580 via doris-2 rows=10039 [doris-1:f:DOWN doris-2:f:up doris-3:M:up]
00:21:25 #85 OK SELECT id=3571580 via doris-2 rows=10038 [doris-1:f:DOWN doris-2:f:up doris-3:M:up]
00:21:26 #86 OK SELECT id=3571580 via doris-2 rows=10038 [doris-1:f:DOWN doris-2:f:up doris-3:M:up]
00:21:27 #87 OK SELECT id=3571580 via doris-2 rows=10039 [doris-1:f:DOWN doris-2:f:up doris-3:M:up]
00:21:28 #88 OK SELECT id=3571580 via doris-2 rows=10039 [doris-1:f:DOWN doris-2:f:up doris-3:M:up]
00:21:29 #89 OK SELECT id=3571580 via doris-2 rows=10039 [doris-1:f:DOWN doris-2:f:up doris-3:M:up]
00:21:30 #90 OK SELECT id=3571580 via doris-2 rows=10039 [doris-1:f:DOWN doris-2:f:up doris-3:M:up]
00:21:31 #91 OK SELECT id=3571580 via doris-2 rows=10039 [doris-1:f:DOWN doris-2:f:up doris-3:M:up]
00:21:32 #92 OK SELECT id=3571580 via doris-2 rows=10040 [doris-1:f:DOWN doris-2:f:up doris-3:M:up]
00:21:34 #93 OK SELECT id=3571580 via doris-2 rows=10039 [doris-1:f:DOWN doris-2:f:up doris-3:M:up]
00:21:35 #94 OK SELECT id=3571580 via doris-2 rows=10039 [doris-1:f:DOWN doris-2:f:up doris-3:M:up]
00:21:36 #95 OK SELECT id=3571580 via doris-2 rows=10039 [doris-1:f:DOWN doris-2:f:up doris-3:M:up]
00:21:37 EVENT restore: resume fe on doris-1
00:21:37 #96 OK SELECT id=3571580 via doris-2 rows=10039 [doris-1:f:DOWN doris-2:f:up doris-3:M:up]
00:21:38 #97 OK SELECT id=3571580 via doris-2 rows=10040 [doris-1:f:DOWN doris-2:f:up doris-3:M:up]
00:21:39 #98 OK SELECT id=3571580 via doris-2 rows=10039 [doris-1:f:DOWN doris-2:f:up doris-3:M:up]
00:21:40 #99 OK SELECT id=3571580 via doris-2 rows=10039 [doris-1:f:up doris-2:f:up doris-3:M:up]
00:21:41 #100 OK SELECT id=3571580 via doris-2 rows=10039 [doris-1:f:up doris-2:f:up doris-3:M:up]
00:21:42 EVENT restore: cluster healthy
00:21:42 #101 OK SELECT id=3571580 via doris-2 rows=10039 [doris-1:f:up doris-2:f:up doris-3:M:up]
00:21:43 #102 OK SELECT id=3571580 via doris-2 rows=10040 [doris-1:f:up doris-2:f:up doris-3:M:up]
00:21:44 #103 OK SELECT id=3571580 via doris-2 rows=10039 [doris-1:f:up doris-2:f:up doris-3:M:up]
00:21:45 #104 OK SELECT id=3571580 via doris-2 rows=10039 [doris-1:f:up doris-2:f:up doris-3:M:up]
00:21:46 #105 OK SELECT id=3571580 via doris-2 rows=10039 [doris-1:f:up doris-2:f:up doris-3:M:up]
00:21:47 #106 OK SELECT id=3571580 via doris-2 rows=10039 [doris-1:f:up doris-2:f:up doris-3:M:up]
00:21:49 #107 OK SELECT id=3571580 via doris-2 rows=10040 [doris-1:f:up doris-2:f:up doris-3:M:up]
00:21:50 #108 OK SELECT id=3571580 via doris-2 rows=10039 [doris-1:f:up doris-2:f:up doris-3:M:up]
00:21:51 #109 OK SELECT id=3571580 via doris-2 rows=10039 [doris-1:f:up doris-2:f:up doris-3:M:up]
00:21:52 #110 OK SELECT id=3571580 via doris-2 rows=10039 [doris-1:f:up doris-2:f:up doris-3:M:up]
00:21:53 #111 OK SELECT id=3571580 via doris-2 rows=10039 [doris-1:f:up doris-2:f:up doris-3:M:up]
00:21:54 #112 OK SELECT id=3571580 via doris-2 rows=10040 [doris-1:f:up doris-2:f:up doris-3:M:up]
00:21:55 #113 OK SELECT id=3571580 via doris-2 rows=10039 [doris-1:f:up doris-2:f:up doris-3:M:up]
00:21:56 #114 OK SELECT id=3571580 via doris-2 rows=10039 [doris-1:f:up doris-2:f:up doris-3:M:up]
00:21:57 #115 OK SELECT id=3571580 via doris-2 rows=10039 [doris-1:f:up doris-2:f:up doris-3:M:up]
00:21:58 #116 OK SELECT id=3571580 via doris-2 rows=10039 [doris-1:f:up doris-2:f:up doris-3:M:up]
00:21:59 #117 OK SELECT id=3571580 via doris-2 rows=10040 [doris-1:f:up doris-2:f:up doris-3:M:up]
00:22:00 #118 OK SELECT id=3571580 via doris-2 rows=10039 [doris-1:f:up doris-2:f:up doris-3:M:up]
00:22:01 #119 OK SELECT id=3571580 via doris-2 rows=10039 [doris-1:f:up doris-2:f:up doris-3:M:up]
00:22:02 #120 OK SELECT id=3571580 via doris-2 rows=10039 [doris-1:f:up doris-2:f:up doris-3:M:up]
00:22:04 #121 OK SELECT id=3571580 via doris-2 rows=10039 [doris-1:f:up doris-2:f:up doris-3:M:up]
00:22:05 #122 OK SELECT id=3571580 via doris-2 rows=10040 [doris-1:f:up doris-2:f:up doris-3:M:up]
00:22:06 #123 OK SELECT id=3571580 via doris-2 rows=10039 [doris-1:f:up doris-2:f:up doris-3:M:up]
00:22:07 #124 OK SELECT id=3571580 via doris-2 rows=10039 [doris-1:f:up doris-2:f:up doris-3:M:up]
00:22:08 #125 OK SELECT id=3571580 via doris-2 rows=10039 [doris-1:f:up doris-2:f:up doris-3:M:up]
00:22:09 #126 OK SELECT id=3571580 via doris-2 rows=10039 [doris-1:f:up doris-2:f:up doris-3:M:up]
00:22:10 #127 OK SELECT id=3571580 via doris-2 rows=10040 [doris-1:f:up doris-2:f:up doris-3:M:up]
00:22:11 #128 OK SELECT id=3571580 via doris-2 rows=10039 [doris-1:f:up doris-2:f:up doris-3:M:up]
00:22:12 #129 OK SELECT id=3571580 via doris-2 rows=10039 [doris-1:f:up doris-2:f:up doris-3:M:up]
