18:03:07 PROBE start proto=jdbc hosts=doris-1,doris-2,doris-3 duration=86400s cycle=INSERT>UPSERT>SELECT>DELETE>SELECT url=jdbc:mysql://10.140.0.2:9030,10.140.0.3:9030,10.140.0.4:9030/hatest
18:03:07 connected to doris-1 (driver-selected host)
18:03:07 #1 OK INSERT id=2665860 via doris-1 rows=10208 [doris-1:f:up doris-2:f:up doris-3:M:up]
18:03:09 #2 OK UPSERT id=2665860 via doris-1 rows=10208 [doris-1:f:up doris-2:f:up doris-3:M:up]
18:03:10 #3 OK SELECT id=2665860 via doris-1 rows=10208 [doris-1:f:up doris-2:f:up doris-3:M:up]
18:03:11 #4 OK DELETE id=2665860 via doris-1 rows=10206 [doris-1:f:up doris-2:f:up doris-3:M:up]
18:03:12 #5 OK SELECT id=2665860 via doris-1 rows=10206 [doris-1:f:up doris-2:f:up doris-3:M:up]
18:03:13 #6 OK INSERT id=2665861 via doris-1 rows=10208 [doris-1:f:up doris-2:f:up doris-3:M:up]
18:03:14 #7 OK UPSERT id=2665861 via doris-1 rows=10208 [doris-1:f:up doris-2:f:up doris-3:M:up]
18:03:15 #8 OK SELECT id=2665861 via doris-1 rows=10208 [doris-1:f:up doris-2:f:up doris-3:M:up]
18:03:16 #9 OK DELETE id=2665861 via doris-1 rows=10206 [doris-1:f:up doris-2:f:up doris-3:M:up]
18:03:17 #10 OK SELECT id=2665861 via doris-1 rows=10206 [doris-1:f:up doris-2:f:up doris-3:M:up]
18:03:19 #11 OK INSERT id=2665862 via doris-1 rows=10208 [doris-1:f:up doris-2:f:up doris-3:M:up]
18:03:20 #12 OK UPSERT id=2665862 via doris-1 rows=10208 [doris-1:f:up doris-2:f:up doris-3:M:up]
18:03:21 #13 OK SELECT id=2665862 via doris-1 rows=10208 [doris-1:f:up doris-2:f:up doris-3:M:up]
18:03:22 #14 OK DELETE id=2665862 via doris-1 rows=10206 [doris-1:f:up doris-2:f:up doris-3:M:up]
18:03:23 #15 OK SELECT id=2665862 via doris-1 rows=10206 [doris-1:f:up doris-2:f:up doris-3:M:up]
18:03:24 #16 OK INSERT id=2665863 via doris-1 rows=10208 [doris-1:f:up doris-2:f:up doris-3:M:up]
18:03:25 #17 OK UPSERT id=2665863 via doris-1 rows=10208 [doris-1:f:up doris-2:f:up doris-3:M:up]
18:03:26 #18 OK SELECT id=2665863 via doris-1 rows=10208 [doris-1:f:up doris-2:f:up doris-3:M:up]
18:03:27 #19 OK DELETE id=2665863 via doris-1 rows=10206 [doris-1:f:up doris-2:f:up doris-3:M:up]
18:03:28 #20 OK SELECT id=2665863 via doris-1 rows=10206 [doris-1:f:up doris-2:f:up doris-3:M:up]
18:03:29 #21 OK INSERT id=2665864 via doris-1 rows=10208 [doris-1:f:up doris-2:f:up doris-3:M:up]
18:03:31 #22 OK UPSERT id=2665864 via doris-1 rows=10208 [doris-1:f:up doris-2:f:up doris-3:M:up]
18:03:32 #23 OK SELECT id=2665864 via doris-1 rows=10208 [doris-1:f:up doris-2:f:up doris-3:M:up]
18:03:33 #24 OK DELETE id=2665864 via doris-1 rows=10206 [doris-1:f:up doris-2:f:up doris-3:M:up]
18:03:34 #25 OK SELECT id=2665864 via doris-1 rows=10206 [doris-1:f:up doris-2:f:up doris-3:M:up]
18:03:35 #26 OK INSERT id=2665865 via doris-1 rows=10208 [doris-1:f:up doris-2:f:up doris-3:M:up]
18:03:36 #27 OK UPSERT id=2665865 via doris-1 rows=10208 [doris-1:f:up doris-2:f:up doris-3:M:up]
18:03:37 #28 OK SELECT id=2665865 via doris-1 rows=10208 [doris-1:f:up doris-2:f:up doris-3:M:up]
18:03:38 #29 OK DELETE id=2665865 via doris-1 rows=10206 [doris-1:f:up doris-2:f:up doris-3:M:up]
18:03:39 #30 OK SELECT id=2665865 via doris-1 rows=10206 [doris-1:f:up doris-2:f:up doris-3:M:up]
18:03:40 #31 OK INSERT id=2665866 via doris-1 rows=10208 [doris-1:f:up doris-2:f:up doris-3:M:up]
18:03:41 #32 OK UPSERT id=2665866 via doris-1 rows=10208 [doris-1:f:up doris-2:f:up doris-3:M:up]
18:03:42 #33 OK SELECT id=2665866 via doris-1 rows=10208 [doris-1:f:up doris-2:f:up doris-3:M:up]
18:03:43 #34 OK DELETE id=2665866 via doris-1 rows=10206 [doris-1:f:up doris-2:f:up doris-3:M:up]
18:03:43 EVENT break: vm stop on doris-3 (FE master)
18:03:44 #35 OK SELECT id=2665866 via doris-1 rows=10206 [doris-1:f:up doris-2:f:up doris-3:M:up]
18:03:46 #36 OK INSERT id=2665867 via doris-1 rows=10208 [doris-1:f:up doris-2:f:up doris-3:M:up]
18:03:47 #37 FAIL UPSERT id=2665867 via doris-1: SQLException: ForwardToMasterException, msg: forward to master FE TNetworkAddress(hostname:10.140.0.4, port:9020), statement
18:03:51 #37 OK SELECT(check) id=1 via doris-2
18:03:52 connected to doris-1 (driver-selected host)
18:03:52 #38 FAIL INSERT id=2665868 via doris-1: SQLException: send fragments failed. io.grpc.StatusRuntimeException: UNAVAILABLE: io exception, host: 10.140.0.2
18:03:52 #38 OK SELECT(check) id=1 via doris-1
18:03:53 connected to doris-1 (driver-selected host)
18:03:53 #39 FAIL INSERT id=2665869 via doris-1: SQLException: errCode = 2, detailMessage = (10.140.0.3)[INTERNAL_ERROR]failed to open DeltaWriter 1789045666408: failed to w
18:03:53 #39 FAIL SELECT(check) id=1 via doris-1: SQLException: RpcException, msg: send fragments failed. io.grpc.StatusRuntimeException: UNAVAILABLE: io 
18:03:54 connected to doris-1 (driver-selected host)
18:03:54 #40 FAIL INSERT id=2665870 via doris-1: SQLException: errCode = 2, detailMessage = (10.140.0.3)[INTERNAL_ERROR]failed to open DeltaWriter 1789045666396: failed to w
18:03:54 #40 FAIL SELECT(check) id=1 via doris-1: SQLException: RpcException, msg: send fragments failed. io.grpc.StatusRuntimeException: UNAVAILABLE: io 
18:03:55 connected to doris-1 (driver-selected host)
18:03:55 #41 FAIL INSERT id=2665871 via doris-1: SQLException: send fragments failed. io.grpc.StatusRuntimeException: UNAVAILABLE: io exception, host: 10.140.0.2
18:03:55 #41 OK SELECT(check) id=1 via doris-1
18:03:56 connected to doris-1 (driver-selected host)
18:03:56 #42 FAIL INSERT id=2665872 via doris-1: SQLException: send fragments failed. io.grpc.StatusRuntimeException: UNAVAILABLE: io exception, host: 10.140.0.2
18:03:56 #42 OK SELECT(check) id=1 via doris-1
18:03:58 connected to doris-1 (driver-selected host)
18:03:58 #43 FAIL INSERT id=2665873 via doris-1: SQLException: errCode = 2, detailMessage = (10.140.0.3)[INTERNAL_ERROR]failed to open DeltaWriter 1789045666408: failed to w
18:03:58 #43 OK SELECT(check) id=1 via doris-1
18:03:59 connected to doris-1 (driver-selected host)
18:03:59 #44 FAIL INSERT id=2665874 via doris-1: SQLException: send fragments failed. io.grpc.StatusRuntimeException: UNAVAILABLE: io exception, host: 10.140.0.2
18:03:59 #44 OK SELECT(check) id=1 via doris-1
18:04:00 connected to doris-1 (driver-selected host)
18:04:00 #45 FAIL INSERT id=2665875 via doris-1: SQLException: errCode = 2, detailMessage = (10.140.0.3)[INTERNAL_ERROR]failed to open DeltaWriter 1789045666404: failed to w
18:04:00 #45 OK SELECT(check) id=1 via doris-1
18:04:01 connected to doris-1 (driver-selected host)
18:04:01 #46 FAIL INSERT id=2665876 via doris-1: SQLException: send fragments failed. io.grpc.StatusRuntimeException: UNAVAILABLE: io exception, host: 10.140.0.2
18:04:01 #46 FAIL SELECT(check) id=1 via doris-1: SQLException: RpcException, msg: send fragments failed. io.grpc.StatusRuntimeException: UNAVAILABLE: io 
18:04:02 connected to doris-1 (driver-selected host)
18:04:02 #47 FAIL INSERT id=2665877 via doris-1: SQLException: send fragments failed. io.grpc.StatusRuntimeException: UNAVAILABLE: io exception, host: 10.140.0.2
18:04:02 #47 OK SELECT(check) id=1 via doris-1
18:04:03 connected to doris-1 (driver-selected host)
18:04:03 #48 FAIL INSERT id=2665878 via doris-1: SQLException: errCode = 2, detailMessage = (10.140.0.3)[INTERNAL_ERROR]failed to open DeltaWriter 1789045666404: failed to w
18:04:03 #48 FAIL SELECT(check) id=1 via doris-1: SQLException: RpcException, msg: send fragments failed. io.grpc.StatusRuntimeException: UNAVAILABLE: io 
18:04:04 connected to doris-1 (driver-selected host)
18:04:07 EVENT break: doris-3 is down
18:04:12 #49 FAIL INSERT id=2665879 via doris-1: CommunicationsException: Communications link failure  The last packet successfully received from the server was 8,010 milliseconds ago.
18:04:12 #49 OK SELECT(check) id=1 via doris-1
18:04:13 connected to doris-1 (driver-selected host)
18:04:13 #50 FAIL INSERT id=2665880 via doris-1: SQLException: send fragments failed. io.grpc.StatusRuntimeException: UNAVAILABLE: io exception, host: 10.140.0.2
18:04:14 #50 FAIL SELECT(check) id=1 via doris-1: SQLException: RpcException, msg: send fragments failed. io.grpc.StatusRuntimeException: UNAVAILABLE: io 
18:04:15 connected to doris-1 (driver-selected host)
18:04:15 #51 FAIL INSERT id=2665881 via doris-1: SQLException: errCode = 2, detailMessage = (10.140.0.3)[INTERNAL_ERROR]failed to open DeltaWriter 1789045666404: failed to w
18:04:15 #51 FAIL SELECT(check) id=1 via doris-1: SQLException: RpcException, msg: send fragments failed. io.grpc.StatusRuntimeException: UNAVAILABLE: io 
18:04:16 connected to doris-1 (driver-selected host)
18:04:16 #52 FAIL INSERT id=2665882 via doris-1: SQLException: send fragments failed. io.grpc.StatusRuntimeException: UNAVAILABLE: io exception, host: 10.140.0.2
18:04:16 #52 OK SELECT(check) id=1 via doris-1
18:04:17 connected to doris-1 (driver-selected host)
18:04:17 #53 FAIL INSERT id=2665883 via doris-1: SQLException: send fragments failed. io.grpc.StatusRuntimeException: UNAVAILABLE: io exception, host: 10.140.0.2
18:04:17 #53 OK SELECT(check) id=1 via doris-1
18:04:18 connected to doris-1 (driver-selected host)
18:04:18 #54 FAIL INSERT id=2665884 via doris-1: SQLException: errCode = 2, detailMessage = errCode = 3, detailMessage = tablet 1789045666396 alive replica num 1 < load requ
18:04:18 #54 OK SELECT(check) id=1 via doris-1
18:04:19 connected to doris-1 (driver-selected host)
18:04:19 #55 FAIL INSERT id=2665885 via doris-1: SQLException: errCode = 2, detailMessage = errCode = 3, detailMessage = tablet 1789045666396 alive replica num 1 < load requ
18:04:19 #55 OK SELECT(check) id=1 via doris-1
18:04:20 connected to doris-1 (driver-selected host)
18:04:20 #56 FAIL INSERT id=2665886 via doris-1: SQLException: errCode = 2, detailMessage = errCode = 3, detailMessage = tablet 1789045666396 alive replica num 1 < load requ
18:04:20 #56 OK SELECT(check) id=1 via doris-1
18:04:21 connected to doris-1 (driver-selected host)
18:04:21 #57 FAIL INSERT id=2665887 via doris-1: SQLException: errCode = 2, detailMessage = errCode = 3, detailMessage = tablet 1789045666396 alive replica num 1 < load requ
18:04:21 #57 OK SELECT(check) id=1 via doris-1
18:04:22 connected to doris-1 (driver-selected host)
18:04:22 #58 FAIL INSERT id=2665888 via doris-1: SQLException: errCode = 2, detailMessage = errCode = 3, detailMessage = tablet 1789045666396 alive replica num 1 < load requ
18:04:22 #58 OK SELECT(check) id=1 via doris-1
18:04:23 connected to doris-1 (driver-selected host)
18:04:23 #59 FAIL INSERT id=2665889 via doris-1: SQLException: errCode = 2, detailMessage = errCode = 3, detailMessage = tablet 1789045666396 alive replica num 1 < load requ
18:04:23 #59 OK SELECT(check) id=1 via doris-1
18:04:25 connected to doris-1 (driver-selected host)
18:04:25 #60 FAIL INSERT id=2665890 via doris-1: SQLException: errCode = 2, detailMessage = errCode = 3, detailMessage = tablet 1789045666396 alive replica num 1 < load requ
18:04:25 #60 OK SELECT(check) id=1 via doris-1
18:04:26 connected to doris-1 (driver-selected host)
18:04:26 #61 FAIL INSERT id=2665891 via doris-1: SQLException: errCode = 2, detailMessage = errCode = 3, detailMessage = tablet 1789045666396 alive replica num 1 < load requ
18:04:26 #61 OK SELECT(check) id=1 via doris-1
18:04:27 connected to doris-1 (driver-selected host)
18:04:27 #62 FAIL INSERT id=2665892 via doris-1: SQLException: errCode = 2, detailMessage = errCode = 3, detailMessage = tablet 1789045666396 alive replica num 1 < load requ
18:04:27 #62 OK SELECT(check) id=1 via doris-1
18:04:28 connected to doris-1 (driver-selected host)
18:04:28 #63 FAIL INSERT id=2665893 via doris-1: SQLException: errCode = 2, detailMessage = errCode = 3, detailMessage = tablet 1789045666396 alive replica num 1 < load requ
18:04:28 #63 OK SELECT(check) id=1 via doris-1
18:04:29 connected to doris-1 (driver-selected host)
18:04:29 #64 FAIL INSERT id=2665894 via doris-1: SQLException: errCode = 2, detailMessage = errCode = 3, detailMessage = tablet 1789045666396 alive replica num 1 < load requ
18:04:29 #64 OK SELECT(check) id=1 via doris-1
18:04:30 connected to doris-1 (driver-selected host)
18:04:30 #65 FAIL INSERT id=2665895 via doris-1: SQLException: errCode = 2, detailMessage = errCode = 3, detailMessage = tablet 1789045666396 alive replica num 1 < load requ
18:04:30 #65 OK SELECT(check) id=1 via doris-1
18:04:31 connected to doris-1 (driver-selected host)
18:04:31 #66 FAIL INSERT id=2665896 via doris-1: SQLException: errCode = 2, detailMessage = errCode = 3, detailMessage = tablet 1789045666396 alive replica num 1 < load requ
18:04:31 #66 OK SELECT(check) id=1 via doris-1
18:04:32 connected to doris-1 (driver-selected host)
18:04:32 #67 FAIL INSERT id=2665897 via doris-1: SQLException: errCode = 2, detailMessage = errCode = 3, detailMessage = tablet 1789045666396 alive replica num 1 < load requ
18:04:32 #67 OK SELECT(check) id=1 via doris-1
18:04:33 connected to doris-1 (driver-selected host)
18:04:33 #68 FAIL INSERT id=2665898 via doris-1: SQLException: errCode = 2, detailMessage = errCode = 3, detailMessage = tablet 1789045666396 alive replica num 1 < load requ
18:04:33 #68 OK SELECT(check) id=1 via doris-1
18:04:34 connected to doris-1 (driver-selected host)
18:04:34 #69 FAIL INSERT id=2665899 via doris-1: SQLException: errCode = 2, detailMessage = errCode = 3, detailMessage = tablet 1789045666396 alive replica num 1 < load requ
18:04:34 #69 OK SELECT(check) id=1 via doris-1
18:04:35 connected to doris-1 (driver-selected host)
18:04:35 #70 FAIL INSERT id=2665900 via doris-1: SQLException: errCode = 2, detailMessage = errCode = 3, detailMessage = tablet 1789045666396 alive replica num 1 < load requ
18:04:35 #70 OK SELECT(check) id=1 via doris-1
18:04:36 connected to doris-1 (driver-selected host)
18:04:36 #71 FAIL INSERT id=2665901 via doris-1: SQLException: errCode = 2, detailMessage = errCode = 3, detailMessage = tablet 1789045666396 alive replica num 1 < load requ
18:04:36 #71 OK SELECT(check) id=1 via doris-1
18:04:37 connected to doris-1 (driver-selected host)
18:04:37 #72 FAIL INSERT id=2665902 via doris-1: SQLException: errCode = 2, detailMessage = errCode = 3, detailMessage = tablet 1789045666396 alive replica num 1 < load requ
18:04:38 #72 OK SELECT(check) id=1 via doris-1
18:04:39 connected to doris-1 (driver-selected host)
18:04:39 #73 FAIL INSERT id=2665903 via doris-1: SQLException: errCode = 2, detailMessage = errCode = 3, detailMessage = tablet 1789045666396 alive replica num 1 < load requ
18:04:39 #73 OK SELECT(check) id=1 via doris-1
18:04:40 connected to doris-1 (driver-selected host)
18:04:40 #74 FAIL INSERT id=2665904 via doris-1: SQLException: errCode = 2, detailMessage = errCode = 3, detailMessage = tablet 1789045666396 alive replica num 1 < load requ
18:04:40 #74 OK SELECT(check) id=1 via doris-1
18:04:41 connected to doris-1 (driver-selected host)
18:04:41 #75 FAIL INSERT id=2665905 via doris-1: SQLException: errCode = 2, detailMessage = errCode = 3, detailMessage = tablet 1789045666396 alive replica num 1 < load requ
18:04:41 #75 OK SELECT(check) id=1 via doris-1
18:04:42 connected to doris-1 (driver-selected host)
18:04:42 #76 FAIL INSERT id=2665906 via doris-1: SQLException: errCode = 2, detailMessage = errCode = 3, detailMessage = tablet 1789045666396 alive replica num 1 < load requ
18:04:42 #76 OK SELECT(check) id=1 via doris-1
18:04:43 connected to doris-1 (driver-selected host)
18:04:43 #77 FAIL INSERT id=2665907 via doris-1: SQLException: errCode = 2, detailMessage = errCode = 3, detailMessage = tablet 1789045666396 alive replica num 1 < load requ
18:04:43 #77 OK SELECT(check) id=1 via doris-1
18:04:44 connected to doris-1 (driver-selected host)
18:04:44 #78 FAIL INSERT id=2665908 via doris-1: SQLException: errCode = 2, detailMessage = errCode = 3, detailMessage = tablet 1789045666396 alive replica num 1 < load requ
18:04:44 #78 OK SELECT(check) id=1 via doris-1
18:04:45 connected to doris-1 (driver-selected host)
18:04:45 #79 FAIL INSERT id=2665909 via doris-1: SQLException: errCode = 2, detailMessage = errCode = 3, detailMessage = tablet 1789045666396 alive replica num 1 < load requ
18:04:45 #79 OK SELECT(check) id=1 via doris-1
18:04:46 connected to doris-1 (driver-selected host)
18:04:46 #80 FAIL INSERT id=2665910 via doris-1: SQLException: errCode = 2, detailMessage = errCode = 3, detailMessage = tablet 1789045666396 alive replica num 1 < load requ
18:04:46 #80 OK SELECT(check) id=1 via doris-1
18:04:47 connected to doris-1 (driver-selected host)
18:04:47 #81 FAIL INSERT id=2665911 via doris-1: SQLException: errCode = 2, detailMessage = errCode = 3, detailMessage = tablet 1789045666396 alive replica num 1 < load requ
18:04:47 #81 OK SELECT(check) id=1 via doris-1
18:04:48 connected to doris-1 (driver-selected host)
18:04:48 #82 OK INSERT id=2665912 via doris-1 rows=10211 [doris-1:f:up doris-2:M:up doris-3:f:DOWN] (recovered)
18:04:49 #83 OK UPSERT id=2665912 via doris-1 rows=10211 [doris-1:f:up doris-2:M:up doris-3:f:DOWN]
18:04:50 #84 OK SELECT id=2665912 via doris-1 rows=10211 [doris-1:f:up doris-2:M:up doris-3:f:DOWN]
18:04:52 #85 OK DELETE id=2665912 via doris-1 rows=10209 [doris-1:f:up doris-2:M:up doris-3:f:DOWN]
18:04:53 #86 OK SELECT id=2665912 via doris-1 rows=10209 [doris-1:f:up doris-2:M:up doris-3:f:DOWN]
18:04:54 #87 OK INSERT id=2665913 via doris-1 rows=10211 [doris-1:f:up doris-2:M:up doris-3:f:DOWN]
18:04:55 #88 OK UPSERT id=2665913 via doris-1 rows=10211 [doris-1:f:up doris-2:M:up doris-3:f:DOWN]
18:04:56 #89 OK SELECT id=2665913 via doris-1 rows=10211 [doris-1:f:up doris-2:M:up doris-3:f:DOWN]
18:04:57 #90 OK DELETE id=2665913 via doris-1 rows=10209 [doris-1:f:up doris-2:M:up doris-3:f:DOWN]
18:04:58 #91 OK SELECT id=2665913 via doris-1 rows=10209 [doris-1:f:up doris-2:M:up doris-3:f:DOWN]
18:04:59 #92 OK INSERT id=2665914 via doris-1 rows=10211 [doris-1:f:up doris-2:M:up doris-3:f:DOWN]
18:05:00 #93 OK UPSERT id=2665914 via doris-1 rows=10211 [doris-1:f:up doris-2:M:up doris-3:f:DOWN]
18:05:01 #94 OK SELECT id=2665914 via doris-1 rows=10211 [doris-1:f:up doris-2:M:up doris-3:f:DOWN]
18:05:02 #95 OK DELETE id=2665914 via doris-1 rows=10209 [doris-1:f:up doris-2:M:up doris-3:f:DOWN]
18:05:03 #96 OK SELECT id=2665914 via doris-1 rows=10209 [doris-1:f:up doris-2:M:up doris-3:f:DOWN]
18:05:04 #97 OK INSERT id=2665915 via doris-1 rows=10211 [doris-1:f:up doris-2:M:up doris-3:f:DOWN]
18:05:06 #98 OK UPSERT id=2665915 via doris-1 rows=10211 [doris-1:f:up doris-2:M:up doris-3:f:DOWN]
18:05:07 #99 OK SELECT id=2665915 via doris-1 rows=10211 [doris-1:f:up doris-2:M:up doris-3:f:DOWN]
18:05:08 #100 OK DELETE id=2665915 via doris-1 rows=10209 [doris-1:f:up doris-2:M:up doris-3:f:DOWN]
18:05:09 #101 OK SELECT id=2665915 via doris-1 rows=10209 [doris-1:f:up doris-2:M:up doris-3:f:DOWN]
18:05:10 #102 OK INSERT id=2665916 via doris-1 rows=10211 [doris-1:f:up doris-2:M:up doris-3:f:DOWN]
18:05:11 #103 OK UPSERT id=2665916 via doris-1 rows=10211 [doris-1:f:up doris-2:M:up doris-3:f:DOWN]
18:05:12 #104 OK SELECT id=2665916 via doris-1 rows=10211 [doris-1:f:up doris-2:M:up doris-3:f:DOWN]
18:05:13 #105 OK DELETE id=2665916 via doris-1 rows=10209 [doris-1:f:up doris-2:M:up doris-3:f:DOWN]
18:05:14 #106 OK SELECT id=2665916 via doris-1 rows=10209 [doris-1:f:up doris-2:M:up doris-3:f:DOWN]
18:05:15 #107 OK INSERT id=2665917 via doris-1 rows=10211 [doris-1:f:up doris-2:M:up doris-3:f:DOWN]
18:05:16 #108 OK UPSERT id=2665917 via doris-1 rows=10211 [doris-1:f:up doris-2:M:up doris-3:f:DOWN]
18:05:17 #109 OK SELECT id=2665917 via doris-1 rows=10211 [doris-1:f:up doris-2:M:up doris-3:f:DOWN]
18:05:18 #110 OK DELETE id=2665917 via doris-1 rows=10209 [doris-1:f:up doris-2:M:up doris-3:f:DOWN]
18:05:19 #111 OK SELECT id=2665917 via doris-1 rows=10209 [doris-1:f:up doris-2:M:up doris-3:f:DOWN]
18:05:20 #112 OK INSERT id=2665918 via doris-1 rows=10211 [doris-1:f:up doris-2:M:up doris-3:f:DOWN]
18:05:22 #113 OK UPSERT id=2665918 via doris-1 rows=10211 [doris-1:f:up doris-2:M:up doris-3:f:DOWN]
18:05:23 #114 OK SELECT id=2665918 via doris-1 rows=10211 [doris-1:f:up doris-2:M:up doris-3:f:DOWN]
18:05:24 #115 OK DELETE id=2665918 via doris-1 rows=10209 [doris-1:f:up doris-2:M:up doris-3:f:DOWN]
18:05:25 #116 OK SELECT id=2665918 via doris-1 rows=10209 [doris-1:f:up doris-2:M:up doris-3:f:DOWN]
18:05:26 #117 OK INSERT id=2665919 via doris-1 rows=10211 [doris-1:f:up doris-2:M:up doris-3:f:DOWN]
18:05:27 #118 OK UPSERT id=2665919 via doris-1 rows=10211 [doris-1:f:up doris-2:M:up doris-3:f:DOWN]
18:05:28 #119 OK SELECT id=2665919 via doris-1 rows=10211 [doris-1:f:up doris-2:M:up doris-3:f:DOWN]
18:05:29 #120 OK DELETE id=2665919 via doris-1 rows=10209 [doris-1:f:up doris-2:M:up doris-3:f:DOWN]
18:05:30 #121 OK SELECT id=2665919 via doris-1 rows=10209 [doris-1:f:up doris-2:M:up doris-3:f:DOWN]
18:05:31 #122 OK INSERT id=2665920 via doris-1 rows=10211 [doris-1:f:up doris-2:M:up doris-3:f:DOWN]
18:05:32 #123 OK UPSERT id=2665920 via doris-1 rows=10211 [doris-1:f:up doris-2:M:up doris-3:f:DOWN]
18:05:33 #124 OK SELECT id=2665920 via doris-1 rows=10211 [doris-1:f:up doris-2:M:up doris-3:f:DOWN]
18:05:34 #125 OK DELETE id=2665920 via doris-1 rows=10209 [doris-1:f:up doris-2:M:up doris-3:f:DOWN]
18:05:35 #126 OK SELECT id=2665920 via doris-1 rows=10209 [doris-1:f:up doris-2:M:up doris-3:f:DOWN]
18:05:37 #127 OK INSERT id=2665921 via doris-1 rows=10211 [doris-1:f:up doris-2:M:up doris-3:f:DOWN]
18:05:38 #128 OK UPSERT id=2665921 via doris-1 rows=10211 [doris-1:f:up doris-2:M:up doris-3:f:DOWN]
18:05:39 #129 OK SELECT id=2665921 via doris-1 rows=10211 [doris-1:f:up doris-2:M:up doris-3:f:DOWN]
18:05:40 #130 OK DELETE id=2665921 via doris-1 rows=10209 [doris-1:f:up doris-2:M:up doris-3:f:DOWN]
18:05:41 #131 OK SELECT id=2665921 via doris-1 rows=10209 [doris-1:f:up doris-2:M:up doris-3:f:DOWN]
18:05:42 #132 OK INSERT id=2665922 via doris-1 rows=10211 [doris-1:f:up doris-2:M:up doris-3:f:DOWN]
18:05:43 #133 OK UPSERT id=2665922 via doris-1 rows=10211 [doris-1:f:up doris-2:M:up doris-3:f:DOWN]
18:05:44 #134 OK SELECT id=2665922 via doris-1 rows=10211 [doris-1:f:up doris-2:M:up doris-3:f:DOWN]
18:05:45 #135 OK DELETE id=2665922 via doris-1 rows=10209 [doris-1:f:up doris-2:M:up doris-3:f:DOWN]
18:05:46 EVENT restore: start doris-3
18:05:46 #136 OK SELECT id=2665922 via doris-1 rows=10209 [doris-1:f:up doris-2:M:up doris-3:f:DOWN]
18:05:47 #137 OK INSERT id=2665923 via doris-1 rows=10211 [doris-1:f:up doris-2:M:up doris-3:f:DOWN]
18:05:48 #138 OK UPSERT id=2665923 via doris-1 rows=10211 [doris-1:f:up doris-2:M:up doris-3:f:DOWN]
18:05:49 #139 OK SELECT id=2665923 via doris-1 rows=10211 [doris-1:f:up doris-2:M:up doris-3:f:DOWN]
18:05:50 #140 OK DELETE id=2665923 via doris-1 rows=10209 [doris-1:f:up doris-2:M:up doris-3:f:DOWN]
18:05:52 #141 OK SELECT id=2665923 via doris-1 rows=10209 [doris-1:f:up doris-2:M:up doris-3:f:DOWN]
18:05:53 #142 OK INSERT id=2665924 via doris-1 rows=10211 [doris-1:f:up doris-2:M:up doris-3:f:DOWN]
18:05:54 #143 OK UPSERT id=2665924 via doris-1 rows=10211 [doris-1:f:up doris-2:M:up doris-3:f:DOWN]
18:05:55 #144 OK SELECT id=2665924 via doris-1 rows=10211 [doris-1:f:up doris-2:M:up doris-3:f:DOWN]
18:05:56 #145 OK DELETE id=2665924 via doris-1 rows=10209 [doris-1:f:up doris-2:M:up doris-3:f:DOWN]
18:05:57 #146 OK SELECT id=2665924 via doris-1 rows=10209 [doris-1:f:up doris-2:M:up doris-3:f:DOWN]
18:05:58 #147 OK INSERT id=2665925 via doris-1 rows=10211 [doris-1:f:up doris-2:M:up doris-3:f:DOWN]
18:05:59 #148 OK UPSERT id=2665925 via doris-1 rows=10211 [doris-1:f:up doris-2:M:up doris-3:f:DOWN]
18:06:00 #149 OK SELECT id=2665925 via doris-1 rows=10211 [doris-1:f:up doris-2:M:up doris-3:f:DOWN]
18:06:01 #150 OK DELETE id=2665925 via doris-1 rows=10209 [doris-1:f:up doris-2:M:up doris-3:f:DOWN]
18:06:02 #151 OK SELECT id=2665925 via doris-1 rows=10209 [doris-1:f:up doris-2:M:up doris-3:f:DOWN]
18:06:03 #152 OK INSERT id=2665926 via doris-1 rows=10211 [doris-1:f:up doris-2:M:up doris-3:f:DOWN]
18:06:04 #153 OK UPSERT id=2665926 via doris-1 rows=10211 [doris-1:f:up doris-2:M:up doris-3:f:DOWN]
18:06:05 #154 OK SELECT id=2665926 via doris-1 rows=10211 [doris-1:f:up doris-2:M:up doris-3:f:DOWN]
18:06:06 #155 OK DELETE id=2665926 via doris-1 rows=10209 [doris-1:f:up doris-2:M:up doris-3:f:DOWN]
18:06:08 #156 OK SELECT id=2665926 via doris-1 rows=10209 [doris-1:f:up doris-2:M:up doris-3:f:DOWN]
18:06:09 #157 OK INSERT id=2665927 via doris-1 rows=10211 [doris-1:f:up doris-2:M:up doris-3:f:DOWN]
18:06:10 #158 OK UPSERT id=2665927 via doris-1 rows=10211 [doris-1:f:up doris-2:M:up doris-3:f:DOWN]
18:06:11 #159 OK SELECT id=2665927 via doris-1 rows=10211 [doris-1:f:up doris-2:M:up doris-3:f:DOWN]
18:06:12 #160 OK DELETE id=2665927 via doris-1 rows=10209 [doris-1:f:up doris-2:M:up doris-3:f:DOWN]
18:06:13 #161 OK SELECT id=2665927 via doris-1 rows=10209 [doris-1:f:up doris-2:M:up doris-3:f:DOWN]
18:06:14 #162 OK INSERT id=2665928 via doris-1 rows=10211 [doris-1:f:up doris-2:M:up doris-3:f:DOWN]
18:06:15 #163 OK UPSERT id=2665928 via doris-1 rows=10211 [doris-1:f:up doris-2:M:up doris-3:f:DOWN]
18:06:16 #164 OK SELECT id=2665928 via doris-1 rows=10211 [doris-1:f:up doris-2:M:up doris-3:f:DOWN]
18:06:17 #165 OK DELETE id=2665928 via doris-1 rows=10209 [doris-1:f:up doris-2:M:up doris-3:f:DOWN]
18:06:18 #166 OK SELECT id=2665928 via doris-1 rows=10209 [doris-1:f:up doris-2:M:up doris-3:f:DOWN]
18:06:19 #167 OK INSERT id=2665929 via doris-1 rows=10211 [doris-1:f:up doris-2:M:up doris-3:f:DOWN]
18:06:20 #168 OK UPSERT id=2665929 via doris-1 rows=10211 [doris-1:f:up doris-2:M:up doris-3:f:DOWN]
18:06:21 #169 OK SELECT id=2665929 via doris-1 rows=10211 [doris-1:f:up doris-2:M:up doris-3:f:up]
18:06:23 #170 OK DELETE id=2665929 via doris-1 rows=10209 [doris-1:f:up doris-2:M:up doris-3:f:up]
18:06:24 #171 OK SELECT id=2665929 via doris-1 rows=10209 [doris-1:f:up doris-2:M:up doris-3:f:up]
18:06:25 #172 OK INSERT id=2665930 via doris-1 rows=10211 [doris-1:f:up doris-2:M:up doris-3:f:up]
18:06:26 #173 OK UPSERT id=2665930 via doris-1 rows=10211 [doris-1:f:up doris-2:M:up doris-3:f:up]
18:06:27 #174 OK SELECT id=2665930 via doris-1 rows=10211 [doris-1:f:up doris-2:M:up doris-3:f:up]
18:06:28 #175 OK DELETE id=2665930 via doris-1 rows=10209 [doris-1:f:up doris-2:M:up doris-3:f:up]
18:06:29 #176 OK SELECT id=2665930 via doris-1 rows=10209 [doris-1:f:up doris-2:M:up doris-3:f:up]
18:06:30 #177 OK INSERT id=2665931 via doris-1 rows=10211 [doris-1:f:up doris-2:M:up doris-3:f:up]
18:06:31 #178 OK UPSERT id=2665931 via doris-1 rows=10211 [doris-1:f:up doris-2:M:up doris-3:f:up]
18:06:32 #179 OK SELECT id=2665931 via doris-1 rows=10211 [doris-1:f:up doris-2:M:up doris-3:f:up]
18:06:33 #180 OK DELETE id=2665931 via doris-1 rows=10209 [doris-1:f:up doris-2:M:up doris-3:f:up]
18:06:33 EVENT restore: cluster healthy
18:06:34 #181 OK SELECT id=2665931 via doris-1 rows=10209 [doris-1:f:up doris-2:M:up doris-3:f:up]
18:06:35 #182 OK INSERT id=2665932 via doris-1 rows=10211 [doris-1:f:up doris-2:M:up doris-3:f:up]
18:06:36 #183 OK UPSERT id=2665932 via doris-1 rows=10211 [doris-1:f:up doris-2:M:up doris-3:f:up]
18:06:38 #184 OK SELECT id=2665932 via doris-1 rows=10211 [doris-1:f:up doris-2:M:up doris-3:f:up]
18:06:39 #185 OK DELETE id=2665932 via doris-1 rows=10209 [doris-1:f:up doris-2:M:up doris-3:f:up]
18:06:40 #186 OK SELECT id=2665932 via doris-1 rows=10209 [doris-1:f:up doris-2:M:up doris-3:f:up]
18:06:41 #187 OK INSERT id=2665933 via doris-1 rows=10211 [doris-1:f:up doris-2:M:up doris-3:f:up]
18:06:42 #188 OK UPSERT id=2665933 via doris-1 rows=10211 [doris-1:f:up doris-2:M:up doris-3:f:up]
18:06:43 #189 OK SELECT id=2665933 via doris-1 rows=10211 [doris-1:f:up doris-2:M:up doris-3:f:up]
18:06:44 #190 OK DELETE id=2665933 via doris-1 rows=10209 [doris-1:f:up doris-2:M:up doris-3:f:up]
18:06:45 #191 OK SELECT id=2665933 via doris-1 rows=10209 [doris-1:f:up doris-2:M:up doris-3:f:up]
18:06:46 #192 OK INSERT id=2665934 via doris-1 rows=10211 [doris-1:f:up doris-2:M:up doris-3:f:up]
18:06:47 #193 OK UPSERT id=2665934 via doris-1 rows=10211 [doris-1:f:up doris-2:M:up doris-3:f:up]
18:06:48 #194 OK SELECT id=2665934 via doris-1 rows=10211 [doris-1:f:up doris-2:M:up doris-3:f:up]
18:06:49 #195 OK DELETE id=2665934 via doris-1 rows=10209 [doris-1:f:up doris-2:M:up doris-3:f:up]
18:06:50 #196 OK SELECT id=2665934 via doris-1 rows=10209 [doris-1:f:up doris-2:M:up doris-3:f:up]
18:06:51 #197 OK INSERT id=2665935 via doris-1 rows=10211 [doris-1:f:up doris-2:M:up doris-3:f:up]
18:06:53 #198 OK UPSERT id=2665935 via doris-1 rows=10211 [doris-1:f:up doris-2:M:up doris-3:f:up]
18:06:54 #199 OK SELECT id=2665935 via doris-1 rows=10211 [doris-1:f:up doris-2:M:up doris-3:f:up]
18:06:55 #200 OK DELETE id=2665935 via doris-1 rows=10209 [doris-1:f:up doris-2:M:up doris-3:f:up]
18:06:56 #201 OK SELECT id=2665935 via doris-1 rows=10209 [doris-1:f:up doris-2:M:up doris-3:f:up]
18:06:57 #202 OK INSERT id=2665936 via doris-1 rows=10211 [doris-1:f:up doris-2:M:up doris-3:f:up]
18:06:58 #203 OK UPSERT id=2665936 via doris-1 rows=10211 [doris-1:f:up doris-2:M:up doris-3:f:up]
18:06:59 #204 OK SELECT id=2665936 via doris-1 rows=10211 [doris-1:f:up doris-2:M:up doris-3:f:up]
18:07:00 #205 OK DELETE id=2665936 via doris-1 rows=10209 [doris-1:f:up doris-2:M:up doris-3:f:up]
18:07:01 #206 OK SELECT id=2665936 via doris-1 rows=10209 [doris-1:f:up doris-2:M:up doris-3:f:up]
