03:10:58 PROBE start proto=mysql hosts=doris-1,doris-2,doris-3 duration=86400s cycle=INSERT>UPSERT>SELECT>DELETE>SELECT
03:10:58 connected to doris-1 (10.140.0.2)
03:10:59 #1 OK INSERT id=1674580 via doris-1 rows=10062 [doris-1:f:up doris-2:f:up doris-3:M:up]
03:11:00 #2 OK UPSERT id=1674580 via doris-1 rows=10063 [doris-1:f:up doris-2:f:up doris-3:M:up]
03:11:01 #3 OK SELECT id=1674580 via doris-1 rows=10063 [doris-1:f:up doris-2:f:up doris-3:M:up]
03:11:02 #4 OK DELETE id=1674580 via doris-1 rows=10062 [doris-1:f:up doris-2:f:up doris-3:M:up]
03:11:03 #5 OK SELECT id=1674580 via doris-1 rows=10061 [doris-1:f:up doris-2:f:up doris-3:M:up]
03:11:05 #6 OK INSERT id=1674581 via doris-1 rows=10062 [doris-1:f:up doris-2:f:up doris-3:M:up]
03:11:06 #7 OK UPSERT id=1674581 via doris-1 rows=10063 [doris-1:f:up doris-2:f:up doris-3:M:up]
03:11:07 #8 OK SELECT id=1674581 via doris-1 rows=10063 [doris-1:f:up doris-2:f:up doris-3:M:up]
03:11:08 #9 OK DELETE id=1674581 via doris-1 rows=10062 [doris-1:f:up doris-2:f:up doris-3:M:up]
03:11:09 #10 OK SELECT id=1674581 via doris-1 rows=10061 [doris-1:f:up doris-2:f:up doris-3:M:up]
03:11:10 #11 OK INSERT id=1674582 via doris-1 rows=10062 [doris-1:f:up doris-2:f:up doris-3:M:up]
03:11:11 #12 OK UPSERT id=1674582 via doris-1 rows=10063 [doris-1:f:up doris-2:f:up doris-3:M:up]
03:11:12 #13 OK SELECT id=1674582 via doris-1 rows=10063 [doris-1:f:up doris-2:f:up doris-3:M:up]
03:11:13 #14 OK DELETE id=1674582 via doris-1 rows=10062 [doris-1:f:up doris-2:f:up doris-3:M:up]
03:11:14 #15 OK SELECT id=1674582 via doris-1 rows=10061 [doris-1:f:up doris-2:f:up doris-3:M:up]
03:11:16 #16 OK INSERT id=1674583 via doris-1 rows=10062 [doris-1:f:up doris-2:f:up doris-3:M:up]
03:11:17 #17 OK UPSERT id=1674583 via doris-1 rows=10063 [doris-1:f:up doris-2:f:up doris-3:M:up]
03:11:18 #18 OK SELECT id=1674583 via doris-1 rows=10063 [doris-1:f:up doris-2:f:up doris-3:M:up]
03:11:19 #19 OK DELETE id=1674583 via doris-1 rows=10062 [doris-1:f:up doris-2:f:up doris-3:M:up]
03:11:20 #20 OK SELECT id=1674583 via doris-1 rows=10061 [doris-1:f:up doris-2:f:up doris-3:M:up]
03:11:21 #21 OK INSERT id=1674584 via doris-1 rows=10062 [doris-1:f:up doris-2:f:up doris-3:M:up]
03:11:22 #22 OK UPSERT id=1674584 via doris-1 rows=10063 [doris-1:f:up doris-2:f:up doris-3:M:up]
03:11:23 #23 OK SELECT id=1674584 via doris-1 rows=10063 [doris-1:f:up doris-2:f:up doris-3:M:up]
03:11:24 #24 OK DELETE id=1674584 via doris-1 rows=10062 [doris-1:f:up doris-2:f:up doris-3:M:up]
03:11:25 #25 OK SELECT id=1674584 via doris-1 rows=10061 [doris-1:f:up doris-2:f:up doris-3:M:up]
03:11:26 #26 OK INSERT id=1674585 via doris-1 rows=10062 [doris-1:f:up doris-2:f:up doris-3:M:up]
03:11:28 #27 OK UPSERT id=1674585 via doris-1 rows=10063 [doris-1:f:up doris-2:f:up doris-3:M:up]
03:11:29 #28 OK SELECT id=1674585 via doris-1 rows=10063 [doris-1:f:up doris-2:f:up doris-3:M:up]
03:11:30 #29 OK DELETE id=1674585 via doris-1 rows=10062 [doris-1:f:up doris-2:f:up doris-3:M:up]
03:11:31 #30 OK SELECT id=1674585 via doris-1 rows=10061 [doris-1:f:up doris-2:f:up doris-3:M:up]
03:11:32 #31 OK INSERT id=1674586 via doris-1 rows=10062 [doris-1:f:up doris-2:f:up doris-3:M:up]
03:11:33 EVENT break: vm stop on doris-3 (FE master)
03:11:33 #32 OK UPSERT id=1674586 via doris-1 rows=10063 [doris-1:f:up doris-2:f:up doris-3:M:up]
03:11:34 #33 OK SELECT id=1674586 via doris-1 rows=10063 [doris-1:f:up doris-2:f:up doris-3:M:up]
03:11:35 #34 OK DELETE id=1674586 via doris-1 rows=10062 [doris-1:f:up doris-2:f:up doris-3:M:up]
03:11:36 #35 FAIL SELECT id=1674586 via doris-1: OperationalError: (1105, 'RpcException, msg: send fragments failed. io.grpc.StatusRuntimeException: UNAVAILABLE: io exception, h
03:11:37 connected to doris-1 (10.140.0.2)
03:11:40 #36 OK INSERT id=1674587 via doris-1 rows=10063 [doris-1:f:up doris-2:M:up doris-3:f:DOWN] (recovered)
03:11:41 #37 OK UPSERT id=1674587 via doris-1 rows=10064 [doris-1:f:up doris-2:M:up doris-3:f:DOWN]
03:11:42 #38 OK SELECT id=1674587 via doris-1 rows=10064 [doris-1:f:up doris-2:M:up doris-3:f:DOWN]
03:11:43 #39 OK DELETE id=1674587 via doris-1 rows=10062 [doris-1:f:up doris-2:M:up doris-3:f:DOWN]
03:11:44 #40 OK SELECT id=1674587 via doris-1 rows=10062 [doris-1:f:up doris-2:M:up doris-3:f:DOWN]
03:11:46 #41 OK INSERT id=1674588 via doris-1 rows=10064 [doris-1:f:up doris-2:M:up doris-3:f:DOWN]
03:11:47 #42 OK UPSERT id=1674588 via doris-1 rows=10064 [doris-1:f:up doris-2:M:up doris-3:f:DOWN]
03:11:48 #43 OK SELECT id=1674588 via doris-1 rows=10064 [doris-1:f:up doris-2:M:up doris-3:f:DOWN]
03:11:49 #44 OK DELETE id=1674588 via doris-1 rows=10062 [doris-1:f:up doris-2:M:up doris-3:f:DOWN]
03:11:50 #45 OK SELECT id=1674588 via doris-1 rows=10062 [doris-1:f:up doris-2:M:up doris-3:f:DOWN]
03:11:51 #46 OK INSERT id=1674589 via doris-1 rows=10063 [doris-1:f:up doris-2:M:up doris-3:f:DOWN]
03:11:52 #47 OK UPSERT id=1674589 via doris-1 rows=10064 [doris-1:f:up doris-2:M:up doris-3:f:DOWN]
03:11:53 #48 OK SELECT id=1674589 via doris-1 rows=10064 [doris-1:f:up doris-2:M:up doris-3:f:DOWN]
03:11:54 #49 OK DELETE id=1674589 via doris-1 rows=10062 [doris-1:f:up doris-2:M:up doris-3:f:DOWN]
03:11:55 #50 OK SELECT id=1674589 via doris-1 rows=10062 [doris-1:f:up doris-2:M:up doris-3:f:DOWN]
03:11:57 #51 OK INSERT id=1674590 via doris-1 rows=10064 [doris-1:f:up doris-2:M:up doris-3:f:DOWN]
03:11:57 EVENT break: doris-3 is down
03:11:58 #52 OK UPSERT id=1674590 via doris-1 rows=10064 [doris-1:f:up doris-2:M:up doris-3:f:DOWN]
03:11:59 #53 OK SELECT id=1674590 via doris-1 rows=10064 [doris-1:f:up doris-2:M:up doris-3:f:DOWN]
03:12:00 #54 OK DELETE id=1674590 via doris-1 rows=10063 [doris-1:f:up doris-2:M:up doris-3:f:DOWN]
03:12:01 #55 OK SELECT id=1674590 via doris-1 rows=10062 [doris-1:f:up doris-2:M:up doris-3:f:DOWN]
03:12:02 #56 OK INSERT id=1674591 via doris-1 rows=10063 [doris-1:f:up doris-2:M:up doris-3:f:DOWN]
03:12:03 #57 OK UPSERT id=1674591 via doris-1 rows=10064 [doris-1:f:up doris-2:M:up doris-3:f:DOWN]
03:12:04 #58 OK SELECT id=1674591 via doris-1 rows=10064 [doris-1:f:up doris-2:M:up doris-3:f:DOWN]
03:12:05 #59 OK DELETE id=1674591 via doris-1 rows=10063 [doris-1:f:up doris-2:M:up doris-3:f:DOWN]
03:12:06 #60 OK SELECT id=1674591 via doris-1 rows=10062 [doris-1:f:up doris-2:M:up doris-3:f:DOWN]
03:12:07 #61 OK INSERT id=1674592 via doris-1 rows=10063 [doris-1:f:up doris-2:M:up doris-3:f:DOWN]
03:12:09 #62 OK UPSERT id=1674592 via doris-1 rows=10064 [doris-1:f:up doris-2:M:up doris-3:f:DOWN]
03:12:10 #63 OK SELECT id=1674592 via doris-1 rows=10064 [doris-1:f:up doris-2:M:up doris-3:f:DOWN]
03:12:11 #64 OK DELETE id=1674592 via doris-1 rows=10063 [doris-1:f:up doris-2:M:up doris-3:f:DOWN]
03:12:12 #65 OK SELECT id=1674592 via doris-1 rows=10062 [doris-1:f:up doris-2:M:up doris-3:f:DOWN]
03:12:13 #66 OK INSERT id=1674593 via doris-1 rows=10063 [doris-1:f:up doris-2:M:up doris-3:f:DOWN]
03:12:14 #67 OK UPSERT id=1674593 via doris-1 rows=10064 [doris-1:f:up doris-2:M:up doris-3:f:DOWN]
03:12:15 #68 OK SELECT id=1674593 via doris-1 rows=10064 [doris-1:f:up doris-2:M:up doris-3:f:DOWN]
03:12:16 #69 OK DELETE id=1674593 via doris-1 rows=10063 [doris-1:f:up doris-2:M:up doris-3:f:DOWN]
03:12:17 #70 OK SELECT id=1674593 via doris-1 rows=10062 [doris-1:f:up doris-2:M:up doris-3:f:DOWN]
03:12:18 #71 OK INSERT id=1674594 via doris-1 rows=10063 [doris-1:f:up doris-2:M:up doris-3:f:DOWN]
03:12:19 #72 OK UPSERT id=1674594 via doris-1 rows=10064 [doris-1:f:up doris-2:M:up doris-3:f:DOWN]
03:12:20 #73 OK SELECT id=1674594 via doris-1 rows=10064 [doris-1:f:up doris-2:M:up doris-3:f:DOWN]
03:12:22 #74 OK DELETE id=1674594 via doris-1 rows=10063 [doris-1:f:up doris-2:M:up doris-3:f:DOWN]
03:12:23 #75 OK SELECT id=1674594 via doris-1 rows=10062 [doris-1:f:up doris-2:M:up doris-3:f:DOWN]
03:12:24 #76 OK INSERT id=1674595 via doris-1 rows=10063 [doris-1:f:up doris-2:M:up doris-3:f:DOWN]
03:12:25 #77 OK UPSERT id=1674595 via doris-1 rows=10064 [doris-1:f:up doris-2:M:up doris-3:f:DOWN]
03:12:26 #78 OK SELECT id=1674595 via doris-1 rows=10064 [doris-1:f:up doris-2:M:up doris-3:f:DOWN]
03:12:27 #79 OK DELETE id=1674595 via doris-1 rows=10063 [doris-1:f:up doris-2:M:up doris-3:f:DOWN]
03:12:28 #80 OK SELECT id=1674595 via doris-1 rows=10062 [doris-1:f:up doris-2:M:up doris-3:f:DOWN]
03:12:29 #81 OK INSERT id=1674596 via doris-1 rows=10063 [doris-1:f:up doris-2:M:up doris-3:f:DOWN]
03:12:30 #82 OK UPSERT id=1674596 via doris-1 rows=10064 [doris-1:f:up doris-2:M:up doris-3:f:DOWN]
03:12:31 #83 OK SELECT id=1674596 via doris-1 rows=10064 [doris-1:f:up doris-2:M:up doris-3:f:DOWN]
03:12:32 #84 OK DELETE id=1674596 via doris-1 rows=10063 [doris-1:f:up doris-2:M:up doris-3:f:DOWN]
03:12:33 #85 OK SELECT id=1674596 via doris-1 rows=10062 [doris-1:f:up doris-2:M:up doris-3:f:DOWN]
03:12:34 #86 OK INSERT id=1674597 via doris-1 rows=10063 [doris-1:f:up doris-2:M:up doris-3:f:DOWN]
03:12:35 #87 OK UPSERT id=1674597 via doris-1 rows=10064 [doris-1:f:up doris-2:M:up doris-3:f:DOWN]
03:12:36 #88 OK SELECT id=1674597 via doris-1 rows=10064 [doris-1:f:up doris-2:M:up doris-3:f:DOWN]
03:12:38 #89 OK DELETE id=1674597 via doris-1 rows=10063 [doris-1:f:up doris-2:M:up doris-3:f:DOWN]
03:12:39 #90 OK SELECT id=1674597 via doris-1 rows=10062 [doris-1:f:up doris-2:M:up doris-3:f:DOWN]
03:12:40 #91 OK INSERT id=1674598 via doris-1 rows=10063 [doris-1:f:up doris-2:M:up doris-3:f:DOWN]
03:12:41 #92 OK UPSERT id=1674598 via doris-1 rows=10064 [doris-1:f:up doris-2:M:up doris-3:f:DOWN]
03:12:42 #93 OK SELECT id=1674598 via doris-1 rows=10064 [doris-1:f:up doris-2:M:up doris-3:f:DOWN]
03:12:43 #94 OK DELETE id=1674598 via doris-1 rows=10063 [doris-1:f:up doris-2:M:up doris-3:f:DOWN]
03:12:44 #95 OK SELECT id=1674598 via doris-1 rows=10062 [doris-1:f:up doris-2:M:up doris-3:f:DOWN]
03:12:45 #96 OK INSERT id=1674599 via doris-1 rows=10063 [doris-1:f:up doris-2:M:up doris-3:f:DOWN]
03:12:46 #97 OK UPSERT id=1674599 via doris-1 rows=10064 [doris-1:f:up doris-2:M:up doris-3:f:DOWN]
03:12:47 #98 OK SELECT id=1674599 via doris-1 rows=10064 [doris-1:f:up doris-2:M:up doris-3:f:DOWN]
03:12:48 #99 OK DELETE id=1674599 via doris-1 rows=10063 [doris-1:f:up doris-2:M:up doris-3:f:DOWN]
03:12:49 #100 OK SELECT id=1674599 via doris-1 rows=10062 [doris-1:f:up doris-2:M:up doris-3:f:DOWN]
03:12:50 #101 OK INSERT id=1674600 via doris-1 rows=10063 [doris-1:f:up doris-2:M:up doris-3:f:DOWN]
03:12:51 #102 OK UPSERT id=1674600 via doris-1 rows=10064 [doris-1:f:up doris-2:M:up doris-3:f:DOWN]
03:12:53 #103 OK SELECT id=1674600 via doris-1 rows=10064 [doris-1:f:up doris-2:M:up doris-3:f:DOWN]
03:12:54 #104 OK DELETE id=1674600 via doris-1 rows=10063 [doris-1:f:up doris-2:M:up doris-3:f:DOWN]
03:12:55 #105 OK SELECT id=1674600 via doris-1 rows=10062 [doris-1:f:up doris-2:M:up doris-3:f:DOWN]
03:12:56 #106 OK INSERT id=1674601 via doris-1 rows=10063 [doris-1:f:up doris-2:M:up doris-3:f:DOWN]
03:12:57 #107 OK UPSERT id=1674601 via doris-1 rows=10064 [doris-1:f:up doris-2:M:up doris-3:f:DOWN]
03:12:58 #108 OK SELECT id=1674601 via doris-1 rows=10064 [doris-1:f:up doris-2:M:up doris-3:f:DOWN]
03:12:59 #109 OK DELETE id=1674601 via doris-1 rows=10063 [doris-1:f:up doris-2:M:up doris-3:f:DOWN]
03:13:00 #110 OK SELECT id=1674601 via doris-1 rows=10062 [doris-1:f:up doris-2:M:up doris-3:f:DOWN]
03:13:01 #111 OK INSERT id=1674602 via doris-1 rows=10063 [doris-1:f:up doris-2:M:up doris-3:f:DOWN]
03:13:02 #112 OK UPSERT id=1674602 via doris-1 rows=10064 [doris-1:f:up doris-2:M:up doris-3:f:DOWN]
03:13:03 #113 OK SELECT id=1674602 via doris-1 rows=10064 [doris-1:f:up doris-2:M:up doris-3:f:DOWN]
03:13:04 #114 OK DELETE id=1674602 via doris-1 rows=10063 [doris-1:f:up doris-2:M:up doris-3:f:DOWN]
03:13:05 #115 OK SELECT id=1674602 via doris-1 rows=10062 [doris-1:f:up doris-2:M:up doris-3:f:DOWN]
03:13:07 #116 OK INSERT id=1674603 via doris-1 rows=10063 [doris-1:f:up doris-2:M:up doris-3:f:DOWN]
03:13:08 #117 OK UPSERT id=1674603 via doris-1 rows=10064 [doris-1:f:up doris-2:M:up doris-3:f:DOWN]
03:13:09 #118 OK SELECT id=1674603 via doris-1 rows=10064 [doris-1:f:up doris-2:M:up doris-3:f:DOWN]
03:13:10 #119 OK DELETE id=1674603 via doris-1 rows=10063 [doris-1:f:up doris-2:M:up doris-3:f:DOWN]
03:13:11 #120 OK SELECT id=1674603 via doris-1 rows=10062 [doris-1:f:up doris-2:M:up doris-3:f:DOWN]
03:13:12 #121 OK INSERT id=1674604 via doris-1 rows=10063 [doris-1:f:up doris-2:M:up doris-3:f:DOWN]
03:13:13 #122 OK UPSERT id=1674604 via doris-1 rows=10064 [doris-1:f:up doris-2:M:up doris-3:f:DOWN]
03:13:14 #123 OK SELECT id=1674604 via doris-1 rows=10064 [doris-1:f:up doris-2:M:up doris-3:f:DOWN]
03:13:15 #124 OK DELETE id=1674604 via doris-1 rows=10063 [doris-1:f:up doris-2:M:up doris-3:f:DOWN]
03:13:16 #125 OK SELECT id=1674604 via doris-1 rows=10062 [doris-1:f:up doris-2:M:up doris-3:f:DOWN]
03:13:17 #126 OK INSERT id=1674605 via doris-1 rows=10063 [doris-1:f:up doris-2:M:up doris-3:f:DOWN]
03:13:18 #127 OK UPSERT id=1674605 via doris-1 rows=10064 [doris-1:f:up doris-2:M:up doris-3:f:DOWN]
03:13:19 #128 OK SELECT id=1674605 via doris-1 rows=10064 [doris-1:f:up doris-2:M:up doris-3:f:DOWN]
03:13:20 #129 OK DELETE id=1674605 via doris-1 rows=10063 [doris-1:f:up doris-2:M:up doris-3:f:DOWN]
03:13:21 #130 OK SELECT id=1674605 via doris-1 rows=10062 [doris-1:f:up doris-2:M:up doris-3:f:DOWN]
03:13:22 #131 OK INSERT id=1674606 via doris-1 rows=10063 [doris-1:f:up doris-2:M:up doris-3:f:DOWN]
03:13:24 #132 OK UPSERT id=1674606 via doris-1 rows=10064 [doris-1:f:up doris-2:M:up doris-3:f:DOWN]
03:13:25 #133 OK SELECT id=1674606 via doris-1 rows=10064 [doris-1:f:up doris-2:M:up doris-3:f:DOWN]
03:13:26 #134 OK DELETE id=1674606 via doris-1 rows=10063 [doris-1:f:up doris-2:M:up doris-3:f:DOWN]
03:13:27 #135 OK SELECT id=1674606 via doris-1 rows=10062 [doris-1:f:up doris-2:M:up doris-3:f:DOWN]
03:13:28 #136 OK INSERT id=1674607 via doris-1 rows=10063 [doris-1:f:up doris-2:M:up doris-3:f:DOWN]
03:13:29 #137 OK UPSERT id=1674607 via doris-1 rows=10064 [doris-1:f:up doris-2:M:up doris-3:f:DOWN]
03:13:30 #138 OK SELECT id=1674607 via doris-1 rows=10064 [doris-1:f:up doris-2:M:up doris-3:f:DOWN]
03:13:31 #139 OK DELETE id=1674607 via doris-1 rows=10063 [doris-1:f:up doris-2:M:up doris-3:f:DOWN]
03:13:32 #140 OK SELECT id=1674607 via doris-1 rows=10062 [doris-1:f:up doris-2:M:up doris-3:f:DOWN]
03:13:33 #141 OK INSERT id=1674608 via doris-1 rows=10063 [doris-1:f:up doris-2:M:up doris-3:f:DOWN]
03:13:34 #142 OK UPSERT id=1674608 via doris-1 rows=10064 [doris-1:f:up doris-2:M:up doris-3:f:DOWN]
03:13:35 EVENT restore: start doris-3
03:13:35 #143 OK SELECT id=1674608 via doris-1 rows=10064 [doris-1:f:up doris-2:M:up doris-3:f:DOWN]
03:13:36 #144 OK DELETE id=1674608 via doris-1 rows=10063 [doris-1:f:up doris-2:M:up doris-3:f:DOWN]
03:13:37 #145 OK SELECT id=1674608 via doris-1 rows=10062 [doris-1:f:up doris-2:M:up doris-3:f:DOWN]
03:13:39 #146 OK INSERT id=1674609 via doris-1 rows=10063 [doris-1:f:up doris-2:M:up doris-3:f:DOWN]
03:13:40 #147 OK UPSERT id=1674609 via doris-1 rows=10064 [doris-1:f:up doris-2:M:up doris-3:f:DOWN]
03:13:41 #148 OK SELECT id=1674609 via doris-1 rows=10064 [doris-1:f:up doris-2:M:up doris-3:f:DOWN]
03:13:42 #149 OK DELETE id=1674609 via doris-1 rows=10063 [doris-1:f:up doris-2:M:up doris-3:f:DOWN]
03:13:43 #150 OK SELECT id=1674609 via doris-1 rows=10062 [doris-1:f:up doris-2:M:up doris-3:f:DOWN]
03:13:44 #151 OK INSERT id=1674610 via doris-1 rows=10063 [doris-1:f:up doris-2:M:up doris-3:f:DOWN]
03:13:45 #152 OK UPSERT id=1674610 via doris-1 rows=10064 [doris-1:f:up doris-2:M:up doris-3:f:DOWN]
03:13:46 #153 OK SELECT id=1674610 via doris-1 rows=10064 [doris-1:f:up doris-2:M:up doris-3:f:DOWN]
03:13:47 #154 OK DELETE id=1674610 via doris-1 rows=10063 [doris-1:f:up doris-2:M:up doris-3:f:DOWN]
03:13:48 #155 OK SELECT id=1674610 via doris-1 rows=10062 [doris-1:f:up doris-2:M:up doris-3:f:DOWN]
03:13:49 #156 OK INSERT id=1674611 via doris-1 rows=10063 [doris-1:f:up doris-2:M:up doris-3:f:DOWN]
03:13:50 #157 OK UPSERT id=1674611 via doris-1 rows=10064 [doris-1:f:up doris-2:M:up doris-3:f:DOWN]
03:13:51 #158 OK SELECT id=1674611 via doris-1 rows=10064 [doris-1:f:up doris-2:M:up doris-3:f:DOWN]
03:13:52 #159 OK DELETE id=1674611 via doris-1 rows=10063 [doris-1:f:up doris-2:M:up doris-3:f:DOWN]
03:13:53 #160 OK SELECT id=1674611 via doris-1 rows=10062 [doris-1:f:up doris-2:M:up doris-3:f:DOWN]
03:13:54 #161 OK INSERT id=1674612 via doris-1 rows=10063 [doris-1:f:up doris-2:M:up doris-3:f:DOWN]
03:13:56 #162 OK UPSERT id=1674612 via doris-1 rows=10064 [doris-1:f:up doris-2:M:up doris-3:f:DOWN]
03:13:57 #163 OK SELECT id=1674612 via doris-1 rows=10064 [doris-1:f:up doris-2:M:up doris-3:f:DOWN]
03:13:58 #164 OK DELETE id=1674612 via doris-1 rows=10063 [doris-1:f:up doris-2:M:up doris-3:f:DOWN]
03:13:59 #165 OK SELECT id=1674612 via doris-1 rows=10062 [doris-1:f:up doris-2:M:up doris-3:f:DOWN]
03:14:00 #166 OK INSERT id=1674613 via doris-1 rows=10063 [doris-1:f:up doris-2:M:up doris-3:f:DOWN]
03:14:01 #167 OK UPSERT id=1674613 via doris-1 rows=10064 [doris-1:f:up doris-2:M:up doris-3:f:DOWN]
03:14:02 #168 OK SELECT id=1674613 via doris-1 rows=10064 [doris-1:f:up doris-2:M:up doris-3:f:DOWN]
03:14:03 #169 OK DELETE id=1674613 via doris-1 rows=10063 [doris-1:f:up doris-2:M:up doris-3:f:DOWN]
03:14:04 #170 OK SELECT id=1674613 via doris-1 rows=10062 [doris-1:f:up doris-2:M:up doris-3:f:DOWN]
03:14:05 #171 OK INSERT id=1674614 via doris-1 rows=10063 [doris-1:f:up doris-2:M:up doris-3:f:DOWN]
03:14:06 #172 OK UPSERT id=1674614 via doris-1 rows=10064 [doris-1:f:up doris-2:M:up doris-3:f:DOWN]
03:14:07 #173 OK SELECT id=1674614 via doris-1 rows=10064 [doris-1:f:up doris-2:M:up doris-3:f:DOWN]
03:14:08 #174 OK DELETE id=1674614 via doris-1 rows=10063 [doris-1:f:up doris-2:M:up doris-3:f:DOWN]
03:14:09 #175 OK SELECT id=1674614 via doris-1 rows=10062 [doris-1:f:up doris-2:M:up doris-3:f:DOWN]
03:14:10 #176 OK INSERT id=1674615 via doris-1 rows=10063 [doris-1:f:up doris-2:M:up doris-3:f:DOWN]
03:14:11 #177 OK UPSERT id=1674615 via doris-1 rows=10064 [doris-1:f:up doris-2:M:up doris-3:f:DOWN]
03:14:12 #178 OK SELECT id=1674615 via doris-1 rows=10064 [doris-1:f:up doris-2:M:up doris-3:f:DOWN]
03:14:14 #179 OK DELETE id=1674615 via doris-1 rows=10063 [doris-1:f:up doris-2:M:up doris-3:f:DOWN]
03:14:15 #180 OK SELECT id=1674615 via doris-1 rows=10062 [doris-1:f:up doris-2:M:up doris-3:f:DOWN]
03:14:16 #181 OK INSERT id=1674616 via doris-1 rows=10063 [doris-1:f:up doris-2:M:up doris-3:f:DOWN]
03:14:17 #182 OK UPSERT id=1674616 via doris-1 rows=10064 [doris-1:f:up doris-2:M:up doris-3:f:up]
03:14:18 #183 OK SELECT id=1674616 via doris-1 rows=10064 [doris-1:f:up doris-2:M:up doris-3:f:up]
03:14:19 #184 OK DELETE id=1674616 via doris-1 rows=10063 [doris-1:f:up doris-2:M:up doris-3:f:up]
03:14:20 #185 OK SELECT id=1674616 via doris-1 rows=10062 [doris-1:f:up doris-2:M:up doris-3:f:up]
03:14:21 #186 OK INSERT id=1674617 via doris-1 rows=10063 [doris-1:f:up doris-2:M:up doris-3:f:up]
03:14:22 #187 OK UPSERT id=1674617 via doris-1 rows=10064 [doris-1:f:up doris-2:M:up doris-3:f:up]
03:14:23 #188 OK SELECT id=1674617 via doris-1 rows=10064 [doris-1:f:up doris-2:M:up doris-3:f:up]
03:14:24 #189 OK DELETE id=1674617 via doris-1 rows=10063 [doris-1:f:up doris-2:M:up doris-3:f:up]
03:14:24 EVENT restore: cluster healthy
03:14:25 #190 OK SELECT id=1674617 via doris-1 rows=10062 [doris-1:f:up doris-2:M:up doris-3:f:up]
03:14:26 #191 OK INSERT id=1674618 via doris-1 rows=10063 [doris-1:f:up doris-2:M:up doris-3:f:up]
03:14:28 #192 OK UPSERT id=1674618 via doris-1 rows=10064 [doris-1:f:up doris-2:M:up doris-3:f:up]
03:14:29 #193 OK SELECT id=1674618 via doris-1 rows=10064 [doris-1:f:up doris-2:M:up doris-3:f:up]
03:14:30 #194 OK DELETE id=1674618 via doris-1 rows=10063 [doris-1:f:up doris-2:M:up doris-3:f:up]
03:14:31 #195 OK SELECT id=1674618 via doris-1 rows=10062 [doris-1:f:up doris-2:M:up doris-3:f:up]
03:14:32 #196 OK INSERT id=1674619 via doris-1 rows=10063 [doris-1:f:up doris-2:M:up doris-3:f:up]
03:14:33 #197 OK UPSERT id=1674619 via doris-1 rows=10064 [doris-1:f:up doris-2:M:up doris-3:f:up]
03:14:34 #198 OK SELECT id=1674619 via doris-1 rows=10064 [doris-1:f:up doris-2:M:up doris-3:f:up]
03:14:35 #199 OK DELETE id=1674619 via doris-1 rows=10063 [doris-1:f:up doris-2:M:up doris-3:f:up]
03:14:36 #200 OK SELECT id=1674619 via doris-1 rows=10062 [doris-1:f:up doris-2:M:up doris-3:f:up]
03:14:37 #201 OK INSERT id=1674620 via doris-1 rows=10063 [doris-1:f:up doris-2:M:up doris-3:f:up]
03:14:38 #202 OK UPSERT id=1674620 via doris-1 rows=10064 [doris-1:f:up doris-2:M:up doris-3:f:up]
03:14:39 #203 OK SELECT id=1674620 via doris-1 rows=10064 [doris-1:f:up doris-2:M:up doris-3:f:up]
03:14:40 #204 OK DELETE id=1674620 via doris-1 rows=10063 [doris-1:f:up doris-2:M:up doris-3:f:up]
03:14:41 #205 OK SELECT id=1674620 via doris-1 rows=10062 [doris-1:f:up doris-2:M:up doris-3:f:up]
03:14:42 #206 OK INSERT id=1674621 via doris-1 rows=10063 [doris-1:f:up doris-2:M:up doris-3:f:up]
03:14:44 #207 OK UPSERT id=1674621 via doris-1 rows=10064 [doris-1:f:up doris-2:M:up doris-3:f:up]
03:14:45 #208 OK SELECT id=1674621 via doris-1 rows=10064 [doris-1:f:up doris-2:M:up doris-3:f:up]
03:14:46 #209 OK DELETE id=1674621 via doris-1 rows=10063 [doris-1:f:up doris-2:M:up doris-3:f:up]
03:14:47 #210 OK SELECT id=1674621 via doris-1 rows=10062 [doris-1:f:up doris-2:M:up doris-3:f:up]
03:14:48 #211 OK INSERT id=1674622 via doris-1 rows=10063 [doris-1:f:up doris-2:M:up doris-3:f:up]
03:14:49 #212 OK UPSERT id=1674622 via doris-1 rows=10064 [doris-1:f:up doris-2:M:up doris-3:f:up]
03:14:50 #213 OK SELECT id=1674622 via doris-1 rows=10064 [doris-1:f:up doris-2:M:up doris-3:f:up]
03:14:51 #214 OK DELETE id=1674622 via doris-1 rows=10063 [doris-1:f:up doris-2:M:up doris-3:f:up]
