23:41:42 PROBE start proto=arrow-flight hosts=doris-2,doris-1,doris-3 duration=86400s cycle=INSERT>UPSERT>SELECT>DELETE>SELECT
23:41:43 connected to doris-2 (10.140.0.3)
23:41:43 #1 OK INSERT id=3549020 via doris-2 rows=10016 [doris-1:f:up doris-2:M:up doris-3:f:up]
23:41:44 #2 OK UPSERT id=3549020 via doris-2 rows=10016 [doris-1:f:up doris-2:M:up doris-3:f:up]
23:41:45 #3 OK SELECT id=3549020 via doris-2 rows=10015 [doris-1:f:up doris-2:M:up doris-3:f:up]
23:41:47 #4 OK DELETE id=3549020 via doris-2 rows=10013 [doris-1:f:up doris-2:M:up doris-3:f:up]
23:41:48 #5 OK SELECT id=3549020 via doris-2 rows=10014 [doris-1:f:up doris-2:M:up doris-3:f:up]
23:41:49 #6 OK INSERT id=3549021 via doris-2 rows=10016 [doris-1:f:up doris-2:M:up doris-3:f:up]
23:41:50 #7 OK UPSERT id=3549021 via doris-2 rows=10016 [doris-1:f:up doris-2:M:up doris-3:f:up]
23:41:51 #8 OK SELECT id=3549021 via doris-2 rows=10015 [doris-1:f:up doris-2:M:up doris-3:f:up]
23:41:52 #9 OK DELETE id=3549021 via doris-2 rows=10013 [doris-1:f:up doris-2:M:up doris-3:f:up]
23:41:53 #10 OK SELECT id=3549021 via doris-2 rows=10014 [doris-1:f:up doris-2:M:up doris-3:f:up]
23:41:55 #11 OK INSERT id=3549022 via doris-2 rows=10016 [doris-1:f:up doris-2:M:up doris-3:f:up]
23:41:56 #12 OK UPSERT id=3549022 via doris-2 rows=10016 [doris-1:f:up doris-2:M:up doris-3:f:up]
23:41:57 #13 OK SELECT id=3549022 via doris-2 rows=10014 [doris-1:f:up doris-2:M:up doris-3:f:up]
23:41:58 #14 OK DELETE id=3549022 via doris-2 rows=10013 [doris-1:f:up doris-2:M:up doris-3:f:up]
23:41:59 #15 OK SELECT id=3549022 via doris-2 rows=10015 [doris-1:f:up doris-2:M:up doris-3:f:up]
23:42:00 #16 OK INSERT id=3549023 via doris-2 rows=10016 [doris-1:f:up doris-2:M:up doris-3:f:up]
23:42:01 #17 OK UPSERT id=3549023 via doris-2 rows=10016 [doris-1:f:up doris-2:M:up doris-3:f:up]
23:42:02 #18 OK SELECT id=3549023 via doris-2 rows=10014 [doris-1:f:up doris-2:M:up doris-3:f:up]
23:42:04 #19 OK DELETE id=3549023 via doris-2 rows=10014 [doris-1:f:up doris-2:M:up doris-3:f:up]
23:42:05 #20 OK SELECT id=3549023 via doris-2 rows=10015 [doris-1:f:up doris-2:M:up doris-3:f:up]
23:42:06 #21 OK INSERT id=3549024 via doris-2 rows=10016 [doris-1:f:up doris-2:M:up doris-3:f:up]
23:42:07 #22 OK UPSERT id=3549024 via doris-2 rows=10015 [doris-1:f:up doris-2:M:up doris-3:f:up]
23:42:08 #23 OK SELECT id=3549024 via doris-2 rows=10014 [doris-1:f:up doris-2:M:up doris-3:f:up]
23:42:09 #24 OK DELETE id=3549024 via doris-2 rows=10014 [doris-1:f:up doris-2:M:up doris-3:f:up]
23:42:10 #25 OK SELECT id=3549024 via doris-2 rows=10015 [doris-1:f:up doris-2:M:up doris-3:f:up]
23:42:11 #26 OK INSERT id=3549025 via doris-2 rows=10016 [doris-1:f:up doris-2:M:up doris-3:f:up]
23:42:12 #27 OK UPSERT id=3549025 via doris-2 rows=10015 [doris-1:f:up doris-2:M:up doris-3:f:up]
23:42:14 #28 OK SELECT id=3549025 via doris-2 rows=10014 [doris-1:f:up doris-2:M:up doris-3:f:up]
23:42:15 #29 OK DELETE id=3549025 via doris-2 rows=10014 [doris-1:f:up doris-2:M:up doris-3:f:up]
23:42:15 EVENT break: vm stop on doris-2 (FE master)
23:42:16 #30 OK SELECT id=3549025 via doris-2 rows=10015 [doris-1:f:up doris-2:M:up doris-3:f:up]
23:42:17 #31 OK INSERT id=3549026 via doris-2 rows=10016 [doris-1:f:up doris-2:M:up doris-3:f:up]
23:42:18 #32 OK UPSERT id=3549026 via doris-2 rows=10015 [doris-1:f:up doris-2:M:up doris-3:f:up]
23:42:19 #33 FAIL SELECT id=3549026 via doris-2: OperationalError: IO: [FlightSQL] connection error: desc = "transport: Error while dialing: dial tcp 10.140.0.3:8070: connect: c
23:42:20 connected to doris-1 (10.140.0.2)
23:42:20 DML unsupported over arrow-flight (InternalError: RuntimeException, msg: getMysqlChannel not in mysql connection (Internal; ExecuteQuery)) — switching to SELECT-only mode
23:42:20 #34 FAIL SELECT id=3549027 via doris-1: InternalError: INTERNAL: [FlightSQL] get flight info statement failed, after executeQueryStatement handleQuery, java.lang.Run
23:42:40 EVENT break: doris-2 is down
23:42:41 connected to doris-1 (10.140.0.2)
23:42:49 #35 OK SELECT id=3549027 via doris-1 rows=10014 [?] (recovered)
23:42:50 #36 OK SELECT id=3549027 via doris-1 rows=10014 [doris-1:f:up doris-2:f:DOWN doris-3:M:up]
23:42:51 #37 OK SELECT id=3549027 via doris-1 rows=10014 [doris-1:f:up doris-2:f:DOWN doris-3:M:up]
23:42:52 #38 OK SELECT id=3549027 via doris-1 rows=10014 [doris-1:f:up doris-2:f:DOWN doris-3:M:up]
23:42:53 #39 OK SELECT id=3549027 via doris-1 rows=10014 [doris-1:f:up doris-2:f:DOWN doris-3:M:up]
23:42:55 #40 OK SELECT id=3549027 via doris-1 rows=10014 [doris-1:f:up doris-2:f:DOWN doris-3:M:up]
23:42:56 #41 OK SELECT id=3549027 via doris-1 rows=10014 [doris-1:f:up doris-2:f:DOWN doris-3:M:up]
23:42:57 #42 OK SELECT id=3549027 via doris-1 rows=10017 [doris-1:f:up doris-2:f:DOWN doris-3:M:up]
23:42:58 #43 OK SELECT id=3549027 via doris-1 rows=10017 [doris-1:f:up doris-2:f:DOWN doris-3:M:up]
23:42:59 #44 OK SELECT id=3549027 via doris-1 rows=10018 [doris-1:f:up doris-2:f:DOWN doris-3:M:up]
23:43:00 #45 OK SELECT id=3549027 via doris-1 rows=10017 [doris-1:f:up doris-2:f:DOWN doris-3:M:up]
23:43:01 #46 OK SELECT id=3549027 via doris-1 rows=10017 [doris-1:f:up doris-2:f:DOWN doris-3:M:up]
23:43:02 #47 OK SELECT id=3549027 via doris-1 rows=10017 [doris-1:f:up doris-2:f:DOWN doris-3:M:up]
23:43:03 #48 OK SELECT id=3549027 via doris-1 rows=10017 [doris-1:f:up doris-2:f:DOWN doris-3:M:up]
23:43:04 #49 OK SELECT id=3549027 via doris-1 rows=10018 [doris-1:f:up doris-2:f:DOWN doris-3:M:up]
23:43:05 #50 OK SELECT id=3549027 via doris-1 rows=10017 [doris-1:f:up doris-2:f:DOWN doris-3:M:up]
23:43:06 #51 OK SELECT id=3549027 via doris-1 rows=10017 [doris-1:f:up doris-2:f:DOWN doris-3:M:up]
23:43:07 #52 OK SELECT id=3549027 via doris-1 rows=10017 [doris-1:f:up doris-2:f:DOWN doris-3:M:up]
23:43:08 #53 OK SELECT id=3549027 via doris-1 rows=10017 [doris-1:f:up doris-2:f:DOWN doris-3:M:up]
23:43:09 #54 OK SELECT id=3549027 via doris-1 rows=10018 [doris-1:f:up doris-2:f:DOWN doris-3:M:up]
23:43:11 #55 OK SELECT id=3549027 via doris-1 rows=10017 [doris-1:f:up doris-2:f:DOWN doris-3:M:up]
23:43:12 #56 OK SELECT id=3549027 via doris-1 rows=10017 [doris-1:f:up doris-2:f:DOWN doris-3:M:up]
23:43:13 #57 OK SELECT id=3549027 via doris-1 rows=10017 [doris-1:f:up doris-2:f:DOWN doris-3:M:up]
23:43:14 #58 OK SELECT id=3549027 via doris-1 rows=10017 [doris-1:f:up doris-2:f:DOWN doris-3:M:up]
23:43:15 #59 OK SELECT id=3549027 via doris-1 rows=10018 [doris-1:f:up doris-2:f:DOWN doris-3:M:up]
23:43:16 #60 OK SELECT id=3549027 via doris-1 rows=10017 [doris-1:f:up doris-2:f:DOWN doris-3:M:up]
23:43:17 #61 OK SELECT id=3549027 via doris-1 rows=10017 [doris-1:f:up doris-2:f:DOWN doris-3:M:up]
23:43:18 #62 OK SELECT id=3549027 via doris-1 rows=10018 [doris-1:f:up doris-2:f:DOWN doris-3:M:up]
23:43:19 #63 OK SELECT id=3549027 via doris-1 rows=10018 [doris-1:f:up doris-2:f:DOWN doris-3:M:up]
23:43:20 #64 OK SELECT id=3549027 via doris-1 rows=10018 [doris-1:f:up doris-2:f:DOWN doris-3:M:up]
23:43:21 #65 OK SELECT id=3549027 via doris-1 rows=10016 [doris-1:f:up doris-2:f:DOWN doris-3:M:up]
23:43:22 #66 OK SELECT id=3549027 via doris-1 rows=10016 [doris-1:f:up doris-2:f:DOWN doris-3:M:up]
23:43:23 #67 OK SELECT id=3549027 via doris-1 rows=10018 [doris-1:f:up doris-2:f:DOWN doris-3:M:up]
23:43:24 #68 OK SELECT id=3549027 via doris-1 rows=10018 [doris-1:f:up doris-2:f:DOWN doris-3:M:up]
23:43:25 #69 OK SELECT id=3549027 via doris-1 rows=10018 [doris-1:f:up doris-2:f:DOWN doris-3:M:up]
23:43:26 #70 OK SELECT id=3549027 via doris-1 rows=10016 [doris-1:f:up doris-2:f:DOWN doris-3:M:up]
23:43:27 #71 OK SELECT id=3549027 via doris-1 rows=10016 [doris-1:f:up doris-2:f:DOWN doris-3:M:up]
23:43:29 #72 OK SELECT id=3549027 via doris-1 rows=10018 [doris-1:f:up doris-2:f:DOWN doris-3:M:up]
23:43:30 #73 OK SELECT id=3549027 via doris-1 rows=10018 [doris-1:f:up doris-2:f:DOWN doris-3:M:up]
23:43:31 #74 OK SELECT id=3549027 via doris-1 rows=10018 [doris-1:f:up doris-2:f:DOWN doris-3:M:up]
23:43:32 #75 OK SELECT id=3549027 via doris-1 rows=10017 [doris-1:f:up doris-2:f:DOWN doris-3:M:up]
23:43:33 #76 OK SELECT id=3549027 via doris-1 rows=10016 [doris-1:f:up doris-2:f:DOWN doris-3:M:up]
23:43:34 #77 OK SELECT id=3549027 via doris-1 rows=10017 [doris-1:f:up doris-2:f:DOWN doris-3:M:up]
23:43:35 #78 OK SELECT id=3549027 via doris-1 rows=10018 [doris-1:f:up doris-2:f:DOWN doris-3:M:up]
23:43:36 #79 OK SELECT id=3549027 via doris-1 rows=10018 [doris-1:f:up doris-2:f:DOWN doris-3:M:up]
23:43:37 #80 OK SELECT id=3549027 via doris-1 rows=10018 [doris-1:f:up doris-2:f:DOWN doris-3:M:up]
23:43:38 #81 OK SELECT id=3549027 via doris-1 rows=10017 [doris-1:f:up doris-2:f:DOWN doris-3:M:up]
23:43:39 #82 OK SELECT id=3549027 via doris-1 rows=10017 [doris-1:f:up doris-2:f:DOWN doris-3:M:up]
23:43:40 #83 OK SELECT id=3549027 via doris-1 rows=10017 [doris-1:f:up doris-2:f:DOWN doris-3:M:up]
23:43:41 #84 OK SELECT id=3549027 via doris-1 rows=10017 [doris-1:f:up doris-2:f:DOWN doris-3:M:up]
23:43:42 #85 OK SELECT id=3549027 via doris-1 rows=10018 [doris-1:f:up doris-2:f:DOWN doris-3:M:up]
23:43:43 #86 OK SELECT id=3549027 via doris-1 rows=10017 [doris-1:f:up doris-2:f:DOWN doris-3:M:up]
23:43:44 #87 OK SELECT id=3549027 via doris-1 rows=10017 [doris-1:f:up doris-2:f:DOWN doris-3:M:up]
23:43:46 #88 OK SELECT id=3549027 via doris-1 rows=10017 [doris-1:f:up doris-2:f:DOWN doris-3:M:up]
23:43:47 #89 OK SELECT id=3549027 via doris-1 rows=10017 [doris-1:f:up doris-2:f:DOWN doris-3:M:up]
23:43:48 #90 OK SELECT id=3549027 via doris-1 rows=10018 [doris-1:f:up doris-2:f:DOWN doris-3:M:up]
23:43:49 #91 OK SELECT id=3549027 via doris-1 rows=10017 [doris-1:f:up doris-2:f:DOWN doris-3:M:up]
23:43:50 #92 OK SELECT id=3549027 via doris-1 rows=10017 [doris-1:f:up doris-2:f:DOWN doris-3:M:up]
23:43:51 #93 OK SELECT id=3549027 via doris-1 rows=10017 [doris-1:f:up doris-2:f:DOWN doris-3:M:up]
23:43:52 #94 OK SELECT id=3549027 via doris-1 rows=10017 [doris-1:f:up doris-2:f:DOWN doris-3:M:up]
23:43:53 #95 OK SELECT id=3549027 via doris-1 rows=10018 [doris-1:f:up doris-2:f:DOWN doris-3:M:up]
23:43:54 #96 OK SELECT id=3549027 via doris-1 rows=10017 [doris-1:f:up doris-2:f:DOWN doris-3:M:up]
23:43:55 #97 OK SELECT id=3549027 via doris-1 rows=10017 [doris-1:f:up doris-2:f:DOWN doris-3:M:up]
23:43:56 #98 OK SELECT id=3549027 via doris-1 rows=10017 [doris-1:f:up doris-2:f:DOWN doris-3:M:up]
23:43:57 #99 OK SELECT id=3549027 via doris-1 rows=10017 [doris-1:f:up doris-2:f:DOWN doris-3:M:up]
23:43:58 #100 OK SELECT id=3549027 via doris-1 rows=10017 [doris-1:f:up doris-2:f:DOWN doris-3:M:up]
23:43:59 #101 OK SELECT id=3549027 via doris-1 rows=10016 [doris-1:f:up doris-2:f:DOWN doris-3:M:up]
23:44:00 #102 OK SELECT id=3549027 via doris-1 rows=10016 [doris-1:f:up doris-2:f:DOWN doris-3:M:up]
23:44:01 #103 OK SELECT id=3549027 via doris-1 rows=10018 [doris-1:f:up doris-2:f:DOWN doris-3:M:up]
23:44:02 #104 OK SELECT id=3549027 via doris-1 rows=10018 [doris-1:f:up doris-2:f:DOWN doris-3:M:up]
23:44:04 #105 OK SELECT id=3549027 via doris-1 rows=10018 [doris-1:f:up doris-2:f:DOWN doris-3:M:up]
23:44:05 #106 OK SELECT id=3549027 via doris-1 rows=10016 [doris-1:f:up doris-2:f:DOWN doris-3:M:up]
23:44:06 #107 OK SELECT id=3549027 via doris-1 rows=10016 [doris-1:f:up doris-2:f:DOWN doris-3:M:up]
23:44:07 #108 OK SELECT id=3549027 via doris-1 rows=10018 [doris-1:f:up doris-2:f:DOWN doris-3:M:up]
23:44:08 #109 OK SELECT id=3549027 via doris-1 rows=10018 [doris-1:f:up doris-2:f:DOWN doris-3:M:up]
23:44:09 #110 OK SELECT id=3549027 via doris-1 rows=10018 [doris-1:f:up doris-2:f:DOWN doris-3:M:up]
23:44:10 #111 OK SELECT id=3549027 via doris-1 rows=10016 [doris-1:f:up doris-2:f:DOWN doris-3:M:up]
23:44:11 #112 OK SELECT id=3549027 via doris-1 rows=10016 [doris-1:f:up doris-2:f:DOWN doris-3:M:up]
23:44:12 #113 OK SELECT id=3549027 via doris-1 rows=10018 [doris-1:f:up doris-2:f:DOWN doris-3:M:up]
23:44:13 #114 OK SELECT id=3549027 via doris-1 rows=10018 [doris-1:f:up doris-2:f:DOWN doris-3:M:up]
23:44:14 #115 OK SELECT id=3549027 via doris-1 rows=10018 [doris-1:f:up doris-2:f:DOWN doris-3:M:up]
23:44:15 #116 OK SELECT id=3549027 via doris-1 rows=10016 [doris-1:f:up doris-2:f:DOWN doris-3:M:up]
23:44:16 #117 OK SELECT id=3549027 via doris-1 rows=10016 [doris-1:f:up doris-2:f:DOWN doris-3:M:up]
23:44:17 #118 OK SELECT id=3549027 via doris-1 rows=10018 [doris-1:f:up doris-2:f:DOWN doris-3:M:up]
23:44:17 EVENT restore: start doris-2
23:44:18 #119 OK SELECT id=3549027 via doris-1 rows=10018 [doris-1:f:up doris-2:f:DOWN doris-3:M:up]
23:44:19 #120 OK SELECT id=3549027 via doris-1 rows=10018 [doris-1:f:up doris-2:f:DOWN doris-3:M:up]
23:44:20 #121 OK SELECT id=3549027 via doris-1 rows=10017 [doris-1:f:up doris-2:f:DOWN doris-3:M:up]
23:44:21 #122 OK SELECT id=3549027 via doris-1 rows=10017 [doris-1:f:up doris-2:f:DOWN doris-3:M:up]
23:44:23 #123 OK SELECT id=3549027 via doris-1 rows=10018 [doris-1:f:up doris-2:f:DOWN doris-3:M:up]
23:44:24 #124 OK SELECT id=3549027 via doris-1 rows=10017 [doris-1:f:up doris-2:f:DOWN doris-3:M:up]
23:44:25 #125 OK SELECT id=3549027 via doris-1 rows=10017 [doris-1:f:up doris-2:f:DOWN doris-3:M:up]
23:44:26 #126 OK SELECT id=3549027 via doris-1 rows=10017 [doris-1:f:up doris-2:f:DOWN doris-3:M:up]
23:44:27 #127 OK SELECT id=3549027 via doris-1 rows=10017 [doris-1:f:up doris-2:f:DOWN doris-3:M:up]
23:44:28 #128 OK SELECT id=3549027 via doris-1 rows=10018 [doris-1:f:up doris-2:f:DOWN doris-3:M:up]
23:44:29 #129 OK SELECT id=3549027 via doris-1 rows=10017 [doris-1:f:up doris-2:f:DOWN doris-3:M:up]
23:44:30 #130 OK SELECT id=3549027 via doris-1 rows=10017 [doris-1:f:up doris-2:f:DOWN doris-3:M:up]
23:44:31 #131 OK SELECT id=3549027 via doris-1 rows=10017 [doris-1:f:up doris-2:f:DOWN doris-3:M:up]
23:44:32 #132 OK SELECT id=3549027 via doris-1 rows=10017 [doris-1:f:up doris-2:f:DOWN doris-3:M:up]
23:44:33 #133 OK SELECT id=3549027 via doris-1 rows=10018 [doris-1:f:up doris-2:f:DOWN doris-3:M:up]
23:44:34 #134 OK SELECT id=3549027 via doris-1 rows=10017 [doris-1:f:up doris-2:f:DOWN doris-3:M:up]
23:44:35 #135 OK SELECT id=3549027 via doris-1 rows=10017 [doris-1:f:up doris-2:f:DOWN doris-3:M:up]
23:44:36 #136 OK SELECT id=3549027 via doris-1 rows=10017 [doris-1:f:up doris-2:f:DOWN doris-3:M:up]
23:44:37 #137 OK SELECT id=3549027 via doris-1 rows=10017 [doris-1:f:up doris-2:f:DOWN doris-3:M:up]
23:44:38 #138 OK SELECT id=3549027 via doris-1 rows=10018 [doris-1:f:up doris-2:f:DOWN doris-3:M:up]
23:44:39 #139 OK SELECT id=3549027 via doris-1 rows=10017 [doris-1:f:up doris-2:f:DOWN doris-3:M:up]
23:44:40 #140 OK SELECT id=3549027 via doris-1 rows=10017 [doris-1:f:up doris-2:f:DOWN doris-3:M:up]
23:44:42 #141 OK SELECT id=3549027 via doris-1 rows=10017 [doris-1:f:up doris-2:f:DOWN doris-3:M:up]
23:44:43 #142 OK SELECT id=3549027 via doris-1 rows=10017 [doris-1:f:up doris-2:f:DOWN doris-3:M:up]
23:44:44 #143 OK SELECT id=3549027 via doris-1 rows=10018 [doris-1:f:up doris-2:f:DOWN doris-3:M:up]
23:44:45 #144 OK SELECT id=3549027 via doris-1 rows=10017 [doris-1:f:up doris-2:f:DOWN doris-3:M:up]
23:44:46 #145 OK SELECT id=3549027 via doris-1 rows=10017 [doris-1:f:up doris-2:f:DOWN doris-3:M:up]
23:44:47 #146 OK SELECT id=3549027 via doris-1 rows=10017 [doris-1:f:up doris-2:f:DOWN doris-3:M:up]
23:44:48 #147 OK SELECT id=3549027 via doris-1 rows=10017 [doris-1:f:up doris-2:f:DOWN doris-3:M:up]
23:44:49 #148 OK SELECT id=3549027 via doris-1 rows=10018 [doris-1:f:up doris-2:f:DOWN doris-3:M:up]
23:44:50 #149 OK SELECT id=3549027 via doris-1 rows=10017 [doris-1:f:up doris-2:f:DOWN doris-3:M:up]
23:44:51 #150 OK SELECT id=3549027 via doris-1 rows=10017 [doris-1:f:up doris-2:f:DOWN doris-3:M:up]
23:44:52 #151 OK SELECT id=3549027 via doris-1 rows=10017 [doris-1:f:up doris-2:f:DOWN doris-3:M:up]
23:44:53 #152 OK SELECT id=3549027 via doris-1 rows=10017 [doris-1:f:up doris-2:f:DOWN doris-3:M:up]
23:44:54 #153 OK SELECT id=3549027 via doris-1 rows=10017 [doris-1:f:up doris-2:f:DOWN doris-3:M:up]
23:44:55 #154 OK SELECT id=3549027 via doris-1 rows=10017 [doris-1:f:up doris-2:f:DOWN doris-3:M:up]
23:44:56 #155 OK SELECT id=3549027 via doris-1 rows=10017 [doris-1:f:up doris-2:f:DOWN doris-3:M:up]
23:44:57 #156 OK SELECT id=3549027 via doris-1 rows=10017 [doris-1:f:up doris-2:f:DOWN doris-3:M:up]
23:44:58 #157 OK SELECT id=3549027 via doris-1 rows=10017 [doris-1:f:up doris-2:f:DOWN doris-3:M:up]
23:45:00 #158 OK SELECT id=3549027 via doris-1 rows=10017 [doris-1:f:up doris-2:f:DOWN doris-3:M:up]
23:45:01 #159 OK SELECT id=3549027 via doris-1 rows=10017 [doris-1:f:up doris-2:f:DOWN doris-3:M:up]
23:45:02 #160 OK SELECT id=3549027 via doris-1 rows=10017 [doris-1:f:up doris-2:f:DOWN doris-3:M:up]
23:45:03 #161 OK SELECT id=3549027 via doris-1 rows=10017 [doris-1:f:up doris-2:f:up doris-3:M:up]
23:45:04 #162 OK SELECT id=3549027 via doris-1 rows=10017 [doris-1:f:up doris-2:f:up doris-3:M:up]
23:45:05 #163 OK SELECT id=3549027 via doris-1 rows=10017 [doris-1:f:up doris-2:f:up doris-3:M:up]
23:45:06 #164 OK SELECT id=3549027 via doris-1 rows=10017 [doris-1:f:up doris-2:f:up doris-3:M:up]
23:45:07 #165 OK SELECT id=3549027 via doris-1 rows=10017 [doris-1:f:up doris-2:f:up doris-3:M:up]
23:45:08 #166 OK SELECT id=3549027 via doris-1 rows=10017 [doris-1:f:up doris-2:f:up doris-3:M:up]
23:45:09 #167 OK SELECT id=3549027 via doris-1 rows=10017 [doris-1:f:up doris-2:f:up doris-3:M:up]
23:45:10 #168 OK SELECT id=3549027 via doris-1 rows=10019 [doris-1:f:up doris-2:f:up doris-3:M:up]
23:45:11 #169 OK SELECT id=3549027 via doris-1 rows=10019 [doris-1:f:up doris-2:f:up doris-3:M:up]
23:45:12 #170 OK SELECT id=3549027 via doris-1 rows=10019 [doris-1:f:up doris-2:f:up doris-3:M:up]
23:45:13 #171 OK SELECT id=3549027 via doris-1 rows=10019 [doris-1:f:up doris-2:f:up doris-3:M:up]
23:45:14 #172 OK SELECT id=3549027 via doris-1 rows=10019 [doris-1:f:up doris-2:f:up doris-3:M:up]
23:45:15 #173 OK SELECT id=3549027 via doris-1 rows=10019 [doris-1:f:up doris-2:f:up doris-3:M:up]
23:45:16 #174 OK SELECT id=3549027 via doris-1 rows=10019 [doris-1:f:up doris-2:f:up doris-3:M:up]
23:45:18 #175 OK SELECT id=3549027 via doris-1 rows=10019 [doris-1:f:up doris-2:f:up doris-3:M:up]
23:45:19 #176 OK SELECT id=3549027 via doris-1 rows=10019 [doris-1:f:up doris-2:f:up doris-3:M:up]
23:45:20 #177 OK SELECT id=3549027 via doris-1 rows=10019 [doris-1:f:up doris-2:f:up doris-3:M:up]
23:45:21 #178 OK SELECT id=3549027 via doris-1 rows=10019 [doris-1:f:up doris-2:f:up doris-3:M:up]
23:45:22 #179 OK SELECT id=3549027 via doris-1 rows=10019 [doris-1:f:up doris-2:f:up doris-3:M:up]
23:45:23 #180 OK SELECT id=3549027 via doris-1 rows=10019 [doris-1:f:up doris-2:f:up doris-3:M:up]
23:45:24 #181 OK SELECT id=3549027 via doris-1 rows=10019 [doris-1:f:up doris-2:f:up doris-3:M:up]
23:45:25 #182 OK SELECT id=3549027 via doris-1 rows=10021 [doris-1:f:up doris-2:f:up doris-3:M:up]
23:45:26 #183 OK SELECT id=3549027 via doris-1 rows=10021 [doris-1:f:up doris-2:f:up doris-3:M:up]
23:45:27 #184 OK SELECT id=3549027 via doris-1 rows=10021 [doris-1:f:up doris-2:f:up doris-3:M:up]
23:45:27 EVENT restore: cluster healthy
23:45:28 #185 OK SELECT id=3549027 via doris-1 rows=10021 [doris-1:f:up doris-2:f:up doris-3:M:up]
23:45:29 #186 OK SELECT id=3549027 via doris-1 rows=10019 [doris-1:f:up doris-2:f:up doris-3:M:up]
23:45:30 #187 OK SELECT id=3549027 via doris-1 rows=10019 [doris-1:f:up doris-2:f:up doris-3:M:up]
23:45:31 #188 OK SELECT id=3549027 via doris-1 rows=10021 [doris-1:f:up doris-2:f:up doris-3:M:up]
23:45:32 #189 OK SELECT id=3549027 via doris-1 rows=10021 [doris-1:f:up doris-2:f:up doris-3:M:up]
23:45:33 #190 OK SELECT id=3549027 via doris-1 rows=10021 [doris-1:f:up doris-2:f:up doris-3:M:up]
23:45:35 #191 OK SELECT id=3549027 via doris-1 rows=10019 [doris-1:f:up doris-2:f:up doris-3:M:up]
23:45:36 #192 OK SELECT id=3549027 via doris-1 rows=10019 [doris-1:f:up doris-2:f:up doris-3:M:up]
23:45:37 #193 OK SELECT id=3549027 via doris-1 rows=10021 [doris-1:f:up doris-2:f:up doris-3:M:up]
23:45:38 #194 OK SELECT id=3549027 via doris-1 rows=10021 [doris-1:f:up doris-2:f:up doris-3:M:up]
23:45:39 #195 OK SELECT id=3549027 via doris-1 rows=10021 [doris-1:f:up doris-2:f:up doris-3:M:up]
23:45:40 #196 OK SELECT id=3549027 via doris-1 rows=10019 [doris-1:f:up doris-2:f:up doris-3:M:up]
23:45:41 #197 OK SELECT id=3549027 via doris-1 rows=10019 [doris-1:f:up doris-2:f:up doris-3:M:up]
23:45:42 #198 OK SELECT id=3549027 via doris-1 rows=10021 [doris-1:f:up doris-2:f:up doris-3:M:up]
23:45:43 #199 OK SELECT id=3549027 via doris-1 rows=10021 [doris-1:f:up doris-2:f:up doris-3:M:up]
23:45:44 #200 OK SELECT id=3549027 via doris-1 rows=10021 [doris-1:f:up doris-2:f:up doris-3:M:up]
23:45:45 #201 OK SELECT id=3549027 via doris-1 rows=10019 [doris-1:f:up doris-2:f:up doris-3:M:up]
23:45:46 #202 OK SELECT id=3549027 via doris-1 rows=10019 [doris-1:f:up doris-2:f:up doris-3:M:up]
23:45:47 #203 OK SELECT id=3549027 via doris-1 rows=10021 [doris-1:f:up doris-2:f:up doris-3:M:up]
23:45:48 #204 OK SELECT id=3549027 via doris-1 rows=10021 [doris-1:f:up doris-2:f:up doris-3:M:up]
23:45:49 #205 OK SELECT id=3549027 via doris-1 rows=10021 [doris-1:f:up doris-2:f:up doris-3:M:up]
23:45:50 #206 OK SELECT id=3549027 via doris-1 rows=10021 [doris-1:f:up doris-2:f:up doris-3:M:up]
23:45:52 #207 OK SELECT id=3549027 via doris-1 rows=10019 [doris-1:f:up doris-2:f:up doris-3:M:up]
23:45:53 #208 OK SELECT id=3549027 via doris-1 rows=10019 [doris-1:f:up doris-2:f:up doris-3:M:up]
23:45:54 #209 OK SELECT id=3549027 via doris-1 rows=10021 [doris-1:f:up doris-2:f:up doris-3:M:up]
23:45:55 #210 OK SELECT id=3549027 via doris-1 rows=10021 [doris-1:f:up doris-2:f:up doris-3:M:up]
23:45:56 #211 OK SELECT id=3549027 via doris-1 rows=10021 [doris-1:f:up doris-2:f:up doris-3:M:up]
23:45:57 #212 OK SELECT id=3549027 via doris-1 rows=10019 [doris-1:f:up doris-2:f:up doris-3:M:up]
