23:41:42 PROBE start proto=jdbc hosts=doris-2,doris-1,doris-3 duration=86400s cycle=INSERT>UPSERT>SELECT>DELETE>SELECT url=jdbc:mysql://10.140.0.3:9030,10.140.0.2:9030,10.140.0.4:9030/hatest
23:41:42 connected to doris-2 (driver-selected host)
23:41:42 #1 OK INSERT id=2549010 via doris-2 rows=10015 [doris-1:f:up doris-2:M:up doris-3:f:up]
23:41:44 #2 OK UPSERT id=2549010 via doris-2 rows=10016 [doris-1:f:up doris-2:M:up doris-3:f:up]
23:41:45 #3 OK SELECT id=2549010 via doris-2 rows=10016 [doris-1:f:up doris-2:M:up doris-3:f:up]
23:41:46 #4 OK DELETE id=2549010 via doris-2 rows=10014 [doris-1:f:up doris-2:M:up doris-3:f:up]
23:41:47 #5 OK SELECT id=2549010 via doris-2 rows=10013 [doris-1:f:up doris-2:M:up doris-3:f:up]
23:41:48 #6 OK INSERT id=2549011 via doris-2 rows=10015 [doris-1:f:up doris-2:M:up doris-3:f:up]
23:41:49 #7 OK UPSERT id=2549011 via doris-2 rows=10016 [doris-1:f:up doris-2:M:up doris-3:f:up]
23:41:50 #8 OK SELECT id=2549011 via doris-2 rows=10016 [doris-1:f:up doris-2:M:up doris-3:f:up]
23:41:51 #9 OK DELETE id=2549011 via doris-2 rows=10014 [doris-1:f:up doris-2:M:up doris-3:f:up]
23:41:52 #10 OK SELECT id=2549011 via doris-2 rows=10013 [doris-1:f:up doris-2:M:up doris-3:f:up]
23:41:53 #11 OK INSERT id=2549012 via doris-2 rows=10015 [doris-1:f:up doris-2:M:up doris-3:f:up]
23:41:54 #12 OK UPSERT id=2549012 via doris-2 rows=10016 [doris-1:f:up doris-2:M:up doris-3:f:up]
23:41:56 #13 OK SELECT id=2549012 via doris-2 rows=10016 [doris-1:f:up doris-2:M:up doris-3:f:up]
23:41:57 #14 OK DELETE id=2549012 via doris-2 rows=10014 [doris-1:f:up doris-2:M:up doris-3:f:up]
23:41:58 #15 OK SELECT id=2549012 via doris-2 rows=10014 [doris-1:f:up doris-2:M:up doris-3:f:up]
23:41:59 #16 OK INSERT id=2549013 via doris-2 rows=10015 [doris-1:f:up doris-2:M:up doris-3:f:up]
23:42:00 #17 OK UPSERT id=2549013 via doris-2 rows=10015 [doris-1:f:up doris-2:M:up doris-3:f:up]
23:42:01 #18 OK SELECT id=2549013 via doris-2 rows=10016 [doris-1:f:up doris-2:M:up doris-3:f:up]
23:42:02 #19 OK DELETE id=2549013 via doris-2 rows=10014 [doris-1:f:up doris-2:M:up doris-3:f:up]
23:42:03 #20 OK SELECT id=2549013 via doris-2 rows=10014 [doris-1:f:up doris-2:M:up doris-3:f:up]
23:42:04 #21 OK INSERT id=2549014 via doris-2 rows=10015 [doris-1:f:up doris-2:M:up doris-3:f:up]
23:42:05 #22 OK UPSERT id=2549014 via doris-2 rows=10015 [doris-1:f:up doris-2:M:up doris-3:f:up]
23:42:06 #23 OK SELECT id=2549014 via doris-2 rows=10016 [doris-1:f:up doris-2:M:up doris-3:f:up]
23:42:08 #24 OK DELETE id=2549014 via doris-2 rows=10014 [doris-1:f:up doris-2:M:up doris-3:f:up]
23:42:09 #25 OK SELECT id=2549014 via doris-2 rows=10014 [doris-1:f:up doris-2:M:up doris-3:f:up]
23:42:10 #26 OK INSERT id=2549015 via doris-2 rows=10015 [doris-1:f:up doris-2:M:up doris-3:f:up]
23:42:11 #27 OK UPSERT id=2549015 via doris-2 rows=10015 [doris-1:f:up doris-2:M:up doris-3:f:up]
23:42:12 #28 OK SELECT id=2549015 via doris-2 rows=10016 [doris-1:f:up doris-2:M:up doris-3:f:up]
23:42:13 #29 OK DELETE id=2549015 via doris-2 rows=10014 [doris-1:f:up doris-2:M:up doris-3:f:up]
23:42:14 #30 OK SELECT id=2549015 via doris-2 rows=10014 [doris-1:f:up doris-2:M:up doris-3:f:up]
23:42:15 #31 OK INSERT id=2549016 via doris-2 rows=10015 [doris-1:f:up doris-2:M:up doris-3:f:up]
23:42:15 EVENT break: vm stop on doris-2 (FE master)
23:42:16 #32 OK UPSERT id=2549016 via doris-2 rows=10015 [doris-1:f:up doris-2:M:up doris-3:f:up]
23:42:17 #33 OK SELECT id=2549016 via doris-2 rows=10016 [doris-1:f:up doris-2:M:up doris-3:f:up]
23:42:18 #34 OK DELETE id=2549016 via doris-2 rows=10014 [doris-1:f:up doris-2:M:up doris-3:f:up]
23:42:19 #35 FAIL SELECT id=2549016 via doris-2: SQLException: ForwardToMasterException, msg: forward to master FE TNetworkAddress(hostname:10.140.0.3, port:9020), statement
23:42:20 #36 FAIL INSERT id=2549017 via doris-2: SQLException: Exception, msg: Failed to get master client.
23:42:34 connected to doris-2 (driver-selected host)
23:42:40 EVENT break: doris-2 is down
23:42:42 #37 FAIL INSERT id=2549018 via doris-2: CommunicationsException: Communications link failure  The last packet successfully received from the server was 8,009 milliseconds ago.
23:42:46 connected to doris-1 (driver-selected host)
23:42:54 #38 FAIL INSERT id=2549019 via doris-1: CommunicationsException: Communications link failure  The last packet successfully received from the server was 8,010 milliseconds ago.
23:42:58 connected to doris-1 (driver-selected host)
23:42:58 #39 OK INSERT id=2549020 via doris-1 rows=10018 [doris-1:f:up doris-2:f:DOWN doris-3:M:up] (recovered)
23:42:59 #40 OK UPSERT id=2549020 via doris-1 rows=10018 [doris-1:f:up doris-2:f:DOWN doris-3:M:up]
23:43:00 #41 OK SELECT id=2549020 via doris-1 rows=10017 [doris-1:f:up doris-2:f:DOWN doris-3:M:up]
23:43:01 #42 OK DELETE id=2549020 via doris-1 rows=10016 [doris-1:f:up doris-2:f:DOWN doris-3:M:up]
23:43:03 #43 OK SELECT id=2549020 via doris-1 rows=10017 [doris-1:f:up doris-2:f:DOWN doris-3:M:up]
23:43:04 #44 OK INSERT id=2549021 via doris-1 rows=10018 [doris-1:f:up doris-2:f:DOWN doris-3:M:up]
23:43:05 #45 OK UPSERT id=2549021 via doris-1 rows=10018 [doris-1:f:up doris-2:f:DOWN doris-3:M:up]
23:43:06 #46 OK SELECT id=2549021 via doris-1 rows=10017 [doris-1:f:up doris-2:f:DOWN doris-3:M:up]
23:43:07 #47 OK DELETE id=2549021 via doris-1 rows=10016 [doris-1:f:up doris-2:f:DOWN doris-3:M:up]
23:43:08 #48 OK SELECT id=2549021 via doris-1 rows=10017 [doris-1:f:up doris-2:f:DOWN doris-3:M:up]
23:43:09 #49 OK INSERT id=2549022 via doris-1 rows=10018 [doris-1:f:up doris-2:f:DOWN doris-3:M:up]
23:43:10 #50 OK UPSERT id=2549022 via doris-1 rows=10018 [doris-1:f:up doris-2:f:DOWN doris-3:M:up]
23:43:11 #51 OK SELECT id=2549022 via doris-1 rows=10017 [doris-1:f:up doris-2:f:DOWN doris-3:M:up]
23:43:12 #52 OK DELETE id=2549022 via doris-1 rows=10016 [doris-1:f:up doris-2:f:DOWN doris-3:M:up]
23:43:13 #53 OK SELECT id=2549022 via doris-1 rows=10017 [doris-1:f:up doris-2:f:DOWN doris-3:M:up]
23:43:14 #54 OK INSERT id=2549023 via doris-1 rows=10018 [doris-1:f:up doris-2:f:DOWN doris-3:M:up]
23:43:19 #55 OK UPSERT id=2549023 via doris-1 rows=10018 [doris-1:f:up doris-2:f:DOWN doris-3:M:up]
23:43:20 #56 OK SELECT id=2549023 via doris-1 rows=10018 [doris-1:f:up doris-2:f:DOWN doris-3:M:up]
23:43:21 #57 OK DELETE id=2549023 via doris-1 rows=10017 [doris-1:f:up doris-2:f:DOWN doris-3:M:up]
23:43:22 #58 OK SELECT id=2549023 via doris-1 rows=10016 [doris-1:f:up doris-2:f:DOWN doris-3:M:up]
23:43:23 #59 OK INSERT id=2549024 via doris-1 rows=10017 [doris-1:f:up doris-2:f:DOWN doris-3:M:up]
23:43:24 #60 OK UPSERT id=2549024 via doris-1 rows=10018 [doris-1:f:up doris-2:f:DOWN doris-3:M:up]
23:43:25 #61 OK SELECT id=2549024 via doris-1 rows=10018 [doris-1:f:up doris-2:f:DOWN doris-3:M:up]
23:43:26 #62 OK DELETE id=2549024 via doris-1 rows=10017 [doris-1:f:up doris-2:f:DOWN doris-3:M:up]
23:43:27 #63 OK SELECT id=2549024 via doris-1 rows=10016 [doris-1:f:up doris-2:f:DOWN doris-3:M:up]
23:43:28 #64 OK INSERT id=2549025 via doris-1 rows=10017 [doris-1:f:up doris-2:f:DOWN doris-3:M:up]
23:43:29 #65 OK UPSERT id=2549025 via doris-1 rows=10018 [doris-1:f:up doris-2:f:DOWN doris-3:M:up]
23:43:30 #66 OK SELECT id=2549025 via doris-1 rows=10018 [doris-1:f:up doris-2:f:DOWN doris-3:M:up]
23:43:31 #67 OK DELETE id=2549025 via doris-1 rows=10017 [doris-1:f:up doris-2:f:DOWN doris-3:M:up]
23:43:33 #68 OK SELECT id=2549025 via doris-1 rows=10016 [doris-1:f:up doris-2:f:DOWN doris-3:M:up]
23:43:34 #69 OK INSERT id=2549026 via doris-1 rows=10017 [doris-1:f:up doris-2:f:DOWN doris-3:M:up]
23:43:35 #70 OK UPSERT id=2549026 via doris-1 rows=10018 [doris-1:f:up doris-2:f:DOWN doris-3:M:up]
23:43:39 #71 OK SELECT id=2549026 via doris-1 rows=10018 [doris-1:f:up doris-2:f:DOWN doris-3:M:up]
23:43:40 #72 OK DELETE id=2549026 via doris-1 rows=10017 [doris-1:f:up doris-2:f:DOWN doris-3:M:up]
23:43:41 #73 OK SELECT id=2549026 via doris-1 rows=10017 [doris-1:f:up doris-2:f:DOWN doris-3:M:up]
23:43:42 #74 OK INSERT id=2549027 via doris-1 rows=10018 [doris-1:f:up doris-2:f:DOWN doris-3:M:up]
23:43:43 #75 OK UPSERT id=2549027 via doris-1 rows=10017 [doris-1:f:up doris-2:f:DOWN doris-3:M:up]
23:43:44 #76 OK SELECT id=2549027 via doris-1 rows=10017 [doris-1:f:up doris-2:f:DOWN doris-3:M:up]
23:43:45 #77 OK DELETE id=2549027 via doris-1 rows=10017 [doris-1:f:up doris-2:f:DOWN doris-3:M:up]
23:43:46 #78 OK SELECT id=2549027 via doris-1 rows=10017 [doris-1:f:up doris-2:f:DOWN doris-3:M:up]
23:43:47 #79 OK INSERT id=2549028 via doris-1 rows=10018 [doris-1:f:up doris-2:f:DOWN doris-3:M:up]
23:43:48 #80 OK UPSERT id=2549028 via doris-1 rows=10017 [doris-1:f:up doris-2:f:DOWN doris-3:M:up]
23:43:49 #81 OK SELECT id=2549028 via doris-1 rows=10017 [doris-1:f:up doris-2:f:DOWN doris-3:M:up]
23:43:51 #82 OK DELETE id=2549028 via doris-1 rows=10017 [doris-1:f:up doris-2:f:DOWN doris-3:M:up]
23:43:52 #83 OK SELECT id=2549028 via doris-1 rows=10017 [doris-1:f:up doris-2:f:DOWN doris-3:M:up]
23:43:53 #84 OK INSERT id=2549029 via doris-1 rows=10018 [doris-1:f:up doris-2:f:DOWN doris-3:M:up]
23:43:54 #85 OK UPSERT id=2549029 via doris-1 rows=10017 [doris-1:f:up doris-2:f:DOWN doris-3:M:up]
23:43:55 #86 OK SELECT id=2549029 via doris-1 rows=10017 [doris-1:f:up doris-2:f:DOWN doris-3:M:up]
23:43:56 #87 OK DELETE id=2549029 via doris-1 rows=10017 [doris-1:f:up doris-2:f:DOWN doris-3:M:up]
23:44:00 #88 OK SELECT id=2549029 via doris-1 rows=10017 [doris-1:f:up doris-2:f:DOWN doris-3:M:up]
23:44:01 #89 OK INSERT id=2549030 via doris-1 rows=10018 [doris-1:f:up doris-2:f:DOWN doris-3:M:up]
23:44:02 #90 OK UPSERT id=2549030 via doris-1 rows=10018 [doris-1:f:up doris-2:f:DOWN doris-3:M:up]
23:44:03 #91 OK SELECT id=2549030 via doris-1 rows=10018 [doris-1:f:up doris-2:f:DOWN doris-3:M:up]
23:44:04 #92 OK DELETE id=2549030 via doris-1 rows=10016 [doris-1:f:up doris-2:f:DOWN doris-3:M:up]
23:44:05 #93 OK SELECT id=2549030 via doris-1 rows=10016 [doris-1:f:up doris-2:f:DOWN doris-3:M:up]
23:44:06 #94 OK INSERT id=2549031 via doris-1 rows=10018 [doris-1:f:up doris-2:f:DOWN doris-3:M:up]
23:44:07 #95 OK UPSERT id=2549031 via doris-1 rows=10018 [doris-1:f:up doris-2:f:DOWN doris-3:M:up]
23:44:09 #96 OK SELECT id=2549031 via doris-1 rows=10018 [doris-1:f:up doris-2:f:DOWN doris-3:M:up]
23:44:10 #97 OK DELETE id=2549031 via doris-1 rows=10016 [doris-1:f:up doris-2:f:DOWN doris-3:M:up]
23:44:11 #98 OK SELECT id=2549031 via doris-1 rows=10016 [doris-1:f:up doris-2:f:DOWN doris-3:M:up]
23:44:12 #99 OK INSERT id=2549032 via doris-1 rows=10018 [doris-1:f:up doris-2:f:DOWN doris-3:M:up]
23:44:13 #100 OK UPSERT id=2549032 via doris-1 rows=10018 [doris-1:f:up doris-2:f:DOWN doris-3:M:up]
23:44:14 #101 OK SELECT id=2549032 via doris-1 rows=10018 [doris-1:f:up doris-2:f:DOWN doris-3:M:up]
23:44:15 #102 OK DELETE id=2549032 via doris-1 rows=10016 [doris-1:f:up doris-2:f:DOWN doris-3:M:up]
23:44:16 #103 OK SELECT id=2549032 via doris-1 rows=10016 [doris-1:f:up doris-2:f:DOWN doris-3:M:up]
23:44:17 #104 OK INSERT id=2549033 via doris-1 rows=10018 [doris-1:f:up doris-2:f:DOWN doris-3:M:up]
23:44:17 EVENT restore: start doris-2
23:44:21 #105 OK UPSERT id=2549033 via doris-1 rows=10017 [doris-1:f:up doris-2:f:DOWN doris-3:M:up]
23:44:22 #106 OK SELECT id=2549033 via doris-1 rows=10018 [doris-1:f:up doris-2:f:DOWN doris-3:M:up]
23:44:23 #107 OK DELETE id=2549033 via doris-1 rows=10017 [doris-1:f:up doris-2:f:DOWN doris-3:M:up]
23:44:24 #108 OK SELECT id=2549033 via doris-1 rows=10017 [doris-1:f:up doris-2:f:DOWN doris-3:M:up]
23:44:25 #109 OK INSERT id=2549034 via doris-1 rows=10017 [doris-1:f:up doris-2:f:DOWN doris-3:M:up]
23:44:27 #110 OK UPSERT id=2549034 via doris-1 rows=10017 [doris-1:f:up doris-2:f:DOWN doris-3:M:up]
23:44:28 #111 OK SELECT id=2549034 via doris-1 rows=10018 [doris-1:f:up doris-2:f:DOWN doris-3:M:up]
23:44:29 #112 OK DELETE id=2549034 via doris-1 rows=10017 [doris-1:f:up doris-2:f:DOWN doris-3:M:up]
23:44:30 #113 OK SELECT id=2549034 via doris-1 rows=10017 [doris-1:f:up doris-2:f:DOWN doris-3:M:up]
23:44:31 #114 OK INSERT id=2549035 via doris-1 rows=10017 [doris-1:f:up doris-2:f:DOWN doris-3:M:up]
23:44:32 #115 OK UPSERT id=2549035 via doris-1 rows=10017 [doris-1:f:up doris-2:f:DOWN doris-3:M:up]
23:44:33 #116 OK SELECT id=2549035 via doris-1 rows=10018 [doris-1:f:up doris-2:f:DOWN doris-3:M:up]
23:44:34 #117 OK DELETE id=2549035 via doris-1 rows=10017 [doris-1:f:up doris-2:f:DOWN doris-3:M:up]
23:44:35 #118 OK SELECT id=2549035 via doris-1 rows=10017 [doris-1:f:up doris-2:f:DOWN doris-3:M:up]
23:44:36 #119 OK INSERT id=2549036 via doris-1 rows=10017 [doris-1:f:up doris-2:f:DOWN doris-3:M:up]
23:44:37 #120 OK UPSERT id=2549036 via doris-1 rows=10017 [doris-1:f:up doris-2:f:DOWN doris-3:M:up]
23:44:38 #121 OK SELECT id=2549036 via doris-1 rows=10018 [doris-1:f:up doris-2:f:DOWN doris-3:M:up]
23:44:39 #122 OK DELETE id=2549036 via doris-1 rows=10017 [doris-1:f:up doris-2:f:DOWN doris-3:M:up]
23:44:40 #123 OK SELECT id=2549036 via doris-1 rows=10017 [doris-1:f:up doris-2:f:DOWN doris-3:M:up]
23:44:41 #124 OK INSERT id=2549037 via doris-1 rows=10017 [doris-1:f:up doris-2:f:DOWN doris-3:M:up]
23:44:42 #125 OK UPSERT id=2549037 via doris-1 rows=10017 [doris-1:f:up doris-2:f:DOWN doris-3:M:up]
23:44:44 #126 OK SELECT id=2549037 via doris-1 rows=10018 [doris-1:f:up doris-2:f:DOWN doris-3:M:up]
23:44:45 #127 OK DELETE id=2549037 via doris-1 rows=10017 [doris-1:f:up doris-2:f:DOWN doris-3:M:up]
23:44:46 #128 OK SELECT id=2549037 via doris-1 rows=10017 [doris-1:f:up doris-2:f:DOWN doris-3:M:up]
23:44:47 #129 OK INSERT id=2549038 via doris-1 rows=10017 [doris-1:f:up doris-2:f:DOWN doris-3:M:up]
23:44:48 #130 OK UPSERT id=2549038 via doris-1 rows=10017 [doris-1:f:up doris-2:f:DOWN doris-3:M:up]
23:44:49 #131 OK SELECT id=2549038 via doris-1 rows=10018 [doris-1:f:up doris-2:f:DOWN doris-3:M:up]
23:44:50 #132 OK DELETE id=2549038 via doris-1 rows=10017 [doris-1:f:up doris-2:f:DOWN doris-3:M:up]
23:44:51 #133 OK SELECT id=2549038 via doris-1 rows=10017 [doris-1:f:up doris-2:f:DOWN doris-3:M:up]
23:45:00 #134 FAIL INSERT id=2549039 via doris-1: CommunicationsException: Communications link failure  The last packet successfully received from the server was 9,010 milliseconds ago.
23:45:03 connected to doris-2 (driver-selected host)
23:45:12 #135 OK INSERT id=2549040 via doris-2 rows=10019 [doris-1:f:up doris-2:f:up doris-3:M:up] (recovered)
23:45:21 #136 FAIL UPSERT id=2549040 via doris-2: CommunicationsException: Communications link failure  The last packet successfully received from the server was 9,008 milliseconds ago.
23:45:22 connected to doris-2 (driver-selected host)
23:45:25 #137 OK INSERT id=2549041 via doris-2 rows=10021 [doris-1:f:up doris-2:f:up doris-3:M:up] (recovered)
23:45:26 #138 OK UPSERT id=2549041 via doris-2 rows=10021 [doris-1:f:up doris-2:f:up doris-3:M:up]
23:45:27 #139 OK SELECT id=2549041 via doris-2 rows=10021 [doris-1:f:up doris-2:f:up doris-3:M:up]
23:45:27 EVENT restore: cluster healthy
23:45:28 #140 OK DELETE id=2549041 via doris-2 rows=10019 [doris-1:f:up doris-2:f:up doris-3:M:up]
23:45:30 #141 OK SELECT id=2549041 via doris-2 rows=10019 [doris-1:f:up doris-2:f:up doris-3:M:up]
23:45:31 #142 OK INSERT id=2549042 via doris-2 rows=10021 [doris-1:f:up doris-2:f:up doris-3:M:up]
23:45:32 #143 OK UPSERT id=2549042 via doris-2 rows=10021 [doris-1:f:up doris-2:f:up doris-3:M:up]
23:45:33 #144 OK SELECT id=2549042 via doris-2 rows=10021 [doris-1:f:up doris-2:f:up doris-3:M:up]
23:45:34 #145 OK DELETE id=2549042 via doris-2 rows=10019 [doris-1:f:up doris-2:f:up doris-3:M:up]
23:45:35 #146 OK SELECT id=2549042 via doris-2 rows=10019 [doris-1:f:up doris-2:f:up doris-3:M:up]
23:45:36 #147 OK INSERT id=2549043 via doris-2 rows=10021 [doris-1:f:up doris-2:f:up doris-3:M:up]
23:45:37 #148 OK UPSERT id=2549043 via doris-2 rows=10021 [doris-1:f:up doris-2:f:up doris-3:M:up]
23:45:38 #149 OK SELECT id=2549043 via doris-2 rows=10021 [doris-1:f:up doris-2:f:up doris-3:M:up]
23:45:40 #150 OK DELETE id=2549043 via doris-2 rows=10019 [doris-1:f:up doris-2:f:up doris-3:M:up]
23:45:41 #151 OK SELECT id=2549043 via doris-2 rows=10019 [doris-1:f:up doris-2:f:up doris-3:M:up]
23:45:42 #152 OK INSERT id=2549044 via doris-2 rows=10021 [doris-1:f:up doris-2:f:up doris-3:M:up]
23:45:43 #153 OK UPSERT id=2549044 via doris-2 rows=10021 [doris-1:f:up doris-2:f:up doris-3:M:up]
23:45:44 #154 OK SELECT id=2549044 via doris-2 rows=10021 [doris-1:f:up doris-2:f:up doris-3:M:up]
23:45:45 #155 OK DELETE id=2549044 via doris-2 rows=10019 [doris-1:f:up doris-2:f:up doris-3:M:up]
23:45:46 #156 OK SELECT id=2549044 via doris-2 rows=10019 [doris-1:f:up doris-2:f:up doris-3:M:up]
23:45:47 #157 OK INSERT id=2549045 via doris-2 rows=10021 [doris-1:f:up doris-2:f:up doris-3:M:up]
23:45:48 #158 OK UPSERT id=2549045 via doris-2 rows=10021 [doris-1:f:up doris-2:f:up doris-3:M:up]
23:45:49 #159 OK SELECT id=2549045 via doris-2 rows=10021 [doris-1:f:up doris-2:f:up doris-3:M:up]
23:45:51 #160 OK DELETE id=2549045 via doris-2 rows=10019 [doris-1:f:up doris-2:f:up doris-3:M:up]
23:45:52 #161 OK SELECT id=2549045 via doris-2 rows=10019 [doris-1:f:up doris-2:f:up doris-3:M:up]
23:45:53 #162 OK INSERT id=2549046 via doris-2 rows=10021 [doris-1:f:up doris-2:f:up doris-3:M:up]
23:45:54 #163 OK UPSERT id=2549046 via doris-2 rows=10021 [doris-1:f:up doris-2:f:up doris-3:M:up]
23:45:55 #164 OK SELECT id=2549046 via doris-2 rows=10021 [doris-1:f:up doris-2:f:up doris-3:M:up]
23:45:56 #165 OK DELETE id=2549046 via doris-2 rows=10019 [doris-1:f:up doris-2:f:up doris-3:M:up]
