20:09:31 PROBE start proto=arrow-flight hosts=doris-1,doris-2,doris-3 duration=86400s cycle=INSERT>UPSERT>SELECT>DELETE>SELECT
20:09:32 connected to doris-1 (10.140.0.2)
20:09:32 DML unsupported over arrow-flight (InternalError: RuntimeException, msg: getMysqlChannel not in mysql connection (Internal; ExecuteQuery)) — switching to SELECT-only mode
20:09:32 #1 OK SELECT id=3741710 via doris-1 rows=10277 [doris-1:f:up doris-2:f:up doris-3:M:up]
20:09:33 #2 OK SELECT id=3741710 via doris-1 rows=10277 [doris-1:f:up doris-2:f:up doris-3:M:up]
20:09:34 #3 OK SELECT id=3741710 via doris-1 rows=10277 [doris-1:f:up doris-2:f:up doris-3:M:up]
20:09:35 #4 OK SELECT id=3741710 via doris-1 rows=10275 [doris-1:f:up doris-2:f:up doris-3:M:up]
20:09:36 #5 OK SELECT id=3741710 via doris-1 rows=10275 [doris-1:f:up doris-2:f:up doris-3:M:up]
20:09:38 #6 OK SELECT id=3741710 via doris-1 rows=10277 [doris-1:f:up doris-2:f:up doris-3:M:up]
20:09:39 #7 OK SELECT id=3741710 via doris-1 rows=10277 [doris-1:f:up doris-2:f:up doris-3:M:up]
20:09:40 #8 OK SELECT id=3741710 via doris-1 rows=10277 [doris-1:f:up doris-2:f:up doris-3:M:up]
20:09:41 #9 OK SELECT id=3741710 via doris-1 rows=10275 [doris-1:f:up doris-2:f:up doris-3:M:up]
20:09:42 #10 OK SELECT id=3741710 via doris-1 rows=10275 [doris-1:f:up doris-2:f:up doris-3:M:up]
20:09:43 #11 OK SELECT id=3741710 via doris-1 rows=10277 [doris-1:f:up doris-2:f:up doris-3:M:up]
20:09:44 #12 OK SELECT id=3741710 via doris-1 rows=10277 [doris-1:f:up doris-2:f:up doris-3:M:up]
20:09:45 #13 OK SELECT id=3741710 via doris-1 rows=10277 [doris-1:f:up doris-2:f:up doris-3:M:up]
20:09:46 #14 OK SELECT id=3741710 via doris-1 rows=10275 [doris-1:f:up doris-2:f:up doris-3:M:up]
20:09:47 #15 OK SELECT id=3741710 via doris-1 rows=10276 [doris-1:f:up doris-2:f:up doris-3:M:up]
20:09:48 #16 OK SELECT id=3741710 via doris-1 rows=10277 [doris-1:f:up doris-2:f:up doris-3:M:up]
20:09:50 #17 OK SELECT id=3741710 via doris-1 rows=10277 [doris-1:f:up doris-2:f:up doris-3:M:up]
20:09:51 #18 OK SELECT id=3741710 via doris-1 rows=10276 [doris-1:f:up doris-2:f:up doris-3:M:up]
20:09:52 #19 OK SELECT id=3741710 via doris-1 rows=10275 [doris-1:f:up doris-2:f:up doris-3:M:up]
20:09:53 #20 OK SELECT id=3741710 via doris-1 rows=10276 [doris-1:f:up doris-2:f:up doris-3:M:up]
20:09:54 #21 OK SELECT id=3741710 via doris-1 rows=10277 [doris-1:f:up doris-2:f:up doris-3:M:up]
20:09:55 #22 OK SELECT id=3741710 via doris-1 rows=10277 [doris-1:f:up doris-2:f:up doris-3:M:up]
20:09:56 #23 OK SELECT id=3741710 via doris-1 rows=10276 [doris-1:f:up doris-2:f:up doris-3:M:up]
20:09:57 #24 OK SELECT id=3741710 via doris-1 rows=10275 [doris-1:f:up doris-2:f:up doris-3:M:up]
20:09:58 #25 OK SELECT id=3741710 via doris-1 rows=10276 [doris-1:f:up doris-2:f:up doris-3:M:up]
20:09:59 #26 OK SELECT id=3741710 via doris-1 rows=10277 [doris-1:f:up doris-2:f:up doris-3:M:up]
20:10:00 #27 OK SELECT id=3741710 via doris-1 rows=10277 [doris-1:f:up doris-2:f:up doris-3:M:up]
20:10:01 #28 OK SELECT id=3741710 via doris-1 rows=10276 [doris-1:f:up doris-2:f:up doris-3:M:up]
20:10:02 #29 OK SELECT id=3741710 via doris-1 rows=10275 [doris-1:f:up doris-2:f:up doris-3:M:up]
20:10:04 #30 OK SELECT id=3741710 via doris-1 rows=10276 [doris-1:f:up doris-2:f:up doris-3:M:up]
20:10:05 #31 OK SELECT id=3741710 via doris-1 rows=10277 [doris-1:f:up doris-2:f:up doris-3:M:up]
20:10:05 EVENT break: vm stop on doris-1 (FE follower)
20:10:06 #32 OK SELECT id=3741710 via doris-1 rows=10277 [doris-1:f:up doris-2:f:up doris-3:M:up]
20:10:07 #33 OK SELECT id=3741710 via doris-1 rows=10276 [doris-1:f:up doris-2:f:up doris-3:M:up]
20:10:08 #34 OK SELECT id=3741710 via doris-1 rows=10275 [doris-1:f:up doris-2:f:up doris-3:M:up]
20:10:09 #35 FAIL SELECT id=3741710 via doris-1: OperationalError: IO: [FlightSQL] connection error: desc = "transport: Error while dialing: dial tcp 10.140.0.2:8070: connect: c
20:10:11 connected to doris-2 (10.140.0.3)
20:10:19 #36 FAIL SELECT id=3741710 via doris-2: OperationalError: TIMEOUT: [FlightSQL] context deadline exceeded (DeadlineExceeded; ExecuteQuery). Vendor code: 4
20:10:30 EVENT break: doris-1 is down
20:10:40 connected to doris-2 (10.140.0.3)
20:10:40 #37 OK SELECT id=3741710 via doris-2 rows=10277 [doris-1:f:DOWN doris-2:f:up doris-3:M:up] (recovered)
20:10:41 #38 OK SELECT id=3741710 via doris-2 rows=10277 [doris-1:f:DOWN doris-2:f:up doris-3:M:up]
20:10:43 #39 OK SELECT id=3741710 via doris-2 rows=10276 [doris-1:f:DOWN doris-2:f:up doris-3:M:up]
20:10:44 #40 OK SELECT id=3741710 via doris-2 rows=10276 [doris-1:f:DOWN doris-2:f:up doris-3:M:up]
20:10:45 #41 OK SELECT id=3741710 via doris-2 rows=10277 [doris-1:f:DOWN doris-2:f:up doris-3:M:up]
20:10:46 #42 OK SELECT id=3741710 via doris-2 rows=10276 [doris-1:f:DOWN doris-2:f:up doris-3:M:up]
20:10:47 #43 OK SELECT id=3741710 via doris-2 rows=10276 [doris-1:f:DOWN doris-2:f:up doris-3:M:up]
20:10:48 #44 OK SELECT id=3741710 via doris-2 rows=10276 [doris-1:f:DOWN doris-2:f:up doris-3:M:up]
20:10:49 #45 OK SELECT id=3741710 via doris-2 rows=10276 [doris-1:f:DOWN doris-2:f:up doris-3:M:up]
20:10:50 #46 OK SELECT id=3741710 via doris-2 rows=10277 [doris-1:f:DOWN doris-2:f:up doris-3:M:up]
20:10:51 #47 OK SELECT id=3741710 via doris-2 rows=10276 [doris-1:f:DOWN doris-2:f:up doris-3:M:up]
20:10:53 #48 OK SELECT id=3741710 via doris-2 rows=10276 [doris-1:f:DOWN doris-2:f:up doris-3:M:up]
20:10:54 #49 OK SELECT id=3741710 via doris-2 rows=10276 [doris-1:f:DOWN doris-2:f:up doris-3:M:up]
20:10:55 #50 OK SELECT id=3741710 via doris-2 rows=10276 [doris-1:f:DOWN doris-2:f:up doris-3:M:up]
20:10:56 #51 OK SELECT id=3741710 via doris-2 rows=10276 [doris-1:f:DOWN doris-2:f:up doris-3:M:up]
20:10:57 #52 OK SELECT id=3741710 via doris-2 rows=10276 [doris-1:f:DOWN doris-2:f:up doris-3:M:up]
20:10:58 #53 OK SELECT id=3741710 via doris-2 rows=10277 [doris-1:f:DOWN doris-2:f:up doris-3:M:up]
20:10:59 #54 OK SELECT id=3741710 via doris-2 rows=10276 [doris-1:f:DOWN doris-2:f:up doris-3:M:up]
20:11:00 #55 OK SELECT id=3741710 via doris-2 rows=10276 [doris-1:f:DOWN doris-2:f:up doris-3:M:up]
20:11:01 #56 OK SELECT id=3741710 via doris-2 rows=10277 [doris-1:f:DOWN doris-2:f:up doris-3:M:up]
20:11:03 #57 OK SELECT id=3741710 via doris-2 rows=10277 [doris-1:f:DOWN doris-2:f:up doris-3:M:up]
20:11:04 #58 OK SELECT id=3741710 via doris-2 rows=10277 [doris-1:f:DOWN doris-2:f:up doris-3:M:up]
20:11:05 #59 OK SELECT id=3741710 via doris-2 rows=10275 [doris-1:f:DOWN doris-2:f:up doris-3:M:up]
20:11:05 EVENT break: be dead on doris-2 (FE follower)
20:11:06 #60 OK SELECT id=3741710 via doris-2 rows=10275 [doris-1:f:DOWN doris-2:f:up doris-3:M:up]
20:11:07 #61 OK SELECT id=3741710 via doris-2 rows=10277 [doris-1:f:DOWN doris-2:f:up doris-3:M:up]
20:11:08 #62 OK SELECT id=3741710 via doris-2 rows=10277 [doris-1:f:DOWN doris-2:f:up doris-3:M:up]
20:11:09 #63 FAIL SELECT id=3741710 via doris-2: InternalError: INTERNAL: [FlightSQL] get flight info statement failed, after executeQueryStatement handleQuery, java.lang.Run
20:11:30 connected to doris-2 (10.140.0.3)
20:11:30 #64 FAIL SELECT id=3741710 via doris-2: InternalError: INTERNAL: [FlightSQL] get flight info statement failed, after executeQueryStatement handleQuery, java.lang.Run
20:11:45 EVENT break: fe dead on doris-3 (FE master)
20:11:51 connected to doris-2 (10.140.0.3)
20:11:51 #65 FAIL SELECT id=3741710 via doris-2: InternalError: INTERNAL: [FlightSQL] get flight info statement failed, after executeQueryStatement handleQuery, java.lang.Run
20:12:12 connected to doris-2 (10.140.0.3)
20:12:12 #66 FAIL SELECT id=3741710 via doris-2: InternalError: INTERNAL: [FlightSQL] get flight info statement failed, after executeQueryStatement handleQuery, java.lang.Run
20:12:33 connected to doris-2 (10.140.0.3)
20:12:33 #67 FAIL SELECT id=3741710 via doris-2: InternalError: INTERNAL: [FlightSQL] get flight info statement failed, after executeQueryStatement handleQuery, java.lang.Run
20:12:54 connected to doris-2 (10.140.0.3)
20:12:54 #68 FAIL SELECT id=3741710 via doris-2: InternalError: INTERNAL: [FlightSQL] get flight info statement failed, after executeQueryStatement handleQuery, java.lang.Run
20:13:15 connected to doris-2 (10.140.0.3)
20:13:15 #69 FAIL SELECT id=3741710 via doris-2: InternalError: INTERNAL: [FlightSQL] get flight info statement failed, after executeQueryStatement handleQuery, java.lang.Run
20:13:30 EVENT restore: systemctl start doris-fe on doris-3
20:13:34 EVENT restore: systemctl start doris-be on doris-2
20:13:36 connected to doris-2 (10.140.0.3)
20:13:36 #70 FAIL SELECT id=3741710 via doris-2: InternalError: INTERNAL: [FlightSQL] get flight info statement failed, after executeQueryStatement handleQuery, java.lang.Run
20:13:44 EVENT restore: start doris-1
20:13:58 connected to doris-2 (10.140.0.3)
20:14:01 #71 OK SELECT id=3741710 via doris-2 rows=10277 [?] (recovered)
20:14:02 #72 FAIL SELECT id=3741710 via doris-2: InternalError: INTERNAL: [FlightSQL] get flight info statement failed, after executeQueryStatement handleQuery, java.lang.Run
20:14:06 connected to doris-2 (10.140.0.3)
20:14:06 #73 FAIL SELECT id=3741710 via doris-2: InternalError: INTERNAL: [FlightSQL] get flight info statement failed, after executeQueryStatement handleQuery, java.lang.Run
20:14:07 connected to doris-2 (10.140.0.3)
20:14:07 #74 OK SELECT id=3741710 via doris-2 rows=10277 [doris-1:f:DOWN doris-2:f:up doris-3:M:up] (recovered)
20:14:08 #75 OK SELECT id=3741710 via doris-2 rows=10277 [doris-1:f:DOWN doris-2:f:up doris-3:M:up]
20:14:09 #76 OK SELECT id=3741710 via doris-2 rows=10277 [doris-1:f:DOWN doris-2:f:up doris-3:M:up]
20:14:11 #77 OK SELECT id=3741710 via doris-2 rows=10277 [doris-1:f:DOWN doris-2:f:up doris-3:M:up]
20:14:12 #78 FAIL SELECT id=3741710 via doris-2: InternalError: INTERNAL: [FlightSQL] get flight info statement failed, after executeQueryStatement handleQuery, java.lang.Run
20:14:13 connected to doris-2 (10.140.0.3)
20:14:13 #79 FAIL SELECT id=3741710 via doris-2: InternalError: INTERNAL: [FlightSQL] get flight info statement failed, after executeQueryStatement handleQuery, java.lang.Run
20:14:14 connected to doris-2 (10.140.0.3)
20:14:14 #80 FAIL SELECT id=3741710 via doris-2: InternalError: INTERNAL: [FlightSQL] get flight info statement failed, after executeQueryStatement handleQuery, java.lang.Run
20:14:15 connected to doris-2 (10.140.0.3)
20:14:15 #81 FAIL SELECT id=3741710 via doris-2: InternalError: INTERNAL: [FlightSQL] get flight info statement failed, after executeQueryStatement handleQuery, java.lang.Run
20:14:16 connected to doris-2 (10.140.0.3)
20:14:16 #82 FAIL SELECT id=3741710 via doris-2: InternalError: INTERNAL: [FlightSQL] get flight info statement failed, after executeQueryStatement handleQuery, java.lang.Run
20:14:17 connected to doris-2 (10.140.0.3)
20:14:17 #83 OK SELECT id=3741710 via doris-2 rows=10278 [doris-1:f:DOWN doris-2:f:up doris-3:M:up] (recovered)
20:14:18 #84 OK SELECT id=3741710 via doris-2 rows=10279 [doris-1:f:DOWN doris-2:f:up doris-3:M:up]
20:14:19 #85 OK SELECT id=3741710 via doris-2 rows=10279 [doris-1:f:DOWN doris-2:f:up doris-3:M:up]
20:14:20 #86 OK SELECT id=3741710 via doris-2 rows=10278 [doris-1:f:DOWN doris-2:f:up doris-3:M:up]
20:14:21 #87 OK SELECT id=3741710 via doris-2 rows=10277 [doris-1:f:DOWN doris-2:f:up doris-3:M:up]
20:14:22 #88 OK SELECT id=3741710 via doris-2 rows=10278 [doris-1:f:DOWN doris-2:f:up doris-3:M:up]
20:14:24 #89 OK SELECT id=3741710 via doris-2 rows=10279 [doris-1:f:DOWN doris-2:f:up doris-3:M:up]
20:14:25 #90 OK SELECT id=3741710 via doris-2 rows=10279 [doris-1:f:DOWN doris-2:f:up doris-3:M:up]
20:14:26 #91 OK SELECT id=3741710 via doris-2 rows=10278 [doris-1:f:DOWN doris-2:f:up doris-3:M:up]
20:14:27 #92 OK SELECT id=3741710 via doris-2 rows=10277 [doris-1:f:up doris-2:f:up doris-3:M:up]
20:14:28 #93 OK SELECT id=3741710 via doris-2 rows=10277 [doris-1:f:up doris-2:f:up doris-3:M:up]
20:14:29 #94 OK SELECT id=3741710 via doris-2 rows=10279 [doris-1:f:up doris-2:f:up doris-3:M:up]
20:14:30 #95 OK SELECT id=3741710 via doris-2 rows=10279 [doris-1:f:up doris-2:f:up doris-3:M:up]
20:14:31 #96 OK SELECT id=3741710 via doris-2 rows=10279 [doris-1:f:up doris-2:f:up doris-3:M:up]
20:14:32 #97 OK SELECT id=3741710 via doris-2 rows=10277 [doris-1:f:up doris-2:f:up doris-3:M:up]
20:14:33 #98 OK SELECT id=3741710 via doris-2 rows=10278 [doris-1:f:up doris-2:f:up doris-3:M:up]
20:14:34 #99 OK SELECT id=3741710 via doris-2 rows=10279 [doris-1:f:up doris-2:f:up doris-3:M:up]
20:14:36 #100 OK SELECT id=3741710 via doris-2 rows=10279 [doris-1:f:up doris-2:f:up doris-3:M:up]
20:14:37 #101 OK SELECT id=3741710 via doris-2 rows=10279 [doris-1:f:up doris-2:f:up doris-3:M:up]
20:14:38 #102 OK SELECT id=3741710 via doris-2 rows=10277 [doris-1:f:up doris-2:f:up doris-3:M:up]
20:14:39 #103 OK SELECT id=3741710 via doris-2 rows=10277 [doris-1:f:up doris-2:f:up doris-3:M:up]
20:14:40 #104 OK SELECT id=3741710 via doris-2 rows=10279 [doris-1:f:up doris-2:f:up doris-3:M:up]
20:14:41 #105 OK SELECT id=3741710 via doris-2 rows=10279 [doris-1:f:up doris-2:f:up doris-3:M:up]
20:14:42 #106 OK SELECT id=3741710 via doris-2 rows=10279 [doris-1:f:up doris-2:f:up doris-3:M:up]
20:14:43 #107 OK SELECT id=3741710 via doris-2 rows=10277 [doris-1:f:up doris-2:f:up doris-3:M:up]
20:14:44 #108 OK SELECT id=3741710 via doris-2 rows=10277 [doris-1:f:up doris-2:f:up doris-3:M:up]
20:14:45 #109 OK SELECT id=3741710 via doris-2 rows=10279 [doris-1:f:up doris-2:f:up doris-3:M:up]
20:14:46 #110 OK SELECT id=3741710 via doris-2 rows=10279 [doris-1:f:up doris-2:f:up doris-3:M:up]
20:14:47 #111 OK SELECT id=3741710 via doris-2 rows=10279 [doris-1:f:up doris-2:f:up doris-3:M:up]
20:14:49 #112 OK SELECT id=3741710 via doris-2 rows=10277 [doris-1:f:up doris-2:f:up doris-3:M:up]
20:14:50 #113 OK SELECT id=3741710 via doris-2 rows=10277 [doris-1:f:up doris-2:f:up doris-3:M:up]
20:14:51 #114 OK SELECT id=3741710 via doris-2 rows=10279 [doris-1:f:up doris-2:f:up doris-3:M:up]
20:14:51 EVENT restore: cluster healthy
20:14:52 #115 OK SELECT id=3741710 via doris-2 rows=10279 [doris-1:f:up doris-2:f:up doris-3:M:up]
20:14:53 #116 OK SELECT id=3741710 via doris-2 rows=10279 [doris-1:f:up doris-2:f:up doris-3:M:up]
20:14:54 #117 OK SELECT id=3741710 via doris-2 rows=10277 [doris-1:f:up doris-2:f:up doris-3:M:up]
20:14:55 #118 OK SELECT id=3741710 via doris-2 rows=10277 [doris-1:f:up doris-2:f:up doris-3:M:up]
20:14:56 #119 OK SELECT id=3741710 via doris-2 rows=10279 [doris-1:f:up doris-2:f:up doris-3:M:up]
20:14:57 #120 OK SELECT id=3741710 via doris-2 rows=10279 [doris-1:f:up doris-2:f:up doris-3:M:up]
20:14:58 #121 OK SELECT id=3741710 via doris-2 rows=10279 [doris-1:f:up doris-2:f:up doris-3:M:up]
20:14:59 #122 OK SELECT id=3741710 via doris-2 rows=10277 [doris-1:f:up doris-2:f:up doris-3:M:up]
20:15:01 #123 OK SELECT id=3741710 via doris-2 rows=10277 [doris-1:f:up doris-2:f:up doris-3:M:up]
20:15:02 #124 OK SELECT id=3741710 via doris-2 rows=10279 [doris-1:f:up doris-2:f:up doris-3:M:up]
20:15:03 #125 OK SELECT id=3741710 via doris-2 rows=10279 [doris-1:f:up doris-2:f:up doris-3:M:up]
20:15:04 #126 OK SELECT id=3741710 via doris-2 rows=10279 [doris-1:f:up doris-2:f:up doris-3:M:up]
20:15:05 #127 OK SELECT id=3741710 via doris-2 rows=10277 [doris-1:f:up doris-2:f:up doris-3:M:up]
20:15:06 #128 OK SELECT id=3741710 via doris-2 rows=10277 [doris-1:f:up doris-2:f:up doris-3:M:up]
20:15:07 #129 OK SELECT id=3741710 via doris-2 rows=10279 [doris-1:f:up doris-2:f:up doris-3:M:up]
20:15:08 #130 OK SELECT id=3741710 via doris-2 rows=10279 [doris-1:f:up doris-2:f:up doris-3:M:up]
20:15:09 #131 OK SELECT id=3741710 via doris-2 rows=10279 [doris-1:f:up doris-2:f:up doris-3:M:up]
20:15:10 #132 OK SELECT id=3741710 via doris-2 rows=10277 [doris-1:f:up doris-2:f:up doris-3:M:up]
20:15:11 #133 OK SELECT id=3741710 via doris-2 rows=10277 [doris-1:f:up doris-2:f:up doris-3:M:up]
20:15:12 #134 OK SELECT id=3741710 via doris-2 rows=10279 [doris-1:f:up doris-2:f:up doris-3:M:up]
20:15:14 #135 OK SELECT id=3741710 via doris-2 rows=10279 [doris-1:f:up doris-2:f:up doris-3:M:up]
20:15:15 #136 OK SELECT id=3741710 via doris-2 rows=10279 [doris-1:f:up doris-2:f:up doris-3:M:up]
20:15:16 #137 OK SELECT id=3741710 via doris-2 rows=10277 [doris-1:f:up doris-2:f:up doris-3:M:up]
20:15:17 #138 OK SELECT id=3741710 via doris-2 rows=10277 [doris-1:f:up doris-2:f:up doris-3:M:up]
20:15:18 #139 OK SELECT id=3741710 via doris-2 rows=10279 [doris-1:f:up doris-2:f:up doris-3:M:up]
20:15:19 #140 OK SELECT id=3741710 via doris-2 rows=10279 [doris-1:f:up doris-2:f:up doris-3:M:up]
20:15:20 #141 OK SELECT id=3741710 via doris-2 rows=10279 [doris-1:f:up doris-2:f:up doris-3:M:up]
20:15:21 #142 OK SELECT id=3741710 via doris-2 rows=10277 [doris-1:f:up doris-2:f:up doris-3:M:up]
20:15:22 #143 OK SELECT id=3741710 via doris-2 rows=10277 [doris-1:f:up doris-2:f:up doris-3:M:up]
20:15:23 #144 OK SELECT id=3741710 via doris-2 rows=10279 [doris-1:f:up doris-2:f:up doris-3:M:up]
20:15:24 #145 OK SELECT id=3741710 via doris-2 rows=10279 [doris-1:f:up doris-2:f:up doris-3:M:up]
