19:21:17 PROBE start proto=arrow-flight hosts=doris-1,doris-2,doris-3 duration=86400s cycle=INSERT>UPSERT>SELECT>DELETE>SELECT
19:21:17 connected to doris-1 (10.140.0.2)
19:21:17 DML unsupported over arrow-flight (InternalError: RuntimeException, msg: getMysqlChannel not in mysql connection (Internal; ExecuteQuery)) — switching to SELECT-only mode
19:21:17 #1 OK SELECT id=3712770 via doris-1 rows=10254 [doris-1:f:up doris-2:M:up doris-3:f:up]
19:21:18 #2 OK SELECT id=3712770 via doris-1 rows=10255 [doris-1:f:up doris-2:M:up doris-3:f:up]
19:21:19 #3 OK SELECT id=3712770 via doris-1 rows=10255 [doris-1:f:up doris-2:M:up doris-3:f:up]
19:21:20 #4 OK SELECT id=3712770 via doris-1 rows=10254 [doris-1:f:up doris-2:M:up doris-3:f:up]
19:21:21 #5 OK SELECT id=3712770 via doris-1 rows=10253 [doris-1:f:up doris-2:M:up doris-3:f:up]
19:21:22 #6 OK SELECT id=3712770 via doris-1 rows=10254 [doris-1:f:up doris-2:M:up doris-3:f:up]
19:21:23 #7 OK SELECT id=3712770 via doris-1 rows=10255 [doris-1:f:up doris-2:M:up doris-3:f:up]
19:21:25 #8 OK SELECT id=3712770 via doris-1 rows=10255 [doris-1:f:up doris-2:M:up doris-3:f:up]
19:21:26 #9 OK SELECT id=3712770 via doris-1 rows=10254 [doris-1:f:up doris-2:M:up doris-3:f:up]
19:21:27 #10 OK SELECT id=3712770 via doris-1 rows=10253 [doris-1:f:up doris-2:M:up doris-3:f:up]
19:21:28 #11 OK SELECT id=3712770 via doris-1 rows=10254 [doris-1:f:up doris-2:M:up doris-3:f:up]
19:21:29 #12 OK SELECT id=3712770 via doris-1 rows=10255 [doris-1:f:up doris-2:M:up doris-3:f:up]
19:21:30 #13 OK SELECT id=3712770 via doris-1 rows=10255 [doris-1:f:up doris-2:M:up doris-3:f:up]
19:21:31 #14 OK SELECT id=3712770 via doris-1 rows=10254 [doris-1:f:up doris-2:M:up doris-3:f:up]
19:21:32 #15 OK SELECT id=3712770 via doris-1 rows=10253 [doris-1:f:up doris-2:M:up doris-3:f:up]
19:21:33 #16 OK SELECT id=3712770 via doris-1 rows=10254 [doris-1:f:up doris-2:M:up doris-3:f:up]
19:21:34 #17 OK SELECT id=3712770 via doris-1 rows=10255 [doris-1:f:up doris-2:M:up doris-3:f:up]
19:21:35 #18 OK SELECT id=3712770 via doris-1 rows=10255 [doris-1:f:up doris-2:M:up doris-3:f:up]
19:21:36 #19 OK SELECT id=3712770 via doris-1 rows=10254 [doris-1:f:up doris-2:M:up doris-3:f:up]
19:21:37 #20 OK SELECT id=3712770 via doris-1 rows=10253 [doris-1:f:up doris-2:M:up doris-3:f:up]
19:21:38 #21 OK SELECT id=3712770 via doris-1 rows=10254 [doris-1:f:up doris-2:M:up doris-3:f:up]
19:21:39 #22 OK SELECT id=3712770 via doris-1 rows=10255 [doris-1:f:up doris-2:M:up doris-3:f:up]
19:21:40 #23 OK SELECT id=3712770 via doris-1 rows=10255 [doris-1:f:up doris-2:M:up doris-3:f:up]
19:21:41 #24 OK SELECT id=3712770 via doris-1 rows=10255 [doris-1:f:up doris-2:M:up doris-3:f:up]
19:21:42 #25 OK SELECT id=3712770 via doris-1 rows=10253 [doris-1:f:up doris-2:M:up doris-3:f:up]
19:21:44 #26 OK SELECT id=3712770 via doris-1 rows=10253 [doris-1:f:up doris-2:M:up doris-3:f:up]
19:21:45 #27 OK SELECT id=3712770 via doris-1 rows=10255 [doris-1:f:up doris-2:M:up doris-3:f:up]
19:21:46 #28 OK SELECT id=3712770 via doris-1 rows=10255 [doris-1:f:up doris-2:M:up doris-3:f:up]
19:21:47 #29 OK SELECT id=3712770 via doris-1 rows=10255 [doris-1:f:up doris-2:M:up doris-3:f:up]
19:21:48 #30 OK SELECT id=3712770 via doris-1 rows=10253 [doris-1:f:up doris-2:M:up doris-3:f:up]
19:21:49 #31 OK SELECT id=3712770 via doris-1 rows=10253 [doris-1:f:up doris-2:M:up doris-3:f:up]
19:21:50 #32 OK SELECT id=3712770 via doris-1 rows=10255 [doris-1:f:up doris-2:M:up doris-3:f:up]
19:21:51 EVENT break: vm stop on doris-1 (FE follower)
19:21:51 #33 OK SELECT id=3712770 via doris-1 rows=10255 [doris-1:f:up doris-2:M:up doris-3:f:up]
19:21:52 #34 OK SELECT id=3712770 via doris-1 rows=10255 [doris-1:f:up doris-2:M:up doris-3:f:up]
19:21:53 #35 OK SELECT id=3712770 via doris-1 rows=10253 [doris-1:f:up doris-2:M:up doris-3:f:up]
19:21:54 #36 FAIL SELECT id=3712770 via doris-1: OperationalError: IO: [FlightSQL] error reading from server: connection reset by peer (Unavailable; Prepare). Vendor code: 14
19:21:56 connected to doris-2 (10.140.0.3)
19:21:56 #37 OK SELECT id=3712770 via doris-2 rows=10254 [doris-1:f:DOWN doris-2:M:up doris-3:f:up] (recovered)
19:21:57 #38 OK SELECT id=3712770 via doris-2 rows=10255 [doris-1:f:DOWN doris-2:M:up doris-3:f:up]
19:21:58 #39 OK SELECT id=3712770 via doris-2 rows=10255 [doris-1:f:DOWN doris-2:M:up doris-3:f:up]
19:21:59 #40 OK SELECT id=3712770 via doris-2 rows=10254 [doris-1:f:DOWN doris-2:M:up doris-3:f:up]
19:22:00 #41 OK SELECT id=3712770 via doris-2 rows=10253 [doris-1:f:DOWN doris-2:M:up doris-3:f:up]
19:22:02 #42 OK SELECT id=3712770 via doris-2 rows=10254 [doris-1:f:DOWN doris-2:M:up doris-3:f:up]
19:22:03 #43 OK SELECT id=3712770 via doris-2 rows=10255 [doris-1:f:DOWN doris-2:M:up doris-3:f:up]
19:22:04 #44 OK SELECT id=3712770 via doris-2 rows=10255 [doris-1:f:DOWN doris-2:M:up doris-3:f:up]
19:22:05 #45 OK SELECT id=3712770 via doris-2 rows=10254 [doris-1:f:DOWN doris-2:M:up doris-3:f:up]
19:22:06 #46 OK SELECT id=3712770 via doris-2 rows=10253 [doris-1:f:DOWN doris-2:M:up doris-3:f:up]
19:22:07 #47 OK SELECT id=3712770 via doris-2 rows=10254 [doris-1:f:DOWN doris-2:M:up doris-3:f:up]
19:22:08 #48 OK SELECT id=3712770 via doris-2 rows=10255 [doris-1:f:DOWN doris-2:M:up doris-3:f:up]
19:22:09 #49 OK SELECT id=3712770 via doris-2 rows=10255 [doris-1:f:DOWN doris-2:M:up doris-3:f:up]
19:22:10 #50 OK SELECT id=3712770 via doris-2 rows=10254 [doris-1:f:DOWN doris-2:M:up doris-3:f:up]
19:22:11 #51 OK SELECT id=3712770 via doris-2 rows=10253 [doris-1:f:DOWN doris-2:M:up doris-3:f:up]
19:22:12 #52 OK SELECT id=3712770 via doris-2 rows=10254 [doris-1:f:DOWN doris-2:M:up doris-3:f:up]
19:22:14 #53 OK SELECT id=3712770 via doris-2 rows=10255 [doris-1:f:DOWN doris-2:M:up doris-3:f:up]
19:22:15 #54 OK SELECT id=3712770 via doris-2 rows=10255 [doris-1:f:DOWN doris-2:M:up doris-3:f:up]
19:22:15 EVENT break: doris-1 is down
19:22:16 #55 OK SELECT id=3712770 via doris-2 rows=10254 [doris-1:f:DOWN doris-2:M:up doris-3:f:up]
19:22:17 #56 OK SELECT id=3712770 via doris-2 rows=10254 [doris-1:f:DOWN doris-2:M:up doris-3:f:up]
19:22:18 #57 OK SELECT id=3712770 via doris-2 rows=10255 [doris-1:f:DOWN doris-2:M:up doris-3:f:up]
19:22:19 #58 OK SELECT id=3712770 via doris-2 rows=10254 [doris-1:f:DOWN doris-2:M:up doris-3:f:up]
19:22:20 #59 OK SELECT id=3712770 via doris-2 rows=10254 [doris-1:f:DOWN doris-2:M:up doris-3:f:up]
19:22:21 #60 OK SELECT id=3712770 via doris-2 rows=10254 [doris-1:f:DOWN doris-2:M:up doris-3:f:up]
19:22:22 #61 OK SELECT id=3712770 via doris-2 rows=10254 [doris-1:f:DOWN doris-2:M:up doris-3:f:up]
19:22:23 #62 OK SELECT id=3712770 via doris-2 rows=10255 [doris-1:f:DOWN doris-2:M:up doris-3:f:up]
19:22:24 #63 OK SELECT id=3712770 via doris-2 rows=10254 [doris-1:f:DOWN doris-2:M:up doris-3:f:up]
19:22:25 #64 OK SELECT id=3712770 via doris-2 rows=10254 [doris-1:f:DOWN doris-2:M:up doris-3:f:up]
19:22:26 #65 OK SELECT id=3712770 via doris-2 rows=10254 [doris-1:f:DOWN doris-2:M:up doris-3:f:up]
19:22:27 #66 OK SELECT id=3712770 via doris-2 rows=10254 [doris-1:f:DOWN doris-2:M:up doris-3:f:up]
19:22:29 #67 OK SELECT id=3712770 via doris-2 rows=10255 [doris-1:f:DOWN doris-2:M:up doris-3:f:up]
19:22:30 #68 OK SELECT id=3712770 via doris-2 rows=10254 [doris-1:f:DOWN doris-2:M:up doris-3:f:up]
19:22:31 #69 OK SELECT id=3712770 via doris-2 rows=10254 [doris-1:f:DOWN doris-2:M:up doris-3:f:up]
19:22:32 #70 OK SELECT id=3712770 via doris-2 rows=10254 [doris-1:f:DOWN doris-2:M:up doris-3:f:up]
19:22:33 #71 OK SELECT id=3712770 via doris-2 rows=10254 [doris-1:f:DOWN doris-2:M:up doris-3:f:up]
19:22:34 #72 OK SELECT id=3712770 via doris-2 rows=10255 [doris-1:f:DOWN doris-2:M:up doris-3:f:up]
19:22:35 #73 OK SELECT id=3712770 via doris-2 rows=10255 [doris-1:f:DOWN doris-2:M:up doris-3:f:up]
19:22:36 #74 OK SELECT id=3712770 via doris-2 rows=10255 [doris-1:f:DOWN doris-2:M:up doris-3:f:up]
19:22:37 #75 OK SELECT id=3712770 via doris-2 rows=10254 [doris-1:f:DOWN doris-2:M:up doris-3:f:up]
19:22:38 #76 OK SELECT id=3712770 via doris-2 rows=10253 [doris-1:f:DOWN doris-2:M:up doris-3:f:up]
19:22:39 #77 OK SELECT id=3712770 via doris-2 rows=10254 [doris-1:f:DOWN doris-2:M:up doris-3:f:up]
19:22:40 #78 OK SELECT id=3712770 via doris-2 rows=10255 [doris-1:f:DOWN doris-2:M:up doris-3:f:up]
19:22:41 #79 OK SELECT id=3712770 via doris-2 rows=10255 [doris-1:f:DOWN doris-2:M:up doris-3:f:up]
19:22:42 #80 OK SELECT id=3712770 via doris-2 rows=10254 [doris-1:f:DOWN doris-2:M:up doris-3:f:up]
19:22:44 #81 OK SELECT id=3712770 via doris-2 rows=10253 [doris-1:f:DOWN doris-2:M:up doris-3:f:up]
19:22:45 #82 OK SELECT id=3712770 via doris-2 rows=10254 [doris-1:f:DOWN doris-2:M:up doris-3:f:up]
19:22:46 #83 OK SELECT id=3712770 via doris-2 rows=10255 [doris-1:f:DOWN doris-2:M:up doris-3:f:up]
19:22:47 #84 OK SELECT id=3712770 via doris-2 rows=10255 [doris-1:f:DOWN doris-2:M:up doris-3:f:up]
19:22:48 #85 OK SELECT id=3712770 via doris-2 rows=10254 [doris-1:f:DOWN doris-2:M:up doris-3:f:up]
19:22:49 #86 OK SELECT id=3712770 via doris-2 rows=10253 [doris-1:f:DOWN doris-2:M:up doris-3:f:up]
19:22:50 #87 OK SELECT id=3712770 via doris-2 rows=10254 [doris-1:f:DOWN doris-2:M:up doris-3:f:up]
19:22:51 #88 OK SELECT id=3712770 via doris-2 rows=10255 [doris-1:f:DOWN doris-2:M:up doris-3:f:up]
19:22:52 #89 OK SELECT id=3712770 via doris-2 rows=10255 [doris-1:f:DOWN doris-2:M:up doris-3:f:up]
19:22:53 #90 OK SELECT id=3712770 via doris-2 rows=10254 [doris-1:f:DOWN doris-2:M:up doris-3:f:up]
19:22:54 #91 OK SELECT id=3712770 via doris-2 rows=10253 [doris-1:f:DOWN doris-2:M:up doris-3:f:up]
19:22:55 #92 OK SELECT id=3712770 via doris-2 rows=10254 [doris-1:f:DOWN doris-2:M:up doris-3:f:up]
19:22:56 #93 OK SELECT id=3712770 via doris-2 rows=10254 [doris-1:f:DOWN doris-2:M:up doris-3:f:up]
19:22:57 #94 OK SELECT id=3712770 via doris-2 rows=10254 [doris-1:f:DOWN doris-2:M:up doris-3:f:up]
19:22:58 #95 OK SELECT id=3712770 via doris-2 rows=10253 [doris-1:f:DOWN doris-2:M:up doris-3:f:up]
19:23:00 #96 OK SELECT id=3712770 via doris-2 rows=10254 [doris-1:f:DOWN doris-2:M:up doris-3:f:up]
19:23:01 #97 OK SELECT id=3712770 via doris-2 rows=10255 [doris-1:f:DOWN doris-2:M:up doris-3:f:up]
19:23:02 #98 OK SELECT id=3712770 via doris-2 rows=10255 [doris-1:f:DOWN doris-2:M:up doris-3:f:up]
19:23:03 #99 OK SELECT id=3712770 via doris-2 rows=10254 [doris-1:f:DOWN doris-2:M:up doris-3:f:up]
19:23:04 #100 OK SELECT id=3712770 via doris-2 rows=10253 [doris-1:f:DOWN doris-2:M:up doris-3:f:up]
19:23:05 #101 OK SELECT id=3712770 via doris-2 rows=10254 [doris-1:f:DOWN doris-2:M:up doris-3:f:up]
19:23:06 #102 OK SELECT id=3712770 via doris-2 rows=10255 [doris-1:f:DOWN doris-2:M:up doris-3:f:up]
19:23:07 #103 OK SELECT id=3712770 via doris-2 rows=10255 [doris-1:f:DOWN doris-2:M:up doris-3:f:up]
19:23:08 #104 OK SELECT id=3712770 via doris-2 rows=10254 [doris-1:f:DOWN doris-2:M:up doris-3:f:up]
19:23:09 #105 OK SELECT id=3712770 via doris-2 rows=10253 [doris-1:f:DOWN doris-2:M:up doris-3:f:up]
19:23:10 #106 OK SELECT id=3712770 via doris-2 rows=10254 [doris-1:f:DOWN doris-2:M:up doris-3:f:up]
19:23:11 #107 OK SELECT id=3712770 via doris-2 rows=10255 [doris-1:f:DOWN doris-2:M:up doris-3:f:up]
19:23:12 #108 OK SELECT id=3712770 via doris-2 rows=10255 [doris-1:f:DOWN doris-2:M:up doris-3:f:up]
19:23:13 #109 OK SELECT id=3712770 via doris-2 rows=10254 [doris-1:f:DOWN doris-2:M:up doris-3:f:up]
19:23:14 #110 OK SELECT id=3712770 via doris-2 rows=10253 [doris-1:f:DOWN doris-2:M:up doris-3:f:up]
19:23:16 #111 OK SELECT id=3712770 via doris-2 rows=10254 [doris-1:f:DOWN doris-2:M:up doris-3:f:up]
19:23:17 #112 OK SELECT id=3712770 via doris-2 rows=10255 [doris-1:f:DOWN doris-2:M:up doris-3:f:up]
19:23:18 #113 OK SELECT id=3712770 via doris-2 rows=10255 [doris-1:f:DOWN doris-2:M:up doris-3:f:up]
19:23:19 #114 OK SELECT id=3712770 via doris-2 rows=10255 [doris-1:f:DOWN doris-2:M:up doris-3:f:up]
19:23:20 #115 OK SELECT id=3712770 via doris-2 rows=10254 [doris-1:f:DOWN doris-2:M:up doris-3:f:up]
19:23:21 #116 OK SELECT id=3712770 via doris-2 rows=10254 [doris-1:f:DOWN doris-2:M:up doris-3:f:up]
19:23:22 #117 OK SELECT id=3712770 via doris-2 rows=10254 [doris-1:f:DOWN doris-2:M:up doris-3:f:up]
19:23:23 #118 OK SELECT id=3712770 via doris-2 rows=10254 [doris-1:f:DOWN doris-2:M:up doris-3:f:up]
19:23:24 #119 OK SELECT id=3712770 via doris-2 rows=10255 [doris-1:f:DOWN doris-2:M:up doris-3:f:up]
19:23:25 #120 OK SELECT id=3712770 via doris-2 rows=10254 [doris-1:f:DOWN doris-2:M:up doris-3:f:up]
19:23:26 #121 OK SELECT id=3712770 via doris-2 rows=10254 [doris-1:f:DOWN doris-2:M:up doris-3:f:up]
19:23:27 #122 OK SELECT id=3712770 via doris-2 rows=10254 [doris-1:f:DOWN doris-2:M:up doris-3:f:up]
19:23:28 #123 OK SELECT id=3712770 via doris-2 rows=10254 [doris-1:f:DOWN doris-2:M:up doris-3:f:up]
19:23:29 #124 OK SELECT id=3712770 via doris-2 rows=10255 [doris-1:f:DOWN doris-2:M:up doris-3:f:up]
19:23:30 #125 OK SELECT id=3712770 via doris-2 rows=10254 [doris-1:f:DOWN doris-2:M:up doris-3:f:up]
19:23:31 #126 OK SELECT id=3712770 via doris-2 rows=10254 [doris-1:f:DOWN doris-2:M:up doris-3:f:up]
19:23:32 #127 OK SELECT id=3712770 via doris-2 rows=10254 [doris-1:f:DOWN doris-2:M:up doris-3:f:up]
19:23:34 #128 OK SELECT id=3712770 via doris-2 rows=10254 [doris-1:f:DOWN doris-2:M:up doris-3:f:up]
19:23:35 #129 OK SELECT id=3712770 via doris-2 rows=10255 [doris-1:f:DOWN doris-2:M:up doris-3:f:up]
19:23:36 #130 OK SELECT id=3712770 via doris-2 rows=10254 [doris-1:f:DOWN doris-2:M:up doris-3:f:up]
19:23:37 #131 OK SELECT id=3712770 via doris-2 rows=10254 [doris-1:f:DOWN doris-2:M:up doris-3:f:up]
19:23:38 #132 OK SELECT id=3712770 via doris-2 rows=10255 [doris-1:f:DOWN doris-2:M:up doris-3:f:up]
19:23:39 #133 OK SELECT id=3712770 via doris-2 rows=10255 [doris-1:f:DOWN doris-2:M:up doris-3:f:up]
19:23:40 #134 OK SELECT id=3712770 via doris-2 rows=10255 [doris-1:f:DOWN doris-2:M:up doris-3:f:up]
19:23:41 #135 OK SELECT id=3712770 via doris-2 rows=10253 [doris-1:f:DOWN doris-2:M:up doris-3:f:up]
19:23:42 #136 OK SELECT id=3712770 via doris-2 rows=10253 [doris-1:f:DOWN doris-2:M:up doris-3:f:up]
19:23:43 #137 OK SELECT id=3712770 via doris-2 rows=10255 [doris-1:f:DOWN doris-2:M:up doris-3:f:up]
19:23:44 #138 OK SELECT id=3712770 via doris-2 rows=10255 [doris-1:f:DOWN doris-2:M:up doris-3:f:up]
19:23:45 #139 OK SELECT id=3712770 via doris-2 rows=10255 [doris-1:f:DOWN doris-2:M:up doris-3:f:up]
19:23:46 #140 OK SELECT id=3712770 via doris-2 rows=10253 [doris-1:f:DOWN doris-2:M:up doris-3:f:up]
19:23:47 #141 OK SELECT id=3712770 via doris-2 rows=10253 [doris-1:f:DOWN doris-2:M:up doris-3:f:up]
19:23:48 #142 OK SELECT id=3712770 via doris-2 rows=10255 [doris-1:f:DOWN doris-2:M:up doris-3:f:up]
19:23:49 #143 OK SELECT id=3712770 via doris-2 rows=10255 [doris-1:f:DOWN doris-2:M:up doris-3:f:up]
19:23:51 #144 OK SELECT id=3712770 via doris-2 rows=10255 [doris-1:f:DOWN doris-2:M:up doris-3:f:up]
19:23:52 #145 OK SELECT id=3712770 via doris-2 rows=10253 [doris-1:f:DOWN doris-2:M:up doris-3:f:up]
19:23:53 #146 OK SELECT id=3712770 via doris-2 rows=10253 [doris-1:f:DOWN doris-2:M:up doris-3:f:up]
19:23:54 #147 OK SELECT id=3712770 via doris-2 rows=10255 [doris-1:f:DOWN doris-2:M:up doris-3:f:up]
19:23:55 #148 OK SELECT id=3712770 via doris-2 rows=10255 [doris-1:f:DOWN doris-2:M:up doris-3:f:up]
19:23:55 EVENT restore: start doris-1
19:23:56 #149 OK SELECT id=3712770 via doris-2 rows=10255 [doris-1:f:DOWN doris-2:M:up doris-3:f:up]
19:23:57 #150 OK SELECT id=3712770 via doris-2 rows=10253 [doris-1:f:DOWN doris-2:M:up doris-3:f:up]
19:23:58 #151 OK SELECT id=3712770 via doris-2 rows=10253 [doris-1:f:DOWN doris-2:M:up doris-3:f:up]
19:23:59 #152 OK SELECT id=3712770 via doris-2 rows=10254 [doris-1:f:DOWN doris-2:M:up doris-3:f:up]
19:24:00 #153 OK SELECT id=3712770 via doris-2 rows=10254 [doris-1:f:DOWN doris-2:M:up doris-3:f:up]
19:24:01 #154 OK SELECT id=3712770 via doris-2 rows=10255 [doris-1:f:DOWN doris-2:M:up doris-3:f:up]
19:24:02 #155 OK SELECT id=3712770 via doris-2 rows=10254 [doris-1:f:DOWN doris-2:M:up doris-3:f:up]
19:24:03 #156 OK SELECT id=3712770 via doris-2 rows=10254 [doris-1:f:DOWN doris-2:M:up doris-3:f:up]
19:24:04 #157 OK SELECT id=3712770 via doris-2 rows=10254 [doris-1:f:DOWN doris-2:M:up doris-3:f:up]
19:24:05 #158 OK SELECT id=3712770 via doris-2 rows=10254 [doris-1:f:DOWN doris-2:M:up doris-3:f:up]
19:24:06 #159 OK SELECT id=3712770 via doris-2 rows=10255 [doris-1:f:DOWN doris-2:M:up doris-3:f:up]
19:24:08 #160 OK SELECT id=3712770 via doris-2 rows=10254 [doris-1:f:DOWN doris-2:M:up doris-3:f:up]
19:24:09 #161 OK SELECT id=3712770 via doris-2 rows=10254 [doris-1:f:DOWN doris-2:M:up doris-3:f:up]
19:24:10 #162 OK SELECT id=3712770 via doris-2 rows=10254 [doris-1:f:DOWN doris-2:M:up doris-3:f:up]
19:24:11 #163 OK SELECT id=3712770 via doris-2 rows=10254 [doris-1:f:DOWN doris-2:M:up doris-3:f:up]
19:24:12 #164 OK SELECT id=3712770 via doris-2 rows=10255 [doris-1:f:DOWN doris-2:M:up doris-3:f:up]
19:24:13 #165 OK SELECT id=3712770 via doris-2 rows=10254 [doris-1:f:DOWN doris-2:M:up doris-3:f:up]
19:24:14 #166 OK SELECT id=3712770 via doris-2 rows=10254 [doris-1:f:DOWN doris-2:M:up doris-3:f:up]
19:24:15 #167 OK SELECT id=3712770 via doris-2 rows=10254 [doris-1:f:DOWN doris-2:M:up doris-3:f:up]
19:24:16 #168 OK SELECT id=3712770 via doris-2 rows=10254 [doris-1:f:DOWN doris-2:M:up doris-3:f:up]
19:24:17 #169 OK SELECT id=3712770 via doris-2 rows=10255 [doris-1:f:DOWN doris-2:M:up doris-3:f:up]
19:24:18 #170 OK SELECT id=3712770 via doris-2 rows=10254 [doris-1:f:DOWN doris-2:M:up doris-3:f:up]
19:24:19 #171 OK SELECT id=3712770 via doris-2 rows=10254 [doris-1:f:DOWN doris-2:M:up doris-3:f:up]
19:24:20 #172 OK SELECT id=3712770 via doris-2 rows=10254 [doris-1:f:DOWN doris-2:M:up doris-3:f:up]
19:24:21 #173 OK SELECT id=3712770 via doris-2 rows=10254 [doris-1:f:DOWN doris-2:M:up doris-3:f:up]
19:24:22 #174 OK SELECT id=3712770 via doris-2 rows=10255 [doris-1:f:DOWN doris-2:M:up doris-3:f:up]
19:24:23 #175 OK SELECT id=3712770 via doris-2 rows=10254 [doris-1:f:DOWN doris-2:M:up doris-3:f:up]
19:24:25 #176 OK SELECT id=3712770 via doris-2 rows=10254 [doris-1:f:DOWN doris-2:M:up doris-3:f:up]
19:24:26 #177 OK SELECT id=3712770 via doris-2 rows=10255 [doris-1:f:DOWN doris-2:M:up doris-3:f:up]
19:24:27 #178 OK SELECT id=3712770 via doris-2 rows=10254 [doris-1:f:DOWN doris-2:M:up doris-3:f:up]
19:24:28 #179 OK SELECT id=3712770 via doris-2 rows=10255 [doris-1:f:DOWN doris-2:M:up doris-3:f:up]
19:24:29 #180 OK SELECT id=3712770 via doris-2 rows=10254 [doris-1:f:DOWN doris-2:M:up doris-3:f:up]
19:24:30 #181 OK SELECT id=3712770 via doris-2 rows=10254 [doris-1:f:DOWN doris-2:M:up doris-3:f:up]
19:24:31 #182 OK SELECT id=3712770 via doris-2 rows=10254 [doris-1:f:DOWN doris-2:M:up doris-3:f:up]
19:24:32 #183 OK SELECT id=3712770 via doris-2 rows=10254 [doris-1:f:DOWN doris-2:M:up doris-3:f:up]
19:24:33 #184 OK SELECT id=3712770 via doris-2 rows=10255 [doris-1:f:up doris-2:M:up doris-3:f:up]
19:24:34 #185 OK SELECT id=3712770 via doris-2 rows=10254 [doris-1:f:up doris-2:M:up doris-3:f:up]
19:24:35 #186 OK SELECT id=3712770 via doris-2 rows=10254 [doris-1:f:up doris-2:M:up doris-3:f:up]
19:24:36 #187 OK SELECT id=3712770 via doris-2 rows=10255 [doris-1:f:up doris-2:M:up doris-3:f:up]
19:24:37 #188 OK SELECT id=3712770 via doris-2 rows=10254 [doris-1:f:up doris-2:M:up doris-3:f:up]
19:24:38 EVENT restore: cluster healthy
19:24:38 #189 OK SELECT id=3712770 via doris-2 rows=10254 [doris-1:f:up doris-2:M:up doris-3:f:up]
19:24:39 #190 OK SELECT id=3712770 via doris-2 rows=10254 [doris-1:f:up doris-2:M:up doris-3:f:up]
19:24:41 #191 OK SELECT id=3712770 via doris-2 rows=10254 [doris-1:f:up doris-2:M:up doris-3:f:up]
19:24:42 #192 OK SELECT id=3712770 via doris-2 rows=10255 [doris-1:f:up doris-2:M:up doris-3:f:up]
19:24:43 #193 OK SELECT id=3712770 via doris-2 rows=10254 [doris-1:f:up doris-2:M:up doris-3:f:up]
19:24:44 #194 OK SELECT id=3712770 via doris-2 rows=10254 [doris-1:f:up doris-2:M:up doris-3:f:up]
19:24:45 #195 OK SELECT id=3712770 via doris-2 rows=10254 [doris-1:f:up doris-2:M:up doris-3:f:up]
19:24:46 #196 OK SELECT id=3712770 via doris-2 rows=10254 [doris-1:f:up doris-2:M:up doris-3:f:up]
19:24:47 #197 OK SELECT id=3712770 via doris-2 rows=10255 [doris-1:f:up doris-2:M:up doris-3:f:up]
19:24:48 #198 OK SELECT id=3712770 via doris-2 rows=10254 [doris-1:f:up doris-2:M:up doris-3:f:up]
19:24:49 #199 OK SELECT id=3712770 via doris-2 rows=10254 [doris-1:f:up doris-2:M:up doris-3:f:up]
19:24:50 #200 OK SELECT id=3712770 via doris-2 rows=10254 [doris-1:f:up doris-2:M:up doris-3:f:up]
19:24:51 #201 OK SELECT id=3712770 via doris-2 rows=10254 [doris-1:f:up doris-2:M:up doris-3:f:up]
19:24:52 #202 OK SELECT id=3712770 via doris-2 rows=10255 [doris-1:f:up doris-2:M:up doris-3:f:up]
19:24:53 #203 OK SELECT id=3712770 via doris-2 rows=10255 [doris-1:f:up doris-2:M:up doris-3:f:up]
19:24:54 #204 OK SELECT id=3712770 via doris-2 rows=10254 [doris-1:f:up doris-2:M:up doris-3:f:up]
19:24:55 #205 OK SELECT id=3712770 via doris-2 rows=10253 [doris-1:f:up doris-2:M:up doris-3:f:up]
19:24:56 #206 OK SELECT id=3712770 via doris-2 rows=10254 [doris-1:f:up doris-2:M:up doris-3:f:up]
19:24:58 #207 OK SELECT id=3712770 via doris-2 rows=10255 [doris-1:f:up doris-2:M:up doris-3:f:up]
19:24:59 #208 OK SELECT id=3712770 via doris-2 rows=10255 [doris-1:f:up doris-2:M:up doris-3:f:up]
19:25:00 #209 OK SELECT id=3712770 via doris-2 rows=10254 [doris-1:f:up doris-2:M:up doris-3:f:up]
19:25:01 #210 OK SELECT id=3712770 via doris-2 rows=10253 [doris-1:f:up doris-2:M:up doris-3:f:up]
19:25:02 #211 OK SELECT id=3712770 via doris-2 rows=10254 [doris-1:f:up doris-2:M:up doris-3:f:up]
19:25:03 #212 OK SELECT id=3712770 via doris-2 rows=10255 [doris-1:f:up doris-2:M:up doris-3:f:up]
19:25:04 #213 OK SELECT id=3712770 via doris-2 rows=10255 [doris-1:f:up doris-2:M:up doris-3:f:up]
19:25:05 #214 OK SELECT id=3712770 via doris-2 rows=10254 [doris-1:f:up doris-2:M:up doris-3:f:up]
19:25:06 #215 OK SELECT id=3712770 via doris-2 rows=10253 [doris-1:f:up doris-2:M:up doris-3:f:up]
19:25:07 #216 OK SELECT id=3712770 via doris-2 rows=10254 [doris-1:f:up doris-2:M:up doris-3:f:up]
19:25:08 #217 OK SELECT id=3712770 via doris-2 rows=10255 [doris-1:f:up doris-2:M:up doris-3:f:up]
19:25:09 #218 OK SELECT id=3712770 via doris-2 rows=10255 [doris-1:f:up doris-2:M:up doris-3:f:up]
