04:33:34 PROBE start proto=jdbc hosts=doris-1,doris-2,doris-3 duration=86400s cycle=INSERT>UPSERT>SELECT>DELETE>SELECT url=jdbc:mysql://10.140.0.2:9030,10.140.0.3:9030,10.140.0.4:9030/hatest
04:33:34 connected to doris-1 (driver-selected host)
04:33:34 #1 OK INSERT id=2724140 via doris-1 rows=10122 [doris-1:f:up doris-2:M:up doris-3:f:up]
04:33:36 #2 OK UPSERT id=2724140 via doris-1 rows=10122 [doris-1:f:up doris-2:M:up doris-3:f:up]
04:33:37 #3 OK SELECT id=2724140 via doris-1 rows=10122 [doris-1:f:up doris-2:M:up doris-3:f:up]
04:33:38 #4 OK DELETE id=2724140 via doris-1 rows=10120 [doris-1:f:up doris-2:M:up doris-3:f:up]
04:33:39 #5 OK SELECT id=2724140 via doris-1 rows=10120 [doris-1:f:up doris-2:M:up doris-3:f:up]
04:33:40 #6 OK INSERT id=2724141 via doris-1 rows=10122 [doris-1:f:up doris-2:M:up doris-3:f:up]
04:33:41 #7 OK UPSERT id=2724141 via doris-1 rows=10122 [doris-1:f:up doris-2:M:up doris-3:f:up]
04:33:42 #8 OK SELECT id=2724141 via doris-1 rows=10122 [doris-1:f:up doris-2:M:up doris-3:f:up]
04:33:43 #9 OK DELETE id=2724141 via doris-1 rows=10120 [doris-1:f:up doris-2:M:up doris-3:f:up]
04:33:44 #10 OK SELECT id=2724141 via doris-1 rows=10120 [doris-1:f:up doris-2:M:up doris-3:f:up]
04:33:45 #11 OK INSERT id=2724142 via doris-1 rows=10122 [doris-1:f:up doris-2:M:up doris-3:f:up]
04:33:46 #12 OK UPSERT id=2724142 via doris-1 rows=10122 [doris-1:f:up doris-2:M:up doris-3:f:up]
04:33:47 #13 OK SELECT id=2724142 via doris-1 rows=10122 [doris-1:f:up doris-2:M:up doris-3:f:up]
04:33:48 #14 OK DELETE id=2724142 via doris-1 rows=10120 [doris-1:f:up doris-2:M:up doris-3:f:up]
04:33:49 #15 OK SELECT id=2724142 via doris-1 rows=10120 [doris-1:f:up doris-2:M:up doris-3:f:up]
04:33:51 #16 OK INSERT id=2724143 via doris-1 rows=10122 [doris-1:f:up doris-2:M:up doris-3:f:up]
04:33:52 #17 OK UPSERT id=2724143 via doris-1 rows=10122 [doris-1:f:up doris-2:M:up doris-3:f:up]
04:33:53 #18 OK SELECT id=2724143 via doris-1 rows=10122 [doris-1:f:up doris-2:M:up doris-3:f:up]
04:33:54 #19 OK DELETE id=2724143 via doris-1 rows=10120 [doris-1:f:up doris-2:M:up doris-3:f:up]
04:33:55 #20 OK SELECT id=2724143 via doris-1 rows=10120 [doris-1:f:up doris-2:M:up doris-3:f:up]
04:33:56 #21 OK INSERT id=2724144 via doris-1 rows=10122 [doris-1:f:up doris-2:M:up doris-3:f:up]
04:33:57 #22 OK UPSERT id=2724144 via doris-1 rows=10122 [doris-1:f:up doris-2:M:up doris-3:f:up]
04:33:58 #23 OK SELECT id=2724144 via doris-1 rows=10122 [doris-1:f:up doris-2:M:up doris-3:f:up]
04:33:59 #24 OK DELETE id=2724144 via doris-1 rows=10120 [doris-1:f:up doris-2:M:up doris-3:f:up]
04:34:00 #25 OK SELECT id=2724144 via doris-1 rows=10120 [doris-1:f:up doris-2:M:up doris-3:f:up]
04:34:01 #26 OK INSERT id=2724145 via doris-1 rows=10122 [doris-1:f:up doris-2:M:up doris-3:f:up]
04:34:02 #27 OK UPSERT id=2724145 via doris-1 rows=10122 [doris-1:f:up doris-2:M:up doris-3:f:up]
04:34:03 #28 OK SELECT id=2724145 via doris-1 rows=10122 [doris-1:f:up doris-2:M:up doris-3:f:up]
04:34:04 #29 OK DELETE id=2724145 via doris-1 rows=10120 [doris-1:f:up doris-2:M:up doris-3:f:up]
04:34:06 #30 OK SELECT id=2724145 via doris-1 rows=10120 [doris-1:f:up doris-2:M:up doris-3:f:up]
04:34:07 #31 OK INSERT id=2724146 via doris-1 rows=10122 [doris-1:f:up doris-2:M:up doris-3:f:up]
04:34:07 EVENT break: vm stop on doris-1 (FE follower)
04:34:08 #32 OK UPSERT id=2724146 via doris-1 rows=10122 [doris-1:f:up doris-2:M:up doris-3:f:up]
04:34:09 #33 OK SELECT id=2724146 via doris-1 rows=10122 [doris-1:f:up doris-2:M:up doris-3:f:up]
04:34:10 #34 OK DELETE id=2724146 via doris-1 rows=10120 [doris-1:f:up doris-2:M:up doris-3:f:up]
04:34:11 #35 FAIL SELECT id=2724146 via doris-1: CommunicationsException: Communications link failure  The last packet successfully received from the server was 1,031 milliseconds ago.
04:34:12 connected to doris-2 (driver-selected host)
04:34:22 #36 FAIL INSERT id=2724147 via doris-2: CommunicationsException: Communications link failure  The last packet successfully received from the server was 8,010 milliseconds ago.
04:34:25 #36 OK SELECT(check) id=1 via doris-2
04:34:29 connected to doris-2 (driver-selected host)
04:34:30 #37 OK INSERT id=2724148 via doris-2 rows=10124 [doris-1:f:DOWN doris-2:M:up doris-3:f:up] (recovered)
04:34:31 #38 OK UPSERT id=2724148 via doris-2 rows=10124 [doris-1:f:DOWN doris-2:M:up doris-3:f:up]
04:34:32 #39 OK SELECT id=2724148 via doris-2 rows=10123 [doris-1:f:DOWN doris-2:M:up doris-3:f:up]
04:34:32 EVENT break: doris-1 is down
04:34:33 #40 OK DELETE id=2724148 via doris-2 rows=10122 [doris-1:f:DOWN doris-2:M:up doris-3:f:up]
04:34:34 #41 OK SELECT id=2724148 via doris-2 rows=10123 [doris-1:f:DOWN doris-2:M:up doris-3:f:up]
04:34:35 #42 OK INSERT id=2724149 via doris-2 rows=10124 [doris-1:f:DOWN doris-2:M:up doris-3:f:up]
04:34:36 #43 OK UPSERT id=2724149 via doris-2 rows=10124 [doris-1:f:DOWN doris-2:M:up doris-3:f:up]
04:34:37 #44 OK SELECT id=2724149 via doris-2 rows=10123 [doris-1:f:DOWN doris-2:M:up doris-3:f:up]
04:34:38 #45 OK DELETE id=2724149 via doris-2 rows=10122 [doris-1:f:DOWN doris-2:M:up doris-3:f:up]
04:34:39 #46 OK SELECT id=2724149 via doris-2 rows=10123 [doris-1:f:DOWN doris-2:M:up doris-3:f:up]
04:34:40 #47 OK INSERT id=2724150 via doris-2 rows=10124 [doris-1:f:DOWN doris-2:M:up doris-3:f:up]
04:34:41 #48 OK UPSERT id=2724150 via doris-2 rows=10124 [doris-1:f:DOWN doris-2:M:up doris-3:f:up]
04:34:42 #49 OK SELECT id=2724150 via doris-2 rows=10123 [doris-1:f:DOWN doris-2:M:up doris-3:f:up]
04:34:44 #50 OK DELETE id=2724150 via doris-2 rows=10122 [doris-1:f:DOWN doris-2:M:up doris-3:f:up]
04:34:45 #51 OK SELECT id=2724150 via doris-2 rows=10123 [doris-1:f:DOWN doris-2:M:up doris-3:f:up]
04:34:46 #52 OK INSERT id=2724151 via doris-2 rows=10124 [doris-1:f:DOWN doris-2:M:up doris-3:f:up]
04:34:50 #53 OK UPSERT id=2724151 via doris-2 rows=10124 [doris-1:f:DOWN doris-2:M:up doris-3:f:up]
04:34:51 #54 OK SELECT id=2724151 via doris-2 rows=10124 [doris-1:f:DOWN doris-2:M:up doris-3:f:up]
04:34:52 #55 OK DELETE id=2724151 via doris-2 rows=10123 [doris-1:f:DOWN doris-2:M:up doris-3:f:up]
04:34:53 #56 OK SELECT id=2724151 via doris-2 rows=10122 [doris-1:f:DOWN doris-2:M:up doris-3:f:up]
04:34:54 #57 OK INSERT id=2724152 via doris-2 rows=10123 [doris-1:f:DOWN doris-2:M:up doris-3:f:up]
04:34:55 #58 OK UPSERT id=2724152 via doris-2 rows=10124 [doris-1:f:DOWN doris-2:M:up doris-3:f:up]
04:34:56 #59 OK SELECT id=2724152 via doris-2 rows=10124 [doris-1:f:DOWN doris-2:M:up doris-3:f:up]
04:34:57 #60 OK DELETE id=2724152 via doris-2 rows=10123 [doris-1:f:DOWN doris-2:M:up doris-3:f:up]
04:34:58 #61 OK SELECT id=2724152 via doris-2 rows=10122 [doris-1:f:DOWN doris-2:M:up doris-3:f:up]
04:34:59 #62 OK INSERT id=2724153 via doris-2 rows=10123 [doris-1:f:DOWN doris-2:M:up doris-3:f:up]
04:35:00 #63 OK UPSERT id=2724153 via doris-2 rows=10124 [doris-1:f:DOWN doris-2:M:up doris-3:f:up]
04:35:02 #64 OK SELECT id=2724153 via doris-2 rows=10124 [doris-1:f:DOWN doris-2:M:up doris-3:f:up]
04:35:03 #65 OK DELETE id=2724153 via doris-2 rows=10123 [doris-1:f:DOWN doris-2:M:up doris-3:f:up]
04:35:04 #66 OK SELECT id=2724153 via doris-2 rows=10122 [doris-1:f:DOWN doris-2:M:up doris-3:f:up]
04:35:05 #67 OK INSERT id=2724154 via doris-2 rows=10123 [doris-1:f:DOWN doris-2:M:up doris-3:f:up]
04:35:06 #68 OK UPSERT id=2724154 via doris-2 rows=10124 [doris-1:f:DOWN doris-2:M:up doris-3:f:up]
04:35:10 #69 OK SELECT id=2724154 via doris-2 rows=10124 [doris-1:f:DOWN doris-2:M:up doris-3:f:up]
04:35:11 #70 OK DELETE id=2724154 via doris-2 rows=10123 [doris-1:f:DOWN doris-2:M:up doris-3:f:up]
04:35:12 #71 OK SELECT id=2724154 via doris-2 rows=10123 [doris-1:f:DOWN doris-2:M:up doris-3:f:up]
04:35:13 #72 OK INSERT id=2724155 via doris-2 rows=10124 [doris-1:f:DOWN doris-2:M:up doris-3:f:up]
04:35:14 #73 OK UPSERT id=2724155 via doris-2 rows=10123 [doris-1:f:DOWN doris-2:M:up doris-3:f:up]
04:35:15 #74 OK SELECT id=2724155 via doris-2 rows=10123 [doris-1:f:DOWN doris-2:M:up doris-3:f:up]
04:35:16 #75 OK DELETE id=2724155 via doris-2 rows=10123 [doris-1:f:DOWN doris-2:M:up doris-3:f:up]
04:35:17 #76 OK SELECT id=2724155 via doris-2 rows=10123 [doris-1:f:DOWN doris-2:M:up doris-3:f:up]
04:35:18 #77 OK INSERT id=2724156 via doris-2 rows=10124 [doris-1:f:DOWN doris-2:M:up doris-3:f:up]
04:35:20 #78 OK UPSERT id=2724156 via doris-2 rows=10123 [doris-1:f:DOWN doris-2:M:up doris-3:f:up]
04:35:21 #79 OK SELECT id=2724156 via doris-2 rows=10123 [doris-1:f:DOWN doris-2:M:up doris-3:f:up]
04:35:22 #80 OK DELETE id=2724156 via doris-2 rows=10123 [doris-1:f:DOWN doris-2:M:up doris-3:f:up]
04:35:23 #81 OK SELECT id=2724156 via doris-2 rows=10123 [doris-1:f:DOWN doris-2:M:up doris-3:f:up]
04:35:24 #82 OK INSERT id=2724157 via doris-2 rows=10124 [doris-1:f:DOWN doris-2:M:up doris-3:f:up]
04:35:25 #83 OK UPSERT id=2724157 via doris-2 rows=10123 [doris-1:f:DOWN doris-2:M:up doris-3:f:up]
04:35:26 #84 OK SELECT id=2724157 via doris-2 rows=10123 [doris-1:f:DOWN doris-2:M:up doris-3:f:up]
04:35:27 #85 OK DELETE id=2724157 via doris-2 rows=10123 [doris-1:f:DOWN doris-2:M:up doris-3:f:up]
04:35:31 #86 OK SELECT id=2724157 via doris-2 rows=10123 [doris-1:f:DOWN doris-2:M:up doris-3:f:up]
04:35:32 #87 OK INSERT id=2724158 via doris-2 rows=10124 [doris-1:f:DOWN doris-2:M:up doris-3:f:up]
04:35:33 #88 OK UPSERT id=2724158 via doris-2 rows=10124 [doris-1:f:DOWN doris-2:M:up doris-3:f:up]
04:35:34 #89 OK SELECT id=2724158 via doris-2 rows=10124 [doris-1:f:DOWN doris-2:M:up doris-3:f:up]
04:35:35 #90 OK DELETE id=2724158 via doris-2 rows=10122 [doris-1:f:DOWN doris-2:M:up doris-3:f:up]
04:35:36 #91 OK SELECT id=2724158 via doris-2 rows=10122 [doris-1:f:DOWN doris-2:M:up doris-3:f:up]
04:35:38 #92 OK INSERT id=2724159 via doris-2 rows=10124 [doris-1:f:DOWN doris-2:M:up doris-3:f:up]
04:35:39 #93 OK UPSERT id=2724159 via doris-2 rows=10124 [doris-1:f:DOWN doris-2:M:up doris-3:f:up]
04:35:40 #94 OK SELECT id=2724159 via doris-2 rows=10124 [doris-1:f:DOWN doris-2:M:up doris-3:f:up]
04:35:41 #95 OK DELETE id=2724159 via doris-2 rows=10122 [doris-1:f:DOWN doris-2:M:up doris-3:f:up]
04:35:42 #96 OK SELECT id=2724159 via doris-2 rows=10122 [doris-1:f:DOWN doris-2:M:up doris-3:f:up]
04:35:43 #97 OK INSERT id=2724160 via doris-2 rows=10124 [doris-1:f:DOWN doris-2:M:up doris-3:f:up]
04:35:44 #98 OK UPSERT id=2724160 via doris-2 rows=10124 [doris-1:f:DOWN doris-2:M:up doris-3:f:up]
04:35:45 #99 OK SELECT id=2724160 via doris-2 rows=10124 [doris-1:f:DOWN doris-2:M:up doris-3:f:up]
04:35:46 #100 OK DELETE id=2724160 via doris-2 rows=10122 [doris-1:f:DOWN doris-2:M:up doris-3:f:up]
04:35:47 #101 OK SELECT id=2724160 via doris-2 rows=10122 [doris-1:f:DOWN doris-2:M:up doris-3:f:up]
04:35:48 #102 OK INSERT id=2724161 via doris-2 rows=10124 [doris-1:f:DOWN doris-2:M:up doris-3:f:up]
04:35:52 #103 OK UPSERT id=2724161 via doris-2 rows=10123 [doris-1:f:DOWN doris-2:M:up doris-3:f:up]
04:35:53 #104 OK SELECT id=2724161 via doris-2 rows=10124 [doris-1:f:DOWN doris-2:M:up doris-3:f:up]
04:35:54 #105 OK DELETE id=2724161 via doris-2 rows=10123 [doris-1:f:DOWN doris-2:M:up doris-3:f:up]
04:35:55 #106 OK SELECT id=2724161 via doris-2 rows=10123 [doris-1:f:DOWN doris-2:M:up doris-3:f:up]
04:35:57 #107 OK INSERT id=2724162 via doris-2 rows=10123 [doris-1:f:DOWN doris-2:M:up doris-3:f:up]
04:35:58 #108 OK UPSERT id=2724162 via doris-2 rows=10123 [doris-1:f:DOWN doris-2:M:up doris-3:f:up]
04:35:59 #109 OK SELECT id=2724162 via doris-2 rows=10124 [doris-1:f:DOWN doris-2:M:up doris-3:f:up]
04:36:00 #110 OK DELETE id=2724162 via doris-2 rows=10123 [doris-1:f:DOWN doris-2:M:up doris-3:f:up]
04:36:01 #111 OK SELECT id=2724162 via doris-2 rows=10123 [doris-1:f:DOWN doris-2:M:up doris-3:f:up]
04:36:02 #112 OK INSERT id=2724163 via doris-2 rows=10123 [doris-1:f:DOWN doris-2:M:up doris-3:f:up]
04:36:03 #113 OK UPSERT id=2724163 via doris-2 rows=10123 [doris-1:f:DOWN doris-2:M:up doris-3:f:up]
04:36:04 #114 OK SELECT id=2724163 via doris-2 rows=10124 [doris-1:f:DOWN doris-2:M:up doris-3:f:up]
04:36:05 #115 OK DELETE id=2724163 via doris-2 rows=10123 [doris-1:f:DOWN doris-2:M:up doris-3:f:up]
04:36:06 #116 OK SELECT id=2724163 via doris-2 rows=10123 [doris-1:f:DOWN doris-2:M:up doris-3:f:up]
04:36:07 #117 OK INSERT id=2724164 via doris-2 rows=10123 [doris-1:f:DOWN doris-2:M:up doris-3:f:up]
04:36:08 #118 OK UPSERT id=2724164 via doris-2 rows=10123 [doris-1:f:DOWN doris-2:M:up doris-3:f:up]
04:36:12 #119 OK SELECT id=2724164 via doris-2 rows=10124 [doris-1:f:DOWN doris-2:M:up doris-3:f:up]
04:36:13 EVENT restore: start doris-1
04:36:13 #120 OK DELETE id=2724164 via doris-2 rows=10122 [doris-1:f:DOWN doris-2:M:up doris-3:f:up]
04:36:14 #121 OK SELECT id=2724164 via doris-2 rows=10123 [doris-1:f:DOWN doris-2:M:up doris-3:f:up]
04:36:15 #122 OK INSERT id=2724165 via doris-2 rows=10124 [doris-1:f:DOWN doris-2:M:up doris-3:f:up]
04:36:17 #123 OK UPSERT id=2724165 via doris-2 rows=10124 [doris-1:f:DOWN doris-2:M:up doris-3:f:up]
04:36:18 #124 OK SELECT id=2724165 via doris-2 rows=10123 [doris-1:f:DOWN doris-2:M:up doris-3:f:up]
04:36:19 #125 OK DELETE id=2724165 via doris-2 rows=10122 [doris-1:f:DOWN doris-2:M:up doris-3:f:up]
04:36:20 #126 OK SELECT id=2724165 via doris-2 rows=10123 [doris-1:f:DOWN doris-2:M:up doris-3:f:up]
04:36:21 #127 OK INSERT id=2724166 via doris-2 rows=10124 [doris-1:f:DOWN doris-2:M:up doris-3:f:up]
04:36:22 #128 OK UPSERT id=2724166 via doris-2 rows=10124 [doris-1:f:DOWN doris-2:M:up doris-3:f:up]
04:36:23 #129 OK SELECT id=2724166 via doris-2 rows=10123 [doris-1:f:DOWN doris-2:M:up doris-3:f:up]
04:36:24 #130 OK DELETE id=2724166 via doris-2 rows=10122 [doris-1:f:DOWN doris-2:M:up doris-3:f:up]
04:36:25 #131 OK SELECT id=2724166 via doris-2 rows=10123 [doris-1:f:DOWN doris-2:M:up doris-3:f:up]
04:36:26 #132 OK INSERT id=2724167 via doris-2 rows=10124 [doris-1:f:DOWN doris-2:M:up doris-3:f:up]
04:36:27 #133 OK UPSERT id=2724167 via doris-2 rows=10124 [doris-1:f:DOWN doris-2:M:up doris-3:f:up]
04:36:28 #134 OK SELECT id=2724167 via doris-2 rows=10123 [doris-1:f:DOWN doris-2:M:up doris-3:f:up]
04:36:29 #135 OK DELETE id=2724167 via doris-2 rows=10122 [doris-1:f:DOWN doris-2:M:up doris-3:f:up]
04:36:31 #136 OK SELECT id=2724167 via doris-2 rows=10123 [doris-1:f:DOWN doris-2:M:up doris-3:f:up]
04:36:32 #137 OK INSERT id=2724168 via doris-2 rows=10124 [doris-1:f:DOWN doris-2:M:up doris-3:f:up]
04:36:34 #138 OK UPSERT id=2724168 via doris-2 rows=10124 [doris-1:f:DOWN doris-2:M:up doris-3:f:up]
04:36:35 #139 OK SELECT id=2724168 via doris-2 rows=10123 [doris-1:f:DOWN doris-2:M:up doris-3:f:up]
04:36:36 #140 OK DELETE id=2724168 via doris-2 rows=10123 [doris-1:f:DOWN doris-2:M:up doris-3:f:up]
04:36:37 #141 OK SELECT id=2724168 via doris-2 rows=10123 [doris-1:f:DOWN doris-2:M:up doris-3:f:up]
04:36:38 #142 OK INSERT id=2724169 via doris-2 rows=10124 [doris-1:f:DOWN doris-2:M:up doris-3:f:up]
04:36:39 #143 OK UPSERT id=2724169 via doris-2 rows=10124 [doris-1:f:DOWN doris-2:M:up doris-3:f:up]
04:36:40 #144 OK SELECT id=2724169 via doris-2 rows=10123 [doris-1:f:DOWN doris-2:M:up doris-3:f:up]
04:36:41 #145 OK DELETE id=2724169 via doris-2 rows=10123 [doris-1:f:DOWN doris-2:M:up doris-3:f:up]
04:36:42 #146 OK SELECT id=2724169 via doris-2 rows=10123 [doris-1:f:DOWN doris-2:M:up doris-3:f:up]
04:36:43 #147 OK INSERT id=2724170 via doris-2 rows=10124 [doris-1:f:DOWN doris-2:M:up doris-3:f:up]
04:36:44 #148 OK UPSERT id=2724170 via doris-2 rows=10124 [doris-1:f:DOWN doris-2:M:up doris-3:f:up]
04:36:45 #149 OK SELECT id=2724170 via doris-2 rows=10123 [doris-1:f:DOWN doris-2:M:up doris-3:f:up]
04:36:46 #150 OK DELETE id=2724170 via doris-2 rows=10123 [doris-1:f:DOWN doris-2:M:up doris-3:f:up]
04:36:47 #151 OK SELECT id=2724170 via doris-2 rows=10123 [doris-1:f:DOWN doris-2:M:up doris-3:f:up]
04:36:48 #152 OK INSERT id=2724171 via doris-2 rows=10124 [doris-1:f:DOWN doris-2:M:up doris-3:f:up]
04:36:50 #153 OK UPSERT id=2724171 via doris-2 rows=10123 [doris-1:f:DOWN doris-2:M:up doris-3:f:up]
04:36:51 #154 OK SELECT id=2724171 via doris-2 rows=10123 [doris-1:f:DOWN doris-2:M:up doris-3:f:up]
04:36:52 #155 OK DELETE id=2724171 via doris-2 rows=10123 [doris-1:f:DOWN doris-2:M:up doris-3:f:up]
04:36:53 #156 OK SELECT id=2724171 via doris-2 rows=10123 [doris-1:f:DOWN doris-2:M:up doris-3:f:up]
04:36:54 #157 OK INSERT id=2724172 via doris-2 rows=10124 [doris-1:f:DOWN doris-2:M:up doris-3:f:up]
04:36:55 #158 OK UPSERT id=2724172 via doris-2 rows=10123 [doris-1:f:up doris-2:M:up doris-3:f:up]
04:36:56 #159 OK SELECT id=2724172 via doris-2 rows=10123 [doris-1:f:up doris-2:M:up doris-3:f:up]
04:36:57 #160 OK DELETE id=2724172 via doris-2 rows=10123 [doris-1:f:up doris-2:M:up doris-3:f:up]
04:36:58 #161 OK SELECT id=2724172 via doris-2 rows=10123 [doris-1:f:up doris-2:M:up doris-3:f:up]
04:36:59 #162 OK INSERT id=2724173 via doris-2 rows=10124 [doris-1:f:up doris-2:M:up doris-3:f:up]
04:37:00 #163 OK UPSERT id=2724173 via doris-2 rows=10123 [doris-1:f:up doris-2:M:up doris-3:f:up]
04:37:01 #164 OK SELECT id=2724173 via doris-2 rows=10123 [doris-1:f:up doris-2:M:up doris-3:f:up]
04:37:02 EVENT restore: cluster healthy
04:37:02 #165 OK DELETE id=2724173 via doris-2 rows=10123 [doris-1:f:up doris-2:M:up doris-3:f:up]
04:37:04 #166 OK SELECT id=2724173 via doris-2 rows=10123 [doris-1:f:up doris-2:M:up doris-3:f:up]
04:37:05 #167 OK INSERT id=2724174 via doris-2 rows=10124 [doris-1:f:up doris-2:M:up doris-3:f:up]
04:37:06 #168 OK UPSERT id=2724174 via doris-2 rows=10123 [doris-1:f:up doris-2:M:up doris-3:f:up]
04:37:07 #169 OK SELECT id=2724174 via doris-2 rows=10123 [doris-1:f:up doris-2:M:up doris-3:f:up]
04:37:08 #170 OK DELETE id=2724174 via doris-2 rows=10123 [doris-1:f:up doris-2:M:up doris-3:f:up]
04:37:09 #171 OK SELECT id=2724174 via doris-2 rows=10123 [doris-1:f:up doris-2:M:up doris-3:f:up]
04:37:10 #172 OK INSERT id=2724175 via doris-2 rows=10124 [doris-1:f:up doris-2:M:up doris-3:f:up]
04:37:11 #173 OK UPSERT id=2724175 via doris-2 rows=10123 [doris-1:f:up doris-2:M:up doris-3:f:up]
04:37:13 #174 OK SELECT id=2724175 via doris-2 rows=10123 [doris-1:f:up doris-2:M:up doris-3:f:up]
04:37:14 #175 OK DELETE id=2724175 via doris-2 rows=10123 [doris-1:f:up doris-2:M:up doris-3:f:up]
04:37:15 #176 OK SELECT id=2724175 via doris-2 rows=10123 [doris-1:f:up doris-2:M:up doris-3:f:up]
04:37:16 #177 OK INSERT id=2724176 via doris-2 rows=10124 [doris-1:f:up doris-2:M:up doris-3:f:up]
04:37:17 #178 OK UPSERT id=2724176 via doris-2 rows=10123 [doris-1:f:up doris-2:M:up doris-3:f:up]
04:37:18 #179 OK SELECT id=2724176 via doris-2 rows=10123 [doris-1:f:up doris-2:M:up doris-3:f:up]
04:37:19 #180 OK DELETE id=2724176 via doris-2 rows=10123 [doris-1:f:up doris-2:M:up doris-3:f:up]
04:37:20 #181 OK SELECT id=2724176 via doris-2 rows=10123 [doris-1:f:up doris-2:M:up doris-3:f:up]
04:37:21 #182 OK INSERT id=2724177 via doris-2 rows=10124 [doris-1:f:up doris-2:M:up doris-3:f:up]
04:37:23 #183 OK UPSERT id=2724177 via doris-2 rows=10123 [doris-1:f:up doris-2:M:up doris-3:f:up]
04:37:24 #184 OK SELECT id=2724177 via doris-2 rows=10123 [doris-1:f:up doris-2:M:up doris-3:f:up]
04:37:25 #185 OK DELETE id=2724177 via doris-2 rows=10123 [doris-1:f:up doris-2:M:up doris-3:f:up]
04:37:26 #186 OK SELECT id=2724177 via doris-2 rows=10123 [doris-1:f:up doris-2:M:up doris-3:f:up]
04:37:27 #187 OK INSERT id=2724178 via doris-2 rows=10124 [doris-1:f:up doris-2:M:up doris-3:f:up]
04:37:28 #188 OK UPSERT id=2724178 via doris-2 rows=10123 [doris-1:f:up doris-2:M:up doris-3:f:up]
04:37:29 #189 OK SELECT id=2724178 via doris-2 rows=10123 [doris-1:f:up doris-2:M:up doris-3:f:up]
04:37:30 #190 OK DELETE id=2724178 via doris-2 rows=10123 [doris-1:f:up doris-2:M:up doris-3:f:up]
04:37:31 #191 OK SELECT id=2724178 via doris-2 rows=10123 [doris-1:f:up doris-2:M:up doris-3:f:up]
