19:21:17 PROBE start proto=mysql hosts=doris-1,doris-2,doris-3 duration=86400s cycle=INSERT>UPSERT>SELECT>DELETE>SELECT
19:21:17 connected to doris-1 (10.140.0.2)
19:21:17 #1 OK INSERT id=1712770 via doris-1 rows=10254 [doris-1:f:up doris-2:M:up doris-3:f:up]
19:21:18 #2 OK UPSERT id=1712770 via doris-1 rows=10255 [doris-1:f:up doris-2:M:up doris-3:f:up]
19:21:19 #3 OK SELECT id=1712770 via doris-1 rows=10255 [doris-1:f:up doris-2:M:up doris-3:f:up]
19:21:20 #4 OK DELETE id=1712770 via doris-1 rows=10254 [doris-1:f:up doris-2:M:up doris-3:f:up]
19:21:21 #5 OK SELECT id=1712770 via doris-1 rows=10253 [doris-1:f:up doris-2:M:up doris-3:f:up]
19:21:22 #6 OK INSERT id=1712771 via doris-1 rows=10254 [doris-1:f:up doris-2:M:up doris-3:f:up]
19:21:23 #7 OK UPSERT id=1712771 via doris-1 rows=10255 [doris-1:f:up doris-2:M:up doris-3:f:up]
19:21:24 #8 OK SELECT id=1712771 via doris-1 rows=10255 [doris-1:f:up doris-2:M:up doris-3:f:up]
19:21:25 #9 OK DELETE id=1712771 via doris-1 rows=10254 [doris-1:f:up doris-2:M:up doris-3:f:up]
19:21:26 #10 OK SELECT id=1712771 via doris-1 rows=10253 [doris-1:f:up doris-2:M:up doris-3:f:up]
19:21:28 #11 OK INSERT id=1712772 via doris-1 rows=10254 [doris-1:f:up doris-2:M:up doris-3:f:up]
19:21:29 #12 OK UPSERT id=1712772 via doris-1 rows=10255 [doris-1:f:up doris-2:M:up doris-3:f:up]
19:21:30 #13 OK SELECT id=1712772 via doris-1 rows=10255 [doris-1:f:up doris-2:M:up doris-3:f:up]
19:21:31 #14 OK DELETE id=1712772 via doris-1 rows=10254 [doris-1:f:up doris-2:M:up doris-3:f:up]
19:21:32 #15 OK SELECT id=1712772 via doris-1 rows=10253 [doris-1:f:up doris-2:M:up doris-3:f:up]
19:21:33 #16 OK INSERT id=1712773 via doris-1 rows=10254 [doris-1:f:up doris-2:M:up doris-3:f:up]
19:21:34 #17 OK UPSERT id=1712773 via doris-1 rows=10255 [doris-1:f:up doris-2:M:up doris-3:f:up]
19:21:35 #18 OK SELECT id=1712773 via doris-1 rows=10255 [doris-1:f:up doris-2:M:up doris-3:f:up]
19:21:36 #19 OK DELETE id=1712773 via doris-1 rows=10254 [doris-1:f:up doris-2:M:up doris-3:f:up]
19:21:37 #20 OK SELECT id=1712773 via doris-1 rows=10253 [doris-1:f:up doris-2:M:up doris-3:f:up]
19:21:38 #21 OK INSERT id=1712774 via doris-1 rows=10254 [doris-1:f:up doris-2:M:up doris-3:f:up]
19:21:39 #22 OK UPSERT id=1712774 via doris-1 rows=10255 [doris-1:f:up doris-2:M:up doris-3:f:up]
19:21:40 #23 OK SELECT id=1712774 via doris-1 rows=10255 [doris-1:f:up doris-2:M:up doris-3:f:up]
19:21:41 #24 OK DELETE id=1712774 via doris-1 rows=10254 [doris-1:f:up doris-2:M:up doris-3:f:up]
19:21:42 #25 OK SELECT id=1712774 via doris-1 rows=10253 [doris-1:f:up doris-2:M:up doris-3:f:up]
19:21:44 #26 OK INSERT id=1712775 via doris-1 rows=10254 [doris-1:f:up doris-2:M:up doris-3:f:up]
19:21:45 #27 OK UPSERT id=1712775 via doris-1 rows=10255 [doris-1:f:up doris-2:M:up doris-3:f:up]
19:21:46 #28 OK SELECT id=1712775 via doris-1 rows=10255 [doris-1:f:up doris-2:M:up doris-3:f:up]
19:21:47 #29 OK DELETE id=1712775 via doris-1 rows=10254 [doris-1:f:up doris-2:M:up doris-3:f:up]
19:21:48 #30 OK SELECT id=1712775 via doris-1 rows=10253 [doris-1:f:up doris-2:M:up doris-3:f:up]
19:21:49 #31 OK INSERT id=1712776 via doris-1 rows=10254 [doris-1:f:up doris-2:M:up doris-3:f:up]
19:21:50 #32 OK UPSERT id=1712776 via doris-1 rows=10255 [doris-1:f:up doris-2:M:up doris-3:f:up]
19:21:51 EVENT break: vm stop on doris-1 (FE follower)
19:21:51 #33 OK SELECT id=1712776 via doris-1 rows=10255 [doris-1:f:up doris-2:M:up doris-3:f:up]
19:21:52 #34 OK DELETE id=1712776 via doris-1 rows=10254 [doris-1:f:up doris-2:M:up doris-3:f:up]
19:21:53 #35 OK SELECT id=1712776 via doris-1 rows=10253 [doris-1:f:up doris-2:M:up doris-3:f:up]
19:21:54 #36 FAIL INSERT id=1712777 via doris-1: OperationalError: (2013, 'Lost connection to MySQL server during query')
19:21:54 #36 OK SELECT(check) id=1 via doris-2
19:21:55 connected to doris-2 (10.140.0.3)
19:21:56 #37 OK INSERT id=1712778 via doris-2 rows=10254 [doris-1:f:DOWN doris-2:M:up doris-3:f:up] (recovered)
19:21:57 #38 OK UPSERT id=1712778 via doris-2 rows=10255 [doris-1:f:DOWN doris-2:M:up doris-3:f:up]
19:21:58 #39 OK SELECT id=1712778 via doris-2 rows=10255 [doris-1:f:DOWN doris-2:M:up doris-3:f:up]
19:21:59 #40 OK DELETE id=1712778 via doris-2 rows=10254 [doris-1:f:DOWN doris-2:M:up doris-3:f:up]
19:22:00 #41 OK SELECT id=1712778 via doris-2 rows=10253 [doris-1:f:DOWN doris-2:M:up doris-3:f:up]
19:22:01 #42 OK INSERT id=1712779 via doris-2 rows=10254 [doris-1:f:DOWN doris-2:M:up doris-3:f:up]
19:22:02 #43 OK UPSERT id=1712779 via doris-2 rows=10255 [doris-1:f:DOWN doris-2:M:up doris-3:f:up]
19:22:03 #44 OK SELECT id=1712779 via doris-2 rows=10255 [doris-1:f:DOWN doris-2:M:up doris-3:f:up]
19:22:04 #45 OK DELETE id=1712779 via doris-2 rows=10254 [doris-1:f:DOWN doris-2:M:up doris-3:f:up]
19:22:05 #46 OK SELECT id=1712779 via doris-2 rows=10253 [doris-1:f:DOWN doris-2:M:up doris-3:f:up]
19:22:06 #47 OK INSERT id=1712780 via doris-2 rows=10254 [doris-1:f:DOWN doris-2:M:up doris-3:f:up]
19:22:07 #48 OK UPSERT id=1712780 via doris-2 rows=10255 [doris-1:f:DOWN doris-2:M:up doris-3:f:up]
19:22:08 #49 OK SELECT id=1712780 via doris-2 rows=10255 [doris-1:f:DOWN doris-2:M:up doris-3:f:up]
19:22:10 #50 OK DELETE id=1712780 via doris-2 rows=10254 [doris-1:f:DOWN doris-2:M:up doris-3:f:up]
19:22:11 #51 OK SELECT id=1712780 via doris-2 rows=10253 [doris-1:f:DOWN doris-2:M:up doris-3:f:up]
19:22:12 #52 OK INSERT id=1712781 via doris-2 rows=10254 [doris-1:f:DOWN doris-2:M:up doris-3:f:up]
19:22:13 #53 OK UPSERT id=1712781 via doris-2 rows=10255 [doris-1:f:DOWN doris-2:M:up doris-3:f:up]
19:22:14 #54 OK SELECT id=1712781 via doris-2 rows=10255 [doris-1:f:DOWN doris-2:M:up doris-3:f:up]
19:22:15 EVENT break: doris-1 is down
19:22:15 #55 OK DELETE id=1712781 via doris-2 rows=10254 [doris-1:f:DOWN doris-2:M:up doris-3:f:up]
19:22:16 #56 OK SELECT id=1712781 via doris-2 rows=10254 [doris-1:f:DOWN doris-2:M:up doris-3:f:up]
19:22:17 #57 OK INSERT id=1712782 via doris-2 rows=10255 [doris-1:f:DOWN doris-2:M:up doris-3:f:up]
19:22:18 #58 OK UPSERT id=1712782 via doris-2 rows=10255 [doris-1:f:DOWN doris-2:M:up doris-3:f:up]
19:22:19 #59 OK SELECT id=1712782 via doris-2 rows=10254 [doris-1:f:DOWN doris-2:M:up doris-3:f:up]
19:22:20 #60 OK DELETE id=1712782 via doris-2 rows=10253 [doris-1:f:DOWN doris-2:M:up doris-3:f:up]
19:22:21 #61 OK SELECT id=1712782 via doris-2 rows=10254 [doris-1:f:DOWN doris-2:M:up doris-3:f:up]
19:22:22 #62 OK INSERT id=1712783 via doris-2 rows=10255 [doris-1:f:DOWN doris-2:M:up doris-3:f:up]
19:22:23 #63 OK UPSERT id=1712783 via doris-2 rows=10255 [doris-1:f:DOWN doris-2:M:up doris-3:f:up]
19:22:25 #64 OK SELECT id=1712783 via doris-2 rows=10254 [doris-1:f:DOWN doris-2:M:up doris-3:f:up]
19:22:26 #65 OK DELETE id=1712783 via doris-2 rows=10253 [doris-1:f:DOWN doris-2:M:up doris-3:f:up]
19:22:27 #66 OK SELECT id=1712783 via doris-2 rows=10254 [doris-1:f:DOWN doris-2:M:up doris-3:f:up]
19:22:28 #67 OK INSERT id=1712784 via doris-2 rows=10255 [doris-1:f:DOWN doris-2:M:up doris-3:f:up]
19:22:29 #68 OK UPSERT id=1712784 via doris-2 rows=10255 [doris-1:f:DOWN doris-2:M:up doris-3:f:up]
19:22:30 #69 OK SELECT id=1712784 via doris-2 rows=10254 [doris-1:f:DOWN doris-2:M:up doris-3:f:up]
19:22:31 #70 OK DELETE id=1712784 via doris-2 rows=10253 [doris-1:f:DOWN doris-2:M:up doris-3:f:up]
19:22:32 #71 OK SELECT id=1712784 via doris-2 rows=10254 [doris-1:f:DOWN doris-2:M:up doris-3:f:up]
19:22:33 #72 OK INSERT id=1712785 via doris-2 rows=10255 [doris-1:f:DOWN doris-2:M:up doris-3:f:up]
19:22:34 #73 OK UPSERT id=1712785 via doris-2 rows=10255 [doris-1:f:DOWN doris-2:M:up doris-3:f:up]
19:22:35 #74 OK SELECT id=1712785 via doris-2 rows=10255 [doris-1:f:DOWN doris-2:M:up doris-3:f:up]
19:22:36 #75 OK DELETE id=1712785 via doris-2 rows=10254 [doris-1:f:DOWN doris-2:M:up doris-3:f:up]
19:22:37 #76 OK SELECT id=1712785 via doris-2 rows=10254 [doris-1:f:DOWN doris-2:M:up doris-3:f:up]
19:22:38 #77 OK INSERT id=1712786 via doris-2 rows=10254 [doris-1:f:DOWN doris-2:M:up doris-3:f:up]
19:22:39 #78 OK UPSERT id=1712786 via doris-2 rows=10254 [doris-1:f:DOWN doris-2:M:up doris-3:f:up]
19:22:40 #79 OK SELECT id=1712786 via doris-2 rows=10255 [doris-1:f:DOWN doris-2:M:up doris-3:f:up]
19:22:42 #80 OK DELETE id=1712786 via doris-2 rows=10254 [doris-1:f:DOWN doris-2:M:up doris-3:f:up]
19:22:43 #81 OK SELECT id=1712786 via doris-2 rows=10254 [doris-1:f:DOWN doris-2:M:up doris-3:f:up]
19:22:44 #82 OK INSERT id=1712787 via doris-2 rows=10254 [doris-1:f:DOWN doris-2:M:up doris-3:f:up]
19:22:45 #83 OK UPSERT id=1712787 via doris-2 rows=10254 [doris-1:f:DOWN doris-2:M:up doris-3:f:up]
19:22:46 #84 OK SELECT id=1712787 via doris-2 rows=10255 [doris-1:f:DOWN doris-2:M:up doris-3:f:up]
19:22:47 #85 OK DELETE id=1712787 via doris-2 rows=10254 [doris-1:f:DOWN doris-2:M:up doris-3:f:up]
19:22:48 #86 OK SELECT id=1712787 via doris-2 rows=10254 [doris-1:f:DOWN doris-2:M:up doris-3:f:up]
19:22:49 #87 OK INSERT id=1712788 via doris-2 rows=10254 [doris-1:f:DOWN doris-2:M:up doris-3:f:up]
19:22:50 #88 OK UPSERT id=1712788 via doris-2 rows=10254 [doris-1:f:DOWN doris-2:M:up doris-3:f:up]
19:22:51 #89 OK SELECT id=1712788 via doris-2 rows=10255 [doris-1:f:DOWN doris-2:M:up doris-3:f:up]
19:22:52 #90 OK DELETE id=1712788 via doris-2 rows=10254 [doris-1:f:DOWN doris-2:M:up doris-3:f:up]
19:22:53 #91 OK SELECT id=1712788 via doris-2 rows=10254 [doris-1:f:DOWN doris-2:M:up doris-3:f:up]
19:22:54 #92 OK INSERT id=1712789 via doris-2 rows=10254 [doris-1:f:DOWN doris-2:M:up doris-3:f:up]
19:22:55 #93 OK UPSERT id=1712789 via doris-2 rows=10254 [doris-1:f:DOWN doris-2:M:up doris-3:f:up]
19:22:56 #94 OK SELECT id=1712789 via doris-2 rows=10254 [doris-1:f:DOWN doris-2:M:up doris-3:f:up]
19:22:58 #95 OK DELETE id=1712789 via doris-2 rows=10253 [doris-1:f:DOWN doris-2:M:up doris-3:f:up]
19:22:59 #96 OK SELECT id=1712789 via doris-2 rows=10253 [doris-1:f:DOWN doris-2:M:up doris-3:f:up]
19:23:00 #97 OK INSERT id=1712790 via doris-2 rows=10255 [doris-1:f:DOWN doris-2:M:up doris-3:f:up]
19:23:01 #98 OK UPSERT id=1712790 via doris-2 rows=10255 [doris-1:f:DOWN doris-2:M:up doris-3:f:up]
19:23:02 #99 OK SELECT id=1712790 via doris-2 rows=10255 [doris-1:f:DOWN doris-2:M:up doris-3:f:up]
19:23:03 #100 OK DELETE id=1712790 via doris-2 rows=10253 [doris-1:f:DOWN doris-2:M:up doris-3:f:up]
19:23:04 #101 OK SELECT id=1712790 via doris-2 rows=10253 [doris-1:f:DOWN doris-2:M:up doris-3:f:up]
19:23:05 #102 OK INSERT id=1712791 via doris-2 rows=10255 [doris-1:f:DOWN doris-2:M:up doris-3:f:up]
19:23:06 #103 OK UPSERT id=1712791 via doris-2 rows=10255 [doris-1:f:DOWN doris-2:M:up doris-3:f:up]
19:23:07 #104 OK SELECT id=1712791 via doris-2 rows=10255 [doris-1:f:DOWN doris-2:M:up doris-3:f:up]
19:23:08 #105 OK DELETE id=1712791 via doris-2 rows=10253 [doris-1:f:DOWN doris-2:M:up doris-3:f:up]
19:23:09 #106 OK SELECT id=1712791 via doris-2 rows=10253 [doris-1:f:DOWN doris-2:M:up doris-3:f:up]
19:23:10 #107 OK INSERT id=1712792 via doris-2 rows=10255 [doris-1:f:DOWN doris-2:M:up doris-3:f:up]
19:23:11 #108 OK UPSERT id=1712792 via doris-2 rows=10255 [doris-1:f:DOWN doris-2:M:up doris-3:f:up]
19:23:12 #109 OK SELECT id=1712792 via doris-2 rows=10255 [doris-1:f:DOWN doris-2:M:up doris-3:f:up]
19:23:14 #110 OK DELETE id=1712792 via doris-2 rows=10253 [doris-1:f:DOWN doris-2:M:up doris-3:f:up]
19:23:15 #111 OK SELECT id=1712792 via doris-2 rows=10253 [doris-1:f:DOWN doris-2:M:up doris-3:f:up]
19:23:16 #112 OK INSERT id=1712793 via doris-2 rows=10255 [doris-1:f:DOWN doris-2:M:up doris-3:f:up]
19:23:17 #113 OK UPSERT id=1712793 via doris-2 rows=10255 [doris-1:f:DOWN doris-2:M:up doris-3:f:up]
19:23:18 #114 OK SELECT id=1712793 via doris-2 rows=10255 [doris-1:f:DOWN doris-2:M:up doris-3:f:up]
19:23:19 #115 OK DELETE id=1712793 via doris-2 rows=10254 [doris-1:f:DOWN doris-2:M:up doris-3:f:up]
19:23:20 #116 OK SELECT id=1712793 via doris-2 rows=10254 [doris-1:f:DOWN doris-2:M:up doris-3:f:up]
19:23:21 #117 OK INSERT id=1712794 via doris-2 rows=10255 [doris-1:f:DOWN doris-2:M:up doris-3:f:up]
19:23:22 #118 OK UPSERT id=1712794 via doris-2 rows=10254 [doris-1:f:DOWN doris-2:M:up doris-3:f:up]
19:23:23 #119 OK SELECT id=1712794 via doris-2 rows=10254 [doris-1:f:DOWN doris-2:M:up doris-3:f:up]
19:23:24 #120 OK DELETE id=1712794 via doris-2 rows=10254 [doris-1:f:DOWN doris-2:M:up doris-3:f:up]
19:23:25 #121 OK SELECT id=1712794 via doris-2 rows=10254 [doris-1:f:DOWN doris-2:M:up doris-3:f:up]
19:23:26 #122 OK INSERT id=1712795 via doris-2 rows=10255 [doris-1:f:DOWN doris-2:M:up doris-3:f:up]
19:23:27 #123 OK UPSERT id=1712795 via doris-2 rows=10254 [doris-1:f:DOWN doris-2:M:up doris-3:f:up]
19:23:28 #124 OK SELECT id=1712795 via doris-2 rows=10254 [doris-1:f:DOWN doris-2:M:up doris-3:f:up]
19:23:29 #125 OK DELETE id=1712795 via doris-2 rows=10254 [doris-1:f:DOWN doris-2:M:up doris-3:f:up]
19:23:31 #126 OK SELECT id=1712795 via doris-2 rows=10254 [doris-1:f:DOWN doris-2:M:up doris-3:f:up]
19:23:32 #127 OK INSERT id=1712796 via doris-2 rows=10255 [doris-1:f:DOWN doris-2:M:up doris-3:f:up]
19:23:33 #128 OK UPSERT id=1712796 via doris-2 rows=10254 [doris-1:f:DOWN doris-2:M:up doris-3:f:up]
19:23:34 #129 OK SELECT id=1712796 via doris-2 rows=10254 [doris-1:f:DOWN doris-2:M:up doris-3:f:up]
19:23:35 #130 OK DELETE id=1712796 via doris-2 rows=10254 [doris-1:f:DOWN doris-2:M:up doris-3:f:up]
19:23:36 #131 OK SELECT id=1712796 via doris-2 rows=10254 [doris-1:f:DOWN doris-2:M:up doris-3:f:up]
19:23:37 #132 OK INSERT id=1712797 via doris-2 rows=10255 [doris-1:f:DOWN doris-2:M:up doris-3:f:up]
19:23:38 #133 OK UPSERT id=1712797 via doris-2 rows=10255 [doris-1:f:DOWN doris-2:M:up doris-3:f:up]
19:23:39 #134 OK SELECT id=1712797 via doris-2 rows=10255 [doris-1:f:DOWN doris-2:M:up doris-3:f:up]
19:23:40 #135 OK DELETE id=1712797 via doris-2 rows=10253 [doris-1:f:DOWN doris-2:M:up doris-3:f:up]
19:23:41 #136 OK SELECT id=1712797 via doris-2 rows=10253 [doris-1:f:DOWN doris-2:M:up doris-3:f:up]
19:23:42 #137 OK INSERT id=1712798 via doris-2 rows=10255 [doris-1:f:DOWN doris-2:M:up doris-3:f:up]
19:23:43 #138 OK UPSERT id=1712798 via doris-2 rows=10255 [doris-1:f:DOWN doris-2:M:up doris-3:f:up]
19:23:44 #139 OK SELECT id=1712798 via doris-2 rows=10255 [doris-1:f:DOWN doris-2:M:up doris-3:f:up]
19:23:45 #140 OK DELETE id=1712798 via doris-2 rows=10253 [doris-1:f:DOWN doris-2:M:up doris-3:f:up]
19:23:46 #141 OK SELECT id=1712798 via doris-2 rows=10253 [doris-1:f:DOWN doris-2:M:up doris-3:f:up]
19:23:48 #142 OK INSERT id=1712799 via doris-2 rows=10255 [doris-1:f:DOWN doris-2:M:up doris-3:f:up]
19:23:49 #143 OK UPSERT id=1712799 via doris-2 rows=10255 [doris-1:f:DOWN doris-2:M:up doris-3:f:up]
19:23:50 #144 OK SELECT id=1712799 via doris-2 rows=10255 [doris-1:f:DOWN doris-2:M:up doris-3:f:up]
19:23:51 #145 OK DELETE id=1712799 via doris-2 rows=10253 [doris-1:f:DOWN doris-2:M:up doris-3:f:up]
19:23:52 #146 OK SELECT id=1712799 via doris-2 rows=10253 [doris-1:f:DOWN doris-2:M:up doris-3:f:up]
19:23:53 #147 OK INSERT id=1712800 via doris-2 rows=10255 [doris-1:f:DOWN doris-2:M:up doris-3:f:up]
19:23:54 #148 OK UPSERT id=1712800 via doris-2 rows=10255 [doris-1:f:DOWN doris-2:M:up doris-3:f:up]
19:23:55 EVENT restore: start doris-1
19:23:55 #149 OK SELECT id=1712800 via doris-2 rows=10255 [doris-1:f:DOWN doris-2:M:up doris-3:f:up]
19:23:56 #150 OK DELETE id=1712800 via doris-2 rows=10253 [doris-1:f:DOWN doris-2:M:up doris-3:f:up]
19:23:57 #151 OK SELECT id=1712800 via doris-2 rows=10253 [doris-1:f:DOWN doris-2:M:up doris-3:f:up]
19:23:58 #152 OK INSERT id=1712801 via doris-2 rows=10254 [doris-1:f:DOWN doris-2:M:up doris-3:f:up]
19:23:59 #153 OK UPSERT id=1712801 via doris-2 rows=10254 [doris-1:f:DOWN doris-2:M:up doris-3:f:up]
19:24:00 #154 OK SELECT id=1712801 via doris-2 rows=10254 [doris-1:f:DOWN doris-2:M:up doris-3:f:up]
19:24:01 #155 OK DELETE id=1712801 via doris-2 rows=10254 [doris-1:f:DOWN doris-2:M:up doris-3:f:up]
19:24:02 #156 OK SELECT id=1712801 via doris-2 rows=10254 [doris-1:f:DOWN doris-2:M:up doris-3:f:up]
19:24:03 #157 OK INSERT id=1712802 via doris-2 rows=10255 [doris-1:f:DOWN doris-2:M:up doris-3:f:up]
19:24:04 #158 OK UPSERT id=1712802 via doris-2 rows=10254 [doris-1:f:DOWN doris-2:M:up doris-3:f:up]
19:24:06 #159 OK SELECT id=1712802 via doris-2 rows=10254 [doris-1:f:DOWN doris-2:M:up doris-3:f:up]
19:24:07 #160 OK DELETE id=1712802 via doris-2 rows=10254 [doris-1:f:DOWN doris-2:M:up doris-3:f:up]
19:24:08 #161 OK SELECT id=1712802 via doris-2 rows=10254 [doris-1:f:DOWN doris-2:M:up doris-3:f:up]
19:24:09 #162 OK INSERT id=1712803 via doris-2 rows=10255 [doris-1:f:DOWN doris-2:M:up doris-3:f:up]
19:24:10 #163 OK UPSERT id=1712803 via doris-2 rows=10254 [doris-1:f:DOWN doris-2:M:up doris-3:f:up]
19:24:11 #164 OK SELECT id=1712803 via doris-2 rows=10254 [doris-1:f:DOWN doris-2:M:up doris-3:f:up]
19:24:12 #165 OK DELETE id=1712803 via doris-2 rows=10254 [doris-1:f:DOWN doris-2:M:up doris-3:f:up]
19:24:13 #166 OK SELECT id=1712803 via doris-2 rows=10254 [doris-1:f:DOWN doris-2:M:up doris-3:f:up]
19:24:14 #167 OK INSERT id=1712804 via doris-2 rows=10255 [doris-1:f:DOWN doris-2:M:up doris-3:f:up]
19:24:15 #168 OK UPSERT id=1712804 via doris-2 rows=10254 [doris-1:f:DOWN doris-2:M:up doris-3:f:up]
19:24:16 #169 OK SELECT id=1712804 via doris-2 rows=10254 [doris-1:f:DOWN doris-2:M:up doris-3:f:up]
19:24:17 #170 OK DELETE id=1712804 via doris-2 rows=10254 [doris-1:f:DOWN doris-2:M:up doris-3:f:up]
19:24:18 #171 OK SELECT id=1712804 via doris-2 rows=10254 [doris-1:f:DOWN doris-2:M:up doris-3:f:up]
19:24:19 #172 OK INSERT id=1712805 via doris-2 rows=10255 [doris-1:f:DOWN doris-2:M:up doris-3:f:up]
19:24:20 #173 OK UPSERT id=1712805 via doris-2 rows=10254 [doris-1:f:DOWN doris-2:M:up doris-3:f:up]
19:24:21 #174 OK SELECT id=1712805 via doris-2 rows=10254 [doris-1:f:DOWN doris-2:M:up doris-3:f:up]
19:24:23 #175 OK DELETE id=1712805 via doris-2 rows=10254 [doris-1:f:DOWN doris-2:M:up doris-3:f:up]
19:24:24 #176 OK SELECT id=1712805 via doris-2 rows=10254 [doris-1:f:DOWN doris-2:M:up doris-3:f:up]
19:24:25 #177 OK INSERT id=1712806 via doris-2 rows=10255 [doris-1:f:DOWN doris-2:M:up doris-3:f:up]
19:24:26 #178 OK UPSERT id=1712806 via doris-2 rows=10254 [doris-1:f:DOWN doris-2:M:up doris-3:f:up]
19:24:27 #179 OK SELECT id=1712806 via doris-2 rows=10254 [doris-1:f:DOWN doris-2:M:up doris-3:f:up]
19:24:28 #180 OK DELETE id=1712806 via doris-2 rows=10254 [doris-1:f:DOWN doris-2:M:up doris-3:f:up]
19:24:29 #181 OK SELECT id=1712806 via doris-2 rows=10254 [doris-1:f:DOWN doris-2:M:up doris-3:f:up]
19:24:30 #182 OK INSERT id=1712807 via doris-2 rows=10255 [doris-1:f:DOWN doris-2:M:up doris-3:f:up]
19:24:31 #183 OK UPSERT id=1712807 via doris-2 rows=10254 [doris-1:f:DOWN doris-2:M:up doris-3:f:up]
19:24:32 #184 OK SELECT id=1712807 via doris-2 rows=10254 [doris-1:f:DOWN doris-2:M:up doris-3:f:up]
19:24:33 #185 OK DELETE id=1712807 via doris-2 rows=10254 [doris-1:f:up doris-2:M:up doris-3:f:up]
19:24:34 #186 OK SELECT id=1712807 via doris-2 rows=10254 [doris-1:f:up doris-2:M:up doris-3:f:up]
19:24:35 #187 OK INSERT id=1712808 via doris-2 rows=10255 [doris-1:f:up doris-2:M:up doris-3:f:up]
19:24:36 #188 OK UPSERT id=1712808 via doris-2 rows=10255 [doris-1:f:up doris-2:M:up doris-3:f:up]
19:24:38 #189 OK SELECT id=1712808 via doris-2 rows=10254 [doris-1:f:up doris-2:M:up doris-3:f:up]
19:24:38 EVENT restore: cluster healthy
19:24:39 #190 OK DELETE id=1712808 via doris-2 rows=10253 [doris-1:f:up doris-2:M:up doris-3:f:up]
19:24:40 #191 OK SELECT id=1712808 via doris-2 rows=10254 [doris-1:f:up doris-2:M:up doris-3:f:up]
19:24:41 #192 OK INSERT id=1712809 via doris-2 rows=10255 [doris-1:f:up doris-2:M:up doris-3:f:up]
19:24:42 #193 OK UPSERT id=1712809 via doris-2 rows=10255 [doris-1:f:up doris-2:M:up doris-3:f:up]
19:24:43 #194 OK SELECT id=1712809 via doris-2 rows=10254 [doris-1:f:up doris-2:M:up doris-3:f:up]
19:24:44 #195 OK DELETE id=1712809 via doris-2 rows=10253 [doris-1:f:up doris-2:M:up doris-3:f:up]
19:24:45 #196 OK SELECT id=1712809 via doris-2 rows=10254 [doris-1:f:up doris-2:M:up doris-3:f:up]
19:24:46 #197 OK INSERT id=1712810 via doris-2 rows=10255 [doris-1:f:up doris-2:M:up doris-3:f:up]
19:24:47 #198 OK UPSERT id=1712810 via doris-2 rows=10255 [doris-1:f:up doris-2:M:up doris-3:f:up]
19:24:48 #199 OK SELECT id=1712810 via doris-2 rows=10254 [doris-1:f:up doris-2:M:up doris-3:f:up]
19:24:49 #200 OK DELETE id=1712810 via doris-2 rows=10253 [doris-1:f:up doris-2:M:up doris-3:f:up]
19:24:50 #201 OK SELECT id=1712810 via doris-2 rows=10254 [doris-1:f:up doris-2:M:up doris-3:f:up]
19:24:51 #202 OK INSERT id=1712811 via doris-2 rows=10255 [doris-1:f:up doris-2:M:up doris-3:f:up]
19:24:52 #203 OK UPSERT id=1712811 via doris-2 rows=10255 [doris-1:f:up doris-2:M:up doris-3:f:up]
19:24:53 #204 OK SELECT id=1712811 via doris-2 rows=10254 [doris-1:f:up doris-2:M:up doris-3:f:up]
19:24:55 #205 OK DELETE id=1712811 via doris-2 rows=10253 [doris-1:f:up doris-2:M:up doris-3:f:up]
19:24:56 #206 OK SELECT id=1712811 via doris-2 rows=10254 [doris-1:f:up doris-2:M:up doris-3:f:up]
19:24:57 #207 OK INSERT id=1712812 via doris-2 rows=10255 [doris-1:f:up doris-2:M:up doris-3:f:up]
19:24:58 #208 OK UPSERT id=1712812 via doris-2 rows=10255 [doris-1:f:up doris-2:M:up doris-3:f:up]
19:24:59 #209 OK SELECT id=1712812 via doris-2 rows=10255 [doris-1:f:up doris-2:M:up doris-3:f:up]
19:25:00 #210 OK DELETE id=1712812 via doris-2 rows=10253 [doris-1:f:up doris-2:M:up doris-3:f:up]
19:25:01 #211 OK SELECT id=1712812 via doris-2 rows=10253 [doris-1:f:up doris-2:M:up doris-3:f:up]
19:25:02 #212 OK INSERT id=1712813 via doris-2 rows=10255 [doris-1:f:up doris-2:M:up doris-3:f:up]
19:25:03 #213 OK UPSERT id=1712813 via doris-2 rows=10255 [doris-1:f:up doris-2:M:up doris-3:f:up]
19:25:04 #214 OK SELECT id=1712813 via doris-2 rows=10255 [doris-1:f:up doris-2:M:up doris-3:f:up]
