16:41:08 PROBE start proto=arrow-flight hosts=doris-1,doris-2,doris-3 duration=86400s cycle=INSERT>UPSERT>SELECT>DELETE>SELECT
16:41:08 connected to doris-1 (10.140.0.2)
16:41:08 DML unsupported over arrow-flight (InternalError: RuntimeException, msg: getMysqlChannel not in mysql connection (Internal; ExecuteQuery)) — switching to SELECT-only mode
16:41:08 #1 OK SELECT id=3616680 via doris-1 rows=10186 [doris-1:f:up doris-2:M:up doris-3:f:up]
16:41:09 #2 OK SELECT id=3616680 via doris-1 rows=10187 [doris-1:f:up doris-2:M:up doris-3:f:up]
16:41:10 #3 OK SELECT id=3616680 via doris-1 rows=10187 [doris-1:f:up doris-2:M:up doris-3:f:up]
16:41:11 #4 OK SELECT id=3616680 via doris-1 rows=10186 [doris-1:f:up doris-2:M:up doris-3:f:up]
16:41:12 #5 OK SELECT id=3616680 via doris-1 rows=10185 [doris-1:f:up doris-2:M:up doris-3:f:up]
16:41:13 #6 OK SELECT id=3616680 via doris-1 rows=10186 [doris-1:f:up doris-2:M:up doris-3:f:up]
16:41:14 #7 OK SELECT id=3616680 via doris-1 rows=10187 [doris-1:f:up doris-2:M:up doris-3:f:up]
16:41:15 #8 OK SELECT id=3616680 via doris-1 rows=10187 [doris-1:f:up doris-2:M:up doris-3:f:up]
16:41:16 #9 OK SELECT id=3616680 via doris-1 rows=10186 [doris-1:f:up doris-2:M:up doris-3:f:up]
16:41:17 #10 OK SELECT id=3616680 via doris-1 rows=10185 [doris-1:f:up doris-2:M:up doris-3:f:up]
16:41:18 #11 OK SELECT id=3616680 via doris-1 rows=10186 [doris-1:f:up doris-2:M:up doris-3:f:up]
16:41:19 #12 OK SELECT id=3616680 via doris-1 rows=10187 [doris-1:f:up doris-2:M:up doris-3:f:up]
16:41:20 #13 OK SELECT id=3616680 via doris-1 rows=10187 [doris-1:f:up doris-2:M:up doris-3:f:up]
16:41:22 #14 OK SELECT id=3616680 via doris-1 rows=10186 [doris-1:f:up doris-2:M:up doris-3:f:up]
16:41:23 #15 OK SELECT id=3616680 via doris-1 rows=10185 [doris-1:f:up doris-2:M:up doris-3:f:up]
16:41:24 #16 OK SELECT id=3616680 via doris-1 rows=10186 [doris-1:f:up doris-2:M:up doris-3:f:up]
16:41:25 #17 OK SELECT id=3616680 via doris-1 rows=10187 [doris-1:f:up doris-2:M:up doris-3:f:up]
16:41:26 #18 OK SELECT id=3616680 via doris-1 rows=10187 [doris-1:f:up doris-2:M:up doris-3:f:up]
16:41:27 #19 OK SELECT id=3616680 via doris-1 rows=10186 [doris-1:f:up doris-2:M:up doris-3:f:up]
16:41:28 #20 OK SELECT id=3616680 via doris-1 rows=10185 [doris-1:f:up doris-2:M:up doris-3:f:up]
16:41:29 #21 OK SELECT id=3616680 via doris-1 rows=10186 [doris-1:f:up doris-2:M:up doris-3:f:up]
16:41:30 #22 OK SELECT id=3616680 via doris-1 rows=10187 [doris-1:f:up doris-2:M:up doris-3:f:up]
16:41:31 #23 OK SELECT id=3616680 via doris-1 rows=10187 [doris-1:f:up doris-2:M:up doris-3:f:up]
16:41:32 #24 OK SELECT id=3616680 via doris-1 rows=10186 [doris-1:f:up doris-2:M:up doris-3:f:up]
16:41:33 #25 OK SELECT id=3616680 via doris-1 rows=10185 [doris-1:f:up doris-2:M:up doris-3:f:up]
16:41:34 #26 OK SELECT id=3616680 via doris-1 rows=10186 [doris-1:f:up doris-2:M:up doris-3:f:up]
16:41:35 #27 OK SELECT id=3616680 via doris-1 rows=10187 [doris-1:f:up doris-2:M:up doris-3:f:up]
16:41:36 #28 OK SELECT id=3616680 via doris-1 rows=10187 [doris-1:f:up doris-2:M:up doris-3:f:up]
16:41:37 #29 OK SELECT id=3616680 via doris-1 rows=10187 [doris-1:f:up doris-2:M:up doris-3:f:up]
16:41:39 #30 OK SELECT id=3616680 via doris-1 rows=10185 [doris-1:f:up doris-2:M:up doris-3:f:up]
16:41:40 #31 OK SELECT id=3616680 via doris-1 rows=10185 [doris-1:f:up doris-2:M:up doris-3:f:up]
16:41:41 #32 OK SELECT id=3616680 via doris-1 rows=10187 [doris-1:f:up doris-2:M:up doris-3:f:up]
16:41:42 EVENT break: be dead on doris-1 (FE follower)
16:41:42 #33 OK SELECT id=3616680 via doris-1 rows=10187 [doris-1:f:up doris-2:M:up doris-3:f:up]
16:41:43 #34 OK SELECT id=3616680 via doris-1 rows=10187 [doris-1:f:up doris-2:M:up doris-3:f:up]
16:41:44 #35 OK SELECT id=3616680 via doris-1 rows=10185 [doris-1:f:up doris-2:M:up doris-3:f:up]
16:41:45 #36 FAIL SELECT id=3616680 via doris-1: InternalError: INTERNAL: [FlightSQL] get flight info statement failed, after executeQueryStatement handleQuery, java.lang.Run
16:41:46 connected to doris-1 (10.140.0.2)
16:41:46 #37 OK SELECT id=3616680 via doris-1 rows=10185 [?] (recovered)
16:41:47 #38 OK SELECT id=3616680 via doris-1 rows=10185 [?]
16:41:48 #39 OK SELECT id=3616680 via doris-1 rows=10187 [doris-1:f:up doris-2:M:up doris-3:f:up]
16:41:49 #40 OK SELECT id=3616680 via doris-1 rows=10187 [doris-1:f:up doris-2:M:up doris-3:f:up]
16:41:50 #41 OK SELECT id=3616680 via doris-1 rows=10187 [doris-1:f:up doris-2:M:up doris-3:f:up]
16:41:51 #42 OK SELECT id=3616680 via doris-1 rows=10185 [doris-1:f:up doris-2:M:up doris-3:f:up]
16:41:52 #43 OK SELECT id=3616680 via doris-1 rows=10185 [doris-1:f:up doris-2:M:up doris-3:f:up]
16:41:53 #44 OK SELECT id=3616680 via doris-1 rows=10187 [doris-1:f:up doris-2:M:up doris-3:f:up]
16:41:54 #45 OK SELECT id=3616680 via doris-1 rows=10187 [doris-1:f:up doris-2:M:up doris-3:f:up]
16:41:56 #46 OK SELECT id=3616680 via doris-1 rows=10187 [doris-1:f:up doris-2:M:up doris-3:f:up]
16:41:57 #47 OK SELECT id=3616680 via doris-1 rows=10185 [doris-1:f:up doris-2:M:up doris-3:f:up]
16:41:58 #48 OK SELECT id=3616680 via doris-1 rows=10185 [doris-1:f:up doris-2:M:up doris-3:f:up]
16:41:59 #49 OK SELECT id=3616680 via doris-1 rows=10187 [doris-1:f:up doris-2:M:up doris-3:f:up]
16:42:00 #50 OK SELECT id=3616680 via doris-1 rows=10187 [doris-1:f:up doris-2:M:up doris-3:f:up]
16:42:01 #51 OK SELECT id=3616680 via doris-1 rows=10187 [doris-1:f:up doris-2:M:up doris-3:f:up]
16:42:02 #52 OK SELECT id=3616680 via doris-1 rows=10185 [doris-1:f:up doris-2:M:up doris-3:f:up]
16:42:03 #53 OK SELECT id=3616680 via doris-1 rows=10185 [doris-1:f:up doris-2:M:up doris-3:f:up]
16:42:04 #54 OK SELECT id=3616680 via doris-1 rows=10187 [doris-1:f:up doris-2:M:up doris-3:f:up]
16:42:05 #55 OK SELECT id=3616680 via doris-1 rows=10187 [doris-1:f:up doris-2:M:up doris-3:f:up]
16:42:06 #56 OK SELECT id=3616680 via doris-1 rows=10187 [doris-1:f:up doris-2:M:up doris-3:f:up]
16:42:07 #57 OK SELECT id=3616680 via doris-1 rows=10185 [doris-1:f:up doris-2:M:up doris-3:f:up]
16:42:08 #58 OK SELECT id=3616680 via doris-1 rows=10185 [doris-1:f:up doris-2:M:up doris-3:f:up]
16:42:09 #59 OK SELECT id=3616680 via doris-1 rows=10187 [doris-1:f:up doris-2:M:up doris-3:f:up]
16:42:10 #60 OK SELECT id=3616680 via doris-1 rows=10187 [doris-1:f:up doris-2:M:up doris-3:f:up]
16:42:11 #61 OK SELECT id=3616680 via doris-1 rows=10187 [doris-1:f:up doris-2:M:up doris-3:f:up]
16:42:13 #62 OK SELECT id=3616680 via doris-1 rows=10186 [doris-1:f:up doris-2:M:up doris-3:f:up]
16:42:14 #63 OK SELECT id=3616680 via doris-1 rows=10185 [doris-1:f:up doris-2:M:up doris-3:f:up]
16:42:15 #64 OK SELECT id=3616680 via doris-1 rows=10185 [doris-1:f:up doris-2:M:up doris-3:f:up]
16:42:16 #65 OK SELECT id=3616680 via doris-1 rows=10187 [doris-1:f:up doris-2:M:up doris-3:f:up]
16:42:17 #66 OK SELECT id=3616680 via doris-1 rows=10187 [doris-1:f:up doris-2:M:up doris-3:f:up]
16:42:18 #67 OK SELECT id=3616680 via doris-1 rows=10187 [doris-1:f:up doris-2:M:up doris-3:f:up]
16:42:19 #68 OK SELECT id=3616680 via doris-1 rows=10185 [doris-1:f:up doris-2:M:up doris-3:f:up]
16:42:20 #69 OK SELECT id=3616680 via doris-1 rows=10185 [doris-1:f:up doris-2:M:up doris-3:f:up]
16:42:21 #70 OK SELECT id=3616680 via doris-1 rows=10187 [doris-1:f:up doris-2:M:up doris-3:f:up]
16:42:22 #71 OK SELECT id=3616680 via doris-1 rows=10187 [doris-1:f:up doris-2:M:up doris-3:f:up]
16:42:23 #72 OK SELECT id=3616680 via doris-1 rows=10187 [doris-1:f:up doris-2:M:up doris-3:f:up]
16:42:24 #73 OK SELECT id=3616680 via doris-1 rows=10185 [doris-1:f:up doris-2:M:up doris-3:f:up]
16:42:25 #74 OK SELECT id=3616680 via doris-1 rows=10185 [doris-1:f:up doris-2:M:up doris-3:f:up]
16:42:26 #75 OK SELECT id=3616680 via doris-1 rows=10187 [doris-1:f:up doris-2:M:up doris-3:f:up]
16:42:28 #76 OK SELECT id=3616680 via doris-1 rows=10187 [doris-1:f:up doris-2:M:up doris-3:f:up]
16:42:29 #77 OK SELECT id=3616680 via doris-1 rows=10187 [doris-1:f:up doris-2:M:up doris-3:f:up]
16:42:30 #78 OK SELECT id=3616680 via doris-1 rows=10185 [doris-1:f:up doris-2:M:up doris-3:f:up]
16:42:31 #79 OK SELECT id=3616680 via doris-1 rows=10185 [doris-1:f:up doris-2:M:up doris-3:f:up]
16:42:32 #80 OK SELECT id=3616680 via doris-1 rows=10187 [doris-1:f:up doris-2:M:up doris-3:f:up]
16:42:33 #81 OK SELECT id=3616680 via doris-1 rows=10187 [doris-1:f:up doris-2:M:up doris-3:f:up]
16:42:34 #82 OK SELECT id=3616680 via doris-1 rows=10187 [doris-1:f:up doris-2:M:up doris-3:f:up]
16:42:35 #83 OK SELECT id=3616680 via doris-1 rows=10185 [doris-1:f:up doris-2:M:up doris-3:f:up]
16:42:36 #84 OK SELECT id=3616680 via doris-1 rows=10185 [doris-1:f:up doris-2:M:up doris-3:f:up]
16:42:37 #85 OK SELECT id=3616680 via doris-1 rows=10187 [doris-1:f:up doris-2:M:up doris-3:f:up]
16:42:38 #86 OK SELECT id=3616680 via doris-1 rows=10187 [doris-1:f:up doris-2:M:up doris-3:f:up]
16:42:39 #87 OK SELECT id=3616680 via doris-1 rows=10187 [doris-1:f:up doris-2:M:up doris-3:f:up]
16:42:40 #88 OK SELECT id=3616680 via doris-1 rows=10185 [doris-1:f:up doris-2:M:up doris-3:f:up]
16:42:41 #89 OK SELECT id=3616680 via doris-1 rows=10185 [doris-1:f:up doris-2:M:up doris-3:f:up]
16:42:42 #90 OK SELECT id=3616680 via doris-1 rows=10187 [doris-1:f:up doris-2:M:up doris-3:f:up]
16:42:43 #91 OK SELECT id=3616680 via doris-1 rows=10187 [doris-1:f:up doris-2:M:up doris-3:f:up]
16:42:45 #92 OK SELECT id=3616680 via doris-1 rows=10187 [doris-1:f:up doris-2:M:up doris-3:f:up]
16:42:46 #93 OK SELECT id=3616680 via doris-1 rows=10185 [doris-1:f:up doris-2:M:up doris-3:f:up]
16:42:47 #94 OK SELECT id=3616680 via doris-1 rows=10185 [doris-1:f:up doris-2:M:up doris-3:f:up]
16:42:48 #95 OK SELECT id=3616680 via doris-1 rows=10187 [doris-1:f:up doris-2:M:up doris-3:f:up]
16:42:49 #96 OK SELECT id=3616680 via doris-1 rows=10187 [doris-1:f:up doris-2:M:up doris-3:f:up]
16:42:50 #97 OK SELECT id=3616680 via doris-1 rows=10187 [doris-1:f:up doris-2:M:up doris-3:f:up]
16:42:51 #98 OK SELECT id=3616680 via doris-1 rows=10185 [doris-1:f:up doris-2:M:up doris-3:f:up]
16:42:52 #99 OK SELECT id=3616680 via doris-1 rows=10185 [doris-1:f:up doris-2:M:up doris-3:f:up]
16:42:53 #100 OK SELECT id=3616680 via doris-1 rows=10187 [doris-1:f:up doris-2:M:up doris-3:f:up]
16:42:54 #101 OK SELECT id=3616680 via doris-1 rows=10187 [doris-1:f:up doris-2:M:up doris-3:f:up]
16:42:55 #102 OK SELECT id=3616680 via doris-1 rows=10187 [doris-1:f:up doris-2:M:up doris-3:f:up]
16:42:56 #103 OK SELECT id=3616680 via doris-1 rows=10185 [doris-1:f:up doris-2:M:up doris-3:f:up]
16:42:57 #104 OK SELECT id=3616680 via doris-1 rows=10185 [doris-1:f:up doris-2:M:up doris-3:f:up]
16:42:58 #105 OK SELECT id=3616680 via doris-1 rows=10187 [doris-1:f:up doris-2:M:up doris-3:f:up]
16:42:59 #106 OK SELECT id=3616680 via doris-1 rows=10187 [doris-1:f:up doris-2:M:up doris-3:f:up]
16:43:00 #107 OK SELECT id=3616680 via doris-1 rows=10187 [doris-1:f:up doris-2:M:up doris-3:f:up]
16:43:01 #108 OK SELECT id=3616680 via doris-1 rows=10185 [doris-1:f:up doris-2:M:up doris-3:f:up]
16:43:03 #109 OK SELECT id=3616680 via doris-1 rows=10185 [doris-1:f:up doris-2:M:up doris-3:f:up]
16:43:04 #110 OK SELECT id=3616680 via doris-1 rows=10187 [doris-1:f:up doris-2:M:up doris-3:f:up]
16:43:05 #111 OK SELECT id=3616680 via doris-1 rows=10187 [doris-1:f:up doris-2:M:up doris-3:f:up]
16:43:06 #112 OK SELECT id=3616680 via doris-1 rows=10187 [doris-1:f:up doris-2:M:up doris-3:f:up]
16:43:07 #113 OK SELECT id=3616680 via doris-1 rows=10185 [doris-1:f:up doris-2:M:up doris-3:f:up]
16:43:08 #114 OK SELECT id=3616680 via doris-1 rows=10185 [doris-1:f:up doris-2:M:up doris-3:f:up]
16:43:09 #115 OK SELECT id=3616680 via doris-1 rows=10187 [doris-1:f:up doris-2:M:up doris-3:f:up]
16:43:10 #116 OK SELECT id=3616680 via doris-1 rows=10187 [doris-1:f:up doris-2:M:up doris-3:f:up]
16:43:11 #117 OK SELECT id=3616680 via doris-1 rows=10187 [doris-1:f:up doris-2:M:up doris-3:f:up]
16:43:12 #118 OK SELECT id=3616680 via doris-1 rows=10185 [doris-1:f:up doris-2:M:up doris-3:f:up]
16:43:13 #119 OK SELECT id=3616680 via doris-1 rows=10185 [doris-1:f:up doris-2:M:up doris-3:f:up]
16:43:14 #120 OK SELECT id=3616680 via doris-1 rows=10187 [doris-1:f:up doris-2:M:up doris-3:f:up]
16:43:15 #121 OK SELECT id=3616680 via doris-1 rows=10187 [doris-1:f:up doris-2:M:up doris-3:f:up]
16:43:16 #122 OK SELECT id=3616680 via doris-1 rows=10187 [doris-1:f:up doris-2:M:up doris-3:f:up]
16:43:17 #123 OK SELECT id=3616680 via doris-1 rows=10185 [doris-1:f:up doris-2:M:up doris-3:f:up]
16:43:18 #124 OK SELECT id=3616680 via doris-1 rows=10185 [doris-1:f:up doris-2:M:up doris-3:f:up]
16:43:20 #125 OK SELECT id=3616680 via doris-1 rows=10187 [doris-1:f:up doris-2:M:up doris-3:f:up]
16:43:21 #126 OK SELECT id=3616680 via doris-1 rows=10187 [doris-1:f:up doris-2:M:up doris-3:f:up]
16:43:22 #127 OK SELECT id=3616680 via doris-1 rows=10187 [doris-1:f:up doris-2:M:up doris-3:f:up]
16:43:23 #128 OK SELECT id=3616680 via doris-1 rows=10185 [doris-1:f:up doris-2:M:up doris-3:f:up]
16:43:24 EVENT restore: systemctl start doris-be on doris-1
16:43:24 #129 OK SELECT id=3616680 via doris-1 rows=10185 [doris-1:f:up doris-2:M:up doris-3:f:up]
16:43:25 #130 OK SELECT id=3616680 via doris-1 rows=10187 [doris-1:f:up doris-2:M:up doris-3:f:up]
16:43:26 #131 OK SELECT id=3616680 via doris-1 rows=10187 [doris-1:f:up doris-2:M:up doris-3:f:up]
16:43:27 #132 OK SELECT id=3616680 via doris-1 rows=10187 [doris-1:f:up doris-2:M:up doris-3:f:up]
16:43:28 #133 OK SELECT id=3616680 via doris-1 rows=10185 [doris-1:f:up doris-2:M:up doris-3:f:up]
16:43:29 #134 OK SELECT id=3616680 via doris-1 rows=10185 [doris-1:f:up doris-2:M:up doris-3:f:up]
16:43:30 #135 OK SELECT id=3616680 via doris-1 rows=10187 [doris-1:f:up doris-2:M:up doris-3:f:up]
16:43:31 #136 OK SELECT id=3616680 via doris-1 rows=10187 [doris-1:f:up doris-2:M:up doris-3:f:up]
16:43:32 #137 OK SELECT id=3616680 via doris-1 rows=10187 [doris-1:f:up doris-2:M:up doris-3:f:up]
16:43:33 #138 OK SELECT id=3616680 via doris-1 rows=10185 [doris-1:f:up doris-2:M:up doris-3:f:up]
16:43:34 #139 OK SELECT id=3616680 via doris-1 rows=10185 [doris-1:f:up doris-2:M:up doris-3:f:up]
16:43:35 #140 OK SELECT id=3616680 via doris-1 rows=10187 [doris-1:f:up doris-2:M:up doris-3:f:up]
16:43:37 #141 OK SELECT id=3616680 via doris-1 rows=10187 [doris-1:f:up doris-2:M:up doris-3:f:up]
16:43:38 #142 OK SELECT id=3616680 via doris-1 rows=10187 [doris-1:f:up doris-2:M:up doris-3:f:up]
16:43:39 #143 OK SELECT id=3616680 via doris-1 rows=10185 [doris-1:f:up doris-2:M:up doris-3:f:up]
16:43:40 #144 OK SELECT id=3616680 via doris-1 rows=10185 [doris-1:f:up doris-2:M:up doris-3:f:up]
16:43:41 #145 OK SELECT id=3616680 via doris-1 rows=10187 [doris-1:f:up doris-2:M:up doris-3:f:up]
16:43:42 #146 OK SELECT id=3616680 via doris-1 rows=10187 [doris-1:f:up doris-2:M:up doris-3:f:up]
16:43:43 #147 OK SELECT id=3616680 via doris-1 rows=10187 [doris-1:f:up doris-2:M:up doris-3:f:up]
16:43:44 #148 OK SELECT id=3616680 via doris-1 rows=10185 [doris-1:f:up doris-2:M:up doris-3:f:up]
16:43:45 #149 OK SELECT id=3616680 via doris-1 rows=10185 [doris-1:f:up doris-2:M:up doris-3:f:up]
16:43:46 #150 OK SELECT id=3616680 via doris-1 rows=10187 [doris-1:f:up doris-2:M:up doris-3:f:up]
16:43:47 #151 OK SELECT id=3616680 via doris-1 rows=10187 [doris-1:f:up doris-2:M:up doris-3:f:up]
16:43:48 #152 OK SELECT id=3616680 via doris-1 rows=10187 [doris-1:f:up doris-2:M:up doris-3:f:up]
16:43:49 #153 OK SELECT id=3616680 via doris-1 rows=10185 [doris-1:f:up doris-2:M:up doris-3:f:up]
16:43:50 #154 OK SELECT id=3616680 via doris-1 rows=10185 [doris-1:f:up doris-2:M:up doris-3:f:up]
16:43:51 #155 OK SELECT id=3616680 via doris-1 rows=10187 [doris-1:f:up doris-2:M:up doris-3:f:up]
16:43:53 #156 OK SELECT id=3616680 via doris-1 rows=10187 [doris-1:f:up doris-2:M:up doris-3:f:up]
16:43:54 #157 OK SELECT id=3616680 via doris-1 rows=10187 [doris-1:f:up doris-2:M:up doris-3:f:up]
16:43:55 #158 OK SELECT id=3616680 via doris-1 rows=10185 [doris-1:f:up doris-2:M:up doris-3:f:up]
16:43:56 #159 OK SELECT id=3616680 via doris-1 rows=10185 [doris-1:f:up doris-2:M:up doris-3:f:up]
16:43:57 #160 OK SELECT id=3616680 via doris-1 rows=10187 [doris-1:f:up doris-2:M:up doris-3:f:up]
16:43:58 #161 OK SELECT id=3616680 via doris-1 rows=10187 [doris-1:f:up doris-2:M:up doris-3:f:up]
16:43:59 #162 OK SELECT id=3616680 via doris-1 rows=10187 [doris-1:f:up doris-2:M:up doris-3:f:up]
16:44:00 #163 OK SELECT id=3616680 via doris-1 rows=10185 [doris-1:f:up doris-2:M:up doris-3:f:up]
16:44:00 EVENT restore: cluster healthy
16:44:01 #164 OK SELECT id=3616680 via doris-1 rows=10185 [doris-1:f:up doris-2:M:up doris-3:f:up]
16:44:02 #165 OK SELECT id=3616680 via doris-1 rows=10187 [doris-1:f:up doris-2:M:up doris-3:f:up]
16:44:03 #166 OK SELECT id=3616680 via doris-1 rows=10187 [doris-1:f:up doris-2:M:up doris-3:f:up]
16:44:04 #167 OK SELECT id=3616680 via doris-1 rows=10187 [doris-1:f:up doris-2:M:up doris-3:f:up]
16:44:05 #168 OK SELECT id=3616680 via doris-1 rows=10185 [doris-1:f:up doris-2:M:up doris-3:f:up]
16:44:06 #169 OK SELECT id=3616680 via doris-1 rows=10185 [doris-1:f:up doris-2:M:up doris-3:f:up]
16:44:07 #170 OK SELECT id=3616680 via doris-1 rows=10187 [doris-1:f:up doris-2:M:up doris-3:f:up]
16:44:08 #171 OK SELECT id=3616680 via doris-1 rows=10187 [doris-1:f:up doris-2:M:up doris-3:f:up]
16:44:10 #172 OK SELECT id=3616680 via doris-1 rows=10187 [doris-1:f:up doris-2:M:up doris-3:f:up]
16:44:11 #173 OK SELECT id=3616680 via doris-1 rows=10185 [doris-1:f:up doris-2:M:up doris-3:f:up]
16:44:12 #174 OK SELECT id=3616680 via doris-1 rows=10185 [doris-1:f:up doris-2:M:up doris-3:f:up]
16:44:13 #175 OK SELECT id=3616680 via doris-1 rows=10187 [doris-1:f:up doris-2:M:up doris-3:f:up]
16:44:14 #176 OK SELECT id=3616680 via doris-1 rows=10187 [doris-1:f:up doris-2:M:up doris-3:f:up]
16:44:15 #177 OK SELECT id=3616680 via doris-1 rows=10187 [doris-1:f:up doris-2:M:up doris-3:f:up]
16:44:16 #178 OK SELECT id=3616680 via doris-1 rows=10185 [doris-1:f:up doris-2:M:up doris-3:f:up]
16:44:17 #179 OK SELECT id=3616680 via doris-1 rows=10185 [doris-1:f:up doris-2:M:up doris-3:f:up]
16:44:18 #180 OK SELECT id=3616680 via doris-1 rows=10187 [doris-1:f:up doris-2:M:up doris-3:f:up]
16:44:19 #181 OK SELECT id=3616680 via doris-1 rows=10187 [doris-1:f:up doris-2:M:up doris-3:f:up]
16:44:20 #182 OK SELECT id=3616680 via doris-1 rows=10187 [doris-1:f:up doris-2:M:up doris-3:f:up]
16:44:21 #183 OK SELECT id=3616680 via doris-1 rows=10185 [doris-1:f:up doris-2:M:up doris-3:f:up]
16:44:22 #184 OK SELECT id=3616680 via doris-1 rows=10185 [doris-1:f:up doris-2:M:up doris-3:f:up]
16:44:23 #185 OK SELECT id=3616680 via doris-1 rows=10187 [doris-1:f:up doris-2:M:up doris-3:f:up]
16:44:24 #186 OK SELECT id=3616680 via doris-1 rows=10187 [doris-1:f:up doris-2:M:up doris-3:f:up]
16:44:25 #187 OK SELECT id=3616680 via doris-1 rows=10187 [doris-1:f:up doris-2:M:up doris-3:f:up]
16:44:27 #188 OK SELECT id=3616680 via doris-1 rows=10185 [doris-1:f:up doris-2:M:up doris-3:f:up]
16:44:28 #189 OK SELECT id=3616680 via doris-1 rows=10185 [doris-1:f:up doris-2:M:up doris-3:f:up]
16:44:29 #190 OK SELECT id=3616680 via doris-1 rows=10187 [doris-1:f:up doris-2:M:up doris-3:f:up]
16:44:30 #191 OK SELECT id=3616680 via doris-1 rows=10187 [doris-1:f:up doris-2:M:up doris-3:f:up]
16:44:31 #192 OK SELECT id=3616680 via doris-1 rows=10187 [doris-1:f:up doris-2:M:up doris-3:f:up]
16:44:32 #193 OK SELECT id=3616680 via doris-1 rows=10185 [doris-1:f:up doris-2:M:up doris-3:f:up]
16:44:33 #194 OK SELECT id=3616680 via doris-1 rows=10185 [doris-1:f:up doris-2:M:up doris-3:f:up]
16:44:34 #195 OK SELECT id=3616680 via doris-1 rows=10187 [doris-1:f:up doris-2:M:up doris-3:f:up]
16:44:35 #196 OK SELECT id=3616680 via doris-1 rows=10187 [doris-1:f:up doris-2:M:up doris-3:f:up]
16:44:36 #197 OK SELECT id=3616680 via doris-1 rows=10187 [doris-1:f:up doris-2:M:up doris-3:f:up]
16:44:37 #198 OK SELECT id=3616680 via doris-1 rows=10185 [doris-1:f:up doris-2:M:up doris-3:f:up]
16:44:38 #199 OK SELECT id=3616680 via doris-1 rows=10185 [doris-1:f:up doris-2:M:up doris-3:f:up]
16:44:39 #200 OK SELECT id=3616680 via doris-1 rows=10187 [doris-1:f:up doris-2:M:up doris-3:f:up]
16:44:40 #201 OK SELECT id=3616680 via doris-1 rows=10187 [doris-1:f:up doris-2:M:up doris-3:f:up]
16:44:41 #202 OK SELECT id=3616680 via doris-1 rows=10187 [doris-1:f:up doris-2:M:up doris-3:f:up]
