16:41:08 PROBE start proto=jdbc hosts=doris-1,doris-2,doris-3 duration=86400s cycle=INSERT>UPSERT>SELECT>DELETE>SELECT url=jdbc:mysql://10.140.0.2:9030,10.140.0.3:9030,10.140.0.4:9030/hatest
16:41:08 connected to doris-1 (driver-selected host)
16:41:08 #1 OK INSERT id=2616680 via doris-1 rows=10187 [doris-1:f:up doris-2:M:up doris-3:f:up]
16:41:09 #2 OK UPSERT id=2616680 via doris-1 rows=10187 [doris-1:f:up doris-2:M:up doris-3:f:up]
16:41:10 #3 OK SELECT id=2616680 via doris-1 rows=10187 [doris-1:f:up doris-2:M:up doris-3:f:up]
16:41:12 #4 OK DELETE id=2616680 via doris-1 rows=10185 [doris-1:f:up doris-2:M:up doris-3:f:up]
16:41:13 #5 OK SELECT id=2616680 via doris-1 rows=10185 [doris-1:f:up doris-2:M:up doris-3:f:up]
16:41:14 #6 OK INSERT id=2616681 via doris-1 rows=10187 [doris-1:f:up doris-2:M:up doris-3:f:up]
16:41:15 #7 OK UPSERT id=2616681 via doris-1 rows=10187 [doris-1:f:up doris-2:M:up doris-3:f:up]
16:41:16 #8 OK SELECT id=2616681 via doris-1 rows=10187 [doris-1:f:up doris-2:M:up doris-3:f:up]
16:41:17 #9 OK DELETE id=2616681 via doris-1 rows=10185 [doris-1:f:up doris-2:M:up doris-3:f:up]
16:41:18 #10 OK SELECT id=2616681 via doris-1 rows=10185 [doris-1:f:up doris-2:M:up doris-3:f:up]
16:41:19 #11 OK INSERT id=2616682 via doris-1 rows=10187 [doris-1:f:up doris-2:M:up doris-3:f:up]
16:41:20 #12 OK UPSERT id=2616682 via doris-1 rows=10187 [doris-1:f:up doris-2:M:up doris-3:f:up]
16:41:21 #13 OK SELECT id=2616682 via doris-1 rows=10187 [doris-1:f:up doris-2:M:up doris-3:f:up]
16:41:22 #14 OK DELETE id=2616682 via doris-1 rows=10185 [doris-1:f:up doris-2:M:up doris-3:f:up]
16:41:23 #15 OK SELECT id=2616682 via doris-1 rows=10185 [doris-1:f:up doris-2:M:up doris-3:f:up]
16:41:24 #16 OK INSERT id=2616683 via doris-1 rows=10187 [doris-1:f:up doris-2:M:up doris-3:f:up]
16:41:25 #17 OK UPSERT id=2616683 via doris-1 rows=10187 [doris-1:f:up doris-2:M:up doris-3:f:up]
16:41:27 #18 OK SELECT id=2616683 via doris-1 rows=10187 [doris-1:f:up doris-2:M:up doris-3:f:up]
16:41:28 #19 OK DELETE id=2616683 via doris-1 rows=10185 [doris-1:f:up doris-2:M:up doris-3:f:up]
16:41:29 #20 OK SELECT id=2616683 via doris-1 rows=10185 [doris-1:f:up doris-2:M:up doris-3:f:up]
16:41:30 #21 OK INSERT id=2616684 via doris-1 rows=10187 [doris-1:f:up doris-2:M:up doris-3:f:up]
16:41:31 #22 OK UPSERT id=2616684 via doris-1 rows=10187 [doris-1:f:up doris-2:M:up doris-3:f:up]
16:41:32 #23 OK SELECT id=2616684 via doris-1 rows=10187 [doris-1:f:up doris-2:M:up doris-3:f:up]
16:41:33 #24 OK DELETE id=2616684 via doris-1 rows=10185 [doris-1:f:up doris-2:M:up doris-3:f:up]
16:41:34 #25 OK SELECT id=2616684 via doris-1 rows=10185 [doris-1:f:up doris-2:M:up doris-3:f:up]
16:41:35 #26 OK INSERT id=2616685 via doris-1 rows=10187 [doris-1:f:up doris-2:M:up doris-3:f:up]
16:41:36 #27 OK UPSERT id=2616685 via doris-1 rows=10187 [doris-1:f:up doris-2:M:up doris-3:f:up]
16:41:37 #28 OK SELECT id=2616685 via doris-1 rows=10187 [doris-1:f:up doris-2:M:up doris-3:f:up]
16:41:38 #29 OK DELETE id=2616685 via doris-1 rows=10185 [doris-1:f:up doris-2:M:up doris-3:f:up]
16:41:39 #30 OK SELECT id=2616685 via doris-1 rows=10185 [doris-1:f:up doris-2:M:up doris-3:f:up]
16:41:40 #31 OK INSERT id=2616686 via doris-1 rows=10187 [doris-1:f:up doris-2:M:up doris-3:f:up]
16:41:42 #32 OK UPSERT id=2616686 via doris-1 rows=10187 [doris-1:f:up doris-2:M:up doris-3:f:up]
16:41:42 EVENT break: be dead on doris-1 (FE follower)
16:41:43 #33 OK SELECT id=2616686 via doris-1 rows=10187 [doris-1:f:up doris-2:M:up doris-3:f:up]
16:41:44 #34 OK DELETE id=2616686 via doris-1 rows=10185 [doris-1:f:up doris-2:M:up doris-3:f:up]
16:41:45 #35 FAIL SELECT id=2616686 via doris-1: SQLException: RpcException, msg: send fragments failed. io.grpc.StatusRuntimeException: UNAVAILABLE: io exception, host: 10.
16:41:46 connected to doris-1 (driver-selected host)
16:41:48 #36 OK INSERT id=2616687 via doris-1 rows=10186 [doris-1:f:up doris-2:M:up doris-3:f:up] (recovered)
16:41:49 #37 OK UPSERT id=2616687 via doris-1 rows=10187 [doris-1:f:up doris-2:M:up doris-3:f:up]
16:41:50 #38 OK SELECT id=2616687 via doris-1 rows=10187 [doris-1:f:up doris-2:M:up doris-3:f:up]
16:41:51 #39 OK DELETE id=2616687 via doris-1 rows=10185 [doris-1:f:up doris-2:M:up doris-3:f:up]
16:41:52 #40 OK SELECT id=2616687 via doris-1 rows=10185 [doris-1:f:up doris-2:M:up doris-3:f:up]
16:41:53 #41 OK INSERT id=2616688 via doris-1 rows=10187 [doris-1:f:up doris-2:M:up doris-3:f:up]
16:41:54 #42 OK UPSERT id=2616688 via doris-1 rows=10187 [doris-1:f:up doris-2:M:up doris-3:f:up]
16:41:55 #43 OK SELECT id=2616688 via doris-1 rows=10187 [doris-1:f:up doris-2:M:up doris-3:f:up]
16:41:57 #44 OK DELETE id=2616688 via doris-1 rows=10185 [doris-1:f:up doris-2:M:up doris-3:f:up]
16:41:58 #45 OK SELECT id=2616688 via doris-1 rows=10185 [doris-1:f:up doris-2:M:up doris-3:f:up]
16:41:59 #46 OK INSERT id=2616689 via doris-1 rows=10187 [doris-1:f:up doris-2:M:up doris-3:f:up]
16:42:00 #47 OK UPSERT id=2616689 via doris-1 rows=10187 [doris-1:f:up doris-2:M:up doris-3:f:up]
16:42:01 #48 OK SELECT id=2616689 via doris-1 rows=10187 [doris-1:f:up doris-2:M:up doris-3:f:up]
16:42:02 #49 OK DELETE id=2616689 via doris-1 rows=10185 [doris-1:f:up doris-2:M:up doris-3:f:up]
16:42:03 #50 OK SELECT id=2616689 via doris-1 rows=10185 [doris-1:f:up doris-2:M:up doris-3:f:up]
16:42:04 #51 OK INSERT id=2616690 via doris-1 rows=10187 [doris-1:f:up doris-2:M:up doris-3:f:up]
16:42:05 #52 OK UPSERT id=2616690 via doris-1 rows=10187 [doris-1:f:up doris-2:M:up doris-3:f:up]
16:42:06 #53 OK SELECT id=2616690 via doris-1 rows=10187 [doris-1:f:up doris-2:M:up doris-3:f:up]
16:42:07 #54 OK DELETE id=2616690 via doris-1 rows=10185 [doris-1:f:up doris-2:M:up doris-3:f:up]
16:42:08 #55 OK SELECT id=2616690 via doris-1 rows=10185 [doris-1:f:up doris-2:M:up doris-3:f:up]
16:42:09 #56 OK INSERT id=2616691 via doris-1 rows=10187 [doris-1:f:up doris-2:M:up doris-3:f:up]
16:42:10 #57 OK UPSERT id=2616691 via doris-1 rows=10187 [doris-1:f:up doris-2:M:up doris-3:f:up]
16:42:11 #58 OK SELECT id=2616691 via doris-1 rows=10187 [doris-1:f:up doris-2:M:up doris-3:f:up]
16:42:13 #59 OK DELETE id=2616691 via doris-1 rows=10185 [doris-1:f:up doris-2:M:up doris-3:f:up]
16:42:14 #60 OK SELECT id=2616691 via doris-1 rows=10185 [doris-1:f:up doris-2:M:up doris-3:f:up]
16:42:15 #61 OK INSERT id=2616692 via doris-1 rows=10187 [doris-1:f:up doris-2:M:up doris-3:f:up]
16:42:16 #62 OK UPSERT id=2616692 via doris-1 rows=10187 [doris-1:f:up doris-2:M:up doris-3:f:up]
16:42:17 #63 OK SELECT id=2616692 via doris-1 rows=10187 [doris-1:f:up doris-2:M:up doris-3:f:up]
16:42:18 #64 OK DELETE id=2616692 via doris-1 rows=10185 [doris-1:f:up doris-2:M:up doris-3:f:up]
16:42:19 #65 OK SELECT id=2616692 via doris-1 rows=10185 [doris-1:f:up doris-2:M:up doris-3:f:up]
16:42:20 #66 OK INSERT id=2616693 via doris-1 rows=10187 [doris-1:f:up doris-2:M:up doris-3:f:up]
16:42:21 #67 OK UPSERT id=2616693 via doris-1 rows=10187 [doris-1:f:up doris-2:M:up doris-3:f:up]
16:42:22 #68 OK SELECT id=2616693 via doris-1 rows=10187 [doris-1:f:up doris-2:M:up doris-3:f:up]
16:42:23 #69 OK DELETE id=2616693 via doris-1 rows=10185 [doris-1:f:up doris-2:M:up doris-3:f:up]
16:42:24 #70 OK SELECT id=2616693 via doris-1 rows=10185 [doris-1:f:up doris-2:M:up doris-3:f:up]
16:42:25 #71 OK INSERT id=2616694 via doris-1 rows=10187 [doris-1:f:up doris-2:M:up doris-3:f:up]
16:42:27 #72 OK UPSERT id=2616694 via doris-1 rows=10187 [doris-1:f:up doris-2:M:up doris-3:f:up]
16:42:28 #73 OK SELECT id=2616694 via doris-1 rows=10187 [doris-1:f:up doris-2:M:up doris-3:f:up]
16:42:29 #74 OK DELETE id=2616694 via doris-1 rows=10185 [doris-1:f:up doris-2:M:up doris-3:f:up]
16:42:30 #75 OK SELECT id=2616694 via doris-1 rows=10185 [doris-1:f:up doris-2:M:up doris-3:f:up]
16:42:31 #76 OK INSERT id=2616695 via doris-1 rows=10187 [doris-1:f:up doris-2:M:up doris-3:f:up]
16:42:32 #77 OK UPSERT id=2616695 via doris-1 rows=10187 [doris-1:f:up doris-2:M:up doris-3:f:up]
16:42:33 #78 OK SELECT id=2616695 via doris-1 rows=10187 [doris-1:f:up doris-2:M:up doris-3:f:up]
16:42:34 #79 OK DELETE id=2616695 via doris-1 rows=10185 [doris-1:f:up doris-2:M:up doris-3:f:up]
16:42:35 #80 OK SELECT id=2616695 via doris-1 rows=10185 [doris-1:f:up doris-2:M:up doris-3:f:up]
16:42:36 #81 OK INSERT id=2616696 via doris-1 rows=10187 [doris-1:f:up doris-2:M:up doris-3:f:up]
16:42:37 #82 OK UPSERT id=2616696 via doris-1 rows=10187 [doris-1:f:up doris-2:M:up doris-3:f:up]
16:42:38 #83 OK SELECT id=2616696 via doris-1 rows=10187 [doris-1:f:up doris-2:M:up doris-3:f:up]
16:42:39 #84 OK DELETE id=2616696 via doris-1 rows=10185 [doris-1:f:up doris-2:M:up doris-3:f:up]
16:42:41 #85 OK SELECT id=2616696 via doris-1 rows=10185 [doris-1:f:up doris-2:M:up doris-3:f:up]
16:42:42 #86 OK INSERT id=2616697 via doris-1 rows=10187 [doris-1:f:up doris-2:M:up doris-3:f:up]
16:42:43 #87 OK UPSERT id=2616697 via doris-1 rows=10187 [doris-1:f:up doris-2:M:up doris-3:f:up]
16:42:44 #88 OK SELECT id=2616697 via doris-1 rows=10187 [doris-1:f:up doris-2:M:up doris-3:f:up]
16:42:45 #89 OK DELETE id=2616697 via doris-1 rows=10185 [doris-1:f:up doris-2:M:up doris-3:f:up]
16:42:46 #90 OK SELECT id=2616697 via doris-1 rows=10185 [doris-1:f:up doris-2:M:up doris-3:f:up]
16:42:47 #91 OK INSERT id=2616698 via doris-1 rows=10187 [doris-1:f:up doris-2:M:up doris-3:f:up]
16:42:48 #92 OK UPSERT id=2616698 via doris-1 rows=10187 [doris-1:f:up doris-2:M:up doris-3:f:up]
16:42:49 #93 OK SELECT id=2616698 via doris-1 rows=10187 [doris-1:f:up doris-2:M:up doris-3:f:up]
16:42:50 #94 OK DELETE id=2616698 via doris-1 rows=10185 [doris-1:f:up doris-2:M:up doris-3:f:up]
16:42:51 #95 OK SELECT id=2616698 via doris-1 rows=10185 [doris-1:f:up doris-2:M:up doris-3:f:up]
16:42:52 #96 OK INSERT id=2616699 via doris-1 rows=10187 [doris-1:f:up doris-2:M:up doris-3:f:up]
16:42:53 #97 OK UPSERT id=2616699 via doris-1 rows=10187 [doris-1:f:up doris-2:M:up doris-3:f:up]
16:42:54 #98 OK SELECT id=2616699 via doris-1 rows=10187 [doris-1:f:up doris-2:M:up doris-3:f:up]
16:42:56 #99 OK DELETE id=2616699 via doris-1 rows=10185 [doris-1:f:up doris-2:M:up doris-3:f:up]
16:42:57 #100 OK SELECT id=2616699 via doris-1 rows=10185 [doris-1:f:up doris-2:M:up doris-3:f:up]
16:42:58 #101 OK INSERT id=2616700 via doris-1 rows=10187 [doris-1:f:up doris-2:M:up doris-3:f:up]
16:42:59 #102 OK UPSERT id=2616700 via doris-1 rows=10187 [doris-1:f:up doris-2:M:up doris-3:f:up]
16:43:00 #103 OK SELECT id=2616700 via doris-1 rows=10187 [doris-1:f:up doris-2:M:up doris-3:f:up]
16:43:01 #104 OK DELETE id=2616700 via doris-1 rows=10185 [doris-1:f:up doris-2:M:up doris-3:f:up]
16:43:02 #105 OK SELECT id=2616700 via doris-1 rows=10185 [doris-1:f:up doris-2:M:up doris-3:f:up]
16:43:03 #106 OK INSERT id=2616701 via doris-1 rows=10187 [doris-1:f:up doris-2:M:up doris-3:f:up]
16:43:04 #107 OK UPSERT id=2616701 via doris-1 rows=10187 [doris-1:f:up doris-2:M:up doris-3:f:up]
16:43:05 #108 OK SELECT id=2616701 via doris-1 rows=10187 [doris-1:f:up doris-2:M:up doris-3:f:up]
16:43:06 #109 OK DELETE id=2616701 via doris-1 rows=10185 [doris-1:f:up doris-2:M:up doris-3:f:up]
16:43:07 #110 OK SELECT id=2616701 via doris-1 rows=10185 [doris-1:f:up doris-2:M:up doris-3:f:up]
16:43:08 #111 OK INSERT id=2616702 via doris-1 rows=10187 [doris-1:f:up doris-2:M:up doris-3:f:up]
16:43:09 #112 OK UPSERT id=2616702 via doris-1 rows=10187 [doris-1:f:up doris-2:M:up doris-3:f:up]
16:43:10 #113 OK SELECT id=2616702 via doris-1 rows=10187 [doris-1:f:up doris-2:M:up doris-3:f:up]
16:43:11 #114 OK DELETE id=2616702 via doris-1 rows=10185 [doris-1:f:up doris-2:M:up doris-3:f:up]
16:43:13 #115 OK SELECT id=2616702 via doris-1 rows=10185 [doris-1:f:up doris-2:M:up doris-3:f:up]
16:43:14 #116 OK INSERT id=2616703 via doris-1 rows=10187 [doris-1:f:up doris-2:M:up doris-3:f:up]
16:43:15 #117 OK UPSERT id=2616703 via doris-1 rows=10187 [doris-1:f:up doris-2:M:up doris-3:f:up]
16:43:16 #118 OK SELECT id=2616703 via doris-1 rows=10187 [doris-1:f:up doris-2:M:up doris-3:f:up]
16:43:17 #119 OK DELETE id=2616703 via doris-1 rows=10185 [doris-1:f:up doris-2:M:up doris-3:f:up]
16:43:18 #120 OK SELECT id=2616703 via doris-1 rows=10185 [doris-1:f:up doris-2:M:up doris-3:f:up]
16:43:19 #121 OK INSERT id=2616704 via doris-1 rows=10187 [doris-1:f:up doris-2:M:up doris-3:f:up]
16:43:20 #122 OK UPSERT id=2616704 via doris-1 rows=10187 [doris-1:f:up doris-2:M:up doris-3:f:up]
16:43:21 #123 OK SELECT id=2616704 via doris-1 rows=10187 [doris-1:f:up doris-2:M:up doris-3:f:up]
16:43:22 #124 OK DELETE id=2616704 via doris-1 rows=10185 [doris-1:f:up doris-2:M:up doris-3:f:up]
16:43:23 #125 OK SELECT id=2616704 via doris-1 rows=10185 [doris-1:f:up doris-2:M:up doris-3:f:up]
16:43:24 EVENT restore: systemctl start doris-be on doris-1
16:43:24 #126 OK INSERT id=2616705 via doris-1 rows=10187 [doris-1:f:up doris-2:M:up doris-3:f:up]
16:43:25 #127 OK UPSERT id=2616705 via doris-1 rows=10187 [doris-1:f:up doris-2:M:up doris-3:f:up]
16:43:26 #128 OK SELECT id=2616705 via doris-1 rows=10187 [doris-1:f:up doris-2:M:up doris-3:f:up]
16:43:28 #129 OK DELETE id=2616705 via doris-1 rows=10185 [doris-1:f:up doris-2:M:up doris-3:f:up]
16:43:29 #130 OK SELECT id=2616705 via doris-1 rows=10185 [doris-1:f:up doris-2:M:up doris-3:f:up]
16:43:30 #131 OK INSERT id=2616706 via doris-1 rows=10187 [doris-1:f:up doris-2:M:up doris-3:f:up]
16:43:31 #132 OK UPSERT id=2616706 via doris-1 rows=10187 [doris-1:f:up doris-2:M:up doris-3:f:up]
16:43:32 #133 OK SELECT id=2616706 via doris-1 rows=10187 [doris-1:f:up doris-2:M:up doris-3:f:up]
16:43:33 #134 OK DELETE id=2616706 via doris-1 rows=10185 [doris-1:f:up doris-2:M:up doris-3:f:up]
16:43:34 #135 OK SELECT id=2616706 via doris-1 rows=10185 [doris-1:f:up doris-2:M:up doris-3:f:up]
16:43:35 #136 OK INSERT id=2616707 via doris-1 rows=10187 [doris-1:f:up doris-2:M:up doris-3:f:up]
16:43:36 #137 OK UPSERT id=2616707 via doris-1 rows=10187 [doris-1:f:up doris-2:M:up doris-3:f:up]
16:43:37 #138 OK SELECT id=2616707 via doris-1 rows=10187 [doris-1:f:up doris-2:M:up doris-3:f:up]
16:43:38 #139 OK DELETE id=2616707 via doris-1 rows=10185 [doris-1:f:up doris-2:M:up doris-3:f:up]
16:43:39 #140 OK SELECT id=2616707 via doris-1 rows=10185 [doris-1:f:up doris-2:M:up doris-3:f:up]
16:43:40 #141 OK INSERT id=2616708 via doris-1 rows=10187 [doris-1:f:up doris-2:M:up doris-3:f:up]
16:43:41 #142 OK UPSERT id=2616708 via doris-1 rows=10187 [doris-1:f:up doris-2:M:up doris-3:f:up]
16:43:42 #143 OK SELECT id=2616708 via doris-1 rows=10187 [doris-1:f:up doris-2:M:up doris-3:f:up]
16:43:44 #144 OK DELETE id=2616708 via doris-1 rows=10185 [doris-1:f:up doris-2:M:up doris-3:f:up]
16:43:45 #145 OK SELECT id=2616708 via doris-1 rows=10185 [doris-1:f:up doris-2:M:up doris-3:f:up]
16:43:46 #146 OK INSERT id=2616709 via doris-1 rows=10187 [doris-1:f:up doris-2:M:up doris-3:f:up]
16:43:47 #147 OK UPSERT id=2616709 via doris-1 rows=10187 [doris-1:f:up doris-2:M:up doris-3:f:up]
16:43:48 #148 OK SELECT id=2616709 via doris-1 rows=10187 [doris-1:f:up doris-2:M:up doris-3:f:up]
16:43:49 #149 OK DELETE id=2616709 via doris-1 rows=10185 [doris-1:f:up doris-2:M:up doris-3:f:up]
16:43:50 #150 OK SELECT id=2616709 via doris-1 rows=10185 [doris-1:f:up doris-2:M:up doris-3:f:up]
16:43:51 #151 OK INSERT id=2616710 via doris-1 rows=10187 [doris-1:f:up doris-2:M:up doris-3:f:up]
16:43:52 #152 OK UPSERT id=2616710 via doris-1 rows=10187 [doris-1:f:up doris-2:M:up doris-3:f:up]
16:43:53 #153 OK SELECT id=2616710 via doris-1 rows=10187 [doris-1:f:up doris-2:M:up doris-3:f:up]
16:43:54 #154 OK DELETE id=2616710 via doris-1 rows=10185 [doris-1:f:up doris-2:M:up doris-3:f:up]
16:43:55 #155 OK SELECT id=2616710 via doris-1 rows=10185 [doris-1:f:up doris-2:M:up doris-3:f:up]
16:43:56 #156 OK INSERT id=2616711 via doris-1 rows=10187 [doris-1:f:up doris-2:M:up doris-3:f:up]
16:43:57 #157 OK UPSERT id=2616711 via doris-1 rows=10187 [doris-1:f:up doris-2:M:up doris-3:f:up]
16:43:59 #158 OK SELECT id=2616711 via doris-1 rows=10187 [doris-1:f:up doris-2:M:up doris-3:f:up]
16:44:00 #159 OK DELETE id=2616711 via doris-1 rows=10185 [doris-1:f:up doris-2:M:up doris-3:f:up]
16:44:00 EVENT restore: cluster healthy
16:44:01 #160 OK SELECT id=2616711 via doris-1 rows=10185 [doris-1:f:up doris-2:M:up doris-3:f:up]
16:44:02 #161 OK INSERT id=2616712 via doris-1 rows=10187 [doris-1:f:up doris-2:M:up doris-3:f:up]
16:44:03 #162 OK UPSERT id=2616712 via doris-1 rows=10187 [doris-1:f:up doris-2:M:up doris-3:f:up]
16:44:04 #163 OK SELECT id=2616712 via doris-1 rows=10187 [doris-1:f:up doris-2:M:up doris-3:f:up]
16:44:05 #164 OK DELETE id=2616712 via doris-1 rows=10185 [doris-1:f:up doris-2:M:up doris-3:f:up]
16:44:06 #165 OK SELECT id=2616712 via doris-1 rows=10185 [doris-1:f:up doris-2:M:up doris-3:f:up]
16:44:07 #166 OK INSERT id=2616713 via doris-1 rows=10187 [doris-1:f:up doris-2:M:up doris-3:f:up]
16:44:08 #167 OK UPSERT id=2616713 via doris-1 rows=10187 [doris-1:f:up doris-2:M:up doris-3:f:up]
16:44:09 #168 OK SELECT id=2616713 via doris-1 rows=10187 [doris-1:f:up doris-2:M:up doris-3:f:up]
16:44:10 #169 OK DELETE id=2616713 via doris-1 rows=10185 [doris-1:f:up doris-2:M:up doris-3:f:up]
16:44:11 #170 OK SELECT id=2616713 via doris-1 rows=10185 [doris-1:f:up doris-2:M:up doris-3:f:up]
16:44:12 #171 OK INSERT id=2616714 via doris-1 rows=10187 [doris-1:f:up doris-2:M:up doris-3:f:up]
16:44:13 #172 OK UPSERT id=2616714 via doris-1 rows=10187 [doris-1:f:up doris-2:M:up doris-3:f:up]
16:44:15 #173 OK SELECT id=2616714 via doris-1 rows=10187 [doris-1:f:up doris-2:M:up doris-3:f:up]
16:44:16 #174 OK DELETE id=2616714 via doris-1 rows=10185 [doris-1:f:up doris-2:M:up doris-3:f:up]
16:44:17 #175 OK SELECT id=2616714 via doris-1 rows=10185 [doris-1:f:up doris-2:M:up doris-3:f:up]
16:44:18 #176 OK INSERT id=2616715 via doris-1 rows=10187 [doris-1:f:up doris-2:M:up doris-3:f:up]
16:44:19 #177 OK UPSERT id=2616715 via doris-1 rows=10187 [doris-1:f:up doris-2:M:up doris-3:f:up]
16:44:20 #178 OK SELECT id=2616715 via doris-1 rows=10187 [doris-1:f:up doris-2:M:up doris-3:f:up]
16:44:21 #179 OK DELETE id=2616715 via doris-1 rows=10185 [doris-1:f:up doris-2:M:up doris-3:f:up]
16:44:22 #180 OK SELECT id=2616715 via doris-1 rows=10185 [doris-1:f:up doris-2:M:up doris-3:f:up]
16:44:23 #181 OK INSERT id=2616716 via doris-1 rows=10187 [doris-1:f:up doris-2:M:up doris-3:f:up]
16:44:24 #182 OK UPSERT id=2616716 via doris-1 rows=10187 [doris-1:f:up doris-2:M:up doris-3:f:up]
16:44:25 #183 OK SELECT id=2616716 via doris-1 rows=10187 [doris-1:f:up doris-2:M:up doris-3:f:up]
16:44:26 #184 OK DELETE id=2616716 via doris-1 rows=10185 [doris-1:f:up doris-2:M:up doris-3:f:up]
16:44:27 #185 OK SELECT id=2616716 via doris-1 rows=10185 [doris-1:f:up doris-2:M:up doris-3:f:up]
16:44:28 #186 OK INSERT id=2616717 via doris-1 rows=10187 [doris-1:f:up doris-2:M:up doris-3:f:up]
16:44:30 #187 OK UPSERT id=2616717 via doris-1 rows=10187 [doris-1:f:up doris-2:M:up doris-3:f:up]
16:44:31 #188 OK SELECT id=2616717 via doris-1 rows=10187 [doris-1:f:up doris-2:M:up doris-3:f:up]
16:44:32 #189 OK DELETE id=2616717 via doris-1 rows=10185 [doris-1:f:up doris-2:M:up doris-3:f:up]
16:44:33 #190 OK SELECT id=2616717 via doris-1 rows=10185 [doris-1:f:up doris-2:M:up doris-3:f:up]
16:44:34 #191 OK INSERT id=2616718 via doris-1 rows=10187 [doris-1:f:up doris-2:M:up doris-3:f:up]
16:44:35 #192 OK UPSERT id=2616718 via doris-1 rows=10187 [doris-1:f:up doris-2:M:up doris-3:f:up]
16:44:36 #193 OK SELECT id=2616718 via doris-1 rows=10187 [doris-1:f:up doris-2:M:up doris-3:f:up]
16:44:37 #194 OK DELETE id=2616718 via doris-1 rows=10185 [doris-1:f:up doris-2:M:up doris-3:f:up]
16:44:38 #195 OK SELECT id=2616718 via doris-1 rows=10185 [doris-1:f:up doris-2:M:up doris-3:f:up]
16:44:39 #196 OK INSERT id=2616719 via doris-1 rows=10187 [doris-1:f:up doris-2:M:up doris-3:f:up]
16:44:40 #197 OK UPSERT id=2616719 via doris-1 rows=10187 [doris-1:f:up doris-2:M:up doris-3:f:up]
