00:25:27 PROBE start proto=mysql hosts=doris-1,doris-2,doris-3 duration=86400s cycle=INSERT>UPSERT>SELECT>DELETE>SELECT
00:25:28 connected to doris-1 (10.140.0.2)
00:25:28 #1 OK INSERT id=1575270 via doris-1 rows=10043 [doris-1:f:up doris-2:f:up doris-3:M:up]
00:25:29 #2 OK UPSERT id=1575270 via doris-1 rows=10044 [doris-1:f:up doris-2:f:up doris-3:M:up]
00:25:30 #3 OK SELECT id=1575270 via doris-1 rows=10044 [doris-1:f:up doris-2:f:up doris-3:M:up]
00:25:31 #4 OK DELETE id=1575270 via doris-1 rows=10043 [doris-1:f:up doris-2:f:up doris-3:M:up]
00:25:32 #5 OK SELECT id=1575270 via doris-1 rows=10042 [doris-1:f:up doris-2:f:up doris-3:M:up]
00:25:33 #6 OK INSERT id=1575271 via doris-1 rows=10043 [doris-1:f:up doris-2:f:up doris-3:M:up]
00:25:34 #7 OK UPSERT id=1575271 via doris-1 rows=10044 [doris-1:f:up doris-2:f:up doris-3:M:up]
00:25:35 #8 OK SELECT id=1575271 via doris-1 rows=10044 [doris-1:f:up doris-2:f:up doris-3:M:up]
00:25:36 #9 OK DELETE id=1575271 via doris-1 rows=10043 [doris-1:f:up doris-2:f:up doris-3:M:up]
00:25:37 #10 OK SELECT id=1575271 via doris-1 rows=10042 [doris-1:f:up doris-2:f:up doris-3:M:up]
00:25:38 #11 OK INSERT id=1575272 via doris-1 rows=10043 [doris-1:f:up doris-2:f:up doris-3:M:up]
00:25:39 #12 OK UPSERT id=1575272 via doris-1 rows=10044 [doris-1:f:up doris-2:f:up doris-3:M:up]
00:25:40 #13 OK SELECT id=1575272 via doris-1 rows=10044 [doris-1:f:up doris-2:f:up doris-3:M:up]
00:25:41 #14 OK DELETE id=1575272 via doris-1 rows=10043 [doris-1:f:up doris-2:f:up doris-3:M:up]
00:25:42 #15 OK SELECT id=1575272 via doris-1 rows=10042 [doris-1:f:up doris-2:f:up doris-3:M:up]
00:25:43 #16 OK INSERT id=1575273 via doris-1 rows=10043 [doris-1:f:up doris-2:f:up doris-3:M:up]
00:25:45 #17 OK UPSERT id=1575273 via doris-1 rows=10044 [doris-1:f:up doris-2:f:up doris-3:M:up]
00:25:46 #18 OK SELECT id=1575273 via doris-1 rows=10044 [doris-1:f:up doris-2:f:up doris-3:M:up]
00:25:47 #19 OK DELETE id=1575273 via doris-1 rows=10043 [doris-1:f:up doris-2:f:up doris-3:M:up]
00:25:48 #20 OK SELECT id=1575273 via doris-1 rows=10042 [doris-1:f:up doris-2:f:up doris-3:M:up]
00:25:49 #21 OK INSERT id=1575274 via doris-1 rows=10043 [doris-1:f:up doris-2:f:up doris-3:M:up]
00:25:50 #22 OK UPSERT id=1575274 via doris-1 rows=10044 [doris-1:f:up doris-2:f:up doris-3:M:up]
00:25:51 #23 OK SELECT id=1575274 via doris-1 rows=10044 [doris-1:f:up doris-2:f:up doris-3:M:up]
00:25:52 #24 OK DELETE id=1575274 via doris-1 rows=10043 [doris-1:f:up doris-2:f:up doris-3:M:up]
00:25:53 #25 OK SELECT id=1575274 via doris-1 rows=10042 [doris-1:f:up doris-2:f:up doris-3:M:up]
00:25:54 #26 OK INSERT id=1575275 via doris-1 rows=10043 [doris-1:f:up doris-2:f:up doris-3:M:up]
00:25:55 #27 OK UPSERT id=1575275 via doris-1 rows=10044 [doris-1:f:up doris-2:f:up doris-3:M:up]
00:25:56 #28 OK SELECT id=1575275 via doris-1 rows=10044 [doris-1:f:up doris-2:f:up doris-3:M:up]
00:25:57 #29 OK DELETE id=1575275 via doris-1 rows=10043 [doris-1:f:up doris-2:f:up doris-3:M:up]
00:25:58 #30 OK SELECT id=1575275 via doris-1 rows=10042 [doris-1:f:up doris-2:f:up doris-3:M:up]
00:25:59 #31 OK INSERT id=1575276 via doris-1 rows=10043 [doris-1:f:up doris-2:f:up doris-3:M:up]
00:26:00 #32 OK UPSERT id=1575276 via doris-1 rows=10044 [doris-1:f:up doris-2:f:up doris-3:M:up]
00:26:01 EVENT break: be dead on doris-1 (FE follower)
00:26:01 #33 OK SELECT id=1575276 via doris-1 rows=10044 [doris-1:f:up doris-2:f:up doris-3:M:up]
00:26:02 #34 OK DELETE id=1575276 via doris-1 rows=10043 [doris-1:f:up doris-2:f:up doris-3:M:up]
00:26:04 #35 OK SELECT id=1575276 via doris-1 rows=10042 [doris-1:f:up doris-2:f:up doris-3:M:up]
00:26:10 #36 OK INSERT id=1575277 via doris-1 rows=10043 [doris-1:f:up doris-2:f:up doris-3:M:up]
00:26:11 #37 OK UPSERT id=1575277 via doris-1 rows=10044 [doris-1:f:up doris-2:f:up doris-3:M:up]
00:26:12 #38 OK SELECT id=1575277 via doris-1 rows=10044 [doris-1:f:up doris-2:f:up doris-3:M:up]
00:26:13 #39 OK DELETE id=1575277 via doris-1 rows=10043 [doris-1:f:up doris-2:f:up doris-3:M:up]
00:26:14 #40 OK SELECT id=1575277 via doris-1 rows=10042 [doris-1:f:up doris-2:f:up doris-3:M:up]
00:26:15 #41 OK INSERT id=1575278 via doris-1 rows=10043 [doris-1:f:up doris-2:f:up doris-3:M:up]
00:26:16 #42 OK UPSERT id=1575278 via doris-1 rows=10044 [doris-1:f:up doris-2:f:up doris-3:M:up]
00:26:17 #43 OK SELECT id=1575278 via doris-1 rows=10044 [doris-1:f:up doris-2:f:up doris-3:M:up]
00:26:18 #44 OK DELETE id=1575278 via doris-1 rows=10043 [doris-1:f:up doris-2:f:up doris-3:M:up]
00:26:19 #45 OK SELECT id=1575278 via doris-1 rows=10042 [doris-1:f:up doris-2:f:up doris-3:M:up]
00:26:20 #46 OK INSERT id=1575279 via doris-1 rows=10043 [doris-1:f:up doris-2:f:up doris-3:M:up]
00:26:21 #47 OK UPSERT id=1575279 via doris-1 rows=10044 [doris-1:f:up doris-2:f:up doris-3:M:up]
00:26:22 #48 OK SELECT id=1575279 via doris-1 rows=10044 [doris-1:f:up doris-2:f:up doris-3:M:up]
00:26:23 #49 OK DELETE id=1575279 via doris-1 rows=10043 [doris-1:f:up doris-2:f:up doris-3:M:up]
00:26:25 #50 OK SELECT id=1575279 via doris-1 rows=10042 [doris-1:f:up doris-2:f:up doris-3:M:up]
00:26:26 #51 OK INSERT id=1575280 via doris-1 rows=10043 [doris-1:f:up doris-2:f:up doris-3:M:up]
00:26:27 #52 OK UPSERT id=1575280 via doris-1 rows=10044 [doris-1:f:up doris-2:f:up doris-3:M:up]
00:26:28 #53 OK SELECT id=1575280 via doris-1 rows=10044 [doris-1:f:up doris-2:f:up doris-3:M:up]
00:26:29 #54 OK DELETE id=1575280 via doris-1 rows=10043 [doris-1:f:up doris-2:f:up doris-3:M:up]
00:26:30 #55 OK SELECT id=1575280 via doris-1 rows=10042 [doris-1:f:up doris-2:f:up doris-3:M:up]
00:26:31 #56 OK INSERT id=1575281 via doris-1 rows=10043 [doris-1:f:up doris-2:f:up doris-3:M:up]
00:26:32 #57 OK UPSERT id=1575281 via doris-1 rows=10044 [doris-1:f:up doris-2:f:up doris-3:M:up]
00:26:33 #58 OK SELECT id=1575281 via doris-1 rows=10044 [doris-1:f:up doris-2:f:up doris-3:M:up]
00:26:34 #59 OK DELETE id=1575281 via doris-1 rows=10043 [doris-1:f:up doris-2:f:up doris-3:M:up]
00:26:35 #60 OK SELECT id=1575281 via doris-1 rows=10042 [doris-1:f:up doris-2:f:up doris-3:M:up]
00:26:36 #61 OK INSERT id=1575282 via doris-1 rows=10043 [doris-1:f:up doris-2:f:up doris-3:M:up]
00:26:37 #62 OK UPSERT id=1575282 via doris-1 rows=10044 [doris-1:f:up doris-2:f:up doris-3:M:up]
00:26:38 #63 OK SELECT id=1575282 via doris-1 rows=10044 [doris-1:f:up doris-2:f:up doris-3:M:up]
00:26:39 #64 OK DELETE id=1575282 via doris-1 rows=10043 [doris-1:f:up doris-2:f:up doris-3:M:up]
00:26:40 #65 OK SELECT id=1575282 via doris-1 rows=10042 [doris-1:f:up doris-2:f:up doris-3:M:up]
00:26:41 #66 OK INSERT id=1575283 via doris-1 rows=10043 [doris-1:f:up doris-2:f:up doris-3:M:up]
00:26:43 #67 OK UPSERT id=1575283 via doris-1 rows=10044 [doris-1:f:up doris-2:f:up doris-3:M:up]
00:26:44 #68 OK SELECT id=1575283 via doris-1 rows=10044 [doris-1:f:up doris-2:f:up doris-3:M:up]
00:26:45 #69 OK DELETE id=1575283 via doris-1 rows=10043 [doris-1:f:up doris-2:f:up doris-3:M:up]
00:26:46 #70 OK SELECT id=1575283 via doris-1 rows=10042 [doris-1:f:up doris-2:f:up doris-3:M:up]
00:26:47 #71 OK INSERT id=1575284 via doris-1 rows=10043 [doris-1:f:up doris-2:f:up doris-3:M:up]
00:26:48 #72 OK UPSERT id=1575284 via doris-1 rows=10044 [doris-1:f:up doris-2:f:up doris-3:M:up]
00:26:49 #73 OK SELECT id=1575284 via doris-1 rows=10044 [doris-1:f:up doris-2:f:up doris-3:M:up]
00:26:50 #74 OK DELETE id=1575284 via doris-1 rows=10043 [doris-1:f:up doris-2:f:up doris-3:M:up]
00:26:51 #75 OK SELECT id=1575284 via doris-1 rows=10042 [doris-1:f:up doris-2:f:up doris-3:M:up]
00:26:52 #76 OK INSERT id=1575285 via doris-1 rows=10043 [doris-1:f:up doris-2:f:up doris-3:M:up]
00:26:53 #77 OK UPSERT id=1575285 via doris-1 rows=10044 [doris-1:f:up doris-2:f:up doris-3:M:up]
00:26:54 #78 OK SELECT id=1575285 via doris-1 rows=10044 [doris-1:f:up doris-2:f:up doris-3:M:up]
00:26:55 #79 OK DELETE id=1575285 via doris-1 rows=10043 [doris-1:f:up doris-2:f:up doris-3:M:up]
00:26:56 #80 OK SELECT id=1575285 via doris-1 rows=10042 [doris-1:f:up doris-2:f:up doris-3:M:up]
00:26:57 #81 OK INSERT id=1575286 via doris-1 rows=10043 [doris-1:f:up doris-2:f:up doris-3:M:up]
00:26:58 #82 OK UPSERT id=1575286 via doris-1 rows=10044 [doris-1:f:up doris-2:f:up doris-3:M:up]
00:26:59 #83 OK SELECT id=1575286 via doris-1 rows=10044 [doris-1:f:up doris-2:f:up doris-3:M:up]
00:27:00 #84 OK DELETE id=1575286 via doris-1 rows=10043 [doris-1:f:up doris-2:f:up doris-3:M:up]
00:27:02 #85 OK SELECT id=1575286 via doris-1 rows=10042 [doris-1:f:up doris-2:f:up doris-3:M:up]
00:27:03 #86 OK INSERT id=1575287 via doris-1 rows=10043 [doris-1:f:up doris-2:f:up doris-3:M:up]
00:27:04 #87 OK UPSERT id=1575287 via doris-1 rows=10044 [doris-1:f:up doris-2:f:up doris-3:M:up]
00:27:05 #88 OK SELECT id=1575287 via doris-1 rows=10044 [doris-1:f:up doris-2:f:up doris-3:M:up]
00:27:06 #89 OK DELETE id=1575287 via doris-1 rows=10043 [doris-1:f:up doris-2:f:up doris-3:M:up]
00:27:07 #90 OK SELECT id=1575287 via doris-1 rows=10042 [doris-1:f:up doris-2:f:up doris-3:M:up]
00:27:08 #91 OK INSERT id=1575288 via doris-1 rows=10043 [doris-1:f:up doris-2:f:up doris-3:M:up]
00:27:09 #92 OK UPSERT id=1575288 via doris-1 rows=10044 [doris-1:f:up doris-2:f:up doris-3:M:up]
00:27:10 #93 OK SELECT id=1575288 via doris-1 rows=10044 [doris-1:f:up doris-2:f:up doris-3:M:up]
00:27:11 #94 OK DELETE id=1575288 via doris-1 rows=10043 [doris-1:f:up doris-2:f:up doris-3:M:up]
00:27:12 #95 OK SELECT id=1575288 via doris-1 rows=10042 [doris-1:f:up doris-2:f:up doris-3:M:up]
00:27:13 #96 OK INSERT id=1575289 via doris-1 rows=10043 [doris-1:f:up doris-2:f:up doris-3:M:up]
00:27:14 #97 OK UPSERT id=1575289 via doris-1 rows=10044 [doris-1:f:up doris-2:f:up doris-3:M:up]
00:27:15 #98 OK SELECT id=1575289 via doris-1 rows=10044 [doris-1:f:up doris-2:f:up doris-3:M:up]
00:27:16 #99 OK DELETE id=1575289 via doris-1 rows=10043 [doris-1:f:up doris-2:f:up doris-3:M:up]
00:27:17 #100 OK SELECT id=1575289 via doris-1 rows=10042 [doris-1:f:up doris-2:f:up doris-3:M:up]
00:27:18 #101 OK INSERT id=1575290 via doris-1 rows=10043 [doris-1:f:up doris-2:f:up doris-3:M:up]
00:27:20 #102 OK UPSERT id=1575290 via doris-1 rows=10044 [doris-1:f:up doris-2:f:up doris-3:M:up]
00:27:21 #103 OK SELECT id=1575290 via doris-1 rows=10044 [doris-1:f:up doris-2:f:up doris-3:M:up]
00:27:22 #104 OK DELETE id=1575290 via doris-1 rows=10043 [doris-1:f:up doris-2:f:up doris-3:M:up]
00:27:23 #105 OK SELECT id=1575290 via doris-1 rows=10042 [doris-1:f:up doris-2:f:up doris-3:M:up]
00:27:24 #106 OK INSERT id=1575291 via doris-1 rows=10043 [doris-1:f:up doris-2:f:up doris-3:M:up]
00:27:25 #107 OK UPSERT id=1575291 via doris-1 rows=10044 [doris-1:f:up doris-2:f:up doris-3:M:up]
00:27:26 #108 OK SELECT id=1575291 via doris-1 rows=10044 [doris-1:f:up doris-2:f:up doris-3:M:up]
00:27:27 #109 OK DELETE id=1575291 via doris-1 rows=10043 [doris-1:f:up doris-2:f:up doris-3:M:up]
00:27:28 #110 OK SELECT id=1575291 via doris-1 rows=10042 [doris-1:f:up doris-2:f:up doris-3:M:up]
00:27:29 #111 OK INSERT id=1575292 via doris-1 rows=10043 [doris-1:f:up doris-2:f:up doris-3:M:up]
00:27:30 #112 OK UPSERT id=1575292 via doris-1 rows=10044 [doris-1:f:up doris-2:f:up doris-3:M:up]
00:27:31 #113 OK SELECT id=1575292 via doris-1 rows=10044 [doris-1:f:up doris-2:f:up doris-3:M:up]
00:27:32 #114 OK DELETE id=1575292 via doris-1 rows=10043 [doris-1:f:up doris-2:f:up doris-3:M:up]
00:27:33 #115 OK SELECT id=1575292 via doris-1 rows=10042 [doris-1:f:up doris-2:f:up doris-3:M:up]
00:27:34 #116 OK INSERT id=1575293 via doris-1 rows=10043 [doris-1:f:up doris-2:f:up doris-3:M:up]
00:27:35 #117 OK UPSERT id=1575293 via doris-1 rows=10044 [doris-1:f:up doris-2:f:up doris-3:M:up]
00:27:36 #118 OK SELECT id=1575293 via doris-1 rows=10044 [doris-1:f:up doris-2:f:up doris-3:M:up]
00:27:37 #119 OK DELETE id=1575293 via doris-1 rows=10043 [doris-1:f:up doris-2:f:up doris-3:M:up]
00:27:38 #120 OK SELECT id=1575293 via doris-1 rows=10042 [doris-1:f:up doris-2:f:up doris-3:M:up]
00:27:40 #121 OK INSERT id=1575294 via doris-1 rows=10043 [doris-1:f:up doris-2:f:up doris-3:M:up]
00:27:41 #122 OK UPSERT id=1575294 via doris-1 rows=10044 [doris-1:f:up doris-2:f:up doris-3:M:up]
00:27:42 #123 OK SELECT id=1575294 via doris-1 rows=10044 [doris-1:f:up doris-2:f:up doris-3:M:up]
00:27:43 #124 OK DELETE id=1575294 via doris-1 rows=10043 [doris-1:f:up doris-2:f:up doris-3:M:up]
00:27:43 EVENT restore: systemctl start doris-be on doris-1
00:27:44 #125 OK SELECT id=1575294 via doris-1 rows=10042 [doris-1:f:up doris-2:f:up doris-3:M:up]
00:27:45 #126 OK INSERT id=1575295 via doris-1 rows=10043 [doris-1:f:up doris-2:f:up doris-3:M:up]
00:27:46 #127 OK UPSERT id=1575295 via doris-1 rows=10044 [doris-1:f:up doris-2:f:up doris-3:M:up]
00:27:47 #128 OK SELECT id=1575295 via doris-1 rows=10044 [doris-1:f:up doris-2:f:up doris-3:M:up]
00:27:48 #129 OK DELETE id=1575295 via doris-1 rows=10043 [doris-1:f:up doris-2:f:up doris-3:M:up]
00:27:49 #130 OK SELECT id=1575295 via doris-1 rows=10042 [doris-1:f:up doris-2:f:up doris-3:M:up]
00:27:50 #131 FAIL INSERT id=1575296 via doris-1: OperationalError: (1105, 'errCode = 2, detailMessage = (10.140.0.3)[CANCELLED]load_id=9237354bd4a04a7e-93631606171c8f4c, reason:
00:27:51 connected to doris-1 (10.140.0.2)
00:27:51 #132 OK INSERT id=1575297 via doris-1 rows=10044 [doris-1:f:up doris-2:f:up doris-3:M:up] (recovered)
00:27:52 #133 OK UPSERT id=1575297 via doris-1 rows=10044 [doris-1:f:up doris-2:f:up doris-3:M:up]
00:27:53 #134 OK SELECT id=1575297 via doris-1 rows=10044 [doris-1:f:up doris-2:f:up doris-3:M:up]
00:27:54 #135 OK DELETE id=1575297 via doris-1 rows=10042 [doris-1:f:up doris-2:f:up doris-3:M:up]
00:27:55 #136 OK SELECT id=1575297 via doris-1 rows=10042 [doris-1:f:up doris-2:f:up doris-3:M:up]
00:27:57 #137 OK INSERT id=1575298 via doris-1 rows=10044 [doris-1:f:up doris-2:f:up doris-3:M:up]
00:27:58 #138 OK UPSERT id=1575298 via doris-1 rows=10044 [doris-1:f:up doris-2:f:up doris-3:M:up]
00:27:59 #139 OK SELECT id=1575298 via doris-1 rows=10044 [doris-1:f:up doris-2:f:up doris-3:M:up]
00:28:00 #140 OK DELETE id=1575298 via doris-1 rows=10042 [doris-1:f:up doris-2:f:up doris-3:M:up]
00:28:01 #141 OK SELECT id=1575298 via doris-1 rows=10043 [doris-1:f:up doris-2:f:up doris-3:M:up]
00:28:02 #142 OK INSERT id=1575299 via doris-1 rows=10044 [doris-1:f:up doris-2:f:up doris-3:M:up]
00:28:03 #143 OK UPSERT id=1575299 via doris-1 rows=10044 [doris-1:f:up doris-2:f:up doris-3:M:up]
00:28:04 #144 OK SELECT id=1575299 via doris-1 rows=10043 [doris-1:f:up doris-2:f:up doris-3:M:up]
00:28:05 #145 OK DELETE id=1575299 via doris-1 rows=10042 [doris-1:f:up doris-2:f:up doris-3:M:up]
00:28:06 EVENT restore: cluster healthy
00:28:06 #146 OK SELECT id=1575299 via doris-1 rows=10043 [doris-1:f:up doris-2:f:up doris-3:M:up]
00:28:07 #147 OK INSERT id=1575300 via doris-1 rows=10044 [doris-1:f:up doris-2:f:up doris-3:M:up]
00:28:08 #148 OK UPSERT id=1575300 via doris-1 rows=10044 [doris-1:f:up doris-2:f:up doris-3:M:up]
00:28:10 #149 OK SELECT id=1575300 via doris-1 rows=10043 [doris-1:f:up doris-2:f:up doris-3:M:up]
00:28:11 #150 OK DELETE id=1575300 via doris-1 rows=10042 [doris-1:f:up doris-2:f:up doris-3:M:up]
00:28:12 #151 OK SELECT id=1575300 via doris-1 rows=10043 [doris-1:f:up doris-2:f:up doris-3:M:up]
00:28:13 #152 OK INSERT id=1575301 via doris-1 rows=10044 [doris-1:f:up doris-2:f:up doris-3:M:up]
00:28:14 #153 OK UPSERT id=1575301 via doris-1 rows=10044 [doris-1:f:up doris-2:f:up doris-3:M:up]
00:28:15 #154 OK SELECT id=1575301 via doris-1 rows=10043 [doris-1:f:up doris-2:f:up doris-3:M:up]
00:28:16 #155 OK DELETE id=1575301 via doris-1 rows=10042 [doris-1:f:up doris-2:f:up doris-3:M:up]
00:28:17 #156 OK SELECT id=1575301 via doris-1 rows=10043 [doris-1:f:up doris-2:f:up doris-3:M:up]
00:28:18 #157 OK INSERT id=1575302 via doris-1 rows=10044 [doris-1:f:up doris-2:f:up doris-3:M:up]
00:28:19 #158 OK UPSERT id=1575302 via doris-1 rows=10044 [doris-1:f:up doris-2:f:up doris-3:M:up]
00:28:20 #159 OK SELECT id=1575302 via doris-1 rows=10043 [doris-1:f:up doris-2:f:up doris-3:M:up]
00:28:21 #160 OK DELETE id=1575302 via doris-1 rows=10042 [doris-1:f:up doris-2:f:up doris-3:M:up]
00:28:22 #161 OK SELECT id=1575302 via doris-1 rows=10043 [doris-1:f:up doris-2:f:up doris-3:M:up]
00:28:23 #162 OK INSERT id=1575303 via doris-1 rows=10044 [doris-1:f:up doris-2:f:up doris-3:M:up]
00:28:24 #163 OK UPSERT id=1575303 via doris-1 rows=10044 [doris-1:f:up doris-2:f:up doris-3:M:up]
00:28:25 #164 OK SELECT id=1575303 via doris-1 rows=10043 [doris-1:f:up doris-2:f:up doris-3:M:up]
00:28:26 #165 OK DELETE id=1575303 via doris-1 rows=10042 [doris-1:f:up doris-2:f:up doris-3:M:up]
00:28:28 #166 OK SELECT id=1575303 via doris-1 rows=10043 [doris-1:f:up doris-2:f:up doris-3:M:up]
00:28:29 #167 OK INSERT id=1575304 via doris-1 rows=10044 [doris-1:f:up doris-2:f:up doris-3:M:up]
00:28:30 #168 OK UPSERT id=1575304 via doris-1 rows=10044 [doris-1:f:up doris-2:f:up doris-3:M:up]
00:28:31 #169 OK SELECT id=1575304 via doris-1 rows=10043 [doris-1:f:up doris-2:f:up doris-3:M:up]
00:28:32 #170 OK DELETE id=1575304 via doris-1 rows=10042 [doris-1:f:up doris-2:f:up doris-3:M:up]
00:28:33 #171 OK SELECT id=1575304 via doris-1 rows=10043 [doris-1:f:up doris-2:f:up doris-3:M:up]
