16:22:01 PROBE start proto=arrow-flight hosts=doris-1,doris-2,doris-3 duration=86400s cycle=INSERT>UPSERT>SELECT>DELETE>SELECT
16:22:02 connected to doris-1 (10.140.0.2)
16:22:02 DML unsupported over arrow-flight (InternalError: RuntimeException, msg: getMysqlChannel not in mysql connection (Internal; ExecuteQuery)) — switching to SELECT-only mode
16:22:02 #1 OK SELECT id=3605210 via doris-1 rows=10175 [doris-1:f:up doris-2:M:up doris-3:f:up]
16:22:03 #2 OK SELECT id=3605210 via doris-1 rows=10175 [doris-1:f:up doris-2:M:up doris-3:f:up]
16:22:04 #3 OK SELECT id=3605210 via doris-1 rows=10175 [doris-1:f:up doris-2:M:up doris-3:f:up]
16:22:05 #4 OK SELECT id=3605210 via doris-1 rows=10173 [doris-1:f:up doris-2:M:up doris-3:f:up]
16:22:07 #5 OK SELECT id=3605210 via doris-1 rows=10173 [doris-1:f:up doris-2:M:up doris-3:f:up]
16:22:08 #6 OK SELECT id=3605210 via doris-1 rows=10175 [doris-1:f:up doris-2:M:up doris-3:f:up]
16:22:09 #7 OK SELECT id=3605210 via doris-1 rows=10175 [doris-1:f:up doris-2:M:up doris-3:f:up]
16:22:10 #8 OK SELECT id=3605210 via doris-1 rows=10175 [doris-1:f:up doris-2:M:up doris-3:f:up]
16:22:11 #9 OK SELECT id=3605210 via doris-1 rows=10173 [doris-1:f:up doris-2:M:up doris-3:f:up]
16:22:12 #10 OK SELECT id=3605210 via doris-1 rows=10174 [doris-1:f:up doris-2:M:up doris-3:f:up]
16:22:13 #11 OK SELECT id=3605210 via doris-1 rows=10175 [doris-1:f:up doris-2:M:up doris-3:f:up]
16:22:14 #12 OK SELECT id=3605210 via doris-1 rows=10175 [doris-1:f:up doris-2:M:up doris-3:f:up]
16:22:16 #13 OK SELECT id=3605210 via doris-1 rows=10174 [doris-1:f:up doris-2:M:up doris-3:f:up]
16:22:17 #14 OK SELECT id=3605210 via doris-1 rows=10173 [doris-1:f:up doris-2:M:up doris-3:f:up]
16:22:18 #15 OK SELECT id=3605210 via doris-1 rows=10174 [doris-1:f:up doris-2:M:up doris-3:f:up]
16:22:19 #16 OK SELECT id=3605210 via doris-1 rows=10175 [doris-1:f:up doris-2:M:up doris-3:f:up]
16:22:20 #17 OK SELECT id=3605210 via doris-1 rows=10175 [doris-1:f:up doris-2:M:up doris-3:f:up]
16:22:21 #18 OK SELECT id=3605210 via doris-1 rows=10174 [doris-1:f:up doris-2:M:up doris-3:f:up]
16:22:22 #19 OK SELECT id=3605210 via doris-1 rows=10173 [doris-1:f:up doris-2:M:up doris-3:f:up]
16:22:23 #20 OK SELECT id=3605210 via doris-1 rows=10174 [doris-1:f:up doris-2:M:up doris-3:f:up]
16:22:24 #21 OK SELECT id=3605210 via doris-1 rows=10175 [doris-1:f:up doris-2:M:up doris-3:f:up]
16:22:25 #22 OK SELECT id=3605210 via doris-1 rows=10175 [doris-1:f:up doris-2:M:up doris-3:f:up]
16:22:27 #23 OK SELECT id=3605210 via doris-1 rows=10174 [doris-1:f:up doris-2:M:up doris-3:f:up]
16:22:28 #24 OK SELECT id=3605210 via doris-1 rows=10173 [doris-1:f:up doris-2:M:up doris-3:f:up]
16:22:29 #25 OK SELECT id=3605210 via doris-1 rows=10174 [doris-1:f:up doris-2:M:up doris-3:f:up]
16:22:30 #26 OK SELECT id=3605210 via doris-1 rows=10175 [doris-1:f:up doris-2:M:up doris-3:f:up]
16:22:31 #27 OK SELECT id=3605210 via doris-1 rows=10175 [doris-1:f:up doris-2:M:up doris-3:f:up]
16:22:32 #28 OK SELECT id=3605210 via doris-1 rows=10174 [doris-1:f:up doris-2:M:up doris-3:f:up]
16:22:33 #29 OK SELECT id=3605210 via doris-1 rows=10173 [doris-1:f:up doris-2:M:up doris-3:f:up]
16:22:34 #30 OK SELECT id=3605210 via doris-1 rows=10174 [doris-1:f:up doris-2:M:up doris-3:f:up]
16:22:35 EVENT break: fe crash on doris-2 (FE master)
16:22:35 #31 OK SELECT id=3605210 via doris-1 rows=10175 [doris-1:f:up doris-2:M:up doris-3:f:up]
16:22:36 #32 OK SELECT id=3605210 via doris-1 rows=10175 [doris-1:f:up doris-2:M:up doris-3:f:up]
16:22:42 #33 OK SELECT id=3605210 via doris-1 rows=10174 [?]
16:22:44 #34 FAIL SELECT id=3605210 via doris-1: InternalError: INTERNAL: [FlightSQL] get flight info statement failed, after executeQueryStatement handleQuery, java.lang.Run
16:22:45 connected to doris-1 (10.140.0.2)
16:22:45 #35 OK SELECT id=3605210 via doris-1 rows=10175 [doris-1:f:up doris-2:f:DOWN doris-3:M:up] (recovered)
16:22:46 #36 OK SELECT id=3605210 via doris-1 rows=10175 [?]
16:22:47 #37 OK SELECT id=3605210 via doris-1 rows=10175 [?]
16:22:48 #38 OK SELECT id=3605210 via doris-1 rows=10175 [doris-1:f:up doris-2:f:DOWN doris-3:M:up]
16:22:49 #39 OK SELECT id=3605210 via doris-1 rows=10177 [doris-1:f:up doris-2:f:DOWN doris-3:M:up]
16:22:50 #40 OK SELECT id=3605210 via doris-1 rows=10177 [doris-1:f:up doris-2:f:DOWN doris-3:M:up]
16:22:51 #41 OK SELECT id=3605210 via doris-1 rows=10177 [doris-1:f:up doris-2:f:DOWN doris-3:M:up]
16:22:52 #42 OK SELECT id=3605210 via doris-1 rows=10175 [doris-1:f:up doris-2:f:DOWN doris-3:M:up]
16:22:53 EVENT recovered: fe restarted by systemd on doris-2 (+9s)
16:22:53 #43 OK SELECT id=3605210 via doris-1 rows=10175 [doris-1:f:up doris-2:f:DOWN doris-3:M:up]
16:22:54 #44 OK SELECT id=3605210 via doris-1 rows=10177 [doris-1:f:up doris-2:f:DOWN doris-3:M:up]
16:22:56 #45 OK SELECT id=3605210 via doris-1 rows=10177 [doris-1:f:up doris-2:f:DOWN doris-3:M:up]
16:22:57 #46 OK SELECT id=3605210 via doris-1 rows=10177 [doris-1:f:up doris-2:f:DOWN doris-3:M:up]
16:22:58 #47 OK SELECT id=3605210 via doris-1 rows=10175 [doris-1:f:up doris-2:f:DOWN doris-3:M:up]
16:22:59 #48 OK SELECT id=3605210 via doris-1 rows=10175 [doris-1:f:up doris-2:f:up doris-3:M:up]
16:23:00 #49 OK SELECT id=3605210 via doris-1 rows=10175 [doris-1:f:up doris-2:f:up doris-3:M:up]
16:23:01 #50 OK SELECT id=3605210 via doris-1 rows=10175 [doris-1:f:up doris-2:f:up doris-3:M:up]
16:23:02 #51 OK SELECT id=3605210 via doris-1 rows=10175 [doris-1:f:up doris-2:f:up doris-3:M:up]
16:23:03 #52 OK SELECT id=3605210 via doris-1 rows=10175 [doris-1:f:up doris-2:f:up doris-3:M:up]
16:23:04 #53 OK SELECT id=3605210 via doris-1 rows=10175 [doris-1:f:up doris-2:f:up doris-3:M:up]
16:23:06 #54 OK SELECT id=3605210 via doris-1 rows=10175 [doris-1:f:up doris-2:f:up doris-3:M:up]
16:23:07 #55 OK SELECT id=3605210 via doris-1 rows=10175 [doris-1:f:up doris-2:f:up doris-3:M:up]
16:23:08 #56 OK SELECT id=3605210 via doris-1 rows=10177 [doris-1:f:up doris-2:f:up doris-3:M:up]
16:23:09 #57 OK SELECT id=3605210 via doris-1 rows=10177 [doris-1:f:up doris-2:f:up doris-3:M:up]
16:23:10 #58 OK SELECT id=3605210 via doris-1 rows=10177 [doris-1:f:up doris-2:f:up doris-3:M:up]
16:23:11 #59 OK SELECT id=3605210 via doris-1 rows=10177 [doris-1:f:up doris-2:f:up doris-3:M:up]
16:23:12 #60 OK SELECT id=3605210 via doris-1 rows=10177 [doris-1:f:up doris-2:f:up doris-3:M:up]
16:23:13 #61 OK SELECT id=3605210 via doris-1 rows=10177 [doris-1:f:up doris-2:f:up doris-3:M:up]
16:23:14 #62 OK SELECT id=3605210 via doris-1 rows=10177 [doris-1:f:up doris-2:f:up doris-3:M:up]
16:23:16 #63 OK SELECT id=3605210 via doris-1 rows=10177 [doris-1:f:up doris-2:f:up doris-3:M:up]
16:23:17 #64 OK SELECT id=3605210 via doris-1 rows=10178 [doris-1:f:up doris-2:f:up doris-3:M:up]
16:23:18 #65 OK SELECT id=3605210 via doris-1 rows=10178 [doris-1:f:up doris-2:f:up doris-3:M:up]
16:23:19 #66 OK SELECT id=3605210 via doris-1 rows=10180 [doris-1:f:up doris-2:f:up doris-3:M:up]
16:23:20 #67 OK SELECT id=3605210 via doris-1 rows=10180 [doris-1:f:up doris-2:f:up doris-3:M:up]
16:23:21 #68 OK SELECT id=3605210 via doris-1 rows=10180 [doris-1:f:up doris-2:f:up doris-3:M:up]
16:23:22 #69 OK SELECT id=3605210 via doris-1 rows=10178 [doris-1:f:up doris-2:f:up doris-3:M:up]
16:23:23 #70 OK SELECT id=3605210 via doris-1 rows=10178 [doris-1:f:up doris-2:f:up doris-3:M:up]
16:23:24 #71 OK SELECT id=3605210 via doris-1 rows=10180 [doris-1:f:up doris-2:f:up doris-3:M:up]
16:23:25 #72 OK SELECT id=3605210 via doris-1 rows=10180 [doris-1:f:up doris-2:f:up doris-3:M:up]
16:23:26 #73 OK SELECT id=3605210 via doris-1 rows=10180 [doris-1:f:up doris-2:f:up doris-3:M:up]
16:23:27 #74 OK SELECT id=3605210 via doris-1 rows=10178 [doris-1:f:up doris-2:f:up doris-3:M:up]
16:23:29 #75 OK SELECT id=3605210 via doris-1 rows=10178 [doris-1:f:up doris-2:f:up doris-3:M:up]
16:23:30 #76 OK SELECT id=3605210 via doris-1 rows=10180 [doris-1:f:up doris-2:f:up doris-3:M:up]
16:23:31 #77 OK SELECT id=3605210 via doris-1 rows=10180 [doris-1:f:up doris-2:f:up doris-3:M:up]
16:23:32 #78 OK SELECT id=3605210 via doris-1 rows=10180 [doris-1:f:up doris-2:f:up doris-3:M:up]
16:23:33 #79 OK SELECT id=3605210 via doris-1 rows=10178 [doris-1:f:up doris-2:f:up doris-3:M:up]
16:23:34 #80 OK SELECT id=3605210 via doris-1 rows=10178 [doris-1:f:up doris-2:f:up doris-3:M:up]
16:23:35 #81 OK SELECT id=3605210 via doris-1 rows=10180 [doris-1:f:up doris-2:f:up doris-3:M:up]
16:23:36 #82 OK SELECT id=3605210 via doris-1 rows=10180 [doris-1:f:up doris-2:f:up doris-3:M:up]
16:23:37 #83 OK SELECT id=3605210 via doris-1 rows=10180 [doris-1:f:up doris-2:f:up doris-3:M:up]
16:23:38 #84 OK SELECT id=3605210 via doris-1 rows=10178 [doris-1:f:up doris-2:f:up doris-3:M:up]
16:23:39 #85 OK SELECT id=3605210 via doris-1 rows=10178 [doris-1:f:up doris-2:f:up doris-3:M:up]
16:23:40 #86 OK SELECT id=3605210 via doris-1 rows=10180 [doris-1:f:up doris-2:f:up doris-3:M:up]
16:23:42 #87 OK SELECT id=3605210 via doris-1 rows=10180 [doris-1:f:up doris-2:f:up doris-3:M:up]
16:23:43 #88 OK SELECT id=3605210 via doris-1 rows=10180 [doris-1:f:up doris-2:f:up doris-3:M:up]
16:23:44 #89 OK SELECT id=3605210 via doris-1 rows=10178 [doris-1:f:up doris-2:f:up doris-3:M:up]
16:23:45 #90 OK SELECT id=3605210 via doris-1 rows=10178 [doris-1:f:up doris-2:f:up doris-3:M:up]
16:23:46 #91 OK SELECT id=3605210 via doris-1 rows=10180 [doris-1:f:up doris-2:f:up doris-3:M:up]
16:23:47 #92 OK SELECT id=3605210 via doris-1 rows=10180 [doris-1:f:up doris-2:f:up doris-3:M:up]
16:23:48 #93 OK SELECT id=3605210 via doris-1 rows=10180 [doris-1:f:up doris-2:f:up doris-3:M:up]
16:23:49 #94 OK SELECT id=3605210 via doris-1 rows=10178 [doris-1:f:up doris-2:f:up doris-3:M:up]
16:23:50 #95 OK SELECT id=3605210 via doris-1 rows=10178 [doris-1:f:up doris-2:f:up doris-3:M:up]
16:23:51 #96 OK SELECT id=3605210 via doris-1 rows=10180 [doris-1:f:up doris-2:f:up doris-3:M:up]
16:23:52 #97 OK SELECT id=3605210 via doris-1 rows=10180 [doris-1:f:up doris-2:f:up doris-3:M:up]
16:23:53 #98 OK SELECT id=3605210 via doris-1 rows=10180 [doris-1:f:up doris-2:f:up doris-3:M:up]
16:23:54 #99 OK SELECT id=3605210 via doris-1 rows=10178 [doris-1:f:up doris-2:f:up doris-3:M:up]
16:23:55 #100 OK SELECT id=3605210 via doris-1 rows=10178 [doris-1:f:up doris-2:f:up doris-3:M:up]
16:23:57 #101 OK SELECT id=3605210 via doris-1 rows=10180 [doris-1:f:up doris-2:f:up doris-3:M:up]
16:23:58 #102 OK SELECT id=3605210 via doris-1 rows=10180 [doris-1:f:up doris-2:f:up doris-3:M:up]
16:23:59 #103 OK SELECT id=3605210 via doris-1 rows=10180 [doris-1:f:up doris-2:f:up doris-3:M:up]
16:24:00 #104 OK SELECT id=3605210 via doris-1 rows=10178 [doris-1:f:up doris-2:f:up doris-3:M:up]
16:24:01 #105 OK SELECT id=3605210 via doris-1 rows=10178 [doris-1:f:up doris-2:f:up doris-3:M:up]
16:24:02 #106 OK SELECT id=3605210 via doris-1 rows=10180 [doris-1:f:up doris-2:f:up doris-3:M:up]
16:24:03 #107 OK SELECT id=3605210 via doris-1 rows=10180 [doris-1:f:up doris-2:f:up doris-3:M:up]
16:24:04 #108 OK SELECT id=3605210 via doris-1 rows=10180 [doris-1:f:up doris-2:f:up doris-3:M:up]
16:24:05 #109 OK SELECT id=3605210 via doris-1 rows=10178 [doris-1:f:up doris-2:f:up doris-3:M:up]
16:24:06 #110 OK SELECT id=3605210 via doris-1 rows=10178 [doris-1:f:up doris-2:f:up doris-3:M:up]
16:24:07 #111 OK SELECT id=3605210 via doris-1 rows=10180 [doris-1:f:up doris-2:f:up doris-3:M:up]
16:24:08 #112 OK SELECT id=3605210 via doris-1 rows=10180 [doris-1:f:up doris-2:f:up doris-3:M:up]
16:24:09 #113 OK SELECT id=3605210 via doris-1 rows=10180 [doris-1:f:up doris-2:f:up doris-3:M:up]
16:24:11 #114 OK SELECT id=3605210 via doris-1 rows=10178 [doris-1:f:up doris-2:f:up doris-3:M:up]
16:24:12 #115 OK SELECT id=3605210 via doris-1 rows=10178 [doris-1:f:up doris-2:f:up doris-3:M:up]
16:24:13 #116 OK SELECT id=3605210 via doris-1 rows=10180 [doris-1:f:up doris-2:f:up doris-3:M:up]
16:24:14 #117 OK SELECT id=3605210 via doris-1 rows=10180 [doris-1:f:up doris-2:f:up doris-3:M:up]
16:24:15 #118 OK SELECT id=3605210 via doris-1 rows=10180 [doris-1:f:up doris-2:f:up doris-3:M:up]
16:24:16 #119 OK SELECT id=3605210 via doris-1 rows=10178 [doris-1:f:up doris-2:f:up doris-3:M:up]
16:24:17 #120 OK SELECT id=3605210 via doris-1 rows=10178 [doris-1:f:up doris-2:f:up doris-3:M:up]
16:24:18 #121 OK SELECT id=3605210 via doris-1 rows=10180 [doris-1:f:up doris-2:f:up doris-3:M:up]
16:24:19 #122 OK SELECT id=3605210 via doris-1 rows=10180 [doris-1:f:up doris-2:f:up doris-3:M:up]
16:24:20 #123 OK SELECT id=3605210 via doris-1 rows=10180 [doris-1:f:up doris-2:f:up doris-3:M:up]
16:24:21 #124 OK SELECT id=3605210 via doris-1 rows=10178 [doris-1:f:up doris-2:f:up doris-3:M:up]
16:24:22 #125 OK SELECT id=3605210 via doris-1 rows=10178 [doris-1:f:up doris-2:f:up doris-3:M:up]
16:24:23 #126 OK SELECT id=3605210 via doris-1 rows=10180 [doris-1:f:up doris-2:f:up doris-3:M:up]
16:24:24 #127 OK SELECT id=3605210 via doris-1 rows=10180 [doris-1:f:up doris-2:f:up doris-3:M:up]
16:24:25 #128 OK SELECT id=3605210 via doris-1 rows=10180 [doris-1:f:up doris-2:f:up doris-3:M:up]
16:24:27 #129 OK SELECT id=3605210 via doris-1 rows=10178 [doris-1:f:up doris-2:f:up doris-3:M:up]
16:24:28 #130 OK SELECT id=3605210 via doris-1 rows=10178 [doris-1:f:up doris-2:f:up doris-3:M:up]
16:24:29 #131 OK SELECT id=3605210 via doris-1 rows=10180 [doris-1:f:up doris-2:f:up doris-3:M:up]
16:24:30 #132 OK SELECT id=3605210 via doris-1 rows=10180 [doris-1:f:up doris-2:f:up doris-3:M:up]
16:24:31 #133 OK SELECT id=3605210 via doris-1 rows=10180 [doris-1:f:up doris-2:f:up doris-3:M:up]
16:24:32 #134 OK SELECT id=3605210 via doris-1 rows=10178 [doris-1:f:up doris-2:f:up doris-3:M:up]
16:24:32 EVENT restore: verify fe on doris-2
16:24:33 #135 OK SELECT id=3605210 via doris-1 rows=10178 [doris-1:f:up doris-2:f:up doris-3:M:up]
16:24:34 #136 OK SELECT id=3605210 via doris-1 rows=10180 [doris-1:f:up doris-2:f:up doris-3:M:up]
16:24:35 #137 OK SELECT id=3605210 via doris-1 rows=10180 [doris-1:f:up doris-2:f:up doris-3:M:up]
16:24:36 #138 OK SELECT id=3605210 via doris-1 rows=10180 [doris-1:f:up doris-2:f:up doris-3:M:up]
16:24:37 #139 OK SELECT id=3605210 via doris-1 rows=10178 [doris-1:f:up doris-2:f:up doris-3:M:up]
16:24:37 EVENT restore: cluster healthy
16:24:38 #140 OK SELECT id=3605210 via doris-1 rows=10178 [doris-1:f:up doris-2:f:up doris-3:M:up]
16:24:39 #141 OK SELECT id=3605210 via doris-1 rows=10180 [doris-1:f:up doris-2:f:up doris-3:M:up]
16:24:40 #142 OK SELECT id=3605210 via doris-1 rows=10180 [doris-1:f:up doris-2:f:up doris-3:M:up]
16:24:42 #143 OK SELECT id=3605210 via doris-1 rows=10180 [doris-1:f:up doris-2:f:up doris-3:M:up]
16:24:43 #144 OK SELECT id=3605210 via doris-1 rows=10178 [doris-1:f:up doris-2:f:up doris-3:M:up]
16:24:44 #145 OK SELECT id=3605210 via doris-1 rows=10178 [doris-1:f:up doris-2:f:up doris-3:M:up]
16:24:45 #146 OK SELECT id=3605210 via doris-1 rows=10180 [doris-1:f:up doris-2:f:up doris-3:M:up]
16:24:46 #147 OK SELECT id=3605210 via doris-1 rows=10180 [doris-1:f:up doris-2:f:up doris-3:M:up]
16:24:47 #148 OK SELECT id=3605210 via doris-1 rows=10180 [doris-1:f:up doris-2:f:up doris-3:M:up]
16:24:48 #149 OK SELECT id=3605210 via doris-1 rows=10178 [doris-1:f:up doris-2:f:up doris-3:M:up]
16:24:49 #150 OK SELECT id=3605210 via doris-1 rows=10178 [doris-1:f:up doris-2:f:up doris-3:M:up]
16:24:50 #151 OK SELECT id=3605210 via doris-1 rows=10180 [doris-1:f:up doris-2:f:up doris-3:M:up]
16:24:51 #152 OK SELECT id=3605210 via doris-1 rows=10180 [doris-1:f:up doris-2:f:up doris-3:M:up]
16:24:52 #153 OK SELECT id=3605210 via doris-1 rows=10180 [doris-1:f:up doris-2:f:up doris-3:M:up]
16:24:53 #154 OK SELECT id=3605210 via doris-1 rows=10178 [doris-1:f:up doris-2:f:up doris-3:M:up]
16:24:54 #155 OK SELECT id=3605210 via doris-1 rows=10178 [doris-1:f:up doris-2:f:up doris-3:M:up]
16:24:55 #156 OK SELECT id=3605210 via doris-1 rows=10180 [doris-1:f:up doris-2:f:up doris-3:M:up]
16:24:56 #157 OK SELECT id=3605210 via doris-1 rows=10180 [doris-1:f:up doris-2:f:up doris-3:M:up]
16:24:58 #158 OK SELECT id=3605210 via doris-1 rows=10180 [doris-1:f:up doris-2:f:up doris-3:M:up]
16:24:59 #159 OK SELECT id=3605210 via doris-1 rows=10178 [doris-1:f:up doris-2:f:up doris-3:M:up]
16:25:00 #160 OK SELECT id=3605210 via doris-1 rows=10178 [doris-1:f:up doris-2:f:up doris-3:M:up]
16:25:01 #161 OK SELECT id=3605210 via doris-1 rows=10180 [doris-1:f:up doris-2:f:up doris-3:M:up]
16:25:02 #162 OK SELECT id=3605210 via doris-1 rows=10180 [doris-1:f:up doris-2:f:up doris-3:M:up]
16:25:03 #163 OK SELECT id=3605210 via doris-1 rows=10180 [doris-1:f:up doris-2:f:up doris-3:M:up]
16:25:04 #164 OK SELECT id=3605210 via doris-1 rows=10178 [doris-1:f:up doris-2:f:up doris-3:M:up]
16:25:05 #165 OK SELECT id=3605210 via doris-1 rows=10178 [doris-1:f:up doris-2:f:up doris-3:M:up]
16:25:06 #166 OK SELECT id=3605210 via doris-1 rows=10180 [doris-1:f:up doris-2:f:up doris-3:M:up]
16:25:07 #167 OK SELECT id=3605210 via doris-1 rows=10180 [doris-1:f:up doris-2:f:up doris-3:M:up]
