21:10:58 PROBE start hosts=doris-1,doris-2,doris-3 duration=900s cycle=INSERT>UPSERT>SELECT>DELETE>SELECT
21:10:58 connected to doris-1 (104.199.213.69)
21:10:58 #1 OK INSERT id=1458580 via doris-1 rows=10002 [doris-1:f:up doris-2:f:up doris-3:M:up]
21:10:59 #2 OK UPSERT id=1458580 via doris-1 rows=10002 [doris-1:f:up doris-2:f:up doris-3:M:up]
21:11:01 #3 OK SELECT id=1458580 via doris-1 rows=10002 [doris-1:f:up doris-2:f:up doris-3:M:up]
21:11:02 #4 OK DELETE id=1458580 via doris-1 rows=10001 [doris-1:f:up doris-2:f:up doris-3:M:up]
21:11:03 #5 OK SELECT id=1458580 via doris-1 rows=10001 [doris-1:f:up doris-2:f:up doris-3:M:up]
21:11:04 #6 OK INSERT id=1458581 via doris-1 rows=10002 [doris-1:f:up doris-2:f:up doris-3:M:up]
21:11:05 #7 OK UPSERT id=1458581 via doris-1 rows=10002 [doris-1:f:up doris-2:f:up doris-3:M:up]
21:11:06 #8 OK SELECT id=1458581 via doris-1 rows=10002 [doris-1:f:up doris-2:f:up doris-3:M:up]
21:11:07 #9 OK DELETE id=1458581 via doris-1 rows=10001 [doris-1:f:up doris-2:f:up doris-3:M:up]
21:11:08 #10 OK SELECT id=1458581 via doris-1 rows=10001 [doris-1:f:up doris-2:f:up doris-3:M:up]
21:11:09 #11 OK INSERT id=1458582 via doris-1 rows=10002 [doris-1:f:up doris-2:f:up doris-3:M:up]
21:11:11 #12 OK UPSERT id=1458582 via doris-1 rows=10002 [doris-1:f:up doris-2:f:up doris-3:M:up]
21:11:12 #13 OK SELECT id=1458582 via doris-1 rows=10002 [doris-1:f:up doris-2:f:up doris-3:M:up]
21:11:13 #14 OK DELETE id=1458582 via doris-1 rows=10001 [doris-1:f:up doris-2:f:up doris-3:M:up]
21:11:14 #15 OK SELECT id=1458582 via doris-1 rows=10001 [doris-1:f:up doris-2:f:up doris-3:M:up]
21:11:15 #16 OK INSERT id=1458583 via doris-1 rows=10002 [doris-1:f:up doris-2:f:up doris-3:M:up]
21:11:16 #17 OK UPSERT id=1458583 via doris-1 rows=10002 [doris-1:f:up doris-2:f:up doris-3:M:up]
21:11:17 #18 OK SELECT id=1458583 via doris-1 rows=10002 [doris-1:f:up doris-2:f:up doris-3:M:up]
21:11:18 #19 OK DELETE id=1458583 via doris-1 rows=10001 [doris-1:f:up doris-2:f:up doris-3:M:up]
21:11:19 #20 OK SELECT id=1458583 via doris-1 rows=10001 [doris-1:f:up doris-2:f:up doris-3:M:up]
21:11:20 #21 OK INSERT id=1458584 via doris-1 rows=10002 [doris-1:f:up doris-2:f:up doris-3:M:up]
21:11:22 #22 OK UPSERT id=1458584 via doris-1 rows=10002 [doris-1:f:up doris-2:f:up doris-3:M:up]
21:11:23 #23 OK SELECT id=1458584 via doris-1 rows=10002 [doris-1:f:up doris-2:f:up doris-3:M:up]
21:11:24 #24 OK DELETE id=1458584 via doris-1 rows=10001 [doris-1:f:up doris-2:f:up doris-3:M:up]
21:11:25 #25 OK SELECT id=1458584 via doris-1 rows=10001 [doris-1:f:up doris-2:f:up doris-3:M:up]
21:11:26 #26 OK INSERT id=1458585 via doris-1 rows=10002 [doris-1:f:up doris-2:f:up doris-3:M:up]
21:11:27 #27 OK UPSERT id=1458585 via doris-1 rows=10002 [doris-1:f:up doris-2:f:up doris-3:M:up]
21:11:28 #28 OK SELECT id=1458585 via doris-1 rows=10002 [doris-1:f:up doris-2:f:up doris-3:M:up]
21:11:28 EVENT break: gcloud stop doris-3 (FE master)
21:11:29 #29 OK DELETE id=1458585 via doris-1 rows=10001 [doris-1:f:up doris-2:f:up doris-3:M:up]
21:11:30 #30 OK SELECT id=1458585 via doris-1 rows=10001 [doris-1:f:up doris-2:f:up doris-3:M:up]
21:11:31 #31 FAIL INSERT id=1458586 via doris-1: OperationalError: (1105, 'ForwardToMasterException, msg: forward to master FE TNetworkAddress(hostname:10.140.0.4, por
21:11:32 connected to doris-1 (104.199.213.69)
21:11:35 #32 OK INSERT id=1458587 via doris-1 rows=10002 [doris-1:f:up doris-2:M:up doris-3:f:DOWN] (recovered)
21:11:36 #33 OK UPSERT id=1458587 via doris-1 rows=10002 [doris-1:f:up doris-2:M:up doris-3:f:DOWN]
21:11:37 #34 OK SELECT id=1458587 via doris-1 rows=10002 [doris-1:f:up doris-2:M:up doris-3:f:DOWN]
21:11:39 #35 OK DELETE id=1458587 via doris-1 rows=10001 [doris-1:f:up doris-2:M:up doris-3:f:DOWN]
21:11:40 #36 OK SELECT id=1458587 via doris-1 rows=10001 [doris-1:f:up doris-2:M:up doris-3:f:DOWN]
21:11:41 #37 OK INSERT id=1458588 via doris-1 rows=10002 [doris-1:f:up doris-2:M:up doris-3:f:DOWN]
21:11:42 #38 OK UPSERT id=1458588 via doris-1 rows=10002 [doris-1:f:up doris-2:M:up doris-3:f:DOWN]
21:11:43 #39 OK SELECT id=1458588 via doris-1 rows=10002 [doris-1:f:up doris-2:M:up doris-3:f:DOWN]
21:11:44 #40 OK DELETE id=1458588 via doris-1 rows=10001 [doris-1:f:up doris-2:M:up doris-3:f:DOWN]
21:11:45 #41 OK SELECT id=1458588 via doris-1 rows=10001 [doris-1:f:up doris-2:M:up doris-3:f:DOWN]
21:11:47 #42 OK INSERT id=1458589 via doris-1 rows=10002 [doris-1:f:up doris-2:M:up doris-3:f:DOWN]
21:11:48 #43 OK UPSERT id=1458589 via doris-1 rows=10002 [doris-1:f:up doris-2:M:up doris-3:f:DOWN]
21:11:49 #44 OK SELECT id=1458589 via doris-1 rows=10002 [doris-1:f:up doris-2:M:up doris-3:f:DOWN]
21:11:50 #45 OK DELETE id=1458589 via doris-1 rows=10001 [doris-1:f:up doris-2:M:up doris-3:f:DOWN]
21:11:51 #46 OK SELECT id=1458589 via doris-1 rows=10001 [doris-1:f:up doris-2:M:up doris-3:f:DOWN]
21:11:51 EVENT break: doris-3 is down
21:11:52 #47 OK INSERT id=1458590 via doris-1 rows=10002 [doris-1:f:up doris-2:M:up doris-3:f:DOWN]
21:11:53 #48 OK UPSERT id=1458590 via doris-1 rows=10002 [doris-1:f:up doris-2:M:up doris-3:f:DOWN]
21:11:54 #49 OK SELECT id=1458590 via doris-1 rows=10002 [doris-1:f:up doris-2:M:up doris-3:f:DOWN]
21:11:55 #50 OK DELETE id=1458590 via doris-1 rows=10001 [doris-1:f:up doris-2:M:up doris-3:f:DOWN]
21:11:57 #51 OK SELECT id=1458590 via doris-1 rows=10001 [doris-1:f:up doris-2:M:up doris-3:f:DOWN]
21:11:58 #52 OK INSERT id=1458591 via doris-1 rows=10002 [doris-1:f:up doris-2:M:up doris-3:f:DOWN]
21:11:59 #53 OK UPSERT id=1458591 via doris-1 rows=10002 [doris-1:f:up doris-2:M:up doris-3:f:DOWN]
21:12:00 #54 OK SELECT id=1458591 via doris-1 rows=10002 [doris-1:f:up doris-2:M:up doris-3:f:DOWN]
21:12:01 #55 OK DELETE id=1458591 via doris-1 rows=10001 [doris-1:f:up doris-2:M:up doris-3:f:DOWN]
21:12:02 #56 OK SELECT id=1458591 via doris-1 rows=10001 [doris-1:f:up doris-2:M:up doris-3:f:DOWN]
21:12:03 #57 OK INSERT id=1458592 via doris-1 rows=10002 [doris-1:f:up doris-2:M:up doris-3:f:DOWN]
21:12:04 #58 OK UPSERT id=1458592 via doris-1 rows=10002 [doris-1:f:up doris-2:M:up doris-3:f:DOWN]
21:12:05 #59 OK SELECT id=1458592 via doris-1 rows=10002 [doris-1:f:up doris-2:M:up doris-3:f:DOWN]
21:12:06 #60 OK DELETE id=1458592 via doris-1 rows=10001 [doris-1:f:up doris-2:M:up doris-3:f:DOWN]
21:12:08 #61 OK SELECT id=1458592 via doris-1 rows=10001 [doris-1:f:up doris-2:M:up doris-3:f:DOWN]
21:12:09 #62 OK INSERT id=1458593 via doris-1 rows=10002 [doris-1:f:up doris-2:M:up doris-3:f:DOWN]
21:12:10 #63 OK UPSERT id=1458593 via doris-1 rows=10002 [doris-1:f:up doris-2:M:up doris-3:f:DOWN]
21:12:11 #64 OK SELECT id=1458593 via doris-1 rows=10002 [doris-1:f:up doris-2:M:up doris-3:f:DOWN]
21:12:12 #65 OK DELETE id=1458593 via doris-1 rows=10001 [doris-1:f:up doris-2:M:up doris-3:f:DOWN]
21:12:13 #66 OK SELECT id=1458593 via doris-1 rows=10001 [doris-1:f:up doris-2:M:up doris-3:f:DOWN]
21:12:14 #67 OK INSERT id=1458594 via doris-1 rows=10002 [doris-1:f:up doris-2:M:up doris-3:f:DOWN]
21:12:15 #68 OK UPSERT id=1458594 via doris-1 rows=10002 [doris-1:f:up doris-2:M:up doris-3:f:DOWN]
21:12:16 #69 OK SELECT id=1458594 via doris-1 rows=10002 [doris-1:f:up doris-2:M:up doris-3:f:DOWN]
21:12:17 #70 OK DELETE id=1458594 via doris-1 rows=10001 [doris-1:f:up doris-2:M:up doris-3:f:DOWN]
21:12:19 #71 OK SELECT id=1458594 via doris-1 rows=10001 [doris-1:f:up doris-2:M:up doris-3:f:DOWN]
21:12:20 #72 OK INSERT id=1458595 via doris-1 rows=10002 [doris-1:f:up doris-2:M:up doris-3:f:DOWN]
21:12:21 #73 OK UPSERT id=1458595 via doris-1 rows=10002 [doris-1:f:up doris-2:M:up doris-3:f:DOWN]
21:12:22 #74 OK SELECT id=1458595 via doris-1 rows=10002 [doris-1:f:up doris-2:M:up doris-3:f:DOWN]
21:12:23 #75 OK DELETE id=1458595 via doris-1 rows=10001 [doris-1:f:up doris-2:M:up doris-3:f:DOWN]
21:12:24 #76 OK SELECT id=1458595 via doris-1 rows=10001 [doris-1:f:up doris-2:M:up doris-3:f:DOWN]
21:12:25 #77 OK INSERT id=1458596 via doris-1 rows=10002 [doris-1:f:up doris-2:M:up doris-3:f:DOWN]
21:12:26 #78 OK UPSERT id=1458596 via doris-1 rows=10002 [doris-1:f:up doris-2:M:up doris-3:f:DOWN]
21:12:27 #79 OK SELECT id=1458596 via doris-1 rows=10002 [doris-1:f:up doris-2:M:up doris-3:f:DOWN]
21:12:28 #80 OK DELETE id=1458596 via doris-1 rows=10001 [doris-1:f:up doris-2:M:up doris-3:f:DOWN]
21:12:29 #81 OK SELECT id=1458596 via doris-1 rows=10001 [doris-1:f:up doris-2:M:up doris-3:f:DOWN]
21:12:31 #82 OK INSERT id=1458597 via doris-1 rows=10002 [doris-1:f:up doris-2:M:up doris-3:f:DOWN]
21:12:32 #83 OK UPSERT id=1458597 via doris-1 rows=10002 [doris-1:f:up doris-2:M:up doris-3:f:DOWN]
21:12:33 #84 OK SELECT id=1458597 via doris-1 rows=10002 [doris-1:f:up doris-2:M:up doris-3:f:DOWN]
21:12:34 #85 OK DELETE id=1458597 via doris-1 rows=10001 [doris-1:f:up doris-2:M:up doris-3:f:DOWN]
21:12:35 #86 OK SELECT id=1458597 via doris-1 rows=10001 [doris-1:f:up doris-2:M:up doris-3:f:DOWN]
21:12:36 #87 OK INSERT id=1458598 via doris-1 rows=10002 [doris-1:f:up doris-2:M:up doris-3:f:DOWN]
21:12:37 #88 OK UPSERT id=1458598 via doris-1 rows=10002 [doris-1:f:up doris-2:M:up doris-3:f:DOWN]
21:12:38 #89 OK SELECT id=1458598 via doris-1 rows=10002 [doris-1:f:up doris-2:M:up doris-3:f:DOWN]
21:12:39 #90 OK DELETE id=1458598 via doris-1 rows=10001 [doris-1:f:up doris-2:M:up doris-3:f:DOWN]
21:12:40 #91 OK SELECT id=1458598 via doris-1 rows=10001 [doris-1:f:up doris-2:M:up doris-3:f:DOWN]
21:12:42 #92 OK INSERT id=1458599 via doris-1 rows=10002 [doris-1:f:up doris-2:M:up doris-3:f:DOWN]
21:12:43 #93 OK UPSERT id=1458599 via doris-1 rows=10002 [doris-1:f:up doris-2:M:up doris-3:f:DOWN]
21:12:44 #94 OK SELECT id=1458599 via doris-1 rows=10002 [doris-1:f:up doris-2:M:up doris-3:f:DOWN]
21:12:45 #95 OK DELETE id=1458599 via doris-1 rows=10001 [doris-1:f:up doris-2:M:up doris-3:f:DOWN]
21:12:46 #96 OK SELECT id=1458599 via doris-1 rows=10001 [doris-1:f:up doris-2:M:up doris-3:f:DOWN]
21:12:47 #97 OK INSERT id=1458600 via doris-1 rows=10002 [doris-1:f:up doris-2:M:up doris-3:f:DOWN]
21:12:47 EVENT restore: gcloud start doris-3
21:12:48 #98 OK UPSERT id=1458600 via doris-1 rows=10002 [doris-1:f:up doris-2:M:up doris-3:f:DOWN]
21:12:49 #99 OK SELECT id=1458600 via doris-1 rows=10002 [doris-1:f:up doris-2:M:up doris-3:f:DOWN]
21:12:50 #100 OK DELETE id=1458600 via doris-1 rows=10001 [doris-1:f:up doris-2:M:up doris-3:f:DOWN]
21:12:51 #101 OK SELECT id=1458600 via doris-1 rows=10001 [doris-1:f:up doris-2:M:up doris-3:f:DOWN]
21:12:52 #102 OK INSERT id=1458601 via doris-1 rows=10002 [doris-1:f:up doris-2:M:up doris-3:f:DOWN]
21:12:54 #103 OK UPSERT id=1458601 via doris-1 rows=10002 [doris-1:f:up doris-2:M:up doris-3:f:DOWN]
21:12:55 #104 OK SELECT id=1458601 via doris-1 rows=10002 [doris-1:f:up doris-2:M:up doris-3:f:DOWN]
21:12:56 #105 OK DELETE id=1458601 via doris-1 rows=10001 [doris-1:f:up doris-2:M:up doris-3:f:DOWN]
21:12:57 #106 OK SELECT id=1458601 via doris-1 rows=10001 [doris-1:f:up doris-2:M:up doris-3:f:DOWN]
21:12:58 #107 OK INSERT id=1458602 via doris-1 rows=10002 [doris-1:f:up doris-2:M:up doris-3:f:DOWN]
21:12:59 #108 OK UPSERT id=1458602 via doris-1 rows=10002 [doris-1:f:up doris-2:M:up doris-3:f:DOWN]
21:13:00 #109 OK SELECT id=1458602 via doris-1 rows=10002 [doris-1:f:up doris-2:M:up doris-3:f:DOWN]
21:13:01 #110 OK DELETE id=1458602 via doris-1 rows=10001 [doris-1:f:up doris-2:M:up doris-3:f:DOWN]
21:13:02 #111 OK SELECT id=1458602 via doris-1 rows=10001 [doris-1:f:up doris-2:M:up doris-3:f:DOWN]
21:13:03 #112 OK INSERT id=1458603 via doris-1 rows=10002 [doris-1:f:up doris-2:M:up doris-3:f:DOWN]
21:13:05 #113 OK UPSERT id=1458603 via doris-1 rows=10002 [doris-1:f:up doris-2:M:up doris-3:f:DOWN]
21:13:06 #114 OK SELECT id=1458603 via doris-1 rows=10002 [doris-1:f:up doris-2:M:up doris-3:f:DOWN]
21:13:07 #115 OK DELETE id=1458603 via doris-1 rows=10001 [doris-1:f:up doris-2:M:up doris-3:f:DOWN]
21:13:08 #116 OK SELECT id=1458603 via doris-1 rows=10001 [doris-1:f:up doris-2:M:up doris-3:f:DOWN]
21:13:09 #117 OK INSERT id=1458604 via doris-1 rows=10002 [doris-1:f:up doris-2:M:up doris-3:f:DOWN]
21:13:10 #118 OK UPSERT id=1458604 via doris-1 rows=10002 [doris-1:f:up doris-2:M:up doris-3:f:DOWN]
21:13:11 #119 OK SELECT id=1458604 via doris-1 rows=10002 [doris-1:f:up doris-2:M:up doris-3:f:DOWN]
21:13:12 #120 OK DELETE id=1458604 via doris-1 rows=10001 [doris-1:f:up doris-2:M:up doris-3:f:DOWN]
21:13:13 #121 OK SELECT id=1458604 via doris-1 rows=10001 [doris-1:f:up doris-2:M:up doris-3:f:DOWN]
21:13:14 #122 OK INSERT id=1458605 via doris-1 rows=10002 [doris-1:f:up doris-2:M:up doris-3:f:DOWN]
21:13:15 #123 OK UPSERT id=1458605 via doris-1 rows=10002 [doris-1:f:up doris-2:M:up doris-3:f:DOWN]
21:13:17 #124 OK SELECT id=1458605 via doris-1 rows=10002 [doris-1:f:up doris-2:M:up doris-3:f:DOWN]
21:13:18 #125 OK DELETE id=1458605 via doris-1 rows=10001 [doris-1:f:up doris-2:M:up doris-3:f:DOWN]
21:13:19 #126 OK SELECT id=1458605 via doris-1 rows=10001 [doris-1:f:up doris-2:M:up doris-3:f:DOWN]
21:13:20 #127 OK INSERT id=1458606 via doris-1 rows=10002 [doris-1:f:up doris-2:M:up doris-3:f:DOWN]
21:13:21 #128 OK UPSERT id=1458606 via doris-1 rows=10002 [doris-1:f:up doris-2:M:up doris-3:f:DOWN]
21:13:22 #129 OK SELECT id=1458606 via doris-1 rows=10002 [doris-1:f:up doris-2:M:up doris-3:f:DOWN]
21:13:23 #130 OK DELETE id=1458606 via doris-1 rows=10001 [doris-1:f:up doris-2:M:up doris-3:f:DOWN]
21:13:24 #131 OK SELECT id=1458606 via doris-1 rows=10001 [doris-1:f:up doris-2:M:up doris-3:f:DOWN]
21:13:25 #132 OK INSERT id=1458607 via doris-1 rows=10002 [doris-1:f:up doris-2:M:up doris-3:f:DOWN]
21:13:26 #133 OK UPSERT id=1458607 via doris-1 rows=10002 [doris-1:f:up doris-2:M:up doris-3:f:DOWN]
21:13:28 #134 OK SELECT id=1458607 via doris-1 rows=10002 [doris-1:f:up doris-2:M:up doris-3:f:DOWN]
21:13:29 #135 OK DELETE id=1458607 via doris-1 rows=10001 [doris-1:f:up doris-2:M:up doris-3:f:DOWN]
21:13:30 #136 OK SELECT id=1458607 via doris-1 rows=10001 [doris-1:f:up doris-2:M:up doris-3:f:DOWN]
21:13:31 #137 OK INSERT id=1458608 via doris-1 rows=10002 [doris-1:f:up doris-2:M:up doris-3:f:DOWN]
21:13:32 #138 OK UPSERT id=1458608 via doris-1 rows=10002 [doris-1:f:up doris-2:M:up doris-3:f:up]
21:13:33 #139 OK SELECT id=1458608 via doris-1 rows=10002 [doris-1:f:up doris-2:M:up doris-3:f:up]
21:13:34 #140 OK DELETE id=1458608 via doris-1 rows=10001 [doris-1:f:up doris-2:M:up doris-3:f:up]
21:13:35 #141 OK SELECT id=1458608 via doris-1 rows=10001 [doris-1:f:up doris-2:M:up doris-3:f:up]
21:13:36 #142 OK INSERT id=1458609 via doris-1 rows=10002 [doris-1:f:up doris-2:M:up doris-3:f:up]
21:13:37 EVENT restore: cluster healthy, doris-3 rejoined
21:13:38 #143 OK UPSERT id=1458609 via doris-1 rows=10002 [doris-1:f:up doris-2:M:up doris-3:f:up]
21:13:39 #144 OK SELECT id=1458609 via doris-1 rows=10002 [doris-1:f:up doris-2:M:up doris-3:f:up]
21:13:40 #145 OK DELETE id=1458609 via doris-1 rows=10001 [doris-1:f:up doris-2:M:up doris-3:f:up]
21:13:41 #146 OK SELECT id=1458609 via doris-1 rows=10001 [doris-1:f:up doris-2:M:up doris-3:f:up]
21:13:42 #147 OK INSERT id=1458610 via doris-1 rows=10002 [doris-1:f:up doris-2:M:up doris-3:f:up]
21:13:43 #148 OK UPSERT id=1458610 via doris-1 rows=10002 [doris-1:f:up doris-2:M:up doris-3:f:up]
21:13:44 #149 OK SELECT id=1458610 via doris-1 rows=10002 [doris-1:f:up doris-2:M:up doris-3:f:up]
21:13:45 #150 OK DELETE id=1458610 via doris-1 rows=10001 [doris-1:f:up doris-2:M:up doris-3:f:up]
21:13:46 #151 OK SELECT id=1458610 via doris-1 rows=10001 [doris-1:f:up doris-2:M:up doris-3:f:up]
21:13:47 #152 OK INSERT id=1458611 via doris-1 rows=10002 [doris-1:f:up doris-2:M:up doris-3:f:up]
21:13:49 #153 OK UPSERT id=1458611 via doris-1 rows=10002 [doris-1:f:up doris-2:M:up doris-3:f:up]
21:13:50 #154 OK SELECT id=1458611 via doris-1 rows=10002 [doris-1:f:up doris-2:M:up doris-3:f:up]
21:13:51 #155 OK DELETE id=1458611 via doris-1 rows=10001 [doris-1:f:up doris-2:M:up doris-3:f:up]
21:13:52 #156 OK SELECT id=1458611 via doris-1 rows=10001 [doris-1:f:up doris-2:M:up doris-3:f:up]
