21:58:13 PROBE start proto=mysql hosts=doris-1,doris-2,doris-3 duration=86400s cycle=INSERT>UPSERT>SELECT>DELETE>SELECT
21:58:13 connected to doris-1 (10.140.0.2)
21:58:13 #1 OK INSERT id=1486930 via doris-1 rows=10003 [doris-1:f:up doris-2:f:up doris-3:M:up]
21:58:14 #2 OK UPSERT id=1486930 via doris-1 rows=10004 [doris-1:f:up doris-2:f:up doris-3:M:up]
21:58:15 #3 OK SELECT id=1486930 via doris-1 rows=10004 [doris-1:f:up doris-2:f:up doris-3:M:up]
21:58:16 #4 OK DELETE id=1486930 via doris-1 rows=10003 [doris-1:f:up doris-2:f:up doris-3:M:up]
21:58:18 #5 OK SELECT id=1486930 via doris-1 rows=10002 [doris-1:f:up doris-2:f:up doris-3:M:up]
21:58:19 #6 OK INSERT id=1486931 via doris-1 rows=10003 [doris-1:f:up doris-2:f:up doris-3:M:up]
21:58:20 #7 OK UPSERT id=1486931 via doris-1 rows=10004 [doris-1:f:up doris-2:f:up doris-3:M:up]
21:58:21 #8 OK SELECT id=1486931 via doris-1 rows=10004 [doris-1:f:up doris-2:f:up doris-3:M:up]
21:58:22 #9 OK DELETE id=1486931 via doris-1 rows=10003 [doris-1:f:up doris-2:f:up doris-3:M:up]
21:58:23 #10 OK SELECT id=1486931 via doris-1 rows=10002 [doris-1:f:up doris-2:f:up doris-3:M:up]
21:58:24 #11 OK INSERT id=1486932 via doris-1 rows=10003 [doris-1:f:up doris-2:f:up doris-3:M:up]
21:58:25 #12 OK UPSERT id=1486932 via doris-1 rows=10004 [doris-1:f:up doris-2:f:up doris-3:M:up]
21:58:26 #13 OK SELECT id=1486932 via doris-1 rows=10004 [doris-1:f:up doris-2:f:up doris-3:M:up]
21:58:27 #14 OK DELETE id=1486932 via doris-1 rows=10003 [doris-1:f:up doris-2:f:up doris-3:M:up]
21:58:28 #15 OK SELECT id=1486932 via doris-1 rows=10002 [doris-1:f:up doris-2:f:up doris-3:M:up]
21:58:29 #16 OK INSERT id=1486933 via doris-1 rows=10003 [doris-1:f:up doris-2:f:up doris-3:M:up]
21:58:30 #17 OK UPSERT id=1486933 via doris-1 rows=10004 [doris-1:f:up doris-2:f:up doris-3:M:up]
21:58:31 #18 OK SELECT id=1486933 via doris-1 rows=10004 [doris-1:f:up doris-2:f:up doris-3:M:up]
21:58:33 #19 OK DELETE id=1486933 via doris-1 rows=10003 [doris-1:f:up doris-2:f:up doris-3:M:up]
21:58:34 #20 OK SELECT id=1486933 via doris-1 rows=10002 [doris-1:f:up doris-2:f:up doris-3:M:up]
21:58:35 #21 OK INSERT id=1486934 via doris-1 rows=10003 [doris-1:f:up doris-2:f:up doris-3:M:up]
21:58:36 #22 OK UPSERT id=1486934 via doris-1 rows=10004 [doris-1:f:up doris-2:f:up doris-3:M:up]
21:58:37 #23 OK SELECT id=1486934 via doris-1 rows=10004 [doris-1:f:up doris-2:f:up doris-3:M:up]
21:58:38 #24 OK DELETE id=1486934 via doris-1 rows=10003 [doris-1:f:up doris-2:f:up doris-3:M:up]
21:58:39 #25 OK SELECT id=1486934 via doris-1 rows=10002 [doris-1:f:up doris-2:f:up doris-3:M:up]
21:58:40 #26 OK INSERT id=1486935 via doris-1 rows=10003 [doris-1:f:up doris-2:f:up doris-3:M:up]
21:58:41 #27 OK UPSERT id=1486935 via doris-1 rows=10004 [doris-1:f:up doris-2:f:up doris-3:M:up]
21:58:42 #28 OK SELECT id=1486935 via doris-1 rows=10004 [doris-1:f:up doris-2:f:up doris-3:M:up]
21:58:43 #29 OK DELETE id=1486935 via doris-1 rows=10003 [doris-1:f:up doris-2:f:up doris-3:M:up]
21:58:44 #30 OK SELECT id=1486935 via doris-1 rows=10002 [doris-1:f:up doris-2:f:up doris-3:M:up]
21:58:45 #31 OK INSERT id=1486936 via doris-1 rows=10003 [doris-1:f:up doris-2:f:up doris-3:M:up]
21:58:47 #32 OK UPSERT id=1486936 via doris-1 rows=10004 [doris-1:f:up doris-2:f:up doris-3:M:up]
21:58:48 #33 OK SELECT id=1486936 via doris-1 rows=10004 [doris-1:f:up doris-2:f:up doris-3:M:up]
21:58:49 #34 OK DELETE id=1486936 via doris-1 rows=10003 [doris-1:f:up doris-2:f:up doris-3:M:up]
21:58:50 #35 OK SELECT id=1486936 via doris-1 rows=10002 [doris-1:f:up doris-2:f:up doris-3:M:up]
21:58:51 #36 OK INSERT id=1486937 via doris-1 rows=10003 [doris-1:f:up doris-2:f:up doris-3:M:up]
21:58:52 #37 OK UPSERT id=1486937 via doris-1 rows=10004 [doris-1:f:up doris-2:f:up doris-3:M:up]
21:58:53 #38 OK SELECT id=1486937 via doris-1 rows=10004 [doris-1:f:up doris-2:f:up doris-3:M:up]
21:58:54 #39 OK DELETE id=1486937 via doris-1 rows=10003 [doris-1:f:up doris-2:f:up doris-3:M:up]
21:58:54 EVENT break: gcloud stop doris-3 (FE master)
21:58:55 #40 OK SELECT id=1486937 via doris-1 rows=10002 [doris-1:f:up doris-2:f:up doris-3:M:up]
21:58:56 #41 OK INSERT id=1486938 via doris-1 rows=10003 [doris-1:f:up doris-2:f:up doris-3:M:up]
21:58:57 #42 FAIL UPSERT id=1486938 via doris-1: OperationalError: (1105, 'ForwardToMasterException, msg: forward to master FE TNetworkAddress(hostname:10.140.0.4, port:9020), s
21:58:58 connected to doris-1 (10.140.0.2)
21:58:58 #43 FAIL INSERT id=1486939 via doris-1: OperationalError: (1105, 'Exception, msg: Failed to get master client.')
21:58:59 connected to doris-1 (10.140.0.2)
21:59:00 #44 OK INSERT id=1486940 via doris-1 rows=10006 [doris-1:f:up doris-2:M:up doris-3:f:DOWN] (recovered)
21:59:01 #45 OK UPSERT id=1486940 via doris-1 rows=10006 [doris-1:f:up doris-2:M:up doris-3:f:DOWN]
21:59:02 #46 OK SELECT id=1486940 via doris-1 rows=10006 [doris-1:f:up doris-2:M:up doris-3:f:DOWN]
21:59:03 #47 OK DELETE id=1486940 via doris-1 rows=10004 [doris-1:f:up doris-2:M:up doris-3:f:DOWN]
21:59:04 #48 OK SELECT id=1486940 via doris-1 rows=10004 [doris-1:f:up doris-2:M:up doris-3:f:DOWN]
21:59:05 #49 OK INSERT id=1486941 via doris-1 rows=10006 [doris-1:f:up doris-2:M:up doris-3:f:DOWN]
21:59:06 #50 OK UPSERT id=1486941 via doris-1 rows=10006 [doris-1:f:up doris-2:M:up doris-3:f:DOWN]
21:59:07 #51 OK SELECT id=1486941 via doris-1 rows=10006 [doris-1:f:up doris-2:M:up doris-3:f:DOWN]
21:59:09 #52 OK DELETE id=1486941 via doris-1 rows=10004 [doris-1:f:up doris-2:M:up doris-3:f:DOWN]
21:59:10 #53 OK SELECT id=1486941 via doris-1 rows=10004 [doris-1:f:up doris-2:M:up doris-3:f:DOWN]
21:59:11 #54 OK INSERT id=1486942 via doris-1 rows=10006 [doris-1:f:up doris-2:M:up doris-3:f:DOWN]
21:59:12 #55 OK UPSERT id=1486942 via doris-1 rows=10006 [doris-1:f:up doris-2:M:up doris-3:f:DOWN]
21:59:13 #56 OK SELECT id=1486942 via doris-1 rows=10006 [doris-1:f:up doris-2:M:up doris-3:f:DOWN]
21:59:14 #57 OK DELETE id=1486942 via doris-1 rows=10004 [doris-1:f:up doris-2:M:up doris-3:f:DOWN]
21:59:15 #58 OK SELECT id=1486942 via doris-1 rows=10004 [doris-1:f:up doris-2:M:up doris-3:f:DOWN]
21:59:16 #59 OK INSERT id=1486943 via doris-1 rows=10006 [doris-1:f:up doris-2:M:up doris-3:f:DOWN]
21:59:17 #60 OK UPSERT id=1486943 via doris-1 rows=10006 [doris-1:f:up doris-2:M:up doris-3:f:DOWN]
21:59:18 EVENT break: doris-3 is down
21:59:18 #61 OK SELECT id=1486943 via doris-1 rows=10006 [doris-1:f:up doris-2:M:up doris-3:f:DOWN]
21:59:19 #62 OK DELETE id=1486943 via doris-1 rows=10004 [doris-1:f:up doris-2:M:up doris-3:f:DOWN]
21:59:20 #63 OK SELECT id=1486943 via doris-1 rows=10004 [doris-1:f:up doris-2:M:up doris-3:f:DOWN]
21:59:22 #64 OK INSERT id=1486944 via doris-1 rows=10006 [doris-1:f:up doris-2:M:up doris-3:f:DOWN]
21:59:23 #65 OK UPSERT id=1486944 via doris-1 rows=10006 [doris-1:f:up doris-2:M:up doris-3:f:DOWN]
21:59:24 #66 OK SELECT id=1486944 via doris-1 rows=10006 [doris-1:f:up doris-2:M:up doris-3:f:DOWN]
21:59:25 #67 OK DELETE id=1486944 via doris-1 rows=10004 [doris-1:f:up doris-2:M:up doris-3:f:DOWN]
21:59:26 #68 OK SELECT id=1486944 via doris-1 rows=10004 [doris-1:f:up doris-2:M:up doris-3:f:DOWN]
21:59:27 #69 OK INSERT id=1486945 via doris-1 rows=10006 [doris-1:f:up doris-2:M:up doris-3:f:DOWN]
21:59:28 #70 OK UPSERT id=1486945 via doris-1 rows=10006 [doris-1:f:up doris-2:M:up doris-3:f:DOWN]
21:59:29 #71 OK SELECT id=1486945 via doris-1 rows=10006 [doris-1:f:up doris-2:M:up doris-3:f:DOWN]
21:59:30 #72 OK DELETE id=1486945 via doris-1 rows=10004 [doris-1:f:up doris-2:M:up doris-3:f:DOWN]
21:59:31 #73 OK SELECT id=1486945 via doris-1 rows=10004 [doris-1:f:up doris-2:M:up doris-3:f:DOWN]
21:59:32 #74 OK INSERT id=1486946 via doris-1 rows=10006 [doris-1:f:up doris-2:M:up doris-3:f:DOWN]
21:59:33 #75 OK UPSERT id=1486946 via doris-1 rows=10006 [doris-1:f:up doris-2:M:up doris-3:f:DOWN]
21:59:34 #76 OK SELECT id=1486946 via doris-1 rows=10006 [doris-1:f:up doris-2:M:up doris-3:f:DOWN]
21:59:36 #77 OK DELETE id=1486946 via doris-1 rows=10004 [doris-1:f:up doris-2:M:up doris-3:f:DOWN]
21:59:37 #78 OK SELECT id=1486946 via doris-1 rows=10004 [doris-1:f:up doris-2:M:up doris-3:f:DOWN]
21:59:38 #79 OK INSERT id=1486947 via doris-1 rows=10006 [doris-1:f:up doris-2:M:up doris-3:f:DOWN]
21:59:39 #80 OK UPSERT id=1486947 via doris-1 rows=10006 [doris-1:f:up doris-2:M:up doris-3:f:DOWN]
21:59:40 #81 OK SELECT id=1486947 via doris-1 rows=10006 [doris-1:f:up doris-2:M:up doris-3:f:DOWN]
21:59:41 #82 OK DELETE id=1486947 via doris-1 rows=10004 [doris-1:f:up doris-2:M:up doris-3:f:DOWN]
21:59:42 #83 OK SELECT id=1486947 via doris-1 rows=10004 [doris-1:f:up doris-2:M:up doris-3:f:DOWN]
21:59:43 #84 OK INSERT id=1486948 via doris-1 rows=10006 [doris-1:f:up doris-2:M:up doris-3:f:DOWN]
21:59:44 #85 OK UPSERT id=1486948 via doris-1 rows=10006 [doris-1:f:up doris-2:M:up doris-3:f:DOWN]
21:59:45 #86 OK SELECT id=1486948 via doris-1 rows=10006 [doris-1:f:up doris-2:M:up doris-3:f:DOWN]
21:59:46 #87 OK DELETE id=1486948 via doris-1 rows=10004 [doris-1:f:up doris-2:M:up doris-3:f:DOWN]
21:59:47 #88 OK SELECT id=1486948 via doris-1 rows=10004 [doris-1:f:up doris-2:M:up doris-3:f:DOWN]
21:59:48 #89 OK INSERT id=1486949 via doris-1 rows=10006 [doris-1:f:up doris-2:M:up doris-3:f:DOWN]
21:59:50 #90 OK UPSERT id=1486949 via doris-1 rows=10006 [doris-1:f:up doris-2:M:up doris-3:f:DOWN]
21:59:51 #91 OK SELECT id=1486949 via doris-1 rows=10006 [doris-1:f:up doris-2:M:up doris-3:f:DOWN]
21:59:52 #92 OK DELETE id=1486949 via doris-1 rows=10004 [doris-1:f:up doris-2:M:up doris-3:f:DOWN]
21:59:53 #93 OK SELECT id=1486949 via doris-1 rows=10004 [doris-1:f:up doris-2:M:up doris-3:f:DOWN]
21:59:54 #94 OK INSERT id=1486950 via doris-1 rows=10006 [doris-1:f:up doris-2:M:up doris-3:f:DOWN]
21:59:55 #95 OK UPSERT id=1486950 via doris-1 rows=10006 [doris-1:f:up doris-2:M:up doris-3:f:DOWN]
21:59:56 #96 OK SELECT id=1486950 via doris-1 rows=10006 [doris-1:f:up doris-2:M:up doris-3:f:DOWN]
21:59:57 #97 OK DELETE id=1486950 via doris-1 rows=10004 [doris-1:f:up doris-2:M:up doris-3:f:DOWN]
21:59:58 #98 OK SELECT id=1486950 via doris-1 rows=10004 [doris-1:f:up doris-2:M:up doris-3:f:DOWN]
21:59:59 #99 OK INSERT id=1486951 via doris-1 rows=10006 [doris-1:f:up doris-2:M:up doris-3:f:DOWN]
22:00:00 #100 OK UPSERT id=1486951 via doris-1 rows=10006 [doris-1:f:up doris-2:M:up doris-3:f:DOWN]
22:00:01 #101 OK SELECT id=1486951 via doris-1 rows=10006 [doris-1:f:up doris-2:M:up doris-3:f:DOWN]
22:00:02 #102 OK DELETE id=1486951 via doris-1 rows=10004 [doris-1:f:up doris-2:M:up doris-3:f:DOWN]
22:00:04 #103 OK SELECT id=1486951 via doris-1 rows=10004 [doris-1:f:up doris-2:M:up doris-3:f:DOWN]
22:00:05 #104 OK INSERT id=1486952 via doris-1 rows=10006 [doris-1:f:up doris-2:M:up doris-3:f:DOWN]
22:00:06 #105 OK UPSERT id=1486952 via doris-1 rows=10006 [doris-1:f:up doris-2:M:up doris-3:f:DOWN]
22:00:07 #106 OK SELECT id=1486952 via doris-1 rows=10006 [doris-1:f:up doris-2:M:up doris-3:f:DOWN]
22:00:08 #107 OK DELETE id=1486952 via doris-1 rows=10004 [doris-1:f:up doris-2:M:up doris-3:f:DOWN]
22:00:09 #108 OK SELECT id=1486952 via doris-1 rows=10004 [doris-1:f:up doris-2:M:up doris-3:f:DOWN]
22:00:10 #109 OK INSERT id=1486953 via doris-1 rows=10006 [doris-1:f:up doris-2:M:up doris-3:f:DOWN]
22:00:11 #110 OK UPSERT id=1486953 via doris-1 rows=10006 [doris-1:f:up doris-2:M:up doris-3:f:DOWN]
22:00:11 EVENT restore: gcloud start doris-3
22:00:12 #111 OK SELECT id=1486953 via doris-1 rows=10006 [doris-1:f:up doris-2:M:up doris-3:f:DOWN]
22:00:13 #112 OK DELETE id=1486953 via doris-1 rows=10004 [doris-1:f:up doris-2:M:up doris-3:f:DOWN]
22:00:14 #113 OK SELECT id=1486953 via doris-1 rows=10004 [doris-1:f:up doris-2:M:up doris-3:f:DOWN]
22:00:15 #114 OK INSERT id=1486954 via doris-1 rows=10006 [doris-1:f:up doris-2:M:up doris-3:f:DOWN]
22:00:16 #115 OK UPSERT id=1486954 via doris-1 rows=10006 [doris-1:f:up doris-2:M:up doris-3:f:DOWN]
22:00:18 #116 OK SELECT id=1486954 via doris-1 rows=10006 [doris-1:f:up doris-2:M:up doris-3:f:DOWN]
22:00:19 #117 OK DELETE id=1486954 via doris-1 rows=10004 [doris-1:f:up doris-2:M:up doris-3:f:DOWN]
22:00:20 #118 OK SELECT id=1486954 via doris-1 rows=10004 [doris-1:f:up doris-2:M:up doris-3:f:DOWN]
22:00:21 #119 OK INSERT id=1486955 via doris-1 rows=10006 [doris-1:f:up doris-2:M:up doris-3:f:DOWN]
22:00:22 #120 OK UPSERT id=1486955 via doris-1 rows=10006 [doris-1:f:up doris-2:M:up doris-3:f:DOWN]
22:00:23 #121 OK SELECT id=1486955 via doris-1 rows=10006 [doris-1:f:up doris-2:M:up doris-3:f:DOWN]
22:00:24 #122 OK DELETE id=1486955 via doris-1 rows=10004 [doris-1:f:up doris-2:M:up doris-3:f:DOWN]
22:00:25 #123 OK SELECT id=1486955 via doris-1 rows=10004 [doris-1:f:up doris-2:M:up doris-3:f:DOWN]
22:00:26 #124 OK INSERT id=1486956 via doris-1 rows=10006 [doris-1:f:up doris-2:M:up doris-3:f:DOWN]
22:00:27 #125 OK UPSERT id=1486956 via doris-1 rows=10006 [doris-1:f:up doris-2:M:up doris-3:f:DOWN]
22:00:28 #126 OK SELECT id=1486956 via doris-1 rows=10006 [doris-1:f:up doris-2:M:up doris-3:f:DOWN]
22:00:29 #127 OK DELETE id=1486956 via doris-1 rows=10004 [doris-1:f:up doris-2:M:up doris-3:f:DOWN]
22:00:30 #128 OK SELECT id=1486956 via doris-1 rows=10004 [doris-1:f:up doris-2:M:up doris-3:f:DOWN]
22:00:32 #129 OK INSERT id=1486957 via doris-1 rows=10006 [doris-1:f:up doris-2:M:up doris-3:f:DOWN]
22:00:33 #130 OK UPSERT id=1486957 via doris-1 rows=10006 [doris-1:f:up doris-2:M:up doris-3:f:DOWN]
22:00:34 #131 OK SELECT id=1486957 via doris-1 rows=10006 [doris-1:f:up doris-2:M:up doris-3:f:DOWN]
22:00:35 #132 OK DELETE id=1486957 via doris-1 rows=10004 [doris-1:f:up doris-2:M:up doris-3:f:DOWN]
22:00:36 #133 OK SELECT id=1486957 via doris-1 rows=10004 [doris-1:f:up doris-2:M:up doris-3:f:DOWN]
22:00:37 #134 OK INSERT id=1486958 via doris-1 rows=10006 [doris-1:f:up doris-2:M:up doris-3:f:DOWN]
22:00:38 #135 OK UPSERT id=1486958 via doris-1 rows=10006 [doris-1:f:up doris-2:M:up doris-3:f:DOWN]
22:00:39 #136 OK SELECT id=1486958 via doris-1 rows=10006 [doris-1:f:up doris-2:M:up doris-3:f:DOWN]
22:00:40 #137 OK DELETE id=1486958 via doris-1 rows=10004 [doris-1:f:up doris-2:M:up doris-3:f:DOWN]
22:00:41 #138 OK SELECT id=1486958 via doris-1 rows=10004 [doris-1:f:up doris-2:M:up doris-3:f:DOWN]
22:00:42 #139 OK INSERT id=1486959 via doris-1 rows=10006 [doris-1:f:up doris-2:M:up doris-3:f:DOWN]
22:00:43 #140 OK UPSERT id=1486959 via doris-1 rows=10006 [doris-1:f:up doris-2:M:up doris-3:f:DOWN]
22:00:44 #141 OK SELECT id=1486959 via doris-1 rows=10006 [doris-1:f:up doris-2:M:up doris-3:f:DOWN]
22:00:45 #142 OK DELETE id=1486959 via doris-1 rows=10004 [doris-1:f:up doris-2:M:up doris-3:f:DOWN]
22:00:47 #143 OK SELECT id=1486959 via doris-1 rows=10004 [doris-1:f:up doris-2:M:up doris-3:f:DOWN]
22:00:48 #144 OK INSERT id=1486960 via doris-1 rows=10006 [doris-1:f:up doris-2:M:up doris-3:f:DOWN]
22:00:49 #145 OK UPSERT id=1486960 via doris-1 rows=10006 [doris-1:f:up doris-2:M:up doris-3:f:DOWN]
22:00:50 #146 OK SELECT id=1486960 via doris-1 rows=10006 [doris-1:f:up doris-2:M:up doris-3:f:up]
22:00:51 #147 OK DELETE id=1486960 via doris-1 rows=10004 [doris-1:f:up doris-2:M:up doris-3:f:up]
22:00:52 #148 OK SELECT id=1486960 via doris-1 rows=10004 [doris-1:f:up doris-2:M:up doris-3:f:up]
22:00:53 #149 OK INSERT id=1486961 via doris-1 rows=10006 [doris-1:f:up doris-2:M:up doris-3:f:up]
22:00:54 #150 OK UPSERT id=1486961 via doris-1 rows=10006 [doris-1:f:up doris-2:M:up doris-3:f:up]
22:00:55 #151 OK SELECT id=1486961 via doris-1 rows=10006 [doris-1:f:up doris-2:M:up doris-3:f:up]
22:00:56 #152 OK DELETE id=1486961 via doris-1 rows=10004 [doris-1:f:up doris-2:M:up doris-3:f:up]
22:00:57 #153 OK SELECT id=1486961 via doris-1 rows=10004 [doris-1:f:up doris-2:M:up doris-3:f:up]
22:00:58 #154 OK INSERT id=1486962 via doris-1 rows=10006 [doris-1:f:up doris-2:M:up doris-3:f:up]
22:00:59 #155 OK UPSERT id=1486962 via doris-1 rows=10006 [doris-1:f:up doris-2:M:up doris-3:f:up]
22:01:00 #156 OK SELECT id=1486962 via doris-1 rows=10006 [doris-1:f:up doris-2:M:up doris-3:f:up]
22:01:02 #157 OK DELETE id=1486962 via doris-1 rows=10004 [doris-1:f:up doris-2:M:up doris-3:f:up]
22:01:03 #158 OK SELECT id=1486962 via doris-1 rows=10004 [doris-1:f:up doris-2:M:up doris-3:f:up]
22:01:04 #159 OK INSERT id=1486963 via doris-1 rows=10006 [doris-1:f:up doris-2:M:up doris-3:f:up]
22:01:05 EVENT restore: cluster healthy, doris-3 rejoined
22:01:05 #160 OK UPSERT id=1486963 via doris-1 rows=10006 [doris-1:f:up doris-2:M:up doris-3:f:up]
22:01:06 #161 OK SELECT id=1486963 via doris-1 rows=10006 [doris-1:f:up doris-2:M:up doris-3:f:up]
22:01:07 #162 OK DELETE id=1486963 via doris-1 rows=10004 [doris-1:f:up doris-2:M:up doris-3:f:up]
22:01:08 #163 OK SELECT id=1486963 via doris-1 rows=10004 [doris-1:f:up doris-2:M:up doris-3:f:up]
22:01:09 #164 OK INSERT id=1486964 via doris-1 rows=10006 [doris-1:f:up doris-2:M:up doris-3:f:up]
22:01:10 #165 OK UPSERT id=1486964 via doris-1 rows=10006 [doris-1:f:up doris-2:M:up doris-3:f:up]
22:01:11 #166 OK SELECT id=1486964 via doris-1 rows=10006 [doris-1:f:up doris-2:M:up doris-3:f:up]
22:01:12 #167 OK DELETE id=1486964 via doris-1 rows=10004 [doris-1:f:up doris-2:M:up doris-3:f:up]
22:01:13 #168 OK SELECT id=1486964 via doris-1 rows=10004 [doris-1:f:up doris-2:M:up doris-3:f:up]
22:01:15 #169 OK INSERT id=1486965 via doris-1 rows=10006 [doris-1:f:up doris-2:M:up doris-3:f:up]
22:01:16 #170 OK UPSERT id=1486965 via doris-1 rows=10006 [doris-1:f:up doris-2:M:up doris-3:f:up]
22:01:17 #171 OK SELECT id=1486965 via doris-1 rows=10006 [doris-1:f:up doris-2:M:up doris-3:f:up]
22:01:18 #172 OK DELETE id=1486965 via doris-1 rows=10004 [doris-1:f:up doris-2:M:up doris-3:f:up]
22:01:19 #173 OK SELECT id=1486965 via doris-1 rows=10004 [doris-1:f:up doris-2:M:up doris-3:f:up]
22:01:20 #174 OK INSERT id=1486966 via doris-1 rows=10006 [doris-1:f:up doris-2:M:up doris-3:f:up]
22:01:21 #175 OK UPSERT id=1486966 via doris-1 rows=10006 [doris-1:f:up doris-2:M:up doris-3:f:up]
22:01:22 #176 OK SELECT id=1486966 via doris-1 rows=10006 [doris-1:f:up doris-2:M:up doris-3:f:up]
22:01:23 #177 OK DELETE id=1486966 via doris-1 rows=10004 [doris-1:f:up doris-2:M:up doris-3:f:up]
22:01:24 #178 OK SELECT id=1486966 via doris-1 rows=10004 [doris-1:f:up doris-2:M:up doris-3:f:up]
22:01:25 #179 OK INSERT id=1486967 via doris-1 rows=10006 [doris-1:f:up doris-2:M:up doris-3:f:up]
22:01:27 #180 OK UPSERT id=1486967 via doris-1 rows=10006 [doris-1:f:up doris-2:M:up doris-3:f:up]
22:01:28 #181 OK SELECT id=1486967 via doris-1 rows=10006 [doris-1:f:up doris-2:M:up doris-3:f:up]
