18:22:46 PROBE start proto=jdbc hosts=doris-1,doris-2,doris-3 duration=86400s cycle=INSERT>UPSERT>SELECT>DELETE>SELECT url=jdbc:mysql://10.140.0.2:9030,10.140.0.3:9030,10.140.0.4:9030/hatest
18:22:46 connected to doris-1 (driver-selected host)
18:22:46 #1 OK INSERT id=2677660 via doris-1 rows=10224 [doris-1:f:up doris-2:f:up doris-3:M:up]
18:22:48 #2 OK UPSERT id=2677660 via doris-1 rows=10224 [doris-1:f:up doris-2:f:up doris-3:M:up]
18:22:49 #3 OK SELECT id=2677660 via doris-1 rows=10224 [doris-1:f:up doris-2:f:up doris-3:M:up]
18:22:50 #4 OK DELETE id=2677660 via doris-1 rows=10222 [doris-1:f:up doris-2:f:up doris-3:M:up]
18:22:51 #5 OK SELECT id=2677660 via doris-1 rows=10222 [doris-1:f:up doris-2:f:up doris-3:M:up]
18:22:52 #6 OK INSERT id=2677661 via doris-1 rows=10224 [doris-1:f:up doris-2:f:up doris-3:M:up]
18:22:53 #7 OK UPSERT id=2677661 via doris-1 rows=10224 [doris-1:f:up doris-2:f:up doris-3:M:up]
18:22:54 #8 OK SELECT id=2677661 via doris-1 rows=10224 [doris-1:f:up doris-2:f:up doris-3:M:up]
18:22:55 #9 OK DELETE id=2677661 via doris-1 rows=10222 [doris-1:f:up doris-2:f:up doris-3:M:up]
18:22:56 #10 OK SELECT id=2677661 via doris-1 rows=10222 [doris-1:f:up doris-2:f:up doris-3:M:up]
18:22:57 #11 OK INSERT id=2677662 via doris-1 rows=10224 [doris-1:f:up doris-2:f:up doris-3:M:up]
18:22:58 #12 OK UPSERT id=2677662 via doris-1 rows=10224 [doris-1:f:up doris-2:f:up doris-3:M:up]
18:22:59 #13 OK SELECT id=2677662 via doris-1 rows=10224 [doris-1:f:up doris-2:f:up doris-3:M:up]
18:23:00 #14 OK DELETE id=2677662 via doris-1 rows=10222 [doris-1:f:up doris-2:f:up doris-3:M:up]
18:23:01 #15 OK SELECT id=2677662 via doris-1 rows=10222 [doris-1:f:up doris-2:f:up doris-3:M:up]
18:23:02 #16 OK INSERT id=2677663 via doris-1 rows=10224 [doris-1:f:up doris-2:f:up doris-3:M:up]
18:23:03 #17 OK UPSERT id=2677663 via doris-1 rows=10224 [doris-1:f:up doris-2:f:up doris-3:M:up]
18:23:05 #18 OK SELECT id=2677663 via doris-1 rows=10224 [doris-1:f:up doris-2:f:up doris-3:M:up]
18:23:06 #19 OK DELETE id=2677663 via doris-1 rows=10222 [doris-1:f:up doris-2:f:up doris-3:M:up]
18:23:07 #20 OK SELECT id=2677663 via doris-1 rows=10222 [doris-1:f:up doris-2:f:up doris-3:M:up]
18:23:08 #21 OK INSERT id=2677664 via doris-1 rows=10224 [doris-1:f:up doris-2:f:up doris-3:M:up]
18:23:09 #22 OK UPSERT id=2677664 via doris-1 rows=10224 [doris-1:f:up doris-2:f:up doris-3:M:up]
18:23:10 #23 OK SELECT id=2677664 via doris-1 rows=10224 [doris-1:f:up doris-2:f:up doris-3:M:up]
18:23:11 #24 OK DELETE id=2677664 via doris-1 rows=10222 [doris-1:f:up doris-2:f:up doris-3:M:up]
18:23:12 #25 OK SELECT id=2677664 via doris-1 rows=10222 [doris-1:f:up doris-2:f:up doris-3:M:up]
18:23:13 #26 OK INSERT id=2677665 via doris-1 rows=10224 [doris-1:f:up doris-2:f:up doris-3:M:up]
18:23:14 #27 OK UPSERT id=2677665 via doris-1 rows=10224 [doris-1:f:up doris-2:f:up doris-3:M:up]
18:23:15 #28 OK SELECT id=2677665 via doris-1 rows=10224 [doris-1:f:up doris-2:f:up doris-3:M:up]
18:23:16 #29 OK DELETE id=2677665 via doris-1 rows=10222 [doris-1:f:up doris-2:f:up doris-3:M:up]
18:23:17 #30 OK SELECT id=2677665 via doris-1 rows=10222 [doris-1:f:up doris-2:f:up doris-3:M:up]
18:23:18 #31 OK INSERT id=2677666 via doris-1 rows=10224 [doris-1:f:up doris-2:f:up doris-3:M:up]
18:23:19 #32 OK UPSERT id=2677666 via doris-1 rows=10224 [doris-1:f:up doris-2:f:up doris-3:M:up]
18:23:20 #33 OK SELECT id=2677666 via doris-1 rows=10224 [doris-1:f:up doris-2:f:up doris-3:M:up]
18:23:22 #34 OK DELETE id=2677666 via doris-1 rows=10222 [doris-1:f:up doris-2:f:up doris-3:M:up]
18:23:23 #35 OK SELECT id=2677666 via doris-1 rows=10222 [doris-1:f:up doris-2:f:up doris-3:M:up]
18:23:24 #36 OK INSERT id=2677667 via doris-1 rows=10224 [doris-1:f:up doris-2:f:up doris-3:M:up]
18:23:24 EVENT break: fe crash on doris-1 (FE follower)
18:23:25 #37 OK UPSERT id=2677667 via doris-1 rows=10224 [doris-1:f:up doris-2:f:up doris-3:M:up]
18:23:26 #38 OK SELECT id=2677667 via doris-1 rows=10224 [doris-1:f:up doris-2:f:up doris-3:M:up]
18:23:27 #39 OK DELETE id=2677667 via doris-1 rows=10222 [doris-1:f:up doris-2:f:up doris-3:M:up]
18:23:28 #40 OK SELECT id=2677667 via doris-1 rows=10222 [doris-1:f:up doris-2:f:up doris-3:M:up]
18:23:29 #41 OK INSERT id=2677668 via doris-1 rows=10224 [doris-1:f:up doris-2:f:up doris-3:M:up]
18:23:30 #42 FAIL UPSERT id=2677668 via doris-1: CommunicationsException: Communications link failure  The last packet successfully received from the server was 1,020 milliseconds ago.
18:23:30 #42 OK SELECT(check) id=1 via doris-2
18:23:31 connected to doris-2 (driver-selected host)
18:23:32 #43 OK INSERT id=2677669 via doris-2 rows=10225 [doris-1:f:up doris-2:f:up doris-3:M:up] (recovered)
18:23:33 #44 OK UPSERT id=2677669 via doris-2 rows=10226 [doris-1:f:up doris-2:f:up doris-3:M:up]
18:23:34 #45 OK SELECT id=2677669 via doris-2 rows=10226 [doris-1:f:up doris-2:f:up doris-3:M:up]
18:23:35 #46 OK DELETE id=2677669 via doris-2 rows=10224 [doris-1:f:up doris-2:f:up doris-3:M:up]
18:23:36 #47 OK SELECT id=2677669 via doris-2 rows=10224 [doris-1:f:up doris-2:f:up doris-3:M:up]
18:23:37 #48 OK INSERT id=2677670 via doris-2 rows=10226 [doris-1:f:DOWN doris-2:f:up doris-3:M:up]
18:23:39 #49 OK UPSERT id=2677670 via doris-2 rows=10226 [doris-1:f:DOWN doris-2:f:up doris-3:M:up]
18:23:40 #50 OK SELECT id=2677670 via doris-2 rows=10226 [doris-1:f:DOWN doris-2:f:up doris-3:M:up]
18:23:41 #51 OK DELETE id=2677670 via doris-2 rows=10224 [doris-1:f:DOWN doris-2:f:up doris-3:M:up]
18:23:42 #52 OK SELECT id=2677670 via doris-2 rows=10224 [doris-1:f:DOWN doris-2:f:up doris-3:M:up]
18:23:43 #53 OK INSERT id=2677671 via doris-2 rows=10226 [doris-1:f:DOWN doris-2:f:up doris-3:M:up]
18:23:44 #54 OK UPSERT id=2677671 via doris-2 rows=10226 [doris-1:f:DOWN doris-2:f:up doris-3:M:up]
18:23:45 #55 OK SELECT id=2677671 via doris-2 rows=10226 [doris-1:f:DOWN doris-2:f:up doris-3:M:up]
18:23:45 EVENT recovered: fe restarted by systemd on doris-1 (+9s)
18:23:46 #56 OK DELETE id=2677671 via doris-2 rows=10224 [doris-1:f:DOWN doris-2:f:up doris-3:M:up]
18:23:47 #57 OK SELECT id=2677671 via doris-2 rows=10224 [doris-1:f:DOWN doris-2:f:up doris-3:M:up]
18:23:48 #58 OK INSERT id=2677672 via doris-2 rows=10226 [doris-1:f:DOWN doris-2:f:up doris-3:M:up]
18:23:49 #59 OK UPSERT id=2677672 via doris-2 rows=10226 [doris-1:f:DOWN doris-2:f:up doris-3:M:up]
18:23:50 #60 OK SELECT id=2677672 via doris-2 rows=10226 [doris-1:f:DOWN doris-2:f:up doris-3:M:up]
18:23:52 #61 OK DELETE id=2677672 via doris-2 rows=10224 [doris-1:f:DOWN doris-2:f:up doris-3:M:up]
18:23:53 #62 OK SELECT id=2677672 via doris-2 rows=10224 [doris-1:f:DOWN doris-2:f:up doris-3:M:up]
18:23:54 #63 OK INSERT id=2677673 via doris-2 rows=10226 [doris-1:f:DOWN doris-2:f:up doris-3:M:up]
18:23:55 #64 OK UPSERT id=2677673 via doris-2 rows=10226 [doris-1:f:DOWN doris-2:f:up doris-3:M:up]
18:23:56 #65 OK SELECT id=2677673 via doris-2 rows=10226 [doris-1:f:DOWN doris-2:f:up doris-3:M:up]
18:23:57 #66 OK DELETE id=2677673 via doris-2 rows=10224 [doris-1:f:DOWN doris-2:f:up doris-3:M:up]
18:23:58 #67 OK SELECT id=2677673 via doris-2 rows=10224 [doris-1:f:up doris-2:f:up doris-3:M:up]
18:23:59 #68 OK INSERT id=2677674 via doris-2 rows=10226 [doris-1:f:up doris-2:f:up doris-3:M:up]
18:24:00 #69 OK UPSERT id=2677674 via doris-2 rows=10226 [doris-1:f:up doris-2:f:up doris-3:M:up]
18:24:01 #70 OK SELECT id=2677674 via doris-2 rows=10226 [doris-1:f:up doris-2:f:up doris-3:M:up]
18:24:02 #71 OK DELETE id=2677674 via doris-2 rows=10224 [doris-1:f:up doris-2:f:up doris-3:M:up]
18:24:03 #72 OK SELECT id=2677674 via doris-2 rows=10224 [doris-1:f:up doris-2:f:up doris-3:M:up]
18:24:04 #73 OK INSERT id=2677675 via doris-2 rows=10226 [doris-1:f:up doris-2:f:up doris-3:M:up]
18:24:05 #74 OK UPSERT id=2677675 via doris-2 rows=10226 [doris-1:f:up doris-2:f:up doris-3:M:up]
18:24:09 #75 OK SELECT id=2677675 via doris-2 rows=10226 [doris-1:f:up doris-2:f:up doris-3:M:up]
18:24:11 #76 OK DELETE id=2677675 via doris-2 rows=10225 [doris-1:f:up doris-2:f:up doris-3:M:up]
18:24:12 #77 OK SELECT id=2677675 via doris-2 rows=10225 [doris-1:f:up doris-2:f:up doris-3:M:up]
18:24:13 #78 OK INSERT id=2677676 via doris-2 rows=10225 [doris-1:f:up doris-2:f:up doris-3:M:up]
18:24:14 #79 OK UPSERT id=2677676 via doris-2 rows=10225 [doris-1:f:up doris-2:f:up doris-3:M:up]
18:24:15 #80 OK SELECT id=2677676 via doris-2 rows=10226 [doris-1:f:up doris-2:f:up doris-3:M:up]
18:24:17 #81 OK DELETE id=2677676 via doris-2 rows=10225 [doris-1:f:up doris-2:f:up doris-3:M:up]
18:24:18 #82 OK SELECT id=2677676 via doris-2 rows=10225 [doris-1:f:up doris-2:f:up doris-3:M:up]
18:24:19 #83 OK INSERT id=2677677 via doris-2 rows=10225 [doris-1:f:up doris-2:f:up doris-3:M:up]
18:24:20 #84 OK UPSERT id=2677677 via doris-2 rows=10225 [doris-1:f:up doris-2:f:up doris-3:M:up]
18:24:21 #85 OK SELECT id=2677677 via doris-2 rows=10226 [doris-1:f:up doris-2:f:up doris-3:M:up]
18:24:22 #86 OK DELETE id=2677677 via doris-2 rows=10225 [doris-1:f:up doris-2:f:up doris-3:M:up]
18:24:23 #87 OK SELECT id=2677677 via doris-2 rows=10225 [doris-1:f:up doris-2:f:up doris-3:M:up]
18:24:24 #88 OK INSERT id=2677678 via doris-2 rows=10225 [doris-1:f:up doris-2:f:up doris-3:M:up]
18:24:25 #89 OK UPSERT id=2677678 via doris-2 rows=10225 [doris-1:f:up doris-2:f:up doris-3:M:up]
18:24:26 #90 OK SELECT id=2677678 via doris-2 rows=10226 [doris-1:f:up doris-2:f:up doris-3:M:up]
18:24:28 #91 OK DELETE id=2677678 via doris-2 rows=10225 [doris-1:f:up doris-2:f:up doris-3:M:up]
18:24:29 #92 OK SELECT id=2677678 via doris-2 rows=10225 [doris-1:f:up doris-2:f:up doris-3:M:up]
18:24:30 #93 OK INSERT id=2677679 via doris-2 rows=10225 [doris-1:f:up doris-2:f:up doris-3:M:up]
18:24:31 #94 OK UPSERT id=2677679 via doris-2 rows=10225 [doris-1:f:up doris-2:f:up doris-3:M:up]
18:24:32 #95 OK SELECT id=2677679 via doris-2 rows=10226 [doris-1:f:up doris-2:f:up doris-3:M:up]
18:24:33 #96 OK DELETE id=2677679 via doris-2 rows=10225 [doris-1:f:up doris-2:f:up doris-3:M:up]
18:24:34 #97 OK SELECT id=2677679 via doris-2 rows=10225 [doris-1:f:up doris-2:f:up doris-3:M:up]
18:24:35 #98 OK INSERT id=2677680 via doris-2 rows=10225 [doris-1:f:up doris-2:f:up doris-3:M:up]
18:24:36 #99 OK UPSERT id=2677680 via doris-2 rows=10225 [doris-1:f:up doris-2:f:up doris-3:M:up]
18:24:37 #100 OK SELECT id=2677680 via doris-2 rows=10226 [doris-1:f:up doris-2:f:up doris-3:M:up]
18:24:39 #101 OK DELETE id=2677680 via doris-2 rows=10225 [doris-1:f:up doris-2:f:up doris-3:M:up]
18:24:40 #102 OK SELECT id=2677680 via doris-2 rows=10224 [doris-1:f:up doris-2:f:up doris-3:M:up]
18:24:41 #103 OK INSERT id=2677681 via doris-2 rows=10225 [doris-1:f:up doris-2:f:up doris-3:M:up]
18:24:42 #104 OK UPSERT id=2677681 via doris-2 rows=10226 [doris-1:f:up doris-2:f:up doris-3:M:up]
18:24:43 #105 OK SELECT id=2677681 via doris-2 rows=10226 [doris-1:f:up doris-2:f:up doris-3:M:up]
18:24:44 #106 OK DELETE id=2677681 via doris-2 rows=10225 [doris-1:f:up doris-2:f:up doris-3:M:up]
18:24:45 #107 OK SELECT id=2677681 via doris-2 rows=10224 [doris-1:f:up doris-2:f:up doris-3:M:up]
18:24:46 #108 OK INSERT id=2677682 via doris-2 rows=10225 [doris-1:f:up doris-2:f:up doris-3:M:up]
18:24:47 #109 OK UPSERT id=2677682 via doris-2 rows=10226 [doris-1:f:up doris-2:f:up doris-3:M:up]
18:24:48 #110 OK SELECT id=2677682 via doris-2 rows=10226 [doris-1:f:up doris-2:f:up doris-3:M:up]
18:24:49 #111 OK DELETE id=2677682 via doris-2 rows=10225 [doris-1:f:up doris-2:f:up doris-3:M:up]
18:24:50 #112 OK SELECT id=2677682 via doris-2 rows=10224 [doris-1:f:up doris-2:f:up doris-3:M:up]
18:24:52 #113 OK INSERT id=2677683 via doris-2 rows=10225 [doris-1:f:up doris-2:f:up doris-3:M:up]
18:24:53 #114 OK UPSERT id=2677683 via doris-2 rows=10226 [doris-1:f:up doris-2:f:up doris-3:M:up]
18:24:54 #115 OK SELECT id=2677683 via doris-2 rows=10226 [doris-1:f:up doris-2:f:up doris-3:M:up]
18:24:55 #116 OK DELETE id=2677683 via doris-2 rows=10225 [doris-1:f:up doris-2:f:up doris-3:M:up]
18:24:56 #117 OK SELECT id=2677683 via doris-2 rows=10224 [doris-1:f:up doris-2:f:up doris-3:M:up]
18:24:57 #118 OK INSERT id=2677684 via doris-2 rows=10225 [doris-1:f:up doris-2:f:up doris-3:M:up]
18:24:58 #119 OK UPSERT id=2677684 via doris-2 rows=10226 [doris-1:f:up doris-2:f:up doris-3:M:up]
18:24:59 #120 OK SELECT id=2677684 via doris-2 rows=10226 [doris-1:f:up doris-2:f:up doris-3:M:up]
18:25:00 #121 OK DELETE id=2677684 via doris-2 rows=10225 [doris-1:f:up doris-2:f:up doris-3:M:up]
18:25:01 #122 OK SELECT id=2677684 via doris-2 rows=10224 [doris-1:f:up doris-2:f:up doris-3:M:up]
18:25:02 #123 OK INSERT id=2677685 via doris-2 rows=10225 [doris-1:f:up doris-2:f:up doris-3:M:up]
18:25:03 #124 OK UPSERT id=2677685 via doris-2 rows=10226 [doris-1:f:up doris-2:f:up doris-3:M:up]
18:25:04 #125 OK SELECT id=2677685 via doris-2 rows=10226 [doris-1:f:up doris-2:f:up doris-3:M:up]
18:25:06 #126 OK DELETE id=2677685 via doris-2 rows=10225 [doris-1:f:up doris-2:f:up doris-3:M:up]
18:25:07 #127 OK SELECT id=2677685 via doris-2 rows=10224 [doris-1:f:up doris-2:f:up doris-3:M:up]
18:25:08 #128 OK INSERT id=2677686 via doris-2 rows=10225 [doris-1:f:up doris-2:f:up doris-3:M:up]
18:25:09 #129 OK UPSERT id=2677686 via doris-2 rows=10226 [doris-1:f:up doris-2:f:up doris-3:M:up]
18:25:10 #130 OK SELECT id=2677686 via doris-2 rows=10226 [doris-1:f:up doris-2:f:up doris-3:M:up]
18:25:11 #131 OK DELETE id=2677686 via doris-2 rows=10225 [doris-1:f:up doris-2:f:up doris-3:M:up]
18:25:12 #132 OK SELECT id=2677686 via doris-2 rows=10224 [doris-1:f:up doris-2:f:up doris-3:M:up]
18:25:13 #133 OK INSERT id=2677687 via doris-2 rows=10225 [doris-1:f:up doris-2:f:up doris-3:M:up]
18:25:14 #134 OK UPSERT id=2677687 via doris-2 rows=10226 [doris-1:f:up doris-2:f:up doris-3:M:up]
18:25:15 #135 OK SELECT id=2677687 via doris-2 rows=10226 [doris-1:f:up doris-2:f:up doris-3:M:up]
18:25:16 #136 OK DELETE id=2677687 via doris-2 rows=10225 [doris-1:f:up doris-2:f:up doris-3:M:up]
18:25:17 #137 OK SELECT id=2677687 via doris-2 rows=10224 [doris-1:f:up doris-2:f:up doris-3:M:up]
18:25:18 #138 OK INSERT id=2677688 via doris-2 rows=10225 [doris-1:f:up doris-2:f:up doris-3:M:up]
18:25:20 #139 OK UPSERT id=2677688 via doris-2 rows=10226 [doris-1:f:up doris-2:f:up doris-3:M:up]
18:25:21 #140 OK SELECT id=2677688 via doris-2 rows=10226 [doris-1:f:up doris-2:f:up doris-3:M:up]
18:25:22 #141 OK DELETE id=2677688 via doris-2 rows=10225 [doris-1:f:up doris-2:f:up doris-3:M:up]
18:25:22 EVENT restore: verify fe on doris-1
18:25:23 #142 OK SELECT id=2677688 via doris-2 rows=10224 [doris-1:f:up doris-2:f:up doris-3:M:up]
18:25:24 #143 OK INSERT id=2677689 via doris-2 rows=10225 [doris-1:f:up doris-2:f:up doris-3:M:up]
18:25:25 #144 OK UPSERT id=2677689 via doris-2 rows=10226 [doris-1:f:up doris-2:f:up doris-3:M:up]
18:25:26 #145 OK SELECT id=2677689 via doris-2 rows=10226 [doris-1:f:up doris-2:f:up doris-3:M:up]
18:25:27 #146 OK DELETE id=2677689 via doris-2 rows=10225 [doris-1:f:up doris-2:f:up doris-3:M:up]
18:25:27 EVENT restore: cluster healthy
18:25:28 #147 OK SELECT id=2677689 via doris-2 rows=10224 [doris-1:f:up doris-2:f:up doris-3:M:up]
18:25:29 #148 OK INSERT id=2677690 via doris-2 rows=10225 [doris-1:f:up doris-2:f:up doris-3:M:up]
18:25:30 #149 OK UPSERT id=2677690 via doris-2 rows=10226 [doris-1:f:up doris-2:f:up doris-3:M:up]
18:25:31 #150 OK SELECT id=2677690 via doris-2 rows=10226 [doris-1:f:up doris-2:f:up doris-3:M:up]
18:25:32 #151 OK DELETE id=2677690 via doris-2 rows=10225 [doris-1:f:up doris-2:f:up doris-3:M:up]
18:25:34 #152 OK SELECT id=2677690 via doris-2 rows=10224 [doris-1:f:up doris-2:f:up doris-3:M:up]
18:25:35 #153 OK INSERT id=2677691 via doris-2 rows=10225 [doris-1:f:up doris-2:f:up doris-3:M:up]
18:25:36 #154 OK UPSERT id=2677691 via doris-2 rows=10226 [doris-1:f:up doris-2:f:up doris-3:M:up]
18:25:37 #155 OK SELECT id=2677691 via doris-2 rows=10226 [doris-1:f:up doris-2:f:up doris-3:M:up]
18:25:38 #156 OK DELETE id=2677691 via doris-2 rows=10225 [doris-1:f:up doris-2:f:up doris-3:M:up]
18:25:39 #157 OK SELECT id=2677691 via doris-2 rows=10224 [doris-1:f:up doris-2:f:up doris-3:M:up]
18:25:40 #158 OK INSERT id=2677692 via doris-2 rows=10225 [doris-1:f:up doris-2:f:up doris-3:M:up]
18:25:41 #159 OK UPSERT id=2677692 via doris-2 rows=10226 [doris-1:f:up doris-2:f:up doris-3:M:up]
18:25:42 #160 OK SELECT id=2677692 via doris-2 rows=10226 [doris-1:f:up doris-2:f:up doris-3:M:up]
18:25:43 #161 OK DELETE id=2677692 via doris-2 rows=10225 [doris-1:f:up doris-2:f:up doris-3:M:up]
18:25:44 #162 OK SELECT id=2677692 via doris-2 rows=10224 [doris-1:f:up doris-2:f:up doris-3:M:up]
18:25:45 #163 OK INSERT id=2677693 via doris-2 rows=10225 [doris-1:f:up doris-2:f:up doris-3:M:up]
18:25:46 #164 OK UPSERT id=2677693 via doris-2 rows=10226 [doris-1:f:up doris-2:f:up doris-3:M:up]
18:25:47 #165 OK SELECT id=2677693 via doris-2 rows=10226 [doris-1:f:up doris-2:f:up doris-3:M:up]
18:25:49 #166 OK DELETE id=2677693 via doris-2 rows=10225 [doris-1:f:up doris-2:f:up doris-3:M:up]
18:25:50 #167 OK SELECT id=2677693 via doris-2 rows=10224 [doris-1:f:up doris-2:f:up doris-3:M:up]
18:25:51 #168 OK INSERT id=2677694 via doris-2 rows=10226 [doris-1:f:up doris-2:f:up doris-3:M:up]
18:25:52 #169 OK UPSERT id=2677694 via doris-2 rows=10226 [doris-1:f:up doris-2:f:up doris-3:M:up]
18:25:53 #170 OK SELECT id=2677694 via doris-2 rows=10226 [doris-1:f:up doris-2:f:up doris-3:M:up]
18:25:54 #171 OK DELETE id=2677694 via doris-2 rows=10224 [doris-1:f:up doris-2:f:up doris-3:M:up]
18:25:55 #172 OK SELECT id=2677694 via doris-2 rows=10224 [doris-1:f:up doris-2:f:up doris-3:M:up]
18:25:56 #173 OK INSERT id=2677695 via doris-2 rows=10226 [doris-1:f:up doris-2:f:up doris-3:M:up]
