03:30:50 PROBE start proto=mysql hosts=doris-1,doris-2,doris-3 duration=86400s cycle=INSERT>UPSERT>SELECT>DELETE>SELECT
03:30:50 connected to doris-1 (10.140.0.2)
03:30:50 #1 OK INSERT id=1686500 via doris-1 rows=10072 [doris-1:f:up doris-2:f:up doris-3:M:up]
03:30:52 #2 OK UPSERT id=1686500 via doris-1 rows=10073 [doris-1:f:up doris-2:f:up doris-3:M:up]
03:30:53 #3 OK SELECT id=1686500 via doris-1 rows=10073 [doris-1:f:up doris-2:f:up doris-3:M:up]
03:30:54 #4 OK DELETE id=1686500 via doris-1 rows=10072 [doris-1:f:up doris-2:f:up doris-3:M:up]
03:30:55 #5 OK SELECT id=1686500 via doris-1 rows=10071 [doris-1:f:up doris-2:f:up doris-3:M:up]
03:30:56 #6 OK INSERT id=1686501 via doris-1 rows=10072 [doris-1:f:up doris-2:f:up doris-3:M:up]
03:30:57 #7 OK UPSERT id=1686501 via doris-1 rows=10073 [doris-1:f:up doris-2:f:up doris-3:M:up]
03:30:58 #8 OK SELECT id=1686501 via doris-1 rows=10073 [doris-1:f:up doris-2:f:up doris-3:M:up]
03:30:59 #9 OK DELETE id=1686501 via doris-1 rows=10072 [doris-1:f:up doris-2:f:up doris-3:M:up]
03:31:00 #10 OK SELECT id=1686501 via doris-1 rows=10071 [doris-1:f:up doris-2:f:up doris-3:M:up]
03:31:01 #11 OK INSERT id=1686502 via doris-1 rows=10072 [doris-1:f:up doris-2:f:up doris-3:M:up]
03:31:02 #12 OK UPSERT id=1686502 via doris-1 rows=10073 [doris-1:f:up doris-2:f:up doris-3:M:up]
03:31:03 #13 OK SELECT id=1686502 via doris-1 rows=10073 [doris-1:f:up doris-2:f:up doris-3:M:up]
03:31:04 #14 OK DELETE id=1686502 via doris-1 rows=10072 [doris-1:f:up doris-2:f:up doris-3:M:up]
03:31:05 #15 OK SELECT id=1686502 via doris-1 rows=10071 [doris-1:f:up doris-2:f:up doris-3:M:up]
03:31:06 #16 OK INSERT id=1686503 via doris-1 rows=10072 [doris-1:f:up doris-2:f:up doris-3:M:up]
03:31:08 #17 OK UPSERT id=1686503 via doris-1 rows=10073 [doris-1:f:up doris-2:f:up doris-3:M:up]
03:31:09 #18 OK SELECT id=1686503 via doris-1 rows=10073 [doris-1:f:up doris-2:f:up doris-3:M:up]
03:31:10 #19 OK DELETE id=1686503 via doris-1 rows=10072 [doris-1:f:up doris-2:f:up doris-3:M:up]
03:31:11 #20 OK SELECT id=1686503 via doris-1 rows=10071 [doris-1:f:up doris-2:f:up doris-3:M:up]
03:31:12 #21 OK INSERT id=1686504 via doris-1 rows=10072 [doris-1:f:up doris-2:f:up doris-3:M:up]
03:31:13 #22 OK UPSERT id=1686504 via doris-1 rows=10073 [doris-1:f:up doris-2:f:up doris-3:M:up]
03:31:14 #23 OK SELECT id=1686504 via doris-1 rows=10073 [doris-1:f:up doris-2:f:up doris-3:M:up]
03:31:15 #24 OK DELETE id=1686504 via doris-1 rows=10072 [doris-1:f:up doris-2:f:up doris-3:M:up]
03:31:16 #25 OK SELECT id=1686504 via doris-1 rows=10071 [doris-1:f:up doris-2:f:up doris-3:M:up]
03:31:17 #26 OK INSERT id=1686505 via doris-1 rows=10072 [doris-1:f:up doris-2:f:up doris-3:M:up]
03:31:18 #27 OK UPSERT id=1686505 via doris-1 rows=10073 [doris-1:f:up doris-2:f:up doris-3:M:up]
03:31:19 #28 OK SELECT id=1686505 via doris-1 rows=10073 [doris-1:f:up doris-2:f:up doris-3:M:up]
03:31:20 #29 OK DELETE id=1686505 via doris-1 rows=10072 [doris-1:f:up doris-2:f:up doris-3:M:up]
03:31:21 #30 OK SELECT id=1686505 via doris-1 rows=10071 [doris-1:f:up doris-2:f:up doris-3:M:up]
03:31:22 #31 OK INSERT id=1686506 via doris-1 rows=10072 [doris-1:f:up doris-2:f:up doris-3:M:up]
03:31:24 #32 OK UPSERT id=1686506 via doris-1 rows=10073 [doris-1:f:up doris-2:f:up doris-3:M:up]
03:31:24 EVENT break: fe crash on doris-1 (FE follower)
03:31:25 #33 OK SELECT id=1686506 via doris-1 rows=10073 [doris-1:f:up doris-2:f:up doris-3:M:up]
03:31:26 #34 OK DELETE id=1686506 via doris-1 rows=10072 [doris-1:f:up doris-2:f:up doris-3:M:up]
03:31:27 #35 FAIL SELECT id=1686506 via doris-1: OperationalError: (2013, 'Lost connection to MySQL server during query')
03:31:28 connected to doris-2 (10.140.0.3)
03:31:28 #36 OK INSERT id=1686507 via doris-2 rows=10073 [doris-1:f:up doris-2:f:up doris-3:M:up] (recovered)
03:31:29 #37 OK UPSERT id=1686507 via doris-2 rows=10074 [doris-1:f:up doris-2:f:up doris-3:M:up]
03:31:31 #38 OK SELECT id=1686507 via doris-2 rows=10074 [doris-1:f:up doris-2:f:up doris-3:M:up]
03:31:32 #39 OK DELETE id=1686507 via doris-2 rows=10073 [doris-1:f:up doris-2:f:up doris-3:M:up]
03:31:33 #40 OK SELECT id=1686507 via doris-2 rows=10072 [doris-1:f:up doris-2:f:up doris-3:M:up]
03:31:34 #41 OK INSERT id=1686508 via doris-2 rows=10073 [doris-1:f:DOWN doris-2:f:up doris-3:M:up]
03:31:35 #42 OK UPSERT id=1686508 via doris-2 rows=10074 [doris-1:f:DOWN doris-2:f:up doris-3:M:up]
03:31:36 #43 OK SELECT id=1686508 via doris-2 rows=10074 [doris-1:f:DOWN doris-2:f:up doris-3:M:up]
03:31:37 #44 OK DELETE id=1686508 via doris-2 rows=10073 [doris-1:f:DOWN doris-2:f:up doris-3:M:up]
03:31:39 #45 OK SELECT id=1686508 via doris-2 rows=10072 [doris-1:f:DOWN doris-2:f:up doris-3:M:up]
03:31:40 #46 OK INSERT id=1686509 via doris-2 rows=10073 [doris-1:f:DOWN doris-2:f:up doris-3:M:up]
03:31:41 #47 OK UPSERT id=1686509 via doris-2 rows=10074 [doris-1:f:DOWN doris-2:f:up doris-3:M:up]
03:31:42 EVENT recovered: fe restarted by systemd on doris-1 (+9s)
03:31:42 #48 OK SELECT id=1686509 via doris-2 rows=10074 [doris-1:f:DOWN doris-2:f:up doris-3:M:up]
03:31:43 #49 OK DELETE id=1686509 via doris-2 rows=10073 [doris-1:f:DOWN doris-2:f:up doris-3:M:up]
03:31:44 #50 OK SELECT id=1686509 via doris-2 rows=10072 [doris-1:f:DOWN doris-2:f:up doris-3:M:up]
03:31:45 #51 OK INSERT id=1686510 via doris-2 rows=10073 [doris-1:f:DOWN doris-2:f:up doris-3:M:up]
03:31:46 #52 OK UPSERT id=1686510 via doris-2 rows=10074 [doris-1:f:DOWN doris-2:f:up doris-3:M:up]
03:31:47 #53 OK SELECT id=1686510 via doris-2 rows=10074 [doris-1:f:DOWN doris-2:f:up doris-3:M:up]
03:31:48 #54 OK DELETE id=1686510 via doris-2 rows=10073 [doris-1:f:DOWN doris-2:f:up doris-3:M:up]
03:31:49 #55 OK SELECT id=1686510 via doris-2 rows=10073 [doris-1:f:DOWN doris-2:f:up doris-3:M:up]
03:31:51 #56 OK INSERT id=1686511 via doris-2 rows=10074 [doris-1:f:DOWN doris-2:f:up doris-3:M:up]
03:31:52 #57 OK UPSERT id=1686511 via doris-2 rows=10074 [doris-1:f:DOWN doris-2:f:up doris-3:M:up]
03:31:53 #58 OK SELECT id=1686511 via doris-2 rows=10073 [doris-1:f:DOWN doris-2:f:up doris-3:M:up]
03:31:54 #59 OK DELETE id=1686511 via doris-2 rows=10072 [doris-1:f:up doris-2:f:up doris-3:M:up]
03:31:55 #60 OK SELECT id=1686511 via doris-2 rows=10073 [doris-1:f:up doris-2:f:up doris-3:M:up]
03:31:56 #61 OK INSERT id=1686512 via doris-2 rows=10074 [doris-1:f:up doris-2:f:up doris-3:M:up]
03:31:57 #62 OK UPSERT id=1686512 via doris-2 rows=10074 [doris-1:f:up doris-2:f:up doris-3:M:up]
03:31:58 #63 OK SELECT id=1686512 via doris-2 rows=10073 [doris-1:f:up doris-2:f:up doris-3:M:up]
03:31:59 #64 OK DELETE id=1686512 via doris-2 rows=10072 [doris-1:f:up doris-2:f:up doris-3:M:up]
03:32:00 #65 OK SELECT id=1686512 via doris-2 rows=10073 [doris-1:f:up doris-2:f:up doris-3:M:up]
03:32:01 #66 OK INSERT id=1686513 via doris-2 rows=10074 [doris-1:f:up doris-2:f:up doris-3:M:up]
03:32:03 #67 OK UPSERT id=1686513 via doris-2 rows=10074 [doris-1:f:up doris-2:f:up doris-3:M:up]
03:32:04 #68 OK SELECT id=1686513 via doris-2 rows=10073 [doris-1:f:up doris-2:f:up doris-3:M:up]
03:32:05 #69 OK DELETE id=1686513 via doris-2 rows=10072 [doris-1:f:up doris-2:f:up doris-3:M:up]
03:32:06 #70 OK SELECT id=1686513 via doris-2 rows=10073 [doris-1:f:up doris-2:f:up doris-3:M:up]
03:32:07 #71 OK INSERT id=1686514 via doris-2 rows=10074 [doris-1:f:up doris-2:f:up doris-3:M:up]
03:32:08 #72 OK UPSERT id=1686514 via doris-2 rows=10074 [doris-1:f:up doris-2:f:up doris-3:M:up]
03:32:09 #73 OK SELECT id=1686514 via doris-2 rows=10073 [doris-1:f:up doris-2:f:up doris-3:M:up]
03:32:10 #74 OK DELETE id=1686514 via doris-2 rows=10072 [doris-1:f:up doris-2:f:up doris-3:M:up]
03:32:11 #75 OK SELECT id=1686514 via doris-2 rows=10072 [doris-1:f:up doris-2:f:up doris-3:M:up]
03:32:12 #76 OK INSERT id=1686515 via doris-2 rows=10074 [doris-1:f:up doris-2:f:up doris-3:M:up]
03:32:13 #77 OK UPSERT id=1686515 via doris-2 rows=10074 [doris-1:f:up doris-2:f:up doris-3:M:up]
03:32:14 #78 OK SELECT id=1686515 via doris-2 rows=10074 [doris-1:f:up doris-2:f:up doris-3:M:up]
03:32:16 #79 OK DELETE id=1686515 via doris-2 rows=10072 [doris-1:f:up doris-2:f:up doris-3:M:up]
03:32:17 #80 OK SELECT id=1686515 via doris-2 rows=10072 [doris-1:f:up doris-2:f:up doris-3:M:up]
03:32:18 #81 OK INSERT id=1686516 via doris-2 rows=10074 [doris-1:f:up doris-2:f:up doris-3:M:up]
03:32:19 #82 OK UPSERT id=1686516 via doris-2 rows=10074 [doris-1:f:up doris-2:f:up doris-3:M:up]
03:32:20 #83 OK SELECT id=1686516 via doris-2 rows=10074 [doris-1:f:up doris-2:f:up doris-3:M:up]
03:32:21 #84 OK DELETE id=1686516 via doris-2 rows=10072 [doris-1:f:up doris-2:f:up doris-3:M:up]
03:32:22 #85 OK SELECT id=1686516 via doris-2 rows=10072 [doris-1:f:up doris-2:f:up doris-3:M:up]
03:32:23 #86 OK INSERT id=1686517 via doris-2 rows=10074 [doris-1:f:up doris-2:f:up doris-3:M:up]
03:32:24 #87 OK UPSERT id=1686517 via doris-2 rows=10074 [doris-1:f:up doris-2:f:up doris-3:M:up]
03:32:25 #88 OK SELECT id=1686517 via doris-2 rows=10074 [doris-1:f:up doris-2:f:up doris-3:M:up]
03:32:26 #89 OK DELETE id=1686517 via doris-2 rows=10072 [doris-1:f:up doris-2:f:up doris-3:M:up]
03:32:28 #90 OK SELECT id=1686517 via doris-2 rows=10072 [doris-1:f:up doris-2:f:up doris-3:M:up]
03:32:29 #91 OK INSERT id=1686518 via doris-2 rows=10074 [doris-1:f:up doris-2:f:up doris-3:M:up]
03:32:30 #92 OK UPSERT id=1686518 via doris-2 rows=10074 [doris-1:f:up doris-2:f:up doris-3:M:up]
03:32:31 #93 OK SELECT id=1686518 via doris-2 rows=10074 [doris-1:f:up doris-2:f:up doris-3:M:up]
03:32:32 #94 OK DELETE id=1686518 via doris-2 rows=10072 [doris-1:f:up doris-2:f:up doris-3:M:up]
03:32:33 #95 OK SELECT id=1686518 via doris-2 rows=10072 [doris-1:f:up doris-2:f:up doris-3:M:up]
03:32:34 #96 OK INSERT id=1686519 via doris-2 rows=10074 [doris-1:f:up doris-2:f:up doris-3:M:up]
03:32:35 #97 OK UPSERT id=1686519 via doris-2 rows=10074 [doris-1:f:up doris-2:f:up doris-3:M:up]
03:32:36 #98 OK SELECT id=1686519 via doris-2 rows=10074 [doris-1:f:up doris-2:f:up doris-3:M:up]
03:32:37 #99 OK DELETE id=1686519 via doris-2 rows=10072 [doris-1:f:up doris-2:f:up doris-3:M:up]
03:32:38 #100 OK SELECT id=1686519 via doris-2 rows=10072 [doris-1:f:up doris-2:f:up doris-3:M:up]
03:32:40 #101 OK INSERT id=1686520 via doris-2 rows=10074 [doris-1:f:up doris-2:f:up doris-3:M:up]
03:32:41 #102 OK UPSERT id=1686520 via doris-2 rows=10074 [doris-1:f:up doris-2:f:up doris-3:M:up]
03:32:42 #103 OK SELECT id=1686520 via doris-2 rows=10074 [doris-1:f:up doris-2:f:up doris-3:M:up]
03:32:43 #104 OK DELETE id=1686520 via doris-2 rows=10072 [doris-1:f:up doris-2:f:up doris-3:M:up]
03:32:44 #105 OK SELECT id=1686520 via doris-2 rows=10072 [doris-1:f:up doris-2:f:up doris-3:M:up]
03:32:45 #106 OK INSERT id=1686521 via doris-2 rows=10074 [doris-1:f:up doris-2:f:up doris-3:M:up]
03:32:46 #107 OK UPSERT id=1686521 via doris-2 rows=10074 [doris-1:f:up doris-2:f:up doris-3:M:up]
03:32:47 #108 OK SELECT id=1686521 via doris-2 rows=10074 [doris-1:f:up doris-2:f:up doris-3:M:up]
03:32:48 #109 OK DELETE id=1686521 via doris-2 rows=10072 [doris-1:f:up doris-2:f:up doris-3:M:up]
03:32:49 #110 OK SELECT id=1686521 via doris-2 rows=10072 [doris-1:f:up doris-2:f:up doris-3:M:up]
03:32:50 #111 OK INSERT id=1686522 via doris-2 rows=10074 [doris-1:f:up doris-2:f:up doris-3:M:up]
03:32:51 #112 OK UPSERT id=1686522 via doris-2 rows=10074 [doris-1:f:up doris-2:f:up doris-3:M:up]
03:32:52 #113 OK SELECT id=1686522 via doris-2 rows=10074 [doris-1:f:up doris-2:f:up doris-3:M:up]
03:32:54 #114 OK DELETE id=1686522 via doris-2 rows=10072 [doris-1:f:up doris-2:f:up doris-3:M:up]
03:32:55 #115 OK SELECT id=1686522 via doris-2 rows=10072 [doris-1:f:up doris-2:f:up doris-3:M:up]
03:32:56 #116 OK INSERT id=1686523 via doris-2 rows=10074 [doris-1:f:up doris-2:f:up doris-3:M:up]
03:32:57 #117 OK UPSERT id=1686523 via doris-2 rows=10074 [doris-1:f:up doris-2:f:up doris-3:M:up]
03:32:58 #118 OK SELECT id=1686523 via doris-2 rows=10074 [doris-1:f:up doris-2:f:up doris-3:M:up]
03:32:59 #119 OK DELETE id=1686523 via doris-2 rows=10072 [doris-1:f:up doris-2:f:up doris-3:M:up]
03:33:00 #120 OK SELECT id=1686523 via doris-2 rows=10072 [doris-1:f:up doris-2:f:up doris-3:M:up]
03:33:01 #121 OK INSERT id=1686524 via doris-2 rows=10074 [doris-1:f:up doris-2:f:up doris-3:M:up]
03:33:02 #122 OK UPSERT id=1686524 via doris-2 rows=10074 [doris-1:f:up doris-2:f:up doris-3:M:up]
03:33:03 #123 OK SELECT id=1686524 via doris-2 rows=10074 [doris-1:f:up doris-2:f:up doris-3:M:up]
03:33:04 #124 OK DELETE id=1686524 via doris-2 rows=10072 [doris-1:f:up doris-2:f:up doris-3:M:up]
03:33:05 #125 OK SELECT id=1686524 via doris-2 rows=10072 [doris-1:f:up doris-2:f:up doris-3:M:up]
03:33:07 #126 OK INSERT id=1686525 via doris-2 rows=10074 [doris-1:f:up doris-2:f:up doris-3:M:up]
03:33:08 #127 OK UPSERT id=1686525 via doris-2 rows=10074 [doris-1:f:up doris-2:f:up doris-3:M:up]
03:33:09 #128 OK SELECT id=1686525 via doris-2 rows=10074 [doris-1:f:up doris-2:f:up doris-3:M:up]
03:33:10 #129 OK DELETE id=1686525 via doris-2 rows=10072 [doris-1:f:up doris-2:f:up doris-3:M:up]
03:33:11 #130 OK SELECT id=1686525 via doris-2 rows=10072 [doris-1:f:up doris-2:f:up doris-3:M:up]
03:33:12 #131 OK INSERT id=1686526 via doris-2 rows=10074 [doris-1:f:up doris-2:f:up doris-3:M:up]
03:33:13 #132 OK UPSERT id=1686526 via doris-2 rows=10074 [doris-1:f:up doris-2:f:up doris-3:M:up]
03:33:14 #133 OK SELECT id=1686526 via doris-2 rows=10074 [doris-1:f:up doris-2:f:up doris-3:M:up]
03:33:15 #134 OK DELETE id=1686526 via doris-2 rows=10072 [doris-1:f:up doris-2:f:up doris-3:M:up]
03:33:16 #135 OK SELECT id=1686526 via doris-2 rows=10072 [doris-1:f:up doris-2:f:up doris-3:M:up]
03:33:17 #136 OK INSERT id=1686527 via doris-2 rows=10074 [doris-1:f:up doris-2:f:up doris-3:M:up]
03:33:18 #137 OK UPSERT id=1686527 via doris-2 rows=10074 [doris-1:f:up doris-2:f:up doris-3:M:up]
03:33:19 EVENT restore: verify fe on doris-1
03:33:19 #138 OK SELECT id=1686527 via doris-2 rows=10074 [doris-1:f:up doris-2:f:up doris-3:M:up]
03:33:21 #139 OK DELETE id=1686527 via doris-2 rows=10072 [doris-1:f:up doris-2:f:up doris-3:M:up]
03:33:22 #140 OK SELECT id=1686527 via doris-2 rows=10072 [doris-1:f:up doris-2:f:up doris-3:M:up]
03:33:23 #141 OK INSERT id=1686528 via doris-2 rows=10074 [doris-1:f:up doris-2:f:up doris-3:M:up]
03:33:24 EVENT restore: cluster healthy
03:33:24 #142 OK UPSERT id=1686528 via doris-2 rows=10074 [doris-1:f:up doris-2:f:up doris-3:M:up]
03:33:25 #143 OK SELECT id=1686528 via doris-2 rows=10074 [doris-1:f:up doris-2:f:up doris-3:M:up]
03:33:26 #144 OK DELETE id=1686528 via doris-2 rows=10072 [doris-1:f:up doris-2:f:up doris-3:M:up]
03:33:27 #145 OK SELECT id=1686528 via doris-2 rows=10072 [doris-1:f:up doris-2:f:up doris-3:M:up]
03:33:28 #146 OK INSERT id=1686529 via doris-2 rows=10074 [doris-1:f:up doris-2:f:up doris-3:M:up]
03:33:29 #147 OK UPSERT id=1686529 via doris-2 rows=10074 [doris-1:f:up doris-2:f:up doris-3:M:up]
03:33:30 #148 OK SELECT id=1686529 via doris-2 rows=10074 [doris-1:f:up doris-2:f:up doris-3:M:up]
03:33:31 #149 OK DELETE id=1686529 via doris-2 rows=10072 [doris-1:f:up doris-2:f:up doris-3:M:up]
03:33:32 #150 OK SELECT id=1686529 via doris-2 rows=10072 [doris-1:f:up doris-2:f:up doris-3:M:up]
03:33:33 #151 OK INSERT id=1686530 via doris-2 rows=10074 [doris-1:f:up doris-2:f:up doris-3:M:up]
03:33:35 #152 OK UPSERT id=1686530 via doris-2 rows=10074 [doris-1:f:up doris-2:f:up doris-3:M:up]
03:33:36 #153 OK SELECT id=1686530 via doris-2 rows=10074 [doris-1:f:up doris-2:f:up doris-3:M:up]
03:33:37 #154 OK DELETE id=1686530 via doris-2 rows=10072 [doris-1:f:up doris-2:f:up doris-3:M:up]
03:33:38 #155 OK SELECT id=1686530 via doris-2 rows=10072 [doris-1:f:up doris-2:f:up doris-3:M:up]
03:33:39 #156 OK INSERT id=1686531 via doris-2 rows=10074 [doris-1:f:up doris-2:f:up doris-3:M:up]
03:33:40 #157 OK UPSERT id=1686531 via doris-2 rows=10074 [doris-1:f:up doris-2:f:up doris-3:M:up]
03:33:41 #158 OK SELECT id=1686531 via doris-2 rows=10074 [doris-1:f:up doris-2:f:up doris-3:M:up]
03:33:42 #159 OK DELETE id=1686531 via doris-2 rows=10072 [doris-1:f:up doris-2:f:up doris-3:M:up]
03:33:43 #160 OK SELECT id=1686531 via doris-2 rows=10072 [doris-1:f:up doris-2:f:up doris-3:M:up]
03:33:44 #161 OK INSERT id=1686532 via doris-2 rows=10074 [doris-1:f:up doris-2:f:up doris-3:M:up]
03:33:45 #162 OK UPSERT id=1686532 via doris-2 rows=10074 [doris-1:f:up doris-2:f:up doris-3:M:up]
03:33:46 #163 OK SELECT id=1686532 via doris-2 rows=10074 [doris-1:f:up doris-2:f:up doris-3:M:up]
03:33:47 #164 OK DELETE id=1686532 via doris-2 rows=10072 [doris-1:f:up doris-2:f:up doris-3:M:up]
03:33:48 #165 OK SELECT id=1686532 via doris-2 rows=10072 [doris-1:f:up doris-2:f:up doris-3:M:up]
03:33:50 #166 OK INSERT id=1686533 via doris-2 rows=10074 [doris-1:f:up doris-2:f:up doris-3:M:up]
