19:17:22 PROBE start proto=arrow-flight hosts=doris-1,doris-2,doris-3 duration=86400s cycle=INSERT>UPSERT>SELECT>DELETE>SELECT
19:17:22 connected to doris-1 (10.140.0.2)
19:17:22 DML unsupported over arrow-flight (InternalError: RuntimeException, msg: getMysqlChannel not in mysql connection (Internal; ExecuteQuery)) — switching to SELECT-only mode
19:17:23 #1 OK SELECT id=3710420 via doris-1 rows=10253 [doris-1:f:up doris-2:f:up doris-3:M:up]
19:17:24 #2 OK SELECT id=3710420 via doris-1 rows=10254 [doris-1:f:up doris-2:f:up doris-3:M:up]
19:17:25 #3 OK SELECT id=3710420 via doris-1 rows=10254 [doris-1:f:up doris-2:f:up doris-3:M:up]
19:17:26 #4 OK SELECT id=3710420 via doris-1 rows=10253 [doris-1:f:up doris-2:f:up doris-3:M:up]
19:17:27 #5 OK SELECT id=3710420 via doris-1 rows=10252 [doris-1:f:up doris-2:f:up doris-3:M:up]
19:17:28 #6 OK SELECT id=3710420 via doris-1 rows=10253 [doris-1:f:up doris-2:f:up doris-3:M:up]
19:17:29 #7 OK SELECT id=3710420 via doris-1 rows=10254 [doris-1:f:up doris-2:f:up doris-3:M:up]
19:17:30 #8 OK SELECT id=3710420 via doris-1 rows=10254 [doris-1:f:up doris-2:f:up doris-3:M:up]
19:17:31 #9 OK SELECT id=3710420 via doris-1 rows=10253 [doris-1:f:up doris-2:f:up doris-3:M:up]
19:17:32 #10 OK SELECT id=3710420 via doris-1 rows=10252 [doris-1:f:up doris-2:f:up doris-3:M:up]
19:17:33 #11 OK SELECT id=3710420 via doris-1 rows=10253 [doris-1:f:up doris-2:f:up doris-3:M:up]
19:17:34 #12 OK SELECT id=3710420 via doris-1 rows=10254 [doris-1:f:up doris-2:f:up doris-3:M:up]
19:17:35 #13 OK SELECT id=3710420 via doris-1 rows=10254 [doris-1:f:up doris-2:f:up doris-3:M:up]
19:17:36 #14 OK SELECT id=3710420 via doris-1 rows=10253 [doris-1:f:up doris-2:f:up doris-3:M:up]
19:17:37 #15 OK SELECT id=3710420 via doris-1 rows=10252 [doris-1:f:up doris-2:f:up doris-3:M:up]
19:17:38 #16 OK SELECT id=3710420 via doris-1 rows=10253 [doris-1:f:up doris-2:f:up doris-3:M:up]
19:17:39 #17 OK SELECT id=3710420 via doris-1 rows=10254 [doris-1:f:up doris-2:f:up doris-3:M:up]
19:17:40 #18 OK SELECT id=3710420 via doris-1 rows=10254 [doris-1:f:up doris-2:f:up doris-3:M:up]
19:17:42 #19 OK SELECT id=3710420 via doris-1 rows=10253 [doris-1:f:up doris-2:f:up doris-3:M:up]
19:17:43 #20 OK SELECT id=3710420 via doris-1 rows=10252 [doris-1:f:up doris-2:f:up doris-3:M:up]
19:17:44 #21 OK SELECT id=3710420 via doris-1 rows=10253 [doris-1:f:up doris-2:f:up doris-3:M:up]
19:17:45 #22 OK SELECT id=3710420 via doris-1 rows=10254 [doris-1:f:up doris-2:f:up doris-3:M:up]
19:17:46 #23 OK SELECT id=3710420 via doris-1 rows=10254 [doris-1:f:up doris-2:f:up doris-3:M:up]
19:17:47 #24 OK SELECT id=3710420 via doris-1 rows=10253 [doris-1:f:up doris-2:f:up doris-3:M:up]
19:17:48 #25 OK SELECT id=3710420 via doris-1 rows=10252 [doris-1:f:up doris-2:f:up doris-3:M:up]
19:17:49 #26 OK SELECT id=3710420 via doris-1 rows=10253 [doris-1:f:up doris-2:f:up doris-3:M:up]
19:17:50 #27 OK SELECT id=3710420 via doris-1 rows=10254 [doris-1:f:up doris-2:f:up doris-3:M:up]
19:17:51 #28 OK SELECT id=3710420 via doris-1 rows=10254 [doris-1:f:up doris-2:f:up doris-3:M:up]
19:17:52 #29 OK SELECT id=3710420 via doris-1 rows=10253 [doris-1:f:up doris-2:f:up doris-3:M:up]
19:17:53 #30 OK SELECT id=3710420 via doris-1 rows=10252 [doris-1:f:up doris-2:f:up doris-3:M:up]
19:17:54 #31 OK SELECT id=3710420 via doris-1 rows=10253 [doris-1:f:up doris-2:f:up doris-3:M:up]
19:17:55 #32 OK SELECT id=3710420 via doris-1 rows=10254 [doris-1:f:up doris-2:f:up doris-3:M:up]
19:17:56 #33 OK SELECT id=3710420 via doris-1 rows=10254 [doris-1:f:up doris-2:f:up doris-3:M:up]
19:17:56 EVENT break: vm stop on doris-3 (FE master)
19:17:57 #34 OK SELECT id=3710420 via doris-1 rows=10254 [doris-1:f:up doris-2:f:up doris-3:M:up]
19:17:58 #35 OK SELECT id=3710420 via doris-1 rows=10252 [doris-1:f:up doris-2:f:up doris-3:M:up]
19:18:00 #36 FAIL SELECT id=3710420 via doris-1: InternalError: INTERNAL: [FlightSQL] get flight info statement failed, after executeQueryStatement handleQuery, java.lang.Run
19:18:01 connected to doris-1 (10.140.0.2)
19:18:01 #37 FAIL SELECT id=3710420 via doris-1: InternalError: INTERNAL: [FlightSQL] get flight info statement failed, after executeQueryStatement handleQuery, java.lang.Run
19:18:02 connected to doris-1 (10.140.0.2)
19:18:02 #38 FAIL SELECT id=3710420 via doris-1: InternalError: INTERNAL: [FlightSQL] get flight info statement failed, after executeQueryStatement handleQuery, java.lang.Run
19:18:03 connected to doris-1 (10.140.0.2)
19:18:11 #39 FAIL SELECT id=3710420 via doris-1: OperationalError: TIMEOUT: [FlightSQL] stream terminated by RST_STREAM with error code: CANCEL (DeadlineExceeded; ExecuteQuery).
19:18:12 connected to doris-1 (10.140.0.2)
19:18:20 #40 FAIL SELECT id=3710420 via doris-1: OperationalError: TIMEOUT: [FlightSQL] stream terminated by RST_STREAM with error code: CANCEL (DeadlineExceeded; ExecuteQuery).
19:18:21 connected to doris-1 (10.140.0.2)
19:18:21 EVENT break: doris-3 is down
19:18:29 #41 FAIL SELECT id=3710420 via doris-1: OperationalError: TIMEOUT: [FlightSQL] stream terminated by RST_STREAM with error code: CANCEL (DeadlineExceeded; ExecuteQuery).
19:18:30 connected to doris-1 (10.140.0.2)
19:18:30 #42 OK SELECT id=3710420 via doris-1 rows=10252 [doris-1:f:up doris-2:M:up doris-3:f:DOWN] (recovered)
19:18:31 #43 OK SELECT id=3710420 via doris-1 rows=10252 [doris-1:f:up doris-2:M:up doris-3:f:DOWN]
19:18:32 #44 OK SELECT id=3710420 via doris-1 rows=10252 [doris-1:f:up doris-2:M:up doris-3:f:DOWN]
19:18:33 #45 OK SELECT id=3710420 via doris-1 rows=10252 [doris-1:f:up doris-2:M:up doris-3:f:DOWN]
19:18:34 #46 OK SELECT id=3710420 via doris-1 rows=10252 [doris-1:f:up doris-2:M:up doris-3:f:DOWN]
19:18:35 #47 OK SELECT id=3710420 via doris-1 rows=10252 [doris-1:f:up doris-2:M:up doris-3:f:DOWN]
19:18:36 #48 OK SELECT id=3710420 via doris-1 rows=10252 [doris-1:f:up doris-2:M:up doris-3:f:DOWN]
19:18:37 #49 OK SELECT id=3710420 via doris-1 rows=10252 [doris-1:f:up doris-2:M:up doris-3:f:DOWN]
19:18:38 #50 OK SELECT id=3710420 via doris-1 rows=10255 [doris-1:f:up doris-2:M:up doris-3:f:DOWN]
19:18:39 #51 OK SELECT id=3710420 via doris-1 rows=10255 [doris-1:f:up doris-2:M:up doris-3:f:DOWN]
19:18:41 #52 OK SELECT id=3710420 via doris-1 rows=10255 [doris-1:f:up doris-2:M:up doris-3:f:DOWN]
19:18:42 #53 OK SELECT id=3710420 via doris-1 rows=10253 [doris-1:f:up doris-2:M:up doris-3:f:DOWN]
19:18:43 #54 OK SELECT id=3710420 via doris-1 rows=10253 [doris-1:f:up doris-2:M:up doris-3:f:DOWN]
19:18:44 #55 OK SELECT id=3710420 via doris-1 rows=10255 [doris-1:f:up doris-2:M:up doris-3:f:DOWN]
19:18:45 #56 OK SELECT id=3710420 via doris-1 rows=10255 [doris-1:f:up doris-2:M:up doris-3:f:DOWN]
19:18:46 #57 OK SELECT id=3710420 via doris-1 rows=10255 [doris-1:f:up doris-2:M:up doris-3:f:DOWN]
19:18:47 #58 OK SELECT id=3710420 via doris-1 rows=10253 [doris-1:f:up doris-2:M:up doris-3:f:DOWN]
19:18:48 #59 OK SELECT id=3710420 via doris-1 rows=10253 [doris-1:f:up doris-2:M:up doris-3:f:DOWN]
19:18:49 #60 OK SELECT id=3710420 via doris-1 rows=10255 [doris-1:f:up doris-2:M:up doris-3:f:DOWN]
19:18:50 #61 OK SELECT id=3710420 via doris-1 rows=10255 [doris-1:f:up doris-2:M:up doris-3:f:DOWN]
19:18:51 #62 OK SELECT id=3710420 via doris-1 rows=10255 [doris-1:f:up doris-2:M:up doris-3:f:DOWN]
19:18:52 #63 OK SELECT id=3710420 via doris-1 rows=10253 [doris-1:f:up doris-2:M:up doris-3:f:DOWN]
19:18:53 #64 OK SELECT id=3710420 via doris-1 rows=10253 [doris-1:f:up doris-2:M:up doris-3:f:DOWN]
19:18:54 #65 OK SELECT id=3710420 via doris-1 rows=10255 [doris-1:f:up doris-2:M:up doris-3:f:DOWN]
19:18:55 #66 OK SELECT id=3710420 via doris-1 rows=10255 [doris-1:f:up doris-2:M:up doris-3:f:DOWN]
19:18:56 #67 OK SELECT id=3710420 via doris-1 rows=10255 [doris-1:f:up doris-2:M:up doris-3:f:DOWN]
19:18:58 #68 OK SELECT id=3710420 via doris-1 rows=10253 [doris-1:f:up doris-2:M:up doris-3:f:DOWN]
19:18:59 #69 OK SELECT id=3710420 via doris-1 rows=10253 [doris-1:f:up doris-2:M:up doris-3:f:DOWN]
19:19:00 #70 OK SELECT id=3710420 via doris-1 rows=10255 [doris-1:f:up doris-2:M:up doris-3:f:DOWN]
19:19:01 #71 OK SELECT id=3710420 via doris-1 rows=10255 [doris-1:f:up doris-2:M:up doris-3:f:DOWN]
19:19:02 #72 OK SELECT id=3710420 via doris-1 rows=10255 [doris-1:f:up doris-2:M:up doris-3:f:DOWN]
19:19:03 #73 OK SELECT id=3710420 via doris-1 rows=10253 [doris-1:f:up doris-2:M:up doris-3:f:DOWN]
19:19:04 #74 OK SELECT id=3710420 via doris-1 rows=10253 [doris-1:f:up doris-2:M:up doris-3:f:DOWN]
19:19:05 #75 OK SELECT id=3710420 via doris-1 rows=10255 [doris-1:f:up doris-2:M:up doris-3:f:DOWN]
19:19:06 #76 OK SELECT id=3710420 via doris-1 rows=10255 [doris-1:f:up doris-2:M:up doris-3:f:DOWN]
19:19:07 #77 OK SELECT id=3710420 via doris-1 rows=10255 [doris-1:f:up doris-2:M:up doris-3:f:DOWN]
19:19:08 #78 OK SELECT id=3710420 via doris-1 rows=10253 [doris-1:f:up doris-2:M:up doris-3:f:DOWN]
19:19:09 #79 OK SELECT id=3710420 via doris-1 rows=10253 [doris-1:f:up doris-2:M:up doris-3:f:DOWN]
19:19:10 #80 OK SELECT id=3710420 via doris-1 rows=10255 [doris-1:f:up doris-2:M:up doris-3:f:DOWN]
19:19:11 #81 OK SELECT id=3710420 via doris-1 rows=10255 [doris-1:f:up doris-2:M:up doris-3:f:DOWN]
19:19:12 #82 OK SELECT id=3710420 via doris-1 rows=10255 [doris-1:f:up doris-2:M:up doris-3:f:DOWN]
19:19:14 #83 OK SELECT id=3710420 via doris-1 rows=10253 [doris-1:f:up doris-2:M:up doris-3:f:DOWN]
19:19:15 #84 OK SELECT id=3710420 via doris-1 rows=10253 [doris-1:f:up doris-2:M:up doris-3:f:DOWN]
19:19:16 #85 OK SELECT id=3710420 via doris-1 rows=10255 [doris-1:f:up doris-2:M:up doris-3:f:DOWN]
19:19:17 #86 OK SELECT id=3710420 via doris-1 rows=10255 [doris-1:f:up doris-2:M:up doris-3:f:DOWN]
19:19:18 #87 OK SELECT id=3710420 via doris-1 rows=10255 [doris-1:f:up doris-2:M:up doris-3:f:DOWN]
19:19:19 #88 OK SELECT id=3710420 via doris-1 rows=10253 [doris-1:f:up doris-2:M:up doris-3:f:DOWN]
19:19:20 #89 OK SELECT id=3710420 via doris-1 rows=10253 [doris-1:f:up doris-2:M:up doris-3:f:DOWN]
19:19:21 #90 OK SELECT id=3710420 via doris-1 rows=10255 [doris-1:f:up doris-2:M:up doris-3:f:DOWN]
19:19:22 #91 OK SELECT id=3710420 via doris-1 rows=10255 [doris-1:f:up doris-2:M:up doris-3:f:DOWN]
19:19:23 #92 OK SELECT id=3710420 via doris-1 rows=10255 [doris-1:f:up doris-2:M:up doris-3:f:DOWN]
19:19:24 #93 OK SELECT id=3710420 via doris-1 rows=10253 [doris-1:f:up doris-2:M:up doris-3:f:DOWN]
19:19:25 #94 OK SELECT id=3710420 via doris-1 rows=10253 [doris-1:f:up doris-2:M:up doris-3:f:DOWN]
19:19:26 #95 OK SELECT id=3710420 via doris-1 rows=10255 [doris-1:f:up doris-2:M:up doris-3:f:DOWN]
19:19:27 #96 OK SELECT id=3710420 via doris-1 rows=10255 [doris-1:f:up doris-2:M:up doris-3:f:DOWN]
19:19:28 #97 OK SELECT id=3710420 via doris-1 rows=10255 [doris-1:f:up doris-2:M:up doris-3:f:DOWN]
19:19:29 #98 OK SELECT id=3710420 via doris-1 rows=10253 [doris-1:f:up doris-2:M:up doris-3:f:DOWN]
19:19:30 #99 OK SELECT id=3710420 via doris-1 rows=10253 [doris-1:f:up doris-2:M:up doris-3:f:DOWN]
19:19:32 #100 OK SELECT id=3710420 via doris-1 rows=10255 [doris-1:f:up doris-2:M:up doris-3:f:DOWN]
19:19:33 #101 OK SELECT id=3710420 via doris-1 rows=10255 [doris-1:f:up doris-2:M:up doris-3:f:DOWN]
19:19:34 #102 OK SELECT id=3710420 via doris-1 rows=10255 [doris-1:f:up doris-2:M:up doris-3:f:DOWN]
19:19:35 #103 OK SELECT id=3710420 via doris-1 rows=10254 [doris-1:f:up doris-2:M:up doris-3:f:DOWN]
19:19:36 #104 OK SELECT id=3710420 via doris-1 rows=10253 [doris-1:f:up doris-2:M:up doris-3:f:DOWN]
19:19:37 #105 OK SELECT id=3710420 via doris-1 rows=10254 [doris-1:f:up doris-2:M:up doris-3:f:DOWN]
19:19:38 #106 OK SELECT id=3710420 via doris-1 rows=10255 [doris-1:f:up doris-2:M:up doris-3:f:DOWN]
19:19:39 #107 OK SELECT id=3710420 via doris-1 rows=10255 [doris-1:f:up doris-2:M:up doris-3:f:DOWN]
19:19:40 #108 OK SELECT id=3710420 via doris-1 rows=10254 [doris-1:f:up doris-2:M:up doris-3:f:DOWN]
19:19:41 #109 OK SELECT id=3710420 via doris-1 rows=10253 [doris-1:f:up doris-2:M:up doris-3:f:DOWN]
19:19:42 #110 OK SELECT id=3710420 via doris-1 rows=10254 [doris-1:f:up doris-2:M:up doris-3:f:DOWN]
19:19:43 #111 OK SELECT id=3710420 via doris-1 rows=10255 [doris-1:f:up doris-2:M:up doris-3:f:DOWN]
19:19:44 #112 OK SELECT id=3710420 via doris-1 rows=10255 [doris-1:f:up doris-2:M:up doris-3:f:DOWN]
19:19:45 #113 OK SELECT id=3710420 via doris-1 rows=10254 [doris-1:f:up doris-2:M:up doris-3:f:DOWN]
19:19:46 #114 OK SELECT id=3710420 via doris-1 rows=10253 [doris-1:f:up doris-2:M:up doris-3:f:DOWN]
19:19:47 #115 OK SELECT id=3710420 via doris-1 rows=10254 [doris-1:f:up doris-2:M:up doris-3:f:DOWN]
19:19:49 #116 OK SELECT id=3710420 via doris-1 rows=10255 [doris-1:f:up doris-2:M:up doris-3:f:DOWN]
19:19:50 #117 OK SELECT id=3710420 via doris-1 rows=10255 [doris-1:f:up doris-2:M:up doris-3:f:DOWN]
19:19:51 #118 OK SELECT id=3710420 via doris-1 rows=10255 [doris-1:f:up doris-2:M:up doris-3:f:DOWN]
19:19:52 #119 OK SELECT id=3710420 via doris-1 rows=10253 [doris-1:f:up doris-2:M:up doris-3:f:DOWN]
19:19:53 #120 OK SELECT id=3710420 via doris-1 rows=10253 [doris-1:f:up doris-2:M:up doris-3:f:DOWN]
19:19:54 #121 OK SELECT id=3710420 via doris-1 rows=10255 [doris-1:f:up doris-2:M:up doris-3:f:DOWN]
19:19:55 #122 OK SELECT id=3710420 via doris-1 rows=10255 [doris-1:f:up doris-2:M:up doris-3:f:DOWN]
19:19:56 #123 OK SELECT id=3710420 via doris-1 rows=10255 [doris-1:f:up doris-2:M:up doris-3:f:DOWN]
19:19:57 #124 OK SELECT id=3710420 via doris-1 rows=10253 [doris-1:f:up doris-2:M:up doris-3:f:DOWN]
19:19:58 #125 OK SELECT id=3710420 via doris-1 rows=10253 [doris-1:f:up doris-2:M:up doris-3:f:DOWN]
19:19:59 EVENT restore: start doris-3
19:19:59 #126 OK SELECT id=3710420 via doris-1 rows=10255 [doris-1:f:up doris-2:M:up doris-3:f:DOWN]
19:20:00 #127 OK SELECT id=3710420 via doris-1 rows=10255 [doris-1:f:up doris-2:M:up doris-3:f:DOWN]
19:20:01 #128 OK SELECT id=3710420 via doris-1 rows=10255 [doris-1:f:up doris-2:M:up doris-3:f:DOWN]
19:20:02 #129 OK SELECT id=3710420 via doris-1 rows=10253 [doris-1:f:up doris-2:M:up doris-3:f:DOWN]
19:20:03 #130 OK SELECT id=3710420 via doris-1 rows=10253 [doris-1:f:up doris-2:M:up doris-3:f:DOWN]
19:20:04 #131 OK SELECT id=3710420 via doris-1 rows=10255 [doris-1:f:up doris-2:M:up doris-3:f:DOWN]
19:20:06 #132 OK SELECT id=3710420 via doris-1 rows=10255 [doris-1:f:up doris-2:M:up doris-3:f:DOWN]
19:20:07 #133 OK SELECT id=3710420 via doris-1 rows=10255 [doris-1:f:up doris-2:M:up doris-3:f:DOWN]
19:20:08 #134 OK SELECT id=3710420 via doris-1 rows=10253 [doris-1:f:up doris-2:M:up doris-3:f:DOWN]
19:20:09 #135 OK SELECT id=3710420 via doris-1 rows=10253 [doris-1:f:up doris-2:M:up doris-3:f:DOWN]
19:20:10 #136 OK SELECT id=3710420 via doris-1 rows=10255 [doris-1:f:up doris-2:M:up doris-3:f:DOWN]
19:20:11 #137 OK SELECT id=3710420 via doris-1 rows=10255 [doris-1:f:up doris-2:M:up doris-3:f:DOWN]
19:20:12 #138 OK SELECT id=3710420 via doris-1 rows=10255 [doris-1:f:up doris-2:M:up doris-3:f:DOWN]
19:20:13 #139 OK SELECT id=3710420 via doris-1 rows=10253 [doris-1:f:up doris-2:M:up doris-3:f:DOWN]
19:20:14 #140 OK SELECT id=3710420 via doris-1 rows=10253 [doris-1:f:up doris-2:M:up doris-3:f:DOWN]
19:20:15 #141 OK SELECT id=3710420 via doris-1 rows=10255 [doris-1:f:up doris-2:M:up doris-3:f:DOWN]
19:20:16 #142 OK SELECT id=3710420 via doris-1 rows=10255 [doris-1:f:up doris-2:M:up doris-3:f:DOWN]
19:20:17 #143 OK SELECT id=3710420 via doris-1 rows=10255 [doris-1:f:up doris-2:M:up doris-3:f:DOWN]
19:20:18 #144 OK SELECT id=3710420 via doris-1 rows=10253 [doris-1:f:up doris-2:M:up doris-3:f:DOWN]
19:20:19 #145 OK SELECT id=3710420 via doris-1 rows=10253 [doris-1:f:up doris-2:M:up doris-3:f:DOWN]
19:20:20 #146 OK SELECT id=3710420 via doris-1 rows=10255 [doris-1:f:up doris-2:M:up doris-3:f:DOWN]
19:20:21 #147 OK SELECT id=3710420 via doris-1 rows=10255 [doris-1:f:up doris-2:M:up doris-3:f:DOWN]
19:20:22 #148 OK SELECT id=3710420 via doris-1 rows=10255 [doris-1:f:up doris-2:M:up doris-3:f:DOWN]
19:20:24 #149 OK SELECT id=3710420 via doris-1 rows=10253 [doris-1:f:up doris-2:M:up doris-3:f:DOWN]
19:20:25 #150 OK SELECT id=3710420 via doris-1 rows=10253 [doris-1:f:up doris-2:M:up doris-3:f:DOWN]
19:20:26 #151 OK SELECT id=3710420 via doris-1 rows=10255 [doris-1:f:up doris-2:M:up doris-3:f:DOWN]
19:20:27 #152 OK SELECT id=3710420 via doris-1 rows=10255 [doris-1:f:up doris-2:M:up doris-3:f:DOWN]
19:20:28 #153 OK SELECT id=3710420 via doris-1 rows=10255 [doris-1:f:up doris-2:M:up doris-3:f:DOWN]
19:20:29 #154 OK SELECT id=3710420 via doris-1 rows=10253 [doris-1:f:up doris-2:M:up doris-3:f:DOWN]
19:20:30 #155 OK SELECT id=3710420 via doris-1 rows=10253 [doris-1:f:up doris-2:M:up doris-3:f:DOWN]
19:20:31 #156 OK SELECT id=3710420 via doris-1 rows=10255 [doris-1:f:up doris-2:M:up doris-3:f:DOWN]
19:20:32 #157 OK SELECT id=3710420 via doris-1 rows=10255 [doris-1:f:up doris-2:M:up doris-3:f:DOWN]
19:20:33 #158 OK SELECT id=3710420 via doris-1 rows=10255 [doris-1:f:up doris-2:M:up doris-3:f:DOWN]
19:20:34 #159 OK SELECT id=3710420 via doris-1 rows=10253 [doris-1:f:up doris-2:M:up doris-3:f:DOWN]
19:20:35 #160 OK SELECT id=3710420 via doris-1 rows=10253 [doris-1:f:up doris-2:M:up doris-3:f:DOWN]
19:20:36 #161 OK SELECT id=3710420 via doris-1 rows=10255 [doris-1:f:up doris-2:M:up doris-3:f:up]
19:20:37 #162 OK SELECT id=3710420 via doris-1 rows=10255 [doris-1:f:up doris-2:M:up doris-3:f:up]
19:20:38 #163 OK SELECT id=3710420 via doris-1 rows=10255 [doris-1:f:up doris-2:M:up doris-3:f:up]
19:20:39 #164 OK SELECT id=3710420 via doris-1 rows=10253 [doris-1:f:up doris-2:M:up doris-3:f:up]
19:20:40 #165 OK SELECT id=3710420 via doris-1 rows=10253 [doris-1:f:up doris-2:M:up doris-3:f:up]
19:20:42 #166 OK SELECT id=3710420 via doris-1 rows=10255 [doris-1:f:up doris-2:M:up doris-3:f:up]
19:20:42 EVENT restore: cluster healthy
19:20:43 #167 OK SELECT id=3710420 via doris-1 rows=10255 [doris-1:f:up doris-2:M:up doris-3:f:up]
19:20:44 #168 OK SELECT id=3710420 via doris-1 rows=10255 [doris-1:f:up doris-2:M:up doris-3:f:up]
19:20:45 #169 OK SELECT id=3710420 via doris-1 rows=10253 [doris-1:f:up doris-2:M:up doris-3:f:up]
19:20:46 #170 OK SELECT id=3710420 via doris-1 rows=10253 [doris-1:f:up doris-2:M:up doris-3:f:up]
19:20:47 #171 OK SELECT id=3710420 via doris-1 rows=10255 [doris-1:f:up doris-2:M:up doris-3:f:up]
19:20:48 #172 OK SELECT id=3710420 via doris-1 rows=10255 [doris-1:f:up doris-2:M:up doris-3:f:up]
19:20:49 #173 OK SELECT id=3710420 via doris-1 rows=10255 [doris-1:f:up doris-2:M:up doris-3:f:up]
19:20:50 #174 OK SELECT id=3710420 via doris-1 rows=10253 [doris-1:f:up doris-2:M:up doris-3:f:up]
19:20:51 #175 OK SELECT id=3710420 via doris-1 rows=10253 [doris-1:f:up doris-2:M:up doris-3:f:up]
19:20:52 #176 OK SELECT id=3710420 via doris-1 rows=10255 [doris-1:f:up doris-2:M:up doris-3:f:up]
19:20:53 #177 OK SELECT id=3710420 via doris-1 rows=10255 [doris-1:f:up doris-2:M:up doris-3:f:up]
19:20:54 #178 OK SELECT id=3710420 via doris-1 rows=10255 [doris-1:f:up doris-2:M:up doris-3:f:up]
19:20:55 #179 OK SELECT id=3710420 via doris-1 rows=10253 [doris-1:f:up doris-2:M:up doris-3:f:up]
19:20:56 #180 OK SELECT id=3710420 via doris-1 rows=10253 [doris-1:f:up doris-2:M:up doris-3:f:up]
19:20:57 #181 OK SELECT id=3710420 via doris-1 rows=10255 [doris-1:f:up doris-2:M:up doris-3:f:up]
19:20:59 #182 OK SELECT id=3710420 via doris-1 rows=10255 [doris-1:f:up doris-2:M:up doris-3:f:up]
19:21:00 #183 OK SELECT id=3710420 via doris-1 rows=10255 [doris-1:f:up doris-2:M:up doris-3:f:up]
19:21:01 #184 OK SELECT id=3710420 via doris-1 rows=10253 [doris-1:f:up doris-2:M:up doris-3:f:up]
19:21:02 #185 OK SELECT id=3710420 via doris-1 rows=10253 [doris-1:f:up doris-2:M:up doris-3:f:up]
19:21:03 #186 OK SELECT id=3710420 via doris-1 rows=10255 [doris-1:f:up doris-2:M:up doris-3:f:up]
19:21:04 #187 OK SELECT id=3710420 via doris-1 rows=10255 [doris-1:f:up doris-2:M:up doris-3:f:up]
19:21:05 #188 OK SELECT id=3710420 via doris-1 rows=10255 [doris-1:f:up doris-2:M:up doris-3:f:up]
19:21:06 #189 OK SELECT id=3710420 via doris-1 rows=10253 [doris-1:f:up doris-2:M:up doris-3:f:up]
19:21:07 #190 OK SELECT id=3710420 via doris-1 rows=10253 [doris-1:f:up doris-2:M:up doris-3:f:up]
19:21:08 #191 OK SELECT id=3710420 via doris-1 rows=10255 [doris-1:f:up doris-2:M:up doris-3:f:up]
19:21:09 #192 OK SELECT id=3710420 via doris-1 rows=10255 [doris-1:f:up doris-2:M:up doris-3:f:up]
19:21:10 #193 OK SELECT id=3710420 via doris-1 rows=10255 [doris-1:f:up doris-2:M:up doris-3:f:up]
19:21:11 #194 OK SELECT id=3710420 via doris-1 rows=10253 [doris-1:f:up doris-2:M:up doris-3:f:up]
