04:29:17 PROBE start proto=jdbc hosts=doris-1,doris-2,doris-3 duration=86400s cycle=INSERT>UPSERT>SELECT>DELETE>SELECT url=jdbc:mysql://10.140.0.2:9030,10.140.0.3:9030,10.140.0.4:9030/hatest
04:29:17 connected to doris-1 (driver-selected host)
04:29:17 #1 OK INSERT id=2721560 via doris-1 rows=10120 [doris-1:f:up doris-2:f:up doris-3:M:up]
04:29:18 #2 OK UPSERT id=2721560 via doris-1 rows=10120 [doris-1:f:up doris-2:f:up doris-3:M:up]
04:29:20 #3 OK SELECT id=2721560 via doris-1 rows=10120 [doris-1:f:up doris-2:f:up doris-3:M:up]
04:29:21 #4 OK DELETE id=2721560 via doris-1 rows=10118 [doris-1:f:up doris-2:f:up doris-3:M:up]
04:29:22 #5 OK SELECT id=2721560 via doris-1 rows=10118 [doris-1:f:up doris-2:f:up doris-3:M:up]
04:29:23 #6 OK INSERT id=2721561 via doris-1 rows=10120 [doris-1:f:up doris-2:f:up doris-3:M:up]
04:29:24 #7 OK UPSERT id=2721561 via doris-1 rows=10120 [doris-1:f:up doris-2:f:up doris-3:M:up]
04:29:25 #8 OK SELECT id=2721561 via doris-1 rows=10120 [doris-1:f:up doris-2:f:up doris-3:M:up]
04:29:26 #9 OK DELETE id=2721561 via doris-1 rows=10118 [doris-1:f:up doris-2:f:up doris-3:M:up]
04:29:27 #10 OK SELECT id=2721561 via doris-1 rows=10118 [doris-1:f:up doris-2:f:up doris-3:M:up]
04:29:28 #11 OK INSERT id=2721562 via doris-1 rows=10120 [doris-1:f:up doris-2:f:up doris-3:M:up]
04:29:29 #12 OK UPSERT id=2721562 via doris-1 rows=10120 [doris-1:f:up doris-2:f:up doris-3:M:up]
04:29:30 #13 OK SELECT id=2721562 via doris-1 rows=10120 [doris-1:f:up doris-2:f:up doris-3:M:up]
04:29:31 #14 OK DELETE id=2721562 via doris-1 rows=10118 [doris-1:f:up doris-2:f:up doris-3:M:up]
04:29:32 #15 OK SELECT id=2721562 via doris-1 rows=10118 [doris-1:f:up doris-2:f:up doris-3:M:up]
04:29:33 #16 OK INSERT id=2721563 via doris-1 rows=10120 [doris-1:f:up doris-2:f:up doris-3:M:up]
04:29:35 #17 OK UPSERT id=2721563 via doris-1 rows=10120 [doris-1:f:up doris-2:f:up doris-3:M:up]
04:29:36 #18 OK SELECT id=2721563 via doris-1 rows=10120 [doris-1:f:up doris-2:f:up doris-3:M:up]
04:29:37 #19 OK DELETE id=2721563 via doris-1 rows=10118 [doris-1:f:up doris-2:f:up doris-3:M:up]
04:29:38 #20 OK SELECT id=2721563 via doris-1 rows=10118 [doris-1:f:up doris-2:f:up doris-3:M:up]
04:29:39 #21 OK INSERT id=2721564 via doris-1 rows=10120 [doris-1:f:up doris-2:f:up doris-3:M:up]
04:29:40 #22 OK UPSERT id=2721564 via doris-1 rows=10120 [doris-1:f:up doris-2:f:up doris-3:M:up]
04:29:41 #23 OK SELECT id=2721564 via doris-1 rows=10120 [doris-1:f:up doris-2:f:up doris-3:M:up]
04:29:42 #24 OK DELETE id=2721564 via doris-1 rows=10118 [doris-1:f:up doris-2:f:up doris-3:M:up]
04:29:43 #25 OK SELECT id=2721564 via doris-1 rows=10118 [doris-1:f:up doris-2:f:up doris-3:M:up]
04:29:44 #26 OK INSERT id=2721565 via doris-1 rows=10120 [doris-1:f:up doris-2:f:up doris-3:M:up]
04:29:45 #27 OK UPSERT id=2721565 via doris-1 rows=10120 [doris-1:f:up doris-2:f:up doris-3:M:up]
04:29:46 #28 OK SELECT id=2721565 via doris-1 rows=10120 [doris-1:f:up doris-2:f:up doris-3:M:up]
04:29:47 #29 OK DELETE id=2721565 via doris-1 rows=10118 [doris-1:f:up doris-2:f:up doris-3:M:up]
04:29:48 #30 OK SELECT id=2721565 via doris-1 rows=10118 [doris-1:f:up doris-2:f:up doris-3:M:up]
04:29:50 #31 OK INSERT id=2721566 via doris-1 rows=10120 [doris-1:f:up doris-2:f:up doris-3:M:up]
04:29:50 EVENT break: vm stop on doris-3 (FE master)
04:29:51 #32 OK UPSERT id=2721566 via doris-1 rows=10120 [doris-1:f:up doris-2:f:up doris-3:M:up]
04:29:52 #33 OK SELECT id=2721566 via doris-1 rows=10120 [doris-1:f:up doris-2:f:up doris-3:M:up]
04:29:53 #34 OK DELETE id=2721566 via doris-1 rows=10118 [doris-1:f:up doris-2:f:up doris-3:M:up]
04:29:54 #35 FAIL SELECT id=2721566 via doris-1: SQLException: RpcException, msg: send fragments failed. io.grpc.StatusRuntimeException: UNAVAILABLE: io exception, host: 10.
04:29:55 connected to doris-1 (driver-selected host)
04:29:56 #36 OK INSERT id=2721567 via doris-1 rows=10119 [doris-1:f:up doris-2:M:up doris-3:f:DOWN] (recovered)
04:29:57 #37 OK UPSERT id=2721567 via doris-1 rows=10120 [doris-1:f:up doris-2:M:up doris-3:f:DOWN]
04:29:58 #38 OK SELECT id=2721567 via doris-1 rows=10120 [doris-1:f:up doris-2:M:up doris-3:f:DOWN]
04:29:59 #39 OK DELETE id=2721567 via doris-1 rows=10118 [doris-1:f:up doris-2:M:up doris-3:f:DOWN]
04:30:00 #40 OK SELECT id=2721567 via doris-1 rows=10118 [doris-1:f:up doris-2:M:up doris-3:f:DOWN]
04:30:01 #41 OK INSERT id=2721568 via doris-1 rows=10120 [doris-1:f:up doris-2:M:up doris-3:f:DOWN]
04:30:02 #42 OK UPSERT id=2721568 via doris-1 rows=10120 [doris-1:f:up doris-2:M:up doris-3:f:DOWN]
04:30:03 #43 OK SELECT id=2721568 via doris-1 rows=10120 [doris-1:f:up doris-2:M:up doris-3:f:DOWN]
04:30:04 #44 OK DELETE id=2721568 via doris-1 rows=10118 [doris-1:f:up doris-2:M:up doris-3:f:DOWN]
04:30:06 #45 OK SELECT id=2721568 via doris-1 rows=10118 [doris-1:f:up doris-2:M:up doris-3:f:DOWN]
04:30:07 #46 OK INSERT id=2721569 via doris-1 rows=10120 [doris-1:f:up doris-2:M:up doris-3:f:DOWN]
04:30:08 #47 OK UPSERT id=2721569 via doris-1 rows=10120 [doris-1:f:up doris-2:M:up doris-3:f:DOWN]
04:30:09 #48 OK SELECT id=2721569 via doris-1 rows=10120 [doris-1:f:up doris-2:M:up doris-3:f:DOWN]
04:30:10 #49 OK DELETE id=2721569 via doris-1 rows=10118 [doris-1:f:up doris-2:M:up doris-3:f:DOWN]
04:30:11 #50 OK SELECT id=2721569 via doris-1 rows=10118 [doris-1:f:up doris-2:M:up doris-3:f:DOWN]
04:30:12 #51 OK INSERT id=2721570 via doris-1 rows=10120 [doris-1:f:up doris-2:M:up doris-3:f:DOWN]
04:30:13 #52 OK UPSERT id=2721570 via doris-1 rows=10120 [doris-1:f:up doris-2:M:up doris-3:f:DOWN]
04:30:14 EVENT break: doris-3 is down
04:30:14 #53 OK SELECT id=2721570 via doris-1 rows=10120 [doris-1:f:up doris-2:M:up doris-3:f:DOWN]
04:30:15 #54 OK DELETE id=2721570 via doris-1 rows=10118 [doris-1:f:up doris-2:M:up doris-3:f:DOWN]
04:30:16 #55 OK SELECT id=2721570 via doris-1 rows=10118 [doris-1:f:up doris-2:M:up doris-3:f:DOWN]
04:30:17 #56 OK INSERT id=2721571 via doris-1 rows=10119 [doris-1:f:up doris-2:M:up doris-3:f:DOWN]
04:30:19 #57 OK UPSERT id=2721571 via doris-1 rows=10120 [doris-1:f:up doris-2:M:up doris-3:f:DOWN]
04:30:20 #58 OK SELECT id=2721571 via doris-1 rows=10120 [doris-1:f:up doris-2:M:up doris-3:f:DOWN]
04:30:21 #59 OK DELETE id=2721571 via doris-1 rows=10118 [doris-1:f:up doris-2:M:up doris-3:f:DOWN]
04:30:22 #60 OK SELECT id=2721571 via doris-1 rows=10118 [doris-1:f:up doris-2:M:up doris-3:f:DOWN]
04:30:23 #61 OK INSERT id=2721572 via doris-1 rows=10120 [doris-1:f:up doris-2:M:up doris-3:f:DOWN]
04:30:24 #62 OK UPSERT id=2721572 via doris-1 rows=10120 [doris-1:f:up doris-2:M:up doris-3:f:DOWN]
04:30:25 #63 OK SELECT id=2721572 via doris-1 rows=10120 [doris-1:f:up doris-2:M:up doris-3:f:DOWN]
04:30:26 #64 OK DELETE id=2721572 via doris-1 rows=10118 [doris-1:f:up doris-2:M:up doris-3:f:DOWN]
04:30:27 #65 OK SELECT id=2721572 via doris-1 rows=10118 [doris-1:f:up doris-2:M:up doris-3:f:DOWN]
04:30:28 #66 OK INSERT id=2721573 via doris-1 rows=10120 [doris-1:f:up doris-2:M:up doris-3:f:DOWN]
04:30:29 #67 OK UPSERT id=2721573 via doris-1 rows=10120 [doris-1:f:up doris-2:M:up doris-3:f:DOWN]
04:30:30 #68 OK SELECT id=2721573 via doris-1 rows=10120 [doris-1:f:up doris-2:M:up doris-3:f:DOWN]
04:30:32 #69 OK DELETE id=2721573 via doris-1 rows=10118 [doris-1:f:up doris-2:M:up doris-3:f:DOWN]
04:30:33 #70 OK SELECT id=2721573 via doris-1 rows=10118 [doris-1:f:up doris-2:M:up doris-3:f:DOWN]
04:30:34 #71 OK INSERT id=2721574 via doris-1 rows=10120 [doris-1:f:up doris-2:M:up doris-3:f:DOWN]
04:30:35 #72 OK UPSERT id=2721574 via doris-1 rows=10120 [doris-1:f:up doris-2:M:up doris-3:f:DOWN]
04:30:36 #73 OK SELECT id=2721574 via doris-1 rows=10120 [doris-1:f:up doris-2:M:up doris-3:f:DOWN]
04:30:37 #74 OK DELETE id=2721574 via doris-1 rows=10118 [doris-1:f:up doris-2:M:up doris-3:f:DOWN]
04:30:38 #75 OK SELECT id=2721574 via doris-1 rows=10118 [doris-1:f:up doris-2:M:up doris-3:f:DOWN]
04:30:39 #76 OK INSERT id=2721575 via doris-1 rows=10120 [doris-1:f:up doris-2:M:up doris-3:f:DOWN]
04:30:40 #77 OK UPSERT id=2721575 via doris-1 rows=10120 [doris-1:f:up doris-2:M:up doris-3:f:DOWN]
04:30:41 #78 OK SELECT id=2721575 via doris-1 rows=10120 [doris-1:f:up doris-2:M:up doris-3:f:DOWN]
04:30:42 #79 OK DELETE id=2721575 via doris-1 rows=10118 [doris-1:f:up doris-2:M:up doris-3:f:DOWN]
04:30:43 #80 OK SELECT id=2721575 via doris-1 rows=10118 [doris-1:f:up doris-2:M:up doris-3:f:DOWN]
04:30:45 #81 OK INSERT id=2721576 via doris-1 rows=10120 [doris-1:f:up doris-2:M:up doris-3:f:DOWN]
04:30:46 #82 OK UPSERT id=2721576 via doris-1 rows=10120 [doris-1:f:up doris-2:M:up doris-3:f:DOWN]
04:30:47 #83 OK SELECT id=2721576 via doris-1 rows=10120 [doris-1:f:up doris-2:M:up doris-3:f:DOWN]
04:30:48 #84 OK DELETE id=2721576 via doris-1 rows=10118 [doris-1:f:up doris-2:M:up doris-3:f:DOWN]
04:30:49 #85 OK SELECT id=2721576 via doris-1 rows=10118 [doris-1:f:up doris-2:M:up doris-3:f:DOWN]
04:30:50 #86 OK INSERT id=2721577 via doris-1 rows=10120 [doris-1:f:up doris-2:M:up doris-3:f:DOWN]
04:30:51 #87 OK UPSERT id=2721577 via doris-1 rows=10120 [doris-1:f:up doris-2:M:up doris-3:f:DOWN]
04:30:52 #88 OK SELECT id=2721577 via doris-1 rows=10120 [doris-1:f:up doris-2:M:up doris-3:f:DOWN]
04:30:53 #89 OK DELETE id=2721577 via doris-1 rows=10118 [doris-1:f:up doris-2:M:up doris-3:f:DOWN]
04:30:54 #90 OK SELECT id=2721577 via doris-1 rows=10118 [doris-1:f:up doris-2:M:up doris-3:f:DOWN]
04:30:55 #91 OK INSERT id=2721578 via doris-1 rows=10120 [doris-1:f:up doris-2:M:up doris-3:f:DOWN]
04:30:56 #92 OK UPSERT id=2721578 via doris-1 rows=10120 [doris-1:f:up doris-2:M:up doris-3:f:DOWN]
04:30:58 #93 OK SELECT id=2721578 via doris-1 rows=10120 [doris-1:f:up doris-2:M:up doris-3:f:DOWN]
04:30:59 #94 OK DELETE id=2721578 via doris-1 rows=10118 [doris-1:f:up doris-2:M:up doris-3:f:DOWN]
04:31:00 #95 OK SELECT id=2721578 via doris-1 rows=10118 [doris-1:f:up doris-2:M:up doris-3:f:DOWN]
04:31:01 #96 OK INSERT id=2721579 via doris-1 rows=10120 [doris-1:f:up doris-2:M:up doris-3:f:DOWN]
04:31:02 #97 OK UPSERT id=2721579 via doris-1 rows=10120 [doris-1:f:up doris-2:M:up doris-3:f:DOWN]
04:31:03 #98 OK SELECT id=2721579 via doris-1 rows=10120 [doris-1:f:up doris-2:M:up doris-3:f:DOWN]
04:31:04 #99 OK DELETE id=2721579 via doris-1 rows=10118 [doris-1:f:up doris-2:M:up doris-3:f:DOWN]
04:31:05 #100 OK SELECT id=2721579 via doris-1 rows=10118 [doris-1:f:up doris-2:M:up doris-3:f:DOWN]
04:31:06 #101 OK INSERT id=2721580 via doris-1 rows=10120 [doris-1:f:up doris-2:M:up doris-3:f:DOWN]
04:31:07 #102 OK UPSERT id=2721580 via doris-1 rows=10120 [doris-1:f:up doris-2:M:up doris-3:f:DOWN]
04:31:08 #103 OK SELECT id=2721580 via doris-1 rows=10120 [doris-1:f:up doris-2:M:up doris-3:f:DOWN]
04:31:09 #104 OK DELETE id=2721580 via doris-1 rows=10118 [doris-1:f:up doris-2:M:up doris-3:f:DOWN]
04:31:10 #105 OK SELECT id=2721580 via doris-1 rows=10118 [doris-1:f:up doris-2:M:up doris-3:f:DOWN]
04:31:12 #106 OK INSERT id=2721581 via doris-1 rows=10120 [doris-1:f:up doris-2:M:up doris-3:f:DOWN]
04:31:13 #107 OK UPSERT id=2721581 via doris-1 rows=10120 [doris-1:f:up doris-2:M:up doris-3:f:DOWN]
04:31:14 #108 OK SELECT id=2721581 via doris-1 rows=10120 [doris-1:f:up doris-2:M:up doris-3:f:DOWN]
04:31:15 #109 OK DELETE id=2721581 via doris-1 rows=10118 [doris-1:f:up doris-2:M:up doris-3:f:DOWN]
04:31:16 #110 OK SELECT id=2721581 via doris-1 rows=10118 [doris-1:f:up doris-2:M:up doris-3:f:DOWN]
04:31:17 #111 OK INSERT id=2721582 via doris-1 rows=10120 [doris-1:f:up doris-2:M:up doris-3:f:DOWN]
04:31:18 #112 OK UPSERT id=2721582 via doris-1 rows=10120 [doris-1:f:up doris-2:M:up doris-3:f:DOWN]
04:31:19 #113 OK SELECT id=2721582 via doris-1 rows=10120 [doris-1:f:up doris-2:M:up doris-3:f:DOWN]
04:31:20 #114 OK DELETE id=2721582 via doris-1 rows=10118 [doris-1:f:up doris-2:M:up doris-3:f:DOWN]
04:31:21 #115 OK SELECT id=2721582 via doris-1 rows=10118 [doris-1:f:up doris-2:M:up doris-3:f:DOWN]
04:31:22 #116 OK INSERT id=2721583 via doris-1 rows=10120 [doris-1:f:up doris-2:M:up doris-3:f:DOWN]
04:31:23 #117 OK UPSERT id=2721583 via doris-1 rows=10120 [doris-1:f:up doris-2:M:up doris-3:f:DOWN]
04:31:24 #118 OK SELECT id=2721583 via doris-1 rows=10120 [doris-1:f:up doris-2:M:up doris-3:f:DOWN]
04:31:25 #119 OK DELETE id=2721583 via doris-1 rows=10118 [doris-1:f:up doris-2:M:up doris-3:f:DOWN]
04:31:27 #120 OK SELECT id=2721583 via doris-1 rows=10118 [doris-1:f:up doris-2:M:up doris-3:f:DOWN]
04:31:28 #121 OK INSERT id=2721584 via doris-1 rows=10120 [doris-1:f:up doris-2:M:up doris-3:f:DOWN]
04:31:29 #122 OK UPSERT id=2721584 via doris-1 rows=10120 [doris-1:f:up doris-2:M:up doris-3:f:DOWN]
04:31:30 #123 OK SELECT id=2721584 via doris-1 rows=10120 [doris-1:f:up doris-2:M:up doris-3:f:DOWN]
04:31:31 #124 OK DELETE id=2721584 via doris-1 rows=10118 [doris-1:f:up doris-2:M:up doris-3:f:DOWN]
04:31:32 #125 OK SELECT id=2721584 via doris-1 rows=10118 [doris-1:f:up doris-2:M:up doris-3:f:DOWN]
04:31:33 #126 OK INSERT id=2721585 via doris-1 rows=10120 [doris-1:f:up doris-2:M:up doris-3:f:DOWN]
04:31:34 #127 OK UPSERT id=2721585 via doris-1 rows=10120 [doris-1:f:up doris-2:M:up doris-3:f:DOWN]
04:31:35 #128 OK SELECT id=2721585 via doris-1 rows=10120 [doris-1:f:up doris-2:M:up doris-3:f:DOWN]
04:31:36 #129 OK DELETE id=2721585 via doris-1 rows=10118 [doris-1:f:up doris-2:M:up doris-3:f:DOWN]
04:31:37 #130 OK SELECT id=2721585 via doris-1 rows=10118 [doris-1:f:up doris-2:M:up doris-3:f:DOWN]
04:31:38 #131 OK INSERT id=2721586 via doris-1 rows=10120 [doris-1:f:up doris-2:M:up doris-3:f:DOWN]
04:31:39 #132 OK UPSERT id=2721586 via doris-1 rows=10120 [doris-1:f:up doris-2:M:up doris-3:f:DOWN]
04:31:40 #133 OK SELECT id=2721586 via doris-1 rows=10120 [doris-1:f:up doris-2:M:up doris-3:f:DOWN]
04:31:42 #134 OK DELETE id=2721586 via doris-1 rows=10118 [doris-1:f:up doris-2:M:up doris-3:f:DOWN]
04:31:43 #135 OK SELECT id=2721586 via doris-1 rows=10118 [doris-1:f:up doris-2:M:up doris-3:f:DOWN]
04:31:44 #136 OK INSERT id=2721587 via doris-1 rows=10120 [doris-1:f:up doris-2:M:up doris-3:f:DOWN]
04:31:45 #137 OK UPSERT id=2721587 via doris-1 rows=10120 [doris-1:f:up doris-2:M:up doris-3:f:DOWN]
04:31:46 #138 OK SELECT id=2721587 via doris-1 rows=10120 [doris-1:f:up doris-2:M:up doris-3:f:DOWN]
04:31:47 #139 OK DELETE id=2721587 via doris-1 rows=10118 [doris-1:f:up doris-2:M:up doris-3:f:DOWN]
04:31:48 #140 OK SELECT id=2721587 via doris-1 rows=10118 [doris-1:f:up doris-2:M:up doris-3:f:DOWN]
04:31:49 #141 OK INSERT id=2721588 via doris-1 rows=10120 [doris-1:f:up doris-2:M:up doris-3:f:DOWN]
04:31:50 #142 OK UPSERT id=2721588 via doris-1 rows=10120 [doris-1:f:up doris-2:M:up doris-3:f:DOWN]
04:31:51 #143 OK SELECT id=2721588 via doris-1 rows=10120 [doris-1:f:up doris-2:M:up doris-3:f:DOWN]
04:31:52 EVENT restore: start doris-3
04:31:52 #144 OK DELETE id=2721588 via doris-1 rows=10118 [doris-1:f:up doris-2:M:up doris-3:f:DOWN]
04:31:53 #145 OK SELECT id=2721588 via doris-1 rows=10118 [doris-1:f:up doris-2:M:up doris-3:f:DOWN]
04:31:54 #146 OK INSERT id=2721589 via doris-1 rows=10120 [doris-1:f:up doris-2:M:up doris-3:f:DOWN]
04:31:55 #147 OK UPSERT id=2721589 via doris-1 rows=10120 [doris-1:f:up doris-2:M:up doris-3:f:DOWN]
04:31:56 #148 OK SELECT id=2721589 via doris-1 rows=10120 [doris-1:f:up doris-2:M:up doris-3:f:DOWN]
04:31:58 #149 OK DELETE id=2721589 via doris-1 rows=10118 [doris-1:f:up doris-2:M:up doris-3:f:DOWN]
04:31:59 #150 OK SELECT id=2721589 via doris-1 rows=10118 [doris-1:f:up doris-2:M:up doris-3:f:DOWN]
04:32:00 #151 OK INSERT id=2721590 via doris-1 rows=10120 [doris-1:f:up doris-2:M:up doris-3:f:DOWN]
04:32:01 #152 OK UPSERT id=2721590 via doris-1 rows=10120 [doris-1:f:up doris-2:M:up doris-3:f:DOWN]
04:32:02 #153 OK SELECT id=2721590 via doris-1 rows=10120 [doris-1:f:up doris-2:M:up doris-3:f:DOWN]
04:32:03 #154 OK DELETE id=2721590 via doris-1 rows=10118 [doris-1:f:up doris-2:M:up doris-3:f:DOWN]
04:32:04 #155 OK SELECT id=2721590 via doris-1 rows=10118 [doris-1:f:up doris-2:M:up doris-3:f:DOWN]
04:32:05 #156 OK INSERT id=2721591 via doris-1 rows=10120 [doris-1:f:up doris-2:M:up doris-3:f:DOWN]
04:32:06 #157 OK UPSERT id=2721591 via doris-1 rows=10120 [doris-1:f:up doris-2:M:up doris-3:f:DOWN]
04:32:07 #158 OK SELECT id=2721591 via doris-1 rows=10120 [doris-1:f:up doris-2:M:up doris-3:f:DOWN]
04:32:08 #159 OK DELETE id=2721591 via doris-1 rows=10118 [doris-1:f:up doris-2:M:up doris-3:f:DOWN]
04:32:09 #160 OK SELECT id=2721591 via doris-1 rows=10118 [doris-1:f:up doris-2:M:up doris-3:f:DOWN]
04:32:10 #161 OK INSERT id=2721592 via doris-1 rows=10120 [doris-1:f:up doris-2:M:up doris-3:f:DOWN]
04:32:11 #162 OK UPSERT id=2721592 via doris-1 rows=10120 [doris-1:f:up doris-2:M:up doris-3:f:DOWN]
04:32:12 #163 OK SELECT id=2721592 via doris-1 rows=10120 [doris-1:f:up doris-2:M:up doris-3:f:DOWN]
04:32:14 #164 OK DELETE id=2721592 via doris-1 rows=10118 [doris-1:f:up doris-2:M:up doris-3:f:DOWN]
04:32:15 #165 OK SELECT id=2721592 via doris-1 rows=10118 [doris-1:f:up doris-2:M:up doris-3:f:DOWN]
04:32:16 #166 OK INSERT id=2721593 via doris-1 rows=10120 [doris-1:f:up doris-2:M:up doris-3:f:DOWN]
04:32:17 #167 OK UPSERT id=2721593 via doris-1 rows=10120 [doris-1:f:up doris-2:M:up doris-3:f:DOWN]
04:32:18 #168 OK SELECT id=2721593 via doris-1 rows=10120 [doris-1:f:up doris-2:M:up doris-3:f:DOWN]
04:32:19 #169 OK DELETE id=2721593 via doris-1 rows=10118 [doris-1:f:up doris-2:M:up doris-3:f:DOWN]
04:32:20 #170 OK SELECT id=2721593 via doris-1 rows=10118 [doris-1:f:up doris-2:M:up doris-3:f:DOWN]
04:32:21 #171 OK INSERT id=2721594 via doris-1 rows=10120 [doris-1:f:up doris-2:M:up doris-3:f:DOWN]
04:32:22 #172 OK UPSERT id=2721594 via doris-1 rows=10120 [doris-1:f:up doris-2:M:up doris-3:f:DOWN]
04:32:23 #173 OK SELECT id=2721594 via doris-1 rows=10120 [doris-1:f:up doris-2:M:up doris-3:f:DOWN]
04:32:24 #174 OK DELETE id=2721594 via doris-1 rows=10118 [doris-1:f:up doris-2:M:up doris-3:f:DOWN]
04:32:25 #175 OK SELECT id=2721594 via doris-1 rows=10118 [doris-1:f:up doris-2:M:up doris-3:f:DOWN]
04:32:26 #176 OK INSERT id=2721595 via doris-1 rows=10120 [doris-1:f:up doris-2:M:up doris-3:f:DOWN]
04:32:27 #177 OK UPSERT id=2721595 via doris-1 rows=10120 [doris-1:f:up doris-2:M:up doris-3:f:DOWN]
04:32:28 #178 OK SELECT id=2721595 via doris-1 rows=10120 [doris-1:f:up doris-2:M:up doris-3:f:DOWN]
04:32:30 #179 OK DELETE id=2721595 via doris-1 rows=10118 [doris-1:f:up doris-2:M:up doris-3:f:DOWN]
04:32:31 #180 OK SELECT id=2721595 via doris-1 rows=10118 [doris-1:f:up doris-2:M:up doris-3:f:DOWN]
04:32:32 #181 OK INSERT id=2721596 via doris-1 rows=10120 [doris-1:f:up doris-2:M:up doris-3:f:DOWN]
04:32:33 #182 OK UPSERT id=2721596 via doris-1 rows=10120 [doris-1:f:up doris-2:M:up doris-3:f:DOWN]
04:32:34 #183 OK SELECT id=2721596 via doris-1 rows=10120 [doris-1:f:up doris-2:M:up doris-3:f:DOWN]
04:32:35 #184 OK DELETE id=2721596 via doris-1 rows=10118 [doris-1:f:up doris-2:M:up doris-3:f:DOWN]
04:32:36 #185 OK SELECT id=2721596 via doris-1 rows=10118 [doris-1:f:up doris-2:M:up doris-3:f:DOWN]
04:32:37 #186 OK INSERT id=2721597 via doris-1 rows=10120 [doris-1:f:up doris-2:M:up doris-3:f:DOWN]
04:32:38 #187 OK UPSERT id=2721597 via doris-1 rows=10120 [doris-1:f:up doris-2:M:up doris-3:f:DOWN]
04:32:39 #188 OK SELECT id=2721597 via doris-1 rows=10120 [doris-1:f:up doris-2:M:up doris-3:f:DOWN]
04:32:40 #189 OK DELETE id=2721597 via doris-1 rows=10118 [doris-1:f:up doris-2:M:up doris-3:f:DOWN]
04:32:41 #190 OK SELECT id=2721597 via doris-1 rows=10118 [doris-1:f:up doris-2:M:up doris-3:f:DOWN]
04:32:42 #191 OK INSERT id=2721598 via doris-1 rows=10120 [doris-1:f:up doris-2:M:up doris-3:f:DOWN]
04:32:43 #192 OK UPSERT id=2721598 via doris-1 rows=10120 [doris-1:f:up doris-2:M:up doris-3:f:DOWN]
04:32:44 #193 OK SELECT id=2721598 via doris-1 rows=10120 [doris-1:f:up doris-2:M:up doris-3:f:DOWN]
04:32:46 #194 OK DELETE id=2721598 via doris-1 rows=10118 [doris-1:f:up doris-2:M:up doris-3:f:DOWN]
04:32:47 #195 OK SELECT id=2721598 via doris-1 rows=10118 [doris-1:f:up doris-2:M:up doris-3:f:DOWN]
04:32:48 #196 OK INSERT id=2721599 via doris-1 rows=10120 [doris-1:f:up doris-2:M:up doris-3:f:DOWN]
04:32:49 #197 OK UPSERT id=2721599 via doris-1 rows=10120 [doris-1:f:up doris-2:M:up doris-3:f:DOWN]
04:32:50 #198 OK SELECT id=2721599 via doris-1 rows=10120 [doris-1:f:up doris-2:M:up doris-3:f:DOWN]
04:32:51 #199 OK DELETE id=2721599 via doris-1 rows=10118 [doris-1:f:up doris-2:M:up doris-3:f:DOWN]
04:32:52 #200 OK SELECT id=2721599 via doris-1 rows=10118 [doris-1:f:up doris-2:M:up doris-3:f:DOWN]
04:32:53 #201 OK INSERT id=2721600 via doris-1 rows=10120 [doris-1:f:up doris-2:M:up doris-3:f:DOWN]
04:32:54 #202 OK UPSERT id=2721600 via doris-1 rows=10120 [doris-1:f:up doris-2:M:up doris-3:f:DOWN]
04:32:55 #203 OK SELECT id=2721600 via doris-1 rows=10120 [doris-1:f:up doris-2:M:up doris-3:f:up]
04:32:56 #204 OK DELETE id=2721600 via doris-1 rows=10118 [doris-1:f:up doris-2:M:up doris-3:f:up]
04:32:57 #205 OK SELECT id=2721600 via doris-1 rows=10118 [doris-1:f:up doris-2:M:up doris-3:f:up]
04:32:57 EVENT restore: cluster healthy
04:32:58 #206 OK INSERT id=2721601 via doris-1 rows=10120 [doris-1:f:up doris-2:M:up doris-3:f:up]
04:32:59 #207 OK UPSERT id=2721601 via doris-1 rows=10120 [doris-1:f:up doris-2:M:up doris-3:f:up]
04:33:00 #208 OK SELECT id=2721601 via doris-1 rows=10120 [doris-1:f:up doris-2:M:up doris-3:f:up]
04:33:02 #209 OK DELETE id=2721601 via doris-1 rows=10118 [doris-1:f:up doris-2:M:up doris-3:f:up]
04:33:03 #210 OK SELECT id=2721601 via doris-1 rows=10118 [doris-1:f:up doris-2:M:up doris-3:f:up]
04:33:04 #211 OK INSERT id=2721602 via doris-1 rows=10120 [doris-1:f:up doris-2:M:up doris-3:f:up]
04:33:05 #212 OK UPSERT id=2721602 via doris-1 rows=10120 [doris-1:f:up doris-2:M:up doris-3:f:up]
04:33:06 #213 OK SELECT id=2721602 via doris-1 rows=10120 [doris-1:f:up doris-2:M:up doris-3:f:up]
04:33:07 #214 OK DELETE id=2721602 via doris-1 rows=10118 [doris-1:f:up doris-2:M:up doris-3:f:up]
04:33:08 #215 OK SELECT id=2721602 via doris-1 rows=10118 [doris-1:f:up doris-2:M:up doris-3:f:up]
04:33:09 #216 OK INSERT id=2721603 via doris-1 rows=10120 [doris-1:f:up doris-2:M:up doris-3:f:up]
04:33:10 #217 OK UPSERT id=2721603 via doris-1 rows=10120 [doris-1:f:up doris-2:M:up doris-3:f:up]
04:33:11 #218 OK SELECT id=2721603 via doris-1 rows=10120 [doris-1:f:up doris-2:M:up doris-3:f:up]
04:33:12 #219 OK DELETE id=2721603 via doris-1 rows=10118 [doris-1:f:up doris-2:M:up doris-3:f:up]
04:33:13 #220 OK SELECT id=2721603 via doris-1 rows=10118 [doris-1:f:up doris-2:M:up doris-3:f:up]
04:33:14 #221 OK INSERT id=2721604 via doris-1 rows=10120 [doris-1:f:up doris-2:M:up doris-3:f:up]
04:33:16 #222 OK UPSERT id=2721604 via doris-1 rows=10120 [doris-1:f:up doris-2:M:up doris-3:f:up]
04:33:17 #223 OK SELECT id=2721604 via doris-1 rows=10120 [doris-1:f:up doris-2:M:up doris-3:f:up]
04:33:18 #224 OK DELETE id=2721604 via doris-1 rows=10118 [doris-1:f:up doris-2:M:up doris-3:f:up]
04:33:19 #225 OK SELECT id=2721604 via doris-1 rows=10118 [doris-1:f:up doris-2:M:up doris-3:f:up]
04:33:20 #226 OK INSERT id=2721605 via doris-1 rows=10120 [doris-1:f:up doris-2:M:up doris-3:f:up]
04:33:21 #227 OK UPSERT id=2721605 via doris-1 rows=10120 [doris-1:f:up doris-2:M:up doris-3:f:up]
04:33:22 #228 OK SELECT id=2721605 via doris-1 rows=10120 [doris-1:f:up doris-2:M:up doris-3:f:up]
04:33:23 #229 OK DELETE id=2721605 via doris-1 rows=10118 [doris-1:f:up doris-2:M:up doris-3:f:up]
04:33:24 #230 OK SELECT id=2721605 via doris-1 rows=10118 [doris-1:f:up doris-2:M:up doris-3:f:up]
04:33:25 #231 OK INSERT id=2721606 via doris-1 rows=10120 [doris-1:f:up doris-2:M:up doris-3:f:up]
