03:27:41 PROBE start proto=arrow-flight hosts=doris-1,doris-2,doris-3 duration=86400s cycle=INSERT>UPSERT>SELECT>DELETE>SELECT
03:27:42 connected to doris-1 (10.140.0.2)
03:27:42 DML unsupported over arrow-flight (InternalError: RuntimeException, msg: getMysqlChannel not in mysql connection (Internal; ExecuteQuery)) — switching to SELECT-only mode
03:27:42 #1 OK SELECT id=3684610 via doris-1 rows=10069 [doris-1:f:up doris-2:M:up doris-3:f:up]
03:27:43 #2 OK SELECT id=3684610 via doris-1 rows=10069 [doris-1:f:up doris-2:M:up doris-3:f:up]
03:27:44 #3 OK SELECT id=3684610 via doris-1 rows=10069 [doris-1:f:up doris-2:M:up doris-3:f:up]
03:27:45 #4 OK SELECT id=3684610 via doris-1 rows=10067 [doris-1:f:up doris-2:M:up doris-3:f:up]
03:27:46 #5 OK SELECT id=3684610 via doris-1 rows=10067 [doris-1:f:up doris-2:M:up doris-3:f:up]
03:27:47 #6 OK SELECT id=3684610 via doris-1 rows=10069 [doris-1:f:up doris-2:M:up doris-3:f:up]
03:27:48 #7 OK SELECT id=3684610 via doris-1 rows=10069 [doris-1:f:up doris-2:M:up doris-3:f:up]
03:27:50 #8 OK SELECT id=3684610 via doris-1 rows=10069 [doris-1:f:up doris-2:M:up doris-3:f:up]
03:27:51 #9 OK SELECT id=3684610 via doris-1 rows=10067 [doris-1:f:up doris-2:M:up doris-3:f:up]
03:27:52 #10 OK SELECT id=3684610 via doris-1 rows=10068 [doris-1:f:up doris-2:M:up doris-3:f:up]
03:27:53 #11 OK SELECT id=3684610 via doris-1 rows=10069 [doris-1:f:up doris-2:M:up doris-3:f:up]
03:27:54 #12 OK SELECT id=3684610 via doris-1 rows=10069 [doris-1:f:up doris-2:M:up doris-3:f:up]
03:27:55 #13 OK SELECT id=3684610 via doris-1 rows=10068 [doris-1:f:up doris-2:M:up doris-3:f:up]
03:27:56 #14 OK SELECT id=3684610 via doris-1 rows=10067 [doris-1:f:up doris-2:M:up doris-3:f:up]
03:27:57 #15 OK SELECT id=3684610 via doris-1 rows=10068 [doris-1:f:up doris-2:M:up doris-3:f:up]
03:27:58 #16 OK SELECT id=3684610 via doris-1 rows=10069 [doris-1:f:up doris-2:M:up doris-3:f:up]
03:27:59 #17 OK SELECT id=3684610 via doris-1 rows=10069 [doris-1:f:up doris-2:M:up doris-3:f:up]
03:28:01 #18 OK SELECT id=3684610 via doris-1 rows=10068 [doris-1:f:up doris-2:M:up doris-3:f:up]
03:28:02 #19 OK SELECT id=3684610 via doris-1 rows=10067 [doris-1:f:up doris-2:M:up doris-3:f:up]
03:28:03 #20 OK SELECT id=3684610 via doris-1 rows=10068 [doris-1:f:up doris-2:M:up doris-3:f:up]
03:28:04 #21 OK SELECT id=3684610 via doris-1 rows=10069 [doris-1:f:up doris-2:M:up doris-3:f:up]
03:28:05 #22 OK SELECT id=3684610 via doris-1 rows=10069 [doris-1:f:up doris-2:M:up doris-3:f:up]
03:28:06 #23 OK SELECT id=3684610 via doris-1 rows=10068 [doris-1:f:up doris-2:M:up doris-3:f:up]
03:28:07 #24 OK SELECT id=3684610 via doris-1 rows=10067 [doris-1:f:up doris-2:M:up doris-3:f:up]
03:28:08 #25 OK SELECT id=3684610 via doris-1 rows=10068 [doris-1:f:up doris-2:M:up doris-3:f:up]
03:28:09 #26 OK SELECT id=3684610 via doris-1 rows=10069 [doris-1:f:up doris-2:M:up doris-3:f:up]
03:28:10 #27 OK SELECT id=3684610 via doris-1 rows=10069 [doris-1:f:up doris-2:M:up doris-3:f:up]
03:28:11 #28 OK SELECT id=3684610 via doris-1 rows=10068 [doris-1:f:up doris-2:M:up doris-3:f:up]
03:28:13 #29 OK SELECT id=3684610 via doris-1 rows=10067 [doris-1:f:up doris-2:M:up doris-3:f:up]
03:28:14 #30 OK SELECT id=3684610 via doris-1 rows=10068 [doris-1:f:up doris-2:M:up doris-3:f:up]
03:28:15 #31 OK SELECT id=3684610 via doris-1 rows=10069 [doris-1:f:up doris-2:M:up doris-3:f:up]
03:28:15 EVENT break: fe crash on doris-2 (FE master)
03:28:16 #32 OK SELECT id=3684610 via doris-1 rows=10069 [doris-1:f:up doris-2:M:up doris-3:f:up]
03:28:22 #33 OK SELECT id=3684610 via doris-1 rows=10068 [?]
03:28:23 #34 OK SELECT id=3684610 via doris-1 rows=10068 [doris-1:f:up doris-2:f:DOWN doris-3:M:up]
03:28:24 #35 OK SELECT id=3684610 via doris-1 rows=10068 [doris-1:f:up doris-2:f:DOWN doris-3:M:up]
03:28:26 #36 OK SELECT id=3684610 via doris-1 rows=10068 [doris-1:f:up doris-2:f:DOWN doris-3:M:up]
03:28:28 #37 OK SELECT id=3684610 via doris-1 rows=10069 [doris-1:f:up doris-2:f:DOWN doris-3:M:up]
03:28:29 #38 OK SELECT id=3684610 via doris-1 rows=10070 [doris-1:f:up doris-2:f:DOWN doris-3:M:up]
03:28:30 #39 OK SELECT id=3684610 via doris-1 rows=10070 [doris-1:f:up doris-2:f:DOWN doris-3:M:up]
03:28:31 #40 OK SELECT id=3684610 via doris-1 rows=10069 [doris-1:f:up doris-2:f:DOWN doris-3:M:up]
03:28:32 #41 OK SELECT id=3684610 via doris-1 rows=10068 [doris-1:f:up doris-2:f:DOWN doris-3:M:up]
03:28:33 #42 OK SELECT id=3684610 via doris-1 rows=10069 [doris-1:f:up doris-2:f:DOWN doris-3:M:up]
03:28:33 EVENT recovered: fe restarted by systemd on doris-2 (+9s)
03:28:34 #43 OK SELECT id=3684610 via doris-1 rows=10070 [doris-1:f:up doris-2:f:DOWN doris-3:M:up]
03:28:35 #44 OK SELECT id=3684610 via doris-1 rows=10070 [doris-1:f:up doris-2:f:DOWN doris-3:M:up]
03:28:36 #45 OK SELECT id=3684610 via doris-1 rows=10069 [doris-1:f:up doris-2:f:DOWN doris-3:M:up]
03:28:37 #46 OK SELECT id=3684610 via doris-1 rows=10068 [doris-1:f:up doris-2:f:DOWN doris-3:M:up]
03:28:38 #47 OK SELECT id=3684610 via doris-1 rows=10069 [doris-1:f:up doris-2:f:DOWN doris-3:M:up]
03:28:40 #48 OK SELECT id=3684610 via doris-1 rows=10070 [doris-1:f:up doris-2:f:DOWN doris-3:M:up]
03:28:41 #49 OK SELECT id=3684610 via doris-1 rows=10070 [doris-1:f:up doris-2:f:DOWN doris-3:M:up]
03:28:42 #50 OK SELECT id=3684610 via doris-1 rows=10069 [doris-1:f:up doris-2:f:DOWN doris-3:M:up]
03:28:43 #51 OK SELECT id=3684610 via doris-1 rows=10068 [doris-1:f:up doris-2:f:DOWN doris-3:M:up]
03:28:44 #52 OK SELECT id=3684610 via doris-1 rows=10068 [doris-1:f:up doris-2:f:up doris-3:M:up]
03:28:45 #53 OK SELECT id=3684610 via doris-1 rows=10068 [doris-1:f:up doris-2:f:up doris-3:M:up]
03:28:46 #54 OK SELECT id=3684610 via doris-1 rows=10068 [doris-1:f:up doris-2:f:up doris-3:M:up]
03:28:47 #55 OK SELECT id=3684610 via doris-1 rows=10068 [doris-1:f:up doris-2:f:up doris-3:M:up]
03:28:48 #56 OK SELECT id=3684610 via doris-1 rows=10068 [doris-1:f:up doris-2:f:up doris-3:M:up]
03:28:49 #57 OK SELECT id=3684610 via doris-1 rows=10068 [doris-1:f:up doris-2:f:up doris-3:M:up]
03:28:50 #58 OK SELECT id=3684610 via doris-1 rows=10068 [doris-1:f:up doris-2:f:up doris-3:M:up]
03:28:52 #59 OK SELECT id=3684610 via doris-1 rows=10068 [doris-1:f:up doris-2:f:up doris-3:M:up]
03:28:53 #60 OK SELECT id=3684610 via doris-1 rows=10070 [doris-1:f:up doris-2:f:up doris-3:M:up]
03:28:54 #61 OK SELECT id=3684610 via doris-1 rows=10071 [doris-1:f:up doris-2:f:up doris-3:M:up]
03:28:55 #62 OK SELECT id=3684610 via doris-1 rows=10072 [doris-1:f:up doris-2:f:up doris-3:M:up]
03:28:56 #63 OK SELECT id=3684610 via doris-1 rows=10072 [doris-1:f:up doris-2:f:up doris-3:M:up]
03:28:57 #64 OK SELECT id=3684610 via doris-1 rows=10071 [doris-1:f:up doris-2:f:up doris-3:M:up]
03:28:58 #65 OK SELECT id=3684610 via doris-1 rows=10070 [doris-1:f:up doris-2:f:up doris-3:M:up]
03:28:59 #66 OK SELECT id=3684610 via doris-1 rows=10071 [doris-1:f:up doris-2:f:up doris-3:M:up]
03:29:00 #67 OK SELECT id=3684610 via doris-1 rows=10072 [doris-1:f:up doris-2:f:up doris-3:M:up]
03:29:01 #68 OK SELECT id=3684610 via doris-1 rows=10072 [doris-1:f:up doris-2:f:up doris-3:M:up]
03:29:02 #69 OK SELECT id=3684610 via doris-1 rows=10071 [doris-1:f:up doris-2:f:up doris-3:M:up]
03:29:03 #70 OK SELECT id=3684610 via doris-1 rows=10071 [doris-1:f:up doris-2:f:up doris-3:M:up]
03:29:05 #71 OK SELECT id=3684610 via doris-1 rows=10071 [doris-1:f:up doris-2:f:up doris-3:M:up]
03:29:06 #72 OK SELECT id=3684610 via doris-1 rows=10071 [doris-1:f:up doris-2:f:up doris-3:M:up]
03:29:07 #73 OK SELECT id=3684610 via doris-1 rows=10072 [doris-1:f:up doris-2:f:up doris-3:M:up]
03:29:08 #74 OK SELECT id=3684610 via doris-1 rows=10071 [doris-1:f:up doris-2:f:up doris-3:M:up]
03:29:09 #75 OK SELECT id=3684610 via doris-1 rows=10071 [doris-1:f:up doris-2:f:up doris-3:M:up]
03:29:10 #76 OK SELECT id=3684610 via doris-1 rows=10071 [doris-1:f:up doris-2:f:up doris-3:M:up]
03:29:11 #77 OK SELECT id=3684610 via doris-1 rows=10071 [doris-1:f:up doris-2:f:up doris-3:M:up]
03:29:12 #78 OK SELECT id=3684610 via doris-1 rows=10072 [doris-1:f:up doris-2:f:up doris-3:M:up]
03:29:13 #79 OK SELECT id=3684610 via doris-1 rows=10071 [doris-1:f:up doris-2:f:up doris-3:M:up]
03:29:14 #80 OK SELECT id=3684610 via doris-1 rows=10071 [doris-1:f:up doris-2:f:up doris-3:M:up]
03:29:15 #81 OK SELECT id=3684610 via doris-1 rows=10071 [doris-1:f:up doris-2:f:up doris-3:M:up]
03:29:16 #82 OK SELECT id=3684610 via doris-1 rows=10071 [doris-1:f:up doris-2:f:up doris-3:M:up]
03:29:18 #83 OK SELECT id=3684610 via doris-1 rows=10072 [doris-1:f:up doris-2:f:up doris-3:M:up]
03:29:19 #84 OK SELECT id=3684610 via doris-1 rows=10071 [doris-1:f:up doris-2:f:up doris-3:M:up]
03:29:20 #85 OK SELECT id=3684610 via doris-1 rows=10071 [doris-1:f:up doris-2:f:up doris-3:M:up]
03:29:21 #86 OK SELECT id=3684610 via doris-1 rows=10071 [doris-1:f:up doris-2:f:up doris-3:M:up]
03:29:22 #87 OK SELECT id=3684610 via doris-1 rows=10071 [doris-1:f:up doris-2:f:up doris-3:M:up]
03:29:23 #88 OK SELECT id=3684610 via doris-1 rows=10072 [doris-1:f:up doris-2:f:up doris-3:M:up]
03:29:24 #89 OK SELECT id=3684610 via doris-1 rows=10071 [doris-1:f:up doris-2:f:up doris-3:M:up]
03:29:25 #90 OK SELECT id=3684610 via doris-1 rows=10071 [doris-1:f:up doris-2:f:up doris-3:M:up]
03:29:26 #91 OK SELECT id=3684610 via doris-1 rows=10071 [doris-1:f:up doris-2:f:up doris-3:M:up]
03:29:27 #92 OK SELECT id=3684610 via doris-1 rows=10071 [doris-1:f:up doris-2:f:up doris-3:M:up]
03:29:28 #93 OK SELECT id=3684610 via doris-1 rows=10072 [doris-1:f:up doris-2:f:up doris-3:M:up]
03:29:29 #94 OK SELECT id=3684610 via doris-1 rows=10071 [doris-1:f:up doris-2:f:up doris-3:M:up]
03:29:30 #95 OK SELECT id=3684610 via doris-1 rows=10071 [doris-1:f:up doris-2:f:up doris-3:M:up]
03:29:32 #96 OK SELECT id=3684610 via doris-1 rows=10071 [doris-1:f:up doris-2:f:up doris-3:M:up]
03:29:33 #97 OK SELECT id=3684610 via doris-1 rows=10071 [doris-1:f:up doris-2:f:up doris-3:M:up]
03:29:34 #98 OK SELECT id=3684610 via doris-1 rows=10072 [doris-1:f:up doris-2:f:up doris-3:M:up]
03:29:35 #99 OK SELECT id=3684610 via doris-1 rows=10071 [doris-1:f:up doris-2:f:up doris-3:M:up]
03:29:36 #100 OK SELECT id=3684610 via doris-1 rows=10071 [doris-1:f:up doris-2:f:up doris-3:M:up]
03:29:37 #101 OK SELECT id=3684610 via doris-1 rows=10071 [doris-1:f:up doris-2:f:up doris-3:M:up]
03:29:38 #102 OK SELECT id=3684610 via doris-1 rows=10071 [doris-1:f:up doris-2:f:up doris-3:M:up]
03:29:39 #103 OK SELECT id=3684610 via doris-1 rows=10072 [doris-1:f:up doris-2:f:up doris-3:M:up]
03:29:40 #104 OK SELECT id=3684610 via doris-1 rows=10071 [doris-1:f:up doris-2:f:up doris-3:M:up]
03:29:41 #105 OK SELECT id=3684610 via doris-1 rows=10071 [doris-1:f:up doris-2:f:up doris-3:M:up]
03:29:42 #106 OK SELECT id=3684610 via doris-1 rows=10071 [doris-1:f:up doris-2:f:up doris-3:M:up]
03:29:43 #107 OK SELECT id=3684610 via doris-1 rows=10071 [doris-1:f:up doris-2:f:up doris-3:M:up]
03:29:44 #108 OK SELECT id=3684610 via doris-1 rows=10072 [doris-1:f:up doris-2:f:up doris-3:M:up]
03:29:45 #109 OK SELECT id=3684610 via doris-1 rows=10072 [doris-1:f:up doris-2:f:up doris-3:M:up]
03:29:47 #110 OK SELECT id=3684610 via doris-1 rows=10071 [doris-1:f:up doris-2:f:up doris-3:M:up]
03:29:48 #111 OK SELECT id=3684610 via doris-1 rows=10070 [doris-1:f:up doris-2:f:up doris-3:M:up]
03:29:49 #112 OK SELECT id=3684610 via doris-1 rows=10071 [doris-1:f:up doris-2:f:up doris-3:M:up]
03:29:50 #113 OK SELECT id=3684610 via doris-1 rows=10072 [doris-1:f:up doris-2:f:up doris-3:M:up]
03:29:51 #114 OK SELECT id=3684610 via doris-1 rows=10072 [doris-1:f:up doris-2:f:up doris-3:M:up]
03:29:52 #115 OK SELECT id=3684610 via doris-1 rows=10071 [doris-1:f:up doris-2:f:up doris-3:M:up]
03:29:53 #116 OK SELECT id=3684610 via doris-1 rows=10070 [doris-1:f:up doris-2:f:up doris-3:M:up]
03:29:54 #117 OK SELECT id=3684610 via doris-1 rows=10071 [doris-1:f:up doris-2:f:up doris-3:M:up]
03:29:55 #118 OK SELECT id=3684610 via doris-1 rows=10072 [doris-1:f:up doris-2:f:up doris-3:M:up]
03:29:56 #119 OK SELECT id=3684610 via doris-1 rows=10072 [doris-1:f:up doris-2:f:up doris-3:M:up]
03:29:57 #120 OK SELECT id=3684610 via doris-1 rows=10071 [doris-1:f:up doris-2:f:up doris-3:M:up]
03:29:58 #121 OK SELECT id=3684610 via doris-1 rows=10070 [doris-1:f:up doris-2:f:up doris-3:M:up]
03:29:59 #122 OK SELECT id=3684610 via doris-1 rows=10071 [doris-1:f:up doris-2:f:up doris-3:M:up]
03:30:00 #123 OK SELECT id=3684610 via doris-1 rows=10072 [doris-1:f:up doris-2:f:up doris-3:M:up]
03:30:02 #124 OK SELECT id=3684610 via doris-1 rows=10072 [doris-1:f:up doris-2:f:up doris-3:M:up]
03:30:03 #125 OK SELECT id=3684610 via doris-1 rows=10071 [doris-1:f:up doris-2:f:up doris-3:M:up]
03:30:04 #126 OK SELECT id=3684610 via doris-1 rows=10070 [doris-1:f:up doris-2:f:up doris-3:M:up]
03:30:05 #127 OK SELECT id=3684610 via doris-1 rows=10071 [doris-1:f:up doris-2:f:up doris-3:M:up]
03:30:06 #128 OK SELECT id=3684610 via doris-1 rows=10072 [doris-1:f:up doris-2:f:up doris-3:M:up]
03:30:07 #129 OK SELECT id=3684610 via doris-1 rows=10072 [doris-1:f:up doris-2:f:up doris-3:M:up]
03:30:08 #130 OK SELECT id=3684610 via doris-1 rows=10071 [doris-1:f:up doris-2:f:up doris-3:M:up]
03:30:09 #131 OK SELECT id=3684610 via doris-1 rows=10070 [doris-1:f:up doris-2:f:up doris-3:M:up]
03:30:10 #132 OK SELECT id=3684610 via doris-1 rows=10071 [doris-1:f:up doris-2:f:up doris-3:M:up]
03:30:10 EVENT restore: verify fe on doris-2
03:30:11 #133 OK SELECT id=3684610 via doris-1 rows=10072 [doris-1:f:up doris-2:f:up doris-3:M:up]
03:30:12 #134 OK SELECT id=3684610 via doris-1 rows=10072 [doris-1:f:up doris-2:f:up doris-3:M:up]
03:30:13 #135 OK SELECT id=3684610 via doris-1 rows=10071 [doris-1:f:up doris-2:f:up doris-3:M:up]
03:30:14 #136 OK SELECT id=3684610 via doris-1 rows=10070 [doris-1:f:up doris-2:f:up doris-3:M:up]
03:30:15 #137 OK SELECT id=3684610 via doris-1 rows=10071 [doris-1:f:up doris-2:f:up doris-3:M:up]
03:30:16 EVENT restore: cluster healthy
03:30:17 #138 OK SELECT id=3684610 via doris-1 rows=10072 [doris-1:f:up doris-2:f:up doris-3:M:up]
03:30:18 #139 OK SELECT id=3684610 via doris-1 rows=10072 [doris-1:f:up doris-2:f:up doris-3:M:up]
03:30:19 #140 OK SELECT id=3684610 via doris-1 rows=10071 [doris-1:f:up doris-2:f:up doris-3:M:up]
03:30:20 #141 OK SELECT id=3684610 via doris-1 rows=10070 [doris-1:f:up doris-2:f:up doris-3:M:up]
03:30:21 #142 OK SELECT id=3684610 via doris-1 rows=10071 [doris-1:f:up doris-2:f:up doris-3:M:up]
03:30:22 #143 OK SELECT id=3684610 via doris-1 rows=10072 [doris-1:f:up doris-2:f:up doris-3:M:up]
03:30:23 #144 OK SELECT id=3684610 via doris-1 rows=10072 [doris-1:f:up doris-2:f:up doris-3:M:up]
03:30:24 #145 OK SELECT id=3684610 via doris-1 rows=10071 [doris-1:f:up doris-2:f:up doris-3:M:up]
03:30:25 #146 OK SELECT id=3684610 via doris-1 rows=10070 [doris-1:f:up doris-2:f:up doris-3:M:up]
03:30:26 #147 OK SELECT id=3684610 via doris-1 rows=10071 [doris-1:f:up doris-2:f:up doris-3:M:up]
03:30:27 #148 OK SELECT id=3684610 via doris-1 rows=10072 [doris-1:f:up doris-2:f:up doris-3:M:up]
03:30:28 #149 OK SELECT id=3684610 via doris-1 rows=10072 [doris-1:f:up doris-2:f:up doris-3:M:up]
03:30:29 #150 OK SELECT id=3684610 via doris-1 rows=10071 [doris-1:f:up doris-2:f:up doris-3:M:up]
03:30:30 #151 OK SELECT id=3684610 via doris-1 rows=10070 [doris-1:f:up doris-2:f:up doris-3:M:up]
03:30:31 #152 OK SELECT id=3684610 via doris-1 rows=10071 [doris-1:f:up doris-2:f:up doris-3:M:up]
03:30:33 #153 OK SELECT id=3684610 via doris-1 rows=10072 [doris-1:f:up doris-2:f:up doris-3:M:up]
03:30:34 #154 OK SELECT id=3684610 via doris-1 rows=10072 [doris-1:f:up doris-2:f:up doris-3:M:up]
03:30:35 #155 OK SELECT id=3684610 via doris-1 rows=10071 [doris-1:f:up doris-2:f:up doris-3:M:up]
03:30:36 #156 OK SELECT id=3684610 via doris-1 rows=10070 [doris-1:f:up doris-2:f:up doris-3:M:up]
03:30:37 #157 OK SELECT id=3684610 via doris-1 rows=10071 [doris-1:f:up doris-2:f:up doris-3:M:up]
03:30:38 #158 OK SELECT id=3684610 via doris-1 rows=10072 [doris-1:f:up doris-2:f:up doris-3:M:up]
03:30:39 #159 OK SELECT id=3684610 via doris-1 rows=10072 [doris-1:f:up doris-2:f:up doris-3:M:up]
03:30:40 #160 OK SELECT id=3684610 via doris-1 rows=10071 [doris-1:f:up doris-2:f:up doris-3:M:up]
03:30:41 #161 OK SELECT id=3684610 via doris-1 rows=10070 [doris-1:f:up doris-2:f:up doris-3:M:up]
03:30:42 #162 OK SELECT id=3684610 via doris-1 rows=10071 [doris-1:f:up doris-2:f:up doris-3:M:up]
03:30:43 #163 OK SELECT id=3684610 via doris-1 rows=10072 [doris-1:f:up doris-2:f:up doris-3:M:up]
03:30:44 #164 OK SELECT id=3684610 via doris-1 rows=10072 [doris-1:f:up doris-2:f:up doris-3:M:up]
03:30:45 #165 OK SELECT id=3684610 via doris-1 rows=10071 [doris-1:f:up doris-2:f:up doris-3:M:up]
