03:14:59 PROBE start proto=arrow-flight hosts=doris-2,doris-1,doris-3 duration=86400s cycle=INSERT>UPSERT>SELECT>DELETE>SELECT
03:15:00 connected to doris-2 (10.140.0.3)
03:15:00 #1 OK INSERT id=3676990 via doris-2 rows=10067 [doris-1:f:up doris-2:M:up doris-3:f:up]
03:15:02 #2 OK UPSERT id=3676990 via doris-2 rows=10067 [doris-1:f:up doris-2:M:up doris-3:f:up]
03:15:03 #3 OK SELECT id=3676990 via doris-2 rows=10066 [doris-1:f:up doris-2:M:up doris-3:f:up]
03:15:04 #4 OK DELETE id=3676990 via doris-2 rows=10064 [doris-1:f:up doris-2:M:up doris-3:f:up]
03:15:05 #5 OK SELECT id=3676990 via doris-2 rows=10065 [doris-1:f:up doris-2:M:up doris-3:f:up]
03:15:06 #6 OK INSERT id=3676991 via doris-2 rows=10067 [doris-1:f:up doris-2:M:up doris-3:f:up]
03:15:07 #7 OK UPSERT id=3676991 via doris-2 rows=10067 [doris-1:f:up doris-2:M:up doris-3:f:up]
03:15:08 #8 OK SELECT id=3676991 via doris-2 rows=10066 [doris-1:f:up doris-2:M:up doris-3:f:up]
03:15:09 #9 OK DELETE id=3676991 via doris-2 rows=10064 [doris-1:f:up doris-2:M:up doris-3:f:up]
03:15:11 #10 OK SELECT id=3676991 via doris-2 rows=10065 [doris-1:f:up doris-2:M:up doris-3:f:up]
03:15:12 #11 OK INSERT id=3676992 via doris-2 rows=10067 [doris-1:f:up doris-2:M:up doris-3:f:up]
03:15:13 #12 OK UPSERT id=3676992 via doris-2 rows=10067 [doris-1:f:up doris-2:M:up doris-3:f:up]
03:15:14 #13 OK SELECT id=3676992 via doris-2 rows=10066 [doris-1:f:up doris-2:M:up doris-3:f:up]
03:15:15 #14 OK DELETE id=3676992 via doris-2 rows=10064 [doris-1:f:up doris-2:M:up doris-3:f:up]
03:15:16 #15 OK SELECT id=3676992 via doris-2 rows=10066 [doris-1:f:up doris-2:M:up doris-3:f:up]
03:15:17 #16 OK INSERT id=3676993 via doris-2 rows=10067 [doris-1:f:up doris-2:M:up doris-3:f:up]
03:15:18 #17 OK UPSERT id=3676993 via doris-2 rows=10067 [doris-1:f:up doris-2:M:up doris-3:f:up]
03:15:19 #18 OK SELECT id=3676993 via doris-2 rows=10065 [doris-1:f:up doris-2:M:up doris-3:f:up]
03:15:21 #19 OK DELETE id=3676993 via doris-2 rows=10064 [doris-1:f:up doris-2:M:up doris-3:f:up]
03:15:22 #20 OK SELECT id=3676993 via doris-2 rows=10066 [doris-1:f:up doris-2:M:up doris-3:f:up]
03:15:23 #21 OK INSERT id=3676994 via doris-2 rows=10067 [doris-1:f:up doris-2:M:up doris-3:f:up]
03:15:24 #22 OK UPSERT id=3676994 via doris-2 rows=10067 [doris-1:f:up doris-2:M:up doris-3:f:up]
03:15:25 #23 OK SELECT id=3676994 via doris-2 rows=10065 [doris-1:f:up doris-2:M:up doris-3:f:up]
03:15:26 #24 OK DELETE id=3676994 via doris-2 rows=10064 [doris-1:f:up doris-2:M:up doris-3:f:up]
03:15:27 #25 OK SELECT id=3676994 via doris-2 rows=10066 [doris-1:f:up doris-2:M:up doris-3:f:up]
03:15:28 #26 OK INSERT id=3676995 via doris-2 rows=10067 [doris-1:f:up doris-2:M:up doris-3:f:up]
03:15:29 #27 OK UPSERT id=3676995 via doris-2 rows=10067 [doris-1:f:up doris-2:M:up doris-3:f:up]
03:15:31 #28 OK SELECT id=3676995 via doris-2 rows=10065 [doris-1:f:up doris-2:M:up doris-3:f:up]
03:15:32 #29 OK DELETE id=3676995 via doris-2 rows=10064 [doris-1:f:up doris-2:M:up doris-3:f:up]
03:15:33 #30 OK SELECT id=3676995 via doris-2 rows=10066 [doris-1:f:up doris-2:M:up doris-3:f:up]
03:15:33 EVENT break: vm stop on doris-2 (FE master)
03:15:34 #31 OK INSERT id=3676996 via doris-2 rows=10067 [doris-1:f:up doris-2:M:up doris-3:f:up]
03:15:35 #32 OK UPSERT id=3676996 via doris-2 rows=10067 [doris-1:f:up doris-2:M:up doris-3:f:up]
03:15:36 #33 OK SELECT id=3676996 via doris-2 rows=10065 [doris-1:f:up doris-2:M:up doris-3:f:up]
03:15:37 #34 FAIL DELETE id=3676996 via doris-2: OperationalError: IO: [FlightSQL] connection error: desc = "transport: Error while dialing: dial tcp 10.140.0.3:8070: connect: c
03:15:37 #34 OK SELECT(check) id=1 via doris-1
03:15:38 connected to doris-1 (10.140.0.2)
03:15:38 DML unsupported over arrow-flight (InternalError: RuntimeException, msg: getMysqlChannel not in mysql connection (Internal; ExecuteQuery)) — switching to SELECT-only mode
03:15:38 #35 OK SELECT id=3676997 via doris-1 rows=10065 [doris-1:f:up doris-2:f:DOWN doris-3:M:up] (recovered)
03:15:40 #36 OK SELECT id=3676997 via doris-1 rows=10065 [doris-1:f:up doris-2:f:DOWN doris-3:M:up]
03:15:41 #37 OK SELECT id=3676997 via doris-1 rows=10065 [doris-1:f:up doris-2:f:DOWN doris-3:M:up]
03:15:43 #38 OK SELECT id=3676997 via doris-1 rows=10067 [doris-1:f:up doris-2:f:DOWN doris-3:M:up]
03:15:44 #39 OK SELECT id=3676997 via doris-1 rows=10067 [doris-1:f:up doris-2:f:DOWN doris-3:M:up]
03:15:45 #40 OK SELECT id=3676997 via doris-1 rows=10065 [doris-1:f:up doris-2:f:DOWN doris-3:M:up]
03:15:46 #41 OK SELECT id=3676997 via doris-1 rows=10065 [doris-1:f:up doris-2:f:DOWN doris-3:M:up]
03:15:47 #42 OK SELECT id=3676997 via doris-1 rows=10067 [doris-1:f:up doris-2:f:DOWN doris-3:M:up]
03:15:48 #43 OK SELECT id=3676997 via doris-1 rows=10067 [doris-1:f:up doris-2:f:DOWN doris-3:M:up]
03:15:49 #44 OK SELECT id=3676997 via doris-1 rows=10067 [doris-1:f:up doris-2:f:DOWN doris-3:M:up]
03:15:50 #45 OK SELECT id=3676997 via doris-1 rows=10067 [doris-1:f:up doris-2:f:DOWN doris-3:M:up]
03:15:51 #46 OK SELECT id=3676997 via doris-1 rows=10065 [doris-1:f:up doris-2:f:DOWN doris-3:M:up]
03:15:52 #47 OK SELECT id=3676997 via doris-1 rows=10065 [doris-1:f:up doris-2:f:DOWN doris-3:M:up]
03:15:53 #48 OK SELECT id=3676997 via doris-1 rows=10067 [doris-1:f:up doris-2:f:DOWN doris-3:M:up]
03:15:54 #49 OK SELECT id=3676997 via doris-1 rows=10067 [doris-1:f:up doris-2:f:DOWN doris-3:M:up]
03:15:55 #50 OK SELECT id=3676997 via doris-1 rows=10067 [doris-1:f:up doris-2:f:DOWN doris-3:M:up]
03:15:57 #51 OK SELECT id=3676997 via doris-1 rows=10065 [doris-1:f:up doris-2:f:DOWN doris-3:M:up]
03:15:58 #52 OK SELECT id=3676997 via doris-1 rows=10065 [doris-1:f:up doris-2:f:DOWN doris-3:M:up]
03:15:59 #53 OK SELECT id=3676997 via doris-1 rows=10067 [doris-1:f:up doris-2:f:DOWN doris-3:M:up]
03:16:00 #54 OK SELECT id=3676997 via doris-1 rows=10067 [doris-1:f:up doris-2:f:DOWN doris-3:M:up]
03:16:01 #55 OK SELECT id=3676997 via doris-1 rows=10067 [doris-1:f:up doris-2:f:DOWN doris-3:M:up]
03:16:02 #56 OK SELECT id=3676997 via doris-1 rows=10066 [doris-1:f:up doris-2:f:DOWN doris-3:M:up]
03:16:03 #57 OK SELECT id=3676997 via doris-1 rows=10066 [doris-1:f:up doris-2:f:DOWN doris-3:M:up]
03:16:04 #58 OK SELECT id=3676997 via doris-1 rows=10067 [doris-1:f:up doris-2:f:DOWN doris-3:M:up]
03:16:05 #59 OK SELECT id=3676997 via doris-1 rows=10066 [doris-1:f:up doris-2:f:DOWN doris-3:M:up]
03:16:06 #60 OK SELECT id=3676997 via doris-1 rows=10066 [doris-1:f:up doris-2:f:DOWN doris-3:M:up]
03:16:06 EVENT break: doris-2 is down
03:16:07 #61 OK SELECT id=3676997 via doris-1 rows=10066 [doris-1:f:up doris-2:f:DOWN doris-3:M:up]
03:16:08 #62 OK SELECT id=3676997 via doris-1 rows=10066 [doris-1:f:up doris-2:f:DOWN doris-3:M:up]
03:16:09 #63 OK SELECT id=3676997 via doris-1 rows=10067 [doris-1:f:up doris-2:f:DOWN doris-3:M:up]
03:16:10 #64 OK SELECT id=3676997 via doris-1 rows=10066 [doris-1:f:up doris-2:f:DOWN doris-3:M:up]
03:16:11 #65 OK SELECT id=3676997 via doris-1 rows=10066 [doris-1:f:up doris-2:f:DOWN doris-3:M:up]
03:16:12 #66 OK SELECT id=3676997 via doris-1 rows=10066 [doris-1:f:up doris-2:f:DOWN doris-3:M:up]
03:16:13 #67 OK SELECT id=3676997 via doris-1 rows=10066 [doris-1:f:up doris-2:f:DOWN doris-3:M:up]
03:16:15 #68 OK SELECT id=3676997 via doris-1 rows=10067 [doris-1:f:up doris-2:f:DOWN doris-3:M:up]
03:16:16 #69 OK SELECT id=3676997 via doris-1 rows=10066 [doris-1:f:up doris-2:f:DOWN doris-3:M:up]
03:16:17 #70 OK SELECT id=3676997 via doris-1 rows=10066 [doris-1:f:up doris-2:f:DOWN doris-3:M:up]
03:16:18 #71 OK SELECT id=3676997 via doris-1 rows=10066 [doris-1:f:up doris-2:f:DOWN doris-3:M:up]
03:16:19 #72 OK SELECT id=3676997 via doris-1 rows=10066 [doris-1:f:up doris-2:f:DOWN doris-3:M:up]
03:16:20 #73 OK SELECT id=3676997 via doris-1 rows=10067 [doris-1:f:up doris-2:f:DOWN doris-3:M:up]
03:16:21 #74 OK SELECT id=3676997 via doris-1 rows=10067 [doris-1:f:up doris-2:f:DOWN doris-3:M:up]
03:16:22 #75 OK SELECT id=3676997 via doris-1 rows=10067 [doris-1:f:up doris-2:f:DOWN doris-3:M:up]
03:16:23 #76 OK SELECT id=3676997 via doris-1 rows=10066 [doris-1:f:up doris-2:f:DOWN doris-3:M:up]
03:16:24 #77 OK SELECT id=3676997 via doris-1 rows=10065 [doris-1:f:up doris-2:f:DOWN doris-3:M:up]
03:16:25 #78 OK SELECT id=3676997 via doris-1 rows=10066 [doris-1:f:up doris-2:f:DOWN doris-3:M:up]
03:16:26 #79 OK SELECT id=3676997 via doris-1 rows=10067 [doris-1:f:up doris-2:f:DOWN doris-3:M:up]
03:16:27 #80 OK SELECT id=3676997 via doris-1 rows=10067 [doris-1:f:up doris-2:f:DOWN doris-3:M:up]
03:16:28 #81 OK SELECT id=3676997 via doris-1 rows=10066 [doris-1:f:up doris-2:f:DOWN doris-3:M:up]
03:16:29 #82 OK SELECT id=3676997 via doris-1 rows=10065 [doris-1:f:up doris-2:f:DOWN doris-3:M:up]
03:16:30 #83 OK SELECT id=3676997 via doris-1 rows=10066 [doris-1:f:up doris-2:f:DOWN doris-3:M:up]
03:16:31 #84 OK SELECT id=3676997 via doris-1 rows=10067 [doris-1:f:up doris-2:f:DOWN doris-3:M:up]
03:16:32 #85 OK SELECT id=3676997 via doris-1 rows=10067 [doris-1:f:up doris-2:f:DOWN doris-3:M:up]
03:16:34 #86 OK SELECT id=3676997 via doris-1 rows=10066 [doris-1:f:up doris-2:f:DOWN doris-3:M:up]
03:16:35 #87 OK SELECT id=3676997 via doris-1 rows=10065 [doris-1:f:up doris-2:f:DOWN doris-3:M:up]
03:16:36 #88 OK SELECT id=3676997 via doris-1 rows=10066 [doris-1:f:up doris-2:f:DOWN doris-3:M:up]
03:16:37 #89 OK SELECT id=3676997 via doris-1 rows=10067 [doris-1:f:up doris-2:f:DOWN doris-3:M:up]
03:16:38 #90 OK SELECT id=3676997 via doris-1 rows=10067 [doris-1:f:up doris-2:f:DOWN doris-3:M:up]
03:16:39 #91 OK SELECT id=3676997 via doris-1 rows=10066 [doris-1:f:up doris-2:f:DOWN doris-3:M:up]
03:16:40 #92 OK SELECT id=3676997 via doris-1 rows=10065 [doris-1:f:up doris-2:f:DOWN doris-3:M:up]
03:16:41 #93 OK SELECT id=3676997 via doris-1 rows=10066 [doris-1:f:up doris-2:f:DOWN doris-3:M:up]
03:16:42 #94 OK SELECT id=3676997 via doris-1 rows=10066 [doris-1:f:up doris-2:f:DOWN doris-3:M:up]
03:16:43 #95 OK SELECT id=3676997 via doris-1 rows=10066 [doris-1:f:up doris-2:f:DOWN doris-3:M:up]
03:16:44 #96 OK SELECT id=3676997 via doris-1 rows=10066 [doris-1:f:up doris-2:f:DOWN doris-3:M:up]
03:16:45 #97 OK SELECT id=3676997 via doris-1 rows=10066 [doris-1:f:up doris-2:f:DOWN doris-3:M:up]
03:16:46 #98 OK SELECT id=3676997 via doris-1 rows=10066 [doris-1:f:up doris-2:f:DOWN doris-3:M:up]
03:16:47 #99 OK SELECT id=3676997 via doris-1 rows=10067 [doris-1:f:up doris-2:f:DOWN doris-3:M:up]
03:16:48 #100 OK SELECT id=3676997 via doris-1 rows=10066 [doris-1:f:up doris-2:f:DOWN doris-3:M:up]
03:16:49 #101 OK SELECT id=3676997 via doris-1 rows=10066 [doris-1:f:up doris-2:f:DOWN doris-3:M:up]
03:16:50 #102 OK SELECT id=3676997 via doris-1 rows=10066 [doris-1:f:up doris-2:f:DOWN doris-3:M:up]
03:16:51 #103 OK SELECT id=3676997 via doris-1 rows=10066 [doris-1:f:up doris-2:f:DOWN doris-3:M:up]
03:16:53 #104 OK SELECT id=3676997 via doris-1 rows=10067 [doris-1:f:up doris-2:f:DOWN doris-3:M:up]
03:16:54 #105 OK SELECT id=3676997 via doris-1 rows=10066 [doris-1:f:up doris-2:f:DOWN doris-3:M:up]
03:16:55 #106 OK SELECT id=3676997 via doris-1 rows=10066 [doris-1:f:up doris-2:f:DOWN doris-3:M:up]
03:16:56 #107 OK SELECT id=3676997 via doris-1 rows=10066 [doris-1:f:up doris-2:f:DOWN doris-3:M:up]
03:16:57 #108 OK SELECT id=3676997 via doris-1 rows=10066 [doris-1:f:up doris-2:f:DOWN doris-3:M:up]
03:16:58 #109 OK SELECT id=3676997 via doris-1 rows=10067 [doris-1:f:up doris-2:f:DOWN doris-3:M:up]
03:16:59 #110 OK SELECT id=3676997 via doris-1 rows=10066 [doris-1:f:up doris-2:f:DOWN doris-3:M:up]
03:17:00 #111 OK SELECT id=3676997 via doris-1 rows=10066 [doris-1:f:up doris-2:f:DOWN doris-3:M:up]
03:17:01 #112 OK SELECT id=3676997 via doris-1 rows=10066 [doris-1:f:up doris-2:f:DOWN doris-3:M:up]
03:17:02 #113 OK SELECT id=3676997 via doris-1 rows=10066 [doris-1:f:up doris-2:f:DOWN doris-3:M:up]
03:17:03 #114 OK SELECT id=3676997 via doris-1 rows=10067 [doris-1:f:up doris-2:f:DOWN doris-3:M:up]
03:17:04 #115 OK SELECT id=3676997 via doris-1 rows=10067 [doris-1:f:up doris-2:f:DOWN doris-3:M:up]
03:17:05 #116 OK SELECT id=3676997 via doris-1 rows=10067 [doris-1:f:up doris-2:f:DOWN doris-3:M:up]
03:17:06 #117 OK SELECT id=3676997 via doris-1 rows=10066 [doris-1:f:up doris-2:f:DOWN doris-3:M:up]
03:17:07 #118 OK SELECT id=3676997 via doris-1 rows=10065 [doris-1:f:up doris-2:f:DOWN doris-3:M:up]
03:17:08 #119 OK SELECT id=3676997 via doris-1 rows=10066 [doris-1:f:up doris-2:f:DOWN doris-3:M:up]
03:17:09 #120 OK SELECT id=3676997 via doris-1 rows=10067 [doris-1:f:up doris-2:f:DOWN doris-3:M:up]
03:17:10 #121 OK SELECT id=3676997 via doris-1 rows=10067 [doris-1:f:up doris-2:f:DOWN doris-3:M:up]
03:17:12 #122 OK SELECT id=3676997 via doris-1 rows=10066 [doris-1:f:up doris-2:f:DOWN doris-3:M:up]
03:17:13 #123 OK SELECT id=3676997 via doris-1 rows=10065 [doris-1:f:up doris-2:f:DOWN doris-3:M:up]
03:17:14 #124 OK SELECT id=3676997 via doris-1 rows=10066 [doris-1:f:up doris-2:f:DOWN doris-3:M:up]
03:17:15 #125 OK SELECT id=3676997 via doris-1 rows=10067 [doris-1:f:up doris-2:f:DOWN doris-3:M:up]
03:17:16 #126 OK SELECT id=3676997 via doris-1 rows=10067 [doris-1:f:up doris-2:f:DOWN doris-3:M:up]
03:17:17 #127 OK SELECT id=3676997 via doris-1 rows=10066 [doris-1:f:up doris-2:f:DOWN doris-3:M:up]
03:17:18 #128 OK SELECT id=3676997 via doris-1 rows=10065 [doris-1:f:up doris-2:f:DOWN doris-3:M:up]
03:17:19 #129 OK SELECT id=3676997 via doris-1 rows=10066 [doris-1:f:up doris-2:f:DOWN doris-3:M:up]
03:17:20 #130 OK SELECT id=3676997 via doris-1 rows=10067 [doris-1:f:up doris-2:f:DOWN doris-3:M:up]
03:17:21 #131 OK SELECT id=3676997 via doris-1 rows=10067 [doris-1:f:up doris-2:f:DOWN doris-3:M:up]
03:17:22 #132 OK SELECT id=3676997 via doris-1 rows=10066 [doris-1:f:up doris-2:f:DOWN doris-3:M:up]
03:17:23 #133 OK SELECT id=3676997 via doris-1 rows=10066 [doris-1:f:up doris-2:f:DOWN doris-3:M:up]
03:17:24 #134 OK SELECT id=3676997 via doris-1 rows=10067 [doris-1:f:up doris-2:f:DOWN doris-3:M:up]
03:17:25 #135 OK SELECT id=3676997 via doris-1 rows=10067 [doris-1:f:up doris-2:f:DOWN doris-3:M:up]
03:17:26 #136 OK SELECT id=3676997 via doris-1 rows=10066 [doris-1:f:up doris-2:f:DOWN doris-3:M:up]
03:17:27 #137 OK SELECT id=3676997 via doris-1 rows=10065 [doris-1:f:up doris-2:f:DOWN doris-3:M:up]
03:17:28 #138 OK SELECT id=3676997 via doris-1 rows=10066 [doris-1:f:up doris-2:f:DOWN doris-3:M:up]
03:17:29 #139 OK SELECT id=3676997 via doris-1 rows=10067 [doris-1:f:up doris-2:f:DOWN doris-3:M:up]
03:17:31 #140 OK SELECT id=3676997 via doris-1 rows=10067 [doris-1:f:up doris-2:f:DOWN doris-3:M:up]
03:17:32 #141 OK SELECT id=3676997 via doris-1 rows=10066 [doris-1:f:up doris-2:f:DOWN doris-3:M:up]
03:17:33 #142 OK SELECT id=3676997 via doris-1 rows=10065 [doris-1:f:up doris-2:f:DOWN doris-3:M:up]
03:17:34 #143 OK SELECT id=3676997 via doris-1 rows=10066 [doris-1:f:up doris-2:f:DOWN doris-3:M:up]
03:17:35 #144 OK SELECT id=3676997 via doris-1 rows=10067 [doris-1:f:up doris-2:f:DOWN doris-3:M:up]
03:17:36 #145 OK SELECT id=3676997 via doris-1 rows=10067 [doris-1:f:up doris-2:f:DOWN doris-3:M:up]
03:17:37 #146 OK SELECT id=3676997 via doris-1 rows=10066 [doris-1:f:up doris-2:f:DOWN doris-3:M:up]
03:17:38 #147 OK SELECT id=3676997 via doris-1 rows=10065 [doris-1:f:up doris-2:f:DOWN doris-3:M:up]
03:17:39 #148 OK SELECT id=3676997 via doris-1 rows=10066 [doris-1:f:up doris-2:f:DOWN doris-3:M:up]
03:17:40 #149 OK SELECT id=3676997 via doris-1 rows=10067 [doris-1:f:up doris-2:f:DOWN doris-3:M:up]
03:17:41 #150 OK SELECT id=3676997 via doris-1 rows=10067 [doris-1:f:up doris-2:f:DOWN doris-3:M:up]
03:17:42 #151 OK SELECT id=3676997 via doris-1 rows=10066 [doris-1:f:up doris-2:f:DOWN doris-3:M:up]
03:17:43 EVENT restore: start doris-2
03:17:43 #152 OK SELECT id=3676997 via doris-1 rows=10065 [doris-1:f:up doris-2:f:DOWN doris-3:M:up]
03:17:44 #153 OK SELECT id=3676997 via doris-1 rows=10065 [doris-1:f:up doris-2:f:DOWN doris-3:M:up]
03:17:45 #154 OK SELECT id=3676997 via doris-1 rows=10066 [doris-1:f:up doris-2:f:DOWN doris-3:M:up]
03:17:46 #155 OK SELECT id=3676997 via doris-1 rows=10066 [doris-1:f:up doris-2:f:DOWN doris-3:M:up]
03:17:47 #156 OK SELECT id=3676997 via doris-1 rows=10067 [doris-1:f:up doris-2:f:DOWN doris-3:M:up]
03:17:48 #157 OK SELECT id=3676997 via doris-1 rows=10066 [doris-1:f:up doris-2:f:DOWN doris-3:M:up]
03:17:49 #158 OK SELECT id=3676997 via doris-1 rows=10066 [doris-1:f:up doris-2:f:DOWN doris-3:M:up]
03:17:51 #159 OK SELECT id=3676997 via doris-1 rows=10066 [doris-1:f:up doris-2:f:DOWN doris-3:M:up]
03:17:52 #160 OK SELECT id=3676997 via doris-1 rows=10066 [doris-1:f:up doris-2:f:DOWN doris-3:M:up]
03:17:53 #161 OK SELECT id=3676997 via doris-1 rows=10067 [doris-1:f:up doris-2:f:DOWN doris-3:M:up]
03:17:54 #162 OK SELECT id=3676997 via doris-1 rows=10066 [doris-1:f:up doris-2:f:DOWN doris-3:M:up]
03:17:55 #163 OK SELECT id=3676997 via doris-1 rows=10066 [doris-1:f:up doris-2:f:DOWN doris-3:M:up]
03:17:56 #164 OK SELECT id=3676997 via doris-1 rows=10066 [doris-1:f:up doris-2:f:DOWN doris-3:M:up]
03:17:57 #165 OK SELECT id=3676997 via doris-1 rows=10066 [doris-1:f:up doris-2:f:DOWN doris-3:M:up]
03:17:58 #166 OK SELECT id=3676997 via doris-1 rows=10067 [doris-1:f:up doris-2:f:DOWN doris-3:M:up]
03:17:59 #167 OK SELECT id=3676997 via doris-1 rows=10066 [doris-1:f:up doris-2:f:DOWN doris-3:M:up]
03:18:00 #168 OK SELECT id=3676997 via doris-1 rows=10066 [doris-1:f:up doris-2:f:DOWN doris-3:M:up]
03:18:01 #169 OK SELECT id=3676997 via doris-1 rows=10066 [doris-1:f:up doris-2:f:DOWN doris-3:M:up]
03:18:02 #170 OK SELECT id=3676997 via doris-1 rows=10066 [doris-1:f:up doris-2:f:DOWN doris-3:M:up]
03:18:03 #171 OK SELECT id=3676997 via doris-1 rows=10067 [doris-1:f:up doris-2:f:DOWN doris-3:M:up]
03:18:04 #172 OK SELECT id=3676997 via doris-1 rows=10066 [doris-1:f:up doris-2:f:DOWN doris-3:M:up]
03:18:05 #173 OK SELECT id=3676997 via doris-1 rows=10066 [doris-1:f:up doris-2:f:DOWN doris-3:M:up]
03:18:06 #174 OK SELECT id=3676997 via doris-1 rows=10067 [doris-1:f:up doris-2:f:DOWN doris-3:M:up]
03:18:07 #175 OK SELECT id=3676997 via doris-1 rows=10067 [doris-1:f:up doris-2:f:DOWN doris-3:M:up]
03:18:08 #176 OK SELECT id=3676997 via doris-1 rows=10067 [doris-1:f:up doris-2:f:DOWN doris-3:M:up]
03:18:09 #177 OK SELECT id=3676997 via doris-1 rows=10066 [doris-1:f:up doris-2:f:DOWN doris-3:M:up]
03:18:11 #178 OK SELECT id=3676997 via doris-1 rows=10065 [doris-1:f:up doris-2:f:DOWN doris-3:M:up]
03:18:12 #179 OK SELECT id=3676997 via doris-1 rows=10066 [doris-1:f:up doris-2:f:DOWN doris-3:M:up]
03:18:13 #180 OK SELECT id=3676997 via doris-1 rows=10067 [doris-1:f:up doris-2:f:DOWN doris-3:M:up]
03:18:14 #181 OK SELECT id=3676997 via doris-1 rows=10067 [doris-1:f:up doris-2:f:DOWN doris-3:M:up]
03:18:15 #182 OK SELECT id=3676997 via doris-1 rows=10066 [doris-1:f:up doris-2:f:DOWN doris-3:M:up]
03:18:16 #183 OK SELECT id=3676997 via doris-1 rows=10065 [doris-1:f:up doris-2:f:DOWN doris-3:M:up]
03:18:17 #184 OK SELECT id=3676997 via doris-1 rows=10066 [doris-1:f:up doris-2:f:DOWN doris-3:M:up]
03:18:18 #185 OK SELECT id=3676997 via doris-1 rows=10067 [doris-1:f:up doris-2:f:DOWN doris-3:M:up]
03:18:19 #186 OK SELECT id=3676997 via doris-1 rows=10067 [doris-1:f:up doris-2:f:DOWN doris-3:M:up]
03:18:20 #187 OK SELECT id=3676997 via doris-1 rows=10066 [doris-1:f:up doris-2:f:DOWN doris-3:M:up]
03:18:21 #188 OK SELECT id=3676997 via doris-1 rows=10065 [doris-1:f:up doris-2:f:DOWN doris-3:M:up]
03:18:22 #189 OK SELECT id=3676997 via doris-1 rows=10066 [doris-1:f:up doris-2:f:DOWN doris-3:M:up]
03:18:23 #190 OK SELECT id=3676997 via doris-1 rows=10067 [doris-1:f:up doris-2:f:DOWN doris-3:M:up]
03:18:24 #191 OK SELECT id=3676997 via doris-1 rows=10067 [doris-1:f:up doris-2:f:DOWN doris-3:M:up]
03:18:25 #192 OK SELECT id=3676997 via doris-1 rows=10066 [doris-1:f:up doris-2:f:DOWN doris-3:M:up]
03:18:26 #193 OK SELECT id=3676997 via doris-1 rows=10065 [doris-1:f:up doris-2:f:DOWN doris-3:M:up]
03:18:27 #194 OK SELECT id=3676997 via doris-1 rows=10066 [doris-1:f:up doris-2:f:up doris-3:M:up]
03:18:28 #195 OK SELECT id=3676997 via doris-1 rows=10067 [doris-1:f:up doris-2:f:up doris-3:M:up]
03:18:29 #196 OK SELECT id=3676997 via doris-1 rows=10067 [doris-1:f:up doris-2:f:up doris-3:M:up]
03:18:31 #197 OK SELECT id=3676997 via doris-1 rows=10067 [doris-1:f:up doris-2:f:up doris-3:M:up]
03:18:32 #198 OK SELECT id=3676997 via doris-1 rows=10065 [doris-1:f:up doris-2:f:up doris-3:M:up]
03:18:33 #199 OK SELECT id=3676997 via doris-1 rows=10065 [doris-1:f:up doris-2:f:up doris-3:M:up]
03:18:34 #200 OK SELECT id=3676997 via doris-1 rows=10067 [doris-1:f:up doris-2:f:up doris-3:M:up]
03:18:35 #201 OK SELECT id=3676997 via doris-1 rows=10067 [doris-1:f:up doris-2:f:up doris-3:M:up]
03:18:36 #202 OK SELECT id=3676997 via doris-1 rows=10067 [doris-1:f:up doris-2:f:up doris-3:M:up]
03:18:37 #203 OK SELECT id=3676997 via doris-1 rows=10065 [doris-1:f:up doris-2:f:up doris-3:M:up]
03:18:38 #204 OK SELECT id=3676997 via doris-1 rows=10065 [doris-1:f:up doris-2:f:up doris-3:M:up]
03:18:39 #205 OK SELECT id=3676997 via doris-1 rows=10067 [doris-1:f:up doris-2:f:up doris-3:M:up]
03:18:40 #206 OK SELECT id=3676997 via doris-1 rows=10067 [doris-1:f:up doris-2:f:up doris-3:M:up]
03:18:41 #207 OK SELECT id=3676997 via doris-1 rows=10067 [doris-1:f:up doris-2:f:up doris-3:M:up]
03:18:42 #208 OK SELECT id=3676997 via doris-1 rows=10065 [doris-1:f:up doris-2:f:up doris-3:M:up]
03:18:43 #209 OK SELECT id=3676997 via doris-1 rows=10065 [doris-1:f:up doris-2:f:up doris-3:M:up]
03:18:44 EVENT restore: cluster healthy
03:18:44 #210 OK SELECT id=3676997 via doris-1 rows=10066 [doris-1:f:up doris-2:f:up doris-3:M:up]
03:18:45 #211 OK SELECT id=3676997 via doris-1 rows=10066 [doris-1:f:up doris-2:f:up doris-3:M:up]
03:18:46 #212 OK SELECT id=3676997 via doris-1 rows=10067 [doris-1:f:up doris-2:f:up doris-3:M:up]
03:18:48 #213 OK SELECT id=3676997 via doris-1 rows=10066 [doris-1:f:up doris-2:f:up doris-3:M:up]
03:18:49 #214 OK SELECT id=3676997 via doris-1 rows=10066 [doris-1:f:up doris-2:f:up doris-3:M:up]
03:18:50 #215 OK SELECT id=3676997 via doris-1 rows=10067 [doris-1:f:up doris-2:f:up doris-3:M:up]
03:18:51 #216 OK SELECT id=3676997 via doris-1 rows=10066 [doris-1:f:up doris-2:f:up doris-3:M:up]
03:18:52 #217 OK SELECT id=3676997 via doris-1 rows=10066 [doris-1:f:up doris-2:f:up doris-3:M:up]
03:18:53 #218 OK SELECT id=3676997 via doris-1 rows=10065 [doris-1:f:up doris-2:f:up doris-3:M:up]
03:18:54 #219 OK SELECT id=3676997 via doris-1 rows=10066 [doris-1:f:up doris-2:f:up doris-3:M:up]
03:18:55 #220 OK SELECT id=3676997 via doris-1 rows=10067 [doris-1:f:up doris-2:f:up doris-3:M:up]
03:18:56 #221 OK SELECT id=3676997 via doris-1 rows=10067 [doris-1:f:up doris-2:f:up doris-3:M:up]
03:18:57 #222 OK SELECT id=3676997 via doris-1 rows=10066 [doris-1:f:up doris-2:f:up doris-3:M:up]
03:18:58 #223 OK SELECT id=3676997 via doris-1 rows=10065 [doris-1:f:up doris-2:f:up doris-3:M:up]
03:18:59 #224 OK SELECT id=3676997 via doris-1 rows=10066 [doris-1:f:up doris-2:f:up doris-3:M:up]
03:19:00 #225 OK SELECT id=3676997 via doris-1 rows=10067 [doris-1:f:up doris-2:f:up doris-3:M:up]
03:19:01 #226 OK SELECT id=3676997 via doris-1 rows=10067 [doris-1:f:up doris-2:f:up doris-3:M:up]
03:19:02 #227 OK SELECT id=3676997 via doris-1 rows=10066 [doris-1:f:up doris-2:f:up doris-3:M:up]
03:19:03 #228 OK SELECT id=3676997 via doris-1 rows=10065 [doris-1:f:up doris-2:f:up doris-3:M:up]
03:19:04 #229 OK SELECT id=3676997 via doris-1 rows=10066 [doris-1:f:up doris-2:f:up doris-3:M:up]
03:19:05 #230 OK SELECT id=3676997 via doris-1 rows=10067 [doris-1:f:up doris-2:f:up doris-3:M:up]
03:19:07 #231 OK SELECT id=3676997 via doris-1 rows=10067 [doris-1:f:up doris-2:f:up doris-3:M:up]
03:19:08 #232 OK SELECT id=3676997 via doris-1 rows=10066 [doris-1:f:up doris-2:f:up doris-3:M:up]
03:19:09 #233 OK SELECT id=3676997 via doris-1 rows=10065 [doris-1:f:up doris-2:f:up doris-3:M:up]
03:19:10 #234 OK SELECT id=3676997 via doris-1 rows=10065 [doris-1:f:up doris-2:f:up doris-3:M:up]
03:19:11 #235 OK SELECT id=3676997 via doris-1 rows=10067 [doris-1:f:up doris-2:f:up doris-3:M:up]
03:19:12 #236 OK SELECT id=3676997 via doris-1 rows=10067 [doris-1:f:up doris-2:f:up doris-3:M:up]
03:19:13 #237 OK SELECT id=3676997 via doris-1 rows=10067 [doris-1:f:up doris-2:f:up doris-3:M:up]
03:19:14 #238 OK SELECT id=3676997 via doris-1 rows=10065 [doris-1:f:up doris-2:f:up doris-3:M:up]
03:19:15 #239 OK SELECT id=3676997 via doris-1 rows=10065 [doris-1:f:up doris-2:f:up doris-3:M:up]
