04:21:14 PROBE start proto=jdbc hosts=doris-1,doris-2,doris-3 duration=86400s cycle=INSERT>UPSERT>SELECT>DELETE>SELECT url=jdbc:mysql://10.140.0.2:9030,10.140.0.3:9030,10.140.0.4:9030/hatest
04:21:15 connected to doris-1 (driver-selected host)
04:21:16 #1 OK INSERT id=2716740 via doris-1 rows=10115 [doris-1:f:up doris-2:f:up doris-3:M:up]
04:21:17 #2 OK UPSERT id=2716740 via doris-1 rows=10115 [doris-1:f:up doris-2:f:up doris-3:M:up]
04:21:18 #3 OK SELECT id=2716740 via doris-1 rows=10115 [doris-1:f:up doris-2:f:up doris-3:M:up]
04:21:19 #4 OK DELETE id=2716740 via doris-1 rows=10113 [doris-1:f:up doris-2:f:up doris-3:M:up]
04:21:20 #5 OK SELECT id=2716740 via doris-1 rows=10113 [doris-1:f:up doris-2:f:up doris-3:M:up]
04:21:21 #6 OK INSERT id=2716741 via doris-1 rows=10115 [doris-1:f:up doris-2:f:up doris-3:M:up]
04:21:22 #7 OK UPSERT id=2716741 via doris-1 rows=10115 [doris-1:f:up doris-2:f:up doris-3:M:up]
04:21:24 #8 OK SELECT id=2716741 via doris-1 rows=10115 [doris-1:f:up doris-2:f:up doris-3:M:up]
04:21:25 #9 OK DELETE id=2716741 via doris-1 rows=10113 [doris-1:f:up doris-2:f:up doris-3:M:up]
04:21:26 #10 OK SELECT id=2716741 via doris-1 rows=10113 [doris-1:f:up doris-2:f:up doris-3:M:up]
04:21:27 #11 OK INSERT id=2716742 via doris-1 rows=10115 [doris-1:f:up doris-2:f:up doris-3:M:up]
04:21:28 #12 OK UPSERT id=2716742 via doris-1 rows=10115 [doris-1:f:up doris-2:f:up doris-3:M:up]
04:21:29 #13 OK SELECT id=2716742 via doris-1 rows=10115 [doris-1:f:up doris-2:f:up doris-3:M:up]
04:21:30 #14 OK DELETE id=2716742 via doris-1 rows=10113 [doris-1:f:up doris-2:f:up doris-3:M:up]
04:21:31 #15 OK SELECT id=2716742 via doris-1 rows=10113 [doris-1:f:up doris-2:f:up doris-3:M:up]
04:21:32 #16 OK INSERT id=2716743 via doris-1 rows=10115 [doris-1:f:up doris-2:f:up doris-3:M:up]
04:21:34 #17 OK UPSERT id=2716743 via doris-1 rows=10115 [doris-1:f:up doris-2:f:up doris-3:M:up]
04:21:35 #18 OK SELECT id=2716743 via doris-1 rows=10115 [doris-1:f:up doris-2:f:up doris-3:M:up]
04:21:36 #19 OK DELETE id=2716743 via doris-1 rows=10113 [doris-1:f:up doris-2:f:up doris-3:M:up]
04:21:37 #20 OK SELECT id=2716743 via doris-1 rows=10113 [doris-1:f:up doris-2:f:up doris-3:M:up]
04:21:38 #21 OK INSERT id=2716744 via doris-1 rows=10115 [doris-1:f:up doris-2:f:up doris-3:M:up]
04:21:39 #22 OK UPSERT id=2716744 via doris-1 rows=10115 [doris-1:f:up doris-2:f:up doris-3:M:up]
04:21:40 #23 OK SELECT id=2716744 via doris-1 rows=10115 [doris-1:f:up doris-2:f:up doris-3:M:up]
04:21:41 #24 OK DELETE id=2716744 via doris-1 rows=10113 [doris-1:f:up doris-2:f:up doris-3:M:up]
04:21:42 #25 OK SELECT id=2716744 via doris-1 rows=10113 [doris-1:f:up doris-2:f:up doris-3:M:up]
04:21:44 #26 OK INSERT id=2716745 via doris-1 rows=10115 [doris-1:f:up doris-2:f:up doris-3:M:up]
04:21:45 #27 OK UPSERT id=2716745 via doris-1 rows=10115 [doris-1:f:up doris-2:f:up doris-3:M:up]
04:21:46 #28 OK SELECT id=2716745 via doris-1 rows=10115 [doris-1:f:up doris-2:f:up doris-3:M:up]
04:21:47 #29 OK DELETE id=2716745 via doris-1 rows=10113 [doris-1:f:up doris-2:f:up doris-3:M:up]
04:21:48 #30 OK SELECT id=2716745 via doris-1 rows=10113 [doris-1:f:up doris-2:f:up doris-3:M:up]
04:21:48 EVENT break: vm stop on doris-3 (FE master)
04:21:49 #31 OK INSERT id=2716746 via doris-1 rows=10115 [doris-1:f:up doris-2:f:up doris-3:M:up]
04:21:50 #32 OK UPSERT id=2716746 via doris-1 rows=10115 [doris-1:f:up doris-2:f:up doris-3:M:up]
04:21:51 #33 OK SELECT id=2716746 via doris-1 rows=10115 [doris-1:f:up doris-2:f:up doris-3:M:up]
04:21:52 #34 FAIL DELETE id=2716746 via doris-1: SQLException: ForwardToMasterException, msg: forward to master FE TNetworkAddress(hostname:10.140.0.4, port:9020), statement
04:21:53 #34 FAIL SELECT(check) id=1 via -: SQLException: Exception, msg: Node catalog is not ready, please wait for a while. To master progress: op
04:21:54 #35 FAIL INSERT id=2716747 via doris-1: SQLException: Exception, msg: Node catalog is not ready, please wait for a while. To master progress: open editlog. Frontend
04:21:54 #35 FAIL SELECT(check) id=1 via -: SQLException: Exception, msg: Node catalog is not ready, please wait for a while. To master progress: op
04:21:55 #36 FAIL INSERT id=2716748 via doris-1: SQLException: Exception, msg: Node catalog is not ready, please wait for a while. To master progress: open editlog. Frontend
04:21:55 #36 FAIL SELECT(check) id=1 via -: SQLException: Exception, msg: Node catalog is not ready, please wait for a while. To master progress: op
04:22:13 EVENT break: doris-3 is down
04:22:15 connected to doris-1 (driver-selected host)
04:22:26 #37 FAIL INSERT id=2716749 via doris-1: CommunicationsException: Communications link failure  The last packet successfully received from the server was 8,009 milliseconds ago.
04:22:26 #37 OK SELECT(check) id=1 via doris-1
04:22:27 connected to doris-1 (driver-selected host)
04:22:27 #38 OK INSERT id=2716750 via doris-1 rows=10117 [doris-1:f:up doris-2:M:up doris-3:f:DOWN] (recovered)
04:22:28 #39 OK UPSERT id=2716750 via doris-1 rows=10116 [doris-1:f:up doris-2:M:up doris-3:f:DOWN]
04:22:29 #40 OK SELECT id=2716750 via doris-1 rows=10116 [doris-1:f:up doris-2:M:up doris-3:f:DOWN]
04:22:30 #41 OK DELETE id=2716750 via doris-1 rows=10116 [doris-1:f:up doris-2:M:up doris-3:f:DOWN]
04:22:32 #42 OK SELECT id=2716750 via doris-1 rows=10116 [doris-1:f:up doris-2:M:up doris-3:f:DOWN]
04:22:33 #43 OK INSERT id=2716751 via doris-1 rows=10117 [doris-1:f:up doris-2:M:up doris-3:f:DOWN]
04:22:34 #44 OK UPSERT id=2716751 via doris-1 rows=10116 [doris-1:f:up doris-2:M:up doris-3:f:DOWN]
04:22:35 #45 OK SELECT id=2716751 via doris-1 rows=10116 [doris-1:f:up doris-2:M:up doris-3:f:DOWN]
04:22:36 #46 OK DELETE id=2716751 via doris-1 rows=10116 [doris-1:f:up doris-2:M:up doris-3:f:DOWN]
04:22:37 #47 OK SELECT id=2716751 via doris-1 rows=10116 [doris-1:f:up doris-2:M:up doris-3:f:DOWN]
04:22:38 #48 OK INSERT id=2716752 via doris-1 rows=10117 [doris-1:f:up doris-2:M:up doris-3:f:DOWN]
04:22:39 #49 OK UPSERT id=2716752 via doris-1 rows=10116 [doris-1:f:up doris-2:M:up doris-3:f:DOWN]
04:22:40 #50 OK SELECT id=2716752 via doris-1 rows=10116 [doris-1:f:up doris-2:M:up doris-3:f:DOWN]
04:22:41 #51 OK DELETE id=2716752 via doris-1 rows=10116 [doris-1:f:up doris-2:M:up doris-3:f:DOWN]
04:22:42 #52 OK SELECT id=2716752 via doris-1 rows=10116 [doris-1:f:up doris-2:M:up doris-3:f:DOWN]
04:22:44 #53 OK INSERT id=2716753 via doris-1 rows=10117 [doris-1:f:up doris-2:M:up doris-3:f:DOWN]
04:22:45 #54 OK UPSERT id=2716753 via doris-1 rows=10116 [doris-1:f:up doris-2:M:up doris-3:f:DOWN]
04:22:46 #55 OK SELECT id=2716753 via doris-1 rows=10116 [doris-1:f:up doris-2:M:up doris-3:f:DOWN]
04:22:47 #56 OK DELETE id=2716753 via doris-1 rows=10116 [doris-1:f:up doris-2:M:up doris-3:f:DOWN]
04:22:48 #57 OK SELECT id=2716753 via doris-1 rows=10116 [doris-1:f:up doris-2:M:up doris-3:f:DOWN]
04:22:49 #58 OK INSERT id=2716754 via doris-1 rows=10117 [doris-1:f:up doris-2:M:up doris-3:f:DOWN]
04:22:50 #59 OK UPSERT id=2716754 via doris-1 rows=10116 [doris-1:f:up doris-2:M:up doris-3:f:DOWN]
04:22:51 #60 OK SELECT id=2716754 via doris-1 rows=10116 [doris-1:f:up doris-2:M:up doris-3:f:DOWN]
04:22:52 #61 OK DELETE id=2716754 via doris-1 rows=10116 [doris-1:f:up doris-2:M:up doris-3:f:DOWN]
04:22:53 #62 OK SELECT id=2716754 via doris-1 rows=10116 [doris-1:f:up doris-2:M:up doris-3:f:DOWN]
04:22:54 #63 OK INSERT id=2716755 via doris-1 rows=10117 [doris-1:f:up doris-2:M:up doris-3:f:DOWN]
04:22:55 #64 OK UPSERT id=2716755 via doris-1 rows=10116 [doris-1:f:up doris-2:M:up doris-3:f:DOWN]
04:22:56 #65 OK SELECT id=2716755 via doris-1 rows=10116 [doris-1:f:up doris-2:M:up doris-3:f:DOWN]
04:22:58 #66 OK DELETE id=2716755 via doris-1 rows=10116 [doris-1:f:up doris-2:M:up doris-3:f:DOWN]
04:22:59 #67 OK SELECT id=2716755 via doris-1 rows=10116 [doris-1:f:up doris-2:M:up doris-3:f:DOWN]
04:23:00 #68 OK INSERT id=2716756 via doris-1 rows=10117 [doris-1:f:up doris-2:M:up doris-3:f:DOWN]
04:23:01 #69 OK UPSERT id=2716756 via doris-1 rows=10116 [doris-1:f:up doris-2:M:up doris-3:f:DOWN]
04:23:02 #70 OK SELECT id=2716756 via doris-1 rows=10116 [doris-1:f:up doris-2:M:up doris-3:f:DOWN]
04:23:03 #71 OK DELETE id=2716756 via doris-1 rows=10116 [doris-1:f:up doris-2:M:up doris-3:f:DOWN]
04:23:04 #72 OK SELECT id=2716756 via doris-1 rows=10116 [doris-1:f:up doris-2:M:up doris-3:f:DOWN]
04:23:05 #73 OK INSERT id=2716757 via doris-1 rows=10117 [doris-1:f:up doris-2:M:up doris-3:f:DOWN]
04:23:06 #74 OK UPSERT id=2716757 via doris-1 rows=10116 [doris-1:f:up doris-2:M:up doris-3:f:DOWN]
04:23:07 #75 OK SELECT id=2716757 via doris-1 rows=10116 [doris-1:f:up doris-2:M:up doris-3:f:DOWN]
04:23:08 #76 OK DELETE id=2716757 via doris-1 rows=10116 [doris-1:f:up doris-2:M:up doris-3:f:DOWN]
04:23:09 #77 OK SELECT id=2716757 via doris-1 rows=10116 [doris-1:f:up doris-2:M:up doris-3:f:DOWN]
04:23:11 #78 OK INSERT id=2716758 via doris-1 rows=10117 [doris-1:f:up doris-2:M:up doris-3:f:DOWN]
04:23:12 #79 OK UPSERT id=2716758 via doris-1 rows=10116 [doris-1:f:up doris-2:M:up doris-3:f:DOWN]
04:23:13 #80 OK SELECT id=2716758 via doris-1 rows=10116 [doris-1:f:up doris-2:M:up doris-3:f:DOWN]
04:23:14 #81 OK DELETE id=2716758 via doris-1 rows=10116 [doris-1:f:up doris-2:M:up doris-3:f:DOWN]
04:23:15 #82 OK SELECT id=2716758 via doris-1 rows=10116 [doris-1:f:up doris-2:M:up doris-3:f:DOWN]
04:23:16 #83 OK INSERT id=2716759 via doris-1 rows=10117 [doris-1:f:up doris-2:M:up doris-3:f:DOWN]
04:23:17 #84 OK UPSERT id=2716759 via doris-1 rows=10116 [doris-1:f:up doris-2:M:up doris-3:f:DOWN]
04:23:18 #85 OK SELECT id=2716759 via doris-1 rows=10116 [doris-1:f:up doris-2:M:up doris-3:f:DOWN]
04:23:19 #86 OK DELETE id=2716759 via doris-1 rows=10116 [doris-1:f:up doris-2:M:up doris-3:f:DOWN]
04:23:20 #87 OK SELECT id=2716759 via doris-1 rows=10116 [doris-1:f:up doris-2:M:up doris-3:f:DOWN]
04:23:21 #88 OK INSERT id=2716760 via doris-1 rows=10117 [doris-1:f:up doris-2:M:up doris-3:f:DOWN]
04:23:22 #89 OK UPSERT id=2716760 via doris-1 rows=10116 [doris-1:f:up doris-2:M:up doris-3:f:DOWN]
04:23:23 #90 OK SELECT id=2716760 via doris-1 rows=10116 [doris-1:f:up doris-2:M:up doris-3:f:DOWN]
04:23:25 #91 OK DELETE id=2716760 via doris-1 rows=10116 [doris-1:f:up doris-2:M:up doris-3:f:DOWN]
04:23:26 #92 OK SELECT id=2716760 via doris-1 rows=10116 [doris-1:f:up doris-2:M:up doris-3:f:DOWN]
04:23:27 #93 OK INSERT id=2716761 via doris-1 rows=10117 [doris-1:f:up doris-2:M:up doris-3:f:DOWN]
04:23:28 #94 OK UPSERT id=2716761 via doris-1 rows=10116 [doris-1:f:up doris-2:M:up doris-3:f:DOWN]
04:23:29 #95 OK SELECT id=2716761 via doris-1 rows=10116 [doris-1:f:up doris-2:M:up doris-3:f:DOWN]
04:23:30 #96 OK DELETE id=2716761 via doris-1 rows=10116 [doris-1:f:up doris-2:M:up doris-3:f:DOWN]
04:23:31 #97 OK SELECT id=2716761 via doris-1 rows=10116 [doris-1:f:up doris-2:M:up doris-3:f:DOWN]
04:23:32 #98 OK INSERT id=2716762 via doris-1 rows=10117 [doris-1:f:up doris-2:M:up doris-3:f:DOWN]
04:23:33 #99 OK UPSERT id=2716762 via doris-1 rows=10116 [doris-1:f:up doris-2:M:up doris-3:f:DOWN]
04:23:34 #100 OK SELECT id=2716762 via doris-1 rows=10116 [doris-1:f:up doris-2:M:up doris-3:f:DOWN]
04:23:35 #101 OK DELETE id=2716762 via doris-1 rows=10116 [doris-1:f:up doris-2:M:up doris-3:f:DOWN]
04:23:36 #102 OK SELECT id=2716762 via doris-1 rows=10116 [doris-1:f:up doris-2:M:up doris-3:f:DOWN]
04:23:37 #103 OK INSERT id=2716763 via doris-1 rows=10117 [doris-1:f:up doris-2:M:up doris-3:f:DOWN]
04:23:39 #104 OK UPSERT id=2716763 via doris-1 rows=10116 [doris-1:f:up doris-2:M:up doris-3:f:DOWN]
04:23:40 #105 OK SELECT id=2716763 via doris-1 rows=10116 [doris-1:f:up doris-2:M:up doris-3:f:DOWN]
04:23:41 #106 OK DELETE id=2716763 via doris-1 rows=10116 [doris-1:f:up doris-2:M:up doris-3:f:DOWN]
04:23:42 #107 OK SELECT id=2716763 via doris-1 rows=10116 [doris-1:f:up doris-2:M:up doris-3:f:DOWN]
04:23:43 #108 OK INSERT id=2716764 via doris-1 rows=10117 [doris-1:f:up doris-2:M:up doris-3:f:DOWN]
04:23:44 #109 OK UPSERT id=2716764 via doris-1 rows=10116 [doris-1:f:up doris-2:M:up doris-3:f:DOWN]
04:23:45 #110 OK SELECT id=2716764 via doris-1 rows=10116 [doris-1:f:up doris-2:M:up doris-3:f:DOWN]
04:23:46 #111 OK DELETE id=2716764 via doris-1 rows=10116 [doris-1:f:up doris-2:M:up doris-3:f:DOWN]
04:23:47 #112 OK SELECT id=2716764 via doris-1 rows=10116 [doris-1:f:up doris-2:M:up doris-3:f:DOWN]
04:23:48 #113 OK INSERT id=2716765 via doris-1 rows=10117 [doris-1:f:up doris-2:M:up doris-3:f:DOWN]
04:23:49 #114 OK UPSERT id=2716765 via doris-1 rows=10116 [doris-1:f:up doris-2:M:up doris-3:f:DOWN]
04:23:50 #115 OK SELECT id=2716765 via doris-1 rows=10116 [doris-1:f:up doris-2:M:up doris-3:f:DOWN]
04:23:51 EVENT restore: start doris-3
04:23:51 #116 OK DELETE id=2716765 via doris-1 rows=10116 [doris-1:f:up doris-2:M:up doris-3:f:DOWN]
04:23:53 #117 OK SELECT id=2716765 via doris-1 rows=10116 [doris-1:f:up doris-2:M:up doris-3:f:DOWN]
04:23:54 #118 OK INSERT id=2716766 via doris-1 rows=10117 [doris-1:f:up doris-2:M:up doris-3:f:DOWN]
04:23:55 #119 OK UPSERT id=2716766 via doris-1 rows=10116 [doris-1:f:up doris-2:M:up doris-3:f:DOWN]
04:23:56 #120 OK SELECT id=2716766 via doris-1 rows=10116 [doris-1:f:up doris-2:M:up doris-3:f:DOWN]
04:23:57 #121 OK DELETE id=2716766 via doris-1 rows=10116 [doris-1:f:up doris-2:M:up doris-3:f:DOWN]
04:23:58 #122 OK SELECT id=2716766 via doris-1 rows=10116 [doris-1:f:up doris-2:M:up doris-3:f:DOWN]
04:23:59 #123 OK INSERT id=2716767 via doris-1 rows=10117 [doris-1:f:up doris-2:M:up doris-3:f:DOWN]
04:24:00 #124 OK UPSERT id=2716767 via doris-1 rows=10116 [doris-1:f:up doris-2:M:up doris-3:f:DOWN]
04:24:01 #125 OK SELECT id=2716767 via doris-1 rows=10116 [doris-1:f:up doris-2:M:up doris-3:f:DOWN]
04:24:02 #126 OK DELETE id=2716767 via doris-1 rows=10116 [doris-1:f:up doris-2:M:up doris-3:f:DOWN]
04:24:03 #127 OK SELECT id=2716767 via doris-1 rows=10116 [doris-1:f:up doris-2:M:up doris-3:f:DOWN]
04:24:04 #128 OK INSERT id=2716768 via doris-1 rows=10117 [doris-1:f:up doris-2:M:up doris-3:f:DOWN]
04:24:05 #129 OK UPSERT id=2716768 via doris-1 rows=10116 [doris-1:f:up doris-2:M:up doris-3:f:DOWN]
04:24:06 #130 OK SELECT id=2716768 via doris-1 rows=10116 [doris-1:f:up doris-2:M:up doris-3:f:DOWN]
04:24:08 #131 OK DELETE id=2716768 via doris-1 rows=10116 [doris-1:f:up doris-2:M:up doris-3:f:DOWN]
04:24:09 #132 OK SELECT id=2716768 via doris-1 rows=10116 [doris-1:f:up doris-2:M:up doris-3:f:DOWN]
04:24:10 #133 OK INSERT id=2716769 via doris-1 rows=10117 [doris-1:f:up doris-2:M:up doris-3:f:DOWN]
04:24:11 #134 OK UPSERT id=2716769 via doris-1 rows=10116 [doris-1:f:up doris-2:M:up doris-3:f:DOWN]
04:24:12 #135 OK SELECT id=2716769 via doris-1 rows=10116 [doris-1:f:up doris-2:M:up doris-3:f:DOWN]
04:24:13 #136 OK DELETE id=2716769 via doris-1 rows=10116 [doris-1:f:up doris-2:M:up doris-3:f:DOWN]
04:24:14 #137 OK SELECT id=2716769 via doris-1 rows=10116 [doris-1:f:up doris-2:M:up doris-3:f:DOWN]
04:24:15 #138 OK INSERT id=2716770 via doris-1 rows=10117 [doris-1:f:up doris-2:M:up doris-3:f:DOWN]
04:24:16 #139 OK UPSERT id=2716770 via doris-1 rows=10116 [doris-1:f:up doris-2:M:up doris-3:f:DOWN]
04:24:17 #140 OK SELECT id=2716770 via doris-1 rows=10116 [doris-1:f:up doris-2:M:up doris-3:f:DOWN]
04:24:18 #141 OK DELETE id=2716770 via doris-1 rows=10116 [doris-1:f:up doris-2:M:up doris-3:f:DOWN]
04:24:19 #142 OK SELECT id=2716770 via doris-1 rows=10116 [doris-1:f:up doris-2:M:up doris-3:f:DOWN]
04:24:20 #143 OK INSERT id=2716771 via doris-1 rows=10117 [doris-1:f:up doris-2:M:up doris-3:f:DOWN]
04:24:21 #144 OK UPSERT id=2716771 via doris-1 rows=10116 [doris-1:f:up doris-2:M:up doris-3:f:DOWN]
04:24:23 #145 OK SELECT id=2716771 via doris-1 rows=10116 [doris-1:f:up doris-2:M:up doris-3:f:DOWN]
04:24:24 #146 OK DELETE id=2716771 via doris-1 rows=10116 [doris-1:f:up doris-2:M:up doris-3:f:DOWN]
04:24:25 #147 OK SELECT id=2716771 via doris-1 rows=10116 [doris-1:f:up doris-2:M:up doris-3:f:DOWN]
04:24:26 #148 OK INSERT id=2716772 via doris-1 rows=10117 [doris-1:f:up doris-2:M:up doris-3:f:DOWN]
04:24:27 #149 OK UPSERT id=2716772 via doris-1 rows=10116 [doris-1:f:up doris-2:M:up doris-3:f:DOWN]
04:24:28 #150 OK SELECT id=2716772 via doris-1 rows=10116 [doris-1:f:up doris-2:M:up doris-3:f:DOWN]
04:24:29 #151 OK DELETE id=2716772 via doris-1 rows=10116 [doris-1:f:up doris-2:M:up doris-3:f:DOWN]
04:24:30 #152 OK SELECT id=2716772 via doris-1 rows=10116 [doris-1:f:up doris-2:M:up doris-3:f:DOWN]
04:24:31 #153 OK INSERT id=2716773 via doris-1 rows=10117 [doris-1:f:up doris-2:M:up doris-3:f:DOWN]
04:24:32 #154 OK UPSERT id=2716773 via doris-1 rows=10116 [doris-1:f:up doris-2:M:up doris-3:f:DOWN]
04:24:33 #155 OK SELECT id=2716773 via doris-1 rows=10116 [doris-1:f:up doris-2:M:up doris-3:f:DOWN]
04:24:34 #156 OK DELETE id=2716773 via doris-1 rows=10116 [doris-1:f:up doris-2:M:up doris-3:f:DOWN]
04:24:35 #157 OK SELECT id=2716773 via doris-1 rows=10116 [doris-1:f:up doris-2:M:up doris-3:f:up]
04:24:36 #158 OK INSERT id=2716774 via doris-1 rows=10117 [doris-1:f:up doris-2:M:up doris-3:f:up]
04:24:38 #159 OK UPSERT id=2716774 via doris-1 rows=10116 [doris-1:f:up doris-2:M:up doris-3:f:up]
04:24:39 #160 OK SELECT id=2716774 via doris-1 rows=10116 [doris-1:f:up doris-2:M:up doris-3:f:up]
04:24:40 #161 OK DELETE id=2716774 via doris-1 rows=10116 [doris-1:f:up doris-2:M:up doris-3:f:up]
04:24:41 #162 OK SELECT id=2716774 via doris-1 rows=10116 [doris-1:f:up doris-2:M:up doris-3:f:up]
04:24:42 #163 OK INSERT id=2716775 via doris-1 rows=10117 [doris-1:f:up doris-2:M:up doris-3:f:up]
04:24:43 #164 OK UPSERT id=2716775 via doris-1 rows=10116 [doris-1:f:up doris-2:M:up doris-3:f:up]
04:24:44 #165 OK SELECT id=2716775 via doris-1 rows=10116 [doris-1:f:up doris-2:M:up doris-3:f:up]
04:24:45 EVENT restore: cluster healthy
04:24:45 #166 OK DELETE id=2716775 via doris-1 rows=10116 [doris-1:f:up doris-2:M:up doris-3:f:up]
04:24:46 #167 OK SELECT id=2716775 via doris-1 rows=10116 [doris-1:f:up doris-2:M:up doris-3:f:up]
04:24:47 #168 OK INSERT id=2716776 via doris-1 rows=10117 [doris-1:f:up doris-2:M:up doris-3:f:up]
04:24:48 #169 OK UPSERT id=2716776 via doris-1 rows=10116 [doris-1:f:up doris-2:M:up doris-3:f:up]
04:24:49 #170 OK SELECT id=2716776 via doris-1 rows=10116 [doris-1:f:up doris-2:M:up doris-3:f:up]
04:24:51 #171 OK DELETE id=2716776 via doris-1 rows=10116 [doris-1:f:up doris-2:M:up doris-3:f:up]
04:24:52 #172 OK SELECT id=2716776 via doris-1 rows=10116 [doris-1:f:up doris-2:M:up doris-3:f:up]
04:24:53 #173 OK INSERT id=2716777 via doris-1 rows=10117 [doris-1:f:up doris-2:M:up doris-3:f:up]
04:24:54 #174 OK UPSERT id=2716777 via doris-1 rows=10116 [doris-1:f:up doris-2:M:up doris-3:f:up]
04:24:55 #175 OK SELECT id=2716777 via doris-1 rows=10116 [doris-1:f:up doris-2:M:up doris-3:f:up]
04:24:56 #176 OK DELETE id=2716777 via doris-1 rows=10116 [doris-1:f:up doris-2:M:up doris-3:f:up]
04:24:57 #177 OK SELECT id=2716777 via doris-1 rows=10116 [doris-1:f:up doris-2:M:up doris-3:f:up]
04:24:58 #178 OK INSERT id=2716778 via doris-1 rows=10117 [doris-1:f:up doris-2:M:up doris-3:f:up]
04:24:59 #179 OK UPSERT id=2716778 via doris-1 rows=10116 [doris-1:f:up doris-2:M:up doris-3:f:up]
04:25:00 #180 OK SELECT id=2716778 via doris-1 rows=10116 [doris-1:f:up doris-2:M:up doris-3:f:up]
04:25:01 #181 OK DELETE id=2716778 via doris-1 rows=10116 [doris-1:f:up doris-2:M:up doris-3:f:up]
04:25:02 #182 OK SELECT id=2716778 via doris-1 rows=10116 [doris-1:f:up doris-2:M:up doris-3:f:up]
04:25:03 #183 OK INSERT id=2716779 via doris-1 rows=10117 [doris-1:f:up doris-2:M:up doris-3:f:up]
04:25:04 #184 OK UPSERT id=2716779 via doris-1 rows=10116 [doris-1:f:up doris-2:M:up doris-3:f:up]
04:25:06 #185 OK SELECT id=2716779 via doris-1 rows=10116 [doris-1:f:up doris-2:M:up doris-3:f:up]
04:25:07 #186 OK DELETE id=2716779 via doris-1 rows=10116 [doris-1:f:up doris-2:M:up doris-3:f:up]
04:25:08 #187 OK SELECT id=2716779 via doris-1 rows=10116 [doris-1:f:up doris-2:M:up doris-3:f:up]
04:25:09 #188 OK INSERT id=2716780 via doris-1 rows=10117 [doris-1:f:up doris-2:M:up doris-3:f:up]
04:25:10 #189 OK UPSERT id=2716780 via doris-1 rows=10116 [doris-1:f:up doris-2:M:up doris-3:f:up]
04:25:11 #190 OK SELECT id=2716780 via doris-1 rows=10116 [doris-1:f:up doris-2:M:up doris-3:f:up]
04:25:12 #191 OK DELETE id=2716780 via doris-1 rows=10116 [doris-1:f:up doris-2:M:up doris-3:f:up]
04:25:13 #192 OK SELECT id=2716780 via doris-1 rows=10116 [doris-1:f:up doris-2:M:up doris-3:f:up]
