00:15:45 PROBE start proto=jdbc hosts=doris-1,doris-2,doris-3 duration=86400s cycle=INSERT>UPSERT>SELECT>DELETE>SELECT url=jdbc:mysql://10.140.0.2:9030,10.140.0.3:9030,10.140.0.4:9030/hatest
00:15:46 connected to doris-1 (driver-selected host)
00:15:46 #1 OK INSERT id=2569450 via doris-1 rows=10038 [doris-1:f:up doris-2:f:up doris-3:M:up]
00:15:47 #2 OK UPSERT id=2569450 via doris-1 rows=10038 [doris-1:f:up doris-2:f:up doris-3:M:up]
00:15:48 #3 OK SELECT id=2569450 via doris-1 rows=10038 [doris-1:f:up doris-2:f:up doris-3:M:up]
00:15:49 #4 OK DELETE id=2569450 via doris-1 rows=10036 [doris-1:f:up doris-2:f:up doris-3:M:up]
00:15:50 #5 OK SELECT id=2569450 via doris-1 rows=10036 [doris-1:f:up doris-2:f:up doris-3:M:up]
00:15:51 #6 OK INSERT id=2569451 via doris-1 rows=10038 [doris-1:f:up doris-2:f:up doris-3:M:up]
00:15:52 #7 OK UPSERT id=2569451 via doris-1 rows=10038 [doris-1:f:up doris-2:f:up doris-3:M:up]
00:15:53 #8 OK SELECT id=2569451 via doris-1 rows=10038 [doris-1:f:up doris-2:f:up doris-3:M:up]
00:15:54 #9 OK DELETE id=2569451 via doris-1 rows=10036 [doris-1:f:up doris-2:f:up doris-3:M:up]
00:15:55 #10 OK SELECT id=2569451 via doris-1 rows=10036 [doris-1:f:up doris-2:f:up doris-3:M:up]
00:15:56 #11 OK INSERT id=2569452 via doris-1 rows=10038 [doris-1:f:up doris-2:f:up doris-3:M:up]
00:15:57 #12 OK UPSERT id=2569452 via doris-1 rows=10038 [doris-1:f:up doris-2:f:up doris-3:M:up]
00:15:58 #13 OK SELECT id=2569452 via doris-1 rows=10038 [doris-1:f:up doris-2:f:up doris-3:M:up]
00:16:00 #14 OK DELETE id=2569452 via doris-1 rows=10036 [doris-1:f:up doris-2:f:up doris-3:M:up]
00:16:01 #15 OK SELECT id=2569452 via doris-1 rows=10036 [doris-1:f:up doris-2:f:up doris-3:M:up]
00:16:02 #16 OK INSERT id=2569453 via doris-1 rows=10038 [doris-1:f:up doris-2:f:up doris-3:M:up]
00:16:03 #17 OK UPSERT id=2569453 via doris-1 rows=10038 [doris-1:f:up doris-2:f:up doris-3:M:up]
00:16:04 #18 OK SELECT id=2569453 via doris-1 rows=10038 [doris-1:f:up doris-2:f:up doris-3:M:up]
00:16:05 #19 OK DELETE id=2569453 via doris-1 rows=10036 [doris-1:f:up doris-2:f:up doris-3:M:up]
00:16:06 #20 OK SELECT id=2569453 via doris-1 rows=10036 [doris-1:f:up doris-2:f:up doris-3:M:up]
00:16:07 #21 OK INSERT id=2569454 via doris-1 rows=10038 [doris-1:f:up doris-2:f:up doris-3:M:up]
00:16:08 #22 OK UPSERT id=2569454 via doris-1 rows=10038 [doris-1:f:up doris-2:f:up doris-3:M:up]
00:16:09 #23 OK SELECT id=2569454 via doris-1 rows=10038 [doris-1:f:up doris-2:f:up doris-3:M:up]
00:16:10 #24 OK DELETE id=2569454 via doris-1 rows=10036 [doris-1:f:up doris-2:f:up doris-3:M:up]
00:16:11 #25 OK SELECT id=2569454 via doris-1 rows=10036 [doris-1:f:up doris-2:f:up doris-3:M:up]
00:16:12 #26 OK INSERT id=2569455 via doris-1 rows=10038 [doris-1:f:up doris-2:f:up doris-3:M:up]
00:16:13 #27 OK UPSERT id=2569455 via doris-1 rows=10038 [doris-1:f:up doris-2:f:up doris-3:M:up]
00:16:14 #28 OK SELECT id=2569455 via doris-1 rows=10038 [doris-1:f:up doris-2:f:up doris-3:M:up]
00:16:15 #29 OK DELETE id=2569455 via doris-1 rows=10036 [doris-1:f:up doris-2:f:up doris-3:M:up]
00:16:16 #30 OK SELECT id=2569455 via doris-1 rows=10036 [doris-1:f:up doris-2:f:up doris-3:M:up]
00:16:18 #31 OK INSERT id=2569456 via doris-1 rows=10038 [doris-1:f:up doris-2:f:up doris-3:M:up]
00:16:19 #32 OK UPSERT id=2569456 via doris-1 rows=10038 [doris-1:f:up doris-2:f:up doris-3:M:up]
00:16:19 EVENT break: fe hang on doris-3 (FE master)
00:16:20 #33 OK SELECT id=2569456 via doris-1 rows=10038 [doris-1:f:up doris-2:f:up doris-3:M:up]
00:16:21 #34 OK DELETE id=2569456 via doris-1 rows=10036 [doris-1:f:up doris-2:f:up doris-3:M:up]
00:18:37 EVENT restore: resume fe on doris-3
00:18:39 #35 OK SELECT id=2569456 via doris-1 rows=10036 [?]
00:18:42 #36 OK INSERT id=2569457 via doris-1 rows=10038 [doris-1:f:up doris-2:f:up doris-3:M:up]
00:18:43 #37 OK UPSERT id=2569457 via doris-1 rows=10037 [doris-1:f:up doris-2:f:up doris-3:M:up]
00:18:44 EVENT restore: cluster healthy
00:18:44 #38 OK SELECT id=2569457 via doris-1 rows=10037 [doris-1:f:up doris-2:f:up doris-3:M:up]
00:18:45 #39 OK DELETE id=2569457 via doris-1 rows=10037 [doris-1:f:up doris-2:f:up doris-3:M:up]
00:18:46 #40 OK SELECT id=2569457 via doris-1 rows=10037 [doris-1:f:up doris-2:f:up doris-3:M:up]
00:18:47 #41 OK INSERT id=2569458 via doris-1 rows=10038 [doris-1:f:up doris-2:f:up doris-3:M:up]
00:18:49 #42 OK UPSERT id=2569458 via doris-1 rows=10037 [doris-1:f:up doris-2:f:up doris-3:M:up]
00:18:50 #43 OK SELECT id=2569458 via doris-1 rows=10037 [doris-1:f:up doris-2:f:up doris-3:M:up]
00:18:51 #44 OK DELETE id=2569458 via doris-1 rows=10037 [doris-1:f:up doris-2:f:up doris-3:M:up]
00:18:52 #45 OK SELECT id=2569458 via doris-1 rows=10037 [doris-1:f:up doris-2:f:up doris-3:M:up]
00:18:53 #46 OK INSERT id=2569459 via doris-1 rows=10038 [doris-1:f:up doris-2:f:up doris-3:M:up]
00:18:54 #47 OK UPSERT id=2569459 via doris-1 rows=10037 [doris-1:f:up doris-2:f:up doris-3:M:up]
00:18:55 #48 OK SELECT id=2569459 via doris-1 rows=10037 [doris-1:f:up doris-2:f:up doris-3:M:up]
00:18:56 #49 OK DELETE id=2569459 via doris-1 rows=10037 [doris-1:f:up doris-2:f:up doris-3:M:up]
00:18:57 #50 OK SELECT id=2569459 via doris-1 rows=10037 [doris-1:f:up doris-2:f:up doris-3:M:up]
00:18:59 #51 OK INSERT id=2569460 via doris-1 rows=10038 [doris-1:f:up doris-2:f:up doris-3:M:up]
00:19:00 #52 OK UPSERT id=2569460 via doris-1 rows=10037 [doris-1:f:up doris-2:f:up doris-3:M:up]
00:19:01 #53 OK SELECT id=2569460 via doris-1 rows=10037 [doris-1:f:up doris-2:f:up doris-3:M:up]
00:19:02 #54 OK DELETE id=2569460 via doris-1 rows=10037 [doris-1:f:up doris-2:f:up doris-3:M:up]
00:19:03 #55 OK SELECT id=2569460 via doris-1 rows=10037 [doris-1:f:up doris-2:f:up doris-3:M:up]
00:19:04 #56 OK INSERT id=2569461 via doris-1 rows=10037 [doris-1:f:up doris-2:f:up doris-3:M:up]
00:19:05 #57 OK UPSERT id=2569461 via doris-1 rows=10037 [doris-1:f:up doris-2:f:up doris-3:M:up]
00:19:06 #58 OK SELECT id=2569461 via doris-1 rows=10038 [doris-1:f:up doris-2:f:up doris-3:M:up]
00:19:07 #59 OK DELETE id=2569461 via doris-1 rows=10037 [doris-1:f:up doris-2:f:up doris-3:M:up]
00:19:08 #60 OK SELECT id=2569461 via doris-1 rows=10037 [doris-1:f:up doris-2:f:up doris-3:M:up]
00:19:09 #61 OK INSERT id=2569462 via doris-1 rows=10037 [doris-1:f:up doris-2:f:up doris-3:M:up]
00:19:10 #62 OK UPSERT id=2569462 via doris-1 rows=10037 [doris-1:f:up doris-2:f:up doris-3:M:up]
00:19:11 #63 OK SELECT id=2569462 via doris-1 rows=10038 [doris-1:f:up doris-2:f:up doris-3:M:up]
