16:31:26 PROBE start proto=mysql hosts=doris-1,doris-2,doris-3 duration=86400s cycle=INSERT>UPSERT>SELECT>DELETE>SELECT
16:31:26 connected to doris-1 (10.140.0.2)
16:31:26 #1 OK INSERT id=1610860 via doris-1 rows=10184 [doris-1:f:up doris-2:M:up doris-3:f:up]
16:31:27 #2 OK UPSERT id=1610860 via doris-1 rows=10185 [doris-1:f:up doris-2:M:up doris-3:f:up]
16:31:28 #3 OK SELECT id=1610860 via doris-1 rows=10185 [doris-1:f:up doris-2:M:up doris-3:f:up]
16:31:30 #4 OK DELETE id=1610860 via doris-1 rows=10184 [doris-1:f:up doris-2:M:up doris-3:f:up]
16:31:31 #5 OK SELECT id=1610860 via doris-1 rows=10183 [doris-1:f:up doris-2:M:up doris-3:f:up]
16:31:32 #6 OK INSERT id=1610861 via doris-1 rows=10184 [doris-1:f:up doris-2:M:up doris-3:f:up]
16:31:33 #7 OK UPSERT id=1610861 via doris-1 rows=10185 [doris-1:f:up doris-2:M:up doris-3:f:up]
16:31:34 #8 OK SELECT id=1610861 via doris-1 rows=10185 [doris-1:f:up doris-2:M:up doris-3:f:up]
16:31:35 #9 OK DELETE id=1610861 via doris-1 rows=10184 [doris-1:f:up doris-2:M:up doris-3:f:up]
16:31:36 #10 OK SELECT id=1610861 via doris-1 rows=10183 [doris-1:f:up doris-2:M:up doris-3:f:up]
16:31:37 #11 OK INSERT id=1610862 via doris-1 rows=10184 [doris-1:f:up doris-2:M:up doris-3:f:up]
16:31:38 #12 OK UPSERT id=1610862 via doris-1 rows=10185 [doris-1:f:up doris-2:M:up doris-3:f:up]
16:31:39 #13 OK SELECT id=1610862 via doris-1 rows=10185 [doris-1:f:up doris-2:M:up doris-3:f:up]
16:31:40 #14 OK DELETE id=1610862 via doris-1 rows=10184 [doris-1:f:up doris-2:M:up doris-3:f:up]
16:31:41 #15 OK SELECT id=1610862 via doris-1 rows=10183 [doris-1:f:up doris-2:M:up doris-3:f:up]
16:31:42 #16 OK INSERT id=1610863 via doris-1 rows=10184 [doris-1:f:up doris-2:M:up doris-3:f:up]
16:31:44 #17 OK UPSERT id=1610863 via doris-1 rows=10185 [doris-1:f:up doris-2:M:up doris-3:f:up]
16:31:45 #18 OK SELECT id=1610863 via doris-1 rows=10185 [doris-1:f:up doris-2:M:up doris-3:f:up]
16:31:46 #19 OK DELETE id=1610863 via doris-1 rows=10184 [doris-1:f:up doris-2:M:up doris-3:f:up]
16:31:47 #20 OK SELECT id=1610863 via doris-1 rows=10183 [doris-1:f:up doris-2:M:up doris-3:f:up]
16:31:48 #21 OK INSERT id=1610864 via doris-1 rows=10184 [doris-1:f:up doris-2:M:up doris-3:f:up]
16:31:49 #22 OK UPSERT id=1610864 via doris-1 rows=10185 [doris-1:f:up doris-2:M:up doris-3:f:up]
16:31:50 #23 OK SELECT id=1610864 via doris-1 rows=10185 [doris-1:f:up doris-2:M:up doris-3:f:up]
16:31:51 #24 OK DELETE id=1610864 via doris-1 rows=10184 [doris-1:f:up doris-2:M:up doris-3:f:up]
16:31:52 #25 OK SELECT id=1610864 via doris-1 rows=10183 [doris-1:f:up doris-2:M:up doris-3:f:up]
16:31:53 #26 OK INSERT id=1610865 via doris-1 rows=10184 [doris-1:f:up doris-2:M:up doris-3:f:up]
16:31:54 #27 OK UPSERT id=1610865 via doris-1 rows=10185 [doris-1:f:up doris-2:M:up doris-3:f:up]
16:31:55 #28 OK SELECT id=1610865 via doris-1 rows=10185 [doris-1:f:up doris-2:M:up doris-3:f:up]
16:31:56 #29 OK DELETE id=1610865 via doris-1 rows=10184 [doris-1:f:up doris-2:M:up doris-3:f:up]
16:31:57 #30 OK SELECT id=1610865 via doris-1 rows=10183 [doris-1:f:up doris-2:M:up doris-3:f:up]
16:31:58 #31 OK INSERT id=1610866 via doris-1 rows=10184 [doris-1:f:up doris-2:M:up doris-3:f:up]
16:32:00 #32 OK UPSERT id=1610866 via doris-1 rows=10185 [doris-1:f:up doris-2:M:up doris-3:f:up]
16:32:00 EVENT break: fe hang on doris-2 (FE master)
16:32:01 #33 OK SELECT id=1610866 via doris-1 rows=10185 [doris-1:f:up doris-2:M:up doris-3:f:up]
16:32:02 #34 OK DELETE id=1610866 via doris-1 rows=10184 [doris-1:f:up doris-2:M:up doris-3:f:up]
16:32:11 #35 OK SELECT id=1610866 via doris-1 rows=10184 [?]
16:32:12 #36 FAIL INSERT id=1610867 via doris-1: InterfaceError: (0, '')
16:32:12 #36 OK SELECT(check) id=1 via doris-1
16:32:21 connected to doris-1 (10.140.0.2)
16:32:21 #37 FAIL INSERT id=1610868 via doris-1: InterfaceError: (0, '')
16:32:21 #37 OK SELECT(check) id=1 via doris-1
16:32:30 connected to doris-1 (10.140.0.2)
16:32:30 #38 FAIL INSERT id=1610869 via doris-1: InterfaceError: (0, '')
16:32:30 #38 OK SELECT(check) id=1 via doris-1
16:32:39 connected to doris-1 (10.140.0.2)
16:32:39 #39 FAIL INSERT id=1610870 via doris-1: InterfaceError: (0, '')
16:32:39 #39 OK SELECT(check) id=1 via doris-1
16:32:48 connected to doris-1 (10.140.0.2)
16:32:48 #40 FAIL INSERT id=1610871 via doris-1: InterfaceError: (0, '')
16:32:48 #40 OK SELECT(check) id=1 via doris-1
16:32:57 connected to doris-1 (10.140.0.2)
16:32:57 #41 FAIL INSERT id=1610872 via doris-1: InterfaceError: (0, '')
16:32:57 #41 OK SELECT(check) id=1 via doris-1
16:33:06 connected to doris-1 (10.140.0.2)
16:33:06 #42 FAIL INSERT id=1610873 via doris-1: InterfaceError: (0, '')
16:33:06 #42 OK SELECT(check) id=1 via doris-1
16:33:15 connected to doris-1 (10.140.0.2)
16:33:15 #43 FAIL INSERT id=1610874 via doris-1: InterfaceError: (0, '')
16:33:15 #43 OK SELECT(check) id=1 via doris-1
16:33:25 connected to doris-1 (10.140.0.2)
16:33:25 #44 FAIL INSERT id=1610875 via doris-1: InterfaceError: (0, '')
16:33:25 #44 OK SELECT(check) id=1 via doris-1
16:33:34 connected to doris-1 (10.140.0.2)
16:33:34 #45 FAIL INSERT id=1610876 via doris-1: InterfaceError: (0, '')
16:33:34 #45 OK SELECT(check) id=1 via doris-1
16:33:43 connected to doris-1 (10.140.0.2)
16:33:43 #46 FAIL INSERT id=1610877 via doris-1: InterfaceError: (0, '')
16:33:43 #46 OK SELECT(check) id=1 via doris-1
16:33:52 connected to doris-1 (10.140.0.2)
16:33:52 #47 FAIL INSERT id=1610878 via doris-1: InterfaceError: (0, '')
16:33:52 #47 OK SELECT(check) id=1 via doris-1
16:34:01 connected to doris-1 (10.140.0.2)
16:34:01 #48 FAIL INSERT id=1610879 via doris-1: InterfaceError: (0, '')
16:34:01 #48 OK SELECT(check) id=1 via doris-1
16:34:10 connected to doris-1 (10.140.0.2)
16:34:10 #49 FAIL INSERT id=1610880 via doris-1: InterfaceError: (0, '')
16:34:10 #49 OK SELECT(check) id=1 via doris-1
16:34:16 EVENT restore: resume fe on doris-2
16:34:18 connected to doris-1 (10.140.0.2)
16:34:18 #50 OK INSERT id=1610881 via doris-1 rows=10184 [doris-1:f:up doris-2:M:up doris-3:f:up] (recovered)
16:34:19 #51 OK UPSERT id=1610881 via doris-1 rows=10185 [doris-1:f:up doris-2:M:up doris-3:f:up]
16:34:20 #52 OK SELECT id=1610881 via doris-1 rows=10185 [doris-1:f:up doris-2:M:up doris-3:f:up]
16:34:20 EVENT restore: cluster healthy
16:34:21 #53 OK DELETE id=1610881 via doris-1 rows=10184 [doris-1:f:up doris-2:M:up doris-3:f:up]
16:34:22 #54 OK SELECT id=1610881 via doris-1 rows=10183 [doris-1:f:up doris-2:M:up doris-3:f:up]
16:34:24 #55 OK INSERT id=1610882 via doris-1 rows=10184 [doris-1:f:up doris-2:M:up doris-3:f:up]
16:34:25 #56 OK UPSERT id=1610882 via doris-1 rows=10185 [doris-1:f:up doris-2:M:up doris-3:f:up]
16:34:26 #57 OK SELECT id=1610882 via doris-1 rows=10185 [doris-1:f:up doris-2:M:up doris-3:f:up]
16:34:27 #58 OK DELETE id=1610882 via doris-1 rows=10184 [doris-1:f:up doris-2:M:up doris-3:f:up]
16:34:28 #59 OK SELECT id=1610882 via doris-1 rows=10183 [doris-1:f:up doris-2:M:up doris-3:f:up]
16:34:29 #60 OK INSERT id=1610883 via doris-1 rows=10184 [doris-1:f:up doris-2:M:up doris-3:f:up]
16:34:30 #61 OK UPSERT id=1610883 via doris-1 rows=10185 [doris-1:f:up doris-2:M:up doris-3:f:up]
16:34:31 #62 OK SELECT id=1610883 via doris-1 rows=10185 [doris-1:f:up doris-2:M:up doris-3:f:up]
16:34:32 #63 OK DELETE id=1610883 via doris-1 rows=10184 [doris-1:f:up doris-2:M:up doris-3:f:up]
16:34:33 #64 OK SELECT id=1610883 via doris-1 rows=10183 [doris-1:f:up doris-2:M:up doris-3:f:up]
16:34:34 #65 OK INSERT id=1610884 via doris-1 rows=10184 [doris-1:f:up doris-2:M:up doris-3:f:up]
16:34:36 #66 OK UPSERT id=1610884 via doris-1 rows=10185 [doris-1:f:up doris-2:M:up doris-3:f:up]
16:34:37 #67 OK SELECT id=1610884 via doris-1 rows=10185 [doris-1:f:up doris-2:M:up doris-3:f:up]
16:34:38 #68 OK DELETE id=1610884 via doris-1 rows=10184 [doris-1:f:up doris-2:M:up doris-3:f:up]
16:34:39 #69 OK SELECT id=1610884 via doris-1 rows=10183 [doris-1:f:up doris-2:M:up doris-3:f:up]
16:34:40 #70 OK INSERT id=1610885 via doris-1 rows=10184 [doris-1:f:up doris-2:M:up doris-3:f:up]
16:34:41 #71 OK UPSERT id=1610885 via doris-1 rows=10185 [doris-1:f:up doris-2:M:up doris-3:f:up]
16:34:42 #72 OK SELECT id=1610885 via doris-1 rows=10185 [doris-1:f:up doris-2:M:up doris-3:f:up]
16:34:43 #73 OK DELETE id=1610885 via doris-1 rows=10184 [doris-1:f:up doris-2:M:up doris-3:f:up]
16:34:44 #74 OK SELECT id=1610885 via doris-1 rows=10183 [doris-1:f:up doris-2:M:up doris-3:f:up]
16:34:45 #75 OK INSERT id=1610886 via doris-1 rows=10184 [doris-1:f:up doris-2:M:up doris-3:f:up]
16:34:46 #76 OK UPSERT id=1610886 via doris-1 rows=10185 [doris-1:f:up doris-2:M:up doris-3:f:up]
