18:35:51 PROBE start proto=arrow-flight hosts=doris-1,doris-2,doris-3 duration=86400s cycle=INSERT>UPSERT>SELECT>DELETE>SELECT
18:35:52 connected to doris-1 (10.140.0.2)
18:35:52 DML unsupported over arrow-flight (InternalError: RuntimeException, msg: getMysqlChannel not in mysql connection (Internal; ExecuteQuery)) — switching to SELECT-only mode
18:35:52 #1 OK SELECT id=3685510 via doris-1 rows=10229 [doris-1:f:up doris-2:M:up doris-3:f:up]
18:35:53 #2 OK SELECT id=3685510 via doris-1 rows=10230 [doris-1:f:up doris-2:M:up doris-3:f:up]
18:35:54 #3 OK SELECT id=3685510 via doris-1 rows=10230 [doris-1:f:up doris-2:M:up doris-3:f:up]
18:35:55 #4 OK SELECT id=3685510 via doris-1 rows=10229 [doris-1:f:up doris-2:M:up doris-3:f:up]
18:35:56 #5 OK SELECT id=3685510 via doris-1 rows=10228 [doris-1:f:up doris-2:M:up doris-3:f:up]
18:35:57 #6 OK SELECT id=3685510 via doris-1 rows=10229 [doris-1:f:up doris-2:M:up doris-3:f:up]
18:35:58 #7 OK SELECT id=3685510 via doris-1 rows=10230 [doris-1:f:up doris-2:M:up doris-3:f:up]
18:35:59 #8 OK SELECT id=3685510 via doris-1 rows=10230 [doris-1:f:up doris-2:M:up doris-3:f:up]
18:36:00 #9 OK SELECT id=3685510 via doris-1 rows=10229 [doris-1:f:up doris-2:M:up doris-3:f:up]
18:36:01 #10 OK SELECT id=3685510 via doris-1 rows=10228 [doris-1:f:up doris-2:M:up doris-3:f:up]
18:36:02 #11 OK SELECT id=3685510 via doris-1 rows=10229 [doris-1:f:up doris-2:M:up doris-3:f:up]
18:36:03 #12 OK SELECT id=3685510 via doris-1 rows=10230 [doris-1:f:up doris-2:M:up doris-3:f:up]
18:36:04 #13 OK SELECT id=3685510 via doris-1 rows=10230 [doris-1:f:up doris-2:M:up doris-3:f:up]
18:36:05 #14 OK SELECT id=3685510 via doris-1 rows=10229 [doris-1:f:up doris-2:M:up doris-3:f:up]
18:36:06 #15 OK SELECT id=3685510 via doris-1 rows=10228 [doris-1:f:up doris-2:M:up doris-3:f:up]
18:36:07 #16 OK SELECT id=3685510 via doris-1 rows=10229 [doris-1:f:up doris-2:M:up doris-3:f:up]
18:36:09 #17 OK SELECT id=3685510 via doris-1 rows=10230 [doris-1:f:up doris-2:M:up doris-3:f:up]
18:36:10 #18 OK SELECT id=3685510 via doris-1 rows=10230 [doris-1:f:up doris-2:M:up doris-3:f:up]
18:36:11 #19 OK SELECT id=3685510 via doris-1 rows=10229 [doris-1:f:up doris-2:M:up doris-3:f:up]
18:36:12 #20 OK SELECT id=3685510 via doris-1 rows=10228 [doris-1:f:up doris-2:M:up doris-3:f:up]
18:36:13 #21 OK SELECT id=3685510 via doris-1 rows=10229 [doris-1:f:up doris-2:M:up doris-3:f:up]
18:36:14 #22 OK SELECT id=3685510 via doris-1 rows=10230 [doris-1:f:up doris-2:M:up doris-3:f:up]
18:36:15 #23 OK SELECT id=3685510 via doris-1 rows=10230 [doris-1:f:up doris-2:M:up doris-3:f:up]
18:36:16 #24 OK SELECT id=3685510 via doris-1 rows=10229 [doris-1:f:up doris-2:M:up doris-3:f:up]
18:36:17 #25 OK SELECT id=3685510 via doris-1 rows=10228 [doris-1:f:up doris-2:M:up doris-3:f:up]
18:36:18 #26 OK SELECT id=3685510 via doris-1 rows=10229 [doris-1:f:up doris-2:M:up doris-3:f:up]
18:36:19 #27 OK SELECT id=3685510 via doris-1 rows=10230 [doris-1:f:up doris-2:M:up doris-3:f:up]
18:36:20 #28 OK SELECT id=3685510 via doris-1 rows=10230 [doris-1:f:up doris-2:M:up doris-3:f:up]
18:36:21 #29 OK SELECT id=3685510 via doris-1 rows=10229 [doris-1:f:up doris-2:M:up doris-3:f:up]
18:36:22 #30 OK SELECT id=3685510 via doris-1 rows=10228 [doris-1:f:up doris-2:M:up doris-3:f:up]
18:36:23 #31 OK SELECT id=3685510 via doris-1 rows=10229 [doris-1:f:up doris-2:M:up doris-3:f:up]
18:36:24 #32 OK SELECT id=3685510 via doris-1 rows=10230 [doris-1:f:up doris-2:M:up doris-3:f:up]
18:36:25 EVENT break: be crash on doris-1 (FE follower)
18:36:25 #33 OK SELECT id=3685510 via doris-1 rows=10230 [doris-1:f:up doris-2:M:up doris-3:f:up]
18:36:26 #34 OK SELECT id=3685510 via doris-1 rows=10229 [doris-1:f:up doris-2:M:up doris-3:f:up]
18:36:28 #35 OK SELECT id=3685510 via doris-1 rows=10228 [doris-1:f:up doris-2:M:up doris-3:f:up]
18:36:29 #36 OK SELECT id=3685510 via doris-1 rows=10229 [doris-1:f:up doris-2:M:up doris-3:f:up]
18:36:30 #37 OK SELECT id=3685510 via doris-1 rows=10230 [doris-1:f:up doris-2:M:up doris-3:f:up]
18:36:31 #38 OK SELECT id=3685510 via doris-1 rows=10230 [doris-1:f:up doris-2:M:up doris-3:f:up]
18:36:32 #39 OK SELECT id=3685510 via doris-1 rows=10229 [doris-1:f:up doris-2:M:up doris-3:f:up]
18:36:33 #40 FAIL SELECT id=3685510 via doris-1: InternalError: INTERNAL: [FlightSQL] get flight info statement failed, after executeQueryStatement handleQuery, java.lang.Run
18:36:34 connected to doris-1 (10.140.0.2)
18:36:34 #41 FAIL SELECT id=3685510 via doris-1: InternalError: INTERNAL: [FlightSQL] get flight info statement failed, after executeQueryStatement handleQuery, java.lang.Run
18:36:35 connected to doris-1 (10.140.0.2)
18:36:35 #42 OK SELECT id=3685510 via doris-1 rows=10228 [?] (recovered)
18:36:36 #43 OK SELECT id=3685510 via doris-1 rows=10228 [?]
18:36:37 #44 OK SELECT id=3685510 via doris-1 rows=10228 [doris-1:f:up doris-2:M:up doris-3:f:up]
18:36:38 #45 OK SELECT id=3685510 via doris-1 rows=10228 [?]
18:36:39 #46 OK SELECT id=3685510 via doris-1 rows=10230 [doris-1:f:up doris-2:M:up doris-3:f:up]
18:36:40 #47 OK SELECT id=3685510 via doris-1 rows=10230 [doris-1:f:up doris-2:M:up doris-3:f:up]
18:36:41 #48 OK SELECT id=3685510 via doris-1 rows=10230 [doris-1:f:up doris-2:M:up doris-3:f:up]
18:36:42 #49 OK SELECT id=3685510 via doris-1 rows=10228 [doris-1:f:up doris-2:M:up doris-3:f:up]
18:36:43 #50 OK SELECT id=3685510 via doris-1 rows=10228 [doris-1:f:up doris-2:M:up doris-3:f:up]
18:36:44 #51 OK SELECT id=3685510 via doris-1 rows=10230 [doris-1:f:up doris-2:M:up doris-3:f:up]
18:36:46 #52 OK SELECT id=3685510 via doris-1 rows=10230 [doris-1:f:up doris-2:M:up doris-3:f:up]
18:36:47 #53 OK SELECT id=3685510 via doris-1 rows=10230 [doris-1:f:up doris-2:M:up doris-3:f:up]
18:36:48 #54 OK SELECT id=3685510 via doris-1 rows=10228 [doris-1:f:up doris-2:M:up doris-3:f:up]
18:36:48 EVENT recovered: be restarted by systemd on doris-1 (+9s)
18:36:49 #55 OK SELECT id=3685510 via doris-1 rows=10228 [doris-1:f:up doris-2:M:up doris-3:f:up]
18:36:50 #56 OK SELECT id=3685510 via doris-1 rows=10228 [doris-1:f:up doris-2:M:up doris-3:f:up]
18:36:51 #57 OK SELECT id=3685510 via doris-1 rows=10228 [doris-1:f:up doris-2:M:up doris-3:f:up]
18:36:52 #58 OK SELECT id=3685510 via doris-1 rows=10228 [doris-1:f:up doris-2:M:up doris-3:f:up]
18:36:53 #59 OK SELECT id=3685510 via doris-1 rows=10228 [doris-1:f:up doris-2:M:up doris-3:f:up]
18:36:54 #60 OK SELECT id=3685510 via doris-1 rows=10228 [doris-1:f:up doris-2:M:up doris-3:f:up]
18:36:55 #61 OK SELECT id=3685510 via doris-1 rows=10228 [doris-1:f:up doris-2:M:up doris-3:f:up]
18:36:56 #62 OK SELECT id=3685510 via doris-1 rows=10228 [doris-1:f:up doris-2:M:up doris-3:f:up]
18:36:57 #63 OK SELECT id=3685510 via doris-1 rows=10228 [doris-1:f:up doris-2:M:up doris-3:f:up]
18:36:58 #64 OK SELECT id=3685510 via doris-1 rows=10230 [doris-1:f:up doris-2:M:up doris-3:f:up]
18:36:59 #65 OK SELECT id=3685510 via doris-1 rows=10230 [doris-1:f:up doris-2:M:up doris-3:f:up]
18:37:01 #66 OK SELECT id=3685510 via doris-1 rows=10230 [doris-1:f:up doris-2:M:up doris-3:f:up]
18:37:02 #67 OK SELECT id=3685510 via doris-1 rows=10230 [doris-1:f:up doris-2:M:up doris-3:f:up]
18:37:03 #68 OK SELECT id=3685510 via doris-1 rows=10230 [doris-1:f:up doris-2:M:up doris-3:f:up]
18:37:04 #69 OK SELECT id=3685510 via doris-1 rows=10230 [doris-1:f:up doris-2:M:up doris-3:f:up]
18:37:05 #70 OK SELECT id=3685510 via doris-1 rows=10230 [doris-1:f:up doris-2:M:up doris-3:f:up]
18:37:06 #71 OK SELECT id=3685510 via doris-1 rows=10232 [doris-1:f:up doris-2:M:up doris-3:f:up]
18:37:07 #72 OK SELECT id=3685510 via doris-1 rows=10232 [doris-1:f:up doris-2:M:up doris-3:f:up]
18:37:08 #73 OK SELECT id=3685510 via doris-1 rows=10232 [doris-1:f:up doris-2:M:up doris-3:f:up]
18:37:09 #74 OK SELECT id=3685510 via doris-1 rows=10230 [doris-1:f:up doris-2:M:up doris-3:f:up]
18:37:10 #75 OK SELECT id=3685510 via doris-1 rows=10230 [doris-1:f:up doris-2:M:up doris-3:f:up]
18:37:11 #76 OK SELECT id=3685510 via doris-1 rows=10232 [doris-1:f:up doris-2:M:up doris-3:f:up]
18:37:12 #77 OK SELECT id=3685510 via doris-1 rows=10232 [doris-1:f:up doris-2:M:up doris-3:f:up]
18:37:13 #78 OK SELECT id=3685510 via doris-1 rows=10232 [doris-1:f:up doris-2:M:up doris-3:f:up]
18:37:14 #79 OK SELECT id=3685510 via doris-1 rows=10230 [doris-1:f:up doris-2:M:up doris-3:f:up]
18:37:15 #80 OK SELECT id=3685510 via doris-1 rows=10230 [doris-1:f:up doris-2:M:up doris-3:f:up]
18:37:16 #81 OK SELECT id=3685510 via doris-1 rows=10232 [doris-1:f:up doris-2:M:up doris-3:f:up]
18:37:17 #82 OK SELECT id=3685510 via doris-1 rows=10232 [doris-1:f:up doris-2:M:up doris-3:f:up]
18:37:19 #83 OK SELECT id=3685510 via doris-1 rows=10232 [doris-1:f:up doris-2:M:up doris-3:f:up]
18:37:20 #84 OK SELECT id=3685510 via doris-1 rows=10230 [doris-1:f:up doris-2:M:up doris-3:f:up]
18:37:21 #85 OK SELECT id=3685510 via doris-1 rows=10230 [doris-1:f:up doris-2:M:up doris-3:f:up]
18:37:22 #86 OK SELECT id=3685510 via doris-1 rows=10232 [doris-1:f:up doris-2:M:up doris-3:f:up]
18:37:23 #87 OK SELECT id=3685510 via doris-1 rows=10232 [doris-1:f:up doris-2:M:up doris-3:f:up]
18:37:24 #88 OK SELECT id=3685510 via doris-1 rows=10232 [doris-1:f:up doris-2:M:up doris-3:f:up]
18:37:25 #89 OK SELECT id=3685510 via doris-1 rows=10230 [doris-1:f:up doris-2:M:up doris-3:f:up]
18:37:26 #90 OK SELECT id=3685510 via doris-1 rows=10230 [doris-1:f:up doris-2:M:up doris-3:f:up]
18:37:27 #91 OK SELECT id=3685510 via doris-1 rows=10232 [doris-1:f:up doris-2:M:up doris-3:f:up]
18:37:28 #92 OK SELECT id=3685510 via doris-1 rows=10232 [doris-1:f:up doris-2:M:up doris-3:f:up]
18:37:29 #93 OK SELECT id=3685510 via doris-1 rows=10232 [doris-1:f:up doris-2:M:up doris-3:f:up]
18:37:30 #94 OK SELECT id=3685510 via doris-1 rows=10230 [doris-1:f:up doris-2:M:up doris-3:f:up]
18:37:31 #95 OK SELECT id=3685510 via doris-1 rows=10230 [doris-1:f:up doris-2:M:up doris-3:f:up]
18:37:32 #96 OK SELECT id=3685510 via doris-1 rows=10232 [doris-1:f:up doris-2:M:up doris-3:f:up]
18:37:33 #97 OK SELECT id=3685510 via doris-1 rows=10232 [doris-1:f:up doris-2:M:up doris-3:f:up]
18:37:34 #98 OK SELECT id=3685510 via doris-1 rows=10232 [doris-1:f:up doris-2:M:up doris-3:f:up]
18:37:35 #99 OK SELECT id=3685510 via doris-1 rows=10230 [doris-1:f:up doris-2:M:up doris-3:f:up]
18:37:36 #100 OK SELECT id=3685510 via doris-1 rows=10230 [doris-1:f:up doris-2:M:up doris-3:f:up]
18:37:38 #101 OK SELECT id=3685510 via doris-1 rows=10232 [doris-1:f:up doris-2:M:up doris-3:f:up]
18:37:39 #102 OK SELECT id=3685510 via doris-1 rows=10232 [doris-1:f:up doris-2:M:up doris-3:f:up]
18:37:40 #103 OK SELECT id=3685510 via doris-1 rows=10232 [doris-1:f:up doris-2:M:up doris-3:f:up]
18:37:41 #104 OK SELECT id=3685510 via doris-1 rows=10230 [doris-1:f:up doris-2:M:up doris-3:f:up]
18:37:42 #105 OK SELECT id=3685510 via doris-1 rows=10230 [doris-1:f:up doris-2:M:up doris-3:f:up]
18:37:43 #106 OK SELECT id=3685510 via doris-1 rows=10232 [doris-1:f:up doris-2:M:up doris-3:f:up]
18:37:44 #107 OK SELECT id=3685510 via doris-1 rows=10232 [doris-1:f:up doris-2:M:up doris-3:f:up]
18:37:45 #108 OK SELECT id=3685510 via doris-1 rows=10232 [doris-1:f:up doris-2:M:up doris-3:f:up]
18:37:46 #109 OK SELECT id=3685510 via doris-1 rows=10230 [doris-1:f:up doris-2:M:up doris-3:f:up]
18:37:47 #110 OK SELECT id=3685510 via doris-1 rows=10230 [doris-1:f:up doris-2:M:up doris-3:f:up]
18:37:48 #111 OK SELECT id=3685510 via doris-1 rows=10232 [doris-1:f:up doris-2:M:up doris-3:f:up]
18:37:49 #112 OK SELECT id=3685510 via doris-1 rows=10232 [doris-1:f:up doris-2:M:up doris-3:f:up]
18:37:50 #113 OK SELECT id=3685510 via doris-1 rows=10232 [doris-1:f:up doris-2:M:up doris-3:f:up]
18:37:51 #114 OK SELECT id=3685510 via doris-1 rows=10230 [doris-1:f:up doris-2:M:up doris-3:f:up]
18:37:52 #115 OK SELECT id=3685510 via doris-1 rows=10230 [doris-1:f:up doris-2:M:up doris-3:f:up]
18:37:53 #116 OK SELECT id=3685510 via doris-1 rows=10232 [doris-1:f:up doris-2:M:up doris-3:f:up]
18:37:54 #117 OK SELECT id=3685510 via doris-1 rows=10232 [doris-1:f:up doris-2:M:up doris-3:f:up]
18:37:56 #118 OK SELECT id=3685510 via doris-1 rows=10232 [doris-1:f:up doris-2:M:up doris-3:f:up]
18:37:57 #119 OK SELECT id=3685510 via doris-1 rows=10230 [doris-1:f:up doris-2:M:up doris-3:f:up]
18:37:58 #120 OK SELECT id=3685510 via doris-1 rows=10230 [doris-1:f:up doris-2:M:up doris-3:f:up]
18:37:59 #121 OK SELECT id=3685510 via doris-1 rows=10232 [doris-1:f:up doris-2:M:up doris-3:f:up]
18:38:00 #122 OK SELECT id=3685510 via doris-1 rows=10232 [doris-1:f:up doris-2:M:up doris-3:f:up]
18:38:01 #123 OK SELECT id=3685510 via doris-1 rows=10232 [doris-1:f:up doris-2:M:up doris-3:f:up]
18:38:02 #124 OK SELECT id=3685510 via doris-1 rows=10230 [doris-1:f:up doris-2:M:up doris-3:f:up]
18:38:03 #125 OK SELECT id=3685510 via doris-1 rows=10230 [doris-1:f:up doris-2:M:up doris-3:f:up]
18:38:04 #126 OK SELECT id=3685510 via doris-1 rows=10232 [doris-1:f:up doris-2:M:up doris-3:f:up]
18:38:05 #127 OK SELECT id=3685510 via doris-1 rows=10232 [doris-1:f:up doris-2:M:up doris-3:f:up]
18:38:06 #128 OK SELECT id=3685510 via doris-1 rows=10232 [doris-1:f:up doris-2:M:up doris-3:f:up]
18:38:07 #129 OK SELECT id=3685510 via doris-1 rows=10230 [doris-1:f:up doris-2:M:up doris-3:f:up]
18:38:08 #130 OK SELECT id=3685510 via doris-1 rows=10230 [doris-1:f:up doris-2:M:up doris-3:f:up]
18:38:09 #131 OK SELECT id=3685510 via doris-1 rows=10232 [doris-1:f:up doris-2:M:up doris-3:f:up]
18:38:10 #132 OK SELECT id=3685510 via doris-1 rows=10232 [doris-1:f:up doris-2:M:up doris-3:f:up]
18:38:11 #133 OK SELECT id=3685510 via doris-1 rows=10232 [doris-1:f:up doris-2:M:up doris-3:f:up]
18:38:12 #134 OK SELECT id=3685510 via doris-1 rows=10230 [doris-1:f:up doris-2:M:up doris-3:f:up]
18:38:13 #135 OK SELECT id=3685510 via doris-1 rows=10230 [doris-1:f:up doris-2:M:up doris-3:f:up]
18:38:15 #136 OK SELECT id=3685510 via doris-1 rows=10232 [doris-1:f:up doris-2:M:up doris-3:f:up]
18:38:16 #137 OK SELECT id=3685510 via doris-1 rows=10232 [doris-1:f:up doris-2:M:up doris-3:f:up]
18:38:17 #138 OK SELECT id=3685510 via doris-1 rows=10232 [doris-1:f:up doris-2:M:up doris-3:f:up]
18:38:18 #139 OK SELECT id=3685510 via doris-1 rows=10230 [doris-1:f:up doris-2:M:up doris-3:f:up]
18:38:19 #140 OK SELECT id=3685510 via doris-1 rows=10230 [doris-1:f:up doris-2:M:up doris-3:f:up]
18:38:20 #141 OK SELECT id=3685510 via doris-1 rows=10232 [doris-1:f:up doris-2:M:up doris-3:f:up]
18:38:21 #142 OK SELECT id=3685510 via doris-1 rows=10232 [doris-1:f:up doris-2:M:up doris-3:f:up]
18:38:22 #143 OK SELECT id=3685510 via doris-1 rows=10232 [doris-1:f:up doris-2:M:up doris-3:f:up]
18:38:23 #144 OK SELECT id=3685510 via doris-1 rows=10230 [doris-1:f:up doris-2:M:up doris-3:f:up]
18:38:24 #145 OK SELECT id=3685510 via doris-1 rows=10230 [doris-1:f:up doris-2:M:up doris-3:f:up]
18:38:25 #146 OK SELECT id=3685510 via doris-1 rows=10232 [doris-1:f:up doris-2:M:up doris-3:f:up]
18:38:26 EVENT restore: verify be on doris-1
18:38:26 #147 OK SELECT id=3685510 via doris-1 rows=10232 [doris-1:f:up doris-2:M:up doris-3:f:up]
18:38:27 #148 OK SELECT id=3685510 via doris-1 rows=10232 [doris-1:f:up doris-2:M:up doris-3:f:up]
18:38:28 #149 OK SELECT id=3685510 via doris-1 rows=10230 [doris-1:f:up doris-2:M:up doris-3:f:up]
18:38:29 #150 OK SELECT id=3685510 via doris-1 rows=10230 [doris-1:f:up doris-2:M:up doris-3:f:up]
18:38:30 #151 OK SELECT id=3685510 via doris-1 rows=10232 [doris-1:f:up doris-2:M:up doris-3:f:up]
18:38:31 EVENT restore: cluster healthy
18:38:31 #152 OK SELECT id=3685510 via doris-1 rows=10232 [doris-1:f:up doris-2:M:up doris-3:f:up]
18:38:32 #153 OK SELECT id=3685510 via doris-1 rows=10232 [doris-1:f:up doris-2:M:up doris-3:f:up]
18:38:33 #154 OK SELECT id=3685510 via doris-1 rows=10230 [doris-1:f:up doris-2:M:up doris-3:f:up]
18:38:35 #155 OK SELECT id=3685510 via doris-1 rows=10230 [doris-1:f:up doris-2:M:up doris-3:f:up]
18:38:36 #156 OK SELECT id=3685510 via doris-1 rows=10232 [doris-1:f:up doris-2:M:up doris-3:f:up]
18:38:37 #157 OK SELECT id=3685510 via doris-1 rows=10232 [doris-1:f:up doris-2:M:up doris-3:f:up]
18:38:38 #158 OK SELECT id=3685510 via doris-1 rows=10232 [doris-1:f:up doris-2:M:up doris-3:f:up]
18:38:39 #159 OK SELECT id=3685510 via doris-1 rows=10230 [doris-1:f:up doris-2:M:up doris-3:f:up]
18:38:40 #160 OK SELECT id=3685510 via doris-1 rows=10230 [doris-1:f:up doris-2:M:up doris-3:f:up]
18:38:41 #161 OK SELECT id=3685510 via doris-1 rows=10232 [doris-1:f:up doris-2:M:up doris-3:f:up]
18:38:42 #162 OK SELECT id=3685510 via doris-1 rows=10232 [doris-1:f:up doris-2:M:up doris-3:f:up]
18:38:43 #163 OK SELECT id=3685510 via doris-1 rows=10232 [doris-1:f:up doris-2:M:up doris-3:f:up]
18:38:44 #164 OK SELECT id=3685510 via doris-1 rows=10230 [doris-1:f:up doris-2:M:up doris-3:f:up]
18:38:45 #165 OK SELECT id=3685510 via doris-1 rows=10230 [doris-1:f:up doris-2:M:up doris-3:f:up]
18:38:46 #166 OK SELECT id=3685510 via doris-1 rows=10232 [doris-1:f:up doris-2:M:up doris-3:f:up]
18:38:47 #167 OK SELECT id=3685510 via doris-1 rows=10232 [doris-1:f:up doris-2:M:up doris-3:f:up]
18:38:48 #168 OK SELECT id=3685510 via doris-1 rows=10232 [doris-1:f:up doris-2:M:up doris-3:f:up]
18:38:49 #169 OK SELECT id=3685510 via doris-1 rows=10230 [doris-1:f:up doris-2:M:up doris-3:f:up]
18:38:50 #170 OK SELECT id=3685510 via doris-1 rows=10230 [doris-1:f:up doris-2:M:up doris-3:f:up]
18:38:51 #171 OK SELECT id=3685510 via doris-1 rows=10232 [doris-1:f:up doris-2:M:up doris-3:f:up]
18:38:53 #172 OK SELECT id=3685510 via doris-1 rows=10232 [doris-1:f:up doris-2:M:up doris-3:f:up]
18:38:54 #173 OK SELECT id=3685510 via doris-1 rows=10232 [doris-1:f:up doris-2:M:up doris-3:f:up]
18:38:55 #174 OK SELECT id=3685510 via doris-1 rows=10230 [doris-1:f:up doris-2:M:up doris-3:f:up]
18:38:56 #175 OK SELECT id=3685510 via doris-1 rows=10230 [doris-1:f:up doris-2:M:up doris-3:f:up]
18:38:57 #176 OK SELECT id=3685510 via doris-1 rows=10231 [doris-1:f:up doris-2:M:up doris-3:f:up]
18:38:58 #177 OK SELECT id=3685510 via doris-1 rows=10232 [doris-1:f:up doris-2:M:up doris-3:f:up]
18:38:59 #178 OK SELECT id=3685510 via doris-1 rows=10232 [doris-1:f:up doris-2:M:up doris-3:f:up]
18:39:00 #179 OK SELECT id=3685510 via doris-1 rows=10232 [doris-1:f:up doris-2:M:up doris-3:f:up]
18:39:01 #180 OK SELECT id=3685510 via doris-1 rows=10230 [doris-1:f:up doris-2:M:up doris-3:f:up]
18:39:02 #181 OK SELECT id=3685510 via doris-1 rows=10230 [doris-1:f:up doris-2:M:up doris-3:f:up]
18:39:03 #182 OK SELECT id=3685510 via doris-1 rows=10232 [doris-1:f:up doris-2:M:up doris-3:f:up]
18:39:04 #183 OK SELECT id=3685510 via doris-1 rows=10232 [doris-1:f:up doris-2:M:up doris-3:f:up]
18:39:05 #184 OK SELECT id=3685510 via doris-1 rows=10232 [doris-1:f:up doris-2:M:up doris-3:f:up]
18:39:06 #185 OK SELECT id=3685510 via doris-1 rows=10230 [doris-1:f:up doris-2:M:up doris-3:f:up]
