18:42:25 PROBE start proto=arrow-flight hosts=doris-1,doris-2,doris-3 duration=86400s cycle=INSERT>UPSERT>SELECT>DELETE>SELECT
18:42:25 connected to doris-1 (10.140.0.2)
18:42:25 DML unsupported over arrow-flight (InternalError: RuntimeException, msg: getMysqlChannel not in mysql connection (Internal; ExecuteQuery)) — switching to SELECT-only mode
18:42:25 #1 OK SELECT id=3689450 via doris-1 rows=10235 [doris-1:f:up doris-2:M:up doris-3:f:up]
18:42:26 #2 OK SELECT id=3689450 via doris-1 rows=10236 [doris-1:f:up doris-2:M:up doris-3:f:up]
18:42:27 #3 OK SELECT id=3689450 via doris-1 rows=10236 [doris-1:f:up doris-2:M:up doris-3:f:up]
18:42:28 #4 OK SELECT id=3689450 via doris-1 rows=10235 [doris-1:f:up doris-2:M:up doris-3:f:up]
18:42:29 #5 OK SELECT id=3689450 via doris-1 rows=10234 [doris-1:f:up doris-2:M:up doris-3:f:up]
18:42:30 #6 OK SELECT id=3689450 via doris-1 rows=10235 [doris-1:f:up doris-2:M:up doris-3:f:up]
18:42:31 #7 OK SELECT id=3689450 via doris-1 rows=10236 [doris-1:f:up doris-2:M:up doris-3:f:up]
18:42:32 #8 OK SELECT id=3689450 via doris-1 rows=10236 [doris-1:f:up doris-2:M:up doris-3:f:up]
18:42:33 #9 OK SELECT id=3689450 via doris-1 rows=10235 [doris-1:f:up doris-2:M:up doris-3:f:up]
18:42:34 #10 OK SELECT id=3689450 via doris-1 rows=10234 [doris-1:f:up doris-2:M:up doris-3:f:up]
18:42:36 #11 OK SELECT id=3689450 via doris-1 rows=10235 [doris-1:f:up doris-2:M:up doris-3:f:up]
18:42:37 #12 OK SELECT id=3689450 via doris-1 rows=10236 [doris-1:f:up doris-2:M:up doris-3:f:up]
18:42:38 #13 OK SELECT id=3689450 via doris-1 rows=10236 [doris-1:f:up doris-2:M:up doris-3:f:up]
18:42:39 #14 OK SELECT id=3689450 via doris-1 rows=10235 [doris-1:f:up doris-2:M:up doris-3:f:up]
18:42:40 #15 OK SELECT id=3689450 via doris-1 rows=10234 [doris-1:f:up doris-2:M:up doris-3:f:up]
18:42:41 #16 OK SELECT id=3689450 via doris-1 rows=10235 [doris-1:f:up doris-2:M:up doris-3:f:up]
18:42:42 #17 OK SELECT id=3689450 via doris-1 rows=10236 [doris-1:f:up doris-2:M:up doris-3:f:up]
18:42:43 #18 OK SELECT id=3689450 via doris-1 rows=10236 [doris-1:f:up doris-2:M:up doris-3:f:up]
18:42:44 #19 OK SELECT id=3689450 via doris-1 rows=10235 [doris-1:f:up doris-2:M:up doris-3:f:up]
18:42:45 #20 OK SELECT id=3689450 via doris-1 rows=10234 [doris-1:f:up doris-2:M:up doris-3:f:up]
18:42:46 #21 OK SELECT id=3689450 via doris-1 rows=10234 [doris-1:f:up doris-2:M:up doris-3:f:up]
18:42:47 #22 OK SELECT id=3689450 via doris-1 rows=10236 [doris-1:f:up doris-2:M:up doris-3:f:up]
18:42:48 #23 OK SELECT id=3689450 via doris-1 rows=10236 [doris-1:f:up doris-2:M:up doris-3:f:up]
18:42:49 #24 OK SELECT id=3689450 via doris-1 rows=10236 [doris-1:f:up doris-2:M:up doris-3:f:up]
18:42:50 #25 OK SELECT id=3689450 via doris-1 rows=10234 [doris-1:f:up doris-2:M:up doris-3:f:up]
18:42:51 #26 OK SELECT id=3689450 via doris-1 rows=10234 [doris-1:f:up doris-2:M:up doris-3:f:up]
18:42:52 #27 OK SELECT id=3689450 via doris-1 rows=10236 [doris-1:f:up doris-2:M:up doris-3:f:up]
18:42:53 #28 OK SELECT id=3689450 via doris-1 rows=10236 [doris-1:f:up doris-2:M:up doris-3:f:up]
18:42:54 #29 OK SELECT id=3689450 via doris-1 rows=10236 [doris-1:f:up doris-2:M:up doris-3:f:up]
18:42:56 #30 OK SELECT id=3689450 via doris-1 rows=10234 [doris-1:f:up doris-2:M:up doris-3:f:up]
18:42:57 #31 OK SELECT id=3689450 via doris-1 rows=10234 [doris-1:f:up doris-2:M:up doris-3:f:up]
18:42:58 #32 OK SELECT id=3689450 via doris-1 rows=10236 [doris-1:f:up doris-2:M:up doris-3:f:up]
18:42:59 #33 OK SELECT id=3689450 via doris-1 rows=10236 [doris-1:f:up doris-2:M:up doris-3:f:up]
18:42:59 EVENT break: be hang on doris-1 (FE follower)
18:43:00 #34 OK SELECT id=3689450 via doris-1 rows=10236 [doris-1:f:up doris-2:M:up doris-3:f:up]
18:43:09 #35 FAIL SELECT id=3689450 via doris-1: OperationalError: TIMEOUT: [FlightSQL] stream terminated by RST_STREAM with error code: CANCEL (DeadlineExceeded; ExecuteQuery).
18:43:10 connected to doris-1 (10.140.0.2)
18:43:18 #36 FAIL SELECT id=3689450 via doris-1: OperationalError: TIMEOUT: [FlightSQL] context deadline exceeded (DeadlineExceeded; ExecuteQuery). Vendor code: 4
18:43:19 connected to doris-1 (10.140.0.2)
18:43:27 #37 FAIL SELECT id=3689450 via doris-1: OperationalError: TIMEOUT: [FlightSQL] stream terminated by RST_STREAM with error code: CANCEL (DeadlineExceeded; ExecuteQuery).
18:43:28 connected to doris-1 (10.140.0.2)
18:43:36 #38 FAIL SELECT id=3689450 via doris-1: OperationalError: TIMEOUT: [FlightSQL] stream terminated by RST_STREAM with error code: CANCEL (DeadlineExceeded; ExecuteQuery).
18:43:37 connected to doris-1 (10.140.0.2)
18:43:37 #39 OK SELECT id=3689450 via doris-1 rows=10235 [doris-1:f:up doris-2:M:up doris-3:f:up] (recovered)
18:43:38 #40 OK SELECT id=3689450 via doris-1 rows=10236 [doris-1:f:up doris-2:M:up doris-3:f:up]
18:43:39 #41 OK SELECT id=3689450 via doris-1 rows=10236 [doris-1:f:up doris-2:M:up doris-3:f:up]
18:43:40 #42 OK SELECT id=3689450 via doris-1 rows=10236 [doris-1:f:up doris-2:M:up doris-3:f:up]
18:43:41 #43 OK SELECT id=3689450 via doris-1 rows=10234 [doris-1:f:up doris-2:M:up doris-3:f:up]
18:43:42 #44 OK SELECT id=3689450 via doris-1 rows=10234 [doris-1:f:up doris-2:M:up doris-3:f:up]
18:43:43 #45 OK SELECT id=3689450 via doris-1 rows=10236 [doris-1:f:up doris-2:M:up doris-3:f:up]
18:43:44 #46 OK SELECT id=3689450 via doris-1 rows=10236 [doris-1:f:up doris-2:M:up doris-3:f:up]
18:43:45 #47 OK SELECT id=3689450 via doris-1 rows=10236 [doris-1:f:up doris-2:M:up doris-3:f:up]
18:43:46 #48 OK SELECT id=3689450 via doris-1 rows=10234 [doris-1:f:up doris-2:M:up doris-3:f:up]
18:43:47 #49 OK SELECT id=3689450 via doris-1 rows=10234 [doris-1:f:up doris-2:M:up doris-3:f:up]
18:43:48 #50 OK SELECT id=3689450 via doris-1 rows=10236 [doris-1:f:up doris-2:M:up doris-3:f:up]
18:43:50 #51 OK SELECT id=3689450 via doris-1 rows=10236 [doris-1:f:up doris-2:M:up doris-3:f:up]
18:43:51 #52 OK SELECT id=3689450 via doris-1 rows=10236 [doris-1:f:up doris-2:M:up doris-3:f:up]
18:43:52 #53 OK SELECT id=3689450 via doris-1 rows=10234 [doris-1:f:up doris-2:M:up doris-3:f:up]
18:43:53 #54 OK SELECT id=3689450 via doris-1 rows=10234 [doris-1:f:up doris-2:M:up doris-3:f:up]
18:43:54 #55 OK SELECT id=3689450 via doris-1 rows=10236 [doris-1:f:up doris-2:M:up doris-3:f:up]
18:43:55 #56 OK SELECT id=3689450 via doris-1 rows=10236 [doris-1:f:up doris-2:M:up doris-3:f:up]
18:43:56 #57 OK SELECT id=3689450 via doris-1 rows=10236 [doris-1:f:up doris-2:M:up doris-3:f:up]
18:43:57 #58 OK SELECT id=3689450 via doris-1 rows=10234 [doris-1:f:up doris-2:M:up doris-3:f:up]
18:43:58 #59 OK SELECT id=3689450 via doris-1 rows=10234 [doris-1:f:up doris-2:M:up doris-3:f:up]
18:43:59 #60 OK SELECT id=3689450 via doris-1 rows=10236 [doris-1:f:up doris-2:M:up doris-3:f:up]
18:44:00 #61 OK SELECT id=3689450 via doris-1 rows=10236 [doris-1:f:up doris-2:M:up doris-3:f:up]
18:44:01 #62 OK SELECT id=3689450 via doris-1 rows=10236 [doris-1:f:up doris-2:M:up doris-3:f:up]
18:44:02 #63 OK SELECT id=3689450 via doris-1 rows=10234 [doris-1:f:up doris-2:M:up doris-3:f:up]
18:44:03 #64 OK SELECT id=3689450 via doris-1 rows=10234 [doris-1:f:up doris-2:M:up doris-3:f:up]
18:44:04 #65 OK SELECT id=3689450 via doris-1 rows=10236 [doris-1:f:up doris-2:M:up doris-3:f:up]
18:44:05 #66 OK SELECT id=3689450 via doris-1 rows=10236 [doris-1:f:up doris-2:M:up doris-3:f:up]
18:44:06 #67 OK SELECT id=3689450 via doris-1 rows=10236 [doris-1:f:up doris-2:M:up doris-3:f:up]
18:44:07 #68 OK SELECT id=3689450 via doris-1 rows=10234 [doris-1:f:up doris-2:M:up doris-3:f:up]
18:44:08 #69 OK SELECT id=3689450 via doris-1 rows=10234 [doris-1:f:up doris-2:M:up doris-3:f:up]
18:44:09 #70 OK SELECT id=3689450 via doris-1 rows=10236 [doris-1:f:up doris-2:M:up doris-3:f:up]
18:44:11 #71 OK SELECT id=3689450 via doris-1 rows=10236 [doris-1:f:up doris-2:M:up doris-3:f:up]
18:44:12 #72 OK SELECT id=3689450 via doris-1 rows=10236 [doris-1:f:up doris-2:M:up doris-3:f:up]
18:44:13 #73 OK SELECT id=3689450 via doris-1 rows=10234 [doris-1:f:up doris-2:M:up doris-3:f:up]
18:44:14 #74 OK SELECT id=3689450 via doris-1 rows=10234 [doris-1:f:up doris-2:M:up doris-3:f:up]
18:44:15 #75 OK SELECT id=3689450 via doris-1 rows=10236 [doris-1:f:up doris-2:M:up doris-3:f:up]
18:44:16 #76 OK SELECT id=3689450 via doris-1 rows=10236 [doris-1:f:up doris-2:M:up doris-3:f:up]
18:44:17 #77 OK SELECT id=3689450 via doris-1 rows=10236 [doris-1:f:up doris-2:M:up doris-3:f:up]
18:44:18 #78 OK SELECT id=3689450 via doris-1 rows=10234 [doris-1:f:up doris-2:M:up doris-3:f:up]
18:44:19 #79 OK SELECT id=3689450 via doris-1 rows=10234 [doris-1:f:up doris-2:M:up doris-3:f:up]
18:44:20 #80 OK SELECT id=3689450 via doris-1 rows=10236 [doris-1:f:up doris-2:M:up doris-3:f:up]
18:44:21 #81 OK SELECT id=3689450 via doris-1 rows=10236 [doris-1:f:up doris-2:M:up doris-3:f:up]
18:44:22 #82 OK SELECT id=3689450 via doris-1 rows=10236 [doris-1:f:up doris-2:M:up doris-3:f:up]
18:44:23 #83 OK SELECT id=3689450 via doris-1 rows=10234 [doris-1:f:up doris-2:M:up doris-3:f:up]
18:44:24 #84 OK SELECT id=3689450 via doris-1 rows=10234 [doris-1:f:up doris-2:M:up doris-3:f:up]
18:44:25 #85 OK SELECT id=3689450 via doris-1 rows=10236 [doris-1:f:up doris-2:M:up doris-3:f:up]
18:44:26 #86 OK SELECT id=3689450 via doris-1 rows=10236 [doris-1:f:up doris-2:M:up doris-3:f:up]
18:44:27 #87 OK SELECT id=3689450 via doris-1 rows=10236 [doris-1:f:up doris-2:M:up doris-3:f:up]
18:44:28 #88 OK SELECT id=3689450 via doris-1 rows=10234 [doris-1:f:up doris-2:M:up doris-3:f:up]
18:44:29 #89 OK SELECT id=3689450 via doris-1 rows=10234 [doris-1:f:up doris-2:M:up doris-3:f:up]
18:44:31 #90 OK SELECT id=3689450 via doris-1 rows=10236 [doris-1:f:up doris-2:M:up doris-3:f:up]
18:44:32 #91 OK SELECT id=3689450 via doris-1 rows=10236 [doris-1:f:up doris-2:M:up doris-3:f:up]
18:44:33 #92 OK SELECT id=3689450 via doris-1 rows=10236 [doris-1:f:up doris-2:M:up doris-3:f:up]
18:44:34 #93 OK SELECT id=3689450 via doris-1 rows=10234 [doris-1:f:up doris-2:M:up doris-3:f:up]
18:44:35 #94 OK SELECT id=3689450 via doris-1 rows=10234 [doris-1:f:up doris-2:M:up doris-3:f:up]
18:44:36 #95 OK SELECT id=3689450 via doris-1 rows=10236 [doris-1:f:up doris-2:M:up doris-3:f:up]
18:44:37 #96 OK SELECT id=3689450 via doris-1 rows=10236 [doris-1:f:up doris-2:M:up doris-3:f:up]
18:44:38 #97 OK SELECT id=3689450 via doris-1 rows=10236 [doris-1:f:up doris-2:M:up doris-3:f:up]
18:44:39 #98 OK SELECT id=3689450 via doris-1 rows=10234 [doris-1:f:up doris-2:M:up doris-3:f:up]
18:44:40 #99 OK SELECT id=3689450 via doris-1 rows=10234 [doris-1:f:up doris-2:M:up doris-3:f:up]
18:44:41 #100 OK SELECT id=3689450 via doris-1 rows=10236 [doris-1:f:up doris-2:M:up doris-3:f:up]
18:44:42 #101 OK SELECT id=3689450 via doris-1 rows=10236 [doris-1:f:up doris-2:M:up doris-3:f:up]
18:44:43 #102 OK SELECT id=3689450 via doris-1 rows=10236 [doris-1:f:up doris-2:M:up doris-3:f:up]
18:44:44 #103 OK SELECT id=3689450 via doris-1 rows=10234 [doris-1:f:up doris-2:M:up doris-3:f:up]
18:44:45 #104 OK SELECT id=3689450 via doris-1 rows=10234 [doris-1:f:up doris-2:M:up doris-3:f:up]
18:44:46 #105 OK SELECT id=3689450 via doris-1 rows=10236 [doris-1:f:up doris-2:M:up doris-3:f:up]
18:44:47 #106 OK SELECT id=3689450 via doris-1 rows=10236 [doris-1:f:up doris-2:M:up doris-3:f:up]
18:44:48 #107 OK SELECT id=3689450 via doris-1 rows=10236 [doris-1:f:up doris-2:M:up doris-3:f:up]
18:44:49 #108 OK SELECT id=3689450 via doris-1 rows=10234 [doris-1:f:up doris-2:M:up doris-3:f:up]
18:44:50 #109 OK SELECT id=3689450 via doris-1 rows=10234 [doris-1:f:up doris-2:M:up doris-3:f:up]
18:44:52 #110 OK SELECT id=3689450 via doris-1 rows=10236 [doris-1:f:up doris-2:M:up doris-3:f:up]
18:44:53 #111 OK SELECT id=3689450 via doris-1 rows=10236 [doris-1:f:up doris-2:M:up doris-3:f:up]
18:44:54 #112 OK SELECT id=3689450 via doris-1 rows=10236 [doris-1:f:up doris-2:M:up doris-3:f:up]
18:44:55 #113 OK SELECT id=3689450 via doris-1 rows=10234 [doris-1:f:up doris-2:M:up doris-3:f:up]
18:44:56 #114 OK SELECT id=3689450 via doris-1 rows=10234 [doris-1:f:up doris-2:M:up doris-3:f:up]
18:44:57 #115 OK SELECT id=3689450 via doris-1 rows=10236 [doris-1:f:up doris-2:M:up doris-3:f:up]
18:44:58 #116 OK SELECT id=3689450 via doris-1 rows=10236 [doris-1:f:up doris-2:M:up doris-3:f:up]
18:44:59 #117 OK SELECT id=3689450 via doris-1 rows=10236 [doris-1:f:up doris-2:M:up doris-3:f:up]
18:45:00 #118 OK SELECT id=3689450 via doris-1 rows=10234 [doris-1:f:up doris-2:M:up doris-3:f:up]
18:45:01 #119 OK SELECT id=3689450 via doris-1 rows=10234 [doris-1:f:up doris-2:M:up doris-3:f:up]
18:45:02 #120 OK SELECT id=3689450 via doris-1 rows=10236 [doris-1:f:up doris-2:M:up doris-3:f:up]
18:45:03 #121 OK SELECT id=3689450 via doris-1 rows=10236 [doris-1:f:up doris-2:M:up doris-3:f:up]
18:45:04 #122 OK SELECT id=3689450 via doris-1 rows=10236 [doris-1:f:up doris-2:M:up doris-3:f:up]
18:45:05 #123 OK SELECT id=3689450 via doris-1 rows=10234 [doris-1:f:up doris-2:M:up doris-3:f:up]
18:45:06 #124 OK SELECT id=3689450 via doris-1 rows=10234 [doris-1:f:up doris-2:M:up doris-3:f:up]
18:45:07 #125 OK SELECT id=3689450 via doris-1 rows=10236 [doris-1:f:up doris-2:M:up doris-3:f:up]
18:45:08 EVENT restore: resume be on doris-1
18:45:08 #126 OK SELECT id=3689450 via doris-1 rows=10236 [doris-1:f:up doris-2:M:up doris-3:f:up]
18:45:09 #127 OK SELECT id=3689450 via doris-1 rows=10236 [doris-1:f:up doris-2:M:up doris-3:f:up]
18:45:10 #128 OK SELECT id=3689450 via doris-1 rows=10234 [doris-1:f:up doris-2:M:up doris-3:f:up]
18:45:12 #129 OK SELECT id=3689450 via doris-1 rows=10234 [doris-1:f:up doris-2:M:up doris-3:f:up]
18:45:13 #130 OK SELECT id=3689450 via doris-1 rows=10236 [doris-1:f:up doris-2:M:up doris-3:f:up]
18:45:14 #131 OK SELECT id=3689450 via doris-1 rows=10236 [doris-1:f:up doris-2:M:up doris-3:f:up]
18:45:15 #132 OK SELECT id=3689450 via doris-1 rows=10236 [doris-1:f:up doris-2:M:up doris-3:f:up]
18:45:16 #133 OK SELECT id=3689450 via doris-1 rows=10234 [doris-1:f:up doris-2:M:up doris-3:f:up]
18:45:17 #134 OK SELECT id=3689450 via doris-1 rows=10234 [doris-1:f:up doris-2:M:up doris-3:f:up]
18:45:18 #135 OK SELECT id=3689450 via doris-1 rows=10236 [doris-1:f:up doris-2:M:up doris-3:f:up]
18:45:19 #136 OK SELECT id=3689450 via doris-1 rows=10236 [doris-1:f:up doris-2:M:up doris-3:f:up]
18:45:20 #137 OK SELECT id=3689450 via doris-1 rows=10236 [doris-1:f:up doris-2:M:up doris-3:f:up]
18:45:21 #138 OK SELECT id=3689450 via doris-1 rows=10234 [doris-1:f:up doris-2:M:up doris-3:f:up]
18:45:22 #139 OK SELECT id=3689450 via doris-1 rows=10234 [doris-1:f:up doris-2:M:up doris-3:f:up]
18:45:23 #140 OK SELECT id=3689450 via doris-1 rows=10236 [doris-1:f:up doris-2:M:up doris-3:f:up]
18:45:24 #141 OK SELECT id=3689450 via doris-1 rows=10236 [doris-1:f:up doris-2:M:up doris-3:f:up]
18:45:25 #142 OK SELECT id=3689450 via doris-1 rows=10236 [doris-1:f:up doris-2:M:up doris-3:f:up]
18:45:26 #143 OK SELECT id=3689450 via doris-1 rows=10234 [doris-1:f:up doris-2:M:up doris-3:f:up]
18:45:27 #144 OK SELECT id=3689450 via doris-1 rows=10234 [doris-1:f:up doris-2:M:up doris-3:f:up]
18:45:28 #145 OK SELECT id=3689450 via doris-1 rows=10236 [doris-1:f:up doris-2:M:up doris-3:f:up]
18:45:28 EVENT restore: cluster healthy
18:45:29 #146 OK SELECT id=3689450 via doris-1 rows=10236 [doris-1:f:up doris-2:M:up doris-3:f:up]
18:45:30 #147 OK SELECT id=3689450 via doris-1 rows=10236 [doris-1:f:up doris-2:M:up doris-3:f:up]
18:45:32 #148 OK SELECT id=3689450 via doris-1 rows=10234 [doris-1:f:up doris-2:M:up doris-3:f:up]
18:45:33 #149 OK SELECT id=3689450 via doris-1 rows=10234 [doris-1:f:up doris-2:M:up doris-3:f:up]
18:45:34 #150 OK SELECT id=3689450 via doris-1 rows=10236 [doris-1:f:up doris-2:M:up doris-3:f:up]
18:45:35 #151 OK SELECT id=3689450 via doris-1 rows=10236 [doris-1:f:up doris-2:M:up doris-3:f:up]
18:45:36 #152 OK SELECT id=3689450 via doris-1 rows=10236 [doris-1:f:up doris-2:M:up doris-3:f:up]
18:45:37 #153 OK SELECT id=3689450 via doris-1 rows=10234 [doris-1:f:up doris-2:M:up doris-3:f:up]
18:45:38 #154 OK SELECT id=3689450 via doris-1 rows=10234 [doris-1:f:up doris-2:M:up doris-3:f:up]
18:45:39 #155 OK SELECT id=3689450 via doris-1 rows=10236 [doris-1:f:up doris-2:M:up doris-3:f:up]
18:45:40 #156 OK SELECT id=3689450 via doris-1 rows=10236 [doris-1:f:up doris-2:M:up doris-3:f:up]
18:45:41 #157 OK SELECT id=3689450 via doris-1 rows=10236 [doris-1:f:up doris-2:M:up doris-3:f:up]
18:45:42 #158 OK SELECT id=3689450 via doris-1 rows=10234 [doris-1:f:up doris-2:M:up doris-3:f:up]
18:45:43 #159 OK SELECT id=3689450 via doris-1 rows=10234 [doris-1:f:up doris-2:M:up doris-3:f:up]
18:45:44 #160 OK SELECT id=3689450 via doris-1 rows=10236 [doris-1:f:up doris-2:M:up doris-3:f:up]
18:45:45 #161 OK SELECT id=3689450 via doris-1 rows=10236 [doris-1:f:up doris-2:M:up doris-3:f:up]
18:45:46 #162 OK SELECT id=3689450 via doris-1 rows=10236 [doris-1:f:up doris-2:M:up doris-3:f:up]
18:45:47 #163 OK SELECT id=3689450 via doris-1 rows=10234 [doris-1:f:up doris-2:M:up doris-3:f:up]
18:45:48 #164 OK SELECT id=3689450 via doris-1 rows=10234 [doris-1:f:up doris-2:M:up doris-3:f:up]
18:45:49 #165 OK SELECT id=3689450 via doris-1 rows=10236 [doris-1:f:up doris-2:M:up doris-3:f:up]
18:45:51 #166 OK SELECT id=3689450 via doris-1 rows=10236 [doris-1:f:up doris-2:M:up doris-3:f:up]
18:45:52 #167 OK SELECT id=3689450 via doris-1 rows=10236 [doris-1:f:up doris-2:M:up doris-3:f:up]
18:45:53 #168 OK SELECT id=3689450 via doris-1 rows=10234 [doris-1:f:up doris-2:M:up doris-3:f:up]
18:45:54 #169 OK SELECT id=3689450 via doris-1 rows=10234 [doris-1:f:up doris-2:M:up doris-3:f:up]
18:45:55 #170 OK SELECT id=3689450 via doris-1 rows=10236 [doris-1:f:up doris-2:M:up doris-3:f:up]
18:45:56 #171 OK SELECT id=3689450 via doris-1 rows=10236 [doris-1:f:up doris-2:M:up doris-3:f:up]
18:45:57 #172 OK SELECT id=3689450 via doris-1 rows=10236 [doris-1:f:up doris-2:M:up doris-3:f:up]
18:45:58 #173 OK SELECT id=3689450 via doris-1 rows=10234 [doris-1:f:up doris-2:M:up doris-3:f:up]
