03:19:20 PROBE start proto=jdbc hosts=doris-1,doris-2,doris-3 duration=86400s cycle=INSERT>UPSERT>SELECT>DELETE>SELECT url=jdbc:mysql://10.140.0.2:9030,10.140.0.3:9030,10.140.0.4:9030/hatest
03:19:20 connected to doris-1 (driver-selected host)
03:19:20 #1 OK INSERT id=2679600 via doris-1 rows=10067 [doris-1:f:up doris-2:f:up doris-3:M:up]
03:19:21 #2 OK UPSERT id=2679600 via doris-1 rows=10067 [doris-1:f:up doris-2:f:up doris-3:M:up]
03:19:22 #3 OK SELECT id=2679600 via doris-1 rows=10067 [doris-1:f:up doris-2:f:up doris-3:M:up]
03:19:23 #4 OK DELETE id=2679600 via doris-1 rows=10065 [doris-1:f:up doris-2:f:up doris-3:M:up]
03:19:25 #5 OK SELECT id=2679600 via doris-1 rows=10065 [doris-1:f:up doris-2:f:up doris-3:M:up]
03:19:26 #6 OK INSERT id=2679601 via doris-1 rows=10067 [doris-1:f:up doris-2:f:up doris-3:M:up]
03:19:27 #7 OK UPSERT id=2679601 via doris-1 rows=10067 [doris-1:f:up doris-2:f:up doris-3:M:up]
03:19:28 #8 OK SELECT id=2679601 via doris-1 rows=10067 [doris-1:f:up doris-2:f:up doris-3:M:up]
03:19:29 #9 OK DELETE id=2679601 via doris-1 rows=10065 [doris-1:f:up doris-2:f:up doris-3:M:up]
03:19:30 #10 OK SELECT id=2679601 via doris-1 rows=10065 [doris-1:f:up doris-2:f:up doris-3:M:up]
03:19:31 #11 OK INSERT id=2679602 via doris-1 rows=10067 [doris-1:f:up doris-2:f:up doris-3:M:up]
03:19:32 #12 OK UPSERT id=2679602 via doris-1 rows=10067 [doris-1:f:up doris-2:f:up doris-3:M:up]
03:19:33 #13 OK SELECT id=2679602 via doris-1 rows=10067 [doris-1:f:up doris-2:f:up doris-3:M:up]
03:19:34 #14 OK DELETE id=2679602 via doris-1 rows=10065 [doris-1:f:up doris-2:f:up doris-3:M:up]
03:19:35 #15 OK SELECT id=2679602 via doris-1 rows=10065 [doris-1:f:up doris-2:f:up doris-3:M:up]
03:19:36 #16 OK INSERT id=2679603 via doris-1 rows=10067 [doris-1:f:up doris-2:f:up doris-3:M:up]
03:19:37 #17 OK UPSERT id=2679603 via doris-1 rows=10067 [doris-1:f:up doris-2:f:up doris-3:M:up]
03:19:38 #18 OK SELECT id=2679603 via doris-1 rows=10067 [doris-1:f:up doris-2:f:up doris-3:M:up]
03:19:40 #19 OK DELETE id=2679603 via doris-1 rows=10065 [doris-1:f:up doris-2:f:up doris-3:M:up]
03:19:41 #20 OK SELECT id=2679603 via doris-1 rows=10065 [doris-1:f:up doris-2:f:up doris-3:M:up]
03:19:42 #21 OK INSERT id=2679604 via doris-1 rows=10067 [doris-1:f:up doris-2:f:up doris-3:M:up]
03:19:43 #22 OK UPSERT id=2679604 via doris-1 rows=10067 [doris-1:f:up doris-2:f:up doris-3:M:up]
03:19:44 #23 OK SELECT id=2679604 via doris-1 rows=10067 [doris-1:f:up doris-2:f:up doris-3:M:up]
03:19:45 #24 OK DELETE id=2679604 via doris-1 rows=10065 [doris-1:f:up doris-2:f:up doris-3:M:up]
03:19:46 #25 OK SELECT id=2679604 via doris-1 rows=10065 [doris-1:f:up doris-2:f:up doris-3:M:up]
03:19:47 #26 OK INSERT id=2679605 via doris-1 rows=10067 [doris-1:f:up doris-2:f:up doris-3:M:up]
03:19:48 #27 OK UPSERT id=2679605 via doris-1 rows=10067 [doris-1:f:up doris-2:f:up doris-3:M:up]
03:19:49 #28 OK SELECT id=2679605 via doris-1 rows=10067 [doris-1:f:up doris-2:f:up doris-3:M:up]
03:19:50 #29 OK DELETE id=2679605 via doris-1 rows=10065 [doris-1:f:up doris-2:f:up doris-3:M:up]
03:19:51 #30 OK SELECT id=2679605 via doris-1 rows=10065 [doris-1:f:up doris-2:f:up doris-3:M:up]
03:19:52 #31 OK INSERT id=2679606 via doris-1 rows=10067 [doris-1:f:up doris-2:f:up doris-3:M:up]
03:19:53 #32 OK UPSERT id=2679606 via doris-1 rows=10067 [doris-1:f:up doris-2:f:up doris-3:M:up]
03:19:53 EVENT break: vm stop on doris-3 (FE master)
03:19:54 #33 OK SELECT id=2679606 via doris-1 rows=10067 [doris-1:f:up doris-2:f:up doris-3:M:up]
03:19:56 #34 OK DELETE id=2679606 via doris-1 rows=10065 [doris-1:f:up doris-2:f:up doris-3:M:up]
03:19:57 #35 FAIL SELECT id=2679606 via doris-1: SQLException: RpcException, msg: send fragments failed. io.grpc.StatusRuntimeException: UNAVAILABLE: io exception, host: 10.
03:19:58 #36 FAIL INSERT id=2679607 via doris-1: SQLException: Exception, msg: Node catalog is not ready, please wait for a while. To master progress: open editlog. Frontend
03:19:58 #36 FAIL SELECT(check) id=1 via -: SQLException: Exception, msg: Node catalog is not ready, please wait for a while. To master progress: op
03:20:18 connected to doris-1 (driver-selected host)
03:20:18 EVENT break: doris-3 is down
03:20:29 #37 FAIL INSERT id=2679608 via doris-1: CommunicationsException: Communications link failure  The last packet successfully received from the server was 8,009 milliseconds ago.
03:20:29 #37 OK SELECT(check) id=1 via doris-1
03:20:30 connected to doris-1 (driver-selected host)
03:20:30 #38 OK INSERT id=2679609 via doris-1 rows=10068 [doris-1:f:up doris-2:M:up doris-3:f:DOWN] (recovered)
03:20:31 #39 OK UPSERT id=2679609 via doris-1 rows=10068 [doris-1:f:up doris-2:M:up doris-3:f:DOWN]
03:20:32 #40 OK SELECT id=2679609 via doris-1 rows=10068 [doris-1:f:up doris-2:M:up doris-3:f:DOWN]
03:20:33 #41 OK DELETE id=2679609 via doris-1 rows=10066 [doris-1:f:up doris-2:M:up doris-3:f:DOWN]
03:20:34 #42 OK SELECT id=2679609 via doris-1 rows=10066 [doris-1:f:up doris-2:M:up doris-3:f:DOWN]
03:20:35 #43 OK INSERT id=2679610 via doris-1 rows=10068 [doris-1:f:up doris-2:M:up doris-3:f:DOWN]
03:20:37 #44 OK UPSERT id=2679610 via doris-1 rows=10068 [doris-1:f:up doris-2:M:up doris-3:f:DOWN]
03:20:38 #45 OK SELECT id=2679610 via doris-1 rows=10068 [doris-1:f:up doris-2:M:up doris-3:f:DOWN]
03:20:39 #46 OK DELETE id=2679610 via doris-1 rows=10066 [doris-1:f:up doris-2:M:up doris-3:f:DOWN]
03:20:40 #47 OK SELECT id=2679610 via doris-1 rows=10066 [doris-1:f:up doris-2:M:up doris-3:f:DOWN]
03:20:41 #48 OK INSERT id=2679611 via doris-1 rows=10068 [doris-1:f:up doris-2:M:up doris-3:f:DOWN]
03:20:42 #49 OK UPSERT id=2679611 via doris-1 rows=10068 [doris-1:f:up doris-2:M:up doris-3:f:DOWN]
03:20:43 #50 OK SELECT id=2679611 via doris-1 rows=10068 [doris-1:f:up doris-2:M:up doris-3:f:DOWN]
03:20:44 #51 OK DELETE id=2679611 via doris-1 rows=10066 [doris-1:f:up doris-2:M:up doris-3:f:DOWN]
03:20:45 #52 OK SELECT id=2679611 via doris-1 rows=10066 [doris-1:f:up doris-2:M:up doris-3:f:DOWN]
03:20:46 #53 OK INSERT id=2679612 via doris-1 rows=10068 [doris-1:f:up doris-2:M:up doris-3:f:DOWN]
03:20:47 #54 OK UPSERT id=2679612 via doris-1 rows=10068 [doris-1:f:up doris-2:M:up doris-3:f:DOWN]
03:20:48 #55 OK SELECT id=2679612 via doris-1 rows=10068 [doris-1:f:up doris-2:M:up doris-3:f:DOWN]
03:20:49 #56 OK DELETE id=2679612 via doris-1 rows=10066 [doris-1:f:up doris-2:M:up doris-3:f:DOWN]
03:20:51 #57 OK SELECT id=2679612 via doris-1 rows=10066 [doris-1:f:up doris-2:M:up doris-3:f:DOWN]
03:20:52 #58 OK INSERT id=2679613 via doris-1 rows=10068 [doris-1:f:up doris-2:M:up doris-3:f:DOWN]
03:20:53 #59 OK UPSERT id=2679613 via doris-1 rows=10068 [doris-1:f:up doris-2:M:up doris-3:f:DOWN]
03:20:54 #60 OK SELECT id=2679613 via doris-1 rows=10068 [doris-1:f:up doris-2:M:up doris-3:f:DOWN]
03:20:55 #61 OK DELETE id=2679613 via doris-1 rows=10066 [doris-1:f:up doris-2:M:up doris-3:f:DOWN]
03:20:56 #62 OK SELECT id=2679613 via doris-1 rows=10066 [doris-1:f:up doris-2:M:up doris-3:f:DOWN]
03:20:57 #63 OK INSERT id=2679614 via doris-1 rows=10068 [doris-1:f:up doris-2:M:up doris-3:f:DOWN]
03:20:58 #64 OK UPSERT id=2679614 via doris-1 rows=10068 [doris-1:f:up doris-2:M:up doris-3:f:DOWN]
03:20:59 #65 OK SELECT id=2679614 via doris-1 rows=10068 [doris-1:f:up doris-2:M:up doris-3:f:DOWN]
03:21:00 #66 OK DELETE id=2679614 via doris-1 rows=10066 [doris-1:f:up doris-2:M:up doris-3:f:DOWN]
03:21:01 #67 OK SELECT id=2679614 via doris-1 rows=10066 [doris-1:f:up doris-2:M:up doris-3:f:DOWN]
03:21:02 #68 OK INSERT id=2679615 via doris-1 rows=10068 [doris-1:f:up doris-2:M:up doris-3:f:DOWN]
03:21:03 #69 OK UPSERT id=2679615 via doris-1 rows=10068 [doris-1:f:up doris-2:M:up doris-3:f:DOWN]
03:21:04 #70 OK SELECT id=2679615 via doris-1 rows=10068 [doris-1:f:up doris-2:M:up doris-3:f:DOWN]
03:21:06 #71 OK DELETE id=2679615 via doris-1 rows=10066 [doris-1:f:up doris-2:M:up doris-3:f:DOWN]
03:21:07 #72 OK SELECT id=2679615 via doris-1 rows=10066 [doris-1:f:up doris-2:M:up doris-3:f:DOWN]
03:21:08 #73 OK INSERT id=2679616 via doris-1 rows=10068 [doris-1:f:up doris-2:M:up doris-3:f:DOWN]
03:21:09 #74 OK UPSERT id=2679616 via doris-1 rows=10068 [doris-1:f:up doris-2:M:up doris-3:f:DOWN]
03:21:10 #75 OK SELECT id=2679616 via doris-1 rows=10068 [doris-1:f:up doris-2:M:up doris-3:f:DOWN]
03:21:11 #76 OK DELETE id=2679616 via doris-1 rows=10066 [doris-1:f:up doris-2:M:up doris-3:f:DOWN]
03:21:12 #77 OK SELECT id=2679616 via doris-1 rows=10066 [doris-1:f:up doris-2:M:up doris-3:f:DOWN]
03:21:13 #78 OK INSERT id=2679617 via doris-1 rows=10068 [doris-1:f:up doris-2:M:up doris-3:f:DOWN]
03:21:14 #79 OK UPSERT id=2679617 via doris-1 rows=10068 [doris-1:f:up doris-2:M:up doris-3:f:DOWN]
03:21:15 #80 OK SELECT id=2679617 via doris-1 rows=10068 [doris-1:f:up doris-2:M:up doris-3:f:DOWN]
03:21:16 #81 OK DELETE id=2679617 via doris-1 rows=10066 [doris-1:f:up doris-2:M:up doris-3:f:DOWN]
03:21:17 #82 OK SELECT id=2679617 via doris-1 rows=10066 [doris-1:f:up doris-2:M:up doris-3:f:DOWN]
03:21:18 #83 OK INSERT id=2679618 via doris-1 rows=10068 [doris-1:f:up doris-2:M:up doris-3:f:DOWN]
03:21:20 #84 OK UPSERT id=2679618 via doris-1 rows=10068 [doris-1:f:up doris-2:M:up doris-3:f:DOWN]
03:21:21 #85 OK SELECT id=2679618 via doris-1 rows=10068 [doris-1:f:up doris-2:M:up doris-3:f:DOWN]
03:21:22 #86 OK DELETE id=2679618 via doris-1 rows=10066 [doris-1:f:up doris-2:M:up doris-3:f:DOWN]
03:21:23 #87 OK SELECT id=2679618 via doris-1 rows=10067 [doris-1:f:up doris-2:M:up doris-3:f:DOWN]
03:21:24 #88 OK INSERT id=2679619 via doris-1 rows=10068 [doris-1:f:up doris-2:M:up doris-3:f:DOWN]
03:21:25 #89 OK UPSERT id=2679619 via doris-1 rows=10068 [doris-1:f:up doris-2:M:up doris-3:f:DOWN]
03:21:26 #90 OK SELECT id=2679619 via doris-1 rows=10067 [doris-1:f:up doris-2:M:up doris-3:f:DOWN]
03:21:27 #91 OK DELETE id=2679619 via doris-1 rows=10066 [doris-1:f:up doris-2:M:up doris-3:f:DOWN]
03:21:28 #92 OK SELECT id=2679619 via doris-1 rows=10067 [doris-1:f:up doris-2:M:up doris-3:f:DOWN]
03:21:29 #93 OK INSERT id=2679620 via doris-1 rows=10068 [doris-1:f:up doris-2:M:up doris-3:f:DOWN]
03:21:30 #94 OK UPSERT id=2679620 via doris-1 rows=10068 [doris-1:f:up doris-2:M:up doris-3:f:DOWN]
03:21:31 #95 OK SELECT id=2679620 via doris-1 rows=10067 [doris-1:f:up doris-2:M:up doris-3:f:DOWN]
03:21:32 #96 OK DELETE id=2679620 via doris-1 rows=10066 [doris-1:f:up doris-2:M:up doris-3:f:DOWN]
03:21:33 #97 OK SELECT id=2679620 via doris-1 rows=10067 [doris-1:f:up doris-2:M:up doris-3:f:DOWN]
03:21:34 #98 OK INSERT id=2679621 via doris-1 rows=10068 [doris-1:f:up doris-2:M:up doris-3:f:DOWN]
03:21:36 #99 OK UPSERT id=2679621 via doris-1 rows=10068 [doris-1:f:up doris-2:M:up doris-3:f:DOWN]
03:21:37 #100 OK SELECT id=2679621 via doris-1 rows=10068 [doris-1:f:up doris-2:M:up doris-3:f:DOWN]
03:21:38 #101 OK DELETE id=2679621 via doris-1 rows=10066 [doris-1:f:up doris-2:M:up doris-3:f:DOWN]
03:21:39 #102 OK SELECT id=2679621 via doris-1 rows=10067 [doris-1:f:up doris-2:M:up doris-3:f:DOWN]
03:21:40 #103 OK INSERT id=2679622 via doris-1 rows=10068 [doris-1:f:up doris-2:M:up doris-3:f:DOWN]
03:21:41 #104 OK UPSERT id=2679622 via doris-1 rows=10068 [doris-1:f:up doris-2:M:up doris-3:f:DOWN]
03:21:42 #105 OK SELECT id=2679622 via doris-1 rows=10067 [doris-1:f:up doris-2:M:up doris-3:f:DOWN]
03:21:43 #106 OK DELETE id=2679622 via doris-1 rows=10066 [doris-1:f:up doris-2:M:up doris-3:f:DOWN]
03:21:44 #107 OK SELECT id=2679622 via doris-1 rows=10067 [doris-1:f:up doris-2:M:up doris-3:f:DOWN]
03:21:45 #108 OK INSERT id=2679623 via doris-1 rows=10068 [doris-1:f:up doris-2:M:up doris-3:f:DOWN]
03:21:46 #109 OK UPSERT id=2679623 via doris-1 rows=10068 [doris-1:f:up doris-2:M:up doris-3:f:DOWN]
03:21:47 #110 OK SELECT id=2679623 via doris-1 rows=10067 [doris-1:f:up doris-2:M:up doris-3:f:DOWN]
03:21:48 #111 OK DELETE id=2679623 via doris-1 rows=10066 [doris-1:f:up doris-2:M:up doris-3:f:DOWN]
03:21:49 #112 OK SELECT id=2679623 via doris-1 rows=10067 [doris-1:f:up doris-2:M:up doris-3:f:DOWN]
03:21:51 #113 OK INSERT id=2679624 via doris-1 rows=10068 [doris-1:f:up doris-2:M:up doris-3:f:DOWN]
03:21:52 #114 OK UPSERT id=2679624 via doris-1 rows=10068 [doris-1:f:up doris-2:M:up doris-3:f:DOWN]
03:21:53 #115 OK SELECT id=2679624 via doris-1 rows=10067 [doris-1:f:up doris-2:M:up doris-3:f:DOWN]
03:21:54 #116 OK DELETE id=2679624 via doris-1 rows=10066 [doris-1:f:up doris-2:M:up doris-3:f:DOWN]
03:21:55 #117 OK SELECT id=2679624 via doris-1 rows=10067 [doris-1:f:up doris-2:M:up doris-3:f:DOWN]
03:21:56 #118 OK INSERT id=2679625 via doris-1 rows=10068 [doris-1:f:up doris-2:M:up doris-3:f:DOWN]
03:21:56 EVENT restore: start doris-3
03:21:57 #119 OK UPSERT id=2679625 via doris-1 rows=10068 [doris-1:f:up doris-2:M:up doris-3:f:DOWN]
03:21:58 #120 OK SELECT id=2679625 via doris-1 rows=10067 [doris-1:f:up doris-2:M:up doris-3:f:DOWN]
03:21:59 #121 OK DELETE id=2679625 via doris-1 rows=10066 [doris-1:f:up doris-2:M:up doris-3:f:DOWN]
03:22:00 #122 OK SELECT id=2679625 via doris-1 rows=10067 [doris-1:f:up doris-2:M:up doris-3:f:DOWN]
03:22:01 #123 OK INSERT id=2679626 via doris-1 rows=10068 [doris-1:f:up doris-2:M:up doris-3:f:DOWN]
03:22:02 #124 OK UPSERT id=2679626 via doris-1 rows=10068 [doris-1:f:up doris-2:M:up doris-3:f:DOWN]
03:22:03 #125 OK SELECT id=2679626 via doris-1 rows=10067 [doris-1:f:up doris-2:M:up doris-3:f:DOWN]
03:22:04 #126 OK DELETE id=2679626 via doris-1 rows=10066 [doris-1:f:up doris-2:M:up doris-3:f:DOWN]
03:22:05 #127 OK SELECT id=2679626 via doris-1 rows=10067 [doris-1:f:up doris-2:M:up doris-3:f:DOWN]
03:22:06 #128 OK INSERT id=2679627 via doris-1 rows=10068 [doris-1:f:up doris-2:M:up doris-3:f:DOWN]
03:22:08 #129 OK UPSERT id=2679627 via doris-1 rows=10068 [doris-1:f:up doris-2:M:up doris-3:f:DOWN]
03:22:09 #130 OK SELECT id=2679627 via doris-1 rows=10067 [doris-1:f:up doris-2:M:up doris-3:f:DOWN]
03:22:10 #131 OK DELETE id=2679627 via doris-1 rows=10066 [doris-1:f:up doris-2:M:up doris-3:f:DOWN]
03:22:11 #132 OK SELECT id=2679627 via doris-1 rows=10067 [doris-1:f:up doris-2:M:up doris-3:f:DOWN]
03:22:12 #133 OK INSERT id=2679628 via doris-1 rows=10068 [doris-1:f:up doris-2:M:up doris-3:f:DOWN]
03:22:13 #134 OK UPSERT id=2679628 via doris-1 rows=10068 [doris-1:f:up doris-2:M:up doris-3:f:DOWN]
03:22:14 #135 OK SELECT id=2679628 via doris-1 rows=10067 [doris-1:f:up doris-2:M:up doris-3:f:DOWN]
03:22:15 #136 OK DELETE id=2679628 via doris-1 rows=10066 [doris-1:f:up doris-2:M:up doris-3:f:DOWN]
03:22:16 #137 OK SELECT id=2679628 via doris-1 rows=10067 [doris-1:f:up doris-2:M:up doris-3:f:DOWN]
03:22:17 #138 OK INSERT id=2679629 via doris-1 rows=10068 [doris-1:f:up doris-2:M:up doris-3:f:DOWN]
03:22:18 #139 OK UPSERT id=2679629 via doris-1 rows=10068 [doris-1:f:up doris-2:M:up doris-3:f:DOWN]
03:22:19 #140 OK SELECT id=2679629 via doris-1 rows=10067 [doris-1:f:up doris-2:M:up doris-3:f:DOWN]
03:22:20 #141 OK DELETE id=2679629 via doris-1 rows=10066 [doris-1:f:up doris-2:M:up doris-3:f:DOWN]
03:22:21 #142 OK SELECT id=2679629 via doris-1 rows=10067 [doris-1:f:up doris-2:M:up doris-3:f:DOWN]
03:22:22 #143 OK INSERT id=2679630 via doris-1 rows=10068 [doris-1:f:up doris-2:M:up doris-3:f:DOWN]
03:22:23 #144 OK UPSERT id=2679630 via doris-1 rows=10068 [doris-1:f:up doris-2:M:up doris-3:f:DOWN]
03:22:25 #145 OK SELECT id=2679630 via doris-1 rows=10067 [doris-1:f:up doris-2:M:up doris-3:f:DOWN]
03:22:26 #146 OK DELETE id=2679630 via doris-1 rows=10066 [doris-1:f:up doris-2:M:up doris-3:f:DOWN]
03:22:27 #147 OK SELECT id=2679630 via doris-1 rows=10067 [doris-1:f:up doris-2:M:up doris-3:f:DOWN]
03:22:28 #148 OK INSERT id=2679631 via doris-1 rows=10068 [doris-1:f:up doris-2:M:up doris-3:f:DOWN]
03:22:29 #149 OK UPSERT id=2679631 via doris-1 rows=10068 [doris-1:f:up doris-2:M:up doris-3:f:DOWN]
03:22:30 #150 OK SELECT id=2679631 via doris-1 rows=10067 [doris-1:f:up doris-2:M:up doris-3:f:DOWN]
03:22:31 #151 OK DELETE id=2679631 via doris-1 rows=10066 [doris-1:f:up doris-2:M:up doris-3:f:DOWN]
03:22:32 #152 OK SELECT id=2679631 via doris-1 rows=10067 [doris-1:f:up doris-2:M:up doris-3:f:DOWN]
03:22:33 #153 OK INSERT id=2679632 via doris-1 rows=10068 [doris-1:f:up doris-2:M:up doris-3:f:DOWN]
03:22:34 #154 OK UPSERT id=2679632 via doris-1 rows=10068 [doris-1:f:up doris-2:M:up doris-3:f:DOWN]
03:22:35 #155 OK SELECT id=2679632 via doris-1 rows=10067 [doris-1:f:up doris-2:M:up doris-3:f:DOWN]
03:22:36 #156 OK DELETE id=2679632 via doris-1 rows=10066 [doris-1:f:up doris-2:M:up doris-3:f:DOWN]
03:22:37 #157 OK SELECT id=2679632 via doris-1 rows=10067 [doris-1:f:up doris-2:M:up doris-3:f:DOWN]
03:22:38 #158 OK INSERT id=2679633 via doris-1 rows=10068 [doris-1:f:up doris-2:M:up doris-3:f:DOWN]
03:22:39 #159 OK UPSERT id=2679633 via doris-1 rows=10068 [doris-1:f:up doris-2:M:up doris-3:f:DOWN]
03:22:40 #160 OK SELECT id=2679633 via doris-1 rows=10067 [doris-1:f:up doris-2:M:up doris-3:f:DOWN]
03:22:42 #161 OK DELETE id=2679633 via doris-1 rows=10066 [doris-1:f:up doris-2:M:up doris-3:f:DOWN]
03:22:43 #162 OK SELECT id=2679633 via doris-1 rows=10067 [doris-1:f:up doris-2:M:up doris-3:f:up]
03:22:44 #163 OK INSERT id=2679634 via doris-1 rows=10068 [doris-1:f:up doris-2:M:up doris-3:f:up]
03:22:45 #164 OK UPSERT id=2679634 via doris-1 rows=10068 [doris-1:f:up doris-2:M:up doris-3:f:up]
03:22:46 #165 OK SELECT id=2679634 via doris-1 rows=10067 [doris-1:f:up doris-2:M:up doris-3:f:up]
03:22:47 #166 OK DELETE id=2679634 via doris-1 rows=10066 [doris-1:f:up doris-2:M:up doris-3:f:up]
03:22:48 #167 OK SELECT id=2679634 via doris-1 rows=10067 [doris-1:f:up doris-2:M:up doris-3:f:up]
03:22:49 #168 OK INSERT id=2679635 via doris-1 rows=10068 [doris-1:f:up doris-2:M:up doris-3:f:up]
03:22:50 #169 OK UPSERT id=2679635 via doris-1 rows=10068 [doris-1:f:up doris-2:M:up doris-3:f:up]
03:22:51 EVENT restore: cluster healthy
03:22:51 #170 OK SELECT id=2679635 via doris-1 rows=10068 [doris-1:f:up doris-2:M:up doris-3:f:up]
03:22:52 #171 OK DELETE id=2679635 via doris-1 rows=10066 [doris-1:f:up doris-2:M:up doris-3:f:up]
03:22:53 #172 OK SELECT id=2679635 via doris-1 rows=10067 [doris-1:f:up doris-2:M:up doris-3:f:up]
03:22:55 #173 OK INSERT id=2679636 via doris-1 rows=10068 [doris-1:f:up doris-2:M:up doris-3:f:up]
03:22:56 #174 OK UPSERT id=2679636 via doris-1 rows=10068 [doris-1:f:up doris-2:M:up doris-3:f:up]
03:22:57 #175 OK SELECT id=2679636 via doris-1 rows=10067 [doris-1:f:up doris-2:M:up doris-3:f:up]
03:22:58 #176 OK DELETE id=2679636 via doris-1 rows=10066 [doris-1:f:up doris-2:M:up doris-3:f:up]
03:22:59 #177 OK SELECT id=2679636 via doris-1 rows=10067 [doris-1:f:up doris-2:M:up doris-3:f:up]
03:23:00 #178 OK INSERT id=2679637 via doris-1 rows=10068 [doris-1:f:up doris-2:M:up doris-3:f:up]
03:23:01 #179 OK UPSERT id=2679637 via doris-1 rows=10068 [doris-1:f:up doris-2:M:up doris-3:f:up]
03:23:02 #180 OK SELECT id=2679637 via doris-1 rows=10067 [doris-1:f:up doris-2:M:up doris-3:f:up]
03:23:03 #181 OK DELETE id=2679637 via doris-1 rows=10066 [doris-1:f:up doris-2:M:up doris-3:f:up]
03:23:04 #182 OK SELECT id=2679637 via doris-1 rows=10067 [doris-1:f:up doris-2:M:up doris-3:f:up]
03:23:05 #183 OK INSERT id=2679638 via doris-1 rows=10068 [doris-1:f:up doris-2:M:up doris-3:f:up]
03:23:06 #184 OK UPSERT id=2679638 via doris-1 rows=10068 [doris-1:f:up doris-2:M:up doris-3:f:up]
03:23:07 #185 OK SELECT id=2679638 via doris-1 rows=10067 [doris-1:f:up doris-2:M:up doris-3:f:up]
03:23:08 #186 OK DELETE id=2679638 via doris-1 rows=10066 [doris-1:f:up doris-2:M:up doris-3:f:up]
03:23:09 #187 OK SELECT id=2679638 via doris-1 rows=10067 [doris-1:f:up doris-2:M:up doris-3:f:up]
03:23:10 #188 OK INSERT id=2679639 via doris-1 rows=10068 [doris-1:f:up doris-2:M:up doris-3:f:up]
03:23:12 #189 OK UPSERT id=2679639 via doris-1 rows=10068 [doris-1:f:up doris-2:M:up doris-3:f:up]
03:23:13 #190 OK SELECT id=2679639 via doris-1 rows=10067 [doris-1:f:up doris-2:M:up doris-3:f:up]
03:23:14 #191 OK DELETE id=2679639 via doris-1 rows=10066 [doris-1:f:up doris-2:M:up doris-3:f:up]
03:23:15 #192 OK SELECT id=2679639 via doris-1 rows=10067 [doris-1:f:up doris-2:M:up doris-3:f:up]
03:23:16 #193 OK INSERT id=2679640 via doris-1 rows=10068 [doris-1:f:up doris-2:M:up doris-3:f:up]
03:23:17 #194 OK UPSERT id=2679640 via doris-1 rows=10068 [doris-1:f:up doris-2:M:up doris-3:f:up]
03:23:18 #195 OK SELECT id=2679640 via doris-1 rows=10067 [doris-1:f:up doris-2:M:up doris-3:f:up]
03:23:19 #196 OK DELETE id=2679640 via doris-1 rows=10066 [doris-1:f:up doris-2:M:up doris-3:f:up]
