04:21:15 PROBE start proto=arrow-flight hosts=doris-1,doris-2,doris-3 duration=86400s cycle=INSERT>UPSERT>SELECT>DELETE>SELECT
04:21:16 connected to doris-1 (10.140.0.2)
04:21:16 DML unsupported over arrow-flight (InternalError: RuntimeException, msg: getMysqlChannel not in mysql connection (Internal; ExecuteQuery)) — switching to SELECT-only mode
04:21:16 #1 OK SELECT id=3716750 via doris-1 rows=10115 [doris-1:f:up doris-2:f:up doris-3:M:up]
04:21:17 #2 OK SELECT id=3716750 via doris-1 rows=10115 [doris-1:f:up doris-2:f:up doris-3:M:up]
04:21:19 #3 OK SELECT id=3716750 via doris-1 rows=10114 [doris-1:f:up doris-2:f:up doris-3:M:up]
04:21:20 #4 OK SELECT id=3716750 via doris-1 rows=10113 [doris-1:f:up doris-2:f:up doris-3:M:up]
04:21:21 #5 OK SELECT id=3716750 via doris-1 rows=10114 [doris-1:f:up doris-2:f:up doris-3:M:up]
04:21:22 #6 OK SELECT id=3716750 via doris-1 rows=10115 [doris-1:f:up doris-2:f:up doris-3:M:up]
04:21:23 #7 OK SELECT id=3716750 via doris-1 rows=10115 [doris-1:f:up doris-2:f:up doris-3:M:up]
04:21:24 #8 OK SELECT id=3716750 via doris-1 rows=10114 [doris-1:f:up doris-2:f:up doris-3:M:up]
04:21:25 #9 OK SELECT id=3716750 via doris-1 rows=10113 [doris-1:f:up doris-2:f:up doris-3:M:up]
04:21:27 #10 OK SELECT id=3716750 via doris-1 rows=10114 [doris-1:f:up doris-2:f:up doris-3:M:up]
04:21:28 #11 OK SELECT id=3716750 via doris-1 rows=10115 [doris-1:f:up doris-2:f:up doris-3:M:up]
04:21:29 #12 OK SELECT id=3716750 via doris-1 rows=10115 [doris-1:f:up doris-2:f:up doris-3:M:up]
04:21:30 #13 OK SELECT id=3716750 via doris-1 rows=10114 [doris-1:f:up doris-2:f:up doris-3:M:up]
04:21:31 #14 OK SELECT id=3716750 via doris-1 rows=10113 [doris-1:f:up doris-2:f:up doris-3:M:up]
04:21:32 #15 OK SELECT id=3716750 via doris-1 rows=10114 [doris-1:f:up doris-2:f:up doris-3:M:up]
04:21:33 #16 OK SELECT id=3716750 via doris-1 rows=10115 [doris-1:f:up doris-2:f:up doris-3:M:up]
04:21:34 #17 OK SELECT id=3716750 via doris-1 rows=10115 [doris-1:f:up doris-2:f:up doris-3:M:up]
04:21:35 #18 OK SELECT id=3716750 via doris-1 rows=10114 [doris-1:f:up doris-2:f:up doris-3:M:up]
04:21:37 #19 OK SELECT id=3716750 via doris-1 rows=10113 [doris-1:f:up doris-2:f:up doris-3:M:up]
04:21:38 #20 OK SELECT id=3716750 via doris-1 rows=10114 [doris-1:f:up doris-2:f:up doris-3:M:up]
04:21:39 #21 OK SELECT id=3716750 via doris-1 rows=10115 [doris-1:f:up doris-2:f:up doris-3:M:up]
04:21:40 #22 OK SELECT id=3716750 via doris-1 rows=10115 [doris-1:f:up doris-2:f:up doris-3:M:up]
04:21:41 #23 OK SELECT id=3716750 via doris-1 rows=10114 [doris-1:f:up doris-2:f:up doris-3:M:up]
04:21:42 #24 OK SELECT id=3716750 via doris-1 rows=10113 [doris-1:f:up doris-2:f:up doris-3:M:up]
04:21:43 #25 OK SELECT id=3716750 via doris-1 rows=10114 [doris-1:f:up doris-2:f:up doris-3:M:up]
04:21:44 #26 OK SELECT id=3716750 via doris-1 rows=10115 [doris-1:f:up doris-2:f:up doris-3:M:up]
04:21:45 #27 OK SELECT id=3716750 via doris-1 rows=10115 [doris-1:f:up doris-2:f:up doris-3:M:up]
04:21:47 #28 OK SELECT id=3716750 via doris-1 rows=10114 [doris-1:f:up doris-2:f:up doris-3:M:up]
04:21:48 #29 OK SELECT id=3716750 via doris-1 rows=10113 [doris-1:f:up doris-2:f:up doris-3:M:up]
04:21:48 EVENT break: vm stop on doris-3 (FE master)
04:21:49 #30 OK SELECT id=3716750 via doris-1 rows=10114 [doris-1:f:up doris-2:f:up doris-3:M:up]
04:21:50 #31 OK SELECT id=3716750 via doris-1 rows=10115 [doris-1:f:up doris-2:f:up doris-3:M:up]
04:21:51 #32 OK SELECT id=3716750 via doris-1 rows=10115 [doris-1:f:up doris-2:f:up doris-3:M:up]
04:21:52 #33 OK SELECT id=3716750 via doris-1 rows=10114 [doris-1:f:up doris-2:f:up doris-3:M:up]
04:21:53 #34 FAIL SELECT id=3716750 via doris-1: InternalError: INTERNAL: [FlightSQL] get flight info statement failed, after executeQueryStatement handleQuery, java.lang.Run
04:21:54 connected to doris-1 (10.140.0.2)
04:21:54 #35 FAIL SELECT id=3716750 via doris-1: InternalError: INTERNAL: [FlightSQL] get flight info statement failed, after executeQueryStatement handleQuery, java.lang.Run
04:21:55 connected to doris-1 (10.140.0.2)
04:22:03 #36 FAIL SELECT id=3716750 via doris-1: OperationalError: TIMEOUT: [FlightSQL] stream terminated by RST_STREAM with error code: CANCEL (DeadlineExceeded; ExecuteQuery).
04:22:04 connected to doris-1 (10.140.0.2)
04:22:12 #37 FAIL SELECT id=3716750 via doris-1: OperationalError: TIMEOUT: [FlightSQL] stream terminated by RST_STREAM with error code: CANCEL (DeadlineExceeded; ExecuteQuery).
04:22:13 EVENT break: doris-3 is down
04:22:13 connected to doris-1 (10.140.0.2)
04:22:21 #38 FAIL SELECT id=3716750 via doris-1: OperationalError: TIMEOUT: [FlightSQL] stream terminated by RST_STREAM with error code: CANCEL (DeadlineExceeded; ExecuteQuery).
04:22:22 connected to doris-1 (10.140.0.2)
04:22:23 #39 OK SELECT id=3716750 via doris-1 rows=10114 [doris-1:f:up doris-2:M:up doris-3:f:DOWN] (recovered)
04:22:24 #40 OK SELECT id=3716750 via doris-1 rows=10114 [doris-1:f:up doris-2:M:up doris-3:f:DOWN]
04:22:25 #41 OK SELECT id=3716750 via doris-1 rows=10116 [doris-1:f:up doris-2:M:up doris-3:f:DOWN]
04:22:26 #42 OK SELECT id=3716750 via doris-1 rows=10116 [doris-1:f:up doris-2:M:up doris-3:f:DOWN]
04:22:27 #43 OK SELECT id=3716750 via doris-1 rows=10116 [doris-1:f:up doris-2:M:up doris-3:f:DOWN]
04:22:28 #44 OK SELECT id=3716750 via doris-1 rows=10116 [doris-1:f:up doris-2:M:up doris-3:f:DOWN]
04:22:29 #45 OK SELECT id=3716750 via doris-1 rows=10116 [doris-1:f:up doris-2:M:up doris-3:f:DOWN]
04:22:30 #46 OK SELECT id=3716750 via doris-1 rows=10117 [doris-1:f:up doris-2:M:up doris-3:f:DOWN]
04:22:31 #47 OK SELECT id=3716750 via doris-1 rows=10116 [doris-1:f:up doris-2:M:up doris-3:f:DOWN]
04:22:32 #48 OK SELECT id=3716750 via doris-1 rows=10116 [doris-1:f:up doris-2:M:up doris-3:f:DOWN]
04:22:34 #49 OK SELECT id=3716750 via doris-1 rows=10116 [doris-1:f:up doris-2:M:up doris-3:f:DOWN]
04:22:35 #50 OK SELECT id=3716750 via doris-1 rows=10116 [doris-1:f:up doris-2:M:up doris-3:f:DOWN]
04:22:36 #51 OK SELECT id=3716750 via doris-1 rows=10117 [doris-1:f:up doris-2:M:up doris-3:f:DOWN]
04:22:37 #52 OK SELECT id=3716750 via doris-1 rows=10116 [doris-1:f:up doris-2:M:up doris-3:f:DOWN]
04:22:38 #53 OK SELECT id=3716750 via doris-1 rows=10116 [doris-1:f:up doris-2:M:up doris-3:f:DOWN]
04:22:39 #54 OK SELECT id=3716750 via doris-1 rows=10116 [doris-1:f:up doris-2:M:up doris-3:f:DOWN]
04:22:40 #55 OK SELECT id=3716750 via doris-1 rows=10116 [doris-1:f:up doris-2:M:up doris-3:f:DOWN]
04:22:41 #56 OK SELECT id=3716750 via doris-1 rows=10117 [doris-1:f:up doris-2:M:up doris-3:f:DOWN]
04:22:42 #57 OK SELECT id=3716750 via doris-1 rows=10116 [doris-1:f:up doris-2:M:up doris-3:f:DOWN]
04:22:43 #58 OK SELECT id=3716750 via doris-1 rows=10116 [doris-1:f:up doris-2:M:up doris-3:f:DOWN]
04:22:44 #59 OK SELECT id=3716750 via doris-1 rows=10116 [doris-1:f:up doris-2:M:up doris-3:f:DOWN]
04:22:45 #60 OK SELECT id=3716750 via doris-1 rows=10116 [doris-1:f:up doris-2:M:up doris-3:f:DOWN]
04:22:47 #61 OK SELECT id=3716750 via doris-1 rows=10117 [doris-1:f:up doris-2:M:up doris-3:f:DOWN]
04:22:48 #62 OK SELECT id=3716750 via doris-1 rows=10116 [doris-1:f:up doris-2:M:up doris-3:f:DOWN]
04:22:49 #63 OK SELECT id=3716750 via doris-1 rows=10116 [doris-1:f:up doris-2:M:up doris-3:f:DOWN]
04:22:50 #64 OK SELECT id=3716750 via doris-1 rows=10116 [doris-1:f:up doris-2:M:up doris-3:f:DOWN]
04:22:51 #65 OK SELECT id=3716750 via doris-1 rows=10116 [doris-1:f:up doris-2:M:up doris-3:f:DOWN]
04:22:52 #66 OK SELECT id=3716750 via doris-1 rows=10117 [doris-1:f:up doris-2:M:up doris-3:f:DOWN]
04:22:53 #67 OK SELECT id=3716750 via doris-1 rows=10116 [doris-1:f:up doris-2:M:up doris-3:f:DOWN]
04:22:54 #68 OK SELECT id=3716750 via doris-1 rows=10116 [doris-1:f:up doris-2:M:up doris-3:f:DOWN]
04:22:55 #69 OK SELECT id=3716750 via doris-1 rows=10116 [doris-1:f:up doris-2:M:up doris-3:f:DOWN]
04:22:56 #70 OK SELECT id=3716750 via doris-1 rows=10116 [doris-1:f:up doris-2:M:up doris-3:f:DOWN]
04:22:57 #71 OK SELECT id=3716750 via doris-1 rows=10117 [doris-1:f:up doris-2:M:up doris-3:f:DOWN]
04:22:58 #72 OK SELECT id=3716750 via doris-1 rows=10116 [doris-1:f:up doris-2:M:up doris-3:f:DOWN]
04:23:00 #73 OK SELECT id=3716750 via doris-1 rows=10116 [doris-1:f:up doris-2:M:up doris-3:f:DOWN]
04:23:01 #74 OK SELECT id=3716750 via doris-1 rows=10116 [doris-1:f:up doris-2:M:up doris-3:f:DOWN]
04:23:02 #75 OK SELECT id=3716750 via doris-1 rows=10116 [doris-1:f:up doris-2:M:up doris-3:f:DOWN]
04:23:03 #76 OK SELECT id=3716750 via doris-1 rows=10117 [doris-1:f:up doris-2:M:up doris-3:f:DOWN]
04:23:04 #77 OK SELECT id=3716750 via doris-1 rows=10116 [doris-1:f:up doris-2:M:up doris-3:f:DOWN]
04:23:05 #78 OK SELECT id=3716750 via doris-1 rows=10116 [doris-1:f:up doris-2:M:up doris-3:f:DOWN]
04:23:06 #79 OK SELECT id=3716750 via doris-1 rows=10116 [doris-1:f:up doris-2:M:up doris-3:f:DOWN]
04:23:07 #80 OK SELECT id=3716750 via doris-1 rows=10116 [doris-1:f:up doris-2:M:up doris-3:f:DOWN]
04:23:08 #81 OK SELECT id=3716750 via doris-1 rows=10117 [doris-1:f:up doris-2:M:up doris-3:f:DOWN]
04:23:09 #82 OK SELECT id=3716750 via doris-1 rows=10116 [doris-1:f:up doris-2:M:up doris-3:f:DOWN]
04:23:10 #83 OK SELECT id=3716750 via doris-1 rows=10116 [doris-1:f:up doris-2:M:up doris-3:f:DOWN]
04:23:11 #84 OK SELECT id=3716750 via doris-1 rows=10116 [doris-1:f:up doris-2:M:up doris-3:f:DOWN]
04:23:13 #85 OK SELECT id=3716750 via doris-1 rows=10116 [doris-1:f:up doris-2:M:up doris-3:f:DOWN]
04:23:14 #86 OK SELECT id=3716750 via doris-1 rows=10117 [doris-1:f:up doris-2:M:up doris-3:f:DOWN]
04:23:15 #87 OK SELECT id=3716750 via doris-1 rows=10116 [doris-1:f:up doris-2:M:up doris-3:f:DOWN]
04:23:16 #88 OK SELECT id=3716750 via doris-1 rows=10116 [doris-1:f:up doris-2:M:up doris-3:f:DOWN]
04:23:17 #89 OK SELECT id=3716750 via doris-1 rows=10116 [doris-1:f:up doris-2:M:up doris-3:f:DOWN]
04:23:18 #90 OK SELECT id=3716750 via doris-1 rows=10116 [doris-1:f:up doris-2:M:up doris-3:f:DOWN]
04:23:19 #91 OK SELECT id=3716750 via doris-1 rows=10117 [doris-1:f:up doris-2:M:up doris-3:f:DOWN]
04:23:20 #92 OK SELECT id=3716750 via doris-1 rows=10116 [doris-1:f:up doris-2:M:up doris-3:f:DOWN]
04:23:21 #93 OK SELECT id=3716750 via doris-1 rows=10116 [doris-1:f:up doris-2:M:up doris-3:f:DOWN]
04:23:22 #94 OK SELECT id=3716750 via doris-1 rows=10116 [doris-1:f:up doris-2:M:up doris-3:f:DOWN]
04:23:23 #95 OK SELECT id=3716750 via doris-1 rows=10116 [doris-1:f:up doris-2:M:up doris-3:f:DOWN]
04:23:24 #96 OK SELECT id=3716750 via doris-1 rows=10117 [doris-1:f:up doris-2:M:up doris-3:f:DOWN]
04:23:25 #97 OK SELECT id=3716750 via doris-1 rows=10116 [doris-1:f:up doris-2:M:up doris-3:f:DOWN]
04:23:27 #98 OK SELECT id=3716750 via doris-1 rows=10116 [doris-1:f:up doris-2:M:up doris-3:f:DOWN]
04:23:28 #99 OK SELECT id=3716750 via doris-1 rows=10116 [doris-1:f:up doris-2:M:up doris-3:f:DOWN]
04:23:29 #100 OK SELECT id=3716750 via doris-1 rows=10116 [doris-1:f:up doris-2:M:up doris-3:f:DOWN]
04:23:30 #101 OK SELECT id=3716750 via doris-1 rows=10117 [doris-1:f:up doris-2:M:up doris-3:f:DOWN]
04:23:31 #102 OK SELECT id=3716750 via doris-1 rows=10116 [doris-1:f:up doris-2:M:up doris-3:f:DOWN]
04:23:32 #103 OK SELECT id=3716750 via doris-1 rows=10116 [doris-1:f:up doris-2:M:up doris-3:f:DOWN]
04:23:33 #104 OK SELECT id=3716750 via doris-1 rows=10116 [doris-1:f:up doris-2:M:up doris-3:f:DOWN]
04:23:34 #105 OK SELECT id=3716750 via doris-1 rows=10116 [doris-1:f:up doris-2:M:up doris-3:f:DOWN]
04:23:35 #106 OK SELECT id=3716750 via doris-1 rows=10117 [doris-1:f:up doris-2:M:up doris-3:f:DOWN]
04:23:36 #107 OK SELECT id=3716750 via doris-1 rows=10116 [doris-1:f:up doris-2:M:up doris-3:f:DOWN]
04:23:37 #108 OK SELECT id=3716750 via doris-1 rows=10116 [doris-1:f:up doris-2:M:up doris-3:f:DOWN]
04:23:38 #109 OK SELECT id=3716750 via doris-1 rows=10116 [doris-1:f:up doris-2:M:up doris-3:f:DOWN]
04:23:39 #110 OK SELECT id=3716750 via doris-1 rows=10116 [doris-1:f:up doris-2:M:up doris-3:f:DOWN]
04:23:41 #111 OK SELECT id=3716750 via doris-1 rows=10117 [doris-1:f:up doris-2:M:up doris-3:f:DOWN]
04:23:42 #112 OK SELECT id=3716750 via doris-1 rows=10116 [doris-1:f:up doris-2:M:up doris-3:f:DOWN]
04:23:43 #113 OK SELECT id=3716750 via doris-1 rows=10116 [doris-1:f:up doris-2:M:up doris-3:f:DOWN]
04:23:44 #114 OK SELECT id=3716750 via doris-1 rows=10116 [doris-1:f:up doris-2:M:up doris-3:f:DOWN]
04:23:45 #115 OK SELECT id=3716750 via doris-1 rows=10116 [doris-1:f:up doris-2:M:up doris-3:f:DOWN]
04:23:46 #116 OK SELECT id=3716750 via doris-1 rows=10117 [doris-1:f:up doris-2:M:up doris-3:f:DOWN]
04:23:47 #117 OK SELECT id=3716750 via doris-1 rows=10116 [doris-1:f:up doris-2:M:up doris-3:f:DOWN]
04:23:48 #118 OK SELECT id=3716750 via doris-1 rows=10116 [doris-1:f:up doris-2:M:up doris-3:f:DOWN]
04:23:49 #119 OK SELECT id=3716750 via doris-1 rows=10116 [doris-1:f:up doris-2:M:up doris-3:f:DOWN]
04:23:50 #120 OK SELECT id=3716750 via doris-1 rows=10116 [doris-1:f:up doris-2:M:up doris-3:f:DOWN]
04:23:51 EVENT restore: start doris-3
04:23:51 #121 OK SELECT id=3716750 via doris-1 rows=10117 [doris-1:f:up doris-2:M:up doris-3:f:DOWN]
04:23:52 #122 OK SELECT id=3716750 via doris-1 rows=10116 [doris-1:f:up doris-2:M:up doris-3:f:DOWN]
04:23:53 #123 OK SELECT id=3716750 via doris-1 rows=10116 [doris-1:f:up doris-2:M:up doris-3:f:DOWN]
04:23:55 #124 OK SELECT id=3716750 via doris-1 rows=10116 [doris-1:f:up doris-2:M:up doris-3:f:DOWN]
04:23:56 #125 OK SELECT id=3716750 via doris-1 rows=10116 [doris-1:f:up doris-2:M:up doris-3:f:DOWN]
04:23:57 #126 OK SELECT id=3716750 via doris-1 rows=10117 [doris-1:f:up doris-2:M:up doris-3:f:DOWN]
04:23:58 #127 OK SELECT id=3716750 via doris-1 rows=10116 [doris-1:f:up doris-2:M:up doris-3:f:DOWN]
04:23:59 #128 OK SELECT id=3716750 via doris-1 rows=10116 [doris-1:f:up doris-2:M:up doris-3:f:DOWN]
04:24:00 #129 OK SELECT id=3716750 via doris-1 rows=10116 [doris-1:f:up doris-2:M:up doris-3:f:DOWN]
04:24:01 #130 OK SELECT id=3716750 via doris-1 rows=10116 [doris-1:f:up doris-2:M:up doris-3:f:DOWN]
04:24:02 #131 OK SELECT id=3716750 via doris-1 rows=10117 [doris-1:f:up doris-2:M:up doris-3:f:DOWN]
04:24:03 #132 OK SELECT id=3716750 via doris-1 rows=10116 [doris-1:f:up doris-2:M:up doris-3:f:DOWN]
04:24:04 #133 OK SELECT id=3716750 via doris-1 rows=10116 [doris-1:f:up doris-2:M:up doris-3:f:DOWN]
04:24:05 #134 OK SELECT id=3716750 via doris-1 rows=10116 [doris-1:f:up doris-2:M:up doris-3:f:DOWN]
04:24:06 #135 OK SELECT id=3716750 via doris-1 rows=10116 [doris-1:f:up doris-2:M:up doris-3:f:DOWN]
04:24:07 #136 OK SELECT id=3716750 via doris-1 rows=10117 [doris-1:f:up doris-2:M:up doris-3:f:DOWN]
04:24:08 #137 OK SELECT id=3716750 via doris-1 rows=10116 [doris-1:f:up doris-2:M:up doris-3:f:DOWN]
04:24:10 #138 OK SELECT id=3716750 via doris-1 rows=10116 [doris-1:f:up doris-2:M:up doris-3:f:DOWN]
04:24:11 #139 OK SELECT id=3716750 via doris-1 rows=10116 [doris-1:f:up doris-2:M:up doris-3:f:DOWN]
04:24:12 #140 OK SELECT id=3716750 via doris-1 rows=10116 [doris-1:f:up doris-2:M:up doris-3:f:DOWN]
04:24:13 #141 OK SELECT id=3716750 via doris-1 rows=10117 [doris-1:f:up doris-2:M:up doris-3:f:DOWN]
04:24:14 #142 OK SELECT id=3716750 via doris-1 rows=10116 [doris-1:f:up doris-2:M:up doris-3:f:DOWN]
04:24:15 #143 OK SELECT id=3716750 via doris-1 rows=10116 [doris-1:f:up doris-2:M:up doris-3:f:DOWN]
04:24:16 #144 OK SELECT id=3716750 via doris-1 rows=10116 [doris-1:f:up doris-2:M:up doris-3:f:DOWN]
04:24:17 #145 OK SELECT id=3716750 via doris-1 rows=10116 [doris-1:f:up doris-2:M:up doris-3:f:DOWN]
04:24:18 #146 OK SELECT id=3716750 via doris-1 rows=10117 [doris-1:f:up doris-2:M:up doris-3:f:DOWN]
04:24:19 #147 OK SELECT id=3716750 via doris-1 rows=10116 [doris-1:f:up doris-2:M:up doris-3:f:DOWN]
04:24:20 #148 OK SELECT id=3716750 via doris-1 rows=10116 [doris-1:f:up doris-2:M:up doris-3:f:DOWN]
04:24:21 #149 OK SELECT id=3716750 via doris-1 rows=10116 [doris-1:f:up doris-2:M:up doris-3:f:DOWN]
04:24:22 #150 OK SELECT id=3716750 via doris-1 rows=10116 [doris-1:f:up doris-2:M:up doris-3:f:DOWN]
04:24:23 #151 OK SELECT id=3716750 via doris-1 rows=10117 [doris-1:f:up doris-2:M:up doris-3:f:DOWN]
04:24:24 #152 OK SELECT id=3716750 via doris-1 rows=10116 [doris-1:f:up doris-2:M:up doris-3:f:DOWN]
04:24:26 #153 OK SELECT id=3716750 via doris-1 rows=10116 [doris-1:f:up doris-2:M:up doris-3:f:DOWN]
04:24:27 #154 OK SELECT id=3716750 via doris-1 rows=10116 [doris-1:f:up doris-2:M:up doris-3:f:DOWN]
04:24:28 #155 OK SELECT id=3716750 via doris-1 rows=10116 [doris-1:f:up doris-2:M:up doris-3:f:DOWN]
04:24:29 #156 OK SELECT id=3716750 via doris-1 rows=10117 [doris-1:f:up doris-2:M:up doris-3:f:DOWN]
04:24:30 #157 OK SELECT id=3716750 via doris-1 rows=10116 [doris-1:f:up doris-2:M:up doris-3:f:DOWN]
04:24:31 #158 OK SELECT id=3716750 via doris-1 rows=10116 [doris-1:f:up doris-2:M:up doris-3:f:DOWN]
04:24:32 #159 OK SELECT id=3716750 via doris-1 rows=10116 [doris-1:f:up doris-2:M:up doris-3:f:DOWN]
04:24:33 #160 OK SELECT id=3716750 via doris-1 rows=10116 [doris-1:f:up doris-2:M:up doris-3:f:DOWN]
04:24:34 #161 OK SELECT id=3716750 via doris-1 rows=10117 [doris-1:f:up doris-2:M:up doris-3:f:DOWN]
04:24:35 #162 OK SELECT id=3716750 via doris-1 rows=10116 [doris-1:f:up doris-2:M:up doris-3:f:up]
04:24:36 #163 OK SELECT id=3716750 via doris-1 rows=10116 [doris-1:f:up doris-2:M:up doris-3:f:up]
04:24:37 #164 OK SELECT id=3716750 via doris-1 rows=10116 [doris-1:f:up doris-2:M:up doris-3:f:up]
04:24:38 #165 OK SELECT id=3716750 via doris-1 rows=10116 [doris-1:f:up doris-2:M:up doris-3:f:up]
04:24:40 #166 OK SELECT id=3716750 via doris-1 rows=10117 [doris-1:f:up doris-2:M:up doris-3:f:up]
04:24:41 #167 OK SELECT id=3716750 via doris-1 rows=10116 [doris-1:f:up doris-2:M:up doris-3:f:up]
04:24:42 #168 OK SELECT id=3716750 via doris-1 rows=10116 [doris-1:f:up doris-2:M:up doris-3:f:up]
04:24:43 #169 OK SELECT id=3716750 via doris-1 rows=10116 [doris-1:f:up doris-2:M:up doris-3:f:up]
04:24:44 #170 OK SELECT id=3716750 via doris-1 rows=10116 [doris-1:f:up doris-2:M:up doris-3:f:up]
04:24:45 #171 OK SELECT id=3716750 via doris-1 rows=10117 [doris-1:f:up doris-2:M:up doris-3:f:up]
04:24:45 EVENT restore: cluster healthy
04:24:46 #172 OK SELECT id=3716750 via doris-1 rows=10116 [doris-1:f:up doris-2:M:up doris-3:f:up]
04:24:47 #173 OK SELECT id=3716750 via doris-1 rows=10116 [doris-1:f:up doris-2:M:up doris-3:f:up]
04:24:48 #174 OK SELECT id=3716750 via doris-1 rows=10116 [doris-1:f:up doris-2:M:up doris-3:f:up]
04:24:49 #175 OK SELECT id=3716750 via doris-1 rows=10116 [doris-1:f:up doris-2:M:up doris-3:f:up]
04:24:50 #176 OK SELECT id=3716750 via doris-1 rows=10117 [doris-1:f:up doris-2:M:up doris-3:f:up]
04:24:51 #177 OK SELECT id=3716750 via doris-1 rows=10116 [doris-1:f:up doris-2:M:up doris-3:f:up]
04:24:52 #178 OK SELECT id=3716750 via doris-1 rows=10116 [doris-1:f:up doris-2:M:up doris-3:f:up]
04:24:54 #179 OK SELECT id=3716750 via doris-1 rows=10116 [doris-1:f:up doris-2:M:up doris-3:f:up]
04:24:55 #180 OK SELECT id=3716750 via doris-1 rows=10116 [doris-1:f:up doris-2:M:up doris-3:f:up]
04:24:56 #181 OK SELECT id=3716750 via doris-1 rows=10117 [doris-1:f:up doris-2:M:up doris-3:f:up]
04:24:57 #182 OK SELECT id=3716750 via doris-1 rows=10116 [doris-1:f:up doris-2:M:up doris-3:f:up]
04:24:58 #183 OK SELECT id=3716750 via doris-1 rows=10116 [doris-1:f:up doris-2:M:up doris-3:f:up]
04:24:59 #184 OK SELECT id=3716750 via doris-1 rows=10116 [doris-1:f:up doris-2:M:up doris-3:f:up]
04:25:00 #185 OK SELECT id=3716750 via doris-1 rows=10116 [doris-1:f:up doris-2:M:up doris-3:f:up]
04:25:01 #186 OK SELECT id=3716750 via doris-1 rows=10117 [doris-1:f:up doris-2:M:up doris-3:f:up]
04:25:02 #187 OK SELECT id=3716750 via doris-1 rows=10116 [doris-1:f:up doris-2:M:up doris-3:f:up]
04:25:03 #188 OK SELECT id=3716750 via doris-1 rows=10116 [doris-1:f:up doris-2:M:up doris-3:f:up]
04:25:04 #189 OK SELECT id=3716750 via doris-1 rows=10116 [doris-1:f:up doris-2:M:up doris-3:f:up]
04:25:05 #190 OK SELECT id=3716750 via doris-1 rows=10116 [doris-1:f:up doris-2:M:up doris-3:f:up]
04:25:06 #191 OK SELECT id=3716750 via doris-1 rows=10117 [doris-1:f:up doris-2:M:up doris-3:f:up]
04:25:07 #192 OK SELECT id=3716750 via doris-1 rows=10116 [doris-1:f:up doris-2:M:up doris-3:f:up]
04:25:09 #193 OK SELECT id=3716750 via doris-1 rows=10116 [doris-1:f:up doris-2:M:up doris-3:f:up]
04:25:10 #194 OK SELECT id=3716750 via doris-1 rows=10116 [doris-1:f:up doris-2:M:up doris-3:f:up]
04:25:11 #195 OK SELECT id=3716750 via doris-1 rows=10116 [doris-1:f:up doris-2:M:up doris-3:f:up]
04:25:12 #196 OK SELECT id=3716750 via doris-1 rows=10117 [doris-1:f:up doris-2:M:up doris-3:f:up]
04:25:13 #197 OK SELECT id=3716750 via doris-1 rows=10116 [doris-1:f:up doris-2:M:up doris-3:f:up]
04:25:14 #198 OK SELECT id=3716750 via doris-1 rows=10116 [doris-1:f:up doris-2:M:up doris-3:f:up]
04:25:15 #199 OK SELECT id=3716750 via doris-1 rows=10116 [doris-1:f:up doris-2:M:up doris-3:f:up]
