19:08:49 PROBE start proto=jdbc hosts=doris-1,doris-2,doris-3 duration=86400s cycle=INSERT>UPSERT>SELECT>DELETE>SELECT url=jdbc:mysql://10.140.0.2:9030,10.140.0.3:9030,10.140.0.4:9030/hatest
19:08:49 connected to doris-1 (driver-selected host)
19:08:50 #1 OK INSERT id=2705290 via doris-1 rows=10248 [doris-1:f:up doris-2:f:up doris-3:M:up]
19:08:51 #2 OK UPSERT id=2705290 via doris-1 rows=10248 [doris-1:f:up doris-2:f:up doris-3:M:up]
19:08:52 #3 OK SELECT id=2705290 via doris-1 rows=10248 [doris-1:f:up doris-2:f:up doris-3:M:up]
19:08:53 #4 OK DELETE id=2705290 via doris-1 rows=10246 [doris-1:f:up doris-2:f:up doris-3:M:up]
19:08:54 #5 OK SELECT id=2705290 via doris-1 rows=10246 [doris-1:f:up doris-2:f:up doris-3:M:up]
19:08:55 #6 OK INSERT id=2705291 via doris-1 rows=10248 [doris-1:f:up doris-2:f:up doris-3:M:up]
19:08:56 #7 OK UPSERT id=2705291 via doris-1 rows=10248 [doris-1:f:up doris-2:f:up doris-3:M:up]
19:08:57 #8 OK SELECT id=2705291 via doris-1 rows=10248 [doris-1:f:up doris-2:f:up doris-3:M:up]
19:08:59 #9 OK DELETE id=2705291 via doris-1 rows=10246 [doris-1:f:up doris-2:f:up doris-3:M:up]
19:09:00 #10 OK SELECT id=2705291 via doris-1 rows=10246 [doris-1:f:up doris-2:f:up doris-3:M:up]
19:09:01 #11 OK INSERT id=2705292 via doris-1 rows=10248 [doris-1:f:up doris-2:f:up doris-3:M:up]
19:09:02 #12 OK UPSERT id=2705292 via doris-1 rows=10248 [doris-1:f:up doris-2:f:up doris-3:M:up]
19:09:03 #13 OK SELECT id=2705292 via doris-1 rows=10248 [doris-1:f:up doris-2:f:up doris-3:M:up]
19:09:04 #14 OK DELETE id=2705292 via doris-1 rows=10246 [doris-1:f:up doris-2:f:up doris-3:M:up]
19:09:05 #15 OK SELECT id=2705292 via doris-1 rows=10246 [doris-1:f:up doris-2:f:up doris-3:M:up]
19:09:06 #16 OK INSERT id=2705293 via doris-1 rows=10248 [doris-1:f:up doris-2:f:up doris-3:M:up]
19:09:07 #17 OK UPSERT id=2705293 via doris-1 rows=10248 [doris-1:f:up doris-2:f:up doris-3:M:up]
19:09:08 #18 OK SELECT id=2705293 via doris-1 rows=10248 [doris-1:f:up doris-2:f:up doris-3:M:up]
19:09:10 #19 OK DELETE id=2705293 via doris-1 rows=10246 [doris-1:f:up doris-2:f:up doris-3:M:up]
19:09:11 #20 OK SELECT id=2705293 via doris-1 rows=10246 [doris-1:f:up doris-2:f:up doris-3:M:up]
19:09:12 #21 OK INSERT id=2705294 via doris-1 rows=10248 [doris-1:f:up doris-2:f:up doris-3:M:up]
19:09:13 #22 OK UPSERT id=2705294 via doris-1 rows=10248 [doris-1:f:up doris-2:f:up doris-3:M:up]
19:09:14 #23 OK SELECT id=2705294 via doris-1 rows=10248 [doris-1:f:up doris-2:f:up doris-3:M:up]
19:09:15 #24 OK DELETE id=2705294 via doris-1 rows=10246 [doris-1:f:up doris-2:f:up doris-3:M:up]
19:09:16 #25 OK SELECT id=2705294 via doris-1 rows=10246 [doris-1:f:up doris-2:f:up doris-3:M:up]
19:09:17 #26 OK INSERT id=2705295 via doris-1 rows=10248 [doris-1:f:up doris-2:f:up doris-3:M:up]
19:09:18 #27 OK UPSERT id=2705295 via doris-1 rows=10248 [doris-1:f:up doris-2:f:up doris-3:M:up]
19:09:19 #28 OK SELECT id=2705295 via doris-1 rows=10248 [doris-1:f:up doris-2:f:up doris-3:M:up]
19:09:21 #29 OK DELETE id=2705295 via doris-1 rows=10246 [doris-1:f:up doris-2:f:up doris-3:M:up]
19:09:22 #30 OK SELECT id=2705295 via doris-1 rows=10246 [doris-1:f:up doris-2:f:up doris-3:M:up]
19:09:23 EVENT break: vm stop on doris-3 (FE master)
19:09:23 #31 OK INSERT id=2705296 via doris-1 rows=10248 [doris-1:f:up doris-2:f:up doris-3:M:up]
19:09:24 #32 OK UPSERT id=2705296 via doris-1 rows=10248 [doris-1:f:up doris-2:f:up doris-3:M:up]
19:09:25 #33 OK SELECT id=2705296 via doris-1 rows=10248 [doris-1:f:up doris-2:f:up doris-3:M:up]
19:09:26 #34 FAIL DELETE id=2705296 via doris-1: SQLException: ForwardToMasterException, msg: forward to master FE TNetworkAddress(hostname:10.140.0.4, port:9020), statement
19:09:27 #34 FAIL SELECT(check) id=1 via -: SQLException: Exception, msg: Node catalog is not ready, please wait for a while. To master progress: op
19:09:28 #35 FAIL INSERT id=2705297 via doris-1: SQLException: Exception, msg: Node catalog is not ready, please wait for a while. To master progress: open editlog. Frontend
19:09:28 #35 FAIL SELECT(check) id=1 via -: SQLException: Exception, msg: Node catalog is not ready, please wait for a while. To master progress: op
19:09:48 connected to doris-1 (driver-selected host)
19:09:52 EVENT break: doris-3 is down
19:09:59 #36 FAIL INSERT id=2705298 via doris-1: CommunicationsException: Communications link failure  The last packet successfully received from the server was 8,009 milliseconds ago.
19:09:59 #36 OK SELECT(check) id=1 via doris-1
19:10:00 connected to doris-1 (driver-selected host)
19:10:00 #37 OK INSERT id=2705299 via doris-1 rows=10248 [doris-1:f:up doris-2:M:up doris-3:f:DOWN] (recovered)
19:10:01 #38 OK UPSERT id=2705299 via doris-1 rows=10249 [doris-1:f:up doris-2:M:up doris-3:f:DOWN]
19:10:02 #39 OK SELECT id=2705299 via doris-1 rows=10249 [doris-1:f:up doris-2:M:up doris-3:f:DOWN]
19:10:04 #40 OK DELETE id=2705299 via doris-1 rows=10248 [doris-1:f:up doris-2:M:up doris-3:f:DOWN]
19:10:05 #41 OK SELECT id=2705299 via doris-1 rows=10247 [doris-1:f:up doris-2:M:up doris-3:f:DOWN]
19:10:06 #42 OK INSERT id=2705300 via doris-1 rows=10248 [doris-1:f:up doris-2:M:up doris-3:f:DOWN]
19:10:07 #43 OK UPSERT id=2705300 via doris-1 rows=10249 [doris-1:f:up doris-2:M:up doris-3:f:DOWN]
19:10:08 #44 OK SELECT id=2705300 via doris-1 rows=10249 [doris-1:f:up doris-2:M:up doris-3:f:DOWN]
19:10:09 #45 OK DELETE id=2705300 via doris-1 rows=10248 [doris-1:f:up doris-2:M:up doris-3:f:DOWN]
19:10:10 #46 OK SELECT id=2705300 via doris-1 rows=10247 [doris-1:f:up doris-2:M:up doris-3:f:DOWN]
19:10:11 #47 OK INSERT id=2705301 via doris-1 rows=10248 [doris-1:f:up doris-2:M:up doris-3:f:DOWN]
19:10:12 #48 OK UPSERT id=2705301 via doris-1 rows=10249 [doris-1:f:up doris-2:M:up doris-3:f:DOWN]
19:10:13 #49 OK SELECT id=2705301 via doris-1 rows=10249 [doris-1:f:up doris-2:M:up doris-3:f:DOWN]
19:10:15 #50 OK DELETE id=2705301 via doris-1 rows=10248 [doris-1:f:up doris-2:M:up doris-3:f:DOWN]
19:10:16 #51 OK SELECT id=2705301 via doris-1 rows=10247 [doris-1:f:up doris-2:M:up doris-3:f:DOWN]
19:10:17 #52 OK INSERT id=2705302 via doris-1 rows=10248 [doris-1:f:up doris-2:M:up doris-3:f:DOWN]
19:10:18 #53 OK UPSERT id=2705302 via doris-1 rows=10249 [doris-1:f:up doris-2:M:up doris-3:f:DOWN]
19:10:19 #54 OK SELECT id=2705302 via doris-1 rows=10249 [doris-1:f:up doris-2:M:up doris-3:f:DOWN]
19:10:20 #55 OK DELETE id=2705302 via doris-1 rows=10248 [doris-1:f:up doris-2:M:up doris-3:f:DOWN]
19:10:21 #56 OK SELECT id=2705302 via doris-1 rows=10247 [doris-1:f:up doris-2:M:up doris-3:f:DOWN]
19:10:22 #57 OK INSERT id=2705303 via doris-1 rows=10248 [doris-1:f:up doris-2:M:up doris-3:f:DOWN]
19:10:23 #58 OK UPSERT id=2705303 via doris-1 rows=10249 [doris-1:f:up doris-2:M:up doris-3:f:DOWN]
19:10:24 #59 OK SELECT id=2705303 via doris-1 rows=10249 [doris-1:f:up doris-2:M:up doris-3:f:DOWN]
19:10:25 #60 OK DELETE id=2705303 via doris-1 rows=10248 [doris-1:f:up doris-2:M:up doris-3:f:DOWN]
19:10:27 #61 OK SELECT id=2705303 via doris-1 rows=10247 [doris-1:f:up doris-2:M:up doris-3:f:DOWN]
19:10:28 #62 OK INSERT id=2705304 via doris-1 rows=10248 [doris-1:f:up doris-2:M:up doris-3:f:DOWN]
19:10:29 #63 OK UPSERT id=2705304 via doris-1 rows=10249 [doris-1:f:up doris-2:M:up doris-3:f:DOWN]
19:10:30 #64 OK SELECT id=2705304 via doris-1 rows=10249 [doris-1:f:up doris-2:M:up doris-3:f:DOWN]
19:10:31 #65 OK DELETE id=2705304 via doris-1 rows=10248 [doris-1:f:up doris-2:M:up doris-3:f:DOWN]
19:10:32 #66 OK SELECT id=2705304 via doris-1 rows=10247 [doris-1:f:up doris-2:M:up doris-3:f:DOWN]
19:10:33 #67 OK INSERT id=2705305 via doris-1 rows=10248 [doris-1:f:up doris-2:M:up doris-3:f:DOWN]
19:10:34 #68 OK UPSERT id=2705305 via doris-1 rows=10249 [doris-1:f:up doris-2:M:up doris-3:f:DOWN]
19:10:35 #69 OK SELECT id=2705305 via doris-1 rows=10249 [doris-1:f:up doris-2:M:up doris-3:f:DOWN]
19:10:36 #70 OK DELETE id=2705305 via doris-1 rows=10248 [doris-1:f:up doris-2:M:up doris-3:f:DOWN]
19:10:37 #71 OK SELECT id=2705305 via doris-1 rows=10247 [doris-1:f:up doris-2:M:up doris-3:f:DOWN]
19:10:39 #72 OK INSERT id=2705306 via doris-1 rows=10248 [doris-1:f:up doris-2:M:up doris-3:f:DOWN]
19:10:40 #73 OK UPSERT id=2705306 via doris-1 rows=10249 [doris-1:f:up doris-2:M:up doris-3:f:DOWN]
19:10:41 #74 OK SELECT id=2705306 via doris-1 rows=10249 [doris-1:f:up doris-2:M:up doris-3:f:DOWN]
19:10:42 #75 OK DELETE id=2705306 via doris-1 rows=10248 [doris-1:f:up doris-2:M:up doris-3:f:DOWN]
19:10:43 #76 OK SELECT id=2705306 via doris-1 rows=10247 [doris-1:f:up doris-2:M:up doris-3:f:DOWN]
19:10:44 #77 OK INSERT id=2705307 via doris-1 rows=10248 [doris-1:f:up doris-2:M:up doris-3:f:DOWN]
19:10:45 #78 OK UPSERT id=2705307 via doris-1 rows=10249 [doris-1:f:up doris-2:M:up doris-3:f:DOWN]
19:10:46 #79 OK SELECT id=2705307 via doris-1 rows=10249 [doris-1:f:up doris-2:M:up doris-3:f:DOWN]
19:10:47 #80 OK DELETE id=2705307 via doris-1 rows=10248 [doris-1:f:up doris-2:M:up doris-3:f:DOWN]
19:10:48 #81 OK SELECT id=2705307 via doris-1 rows=10247 [doris-1:f:up doris-2:M:up doris-3:f:DOWN]
19:10:49 #82 OK INSERT id=2705308 via doris-1 rows=10248 [doris-1:f:up doris-2:M:up doris-3:f:DOWN]
19:10:51 #83 OK UPSERT id=2705308 via doris-1 rows=10249 [doris-1:f:up doris-2:M:up doris-3:f:DOWN]
19:10:52 #84 OK SELECT id=2705308 via doris-1 rows=10249 [doris-1:f:up doris-2:M:up doris-3:f:DOWN]
19:10:53 #85 OK DELETE id=2705308 via doris-1 rows=10248 [doris-1:f:up doris-2:M:up doris-3:f:DOWN]
19:10:54 #86 OK SELECT id=2705308 via doris-1 rows=10247 [doris-1:f:up doris-2:M:up doris-3:f:DOWN]
19:10:55 #87 OK INSERT id=2705309 via doris-1 rows=10248 [doris-1:f:up doris-2:M:up doris-3:f:DOWN]
19:10:56 #88 OK UPSERT id=2705309 via doris-1 rows=10249 [doris-1:f:up doris-2:M:up doris-3:f:DOWN]
19:10:57 #89 OK SELECT id=2705309 via doris-1 rows=10249 [doris-1:f:up doris-2:M:up doris-3:f:DOWN]
19:10:58 #90 OK DELETE id=2705309 via doris-1 rows=10248 [doris-1:f:up doris-2:M:up doris-3:f:DOWN]
19:10:59 #91 OK SELECT id=2705309 via doris-1 rows=10247 [doris-1:f:up doris-2:M:up doris-3:f:DOWN]
19:11:00 #92 OK INSERT id=2705310 via doris-1 rows=10248 [doris-1:f:up doris-2:M:up doris-3:f:DOWN]
19:11:01 #93 OK UPSERT id=2705310 via doris-1 rows=10249 [doris-1:f:up doris-2:M:up doris-3:f:DOWN]
19:11:02 #94 OK SELECT id=2705310 via doris-1 rows=10249 [doris-1:f:up doris-2:M:up doris-3:f:DOWN]
19:11:04 #95 OK DELETE id=2705310 via doris-1 rows=10248 [doris-1:f:up doris-2:M:up doris-3:f:DOWN]
19:11:05 #96 OK SELECT id=2705310 via doris-1 rows=10247 [doris-1:f:up doris-2:M:up doris-3:f:DOWN]
19:11:06 #97 OK INSERT id=2705311 via doris-1 rows=10248 [doris-1:f:up doris-2:M:up doris-3:f:DOWN]
19:11:07 #98 OK UPSERT id=2705311 via doris-1 rows=10249 [doris-1:f:up doris-2:M:up doris-3:f:DOWN]
19:11:08 #99 OK SELECT id=2705311 via doris-1 rows=10249 [doris-1:f:up doris-2:M:up doris-3:f:DOWN]
19:11:09 #100 OK DELETE id=2705311 via doris-1 rows=10248 [doris-1:f:up doris-2:M:up doris-3:f:DOWN]
19:11:10 #101 OK SELECT id=2705311 via doris-1 rows=10247 [doris-1:f:up doris-2:M:up doris-3:f:DOWN]
19:11:11 #102 OK INSERT id=2705312 via doris-1 rows=10248 [doris-1:f:up doris-2:M:up doris-3:f:DOWN]
19:11:12 #103 OK UPSERT id=2705312 via doris-1 rows=10249 [doris-1:f:up doris-2:M:up doris-3:f:DOWN]
19:11:13 #104 OK SELECT id=2705312 via doris-1 rows=10249 [doris-1:f:up doris-2:M:up doris-3:f:DOWN]
19:11:14 #105 OK DELETE id=2705312 via doris-1 rows=10248 [doris-1:f:up doris-2:M:up doris-3:f:DOWN]
19:11:15 #106 OK SELECT id=2705312 via doris-1 rows=10247 [doris-1:f:up doris-2:M:up doris-3:f:DOWN]
19:11:16 #107 OK INSERT id=2705313 via doris-1 rows=10248 [doris-1:f:up doris-2:M:up doris-3:f:DOWN]
19:11:18 #108 OK UPSERT id=2705313 via doris-1 rows=10249 [doris-1:f:up doris-2:M:up doris-3:f:DOWN]
19:11:19 #109 OK SELECT id=2705313 via doris-1 rows=10249 [doris-1:f:up doris-2:M:up doris-3:f:DOWN]
19:11:20 #110 OK DELETE id=2705313 via doris-1 rows=10248 [doris-1:f:up doris-2:M:up doris-3:f:DOWN]
19:11:21 #111 OK SELECT id=2705313 via doris-1 rows=10247 [doris-1:f:up doris-2:M:up doris-3:f:DOWN]
19:11:22 #112 OK INSERT id=2705314 via doris-1 rows=10248 [doris-1:f:up doris-2:M:up doris-3:f:DOWN]
19:11:23 #113 OK UPSERT id=2705314 via doris-1 rows=10249 [doris-1:f:up doris-2:M:up doris-3:f:DOWN]
19:11:24 #114 OK SELECT id=2705314 via doris-1 rows=10249 [doris-1:f:up doris-2:M:up doris-3:f:DOWN]
19:11:25 #115 OK DELETE id=2705314 via doris-1 rows=10248 [doris-1:f:up doris-2:M:up doris-3:f:DOWN]
19:11:26 #116 OK SELECT id=2705314 via doris-1 rows=10247 [doris-1:f:up doris-2:M:up doris-3:f:DOWN]
19:11:27 #117 OK INSERT id=2705315 via doris-1 rows=10248 [doris-1:f:up doris-2:M:up doris-3:f:DOWN]
19:11:28 #118 OK UPSERT id=2705315 via doris-1 rows=10249 [doris-1:f:up doris-2:M:up doris-3:f:DOWN]
19:11:29 #119 OK SELECT id=2705315 via doris-1 rows=10249 [doris-1:f:up doris-2:M:up doris-3:f:DOWN]
19:11:31 #120 OK DELETE id=2705315 via doris-1 rows=10248 [doris-1:f:up doris-2:M:up doris-3:f:DOWN]
19:11:32 #121 OK SELECT id=2705315 via doris-1 rows=10247 [doris-1:f:up doris-2:M:up doris-3:f:DOWN]
19:11:32 EVENT restore: start doris-3
19:11:33 #122 OK INSERT id=2705316 via doris-1 rows=10248 [doris-1:f:up doris-2:M:up doris-3:f:DOWN]
19:11:34 #123 OK UPSERT id=2705316 via doris-1 rows=10249 [doris-1:f:up doris-2:M:up doris-3:f:DOWN]
19:11:35 #124 OK SELECT id=2705316 via doris-1 rows=10249 [doris-1:f:up doris-2:M:up doris-3:f:DOWN]
19:11:36 #125 OK DELETE id=2705316 via doris-1 rows=10248 [doris-1:f:up doris-2:M:up doris-3:f:DOWN]
19:11:37 #126 OK SELECT id=2705316 via doris-1 rows=10247 [doris-1:f:up doris-2:M:up doris-3:f:DOWN]
19:11:38 #127 OK INSERT id=2705317 via doris-1 rows=10248 [doris-1:f:up doris-2:M:up doris-3:f:DOWN]
19:11:39 #128 OK UPSERT id=2705317 via doris-1 rows=10249 [doris-1:f:up doris-2:M:up doris-3:f:DOWN]
19:11:40 #129 OK SELECT id=2705317 via doris-1 rows=10249 [doris-1:f:up doris-2:M:up doris-3:f:DOWN]
19:11:41 #130 OK DELETE id=2705317 via doris-1 rows=10248 [doris-1:f:up doris-2:M:up doris-3:f:DOWN]
19:11:42 #131 OK SELECT id=2705317 via doris-1 rows=10247 [doris-1:f:up doris-2:M:up doris-3:f:DOWN]
19:11:43 #132 OK INSERT id=2705318 via doris-1 rows=10248 [doris-1:f:up doris-2:M:up doris-3:f:DOWN]
19:11:45 #133 OK UPSERT id=2705318 via doris-1 rows=10249 [doris-1:f:up doris-2:M:up doris-3:f:DOWN]
19:11:46 #134 OK SELECT id=2705318 via doris-1 rows=10249 [doris-1:f:up doris-2:M:up doris-3:f:DOWN]
19:11:47 #135 OK DELETE id=2705318 via doris-1 rows=10248 [doris-1:f:up doris-2:M:up doris-3:f:DOWN]
19:11:48 #136 OK SELECT id=2705318 via doris-1 rows=10247 [doris-1:f:up doris-2:M:up doris-3:f:DOWN]
19:11:49 #137 OK INSERT id=2705319 via doris-1 rows=10248 [doris-1:f:up doris-2:M:up doris-3:f:DOWN]
19:11:50 #138 OK UPSERT id=2705319 via doris-1 rows=10249 [doris-1:f:up doris-2:M:up doris-3:f:DOWN]
19:11:51 #139 OK SELECT id=2705319 via doris-1 rows=10249 [doris-1:f:up doris-2:M:up doris-3:f:DOWN]
19:11:52 #140 OK DELETE id=2705319 via doris-1 rows=10248 [doris-1:f:up doris-2:M:up doris-3:f:DOWN]
19:11:53 #141 OK SELECT id=2705319 via doris-1 rows=10247 [doris-1:f:up doris-2:M:up doris-3:f:DOWN]
19:11:54 #142 OK INSERT id=2705320 via doris-1 rows=10248 [doris-1:f:up doris-2:M:up doris-3:f:DOWN]
19:11:55 #143 OK UPSERT id=2705320 via doris-1 rows=10249 [doris-1:f:up doris-2:M:up doris-3:f:DOWN]
19:11:56 #144 OK SELECT id=2705320 via doris-1 rows=10249 [doris-1:f:up doris-2:M:up doris-3:f:DOWN]
19:11:57 #145 OK DELETE id=2705320 via doris-1 rows=10248 [doris-1:f:up doris-2:M:up doris-3:f:DOWN]
19:11:59 #146 OK SELECT id=2705320 via doris-1 rows=10247 [doris-1:f:up doris-2:M:up doris-3:f:DOWN]
19:12:00 #147 OK INSERT id=2705321 via doris-1 rows=10248 [doris-1:f:up doris-2:M:up doris-3:f:up]
19:12:01 #148 OK UPSERT id=2705321 via doris-1 rows=10249 [doris-1:f:up doris-2:M:up doris-3:f:up]
19:12:02 #149 OK SELECT id=2705321 via doris-1 rows=10249 [doris-1:f:up doris-2:M:up doris-3:f:up]
19:12:03 #150 OK DELETE id=2705321 via doris-1 rows=10248 [doris-1:f:up doris-2:M:up doris-3:f:up]
19:12:04 #151 OK SELECT id=2705321 via doris-1 rows=10247 [doris-1:f:up doris-2:M:up doris-3:f:up]
19:12:05 #152 OK INSERT id=2705322 via doris-1 rows=10248 [doris-1:f:up doris-2:M:up doris-3:f:up]
19:12:06 #153 OK UPSERT id=2705322 via doris-1 rows=10249 [doris-1:f:up doris-2:M:up doris-3:f:up]
19:12:07 #154 OK SELECT id=2705322 via doris-1 rows=10249 [doris-1:f:up doris-2:M:up doris-3:f:up]
19:12:08 #155 OK DELETE id=2705322 via doris-1 rows=10248 [doris-1:f:up doris-2:M:up doris-3:f:up]
19:12:09 #156 OK SELECT id=2705322 via doris-1 rows=10247 [doris-1:f:up doris-2:M:up doris-3:f:up]
19:12:10 #157 OK INSERT id=2705323 via doris-1 rows=10248 [doris-1:f:up doris-2:M:up doris-3:f:up]
19:12:12 #158 OK UPSERT id=2705323 via doris-1 rows=10249 [doris-1:f:up doris-2:M:up doris-3:f:up]
19:12:13 #159 OK SELECT id=2705323 via doris-1 rows=10249 [doris-1:f:up doris-2:M:up doris-3:f:up]
19:12:14 #160 OK DELETE id=2705323 via doris-1 rows=10248 [doris-1:f:up doris-2:M:up doris-3:f:up]
19:12:15 #161 OK SELECT id=2705323 via doris-1 rows=10247 [doris-1:f:up doris-2:M:up doris-3:f:up]
19:12:16 #162 OK INSERT id=2705324 via doris-1 rows=10248 [doris-1:f:up doris-2:M:up doris-3:f:up]
19:12:17 #163 OK UPSERT id=2705324 via doris-1 rows=10249 [doris-1:f:up doris-2:M:up doris-3:f:up]
19:12:18 #164 OK SELECT id=2705324 via doris-1 rows=10249 [doris-1:f:up doris-2:M:up doris-3:f:up]
19:12:19 EVENT restore: cluster healthy
19:12:19 #165 OK DELETE id=2705324 via doris-1 rows=10247 [doris-1:f:up doris-2:M:up doris-3:f:up]
19:12:20 #166 OK SELECT id=2705324 via doris-1 rows=10247 [doris-1:f:up doris-2:M:up doris-3:f:up]
19:12:21 #167 OK INSERT id=2705325 via doris-1 rows=10249 [doris-1:f:up doris-2:M:up doris-3:f:up]
19:12:23 #168 OK UPSERT id=2705325 via doris-1 rows=10249 [doris-1:f:up doris-2:M:up doris-3:f:up]
19:12:24 #169 OK SELECT id=2705325 via doris-1 rows=10249 [doris-1:f:up doris-2:M:up doris-3:f:up]
19:12:25 #170 OK DELETE id=2705325 via doris-1 rows=10247 [doris-1:f:up doris-2:M:up doris-3:f:up]
19:12:26 #171 OK SELECT id=2705325 via doris-1 rows=10247 [doris-1:f:up doris-2:M:up doris-3:f:up]
19:12:27 #172 OK INSERT id=2705326 via doris-1 rows=10249 [doris-1:f:up doris-2:M:up doris-3:f:up]
19:12:28 #173 OK UPSERT id=2705326 via doris-1 rows=10249 [doris-1:f:up doris-2:M:up doris-3:f:up]
19:12:29 #174 OK SELECT id=2705326 via doris-1 rows=10249 [doris-1:f:up doris-2:M:up doris-3:f:up]
19:12:30 #175 OK DELETE id=2705326 via doris-1 rows=10247 [doris-1:f:up doris-2:M:up doris-3:f:up]
19:12:31 #176 OK SELECT id=2705326 via doris-1 rows=10247 [doris-1:f:up doris-2:M:up doris-3:f:up]
19:12:32 #177 OK INSERT id=2705327 via doris-1 rows=10249 [doris-1:f:up doris-2:M:up doris-3:f:up]
19:12:33 #178 OK UPSERT id=2705327 via doris-1 rows=10249 [doris-1:f:up doris-2:M:up doris-3:f:up]
19:12:34 #179 OK SELECT id=2705327 via doris-1 rows=10249 [doris-1:f:up doris-2:M:up doris-3:f:up]
19:12:35 #180 OK DELETE id=2705327 via doris-1 rows=10247 [doris-1:f:up doris-2:M:up doris-3:f:up]
19:12:36 #181 OK SELECT id=2705327 via doris-1 rows=10247 [doris-1:f:up doris-2:M:up doris-3:f:up]
19:12:38 #182 OK INSERT id=2705328 via doris-1 rows=10249 [doris-1:f:up doris-2:M:up doris-3:f:up]
19:12:39 #183 OK UPSERT id=2705328 via doris-1 rows=10249 [doris-1:f:up doris-2:M:up doris-3:f:up]
19:12:40 #184 OK SELECT id=2705328 via doris-1 rows=10249 [doris-1:f:up doris-2:M:up doris-3:f:up]
19:12:41 #185 OK DELETE id=2705328 via doris-1 rows=10247 [doris-1:f:up doris-2:M:up doris-3:f:up]
19:12:42 #186 OK SELECT id=2705328 via doris-1 rows=10247 [doris-1:f:up doris-2:M:up doris-3:f:up]
19:12:43 #187 OK INSERT id=2705329 via doris-1 rows=10249 [doris-1:f:up doris-2:M:up doris-3:f:up]
19:12:44 #188 OK UPSERT id=2705329 via doris-1 rows=10249 [doris-1:f:up doris-2:M:up doris-3:f:up]
19:12:45 #189 OK SELECT id=2705329 via doris-1 rows=10249 [doris-1:f:up doris-2:M:up doris-3:f:up]
19:12:46 #190 OK DELETE id=2705329 via doris-1 rows=10247 [doris-1:f:up doris-2:M:up doris-3:f:up]
19:12:47 #191 OK SELECT id=2705329 via doris-1 rows=10247 [doris-1:f:up doris-2:M:up doris-3:f:up]
