17:49:50 PROBE start proto=jdbc hosts=doris-1,doris-2,doris-3 duration=86400s cycle=INSERT>UPSERT>SELECT>DELETE>SELECT url=jdbc:mysql://10.140.0.2:9030,10.140.0.3:9030,10.140.0.4:9030/hatest
17:49:51 connected to doris-1 (driver-selected host)
17:49:51 #1 OK INSERT id=2657900 via doris-1 rows=10204 [doris-1:f:up doris-2:M:up doris-3:f:up]
17:49:52 #2 OK UPSERT id=2657900 via doris-1 rows=10204 [doris-1:f:up doris-2:M:up doris-3:f:up]
17:49:53 #3 OK SELECT id=2657900 via doris-1 rows=10204 [doris-1:f:up doris-2:M:up doris-3:f:up]
17:49:54 #4 OK DELETE id=2657900 via doris-1 rows=10202 [doris-1:f:up doris-2:M:up doris-3:f:up]
17:49:55 #5 OK SELECT id=2657900 via doris-1 rows=10202 [doris-1:f:up doris-2:M:up doris-3:f:up]
17:49:56 #6 OK INSERT id=2657901 via doris-1 rows=10204 [doris-1:f:up doris-2:M:up doris-3:f:up]
17:49:57 #7 OK UPSERT id=2657901 via doris-1 rows=10204 [doris-1:f:up doris-2:M:up doris-3:f:up]
17:49:59 #8 OK SELECT id=2657901 via doris-1 rows=10204 [doris-1:f:up doris-2:M:up doris-3:f:up]
17:50:00 #9 OK DELETE id=2657901 via doris-1 rows=10202 [doris-1:f:up doris-2:M:up doris-3:f:up]
17:50:01 #10 OK SELECT id=2657901 via doris-1 rows=10202 [doris-1:f:up doris-2:M:up doris-3:f:up]
17:50:02 #11 OK INSERT id=2657902 via doris-1 rows=10204 [doris-1:f:up doris-2:M:up doris-3:f:up]
17:50:03 #12 OK UPSERT id=2657902 via doris-1 rows=10204 [doris-1:f:up doris-2:M:up doris-3:f:up]
17:50:04 #13 OK SELECT id=2657902 via doris-1 rows=10204 [doris-1:f:up doris-2:M:up doris-3:f:up]
17:50:05 #14 OK DELETE id=2657902 via doris-1 rows=10202 [doris-1:f:up doris-2:M:up doris-3:f:up]
17:50:06 #15 OK SELECT id=2657902 via doris-1 rows=10202 [doris-1:f:up doris-2:M:up doris-3:f:up]
17:50:07 #16 OK INSERT id=2657903 via doris-1 rows=10204 [doris-1:f:up doris-2:M:up doris-3:f:up]
17:50:08 #17 OK UPSERT id=2657903 via doris-1 rows=10204 [doris-1:f:up doris-2:M:up doris-3:f:up]
17:50:09 #18 OK SELECT id=2657903 via doris-1 rows=10204 [doris-1:f:up doris-2:M:up doris-3:f:up]
17:50:10 #19 OK DELETE id=2657903 via doris-1 rows=10202 [doris-1:f:up doris-2:M:up doris-3:f:up]
17:50:11 #20 OK SELECT id=2657903 via doris-1 rows=10202 [doris-1:f:up doris-2:M:up doris-3:f:up]
17:50:12 #21 OK INSERT id=2657904 via doris-1 rows=10204 [doris-1:f:up doris-2:M:up doris-3:f:up]
17:50:13 #22 OK UPSERT id=2657904 via doris-1 rows=10204 [doris-1:f:up doris-2:M:up doris-3:f:up]
17:50:14 #23 OK SELECT id=2657904 via doris-1 rows=10204 [doris-1:f:up doris-2:M:up doris-3:f:up]
17:50:15 #24 OK DELETE id=2657904 via doris-1 rows=10202 [doris-1:f:up doris-2:M:up doris-3:f:up]
17:50:17 #25 OK SELECT id=2657904 via doris-1 rows=10202 [doris-1:f:up doris-2:M:up doris-3:f:up]
17:50:18 #26 OK INSERT id=2657905 via doris-1 rows=10204 [doris-1:f:up doris-2:M:up doris-3:f:up]
17:50:19 #27 OK UPSERT id=2657905 via doris-1 rows=10204 [doris-1:f:up doris-2:M:up doris-3:f:up]
17:50:20 #28 OK SELECT id=2657905 via doris-1 rows=10204 [doris-1:f:up doris-2:M:up doris-3:f:up]
17:50:21 #29 OK DELETE id=2657905 via doris-1 rows=10202 [doris-1:f:up doris-2:M:up doris-3:f:up]
17:50:22 #30 OK SELECT id=2657905 via doris-1 rows=10202 [doris-1:f:up doris-2:M:up doris-3:f:up]
17:50:23 #31 OK INSERT id=2657906 via doris-1 rows=10204 [doris-1:f:up doris-2:M:up doris-3:f:up]
17:50:24 #32 OK UPSERT id=2657906 via doris-1 rows=10204 [doris-1:f:up doris-2:M:up doris-3:f:up]
17:50:24 EVENT break: vm stop on doris-2 (FE master)
17:50:25 #33 OK SELECT id=2657906 via doris-1 rows=10204 [doris-1:f:up doris-2:M:up doris-3:f:up]
17:50:26 #34 OK DELETE id=2657906 via doris-1 rows=10202 [doris-1:f:up doris-2:M:up doris-3:f:up]
17:50:27 #35 OK SELECT id=2657906 via doris-1 rows=10202 [doris-1:f:up doris-2:M:up doris-3:f:up]
17:50:28 #36 FAIL INSERT id=2657907 via doris-1: SQLException: ForwardToMasterException, msg: forward to master FE TNetworkAddress(hostname:10.140.0.3, port:9020), statement
17:50:29 #36 FAIL SELECT(check) id=1 via -: SQLException: Exception, msg: Node catalog is not ready, please wait for a while. To master progress: st
17:50:30 connected to doris-1 (driver-selected host)
17:50:31 #37 OK INSERT id=2657908 via doris-1 rows=10205 [doris-1:f:up doris-2:f:DOWN doris-3:M:up] (recovered)
17:50:32 #38 OK UPSERT id=2657908 via doris-1 rows=10205 [doris-1:f:up doris-2:f:DOWN doris-3:M:up]
17:50:33 #39 OK SELECT id=2657908 via doris-1 rows=10205 [doris-1:f:up doris-2:f:DOWN doris-3:M:up]
17:50:34 #40 OK DELETE id=2657908 via doris-1 rows=10203 [doris-1:f:up doris-2:f:DOWN doris-3:M:up]
17:50:35 #41 OK SELECT id=2657908 via doris-1 rows=10203 [doris-1:f:up doris-2:f:DOWN doris-3:M:up]
17:50:36 #42 OK INSERT id=2657909 via doris-1 rows=10205 [doris-1:f:up doris-2:f:DOWN doris-3:M:up]
17:50:37 #43 OK UPSERT id=2657909 via doris-1 rows=10205 [doris-1:f:up doris-2:f:DOWN doris-3:M:up]
17:50:38 #44 OK SELECT id=2657909 via doris-1 rows=10205 [doris-1:f:up doris-2:f:DOWN doris-3:M:up]
17:50:40 #45 OK DELETE id=2657909 via doris-1 rows=10203 [doris-1:f:up doris-2:f:DOWN doris-3:M:up]
17:50:41 #46 OK SELECT id=2657909 via doris-1 rows=10203 [doris-1:f:up doris-2:f:DOWN doris-3:M:up]
17:50:42 #47 OK INSERT id=2657910 via doris-1 rows=10205 [doris-1:f:up doris-2:f:DOWN doris-3:M:up]
17:50:43 #48 OK UPSERT id=2657910 via doris-1 rows=10205 [doris-1:f:up doris-2:f:DOWN doris-3:M:up]
17:50:44 #49 OK SELECT id=2657910 via doris-1 rows=10205 [doris-1:f:up doris-2:f:DOWN doris-3:M:up]
17:50:45 #50 OK DELETE id=2657910 via doris-1 rows=10203 [doris-1:f:up doris-2:f:DOWN doris-3:M:up]
17:50:46 #51 OK SELECT id=2657910 via doris-1 rows=10203 [doris-1:f:up doris-2:f:DOWN doris-3:M:up]
17:50:47 #52 OK INSERT id=2657911 via doris-1 rows=10205 [doris-1:f:up doris-2:f:DOWN doris-3:M:up]
17:50:48 #53 OK UPSERT id=2657911 via doris-1 rows=10205 [doris-1:f:up doris-2:f:DOWN doris-3:M:up]
17:50:49 EVENT break: doris-2 is down
17:50:49 #54 OK SELECT id=2657911 via doris-1 rows=10205 [doris-1:f:up doris-2:f:DOWN doris-3:M:up]
17:50:50 #55 OK DELETE id=2657911 via doris-1 rows=10203 [doris-1:f:up doris-2:f:DOWN doris-3:M:up]
17:50:51 #56 OK SELECT id=2657911 via doris-1 rows=10203 [doris-1:f:up doris-2:f:DOWN doris-3:M:up]
17:50:52 #57 OK INSERT id=2657912 via doris-1 rows=10205 [doris-1:f:up doris-2:f:DOWN doris-3:M:up]
17:50:53 #58 OK UPSERT id=2657912 via doris-1 rows=10205 [doris-1:f:up doris-2:f:DOWN doris-3:M:up]
17:50:54 #59 OK SELECT id=2657912 via doris-1 rows=10205 [doris-1:f:up doris-2:f:DOWN doris-3:M:up]
17:50:56 #60 OK DELETE id=2657912 via doris-1 rows=10203 [doris-1:f:up doris-2:f:DOWN doris-3:M:up]
17:50:57 #61 OK SELECT id=2657912 via doris-1 rows=10203 [doris-1:f:up doris-2:f:DOWN doris-3:M:up]
17:50:58 #62 OK INSERT id=2657913 via doris-1 rows=10205 [doris-1:f:up doris-2:f:DOWN doris-3:M:up]
17:50:59 #63 OK UPSERT id=2657913 via doris-1 rows=10205 [doris-1:f:up doris-2:f:DOWN doris-3:M:up]
17:51:00 #64 OK SELECT id=2657913 via doris-1 rows=10205 [doris-1:f:up doris-2:f:DOWN doris-3:M:up]
17:51:01 #65 OK DELETE id=2657913 via doris-1 rows=10203 [doris-1:f:up doris-2:f:DOWN doris-3:M:up]
17:51:02 #66 OK SELECT id=2657913 via doris-1 rows=10203 [doris-1:f:up doris-2:f:DOWN doris-3:M:up]
17:51:03 #67 OK INSERT id=2657914 via doris-1 rows=10205 [doris-1:f:up doris-2:f:DOWN doris-3:M:up]
17:51:04 #68 OK UPSERT id=2657914 via doris-1 rows=10205 [doris-1:f:up doris-2:f:DOWN doris-3:M:up]
17:51:05 #69 OK SELECT id=2657914 via doris-1 rows=10205 [doris-1:f:up doris-2:f:DOWN doris-3:M:up]
17:51:06 #70 OK DELETE id=2657914 via doris-1 rows=10203 [doris-1:f:up doris-2:f:DOWN doris-3:M:up]
17:51:07 #71 OK SELECT id=2657914 via doris-1 rows=10203 [doris-1:f:up doris-2:f:DOWN doris-3:M:up]
17:51:08 #72 OK INSERT id=2657915 via doris-1 rows=10205 [doris-1:f:up doris-2:f:DOWN doris-3:M:up]
17:51:09 #73 OK UPSERT id=2657915 via doris-1 rows=10205 [doris-1:f:up doris-2:f:DOWN doris-3:M:up]
17:51:10 #74 OK SELECT id=2657915 via doris-1 rows=10205 [doris-1:f:up doris-2:f:DOWN doris-3:M:up]
17:51:11 #75 OK DELETE id=2657915 via doris-1 rows=10203 [doris-1:f:up doris-2:f:DOWN doris-3:M:up]
17:51:12 #76 OK SELECT id=2657915 via doris-1 rows=10203 [doris-1:f:up doris-2:f:DOWN doris-3:M:up]
17:51:14 #77 OK INSERT id=2657916 via doris-1 rows=10205 [doris-1:f:up doris-2:f:DOWN doris-3:M:up]
17:51:15 #78 OK UPSERT id=2657916 via doris-1 rows=10205 [doris-1:f:up doris-2:f:DOWN doris-3:M:up]
17:51:16 #79 OK SELECT id=2657916 via doris-1 rows=10205 [doris-1:f:up doris-2:f:DOWN doris-3:M:up]
17:51:17 #80 OK DELETE id=2657916 via doris-1 rows=10203 [doris-1:f:up doris-2:f:DOWN doris-3:M:up]
17:51:18 #81 OK SELECT id=2657916 via doris-1 rows=10203 [doris-1:f:up doris-2:f:DOWN doris-3:M:up]
17:51:19 #82 OK INSERT id=2657917 via doris-1 rows=10205 [doris-1:f:up doris-2:f:DOWN doris-3:M:up]
17:51:20 #83 OK UPSERT id=2657917 via doris-1 rows=10205 [doris-1:f:up doris-2:f:DOWN doris-3:M:up]
17:51:21 EVENT break: vm stop on doris-1 (FE follower)
17:51:21 #84 OK SELECT id=2657917 via doris-1 rows=10205 [doris-1:f:up doris-2:f:DOWN doris-3:M:up]
17:51:22 #85 OK DELETE id=2657917 via doris-1 rows=10203 [doris-1:f:up doris-2:f:DOWN doris-3:M:up]
17:51:23 #86 OK SELECT id=2657917 via doris-1 rows=10203 [doris-1:f:up doris-2:f:DOWN doris-3:M:up]
17:51:27 #87 FAIL INSERT id=2657918 via doris-1: CommunicationsException: Communications link failure  The last packet successfully received from the server was 1,003 milliseconds ago.
17:51:44 EVENT break: doris-1 is down
17:51:55 #87 FAIL SELECT(check) id=1 via -: CommunicationsException: Communications link failure  The last packet successfully received from the server was 8,0
17:52:13 connected to doris-1 (driver-selected host)
17:52:24 #88 FAIL INSERT id=2657919 via doris-1: CommunicationsException: Communications link failure  The last packet successfully received from the server was 8,009 milliseconds ago.
17:52:52 #88 FAIL SELECT(check) id=1 via -: CommunicationsException: Communications link failure  The last packet successfully received from the server was 8,0
17:53:10 connected to doris-1 (driver-selected host)
17:53:21 #89 FAIL INSERT id=2657920 via doris-1: CommunicationsException: Communications link failure  The last packet successfully received from the server was 8,009 milliseconds ago.
17:53:35 EVENT restore: start doris-1
17:53:38 #89 OK SELECT(check) id=1 via -
17:53:51 EVENT restore: start doris-2
17:53:57 connected to doris-1 (driver-selected host)
17:54:24 #90 FAIL INSERT id=2657921 via doris-1: CommunicationsException: Communications link failure  The last packet successfully received from the server was 6,584 milliseconds ago.
17:54:24 #90 OK SELECT(check) id=1 via doris-3
17:54:25 connected to doris-3 (driver-selected host)
17:54:25 #91 OK INSERT id=2657922 via doris-3 rows=10205 [doris-1:f:DOWN doris-2:f:DOWN doris-3:M:up] (recovered)
17:54:26 #92 OK UPSERT id=2657922 via doris-3 rows=10205 [doris-1:f:DOWN doris-2:f:DOWN doris-3:M:up]
17:54:27 #93 OK SELECT id=2657922 via doris-3 rows=10205 [doris-1:f:DOWN doris-2:f:DOWN doris-3:M:up]
17:54:28 #94 OK DELETE id=2657922 via doris-3 rows=10203 [doris-1:f:DOWN doris-2:f:DOWN doris-3:M:up]
17:54:29 #95 OK SELECT id=2657922 via doris-3 rows=10203 [doris-1:f:up doris-2:f:DOWN doris-3:M:up]
17:54:31 #96 OK INSERT id=2657923 via doris-3 rows=10205 [doris-1:f:up doris-2:f:DOWN doris-3:M:up]
17:54:32 #97 OK UPSERT id=2657923 via doris-3 rows=10205 [doris-1:f:up doris-2:f:DOWN doris-3:M:up]
17:54:33 #98 OK SELECT id=2657923 via doris-3 rows=10205 [doris-1:f:up doris-2:f:DOWN doris-3:M:up]
17:54:34 #99 OK DELETE id=2657923 via doris-3 rows=10203 [doris-1:f:up doris-2:f:DOWN doris-3:M:up]
17:54:35 #100 OK SELECT id=2657923 via doris-3 rows=10203 [doris-1:f:up doris-2:f:DOWN doris-3:M:up]
17:54:36 #101 OK INSERT id=2657924 via doris-3 rows=10205 [doris-1:f:up doris-2:f:DOWN doris-3:M:up]
17:54:37 #102 OK UPSERT id=2657924 via doris-3 rows=10205 [doris-1:f:up doris-2:f:DOWN doris-3:M:up]
17:54:38 #103 OK SELECT id=2657924 via doris-3 rows=10205 [doris-1:f:up doris-2:f:DOWN doris-3:M:up]
17:54:39 #104 OK DELETE id=2657924 via doris-3 rows=10203 [doris-1:f:up doris-2:f:up doris-3:M:up]
17:54:40 #105 OK SELECT id=2657924 via doris-3 rows=10203 [doris-1:f:up doris-2:f:up doris-3:M:up]
17:54:41 #106 OK INSERT id=2657925 via doris-3 rows=10205 [doris-1:f:up doris-2:f:up doris-3:M:up]
17:54:43 #107 OK UPSERT id=2657925 via doris-3 rows=10205 [doris-1:f:up doris-2:f:up doris-3:M:up]
17:54:43 EVENT restore: cluster healthy
17:54:44 #108 OK SELECT id=2657925 via doris-3 rows=10205 [doris-1:f:up doris-2:f:up doris-3:M:up]
17:54:45 #109 OK DELETE id=2657925 via doris-3 rows=10203 [doris-1:f:up doris-2:f:up doris-3:M:up]
17:54:46 #110 OK SELECT id=2657925 via doris-3 rows=10203 [doris-1:f:up doris-2:f:up doris-3:M:up]
17:54:47 #111 OK INSERT id=2657926 via doris-3 rows=10205 [doris-1:f:up doris-2:f:up doris-3:M:up]
17:54:48 #112 OK UPSERT id=2657926 via doris-3 rows=10205 [doris-1:f:up doris-2:f:up doris-3:M:up]
17:54:49 #113 OK SELECT id=2657926 via doris-3 rows=10205 [doris-1:f:up doris-2:f:up doris-3:M:up]
17:54:51 #114 OK DELETE id=2657926 via doris-3 rows=10203 [doris-1:f:up doris-2:f:up doris-3:M:up]
17:54:52 #115 OK SELECT id=2657926 via doris-3 rows=10203 [doris-1:f:up doris-2:f:up doris-3:M:up]
17:54:53 #116 OK INSERT id=2657927 via doris-3 rows=10205 [doris-1:f:up doris-2:f:up doris-3:M:up]
17:54:54 #117 OK UPSERT id=2657927 via doris-3 rows=10205 [doris-1:f:up doris-2:f:up doris-3:M:up]
17:54:55 #118 OK SELECT id=2657927 via doris-3 rows=10204 [doris-1:f:up doris-2:f:up doris-3:M:up]
17:54:56 #119 OK DELETE id=2657927 via doris-3 rows=10203 [doris-1:f:up doris-2:f:up doris-3:M:up]
17:54:57 #120 OK SELECT id=2657927 via doris-3 rows=10204 [doris-1:f:up doris-2:f:up doris-3:M:up]
17:54:58 #121 OK INSERT id=2657928 via doris-3 rows=10205 [doris-1:f:up doris-2:f:up doris-3:M:up]
17:54:59 #122 OK UPSERT id=2657928 via doris-3 rows=10205 [doris-1:f:up doris-2:f:up doris-3:M:up]
17:55:00 #123 OK SELECT id=2657928 via doris-3 rows=10204 [doris-1:f:up doris-2:f:up doris-3:M:up]
17:55:02 #124 OK DELETE id=2657928 via doris-3 rows=10203 [doris-1:f:up doris-2:f:up doris-3:M:up]
17:55:03 #125 OK SELECT id=2657928 via doris-3 rows=10204 [doris-1:f:up doris-2:f:up doris-3:M:up]
17:55:04 #126 OK INSERT id=2657929 via doris-3 rows=10205 [doris-1:f:up doris-2:f:up doris-3:M:up]
17:55:05 #127 OK UPSERT id=2657929 via doris-3 rows=10205 [doris-1:f:up doris-2:f:up doris-3:M:up]
17:55:06 #128 OK SELECT id=2657929 via doris-3 rows=10204 [doris-1:f:up doris-2:f:up doris-3:M:up]
17:55:07 #129 OK DELETE id=2657929 via doris-3 rows=10203 [doris-1:f:up doris-2:f:up doris-3:M:up]
17:55:08 #130 OK SELECT id=2657929 via doris-3 rows=10204 [doris-1:f:up doris-2:f:up doris-3:M:up]
17:55:09 #131 OK INSERT id=2657930 via doris-3 rows=10205 [doris-1:f:up doris-2:f:up doris-3:M:up]
17:55:10 #132 OK UPSERT id=2657930 via doris-3 rows=10205 [doris-1:f:up doris-2:f:up doris-3:M:up]
17:55:11 #133 OK SELECT id=2657930 via doris-3 rows=10204 [doris-1:f:up doris-2:f:up doris-3:M:up]
