17:49:50 PROBE start proto=mysql hosts=doris-1,doris-2,doris-3 duration=86400s cycle=INSERT>UPSERT>SELECT>DELETE>SELECT
17:49:50 connected to doris-1 (10.140.0.2)
17:49:50 #1 OK INSERT id=1657900 via doris-1 rows=10203 [doris-1:f:up doris-2:M:up doris-3:f:up]
17:49:52 #2 OK UPSERT id=1657900 via doris-1 rows=10204 [doris-1:f:up doris-2:M:up doris-3:f:up]
17:49:53 #3 OK SELECT id=1657900 via doris-1 rows=10204 [doris-1:f:up doris-2:M:up doris-3:f:up]
17:49:54 #4 OK DELETE id=1657900 via doris-1 rows=10203 [doris-1:f:up doris-2:M:up doris-3:f:up]
17:49:55 #5 OK SELECT id=1657900 via doris-1 rows=10202 [doris-1:f:up doris-2:M:up doris-3:f:up]
17:49:56 #6 OK INSERT id=1657901 via doris-1 rows=10203 [doris-1:f:up doris-2:M:up doris-3:f:up]
17:49:57 #7 OK UPSERT id=1657901 via doris-1 rows=10204 [doris-1:f:up doris-2:M:up doris-3:f:up]
17:49:58 #8 OK SELECT id=1657901 via doris-1 rows=10204 [doris-1:f:up doris-2:M:up doris-3:f:up]
17:49:59 #9 OK DELETE id=1657901 via doris-1 rows=10203 [doris-1:f:up doris-2:M:up doris-3:f:up]
17:50:00 #10 OK SELECT id=1657901 via doris-1 rows=10202 [doris-1:f:up doris-2:M:up doris-3:f:up]
17:50:01 #11 OK INSERT id=1657902 via doris-1 rows=10203 [doris-1:f:up doris-2:M:up doris-3:f:up]
17:50:02 #12 OK UPSERT id=1657902 via doris-1 rows=10204 [doris-1:f:up doris-2:M:up doris-3:f:up]
17:50:03 #13 OK SELECT id=1657902 via doris-1 rows=10204 [doris-1:f:up doris-2:M:up doris-3:f:up]
17:50:04 #14 OK DELETE id=1657902 via doris-1 rows=10203 [doris-1:f:up doris-2:M:up doris-3:f:up]
17:50:05 #15 OK SELECT id=1657902 via doris-1 rows=10202 [doris-1:f:up doris-2:M:up doris-3:f:up]
17:50:06 #16 OK INSERT id=1657903 via doris-1 rows=10203 [doris-1:f:up doris-2:M:up doris-3:f:up]
17:50:07 #17 OK UPSERT id=1657903 via doris-1 rows=10204 [doris-1:f:up doris-2:M:up doris-3:f:up]
17:50:08 #18 OK SELECT id=1657903 via doris-1 rows=10204 [doris-1:f:up doris-2:M:up doris-3:f:up]
17:50:09 #19 OK DELETE id=1657903 via doris-1 rows=10203 [doris-1:f:up doris-2:M:up doris-3:f:up]
17:50:10 #20 OK SELECT id=1657903 via doris-1 rows=10202 [doris-1:f:up doris-2:M:up doris-3:f:up]
17:50:12 #21 OK INSERT id=1657904 via doris-1 rows=10203 [doris-1:f:up doris-2:M:up doris-3:f:up]
17:50:13 #22 OK UPSERT id=1657904 via doris-1 rows=10204 [doris-1:f:up doris-2:M:up doris-3:f:up]
17:50:14 #23 OK SELECT id=1657904 via doris-1 rows=10204 [doris-1:f:up doris-2:M:up doris-3:f:up]
17:50:15 #24 OK DELETE id=1657904 via doris-1 rows=10203 [doris-1:f:up doris-2:M:up doris-3:f:up]
17:50:16 #25 OK SELECT id=1657904 via doris-1 rows=10202 [doris-1:f:up doris-2:M:up doris-3:f:up]
17:50:17 #26 OK INSERT id=1657905 via doris-1 rows=10203 [doris-1:f:up doris-2:M:up doris-3:f:up]
17:50:18 #27 OK UPSERT id=1657905 via doris-1 rows=10204 [doris-1:f:up doris-2:M:up doris-3:f:up]
17:50:19 #28 OK SELECT id=1657905 via doris-1 rows=10204 [doris-1:f:up doris-2:M:up doris-3:f:up]
17:50:20 #29 OK DELETE id=1657905 via doris-1 rows=10203 [doris-1:f:up doris-2:M:up doris-3:f:up]
17:50:21 #30 OK SELECT id=1657905 via doris-1 rows=10202 [doris-1:f:up doris-2:M:up doris-3:f:up]
17:50:22 #31 OK INSERT id=1657906 via doris-1 rows=10203 [doris-1:f:up doris-2:M:up doris-3:f:up]
17:50:23 #32 OK UPSERT id=1657906 via doris-1 rows=10204 [doris-1:f:up doris-2:M:up doris-3:f:up]
17:50:24 #33 OK SELECT id=1657906 via doris-1 rows=10204 [doris-1:f:up doris-2:M:up doris-3:f:up]
17:50:24 EVENT break: vm stop on doris-2 (FE master)
17:50:25 #34 OK DELETE id=1657906 via doris-1 rows=10203 [doris-1:f:up doris-2:M:up doris-3:f:up]
17:50:26 #35 OK SELECT id=1657906 via doris-1 rows=10202 [doris-1:f:up doris-2:M:up doris-3:f:up]
17:50:27 #36 OK INSERT id=1657907 via doris-1 rows=10203 [doris-1:f:up doris-2:M:up doris-3:f:up]
17:50:28 #37 FAIL UPSERT id=1657907 via doris-1: OperationalError: (1105, 'Exception, msg: Failed to get master client.')
17:50:28 #37 OK SELECT(check) id=1 via doris-1
17:50:30 connected to doris-1 (10.140.0.2)
17:50:31 #38 OK INSERT id=1657908 via doris-1 rows=10204 [doris-1:f:up doris-2:f:DOWN doris-3:M:up] (recovered)
17:50:32 #39 OK UPSERT id=1657908 via doris-1 rows=10205 [doris-1:f:up doris-2:f:DOWN doris-3:M:up]
17:50:33 #40 OK SELECT id=1657908 via doris-1 rows=10205 [doris-1:f:up doris-2:f:DOWN doris-3:M:up]
17:50:34 #41 OK DELETE id=1657908 via doris-1 rows=10203 [doris-1:f:up doris-2:f:DOWN doris-3:M:up]
17:50:35 #42 OK SELECT id=1657908 via doris-1 rows=10203 [doris-1:f:up doris-2:f:DOWN doris-3:M:up]
17:50:36 #43 OK INSERT id=1657909 via doris-1 rows=10204 [doris-1:f:up doris-2:f:DOWN doris-3:M:up]
17:50:37 #44 OK UPSERT id=1657909 via doris-1 rows=10205 [doris-1:f:up doris-2:f:DOWN doris-3:M:up]
17:50:38 #45 OK SELECT id=1657909 via doris-1 rows=10205 [doris-1:f:up doris-2:f:DOWN doris-3:M:up]
17:50:40 #46 OK DELETE id=1657909 via doris-1 rows=10203 [doris-1:f:up doris-2:f:DOWN doris-3:M:up]
17:50:41 #47 OK SELECT id=1657909 via doris-1 rows=10203 [doris-1:f:up doris-2:f:DOWN doris-3:M:up]
17:50:42 #48 OK INSERT id=1657910 via doris-1 rows=10204 [doris-1:f:up doris-2:f:DOWN doris-3:M:up]
17:50:43 #49 OK UPSERT id=1657910 via doris-1 rows=10205 [doris-1:f:up doris-2:f:DOWN doris-3:M:up]
17:50:44 #50 OK SELECT id=1657910 via doris-1 rows=10205 [doris-1:f:up doris-2:f:DOWN doris-3:M:up]
17:50:45 #51 OK DELETE id=1657910 via doris-1 rows=10204 [doris-1:f:up doris-2:f:DOWN doris-3:M:up]
17:50:46 #52 OK SELECT id=1657910 via doris-1 rows=10203 [doris-1:f:up doris-2:f:DOWN doris-3:M:up]
17:50:47 #53 OK INSERT id=1657911 via doris-1 rows=10204 [doris-1:f:up doris-2:f:DOWN doris-3:M:up]
17:50:48 #54 OK UPSERT id=1657911 via doris-1 rows=10205 [doris-1:f:up doris-2:f:DOWN doris-3:M:up]
17:50:49 EVENT break: doris-2 is down
17:50:49 #55 OK SELECT id=1657911 via doris-1 rows=10205 [doris-1:f:up doris-2:f:DOWN doris-3:M:up]
17:50:50 #56 OK DELETE id=1657911 via doris-1 rows=10204 [doris-1:f:up doris-2:f:DOWN doris-3:M:up]
17:50:51 #57 OK SELECT id=1657911 via doris-1 rows=10203 [doris-1:f:up doris-2:f:DOWN doris-3:M:up]
17:50:52 #58 OK INSERT id=1657912 via doris-1 rows=10204 [doris-1:f:up doris-2:f:DOWN doris-3:M:up]
17:50:53 #59 OK UPSERT id=1657912 via doris-1 rows=10205 [doris-1:f:up doris-2:f:DOWN doris-3:M:up]
17:50:54 #60 OK SELECT id=1657912 via doris-1 rows=10205 [doris-1:f:up doris-2:f:DOWN doris-3:M:up]
17:50:56 #61 OK DELETE id=1657912 via doris-1 rows=10204 [doris-1:f:up doris-2:f:DOWN doris-3:M:up]
17:50:57 #62 OK SELECT id=1657912 via doris-1 rows=10203 [doris-1:f:up doris-2:f:DOWN doris-3:M:up]
17:50:58 #63 OK INSERT id=1657913 via doris-1 rows=10204 [doris-1:f:up doris-2:f:DOWN doris-3:M:up]
17:50:59 #64 OK UPSERT id=1657913 via doris-1 rows=10205 [doris-1:f:up doris-2:f:DOWN doris-3:M:up]
17:51:00 #65 OK SELECT id=1657913 via doris-1 rows=10205 [doris-1:f:up doris-2:f:DOWN doris-3:M:up]
17:51:01 #66 OK DELETE id=1657913 via doris-1 rows=10204 [doris-1:f:up doris-2:f:DOWN doris-3:M:up]
17:51:02 #67 OK SELECT id=1657913 via doris-1 rows=10203 [doris-1:f:up doris-2:f:DOWN doris-3:M:up]
17:51:03 #68 OK INSERT id=1657914 via doris-1 rows=10204 [doris-1:f:up doris-2:f:DOWN doris-3:M:up]
17:51:04 #69 OK UPSERT id=1657914 via doris-1 rows=10205 [doris-1:f:up doris-2:f:DOWN doris-3:M:up]
17:51:05 #70 OK SELECT id=1657914 via doris-1 rows=10205 [doris-1:f:up doris-2:f:DOWN doris-3:M:up]
17:51:06 #71 OK DELETE id=1657914 via doris-1 rows=10204 [doris-1:f:up doris-2:f:DOWN doris-3:M:up]
17:51:07 #72 OK SELECT id=1657914 via doris-1 rows=10203 [doris-1:f:up doris-2:f:DOWN doris-3:M:up]
17:51:08 #73 OK INSERT id=1657915 via doris-1 rows=10204 [doris-1:f:up doris-2:f:DOWN doris-3:M:up]
17:51:09 #74 OK UPSERT id=1657915 via doris-1 rows=10205 [doris-1:f:up doris-2:f:DOWN doris-3:M:up]
17:51:10 #75 OK SELECT id=1657915 via doris-1 rows=10205 [doris-1:f:up doris-2:f:DOWN doris-3:M:up]
17:51:11 #76 OK DELETE id=1657915 via doris-1 rows=10204 [doris-1:f:up doris-2:f:DOWN doris-3:M:up]
17:51:12 #77 OK SELECT id=1657915 via doris-1 rows=10203 [doris-1:f:up doris-2:f:DOWN doris-3:M:up]
17:51:13 #78 OK INSERT id=1657916 via doris-1 rows=10204 [doris-1:f:up doris-2:f:DOWN doris-3:M:up]
17:51:14 #79 OK UPSERT id=1657916 via doris-1 rows=10205 [doris-1:f:up doris-2:f:DOWN doris-3:M:up]
17:51:16 #80 OK SELECT id=1657916 via doris-1 rows=10205 [doris-1:f:up doris-2:f:DOWN doris-3:M:up]
17:51:17 #81 OK DELETE id=1657916 via doris-1 rows=10204 [doris-1:f:up doris-2:f:DOWN doris-3:M:up]
17:51:18 #82 OK SELECT id=1657916 via doris-1 rows=10203 [doris-1:f:up doris-2:f:DOWN doris-3:M:up]
17:51:19 #83 OK INSERT id=1657917 via doris-1 rows=10204 [doris-1:f:up doris-2:f:DOWN doris-3:M:up]
17:51:20 #84 OK UPSERT id=1657917 via doris-1 rows=10205 [doris-1:f:up doris-2:f:DOWN doris-3:M:up]
17:51:21 EVENT break: vm stop on doris-1 (FE follower)
17:51:21 #85 OK SELECT id=1657917 via doris-1 rows=10205 [doris-1:f:up doris-2:f:DOWN doris-3:M:up]
17:51:22 #86 OK DELETE id=1657917 via doris-1 rows=10204 [doris-1:f:up doris-2:f:DOWN doris-3:M:up]
17:51:23 #87 OK SELECT id=1657917 via doris-1 rows=10203 [doris-1:f:up doris-2:f:DOWN doris-3:M:up]
17:51:24 #88 FAIL INSERT id=1657918 via doris-1: OperationalError: (2013, 'Lost connection to MySQL server during query')
17:51:27 #88 OK SELECT(check) id=1 via doris-3
17:51:42 connected to doris-3 (10.140.0.4)
17:51:42 #89 FAIL INSERT id=1657919 via doris-3: InterfaceError: (0, '')
17:51:44 EVENT break: doris-1 is down
17:51:56 #89 FAIL SELECT(check) id=1 via doris-3: OperationalError: (2013, 'Lost connection to MySQL server during query (timed out)')
17:52:11 connected to doris-3 (10.140.0.4)
17:52:11 #90 FAIL INSERT id=1657920 via doris-3: InterfaceError: (0, '')
17:52:26 #90 FAIL SELECT(check) id=1 via doris-3: OperationalError: (2013, 'Lost connection to MySQL server during query (timed out)')
17:52:41 connected to doris-3 (10.140.0.4)
17:52:41 #91 FAIL INSERT id=1657921 via doris-3: InterfaceError: (0, '')
17:52:55 #91 FAIL SELECT(check) id=1 via doris-3: OperationalError: (2013, 'Lost connection to MySQL server during query (timed out)')
17:53:10 connected to doris-3 (10.140.0.4)
17:53:10 #92 FAIL INSERT id=1657922 via doris-3: InterfaceError: (0, '')
17:53:24 #92 FAIL SELECT(check) id=1 via doris-3: OperationalError: (2013, 'Lost connection to MySQL server during query (timed out)')
17:53:35 EVENT restore: start doris-1
17:53:39 connected to doris-3 (10.140.0.4)
17:53:39 #93 FAIL INSERT id=1657923 via doris-3: InterfaceError: (0, '')
17:53:51 EVENT restore: start doris-2
17:53:53 #93 FAIL SELECT(check) id=1 via doris-3: OperationalError: (2013, 'Lost connection to MySQL server during query (timed out)')
17:54:00 connected to doris-3 (10.140.0.4)
17:54:03 #94 FAIL INSERT id=1657924 via doris-3: OperationalError: (2013, 'Lost connection to MySQL server during query')
17:54:06 #94 FAIL SELECT(check) id=1 via -: RuntimeError: no FE reachable
17:54:10 #95 FAIL INSERT id=1657925 via doris-3: OperationalError: (2003, "Can't connect to MySQL server on '10.140.0.4' ([Errno 111] Connection refused)")
17:54:13 #95 FAIL SELECT(check) id=1 via -: RuntimeError: no FE reachable
17:54:14 #96 FAIL INSERT id=1657926 via doris-3: OperationalError: (2003, "Can't connect to MySQL server on '10.140.0.4' ([Errno 111] Connection refused)")
17:54:15 #96 FAIL SELECT(check) id=1 via -: RuntimeError: no FE reachable
17:54:16 #97 FAIL INSERT id=1657927 via doris-3: OperationalError: (2003, "Can't connect to MySQL server on '10.140.0.4' ([Errno 111] Connection refused)")
17:54:16 #97 FAIL SELECT(check) id=1 via -: RuntimeError: no FE reachable
17:54:17 #98 FAIL INSERT id=1657928 via doris-3: OperationalError: (2003, "Can't connect to MySQL server on '10.140.0.4' ([Errno 111] Connection refused)")
17:54:17 #98 FAIL SELECT(check) id=1 via -: RuntimeError: no FE reachable
17:54:18 #99 FAIL INSERT id=1657929 via doris-3: OperationalError: (2003, "Can't connect to MySQL server on '10.140.0.4' ([Errno 111] Connection refused)")
17:54:18 #99 FAIL SELECT(check) id=1 via -: RuntimeError: no FE reachable
17:54:19 #100 FAIL INSERT id=1657930 via doris-3: OperationalError: (2003, "Can't connect to MySQL server on '10.140.0.4' ([Errno 111] Connection refused)")
17:54:19 #100 FAIL SELECT(check) id=1 via -: RuntimeError: no FE reachable
17:54:20 #101 FAIL INSERT id=1657931 via doris-3: OperationalError: (2003, "Can't connect to MySQL server on '10.140.0.4' ([Errno 111] Connection refused)")
17:54:21 #101 FAIL SELECT(check) id=1 via -: RuntimeError: no FE reachable
17:54:22 #102 FAIL INSERT id=1657932 via doris-3: OperationalError: (2003, "Can't connect to MySQL server on '10.140.0.4' ([Errno 111] Connection refused)")
17:54:22 #102 FAIL SELECT(check) id=1 via -: RuntimeError: no FE reachable
17:54:23 #103 FAIL INSERT id=1657933 via doris-3: OperationalError: (2003, "Can't connect to MySQL server on '10.140.0.4' ([Errno 111] Connection refused)")
17:54:23 #103 FAIL SELECT(check) id=1 via -: RuntimeError: no FE reachable
17:54:24 connected to doris-3 (10.140.0.4)
17:54:25 #104 OK INSERT id=1657934 via doris-3 rows=10204 [doris-1:f:DOWN doris-2:f:DOWN doris-3:M:up] (recovered)
17:54:26 #105 OK UPSERT id=1657934 via doris-3 rows=10205 [doris-1:f:DOWN doris-2:f:DOWN doris-3:M:up]
17:54:27 #106 OK SELECT id=1657934 via doris-3 rows=10205 [doris-1:f:DOWN doris-2:f:DOWN doris-3:M:up]
17:54:28 #107 OK DELETE id=1657934 via doris-3 rows=10204 [doris-1:f:DOWN doris-2:f:DOWN doris-3:M:up]
17:54:29 #108 OK SELECT id=1657934 via doris-3 rows=10203 [doris-1:f:DOWN doris-2:f:DOWN doris-3:M:up]
17:54:30 #109 OK INSERT id=1657935 via doris-3 rows=10204 [doris-1:f:up doris-2:f:DOWN doris-3:M:up]
17:54:31 #110 OK UPSERT id=1657935 via doris-3 rows=10205 [doris-1:f:up doris-2:f:DOWN doris-3:M:up]
17:54:32 #111 OK SELECT id=1657935 via doris-3 rows=10205 [doris-1:f:up doris-2:f:DOWN doris-3:M:up]
17:54:33 #112 OK DELETE id=1657935 via doris-3 rows=10204 [doris-1:f:up doris-2:f:DOWN doris-3:M:up]
17:54:34 #113 OK SELECT id=1657935 via doris-3 rows=10203 [doris-1:f:up doris-2:f:DOWN doris-3:M:up]
17:54:36 #114 OK INSERT id=1657936 via doris-3 rows=10204 [doris-1:f:up doris-2:f:DOWN doris-3:M:up]
17:54:37 #115 OK UPSERT id=1657936 via doris-3 rows=10205 [doris-1:f:up doris-2:f:DOWN doris-3:M:up]
17:54:38 #116 OK SELECT id=1657936 via doris-3 rows=10205 [doris-1:f:up doris-2:f:DOWN doris-3:M:up]
17:54:39 #117 OK DELETE id=1657936 via doris-3 rows=10204 [doris-1:f:up doris-2:f:DOWN doris-3:M:up]
17:54:40 #118 OK SELECT id=1657936 via doris-3 rows=10203 [doris-1:f:up doris-2:f:up doris-3:M:up]
17:54:41 #119 OK INSERT id=1657937 via doris-3 rows=10204 [doris-1:f:up doris-2:f:up doris-3:M:up]
17:54:42 #120 OK UPSERT id=1657937 via doris-3 rows=10205 [doris-1:f:up doris-2:f:up doris-3:M:up]
17:54:43 #121 OK SELECT id=1657937 via doris-3 rows=10205 [doris-1:f:up doris-2:f:up doris-3:M:up]
17:54:43 EVENT restore: cluster healthy
17:54:44 #122 OK DELETE id=1657937 via doris-3 rows=10204 [doris-1:f:up doris-2:f:up doris-3:M:up]
17:54:45 #123 OK SELECT id=1657937 via doris-3 rows=10203 [doris-1:f:up doris-2:f:up doris-3:M:up]
17:54:46 #124 OK INSERT id=1657938 via doris-3 rows=10204 [doris-1:f:up doris-2:f:up doris-3:M:up]
17:54:47 #125 OK UPSERT id=1657938 via doris-3 rows=10205 [doris-1:f:up doris-2:f:up doris-3:M:up]
17:54:48 #126 OK SELECT id=1657938 via doris-3 rows=10205 [doris-1:f:up doris-2:f:up doris-3:M:up]
17:54:49 #127 OK DELETE id=1657938 via doris-3 rows=10204 [doris-1:f:up doris-2:f:up doris-3:M:up]
17:54:51 #128 OK SELECT id=1657938 via doris-3 rows=10203 [doris-1:f:up doris-2:f:up doris-3:M:up]
17:54:52 #129 OK INSERT id=1657939 via doris-3 rows=10204 [doris-1:f:up doris-2:f:up doris-3:M:up]
17:54:53 #130 OK UPSERT id=1657939 via doris-3 rows=10205 [doris-1:f:up doris-2:f:up doris-3:M:up]
17:54:54 #131 OK SELECT id=1657939 via doris-3 rows=10205 [doris-1:f:up doris-2:f:up doris-3:M:up]
17:54:55 #132 OK DELETE id=1657939 via doris-3 rows=10204 [doris-1:f:up doris-2:f:up doris-3:M:up]
17:54:56 #133 OK SELECT id=1657939 via doris-3 rows=10204 [doris-1:f:up doris-2:f:up doris-3:M:up]
17:54:57 #134 OK INSERT id=1657940 via doris-3 rows=10204 [doris-1:f:up doris-2:f:up doris-3:M:up]
17:54:58 #135 OK UPSERT id=1657940 via doris-3 rows=10204 [doris-1:f:up doris-2:f:up doris-3:M:up]
17:54:59 #136 OK SELECT id=1657940 via doris-3 rows=10205 [doris-1:f:up doris-2:f:up doris-3:M:up]
17:55:00 #137 OK DELETE id=1657940 via doris-3 rows=10204 [doris-1:f:up doris-2:f:up doris-3:M:up]
17:55:01 #138 OK SELECT id=1657940 via doris-3 rows=10204 [doris-1:f:up doris-2:f:up doris-3:M:up]
17:55:02 #139 OK INSERT id=1657941 via doris-3 rows=10204 [doris-1:f:up doris-2:f:up doris-3:M:up]
17:55:03 #140 OK UPSERT id=1657941 via doris-3 rows=10204 [doris-1:f:up doris-2:f:up doris-3:M:up]
17:55:04 #141 OK SELECT id=1657941 via doris-3 rows=10205 [doris-1:f:up doris-2:f:up doris-3:M:up]
17:55:06 #142 OK DELETE id=1657941 via doris-3 rows=10204 [doris-1:f:up doris-2:f:up doris-3:M:up]
17:55:07 #143 OK SELECT id=1657941 via doris-3 rows=10204 [doris-1:f:up doris-2:f:up doris-3:M:up]
17:55:08 #144 OK INSERT id=1657942 via doris-3 rows=10204 [doris-1:f:up doris-2:f:up doris-3:M:up]
17:55:09 #145 OK UPSERT id=1657942 via doris-3 rows=10204 [doris-1:f:up doris-2:f:up doris-3:M:up]
17:55:10 #146 OK SELECT id=1657942 via doris-3 rows=10205 [doris-1:f:up doris-2:f:up doris-3:M:up]
