03:30:50 PROBE start proto=arrow-flight hosts=doris-1,doris-2,doris-3 duration=86400s cycle=INSERT>UPSERT>SELECT>DELETE>SELECT
03:30:51 connected to doris-1 (10.140.0.2)
03:30:51 DML unsupported over arrow-flight (InternalError: RuntimeException, msg: getMysqlChannel not in mysql connection (Internal; ExecuteQuery)) — switching to SELECT-only mode
03:30:51 #1 OK SELECT id=3686500 via doris-1 rows=10072 [doris-1:f:up doris-2:f:up doris-3:M:up]
03:30:52 #2 OK SELECT id=3686500 via doris-1 rows=10073 [doris-1:f:up doris-2:f:up doris-3:M:up]
03:30:53 #3 OK SELECT id=3686500 via doris-1 rows=10073 [doris-1:f:up doris-2:f:up doris-3:M:up]
03:30:54 #4 OK SELECT id=3686500 via doris-1 rows=10072 [doris-1:f:up doris-2:f:up doris-3:M:up]
03:30:55 #5 OK SELECT id=3686500 via doris-1 rows=10071 [doris-1:f:up doris-2:f:up doris-3:M:up]
03:30:56 #6 OK SELECT id=3686500 via doris-1 rows=10072 [doris-1:f:up doris-2:f:up doris-3:M:up]
03:30:57 #7 OK SELECT id=3686500 via doris-1 rows=10073 [doris-1:f:up doris-2:f:up doris-3:M:up]
03:30:58 #8 OK SELECT id=3686500 via doris-1 rows=10073 [doris-1:f:up doris-2:f:up doris-3:M:up]
03:30:59 #9 OK SELECT id=3686500 via doris-1 rows=10072 [doris-1:f:up doris-2:f:up doris-3:M:up]
03:31:00 #10 OK SELECT id=3686500 via doris-1 rows=10071 [doris-1:f:up doris-2:f:up doris-3:M:up]
03:31:01 #11 OK SELECT id=3686500 via doris-1 rows=10072 [doris-1:f:up doris-2:f:up doris-3:M:up]
03:31:02 #12 OK SELECT id=3686500 via doris-1 rows=10073 [doris-1:f:up doris-2:f:up doris-3:M:up]
03:31:03 #13 OK SELECT id=3686500 via doris-1 rows=10073 [doris-1:f:up doris-2:f:up doris-3:M:up]
03:31:04 #14 OK SELECT id=3686500 via doris-1 rows=10072 [doris-1:f:up doris-2:f:up doris-3:M:up]
03:31:05 #15 OK SELECT id=3686500 via doris-1 rows=10071 [doris-1:f:up doris-2:f:up doris-3:M:up]
03:31:07 #16 OK SELECT id=3686500 via doris-1 rows=10072 [doris-1:f:up doris-2:f:up doris-3:M:up]
03:31:08 #17 OK SELECT id=3686500 via doris-1 rows=10073 [doris-1:f:up doris-2:f:up doris-3:M:up]
03:31:09 #18 OK SELECT id=3686500 via doris-1 rows=10073 [doris-1:f:up doris-2:f:up doris-3:M:up]
03:31:10 #19 OK SELECT id=3686500 via doris-1 rows=10072 [doris-1:f:up doris-2:f:up doris-3:M:up]
03:31:11 #20 OK SELECT id=3686500 via doris-1 rows=10071 [doris-1:f:up doris-2:f:up doris-3:M:up]
03:31:12 #21 OK SELECT id=3686500 via doris-1 rows=10072 [doris-1:f:up doris-2:f:up doris-3:M:up]
03:31:13 #22 OK SELECT id=3686500 via doris-1 rows=10073 [doris-1:f:up doris-2:f:up doris-3:M:up]
03:31:14 #23 OK SELECT id=3686500 via doris-1 rows=10073 [doris-1:f:up doris-2:f:up doris-3:M:up]
03:31:15 #24 OK SELECT id=3686500 via doris-1 rows=10072 [doris-1:f:up doris-2:f:up doris-3:M:up]
03:31:16 #25 OK SELECT id=3686500 via doris-1 rows=10071 [doris-1:f:up doris-2:f:up doris-3:M:up]
03:31:17 #26 OK SELECT id=3686500 via doris-1 rows=10072 [doris-1:f:up doris-2:f:up doris-3:M:up]
03:31:18 #27 OK SELECT id=3686500 via doris-1 rows=10073 [doris-1:f:up doris-2:f:up doris-3:M:up]
03:31:19 #28 OK SELECT id=3686500 via doris-1 rows=10073 [doris-1:f:up doris-2:f:up doris-3:M:up]
03:31:20 #29 OK SELECT id=3686500 via doris-1 rows=10072 [doris-1:f:up doris-2:f:up doris-3:M:up]
03:31:21 #30 OK SELECT id=3686500 via doris-1 rows=10071 [doris-1:f:up doris-2:f:up doris-3:M:up]
03:31:23 #31 OK SELECT id=3686500 via doris-1 rows=10072 [doris-1:f:up doris-2:f:up doris-3:M:up]
03:31:24 #32 OK SELECT id=3686500 via doris-1 rows=10073 [doris-1:f:up doris-2:f:up doris-3:M:up]
03:31:24 EVENT break: fe crash on doris-1 (FE follower)
03:31:25 #33 OK SELECT id=3686500 via doris-1 rows=10073 [doris-1:f:up doris-2:f:up doris-3:M:up]
03:31:26 #34 OK SELECT id=3686500 via doris-1 rows=10072 [doris-1:f:up doris-2:f:up doris-3:M:up]
03:31:27 #35 FAIL SELECT id=3686500 via doris-1: OperationalError: IO: [FlightSQL] connection error: desc = "transport: Error while dialing: dial tcp 10.140.0.2:8070: connect: c
03:31:29 connected to doris-2 (10.140.0.3)
03:31:29 #36 OK SELECT id=3686500 via doris-2 rows=10073 [doris-1:f:up doris-2:f:up doris-3:M:up] (recovered)
03:31:30 #37 OK SELECT id=3686500 via doris-2 rows=10074 [doris-1:f:up doris-2:f:up doris-3:M:up]
03:31:32 #38 OK SELECT id=3686500 via doris-2 rows=10074 [doris-1:f:up doris-2:f:up doris-3:M:up]
03:31:33 #39 OK SELECT id=3686500 via doris-2 rows=10072 [doris-1:f:up doris-2:f:up doris-3:M:up]
03:31:34 #40 OK SELECT id=3686500 via doris-2 rows=10072 [doris-1:f:DOWN doris-2:f:up doris-3:M:up]
03:31:35 #41 OK SELECT id=3686500 via doris-2 rows=10074 [doris-1:f:DOWN doris-2:f:up doris-3:M:up]
03:31:36 #42 OK SELECT id=3686500 via doris-2 rows=10074 [doris-1:f:DOWN doris-2:f:up doris-3:M:up]
03:31:37 #43 OK SELECT id=3686500 via doris-2 rows=10073 [doris-1:f:DOWN doris-2:f:up doris-3:M:up]
03:31:39 #44 OK SELECT id=3686500 via doris-2 rows=10072 [doris-1:f:DOWN doris-2:f:up doris-3:M:up]
03:31:40 #45 OK SELECT id=3686500 via doris-2 rows=10073 [doris-1:f:DOWN doris-2:f:up doris-3:M:up]
03:31:41 #46 OK SELECT id=3686500 via doris-2 rows=10074 [doris-1:f:DOWN doris-2:f:up doris-3:M:up]
03:31:42 EVENT recovered: fe restarted by systemd on doris-1 (+9s)
03:31:42 #47 OK SELECT id=3686500 via doris-2 rows=10074 [doris-1:f:DOWN doris-2:f:up doris-3:M:up]
03:31:43 #48 OK SELECT id=3686500 via doris-2 rows=10073 [doris-1:f:DOWN doris-2:f:up doris-3:M:up]
03:31:44 #49 OK SELECT id=3686500 via doris-2 rows=10072 [doris-1:f:DOWN doris-2:f:up doris-3:M:up]
03:31:45 #50 OK SELECT id=3686500 via doris-2 rows=10073 [doris-1:f:DOWN doris-2:f:up doris-3:M:up]
03:31:46 #51 OK SELECT id=3686500 via doris-2 rows=10074 [doris-1:f:DOWN doris-2:f:up doris-3:M:up]
03:31:48 #52 OK SELECT id=3686500 via doris-2 rows=10074 [doris-1:f:DOWN doris-2:f:up doris-3:M:up]
03:31:49 #53 OK SELECT id=3686500 via doris-2 rows=10073 [doris-1:f:DOWN doris-2:f:up doris-3:M:up]
03:31:50 #54 OK SELECT id=3686500 via doris-2 rows=10073 [doris-1:f:DOWN doris-2:f:up doris-3:M:up]
03:31:51 #55 OK SELECT id=3686500 via doris-2 rows=10074 [doris-1:f:DOWN doris-2:f:up doris-3:M:up]
03:31:52 #56 OK SELECT id=3686500 via doris-2 rows=10074 [doris-1:f:DOWN doris-2:f:up doris-3:M:up]
03:31:53 #57 OK SELECT id=3686500 via doris-2 rows=10073 [doris-1:f:up doris-2:f:up doris-3:M:up]
03:31:54 #58 OK SELECT id=3686500 via doris-2 rows=10072 [doris-1:f:up doris-2:f:up doris-3:M:up]
03:31:55 #59 OK SELECT id=3686500 via doris-2 rows=10073 [doris-1:f:up doris-2:f:up doris-3:M:up]
03:31:56 #60 OK SELECT id=3686500 via doris-2 rows=10074 [doris-1:f:up doris-2:f:up doris-3:M:up]
03:31:58 #61 OK SELECT id=3686500 via doris-2 rows=10074 [doris-1:f:up doris-2:f:up doris-3:M:up]
03:31:59 #62 OK SELECT id=3686500 via doris-2 rows=10073 [doris-1:f:up doris-2:f:up doris-3:M:up]
03:32:00 #63 OK SELECT id=3686500 via doris-2 rows=10072 [doris-1:f:up doris-2:f:up doris-3:M:up]
03:32:01 #64 OK SELECT id=3686500 via doris-2 rows=10073 [doris-1:f:up doris-2:f:up doris-3:M:up]
03:32:02 #65 OK SELECT id=3686500 via doris-2 rows=10074 [doris-1:f:up doris-2:f:up doris-3:M:up]
03:32:03 #66 OK SELECT id=3686500 via doris-2 rows=10074 [doris-1:f:up doris-2:f:up doris-3:M:up]
03:32:04 #67 OK SELECT id=3686500 via doris-2 rows=10073 [doris-1:f:up doris-2:f:up doris-3:M:up]
03:32:05 #68 OK SELECT id=3686500 via doris-2 rows=10072 [doris-1:f:up doris-2:f:up doris-3:M:up]
03:32:06 #69 OK SELECT id=3686500 via doris-2 rows=10073 [doris-1:f:up doris-2:f:up doris-3:M:up]
03:32:07 #70 OK SELECT id=3686500 via doris-2 rows=10074 [doris-1:f:up doris-2:f:up doris-3:M:up]
03:32:09 #71 OK SELECT id=3686500 via doris-2 rows=10074 [doris-1:f:up doris-2:f:up doris-3:M:up]
03:32:10 #72 OK SELECT id=3686500 via doris-2 rows=10073 [doris-1:f:up doris-2:f:up doris-3:M:up]
03:32:11 #73 OK SELECT id=3686500 via doris-2 rows=10072 [doris-1:f:up doris-2:f:up doris-3:M:up]
03:32:12 #74 OK SELECT id=3686500 via doris-2 rows=10073 [doris-1:f:up doris-2:f:up doris-3:M:up]
03:32:13 #75 OK SELECT id=3686500 via doris-2 rows=10074 [doris-1:f:up doris-2:f:up doris-3:M:up]
03:32:14 #76 OK SELECT id=3686500 via doris-2 rows=10074 [doris-1:f:up doris-2:f:up doris-3:M:up]
03:32:15 #77 OK SELECT id=3686500 via doris-2 rows=10073 [doris-1:f:up doris-2:f:up doris-3:M:up]
03:32:16 #78 OK SELECT id=3686500 via doris-2 rows=10072 [doris-1:f:up doris-2:f:up doris-3:M:up]
03:32:17 #79 OK SELECT id=3686500 via doris-2 rows=10073 [doris-1:f:up doris-2:f:up doris-3:M:up]
03:32:18 #80 OK SELECT id=3686500 via doris-2 rows=10074 [doris-1:f:up doris-2:f:up doris-3:M:up]
03:32:20 #81 OK SELECT id=3686500 via doris-2 rows=10074 [doris-1:f:up doris-2:f:up doris-3:M:up]
03:32:21 #82 OK SELECT id=3686500 via doris-2 rows=10073 [doris-1:f:up doris-2:f:up doris-3:M:up]
03:32:22 #83 OK SELECT id=3686500 via doris-2 rows=10072 [doris-1:f:up doris-2:f:up doris-3:M:up]
03:32:23 #84 OK SELECT id=3686500 via doris-2 rows=10073 [doris-1:f:up doris-2:f:up doris-3:M:up]
03:32:24 #85 OK SELECT id=3686500 via doris-2 rows=10074 [doris-1:f:up doris-2:f:up doris-3:M:up]
03:32:25 #86 OK SELECT id=3686500 via doris-2 rows=10074 [doris-1:f:up doris-2:f:up doris-3:M:up]
03:32:26 #87 OK SELECT id=3686500 via doris-2 rows=10073 [doris-1:f:up doris-2:f:up doris-3:M:up]
03:32:27 #88 OK SELECT id=3686500 via doris-2 rows=10072 [doris-1:f:up doris-2:f:up doris-3:M:up]
03:32:28 #89 OK SELECT id=3686500 via doris-2 rows=10073 [doris-1:f:up doris-2:f:up doris-3:M:up]
03:32:29 #90 OK SELECT id=3686500 via doris-2 rows=10074 [doris-1:f:up doris-2:f:up doris-3:M:up]
03:32:31 #91 OK SELECT id=3686500 via doris-2 rows=10074 [doris-1:f:up doris-2:f:up doris-3:M:up]
03:32:32 #92 OK SELECT id=3686500 via doris-2 rows=10073 [doris-1:f:up doris-2:f:up doris-3:M:up]
03:32:33 #93 OK SELECT id=3686500 via doris-2 rows=10072 [doris-1:f:up doris-2:f:up doris-3:M:up]
03:32:34 #94 OK SELECT id=3686500 via doris-2 rows=10073 [doris-1:f:up doris-2:f:up doris-3:M:up]
03:32:35 #95 OK SELECT id=3686500 via doris-2 rows=10074 [doris-1:f:up doris-2:f:up doris-3:M:up]
03:32:36 #96 OK SELECT id=3686500 via doris-2 rows=10074 [doris-1:f:up doris-2:f:up doris-3:M:up]
03:32:37 #97 OK SELECT id=3686500 via doris-2 rows=10073 [doris-1:f:up doris-2:f:up doris-3:M:up]
03:32:38 #98 OK SELECT id=3686500 via doris-2 rows=10072 [doris-1:f:up doris-2:f:up doris-3:M:up]
03:32:39 #99 OK SELECT id=3686500 via doris-2 rows=10073 [doris-1:f:up doris-2:f:up doris-3:M:up]
03:32:40 #100 OK SELECT id=3686500 via doris-2 rows=10074 [doris-1:f:up doris-2:f:up doris-3:M:up]
03:32:42 #101 OK SELECT id=3686500 via doris-2 rows=10074 [doris-1:f:up doris-2:f:up doris-3:M:up]
03:32:43 #102 OK SELECT id=3686500 via doris-2 rows=10073 [doris-1:f:up doris-2:f:up doris-3:M:up]
03:32:44 #103 OK SELECT id=3686500 via doris-2 rows=10072 [doris-1:f:up doris-2:f:up doris-3:M:up]
03:32:45 #104 OK SELECT id=3686500 via doris-2 rows=10073 [doris-1:f:up doris-2:f:up doris-3:M:up]
03:32:46 #105 OK SELECT id=3686500 via doris-2 rows=10074 [doris-1:f:up doris-2:f:up doris-3:M:up]
03:32:47 #106 OK SELECT id=3686500 via doris-2 rows=10074 [doris-1:f:up doris-2:f:up doris-3:M:up]
03:32:48 #107 OK SELECT id=3686500 via doris-2 rows=10073 [doris-1:f:up doris-2:f:up doris-3:M:up]
03:32:49 #108 OK SELECT id=3686500 via doris-2 rows=10072 [doris-1:f:up doris-2:f:up doris-3:M:up]
03:32:50 #109 OK SELECT id=3686500 via doris-2 rows=10073 [doris-1:f:up doris-2:f:up doris-3:M:up]
03:32:51 #110 OK SELECT id=3686500 via doris-2 rows=10074 [doris-1:f:up doris-2:f:up doris-3:M:up]
03:32:52 #111 OK SELECT id=3686500 via doris-2 rows=10074 [doris-1:f:up doris-2:f:up doris-3:M:up]
03:32:53 #112 OK SELECT id=3686500 via doris-2 rows=10073 [doris-1:f:up doris-2:f:up doris-3:M:up]
03:32:55 #113 OK SELECT id=3686500 via doris-2 rows=10072 [doris-1:f:up doris-2:f:up doris-3:M:up]
03:32:56 #114 OK SELECT id=3686500 via doris-2 rows=10073 [doris-1:f:up doris-2:f:up doris-3:M:up]
03:32:57 #115 OK SELECT id=3686500 via doris-2 rows=10074 [doris-1:f:up doris-2:f:up doris-3:M:up]
03:32:58 #116 OK SELECT id=3686500 via doris-2 rows=10074 [doris-1:f:up doris-2:f:up doris-3:M:up]
03:32:59 #117 OK SELECT id=3686500 via doris-2 rows=10073 [doris-1:f:up doris-2:f:up doris-3:M:up]
03:33:00 #118 OK SELECT id=3686500 via doris-2 rows=10072 [doris-1:f:up doris-2:f:up doris-3:M:up]
03:33:01 #119 OK SELECT id=3686500 via doris-2 rows=10073 [doris-1:f:up doris-2:f:up doris-3:M:up]
03:33:02 #120 OK SELECT id=3686500 via doris-2 rows=10074 [doris-1:f:up doris-2:f:up doris-3:M:up]
03:33:03 #121 OK SELECT id=3686500 via doris-2 rows=10074 [doris-1:f:up doris-2:f:up doris-3:M:up]
03:33:04 #122 OK SELECT id=3686500 via doris-2 rows=10073 [doris-1:f:up doris-2:f:up doris-3:M:up]
03:33:05 #123 OK SELECT id=3686500 via doris-2 rows=10072 [doris-1:f:up doris-2:f:up doris-3:M:up]
03:33:07 #124 OK SELECT id=3686500 via doris-2 rows=10073 [doris-1:f:up doris-2:f:up doris-3:M:up]
03:33:08 #125 OK SELECT id=3686500 via doris-2 rows=10074 [doris-1:f:up doris-2:f:up doris-3:M:up]
03:33:09 #126 OK SELECT id=3686500 via doris-2 rows=10074 [doris-1:f:up doris-2:f:up doris-3:M:up]
03:33:10 #127 OK SELECT id=3686500 via doris-2 rows=10073 [doris-1:f:up doris-2:f:up doris-3:M:up]
03:33:11 #128 OK SELECT id=3686500 via doris-2 rows=10072 [doris-1:f:up doris-2:f:up doris-3:M:up]
03:33:12 #129 OK SELECT id=3686500 via doris-2 rows=10074 [doris-1:f:up doris-2:f:up doris-3:M:up]
03:33:13 #130 OK SELECT id=3686500 via doris-2 rows=10074 [doris-1:f:up doris-2:f:up doris-3:M:up]
03:33:14 #131 OK SELECT id=3686500 via doris-2 rows=10074 [doris-1:f:up doris-2:f:up doris-3:M:up]
03:33:15 #132 OK SELECT id=3686500 via doris-2 rows=10072 [doris-1:f:up doris-2:f:up doris-3:M:up]
03:33:16 #133 OK SELECT id=3686500 via doris-2 rows=10072 [doris-1:f:up doris-2:f:up doris-3:M:up]
03:33:17 #134 OK SELECT id=3686500 via doris-2 rows=10074 [doris-1:f:up doris-2:f:up doris-3:M:up]
03:33:18 #135 OK SELECT id=3686500 via doris-2 rows=10074 [doris-1:f:up doris-2:f:up doris-3:M:up]
03:33:19 EVENT restore: verify fe on doris-1
03:33:20 #136 OK SELECT id=3686500 via doris-2 rows=10074 [doris-1:f:up doris-2:f:up doris-3:M:up]
03:33:21 #137 OK SELECT id=3686500 via doris-2 rows=10072 [doris-1:f:up doris-2:f:up doris-3:M:up]
03:33:22 #138 OK SELECT id=3686500 via doris-2 rows=10072 [doris-1:f:up doris-2:f:up doris-3:M:up]
03:33:23 #139 OK SELECT id=3686500 via doris-2 rows=10074 [doris-1:f:up doris-2:f:up doris-3:M:up]
03:33:24 EVENT restore: cluster healthy
03:33:24 #140 OK SELECT id=3686500 via doris-2 rows=10074 [doris-1:f:up doris-2:f:up doris-3:M:up]
03:33:25 #141 OK SELECT id=3686500 via doris-2 rows=10074 [doris-1:f:up doris-2:f:up doris-3:M:up]
03:33:26 #142 OK SELECT id=3686500 via doris-2 rows=10072 [doris-1:f:up doris-2:f:up doris-3:M:up]
03:33:27 #143 OK SELECT id=3686500 via doris-2 rows=10072 [doris-1:f:up doris-2:f:up doris-3:M:up]
03:33:28 #144 OK SELECT id=3686500 via doris-2 rows=10074 [doris-1:f:up doris-2:f:up doris-3:M:up]
03:33:29 #145 OK SELECT id=3686500 via doris-2 rows=10074 [doris-1:f:up doris-2:f:up doris-3:M:up]
03:33:30 #146 OK SELECT id=3686500 via doris-2 rows=10074 [doris-1:f:up doris-2:f:up doris-3:M:up]
03:33:31 #147 OK SELECT id=3686500 via doris-2 rows=10072 [doris-1:f:up doris-2:f:up doris-3:M:up]
03:33:33 #148 OK SELECT id=3686500 via doris-2 rows=10072 [doris-1:f:up doris-2:f:up doris-3:M:up]
03:33:34 #149 OK SELECT id=3686500 via doris-2 rows=10074 [doris-1:f:up doris-2:f:up doris-3:M:up]
03:33:35 #150 OK SELECT id=3686500 via doris-2 rows=10074 [doris-1:f:up doris-2:f:up doris-3:M:up]
03:33:36 #151 OK SELECT id=3686500 via doris-2 rows=10074 [doris-1:f:up doris-2:f:up doris-3:M:up]
03:33:37 #152 OK SELECT id=3686500 via doris-2 rows=10072 [doris-1:f:up doris-2:f:up doris-3:M:up]
03:33:38 #153 OK SELECT id=3686500 via doris-2 rows=10072 [doris-1:f:up doris-2:f:up doris-3:M:up]
03:33:39 #154 OK SELECT id=3686500 via doris-2 rows=10074 [doris-1:f:up doris-2:f:up doris-3:M:up]
03:33:40 #155 OK SELECT id=3686500 via doris-2 rows=10074 [doris-1:f:up doris-2:f:up doris-3:M:up]
03:33:41 #156 OK SELECT id=3686500 via doris-2 rows=10074 [doris-1:f:up doris-2:f:up doris-3:M:up]
03:33:42 #157 OK SELECT id=3686500 via doris-2 rows=10072 [doris-1:f:up doris-2:f:up doris-3:M:up]
03:33:43 #158 OK SELECT id=3686500 via doris-2 rows=10072 [doris-1:f:up doris-2:f:up doris-3:M:up]
03:33:44 #159 OK SELECT id=3686500 via doris-2 rows=10074 [doris-1:f:up doris-2:f:up doris-3:M:up]
03:33:45 #160 OK SELECT id=3686500 via doris-2 rows=10074 [doris-1:f:up doris-2:f:up doris-3:M:up]
03:33:47 #161 OK SELECT id=3686500 via doris-2 rows=10074 [doris-1:f:up doris-2:f:up doris-3:M:up]
03:33:48 #162 OK SELECT id=3686500 via doris-2 rows=10072 [doris-1:f:up doris-2:f:up doris-3:M:up]
03:33:49 #163 OK SELECT id=3686500 via doris-2 rows=10072 [doris-1:f:up doris-2:f:up doris-3:M:up]
03:33:50 #164 OK SELECT id=3686500 via doris-2 rows=10074 [doris-1:f:up doris-2:f:up doris-3:M:up]
03:33:51 #165 OK SELECT id=3686500 via doris-2 rows=10074 [doris-1:f:up doris-2:f:up doris-3:M:up]
03:33:52 #166 OK SELECT id=3686500 via doris-2 rows=10074 [doris-1:f:up doris-2:f:up doris-3:M:up]
03:33:53 #167 OK SELECT id=3686500 via doris-2 rows=10072 [doris-1:f:up doris-2:f:up doris-3:M:up]
