16:17:46 PROBE start proto=arrow-flight hosts=doris-1,doris-2,doris-3 duration=86400s cycle=INSERT>UPSERT>SELECT>DELETE>SELECT
16:17:46 connected to doris-1 (10.140.0.2)
16:17:46 DML unsupported over arrow-flight (InternalError: RuntimeException, msg: getMysqlChannel not in mysql connection (Internal; ExecuteQuery)) — switching to SELECT-only mode
16:17:46 #1 OK SELECT id=3602660 via doris-1 rows=10171 [doris-1:f:up doris-2:M:up doris-3:f:up]
16:17:47 #2 OK SELECT id=3602660 via doris-1 rows=10172 [doris-1:f:up doris-2:M:up doris-3:f:up]
16:17:48 #3 OK SELECT id=3602660 via doris-1 rows=10172 [doris-1:f:up doris-2:M:up doris-3:f:up]
16:17:49 #4 OK SELECT id=3602660 via doris-1 rows=10171 [doris-1:f:up doris-2:M:up doris-3:f:up]
16:17:50 #5 OK SELECT id=3602660 via doris-1 rows=10170 [doris-1:f:up doris-2:M:up doris-3:f:up]
16:17:51 #6 OK SELECT id=3602660 via doris-1 rows=10170 [doris-1:f:up doris-2:M:up doris-3:f:up]
16:17:53 #7 OK SELECT id=3602660 via doris-1 rows=10172 [doris-1:f:up doris-2:M:up doris-3:f:up]
16:17:54 #8 OK SELECT id=3602660 via doris-1 rows=10172 [doris-1:f:up doris-2:M:up doris-3:f:up]
16:17:55 #9 OK SELECT id=3602660 via doris-1 rows=10172 [doris-1:f:up doris-2:M:up doris-3:f:up]
16:17:56 #10 OK SELECT id=3602660 via doris-1 rows=10170 [doris-1:f:up doris-2:M:up doris-3:f:up]
16:17:57 #11 OK SELECT id=3602660 via doris-1 rows=10170 [doris-1:f:up doris-2:M:up doris-3:f:up]
16:17:58 #12 OK SELECT id=3602660 via doris-1 rows=10172 [doris-1:f:up doris-2:M:up doris-3:f:up]
16:17:59 #13 OK SELECT id=3602660 via doris-1 rows=10172 [doris-1:f:up doris-2:M:up doris-3:f:up]
16:18:00 #14 OK SELECT id=3602660 via doris-1 rows=10172 [doris-1:f:up doris-2:M:up doris-3:f:up]
16:18:01 #15 OK SELECT id=3602660 via doris-1 rows=10170 [doris-1:f:up doris-2:M:up doris-3:f:up]
16:18:02 #16 OK SELECT id=3602660 via doris-1 rows=10170 [doris-1:f:up doris-2:M:up doris-3:f:up]
16:18:03 #17 OK SELECT id=3602660 via doris-1 rows=10172 [doris-1:f:up doris-2:M:up doris-3:f:up]
16:18:04 #18 OK SELECT id=3602660 via doris-1 rows=10172 [doris-1:f:up doris-2:M:up doris-3:f:up]
16:18:05 #19 OK SELECT id=3602660 via doris-1 rows=10172 [doris-1:f:up doris-2:M:up doris-3:f:up]
16:18:06 #20 OK SELECT id=3602660 via doris-1 rows=10170 [doris-1:f:up doris-2:M:up doris-3:f:up]
16:18:07 #21 OK SELECT id=3602660 via doris-1 rows=10170 [doris-1:f:up doris-2:M:up doris-3:f:up]
16:18:08 #22 OK SELECT id=3602660 via doris-1 rows=10172 [doris-1:f:up doris-2:M:up doris-3:f:up]
16:18:09 #23 OK SELECT id=3602660 via doris-1 rows=10172 [doris-1:f:up doris-2:M:up doris-3:f:up]
16:18:10 #24 OK SELECT id=3602660 via doris-1 rows=10172 [doris-1:f:up doris-2:M:up doris-3:f:up]
16:18:11 #25 OK SELECT id=3602660 via doris-1 rows=10170 [doris-1:f:up doris-2:M:up doris-3:f:up]
16:18:13 #26 OK SELECT id=3602660 via doris-1 rows=10170 [doris-1:f:up doris-2:M:up doris-3:f:up]
16:18:14 #27 OK SELECT id=3602660 via doris-1 rows=10172 [doris-1:f:up doris-2:M:up doris-3:f:up]
16:18:15 #28 OK SELECT id=3602660 via doris-1 rows=10172 [doris-1:f:up doris-2:M:up doris-3:f:up]
16:18:16 #29 OK SELECT id=3602660 via doris-1 rows=10172 [doris-1:f:up doris-2:M:up doris-3:f:up]
16:18:17 #30 OK SELECT id=3602660 via doris-1 rows=10170 [doris-1:f:up doris-2:M:up doris-3:f:up]
16:18:18 #31 OK SELECT id=3602660 via doris-1 rows=10170 [doris-1:f:up doris-2:M:up doris-3:f:up]
16:18:19 #32 OK SELECT id=3602660 via doris-1 rows=10172 [doris-1:f:up doris-2:M:up doris-3:f:up]
16:18:20 #33 OK SELECT id=3602660 via doris-1 rows=10172 [doris-1:f:up doris-2:M:up doris-3:f:up]
16:18:20 EVENT break: vm stop on doris-1 (FE follower)
16:18:21 #34 OK SELECT id=3602660 via doris-1 rows=10172 [doris-1:f:up doris-2:M:up doris-3:f:up]
16:18:22 #35 OK SELECT id=3602660 via doris-1 rows=10171 [doris-1:f:up doris-2:M:up doris-3:f:up]
16:18:23 #36 OK SELECT id=3602660 via doris-1 rows=10170 [doris-1:f:up doris-2:M:up doris-3:f:up]
16:18:24 #37 FAIL SELECT id=3602660 via doris-1: OperationalError: IO: [FlightSQL] connection error: desc = "transport: Error while dialing: dial tcp 10.140.0.2:8070: connect: c
16:18:34 connected to doris-2 (10.140.0.3)
16:18:42 #38 OK SELECT id=3602660 via doris-2 rows=10171 [doris-1:f:DOWN doris-2:M:up doris-3:f:up] (recovered)
16:18:43 #39 OK SELECT id=3602660 via doris-2 rows=10173 [doris-1:f:DOWN doris-2:M:up doris-3:f:up]
16:18:44 #40 OK SELECT id=3602660 via doris-2 rows=10172 [doris-1:f:DOWN doris-2:M:up doris-3:f:up]
16:18:45 #41 OK SELECT id=3602660 via doris-2 rows=10173 [doris-1:f:DOWN doris-2:M:up doris-3:f:up]
16:18:47 #42 OK SELECT id=3602660 via doris-2 rows=10174 [doris-1:f:DOWN doris-2:M:up doris-3:f:up]
16:18:48 #43 OK SELECT id=3602660 via doris-2 rows=10174 [doris-1:f:DOWN doris-2:M:up doris-3:f:up]
16:18:49 #44 OK SELECT id=3602660 via doris-2 rows=10173 [doris-1:f:DOWN doris-2:M:up doris-3:f:up]
16:18:50 #45 OK SELECT id=3602660 via doris-2 rows=10172 [doris-1:f:DOWN doris-2:M:up doris-3:f:up]
16:18:51 #46 OK SELECT id=3602660 via doris-2 rows=10173 [doris-1:f:DOWN doris-2:M:up doris-3:f:up]
16:18:52 #47 OK SELECT id=3602660 via doris-2 rows=10174 [doris-1:f:DOWN doris-2:M:up doris-3:f:up]
16:18:53 #48 OK SELECT id=3602660 via doris-2 rows=10174 [doris-1:f:DOWN doris-2:M:up doris-3:f:up]
16:18:54 #49 OK SELECT id=3602660 via doris-2 rows=10173 [doris-1:f:DOWN doris-2:M:up doris-3:f:up]
16:18:55 #50 OK SELECT id=3602660 via doris-2 rows=10172 [doris-1:f:DOWN doris-2:M:up doris-3:f:up]
16:18:56 #51 OK SELECT id=3602660 via doris-2 rows=10173 [doris-1:f:DOWN doris-2:M:up doris-3:f:up]
16:18:57 EVENT break: doris-1 is down
16:18:57 #52 OK SELECT id=3602660 via doris-2 rows=10174 [doris-1:f:DOWN doris-2:M:up doris-3:f:up]
16:18:59 #53 OK SELECT id=3602660 via doris-2 rows=10174 [doris-1:f:DOWN doris-2:M:up doris-3:f:up]
16:19:00 #54 OK SELECT id=3602660 via doris-2 rows=10173 [doris-1:f:DOWN doris-2:M:up doris-3:f:up]
16:19:01 #55 OK SELECT id=3602660 via doris-2 rows=10173 [doris-1:f:DOWN doris-2:M:up doris-3:f:up]
16:19:02 #56 OK SELECT id=3602660 via doris-2 rows=10174 [doris-1:f:DOWN doris-2:M:up doris-3:f:up]
16:19:03 #57 OK SELECT id=3602660 via doris-2 rows=10174 [doris-1:f:DOWN doris-2:M:up doris-3:f:up]
16:19:04 #58 OK SELECT id=3602660 via doris-2 rows=10173 [doris-1:f:DOWN doris-2:M:up doris-3:f:up]
16:19:05 #59 OK SELECT id=3602660 via doris-2 rows=10172 [doris-1:f:DOWN doris-2:M:up doris-3:f:up]
16:19:06 #60 OK SELECT id=3602660 via doris-2 rows=10173 [doris-1:f:DOWN doris-2:M:up doris-3:f:up]
16:19:07 #61 OK SELECT id=3602660 via doris-2 rows=10174 [doris-1:f:DOWN doris-2:M:up doris-3:f:up]
16:19:08 #62 OK SELECT id=3602660 via doris-2 rows=10174 [doris-1:f:DOWN doris-2:M:up doris-3:f:up]
16:19:09 #63 OK SELECT id=3602660 via doris-2 rows=10173 [doris-1:f:DOWN doris-2:M:up doris-3:f:up]
16:19:10 #64 OK SELECT id=3602660 via doris-2 rows=10172 [doris-1:f:DOWN doris-2:M:up doris-3:f:up]
16:19:12 #65 OK SELECT id=3602660 via doris-2 rows=10173 [doris-1:f:DOWN doris-2:M:up doris-3:f:up]
16:19:13 #66 OK SELECT id=3602660 via doris-2 rows=10174 [doris-1:f:DOWN doris-2:M:up doris-3:f:up]
16:19:14 #67 OK SELECT id=3602660 via doris-2 rows=10174 [doris-1:f:DOWN doris-2:M:up doris-3:f:up]
16:19:15 #68 OK SELECT id=3602660 via doris-2 rows=10173 [doris-1:f:DOWN doris-2:M:up doris-3:f:up]
16:19:16 #69 OK SELECT id=3602660 via doris-2 rows=10172 [doris-1:f:DOWN doris-2:M:up doris-3:f:up]
16:19:17 #70 OK SELECT id=3602660 via doris-2 rows=10173 [doris-1:f:DOWN doris-2:M:up doris-3:f:up]
16:19:18 #71 OK SELECT id=3602660 via doris-2 rows=10174 [doris-1:f:DOWN doris-2:M:up doris-3:f:up]
16:19:19 #72 OK SELECT id=3602660 via doris-2 rows=10174 [doris-1:f:DOWN doris-2:M:up doris-3:f:up]
16:19:20 #73 OK SELECT id=3602660 via doris-2 rows=10174 [doris-1:f:DOWN doris-2:M:up doris-3:f:up]
16:19:21 #74 OK SELECT id=3602660 via doris-2 rows=10173 [doris-1:f:DOWN doris-2:M:up doris-3:f:up]
16:19:22 #75 OK SELECT id=3602660 via doris-2 rows=10173 [doris-1:f:DOWN doris-2:M:up doris-3:f:up]
16:19:23 #76 OK SELECT id=3602660 via doris-2 rows=10173 [doris-1:f:DOWN doris-2:M:up doris-3:f:up]
16:19:24 #77 OK SELECT id=3602660 via doris-2 rows=10173 [doris-1:f:DOWN doris-2:M:up doris-3:f:up]
16:19:26 #78 OK SELECT id=3602660 via doris-2 rows=10174 [doris-1:f:DOWN doris-2:M:up doris-3:f:up]
16:19:27 #79 OK SELECT id=3602660 via doris-2 rows=10173 [doris-1:f:DOWN doris-2:M:up doris-3:f:up]
16:19:28 #80 OK SELECT id=3602660 via doris-2 rows=10173 [doris-1:f:DOWN doris-2:M:up doris-3:f:up]
16:19:29 #81 OK SELECT id=3602660 via doris-2 rows=10173 [doris-1:f:DOWN doris-2:M:up doris-3:f:up]
16:19:30 #82 OK SELECT id=3602660 via doris-2 rows=10173 [doris-1:f:DOWN doris-2:M:up doris-3:f:up]
16:19:31 #83 OK SELECT id=3602660 via doris-2 rows=10174 [doris-1:f:DOWN doris-2:M:up doris-3:f:up]
16:19:32 #84 OK SELECT id=3602660 via doris-2 rows=10173 [doris-1:f:DOWN doris-2:M:up doris-3:f:up]
16:19:33 #85 OK SELECT id=3602660 via doris-2 rows=10173 [doris-1:f:DOWN doris-2:M:up doris-3:f:up]
16:19:34 #86 OK SELECT id=3602660 via doris-2 rows=10173 [doris-1:f:DOWN doris-2:M:up doris-3:f:up]
16:19:35 #87 OK SELECT id=3602660 via doris-2 rows=10173 [doris-1:f:DOWN doris-2:M:up doris-3:f:up]
16:19:36 #88 OK SELECT id=3602660 via doris-2 rows=10174 [doris-1:f:DOWN doris-2:M:up doris-3:f:up]
16:19:37 #89 OK SELECT id=3602660 via doris-2 rows=10173 [doris-1:f:DOWN doris-2:M:up doris-3:f:up]
16:19:38 #90 OK SELECT id=3602660 via doris-2 rows=10173 [doris-1:f:DOWN doris-2:M:up doris-3:f:up]
16:19:39 #91 OK SELECT id=3602660 via doris-2 rows=10173 [doris-1:f:DOWN doris-2:M:up doris-3:f:up]
16:19:41 #92 OK SELECT id=3602660 via doris-2 rows=10173 [doris-1:f:DOWN doris-2:M:up doris-3:f:up]
16:19:42 #93 OK SELECT id=3602660 via doris-2 rows=10173 [doris-1:f:DOWN doris-2:M:up doris-3:f:up]
16:19:43 #94 OK SELECT id=3602660 via doris-2 rows=10172 [doris-1:f:DOWN doris-2:M:up doris-3:f:up]
16:19:44 #95 OK SELECT id=3602660 via doris-2 rows=10172 [doris-1:f:DOWN doris-2:M:up doris-3:f:up]
16:19:45 #96 OK SELECT id=3602660 via doris-2 rows=10174 [doris-1:f:DOWN doris-2:M:up doris-3:f:up]
16:19:46 #97 OK SELECT id=3602660 via doris-2 rows=10174 [doris-1:f:DOWN doris-2:M:up doris-3:f:up]
16:19:47 #98 OK SELECT id=3602660 via doris-2 rows=10174 [doris-1:f:DOWN doris-2:M:up doris-3:f:up]
16:19:48 #99 OK SELECT id=3602660 via doris-2 rows=10172 [doris-1:f:DOWN doris-2:M:up doris-3:f:up]
16:19:49 #100 OK SELECT id=3602660 via doris-2 rows=10172 [doris-1:f:DOWN doris-2:M:up doris-3:f:up]
16:19:50 #101 OK SELECT id=3602660 via doris-2 rows=10174 [doris-1:f:DOWN doris-2:M:up doris-3:f:up]
16:19:51 #102 OK SELECT id=3602660 via doris-2 rows=10174 [doris-1:f:DOWN doris-2:M:up doris-3:f:up]
16:19:52 #103 OK SELECT id=3602660 via doris-2 rows=10174 [doris-1:f:DOWN doris-2:M:up doris-3:f:up]
16:19:53 #104 OK SELECT id=3602660 via doris-2 rows=10172 [doris-1:f:DOWN doris-2:M:up doris-3:f:up]
16:19:55 #105 OK SELECT id=3602660 via doris-2 rows=10172 [doris-1:f:DOWN doris-2:M:up doris-3:f:up]
16:19:56 #106 OK SELECT id=3602660 via doris-2 rows=10174 [doris-1:f:DOWN doris-2:M:up doris-3:f:up]
16:19:57 #107 OK SELECT id=3602660 via doris-2 rows=10174 [doris-1:f:DOWN doris-2:M:up doris-3:f:up]
16:19:58 #108 OK SELECT id=3602660 via doris-2 rows=10174 [doris-1:f:DOWN doris-2:M:up doris-3:f:up]
16:19:59 #109 OK SELECT id=3602660 via doris-2 rows=10172 [doris-1:f:DOWN doris-2:M:up doris-3:f:up]
16:20:00 #110 OK SELECT id=3602660 via doris-2 rows=10172 [doris-1:f:DOWN doris-2:M:up doris-3:f:up]
16:20:01 #111 OK SELECT id=3602660 via doris-2 rows=10174 [doris-1:f:DOWN doris-2:M:up doris-3:f:up]
16:20:02 #112 OK SELECT id=3602660 via doris-2 rows=10174 [doris-1:f:DOWN doris-2:M:up doris-3:f:up]
16:20:03 #113 OK SELECT id=3602660 via doris-2 rows=10174 [doris-1:f:DOWN doris-2:M:up doris-3:f:up]
16:20:04 #114 OK SELECT id=3602660 via doris-2 rows=10173 [doris-1:f:DOWN doris-2:M:up doris-3:f:up]
16:20:05 #115 OK SELECT id=3602660 via doris-2 rows=10173 [doris-1:f:DOWN doris-2:M:up doris-3:f:up]
16:20:06 #116 OK SELECT id=3602660 via doris-2 rows=10174 [doris-1:f:DOWN doris-2:M:up doris-3:f:up]
16:20:07 #117 OK SELECT id=3602660 via doris-2 rows=10173 [doris-1:f:DOWN doris-2:M:up doris-3:f:up]
16:20:08 #118 OK SELECT id=3602660 via doris-2 rows=10173 [doris-1:f:DOWN doris-2:M:up doris-3:f:up]
16:20:10 #119 OK SELECT id=3602660 via doris-2 rows=10173 [doris-1:f:DOWN doris-2:M:up doris-3:f:up]
16:20:11 #120 OK SELECT id=3602660 via doris-2 rows=10173 [doris-1:f:DOWN doris-2:M:up doris-3:f:up]
16:20:12 #121 OK SELECT id=3602660 via doris-2 rows=10174 [doris-1:f:DOWN doris-2:M:up doris-3:f:up]
16:20:13 #122 OK SELECT id=3602660 via doris-2 rows=10173 [doris-1:f:DOWN doris-2:M:up doris-3:f:up]
16:20:14 #123 OK SELECT id=3602660 via doris-2 rows=10173 [doris-1:f:DOWN doris-2:M:up doris-3:f:up]
16:20:15 #124 OK SELECT id=3602660 via doris-2 rows=10173 [doris-1:f:DOWN doris-2:M:up doris-3:f:up]
16:20:16 #125 OK SELECT id=3602660 via doris-2 rows=10173 [doris-1:f:DOWN doris-2:M:up doris-3:f:up]
16:20:17 #126 OK SELECT id=3602660 via doris-2 rows=10174 [doris-1:f:DOWN doris-2:M:up doris-3:f:up]
16:20:18 #127 OK SELECT id=3602660 via doris-2 rows=10173 [doris-1:f:DOWN doris-2:M:up doris-3:f:up]
16:20:19 #128 OK SELECT id=3602660 via doris-2 rows=10173 [doris-1:f:DOWN doris-2:M:up doris-3:f:up]
16:20:20 #129 OK SELECT id=3602660 via doris-2 rows=10173 [doris-1:f:DOWN doris-2:M:up doris-3:f:up]
16:20:21 #130 OK SELECT id=3602660 via doris-2 rows=10173 [doris-1:f:DOWN doris-2:M:up doris-3:f:up]
16:20:22 #131 OK SELECT id=3602660 via doris-2 rows=10174 [doris-1:f:DOWN doris-2:M:up doris-3:f:up]
16:20:23 #132 OK SELECT id=3602660 via doris-2 rows=10174 [doris-1:f:DOWN doris-2:M:up doris-3:f:up]
16:20:25 #133 OK SELECT id=3602660 via doris-2 rows=10174 [doris-1:f:DOWN doris-2:M:up doris-3:f:up]
16:20:26 #134 OK SELECT id=3602660 via doris-2 rows=10172 [doris-1:f:DOWN doris-2:M:up doris-3:f:up]
16:20:27 #135 OK SELECT id=3602660 via doris-2 rows=10172 [doris-1:f:DOWN doris-2:M:up doris-3:f:up]
16:20:28 #136 OK SELECT id=3602660 via doris-2 rows=10174 [doris-1:f:DOWN doris-2:M:up doris-3:f:up]
16:20:29 #137 OK SELECT id=3602660 via doris-2 rows=10174 [doris-1:f:DOWN doris-2:M:up doris-3:f:up]
16:20:30 #138 OK SELECT id=3602660 via doris-2 rows=10174 [doris-1:f:DOWN doris-2:M:up doris-3:f:up]
16:20:31 #139 OK SELECT id=3602660 via doris-2 rows=10173 [doris-1:f:DOWN doris-2:M:up doris-3:f:up]
16:20:32 #140 OK SELECT id=3602660 via doris-2 rows=10172 [doris-1:f:DOWN doris-2:M:up doris-3:f:up]
16:20:33 #141 OK SELECT id=3602660 via doris-2 rows=10173 [doris-1:f:DOWN doris-2:M:up doris-3:f:up]
16:20:34 #142 OK SELECT id=3602660 via doris-2 rows=10174 [doris-1:f:DOWN doris-2:M:up doris-3:f:up]
16:20:35 #143 OK SELECT id=3602660 via doris-2 rows=10174 [doris-1:f:DOWN doris-2:M:up doris-3:f:up]
16:20:36 #144 OK SELECT id=3602660 via doris-2 rows=10173 [doris-1:f:DOWN doris-2:M:up doris-3:f:up]
16:20:37 EVENT restore: start doris-1
16:20:37 #145 OK SELECT id=3602660 via doris-2 rows=10172 [doris-1:f:DOWN doris-2:M:up doris-3:f:up]
16:20:38 #146 OK SELECT id=3602660 via doris-2 rows=10173 [doris-1:f:DOWN doris-2:M:up doris-3:f:up]
16:20:40 #147 OK SELECT id=3602660 via doris-2 rows=10174 [doris-1:f:DOWN doris-2:M:up doris-3:f:up]
16:20:41 #148 OK SELECT id=3602660 via doris-2 rows=10174 [doris-1:f:DOWN doris-2:M:up doris-3:f:up]
16:20:42 #149 OK SELECT id=3602660 via doris-2 rows=10173 [doris-1:f:DOWN doris-2:M:up doris-3:f:up]
16:20:43 #150 OK SELECT id=3602660 via doris-2 rows=10172 [doris-1:f:DOWN doris-2:M:up doris-3:f:up]
16:20:44 #151 OK SELECT id=3602660 via doris-2 rows=10173 [doris-1:f:DOWN doris-2:M:up doris-3:f:up]
16:20:45 #152 OK SELECT id=3602660 via doris-2 rows=10173 [doris-1:f:DOWN doris-2:M:up doris-3:f:up]
16:20:46 #153 OK SELECT id=3602660 via doris-2 rows=10173 [doris-1:f:DOWN doris-2:M:up doris-3:f:up]
16:20:47 #154 OK SELECT id=3602660 via doris-2 rows=10173 [doris-1:f:DOWN doris-2:M:up doris-3:f:up]
16:20:48 #155 OK SELECT id=3602660 via doris-2 rows=10173 [doris-1:f:DOWN doris-2:M:up doris-3:f:up]
16:20:49 #156 OK SELECT id=3602660 via doris-2 rows=10174 [doris-1:f:DOWN doris-2:M:up doris-3:f:up]
16:20:50 #157 OK SELECT id=3602660 via doris-2 rows=10173 [doris-1:f:DOWN doris-2:M:up doris-3:f:up]
16:20:51 #158 OK SELECT id=3602660 via doris-2 rows=10173 [doris-1:f:DOWN doris-2:M:up doris-3:f:up]
16:20:52 #159 OK SELECT id=3602660 via doris-2 rows=10173 [doris-1:f:DOWN doris-2:M:up doris-3:f:up]
16:20:53 #160 OK SELECT id=3602660 via doris-2 rows=10173 [doris-1:f:DOWN doris-2:M:up doris-3:f:up]
16:20:55 #161 OK SELECT id=3602660 via doris-2 rows=10174 [doris-1:f:DOWN doris-2:M:up doris-3:f:up]
16:20:56 #162 OK SELECT id=3602660 via doris-2 rows=10173 [doris-1:f:DOWN doris-2:M:up doris-3:f:up]
16:20:57 #163 OK SELECT id=3602660 via doris-2 rows=10173 [doris-1:f:DOWN doris-2:M:up doris-3:f:up]
16:20:58 #164 OK SELECT id=3602660 via doris-2 rows=10173 [doris-1:f:DOWN doris-2:M:up doris-3:f:up]
16:20:59 #165 OK SELECT id=3602660 via doris-2 rows=10173 [doris-1:f:DOWN doris-2:M:up doris-3:f:up]
16:21:00 #166 OK SELECT id=3602660 via doris-2 rows=10174 [doris-1:f:DOWN doris-2:M:up doris-3:f:up]
16:21:01 #167 OK SELECT id=3602660 via doris-2 rows=10173 [doris-1:f:DOWN doris-2:M:up doris-3:f:up]
16:21:02 #168 OK SELECT id=3602660 via doris-2 rows=10173 [doris-1:f:DOWN doris-2:M:up doris-3:f:up]
16:21:03 #169 OK SELECT id=3602660 via doris-2 rows=10173 [doris-1:f:DOWN doris-2:M:up doris-3:f:up]
16:21:04 #170 OK SELECT id=3602660 via doris-2 rows=10173 [doris-1:f:DOWN doris-2:M:up doris-3:f:up]
16:21:05 #171 OK SELECT id=3602660 via doris-2 rows=10174 [doris-1:f:DOWN doris-2:M:up doris-3:f:up]
16:21:06 #172 OK SELECT id=3602660 via doris-2 rows=10173 [doris-1:f:DOWN doris-2:M:up doris-3:f:up]
16:21:07 #173 OK SELECT id=3602660 via doris-2 rows=10173 [doris-1:f:DOWN doris-2:M:up doris-3:f:up]
16:21:08 #174 OK SELECT id=3602660 via doris-2 rows=10173 [doris-1:f:DOWN doris-2:M:up doris-3:f:up]
16:21:09 #175 OK SELECT id=3602660 via doris-2 rows=10173 [doris-1:f:DOWN doris-2:M:up doris-3:f:up]
16:21:11 #176 OK SELECT id=3602660 via doris-2 rows=10174 [doris-1:f:DOWN doris-2:M:up doris-3:f:up]
16:21:12 #177 OK SELECT id=3602660 via doris-2 rows=10173 [doris-1:f:DOWN doris-2:M:up doris-3:f:up]
16:21:13 #178 OK SELECT id=3602660 via doris-2 rows=10173 [doris-1:f:DOWN doris-2:M:up doris-3:f:up]
16:21:14 #179 OK SELECT id=3602660 via doris-2 rows=10173 [doris-1:f:DOWN doris-2:M:up doris-3:f:up]
16:21:15 #180 OK SELECT id=3602660 via doris-2 rows=10173 [doris-1:f:DOWN doris-2:M:up doris-3:f:up]
16:21:16 #181 OK SELECT id=3602660 via doris-2 rows=10174 [doris-1:f:DOWN doris-2:M:up doris-3:f:up]
16:21:17 #182 OK SELECT id=3602660 via doris-2 rows=10173 [doris-1:f:DOWN doris-2:M:up doris-3:f:up]
16:21:18 #183 OK SELECT id=3602660 via doris-2 rows=10173 [doris-1:f:up doris-2:M:up doris-3:f:up]
16:21:19 #184 OK SELECT id=3602660 via doris-2 rows=10172 [doris-1:f:up doris-2:M:up doris-3:f:up]
16:21:20 #185 OK SELECT id=3602660 via doris-2 rows=10173 [doris-1:f:up doris-2:M:up doris-3:f:up]
16:21:21 #186 OK SELECT id=3602660 via doris-2 rows=10174 [doris-1:f:up doris-2:M:up doris-3:f:up]
16:21:23 #187 OK SELECT id=3602660 via doris-2 rows=10174 [doris-1:f:up doris-2:M:up doris-3:f:up]
16:21:24 #188 OK SELECT id=3602660 via doris-2 rows=10174 [doris-1:f:up doris-2:M:up doris-3:f:up]
16:21:25 #189 OK SELECT id=3602660 via doris-2 rows=10173 [doris-1:f:up doris-2:M:up doris-3:f:up]
16:21:26 #190 OK SELECT id=3602660 via doris-2 rows=10172 [doris-1:f:up doris-2:M:up doris-3:f:up]
16:21:27 EVENT restore: cluster healthy
16:21:27 #191 OK SELECT id=3602660 via doris-2 rows=10173 [doris-1:f:up doris-2:M:up doris-3:f:up]
16:21:28 #192 OK SELECT id=3602660 via doris-2 rows=10174 [doris-1:f:up doris-2:M:up doris-3:f:up]
16:21:29 #193 OK SELECT id=3602660 via doris-2 rows=10174 [doris-1:f:up doris-2:M:up doris-3:f:up]
16:21:30 #194 OK SELECT id=3602660 via doris-2 rows=10173 [doris-1:f:up doris-2:M:up doris-3:f:up]
16:21:31 #195 OK SELECT id=3602660 via doris-2 rows=10172 [doris-1:f:up doris-2:M:up doris-3:f:up]
16:21:32 #196 OK SELECT id=3602660 via doris-2 rows=10173 [doris-1:f:up doris-2:M:up doris-3:f:up]
16:21:33 #197 OK SELECT id=3602660 via doris-2 rows=10173 [doris-1:f:up doris-2:M:up doris-3:f:up]
16:21:34 #198 OK SELECT id=3602660 via doris-2 rows=10174 [doris-1:f:up doris-2:M:up doris-3:f:up]
16:21:35 #199 OK SELECT id=3602660 via doris-2 rows=10173 [doris-1:f:up doris-2:M:up doris-3:f:up]
16:21:37 #200 OK SELECT id=3602660 via doris-2 rows=10173 [doris-1:f:up doris-2:M:up doris-3:f:up]
16:21:38 #201 OK SELECT id=3602660 via doris-2 rows=10173 [doris-1:f:up doris-2:M:up doris-3:f:up]
16:21:39 #202 OK SELECT id=3602660 via doris-2 rows=10173 [doris-1:f:up doris-2:M:up doris-3:f:up]
16:21:40 #203 OK SELECT id=3602660 via doris-2 rows=10174 [doris-1:f:up doris-2:M:up doris-3:f:up]
16:21:41 #204 OK SELECT id=3602660 via doris-2 rows=10173 [doris-1:f:up doris-2:M:up doris-3:f:up]
16:21:42 #205 OK SELECT id=3602660 via doris-2 rows=10173 [doris-1:f:up doris-2:M:up doris-3:f:up]
16:21:43 #206 OK SELECT id=3602660 via doris-2 rows=10173 [doris-1:f:up doris-2:M:up doris-3:f:up]
16:21:44 #207 OK SELECT id=3602660 via doris-2 rows=10173 [doris-1:f:up doris-2:M:up doris-3:f:up]
16:21:45 #208 OK SELECT id=3602660 via doris-2 rows=10174 [doris-1:f:up doris-2:M:up doris-3:f:up]
16:21:46 #209 OK SELECT id=3602660 via doris-2 rows=10173 [doris-1:f:up doris-2:M:up doris-3:f:up]
16:21:47 #210 OK SELECT id=3602660 via doris-2 rows=10173 [doris-1:f:up doris-2:M:up doris-3:f:up]
16:21:48 #211 OK SELECT id=3602660 via doris-2 rows=10173 [doris-1:f:up doris-2:M:up doris-3:f:up]
16:21:49 #212 OK SELECT id=3602660 via doris-2 rows=10173 [doris-1:f:up doris-2:M:up doris-3:f:up]
16:21:50 #213 OK SELECT id=3602660 via doris-2 rows=10174 [doris-1:f:up doris-2:M:up doris-3:f:up]
16:21:52 #214 OK SELECT id=3602660 via doris-2 rows=10173 [doris-1:f:up doris-2:M:up doris-3:f:up]
16:21:53 #215 OK SELECT id=3602660 via doris-2 rows=10173 [doris-1:f:up doris-2:M:up doris-3:f:up]
16:21:54 #216 OK SELECT id=3602660 via doris-2 rows=10173 [doris-1:f:up doris-2:M:up doris-3:f:up]
16:21:55 #217 OK SELECT id=3602660 via doris-2 rows=10173 [doris-1:f:up doris-2:M:up doris-3:f:up]
16:21:56 #218 OK SELECT id=3602660 via doris-2 rows=10174 [doris-1:f:up doris-2:M:up doris-3:f:up]
16:21:57 #219 OK SELECT id=3602660 via doris-2 rows=10173 [doris-1:f:up doris-2:M:up doris-3:f:up]
