16:17:46 PROBE start proto=jdbc hosts=doris-1,doris-2,doris-3 duration=86400s cycle=INSERT>UPSERT>SELECT>DELETE>SELECT url=jdbc:mysql://10.140.0.2:9030,10.140.0.3:9030,10.140.0.4:9030/hatest
16:17:47 connected to doris-1 (driver-selected host)
16:17:47 #1 OK INSERT id=2602660 via doris-1 rows=10172 [doris-1:f:up doris-2:M:up doris-3:f:up]
16:17:48 #2 OK UPSERT id=2602660 via doris-1 rows=10172 [doris-1:f:up doris-2:M:up doris-3:f:up]
16:17:49 #3 OK SELECT id=2602660 via doris-1 rows=10172 [doris-1:f:up doris-2:M:up doris-3:f:up]
16:17:50 #4 OK DELETE id=2602660 via doris-1 rows=10170 [doris-1:f:up doris-2:M:up doris-3:f:up]
16:17:51 #5 OK SELECT id=2602660 via doris-1 rows=10170 [doris-1:f:up doris-2:M:up doris-3:f:up]
16:17:52 #6 OK INSERT id=2602661 via doris-1 rows=10172 [doris-1:f:up doris-2:M:up doris-3:f:up]
16:17:53 #7 OK UPSERT id=2602661 via doris-1 rows=10172 [doris-1:f:up doris-2:M:up doris-3:f:up]
16:17:54 #8 OK SELECT id=2602661 via doris-1 rows=10172 [doris-1:f:up doris-2:M:up doris-3:f:up]
16:17:55 #9 OK DELETE id=2602661 via doris-1 rows=10170 [doris-1:f:up doris-2:M:up doris-3:f:up]
16:17:56 #10 OK SELECT id=2602661 via doris-1 rows=10170 [doris-1:f:up doris-2:M:up doris-3:f:up]
16:17:57 #11 OK INSERT id=2602662 via doris-1 rows=10172 [doris-1:f:up doris-2:M:up doris-3:f:up]
16:17:59 #12 OK UPSERT id=2602662 via doris-1 rows=10172 [doris-1:f:up doris-2:M:up doris-3:f:up]
16:18:00 #13 OK SELECT id=2602662 via doris-1 rows=10172 [doris-1:f:up doris-2:M:up doris-3:f:up]
16:18:01 #14 OK DELETE id=2602662 via doris-1 rows=10170 [doris-1:f:up doris-2:M:up doris-3:f:up]
16:18:02 #15 OK SELECT id=2602662 via doris-1 rows=10170 [doris-1:f:up doris-2:M:up doris-3:f:up]
16:18:03 #16 OK INSERT id=2602663 via doris-1 rows=10172 [doris-1:f:up doris-2:M:up doris-3:f:up]
16:18:04 #17 OK UPSERT id=2602663 via doris-1 rows=10172 [doris-1:f:up doris-2:M:up doris-3:f:up]
16:18:05 #18 OK SELECT id=2602663 via doris-1 rows=10172 [doris-1:f:up doris-2:M:up doris-3:f:up]
16:18:06 #19 OK DELETE id=2602663 via doris-1 rows=10170 [doris-1:f:up doris-2:M:up doris-3:f:up]
16:18:07 #20 OK SELECT id=2602663 via doris-1 rows=10170 [doris-1:f:up doris-2:M:up doris-3:f:up]
16:18:08 #21 OK INSERT id=2602664 via doris-1 rows=10172 [doris-1:f:up doris-2:M:up doris-3:f:up]
16:18:09 #22 OK UPSERT id=2602664 via doris-1 rows=10172 [doris-1:f:up doris-2:M:up doris-3:f:up]
16:18:10 #23 OK SELECT id=2602664 via doris-1 rows=10172 [doris-1:f:up doris-2:M:up doris-3:f:up]
16:18:11 #24 OK DELETE id=2602664 via doris-1 rows=10170 [doris-1:f:up doris-2:M:up doris-3:f:up]
16:18:12 #25 OK SELECT id=2602664 via doris-1 rows=10170 [doris-1:f:up doris-2:M:up doris-3:f:up]
16:18:13 #26 OK INSERT id=2602665 via doris-1 rows=10172 [doris-1:f:up doris-2:M:up doris-3:f:up]
16:18:15 #27 OK UPSERT id=2602665 via doris-1 rows=10172 [doris-1:f:up doris-2:M:up doris-3:f:up]
16:18:16 #28 OK SELECT id=2602665 via doris-1 rows=10172 [doris-1:f:up doris-2:M:up doris-3:f:up]
16:18:17 #29 OK DELETE id=2602665 via doris-1 rows=10170 [doris-1:f:up doris-2:M:up doris-3:f:up]
16:18:18 #30 OK SELECT id=2602665 via doris-1 rows=10170 [doris-1:f:up doris-2:M:up doris-3:f:up]
16:18:19 #31 OK INSERT id=2602666 via doris-1 rows=10172 [doris-1:f:up doris-2:M:up doris-3:f:up]
16:18:20 #32 OK UPSERT id=2602666 via doris-1 rows=10172 [doris-1:f:up doris-2:M:up doris-3:f:up]
16:18:20 EVENT break: vm stop on doris-1 (FE follower)
16:18:21 #33 OK SELECT id=2602666 via doris-1 rows=10172 [doris-1:f:up doris-2:M:up doris-3:f:up]
16:18:22 #34 OK DELETE id=2602666 via doris-1 rows=10170 [doris-1:f:up doris-2:M:up doris-3:f:up]
16:18:23 #35 OK SELECT id=2602666 via doris-1 rows=10170 [doris-1:f:up doris-2:M:up doris-3:f:up]
16:18:24 #36 FAIL INSERT id=2602667 via doris-1: CommunicationsException: Communications link failure  The last packet successfully received from the server was 1,019 milliseconds ago.
16:18:24 #36 OK SELECT(check) id=1 via doris-2
16:18:25 connected to doris-2 (driver-selected host)
16:18:25 #37 FAIL INSERT id=2602668 via doris-2: SQLException: send fragments failed. io.grpc.StatusRuntimeException: UNAVAILABLE: io exception, host: 10.140.0.2
16:18:25 #37 OK SELECT(check) id=1 via doris-2
16:18:39 connected to doris-2 (driver-selected host)
16:18:40 #38 OK INSERT id=2602669 via doris-2 rows=10173 [doris-1:f:DOWN doris-2:M:up doris-3:f:up] (recovered)
16:18:41 #39 OK UPSERT id=2602669 via doris-2 rows=10174 [doris-1:f:DOWN doris-2:M:up doris-3:f:up]
16:18:43 #40 OK SELECT id=2602669 via doris-2 rows=10174 [doris-1:f:DOWN doris-2:M:up doris-3:f:up]
16:18:44 #41 OK DELETE id=2602669 via doris-2 rows=10172 [doris-1:f:DOWN doris-2:M:up doris-3:f:up]
16:18:45 #42 OK SELECT id=2602669 via doris-2 rows=10172 [doris-1:f:DOWN doris-2:M:up doris-3:f:up]
16:18:46 #43 OK INSERT id=2602670 via doris-2 rows=10174 [doris-1:f:DOWN doris-2:M:up doris-3:f:up]
16:18:47 #44 OK UPSERT id=2602670 via doris-2 rows=10174 [doris-1:f:DOWN doris-2:M:up doris-3:f:up]
16:18:48 #45 OK SELECT id=2602670 via doris-2 rows=10174 [doris-1:f:DOWN doris-2:M:up doris-3:f:up]
16:18:49 #46 OK DELETE id=2602670 via doris-2 rows=10172 [doris-1:f:DOWN doris-2:M:up doris-3:f:up]
16:18:50 #47 OK SELECT id=2602670 via doris-2 rows=10172 [doris-1:f:DOWN doris-2:M:up doris-3:f:up]
16:18:51 #48 OK INSERT id=2602671 via doris-2 rows=10174 [doris-1:f:DOWN doris-2:M:up doris-3:f:up]
16:18:53 #49 OK UPSERT id=2602671 via doris-2 rows=10174 [doris-1:f:DOWN doris-2:M:up doris-3:f:up]
16:18:54 #50 OK SELECT id=2602671 via doris-2 rows=10174 [doris-1:f:DOWN doris-2:M:up doris-3:f:up]
16:18:55 #51 OK DELETE id=2602671 via doris-2 rows=10172 [doris-1:f:DOWN doris-2:M:up doris-3:f:up]
16:18:56 #52 OK SELECT id=2602671 via doris-2 rows=10172 [doris-1:f:DOWN doris-2:M:up doris-3:f:up]
16:18:57 #53 OK INSERT id=2602672 via doris-2 rows=10174 [doris-1:f:DOWN doris-2:M:up doris-3:f:up]
16:18:57 EVENT break: doris-1 is down
16:19:01 #54 OK UPSERT id=2602672 via doris-2 rows=10173 [doris-1:f:DOWN doris-2:M:up doris-3:f:up]
16:19:02 #55 OK SELECT id=2602672 via doris-2 rows=10174 [doris-1:f:DOWN doris-2:M:up doris-3:f:up]
16:19:03 #56 OK DELETE id=2602672 via doris-2 rows=10173 [doris-1:f:DOWN doris-2:M:up doris-3:f:up]
16:19:04 #57 OK SELECT id=2602672 via doris-2 rows=10173 [doris-1:f:DOWN doris-2:M:up doris-3:f:up]
16:19:05 #58 OK INSERT id=2602673 via doris-2 rows=10173 [doris-1:f:DOWN doris-2:M:up doris-3:f:up]
16:19:06 #59 OK UPSERT id=2602673 via doris-2 rows=10173 [doris-1:f:DOWN doris-2:M:up doris-3:f:up]
16:19:08 #60 OK SELECT id=2602673 via doris-2 rows=10174 [doris-1:f:DOWN doris-2:M:up doris-3:f:up]
16:19:09 #61 OK DELETE id=2602673 via doris-2 rows=10173 [doris-1:f:DOWN doris-2:M:up doris-3:f:up]
16:19:10 #62 OK SELECT id=2602673 via doris-2 rows=10173 [doris-1:f:DOWN doris-2:M:up doris-3:f:up]
16:19:11 #63 OK INSERT id=2602674 via doris-2 rows=10173 [doris-1:f:DOWN doris-2:M:up doris-3:f:up]
16:19:12 #64 OK UPSERT id=2602674 via doris-2 rows=10173 [doris-1:f:DOWN doris-2:M:up doris-3:f:up]
16:19:13 #65 OK SELECT id=2602674 via doris-2 rows=10174 [doris-1:f:DOWN doris-2:M:up doris-3:f:up]
16:19:14 #66 OK DELETE id=2602674 via doris-2 rows=10173 [doris-1:f:DOWN doris-2:M:up doris-3:f:up]
16:19:15 #67 OK SELECT id=2602674 via doris-2 rows=10173 [doris-1:f:DOWN doris-2:M:up doris-3:f:up]
16:19:16 #68 OK INSERT id=2602675 via doris-2 rows=10173 [doris-1:f:DOWN doris-2:M:up doris-3:f:up]
16:19:17 #69 OK UPSERT id=2602675 via doris-2 rows=10173 [doris-1:f:DOWN doris-2:M:up doris-3:f:up]
16:19:21 #70 OK SELECT id=2602675 via doris-2 rows=10174 [doris-1:f:DOWN doris-2:M:up doris-3:f:up]
16:19:23 #71 OK DELETE id=2602675 via doris-2 rows=10172 [doris-1:f:DOWN doris-2:M:up doris-3:f:up]
16:19:24 #72 OK SELECT id=2602675 via doris-2 rows=10173 [doris-1:f:DOWN doris-2:M:up doris-3:f:up]
16:19:25 #73 OK INSERT id=2602676 via doris-2 rows=10174 [doris-1:f:DOWN doris-2:M:up doris-3:f:up]
16:19:26 #74 OK UPSERT id=2602676 via doris-2 rows=10174 [doris-1:f:DOWN doris-2:M:up doris-3:f:up]
16:19:27 #75 OK SELECT id=2602676 via doris-2 rows=10173 [doris-1:f:DOWN doris-2:M:up doris-3:f:up]
16:19:28 #76 OK DELETE id=2602676 via doris-2 rows=10172 [doris-1:f:DOWN doris-2:M:up doris-3:f:up]
16:19:29 #77 OK SELECT id=2602676 via doris-2 rows=10173 [doris-1:f:DOWN doris-2:M:up doris-3:f:up]
16:19:30 #78 OK INSERT id=2602677 via doris-2 rows=10174 [doris-1:f:DOWN doris-2:M:up doris-3:f:up]
16:19:31 #79 OK UPSERT id=2602677 via doris-2 rows=10174 [doris-1:f:DOWN doris-2:M:up doris-3:f:up]
16:19:32 #80 OK SELECT id=2602677 via doris-2 rows=10173 [doris-1:f:DOWN doris-2:M:up doris-3:f:up]
16:19:33 #81 OK DELETE id=2602677 via doris-2 rows=10172 [doris-1:f:DOWN doris-2:M:up doris-3:f:up]
16:19:34 #82 OK SELECT id=2602677 via doris-2 rows=10173 [doris-1:f:DOWN doris-2:M:up doris-3:f:up]
16:19:36 #83 OK INSERT id=2602678 via doris-2 rows=10174 [doris-1:f:DOWN doris-2:M:up doris-3:f:up]
16:19:37 #84 OK UPSERT id=2602678 via doris-2 rows=10174 [doris-1:f:DOWN doris-2:M:up doris-3:f:up]
16:19:38 #85 OK SELECT id=2602678 via doris-2 rows=10173 [doris-1:f:DOWN doris-2:M:up doris-3:f:up]
16:19:39 #86 OK DELETE id=2602678 via doris-2 rows=10172 [doris-1:f:DOWN doris-2:M:up doris-3:f:up]
16:19:43 #87 OK SELECT id=2602678 via doris-2 rows=10173 [doris-1:f:DOWN doris-2:M:up doris-3:f:up]
16:19:44 #88 OK INSERT id=2602679 via doris-2 rows=10173 [doris-1:f:DOWN doris-2:M:up doris-3:f:up]
16:19:45 #89 OK UPSERT id=2602679 via doris-2 rows=10174 [doris-1:f:DOWN doris-2:M:up doris-3:f:up]
16:19:46 #90 OK SELECT id=2602679 via doris-2 rows=10174 [doris-1:f:DOWN doris-2:M:up doris-3:f:up]
16:19:47 #91 OK DELETE id=2602679 via doris-2 rows=10173 [doris-1:f:DOWN doris-2:M:up doris-3:f:up]
16:19:48 #92 OK SELECT id=2602679 via doris-2 rows=10172 [doris-1:f:DOWN doris-2:M:up doris-3:f:up]
16:19:49 #93 OK INSERT id=2602680 via doris-2 rows=10173 [doris-1:f:DOWN doris-2:M:up doris-3:f:up]
16:19:50 #94 OK UPSERT id=2602680 via doris-2 rows=10174 [doris-1:f:DOWN doris-2:M:up doris-3:f:up]
16:19:52 #95 OK SELECT id=2602680 via doris-2 rows=10174 [doris-1:f:DOWN doris-2:M:up doris-3:f:up]
16:19:53 #96 OK DELETE id=2602680 via doris-2 rows=10173 [doris-1:f:DOWN doris-2:M:up doris-3:f:up]
16:19:54 #97 OK SELECT id=2602680 via doris-2 rows=10172 [doris-1:f:DOWN doris-2:M:up doris-3:f:up]
16:19:55 #98 OK INSERT id=2602681 via doris-2 rows=10173 [doris-1:f:DOWN doris-2:M:up doris-3:f:up]
16:19:56 #99 OK UPSERT id=2602681 via doris-2 rows=10174 [doris-1:f:DOWN doris-2:M:up doris-3:f:up]
16:19:57 #100 OK SELECT id=2602681 via doris-2 rows=10174 [doris-1:f:DOWN doris-2:M:up doris-3:f:up]
16:19:58 #101 OK DELETE id=2602681 via doris-2 rows=10173 [doris-1:f:DOWN doris-2:M:up doris-3:f:up]
16:19:59 #102 OK SELECT id=2602681 via doris-2 rows=10172 [doris-1:f:DOWN doris-2:M:up doris-3:f:up]
16:20:00 #103 OK INSERT id=2602682 via doris-2 rows=10173 [doris-1:f:DOWN doris-2:M:up doris-3:f:up]
16:20:04 #104 OK UPSERT id=2602682 via doris-2 rows=10173 [doris-1:f:DOWN doris-2:M:up doris-3:f:up]
16:20:05 #105 OK SELECT id=2602682 via doris-2 rows=10173 [doris-1:f:DOWN doris-2:M:up doris-3:f:up]
16:20:06 #106 OK DELETE id=2602682 via doris-2 rows=10173 [doris-1:f:DOWN doris-2:M:up doris-3:f:up]
16:20:07 #107 OK SELECT id=2602682 via doris-2 rows=10173 [doris-1:f:DOWN doris-2:M:up doris-3:f:up]
16:20:09 #108 OK INSERT id=2602683 via doris-2 rows=10174 [doris-1:f:DOWN doris-2:M:up doris-3:f:up]
16:20:10 #109 OK UPSERT id=2602683 via doris-2 rows=10173 [doris-1:f:DOWN doris-2:M:up doris-3:f:up]
16:20:11 #110 OK SELECT id=2602683 via doris-2 rows=10173 [doris-1:f:DOWN doris-2:M:up doris-3:f:up]
16:20:12 #111 OK DELETE id=2602683 via doris-2 rows=10173 [doris-1:f:DOWN doris-2:M:up doris-3:f:up]
16:20:13 #112 OK SELECT id=2602683 via doris-2 rows=10173 [doris-1:f:DOWN doris-2:M:up doris-3:f:up]
16:20:14 #113 OK INSERT id=2602684 via doris-2 rows=10174 [doris-1:f:DOWN doris-2:M:up doris-3:f:up]
16:20:15 #114 OK UPSERT id=2602684 via doris-2 rows=10173 [doris-1:f:DOWN doris-2:M:up doris-3:f:up]
16:20:16 #115 OK SELECT id=2602684 via doris-2 rows=10173 [doris-1:f:DOWN doris-2:M:up doris-3:f:up]
16:20:17 #116 OK DELETE id=2602684 via doris-2 rows=10173 [doris-1:f:DOWN doris-2:M:up doris-3:f:up]
16:20:18 #117 OK SELECT id=2602684 via doris-2 rows=10173 [doris-1:f:DOWN doris-2:M:up doris-3:f:up]
16:20:19 #118 OK INSERT id=2602685 via doris-2 rows=10174 [doris-1:f:DOWN doris-2:M:up doris-3:f:up]
16:20:20 #119 OK UPSERT id=2602685 via doris-2 rows=10173 [doris-1:f:DOWN doris-2:M:up doris-3:f:up]
16:20:24 #120 OK SELECT id=2602685 via doris-2 rows=10173 [doris-1:f:DOWN doris-2:M:up doris-3:f:up]
16:20:26 #121 OK DELETE id=2602685 via doris-2 rows=10172 [doris-1:f:DOWN doris-2:M:up doris-3:f:up]
16:20:27 #122 OK SELECT id=2602685 via doris-2 rows=10172 [doris-1:f:DOWN doris-2:M:up doris-3:f:up]
16:20:28 #123 OK INSERT id=2602686 via doris-2 rows=10174 [doris-1:f:DOWN doris-2:M:up doris-3:f:up]
16:20:29 #124 OK UPSERT id=2602686 via doris-2 rows=10174 [doris-1:f:DOWN doris-2:M:up doris-3:f:up]
16:20:30 #125 OK SELECT id=2602686 via doris-2 rows=10174 [doris-1:f:DOWN doris-2:M:up doris-3:f:up]
16:20:31 #126 OK DELETE id=2602686 via doris-2 rows=10172 [doris-1:f:DOWN doris-2:M:up doris-3:f:up]
16:20:32 #127 OK SELECT id=2602686 via doris-2 rows=10172 [doris-1:f:DOWN doris-2:M:up doris-3:f:up]
16:20:33 #128 OK INSERT id=2602687 via doris-2 rows=10174 [doris-1:f:DOWN doris-2:M:up doris-3:f:up]
16:20:34 #129 OK UPSERT id=2602687 via doris-2 rows=10174 [doris-1:f:DOWN doris-2:M:up doris-3:f:up]
16:20:35 #130 OK SELECT id=2602687 via doris-2 rows=10174 [doris-1:f:DOWN doris-2:M:up doris-3:f:up]
16:20:36 #131 OK DELETE id=2602687 via doris-2 rows=10172 [doris-1:f:DOWN doris-2:M:up doris-3:f:up]
16:20:37 EVENT restore: start doris-1
16:20:37 #132 OK SELECT id=2602687 via doris-2 rows=10172 [doris-1:f:DOWN doris-2:M:up doris-3:f:up]
16:20:39 #133 OK INSERT id=2602688 via doris-2 rows=10174 [doris-1:f:DOWN doris-2:M:up doris-3:f:up]
16:20:40 #134 OK UPSERT id=2602688 via doris-2 rows=10174 [doris-1:f:DOWN doris-2:M:up doris-3:f:up]
16:20:41 #135 OK SELECT id=2602688 via doris-2 rows=10174 [doris-1:f:DOWN doris-2:M:up doris-3:f:up]
16:20:42 #136 OK DELETE id=2602688 via doris-2 rows=10172 [doris-1:f:DOWN doris-2:M:up doris-3:f:up]
16:20:46 #137 OK SELECT id=2602688 via doris-2 rows=10172 [doris-1:f:DOWN doris-2:M:up doris-3:f:up]
16:20:47 #138 OK INSERT id=2602689 via doris-2 rows=10173 [doris-1:f:DOWN doris-2:M:up doris-3:f:up]
16:20:48 #139 OK UPSERT id=2602689 via doris-2 rows=10173 [doris-1:f:DOWN doris-2:M:up doris-3:f:up]
16:20:49 #140 OK SELECT id=2602689 via doris-2 rows=10174 [doris-1:f:DOWN doris-2:M:up doris-3:f:up]
16:20:50 #141 OK DELETE id=2602689 via doris-2 rows=10173 [doris-1:f:DOWN doris-2:M:up doris-3:f:up]
16:20:51 #142 OK SELECT id=2602689 via doris-2 rows=10173 [doris-1:f:DOWN doris-2:M:up doris-3:f:up]
16:20:52 #143 OK INSERT id=2602690 via doris-2 rows=10173 [doris-1:f:DOWN doris-2:M:up doris-3:f:up]
16:20:53 #144 OK UPSERT id=2602690 via doris-2 rows=10173 [doris-1:f:DOWN doris-2:M:up doris-3:f:up]
16:20:54 #145 OK SELECT id=2602690 via doris-2 rows=10174 [doris-1:f:DOWN doris-2:M:up doris-3:f:up]
16:20:56 #146 OK DELETE id=2602690 via doris-2 rows=10173 [doris-1:f:DOWN doris-2:M:up doris-3:f:up]
16:20:57 #147 OK SELECT id=2602690 via doris-2 rows=10173 [doris-1:f:DOWN doris-2:M:up doris-3:f:up]
16:20:58 #148 OK INSERT id=2602691 via doris-2 rows=10173 [doris-1:f:DOWN doris-2:M:up doris-3:f:up]
16:20:59 #149 OK UPSERT id=2602691 via doris-2 rows=10173 [doris-1:f:DOWN doris-2:M:up doris-3:f:up]
16:21:00 #150 OK SELECT id=2602691 via doris-2 rows=10174 [doris-1:f:DOWN doris-2:M:up doris-3:f:up]
16:21:01 #151 OK DELETE id=2602691 via doris-2 rows=10173 [doris-1:f:DOWN doris-2:M:up doris-3:f:up]
16:21:02 #152 OK SELECT id=2602691 via doris-2 rows=10173 [doris-1:f:DOWN doris-2:M:up doris-3:f:up]
16:21:03 #153 OK INSERT id=2602692 via doris-2 rows=10173 [doris-1:f:DOWN doris-2:M:up doris-3:f:up]
16:21:04 #154 OK UPSERT id=2602692 via doris-2 rows=10173 [doris-1:f:DOWN doris-2:M:up doris-3:f:up]
16:21:05 #155 OK SELECT id=2602692 via doris-2 rows=10174 [doris-1:f:DOWN doris-2:M:up doris-3:f:up]
16:21:06 #156 OK DELETE id=2602692 via doris-2 rows=10173 [doris-1:f:DOWN doris-2:M:up doris-3:f:up]
16:21:07 #157 OK SELECT id=2602692 via doris-2 rows=10173 [doris-1:f:DOWN doris-2:M:up doris-3:f:up]
16:21:08 #158 OK INSERT id=2602693 via doris-2 rows=10173 [doris-1:f:DOWN doris-2:M:up doris-3:f:up]
16:21:09 #159 OK UPSERT id=2602693 via doris-2 rows=10173 [doris-1:f:DOWN doris-2:M:up doris-3:f:up]
16:21:11 #160 OK SELECT id=2602693 via doris-2 rows=10174 [doris-1:f:DOWN doris-2:M:up doris-3:f:up]
16:21:12 #161 OK DELETE id=2602693 via doris-2 rows=10173 [doris-1:f:DOWN doris-2:M:up doris-3:f:up]
16:21:13 #162 OK SELECT id=2602693 via doris-2 rows=10173 [doris-1:f:DOWN doris-2:M:up doris-3:f:up]
16:21:14 #163 OK INSERT id=2602694 via doris-2 rows=10173 [doris-1:f:DOWN doris-2:M:up doris-3:f:up]
16:21:15 #164 OK UPSERT id=2602694 via doris-2 rows=10173 [doris-1:f:DOWN doris-2:M:up doris-3:f:up]
16:21:16 #165 OK SELECT id=2602694 via doris-2 rows=10174 [doris-1:f:DOWN doris-2:M:up doris-3:f:up]
16:21:17 #166 OK DELETE id=2602694 via doris-2 rows=10173 [doris-1:f:DOWN doris-2:M:up doris-3:f:up]
16:21:18 #167 OK SELECT id=2602694 via doris-2 rows=10173 [doris-1:f:up doris-2:M:up doris-3:f:up]
16:21:19 #168 OK INSERT id=2602695 via doris-2 rows=10173 [doris-1:f:up doris-2:M:up doris-3:f:up]
16:21:20 #169 OK UPSERT id=2602695 via doris-2 rows=10173 [doris-1:f:up doris-2:M:up doris-3:f:up]
16:21:24 #170 OK SELECT id=2602695 via doris-2 rows=10174 [doris-1:f:up doris-2:M:up doris-3:f:up]
16:21:25 #171 OK DELETE id=2602695 via doris-2 rows=10172 [doris-1:f:up doris-2:M:up doris-3:f:up]
16:21:26 #172 OK SELECT id=2602695 via doris-2 rows=10173 [doris-1:f:up doris-2:M:up doris-3:f:up]
16:21:27 EVENT restore: cluster healthy
16:21:28 #173 OK INSERT id=2602696 via doris-2 rows=10174 [doris-1:f:up doris-2:M:up doris-3:f:up]
16:21:29 #174 OK UPSERT id=2602696 via doris-2 rows=10174 [doris-1:f:up doris-2:M:up doris-3:f:up]
16:21:30 #175 OK SELECT id=2602696 via doris-2 rows=10173 [doris-1:f:up doris-2:M:up doris-3:f:up]
16:21:31 #176 OK DELETE id=2602696 via doris-2 rows=10172 [doris-1:f:up doris-2:M:up doris-3:f:up]
16:21:32 #177 OK SELECT id=2602696 via doris-2 rows=10173 [doris-1:f:up doris-2:M:up doris-3:f:up]
16:21:33 #178 OK INSERT id=2602697 via doris-2 rows=10174 [doris-1:f:up doris-2:M:up doris-3:f:up]
16:21:35 #179 OK UPSERT id=2602697 via doris-2 rows=10173 [doris-1:f:up doris-2:M:up doris-3:f:up]
16:21:36 #180 OK SELECT id=2602697 via doris-2 rows=10173 [doris-1:f:up doris-2:M:up doris-3:f:up]
16:21:37 #181 OK DELETE id=2602697 via doris-2 rows=10173 [doris-1:f:up doris-2:M:up doris-3:f:up]
16:21:38 #182 OK SELECT id=2602697 via doris-2 rows=10173 [doris-1:f:up doris-2:M:up doris-3:f:up]
16:21:39 #183 OK INSERT id=2602698 via doris-2 rows=10174 [doris-1:f:up doris-2:M:up doris-3:f:up]
16:21:40 #184 OK UPSERT id=2602698 via doris-2 rows=10173 [doris-1:f:up doris-2:M:up doris-3:f:up]
16:21:41 #185 OK SELECT id=2602698 via doris-2 rows=10173 [doris-1:f:up doris-2:M:up doris-3:f:up]
16:21:42 #186 OK DELETE id=2602698 via doris-2 rows=10173 [doris-1:f:up doris-2:M:up doris-3:f:up]
16:21:43 #187 OK SELECT id=2602698 via doris-2 rows=10173 [doris-1:f:up doris-2:M:up doris-3:f:up]
16:21:45 #188 OK INSERT id=2602699 via doris-2 rows=10174 [doris-1:f:up doris-2:M:up doris-3:f:up]
16:21:46 #189 OK UPSERT id=2602699 via doris-2 rows=10173 [doris-1:f:up doris-2:M:up doris-3:f:up]
16:21:47 #190 OK SELECT id=2602699 via doris-2 rows=10173 [doris-1:f:up doris-2:M:up doris-3:f:up]
16:21:48 #191 OK DELETE id=2602699 via doris-2 rows=10173 [doris-1:f:up doris-2:M:up doris-3:f:up]
16:21:49 #192 OK SELECT id=2602699 via doris-2 rows=10173 [doris-1:f:up doris-2:M:up doris-3:f:up]
16:21:50 #193 OK INSERT id=2602700 via doris-2 rows=10174 [doris-1:f:up doris-2:M:up doris-3:f:up]
16:21:51 #194 OK UPSERT id=2602700 via doris-2 rows=10173 [doris-1:f:up doris-2:M:up doris-3:f:up]
16:21:52 #195 OK SELECT id=2602700 via doris-2 rows=10173 [doris-1:f:up doris-2:M:up doris-3:f:up]
16:21:53 #196 OK DELETE id=2602700 via doris-2 rows=10173 [doris-1:f:up doris-2:M:up doris-3:f:up]
16:21:55 #197 OK SELECT id=2602700 via doris-2 rows=10173 [doris-1:f:up doris-2:M:up doris-3:f:up]
