05:00:07 PROBE start proto=arrow-flight hosts=doris-1,doris-2,doris-3 duration=86400s cycle=INSERT>UPSERT>SELECT>DELETE>SELECT
05:00:07 connected to doris-1 (10.140.0.2)
05:00:08 DML unsupported over arrow-flight (InternalError: RuntimeException, msg: getMysqlChannel not in mysql connection (Internal; ExecuteQuery)) — switching to SELECT-only mode
05:00:08 #1 OK SELECT id=3740070 via doris-1 rows=10142 [doris-1:f:up doris-2:f:up doris-3:M:up]
05:00:09 #2 OK SELECT id=3740070 via doris-1 rows=10143 [doris-1:f:up doris-2:f:up doris-3:M:up]
05:00:10 #3 OK SELECT id=3740070 via doris-1 rows=10143 [doris-1:f:up doris-2:f:up doris-3:M:up]
05:00:11 #4 OK SELECT id=3740070 via doris-1 rows=10142 [doris-1:f:up doris-2:f:up doris-3:M:up]
05:00:12 #5 OK SELECT id=3740070 via doris-1 rows=10141 [doris-1:f:up doris-2:f:up doris-3:M:up]
05:00:13 #6 OK SELECT id=3740070 via doris-1 rows=10142 [doris-1:f:up doris-2:f:up doris-3:M:up]
05:00:14 #7 OK SELECT id=3740070 via doris-1 rows=10143 [doris-1:f:up doris-2:f:up doris-3:M:up]
05:00:15 #8 OK SELECT id=3740070 via doris-1 rows=10143 [doris-1:f:up doris-2:f:up doris-3:M:up]
05:00:16 #9 OK SELECT id=3740070 via doris-1 rows=10142 [doris-1:f:up doris-2:f:up doris-3:M:up]
05:00:17 #10 OK SELECT id=3740070 via doris-1 rows=10141 [doris-1:f:up doris-2:f:up doris-3:M:up]
05:00:18 #11 OK SELECT id=3740070 via doris-1 rows=10142 [doris-1:f:up doris-2:f:up doris-3:M:up]
05:00:19 #12 OK SELECT id=3740070 via doris-1 rows=10143 [doris-1:f:up doris-2:f:up doris-3:M:up]
05:00:20 #13 OK SELECT id=3740070 via doris-1 rows=10143 [doris-1:f:up doris-2:f:up doris-3:M:up]
05:00:21 #14 OK SELECT id=3740070 via doris-1 rows=10142 [doris-1:f:up doris-2:f:up doris-3:M:up]
05:00:22 #15 OK SELECT id=3740070 via doris-1 rows=10141 [doris-1:f:up doris-2:f:up doris-3:M:up]
05:00:23 #16 OK SELECT id=3740070 via doris-1 rows=10142 [doris-1:f:up doris-2:f:up doris-3:M:up]
05:00:24 #17 OK SELECT id=3740070 via doris-1 rows=10143 [doris-1:f:up doris-2:f:up doris-3:M:up]
05:00:25 #18 OK SELECT id=3740070 via doris-1 rows=10143 [doris-1:f:up doris-2:f:up doris-3:M:up]
05:00:27 #19 OK SELECT id=3740070 via doris-1 rows=10143 [doris-1:f:up doris-2:f:up doris-3:M:up]
05:00:28 #20 OK SELECT id=3740070 via doris-1 rows=10141 [doris-1:f:up doris-2:f:up doris-3:M:up]
05:00:29 #21 OK SELECT id=3740070 via doris-1 rows=10141 [doris-1:f:up doris-2:f:up doris-3:M:up]
05:00:30 #22 OK SELECT id=3740070 via doris-1 rows=10143 [doris-1:f:up doris-2:f:up doris-3:M:up]
05:00:31 #23 OK SELECT id=3740070 via doris-1 rows=10143 [doris-1:f:up doris-2:f:up doris-3:M:up]
05:00:32 #24 OK SELECT id=3740070 via doris-1 rows=10143 [doris-1:f:up doris-2:f:up doris-3:M:up]
05:00:33 #25 OK SELECT id=3740070 via doris-1 rows=10141 [doris-1:f:up doris-2:f:up doris-3:M:up]
05:00:34 #26 OK SELECT id=3740070 via doris-1 rows=10141 [doris-1:f:up doris-2:f:up doris-3:M:up]
05:00:35 #27 OK SELECT id=3740070 via doris-1 rows=10143 [doris-1:f:up doris-2:f:up doris-3:M:up]
05:00:36 #28 OK SELECT id=3740070 via doris-1 rows=10143 [doris-1:f:up doris-2:f:up doris-3:M:up]
05:00:37 #29 OK SELECT id=3740070 via doris-1 rows=10143 [doris-1:f:up doris-2:f:up doris-3:M:up]
05:00:38 #30 OK SELECT id=3740070 via doris-1 rows=10142 [doris-1:f:up doris-2:f:up doris-3:M:up]
05:00:39 #31 OK SELECT id=3740070 via doris-1 rows=10141 [doris-1:f:up doris-2:f:up doris-3:M:up]
05:00:40 #32 OK SELECT id=3740070 via doris-1 rows=10142 [doris-1:f:up doris-2:f:up doris-3:M:up]
05:00:41 EVENT break: be hang on doris-1 (FE follower)
05:00:41 #33 OK SELECT id=3740070 via doris-1 rows=10143 [doris-1:f:up doris-2:f:up doris-3:M:up]
05:00:42 #34 OK SELECT id=3740070 via doris-1 rows=10143 [doris-1:f:up doris-2:f:up doris-3:M:up]
05:00:51 #35 FAIL SELECT id=3740070 via doris-1: OperationalError: TIMEOUT: [FlightSQL] stream terminated by RST_STREAM with error code: CANCEL (DeadlineExceeded; ExecuteQuery).
05:00:52 connected to doris-1 (10.140.0.2)
05:01:00 #36 FAIL SELECT id=3740070 via doris-1: OperationalError: TIMEOUT: [FlightSQL] context deadline exceeded (DeadlineExceeded; ExecuteQuery). Vendor code: 4
05:01:01 connected to doris-1 (10.140.0.2)
05:01:09 #37 FAIL SELECT id=3740070 via doris-1: OperationalError: TIMEOUT: [FlightSQL] stream terminated by RST_STREAM with error code: CANCEL (DeadlineExceeded; ExecuteQuery).
05:01:10 connected to doris-1 (10.140.0.2)
05:01:12 #38 FAIL SELECT id=3740070 via doris-1: InternalError: INTERNAL: [FlightSQL] get flight info statement failed, after executeQueryStatement handleQuery, java.lang.Run
05:01:13 connected to doris-1 (10.140.0.2)
05:01:13 #39 OK SELECT id=3740070 via doris-1 rows=10142 [doris-1:f:up doris-2:f:up doris-3:M:up] (recovered)
05:01:14 #40 OK SELECT id=3740070 via doris-1 rows=10142 [doris-1:f:up doris-2:f:up doris-3:M:up]
05:01:16 #41 OK SELECT id=3740070 via doris-1 rows=10142 [doris-1:f:up doris-2:f:up doris-3:M:up]
05:01:17 #42 OK SELECT id=3740070 via doris-1 rows=10142 [doris-1:f:up doris-2:f:up doris-3:M:up]
05:01:18 #43 OK SELECT id=3740070 via doris-1 rows=10142 [doris-1:f:up doris-2:f:up doris-3:M:up]
05:01:19 #44 OK SELECT id=3740070 via doris-1 rows=10142 [doris-1:f:up doris-2:f:up doris-3:M:up]
05:01:20 #45 OK SELECT id=3740070 via doris-1 rows=10144 [doris-1:f:up doris-2:f:up doris-3:M:up]
05:01:21 #46 OK SELECT id=3740070 via doris-1 rows=10144 [doris-1:f:up doris-2:f:up doris-3:M:up]
05:01:22 #47 OK SELECT id=3740070 via doris-1 rows=10144 [doris-1:f:up doris-2:f:up doris-3:M:up]
05:01:23 #48 OK SELECT id=3740070 via doris-1 rows=10142 [doris-1:f:up doris-2:f:up doris-3:M:up]
05:01:24 #49 OK SELECT id=3740070 via doris-1 rows=10142 [doris-1:f:up doris-2:f:up doris-3:M:up]
05:01:25 #50 OK SELECT id=3740070 via doris-1 rows=10144 [doris-1:f:up doris-2:f:up doris-3:M:up]
05:01:26 #51 OK SELECT id=3740070 via doris-1 rows=10144 [doris-1:f:up doris-2:f:up doris-3:M:up]
05:01:27 #52 OK SELECT id=3740070 via doris-1 rows=10144 [doris-1:f:up doris-2:f:up doris-3:M:up]
05:01:28 #53 OK SELECT id=3740070 via doris-1 rows=10142 [doris-1:f:up doris-2:f:up doris-3:M:up]
05:01:29 #54 OK SELECT id=3740070 via doris-1 rows=10142 [doris-1:f:up doris-2:f:up doris-3:M:up]
05:01:30 #55 OK SELECT id=3740070 via doris-1 rows=10144 [doris-1:f:up doris-2:f:up doris-3:M:up]
05:01:31 #56 OK SELECT id=3740070 via doris-1 rows=10144 [doris-1:f:up doris-2:f:up doris-3:M:up]
05:01:32 #57 OK SELECT id=3740070 via doris-1 rows=10144 [doris-1:f:up doris-2:f:up doris-3:M:up]
05:01:33 #58 OK SELECT id=3740070 via doris-1 rows=10142 [doris-1:f:up doris-2:f:up doris-3:M:up]
05:01:34 #59 OK SELECT id=3740070 via doris-1 rows=10142 [doris-1:f:up doris-2:f:up doris-3:M:up]
05:01:35 #60 OK SELECT id=3740070 via doris-1 rows=10144 [doris-1:f:up doris-2:f:up doris-3:M:up]
05:01:37 #61 OK SELECT id=3740070 via doris-1 rows=10144 [doris-1:f:up doris-2:f:up doris-3:M:up]
05:01:38 #62 OK SELECT id=3740070 via doris-1 rows=10144 [doris-1:f:up doris-2:f:up doris-3:M:up]
05:01:39 #63 OK SELECT id=3740070 via doris-1 rows=10142 [doris-1:f:up doris-2:f:up doris-3:M:up]
05:01:40 #64 OK SELECT id=3740070 via doris-1 rows=10142 [doris-1:f:up doris-2:f:up doris-3:M:up]
05:01:41 #65 OK SELECT id=3740070 via doris-1 rows=10144 [doris-1:f:up doris-2:f:up doris-3:M:up]
05:01:42 #66 OK SELECT id=3740070 via doris-1 rows=10144 [doris-1:f:up doris-2:f:up doris-3:M:up]
05:01:43 #67 OK SELECT id=3740070 via doris-1 rows=10144 [doris-1:f:up doris-2:f:up doris-3:M:up]
05:01:44 #68 OK SELECT id=3740070 via doris-1 rows=10142 [doris-1:f:up doris-2:f:up doris-3:M:up]
05:01:45 #69 OK SELECT id=3740070 via doris-1 rows=10142 [doris-1:f:up doris-2:f:up doris-3:M:up]
05:01:46 #70 OK SELECT id=3740070 via doris-1 rows=10143 [doris-1:f:up doris-2:f:up doris-3:M:up]
05:01:47 #71 OK SELECT id=3740070 via doris-1 rows=10143 [doris-1:f:up doris-2:f:up doris-3:M:up]
05:01:48 #72 OK SELECT id=3740070 via doris-1 rows=10143 [doris-1:f:up doris-2:f:up doris-3:M:up]
05:01:49 #73 OK SELECT id=3740070 via doris-1 rows=10141 [doris-1:f:up doris-2:f:up doris-3:M:up]
05:01:50 #74 OK SELECT id=3740070 via doris-1 rows=10141 [doris-1:f:up doris-2:f:up doris-3:M:up]
05:01:51 #75 OK SELECT id=3740070 via doris-1 rows=10143 [doris-1:f:up doris-2:f:up doris-3:M:up]
05:01:52 #76 OK SELECT id=3740070 via doris-1 rows=10143 [doris-1:f:up doris-2:f:up doris-3:M:up]
05:01:53 #77 OK SELECT id=3740070 via doris-1 rows=10143 [doris-1:f:up doris-2:f:up doris-3:M:up]
05:01:54 #78 OK SELECT id=3740070 via doris-1 rows=10141 [doris-1:f:up doris-2:f:up doris-3:M:up]
05:01:55 #79 OK SELECT id=3740070 via doris-1 rows=10141 [doris-1:f:up doris-2:f:up doris-3:M:up]
05:01:56 #80 OK SELECT id=3740070 via doris-1 rows=10143 [doris-1:f:up doris-2:f:up doris-3:M:up]
05:01:58 #81 OK SELECT id=3740070 via doris-1 rows=10143 [doris-1:f:up doris-2:f:up doris-3:M:up]
05:01:59 #82 OK SELECT id=3740070 via doris-1 rows=10143 [doris-1:f:up doris-2:f:up doris-3:M:up]
05:02:00 #83 OK SELECT id=3740070 via doris-1 rows=10141 [doris-1:f:up doris-2:f:up doris-3:M:up]
05:02:01 #84 OK SELECT id=3740070 via doris-1 rows=10141 [doris-1:f:up doris-2:f:up doris-3:M:up]
05:02:02 #85 OK SELECT id=3740070 via doris-1 rows=10143 [doris-1:f:up doris-2:f:up doris-3:M:up]
05:02:03 #86 OK SELECT id=3740070 via doris-1 rows=10143 [doris-1:f:up doris-2:f:up doris-3:M:up]
05:02:04 #87 OK SELECT id=3740070 via doris-1 rows=10143 [doris-1:f:up doris-2:f:up doris-3:M:up]
05:02:05 #88 OK SELECT id=3740070 via doris-1 rows=10141 [doris-1:f:up doris-2:f:up doris-3:M:up]
05:02:06 #89 OK SELECT id=3740070 via doris-1 rows=10141 [doris-1:f:up doris-2:f:up doris-3:M:up]
05:02:07 #90 OK SELECT id=3740070 via doris-1 rows=10143 [doris-1:f:up doris-2:f:up doris-3:M:up]
05:02:08 #91 OK SELECT id=3740070 via doris-1 rows=10143 [doris-1:f:up doris-2:f:up doris-3:M:up]
05:02:09 #92 OK SELECT id=3740070 via doris-1 rows=10143 [doris-1:f:up doris-2:f:up doris-3:M:up]
05:02:10 #93 OK SELECT id=3740070 via doris-1 rows=10141 [doris-1:f:up doris-2:f:up doris-3:M:up]
05:02:11 #94 OK SELECT id=3740070 via doris-1 rows=10141 [doris-1:f:up doris-2:f:up doris-3:M:up]
05:02:12 #95 OK SELECT id=3740070 via doris-1 rows=10143 [doris-1:f:up doris-2:f:up doris-3:M:up]
05:02:13 #96 OK SELECT id=3740070 via doris-1 rows=10143 [doris-1:f:up doris-2:f:up doris-3:M:up]
05:02:14 #97 OK SELECT id=3740070 via doris-1 rows=10143 [doris-1:f:up doris-2:f:up doris-3:M:up]
05:02:15 #98 OK SELECT id=3740070 via doris-1 rows=10141 [doris-1:f:up doris-2:f:up doris-3:M:up]
05:02:16 #99 OK SELECT id=3740070 via doris-1 rows=10141 [doris-1:f:up doris-2:f:up doris-3:M:up]
05:02:18 #100 OK SELECT id=3740070 via doris-1 rows=10143 [doris-1:f:up doris-2:f:up doris-3:M:up]
05:02:19 #101 OK SELECT id=3740070 via doris-1 rows=10143 [doris-1:f:up doris-2:f:up doris-3:M:up]
05:02:20 #102 OK SELECT id=3740070 via doris-1 rows=10143 [doris-1:f:up doris-2:f:up doris-3:M:up]
05:02:21 #103 OK SELECT id=3740070 via doris-1 rows=10141 [doris-1:f:up doris-2:f:up doris-3:M:up]
05:02:22 #104 OK SELECT id=3740070 via doris-1 rows=10141 [doris-1:f:up doris-2:f:up doris-3:M:up]
05:02:23 #105 OK SELECT id=3740070 via doris-1 rows=10143 [doris-1:f:up doris-2:f:up doris-3:M:up]
05:02:24 #106 OK SELECT id=3740070 via doris-1 rows=10143 [doris-1:f:up doris-2:f:up doris-3:M:up]
05:02:25 #107 OK SELECT id=3740070 via doris-1 rows=10143 [doris-1:f:up doris-2:f:up doris-3:M:up]
05:02:26 #108 OK SELECT id=3740070 via doris-1 rows=10141 [doris-1:f:up doris-2:f:up doris-3:M:up]
05:02:27 #109 OK SELECT id=3740070 via doris-1 rows=10141 [doris-1:f:up doris-2:f:up doris-3:M:up]
05:02:28 #110 OK SELECT id=3740070 via doris-1 rows=10143 [doris-1:f:up doris-2:f:up doris-3:M:up]
05:02:29 #111 OK SELECT id=3740070 via doris-1 rows=10143 [doris-1:f:up doris-2:f:up doris-3:M:up]
05:02:30 #112 OK SELECT id=3740070 via doris-1 rows=10143 [doris-1:f:up doris-2:f:up doris-3:M:up]
05:02:31 #113 OK SELECT id=3740070 via doris-1 rows=10141 [doris-1:f:up doris-2:f:up doris-3:M:up]
05:02:32 #114 OK SELECT id=3740070 via doris-1 rows=10141 [doris-1:f:up doris-2:f:up doris-3:M:up]
05:02:33 #115 OK SELECT id=3740070 via doris-1 rows=10143 [doris-1:f:up doris-2:f:up doris-3:M:up]
05:02:34 #116 OK SELECT id=3740070 via doris-1 rows=10143 [doris-1:f:up doris-2:f:up doris-3:M:up]
05:02:35 #117 OK SELECT id=3740070 via doris-1 rows=10143 [doris-1:f:up doris-2:f:up doris-3:M:up]
05:02:36 #118 OK SELECT id=3740070 via doris-1 rows=10141 [doris-1:f:up doris-2:f:up doris-3:M:up]
05:02:37 #119 OK SELECT id=3740070 via doris-1 rows=10141 [doris-1:f:up doris-2:f:up doris-3:M:up]
05:02:39 #120 OK SELECT id=3740070 via doris-1 rows=10143 [doris-1:f:up doris-2:f:up doris-3:M:up]
05:02:40 #121 OK SELECT id=3740070 via doris-1 rows=10143 [doris-1:f:up doris-2:f:up doris-3:M:up]
05:02:41 #122 OK SELECT id=3740070 via doris-1 rows=10143 [doris-1:f:up doris-2:f:up doris-3:M:up]
05:02:42 #123 OK SELECT id=3740070 via doris-1 rows=10141 [doris-1:f:up doris-2:f:up doris-3:M:up]
05:02:43 #124 OK SELECT id=3740070 via doris-1 rows=10141 [doris-1:f:up doris-2:f:up doris-3:M:up]
05:02:44 #125 OK SELECT id=3740070 via doris-1 rows=10143 [doris-1:f:up doris-2:f:up doris-3:M:up]
05:02:45 #126 OK SELECT id=3740070 via doris-1 rows=10143 [doris-1:f:up doris-2:f:up doris-3:M:up]
05:02:46 #127 OK SELECT id=3740070 via doris-1 rows=10143 [doris-1:f:up doris-2:f:up doris-3:M:up]
05:02:47 #128 OK SELECT id=3740070 via doris-1 rows=10141 [doris-1:f:up doris-2:f:up doris-3:M:up]
05:02:48 #129 OK SELECT id=3740070 via doris-1 rows=10141 [doris-1:f:up doris-2:f:up doris-3:M:up]
05:02:49 #130 OK SELECT id=3740070 via doris-1 rows=10143 [doris-1:f:up doris-2:f:up doris-3:M:up]
05:02:50 EVENT restore: resume be on doris-1
05:02:50 #131 OK SELECT id=3740070 via doris-1 rows=10143 [doris-1:f:up doris-2:f:up doris-3:M:up]
05:02:51 #132 OK SELECT id=3740070 via doris-1 rows=10143 [doris-1:f:up doris-2:f:up doris-3:M:up]
05:02:52 #133 OK SELECT id=3740070 via doris-1 rows=10141 [doris-1:f:up doris-2:f:up doris-3:M:up]
05:02:53 #134 OK SELECT id=3740070 via doris-1 rows=10141 [doris-1:f:up doris-2:f:up doris-3:M:up]
05:02:54 #135 OK SELECT id=3740070 via doris-1 rows=10142 [doris-1:f:up doris-2:f:up doris-3:M:up]
05:02:55 #136 OK SELECT id=3740070 via doris-1 rows=10143 [doris-1:f:up doris-2:f:up doris-3:M:up]
05:02:56 #137 OK SELECT id=3740070 via doris-1 rows=10143 [doris-1:f:up doris-2:f:up doris-3:M:up]
05:02:57 #138 OK SELECT id=3740070 via doris-1 rows=10143 [doris-1:f:up doris-2:f:up doris-3:M:up]
05:02:58 #139 OK SELECT id=3740070 via doris-1 rows=10141 [doris-1:f:up doris-2:f:up doris-3:M:up]
05:03:00 #140 OK SELECT id=3740070 via doris-1 rows=10141 [doris-1:f:up doris-2:f:up doris-3:M:up]
05:03:01 #141 OK SELECT id=3740070 via doris-1 rows=10143 [doris-1:f:up doris-2:f:up doris-3:M:up]
05:03:02 #142 OK SELECT id=3740070 via doris-1 rows=10143 [doris-1:f:up doris-2:f:up doris-3:M:up]
05:03:03 #143 OK SELECT id=3740070 via doris-1 rows=10143 [doris-1:f:up doris-2:f:up doris-3:M:up]
05:03:04 #144 OK SELECT id=3740070 via doris-1 rows=10141 [doris-1:f:up doris-2:f:up doris-3:M:up]
05:03:05 #145 OK SELECT id=3740070 via doris-1 rows=10141 [doris-1:f:up doris-2:f:up doris-3:M:up]
05:03:06 #146 OK SELECT id=3740070 via doris-1 rows=10143 [doris-1:f:up doris-2:f:up doris-3:M:up]
05:03:07 #147 OK SELECT id=3740070 via doris-1 rows=10143 [doris-1:f:up doris-2:f:up doris-3:M:up]
05:03:08 #148 OK SELECT id=3740070 via doris-1 rows=10143 [doris-1:f:up doris-2:f:up doris-3:M:up]
05:03:09 #149 OK SELECT id=3740070 via doris-1 rows=10141 [doris-1:f:up doris-2:f:up doris-3:M:up]
05:03:10 EVENT restore: cluster healthy
05:03:10 #150 OK SELECT id=3740070 via doris-1 rows=10141 [doris-1:f:up doris-2:f:up doris-3:M:up]
05:03:11 #151 OK SELECT id=3740070 via doris-1 rows=10143 [doris-1:f:up doris-2:f:up doris-3:M:up]
05:03:12 #152 OK SELECT id=3740070 via doris-1 rows=10143 [doris-1:f:up doris-2:f:up doris-3:M:up]
05:03:13 #153 OK SELECT id=3740070 via doris-1 rows=10143 [doris-1:f:up doris-2:f:up doris-3:M:up]
05:03:14 #154 OK SELECT id=3740070 via doris-1 rows=10141 [doris-1:f:up doris-2:f:up doris-3:M:up]
05:03:15 #155 OK SELECT id=3740070 via doris-1 rows=10141 [doris-1:f:up doris-2:f:up doris-3:M:up]
05:03:16 #156 OK SELECT id=3740070 via doris-1 rows=10143 [doris-1:f:up doris-2:f:up doris-3:M:up]
05:03:17 #157 OK SELECT id=3740070 via doris-1 rows=10143 [doris-1:f:up doris-2:f:up doris-3:M:up]
05:03:19 #158 OK SELECT id=3740070 via doris-1 rows=10143 [doris-1:f:up doris-2:f:up doris-3:M:up]
05:03:20 #159 OK SELECT id=3740070 via doris-1 rows=10141 [doris-1:f:up doris-2:f:up doris-3:M:up]
05:03:21 #160 OK SELECT id=3740070 via doris-1 rows=10141 [doris-1:f:up doris-2:f:up doris-3:M:up]
05:03:22 #161 OK SELECT id=3740070 via doris-1 rows=10143 [doris-1:f:up doris-2:f:up doris-3:M:up]
05:03:23 #162 OK SELECT id=3740070 via doris-1 rows=10143 [doris-1:f:up doris-2:f:up doris-3:M:up]
05:03:24 #163 OK SELECT id=3740070 via doris-1 rows=10143 [doris-1:f:up doris-2:f:up doris-3:M:up]
05:03:25 #164 OK SELECT id=3740070 via doris-1 rows=10141 [doris-1:f:up doris-2:f:up doris-3:M:up]
05:03:26 #165 OK SELECT id=3740070 via doris-1 rows=10141 [doris-1:f:up doris-2:f:up doris-3:M:up]
05:03:27 #166 OK SELECT id=3740070 via doris-1 rows=10143 [doris-1:f:up doris-2:f:up doris-3:M:up]
05:03:28 #167 OK SELECT id=3740070 via doris-1 rows=10143 [doris-1:f:up doris-2:f:up doris-3:M:up]
05:03:29 #168 OK SELECT id=3740070 via doris-1 rows=10143 [doris-1:f:up doris-2:f:up doris-3:M:up]
05:03:30 #169 OK SELECT id=3740070 via doris-1 rows=10141 [doris-1:f:up doris-2:f:up doris-3:M:up]
05:03:31 #170 OK SELECT id=3740070 via doris-1 rows=10141 [doris-1:f:up doris-2:f:up doris-3:M:up]
05:03:32 #171 OK SELECT id=3740070 via doris-1 rows=10143 [doris-1:f:up doris-2:f:up doris-3:M:up]
05:03:33 #172 OK SELECT id=3740070 via doris-1 rows=10143 [doris-1:f:up doris-2:f:up doris-3:M:up]
05:03:34 #173 OK SELECT id=3740070 via doris-1 rows=10143 [doris-1:f:up doris-2:f:up doris-3:M:up]
05:03:35 #174 OK SELECT id=3740070 via doris-1 rows=10141 [doris-1:f:up doris-2:f:up doris-3:M:up]
05:03:36 #175 OK SELECT id=3740070 via doris-1 rows=10141 [doris-1:f:up doris-2:f:up doris-3:M:up]
05:03:37 #176 OK SELECT id=3740070 via doris-1 rows=10143 [doris-1:f:up doris-2:f:up doris-3:M:up]
05:03:38 #177 OK SELECT id=3740070 via doris-1 rows=10143 [doris-1:f:up doris-2:f:up doris-3:M:up]
05:03:40 #178 OK SELECT id=3740070 via doris-1 rows=10143 [doris-1:f:up doris-2:f:up doris-3:M:up]
