05:00:07 PROBE start proto=jdbc hosts=doris-1,doris-2,doris-3 duration=86400s cycle=INSERT>UPSERT>SELECT>DELETE>SELECT url=jdbc:mysql://10.140.0.2:9030,10.140.0.3:9030,10.140.0.4:9030/hatest
05:00:08 connected to doris-1 (driver-selected host)
05:00:08 #1 OK INSERT id=2740070 via doris-1 rows=10143 [doris-1:f:up doris-2:f:up doris-3:M:up]
05:00:09 #2 OK UPSERT id=2740070 via doris-1 rows=10143 [doris-1:f:up doris-2:f:up doris-3:M:up]
05:00:10 #3 OK SELECT id=2740070 via doris-1 rows=10143 [doris-1:f:up doris-2:f:up doris-3:M:up]
05:00:12 #4 OK DELETE id=2740070 via doris-1 rows=10141 [doris-1:f:up doris-2:f:up doris-3:M:up]
05:00:13 #5 OK SELECT id=2740070 via doris-1 rows=10141 [doris-1:f:up doris-2:f:up doris-3:M:up]
05:00:14 #6 OK INSERT id=2740071 via doris-1 rows=10143 [doris-1:f:up doris-2:f:up doris-3:M:up]
05:00:15 #7 OK UPSERT id=2740071 via doris-1 rows=10143 [doris-1:f:up doris-2:f:up doris-3:M:up]
05:00:16 #8 OK SELECT id=2740071 via doris-1 rows=10143 [doris-1:f:up doris-2:f:up doris-3:M:up]
05:00:17 #9 OK DELETE id=2740071 via doris-1 rows=10141 [doris-1:f:up doris-2:f:up doris-3:M:up]
05:00:18 #10 OK SELECT id=2740071 via doris-1 rows=10141 [doris-1:f:up doris-2:f:up doris-3:M:up]
05:00:19 #11 OK INSERT id=2740072 via doris-1 rows=10143 [doris-1:f:up doris-2:f:up doris-3:M:up]
05:00:20 #12 OK UPSERT id=2740072 via doris-1 rows=10143 [doris-1:f:up doris-2:f:up doris-3:M:up]
05:00:21 #13 OK SELECT id=2740072 via doris-1 rows=10143 [doris-1:f:up doris-2:f:up doris-3:M:up]
05:00:22 #14 OK DELETE id=2740072 via doris-1 rows=10141 [doris-1:f:up doris-2:f:up doris-3:M:up]
05:00:23 #15 OK SELECT id=2740072 via doris-1 rows=10141 [doris-1:f:up doris-2:f:up doris-3:M:up]
05:00:24 #16 OK INSERT id=2740073 via doris-1 rows=10143 [doris-1:f:up doris-2:f:up doris-3:M:up]
05:00:25 #17 OK UPSERT id=2740073 via doris-1 rows=10143 [doris-1:f:up doris-2:f:up doris-3:M:up]
05:00:26 #18 OK SELECT id=2740073 via doris-1 rows=10143 [doris-1:f:up doris-2:f:up doris-3:M:up]
05:00:27 #19 OK DELETE id=2740073 via doris-1 rows=10141 [doris-1:f:up doris-2:f:up doris-3:M:up]
05:00:29 #20 OK SELECT id=2740073 via doris-1 rows=10141 [doris-1:f:up doris-2:f:up doris-3:M:up]
05:00:30 #21 OK INSERT id=2740074 via doris-1 rows=10143 [doris-1:f:up doris-2:f:up doris-3:M:up]
05:00:31 #22 OK UPSERT id=2740074 via doris-1 rows=10143 [doris-1:f:up doris-2:f:up doris-3:M:up]
05:00:32 #23 OK SELECT id=2740074 via doris-1 rows=10143 [doris-1:f:up doris-2:f:up doris-3:M:up]
05:00:33 #24 OK DELETE id=2740074 via doris-1 rows=10141 [doris-1:f:up doris-2:f:up doris-3:M:up]
05:00:34 #25 OK SELECT id=2740074 via doris-1 rows=10141 [doris-1:f:up doris-2:f:up doris-3:M:up]
05:00:35 #26 OK INSERT id=2740075 via doris-1 rows=10143 [doris-1:f:up doris-2:f:up doris-3:M:up]
05:00:36 #27 OK UPSERT id=2740075 via doris-1 rows=10143 [doris-1:f:up doris-2:f:up doris-3:M:up]
05:00:37 #28 OK SELECT id=2740075 via doris-1 rows=10143 [doris-1:f:up doris-2:f:up doris-3:M:up]
05:00:38 #29 OK DELETE id=2740075 via doris-1 rows=10141 [doris-1:f:up doris-2:f:up doris-3:M:up]
05:00:39 #30 OK SELECT id=2740075 via doris-1 rows=10141 [doris-1:f:up doris-2:f:up doris-3:M:up]
05:00:40 #31 OK INSERT id=2740076 via doris-1 rows=10143 [doris-1:f:up doris-2:f:up doris-3:M:up]
05:00:41 EVENT break: be hang on doris-1 (FE follower)
05:00:41 #32 OK UPSERT id=2740076 via doris-1 rows=10143 [doris-1:f:up doris-2:f:up doris-3:M:up]
05:00:42 #33 OK SELECT id=2740076 via doris-1 rows=10143 [doris-1:f:up doris-2:f:up doris-3:M:up]
05:00:51 #34 FAIL DELETE id=2740076 via doris-1: CommunicationsException: Communications link failure  The last packet successfully received from the server was 9,030 milliseconds ago.
05:01:00 #34 FAIL SELECT(check) id=1 via doris-1: CommunicationsException: Communications link failure  The last packet successfully received from the server was 8,0
05:01:01 connected to doris-1 (driver-selected host)
05:01:09 #35 FAIL INSERT id=2740077 via doris-1: CommunicationsException: Communications link failure  The last packet successfully received from the server was 8,010 milliseconds ago.
05:01:09 #35 OK SELECT(check) id=1 via doris-1
05:01:10 connected to doris-1 (driver-selected host)
05:01:18 #36 FAIL INSERT id=2740078 via doris-1: CommunicationsException: Communications link failure  The last packet successfully received from the server was 8,006 milliseconds ago.
05:01:18 #36 OK SELECT(check) id=1 via doris-1
05:01:19 connected to doris-1 (driver-selected host)
05:01:19 #37 OK INSERT id=2740079 via doris-1 rows=10143 [doris-1:f:up doris-2:f:up doris-3:M:up] (recovered)
05:01:20 #38 OK UPSERT id=2740079 via doris-1 rows=10144 [doris-1:f:up doris-2:f:up doris-3:M:up]
05:01:21 #39 OK SELECT id=2740079 via doris-1 rows=10144 [doris-1:f:up doris-2:f:up doris-3:M:up]
05:01:22 #40 OK DELETE id=2740079 via doris-1 rows=10143 [doris-1:f:up doris-2:f:up doris-3:M:up]
05:01:23 #41 OK SELECT id=2740079 via doris-1 rows=10142 [doris-1:f:up doris-2:f:up doris-3:M:up]
05:01:24 #42 OK INSERT id=2740080 via doris-1 rows=10143 [doris-1:f:up doris-2:f:up doris-3:M:up]
05:01:25 #43 OK UPSERT id=2740080 via doris-1 rows=10144 [doris-1:f:up doris-2:f:up doris-3:M:up]
05:01:26 #44 OK SELECT id=2740080 via doris-1 rows=10144 [doris-1:f:up doris-2:f:up doris-3:M:up]
05:01:27 #45 OK DELETE id=2740080 via doris-1 rows=10143 [doris-1:f:up doris-2:f:up doris-3:M:up]
05:01:28 #46 OK SELECT id=2740080 via doris-1 rows=10142 [doris-1:f:up doris-2:f:up doris-3:M:up]
05:01:29 #47 OK INSERT id=2740081 via doris-1 rows=10143 [doris-1:f:up doris-2:f:up doris-3:M:up]
05:01:31 #48 OK UPSERT id=2740081 via doris-1 rows=10144 [doris-1:f:up doris-2:f:up doris-3:M:up]
05:01:32 #49 OK SELECT id=2740081 via doris-1 rows=10144 [doris-1:f:up doris-2:f:up doris-3:M:up]
05:01:33 #50 OK DELETE id=2740081 via doris-1 rows=10143 [doris-1:f:up doris-2:f:up doris-3:M:up]
05:01:34 #51 OK SELECT id=2740081 via doris-1 rows=10142 [doris-1:f:up doris-2:f:up doris-3:M:up]
05:01:35 #52 OK INSERT id=2740082 via doris-1 rows=10143 [doris-1:f:up doris-2:f:up doris-3:M:up]
05:01:36 #53 OK UPSERT id=2740082 via doris-1 rows=10144 [doris-1:f:up doris-2:f:up doris-3:M:up]
05:01:37 #54 OK SELECT id=2740082 via doris-1 rows=10144 [doris-1:f:up doris-2:f:up doris-3:M:up]
05:01:38 #55 OK DELETE id=2740082 via doris-1 rows=10143 [doris-1:f:up doris-2:f:up doris-3:M:up]
05:01:39 #56 OK SELECT id=2740082 via doris-1 rows=10142 [doris-1:f:up doris-2:f:up doris-3:M:up]
05:01:40 #57 OK INSERT id=2740083 via doris-1 rows=10143 [doris-1:f:up doris-2:f:up doris-3:M:up]
05:01:41 #58 OK UPSERT id=2740083 via doris-1 rows=10144 [doris-1:f:up doris-2:f:up doris-3:M:up]
05:01:42 #59 OK SELECT id=2740083 via doris-1 rows=10144 [doris-1:f:up doris-2:f:up doris-3:M:up]
05:01:43 #60 OK DELETE id=2740083 via doris-1 rows=10143 [doris-1:f:up doris-2:f:up doris-3:M:up]
05:01:44 #61 OK SELECT id=2740083 via doris-1 rows=10142 [doris-1:f:up doris-2:f:up doris-3:M:up]
05:01:45 #62 OK INSERT id=2740084 via doris-1 rows=10143 [doris-1:f:up doris-2:f:up doris-3:M:up]
05:01:46 #63 OK UPSERT id=2740084 via doris-1 rows=10143 [doris-1:f:up doris-2:f:up doris-3:M:up]
05:01:47 #64 OK SELECT id=2740084 via doris-1 rows=10143 [doris-1:f:up doris-2:f:up doris-3:M:up]
05:01:49 #65 OK DELETE id=2740084 via doris-1 rows=10142 [doris-1:f:up doris-2:f:up doris-3:M:up]
05:01:50 #66 OK SELECT id=2740084 via doris-1 rows=10141 [doris-1:f:up doris-2:f:up doris-3:M:up]
05:01:51 #67 OK INSERT id=2740085 via doris-1 rows=10142 [doris-1:f:up doris-2:f:up doris-3:M:up]
05:01:52 #68 OK UPSERT id=2740085 via doris-1 rows=10143 [doris-1:f:up doris-2:f:up doris-3:M:up]
05:01:53 #69 OK SELECT id=2740085 via doris-1 rows=10143 [doris-1:f:up doris-2:f:up doris-3:M:up]
05:01:54 #70 OK DELETE id=2740085 via doris-1 rows=10142 [doris-1:f:up doris-2:f:up doris-3:M:up]
05:01:55 #71 OK SELECT id=2740085 via doris-1 rows=10141 [doris-1:f:up doris-2:f:up doris-3:M:up]
05:01:56 #72 OK INSERT id=2740086 via doris-1 rows=10142 [doris-1:f:up doris-2:f:up doris-3:M:up]
05:01:57 #73 OK UPSERT id=2740086 via doris-1 rows=10143 [doris-1:f:up doris-2:f:up doris-3:M:up]
05:01:58 #74 OK SELECT id=2740086 via doris-1 rows=10143 [doris-1:f:up doris-2:f:up doris-3:M:up]
05:01:59 #75 OK DELETE id=2740086 via doris-1 rows=10142 [doris-1:f:up doris-2:f:up doris-3:M:up]
05:02:00 #76 OK SELECT id=2740086 via doris-1 rows=10141 [doris-1:f:up doris-2:f:up doris-3:M:up]
05:02:01 #77 OK INSERT id=2740087 via doris-1 rows=10142 [doris-1:f:up doris-2:f:up doris-3:M:up]
05:02:02 #78 OK UPSERT id=2740087 via doris-1 rows=10143 [doris-1:f:up doris-2:f:up doris-3:M:up]
05:02:03 #79 OK SELECT id=2740087 via doris-1 rows=10143 [doris-1:f:up doris-2:f:up doris-3:M:up]
05:02:04 #80 OK DELETE id=2740087 via doris-1 rows=10142 [doris-1:f:up doris-2:f:up doris-3:M:up]
05:02:05 #81 OK SELECT id=2740087 via doris-1 rows=10141 [doris-1:f:up doris-2:f:up doris-3:M:up]
05:02:07 #82 OK INSERT id=2740088 via doris-1 rows=10142 [doris-1:f:up doris-2:f:up doris-3:M:up]
05:02:08 #83 OK UPSERT id=2740088 via doris-1 rows=10143 [doris-1:f:up doris-2:f:up doris-3:M:up]
05:02:09 #84 OK SELECT id=2740088 via doris-1 rows=10143 [doris-1:f:up doris-2:f:up doris-3:M:up]
05:02:10 #85 OK DELETE id=2740088 via doris-1 rows=10142 [doris-1:f:up doris-2:f:up doris-3:M:up]
05:02:11 #86 OK SELECT id=2740088 via doris-1 rows=10141 [doris-1:f:up doris-2:f:up doris-3:M:up]
05:02:12 #87 OK INSERT id=2740089 via doris-1 rows=10142 [doris-1:f:up doris-2:f:up doris-3:M:up]
05:02:13 #88 OK UPSERT id=2740089 via doris-1 rows=10143 [doris-1:f:up doris-2:f:up doris-3:M:up]
05:02:14 #89 OK SELECT id=2740089 via doris-1 rows=10143 [doris-1:f:up doris-2:f:up doris-3:M:up]
05:02:15 #90 OK DELETE id=2740089 via doris-1 rows=10142 [doris-1:f:up doris-2:f:up doris-3:M:up]
05:02:16 #91 OK SELECT id=2740089 via doris-1 rows=10141 [doris-1:f:up doris-2:f:up doris-3:M:up]
05:02:17 #92 OK INSERT id=2740090 via doris-1 rows=10142 [doris-1:f:up doris-2:f:up doris-3:M:up]
05:02:18 #93 OK UPSERT id=2740090 via doris-1 rows=10143 [doris-1:f:up doris-2:f:up doris-3:M:up]
05:02:19 #94 OK SELECT id=2740090 via doris-1 rows=10143 [doris-1:f:up doris-2:f:up doris-3:M:up]
05:02:20 #95 OK DELETE id=2740090 via doris-1 rows=10142 [doris-1:f:up doris-2:f:up doris-3:M:up]
05:02:21 #96 OK SELECT id=2740090 via doris-1 rows=10141 [doris-1:f:up doris-2:f:up doris-3:M:up]
05:02:22 #97 OK INSERT id=2740091 via doris-1 rows=10142 [doris-1:f:up doris-2:f:up doris-3:M:up]
05:02:24 #98 OK UPSERT id=2740091 via doris-1 rows=10143 [doris-1:f:up doris-2:f:up doris-3:M:up]
05:02:25 #99 OK SELECT id=2740091 via doris-1 rows=10143 [doris-1:f:up doris-2:f:up doris-3:M:up]
05:02:26 #100 OK DELETE id=2740091 via doris-1 rows=10142 [doris-1:f:up doris-2:f:up doris-3:M:up]
05:02:27 #101 OK SELECT id=2740091 via doris-1 rows=10141 [doris-1:f:up doris-2:f:up doris-3:M:up]
05:02:28 #102 OK INSERT id=2740092 via doris-1 rows=10142 [doris-1:f:up doris-2:f:up doris-3:M:up]
05:02:29 #103 OK UPSERT id=2740092 via doris-1 rows=10143 [doris-1:f:up doris-2:f:up doris-3:M:up]
05:02:30 #104 OK SELECT id=2740092 via doris-1 rows=10143 [doris-1:f:up doris-2:f:up doris-3:M:up]
05:02:31 #105 OK DELETE id=2740092 via doris-1 rows=10142 [doris-1:f:up doris-2:f:up doris-3:M:up]
05:02:32 #106 OK SELECT id=2740092 via doris-1 rows=10141 [doris-1:f:up doris-2:f:up doris-3:M:up]
05:02:33 #107 OK INSERT id=2740093 via doris-1 rows=10142 [doris-1:f:up doris-2:f:up doris-3:M:up]
05:02:34 #108 OK UPSERT id=2740093 via doris-1 rows=10143 [doris-1:f:up doris-2:f:up doris-3:M:up]
05:02:35 #109 OK SELECT id=2740093 via doris-1 rows=10143 [doris-1:f:up doris-2:f:up doris-3:M:up]
05:02:36 #110 OK DELETE id=2740093 via doris-1 rows=10142 [doris-1:f:up doris-2:f:up doris-3:M:up]
05:02:37 #111 OK SELECT id=2740093 via doris-1 rows=10141 [doris-1:f:up doris-2:f:up doris-3:M:up]
05:02:38 #112 OK INSERT id=2740094 via doris-1 rows=10142 [doris-1:f:up doris-2:f:up doris-3:M:up]
05:02:39 #113 OK UPSERT id=2740094 via doris-1 rows=10143 [doris-1:f:up doris-2:f:up doris-3:M:up]
05:02:40 #114 OK SELECT id=2740094 via doris-1 rows=10143 [doris-1:f:up doris-2:f:up doris-3:M:up]
05:02:42 #115 OK DELETE id=2740094 via doris-1 rows=10142 [doris-1:f:up doris-2:f:up doris-3:M:up]
05:02:43 #116 OK SELECT id=2740094 via doris-1 rows=10141 [doris-1:f:up doris-2:f:up doris-3:M:up]
05:02:44 #117 OK INSERT id=2740095 via doris-1 rows=10142 [doris-1:f:up doris-2:f:up doris-3:M:up]
05:02:45 #118 OK UPSERT id=2740095 via doris-1 rows=10143 [doris-1:f:up doris-2:f:up doris-3:M:up]
05:02:46 #119 OK SELECT id=2740095 via doris-1 rows=10143 [doris-1:f:up doris-2:f:up doris-3:M:up]
05:02:47 #120 OK DELETE id=2740095 via doris-1 rows=10142 [doris-1:f:up doris-2:f:up doris-3:M:up]
05:02:48 #121 OK SELECT id=2740095 via doris-1 rows=10141 [doris-1:f:up doris-2:f:up doris-3:M:up]
05:02:49 #122 OK INSERT id=2740096 via doris-1 rows=10142 [doris-1:f:up doris-2:f:up doris-3:M:up]
05:02:50 EVENT restore: resume be on doris-1
05:02:50 #123 OK UPSERT id=2740096 via doris-1 rows=10143 [doris-1:f:up doris-2:f:up doris-3:M:up]
05:02:51 #124 OK SELECT id=2740096 via doris-1 rows=10143 [doris-1:f:up doris-2:f:up doris-3:M:up]
05:02:52 #125 OK DELETE id=2740096 via doris-1 rows=10142 [doris-1:f:up doris-2:f:up doris-3:M:up]
05:02:53 #126 OK SELECT id=2740096 via doris-1 rows=10141 [doris-1:f:up doris-2:f:up doris-3:M:up]
05:02:54 #127 OK INSERT id=2740097 via doris-1 rows=10142 [doris-1:f:up doris-2:f:up doris-3:M:up]
05:02:55 #128 OK UPSERT id=2740097 via doris-1 rows=10143 [doris-1:f:up doris-2:f:up doris-3:M:up]
05:02:56 #129 OK SELECT id=2740097 via doris-1 rows=10143 [doris-1:f:up doris-2:f:up doris-3:M:up]
05:02:57 #130 OK DELETE id=2740097 via doris-1 rows=10142 [doris-1:f:up doris-2:f:up doris-3:M:up]
05:02:58 #131 OK SELECT id=2740097 via doris-1 rows=10141 [doris-1:f:up doris-2:f:up doris-3:M:up]
05:03:00 #132 OK INSERT id=2740098 via doris-1 rows=10142 [doris-1:f:up doris-2:f:up doris-3:M:up]
05:03:01 #133 OK UPSERT id=2740098 via doris-1 rows=10143 [doris-1:f:up doris-2:f:up doris-3:M:up]
05:03:02 #134 OK SELECT id=2740098 via doris-1 rows=10143 [doris-1:f:up doris-2:f:up doris-3:M:up]
05:03:03 #135 OK DELETE id=2740098 via doris-1 rows=10142 [doris-1:f:up doris-2:f:up doris-3:M:up]
05:03:04 #136 OK SELECT id=2740098 via doris-1 rows=10141 [doris-1:f:up doris-2:f:up doris-3:M:up]
05:03:05 #137 OK INSERT id=2740099 via doris-1 rows=10142 [doris-1:f:up doris-2:f:up doris-3:M:up]
05:03:06 #138 OK UPSERT id=2740099 via doris-1 rows=10143 [doris-1:f:up doris-2:f:up doris-3:M:up]
05:03:07 #139 OK SELECT id=2740099 via doris-1 rows=10143 [doris-1:f:up doris-2:f:up doris-3:M:up]
05:03:08 #140 OK DELETE id=2740099 via doris-1 rows=10142 [doris-1:f:up doris-2:f:up doris-3:M:up]
05:03:09 #141 OK SELECT id=2740099 via doris-1 rows=10141 [doris-1:f:up doris-2:f:up doris-3:M:up]
05:03:10 EVENT restore: cluster healthy
05:03:10 #142 OK INSERT id=2740100 via doris-1 rows=10142 [doris-1:f:up doris-2:f:up doris-3:M:up]
05:03:11 #143 OK UPSERT id=2740100 via doris-1 rows=10143 [doris-1:f:up doris-2:f:up doris-3:M:up]
05:03:12 #144 OK SELECT id=2740100 via doris-1 rows=10143 [doris-1:f:up doris-2:f:up doris-3:M:up]
05:03:13 #145 OK DELETE id=2740100 via doris-1 rows=10142 [doris-1:f:up doris-2:f:up doris-3:M:up]
05:03:14 #146 OK SELECT id=2740100 via doris-1 rows=10141 [doris-1:f:up doris-2:f:up doris-3:M:up]
05:03:15 #147 OK INSERT id=2740101 via doris-1 rows=10142 [doris-1:f:up doris-2:f:up doris-3:M:up]
05:03:17 #148 OK UPSERT id=2740101 via doris-1 rows=10143 [doris-1:f:up doris-2:f:up doris-3:M:up]
05:03:18 #149 OK SELECT id=2740101 via doris-1 rows=10143 [doris-1:f:up doris-2:f:up doris-3:M:up]
05:03:19 #150 OK DELETE id=2740101 via doris-1 rows=10142 [doris-1:f:up doris-2:f:up doris-3:M:up]
05:03:20 #151 OK SELECT id=2740101 via doris-1 rows=10141 [doris-1:f:up doris-2:f:up doris-3:M:up]
05:03:21 #152 OK INSERT id=2740102 via doris-1 rows=10142 [doris-1:f:up doris-2:f:up doris-3:M:up]
05:03:22 #153 OK UPSERT id=2740102 via doris-1 rows=10143 [doris-1:f:up doris-2:f:up doris-3:M:up]
05:03:23 #154 OK SELECT id=2740102 via doris-1 rows=10143 [doris-1:f:up doris-2:f:up doris-3:M:up]
05:03:24 #155 OK DELETE id=2740102 via doris-1 rows=10142 [doris-1:f:up doris-2:f:up doris-3:M:up]
05:03:25 #156 OK SELECT id=2740102 via doris-1 rows=10141 [doris-1:f:up doris-2:f:up doris-3:M:up]
05:03:26 #157 OK INSERT id=2740103 via doris-1 rows=10142 [doris-1:f:up doris-2:f:up doris-3:M:up]
05:03:27 #158 OK UPSERT id=2740103 via doris-1 rows=10143 [doris-1:f:up doris-2:f:up doris-3:M:up]
05:03:28 #159 OK SELECT id=2740103 via doris-1 rows=10143 [doris-1:f:up doris-2:f:up doris-3:M:up]
05:03:29 #160 OK DELETE id=2740103 via doris-1 rows=10142 [doris-1:f:up doris-2:f:up doris-3:M:up]
05:03:30 #161 OK SELECT id=2740103 via doris-1 rows=10141 [doris-1:f:up doris-2:f:up doris-3:M:up]
05:03:31 #162 OK INSERT id=2740104 via doris-1 rows=10142 [doris-1:f:up doris-2:f:up doris-3:M:up]
05:03:32 #163 OK UPSERT id=2740104 via doris-1 rows=10143 [doris-1:f:up doris-2:f:up doris-3:M:up]
05:03:34 #164 OK SELECT id=2740104 via doris-1 rows=10143 [doris-1:f:up doris-2:f:up doris-3:M:up]
05:03:35 #165 OK DELETE id=2740104 via doris-1 rows=10142 [doris-1:f:up doris-2:f:up doris-3:M:up]
05:03:36 #166 OK SELECT id=2740104 via doris-1 rows=10141 [doris-1:f:up doris-2:f:up doris-3:M:up]
05:03:37 #167 OK INSERT id=2740105 via doris-1 rows=10142 [doris-1:f:up doris-2:f:up doris-3:M:up]
05:03:38 #168 OK UPSERT id=2740105 via doris-1 rows=10143 [doris-1:f:up doris-2:f:up doris-3:M:up]
