18:39:10 PROBE start proto=mysql hosts=doris-1,doris-2,doris-3 duration=86400s cycle=INSERT>UPSERT>SELECT>DELETE>SELECT
18:39:10 connected to doris-1 (10.140.0.2)
18:39:10 #1 OK INSERT id=1687500 via doris-1 rows=10233 [doris-1:f:up doris-2:M:up doris-3:f:up]
18:39:11 #2 OK UPSERT id=1687500 via doris-1 rows=10234 [doris-1:f:up doris-2:M:up doris-3:f:up]
18:39:12 #3 OK SELECT id=1687500 via doris-1 rows=10234 [doris-1:f:up doris-2:M:up doris-3:f:up]
18:39:13 #4 OK DELETE id=1687500 via doris-1 rows=10233 [doris-1:f:up doris-2:M:up doris-3:f:up]
18:39:14 #5 OK SELECT id=1687500 via doris-1 rows=10232 [doris-1:f:up doris-2:M:up doris-3:f:up]
18:39:16 #6 OK INSERT id=1687501 via doris-1 rows=10233 [doris-1:f:up doris-2:M:up doris-3:f:up]
18:39:17 #7 OK UPSERT id=1687501 via doris-1 rows=10234 [doris-1:f:up doris-2:M:up doris-3:f:up]
18:39:18 #8 OK SELECT id=1687501 via doris-1 rows=10234 [doris-1:f:up doris-2:M:up doris-3:f:up]
18:39:19 #9 OK DELETE id=1687501 via doris-1 rows=10233 [doris-1:f:up doris-2:M:up doris-3:f:up]
18:39:20 #10 OK SELECT id=1687501 via doris-1 rows=10232 [doris-1:f:up doris-2:M:up doris-3:f:up]
18:39:21 #11 OK INSERT id=1687502 via doris-1 rows=10233 [doris-1:f:up doris-2:M:up doris-3:f:up]
18:39:22 #12 OK UPSERT id=1687502 via doris-1 rows=10234 [doris-1:f:up doris-2:M:up doris-3:f:up]
18:39:23 #13 OK SELECT id=1687502 via doris-1 rows=10234 [doris-1:f:up doris-2:M:up doris-3:f:up]
18:39:24 #14 OK DELETE id=1687502 via doris-1 rows=10233 [doris-1:f:up doris-2:M:up doris-3:f:up]
18:39:25 #15 OK SELECT id=1687502 via doris-1 rows=10232 [doris-1:f:up doris-2:M:up doris-3:f:up]
18:39:26 #16 OK INSERT id=1687503 via doris-1 rows=10233 [doris-1:f:up doris-2:M:up doris-3:f:up]
18:39:27 #17 OK UPSERT id=1687503 via doris-1 rows=10234 [doris-1:f:up doris-2:M:up doris-3:f:up]
18:39:28 #18 OK SELECT id=1687503 via doris-1 rows=10234 [doris-1:f:up doris-2:M:up doris-3:f:up]
18:39:29 #19 OK DELETE id=1687503 via doris-1 rows=10233 [doris-1:f:up doris-2:M:up doris-3:f:up]
18:39:30 #20 OK SELECT id=1687503 via doris-1 rows=10232 [doris-1:f:up doris-2:M:up doris-3:f:up]
18:39:31 #21 OK INSERT id=1687504 via doris-1 rows=10233 [doris-1:f:up doris-2:M:up doris-3:f:up]
18:39:33 #22 OK UPSERT id=1687504 via doris-1 rows=10234 [doris-1:f:up doris-2:M:up doris-3:f:up]
18:39:34 #23 OK SELECT id=1687504 via doris-1 rows=10234 [doris-1:f:up doris-2:M:up doris-3:f:up]
18:39:35 #24 OK DELETE id=1687504 via doris-1 rows=10233 [doris-1:f:up doris-2:M:up doris-3:f:up]
18:39:36 #25 OK SELECT id=1687504 via doris-1 rows=10232 [doris-1:f:up doris-2:M:up doris-3:f:up]
18:39:37 #26 OK INSERT id=1687505 via doris-1 rows=10233 [doris-1:f:up doris-2:M:up doris-3:f:up]
18:39:38 #27 OK UPSERT id=1687505 via doris-1 rows=10234 [doris-1:f:up doris-2:M:up doris-3:f:up]
18:39:39 #28 OK SELECT id=1687505 via doris-1 rows=10234 [doris-1:f:up doris-2:M:up doris-3:f:up]
18:39:40 #29 OK DELETE id=1687505 via doris-1 rows=10233 [doris-1:f:up doris-2:M:up doris-3:f:up]
18:39:41 #30 OK SELECT id=1687505 via doris-1 rows=10232 [doris-1:f:up doris-2:M:up doris-3:f:up]
18:39:42 #31 OK INSERT id=1687506 via doris-1 rows=10233 [doris-1:f:up doris-2:M:up doris-3:f:up]
18:39:43 #32 OK UPSERT id=1687506 via doris-1 rows=10234 [doris-1:f:up doris-2:M:up doris-3:f:up]
18:39:44 EVENT break: be dead on doris-1 (FE follower)
18:39:44 #33 OK SELECT id=1687506 via doris-1 rows=10234 [doris-1:f:up doris-2:M:up doris-3:f:up]
18:39:45 #34 OK DELETE id=1687506 via doris-1 rows=10233 [doris-1:f:up doris-2:M:up doris-3:f:up]
18:39:46 #35 OK SELECT id=1687506 via doris-1 rows=10232 [doris-1:f:up doris-2:M:up doris-3:f:up]
18:39:49 #36 OK INSERT id=1687507 via doris-1 rows=10233 [doris-1:f:up doris-2:M:up doris-3:f:up]
18:39:50 #37 OK UPSERT id=1687507 via doris-1 rows=10234 [doris-1:f:up doris-2:M:up doris-3:f:up]
18:39:51 #38 OK SELECT id=1687507 via doris-1 rows=10234 [doris-1:f:up doris-2:M:up doris-3:f:up]
18:39:52 #39 OK DELETE id=1687507 via doris-1 rows=10233 [doris-1:f:up doris-2:M:up doris-3:f:up]
18:39:53 #40 OK SELECT id=1687507 via doris-1 rows=10232 [doris-1:f:up doris-2:M:up doris-3:f:up]
18:39:54 #41 OK INSERT id=1687508 via doris-1 rows=10233 [doris-1:f:up doris-2:M:up doris-3:f:up]
18:39:55 #42 OK UPSERT id=1687508 via doris-1 rows=10234 [doris-1:f:up doris-2:M:up doris-3:f:up]
18:39:56 #43 OK SELECT id=1687508 via doris-1 rows=10234 [doris-1:f:up doris-2:M:up doris-3:f:up]
18:39:57 #44 OK DELETE id=1687508 via doris-1 rows=10233 [doris-1:f:up doris-2:M:up doris-3:f:up]
18:39:58 #45 OK SELECT id=1687508 via doris-1 rows=10232 [doris-1:f:up doris-2:M:up doris-3:f:up]
18:39:59 #46 OK INSERT id=1687509 via doris-1 rows=10233 [doris-1:f:up doris-2:M:up doris-3:f:up]
18:40:00 #47 OK UPSERT id=1687509 via doris-1 rows=10234 [doris-1:f:up doris-2:M:up doris-3:f:up]
18:40:01 #48 OK SELECT id=1687509 via doris-1 rows=10234 [doris-1:f:up doris-2:M:up doris-3:f:up]
18:40:02 #49 OK DELETE id=1687509 via doris-1 rows=10233 [doris-1:f:up doris-2:M:up doris-3:f:up]
18:40:03 #50 OK SELECT id=1687509 via doris-1 rows=10232 [doris-1:f:up doris-2:M:up doris-3:f:up]
18:40:05 #51 OK INSERT id=1687510 via doris-1 rows=10233 [doris-1:f:up doris-2:M:up doris-3:f:up]
18:40:06 #52 OK UPSERT id=1687510 via doris-1 rows=10234 [doris-1:f:up doris-2:M:up doris-3:f:up]
18:40:07 #53 OK SELECT id=1687510 via doris-1 rows=10234 [doris-1:f:up doris-2:M:up doris-3:f:up]
18:40:08 #54 OK DELETE id=1687510 via doris-1 rows=10233 [doris-1:f:up doris-2:M:up doris-3:f:up]
18:40:09 #55 OK SELECT id=1687510 via doris-1 rows=10232 [doris-1:f:up doris-2:M:up doris-3:f:up]
18:40:10 #56 OK INSERT id=1687511 via doris-1 rows=10233 [doris-1:f:up doris-2:M:up doris-3:f:up]
18:40:11 #57 OK UPSERT id=1687511 via doris-1 rows=10234 [doris-1:f:up doris-2:M:up doris-3:f:up]
18:40:12 #58 OK SELECT id=1687511 via doris-1 rows=10234 [doris-1:f:up doris-2:M:up doris-3:f:up]
18:40:13 #59 OK DELETE id=1687511 via doris-1 rows=10233 [doris-1:f:up doris-2:M:up doris-3:f:up]
18:40:14 #60 OK SELECT id=1687511 via doris-1 rows=10232 [doris-1:f:up doris-2:M:up doris-3:f:up]
18:40:15 #61 OK INSERT id=1687512 via doris-1 rows=10233 [doris-1:f:up doris-2:M:up doris-3:f:up]
18:40:16 #62 OK UPSERT id=1687512 via doris-1 rows=10234 [doris-1:f:up doris-2:M:up doris-3:f:up]
18:40:17 #63 OK SELECT id=1687512 via doris-1 rows=10234 [doris-1:f:up doris-2:M:up doris-3:f:up]
18:40:18 #64 OK DELETE id=1687512 via doris-1 rows=10233 [doris-1:f:up doris-2:M:up doris-3:f:up]
18:40:19 #65 OK SELECT id=1687512 via doris-1 rows=10232 [doris-1:f:up doris-2:M:up doris-3:f:up]
18:40:20 #66 OK INSERT id=1687513 via doris-1 rows=10233 [doris-1:f:up doris-2:M:up doris-3:f:up]
18:40:21 #67 OK UPSERT id=1687513 via doris-1 rows=10234 [doris-1:f:up doris-2:M:up doris-3:f:up]
18:40:22 #68 OK SELECT id=1687513 via doris-1 rows=10234 [doris-1:f:up doris-2:M:up doris-3:f:up]
18:40:24 #69 OK DELETE id=1687513 via doris-1 rows=10233 [doris-1:f:up doris-2:M:up doris-3:f:up]
18:40:25 #70 OK SELECT id=1687513 via doris-1 rows=10232 [doris-1:f:up doris-2:M:up doris-3:f:up]
18:40:26 #71 OK INSERT id=1687514 via doris-1 rows=10233 [doris-1:f:up doris-2:M:up doris-3:f:up]
18:40:27 #72 OK UPSERT id=1687514 via doris-1 rows=10234 [doris-1:f:up doris-2:M:up doris-3:f:up]
18:40:28 #73 OK SELECT id=1687514 via doris-1 rows=10234 [doris-1:f:up doris-2:M:up doris-3:f:up]
18:40:29 #74 OK DELETE id=1687514 via doris-1 rows=10233 [doris-1:f:up doris-2:M:up doris-3:f:up]
18:40:30 #75 OK SELECT id=1687514 via doris-1 rows=10232 [doris-1:f:up doris-2:M:up doris-3:f:up]
18:40:31 #76 OK INSERT id=1687515 via doris-1 rows=10233 [doris-1:f:up doris-2:M:up doris-3:f:up]
18:40:32 #77 OK UPSERT id=1687515 via doris-1 rows=10234 [doris-1:f:up doris-2:M:up doris-3:f:up]
18:40:33 #78 OK SELECT id=1687515 via doris-1 rows=10234 [doris-1:f:up doris-2:M:up doris-3:f:up]
18:40:34 #79 OK DELETE id=1687515 via doris-1 rows=10233 [doris-1:f:up doris-2:M:up doris-3:f:up]
18:40:35 #80 OK SELECT id=1687515 via doris-1 rows=10232 [doris-1:f:up doris-2:M:up doris-3:f:up]
18:40:36 #81 OK INSERT id=1687516 via doris-1 rows=10233 [doris-1:f:up doris-2:M:up doris-3:f:up]
18:40:37 #82 OK UPSERT id=1687516 via doris-1 rows=10234 [doris-1:f:up doris-2:M:up doris-3:f:up]
18:40:38 #83 OK SELECT id=1687516 via doris-1 rows=10234 [doris-1:f:up doris-2:M:up doris-3:f:up]
18:40:39 #84 OK DELETE id=1687516 via doris-1 rows=10233 [doris-1:f:up doris-2:M:up doris-3:f:up]
18:40:40 #85 OK SELECT id=1687516 via doris-1 rows=10232 [doris-1:f:up doris-2:M:up doris-3:f:up]
18:40:41 #86 OK INSERT id=1687517 via doris-1 rows=10233 [doris-1:f:up doris-2:M:up doris-3:f:up]
18:40:43 #87 OK UPSERT id=1687517 via doris-1 rows=10234 [doris-1:f:up doris-2:M:up doris-3:f:up]
18:40:44 #88 OK SELECT id=1687517 via doris-1 rows=10234 [doris-1:f:up doris-2:M:up doris-3:f:up]
18:40:45 #89 OK DELETE id=1687517 via doris-1 rows=10233 [doris-1:f:up doris-2:M:up doris-3:f:up]
18:40:46 #90 OK SELECT id=1687517 via doris-1 rows=10232 [doris-1:f:up doris-2:M:up doris-3:f:up]
18:40:47 #91 OK INSERT id=1687518 via doris-1 rows=10233 [doris-1:f:up doris-2:M:up doris-3:f:up]
18:40:48 #92 OK UPSERT id=1687518 via doris-1 rows=10234 [doris-1:f:up doris-2:M:up doris-3:f:up]
18:40:49 #93 OK SELECT id=1687518 via doris-1 rows=10234 [doris-1:f:up doris-2:M:up doris-3:f:up]
18:40:50 #94 OK DELETE id=1687518 via doris-1 rows=10233 [doris-1:f:up doris-2:M:up doris-3:f:up]
18:40:51 #95 OK SELECT id=1687518 via doris-1 rows=10232 [doris-1:f:up doris-2:M:up doris-3:f:up]
18:40:52 #96 OK INSERT id=1687519 via doris-1 rows=10233 [doris-1:f:up doris-2:M:up doris-3:f:up]
18:40:53 #97 OK UPSERT id=1687519 via doris-1 rows=10234 [doris-1:f:up doris-2:M:up doris-3:f:up]
18:40:54 #98 OK SELECT id=1687519 via doris-1 rows=10234 [doris-1:f:up doris-2:M:up doris-3:f:up]
18:40:55 #99 OK DELETE id=1687519 via doris-1 rows=10233 [doris-1:f:up doris-2:M:up doris-3:f:up]
18:40:56 #100 OK SELECT id=1687519 via doris-1 rows=10232 [doris-1:f:up doris-2:M:up doris-3:f:up]
18:40:57 #101 OK INSERT id=1687520 via doris-1 rows=10233 [doris-1:f:up doris-2:M:up doris-3:f:up]
18:40:58 #102 OK UPSERT id=1687520 via doris-1 rows=10234 [doris-1:f:up doris-2:M:up doris-3:f:up]
18:40:59 #103 OK SELECT id=1687520 via doris-1 rows=10234 [doris-1:f:up doris-2:M:up doris-3:f:up]
18:41:00 #104 OK DELETE id=1687520 via doris-1 rows=10233 [doris-1:f:up doris-2:M:up doris-3:f:up]
18:41:02 #105 OK SELECT id=1687520 via doris-1 rows=10232 [doris-1:f:up doris-2:M:up doris-3:f:up]
18:41:03 #106 OK INSERT id=1687521 via doris-1 rows=10233 [doris-1:f:up doris-2:M:up doris-3:f:up]
18:41:04 #107 OK UPSERT id=1687521 via doris-1 rows=10234 [doris-1:f:up doris-2:M:up doris-3:f:up]
18:41:05 #108 OK SELECT id=1687521 via doris-1 rows=10234 [doris-1:f:up doris-2:M:up doris-3:f:up]
18:41:06 #109 OK DELETE id=1687521 via doris-1 rows=10233 [doris-1:f:up doris-2:M:up doris-3:f:up]
18:41:07 #110 OK SELECT id=1687521 via doris-1 rows=10232 [doris-1:f:up doris-2:M:up doris-3:f:up]
18:41:08 #111 OK INSERT id=1687522 via doris-1 rows=10233 [doris-1:f:up doris-2:M:up doris-3:f:up]
18:41:09 #112 OK UPSERT id=1687522 via doris-1 rows=10234 [doris-1:f:up doris-2:M:up doris-3:f:up]
18:41:10 #113 OK SELECT id=1687522 via doris-1 rows=10234 [doris-1:f:up doris-2:M:up doris-3:f:up]
18:41:11 #114 OK DELETE id=1687522 via doris-1 rows=10233 [doris-1:f:up doris-2:M:up doris-3:f:up]
18:41:12 #115 OK SELECT id=1687522 via doris-1 rows=10232 [doris-1:f:up doris-2:M:up doris-3:f:up]
18:41:13 #116 OK INSERT id=1687523 via doris-1 rows=10233 [doris-1:f:up doris-2:M:up doris-3:f:up]
18:41:14 #117 OK UPSERT id=1687523 via doris-1 rows=10234 [doris-1:f:up doris-2:M:up doris-3:f:up]
18:41:15 #118 OK SELECT id=1687523 via doris-1 rows=10234 [doris-1:f:up doris-2:M:up doris-3:f:up]
18:41:16 #119 OK DELETE id=1687523 via doris-1 rows=10233 [doris-1:f:up doris-2:M:up doris-3:f:up]
18:41:17 #120 OK SELECT id=1687523 via doris-1 rows=10232 [doris-1:f:up doris-2:M:up doris-3:f:up]
18:41:18 #121 OK INSERT id=1687524 via doris-1 rows=10233 [doris-1:f:up doris-2:M:up doris-3:f:up]
18:41:19 #122 OK UPSERT id=1687524 via doris-1 rows=10234 [doris-1:f:up doris-2:M:up doris-3:f:up]
18:41:21 #123 OK SELECT id=1687524 via doris-1 rows=10234 [doris-1:f:up doris-2:M:up doris-3:f:up]
18:41:22 #124 OK DELETE id=1687524 via doris-1 rows=10233 [doris-1:f:up doris-2:M:up doris-3:f:up]
18:41:23 #125 OK SELECT id=1687524 via doris-1 rows=10232 [doris-1:f:up doris-2:M:up doris-3:f:up]
18:41:24 #126 OK INSERT id=1687525 via doris-1 rows=10233 [doris-1:f:up doris-2:M:up doris-3:f:up]
18:41:25 #127 OK UPSERT id=1687525 via doris-1 rows=10234 [doris-1:f:up doris-2:M:up doris-3:f:up]
18:41:26 EVENT restore: systemctl start doris-be on doris-1
18:41:26 #128 OK SELECT id=1687525 via doris-1 rows=10234 [doris-1:f:up doris-2:M:up doris-3:f:up]
18:41:27 #129 OK DELETE id=1687525 via doris-1 rows=10233 [doris-1:f:up doris-2:M:up doris-3:f:up]
18:41:28 #130 OK SELECT id=1687525 via doris-1 rows=10232 [doris-1:f:up doris-2:M:up doris-3:f:up]
18:41:29 #131 OK INSERT id=1687526 via doris-1 rows=10233 [doris-1:f:up doris-2:M:up doris-3:f:up]
18:41:30 #132 OK UPSERT id=1687526 via doris-1 rows=10234 [doris-1:f:up doris-2:M:up doris-3:f:up]
18:41:31 #133 OK SELECT id=1687526 via doris-1 rows=10234 [doris-1:f:up doris-2:M:up doris-3:f:up]
18:41:32 #134 OK DELETE id=1687526 via doris-1 rows=10233 [doris-1:f:up doris-2:M:up doris-3:f:up]
18:41:33 #135 OK SELECT id=1687526 via doris-1 rows=10232 [doris-1:f:up doris-2:M:up doris-3:f:up]
18:41:34 #136 OK INSERT id=1687527 via doris-1 rows=10233 [doris-1:f:up doris-2:M:up doris-3:f:up]
18:41:35 #137 OK UPSERT id=1687527 via doris-1 rows=10234 [doris-1:f:up doris-2:M:up doris-3:f:up]
18:41:36 #138 OK SELECT id=1687527 via doris-1 rows=10234 [doris-1:f:up doris-2:M:up doris-3:f:up]
18:41:37 #139 OK DELETE id=1687527 via doris-1 rows=10233 [doris-1:f:up doris-2:M:up doris-3:f:up]
18:41:38 #140 OK SELECT id=1687527 via doris-1 rows=10232 [doris-1:f:up doris-2:M:up doris-3:f:up]
18:41:40 #141 OK INSERT id=1687528 via doris-1 rows=10233 [doris-1:f:up doris-2:M:up doris-3:f:up]
18:41:41 #142 OK UPSERT id=1687528 via doris-1 rows=10234 [doris-1:f:up doris-2:M:up doris-3:f:up]
18:41:42 #143 OK SELECT id=1687528 via doris-1 rows=10234 [doris-1:f:up doris-2:M:up doris-3:f:up]
18:41:43 #144 OK DELETE id=1687528 via doris-1 rows=10233 [doris-1:f:up doris-2:M:up doris-3:f:up]
18:41:44 #145 OK SELECT id=1687528 via doris-1 rows=10232 [doris-1:f:up doris-2:M:up doris-3:f:up]
18:41:45 #146 OK INSERT id=1687529 via doris-1 rows=10233 [doris-1:f:up doris-2:M:up doris-3:f:up]
18:41:46 #147 OK UPSERT id=1687529 via doris-1 rows=10234 [doris-1:f:up doris-2:M:up doris-3:f:up]
18:41:47 #148 OK SELECT id=1687529 via doris-1 rows=10234 [doris-1:f:up doris-2:M:up doris-3:f:up]
18:41:48 #149 OK DELETE id=1687529 via doris-1 rows=10233 [doris-1:f:up doris-2:M:up doris-3:f:up]
18:41:49 #150 OK SELECT id=1687529 via doris-1 rows=10232 [doris-1:f:up doris-2:M:up doris-3:f:up]
18:41:50 EVENT restore: cluster healthy
18:41:50 #151 OK INSERT id=1687530 via doris-1 rows=10233 [doris-1:f:up doris-2:M:up doris-3:f:up]
18:41:51 #152 OK UPSERT id=1687530 via doris-1 rows=10234 [doris-1:f:up doris-2:M:up doris-3:f:up]
18:41:52 #153 OK SELECT id=1687530 via doris-1 rows=10234 [doris-1:f:up doris-2:M:up doris-3:f:up]
18:41:53 #154 OK DELETE id=1687530 via doris-1 rows=10233 [doris-1:f:up doris-2:M:up doris-3:f:up]
18:41:54 #155 OK SELECT id=1687530 via doris-1 rows=10232 [doris-1:f:up doris-2:M:up doris-3:f:up]
18:41:55 #156 OK INSERT id=1687531 via doris-1 rows=10233 [doris-1:f:up doris-2:M:up doris-3:f:up]
18:41:56 #157 OK UPSERT id=1687531 via doris-1 rows=10234 [doris-1:f:up doris-2:M:up doris-3:f:up]
18:41:58 #158 OK SELECT id=1687531 via doris-1 rows=10234 [doris-1:f:up doris-2:M:up doris-3:f:up]
18:41:59 #159 OK DELETE id=1687531 via doris-1 rows=10233 [doris-1:f:up doris-2:M:up doris-3:f:up]
18:42:00 #160 OK SELECT id=1687531 via doris-1 rows=10232 [doris-1:f:up doris-2:M:up doris-3:f:up]
18:42:01 #161 OK INSERT id=1687532 via doris-1 rows=10233 [doris-1:f:up doris-2:M:up doris-3:f:up]
18:42:02 #162 OK UPSERT id=1687532 via doris-1 rows=10234 [doris-1:f:up doris-2:M:up doris-3:f:up]
18:42:03 #163 OK SELECT id=1687532 via doris-1 rows=10234 [doris-1:f:up doris-2:M:up doris-3:f:up]
18:42:04 #164 OK DELETE id=1687532 via doris-1 rows=10233 [doris-1:f:up doris-2:M:up doris-3:f:up]
18:42:05 #165 OK SELECT id=1687532 via doris-1 rows=10232 [doris-1:f:up doris-2:M:up doris-3:f:up]
18:42:06 #166 OK INSERT id=1687533 via doris-1 rows=10233 [doris-1:f:up doris-2:M:up doris-3:f:up]
18:42:07 #167 OK UPSERT id=1687533 via doris-1 rows=10234 [doris-1:f:up doris-2:M:up doris-3:f:up]
18:42:08 #168 OK SELECT id=1687533 via doris-1 rows=10234 [doris-1:f:up doris-2:M:up doris-3:f:up]
18:42:09 #169 OK DELETE id=1687533 via doris-1 rows=10233 [doris-1:f:up doris-2:M:up doris-3:f:up]
18:42:10 #170 OK SELECT id=1687533 via doris-1 rows=10232 [doris-1:f:up doris-2:M:up doris-3:f:up]
18:42:11 #171 OK INSERT id=1687534 via doris-1 rows=10233 [doris-1:f:up doris-2:M:up doris-3:f:up]
18:42:12 #172 OK UPSERT id=1687534 via doris-1 rows=10234 [doris-1:f:up doris-2:M:up doris-3:f:up]
18:42:13 #173 OK SELECT id=1687534 via doris-1 rows=10234 [doris-1:f:up doris-2:M:up doris-3:f:up]
18:42:14 #174 OK DELETE id=1687534 via doris-1 rows=10233 [doris-1:f:up doris-2:M:up doris-3:f:up]
18:42:15 #175 OK SELECT id=1687534 via doris-1 rows=10232 [doris-1:f:up doris-2:M:up doris-3:f:up]
18:42:17 #176 OK INSERT id=1687535 via doris-1 rows=10233 [doris-1:f:up doris-2:M:up doris-3:f:up]
