19:38:12 PROBE start proto=arrow-flight hosts=doris-1,doris-2,doris-3 duration=86400s cycle=INSERT>UPSERT>SELECT>DELETE>SELECT
19:38:12 connected to doris-1 (10.140.0.2)
19:38:12 DML unsupported over arrow-flight (InternalError: RuntimeException, msg: getMysqlChannel not in mysql connection (Internal; ExecuteQuery)) — switching to SELECT-only mode
19:38:12 #1 OK SELECT id=3722920 via doris-1 rows=10265 [doris-1:f:up doris-2:f:up doris-3:M:up]
19:38:13 #2 OK SELECT id=3722920 via doris-1 rows=10266 [doris-1:f:up doris-2:f:up doris-3:M:up]
19:38:14 #3 OK SELECT id=3722920 via doris-1 rows=10266 [doris-1:f:up doris-2:f:DOWN doris-3:M:up]
19:38:15 #4 OK SELECT id=3722920 via doris-1 rows=10265 [doris-1:f:up doris-2:f:DOWN doris-3:M:up]
19:38:16 #5 OK SELECT id=3722920 via doris-1 rows=10264 [doris-1:f:up doris-2:f:DOWN doris-3:M:up]
19:38:17 #6 OK SELECT id=3722920 via doris-1 rows=10265 [doris-1:f:up doris-2:f:DOWN doris-3:M:up]
19:38:18 #7 OK SELECT id=3722920 via doris-1 rows=10266 [doris-1:f:up doris-2:f:DOWN doris-3:M:up]
19:38:19 #8 OK SELECT id=3722920 via doris-1 rows=10266 [doris-1:f:up doris-2:f:DOWN doris-3:M:up]
19:38:20 #9 OK SELECT id=3722920 via doris-1 rows=10265 [doris-1:f:up doris-2:f:DOWN doris-3:M:up]
19:38:21 #10 OK SELECT id=3722920 via doris-1 rows=10264 [doris-1:f:up doris-2:f:DOWN doris-3:M:up]
19:38:22 #11 OK SELECT id=3722920 via doris-1 rows=10265 [doris-1:f:up doris-2:f:DOWN doris-3:M:up]
19:38:23 #12 OK SELECT id=3722920 via doris-1 rows=10266 [doris-1:f:up doris-2:f:DOWN doris-3:M:up]
19:38:24 #13 OK SELECT id=3722920 via doris-1 rows=10266 [doris-1:f:up doris-2:f:DOWN doris-3:M:up]
19:38:25 #14 OK SELECT id=3722920 via doris-1 rows=10265 [doris-1:f:up doris-2:f:DOWN doris-3:M:up]
19:38:26 #15 OK SELECT id=3722920 via doris-1 rows=10264 [doris-1:f:up doris-2:f:DOWN doris-3:M:up]
19:38:28 #16 OK SELECT id=3722920 via doris-1 rows=10265 [doris-1:f:up doris-2:f:DOWN doris-3:M:up]
19:38:29 #17 OK SELECT id=3722920 via doris-1 rows=10266 [doris-1:f:up doris-2:f:DOWN doris-3:M:up]
19:38:30 #18 OK SELECT id=3722920 via doris-1 rows=10266 [doris-1:f:up doris-2:f:DOWN doris-3:M:up]
19:38:31 #19 OK SELECT id=3722920 via doris-1 rows=10265 [doris-1:f:up doris-2:f:DOWN doris-3:M:up]
19:38:32 #20 OK SELECT id=3722920 via doris-1 rows=10264 [doris-1:f:up doris-2:f:DOWN doris-3:M:up]
19:38:33 #21 OK SELECT id=3722920 via doris-1 rows=10265 [doris-1:f:up doris-2:f:DOWN doris-3:M:up]
19:38:34 #22 OK SELECT id=3722920 via doris-1 rows=10266 [doris-1:f:up doris-2:f:up doris-3:M:up]
19:38:35 #23 OK SELECT id=3722920 via doris-1 rows=10266 [doris-1:f:up doris-2:f:up doris-3:M:up]
19:38:36 #24 OK SELECT id=3722920 via doris-1 rows=10266 [doris-1:f:up doris-2:f:up doris-3:M:up]
19:38:37 #25 OK SELECT id=3722920 via doris-1 rows=10264 [doris-1:f:up doris-2:f:up doris-3:M:up]
19:38:38 #26 OK SELECT id=3722920 via doris-1 rows=10264 [doris-1:f:up doris-2:f:up doris-3:M:up]
19:38:39 #27 OK SELECT id=3722920 via doris-1 rows=10266 [doris-1:f:up doris-2:f:up doris-3:M:up]
19:38:40 #28 OK SELECT id=3722920 via doris-1 rows=10266 [doris-1:f:up doris-2:f:up doris-3:M:up]
19:38:41 #29 OK SELECT id=3722920 via doris-1 rows=10266 [doris-1:f:up doris-2:f:up doris-3:M:up]
19:38:42 #30 OK SELECT id=3722920 via doris-1 rows=10264 [doris-1:f:up doris-2:f:up doris-3:M:up]
19:38:43 #31 OK SELECT id=3722920 via doris-1 rows=10264 [doris-1:f:up doris-2:f:up doris-3:M:up]
19:38:44 #32 OK SELECT id=3722920 via doris-1 rows=10266 [doris-1:f:up doris-2:f:up doris-3:M:up]
19:38:45 #33 OK SELECT id=3722920 via doris-1 rows=10266 [doris-1:f:up doris-2:f:up doris-3:M:up]
19:38:45 EVENT break: fe hang on doris-1 (FE follower)
19:38:46 #34 OK SELECT id=3722920 via doris-1 rows=10266 [doris-1:f:up doris-2:f:up doris-3:M:up]
19:38:55 #35 FAIL SELECT id=3722920 via doris-1: OperationalError: TIMEOUT: [FlightSQL] context deadline exceeded (DeadlineExceeded; Prepare). Vendor code: 4
19:39:25 connected to doris-2 (10.140.0.3)
19:39:26 #36 OK SELECT id=3722920 via doris-2 rows=10266 [doris-1:f:DOWN doris-2:f:up doris-3:M:up] (recovered)
19:39:27 #37 OK SELECT id=3722920 via doris-2 rows=10266 [doris-1:f:DOWN doris-2:f:up doris-3:M:up]
19:39:28 #38 OK SELECT id=3722920 via doris-2 rows=10266 [doris-1:f:DOWN doris-2:f:up doris-3:M:up]
19:39:29 #39 OK SELECT id=3722920 via doris-2 rows=10267 [doris-1:f:DOWN doris-2:f:up doris-3:M:up]
19:39:30 #40 OK SELECT id=3722920 via doris-2 rows=10266 [doris-1:f:DOWN doris-2:f:up doris-3:M:up]
19:39:31 #41 OK SELECT id=3722920 via doris-2 rows=10266 [doris-1:f:DOWN doris-2:f:up doris-3:M:up]
19:39:32 #42 OK SELECT id=3722920 via doris-2 rows=10266 [doris-1:f:DOWN doris-2:f:up doris-3:M:up]
19:39:33 #43 OK SELECT id=3722920 via doris-2 rows=10266 [doris-1:f:DOWN doris-2:f:up doris-3:M:up]
19:39:35 #44 OK SELECT id=3722920 via doris-2 rows=10267 [doris-1:f:DOWN doris-2:f:up doris-3:M:up]
19:39:36 #45 OK SELECT id=3722920 via doris-2 rows=10267 [doris-1:f:DOWN doris-2:f:up doris-3:M:up]
19:39:37 #46 OK SELECT id=3722920 via doris-2 rows=10267 [doris-1:f:DOWN doris-2:f:up doris-3:M:up]
19:39:38 #47 OK SELECT id=3722920 via doris-2 rows=10266 [doris-1:f:DOWN doris-2:f:up doris-3:M:up]
19:39:39 #48 OK SELECT id=3722920 via doris-2 rows=10266 [doris-1:f:DOWN doris-2:f:up doris-3:M:up]
19:39:40 #49 OK SELECT id=3722920 via doris-2 rows=10267 [doris-1:f:DOWN doris-2:f:up doris-3:M:up]
19:39:41 #50 OK SELECT id=3722920 via doris-2 rows=10267 [doris-1:f:DOWN doris-2:f:up doris-3:M:up]
19:39:42 #51 OK SELECT id=3722920 via doris-2 rows=10267 [doris-1:f:DOWN doris-2:f:up doris-3:M:up]
19:39:43 #52 OK SELECT id=3722920 via doris-2 rows=10265 [doris-1:f:DOWN doris-2:f:up doris-3:M:up]
19:39:44 #53 OK SELECT id=3722920 via doris-2 rows=10265 [doris-1:f:DOWN doris-2:f:up doris-3:M:up]
19:39:46 #54 OK SELECT id=3722920 via doris-2 rows=10267 [doris-1:f:DOWN doris-2:f:up doris-3:M:up]
19:39:47 #55 OK SELECT id=3722920 via doris-2 rows=10267 [doris-1:f:DOWN doris-2:f:up doris-3:M:up]
19:39:48 #56 OK SELECT id=3722920 via doris-2 rows=10267 [doris-1:f:DOWN doris-2:f:up doris-3:M:up]
19:39:49 #57 OK SELECT id=3722920 via doris-2 rows=10265 [doris-1:f:DOWN doris-2:f:up doris-3:M:up]
19:39:50 #58 OK SELECT id=3722920 via doris-2 rows=10265 [doris-1:f:DOWN doris-2:f:up doris-3:M:up]
19:39:51 #59 OK SELECT id=3722920 via doris-2 rows=10267 [doris-1:f:DOWN doris-2:f:up doris-3:M:up]
19:39:52 #60 OK SELECT id=3722920 via doris-2 rows=10267 [doris-1:f:DOWN doris-2:f:up doris-3:M:up]
19:39:53 #61 OK SELECT id=3722920 via doris-2 rows=10267 [doris-1:f:DOWN doris-2:f:up doris-3:M:up]
19:39:54 #62 OK SELECT id=3722920 via doris-2 rows=10265 [doris-1:f:DOWN doris-2:f:up doris-3:M:up]
19:39:55 #63 OK SELECT id=3722920 via doris-2 rows=10265 [doris-1:f:DOWN doris-2:f:up doris-3:M:up]
19:39:56 #64 OK SELECT id=3722920 via doris-2 rows=10267 [doris-1:f:DOWN doris-2:f:up doris-3:M:up]
19:39:58 #65 OK SELECT id=3722920 via doris-2 rows=10267 [doris-1:f:DOWN doris-2:f:up doris-3:M:up]
19:39:59 #66 OK SELECT id=3722920 via doris-2 rows=10267 [doris-1:f:DOWN doris-2:f:up doris-3:M:up]
19:40:00 #67 OK SELECT id=3722920 via doris-2 rows=10266 [doris-1:f:DOWN doris-2:f:up doris-3:M:up]
19:40:01 #68 OK SELECT id=3722920 via doris-2 rows=10266 [doris-1:f:DOWN doris-2:f:up doris-3:M:up]
19:40:02 #69 OK SELECT id=3722920 via doris-2 rows=10267 [doris-1:f:DOWN doris-2:f:up doris-3:M:up]
19:40:03 #70 OK SELECT id=3722920 via doris-2 rows=10267 [doris-1:f:DOWN doris-2:f:up doris-3:M:up]
19:40:04 #71 OK SELECT id=3722920 via doris-2 rows=10266 [doris-1:f:DOWN doris-2:f:up doris-3:M:up]
19:40:05 #72 OK SELECT id=3722920 via doris-2 rows=10266 [doris-1:f:DOWN doris-2:f:up doris-3:M:up]
19:40:06 #73 OK SELECT id=3722920 via doris-2 rows=10267 [doris-1:f:DOWN doris-2:f:up doris-3:M:up]
19:40:07 #74 OK SELECT id=3722920 via doris-2 rows=10266 [doris-1:f:DOWN doris-2:f:up doris-3:M:up]
19:40:09 #75 OK SELECT id=3722920 via doris-2 rows=10266 [doris-1:f:DOWN doris-2:f:up doris-3:M:up]
19:40:10 #76 OK SELECT id=3722920 via doris-2 rows=10266 [doris-1:f:DOWN doris-2:f:up doris-3:M:up]
19:40:11 #77 OK SELECT id=3722920 via doris-2 rows=10266 [doris-1:f:DOWN doris-2:f:up doris-3:M:up]
19:40:12 #78 OK SELECT id=3722920 via doris-2 rows=10267 [doris-1:f:DOWN doris-2:f:up doris-3:M:up]
19:40:13 #79 OK SELECT id=3722920 via doris-2 rows=10266 [doris-1:f:DOWN doris-2:f:up doris-3:M:up]
19:40:14 #80 OK SELECT id=3722920 via doris-2 rows=10266 [doris-1:f:DOWN doris-2:f:up doris-3:M:up]
19:40:15 #81 OK SELECT id=3722920 via doris-2 rows=10266 [doris-1:f:DOWN doris-2:f:up doris-3:M:up]
19:40:16 #82 OK SELECT id=3722920 via doris-2 rows=10266 [doris-1:f:DOWN doris-2:f:up doris-3:M:up]
19:40:17 #83 OK SELECT id=3722920 via doris-2 rows=10267 [doris-1:f:DOWN doris-2:f:up doris-3:M:up]
19:40:18 #84 OK SELECT id=3722920 via doris-2 rows=10266 [doris-1:f:DOWN doris-2:f:up doris-3:M:up]
19:40:19 #85 OK SELECT id=3722920 via doris-2 rows=10266 [doris-1:f:DOWN doris-2:f:up doris-3:M:up]
19:40:20 #86 OK SELECT id=3722920 via doris-2 rows=10266 [doris-1:f:DOWN doris-2:f:up doris-3:M:up]
19:40:22 #87 OK SELECT id=3722920 via doris-2 rows=10266 [doris-1:f:DOWN doris-2:f:up doris-3:M:up]
19:40:23 #88 OK SELECT id=3722920 via doris-2 rows=10267 [doris-1:f:DOWN doris-2:f:up doris-3:M:up]
19:40:24 #89 OK SELECT id=3722920 via doris-2 rows=10266 [doris-1:f:DOWN doris-2:f:up doris-3:M:up]
19:40:25 #90 OK SELECT id=3722920 via doris-2 rows=10266 [doris-1:f:DOWN doris-2:f:up doris-3:M:up]
19:40:26 #91 OK SELECT id=3722920 via doris-2 rows=10265 [doris-1:f:DOWN doris-2:f:up doris-3:M:up]
19:40:27 #92 OK SELECT id=3722920 via doris-2 rows=10265 [doris-1:f:DOWN doris-2:f:up doris-3:M:up]
19:40:28 #93 OK SELECT id=3722920 via doris-2 rows=10266 [doris-1:f:DOWN doris-2:f:up doris-3:M:up]
19:40:29 #94 OK SELECT id=3722920 via doris-2 rows=10266 [doris-1:f:DOWN doris-2:f:up doris-3:M:up]
19:40:30 #95 OK SELECT id=3722920 via doris-2 rows=10266 [doris-1:f:DOWN doris-2:f:up doris-3:M:up]
19:40:30 EVENT restore: resume fe on doris-1
19:40:31 #96 OK SELECT id=3722920 via doris-2 rows=10265 [doris-1:f:DOWN doris-2:f:up doris-3:M:up]
19:40:32 #97 OK SELECT id=3722920 via doris-2 rows=10265 [doris-1:f:DOWN doris-2:f:up doris-3:M:up]
19:40:33 #98 OK SELECT id=3722920 via doris-2 rows=10265 [doris-1:f:DOWN doris-2:f:up doris-3:M:up]
19:40:34 #99 OK SELECT id=3722920 via doris-2 rows=10266 [doris-1:f:up doris-2:f:up doris-3:M:up]
19:40:36 EVENT restore: cluster healthy
19:40:36 #100 OK SELECT id=3722920 via doris-2 rows=10266 [doris-1:f:up doris-2:f:up doris-3:M:up]
19:40:37 #101 OK SELECT id=3722920 via doris-2 rows=10265 [doris-1:f:up doris-2:f:up doris-3:M:up]
19:40:38 #102 OK SELECT id=3722920 via doris-2 rows=10264 [doris-1:f:up doris-2:f:up doris-3:M:up]
19:40:39 #103 OK SELECT id=3722920 via doris-2 rows=10265 [doris-1:f:up doris-2:f:up doris-3:M:up]
19:40:40 #104 OK SELECT id=3722920 via doris-2 rows=10266 [doris-1:f:up doris-2:f:up doris-3:M:up]
19:40:41 #105 OK SELECT id=3722920 via doris-2 rows=10266 [doris-1:f:up doris-2:f:up doris-3:M:up]
19:40:42 #106 OK SELECT id=3722920 via doris-2 rows=10265 [doris-1:f:up doris-2:f:up doris-3:M:up]
19:40:43 #107 OK SELECT id=3722920 via doris-2 rows=10264 [doris-1:f:up doris-2:f:up doris-3:M:up]
19:40:44 #108 OK SELECT id=3722920 via doris-2 rows=10265 [doris-1:f:up doris-2:f:up doris-3:M:up]
19:40:45 #109 OK SELECT id=3722920 via doris-2 rows=10266 [doris-1:f:up doris-2:f:up doris-3:M:up]
19:40:46 #110 OK SELECT id=3722920 via doris-2 rows=10266 [doris-1:f:up doris-2:f:up doris-3:M:up]
19:40:47 #111 OK SELECT id=3722920 via doris-2 rows=10265 [doris-1:f:up doris-2:f:up doris-3:M:up]
19:40:48 #112 OK SELECT id=3722920 via doris-2 rows=10264 [doris-1:f:up doris-2:f:up doris-3:M:up]
19:40:50 #113 OK SELECT id=3722920 via doris-2 rows=10265 [doris-1:f:up doris-2:f:up doris-3:M:up]
19:40:51 #114 OK SELECT id=3722920 via doris-2 rows=10266 [doris-1:f:up doris-2:f:up doris-3:M:up]
19:40:52 #115 OK SELECT id=3722920 via doris-2 rows=10266 [doris-1:f:up doris-2:f:up doris-3:M:up]
19:40:53 #116 OK SELECT id=3722920 via doris-2 rows=10265 [doris-1:f:up doris-2:f:up doris-3:M:up]
19:40:54 #117 OK SELECT id=3722920 via doris-2 rows=10264 [doris-1:f:up doris-2:f:up doris-3:M:up]
19:40:55 #118 OK SELECT id=3722920 via doris-2 rows=10265 [doris-1:f:up doris-2:f:up doris-3:M:up]
19:40:56 #119 OK SELECT id=3722920 via doris-2 rows=10266 [doris-1:f:up doris-2:f:up doris-3:M:up]
19:40:57 #120 OK SELECT id=3722920 via doris-2 rows=10266 [doris-1:f:up doris-2:f:up doris-3:M:up]
19:40:58 #121 OK SELECT id=3722920 via doris-2 rows=10265 [doris-1:f:up doris-2:f:up doris-3:M:up]
19:40:59 #122 OK SELECT id=3722920 via doris-2 rows=10264 [doris-1:f:up doris-2:f:up doris-3:M:up]
19:41:00 #123 OK SELECT id=3722920 via doris-2 rows=10265 [doris-1:f:up doris-2:f:up doris-3:M:up]
19:41:01 #124 OK SELECT id=3722920 via doris-2 rows=10266 [doris-1:f:up doris-2:f:up doris-3:M:up]
19:41:02 #125 OK SELECT id=3722920 via doris-2 rows=10266 [doris-1:f:up doris-2:f:up doris-3:M:up]
19:41:04 #126 OK SELECT id=3722920 via doris-2 rows=10265 [doris-1:f:up doris-2:f:up doris-3:M:up]
19:41:05 #127 OK SELECT id=3722920 via doris-2 rows=10264 [doris-1:f:up doris-2:f:up doris-3:M:up]
19:41:06 #128 OK SELECT id=3722920 via doris-2 rows=10265 [doris-1:f:up doris-2:f:up doris-3:M:up]
