19:38:12 PROBE start proto=jdbc hosts=doris-1,doris-2,doris-3 duration=86400s cycle=INSERT>UPSERT>SELECT>DELETE>SELECT url=jdbc:mysql://10.140.0.2:9030,10.140.0.3:9030,10.140.0.4:9030/hatest
19:38:12 connected to doris-1 (driver-selected host)
19:38:12 #1 OK INSERT id=2722920 via doris-1 rows=10266 [doris-1:f:up doris-2:f:up doris-3:M:up]
19:38:13 #2 OK UPSERT id=2722920 via doris-1 rows=10266 [doris-1:f:up doris-2:f:DOWN doris-3:M:up]
19:38:14 #3 OK SELECT id=2722920 via doris-1 rows=10266 [doris-1:f:up doris-2:f:DOWN doris-3:M:up]
19:38:16 #4 OK DELETE id=2722920 via doris-1 rows=10264 [doris-1:f:up doris-2:f:DOWN doris-3:M:up]
19:38:17 #5 OK SELECT id=2722920 via doris-1 rows=10264 [doris-1:f:up doris-2:f:DOWN doris-3:M:up]
19:38:18 #6 OK INSERT id=2722921 via doris-1 rows=10266 [doris-1:f:up doris-2:f:DOWN doris-3:M:up]
19:38:19 #7 OK UPSERT id=2722921 via doris-1 rows=10266 [doris-1:f:up doris-2:f:DOWN doris-3:M:up]
19:38:20 #8 OK SELECT id=2722921 via doris-1 rows=10266 [doris-1:f:up doris-2:f:DOWN doris-3:M:up]
19:38:21 #9 OK DELETE id=2722921 via doris-1 rows=10264 [doris-1:f:up doris-2:f:DOWN doris-3:M:up]
19:38:22 #10 OK SELECT id=2722921 via doris-1 rows=10264 [doris-1:f:up doris-2:f:DOWN doris-3:M:up]
19:38:23 #11 OK INSERT id=2722922 via doris-1 rows=10266 [doris-1:f:up doris-2:f:DOWN doris-3:M:up]
19:38:24 #12 OK UPSERT id=2722922 via doris-1 rows=10266 [doris-1:f:up doris-2:f:DOWN doris-3:M:up]
19:38:25 #13 OK SELECT id=2722922 via doris-1 rows=10266 [doris-1:f:up doris-2:f:DOWN doris-3:M:up]
19:38:26 #14 OK DELETE id=2722922 via doris-1 rows=10264 [doris-1:f:up doris-2:f:DOWN doris-3:M:up]
19:38:27 #15 OK SELECT id=2722922 via doris-1 rows=10264 [doris-1:f:up doris-2:f:DOWN doris-3:M:up]
19:38:28 #16 OK INSERT id=2722923 via doris-1 rows=10266 [doris-1:f:up doris-2:f:DOWN doris-3:M:up]
19:38:29 #17 OK UPSERT id=2722923 via doris-1 rows=10266 [doris-1:f:up doris-2:f:DOWN doris-3:M:up]
19:38:30 #18 OK SELECT id=2722923 via doris-1 rows=10266 [doris-1:f:up doris-2:f:DOWN doris-3:M:up]
19:38:31 #19 OK DELETE id=2722923 via doris-1 rows=10264 [doris-1:f:up doris-2:f:DOWN doris-3:M:up]
19:38:32 #20 OK SELECT id=2722923 via doris-1 rows=10264 [doris-1:f:up doris-2:f:DOWN doris-3:M:up]
19:38:34 #21 OK INSERT id=2722924 via doris-1 rows=10266 [doris-1:f:up doris-2:f:up doris-3:M:up]
19:38:35 #22 OK UPSERT id=2722924 via doris-1 rows=10266 [doris-1:f:up doris-2:f:up doris-3:M:up]
19:38:36 #23 OK SELECT id=2722924 via doris-1 rows=10266 [doris-1:f:up doris-2:f:up doris-3:M:up]
19:38:37 #24 OK DELETE id=2722924 via doris-1 rows=10264 [doris-1:f:up doris-2:f:up doris-3:M:up]
19:38:38 #25 OK SELECT id=2722924 via doris-1 rows=10264 [doris-1:f:up doris-2:f:up doris-3:M:up]
19:38:39 #26 OK INSERT id=2722925 via doris-1 rows=10266 [doris-1:f:up doris-2:f:up doris-3:M:up]
19:38:40 #27 OK UPSERT id=2722925 via doris-1 rows=10266 [doris-1:f:up doris-2:f:up doris-3:M:up]
19:38:41 #28 OK SELECT id=2722925 via doris-1 rows=10266 [doris-1:f:up doris-2:f:up doris-3:M:up]
19:38:42 #29 OK DELETE id=2722925 via doris-1 rows=10264 [doris-1:f:up doris-2:f:up doris-3:M:up]
19:38:43 #30 OK SELECT id=2722925 via doris-1 rows=10264 [doris-1:f:up doris-2:f:up doris-3:M:up]
19:38:44 #31 OK INSERT id=2722926 via doris-1 rows=10266 [doris-1:f:up doris-2:f:up doris-3:M:up]
19:38:45 #32 OK UPSERT id=2722926 via doris-1 rows=10266 [doris-1:f:up doris-2:f:up doris-3:M:up]
19:38:45 EVENT break: fe hang on doris-1 (FE follower)
19:38:46 #33 OK SELECT id=2722926 via doris-1 rows=10266 [doris-1:f:up doris-2:f:up doris-3:M:up]
19:38:58 #34 FAIL DELETE id=2722926 via doris-1: CommunicationsException: Communications link failure  The last packet successfully received from the server was 9,019 milliseconds ago.
19:39:06 #34 OK SELECT(check) id=1 via doris-2
19:39:15 connected to doris-2 (driver-selected host)
19:39:15 #35 OK INSERT id=2722927 via doris-2 rows=10266 [doris-1:f:DOWN doris-2:f:up doris-3:M:up] (recovered)
19:39:16 #36 OK UPSERT id=2722927 via doris-2 rows=10266 [doris-1:f:DOWN doris-2:f:up doris-3:M:up]
19:39:17 #37 OK SELECT id=2722927 via doris-2 rows=10267 [doris-1:f:DOWN doris-2:f:up doris-3:M:up]
19:39:19 #38 OK DELETE id=2722927 via doris-2 rows=10266 [doris-1:f:DOWN doris-2:f:up doris-3:M:up]
19:39:20 #39 OK SELECT id=2722927 via doris-2 rows=10266 [doris-1:f:DOWN doris-2:f:up doris-3:M:up]
19:39:21 #40 OK INSERT id=2722928 via doris-2 rows=10266 [doris-1:f:DOWN doris-2:f:up doris-3:M:up]
19:39:22 #41 OK UPSERT id=2722928 via doris-2 rows=10266 [doris-1:f:DOWN doris-2:f:up doris-3:M:up]
19:39:23 #42 OK SELECT id=2722928 via doris-2 rows=10267 [doris-1:f:DOWN doris-2:f:up doris-3:M:up]
19:39:24 #43 OK DELETE id=2722928 via doris-2 rows=10266 [doris-1:f:DOWN doris-2:f:up doris-3:M:up]
19:39:25 #44 OK SELECT id=2722928 via doris-2 rows=10266 [doris-1:f:DOWN doris-2:f:up doris-3:M:up]
19:39:26 #45 OK INSERT id=2722929 via doris-2 rows=10266 [doris-1:f:DOWN doris-2:f:up doris-3:M:up]
19:39:27 #46 OK UPSERT id=2722929 via doris-2 rows=10266 [doris-1:f:DOWN doris-2:f:up doris-3:M:up]
19:39:28 #47 OK SELECT id=2722929 via doris-2 rows=10267 [doris-1:f:DOWN doris-2:f:up doris-3:M:up]
19:39:30 #48 OK DELETE id=2722929 via doris-2 rows=10266 [doris-1:f:DOWN doris-2:f:up doris-3:M:up]
19:39:31 #49 OK SELECT id=2722929 via doris-2 rows=10266 [doris-1:f:DOWN doris-2:f:up doris-3:M:up]
19:39:32 #50 OK INSERT id=2722930 via doris-2 rows=10266 [doris-1:f:DOWN doris-2:f:up doris-3:M:up]
19:39:41 #51 OK UPSERT id=2722930 via doris-2 rows=10267 [doris-1:f:DOWN doris-2:f:up doris-3:M:up]
19:39:42 #52 OK SELECT id=2722930 via doris-2 rows=10267 [doris-1:f:DOWN doris-2:f:up doris-3:M:up]
19:39:43 #53 OK DELETE id=2722930 via doris-2 rows=10265 [doris-1:f:DOWN doris-2:f:up doris-3:M:up]
19:39:44 #54 OK SELECT id=2722930 via doris-2 rows=10265 [doris-1:f:DOWN doris-2:f:up doris-3:M:up]
19:39:45 #55 OK INSERT id=2722931 via doris-2 rows=10267 [doris-1:f:DOWN doris-2:f:up doris-3:M:up]
19:39:46 #56 OK UPSERT id=2722931 via doris-2 rows=10267 [doris-1:f:DOWN doris-2:f:up doris-3:M:up]
19:39:47 #57 OK SELECT id=2722931 via doris-2 rows=10267 [doris-1:f:DOWN doris-2:f:up doris-3:M:up]
19:39:48 #58 OK DELETE id=2722931 via doris-2 rows=10265 [doris-1:f:DOWN doris-2:f:up doris-3:M:up]
19:39:50 #59 OK SELECT id=2722931 via doris-2 rows=10265 [doris-1:f:DOWN doris-2:f:up doris-3:M:up]
19:39:51 #60 OK INSERT id=2722932 via doris-2 rows=10267 [doris-1:f:DOWN doris-2:f:up doris-3:M:up]
19:39:52 #61 OK UPSERT id=2722932 via doris-2 rows=10267 [doris-1:f:DOWN doris-2:f:up doris-3:M:up]
19:39:53 #62 OK SELECT id=2722932 via doris-2 rows=10267 [doris-1:f:DOWN doris-2:f:up doris-3:M:up]
19:39:54 #63 OK DELETE id=2722932 via doris-2 rows=10265 [doris-1:f:DOWN doris-2:f:up doris-3:M:up]
19:39:55 #64 OK SELECT id=2722932 via doris-2 rows=10265 [doris-1:f:DOWN doris-2:f:up doris-3:M:up]
19:39:56 #65 OK INSERT id=2722933 via doris-2 rows=10267 [doris-1:f:DOWN doris-2:f:up doris-3:M:up]
19:39:57 #66 OK UPSERT id=2722933 via doris-2 rows=10267 [doris-1:f:DOWN doris-2:f:up doris-3:M:up]
19:40:06 #67 OK SELECT id=2722933 via doris-2 rows=10267 [doris-1:f:DOWN doris-2:f:up doris-3:M:up]
19:40:07 #68 OK DELETE id=2722933 via doris-2 rows=10266 [doris-1:f:DOWN doris-2:f:up doris-3:M:up]
19:40:08 #69 OK SELECT id=2722933 via doris-2 rows=10266 [doris-1:f:DOWN doris-2:f:up doris-3:M:up]
19:40:09 #70 OK INSERT id=2722934 via doris-2 rows=10267 [doris-1:f:DOWN doris-2:f:up doris-3:M:up]
19:40:10 #71 OK UPSERT id=2722934 via doris-2 rows=10266 [doris-1:f:DOWN doris-2:f:up doris-3:M:up]
19:40:12 #72 OK SELECT id=2722934 via doris-2 rows=10266 [doris-1:f:DOWN doris-2:f:up doris-3:M:up]
19:40:13 #73 OK DELETE id=2722934 via doris-2 rows=10266 [doris-1:f:DOWN doris-2:f:up doris-3:M:up]
19:40:14 #74 OK SELECT id=2722934 via doris-2 rows=10266 [doris-1:f:DOWN doris-2:f:up doris-3:M:up]
19:40:15 #75 OK INSERT id=2722935 via doris-2 rows=10267 [doris-1:f:DOWN doris-2:f:up doris-3:M:up]
19:40:16 #76 OK UPSERT id=2722935 via doris-2 rows=10266 [doris-1:f:DOWN doris-2:f:up doris-3:M:up]
19:40:17 #77 OK SELECT id=2722935 via doris-2 rows=10266 [doris-1:f:DOWN doris-2:f:up doris-3:M:up]
19:40:18 #78 OK DELETE id=2722935 via doris-2 rows=10266 [doris-1:f:DOWN doris-2:f:up doris-3:M:up]
19:40:19 #79 OK SELECT id=2722935 via doris-2 rows=10266 [doris-1:f:DOWN doris-2:f:up doris-3:M:up]
19:40:20 #80 OK INSERT id=2722936 via doris-2 rows=10267 [doris-1:f:DOWN doris-2:f:up doris-3:M:up]
19:40:21 #81 OK UPSERT id=2722936 via doris-2 rows=10266 [doris-1:f:DOWN doris-2:f:up doris-3:M:up]
19:40:22 #82 OK SELECT id=2722936 via doris-2 rows=10266 [doris-1:f:DOWN doris-2:f:up doris-3:M:up]
19:40:23 #83 OK DELETE id=2722936 via doris-2 rows=10266 [doris-1:f:DOWN doris-2:f:up doris-3:M:up]
19:40:30 EVENT restore: resume fe on doris-1
19:40:33 #84 OK SELECT id=2722936 via doris-2 rows=10266 [doris-1:f:DOWN doris-2:f:up doris-3:M:up]
19:40:34 #85 OK INSERT id=2722937 via doris-2 rows=10266 [doris-1:f:up doris-2:f:up doris-3:M:up]
19:40:36 #86 OK UPSERT id=2722937 via doris-2 rows=10266 [doris-1:f:up doris-2:f:up doris-3:M:up]
19:40:36 EVENT restore: cluster healthy
19:40:37 #87 OK SELECT id=2722937 via doris-2 rows=10265 [doris-1:f:up doris-2:f:up doris-3:M:up]
19:40:38 #88 OK DELETE id=2722937 via doris-2 rows=10264 [doris-1:f:up doris-2:f:up doris-3:M:up]
19:40:39 #89 OK SELECT id=2722937 via doris-2 rows=10265 [doris-1:f:up doris-2:f:up doris-3:M:up]
19:40:40 #90 OK INSERT id=2722938 via doris-2 rows=10266 [doris-1:f:up doris-2:f:up doris-3:M:up]
19:40:41 #91 OK UPSERT id=2722938 via doris-2 rows=10266 [doris-1:f:up doris-2:f:up doris-3:M:up]
19:40:42 #92 OK SELECT id=2722938 via doris-2 rows=10265 [doris-1:f:up doris-2:f:up doris-3:M:up]
19:40:43 #93 OK DELETE id=2722938 via doris-2 rows=10264 [doris-1:f:up doris-2:f:up doris-3:M:up]
19:40:44 #94 OK SELECT id=2722938 via doris-2 rows=10265 [doris-1:f:up doris-2:f:up doris-3:M:up]
19:40:45 #95 OK INSERT id=2722939 via doris-2 rows=10266 [doris-1:f:up doris-2:f:up doris-3:M:up]
19:40:46 #96 OK UPSERT id=2722939 via doris-2 rows=10266 [doris-1:f:up doris-2:f:up doris-3:M:up]
19:40:47 #97 OK SELECT id=2722939 via doris-2 rows=10265 [doris-1:f:up doris-2:f:up doris-3:M:up]
19:40:48 #98 OK DELETE id=2722939 via doris-2 rows=10264 [doris-1:f:up doris-2:f:up doris-3:M:up]
19:40:49 #99 OK SELECT id=2722939 via doris-2 rows=10265 [doris-1:f:up doris-2:f:up doris-3:M:up]
19:40:50 #100 OK INSERT id=2722940 via doris-2 rows=10266 [doris-1:f:up doris-2:f:up doris-3:M:up]
19:40:51 #101 OK UPSERT id=2722940 via doris-2 rows=10266 [doris-1:f:up doris-2:f:up doris-3:M:up]
19:40:52 #102 OK SELECT id=2722940 via doris-2 rows=10265 [doris-1:f:up doris-2:f:up doris-3:M:up]
19:40:53 #103 OK DELETE id=2722940 via doris-2 rows=10264 [doris-1:f:up doris-2:f:up doris-3:M:up]
19:40:55 #104 OK SELECT id=2722940 via doris-2 rows=10265 [doris-1:f:up doris-2:f:up doris-3:M:up]
19:40:56 #105 OK INSERT id=2722941 via doris-2 rows=10266 [doris-1:f:up doris-2:f:up doris-3:M:up]
19:40:57 #106 OK UPSERT id=2722941 via doris-2 rows=10266 [doris-1:f:up doris-2:f:up doris-3:M:up]
19:40:58 #107 OK SELECT id=2722941 via doris-2 rows=10265 [doris-1:f:up doris-2:f:up doris-3:M:up]
19:40:59 #108 OK DELETE id=2722941 via doris-2 rows=10264 [doris-1:f:up doris-2:f:up doris-3:M:up]
19:41:00 #109 OK SELECT id=2722941 via doris-2 rows=10265 [doris-1:f:up doris-2:f:up doris-3:M:up]
19:41:01 #110 OK INSERT id=2722942 via doris-2 rows=10266 [doris-1:f:up doris-2:f:up doris-3:M:up]
19:41:02 #111 OK UPSERT id=2722942 via doris-2 rows=10266 [doris-1:f:up doris-2:f:up doris-3:M:up]
19:41:03 #112 OK SELECT id=2722942 via doris-2 rows=10265 [doris-1:f:up doris-2:f:up doris-3:M:up]
19:41:04 #113 OK DELETE id=2722942 via doris-2 rows=10264 [doris-1:f:up doris-2:f:up doris-3:M:up]
