04:50:41 PROBE start proto=mysql hosts=doris-1,doris-2,doris-3 duration=86400s cycle=INSERT>UPSERT>SELECT>DELETE>SELECT
04:50:41 connected to doris-1 (10.140.0.2)
04:50:41 #1 OK INSERT id=1734410 via doris-1 rows=10137 [doris-1:f:up doris-2:f:DOWN doris-3:M:up]
04:50:42 #2 OK UPSERT id=1734410 via doris-1 rows=10138 [doris-1:f:up doris-2:f:DOWN doris-3:M:up]
04:50:43 #3 OK SELECT id=1734410 via doris-1 rows=10138 [doris-1:f:up doris-2:f:DOWN doris-3:M:up]
04:50:44 #4 OK DELETE id=1734410 via doris-1 rows=10137 [doris-1:f:up doris-2:f:DOWN doris-3:M:up]
04:50:45 #5 OK SELECT id=1734410 via doris-1 rows=10136 [doris-1:f:up doris-2:f:DOWN doris-3:M:up]
04:50:46 #6 OK INSERT id=1734411 via doris-1 rows=10137 [doris-1:f:up doris-2:f:DOWN doris-3:M:up]
04:50:48 #7 OK UPSERT id=1734411 via doris-1 rows=10138 [doris-1:f:up doris-2:f:DOWN doris-3:M:up]
04:50:49 #8 OK SELECT id=1734411 via doris-1 rows=10138 [doris-1:f:up doris-2:f:DOWN doris-3:M:up]
04:50:50 #9 OK DELETE id=1734411 via doris-1 rows=10137 [doris-1:f:up doris-2:f:DOWN doris-3:M:up]
04:50:51 #10 OK SELECT id=1734411 via doris-1 rows=10136 [doris-1:f:up doris-2:f:DOWN doris-3:M:up]
04:50:52 #11 OK INSERT id=1734412 via doris-1 rows=10137 [doris-1:f:up doris-2:f:DOWN doris-3:M:up]
04:50:53 #12 OK UPSERT id=1734412 via doris-1 rows=10138 [doris-1:f:up doris-2:f:up doris-3:M:up]
04:50:54 #13 OK SELECT id=1734412 via doris-1 rows=10138 [doris-1:f:up doris-2:f:up doris-3:M:up]
04:50:55 #14 OK DELETE id=1734412 via doris-1 rows=10137 [doris-1:f:up doris-2:f:up doris-3:M:up]
04:50:56 #15 OK SELECT id=1734412 via doris-1 rows=10136 [doris-1:f:up doris-2:f:up doris-3:M:up]
04:50:57 #16 OK INSERT id=1734413 via doris-1 rows=10137 [doris-1:f:up doris-2:f:up doris-3:M:up]
04:50:58 #17 OK UPSERT id=1734413 via doris-1 rows=10138 [doris-1:f:up doris-2:f:up doris-3:M:up]
04:50:59 #18 OK SELECT id=1734413 via doris-1 rows=10138 [doris-1:f:up doris-2:f:up doris-3:M:up]
04:51:00 #19 OK DELETE id=1734413 via doris-1 rows=10137 [doris-1:f:up doris-2:f:up doris-3:M:up]
04:51:01 #20 OK SELECT id=1734413 via doris-1 rows=10136 [doris-1:f:up doris-2:f:up doris-3:M:up]
04:51:02 #21 OK INSERT id=1734414 via doris-1 rows=10137 [doris-1:f:up doris-2:f:up doris-3:M:up]
04:51:04 #22 OK UPSERT id=1734414 via doris-1 rows=10138 [doris-1:f:up doris-2:f:up doris-3:M:up]
04:51:05 #23 OK SELECT id=1734414 via doris-1 rows=10138 [doris-1:f:up doris-2:f:up doris-3:M:up]
04:51:06 #24 OK DELETE id=1734414 via doris-1 rows=10137 [doris-1:f:up doris-2:f:up doris-3:M:up]
04:51:07 #25 OK SELECT id=1734414 via doris-1 rows=10136 [doris-1:f:up doris-2:f:up doris-3:M:up]
04:51:08 #26 OK INSERT id=1734415 via doris-1 rows=10137 [doris-1:f:up doris-2:f:up doris-3:M:up]
04:51:09 #27 OK UPSERT id=1734415 via doris-1 rows=10138 [doris-1:f:up doris-2:f:up doris-3:M:up]
04:51:10 #28 OK SELECT id=1734415 via doris-1 rows=10138 [doris-1:f:up doris-2:f:up doris-3:M:up]
04:51:11 #29 OK DELETE id=1734415 via doris-1 rows=10137 [doris-1:f:up doris-2:f:up doris-3:M:up]
04:51:12 #30 OK SELECT id=1734415 via doris-1 rows=10136 [doris-1:f:up doris-2:f:up doris-3:M:up]
04:51:13 #31 OK INSERT id=1734416 via doris-1 rows=10137 [doris-1:f:up doris-2:f:up doris-3:M:up]
04:51:14 #32 OK UPSERT id=1734416 via doris-1 rows=10138 [doris-1:f:up doris-2:f:up doris-3:M:up]
04:51:15 #33 OK SELECT id=1734416 via doris-1 rows=10138 [doris-1:f:up doris-2:f:up doris-3:M:up]
04:51:16 EVENT break: fe hang on doris-1 (FE follower)
04:51:16 #34 OK DELETE id=1734416 via doris-1 rows=10137 [doris-1:f:up doris-2:f:up doris-3:M:up]
04:51:25 #35 FAIL SELECT id=1734416 via doris-1: OperationalError: (2013, 'Lost connection to MySQL server during query (timed out)')
04:51:34 connected to doris-2 (10.140.0.3)
04:51:36 #36 OK INSERT id=1734417 via doris-2 rows=10137 [doris-1:f:DOWN doris-2:f:up doris-3:M:up] (recovered)
04:51:37 #37 OK UPSERT id=1734417 via doris-2 rows=10137 [doris-1:f:DOWN doris-2:f:up doris-3:M:up]
04:51:38 #38 OK SELECT id=1734417 via doris-2 rows=10138 [doris-1:f:DOWN doris-2:f:up doris-3:M:up]
04:51:39 #39 OK DELETE id=1734417 via doris-2 rows=10137 [doris-1:f:DOWN doris-2:f:up doris-3:M:up]
04:51:40 #40 OK SELECT id=1734417 via doris-2 rows=10137 [doris-1:f:DOWN doris-2:f:up doris-3:M:up]
04:51:41 #41 OK INSERT id=1734418 via doris-2 rows=10137 [doris-1:f:DOWN doris-2:f:up doris-3:M:up]
04:51:43 #42 OK UPSERT id=1734418 via doris-2 rows=10137 [doris-1:f:DOWN doris-2:f:up doris-3:M:up]
04:51:44 #43 OK SELECT id=1734418 via doris-2 rows=10138 [doris-1:f:DOWN doris-2:f:up doris-3:M:up]
04:51:45 #44 OK DELETE id=1734418 via doris-2 rows=10137 [doris-1:f:DOWN doris-2:f:up doris-3:M:up]
04:51:46 #45 OK SELECT id=1734418 via doris-2 rows=10137 [doris-1:f:DOWN doris-2:f:up doris-3:M:up]
04:51:47 #46 OK INSERT id=1734419 via doris-2 rows=10137 [doris-1:f:DOWN doris-2:f:up doris-3:M:up]
04:51:48 #47 OK UPSERT id=1734419 via doris-2 rows=10137 [doris-1:f:DOWN doris-2:f:up doris-3:M:up]
04:51:49 #48 OK SELECT id=1734419 via doris-2 rows=10138 [doris-1:f:DOWN doris-2:f:up doris-3:M:up]
04:51:50 #49 OK DELETE id=1734419 via doris-2 rows=10137 [doris-1:f:DOWN doris-2:f:up doris-3:M:up]
04:51:51 #50 OK SELECT id=1734419 via doris-2 rows=10137 [doris-1:f:DOWN doris-2:f:up doris-3:M:up]
04:51:52 #51 OK INSERT id=1734420 via doris-2 rows=10137 [doris-1:f:DOWN doris-2:f:up doris-3:M:up]
04:51:54 #52 OK UPSERT id=1734420 via doris-2 rows=10137 [doris-1:f:DOWN doris-2:f:up doris-3:M:up]
04:51:55 #53 OK SELECT id=1734420 via doris-2 rows=10138 [doris-1:f:DOWN doris-2:f:up doris-3:M:up]
04:51:56 #54 OK DELETE id=1734420 via doris-2 rows=10137 [doris-1:f:DOWN doris-2:f:up doris-3:M:up]
04:51:57 #55 OK SELECT id=1734420 via doris-2 rows=10137 [doris-1:f:DOWN doris-2:f:up doris-3:M:up]
04:51:58 #56 OK INSERT id=1734421 via doris-2 rows=10138 [doris-1:f:DOWN doris-2:f:up doris-3:M:up]
04:51:59 #57 OK UPSERT id=1734421 via doris-2 rows=10138 [doris-1:f:DOWN doris-2:f:up doris-3:M:up]
04:52:00 #58 OK SELECT id=1734421 via doris-2 rows=10138 [doris-1:f:DOWN doris-2:f:up doris-3:M:up]
04:52:01 #59 OK DELETE id=1734421 via doris-2 rows=10137 [doris-1:f:DOWN doris-2:f:up doris-3:M:up]
04:52:02 #60 OK SELECT id=1734421 via doris-2 rows=10137 [doris-1:f:DOWN doris-2:f:up doris-3:M:up]
04:52:03 #61 OK INSERT id=1734422 via doris-2 rows=10138 [doris-1:f:DOWN doris-2:f:up doris-3:M:up]
04:52:05 #62 OK UPSERT id=1734422 via doris-2 rows=10138 [doris-1:f:DOWN doris-2:f:up doris-3:M:up]
04:52:06 #63 OK SELECT id=1734422 via doris-2 rows=10138 [doris-1:f:DOWN doris-2:f:up doris-3:M:up]
04:52:07 #64 OK DELETE id=1734422 via doris-2 rows=10136 [doris-1:f:DOWN doris-2:f:up doris-3:M:up]
04:52:08 #65 OK SELECT id=1734422 via doris-2 rows=10136 [doris-1:f:DOWN doris-2:f:up doris-3:M:up]
04:52:09 #66 OK INSERT id=1734423 via doris-2 rows=10138 [doris-1:f:DOWN doris-2:f:up doris-3:M:up]
04:52:10 #67 OK UPSERT id=1734423 via doris-2 rows=10138 [doris-1:f:DOWN doris-2:f:up doris-3:M:up]
04:52:11 #68 OK SELECT id=1734423 via doris-2 rows=10138 [doris-1:f:DOWN doris-2:f:up doris-3:M:up]
04:52:12 #69 OK DELETE id=1734423 via doris-2 rows=10136 [doris-1:f:DOWN doris-2:f:up doris-3:M:up]
04:52:13 #70 OK SELECT id=1734423 via doris-2 rows=10136 [doris-1:f:DOWN doris-2:f:up doris-3:M:up]
04:52:14 #71 OK INSERT id=1734424 via doris-2 rows=10138 [doris-1:f:DOWN doris-2:f:up doris-3:M:up]
04:52:15 #72 OK UPSERT id=1734424 via doris-2 rows=10138 [doris-1:f:DOWN doris-2:f:up doris-3:M:up]
04:52:16 #73 OK SELECT id=1734424 via doris-2 rows=10138 [doris-1:f:DOWN doris-2:f:up doris-3:M:up]
04:52:18 #74 OK DELETE id=1734424 via doris-2 rows=10136 [doris-1:f:DOWN doris-2:f:up doris-3:M:up]
04:52:19 #75 OK SELECT id=1734424 via doris-2 rows=10136 [doris-1:f:DOWN doris-2:f:up doris-3:M:up]
04:52:20 #76 OK INSERT id=1734425 via doris-2 rows=10138 [doris-1:f:DOWN doris-2:f:up doris-3:M:up]
04:52:21 #77 OK UPSERT id=1734425 via doris-2 rows=10138 [doris-1:f:DOWN doris-2:f:up doris-3:M:up]
04:52:22 #78 OK SELECT id=1734425 via doris-2 rows=10138 [doris-1:f:DOWN doris-2:f:up doris-3:M:up]
04:52:23 #79 OK DELETE id=1734425 via doris-2 rows=10137 [doris-1:f:DOWN doris-2:f:up doris-3:M:up]
04:52:24 #80 OK SELECT id=1734425 via doris-2 rows=10137 [doris-1:f:DOWN doris-2:f:up doris-3:M:up]
04:52:25 #81 OK INSERT id=1734426 via doris-2 rows=10138 [doris-1:f:DOWN doris-2:f:up doris-3:M:up]
04:52:26 #82 OK UPSERT id=1734426 via doris-2 rows=10138 [doris-1:f:DOWN doris-2:f:up doris-3:M:up]
04:52:27 #83 OK SELECT id=1734426 via doris-2 rows=10138 [doris-1:f:DOWN doris-2:f:up doris-3:M:up]
04:52:28 #84 OK DELETE id=1734426 via doris-2 rows=10137 [doris-1:f:DOWN doris-2:f:up doris-3:M:up]
04:52:29 #85 OK SELECT id=1734426 via doris-2 rows=10137 [doris-1:f:DOWN doris-2:f:up doris-3:M:up]
04:52:30 #86 OK INSERT id=1734427 via doris-2 rows=10137 [doris-1:f:DOWN doris-2:f:up doris-3:M:up]
04:52:32 #87 OK UPSERT id=1734427 via doris-2 rows=10137 [doris-1:f:DOWN doris-2:f:up doris-3:M:up]
04:52:33 #88 OK SELECT id=1734427 via doris-2 rows=10138 [doris-1:f:DOWN doris-2:f:up doris-3:M:up]
04:52:34 #89 OK DELETE id=1734427 via doris-2 rows=10137 [doris-1:f:DOWN doris-2:f:up doris-3:M:up]
04:52:35 #90 OK SELECT id=1734427 via doris-2 rows=10137 [doris-1:f:DOWN doris-2:f:up doris-3:M:up]
04:52:36 #91 OK INSERT id=1734428 via doris-2 rows=10137 [doris-1:f:DOWN doris-2:f:up doris-3:M:up]
04:52:37 #92 OK UPSERT id=1734428 via doris-2 rows=10137 [doris-1:f:DOWN doris-2:f:up doris-3:M:up]
04:52:38 #93 OK SELECT id=1734428 via doris-2 rows=10138 [doris-1:f:DOWN doris-2:f:up doris-3:M:up]
04:52:39 #94 OK DELETE id=1734428 via doris-2 rows=10137 [doris-1:f:DOWN doris-2:f:up doris-3:M:up]
04:52:40 #95 OK SELECT id=1734428 via doris-2 rows=10137 [doris-1:f:DOWN doris-2:f:up doris-3:M:up]
04:52:41 #96 OK INSERT id=1734429 via doris-2 rows=10137 [doris-1:f:DOWN doris-2:f:up doris-3:M:up]
04:52:42 #97 OK UPSERT id=1734429 via doris-2 rows=10137 [doris-1:f:DOWN doris-2:f:up doris-3:M:up]
04:52:43 #98 OK SELECT id=1734429 via doris-2 rows=10138 [doris-1:f:DOWN doris-2:f:up doris-3:M:up]
04:52:44 #99 OK DELETE id=1734429 via doris-2 rows=10137 [doris-1:f:DOWN doris-2:f:up doris-3:M:up]
04:52:46 #100 OK SELECT id=1734429 via doris-2 rows=10137 [doris-1:f:DOWN doris-2:f:up doris-3:M:up]
04:52:47 #101 OK INSERT id=1734430 via doris-2 rows=10137 [doris-1:f:DOWN doris-2:f:up doris-3:M:up]
04:52:48 #102 OK UPSERT id=1734430 via doris-2 rows=10137 [doris-1:f:DOWN doris-2:f:up doris-3:M:up]
04:52:49 #103 OK SELECT id=1734430 via doris-2 rows=10137 [doris-1:f:DOWN doris-2:f:up doris-3:M:up]
04:52:50 #104 OK DELETE id=1734430 via doris-2 rows=10136 [doris-1:f:DOWN doris-2:f:up doris-3:M:up]
04:52:51 #105 OK SELECT id=1734430 via doris-2 rows=10136 [doris-1:f:DOWN doris-2:f:up doris-3:M:up]
04:52:52 #106 OK INSERT id=1734431 via doris-2 rows=10137 [doris-1:f:DOWN doris-2:f:up doris-3:M:up]
04:52:53 #107 OK UPSERT id=1734431 via doris-2 rows=10137 [doris-1:f:DOWN doris-2:f:up doris-3:M:up]
04:52:54 #108 OK SELECT id=1734431 via doris-2 rows=10137 [doris-1:f:DOWN doris-2:f:up doris-3:M:up]
04:52:55 #109 OK DELETE id=1734431 via doris-2 rows=10136 [doris-1:f:DOWN doris-2:f:up doris-3:M:up]
04:52:56 #110 OK SELECT id=1734431 via doris-2 rows=10136 [doris-1:f:DOWN doris-2:f:up doris-3:M:up]
04:52:57 #111 OK INSERT id=1734432 via doris-2 rows=10138 [doris-1:f:DOWN doris-2:f:up doris-3:M:up]
04:52:58 #112 OK UPSERT id=1734432 via doris-2 rows=10138 [doris-1:f:DOWN doris-2:f:up doris-3:M:up]
04:52:59 #113 OK SELECT id=1734432 via doris-2 rows=10138 [doris-1:f:DOWN doris-2:f:up doris-3:M:up]
04:53:00 EVENT restore: resume fe on doris-1
04:53:01 #114 OK DELETE id=1734432 via doris-2 rows=10136 [doris-1:f:DOWN doris-2:f:up doris-3:M:up]
04:53:02 #115 OK SELECT id=1734432 via doris-2 rows=10136 [doris-1:f:DOWN doris-2:f:up doris-3:M:up]
04:53:03 #116 OK INSERT id=1734433 via doris-2 rows=10138 [doris-1:f:up doris-2:f:up doris-3:M:up]
04:53:04 #117 OK UPSERT id=1734433 via doris-2 rows=10138 [doris-1:f:up doris-2:f:up doris-3:M:up]
04:53:05 #118 OK SELECT id=1734433 via doris-2 rows=10138 [doris-1:f:up doris-2:f:up doris-3:M:up]
04:53:05 EVENT restore: cluster healthy
04:53:06 #119 OK DELETE id=1734433 via doris-2 rows=10136 [doris-1:f:up doris-2:f:up doris-3:M:up]
04:53:07 #120 OK SELECT id=1734433 via doris-2 rows=10136 [doris-1:f:up doris-2:f:up doris-3:M:up]
04:53:08 #121 OK INSERT id=1734434 via doris-2 rows=10138 [doris-1:f:up doris-2:f:up doris-3:M:up]
04:53:09 #122 OK UPSERT id=1734434 via doris-2 rows=10138 [doris-1:f:up doris-2:f:up doris-3:M:up]
04:53:10 #123 OK SELECT id=1734434 via doris-2 rows=10138 [doris-1:f:up doris-2:f:up doris-3:M:up]
04:53:11 #124 OK DELETE id=1734434 via doris-2 rows=10136 [doris-1:f:up doris-2:f:up doris-3:M:up]
04:53:12 #125 OK SELECT id=1734434 via doris-2 rows=10136 [doris-1:f:up doris-2:f:up doris-3:M:up]
04:53:13 #126 OK INSERT id=1734435 via doris-2 rows=10138 [doris-1:f:up doris-2:f:up doris-3:M:up]
04:53:15 #127 OK UPSERT id=1734435 via doris-2 rows=10138 [doris-1:f:up doris-2:f:up doris-3:M:up]
04:53:16 #128 OK SELECT id=1734435 via doris-2 rows=10138 [doris-1:f:up doris-2:f:up doris-3:M:up]
04:53:17 #129 OK DELETE id=1734435 via doris-2 rows=10136 [doris-1:f:up doris-2:f:up doris-3:M:up]
04:53:18 #130 OK SELECT id=1734435 via doris-2 rows=10136 [doris-1:f:up doris-2:f:up doris-3:M:up]
04:53:19 #131 OK INSERT id=1734436 via doris-2 rows=10138 [doris-1:f:up doris-2:f:up doris-3:M:up]
04:53:20 #132 OK UPSERT id=1734436 via doris-2 rows=10138 [doris-1:f:up doris-2:f:up doris-3:M:up]
04:53:21 #133 OK SELECT id=1734436 via doris-2 rows=10138 [doris-1:f:up doris-2:f:up doris-3:M:up]
04:53:22 #134 OK DELETE id=1734436 via doris-2 rows=10136 [doris-1:f:up doris-2:f:up doris-3:M:up]
04:53:23 #135 OK SELECT id=1734436 via doris-2 rows=10136 [doris-1:f:up doris-2:f:up doris-3:M:up]
04:53:24 #136 OK INSERT id=1734437 via doris-2 rows=10138 [doris-1:f:up doris-2:f:up doris-3:M:up]
04:53:25 #137 OK UPSERT id=1734437 via doris-2 rows=10138 [doris-1:f:up doris-2:f:up doris-3:M:up]
04:53:26 #138 OK SELECT id=1734437 via doris-2 rows=10138 [doris-1:f:up doris-2:f:up doris-3:M:up]
04:53:27 #139 OK DELETE id=1734437 via doris-2 rows=10136 [doris-1:f:up doris-2:f:up doris-3:M:up]
04:53:28 #140 OK SELECT id=1734437 via doris-2 rows=10137 [doris-1:f:up doris-2:f:up doris-3:M:up]
04:53:30 #141 OK INSERT id=1734438 via doris-2 rows=10138 [doris-1:f:up doris-2:f:up doris-3:M:up]
04:53:31 #142 OK UPSERT id=1734438 via doris-2 rows=10138 [doris-1:f:up doris-2:f:up doris-3:M:up]
04:53:32 #143 OK SELECT id=1734438 via doris-2 rows=10137 [doris-1:f:up doris-2:f:up doris-3:M:up]
