03:46:49 PROBE start proto=jdbc hosts=doris-1,doris-2,doris-3 duration=86400s cycle=INSERT>UPSERT>SELECT>DELETE>SELECT url=jdbc:mysql://10.140.0.2:9030,10.140.0.3:9030,10.140.0.4:9030/hatest
03:46:49 connected to doris-1 (driver-selected host)
03:46:49 #1 OK INSERT id=2696090 via doris-1 rows=10090 [doris-1:f:up doris-2:f:up doris-3:M:up]
03:46:50 #2 OK UPSERT id=2696090 via doris-1 rows=10090 [doris-1:f:up doris-2:f:up doris-3:M:up]
03:46:51 #3 OK SELECT id=2696090 via doris-1 rows=10090 [doris-1:f:up doris-2:f:up doris-3:M:up]
03:46:52 #4 OK DELETE id=2696090 via doris-1 rows=10088 [doris-1:f:up doris-2:f:up doris-3:M:up]
03:46:53 #5 OK SELECT id=2696090 via doris-1 rows=10088 [doris-1:f:up doris-2:f:up doris-3:M:up]
03:46:55 #6 OK INSERT id=2696091 via doris-1 rows=10090 [doris-1:f:up doris-2:f:up doris-3:M:up]
03:46:56 #7 OK UPSERT id=2696091 via doris-1 rows=10090 [doris-1:f:up doris-2:f:up doris-3:M:up]
03:46:57 #8 OK SELECT id=2696091 via doris-1 rows=10090 [doris-1:f:up doris-2:f:up doris-3:M:up]
03:46:58 #9 OK DELETE id=2696091 via doris-1 rows=10088 [doris-1:f:up doris-2:f:up doris-3:M:up]
03:46:59 #10 OK SELECT id=2696091 via doris-1 rows=10088 [doris-1:f:up doris-2:f:up doris-3:M:up]
03:47:00 #11 OK INSERT id=2696092 via doris-1 rows=10090 [doris-1:f:up doris-2:f:up doris-3:M:up]
03:47:01 #12 OK UPSERT id=2696092 via doris-1 rows=10090 [doris-1:f:up doris-2:f:up doris-3:M:up]
03:47:02 #13 OK SELECT id=2696092 via doris-1 rows=10090 [doris-1:f:up doris-2:f:up doris-3:M:up]
03:47:03 #14 OK DELETE id=2696092 via doris-1 rows=10088 [doris-1:f:up doris-2:f:up doris-3:M:up]
03:47:04 #15 OK SELECT id=2696092 via doris-1 rows=10088 [doris-1:f:up doris-2:f:up doris-3:M:up]
03:47:05 #16 OK INSERT id=2696093 via doris-1 rows=10090 [doris-1:f:up doris-2:f:up doris-3:M:up]
03:47:06 #17 OK UPSERT id=2696093 via doris-1 rows=10090 [doris-1:f:up doris-2:f:up doris-3:M:up]
03:47:07 #18 OK SELECT id=2696093 via doris-1 rows=10090 [doris-1:f:up doris-2:f:up doris-3:M:up]
03:47:08 #19 OK DELETE id=2696093 via doris-1 rows=10088 [doris-1:f:up doris-2:f:up doris-3:M:up]
03:47:09 #20 OK SELECT id=2696093 via doris-1 rows=10088 [doris-1:f:up doris-2:f:up doris-3:M:up]
03:47:11 #21 OK INSERT id=2696094 via doris-1 rows=10090 [doris-1:f:up doris-2:f:up doris-3:M:up]
03:47:12 #22 OK UPSERT id=2696094 via doris-1 rows=10090 [doris-1:f:up doris-2:f:up doris-3:M:up]
03:47:13 #23 OK SELECT id=2696094 via doris-1 rows=10090 [doris-1:f:up doris-2:f:up doris-3:M:up]
03:47:14 #24 OK DELETE id=2696094 via doris-1 rows=10088 [doris-1:f:up doris-2:f:up doris-3:M:up]
03:47:15 #25 OK SELECT id=2696094 via doris-1 rows=10088 [doris-1:f:up doris-2:f:up doris-3:M:up]
03:47:16 #26 OK INSERT id=2696095 via doris-1 rows=10090 [doris-1:f:up doris-2:f:up doris-3:M:up]
03:47:17 #27 OK UPSERT id=2696095 via doris-1 rows=10090 [doris-1:f:up doris-2:f:up doris-3:M:up]
03:47:18 #28 OK SELECT id=2696095 via doris-1 rows=10090 [doris-1:f:up doris-2:f:up doris-3:M:up]
03:47:19 #29 OK DELETE id=2696095 via doris-1 rows=10088 [doris-1:f:up doris-2:f:up doris-3:M:up]
03:47:20 #30 OK SELECT id=2696095 via doris-1 rows=10088 [doris-1:f:up doris-2:f:up doris-3:M:up]
03:47:21 #31 OK INSERT id=2696096 via doris-1 rows=10090 [doris-1:f:up doris-2:f:up doris-3:M:up]
03:47:22 EVENT break: be dead on doris-1 (FE follower)
03:47:22 #32 OK UPSERT id=2696096 via doris-1 rows=10090 [doris-1:f:up doris-2:f:up doris-3:M:up]
03:47:23 #33 OK SELECT id=2696096 via doris-1 rows=10090 [doris-1:f:up doris-2:f:up doris-3:M:up]
03:47:24 #34 OK DELETE id=2696096 via doris-1 rows=10088 [doris-1:f:up doris-2:f:up doris-3:M:up]
03:47:26 #35 FAIL SELECT id=2696096 via doris-1: SQLException: RpcException, msg: send fragments failed. io.grpc.StatusRuntimeException: UNAVAILABLE: io exception, host: 10.
03:47:27 connected to doris-1 (driver-selected host)
03:47:34 #36 OK INSERT id=2696097 via doris-1 rows=10090 [doris-1:f:up doris-2:f:up doris-3:M:up] (recovered)
03:47:35 #37 OK UPSERT id=2696097 via doris-1 rows=10091 [doris-1:f:up doris-2:f:up doris-3:M:up]
03:47:36 #38 OK SELECT id=2696097 via doris-1 rows=10091 [doris-1:f:up doris-2:f:up doris-3:M:up]
03:47:37 #39 OK DELETE id=2696097 via doris-1 rows=10090 [doris-1:f:up doris-2:f:up doris-3:M:up]
03:47:38 #40 OK SELECT id=2696097 via doris-1 rows=10089 [doris-1:f:up doris-2:f:up doris-3:M:up]
03:47:39 #41 OK INSERT id=2696098 via doris-1 rows=10090 [doris-1:f:up doris-2:f:up doris-3:M:up]
03:47:40 #42 OK UPSERT id=2696098 via doris-1 rows=10091 [doris-1:f:up doris-2:f:up doris-3:M:up]
03:47:41 #43 OK SELECT id=2696098 via doris-1 rows=10091 [doris-1:f:up doris-2:f:up doris-3:M:up]
03:47:43 #44 OK DELETE id=2696098 via doris-1 rows=10090 [doris-1:f:up doris-2:f:up doris-3:M:up]
03:47:44 #45 OK SELECT id=2696098 via doris-1 rows=10089 [doris-1:f:up doris-2:f:up doris-3:M:up]
03:47:45 #46 OK INSERT id=2696099 via doris-1 rows=10090 [doris-1:f:up doris-2:f:up doris-3:M:up]
03:47:46 #47 OK UPSERT id=2696099 via doris-1 rows=10091 [doris-1:f:up doris-2:f:up doris-3:M:up]
03:47:47 #48 OK SELECT id=2696099 via doris-1 rows=10091 [doris-1:f:up doris-2:f:up doris-3:M:up]
03:47:48 #49 OK DELETE id=2696099 via doris-1 rows=10090 [doris-1:f:up doris-2:f:up doris-3:M:up]
03:47:49 #50 OK SELECT id=2696099 via doris-1 rows=10089 [doris-1:f:up doris-2:f:up doris-3:M:up]
03:47:50 #51 OK INSERT id=2696100 via doris-1 rows=10090 [doris-1:f:up doris-2:f:up doris-3:M:up]
03:47:51 #52 OK UPSERT id=2696100 via doris-1 rows=10091 [doris-1:f:up doris-2:f:up doris-3:M:up]
03:47:52 #53 OK SELECT id=2696100 via doris-1 rows=10091 [doris-1:f:up doris-2:f:up doris-3:M:up]
03:47:53 #54 OK DELETE id=2696100 via doris-1 rows=10090 [doris-1:f:up doris-2:f:up doris-3:M:up]
03:47:54 #55 OK SELECT id=2696100 via doris-1 rows=10089 [doris-1:f:up doris-2:f:up doris-3:M:up]
03:47:55 #56 OK INSERT id=2696101 via doris-1 rows=10090 [doris-1:f:up doris-2:f:up doris-3:M:up]
03:47:56 #57 OK UPSERT id=2696101 via doris-1 rows=10091 [doris-1:f:up doris-2:f:up doris-3:M:up]
03:47:57 #58 OK SELECT id=2696101 via doris-1 rows=10091 [doris-1:f:up doris-2:f:up doris-3:M:up]
03:47:58 #59 OK DELETE id=2696101 via doris-1 rows=10090 [doris-1:f:up doris-2:f:up doris-3:M:up]
03:48:00 #60 OK SELECT id=2696101 via doris-1 rows=10089 [doris-1:f:up doris-2:f:up doris-3:M:up]
03:48:01 #61 OK INSERT id=2696102 via doris-1 rows=10090 [doris-1:f:up doris-2:f:up doris-3:M:up]
03:48:02 #62 OK UPSERT id=2696102 via doris-1 rows=10091 [doris-1:f:up doris-2:f:up doris-3:M:up]
03:48:03 #63 OK SELECT id=2696102 via doris-1 rows=10091 [doris-1:f:up doris-2:f:up doris-3:M:up]
03:48:04 #64 OK DELETE id=2696102 via doris-1 rows=10090 [doris-1:f:up doris-2:f:up doris-3:M:up]
03:48:05 #65 OK SELECT id=2696102 via doris-1 rows=10089 [doris-1:f:up doris-2:f:up doris-3:M:up]
03:48:06 #66 OK INSERT id=2696103 via doris-1 rows=10090 [doris-1:f:up doris-2:f:up doris-3:M:up]
03:48:07 #67 OK UPSERT id=2696103 via doris-1 rows=10091 [doris-1:f:up doris-2:f:up doris-3:M:up]
03:48:08 #68 OK SELECT id=2696103 via doris-1 rows=10091 [doris-1:f:up doris-2:f:up doris-3:M:up]
03:48:09 #69 OK DELETE id=2696103 via doris-1 rows=10090 [doris-1:f:up doris-2:f:up doris-3:M:up]
03:48:10 #70 OK SELECT id=2696103 via doris-1 rows=10089 [doris-1:f:up doris-2:f:up doris-3:M:up]
03:48:11 #71 OK INSERT id=2696104 via doris-1 rows=10090 [doris-1:f:up doris-2:f:up doris-3:M:up]
03:48:12 #72 OK UPSERT id=2696104 via doris-1 rows=10091 [doris-1:f:up doris-2:f:up doris-3:M:up]
03:48:13 #73 OK SELECT id=2696104 via doris-1 rows=10091 [doris-1:f:up doris-2:f:up doris-3:M:up]
03:48:14 #74 OK DELETE id=2696104 via doris-1 rows=10090 [doris-1:f:up doris-2:f:up doris-3:M:up]
03:48:15 #75 OK SELECT id=2696104 via doris-1 rows=10089 [doris-1:f:up doris-2:f:up doris-3:M:up]
03:48:17 #76 OK INSERT id=2696105 via doris-1 rows=10090 [doris-1:f:up doris-2:f:up doris-3:M:up]
03:48:18 #77 OK UPSERT id=2696105 via doris-1 rows=10091 [doris-1:f:up doris-2:f:up doris-3:M:up]
03:48:19 #78 OK SELECT id=2696105 via doris-1 rows=10091 [doris-1:f:up doris-2:f:up doris-3:M:up]
03:48:20 #79 OK DELETE id=2696105 via doris-1 rows=10090 [doris-1:f:up doris-2:f:up doris-3:M:up]
03:48:21 #80 OK SELECT id=2696105 via doris-1 rows=10089 [doris-1:f:up doris-2:f:up doris-3:M:up]
03:48:22 #81 OK INSERT id=2696106 via doris-1 rows=10090 [doris-1:f:up doris-2:f:up doris-3:M:up]
03:48:23 #82 OK UPSERT id=2696106 via doris-1 rows=10091 [doris-1:f:up doris-2:f:up doris-3:M:up]
03:48:24 #83 OK SELECT id=2696106 via doris-1 rows=10091 [doris-1:f:up doris-2:f:up doris-3:M:up]
03:48:25 #84 OK DELETE id=2696106 via doris-1 rows=10090 [doris-1:f:up doris-2:f:up doris-3:M:up]
03:48:26 #85 OK SELECT id=2696106 via doris-1 rows=10089 [doris-1:f:up doris-2:f:up doris-3:M:up]
03:48:27 #86 OK INSERT id=2696107 via doris-1 rows=10090 [doris-1:f:up doris-2:f:up doris-3:M:up]
03:48:28 #87 OK UPSERT id=2696107 via doris-1 rows=10091 [doris-1:f:up doris-2:f:up doris-3:M:up]
03:48:29 #88 OK SELECT id=2696107 via doris-1 rows=10091 [doris-1:f:up doris-2:f:up doris-3:M:up]
03:48:30 #89 OK DELETE id=2696107 via doris-1 rows=10090 [doris-1:f:up doris-2:f:up doris-3:M:up]
03:48:31 #90 OK SELECT id=2696107 via doris-1 rows=10089 [doris-1:f:up doris-2:f:up doris-3:M:up]
03:48:33 #91 OK INSERT id=2696108 via doris-1 rows=10090 [doris-1:f:up doris-2:f:up doris-3:M:up]
03:48:34 #92 OK UPSERT id=2696108 via doris-1 rows=10091 [doris-1:f:up doris-2:f:up doris-3:M:up]
03:48:35 #93 OK SELECT id=2696108 via doris-1 rows=10091 [doris-1:f:up doris-2:f:up doris-3:M:up]
03:48:36 #94 OK DELETE id=2696108 via doris-1 rows=10090 [doris-1:f:up doris-2:f:up doris-3:M:up]
03:48:37 #95 OK SELECT id=2696108 via doris-1 rows=10089 [doris-1:f:up doris-2:f:up doris-3:M:up]
03:48:38 #96 OK INSERT id=2696109 via doris-1 rows=10090 [doris-1:f:up doris-2:f:up doris-3:M:up]
03:48:39 #97 OK UPSERT id=2696109 via doris-1 rows=10091 [doris-1:f:up doris-2:f:up doris-3:M:up]
03:48:40 #98 OK SELECT id=2696109 via doris-1 rows=10091 [doris-1:f:up doris-2:f:up doris-3:M:up]
03:48:41 #99 OK DELETE id=2696109 via doris-1 rows=10090 [doris-1:f:up doris-2:f:up doris-3:M:up]
03:48:42 #100 OK SELECT id=2696109 via doris-1 rows=10089 [doris-1:f:up doris-2:f:up doris-3:M:up]
03:48:43 #101 OK INSERT id=2696110 via doris-1 rows=10090 [doris-1:f:up doris-2:f:up doris-3:M:up]
03:48:44 #102 OK UPSERT id=2696110 via doris-1 rows=10091 [doris-1:f:up doris-2:f:up doris-3:M:up]
03:48:45 #103 OK SELECT id=2696110 via doris-1 rows=10091 [doris-1:f:up doris-2:f:up doris-3:M:up]
03:48:46 #104 OK DELETE id=2696110 via doris-1 rows=10090 [doris-1:f:up doris-2:f:up doris-3:M:up]
03:48:47 #105 OK SELECT id=2696110 via doris-1 rows=10089 [doris-1:f:up doris-2:f:up doris-3:M:up]
03:48:48 #106 OK INSERT id=2696111 via doris-1 rows=10090 [doris-1:f:up doris-2:f:up doris-3:M:up]
03:48:50 #107 OK UPSERT id=2696111 via doris-1 rows=10091 [doris-1:f:up doris-2:f:up doris-3:M:up]
03:48:51 #108 OK SELECT id=2696111 via doris-1 rows=10091 [doris-1:f:up doris-2:f:up doris-3:M:up]
03:48:52 #109 OK DELETE id=2696111 via doris-1 rows=10090 [doris-1:f:up doris-2:f:up doris-3:M:up]
03:48:53 #110 OK SELECT id=2696111 via doris-1 rows=10089 [doris-1:f:up doris-2:f:up doris-3:M:up]
03:48:54 #111 OK INSERT id=2696112 via doris-1 rows=10090 [doris-1:f:up doris-2:f:up doris-3:M:up]
03:48:55 #112 OK UPSERT id=2696112 via doris-1 rows=10091 [doris-1:f:up doris-2:f:up doris-3:M:up]
03:48:56 #113 OK SELECT id=2696112 via doris-1 rows=10091 [doris-1:f:up doris-2:f:up doris-3:M:up]
03:48:57 #114 OK DELETE id=2696112 via doris-1 rows=10090 [doris-1:f:up doris-2:f:up doris-3:M:up]
03:48:58 #115 OK SELECT id=2696112 via doris-1 rows=10089 [doris-1:f:up doris-2:f:up doris-3:M:up]
03:48:59 #116 OK INSERT id=2696113 via doris-1 rows=10090 [doris-1:f:up doris-2:f:up doris-3:M:up]
03:49:00 #117 OK UPSERT id=2696113 via doris-1 rows=10091 [doris-1:f:up doris-2:f:up doris-3:M:up]
03:49:01 #118 OK SELECT id=2696113 via doris-1 rows=10091 [doris-1:f:up doris-2:f:up doris-3:M:up]
03:49:02 #119 OK DELETE id=2696113 via doris-1 rows=10090 [doris-1:f:up doris-2:f:up doris-3:M:up]
03:49:03 #120 OK SELECT id=2696113 via doris-1 rows=10089 [doris-1:f:up doris-2:f:up doris-3:M:up]
03:49:04 EVENT restore: systemctl start doris-be on doris-1
03:49:04 #121 OK INSERT id=2696114 via doris-1 rows=10090 [doris-1:f:up doris-2:f:up doris-3:M:up]
03:49:05 #122 OK UPSERT id=2696114 via doris-1 rows=10091 [doris-1:f:up doris-2:f:up doris-3:M:up]
03:49:07 #123 OK SELECT id=2696114 via doris-1 rows=10091 [doris-1:f:up doris-2:f:up doris-3:M:up]
03:49:08 #124 OK DELETE id=2696114 via doris-1 rows=10090 [doris-1:f:up doris-2:f:up doris-3:M:up]
03:49:09 #125 OK SELECT id=2696114 via doris-1 rows=10089 [doris-1:f:up doris-2:f:up doris-3:M:up]
03:49:10 #126 OK INSERT id=2696115 via doris-1 rows=10090 [doris-1:f:up doris-2:f:up doris-3:M:up]
03:49:11 #127 OK UPSERT id=2696115 via doris-1 rows=10091 [doris-1:f:up doris-2:f:up doris-3:M:up]
03:49:12 #128 OK SELECT id=2696115 via doris-1 rows=10091 [doris-1:f:up doris-2:f:up doris-3:M:up]
03:49:13 #129 OK DELETE id=2696115 via doris-1 rows=10090 [doris-1:f:up doris-2:f:up doris-3:M:up]
03:49:14 #130 OK SELECT id=2696115 via doris-1 rows=10089 [doris-1:f:up doris-2:f:up doris-3:M:up]
03:49:15 #131 OK INSERT id=2696116 via doris-1 rows=10090 [doris-1:f:up doris-2:f:up doris-3:M:up]
03:49:16 #132 OK UPSERT id=2696116 via doris-1 rows=10091 [doris-1:f:up doris-2:f:up doris-3:M:up]
03:49:17 #133 OK SELECT id=2696116 via doris-1 rows=10091 [doris-1:f:up doris-2:f:up doris-3:M:up]
03:49:18 #134 OK DELETE id=2696116 via doris-1 rows=10090 [doris-1:f:up doris-2:f:up doris-3:M:up]
03:49:19 #135 OK SELECT id=2696116 via doris-1 rows=10089 [doris-1:f:up doris-2:f:up doris-3:M:up]
03:49:20 #136 OK INSERT id=2696117 via doris-1 rows=10090 [doris-1:f:up doris-2:f:up doris-3:M:up]
03:49:21 #137 OK UPSERT id=2696117 via doris-1 rows=10091 [doris-1:f:up doris-2:f:up doris-3:M:up]
03:49:22 #138 OK SELECT id=2696117 via doris-1 rows=10091 [doris-1:f:up doris-2:f:up doris-3:M:up]
03:49:24 #139 OK DELETE id=2696117 via doris-1 rows=10090 [doris-1:f:up doris-2:f:up doris-3:M:up]
03:49:25 #140 OK SELECT id=2696117 via doris-1 rows=10089 [doris-1:f:up doris-2:f:up doris-3:M:up]
03:49:26 #141 OK INSERT id=2696118 via doris-1 rows=10090 [doris-1:f:up doris-2:f:up doris-3:M:up]
03:49:27 #142 OK UPSERT id=2696118 via doris-1 rows=10091 [doris-1:f:up doris-2:f:up doris-3:M:up]
03:49:28 #143 OK SELECT id=2696118 via doris-1 rows=10091 [doris-1:f:up doris-2:f:up doris-3:M:up]
03:49:29 #144 OK DELETE id=2696118 via doris-1 rows=10090 [doris-1:f:up doris-2:f:up doris-3:M:up]
03:49:30 #145 OK SELECT id=2696118 via doris-1 rows=10089 [doris-1:f:up doris-2:f:up doris-3:M:up]
03:49:31 #146 OK INSERT id=2696119 via doris-1 rows=10090 [doris-1:f:up doris-2:f:up doris-3:M:up]
03:49:31 EVENT restore: cluster healthy
03:49:32 #147 OK UPSERT id=2696119 via doris-1 rows=10091 [doris-1:f:up doris-2:f:up doris-3:M:up]
03:49:33 #148 OK SELECT id=2696119 via doris-1 rows=10091 [doris-1:f:up doris-2:f:up doris-3:M:up]
03:49:34 #149 OK DELETE id=2696119 via doris-1 rows=10090 [doris-1:f:up doris-2:f:up doris-3:M:up]
03:49:35 #150 OK SELECT id=2696119 via doris-1 rows=10089 [doris-1:f:up doris-2:f:up doris-3:M:up]
03:49:36 #151 OK INSERT id=2696120 via doris-1 rows=10090 [doris-1:f:up doris-2:f:up doris-3:M:up]
03:49:38 #152 OK UPSERT id=2696120 via doris-1 rows=10091 [doris-1:f:up doris-2:f:up doris-3:M:up]
03:49:39 #153 OK SELECT id=2696120 via doris-1 rows=10091 [doris-1:f:up doris-2:f:up doris-3:M:up]
03:49:40 #154 OK DELETE id=2696120 via doris-1 rows=10090 [doris-1:f:up doris-2:f:up doris-3:M:up]
03:49:41 #155 OK SELECT id=2696120 via doris-1 rows=10089 [doris-1:f:up doris-2:f:up doris-3:M:up]
03:49:42 #156 OK INSERT id=2696121 via doris-1 rows=10090 [doris-1:f:up doris-2:f:up doris-3:M:up]
03:49:43 #157 OK UPSERT id=2696121 via doris-1 rows=10091 [doris-1:f:up doris-2:f:up doris-3:M:up]
03:49:44 #158 OK SELECT id=2696121 via doris-1 rows=10091 [doris-1:f:up doris-2:f:up doris-3:M:up]
03:49:45 #159 OK DELETE id=2696121 via doris-1 rows=10090 [doris-1:f:up doris-2:f:up doris-3:M:up]
03:49:46 #160 OK SELECT id=2696121 via doris-1 rows=10089 [doris-1:f:up doris-2:f:up doris-3:M:up]
03:49:47 #161 OK INSERT id=2696122 via doris-1 rows=10090 [doris-1:f:up doris-2:f:up doris-3:M:up]
03:49:48 #162 OK UPSERT id=2696122 via doris-1 rows=10091 [doris-1:f:up doris-2:f:up doris-3:M:up]
03:49:49 #163 OK SELECT id=2696122 via doris-1 rows=10091 [doris-1:f:up doris-2:f:up doris-3:M:up]
03:49:50 #164 OK DELETE id=2696122 via doris-1 rows=10090 [doris-1:f:up doris-2:f:up doris-3:M:up]
03:49:51 #165 OK SELECT id=2696122 via doris-1 rows=10089 [doris-1:f:up doris-2:f:up doris-3:M:up]
03:49:52 #166 OK INSERT id=2696123 via doris-1 rows=10090 [doris-1:f:up doris-2:f:up doris-3:M:up]
03:49:53 #167 OK UPSERT id=2696123 via doris-1 rows=10091 [doris-1:f:up doris-2:f:up doris-3:M:up]
03:49:54 #168 OK SELECT id=2696123 via doris-1 rows=10091 [doris-1:f:up doris-2:f:up doris-3:M:up]
03:49:56 #169 OK DELETE id=2696123 via doris-1 rows=10090 [doris-1:f:up doris-2:f:up doris-3:M:up]
03:49:57 #170 OK SELECT id=2696123 via doris-1 rows=10089 [doris-1:f:up doris-2:f:up doris-3:M:up]
03:49:58 #171 OK INSERT id=2696124 via doris-1 rows=10090 [doris-1:f:up doris-2:f:up doris-3:M:up]
03:49:59 #172 OK UPSERT id=2696124 via doris-1 rows=10091 [doris-1:f:up doris-2:f:up doris-3:M:up]
03:50:00 #173 OK SELECT id=2696124 via doris-1 rows=10091 [doris-1:f:up doris-2:f:up doris-3:M:up]
