00:19:18 PROBE start proto=jdbc hosts=doris-1,doris-2,doris-3 duration=86400s cycle=INSERT>UPSERT>SELECT>DELETE>SELECT url=jdbc:mysql://10.140.0.2:9030,10.140.0.3:9030,10.140.0.4:9030/hatest
00:19:18 connected to doris-1 (driver-selected host)
00:19:19 #1 OK INSERT id=2571580 via doris-1 rows=10040 [doris-1:f:up doris-2:f:up doris-3:M:up]
00:19:20 #2 OK UPSERT id=2571580 via doris-1 rows=10040 [doris-1:f:up doris-2:f:up doris-3:M:up]
00:19:21 #3 OK SELECT id=2571580 via doris-1 rows=10040 [doris-1:f:up doris-2:f:up doris-3:M:up]
00:19:22 #4 OK DELETE id=2571580 via doris-1 rows=10038 [doris-1:f:up doris-2:f:up doris-3:M:up]
00:19:23 #5 OK SELECT id=2571580 via doris-1 rows=10038 [doris-1:f:up doris-2:f:up doris-3:M:up]
00:19:24 #6 OK INSERT id=2571581 via doris-1 rows=10040 [doris-1:f:up doris-2:f:up doris-3:M:up]
00:19:25 #7 OK UPSERT id=2571581 via doris-1 rows=10040 [doris-1:f:up doris-2:f:up doris-3:M:up]
00:19:26 #8 OK SELECT id=2571581 via doris-1 rows=10040 [doris-1:f:up doris-2:f:up doris-3:M:up]
00:19:27 #9 OK DELETE id=2571581 via doris-1 rows=10038 [doris-1:f:up doris-2:f:up doris-3:M:up]
00:19:28 #10 OK SELECT id=2571581 via doris-1 rows=10038 [doris-1:f:up doris-2:f:up doris-3:M:up]
00:19:29 #11 OK INSERT id=2571582 via doris-1 rows=10040 [doris-1:f:up doris-2:f:up doris-3:M:up]
00:19:30 #12 OK UPSERT id=2571582 via doris-1 rows=10040 [doris-1:f:up doris-2:f:up doris-3:M:up]
00:19:31 #13 OK SELECT id=2571582 via doris-1 rows=10040 [doris-1:f:up doris-2:f:up doris-3:M:up]
00:19:32 #14 OK DELETE id=2571582 via doris-1 rows=10038 [doris-1:f:up doris-2:f:up doris-3:M:up]
00:19:33 #15 OK SELECT id=2571582 via doris-1 rows=10038 [doris-1:f:up doris-2:f:up doris-3:M:up]
00:19:34 #16 OK INSERT id=2571583 via doris-1 rows=10040 [doris-1:f:up doris-2:f:up doris-3:M:up]
00:19:36 #17 OK UPSERT id=2571583 via doris-1 rows=10040 [doris-1:f:up doris-2:f:up doris-3:M:up]
00:19:37 #18 OK SELECT id=2571583 via doris-1 rows=10040 [doris-1:f:up doris-2:f:up doris-3:M:up]
00:19:38 #19 OK DELETE id=2571583 via doris-1 rows=10038 [doris-1:f:up doris-2:f:up doris-3:M:up]
00:19:39 #20 OK SELECT id=2571583 via doris-1 rows=10038 [doris-1:f:up doris-2:f:up doris-3:M:up]
00:19:40 #21 OK INSERT id=2571584 via doris-1 rows=10040 [doris-1:f:up doris-2:f:up doris-3:M:up]
00:19:41 #22 OK UPSERT id=2571584 via doris-1 rows=10040 [doris-1:f:up doris-2:f:up doris-3:M:up]
00:19:42 #23 OK SELECT id=2571584 via doris-1 rows=10040 [doris-1:f:up doris-2:f:up doris-3:M:up]
00:19:43 #24 OK DELETE id=2571584 via doris-1 rows=10038 [doris-1:f:up doris-2:f:up doris-3:M:up]
00:19:44 #25 OK SELECT id=2571584 via doris-1 rows=10038 [doris-1:f:up doris-2:f:up doris-3:M:up]
00:19:45 #26 OK INSERT id=2571585 via doris-1 rows=10040 [doris-1:f:up doris-2:f:up doris-3:M:up]
00:19:46 #27 OK UPSERT id=2571585 via doris-1 rows=10040 [doris-1:f:up doris-2:f:up doris-3:M:up]
00:19:47 #28 OK SELECT id=2571585 via doris-1 rows=10040 [doris-1:f:up doris-2:f:up doris-3:M:up]
00:19:48 #29 OK DELETE id=2571585 via doris-1 rows=10038 [doris-1:f:up doris-2:f:up doris-3:M:up]
00:19:49 #30 OK SELECT id=2571585 via doris-1 rows=10038 [doris-1:f:up doris-2:f:up doris-3:M:up]
00:19:50 #31 OK INSERT id=2571586 via doris-1 rows=10040 [doris-1:f:up doris-2:f:up doris-3:M:up]
00:19:51 #32 OK UPSERT id=2571586 via doris-1 rows=10040 [doris-1:f:up doris-2:f:up doris-3:M:up]
00:19:52 EVENT break: fe hang on doris-1 (FE follower)
00:19:52 #33 OK SELECT id=2571586 via doris-1 rows=10040 [doris-1:f:up doris-2:f:up doris-3:M:up]
00:19:54 #34 OK DELETE id=2571586 via doris-1 rows=10038 [doris-1:f:up doris-2:f:up doris-3:M:up]
00:20:03 #35 FAIL SELECT id=2571586 via doris-1: CommunicationsException: Communications link failure  The last packet successfully received from the server was 9,016 milliseconds ago.
00:20:12 connected to doris-2 (driver-selected host)
00:20:12 #36 OK INSERT id=2571587 via doris-2 rows=10040 [doris-1:f:DOWN doris-2:f:up doris-3:M:up] (recovered)
00:20:13 #37 OK UPSERT id=2571587 via doris-2 rows=10040 [doris-1:f:DOWN doris-2:f:up doris-3:M:up]
00:20:14 #38 OK SELECT id=2571587 via doris-2 rows=10040 [doris-1:f:DOWN doris-2:f:up doris-3:M:up]
00:20:15 #39 OK DELETE id=2571587 via doris-2 rows=10038 [doris-1:f:DOWN doris-2:f:up doris-3:M:up]
00:20:16 #40 OK SELECT id=2571587 via doris-2 rows=10038 [doris-1:f:DOWN doris-2:f:up doris-3:M:up]
00:20:17 #41 OK INSERT id=2571588 via doris-2 rows=10040 [doris-1:f:DOWN doris-2:f:up doris-3:M:up]
00:20:18 #42 OK UPSERT id=2571588 via doris-2 rows=10040 [doris-1:f:DOWN doris-2:f:up doris-3:M:up]
00:20:19 #43 OK SELECT id=2571588 via doris-2 rows=10040 [doris-1:f:DOWN doris-2:f:up doris-3:M:up]
00:20:21 #44 OK DELETE id=2571588 via doris-2 rows=10038 [doris-1:f:DOWN doris-2:f:up doris-3:M:up]
00:20:22 #45 OK SELECT id=2571588 via doris-2 rows=10038 [doris-1:f:DOWN doris-2:f:up doris-3:M:up]
00:20:23 #46 OK INSERT id=2571589 via doris-2 rows=10040 [doris-1:f:DOWN doris-2:f:up doris-3:M:up]
00:20:24 #47 OK UPSERT id=2571589 via doris-2 rows=10040 [doris-1:f:DOWN doris-2:f:up doris-3:M:up]
00:20:25 #48 OK SELECT id=2571589 via doris-2 rows=10040 [doris-1:f:DOWN doris-2:f:up doris-3:M:up]
00:20:26 #49 OK DELETE id=2571589 via doris-2 rows=10038 [doris-1:f:DOWN doris-2:f:up doris-3:M:up]
00:20:27 #50 OK SELECT id=2571589 via doris-2 rows=10038 [doris-1:f:DOWN doris-2:f:up doris-3:M:up]
00:20:28 #51 OK INSERT id=2571590 via doris-2 rows=10040 [doris-1:f:DOWN doris-2:f:up doris-3:M:up]
00:20:37 #52 OK UPSERT id=2571590 via doris-2 rows=10039 [doris-1:f:DOWN doris-2:f:up doris-3:M:up]
00:20:38 #53 OK SELECT id=2571590 via doris-2 rows=10040 [doris-1:f:DOWN doris-2:f:up doris-3:M:up]
00:20:39 #54 OK DELETE id=2571590 via doris-2 rows=10039 [doris-1:f:DOWN doris-2:f:up doris-3:M:up]
00:20:40 #55 OK SELECT id=2571590 via doris-2 rows=10039 [doris-1:f:DOWN doris-2:f:up doris-3:M:up]
00:20:42 #56 OK INSERT id=2571591 via doris-2 rows=10039 [doris-1:f:DOWN doris-2:f:up doris-3:M:up]
00:20:43 #57 OK UPSERT id=2571591 via doris-2 rows=10039 [doris-1:f:DOWN doris-2:f:up doris-3:M:up]
00:20:44 #58 OK SELECT id=2571591 via doris-2 rows=10040 [doris-1:f:DOWN doris-2:f:up doris-3:M:up]
00:20:45 #59 OK DELETE id=2571591 via doris-2 rows=10039 [doris-1:f:DOWN doris-2:f:up doris-3:M:up]
00:20:46 #60 OK SELECT id=2571591 via doris-2 rows=10039 [doris-1:f:DOWN doris-2:f:up doris-3:M:up]
00:20:47 #61 OK INSERT id=2571592 via doris-2 rows=10039 [doris-1:f:DOWN doris-2:f:up doris-3:M:up]
00:20:48 #62 OK UPSERT id=2571592 via doris-2 rows=10039 [doris-1:f:DOWN doris-2:f:up doris-3:M:up]
00:20:49 #63 OK SELECT id=2571592 via doris-2 rows=10040 [doris-1:f:DOWN doris-2:f:up doris-3:M:up]
00:20:50 #64 OK DELETE id=2571592 via doris-2 rows=10039 [doris-1:f:DOWN doris-2:f:up doris-3:M:up]
00:20:51 #65 OK SELECT id=2571592 via doris-2 rows=10039 [doris-1:f:DOWN doris-2:f:up doris-3:M:up]
00:20:52 #66 OK INSERT id=2571593 via doris-2 rows=10039 [doris-1:f:DOWN doris-2:f:up doris-3:M:up]
00:20:53 #67 OK UPSERT id=2571593 via doris-2 rows=10039 [doris-1:f:DOWN doris-2:f:up doris-3:M:up]
00:21:02 #68 OK SELECT id=2571593 via doris-2 rows=10040 [doris-1:f:DOWN doris-2:f:up doris-3:M:up]
00:21:04 #69 OK DELETE id=2571593 via doris-2 rows=10038 [doris-1:f:DOWN doris-2:f:up doris-3:M:up]
00:21:05 #70 OK SELECT id=2571593 via doris-2 rows=10038 [doris-1:f:DOWN doris-2:f:up doris-3:M:up]
00:21:06 #71 OK INSERT id=2571594 via doris-2 rows=10040 [doris-1:f:DOWN doris-2:f:up doris-3:M:up]
00:21:07 #72 OK UPSERT id=2571594 via doris-2 rows=10040 [doris-1:f:DOWN doris-2:f:up doris-3:M:up]
00:21:08 #73 OK SELECT id=2571594 via doris-2 rows=10040 [doris-1:f:DOWN doris-2:f:up doris-3:M:up]
00:21:09 #74 OK DELETE id=2571594 via doris-2 rows=10038 [doris-1:f:DOWN doris-2:f:up doris-3:M:up]
00:21:10 #75 OK SELECT id=2571594 via doris-2 rows=10038 [doris-1:f:DOWN doris-2:f:up doris-3:M:up]
00:21:11 #76 OK INSERT id=2571595 via doris-2 rows=10040 [doris-1:f:DOWN doris-2:f:up doris-3:M:up]
00:21:12 #77 OK UPSERT id=2571595 via doris-2 rows=10040 [doris-1:f:DOWN doris-2:f:up doris-3:M:up]
00:21:13 #78 OK SELECT id=2571595 via doris-2 rows=10040 [doris-1:f:DOWN doris-2:f:up doris-3:M:up]
00:21:14 #79 OK DELETE id=2571595 via doris-2 rows=10038 [doris-1:f:DOWN doris-2:f:up doris-3:M:up]
00:21:15 #80 OK SELECT id=2571595 via doris-2 rows=10038 [doris-1:f:DOWN doris-2:f:up doris-3:M:up]
00:21:16 #81 OK INSERT id=2571596 via doris-2 rows=10040 [doris-1:f:DOWN doris-2:f:up doris-3:M:up]
00:21:18 #82 OK UPSERT id=2571596 via doris-2 rows=10040 [doris-1:f:DOWN doris-2:f:up doris-3:M:up]
00:21:19 #83 OK SELECT id=2571596 via doris-2 rows=10040 [doris-1:f:DOWN doris-2:f:up doris-3:M:up]
00:21:20 #84 OK DELETE id=2571596 via doris-2 rows=10038 [doris-1:f:DOWN doris-2:f:up doris-3:M:up]
00:21:29 #85 OK SELECT id=2571596 via doris-2 rows=10038 [doris-1:f:DOWN doris-2:f:up doris-3:M:up]
00:21:30 #86 OK INSERT id=2571597 via doris-2 rows=10039 [doris-1:f:DOWN doris-2:f:up doris-3:M:up]
00:21:31 #87 OK UPSERT id=2571597 via doris-2 rows=10039 [doris-1:f:DOWN doris-2:f:up doris-3:M:up]
00:21:32 #88 OK SELECT id=2571597 via doris-2 rows=10040 [doris-1:f:DOWN doris-2:f:up doris-3:M:up]
00:21:33 #89 OK DELETE id=2571597 via doris-2 rows=10039 [doris-1:f:DOWN doris-2:f:up doris-3:M:up]
00:21:34 #90 OK SELECT id=2571597 via doris-2 rows=10039 [doris-1:f:DOWN doris-2:f:up doris-3:M:up]
00:21:35 #91 OK INSERT id=2571598 via doris-2 rows=10039 [doris-1:f:DOWN doris-2:f:up doris-3:M:up]
00:21:36 #92 OK UPSERT id=2571598 via doris-2 rows=10039 [doris-1:f:DOWN doris-2:f:up doris-3:M:up]
00:21:37 EVENT restore: resume fe on doris-1
00:21:37 #93 OK SELECT id=2571598 via doris-2 rows=10040 [doris-1:f:DOWN doris-2:f:up doris-3:M:up]
00:21:38 #94 OK DELETE id=2571598 via doris-2 rows=10039 [doris-1:f:DOWN doris-2:f:up doris-3:M:up]
00:21:39 #95 OK SELECT id=2571598 via doris-2 rows=10039 [doris-1:f:DOWN doris-2:f:up doris-3:M:up]
00:21:40 #96 OK INSERT id=2571599 via doris-2 rows=10039 [doris-1:f:up doris-2:f:up doris-3:M:up]
00:21:42 #97 OK UPSERT id=2571599 via doris-2 rows=10039 [doris-1:f:up doris-2:f:up doris-3:M:up]
00:21:42 EVENT restore: cluster healthy
00:21:43 #98 OK SELECT id=2571599 via doris-2 rows=10040 [doris-1:f:up doris-2:f:up doris-3:M:up]
00:21:44 #99 OK DELETE id=2571599 via doris-2 rows=10039 [doris-1:f:up doris-2:f:up doris-3:M:up]
00:21:45 #100 OK SELECT id=2571599 via doris-2 rows=10039 [doris-1:f:up doris-2:f:up doris-3:M:up]
00:21:46 #101 OK INSERT id=2571600 via doris-2 rows=10039 [doris-1:f:up doris-2:f:up doris-3:M:up]
00:21:47 #102 OK UPSERT id=2571600 via doris-2 rows=10039 [doris-1:f:up doris-2:f:up doris-3:M:up]
00:21:48 #103 OK SELECT id=2571600 via doris-2 rows=10040 [doris-1:f:up doris-2:f:up doris-3:M:up]
00:21:49 #104 OK DELETE id=2571600 via doris-2 rows=10039 [doris-1:f:up doris-2:f:up doris-3:M:up]
00:21:50 #105 OK SELECT id=2571600 via doris-2 rows=10039 [doris-1:f:up doris-2:f:up doris-3:M:up]
00:21:51 #106 OK INSERT id=2571601 via doris-2 rows=10039 [doris-1:f:up doris-2:f:up doris-3:M:up]
00:21:52 #107 OK UPSERT id=2571601 via doris-2 rows=10039 [doris-1:f:up doris-2:f:up doris-3:M:up]
00:21:53 #108 OK SELECT id=2571601 via doris-2 rows=10040 [doris-1:f:up doris-2:f:up doris-3:M:up]
00:21:54 #109 OK DELETE id=2571601 via doris-2 rows=10039 [doris-1:f:up doris-2:f:up doris-3:M:up]
00:21:55 #110 OK SELECT id=2571601 via doris-2 rows=10039 [doris-1:f:up doris-2:f:up doris-3:M:up]
00:21:56 #111 OK INSERT id=2571602 via doris-2 rows=10039 [doris-1:f:up doris-2:f:up doris-3:M:up]
00:21:57 #112 OK UPSERT id=2571602 via doris-2 rows=10039 [doris-1:f:up doris-2:f:up doris-3:M:up]
00:21:59 #113 OK SELECT id=2571602 via doris-2 rows=10040 [doris-1:f:up doris-2:f:up doris-3:M:up]
00:22:00 #114 OK DELETE id=2571602 via doris-2 rows=10039 [doris-1:f:up doris-2:f:up doris-3:M:up]
00:22:01 #115 OK SELECT id=2571602 via doris-2 rows=10039 [doris-1:f:up doris-2:f:up doris-3:M:up]
00:22:02 #116 OK INSERT id=2571603 via doris-2 rows=10039 [doris-1:f:up doris-2:f:up doris-3:M:up]
00:22:03 #117 OK UPSERT id=2571603 via doris-2 rows=10039 [doris-1:f:up doris-2:f:up doris-3:M:up]
00:22:04 #118 OK SELECT id=2571603 via doris-2 rows=10040 [doris-1:f:up doris-2:f:up doris-3:M:up]
00:22:05 #119 OK DELETE id=2571603 via doris-2 rows=10039 [doris-1:f:up doris-2:f:up doris-3:M:up]
00:22:06 #120 OK SELECT id=2571603 via doris-2 rows=10039 [doris-1:f:up doris-2:f:up doris-3:M:up]
00:22:07 #121 OK INSERT id=2571604 via doris-2 rows=10040 [doris-1:f:up doris-2:f:up doris-3:M:up]
00:22:08 #122 OK UPSERT id=2571604 via doris-2 rows=10039 [doris-1:f:up doris-2:f:up doris-3:M:up]
00:22:09 #123 OK SELECT id=2571604 via doris-2 rows=10039 [doris-1:f:up doris-2:f:up doris-3:M:up]
00:22:10 #124 OK DELETE id=2571604 via doris-2 rows=10039 [doris-1:f:up doris-2:f:up doris-3:M:up]
