16:05:20 ##### pass 1 start: 16 scenario(s) ['vm-stop-3clients', 'vm-stop-master-direct', 'vm-stop-master-follower', 'vm-stop-follower', 'fe-crash-master', 'fe-crash-follower', 'fe-dead-master', 'fe-hang-master', 'fe-hang-follower', 'be-crash', 'be-dead', 'be-hang', 'double-vm-fe-dead', 'double-vm-be-dead', 'double-two-vms', 'double-crossed']
16:05:20 $ /home/yugachang/workspace/doris-poc/demo.sh start
16:05:40 $ /home/yugachang/workspace/doris-poc/venv/bin/python /home/yugachang/workspace/doris-poc/cluster.py wait /home/yugachang/workspace/doris-poc/.state/hosts.tsv 300
16:05:40   cluster healthy (before pass)
16:05:40 === [vm-stop-3clients] 三個 client 同時觀察 VM 停機  steps=['--target vm --on master']
16:05:40 $ /home/yugachang/workspace/doris-poc/demo.sh monitor --fresh
16:05:48   wait 30s (baseline)
16:06:18 $ /home/yugachang/workspace/doris-poc/demo.sh break --target vm --on master
16:06:55   wait 90s (observe)
16:08:25 $ /home/yugachang/workspace/doris-poc/demo.sh measure --json
16:08:30   during: mysql=讀寫正常 (29s), jdbc=讀寫正常 (32s), flight=讀取正常 (36s)  alive=FE 2/3 (master doris-2) BE 2/3 replicas {'OK': 8, 'DEAD': 4} rows=10163 via doris-1
16:08:30 $ /home/yugachang/workspace/doris-poc/demo.sh restore
16:09:14   wait 25s (settle)
16:09:39 $ /home/yugachang/workspace/doris-poc/demo.sh measure --json
16:09:45   after:  mysql=讀寫正常 fails=11 impact=29s, jdbc=讀寫正常 fails=5 impact=32s, flight=讀取正常 fails=5 impact=36s  alive=FE 3/3 (master doris-2) BE 3/3 replicas {'OK': 12} rows=10163 via doris-1  healthy=True
16:09:45 === [vm-stop-master-direct] master 所在 VM 停機，client 直連 master  steps=['--target vm --on master']
16:09:45 $ /home/yugachang/workspace/doris-poc/demo.sh monitor --fresh --order master-first
16:09:52   wait 30s (baseline)
16:10:22 $ /home/yugachang/workspace/doris-poc/demo.sh break --target vm --on master
16:10:48   wait 90s (observe)
16:12:18 $ /home/yugachang/workspace/doris-poc/demo.sh measure --json
16:12:24   during: mysql=讀寫正常 (32s), jdbc=讀寫正常 (33s), flight=讀取正常 (29s)  alive=FE 2/3 (master doris-3) BE 2/3 replicas {'OK': 8, 'DEAD': 4} rows=10167 via doris-1
16:12:24 $ /home/yugachang/workspace/doris-poc/demo.sh restore
16:13:20   wait 25s (settle)
16:13:45 $ /home/yugachang/workspace/doris-poc/demo.sh measure --json
16:13:50   after:  mysql=讀寫正常 fails=5 impact=32s, jdbc=讀寫正常 fails=4 impact=33s, flight=讀取正常 fails=2 impact=29s  alive=FE 3/3 (master doris-3) BE 3/3 replicas {'OK': 12} rows=10167 via doris-1  healthy=True
16:13:50 === [vm-stop-master-follower] master 所在 VM 停機，client 連在 follower  steps=['--target vm --on master']
16:13:50 $ /home/yugachang/workspace/doris-poc/demo.sh monitor --fresh --order follower-first
16:13:57   wait 30s (baseline)
16:14:27 $ /home/yugachang/workspace/doris-poc/demo.sh break --target vm --on master
16:14:52   wait 90s (observe)
16:16:22 $ /home/yugachang/workspace/doris-poc/demo.sh measure --json
16:16:28   during: mysql=讀寫正常 (35s), jdbc=讀寫正常 (32s), flight=讀取正常 (29s)  alive=FE 2/3 (master doris-2) BE 2/3 replicas {'OK': 8, 'DEAD': 4} rows=10168 via doris-1
16:16:28 $ /home/yugachang/workspace/doris-poc/demo.sh restore
16:17:12   wait 25s (settle)
16:17:37 $ /home/yugachang/workspace/doris-poc/demo.sh measure --json
16:17:43   after:  mysql=讀寫正常 fails=6 impact=35s, jdbc=讀寫正常 fails=4 impact=32s, flight=讀取正常 fails=5 impact=29s  alive=FE 3/3 (master doris-2) BE 3/3 replicas {'OK': 12} rows=10168 via doris-1  healthy=True
16:17:43 === [vm-stop-follower] follower 所在 VM 停機  steps=['--target vm --on follower']
16:17:43 $ /home/yugachang/workspace/doris-poc/demo.sh monitor --fresh
16:17:48   wait 30s (baseline)
16:18:18 $ /home/yugachang/workspace/doris-poc/demo.sh break --target vm --on follower
16:18:57   wait 90s (observe)
16:20:27 $ /home/yugachang/workspace/doris-poc/demo.sh measure --json
16:20:36   during: mysql=讀寫正常 (13s), jdbc=讀寫正常 (15s), flight=讀取正常 (18s)  alive=FE 2/3 (master doris-2) BE 2/3 replicas {'DEAD': 4, 'OK': 8} rows=10173 via doris-2
16:20:36 $ /home/yugachang/workspace/doris-poc/demo.sh restore
16:21:27   wait 25s (settle)
16:21:52 $ /home/yugachang/workspace/doris-poc/demo.sh measure --json
16:21:58   after:  mysql=讀寫正常 fails=2 impact=13s, jdbc=讀寫正常 fails=2 impact=15s, flight=讀取正常 fails=1 impact=18s  alive=FE 3/3 (master doris-2) BE 3/3 replicas {'OK': 12} rows=10173 via doris-1  healthy=True
16:21:58 === [fe-crash-master] master FE crash（kill -9，systemd 自動拉起）  steps=['--target fe --mode crash --on master']
16:21:58 $ /home/yugachang/workspace/doris-poc/demo.sh monitor --fresh
16:22:03   wait 30s (baseline)
16:22:33 $ /home/yugachang/workspace/doris-poc/demo.sh break --target fe --mode crash --on master
16:22:53   wait 90s (observe)
16:24:23 $ /home/yugachang/workspace/doris-poc/demo.sh measure --json
16:24:31   during: mysql=讀寫正常 (24s), jdbc=讀寫正常 (27s), flight=讀取正常 (7s)  alive=FE 3/3 (master doris-3) BE 3/3 replicas {'OK': 12} rows=10180 via doris-1
16:24:31 $ /home/yugachang/workspace/doris-poc/demo.sh restore
16:24:38   wait 25s (settle)
16:25:03 $ /home/yugachang/workspace/doris-poc/demo.sh measure --json
16:25:09   after:  mysql=讀寫正常 fails=2 impact=24s, jdbc=讀寫正常 fails=5 impact=27s, flight=讀取正常 fails=1 impact=7s  alive=FE 3/3 (master doris-3) BE 3/3 replicas {'OK': 12} rows=10180 via doris-1  healthy=True
16:25:09 === [fe-crash-follower] follower FE crash  steps=['--target fe --mode crash --on follower']
16:25:09 $ /home/yugachang/workspace/doris-poc/demo.sh monitor --fresh
16:25:14   wait 30s (baseline)
16:25:44 $ /home/yugachang/workspace/doris-poc/demo.sh break --target fe --mode crash --on follower
16:26:04   wait 90s (observe)
16:27:34 $ /home/yugachang/workspace/doris-poc/demo.sh measure --json
16:27:40   during: mysql=讀寫正常 (3s), jdbc=讀寫正常 (2s), flight=讀取正常 (3s)  alive=FE 3/3 (master doris-3) BE 3/3 replicas {'OK': 12} rows=10182 via doris-1
16:27:40 $ /home/yugachang/workspace/doris-poc/demo.sh restore
16:27:46   wait 25s (settle)
16:28:11 $ /home/yugachang/workspace/doris-poc/demo.sh measure --json
16:28:17   after:  mysql=讀寫正常 fails=1 impact=3s, jdbc=讀寫正常 fails=1 impact=2s, flight=讀取正常 fails=1 impact=3s  alive=FE 3/3 (master doris-3) BE 3/3 replicas {'OK': 12} rows=10182 via doris-1  healthy=True
16:28:17 === [fe-dead-master] master FE dead（systemctl stop，不自動起）  steps=['--target fe --mode dead --on master']
16:28:17 $ /home/yugachang/workspace/doris-poc/demo.sh monitor --fresh
16:28:23   wait 30s (baseline)
16:28:53 $ /home/yugachang/workspace/doris-poc/demo.sh break --target fe --mode dead --on master
16:28:59   wait 90s (observe)
16:30:29 $ /home/yugachang/workspace/doris-poc/demo.sh measure --json
16:30:34   during: mysql=讀寫正常 (0s), jdbc=讀寫正常 (2s), flight=讀取正常 (0s)  alive=FE 2/3 (master doris-2) BE 3/3 replicas {'OK': 12} rows=10182 via doris-1
16:30:34 $ /home/yugachang/workspace/doris-poc/demo.sh restore
16:30:52   wait 25s (settle)
16:31:17 $ /home/yugachang/workspace/doris-poc/demo.sh measure --json
16:31:23   after:  mysql=讀寫正常 fails=0 impact=0s, jdbc=讀寫正常 fails=2 impact=2s, flight=讀取正常 fails=0 impact=0s  alive=FE 3/3 (master doris-2) BE 3/3 replicas {'OK': 12} rows=10182 via doris-1  healthy=True
16:31:23 === [fe-hang-master] master FE hang（kill -STOP）  steps=['--target fe --mode hang --on master']
16:31:23 $ /home/yugachang/workspace/doris-poc/demo.sh monitor --fresh
16:31:28   wait 30s (baseline)
16:31:58 $ /home/yugachang/workspace/doris-poc/demo.sh break --target fe --mode hang --on master
16:32:02   wait 120s (observe)
16:34:02 $ /home/yugachang/workspace/doris-poc/demo.sh measure --json
16:34:14   during: mysql=讀寫正常 (118s), jdbc=讀寫正常 (0s), flight=讀取正常 (118s)  alive=alive check failed: OperationalError: (2013, 'Lost connection to MySQL server during query (timed out)')
16:34:14 $ /home/yugachang/workspace/doris-poc/demo.sh restore
16:34:21   wait 25s (settle)
16:34:46 $ /home/yugachang/workspace/doris-poc/demo.sh measure --json
16:34:51   after:  mysql=讀寫正常 fails=14 impact=135s, jdbc=讀寫正常 fails=1 impact=137s, flight=讀取正常 fails=0 impact=136s  alive=FE 3/3 (master doris-2) BE 3/3 replicas {'OK': 12} rows=10184 via doris-1  healthy=True
16:34:51 === [fe-hang-follower] follower FE hang  steps=['--target fe --mode hang --on follower']
16:34:51 $ /home/yugachang/workspace/doris-poc/demo.sh monitor --fresh
16:34:56   wait 30s (baseline)
16:35:26 $ /home/yugachang/workspace/doris-poc/demo.sh break --target fe --mode hang --on follower
16:35:31   wait 90s (observe)
16:37:01 $ /home/yugachang/workspace/doris-poc/demo.sh measure --json
16:37:13   during: mysql=讀寫正常 (26s), jdbc=讀寫正常 (36s), flight=讀取正常 (38s)  alive=FE 2/3 (master doris-2) BE 3/3 replicas {'OK': 12} rows=10186 via doris-2
16:37:13 $ /home/yugachang/workspace/doris-poc/demo.sh restore
16:37:24   wait 25s (settle)
16:37:49 $ /home/yugachang/workspace/doris-poc/demo.sh measure --json
16:37:55   after:  mysql=讀寫正常 fails=1 impact=26s, jdbc=讀寫正常 fails=1 impact=45s, flight=讀取正常 fails=1 impact=38s  alive=FE 3/3 (master doris-2) BE 3/3 replicas {'OK': 12} rows=10184 via doris-1  healthy=True
16:37:55 === [be-crash] BE crash（systemd 自動拉起）  steps=['--target be --mode crash --on follower']
16:37:55 $ /home/yugachang/workspace/doris-poc/demo.sh monitor --fresh
16:38:01   wait 30s (baseline)
16:38:31 $ /home/yugachang/workspace/doris-poc/demo.sh break --target be --mode crash --on follower
16:38:51   wait 90s (observe)
16:40:21 $ /home/yugachang/workspace/doris-poc/demo.sh measure --json
16:40:26   during: mysql=讀寫正常 (0s), jdbc=讀寫正常 (0s), flight=讀取正常 (0s)  alive=FE 3/3 (master doris-2) BE 3/3 replicas {'OK': 12} rows=10185 via doris-1
16:40:26 $ /home/yugachang/workspace/doris-poc/demo.sh restore
16:40:33   wait 25s (settle)
16:40:58 $ /home/yugachang/workspace/doris-poc/demo.sh measure --json
16:41:04   after:  mysql=讀寫正常 fails=0 impact=0s, jdbc=讀寫正常 fails=0 impact=0s, flight=讀取正常 fails=0 impact=0s  alive=FE 3/3 (master doris-2) BE 3/3 replicas {'OK': 12} rows=10185 via doris-1  healthy=True
16:41:04 === [be-dead] BE dead  steps=['--target be --mode dead --on follower']
16:41:04 $ /home/yugachang/workspace/doris-poc/demo.sh monitor --fresh
16:41:10   wait 30s (baseline)
16:41:40 $ /home/yugachang/workspace/doris-poc/demo.sh break --target be --mode dead --on follower
16:41:47   wait 90s (observe)
16:43:17 $ /home/yugachang/workspace/doris-poc/demo.sh measure --json
16:43:22   during: mysql=讀寫正常 (0s), jdbc=讀寫正常 (3s), flight=讀取正常 (1s)  alive=FE 3/3 (master doris-2) BE 2/3 replicas {'DEAD': 4, 'OK': 8} rows=10186 via doris-1
16:43:22 $ /home/yugachang/workspace/doris-poc/demo.sh restore
16:44:01   wait 25s (settle)
16:44:26 $ /home/yugachang/workspace/doris-poc/demo.sh measure --json
16:44:43   after:  mysql=讀寫正常 fails=1 impact=0s, jdbc=讀寫正常 fails=1 impact=3s, flight=讀取正常 fails=1 impact=1s  alive=FE 3/3 (master doris-2) BE 3/3 replicas {'OK': 12} rows=10185 via doris-1  healthy=True
16:44:43 === [be-hang] BE hang（kill -STOP）  steps=['--target be --mode hang --on follower']
16:44:43 $ /home/yugachang/workspace/doris-poc/demo.sh monitor --fresh
16:44:51   wait 30s (baseline)
16:45:21 $ /home/yugachang/workspace/doris-poc/demo.sh break --target be --mode hang --on follower
16:45:25   wait 120s (observe)
16:47:25 $ /home/yugachang/workspace/doris-poc/demo.sh measure --json
16:47:31   during: mysql=讀寫正常 (28s), jdbc=讀寫正常 (27s), flight=讀取正常 (28s)  alive=FE 3/3 (master doris-2) BE 2/3 replicas {'DEAD': 4, 'OK': 8} rows=10186 via doris-1
16:47:31 $ /home/yugachang/workspace/doris-poc/demo.sh restore
16:47:48   wait 25s (settle)
16:48:13 $ /home/yugachang/workspace/doris-poc/demo.sh measure --json
16:48:18   after:  mysql=讀寫正常 fails=3 impact=28s, jdbc=讀寫正常 fails=4 impact=27s, flight=讀取正常 fails=3 impact=28s  alive=FE 3/3 (master doris-2) BE 3/3 replicas {'OK': 12} rows=10186 via doris-1  healthy=True
16:48:18 === [double-vm-fe-dead] VM 停 + 另一台 FE dead（FE 剩 1/3）  steps=['--target vm --on master', '--target fe --mode dead --on follower']
16:48:18 $ /home/yugachang/workspace/doris-poc/demo.sh monitor --fresh
16:48:26   wait 30s (baseline)
16:48:56 $ /home/yugachang/workspace/doris-poc/demo.sh break --target vm --on master
16:49:22   wait 30s (gap between breaks)
16:49:52 $ /home/yugachang/workspace/doris-poc/demo.sh break --target fe --mode dead --on follower
16:49:59   wait 90s (observe)
16:51:29 $ /home/yugachang/workspace/doris-poc/demo.sh measure --json
16:51:37   during: mysql=只讀 (73s), jdbc=只讀 (73s), flight=讀取正常 (121s)  alive=FE 0/3? BE ?/3 (no FE reachable: no FE reachable: (2003, "Can't connect to MySQL server on '34.80.24.53' ([Errno 111] Connection refused)"))
16:51:37 $ /home/yugachang/workspace/doris-poc/demo.sh restore
16:52:29   wait 25s (settle)
16:52:54 $ /home/yugachang/workspace/doris-poc/demo.sh measure --json
16:53:00   after:  mysql=讀寫正常 fails=80 impact=172s, jdbc=讀寫正常 fails=40 impact=179s, flight=讀取正常 fails=40 impact=168s  alive=FE 3/3 (master doris-3) BE 3/3 replicas {'OK': 12} rows=10191 via doris-1  healthy=True
16:53:00 === [double-vm-be-dead] VM 停 + 另一台 BE dead（BE 剩 1/3）  steps=['--target vm --on master', '--target be --mode dead --on follower']
16:53:00 $ /home/yugachang/workspace/doris-poc/demo.sh monitor --fresh
16:53:11   wait 30s (baseline)
16:53:41 $ /home/yugachang/workspace/doris-poc/demo.sh break --target vm --on master
16:54:06   wait 30s (gap between breaks)
16:54:36 $ /home/yugachang/workspace/doris-poc/demo.sh break --target be --mode dead --on follower
16:54:43   wait 90s (observe)
16:56:13 $ /home/yugachang/workspace/doris-poc/demo.sh measure --json
16:56:20   during: mysql=只讀 (26s), jdbc=只讀 (26s), flight=讀取正常 (37s)  alive=FE 2/3 (master doris-2) BE 1/3 replicas {'DEAD': 8, 'OK': 4} rows=10195 via doris-1
16:56:20 $ /home/yugachang/workspace/doris-poc/demo.sh restore
16:56:35 $ /home/yugachang/workspace/doris-poc/venv/bin/python /home/yugachang/workspace/doris-poc/cluster.py wait /home/yugachang/workspace/doris-poc/.state/hosts.tsv 300
17:01:35   cluster NOT healthy (after restore)
17:01:35   restore did not converge — second attempt
17:01:35 $ /home/yugachang/workspace/doris-poc/demo.sh restore
17:01:50 $ /home/yugachang/workspace/doris-poc/venv/bin/python /home/yugachang/workspace/doris-poc/cluster.py wait /home/yugachang/workspace/doris-poc/.state/hosts.tsv 300
17:06:50   cluster NOT healthy (after 2nd restore)
17:06:50   wait 25s (settle)
17:07:15 $ /home/yugachang/workspace/doris-poc/demo.sh measure --json
17:07:21   after:  mysql=讀寫正常 fails=152 impact=28s, jdbc=讀寫正常 fails=161 impact=27s, flight=讀取正常 fails=90 impact=95s  alive=FE 2/3 (master doris-2) BE 2/3 replicas {'OK': 8, 'DEAD': 4} rows=10197 via doris-1  healthy=False
17:07:21 === [double-two-vms] 兩台 VM 停（FE 1/3、BE 1/3）  steps=['--target vm --on master', '--target vm --on follower']
17:07:21 $ /home/yugachang/workspace/doris-poc/demo.sh monitor --fresh
17:07:27   wait 30s (baseline)
17:09:13 ##### pass 1 start: 3 scenario(s) ['double-vm-be-dead', 'double-two-vms', 'double-crossed']
17:09:13 $ /home/yugachang/workspace/doris-poc/venv/bin/python /home/yugachang/workspace/doris-poc/cluster.py wait /home/yugachang/workspace/doris-poc/.state/hosts.tsv 300
17:09:13   cluster healthy (before pass)
17:09:13 === [double-vm-be-dead] VM 停 + 另一台 BE dead（BE 剩 1/3）  steps=['--target vm --on master', '--target be --mode dead --on follower']
17:09:13 $ /home/yugachang/workspace/doris-poc/demo.sh monitor --fresh
17:09:23   wait 30s (baseline)
17:09:53 $ /home/yugachang/workspace/doris-poc/demo.sh break --target vm --on master
17:10:25   wait 30s (gap between breaks)
17:10:55 $ /home/yugachang/workspace/doris-poc/demo.sh break --target be --mode dead --on follower
17:11:02   wait 90s (observe)
17:12:32 $ /home/yugachang/workspace/doris-poc/demo.sh measure --json
17:12:38   during: mysql=只讀 (23s), jdbc=只讀 (19s), flight=讀取正常 (32s)  alive=FE 2/3 (master doris-3) BE 1/3 replicas {'DEAD': 8, 'OK': 4} rows=10199 via doris-1
17:12:38 $ /home/yugachang/workspace/doris-poc/demo.sh restore
17:13:43   wait 25s (settle)
17:14:08 $ /home/yugachang/workspace/doris-poc/demo.sh measure --json
17:14:14   after:  mysql=讀寫正常 fails=132 impact=24s, jdbc=讀寫正常 fails=136 impact=20s, flight=讀取正常 fails=61 impact=65s  alive=FE 3/3 (master doris-3) BE 3/3 replicas {'OK': 12} rows=10199 via doris-1  healthy=True
17:14:14 === [double-two-vms] 兩台 VM 停（FE 1/3、BE 1/3）  steps=['--target vm --on master', '--target vm --on follower']
17:14:14 $ /home/yugachang/workspace/doris-poc/demo.sh monitor --fresh
17:14:20   wait 30s (baseline)
17:14:50 $ /home/yugachang/workspace/doris-poc/demo.sh break --target vm --on master
17:15:17   wait 30s (gap between breaks)
17:15:47 $ /home/yugachang/workspace/doris-poc/demo.sh break --target vm --on follower
17:16:16   wait 90s (observe)
17:17:46 $ /home/yugachang/workspace/doris-poc/demo.sh measure --json
17:18:02   during: mysql=讀寫正常 (141s), jdbc=讀寫正常 (144s), flight=讀取正常 (127s)  alive=FE 1/3 (master doris-2) BE 1/3 replicas n/a rows=None via doris-2
17:18:02 $ /home/yugachang/workspace/doris-poc/demo.sh restore
17:18:22 $ /home/yugachang/workspace/doris-poc/venv/bin/python /home/yugachang/workspace/doris-poc/cluster.py wait /home/yugachang/workspace/doris-poc/.state/hosts.tsv 300
17:23:28   cluster NOT healthy (after restore)
17:23:28   restore did not converge — second attempt
17:23:28 $ /home/yugachang/workspace/doris-poc/demo.sh restore
17:23:44 $ /home/yugachang/workspace/doris-poc/venv/bin/python /home/yugachang/workspace/doris-poc/cluster.py wait /home/yugachang/workspace/doris-poc/.state/hosts.tsv 300
17:49:47 ##### pass 1 start: 2 scenario(s) ['double-two-vms', 'double-crossed']
17:49:47 $ /home/yugachang/workspace/doris-poc/venv/bin/python /home/yugachang/workspace/doris-poc/cluster.py wait /home/yugachang/workspace/doris-poc/.state/hosts.tsv 300
17:49:47   cluster healthy (before pass)
17:49:47 === [double-two-vms] 兩台 VM 停（FE 1/3、BE 1/3）  steps=['--target vm --on master', '--target vm --on follower']
17:49:47 $ /home/yugachang/workspace/doris-poc/demo.sh monitor --fresh
17:49:52   wait 30s (baseline)
17:50:22 $ /home/yugachang/workspace/doris-poc/demo.sh break --target vm --on master
17:50:49   wait 30s (gap between breaks)
17:51:19 $ /home/yugachang/workspace/doris-poc/demo.sh break --target vm --on follower
17:51:44   wait 90s (observe)
17:53:14 $ /home/yugachang/workspace/doris-poc/demo.sh measure --json
17:53:33   during: mysql=讀寫正常 (106s), jdbc=讀寫正常 (88s), flight=讀取正常 (95s)  alive=alive check failed: OperationalError: (2013, 'Lost connection to MySQL server during query (timed out)')
17:53:33 $ /home/yugachang/workspace/doris-poc/demo.sh restore
17:54:44   wait 25s (settle)
17:55:09 $ /home/yugachang/workspace/doris-poc/demo.sh measure --json
17:55:14   after:  mysql=讀寫正常 fails=32 impact=181s, jdbc=讀寫正常 fails=8 impact=180s, flight=讀取正常 fails=14 impact=182s  alive=FE 3/3 (master doris-3) BE 3/3 replicas {'OK': 12} rows=10204 via doris-1  healthy=True
17:55:14 === [double-crossed] 交錯故障（一台 VM 停、一台 BE dead、一台 FE dead）  steps=['--target vm --on doris-1', '--target be --mode dead --on doris-2', '--target fe --mode dead --on doris-3']
17:55:14 $ /home/yugachang/workspace/doris-poc/demo.sh monitor --fresh
17:55:20   wait 30s (baseline)
17:55:50 $ /home/yugachang/workspace/doris-poc/demo.sh break --target vm --on doris-1
17:56:16   wait 30s (gap between breaks)
17:56:46 $ /home/yugachang/workspace/doris-poc/demo.sh break --target be --mode dead --on doris-2
17:56:56   wait 30s (gap between breaks)
17:57:26 $ /home/yugachang/workspace/doris-poc/demo.sh break --target fe --mode dead --on doris-3
17:57:35   wait 90s (observe)
17:59:05 $ /home/yugachang/workspace/doris-poc/demo.sh measure --json
17:59:13   during: mysql=只讀 (89s), jdbc=只讀 (44s), flight=讀取正常 (157s)  alive=alive check failed: OperationalError: (1105, 'Exception, msg: Failed to get master client.')
17:59:13 $ /home/yugachang/workspace/doris-poc/demo.sh restore
18:00:39   wait 25s (settle)
18:01:04 $ /home/yugachang/workspace/doris-poc/demo.sh measure --json
18:01:10   after:  mysql=讀寫正常 fails=62 impact=132s, jdbc=讀寫正常 fails=88 impact=211s, flight=讀取正常 fails=27 impact=229s  alive=FE 3/3 (master doris-3) BE 3/3 replicas {'OK': 12} rows=10208 via doris-1  healthy=True
18:01:10 $ /home/yugachang/workspace/doris-poc/demo.sh measure
18:01:15 $ /home/yugachang/workspace/doris-poc/demo.sh stop
18:02:07 ##### pass 1 done: 2/2 scenarios
