19:28:30 PROBE start proto=arrow-flight hosts=doris-1,doris-2,doris-3 duration=86400s cycle=INSERT>UPSERT>SELECT>DELETE>SELECT
19:28:30 connected to doris-1 (10.140.0.2)
19:28:30 DML unsupported over arrow-flight (InternalError: RuntimeException, msg: getMysqlChannel not in mysql connection (Internal; ExecuteQuery)) — switching to SELECT-only mode
19:28:30 #1 OK SELECT id=3717100 via doris-1 rows=10258 [doris-1:f:up doris-2:f:up doris-3:M:up]
19:28:31 #2 OK SELECT id=3717100 via doris-1 rows=10259 [doris-1:f:up doris-2:f:up doris-3:M:up]
19:28:32 #3 OK SELECT id=3717100 via doris-1 rows=10259 [doris-1:f:up doris-2:f:up doris-3:M:up]
19:28:33 #4 OK SELECT id=3717100 via doris-1 rows=10258 [doris-1:f:up doris-2:f:up doris-3:M:up]
19:28:34 #5 OK SELECT id=3717100 via doris-1 rows=10257 [doris-1:f:up doris-2:f:up doris-3:M:up]
19:28:35 #6 OK SELECT id=3717100 via doris-1 rows=10258 [doris-1:f:up doris-2:f:up doris-3:M:up]
19:28:36 #7 OK SELECT id=3717100 via doris-1 rows=10259 [doris-1:f:up doris-2:f:up doris-3:M:up]
19:28:37 #8 OK SELECT id=3717100 via doris-1 rows=10259 [doris-1:f:up doris-2:f:up doris-3:M:up]
19:28:38 #9 OK SELECT id=3717100 via doris-1 rows=10258 [doris-1:f:up doris-2:f:up doris-3:M:up]
19:28:39 #10 OK SELECT id=3717100 via doris-1 rows=10257 [doris-1:f:up doris-2:f:up doris-3:M:up]
19:28:40 #11 OK SELECT id=3717100 via doris-1 rows=10258 [doris-1:f:up doris-2:f:up doris-3:M:up]
19:28:41 #12 OK SELECT id=3717100 via doris-1 rows=10259 [doris-1:f:up doris-2:f:up doris-3:M:up]
19:28:42 #13 OK SELECT id=3717100 via doris-1 rows=10259 [doris-1:f:up doris-2:f:up doris-3:M:up]
19:28:43 #14 OK SELECT id=3717100 via doris-1 rows=10259 [doris-1:f:up doris-2:f:up doris-3:M:up]
19:28:44 #15 OK SELECT id=3717100 via doris-1 rows=10257 [doris-1:f:up doris-2:f:up doris-3:M:up]
19:28:45 #16 OK SELECT id=3717100 via doris-1 rows=10257 [doris-1:f:up doris-2:f:up doris-3:M:up]
19:28:46 #17 OK SELECT id=3717100 via doris-1 rows=10259 [doris-1:f:up doris-2:f:up doris-3:M:up]
19:28:48 #18 OK SELECT id=3717100 via doris-1 rows=10259 [doris-1:f:up doris-2:f:up doris-3:M:up]
19:28:49 #19 OK SELECT id=3717100 via doris-1 rows=10259 [doris-1:f:up doris-2:f:up doris-3:M:up]
19:28:50 #20 OK SELECT id=3717100 via doris-1 rows=10257 [doris-1:f:up doris-2:f:up doris-3:M:up]
19:28:51 #21 OK SELECT id=3717100 via doris-1 rows=10257 [doris-1:f:up doris-2:f:up doris-3:M:up]
19:28:52 #22 OK SELECT id=3717100 via doris-1 rows=10259 [doris-1:f:up doris-2:f:up doris-3:M:up]
19:28:53 #23 OK SELECT id=3717100 via doris-1 rows=10259 [doris-1:f:up doris-2:f:up doris-3:M:up]
19:28:54 #24 OK SELECT id=3717100 via doris-1 rows=10259 [doris-1:f:up doris-2:f:up doris-3:M:up]
19:28:55 #25 OK SELECT id=3717100 via doris-1 rows=10257 [doris-1:f:up doris-2:f:up doris-3:M:up]
19:28:56 #26 OK SELECT id=3717100 via doris-1 rows=10257 [doris-1:f:up doris-2:f:up doris-3:M:up]
19:28:57 #27 OK SELECT id=3717100 via doris-1 rows=10259 [doris-1:f:up doris-2:f:up doris-3:M:up]
19:28:58 #28 OK SELECT id=3717100 via doris-1 rows=10259 [doris-1:f:up doris-2:f:up doris-3:M:up]
19:28:59 #29 OK SELECT id=3717100 via doris-1 rows=10259 [doris-1:f:up doris-2:f:up doris-3:M:up]
19:29:00 #30 OK SELECT id=3717100 via doris-1 rows=10257 [doris-1:f:up doris-2:f:up doris-3:M:up]
19:29:01 #31 OK SELECT id=3717100 via doris-1 rows=10257 [doris-1:f:up doris-2:f:up doris-3:M:up]
19:29:02 #32 OK SELECT id=3717100 via doris-1 rows=10259 [doris-1:f:up doris-2:f:up doris-3:M:up]
19:29:03 #33 OK SELECT id=3717100 via doris-1 rows=10259 [doris-1:f:up doris-2:f:up doris-3:M:up]
19:29:03 EVENT break: fe crash on doris-1 (FE follower)
19:29:04 #34 OK SELECT id=3717100 via doris-1 rows=10259 [doris-1:f:up doris-2:f:up doris-3:M:up]
19:29:05 #35 FAIL SELECT id=3717100 via doris-1: OperationalError: IO: [FlightSQL] connection error: desc = "transport: Error while dialing: dial tcp 10.140.0.2:8070: connect: c
19:29:08 connected to doris-2 (10.140.0.3)
19:29:10 #36 OK SELECT id=3717100 via doris-2 rows=10258 [doris-1:f:up doris-2:f:up doris-3:M:up] (recovered)
19:29:11 #37 OK SELECT id=3717100 via doris-2 rows=10259 [doris-1:f:up doris-2:f:up doris-3:M:up]
19:29:12 #38 OK SELECT id=3717100 via doris-2 rows=10259 [doris-1:f:DOWN doris-2:f:up doris-3:M:up]
19:29:13 #39 OK SELECT id=3717100 via doris-2 rows=10258 [doris-1:f:DOWN doris-2:f:up doris-3:M:up]
19:29:14 #40 OK SELECT id=3717100 via doris-2 rows=10257 [doris-1:f:DOWN doris-2:f:up doris-3:M:up]
19:29:16 #41 OK SELECT id=3717100 via doris-2 rows=10258 [doris-1:f:DOWN doris-2:f:up doris-3:M:up]
19:29:17 #42 OK SELECT id=3717100 via doris-2 rows=10259 [doris-1:f:DOWN doris-2:f:up doris-3:M:up]
19:29:18 #43 OK SELECT id=3717100 via doris-2 rows=10259 [doris-1:f:DOWN doris-2:f:up doris-3:M:up]
19:29:19 #44 OK SELECT id=3717100 via doris-2 rows=10258 [doris-1:f:DOWN doris-2:f:up doris-3:M:up]
19:29:20 #45 OK SELECT id=3717100 via doris-2 rows=10257 [doris-1:f:DOWN doris-2:f:up doris-3:M:up]
19:29:21 EVENT recovered: fe restarted by systemd on doris-1 (+9s)
19:29:21 #46 OK SELECT id=3717100 via doris-2 rows=10258 [doris-1:f:DOWN doris-2:f:up doris-3:M:up]
19:29:22 #47 OK SELECT id=3717100 via doris-2 rows=10259 [doris-1:f:DOWN doris-2:f:up doris-3:M:up]
19:29:23 #48 OK SELECT id=3717100 via doris-2 rows=10259 [doris-1:f:DOWN doris-2:f:up doris-3:M:up]
19:29:25 #49 OK SELECT id=3717100 via doris-2 rows=10258 [doris-1:f:DOWN doris-2:f:up doris-3:M:up]
19:29:26 #50 OK SELECT id=3717100 via doris-2 rows=10257 [doris-1:f:DOWN doris-2:f:up doris-3:M:up]
19:29:27 #51 OK SELECT id=3717100 via doris-2 rows=10259 [doris-1:f:DOWN doris-2:f:up doris-3:M:up]
19:29:28 #52 OK SELECT id=3717100 via doris-2 rows=10259 [doris-1:f:DOWN doris-2:f:up doris-3:M:up]
19:29:29 #53 OK SELECT id=3717100 via doris-2 rows=10259 [doris-1:f:DOWN doris-2:f:up doris-3:M:up]
19:29:30 #54 OK SELECT id=3717100 via doris-2 rows=10258 [doris-1:f:DOWN doris-2:f:up doris-3:M:up]
19:29:31 #55 OK SELECT id=3717100 via doris-2 rows=10258 [doris-1:f:up doris-2:f:up doris-3:M:up]
19:29:32 #56 OK SELECT id=3717100 via doris-2 rows=10259 [doris-1:f:up doris-2:f:up doris-3:M:up]
19:29:33 #57 OK SELECT id=3717100 via doris-2 rows=10258 [doris-1:f:up doris-2:f:up doris-3:M:up]
19:29:34 #58 OK SELECT id=3717100 via doris-2 rows=10258 [doris-1:f:up doris-2:f:up doris-3:M:up]
19:29:36 #59 OK SELECT id=3717100 via doris-2 rows=10258 [doris-1:f:up doris-2:f:up doris-3:M:up]
19:29:37 #60 OK SELECT id=3717100 via doris-2 rows=10258 [doris-1:f:up doris-2:f:up doris-3:M:up]
19:29:38 #61 OK SELECT id=3717100 via doris-2 rows=10259 [doris-1:f:up doris-2:f:up doris-3:M:up]
19:29:39 #62 OK SELECT id=3717100 via doris-2 rows=10258 [doris-1:f:up doris-2:f:up doris-3:M:up]
19:29:40 #63 OK SELECT id=3717100 via doris-2 rows=10258 [doris-1:f:up doris-2:f:up doris-3:M:up]
19:29:41 #64 OK SELECT id=3717100 via doris-2 rows=10258 [doris-1:f:up doris-2:f:up doris-3:M:up]
19:29:42 #65 OK SELECT id=3717100 via doris-2 rows=10258 [doris-1:f:up doris-2:f:up doris-3:M:up]
19:29:43 #66 OK SELECT id=3717100 via doris-2 rows=10259 [doris-1:f:up doris-2:f:up doris-3:M:up]
19:29:44 #67 OK SELECT id=3717100 via doris-2 rows=10258 [doris-1:f:up doris-2:f:up doris-3:M:up]
19:29:45 #68 OK SELECT id=3717100 via doris-2 rows=10258 [doris-1:f:up doris-2:f:up doris-3:M:up]
19:29:46 #69 OK SELECT id=3717100 via doris-2 rows=10258 [doris-1:f:up doris-2:f:up doris-3:M:up]
19:29:48 #70 OK SELECT id=3717100 via doris-2 rows=10258 [doris-1:f:up doris-2:f:up doris-3:M:up]
19:29:49 #71 OK SELECT id=3717100 via doris-2 rows=10259 [doris-1:f:up doris-2:f:up doris-3:M:up]
19:29:50 #72 OK SELECT id=3717100 via doris-2 rows=10258 [doris-1:f:up doris-2:f:up doris-3:M:up]
19:29:51 #73 OK SELECT id=3717100 via doris-2 rows=10258 [doris-1:f:up doris-2:f:up doris-3:M:up]
19:29:52 #74 OK SELECT id=3717100 via doris-2 rows=10258 [doris-1:f:up doris-2:f:up doris-3:M:up]
19:29:53 #75 OK SELECT id=3717100 via doris-2 rows=10259 [doris-1:f:up doris-2:f:up doris-3:M:up]
19:29:54 #76 OK SELECT id=3717100 via doris-2 rows=10259 [doris-1:f:up doris-2:f:up doris-3:M:up]
19:29:55 #77 OK SELECT id=3717100 via doris-2 rows=10258 [doris-1:f:up doris-2:f:up doris-3:M:up]
19:29:56 #78 OK SELECT id=3717100 via doris-2 rows=10257 [doris-1:f:up doris-2:f:up doris-3:M:up]
19:29:57 #79 OK SELECT id=3717100 via doris-2 rows=10258 [doris-1:f:up doris-2:f:up doris-3:M:up]
19:29:59 #80 OK SELECT id=3717100 via doris-2 rows=10259 [doris-1:f:up doris-2:f:up doris-3:M:up]
19:30:00 #81 OK SELECT id=3717100 via doris-2 rows=10259 [doris-1:f:up doris-2:f:up doris-3:M:up]
19:30:01 #82 OK SELECT id=3717100 via doris-2 rows=10258 [doris-1:f:up doris-2:f:up doris-3:M:up]
19:30:02 #83 OK SELECT id=3717100 via doris-2 rows=10257 [doris-1:f:up doris-2:f:up doris-3:M:up]
19:30:03 #84 OK SELECT id=3717100 via doris-2 rows=10258 [doris-1:f:up doris-2:f:up doris-3:M:up]
19:30:04 #85 OK SELECT id=3717100 via doris-2 rows=10259 [doris-1:f:up doris-2:f:up doris-3:M:up]
19:30:05 #86 OK SELECT id=3717100 via doris-2 rows=10259 [doris-1:f:up doris-2:f:up doris-3:M:up]
19:30:06 #87 OK SELECT id=3717100 via doris-2 rows=10258 [doris-1:f:up doris-2:f:up doris-3:M:up]
19:30:07 #88 OK SELECT id=3717100 via doris-2 rows=10257 [doris-1:f:up doris-2:f:up doris-3:M:up]
19:30:08 #89 OK SELECT id=3717100 via doris-2 rows=10258 [doris-1:f:up doris-2:f:up doris-3:M:up]
19:30:09 #90 OK SELECT id=3717100 via doris-2 rows=10259 [doris-1:f:up doris-2:f:up doris-3:M:up]
19:30:11 #91 OK SELECT id=3717100 via doris-2 rows=10259 [doris-1:f:up doris-2:f:up doris-3:M:up]
19:30:12 #92 OK SELECT id=3717100 via doris-2 rows=10258 [doris-1:f:up doris-2:f:up doris-3:M:up]
19:30:13 #93 OK SELECT id=3717100 via doris-2 rows=10257 [doris-1:f:up doris-2:f:up doris-3:M:up]
19:30:14 #94 OK SELECT id=3717100 via doris-2 rows=10258 [doris-1:f:up doris-2:f:up doris-3:M:up]
19:30:15 #95 OK SELECT id=3717100 via doris-2 rows=10259 [doris-1:f:up doris-2:f:up doris-3:M:up]
19:30:16 #96 OK SELECT id=3717100 via doris-2 rows=10259 [doris-1:f:up doris-2:f:up doris-3:M:up]
19:30:17 #97 OK SELECT id=3717100 via doris-2 rows=10258 [doris-1:f:up doris-2:f:up doris-3:M:up]
19:30:18 #98 OK SELECT id=3717100 via doris-2 rows=10257 [doris-1:f:up doris-2:f:up doris-3:M:up]
19:30:19 #99 OK SELECT id=3717100 via doris-2 rows=10258 [doris-1:f:up doris-2:f:up doris-3:M:up]
19:30:20 #100 OK SELECT id=3717100 via doris-2 rows=10259 [doris-1:f:up doris-2:f:up doris-3:M:up]
19:30:21 #101 OK SELECT id=3717100 via doris-2 rows=10259 [doris-1:f:up doris-2:f:up doris-3:M:up]
19:30:23 #102 OK SELECT id=3717100 via doris-2 rows=10258 [doris-1:f:up doris-2:f:up doris-3:M:up]
19:30:24 #103 OK SELECT id=3717100 via doris-2 rows=10257 [doris-1:f:up doris-2:f:up doris-3:M:up]
19:30:25 #104 OK SELECT id=3717100 via doris-2 rows=10258 [doris-1:f:up doris-2:f:up doris-3:M:up]
19:30:26 #105 OK SELECT id=3717100 via doris-2 rows=10259 [doris-1:f:up doris-2:f:up doris-3:M:up]
19:30:27 #106 OK SELECT id=3717100 via doris-2 rows=10259 [doris-1:f:up doris-2:f:up doris-3:M:up]
19:30:28 #107 OK SELECT id=3717100 via doris-2 rows=10258 [doris-1:f:up doris-2:f:up doris-3:M:up]
19:30:29 #108 OK SELECT id=3717100 via doris-2 rows=10258 [doris-1:f:up doris-2:f:up doris-3:M:up]
19:30:30 #109 OK SELECT id=3717100 via doris-2 rows=10258 [doris-1:f:up doris-2:f:up doris-3:M:up]
19:30:31 #110 OK SELECT id=3717100 via doris-2 rows=10259 [doris-1:f:up doris-2:f:up doris-3:M:up]
19:30:32 #111 OK SELECT id=3717100 via doris-2 rows=10258 [doris-1:f:up doris-2:f:up doris-3:M:up]
19:30:33 #112 OK SELECT id=3717100 via doris-2 rows=10258 [doris-1:f:up doris-2:f:up doris-3:M:up]
19:30:34 #113 OK SELECT id=3717100 via doris-2 rows=10258 [doris-1:f:up doris-2:f:up doris-3:M:up]
19:30:35 #114 OK SELECT id=3717100 via doris-2 rows=10258 [doris-1:f:up doris-2:f:up doris-3:M:up]
19:30:37 #115 OK SELECT id=3717100 via doris-2 rows=10259 [doris-1:f:up doris-2:f:up doris-3:M:up]
19:30:38 #116 OK SELECT id=3717100 via doris-2 rows=10258 [doris-1:f:up doris-2:f:up doris-3:M:up]
19:30:39 #117 OK SELECT id=3717100 via doris-2 rows=10258 [doris-1:f:up doris-2:f:up doris-3:M:up]
19:30:40 #118 OK SELECT id=3717100 via doris-2 rows=10258 [doris-1:f:up doris-2:f:up doris-3:M:up]
19:30:41 #119 OK SELECT id=3717100 via doris-2 rows=10258 [doris-1:f:up doris-2:f:up doris-3:M:up]
19:30:42 #120 OK SELECT id=3717100 via doris-2 rows=10259 [doris-1:f:up doris-2:f:up doris-3:M:up]
19:30:43 #121 OK SELECT id=3717100 via doris-2 rows=10258 [doris-1:f:up doris-2:f:up doris-3:M:up]
19:30:44 #122 OK SELECT id=3717100 via doris-2 rows=10258 [doris-1:f:up doris-2:f:up doris-3:M:up]
19:30:45 #123 OK SELECT id=3717100 via doris-2 rows=10258 [doris-1:f:up doris-2:f:up doris-3:M:up]
19:30:46 #124 OK SELECT id=3717100 via doris-2 rows=10258 [doris-1:f:up doris-2:f:up doris-3:M:up]
19:30:47 #125 OK SELECT id=3717100 via doris-2 rows=10259 [doris-1:f:up doris-2:f:up doris-3:M:up]
19:30:48 #126 OK SELECT id=3717100 via doris-2 rows=10258 [doris-1:f:up doris-2:f:up doris-3:M:up]
19:30:49 #127 OK SELECT id=3717100 via doris-2 rows=10258 [doris-1:f:up doris-2:f:up doris-3:M:up]
19:30:51 #128 OK SELECT id=3717100 via doris-2 rows=10258 [doris-1:f:up doris-2:f:up doris-3:M:up]
19:30:52 #129 OK SELECT id=3717100 via doris-2 rows=10258 [doris-1:f:up doris-2:f:up doris-3:M:up]
19:30:53 #130 OK SELECT id=3717100 via doris-2 rows=10259 [doris-1:f:up doris-2:f:up doris-3:M:up]
19:30:54 #131 OK SELECT id=3717100 via doris-2 rows=10258 [doris-1:f:up doris-2:f:up doris-3:M:up]
19:30:55 #132 OK SELECT id=3717100 via doris-2 rows=10258 [doris-1:f:up doris-2:f:up doris-3:M:up]
19:30:56 #133 OK SELECT id=3717100 via doris-2 rows=10258 [doris-1:f:up doris-2:f:up doris-3:M:up]
19:30:57 #134 OK SELECT id=3717100 via doris-2 rows=10258 [doris-1:f:up doris-2:f:up doris-3:M:up]
19:30:58 #135 OK SELECT id=3717100 via doris-2 rows=10259 [doris-1:f:up doris-2:f:up doris-3:M:up]
19:30:58 EVENT restore: verify fe on doris-1
19:30:59 #136 OK SELECT id=3717100 via doris-2 rows=10258 [doris-1:f:up doris-2:f:up doris-3:M:up]
19:31:00 #137 OK SELECT id=3717100 via doris-2 rows=10258 [doris-1:f:up doris-2:f:up doris-3:M:up]
19:31:01 #138 OK SELECT id=3717100 via doris-2 rows=10258 [doris-1:f:up doris-2:f:up doris-3:M:up]
19:31:02 #139 OK SELECT id=3717100 via doris-2 rows=10258 [doris-1:f:up doris-2:f:up doris-3:M:up]
19:31:03 #140 OK SELECT id=3717100 via doris-2 rows=10259 [doris-1:f:up doris-2:f:up doris-3:M:up]
19:31:05 #141 OK SELECT id=3717100 via doris-2 rows=10258 [doris-1:f:up doris-2:f:up doris-3:M:up]
19:31:06 #142 OK SELECT id=3717100 via doris-2 rows=10258 [doris-1:f:up doris-2:f:up doris-3:M:up]
19:31:06 EVENT restore: cluster healthy
19:31:07 #143 OK SELECT id=3717100 via doris-2 rows=10258 [doris-1:f:up doris-2:f:up doris-3:M:up]
19:31:08 #144 OK SELECT id=3717100 via doris-2 rows=10258 [doris-1:f:up doris-2:f:up doris-3:M:up]
19:31:09 #145 OK SELECT id=3717100 via doris-2 rows=10259 [doris-1:f:up doris-2:f:up doris-3:M:up]
19:31:10 #146 OK SELECT id=3717100 via doris-2 rows=10258 [doris-1:f:up doris-2:f:up doris-3:M:up]
19:31:11 #147 OK SELECT id=3717100 via doris-2 rows=10258 [doris-1:f:up doris-2:f:up doris-3:M:up]
19:31:12 #148 OK SELECT id=3717100 via doris-2 rows=10258 [doris-1:f:up doris-2:f:up doris-3:M:up]
19:31:13 #149 OK SELECT id=3717100 via doris-2 rows=10258 [doris-1:f:up doris-2:f:up doris-3:M:up]
19:31:14 #150 OK SELECT id=3717100 via doris-2 rows=10259 [doris-1:f:up doris-2:f:up doris-3:M:up]
19:31:15 #151 OK SELECT id=3717100 via doris-2 rows=10258 [doris-1:f:up doris-2:f:up doris-3:M:up]
19:31:16 #152 OK SELECT id=3717100 via doris-2 rows=10258 [doris-1:f:up doris-2:f:up doris-3:M:up]
19:31:17 #153 OK SELECT id=3717100 via doris-2 rows=10258 [doris-1:f:up doris-2:f:up doris-3:M:up]
19:31:19 #154 OK SELECT id=3717100 via doris-2 rows=10258 [doris-1:f:up doris-2:f:up doris-3:M:up]
19:31:20 #155 OK SELECT id=3717100 via doris-2 rows=10259 [doris-1:f:up doris-2:f:up doris-3:M:up]
19:31:21 #156 OK SELECT id=3717100 via doris-2 rows=10258 [doris-1:f:up doris-2:f:up doris-3:M:up]
19:31:22 #157 OK SELECT id=3717100 via doris-2 rows=10258 [doris-1:f:up doris-2:f:up doris-3:M:up]
19:31:23 #158 OK SELECT id=3717100 via doris-2 rows=10258 [doris-1:f:up doris-2:f:up doris-3:M:up]
19:31:24 #159 OK SELECT id=3717100 via doris-2 rows=10258 [doris-1:f:up doris-2:f:up doris-3:M:up]
19:31:25 #160 OK SELECT id=3717100 via doris-2 rows=10259 [doris-1:f:up doris-2:f:up doris-3:M:up]
19:31:26 #161 OK SELECT id=3717100 via doris-2 rows=10258 [doris-1:f:up doris-2:f:up doris-3:M:up]
19:31:27 #162 OK SELECT id=3717100 via doris-2 rows=10258 [doris-1:f:up doris-2:f:up doris-3:M:up]
19:31:28 #163 OK SELECT id=3717100 via doris-2 rows=10258 [doris-1:f:up doris-2:f:up doris-3:M:up]
19:31:29 #164 OK SELECT id=3717100 via doris-2 rows=10258 [doris-1:f:up doris-2:f:up doris-3:M:up]
19:31:30 #165 OK SELECT id=3717100 via doris-2 rows=10259 [doris-1:f:up doris-2:f:up doris-3:M:up]
19:31:31 #166 OK SELECT id=3717100 via doris-2 rows=10258 [doris-1:f:up doris-2:f:up doris-3:M:up]
19:31:32 #167 OK SELECT id=3717100 via doris-2 rows=10258 [doris-1:f:up doris-2:f:up doris-3:M:up]
19:31:34 #168 OK SELECT id=3717100 via doris-2 rows=10258 [doris-1:f:up doris-2:f:up doris-3:M:up]
19:31:35 #169 OK SELECT id=3717100 via doris-2 rows=10258 [doris-1:f:up doris-2:f:up doris-3:M:up]
19:31:36 #170 OK SELECT id=3717100 via doris-2 rows=10259 [doris-1:f:up doris-2:f:up doris-3:M:up]
19:31:37 #171 OK SELECT id=3717100 via doris-2 rows=10258 [doris-1:f:up doris-2:f:up doris-3:M:up]
