19:28:30 PROBE start proto=jdbc hosts=doris-1,doris-2,doris-3 duration=86400s cycle=INSERT>UPSERT>SELECT>DELETE>SELECT url=jdbc:mysql://10.140.0.2:9030,10.140.0.3:9030,10.140.0.4:9030/hatest
19:28:30 connected to doris-1 (driver-selected host)
19:28:30 #1 OK INSERT id=2717090 via doris-1 rows=10259 [doris-1:f:up doris-2:f:up doris-3:M:up]
19:28:31 #2 OK UPSERT id=2717090 via doris-1 rows=10259 [doris-1:f:up doris-2:f:up doris-3:M:up]
19:28:32 #3 OK SELECT id=2717090 via doris-1 rows=10259 [doris-1:f:up doris-2:f:up doris-3:M:up]
19:28:33 #4 OK DELETE id=2717090 via doris-1 rows=10257 [doris-1:f:up doris-2:f:up doris-3:M:up]
19:28:34 #5 OK SELECT id=2717090 via doris-1 rows=10257 [doris-1:f:up doris-2:f:up doris-3:M:up]
19:28:35 #6 OK INSERT id=2717091 via doris-1 rows=10259 [doris-1:f:up doris-2:f:up doris-3:M:up]
19:28:37 #7 OK UPSERT id=2717091 via doris-1 rows=10259 [doris-1:f:up doris-2:f:up doris-3:M:up]
19:28:38 #8 OK SELECT id=2717091 via doris-1 rows=10259 [doris-1:f:up doris-2:f:up doris-3:M:up]
19:28:39 #9 OK DELETE id=2717091 via doris-1 rows=10257 [doris-1:f:up doris-2:f:up doris-3:M:up]
19:28:40 #10 OK SELECT id=2717091 via doris-1 rows=10257 [doris-1:f:up doris-2:f:up doris-3:M:up]
19:28:41 #11 OK INSERT id=2717092 via doris-1 rows=10259 [doris-1:f:up doris-2:f:up doris-3:M:up]
19:28:42 #12 OK UPSERT id=2717092 via doris-1 rows=10259 [doris-1:f:up doris-2:f:up doris-3:M:up]
19:28:43 #13 OK SELECT id=2717092 via doris-1 rows=10259 [doris-1:f:up doris-2:f:up doris-3:M:up]
19:28:44 #14 OK DELETE id=2717092 via doris-1 rows=10257 [doris-1:f:up doris-2:f:up doris-3:M:up]
19:28:45 #15 OK SELECT id=2717092 via doris-1 rows=10257 [doris-1:f:up doris-2:f:up doris-3:M:up]
19:28:46 #16 OK INSERT id=2717093 via doris-1 rows=10259 [doris-1:f:up doris-2:f:up doris-3:M:up]
19:28:47 #17 OK UPSERT id=2717093 via doris-1 rows=10259 [doris-1:f:up doris-2:f:up doris-3:M:up]
19:28:48 #18 OK SELECT id=2717093 via doris-1 rows=10259 [doris-1:f:up doris-2:f:up doris-3:M:up]
19:28:49 #19 OK DELETE id=2717093 via doris-1 rows=10257 [doris-1:f:up doris-2:f:up doris-3:M:up]
19:28:50 #20 OK SELECT id=2717093 via doris-1 rows=10257 [doris-1:f:up doris-2:f:up doris-3:M:up]
19:28:51 #21 OK INSERT id=2717094 via doris-1 rows=10259 [doris-1:f:up doris-2:f:up doris-3:M:up]
19:28:52 #22 OK UPSERT id=2717094 via doris-1 rows=10259 [doris-1:f:up doris-2:f:up doris-3:M:up]
19:28:54 #23 OK SELECT id=2717094 via doris-1 rows=10259 [doris-1:f:up doris-2:f:up doris-3:M:up]
19:28:55 #24 OK DELETE id=2717094 via doris-1 rows=10257 [doris-1:f:up doris-2:f:up doris-3:M:up]
19:28:56 #25 OK SELECT id=2717094 via doris-1 rows=10257 [doris-1:f:up doris-2:f:up doris-3:M:up]
19:28:57 #26 OK INSERT id=2717095 via doris-1 rows=10259 [doris-1:f:up doris-2:f:up doris-3:M:up]
19:28:58 #27 OK UPSERT id=2717095 via doris-1 rows=10259 [doris-1:f:up doris-2:f:up doris-3:M:up]
19:28:59 #28 OK SELECT id=2717095 via doris-1 rows=10259 [doris-1:f:up doris-2:f:up doris-3:M:up]
19:29:00 #29 OK DELETE id=2717095 via doris-1 rows=10257 [doris-1:f:up doris-2:f:up doris-3:M:up]
19:29:01 #30 OK SELECT id=2717095 via doris-1 rows=10257 [doris-1:f:up doris-2:f:up doris-3:M:up]
19:29:02 #31 OK INSERT id=2717096 via doris-1 rows=10259 [doris-1:f:up doris-2:f:up doris-3:M:up]
19:29:03 #32 OK UPSERT id=2717096 via doris-1 rows=10259 [doris-1:f:up doris-2:f:up doris-3:M:up]
19:29:03 EVENT break: fe crash on doris-1 (FE follower)
19:29:04 #33 OK SELECT id=2717096 via doris-1 rows=10259 [doris-1:f:up doris-2:f:up doris-3:M:up]
19:29:05 #34 OK DELETE id=2717096 via doris-1 rows=10257 [doris-1:f:up doris-2:f:up doris-3:M:up]
19:29:09 #35 FAIL SELECT id=2717096 via doris-1: CommunicationsException: Communications link failure  The last packet successfully received from the server was 1,018 milliseconds ago.
19:29:10 connected to doris-2 (driver-selected host)
19:29:10 #36 OK INSERT id=2717097 via doris-2 rows=10259 [doris-1:f:up doris-2:f:up doris-3:M:up] (recovered)
19:29:11 #37 OK UPSERT id=2717097 via doris-2 rows=10259 [doris-1:f:DOWN doris-2:f:up doris-3:M:up]
19:29:12 #38 OK SELECT id=2717097 via doris-2 rows=10259 [doris-1:f:DOWN doris-2:f:up doris-3:M:up]
19:29:14 #39 OK DELETE id=2717097 via doris-2 rows=10257 [doris-1:f:DOWN doris-2:f:up doris-3:M:up]
19:29:15 #40 OK SELECT id=2717097 via doris-2 rows=10257 [doris-1:f:DOWN doris-2:f:up doris-3:M:up]
19:29:16 #41 OK INSERT id=2717098 via doris-2 rows=10259 [doris-1:f:DOWN doris-2:f:up doris-3:M:up]
19:29:17 #42 OK UPSERT id=2717098 via doris-2 rows=10259 [doris-1:f:DOWN doris-2:f:up doris-3:M:up]
19:29:18 #43 OK SELECT id=2717098 via doris-2 rows=10259 [doris-1:f:DOWN doris-2:f:up doris-3:M:up]
19:29:19 #44 OK DELETE id=2717098 via doris-2 rows=10257 [doris-1:f:DOWN doris-2:f:up doris-3:M:up]
19:29:20 #45 OK SELECT id=2717098 via doris-2 rows=10257 [doris-1:f:DOWN doris-2:f:up doris-3:M:up]
19:29:21 EVENT recovered: fe restarted by systemd on doris-1 (+9s)
19:29:21 #46 OK INSERT id=2717099 via doris-2 rows=10259 [doris-1:f:DOWN doris-2:f:up doris-3:M:up]
19:29:22 #47 OK UPSERT id=2717099 via doris-2 rows=10259 [doris-1:f:DOWN doris-2:f:up doris-3:M:up]
19:29:23 #48 OK SELECT id=2717099 via doris-2 rows=10259 [doris-1:f:DOWN doris-2:f:up doris-3:M:up]
19:29:25 #49 OK DELETE id=2717099 via doris-2 rows=10257 [doris-1:f:DOWN doris-2:f:up doris-3:M:up]
19:29:26 #50 OK SELECT id=2717099 via doris-2 rows=10257 [doris-1:f:DOWN doris-2:f:up doris-3:M:up]
19:29:27 #51 OK INSERT id=2717100 via doris-2 rows=10259 [doris-1:f:DOWN doris-2:f:up doris-3:M:up]
19:29:30 #52 OK UPSERT id=2717100 via doris-2 rows=10258 [doris-1:f:DOWN doris-2:f:up doris-3:M:up]
19:29:31 #53 OK SELECT id=2717100 via doris-2 rows=10258 [doris-1:f:up doris-2:f:up doris-3:M:up]
19:29:33 #54 OK DELETE id=2717100 via doris-2 rows=10258 [doris-1:f:up doris-2:f:up doris-3:M:up]
19:29:34 #55 OK SELECT id=2717100 via doris-2 rows=10258 [doris-1:f:up doris-2:f:up doris-3:M:up]
19:29:35 #56 OK INSERT id=2717101 via doris-2 rows=10258 [doris-1:f:up doris-2:f:up doris-3:M:up]
19:29:36 #57 OK UPSERT id=2717101 via doris-2 rows=10258 [doris-1:f:up doris-2:f:up doris-3:M:up]
19:29:37 #58 OK SELECT id=2717101 via doris-2 rows=10259 [doris-1:f:up doris-2:f:up doris-3:M:up]
19:29:38 #59 OK DELETE id=2717101 via doris-2 rows=10258 [doris-1:f:up doris-2:f:up doris-3:M:up]
19:29:39 #60 OK SELECT id=2717101 via doris-2 rows=10258 [doris-1:f:up doris-2:f:up doris-3:M:up]
19:29:40 #61 OK INSERT id=2717102 via doris-2 rows=10258 [doris-1:f:up doris-2:f:up doris-3:M:up]
19:29:41 #62 OK UPSERT id=2717102 via doris-2 rows=10258 [doris-1:f:up doris-2:f:up doris-3:M:up]
19:29:42 #63 OK SELECT id=2717102 via doris-2 rows=10259 [doris-1:f:up doris-2:f:up doris-3:M:up]
19:29:44 #64 OK DELETE id=2717102 via doris-2 rows=10258 [doris-1:f:up doris-2:f:up doris-3:M:up]
19:29:45 #65 OK SELECT id=2717102 via doris-2 rows=10258 [doris-1:f:up doris-2:f:up doris-3:M:up]
19:29:46 #66 OK INSERT id=2717103 via doris-2 rows=10258 [doris-1:f:up doris-2:f:up doris-3:M:up]
19:29:47 #67 OK UPSERT id=2717103 via doris-2 rows=10258 [doris-1:f:up doris-2:f:up doris-3:M:up]
19:29:48 #68 OK SELECT id=2717103 via doris-2 rows=10259 [doris-1:f:up doris-2:f:up doris-3:M:up]
19:29:49 #69 OK DELETE id=2717103 via doris-2 rows=10258 [doris-1:f:up doris-2:f:up doris-3:M:up]
19:29:50 #70 OK SELECT id=2717103 via doris-2 rows=10258 [doris-1:f:up doris-2:f:up doris-3:M:up]
19:29:51 #71 OK INSERT id=2717104 via doris-2 rows=10258 [doris-1:f:up doris-2:f:up doris-3:M:up]
19:29:52 #72 OK UPSERT id=2717104 via doris-2 rows=10258 [doris-1:f:up doris-2:f:up doris-3:M:up]
19:29:53 #73 OK SELECT id=2717104 via doris-2 rows=10259 [doris-1:f:up doris-2:f:up doris-3:M:up]
19:29:54 #74 OK DELETE id=2717104 via doris-2 rows=10258 [doris-1:f:up doris-2:f:up doris-3:M:up]
19:29:56 #75 OK SELECT id=2717104 via doris-2 rows=10258 [doris-1:f:up doris-2:f:up doris-3:M:up]
19:29:57 #76 OK INSERT id=2717105 via doris-2 rows=10258 [doris-1:f:up doris-2:f:up doris-3:M:up]
19:29:58 #77 OK UPSERT id=2717105 via doris-2 rows=10258 [doris-1:f:up doris-2:f:up doris-3:M:up]
19:29:59 #78 OK SELECT id=2717105 via doris-2 rows=10259 [doris-1:f:up doris-2:f:up doris-3:M:up]
19:30:00 #79 OK DELETE id=2717105 via doris-2 rows=10258 [doris-1:f:up doris-2:f:up doris-3:M:up]
19:30:01 #80 OK SELECT id=2717105 via doris-2 rows=10258 [doris-1:f:up doris-2:f:up doris-3:M:up]
19:30:02 #81 OK INSERT id=2717106 via doris-2 rows=10258 [doris-1:f:up doris-2:f:up doris-3:M:up]
19:30:03 #82 OK UPSERT id=2717106 via doris-2 rows=10258 [doris-1:f:up doris-2:f:up doris-3:M:up]
19:30:04 #83 OK SELECT id=2717106 via doris-2 rows=10259 [doris-1:f:up doris-2:f:up doris-3:M:up]
19:30:05 #84 OK DELETE id=2717106 via doris-2 rows=10258 [doris-1:f:up doris-2:f:up doris-3:M:up]
19:30:06 #85 OK SELECT id=2717106 via doris-2 rows=10258 [doris-1:f:up doris-2:f:up doris-3:M:up]
19:30:07 #86 OK INSERT id=2717107 via doris-2 rows=10258 [doris-1:f:up doris-2:f:up doris-3:M:up]
19:30:09 #87 OK UPSERT id=2717107 via doris-2 rows=10258 [doris-1:f:up doris-2:f:up doris-3:M:up]
19:30:10 #88 OK SELECT id=2717107 via doris-2 rows=10259 [doris-1:f:up doris-2:f:up doris-3:M:up]
19:30:11 #89 OK DELETE id=2717107 via doris-2 rows=10258 [doris-1:f:up doris-2:f:up doris-3:M:up]
19:30:12 #90 OK SELECT id=2717107 via doris-2 rows=10258 [doris-1:f:up doris-2:f:up doris-3:M:up]
19:30:13 #91 OK INSERT id=2717108 via doris-2 rows=10258 [doris-1:f:up doris-2:f:up doris-3:M:up]
19:30:14 #92 OK UPSERT id=2717108 via doris-2 rows=10258 [doris-1:f:up doris-2:f:up doris-3:M:up]
19:30:15 #93 OK SELECT id=2717108 via doris-2 rows=10259 [doris-1:f:up doris-2:f:up doris-3:M:up]
19:30:16 #94 OK DELETE id=2717108 via doris-2 rows=10258 [doris-1:f:up doris-2:f:up doris-3:M:up]
19:30:17 #95 OK SELECT id=2717108 via doris-2 rows=10258 [doris-1:f:up doris-2:f:up doris-3:M:up]
19:30:18 #96 OK INSERT id=2717109 via doris-2 rows=10258 [doris-1:f:up doris-2:f:up doris-3:M:up]
19:30:19 #97 OK UPSERT id=2717109 via doris-2 rows=10258 [doris-1:f:up doris-2:f:up doris-3:M:up]
19:30:20 #98 OK SELECT id=2717109 via doris-2 rows=10259 [doris-1:f:up doris-2:f:up doris-3:M:up]
19:30:21 #99 OK DELETE id=2717109 via doris-2 rows=10258 [doris-1:f:up doris-2:f:up doris-3:M:up]
19:30:23 #100 OK SELECT id=2717109 via doris-2 rows=10258 [doris-1:f:up doris-2:f:up doris-3:M:up]
19:30:24 #101 OK INSERT id=2717110 via doris-2 rows=10258 [doris-1:f:up doris-2:f:up doris-3:M:up]
19:30:25 #102 OK UPSERT id=2717110 via doris-2 rows=10258 [doris-1:f:up doris-2:f:up doris-3:M:up]
19:30:26 #103 OK SELECT id=2717110 via doris-2 rows=10259 [doris-1:f:up doris-2:f:up doris-3:M:up]
19:30:27 #104 OK DELETE id=2717110 via doris-2 rows=10258 [doris-1:f:up doris-2:f:up doris-3:M:up]
19:30:28 #105 OK SELECT id=2717110 via doris-2 rows=10258 [doris-1:f:up doris-2:f:up doris-3:M:up]
19:30:29 #106 OK INSERT id=2717111 via doris-2 rows=10258 [doris-1:f:up doris-2:f:up doris-3:M:up]
19:30:30 #107 OK UPSERT id=2717111 via doris-2 rows=10258 [doris-1:f:up doris-2:f:up doris-3:M:up]
19:30:31 #108 OK SELECT id=2717111 via doris-2 rows=10259 [doris-1:f:up doris-2:f:up doris-3:M:up]
19:30:32 #109 OK DELETE id=2717111 via doris-2 rows=10258 [doris-1:f:up doris-2:f:up doris-3:M:up]
19:30:33 #110 OK SELECT id=2717111 via doris-2 rows=10258 [doris-1:f:up doris-2:f:up doris-3:M:up]
19:30:34 #111 OK INSERT id=2717112 via doris-2 rows=10258 [doris-1:f:up doris-2:f:up doris-3:M:up]
19:30:35 #112 OK UPSERT id=2717112 via doris-2 rows=10258 [doris-1:f:up doris-2:f:up doris-3:M:up]
19:30:36 #113 OK SELECT id=2717112 via doris-2 rows=10259 [doris-1:f:up doris-2:f:up doris-3:M:up]
19:30:38 #114 OK DELETE id=2717112 via doris-2 rows=10258 [doris-1:f:up doris-2:f:up doris-3:M:up]
19:30:39 #115 OK SELECT id=2717112 via doris-2 rows=10258 [doris-1:f:up doris-2:f:up doris-3:M:up]
19:30:40 #116 OK INSERT id=2717113 via doris-2 rows=10258 [doris-1:f:up doris-2:f:up doris-3:M:up]
19:30:41 #117 OK UPSERT id=2717113 via doris-2 rows=10258 [doris-1:f:up doris-2:f:up doris-3:M:up]
19:30:42 #118 OK SELECT id=2717113 via doris-2 rows=10259 [doris-1:f:up doris-2:f:up doris-3:M:up]
19:30:43 #119 OK DELETE id=2717113 via doris-2 rows=10258 [doris-1:f:up doris-2:f:up doris-3:M:up]
19:30:44 #120 OK SELECT id=2717113 via doris-2 rows=10258 [doris-1:f:up doris-2:f:up doris-3:M:up]
19:30:45 #121 OK INSERT id=2717114 via doris-2 rows=10258 [doris-1:f:up doris-2:f:up doris-3:M:up]
19:30:46 #122 OK UPSERT id=2717114 via doris-2 rows=10258 [doris-1:f:up doris-2:f:up doris-3:M:up]
19:30:47 #123 OK SELECT id=2717114 via doris-2 rows=10259 [doris-1:f:up doris-2:f:up doris-3:M:up]
19:30:48 #124 OK DELETE id=2717114 via doris-2 rows=10258 [doris-1:f:up doris-2:f:up doris-3:M:up]
19:30:49 #125 OK SELECT id=2717114 via doris-2 rows=10258 [doris-1:f:up doris-2:f:up doris-3:M:up]
19:30:50 #126 OK INSERT id=2717115 via doris-2 rows=10258 [doris-1:f:up doris-2:f:up doris-3:M:up]
19:30:52 #127 OK UPSERT id=2717115 via doris-2 rows=10258 [doris-1:f:up doris-2:f:up doris-3:M:up]
19:30:53 #128 OK SELECT id=2717115 via doris-2 rows=10259 [doris-1:f:up doris-2:f:up doris-3:M:up]
19:30:54 #129 OK DELETE id=2717115 via doris-2 rows=10258 [doris-1:f:up doris-2:f:up doris-3:M:up]
19:30:55 #130 OK SELECT id=2717115 via doris-2 rows=10258 [doris-1:f:up doris-2:f:up doris-3:M:up]
19:30:56 #131 OK INSERT id=2717116 via doris-2 rows=10258 [doris-1:f:up doris-2:f:up doris-3:M:up]
19:30:57 #132 OK UPSERT id=2717116 via doris-2 rows=10258 [doris-1:f:up doris-2:f:up doris-3:M:up]
19:30:58 #133 OK SELECT id=2717116 via doris-2 rows=10259 [doris-1:f:up doris-2:f:up doris-3:M:up]
19:30:58 EVENT restore: verify fe on doris-1
19:30:59 #134 OK DELETE id=2717116 via doris-2 rows=10258 [doris-1:f:up doris-2:f:up doris-3:M:up]
19:31:00 #135 OK SELECT id=2717116 via doris-2 rows=10258 [doris-1:f:up doris-2:f:up doris-3:M:up]
19:31:01 #136 OK INSERT id=2717117 via doris-2 rows=10258 [doris-1:f:up doris-2:f:up doris-3:M:up]
19:31:02 #137 OK UPSERT id=2717117 via doris-2 rows=10258 [doris-1:f:up doris-2:f:up doris-3:M:up]
19:31:03 #138 OK SELECT id=2717117 via doris-2 rows=10259 [doris-1:f:up doris-2:f:up doris-3:M:up]
19:31:04 #139 OK DELETE id=2717117 via doris-2 rows=10258 [doris-1:f:up doris-2:f:up doris-3:M:up]
19:31:05 #140 OK SELECT id=2717117 via doris-2 rows=10258 [doris-1:f:up doris-2:f:up doris-3:M:up]
19:31:06 EVENT restore: cluster healthy
19:31:06 #141 OK INSERT id=2717118 via doris-2 rows=10258 [doris-1:f:up doris-2:f:up doris-3:M:up]
19:31:08 #142 OK UPSERT id=2717118 via doris-2 rows=10258 [doris-1:f:up doris-2:f:up doris-3:M:up]
19:31:09 #143 OK SELECT id=2717118 via doris-2 rows=10259 [doris-1:f:up doris-2:f:up doris-3:M:up]
19:31:10 #144 OK DELETE id=2717118 via doris-2 rows=10258 [doris-1:f:up doris-2:f:up doris-3:M:up]
19:31:11 #145 OK SELECT id=2717118 via doris-2 rows=10258 [doris-1:f:up doris-2:f:up doris-3:M:up]
19:31:12 #146 OK INSERT id=2717119 via doris-2 rows=10258 [doris-1:f:up doris-2:f:up doris-3:M:up]
19:31:13 #147 OK UPSERT id=2717119 via doris-2 rows=10258 [doris-1:f:up doris-2:f:up doris-3:M:up]
19:31:14 #148 OK SELECT id=2717119 via doris-2 rows=10259 [doris-1:f:up doris-2:f:up doris-3:M:up]
19:31:15 #149 OK DELETE id=2717119 via doris-2 rows=10258 [doris-1:f:up doris-2:f:up doris-3:M:up]
19:31:16 #150 OK SELECT id=2717119 via doris-2 rows=10258 [doris-1:f:up doris-2:f:up doris-3:M:up]
19:31:17 #151 OK INSERT id=2717120 via doris-2 rows=10258 [doris-1:f:up doris-2:f:up doris-3:M:up]
19:31:18 #152 OK UPSERT id=2717120 via doris-2 rows=10258 [doris-1:f:up doris-2:f:up doris-3:M:up]
19:31:19 #153 OK SELECT id=2717120 via doris-2 rows=10259 [doris-1:f:up doris-2:f:up doris-3:M:up]
19:31:20 #154 OK DELETE id=2717120 via doris-2 rows=10258 [doris-1:f:up doris-2:f:up doris-3:M:up]
19:31:21 #155 OK SELECT id=2717120 via doris-2 rows=10258 [doris-1:f:up doris-2:f:up doris-3:M:up]
19:31:23 #156 OK INSERT id=2717121 via doris-2 rows=10258 [doris-1:f:up doris-2:f:up doris-3:M:up]
19:31:24 #157 OK UPSERT id=2717121 via doris-2 rows=10258 [doris-1:f:up doris-2:f:up doris-3:M:up]
19:31:25 #158 OK SELECT id=2717121 via doris-2 rows=10259 [doris-1:f:up doris-2:f:up doris-3:M:up]
19:31:26 #159 OK DELETE id=2717121 via doris-2 rows=10258 [doris-1:f:up doris-2:f:up doris-3:M:up]
19:31:27 #160 OK SELECT id=2717121 via doris-2 rows=10258 [doris-1:f:up doris-2:f:up doris-3:M:up]
19:31:28 #161 OK INSERT id=2717122 via doris-2 rows=10258 [doris-1:f:up doris-2:f:up doris-3:M:up]
19:31:29 #162 OK UPSERT id=2717122 via doris-2 rows=10258 [doris-1:f:up doris-2:f:up doris-3:M:up]
19:31:30 #163 OK SELECT id=2717122 via doris-2 rows=10259 [doris-1:f:up doris-2:f:up doris-3:M:up]
19:31:31 #164 OK DELETE id=2717122 via doris-2 rows=10258 [doris-1:f:up doris-2:f:up doris-3:M:up]
19:31:32 #165 OK SELECT id=2717122 via doris-2 rows=10258 [doris-1:f:up doris-2:f:up doris-3:M:up]
19:31:33 #166 OK INSERT id=2717123 via doris-2 rows=10258 [doris-1:f:up doris-2:f:up doris-3:M:up]
19:31:34 #167 OK UPSERT id=2717123 via doris-2 rows=10258 [doris-1:f:up doris-2:f:up doris-3:M:up]
