04:40:49 PROBE start proto=mysql hosts=doris-1,doris-2,doris-3 duration=86400s cycle=INSERT>UPSERT>SELECT>DELETE>SELECT
04:40:49 connected to doris-1 (10.140.0.2)
04:40:49 #1 OK INSERT id=1728490 via doris-1 rows=10132 [doris-1:f:up doris-2:f:up doris-3:M:up]
04:40:50 #2 OK UPSERT id=1728490 via doris-1 rows=10133 [doris-1:f:up doris-2:f:up doris-3:M:up]
04:40:51 #3 OK SELECT id=1728490 via doris-1 rows=10133 [doris-1:f:up doris-2:f:up doris-3:M:up]
04:40:52 #4 OK DELETE id=1728490 via doris-1 rows=10132 [doris-1:f:up doris-2:f:up doris-3:M:up]
04:40:53 #5 OK SELECT id=1728490 via doris-1 rows=10131 [doris-1:f:up doris-2:f:up doris-3:M:up]
04:40:54 #6 OK INSERT id=1728491 via doris-1 rows=10132 [doris-1:f:up doris-2:f:up doris-3:M:up]
04:40:56 #7 OK UPSERT id=1728491 via doris-1 rows=10133 [doris-1:f:up doris-2:f:up doris-3:M:up]
04:40:57 #8 OK SELECT id=1728491 via doris-1 rows=10133 [doris-1:f:up doris-2:f:up doris-3:M:up]
04:40:58 #9 OK DELETE id=1728491 via doris-1 rows=10132 [doris-1:f:up doris-2:f:up doris-3:M:up]
04:40:59 #10 OK SELECT id=1728491 via doris-1 rows=10131 [doris-1:f:up doris-2:f:up doris-3:M:up]
04:41:00 #11 OK INSERT id=1728492 via doris-1 rows=10132 [doris-1:f:up doris-2:f:up doris-3:M:up]
04:41:01 #12 OK UPSERT id=1728492 via doris-1 rows=10133 [doris-1:f:up doris-2:f:up doris-3:M:up]
04:41:02 #13 OK SELECT id=1728492 via doris-1 rows=10133 [doris-1:f:up doris-2:f:up doris-3:M:up]
04:41:03 #14 OK DELETE id=1728492 via doris-1 rows=10132 [doris-1:f:up doris-2:f:up doris-3:M:up]
04:41:04 #15 OK SELECT id=1728492 via doris-1 rows=10131 [doris-1:f:up doris-2:f:up doris-3:M:up]
04:41:05 #16 OK INSERT id=1728493 via doris-1 rows=10132 [doris-1:f:up doris-2:f:up doris-3:M:up]
04:41:06 #17 OK UPSERT id=1728493 via doris-1 rows=10133 [doris-1:f:up doris-2:f:up doris-3:M:up]
04:41:07 #18 OK SELECT id=1728493 via doris-1 rows=10133 [doris-1:f:up doris-2:f:up doris-3:M:up]
04:41:08 #19 OK DELETE id=1728493 via doris-1 rows=10132 [doris-1:f:up doris-2:f:up doris-3:M:up]
04:41:09 #20 OK SELECT id=1728493 via doris-1 rows=10131 [doris-1:f:up doris-2:f:up doris-3:M:up]
04:41:10 #21 OK INSERT id=1728494 via doris-1 rows=10132 [doris-1:f:up doris-2:f:up doris-3:M:up]
04:41:12 #22 OK UPSERT id=1728494 via doris-1 rows=10133 [doris-1:f:up doris-2:f:up doris-3:M:up]
04:41:13 #23 OK SELECT id=1728494 via doris-1 rows=10133 [doris-1:f:up doris-2:f:up doris-3:M:up]
04:41:14 #24 OK DELETE id=1728494 via doris-1 rows=10132 [doris-1:f:up doris-2:f:up doris-3:M:up]
04:41:15 #25 OK SELECT id=1728494 via doris-1 rows=10131 [doris-1:f:up doris-2:f:up doris-3:M:up]
04:41:16 #26 OK INSERT id=1728495 via doris-1 rows=10132 [doris-1:f:up doris-2:f:up doris-3:M:up]
04:41:17 #27 OK UPSERT id=1728495 via doris-1 rows=10133 [doris-1:f:up doris-2:f:up doris-3:M:up]
04:41:18 #28 OK SELECT id=1728495 via doris-1 rows=10133 [doris-1:f:up doris-2:f:up doris-3:M:up]
04:41:19 #29 OK DELETE id=1728495 via doris-1 rows=10132 [doris-1:f:up doris-2:f:up doris-3:M:up]
04:41:20 #30 OK SELECT id=1728495 via doris-1 rows=10131 [doris-1:f:up doris-2:f:up doris-3:M:up]
04:41:21 #31 OK INSERT id=1728496 via doris-1 rows=10132 [doris-1:f:up doris-2:f:up doris-3:M:up]
04:41:22 #32 OK UPSERT id=1728496 via doris-1 rows=10133 [doris-1:f:up doris-2:f:up doris-3:M:up]
04:41:23 EVENT break: fe crash on doris-1 (FE follower)
04:41:23 #33 OK SELECT id=1728496 via doris-1 rows=10133 [doris-1:f:up doris-2:f:up doris-3:M:up]
04:41:24 #34 OK DELETE id=1728496 via doris-1 rows=10132 [doris-1:f:up doris-2:f:up doris-3:M:up]
04:41:25 #35 OK SELECT id=1728496 via doris-1 rows=10131 [doris-1:f:up doris-2:f:up doris-3:M:up]
04:41:26 #36 FAIL INSERT id=1728497 via doris-1: OperationalError: (2013, 'Lost connection to MySQL server during query')
04:41:28 #36 OK SELECT(check) id=1 via doris-2
04:41:29 connected to doris-2 (10.140.0.3)
04:41:29 #37 OK INSERT id=1728498 via doris-2 rows=10133 [doris-1:f:up doris-2:f:up doris-3:M:up] (recovered)
04:41:30 #38 OK UPSERT id=1728498 via doris-2 rows=10133 [doris-1:f:up doris-2:f:up doris-3:M:up]
04:41:31 #39 OK SELECT id=1728498 via doris-2 rows=10133 [doris-1:f:up doris-2:f:up doris-3:M:up]
04:41:32 #40 OK DELETE id=1728498 via doris-2 rows=10131 [doris-1:f:up doris-2:f:up doris-3:M:up]
04:41:33 #41 OK SELECT id=1728498 via doris-2 rows=10131 [doris-1:f:up doris-2:f:up doris-3:M:up]
04:41:34 #42 OK INSERT id=1728499 via doris-2 rows=10133 [doris-1:f:up doris-2:f:up doris-3:M:up]
04:41:36 #43 OK UPSERT id=1728499 via doris-2 rows=10133 [doris-1:f:DOWN doris-2:f:up doris-3:M:up]
04:41:37 #44 OK SELECT id=1728499 via doris-2 rows=10133 [doris-1:f:DOWN doris-2:f:up doris-3:M:up]
04:41:38 #45 OK DELETE id=1728499 via doris-2 rows=10131 [doris-1:f:DOWN doris-2:f:up doris-3:M:up]
04:41:39 #46 OK SELECT id=1728499 via doris-2 rows=10131 [doris-1:f:DOWN doris-2:f:up doris-3:M:up]
04:41:40 #47 OK INSERT id=1728500 via doris-2 rows=10133 [doris-1:f:DOWN doris-2:f:up doris-3:M:up]
04:41:41 #48 OK UPSERT id=1728500 via doris-2 rows=10133 [doris-1:f:DOWN doris-2:f:up doris-3:M:up]
04:41:41 EVENT recovered: fe restarted by systemd on doris-1 (+9s)
04:41:42 #49 OK SELECT id=1728500 via doris-2 rows=10133 [doris-1:f:DOWN doris-2:f:up doris-3:M:up]
04:41:43 #50 OK DELETE id=1728500 via doris-2 rows=10131 [doris-1:f:DOWN doris-2:f:up doris-3:M:up]
04:41:44 #51 OK SELECT id=1728500 via doris-2 rows=10131 [doris-1:f:DOWN doris-2:f:up doris-3:M:up]
04:41:45 #52 OK INSERT id=1728501 via doris-2 rows=10133 [doris-1:f:up doris-2:f:up doris-3:M:up]
04:41:47 #53 OK UPSERT id=1728501 via doris-2 rows=10133 [doris-1:f:up doris-2:f:up doris-3:M:up]
04:41:48 #54 OK SELECT id=1728501 via doris-2 rows=10133 [doris-1:f:up doris-2:f:up doris-3:M:up]
04:41:49 #55 OK DELETE id=1728501 via doris-2 rows=10131 [doris-1:f:up doris-2:f:up doris-3:M:up]
04:41:50 #56 OK SELECT id=1728501 via doris-2 rows=10131 [doris-1:f:up doris-2:f:up doris-3:M:up]
04:41:51 #57 OK INSERT id=1728502 via doris-2 rows=10133 [doris-1:f:up doris-2:f:up doris-3:M:up]
04:41:52 #58 OK UPSERT id=1728502 via doris-2 rows=10133 [doris-1:f:up doris-2:f:up doris-3:M:up]
04:41:53 #59 OK SELECT id=1728502 via doris-2 rows=10133 [doris-1:f:up doris-2:f:up doris-3:M:up]
04:41:54 #60 OK DELETE id=1728502 via doris-2 rows=10131 [doris-1:f:up doris-2:f:up doris-3:M:up]
04:41:55 #61 OK SELECT id=1728502 via doris-2 rows=10131 [doris-1:f:up doris-2:f:up doris-3:M:up]
04:41:56 #62 OK INSERT id=1728503 via doris-2 rows=10133 [doris-1:f:up doris-2:f:up doris-3:M:up]
04:41:57 #63 OK UPSERT id=1728503 via doris-2 rows=10133 [doris-1:f:up doris-2:f:up doris-3:M:up]
04:41:58 #64 OK SELECT id=1728503 via doris-2 rows=10133 [doris-1:f:up doris-2:f:up doris-3:M:up]
04:42:00 #65 OK DELETE id=1728503 via doris-2 rows=10131 [doris-1:f:up doris-2:f:up doris-3:M:up]
04:42:01 #66 OK SELECT id=1728503 via doris-2 rows=10131 [doris-1:f:up doris-2:f:up doris-3:M:up]
04:42:02 #67 OK INSERT id=1728504 via doris-2 rows=10133 [doris-1:f:up doris-2:f:up doris-3:M:up]
04:42:03 #68 OK UPSERT id=1728504 via doris-2 rows=10133 [doris-1:f:up doris-2:f:up doris-3:M:up]
04:42:04 #69 OK SELECT id=1728504 via doris-2 rows=10133 [doris-1:f:up doris-2:f:up doris-3:M:up]
04:42:05 #70 OK DELETE id=1728504 via doris-2 rows=10132 [doris-1:f:up doris-2:f:up doris-3:M:up]
04:42:06 #71 OK SELECT id=1728504 via doris-2 rows=10131 [doris-1:f:up doris-2:f:up doris-3:M:up]
04:42:07 #72 OK INSERT id=1728505 via doris-2 rows=10132 [doris-1:f:up doris-2:f:up doris-3:M:up]
04:42:08 #73 OK UPSERT id=1728505 via doris-2 rows=10132 [doris-1:f:up doris-2:f:up doris-3:M:up]
04:42:09 #74 OK SELECT id=1728505 via doris-2 rows=10133 [doris-1:f:up doris-2:f:up doris-3:M:up]
04:42:10 #75 OK DELETE id=1728505 via doris-2 rows=10132 [doris-1:f:up doris-2:f:up doris-3:M:up]
04:42:11 #76 OK SELECT id=1728505 via doris-2 rows=10132 [doris-1:f:up doris-2:f:up doris-3:M:up]
04:42:12 #77 OK INSERT id=1728506 via doris-2 rows=10132 [doris-1:f:up doris-2:f:up doris-3:M:up]
04:42:14 #78 OK UPSERT id=1728506 via doris-2 rows=10132 [doris-1:f:up doris-2:f:up doris-3:M:up]
04:42:15 #79 OK SELECT id=1728506 via doris-2 rows=10133 [doris-1:f:up doris-2:f:up doris-3:M:up]
04:42:16 #80 OK DELETE id=1728506 via doris-2 rows=10132 [doris-1:f:up doris-2:f:up doris-3:M:up]
04:42:17 #81 OK SELECT id=1728506 via doris-2 rows=10132 [doris-1:f:up doris-2:f:up doris-3:M:up]
04:42:18 #82 OK INSERT id=1728507 via doris-2 rows=10132 [doris-1:f:up doris-2:f:up doris-3:M:up]
04:42:19 #83 OK UPSERT id=1728507 via doris-2 rows=10132 [doris-1:f:up doris-2:f:up doris-3:M:up]
04:42:20 #84 OK SELECT id=1728507 via doris-2 rows=10133 [doris-1:f:up doris-2:f:up doris-3:M:up]
04:42:21 #85 OK DELETE id=1728507 via doris-2 rows=10132 [doris-1:f:up doris-2:f:up doris-3:M:up]
04:42:22 #86 OK SELECT id=1728507 via doris-2 rows=10132 [doris-1:f:up doris-2:f:up doris-3:M:up]
04:42:23 #87 OK INSERT id=1728508 via doris-2 rows=10132 [doris-1:f:up doris-2:f:up doris-3:M:up]
04:42:24 #88 OK UPSERT id=1728508 via doris-2 rows=10132 [doris-1:f:up doris-2:f:up doris-3:M:up]
04:42:25 #89 OK SELECT id=1728508 via doris-2 rows=10133 [doris-1:f:up doris-2:f:up doris-3:M:up]
04:42:27 #90 OK DELETE id=1728508 via doris-2 rows=10132 [doris-1:f:up doris-2:f:up doris-3:M:up]
04:42:28 #91 OK SELECT id=1728508 via doris-2 rows=10132 [doris-1:f:up doris-2:f:up doris-3:M:up]
04:42:29 #92 OK INSERT id=1728509 via doris-2 rows=10133 [doris-1:f:up doris-2:f:up doris-3:M:up]
04:42:30 #93 OK UPSERT id=1728509 via doris-2 rows=10132 [doris-1:f:up doris-2:f:up doris-3:M:up]
04:42:31 #94 OK SELECT id=1728509 via doris-2 rows=10132 [doris-1:f:up doris-2:f:up doris-3:M:up]
04:42:32 #95 OK DELETE id=1728509 via doris-2 rows=10132 [doris-1:f:up doris-2:f:up doris-3:M:up]
04:42:33 #96 OK SELECT id=1728509 via doris-2 rows=10132 [doris-1:f:up doris-2:f:up doris-3:M:up]
04:42:34 #97 OK INSERT id=1728510 via doris-2 rows=10133 [doris-1:f:up doris-2:f:up doris-3:M:up]
04:42:35 #98 OK UPSERT id=1728510 via doris-2 rows=10132 [doris-1:f:up doris-2:f:up doris-3:M:up]
04:42:36 #99 OK SELECT id=1728510 via doris-2 rows=10132 [doris-1:f:up doris-2:f:up doris-3:M:up]
04:42:37 #100 OK DELETE id=1728510 via doris-2 rows=10132 [doris-1:f:up doris-2:f:up doris-3:M:up]
04:42:38 #101 OK SELECT id=1728510 via doris-2 rows=10132 [doris-1:f:up doris-2:f:up doris-3:M:up]
04:42:39 #102 OK INSERT id=1728511 via doris-2 rows=10133 [doris-1:f:up doris-2:f:up doris-3:M:up]
04:42:41 #103 OK UPSERT id=1728511 via doris-2 rows=10132 [doris-1:f:up doris-2:f:up doris-3:M:up]
04:42:42 #104 OK SELECT id=1728511 via doris-2 rows=10132 [doris-1:f:up doris-2:f:up doris-3:M:up]
04:42:43 #105 OK DELETE id=1728511 via doris-2 rows=10132 [doris-1:f:up doris-2:f:up doris-3:M:up]
04:42:44 #106 OK SELECT id=1728511 via doris-2 rows=10132 [doris-1:f:up doris-2:f:up doris-3:M:up]
04:42:45 #107 OK INSERT id=1728512 via doris-2 rows=10133 [doris-1:f:up doris-2:f:up doris-3:M:up]
04:42:46 #108 OK UPSERT id=1728512 via doris-2 rows=10132 [doris-1:f:up doris-2:f:up doris-3:M:up]
04:42:47 #109 OK SELECT id=1728512 via doris-2 rows=10132 [doris-1:f:up doris-2:f:up doris-3:M:up]
04:42:48 #110 OK DELETE id=1728512 via doris-2 rows=10132 [doris-1:f:up doris-2:f:up doris-3:M:up]
04:42:49 #111 OK SELECT id=1728512 via doris-2 rows=10132 [doris-1:f:up doris-2:f:up doris-3:M:up]
04:42:50 #112 OK INSERT id=1728513 via doris-2 rows=10133 [doris-1:f:up doris-2:f:up doris-3:M:up]
04:42:51 #113 OK UPSERT id=1728513 via doris-2 rows=10132 [doris-1:f:up doris-2:f:up doris-3:M:up]
04:42:52 #114 OK SELECT id=1728513 via doris-2 rows=10132 [doris-1:f:up doris-2:f:up doris-3:M:up]
04:42:53 #115 OK DELETE id=1728513 via doris-2 rows=10132 [doris-1:f:up doris-2:f:up doris-3:M:up]
04:42:54 #116 OK SELECT id=1728513 via doris-2 rows=10132 [doris-1:f:up doris-2:f:up doris-3:M:up]
04:42:56 #117 OK INSERT id=1728514 via doris-2 rows=10133 [doris-1:f:up doris-2:f:up doris-3:M:up]
04:42:57 #118 OK UPSERT id=1728514 via doris-2 rows=10132 [doris-1:f:up doris-2:f:up doris-3:M:up]
04:42:58 #119 OK SELECT id=1728514 via doris-2 rows=10132 [doris-1:f:up doris-2:f:up doris-3:M:up]
04:42:59 #120 OK DELETE id=1728514 via doris-2 rows=10132 [doris-1:f:up doris-2:f:up doris-3:M:up]
04:43:00 #121 OK SELECT id=1728514 via doris-2 rows=10132 [doris-1:f:up doris-2:f:up doris-3:M:up]
04:43:01 #122 OK INSERT id=1728515 via doris-2 rows=10133 [doris-1:f:up doris-2:f:up doris-3:M:up]
04:43:02 #123 OK UPSERT id=1728515 via doris-2 rows=10132 [doris-1:f:up doris-2:f:up doris-3:M:up]
04:43:03 #124 OK SELECT id=1728515 via doris-2 rows=10132 [doris-1:f:up doris-2:f:up doris-3:M:up]
04:43:04 #125 OK DELETE id=1728515 via doris-2 rows=10132 [doris-1:f:up doris-2:f:up doris-3:M:up]
04:43:05 #126 OK SELECT id=1728515 via doris-2 rows=10132 [doris-1:f:up doris-2:f:up doris-3:M:up]
04:43:06 #127 OK INSERT id=1728516 via doris-2 rows=10133 [doris-1:f:up doris-2:f:up doris-3:M:up]
04:43:07 #128 OK UPSERT id=1728516 via doris-2 rows=10132 [doris-1:f:up doris-2:f:up doris-3:M:up]
04:43:08 #129 OK SELECT id=1728516 via doris-2 rows=10132 [doris-1:f:up doris-2:f:up doris-3:M:up]
04:43:09 #130 OK DELETE id=1728516 via doris-2 rows=10132 [doris-1:f:up doris-2:f:up doris-3:M:up]
04:43:11 #131 OK SELECT id=1728516 via doris-2 rows=10132 [doris-1:f:up doris-2:f:up doris-3:M:up]
04:43:12 #132 OK INSERT id=1728517 via doris-2 rows=10133 [doris-1:f:up doris-2:f:up doris-3:M:up]
04:43:13 #133 OK UPSERT id=1728517 via doris-2 rows=10132 [doris-1:f:up doris-2:f:up doris-3:M:up]
04:43:14 #134 OK SELECT id=1728517 via doris-2 rows=10132 [doris-1:f:up doris-2:f:up doris-3:M:up]
04:43:15 #135 OK DELETE id=1728517 via doris-2 rows=10132 [doris-1:f:up doris-2:f:up doris-3:M:up]
04:43:16 #136 OK SELECT id=1728517 via doris-2 rows=10132 [doris-1:f:up doris-2:f:up doris-3:M:up]
04:43:17 #137 OK INSERT id=1728518 via doris-2 rows=10133 [doris-1:f:up doris-2:f:up doris-3:M:up]
04:43:18 #138 OK UPSERT id=1728518 via doris-2 rows=10132 [doris-1:f:up doris-2:f:up doris-3:M:up]
04:43:19 EVENT restore: verify fe on doris-1
04:43:19 #139 OK SELECT id=1728518 via doris-2 rows=10132 [doris-1:f:up doris-2:f:up doris-3:M:up]
04:43:20 #140 OK DELETE id=1728518 via doris-2 rows=10132 [doris-1:f:up doris-2:f:up doris-3:M:up]
04:43:21 #141 OK SELECT id=1728518 via doris-2 rows=10132 [doris-1:f:up doris-2:f:up doris-3:M:up]
04:43:22 #142 OK INSERT id=1728519 via doris-2 rows=10133 [doris-1:f:up doris-2:f:up doris-3:M:up]
04:43:23 #143 OK UPSERT id=1728519 via doris-2 rows=10132 [doris-1:f:up doris-2:f:up doris-3:M:up]
04:43:24 EVENT restore: cluster healthy
04:43:24 #144 OK SELECT id=1728519 via doris-2 rows=10132 [doris-1:f:up doris-2:f:up doris-3:M:up]
04:43:26 #145 OK DELETE id=1728519 via doris-2 rows=10132 [doris-1:f:up doris-2:f:up doris-3:M:up]
04:43:27 #146 OK SELECT id=1728519 via doris-2 rows=10132 [doris-1:f:up doris-2:f:up doris-3:M:up]
04:43:28 #147 OK INSERT id=1728520 via doris-2 rows=10133 [doris-1:f:up doris-2:f:up doris-3:M:up]
04:43:29 #148 OK UPSERT id=1728520 via doris-2 rows=10132 [doris-1:f:up doris-2:f:up doris-3:M:up]
04:43:30 #149 OK SELECT id=1728520 via doris-2 rows=10132 [doris-1:f:up doris-2:f:up doris-3:M:up]
04:43:31 #150 OK DELETE id=1728520 via doris-2 rows=10132 [doris-1:f:up doris-2:f:up doris-3:M:up]
04:43:32 #151 OK SELECT id=1728520 via doris-2 rows=10132 [doris-1:f:up doris-2:f:up doris-3:M:up]
04:43:33 #152 OK INSERT id=1728521 via doris-2 rows=10133 [doris-1:f:up doris-2:f:up doris-3:M:up]
04:43:34 #153 OK UPSERT id=1728521 via doris-2 rows=10132 [doris-1:f:up doris-2:f:up doris-3:M:up]
04:43:35 #154 OK SELECT id=1728521 via doris-2 rows=10132 [doris-1:f:up doris-2:f:up doris-3:M:up]
04:43:36 #155 OK DELETE id=1728521 via doris-2 rows=10132 [doris-1:f:up doris-2:f:up doris-3:M:up]
04:43:37 #156 OK SELECT id=1728521 via doris-2 rows=10132 [doris-1:f:up doris-2:f:up doris-3:M:up]
04:43:38 #157 OK INSERT id=1728522 via doris-2 rows=10133 [doris-1:f:up doris-2:f:up doris-3:M:up]
04:43:39 #158 OK UPSERT id=1728522 via doris-2 rows=10132 [doris-1:f:up doris-2:f:up doris-3:M:up]
04:43:41 #159 OK SELECT id=1728522 via doris-2 rows=10132 [doris-1:f:up doris-2:f:up doris-3:M:up]
04:43:42 #160 OK DELETE id=1728522 via doris-2 rows=10132 [doris-1:f:up doris-2:f:up doris-3:M:up]
04:43:43 #161 OK SELECT id=1728522 via doris-2 rows=10132 [doris-1:f:up doris-2:f:up doris-3:M:up]
04:43:44 #162 OK INSERT id=1728523 via doris-2 rows=10133 [doris-1:f:up doris-2:f:up doris-3:M:up]
04:43:45 #163 OK UPSERT id=1728523 via doris-2 rows=10132 [doris-1:f:up doris-2:f:up doris-3:M:up]
04:43:46 #164 OK SELECT id=1728523 via doris-2 rows=10132 [doris-1:f:up doris-2:f:up doris-3:M:up]
04:43:47 #165 OK DELETE id=1728523 via doris-2 rows=10132 [doris-1:f:up doris-2:f:up doris-3:M:up]
04:43:48 #166 OK SELECT id=1728523 via doris-2 rows=10132 [doris-1:f:up doris-2:f:up doris-3:M:up]
04:43:49 #167 OK INSERT id=1728524 via doris-2 rows=10133 [doris-1:f:up doris-2:f:up doris-3:M:up]
04:43:50 #168 OK UPSERT id=1728524 via doris-2 rows=10132 [doris-1:f:up doris-2:f:up doris-3:M:up]
