18:22:46 PROBE start proto=arrow-flight hosts=doris-1,doris-2,doris-3 duration=86400s cycle=INSERT>UPSERT>SELECT>DELETE>SELECT
18:22:46 connected to doris-1 (10.140.0.2)
18:22:46 DML unsupported over arrow-flight (InternalError: RuntimeException, msg: getMysqlChannel not in mysql connection (Internal; ExecuteQuery)) — switching to SELECT-only mode
18:22:46 #1 OK SELECT id=3677660 via doris-1 rows=10223 [doris-1:f:up doris-2:f:up doris-3:M:up]
18:22:47 #2 OK SELECT id=3677660 via doris-1 rows=10224 [doris-1:f:up doris-2:f:up doris-3:M:up]
18:22:48 #3 OK SELECT id=3677660 via doris-1 rows=10224 [doris-1:f:up doris-2:f:up doris-3:M:up]
18:22:49 #4 OK SELECT id=3677660 via doris-1 rows=10223 [doris-1:f:up doris-2:f:up doris-3:M:up]
18:22:50 #5 OK SELECT id=3677660 via doris-1 rows=10222 [doris-1:f:up doris-2:f:up doris-3:M:up]
18:22:51 #6 OK SELECT id=3677660 via doris-1 rows=10223 [doris-1:f:up doris-2:f:up doris-3:M:up]
18:22:52 #7 OK SELECT id=3677660 via doris-1 rows=10224 [doris-1:f:up doris-2:f:up doris-3:M:up]
18:22:53 #8 OK SELECT id=3677660 via doris-1 rows=10224 [doris-1:f:up doris-2:f:up doris-3:M:up]
18:22:54 #9 OK SELECT id=3677660 via doris-1 rows=10223 [doris-1:f:up doris-2:f:up doris-3:M:up]
18:22:55 #10 OK SELECT id=3677660 via doris-1 rows=10222 [doris-1:f:up doris-2:f:up doris-3:M:up]
18:22:57 #11 OK SELECT id=3677660 via doris-1 rows=10223 [doris-1:f:up doris-2:f:up doris-3:M:up]
18:22:58 #12 OK SELECT id=3677660 via doris-1 rows=10224 [doris-1:f:up doris-2:f:up doris-3:M:up]
18:22:59 #13 OK SELECT id=3677660 via doris-1 rows=10224 [doris-1:f:up doris-2:f:up doris-3:M:up]
18:23:00 #14 OK SELECT id=3677660 via doris-1 rows=10223 [doris-1:f:up doris-2:f:up doris-3:M:up]
18:23:01 #15 OK SELECT id=3677660 via doris-1 rows=10222 [doris-1:f:up doris-2:f:up doris-3:M:up]
18:23:02 #16 OK SELECT id=3677660 via doris-1 rows=10223 [doris-1:f:up doris-2:f:up doris-3:M:up]
18:23:03 #17 OK SELECT id=3677660 via doris-1 rows=10224 [doris-1:f:up doris-2:f:up doris-3:M:up]
18:23:04 #18 OK SELECT id=3677660 via doris-1 rows=10224 [doris-1:f:up doris-2:f:up doris-3:M:up]
18:23:05 #19 OK SELECT id=3677660 via doris-1 rows=10223 [doris-1:f:up doris-2:f:up doris-3:M:up]
18:23:06 #20 OK SELECT id=3677660 via doris-1 rows=10222 [doris-1:f:up doris-2:f:up doris-3:M:up]
18:23:07 #21 OK SELECT id=3677660 via doris-1 rows=10223 [doris-1:f:up doris-2:f:up doris-3:M:up]
18:23:08 #22 OK SELECT id=3677660 via doris-1 rows=10224 [doris-1:f:up doris-2:f:up doris-3:M:up]
18:23:09 #23 OK SELECT id=3677660 via doris-1 rows=10224 [doris-1:f:up doris-2:f:up doris-3:M:up]
18:23:10 #24 OK SELECT id=3677660 via doris-1 rows=10223 [doris-1:f:up doris-2:f:up doris-3:M:up]
18:23:11 #25 OK SELECT id=3677660 via doris-1 rows=10222 [doris-1:f:up doris-2:f:up doris-3:M:up]
18:23:12 #26 OK SELECT id=3677660 via doris-1 rows=10223 [doris-1:f:up doris-2:f:up doris-3:M:up]
18:23:13 #27 OK SELECT id=3677660 via doris-1 rows=10224 [doris-1:f:up doris-2:f:up doris-3:M:up]
18:23:14 #28 OK SELECT id=3677660 via doris-1 rows=10224 [doris-1:f:up doris-2:f:up doris-3:M:up]
18:23:16 #29 OK SELECT id=3677660 via doris-1 rows=10224 [doris-1:f:up doris-2:f:up doris-3:M:up]
18:23:17 #30 OK SELECT id=3677660 via doris-1 rows=10222 [doris-1:f:up doris-2:f:up doris-3:M:up]
18:23:18 #31 OK SELECT id=3677660 via doris-1 rows=10222 [doris-1:f:up doris-2:f:up doris-3:M:up]
18:23:19 #32 OK SELECT id=3677660 via doris-1 rows=10224 [doris-1:f:up doris-2:f:up doris-3:M:up]
18:23:20 #33 OK SELECT id=3677660 via doris-1 rows=10224 [doris-1:f:up doris-2:f:up doris-3:M:up]
18:23:21 #34 OK SELECT id=3677660 via doris-1 rows=10224 [doris-1:f:up doris-2:f:up doris-3:M:up]
18:23:22 #35 OK SELECT id=3677660 via doris-1 rows=10222 [doris-1:f:up doris-2:f:up doris-3:M:up]
18:23:23 #36 OK SELECT id=3677660 via doris-1 rows=10222 [doris-1:f:up doris-2:f:up doris-3:M:up]
18:23:24 EVENT break: fe crash on doris-1 (FE follower)
18:23:24 #37 OK SELECT id=3677660 via doris-1 rows=10224 [doris-1:f:up doris-2:f:up doris-3:M:up]
18:23:25 #38 OK SELECT id=3677660 via doris-1 rows=10224 [doris-1:f:up doris-2:f:up doris-3:M:up]
18:23:26 #39 OK SELECT id=3677660 via doris-1 rows=10224 [doris-1:f:up doris-2:f:up doris-3:M:up]
18:23:27 #40 OK SELECT id=3677660 via doris-1 rows=10222 [doris-1:f:up doris-2:f:up doris-3:M:up]
18:23:28 #41 OK SELECT id=3677660 via doris-1 rows=10222 [doris-1:f:up doris-2:f:up doris-3:M:up]
18:23:29 #42 FAIL SELECT id=3677660 via doris-1: OperationalError: IO: [FlightSQL] connection error: desc = "transport: Error while dialing: dial tcp 10.140.0.2:8070: connect: c
18:23:31 connected to doris-2 (10.140.0.3)
18:23:32 #43 OK SELECT id=3677660 via doris-2 rows=10224 [doris-1:f:up doris-2:f:up doris-3:M:up] (recovered)
18:23:33 #44 OK SELECT id=3677660 via doris-2 rows=10226 [doris-1:f:up doris-2:f:up doris-3:M:up]
18:23:34 #45 OK SELECT id=3677660 via doris-2 rows=10226 [doris-1:f:up doris-2:f:up doris-3:M:up]
18:23:35 #46 OK SELECT id=3677660 via doris-2 rows=10224 [doris-1:f:up doris-2:f:up doris-3:M:up]
18:23:36 #47 OK SELECT id=3677660 via doris-2 rows=10224 [doris-1:f:up doris-2:f:up doris-3:M:up]
18:23:38 #48 OK SELECT id=3677660 via doris-2 rows=10226 [doris-1:f:DOWN doris-2:f:up doris-3:M:up]
18:23:39 #49 OK SELECT id=3677660 via doris-2 rows=10226 [doris-1:f:DOWN doris-2:f:up doris-3:M:up]
18:23:40 #50 OK SELECT id=3677660 via doris-2 rows=10226 [doris-1:f:DOWN doris-2:f:up doris-3:M:up]
18:23:41 #51 OK SELECT id=3677660 via doris-2 rows=10224 [doris-1:f:DOWN doris-2:f:up doris-3:M:up]
18:23:42 #52 OK SELECT id=3677660 via doris-2 rows=10224 [doris-1:f:DOWN doris-2:f:up doris-3:M:up]
18:23:43 #53 OK SELECT id=3677660 via doris-2 rows=10226 [doris-1:f:DOWN doris-2:f:up doris-3:M:up]
18:23:44 #54 OK SELECT id=3677660 via doris-2 rows=10226 [doris-1:f:DOWN doris-2:f:up doris-3:M:up]
18:23:45 EVENT recovered: fe restarted by systemd on doris-1 (+9s)
18:23:45 #55 OK SELECT id=3677660 via doris-2 rows=10226 [doris-1:f:DOWN doris-2:f:up doris-3:M:up]
18:23:46 #56 OK SELECT id=3677660 via doris-2 rows=10224 [doris-1:f:DOWN doris-2:f:up doris-3:M:up]
18:23:48 #57 OK SELECT id=3677660 via doris-2 rows=10224 [doris-1:f:DOWN doris-2:f:up doris-3:M:up]
18:23:49 #58 OK SELECT id=3677660 via doris-2 rows=10226 [doris-1:f:DOWN doris-2:f:up doris-3:M:up]
18:23:50 #59 OK SELECT id=3677660 via doris-2 rows=10226 [doris-1:f:DOWN doris-2:f:up doris-3:M:up]
18:23:51 #60 OK SELECT id=3677660 via doris-2 rows=10226 [doris-1:f:DOWN doris-2:f:up doris-3:M:up]
18:23:52 #61 OK SELECT id=3677660 via doris-2 rows=10224 [doris-1:f:DOWN doris-2:f:up doris-3:M:up]
18:23:53 #62 OK SELECT id=3677660 via doris-2 rows=10224 [doris-1:f:DOWN doris-2:f:up doris-3:M:up]
18:23:54 #63 OK SELECT id=3677660 via doris-2 rows=10226 [doris-1:f:DOWN doris-2:f:up doris-3:M:up]
18:23:55 #64 OK SELECT id=3677660 via doris-2 rows=10226 [doris-1:f:DOWN doris-2:f:up doris-3:M:up]
18:23:56 #65 OK SELECT id=3677660 via doris-2 rows=10226 [doris-1:f:DOWN doris-2:f:up doris-3:M:up]
18:23:57 #66 OK SELECT id=3677660 via doris-2 rows=10224 [doris-1:f:up doris-2:f:up doris-3:M:up]
18:23:58 #67 OK SELECT id=3677660 via doris-2 rows=10224 [doris-1:f:up doris-2:f:up doris-3:M:up]
18:24:00 #68 OK SELECT id=3677660 via doris-2 rows=10226 [doris-1:f:up doris-2:f:up doris-3:M:up]
18:24:01 #69 OK SELECT id=3677660 via doris-2 rows=10226 [doris-1:f:up doris-2:f:up doris-3:M:up]
18:24:02 #70 OK SELECT id=3677660 via doris-2 rows=10226 [doris-1:f:up doris-2:f:up doris-3:M:up]
18:24:03 #71 OK SELECT id=3677660 via doris-2 rows=10224 [doris-1:f:up doris-2:f:up doris-3:M:up]
18:24:04 #72 OK SELECT id=3677660 via doris-2 rows=10224 [doris-1:f:up doris-2:f:up doris-3:M:up]
18:24:05 #73 OK SELECT id=3677660 via doris-2 rows=10226 [doris-1:f:up doris-2:f:up doris-3:M:up]
18:24:06 #74 OK SELECT id=3677660 via doris-2 rows=10226 [doris-1:f:up doris-2:f:up doris-3:M:up]
18:24:07 #75 OK SELECT id=3677660 via doris-2 rows=10226 [doris-1:f:up doris-2:f:up doris-3:M:up]
18:24:08 #76 OK SELECT id=3677660 via doris-2 rows=10225 [doris-1:f:up doris-2:f:up doris-3:M:up]
18:24:09 #77 OK SELECT id=3677660 via doris-2 rows=10225 [doris-1:f:up doris-2:f:up doris-3:M:up]
18:24:10 #78 OK SELECT id=3677660 via doris-2 rows=10225 [doris-1:f:up doris-2:f:up doris-3:M:up]
18:24:11 #79 OK SELECT id=3677660 via doris-2 rows=10225 [doris-1:f:up doris-2:f:up doris-3:M:up]
18:24:12 #80 OK SELECT id=3677660 via doris-2 rows=10225 [doris-1:f:up doris-2:f:up doris-3:M:up]
18:24:14 #81 OK SELECT id=3677660 via doris-2 rows=10225 [doris-1:f:up doris-2:f:up doris-3:M:up]
18:24:15 #82 OK SELECT id=3677660 via doris-2 rows=10225 [doris-1:f:up doris-2:f:up doris-3:M:up]
18:24:16 #83 OK SELECT id=3677660 via doris-2 rows=10226 [doris-1:f:up doris-2:f:up doris-3:M:up]
18:24:17 #84 OK SELECT id=3677660 via doris-2 rows=10225 [doris-1:f:up doris-2:f:up doris-3:M:up]
18:24:18 #85 OK SELECT id=3677660 via doris-2 rows=10225 [doris-1:f:up doris-2:f:up doris-3:M:up]
18:24:19 #86 OK SELECT id=3677660 via doris-2 rows=10225 [doris-1:f:up doris-2:f:up doris-3:M:up]
18:24:20 #87 OK SELECT id=3677660 via doris-2 rows=10225 [doris-1:f:up doris-2:f:up doris-3:M:up]
18:24:21 #88 OK SELECT id=3677660 via doris-2 rows=10226 [doris-1:f:up doris-2:f:up doris-3:M:up]
18:24:22 #89 OK SELECT id=3677660 via doris-2 rows=10225 [doris-1:f:up doris-2:f:up doris-3:M:up]
18:24:23 #90 OK SELECT id=3677660 via doris-2 rows=10225 [doris-1:f:up doris-2:f:up doris-3:M:up]
18:24:24 #91 OK SELECT id=3677660 via doris-2 rows=10225 [doris-1:f:up doris-2:f:up doris-3:M:up]
18:24:25 #92 OK SELECT id=3677660 via doris-2 rows=10225 [doris-1:f:up doris-2:f:up doris-3:M:up]
18:24:26 #93 OK SELECT id=3677660 via doris-2 rows=10226 [doris-1:f:up doris-2:f:up doris-3:M:up]
18:24:27 #94 OK SELECT id=3677660 via doris-2 rows=10226 [doris-1:f:up doris-2:f:up doris-3:M:up]
18:24:29 #95 OK SELECT id=3677660 via doris-2 rows=10225 [doris-1:f:up doris-2:f:up doris-3:M:up]
18:24:30 #96 OK SELECT id=3677660 via doris-2 rows=10224 [doris-1:f:up doris-2:f:up doris-3:M:up]
18:24:31 #97 OK SELECT id=3677660 via doris-2 rows=10225 [doris-1:f:up doris-2:f:up doris-3:M:up]
18:24:32 #98 OK SELECT id=3677660 via doris-2 rows=10226 [doris-1:f:up doris-2:f:up doris-3:M:up]
18:24:33 #99 OK SELECT id=3677660 via doris-2 rows=10226 [doris-1:f:up doris-2:f:up doris-3:M:up]
18:24:34 #100 OK SELECT id=3677660 via doris-2 rows=10225 [doris-1:f:up doris-2:f:up doris-3:M:up]
18:24:35 #101 OK SELECT id=3677660 via doris-2 rows=10224 [doris-1:f:up doris-2:f:up doris-3:M:up]
18:24:36 #102 OK SELECT id=3677660 via doris-2 rows=10225 [doris-1:f:up doris-2:f:up doris-3:M:up]
18:24:37 #103 OK SELECT id=3677660 via doris-2 rows=10226 [doris-1:f:up doris-2:f:up doris-3:M:up]
18:24:38 #104 OK SELECT id=3677660 via doris-2 rows=10226 [doris-1:f:up doris-2:f:up doris-3:M:up]
18:24:39 #105 OK SELECT id=3677660 via doris-2 rows=10225 [doris-1:f:up doris-2:f:up doris-3:M:up]
18:24:40 #106 OK SELECT id=3677660 via doris-2 rows=10224 [doris-1:f:up doris-2:f:up doris-3:M:up]
18:24:41 #107 OK SELECT id=3677660 via doris-2 rows=10225 [doris-1:f:up doris-2:f:up doris-3:M:up]
18:24:42 #108 OK SELECT id=3677660 via doris-2 rows=10226 [doris-1:f:up doris-2:f:up doris-3:M:up]
18:24:44 #109 OK SELECT id=3677660 via doris-2 rows=10226 [doris-1:f:up doris-2:f:up doris-3:M:up]
18:24:45 #110 OK SELECT id=3677660 via doris-2 rows=10225 [doris-1:f:up doris-2:f:up doris-3:M:up]
18:24:46 #111 OK SELECT id=3677660 via doris-2 rows=10224 [doris-1:f:up doris-2:f:up doris-3:M:up]
18:24:47 #112 OK SELECT id=3677660 via doris-2 rows=10225 [doris-1:f:up doris-2:f:up doris-3:M:up]
18:24:48 #113 OK SELECT id=3677660 via doris-2 rows=10226 [doris-1:f:up doris-2:f:up doris-3:M:up]
18:24:49 #114 OK SELECT id=3677660 via doris-2 rows=10226 [doris-1:f:up doris-2:f:up doris-3:M:up]
18:24:50 #115 OK SELECT id=3677660 via doris-2 rows=10225 [doris-1:f:up doris-2:f:up doris-3:M:up]
18:24:51 #116 OK SELECT id=3677660 via doris-2 rows=10224 [doris-1:f:up doris-2:f:up doris-3:M:up]
18:24:52 #117 OK SELECT id=3677660 via doris-2 rows=10225 [doris-1:f:up doris-2:f:up doris-3:M:up]
18:24:53 #118 OK SELECT id=3677660 via doris-2 rows=10226 [doris-1:f:up doris-2:f:up doris-3:M:up]
18:24:54 #119 OK SELECT id=3677660 via doris-2 rows=10226 [doris-1:f:up doris-2:f:up doris-3:M:up]
18:24:55 #120 OK SELECT id=3677660 via doris-2 rows=10225 [doris-1:f:up doris-2:f:up doris-3:M:up]
18:24:56 #121 OK SELECT id=3677660 via doris-2 rows=10224 [doris-1:f:up doris-2:f:up doris-3:M:up]
18:24:57 #122 OK SELECT id=3677660 via doris-2 rows=10225 [doris-1:f:up doris-2:f:up doris-3:M:up]
18:24:58 #123 OK SELECT id=3677660 via doris-2 rows=10226 [doris-1:f:up doris-2:f:up doris-3:M:up]
18:25:00 #124 OK SELECT id=3677660 via doris-2 rows=10226 [doris-1:f:up doris-2:f:up doris-3:M:up]
18:25:01 #125 OK SELECT id=3677660 via doris-2 rows=10225 [doris-1:f:up doris-2:f:up doris-3:M:up]
18:25:02 #126 OK SELECT id=3677660 via doris-2 rows=10224 [doris-1:f:up doris-2:f:up doris-3:M:up]
18:25:03 #127 OK SELECT id=3677660 via doris-2 rows=10225 [doris-1:f:up doris-2:f:up doris-3:M:up]
18:25:04 #128 OK SELECT id=3677660 via doris-2 rows=10226 [doris-1:f:up doris-2:f:up doris-3:M:up]
18:25:05 #129 OK SELECT id=3677660 via doris-2 rows=10226 [doris-1:f:up doris-2:f:up doris-3:M:up]
18:25:06 #130 OK SELECT id=3677660 via doris-2 rows=10225 [doris-1:f:up doris-2:f:up doris-3:M:up]
18:25:07 #131 OK SELECT id=3677660 via doris-2 rows=10224 [doris-1:f:up doris-2:f:up doris-3:M:up]
18:25:08 #132 OK SELECT id=3677660 via doris-2 rows=10225 [doris-1:f:up doris-2:f:up doris-3:M:up]
18:25:09 #133 OK SELECT id=3677660 via doris-2 rows=10226 [doris-1:f:up doris-2:f:up doris-3:M:up]
18:25:10 #134 OK SELECT id=3677660 via doris-2 rows=10226 [doris-1:f:up doris-2:f:up doris-3:M:up]
18:25:11 #135 OK SELECT id=3677660 via doris-2 rows=10225 [doris-1:f:up doris-2:f:up doris-3:M:up]
18:25:12 #136 OK SELECT id=3677660 via doris-2 rows=10224 [doris-1:f:up doris-2:f:up doris-3:M:up]
18:25:13 #137 OK SELECT id=3677660 via doris-2 rows=10225 [doris-1:f:up doris-2:f:up doris-3:M:up]
18:25:14 #138 OK SELECT id=3677660 via doris-2 rows=10226 [doris-1:f:up doris-2:f:up doris-3:M:up]
18:25:15 #139 OK SELECT id=3677660 via doris-2 rows=10226 [doris-1:f:up doris-2:f:up doris-3:M:up]
18:25:17 #140 OK SELECT id=3677660 via doris-2 rows=10225 [doris-1:f:up doris-2:f:up doris-3:M:up]
18:25:18 #141 OK SELECT id=3677660 via doris-2 rows=10224 [doris-1:f:up doris-2:f:up doris-3:M:up]
18:25:19 #142 OK SELECT id=3677660 via doris-2 rows=10225 [doris-1:f:up doris-2:f:up doris-3:M:up]
18:25:20 #143 OK SELECT id=3677660 via doris-2 rows=10226 [doris-1:f:up doris-2:f:up doris-3:M:up]
18:25:21 #144 OK SELECT id=3677660 via doris-2 rows=10226 [doris-1:f:up doris-2:f:up doris-3:M:up]
18:25:22 #145 OK SELECT id=3677660 via doris-2 rows=10225 [doris-1:f:up doris-2:f:up doris-3:M:up]
18:25:22 EVENT restore: verify fe on doris-1
18:25:23 #146 OK SELECT id=3677660 via doris-2 rows=10224 [doris-1:f:up doris-2:f:up doris-3:M:up]
18:25:24 #147 OK SELECT id=3677660 via doris-2 rows=10225 [doris-1:f:up doris-2:f:up doris-3:M:up]
18:25:25 #148 OK SELECT id=3677660 via doris-2 rows=10226 [doris-1:f:up doris-2:f:up doris-3:M:up]
18:25:26 #149 OK SELECT id=3677660 via doris-2 rows=10226 [doris-1:f:up doris-2:f:up doris-3:M:up]
18:25:27 #150 OK SELECT id=3677660 via doris-2 rows=10225 [doris-1:f:up doris-2:f:up doris-3:M:up]
18:25:27 EVENT restore: cluster healthy
18:25:28 #151 OK SELECT id=3677660 via doris-2 rows=10224 [doris-1:f:up doris-2:f:up doris-3:M:up]
18:25:29 #152 OK SELECT id=3677660 via doris-2 rows=10225 [doris-1:f:up doris-2:f:up doris-3:M:up]
18:25:30 #153 OK SELECT id=3677660 via doris-2 rows=10226 [doris-1:f:up doris-2:f:up doris-3:M:up]
18:25:31 #154 OK SELECT id=3677660 via doris-2 rows=10226 [doris-1:f:up doris-2:f:up doris-3:M:up]
18:25:33 #155 OK SELECT id=3677660 via doris-2 rows=10225 [doris-1:f:up doris-2:f:up doris-3:M:up]
18:25:34 #156 OK SELECT id=3677660 via doris-2 rows=10224 [doris-1:f:up doris-2:f:up doris-3:M:up]
18:25:35 #157 OK SELECT id=3677660 via doris-2 rows=10225 [doris-1:f:up doris-2:f:up doris-3:M:up]
18:25:36 #158 OK SELECT id=3677660 via doris-2 rows=10226 [doris-1:f:up doris-2:f:up doris-3:M:up]
18:25:37 #159 OK SELECT id=3677660 via doris-2 rows=10226 [doris-1:f:up doris-2:f:up doris-3:M:up]
18:25:38 #160 OK SELECT id=3677660 via doris-2 rows=10225 [doris-1:f:up doris-2:f:up doris-3:M:up]
18:25:39 #161 OK SELECT id=3677660 via doris-2 rows=10224 [doris-1:f:up doris-2:f:up doris-3:M:up]
18:25:40 #162 OK SELECT id=3677660 via doris-2 rows=10224 [doris-1:f:up doris-2:f:up doris-3:M:up]
18:25:41 #163 OK SELECT id=3677660 via doris-2 rows=10226 [doris-1:f:up doris-2:f:up doris-3:M:up]
18:25:42 #164 OK SELECT id=3677660 via doris-2 rows=10226 [doris-1:f:up doris-2:f:up doris-3:M:up]
18:25:43 #165 OK SELECT id=3677660 via doris-2 rows=10226 [doris-1:f:up doris-2:f:up doris-3:M:up]
18:25:44 #166 OK SELECT id=3677660 via doris-2 rows=10224 [doris-1:f:up doris-2:f:up doris-3:M:up]
18:25:45 #167 OK SELECT id=3677660 via doris-2 rows=10224 [doris-1:f:up doris-2:f:up doris-3:M:up]
18:25:46 #168 OK SELECT id=3677660 via doris-2 rows=10226 [doris-1:f:up doris-2:f:up doris-3:M:up]
18:25:47 #169 OK SELECT id=3677660 via doris-2 rows=10226 [doris-1:f:up doris-2:f:up doris-3:M:up]
18:25:48 #170 OK SELECT id=3677660 via doris-2 rows=10226 [doris-1:f:up doris-2:f:up doris-3:M:up]
18:25:50 #171 OK SELECT id=3677660 via doris-2 rows=10224 [doris-1:f:up doris-2:f:up doris-3:M:up]
18:25:51 #172 OK SELECT id=3677660 via doris-2 rows=10224 [doris-1:f:up doris-2:f:up doris-3:M:up]
18:25:52 #173 OK SELECT id=3677660 via doris-2 rows=10226 [doris-1:f:up doris-2:f:up doris-3:M:up]
18:25:53 #174 OK SELECT id=3677660 via doris-2 rows=10226 [doris-1:f:up doris-2:f:up doris-3:M:up]
18:25:54 #175 OK SELECT id=3677660 via doris-2 rows=10226 [doris-1:f:up doris-2:f:up doris-3:M:up]
18:25:55 #176 OK SELECT id=3677660 via doris-2 rows=10224 [doris-1:f:up doris-2:f:up doris-3:M:up]
18:25:56 #177 OK SELECT id=3677660 via doris-2 rows=10224 [doris-1:f:up doris-2:f:up doris-3:M:up]
18:25:57 #178 OK SELECT id=3677660 via doris-2 rows=10226 [doris-1:f:up doris-2:f:up doris-3:M:up]
