03:30:51 PROBE start proto=jdbc hosts=doris-1,doris-2,doris-3 duration=86400s cycle=INSERT>UPSERT>SELECT>DELETE>SELECT url=jdbc:mysql://10.140.0.2:9030,10.140.0.3:9030,10.140.0.4:9030/hatest
03:30:51 connected to doris-1 (driver-selected host)
03:30:51 #1 OK INSERT id=2686500 via doris-1 rows=10073 [doris-1:f:up doris-2:f:up doris-3:M:up]
03:30:52 #2 OK UPSERT id=2686500 via doris-1 rows=10073 [doris-1:f:up doris-2:f:up doris-3:M:up]
03:30:53 #3 OK SELECT id=2686500 via doris-1 rows=10073 [doris-1:f:up doris-2:f:up doris-3:M:up]
03:30:54 #4 OK DELETE id=2686500 via doris-1 rows=10071 [doris-1:f:up doris-2:f:up doris-3:M:up]
03:30:55 #5 OK SELECT id=2686500 via doris-1 rows=10071 [doris-1:f:up doris-2:f:up doris-3:M:up]
03:30:57 #6 OK INSERT id=2686501 via doris-1 rows=10073 [doris-1:f:up doris-2:f:up doris-3:M:up]
03:30:58 #7 OK UPSERT id=2686501 via doris-1 rows=10073 [doris-1:f:up doris-2:f:up doris-3:M:up]
03:30:59 #8 OK SELECT id=2686501 via doris-1 rows=10073 [doris-1:f:up doris-2:f:up doris-3:M:up]
03:31:00 #9 OK DELETE id=2686501 via doris-1 rows=10071 [doris-1:f:up doris-2:f:up doris-3:M:up]
03:31:01 #10 OK SELECT id=2686501 via doris-1 rows=10071 [doris-1:f:up doris-2:f:up doris-3:M:up]
03:31:02 #11 OK INSERT id=2686502 via doris-1 rows=10073 [doris-1:f:up doris-2:f:up doris-3:M:up]
03:31:03 #12 OK UPSERT id=2686502 via doris-1 rows=10073 [doris-1:f:up doris-2:f:up doris-3:M:up]
03:31:04 #13 OK SELECT id=2686502 via doris-1 rows=10073 [doris-1:f:up doris-2:f:up doris-3:M:up]
03:31:05 #14 OK DELETE id=2686502 via doris-1 rows=10071 [doris-1:f:up doris-2:f:up doris-3:M:up]
03:31:06 #15 OK SELECT id=2686502 via doris-1 rows=10071 [doris-1:f:up doris-2:f:up doris-3:M:up]
03:31:07 #16 OK INSERT id=2686503 via doris-1 rows=10073 [doris-1:f:up doris-2:f:up doris-3:M:up]
03:31:08 #17 OK UPSERT id=2686503 via doris-1 rows=10073 [doris-1:f:up doris-2:f:up doris-3:M:up]
03:31:09 #18 OK SELECT id=2686503 via doris-1 rows=10073 [doris-1:f:up doris-2:f:up doris-3:M:up]
03:31:11 #19 OK DELETE id=2686503 via doris-1 rows=10071 [doris-1:f:up doris-2:f:up doris-3:M:up]
03:31:12 #20 OK SELECT id=2686503 via doris-1 rows=10071 [doris-1:f:up doris-2:f:up doris-3:M:up]
03:31:13 #21 OK INSERT id=2686504 via doris-1 rows=10073 [doris-1:f:up doris-2:f:up doris-3:M:up]
03:31:14 #22 OK UPSERT id=2686504 via doris-1 rows=10073 [doris-1:f:up doris-2:f:up doris-3:M:up]
03:31:15 #23 OK SELECT id=2686504 via doris-1 rows=10073 [doris-1:f:up doris-2:f:up doris-3:M:up]
03:31:16 #24 OK DELETE id=2686504 via doris-1 rows=10071 [doris-1:f:up doris-2:f:up doris-3:M:up]
03:31:17 #25 OK SELECT id=2686504 via doris-1 rows=10071 [doris-1:f:up doris-2:f:up doris-3:M:up]
03:31:18 #26 OK INSERT id=2686505 via doris-1 rows=10073 [doris-1:f:up doris-2:f:up doris-3:M:up]
03:31:19 #27 OK UPSERT id=2686505 via doris-1 rows=10073 [doris-1:f:up doris-2:f:up doris-3:M:up]
03:31:20 #28 OK SELECT id=2686505 via doris-1 rows=10073 [doris-1:f:up doris-2:f:up doris-3:M:up]
03:31:21 #29 OK DELETE id=2686505 via doris-1 rows=10071 [doris-1:f:up doris-2:f:up doris-3:M:up]
03:31:22 #30 OK SELECT id=2686505 via doris-1 rows=10071 [doris-1:f:up doris-2:f:up doris-3:M:up]
03:31:23 #31 OK INSERT id=2686506 via doris-1 rows=10073 [doris-1:f:up doris-2:f:up doris-3:M:up]
03:31:24 EVENT break: fe crash on doris-1 (FE follower)
03:31:24 #32 OK UPSERT id=2686506 via doris-1 rows=10073 [doris-1:f:up doris-2:f:up doris-3:M:up]
03:31:25 #33 OK SELECT id=2686506 via doris-1 rows=10073 [doris-1:f:up doris-2:f:up doris-3:M:up]
03:31:27 #34 FAIL DELETE id=2686506 via doris-1: CommunicationsException: Communications link failure  The last packet successfully received from the server was 1,020 milliseconds ago.
03:31:28 #34 OK SELECT(check) id=1 via doris-2
03:31:29 connected to doris-2 (driver-selected host)
03:31:29 #35 OK INSERT id=2686507 via doris-2 rows=10074 [doris-1:f:up doris-2:f:up doris-3:M:up] (recovered)
03:31:30 #36 OK UPSERT id=2686507 via doris-2 rows=10074 [doris-1:f:up doris-2:f:up doris-3:M:up]
03:31:32 #37 OK SELECT id=2686507 via doris-2 rows=10074 [doris-1:f:up doris-2:f:up doris-3:M:up]
03:31:33 #38 OK DELETE id=2686507 via doris-2 rows=10072 [doris-1:f:up doris-2:f:up doris-3:M:up]
03:31:34 #39 OK SELECT id=2686507 via doris-2 rows=10072 [doris-1:f:DOWN doris-2:f:up doris-3:M:up]
03:31:35 #40 OK INSERT id=2686508 via doris-2 rows=10074 [doris-1:f:DOWN doris-2:f:up doris-3:M:up]
03:31:36 #41 OK UPSERT id=2686508 via doris-2 rows=10074 [doris-1:f:DOWN doris-2:f:up doris-3:M:up]
03:31:37 #42 OK SELECT id=2686508 via doris-2 rows=10074 [doris-1:f:DOWN doris-2:f:up doris-3:M:up]
03:31:38 #43 OK DELETE id=2686508 via doris-2 rows=10072 [doris-1:f:DOWN doris-2:f:up doris-3:M:up]
03:31:39 #44 OK SELECT id=2686508 via doris-2 rows=10072 [doris-1:f:DOWN doris-2:f:up doris-3:M:up]
03:31:40 #45 OK INSERT id=2686509 via doris-2 rows=10074 [doris-1:f:DOWN doris-2:f:up doris-3:M:up]
03:31:42 #46 OK UPSERT id=2686509 via doris-2 rows=10074 [doris-1:f:DOWN doris-2:f:up doris-3:M:up]
03:31:42 EVENT recovered: fe restarted by systemd on doris-1 (+9s)
03:31:43 #47 OK SELECT id=2686509 via doris-2 rows=10074 [doris-1:f:DOWN doris-2:f:up doris-3:M:up]
03:31:44 #48 OK DELETE id=2686509 via doris-2 rows=10072 [doris-1:f:DOWN doris-2:f:up doris-3:M:up]
03:31:45 #49 OK SELECT id=2686509 via doris-2 rows=10072 [doris-1:f:DOWN doris-2:f:up doris-3:M:up]
03:31:46 #50 OK INSERT id=2686510 via doris-2 rows=10074 [doris-1:f:DOWN doris-2:f:up doris-3:M:up]
03:31:50 #51 OK UPSERT id=2686510 via doris-2 rows=10073 [doris-1:f:DOWN doris-2:f:up doris-3:M:up]
03:31:51 #52 OK SELECT id=2686510 via doris-2 rows=10074 [doris-1:f:DOWN doris-2:f:up doris-3:M:up]
03:31:52 #53 OK DELETE id=2686510 via doris-2 rows=10073 [doris-1:f:DOWN doris-2:f:up doris-3:M:up]
03:31:53 #54 OK SELECT id=2686510 via doris-2 rows=10073 [doris-1:f:up doris-2:f:up doris-3:M:up]
03:31:55 #55 OK INSERT id=2686511 via doris-2 rows=10073 [doris-1:f:up doris-2:f:up doris-3:M:up]
03:31:56 #56 OK UPSERT id=2686511 via doris-2 rows=10073 [doris-1:f:up doris-2:f:up doris-3:M:up]
03:31:57 #57 OK SELECT id=2686511 via doris-2 rows=10074 [doris-1:f:up doris-2:f:up doris-3:M:up]
03:31:58 #58 OK DELETE id=2686511 via doris-2 rows=10073 [doris-1:f:up doris-2:f:up doris-3:M:up]
03:31:59 #59 OK SELECT id=2686511 via doris-2 rows=10073 [doris-1:f:up doris-2:f:up doris-3:M:up]
03:32:00 #60 OK INSERT id=2686512 via doris-2 rows=10073 [doris-1:f:up doris-2:f:up doris-3:M:up]
03:32:01 #61 OK UPSERT id=2686512 via doris-2 rows=10073 [doris-1:f:up doris-2:f:up doris-3:M:up]
03:32:02 #62 OK SELECT id=2686512 via doris-2 rows=10074 [doris-1:f:up doris-2:f:up doris-3:M:up]
03:32:04 #63 OK DELETE id=2686512 via doris-2 rows=10073 [doris-1:f:up doris-2:f:up doris-3:M:up]
03:32:05 #64 OK SELECT id=2686512 via doris-2 rows=10073 [doris-1:f:up doris-2:f:up doris-3:M:up]
03:32:06 #65 OK INSERT id=2686513 via doris-2 rows=10073 [doris-1:f:up doris-2:f:up doris-3:M:up]
03:32:07 #66 OK UPSERT id=2686513 via doris-2 rows=10073 [doris-1:f:up doris-2:f:up doris-3:M:up]
03:32:08 #67 OK SELECT id=2686513 via doris-2 rows=10074 [doris-1:f:up doris-2:f:up doris-3:M:up]
03:32:09 #68 OK DELETE id=2686513 via doris-2 rows=10073 [doris-1:f:up doris-2:f:up doris-3:M:up]
03:32:10 #69 OK SELECT id=2686513 via doris-2 rows=10073 [doris-1:f:up doris-2:f:up doris-3:M:up]
03:32:11 #70 OK INSERT id=2686514 via doris-2 rows=10073 [doris-1:f:up doris-2:f:up doris-3:M:up]
03:32:12 #71 OK UPSERT id=2686514 via doris-2 rows=10074 [doris-1:f:up doris-2:f:up doris-3:M:up]
03:32:13 #72 OK SELECT id=2686514 via doris-2 rows=10074 [doris-1:f:up doris-2:f:up doris-3:M:up]
03:32:15 #73 OK DELETE id=2686514 via doris-2 rows=10073 [doris-1:f:up doris-2:f:up doris-3:M:up]
03:32:16 #74 OK SELECT id=2686514 via doris-2 rows=10072 [doris-1:f:up doris-2:f:up doris-3:M:up]
03:32:17 #75 OK INSERT id=2686515 via doris-2 rows=10073 [doris-1:f:up doris-2:f:up doris-3:M:up]
03:32:18 #76 OK UPSERT id=2686515 via doris-2 rows=10074 [doris-1:f:up doris-2:f:up doris-3:M:up]
03:32:19 #77 OK SELECT id=2686515 via doris-2 rows=10074 [doris-1:f:up doris-2:f:up doris-3:M:up]
03:32:20 #78 OK DELETE id=2686515 via doris-2 rows=10073 [doris-1:f:up doris-2:f:up doris-3:M:up]
03:32:21 #79 OK SELECT id=2686515 via doris-2 rows=10072 [doris-1:f:up doris-2:f:up doris-3:M:up]
03:32:22 #80 OK INSERT id=2686516 via doris-2 rows=10073 [doris-1:f:up doris-2:f:up doris-3:M:up]
03:32:23 #81 OK UPSERT id=2686516 via doris-2 rows=10074 [doris-1:f:up doris-2:f:up doris-3:M:up]
03:32:24 #82 OK SELECT id=2686516 via doris-2 rows=10074 [doris-1:f:up doris-2:f:up doris-3:M:up]
03:32:26 #83 OK DELETE id=2686516 via doris-2 rows=10073 [doris-1:f:up doris-2:f:up doris-3:M:up]
03:32:27 #84 OK SELECT id=2686516 via doris-2 rows=10072 [doris-1:f:up doris-2:f:up doris-3:M:up]
03:32:28 #85 OK INSERT id=2686517 via doris-2 rows=10073 [doris-1:f:up doris-2:f:up doris-3:M:up]
03:32:29 #86 OK UPSERT id=2686517 via doris-2 rows=10074 [doris-1:f:up doris-2:f:up doris-3:M:up]
03:32:30 #87 OK SELECT id=2686517 via doris-2 rows=10074 [doris-1:f:up doris-2:f:up doris-3:M:up]
03:32:31 #88 OK DELETE id=2686517 via doris-2 rows=10073 [doris-1:f:up doris-2:f:up doris-3:M:up]
03:32:32 #89 OK SELECT id=2686517 via doris-2 rows=10072 [doris-1:f:up doris-2:f:up doris-3:M:up]
03:32:33 #90 OK INSERT id=2686518 via doris-2 rows=10073 [doris-1:f:up doris-2:f:up doris-3:M:up]
03:32:34 #91 OK UPSERT id=2686518 via doris-2 rows=10074 [doris-1:f:up doris-2:f:up doris-3:M:up]
03:32:35 #92 OK SELECT id=2686518 via doris-2 rows=10074 [doris-1:f:up doris-2:f:up doris-3:M:up]
03:32:36 #93 OK DELETE id=2686518 via doris-2 rows=10073 [doris-1:f:up doris-2:f:up doris-3:M:up]
03:32:38 #94 OK SELECT id=2686518 via doris-2 rows=10072 [doris-1:f:up doris-2:f:up doris-3:M:up]
03:32:39 #95 OK INSERT id=2686519 via doris-2 rows=10073 [doris-1:f:up doris-2:f:up doris-3:M:up]
03:32:40 #96 OK UPSERT id=2686519 via doris-2 rows=10074 [doris-1:f:up doris-2:f:up doris-3:M:up]
03:32:41 #97 OK SELECT id=2686519 via doris-2 rows=10074 [doris-1:f:up doris-2:f:up doris-3:M:up]
03:32:42 #98 OK DELETE id=2686519 via doris-2 rows=10073 [doris-1:f:up doris-2:f:up doris-3:M:up]
03:32:43 #99 OK SELECT id=2686519 via doris-2 rows=10072 [doris-1:f:up doris-2:f:up doris-3:M:up]
03:32:44 #100 OK INSERT id=2686520 via doris-2 rows=10073 [doris-1:f:up doris-2:f:up doris-3:M:up]
03:32:45 #101 OK UPSERT id=2686520 via doris-2 rows=10074 [doris-1:f:up doris-2:f:up doris-3:M:up]
03:32:46 #102 OK SELECT id=2686520 via doris-2 rows=10074 [doris-1:f:up doris-2:f:up doris-3:M:up]
03:32:47 #103 OK DELETE id=2686520 via doris-2 rows=10073 [doris-1:f:up doris-2:f:up doris-3:M:up]
03:32:48 #104 OK SELECT id=2686520 via doris-2 rows=10072 [doris-1:f:up doris-2:f:up doris-3:M:up]
03:32:50 #105 OK INSERT id=2686521 via doris-2 rows=10073 [doris-1:f:up doris-2:f:up doris-3:M:up]
03:32:51 #106 OK UPSERT id=2686521 via doris-2 rows=10074 [doris-1:f:up doris-2:f:up doris-3:M:up]
03:32:52 #107 OK SELECT id=2686521 via doris-2 rows=10074 [doris-1:f:up doris-2:f:up doris-3:M:up]
03:32:53 #108 OK DELETE id=2686521 via doris-2 rows=10073 [doris-1:f:up doris-2:f:up doris-3:M:up]
03:32:54 #109 OK SELECT id=2686521 via doris-2 rows=10072 [doris-1:f:up doris-2:f:up doris-3:M:up]
03:32:55 #110 OK INSERT id=2686522 via doris-2 rows=10073 [doris-1:f:up doris-2:f:up doris-3:M:up]
03:32:56 #111 OK UPSERT id=2686522 via doris-2 rows=10074 [doris-1:f:up doris-2:f:up doris-3:M:up]
03:32:57 #112 OK SELECT id=2686522 via doris-2 rows=10074 [doris-1:f:up doris-2:f:up doris-3:M:up]
03:32:58 #113 OK DELETE id=2686522 via doris-2 rows=10073 [doris-1:f:up doris-2:f:up doris-3:M:up]
03:32:59 #114 OK SELECT id=2686522 via doris-2 rows=10072 [doris-1:f:up doris-2:f:up doris-3:M:up]
03:33:00 #115 OK INSERT id=2686523 via doris-2 rows=10073 [doris-1:f:up doris-2:f:up doris-3:M:up]
03:33:02 #116 OK UPSERT id=2686523 via doris-2 rows=10074 [doris-1:f:up doris-2:f:up doris-3:M:up]
03:33:03 #117 OK SELECT id=2686523 via doris-2 rows=10074 [doris-1:f:up doris-2:f:up doris-3:M:up]
03:33:04 #118 OK DELETE id=2686523 via doris-2 rows=10073 [doris-1:f:up doris-2:f:up doris-3:M:up]
03:33:05 #119 OK SELECT id=2686523 via doris-2 rows=10072 [doris-1:f:up doris-2:f:up doris-3:M:up]
03:33:06 #120 OK INSERT id=2686524 via doris-2 rows=10073 [doris-1:f:up doris-2:f:up doris-3:M:up]
03:33:07 #121 OK UPSERT id=2686524 via doris-2 rows=10074 [doris-1:f:up doris-2:f:up doris-3:M:up]
03:33:08 #122 OK SELECT id=2686524 via doris-2 rows=10074 [doris-1:f:up doris-2:f:up doris-3:M:up]
03:33:09 #123 OK DELETE id=2686524 via doris-2 rows=10073 [doris-1:f:up doris-2:f:up doris-3:M:up]
03:33:10 #124 OK SELECT id=2686524 via doris-2 rows=10072 [doris-1:f:up doris-2:f:up doris-3:M:up]
03:33:11 #125 OK INSERT id=2686525 via doris-2 rows=10073 [doris-1:f:up doris-2:f:up doris-3:M:up]
03:33:12 #126 OK UPSERT id=2686525 via doris-2 rows=10074 [doris-1:f:up doris-2:f:up doris-3:M:up]
03:33:13 #127 OK SELECT id=2686525 via doris-2 rows=10074 [doris-1:f:up doris-2:f:up doris-3:M:up]
03:33:15 #128 OK DELETE id=2686525 via doris-2 rows=10073 [doris-1:f:up doris-2:f:up doris-3:M:up]
03:33:16 #129 OK SELECT id=2686525 via doris-2 rows=10072 [doris-1:f:up doris-2:f:up doris-3:M:up]
03:33:17 #130 OK INSERT id=2686526 via doris-2 rows=10073 [doris-1:f:up doris-2:f:up doris-3:M:up]
03:33:18 #131 OK UPSERT id=2686526 via doris-2 rows=10074 [doris-1:f:up doris-2:f:up doris-3:M:up]
03:33:19 EVENT restore: verify fe on doris-1
03:33:19 #132 OK SELECT id=2686526 via doris-2 rows=10074 [doris-1:f:up doris-2:f:up doris-3:M:up]
03:33:20 #133 OK DELETE id=2686526 via doris-2 rows=10073 [doris-1:f:up doris-2:f:up doris-3:M:up]
03:33:21 #134 OK SELECT id=2686526 via doris-2 rows=10072 [doris-1:f:up doris-2:f:up doris-3:M:up]
03:33:22 #135 OK INSERT id=2686527 via doris-2 rows=10073 [doris-1:f:up doris-2:f:up doris-3:M:up]
03:33:23 #136 OK UPSERT id=2686527 via doris-2 rows=10074 [doris-1:f:up doris-2:f:up doris-3:M:up]
03:33:24 EVENT restore: cluster healthy
03:33:24 #137 OK SELECT id=2686527 via doris-2 rows=10074 [doris-1:f:up doris-2:f:up doris-3:M:up]
03:33:25 #138 OK DELETE id=2686527 via doris-2 rows=10073 [doris-1:f:up doris-2:f:up doris-3:M:up]
03:33:26 #139 OK SELECT id=2686527 via doris-2 rows=10072 [doris-1:f:up doris-2:f:up doris-3:M:up]
03:33:27 #140 OK INSERT id=2686528 via doris-2 rows=10073 [doris-1:f:up doris-2:f:up doris-3:M:up]
03:33:29 #141 OK UPSERT id=2686528 via doris-2 rows=10074 [doris-1:f:up doris-2:f:up doris-3:M:up]
03:33:30 #142 OK SELECT id=2686528 via doris-2 rows=10074 [doris-1:f:up doris-2:f:up doris-3:M:up]
03:33:31 #143 OK DELETE id=2686528 via doris-2 rows=10073 [doris-1:f:up doris-2:f:up doris-3:M:up]
03:33:32 #144 OK SELECT id=2686528 via doris-2 rows=10072 [doris-1:f:up doris-2:f:up doris-3:M:up]
03:33:33 #145 OK INSERT id=2686529 via doris-2 rows=10073 [doris-1:f:up doris-2:f:up doris-3:M:up]
03:33:34 #146 OK UPSERT id=2686529 via doris-2 rows=10074 [doris-1:f:up doris-2:f:up doris-3:M:up]
03:33:35 #147 OK SELECT id=2686529 via doris-2 rows=10074 [doris-1:f:up doris-2:f:up doris-3:M:up]
03:33:36 #148 OK DELETE id=2686529 via doris-2 rows=10073 [doris-1:f:up doris-2:f:up doris-3:M:up]
03:33:37 #149 OK SELECT id=2686529 via doris-2 rows=10072 [doris-1:f:up doris-2:f:up doris-3:M:up]
03:33:38 #150 OK INSERT id=2686530 via doris-2 rows=10073 [doris-1:f:up doris-2:f:up doris-3:M:up]
03:33:39 #151 OK UPSERT id=2686530 via doris-2 rows=10074 [doris-1:f:up doris-2:f:up doris-3:M:up]
03:33:40 #152 OK SELECT id=2686530 via doris-2 rows=10074 [doris-1:f:up doris-2:f:up doris-3:M:up]
03:33:42 #153 OK DELETE id=2686530 via doris-2 rows=10073 [doris-1:f:up doris-2:f:up doris-3:M:up]
03:33:43 #154 OK SELECT id=2686530 via doris-2 rows=10072 [doris-1:f:up doris-2:f:up doris-3:M:up]
03:33:44 #155 OK INSERT id=2686531 via doris-2 rows=10073 [doris-1:f:up doris-2:f:up doris-3:M:up]
03:33:45 #156 OK UPSERT id=2686531 via doris-2 rows=10074 [doris-1:f:up doris-2:f:up doris-3:M:up]
03:33:46 #157 OK SELECT id=2686531 via doris-2 rows=10074 [doris-1:f:up doris-2:f:up doris-3:M:up]
03:33:47 #158 OK DELETE id=2686531 via doris-2 rows=10073 [doris-1:f:up doris-2:f:up doris-3:M:up]
03:33:48 #159 OK SELECT id=2686531 via doris-2 rows=10072 [doris-1:f:up doris-2:f:up doris-3:M:up]
03:33:49 #160 OK INSERT id=2686532 via doris-2 rows=10073 [doris-1:f:up doris-2:f:up doris-3:M:up]
03:33:50 #161 OK UPSERT id=2686532 via doris-2 rows=10074 [doris-1:f:up doris-2:f:up doris-3:M:up]
03:33:51 #162 OK SELECT id=2686532 via doris-2 rows=10074 [doris-1:f:up doris-2:f:up doris-3:M:up]
