18:22:46 PROBE start proto=mysql hosts=doris-1,doris-2,doris-3 duration=86400s cycle=INSERT>UPSERT>SELECT>DELETE>SELECT
18:22:46 connected to doris-1 (10.140.0.2)
18:22:46 #1 OK INSERT id=1677660 via doris-1 rows=10223 [doris-1:f:up doris-2:f:up doris-3:M:up]
18:22:47 #2 OK UPSERT id=1677660 via doris-1 rows=10224 [doris-1:f:up doris-2:f:up doris-3:M:up]
18:22:48 #3 OK SELECT id=1677660 via doris-1 rows=10224 [doris-1:f:up doris-2:f:up doris-3:M:up]
18:22:49 #4 OK DELETE id=1677660 via doris-1 rows=10223 [doris-1:f:up doris-2:f:up doris-3:M:up]
18:22:50 #5 OK SELECT id=1677660 via doris-1 rows=10222 [doris-1:f:up doris-2:f:up doris-3:M:up]
18:22:51 #6 OK INSERT id=1677661 via doris-1 rows=10223 [doris-1:f:up doris-2:f:up doris-3:M:up]
18:22:52 #7 OK UPSERT id=1677661 via doris-1 rows=10224 [doris-1:f:up doris-2:f:up doris-3:M:up]
18:22:53 #8 OK SELECT id=1677661 via doris-1 rows=10224 [doris-1:f:up doris-2:f:up doris-3:M:up]
18:22:54 #9 OK DELETE id=1677661 via doris-1 rows=10223 [doris-1:f:up doris-2:f:up doris-3:M:up]
18:22:55 #10 OK SELECT id=1677661 via doris-1 rows=10222 [doris-1:f:up doris-2:f:up doris-3:M:up]
18:22:56 #11 OK INSERT id=1677662 via doris-1 rows=10223 [doris-1:f:up doris-2:f:up doris-3:M:up]
18:22:58 #12 OK UPSERT id=1677662 via doris-1 rows=10224 [doris-1:f:up doris-2:f:up doris-3:M:up]
18:22:59 #13 OK SELECT id=1677662 via doris-1 rows=10224 [doris-1:f:up doris-2:f:up doris-3:M:up]
18:23:00 #14 OK DELETE id=1677662 via doris-1 rows=10223 [doris-1:f:up doris-2:f:up doris-3:M:up]
18:23:01 #15 OK SELECT id=1677662 via doris-1 rows=10222 [doris-1:f:up doris-2:f:up doris-3:M:up]
18:23:02 #16 OK INSERT id=1677663 via doris-1 rows=10223 [doris-1:f:up doris-2:f:up doris-3:M:up]
18:23:03 #17 OK UPSERT id=1677663 via doris-1 rows=10224 [doris-1:f:up doris-2:f:up doris-3:M:up]
18:23:04 #18 OK SELECT id=1677663 via doris-1 rows=10224 [doris-1:f:up doris-2:f:up doris-3:M:up]
18:23:05 #19 OK DELETE id=1677663 via doris-1 rows=10223 [doris-1:f:up doris-2:f:up doris-3:M:up]
18:23:06 #20 OK SELECT id=1677663 via doris-1 rows=10222 [doris-1:f:up doris-2:f:up doris-3:M:up]
18:23:07 #21 OK INSERT id=1677664 via doris-1 rows=10223 [doris-1:f:up doris-2:f:up doris-3:M:up]
18:23:08 #22 OK UPSERT id=1677664 via doris-1 rows=10224 [doris-1:f:up doris-2:f:up doris-3:M:up]
18:23:09 #23 OK SELECT id=1677664 via doris-1 rows=10224 [doris-1:f:up doris-2:f:up doris-3:M:up]
18:23:10 #24 OK DELETE id=1677664 via doris-1 rows=10223 [doris-1:f:up doris-2:f:up doris-3:M:up]
18:23:11 #25 OK SELECT id=1677664 via doris-1 rows=10222 [doris-1:f:up doris-2:f:up doris-3:M:up]
18:23:12 #26 OK INSERT id=1677665 via doris-1 rows=10223 [doris-1:f:up doris-2:f:up doris-3:M:up]
18:23:13 #27 OK UPSERT id=1677665 via doris-1 rows=10224 [doris-1:f:up doris-2:f:up doris-3:M:up]
18:23:14 #28 OK SELECT id=1677665 via doris-1 rows=10224 [doris-1:f:up doris-2:f:up doris-3:M:up]
18:23:16 #29 OK DELETE id=1677665 via doris-1 rows=10223 [doris-1:f:up doris-2:f:up doris-3:M:up]
18:23:17 #30 OK SELECT id=1677665 via doris-1 rows=10222 [doris-1:f:up doris-2:f:up doris-3:M:up]
18:23:18 #31 OK INSERT id=1677666 via doris-1 rows=10223 [doris-1:f:up doris-2:f:up doris-3:M:up]
18:23:19 #32 OK UPSERT id=1677666 via doris-1 rows=10224 [doris-1:f:up doris-2:f:up doris-3:M:up]
18:23:20 #33 OK SELECT id=1677666 via doris-1 rows=10224 [doris-1:f:up doris-2:f:up doris-3:M:up]
18:23:21 #34 OK DELETE id=1677666 via doris-1 rows=10223 [doris-1:f:up doris-2:f:up doris-3:M:up]
18:23:22 #35 OK SELECT id=1677666 via doris-1 rows=10222 [doris-1:f:up doris-2:f:up doris-3:M:up]
18:23:23 #36 OK INSERT id=1677667 via doris-1 rows=10223 [doris-1:f:up doris-2:f:up doris-3:M:up]
18:23:24 EVENT break: fe crash on doris-1 (FE follower)
18:23:24 #37 OK UPSERT id=1677667 via doris-1 rows=10224 [doris-1:f:up doris-2:f:up doris-3:M:up]
18:23:25 #38 OK SELECT id=1677667 via doris-1 rows=10224 [doris-1:f:up doris-2:f:up doris-3:M:up]
18:23:26 #39 OK DELETE id=1677667 via doris-1 rows=10223 [doris-1:f:up doris-2:f:up doris-3:M:up]
18:23:27 #40 OK SELECT id=1677667 via doris-1 rows=10222 [doris-1:f:up doris-2:f:up doris-3:M:up]
18:23:28 #41 OK INSERT id=1677668 via doris-1 rows=10223 [doris-1:f:up doris-2:f:up doris-3:M:up]
18:23:29 #42 FAIL UPSERT id=1677668 via doris-1: OperationalError: (2013, 'Lost connection to MySQL server during query')
18:23:30 #42 OK SELECT(check) id=1 via doris-2
18:23:31 connected to doris-2 (10.140.0.3)
18:23:32 #43 OK INSERT id=1677669 via doris-2 rows=10226 [doris-1:f:up doris-2:f:up doris-3:M:up] (recovered)
18:23:33 #44 OK UPSERT id=1677669 via doris-2 rows=10226 [doris-1:f:up doris-2:f:up doris-3:M:up]
18:23:34 #45 OK SELECT id=1677669 via doris-2 rows=10226 [doris-1:f:up doris-2:f:up doris-3:M:up]
18:23:35 #46 OK DELETE id=1677669 via doris-2 rows=10225 [doris-1:f:up doris-2:f:up doris-3:M:up]
18:23:36 #47 OK SELECT id=1677669 via doris-2 rows=10224 [doris-1:f:up doris-2:f:up doris-3:M:up]
18:23:37 #48 OK INSERT id=1677670 via doris-2 rows=10225 [doris-1:f:DOWN doris-2:f:up doris-3:M:up]
18:23:38 #49 OK UPSERT id=1677670 via doris-2 rows=10226 [doris-1:f:DOWN doris-2:f:up doris-3:M:up]
18:23:40 #50 OK SELECT id=1677670 via doris-2 rows=10226 [doris-1:f:DOWN doris-2:f:up doris-3:M:up]
18:23:41 #51 OK DELETE id=1677670 via doris-2 rows=10225 [doris-1:f:DOWN doris-2:f:up doris-3:M:up]
18:23:42 #52 OK SELECT id=1677670 via doris-2 rows=10224 [doris-1:f:DOWN doris-2:f:up doris-3:M:up]
18:23:43 #53 OK INSERT id=1677671 via doris-2 rows=10225 [doris-1:f:DOWN doris-2:f:up doris-3:M:up]
18:23:44 #54 OK UPSERT id=1677671 via doris-2 rows=10226 [doris-1:f:DOWN doris-2:f:up doris-3:M:up]
18:23:45 #55 OK SELECT id=1677671 via doris-2 rows=10226 [doris-1:f:DOWN doris-2:f:up doris-3:M:up]
18:23:45 EVENT recovered: fe restarted by systemd on doris-1 (+9s)
18:23:46 #56 OK DELETE id=1677671 via doris-2 rows=10225 [doris-1:f:DOWN doris-2:f:up doris-3:M:up]
18:23:47 #57 OK SELECT id=1677671 via doris-2 rows=10224 [doris-1:f:DOWN doris-2:f:up doris-3:M:up]
18:23:48 #58 OK INSERT id=1677672 via doris-2 rows=10225 [doris-1:f:DOWN doris-2:f:up doris-3:M:up]
18:23:49 #59 OK UPSERT id=1677672 via doris-2 rows=10226 [doris-1:f:DOWN doris-2:f:up doris-3:M:up]
18:23:50 #60 OK SELECT id=1677672 via doris-2 rows=10226 [doris-1:f:DOWN doris-2:f:up doris-3:M:up]
18:23:51 #61 OK DELETE id=1677672 via doris-2 rows=10225 [doris-1:f:DOWN doris-2:f:up doris-3:M:up]
18:23:52 #62 OK SELECT id=1677672 via doris-2 rows=10224 [doris-1:f:DOWN doris-2:f:up doris-3:M:up]
18:23:54 #63 OK INSERT id=1677673 via doris-2 rows=10225 [doris-1:f:DOWN doris-2:f:up doris-3:M:up]
18:23:55 #64 OK UPSERT id=1677673 via doris-2 rows=10226 [doris-1:f:DOWN doris-2:f:up doris-3:M:up]
18:23:56 #65 OK SELECT id=1677673 via doris-2 rows=10226 [doris-1:f:DOWN doris-2:f:up doris-3:M:up]
18:23:57 #66 OK DELETE id=1677673 via doris-2 rows=10225 [doris-1:f:DOWN doris-2:f:up doris-3:M:up]
18:23:58 #67 OK SELECT id=1677673 via doris-2 rows=10224 [doris-1:f:up doris-2:f:up doris-3:M:up]
18:23:59 #68 OK INSERT id=1677674 via doris-2 rows=10225 [doris-1:f:up doris-2:f:up doris-3:M:up]
18:24:00 #69 OK UPSERT id=1677674 via doris-2 rows=10226 [doris-1:f:up doris-2:f:up doris-3:M:up]
18:24:01 #70 OK SELECT id=1677674 via doris-2 rows=10226 [doris-1:f:up doris-2:f:up doris-3:M:up]
18:24:02 #71 OK DELETE id=1677674 via doris-2 rows=10225 [doris-1:f:up doris-2:f:up doris-3:M:up]
18:24:03 #72 OK SELECT id=1677674 via doris-2 rows=10224 [doris-1:f:up doris-2:f:up doris-3:M:up]
18:24:04 #73 OK INSERT id=1677675 via doris-2 rows=10225 [doris-1:f:up doris-2:f:up doris-3:M:up]
18:24:05 #74 OK UPSERT id=1677675 via doris-2 rows=10226 [doris-1:f:up doris-2:f:up doris-3:M:up]
18:24:06 #75 OK SELECT id=1677675 via doris-2 rows=10226 [doris-1:f:up doris-2:f:up doris-3:M:up]
18:24:07 #76 OK DELETE id=1677675 via doris-2 rows=10225 [doris-1:f:up doris-2:f:up doris-3:M:up]
18:24:09 #77 OK SELECT id=1677675 via doris-2 rows=10225 [doris-1:f:up doris-2:f:up doris-3:M:up]
18:24:10 #78 OK INSERT id=1677676 via doris-2 rows=10226 [doris-1:f:up doris-2:f:up doris-3:M:up]
18:24:11 #79 OK UPSERT id=1677676 via doris-2 rows=10225 [doris-1:f:up doris-2:f:up doris-3:M:up]
18:24:12 #80 OK SELECT id=1677676 via doris-2 rows=10225 [doris-1:f:up doris-2:f:up doris-3:M:up]
18:24:13 #81 OK DELETE id=1677676 via doris-2 rows=10224 [doris-1:f:up doris-2:f:up doris-3:M:up]
18:24:14 #82 OK SELECT id=1677676 via doris-2 rows=10225 [doris-1:f:up doris-2:f:up doris-3:M:up]
18:24:15 #83 OK INSERT id=1677677 via doris-2 rows=10226 [doris-1:f:up doris-2:f:up doris-3:M:up]
18:24:16 #84 OK UPSERT id=1677677 via doris-2 rows=10226 [doris-1:f:up doris-2:f:up doris-3:M:up]
18:24:17 #85 OK SELECT id=1677677 via doris-2 rows=10225 [doris-1:f:up doris-2:f:up doris-3:M:up]
18:24:18 #86 OK DELETE id=1677677 via doris-2 rows=10224 [doris-1:f:up doris-2:f:up doris-3:M:up]
18:24:19 #87 OK SELECT id=1677677 via doris-2 rows=10225 [doris-1:f:up doris-2:f:up doris-3:M:up]
18:24:20 #88 OK INSERT id=1677678 via doris-2 rows=10226 [doris-1:f:up doris-2:f:up doris-3:M:up]
18:24:21 #89 OK UPSERT id=1677678 via doris-2 rows=10226 [doris-1:f:up doris-2:f:up doris-3:M:up]
18:24:22 #90 OK SELECT id=1677678 via doris-2 rows=10225 [doris-1:f:up doris-2:f:up doris-3:M:up]
18:24:24 #91 OK DELETE id=1677678 via doris-2 rows=10224 [doris-1:f:up doris-2:f:up doris-3:M:up]
18:24:25 #92 OK SELECT id=1677678 via doris-2 rows=10225 [doris-1:f:up doris-2:f:up doris-3:M:up]
18:24:26 #93 OK INSERT id=1677679 via doris-2 rows=10226 [doris-1:f:up doris-2:f:up doris-3:M:up]
18:24:27 #94 OK UPSERT id=1677679 via doris-2 rows=10226 [doris-1:f:up doris-2:f:up doris-3:M:up]
18:24:28 #95 OK SELECT id=1677679 via doris-2 rows=10225 [doris-1:f:up doris-2:f:up doris-3:M:up]
18:24:29 #96 OK DELETE id=1677679 via doris-2 rows=10224 [doris-1:f:up doris-2:f:up doris-3:M:up]
18:24:30 #97 OK SELECT id=1677679 via doris-2 rows=10225 [doris-1:f:up doris-2:f:up doris-3:M:up]
18:24:31 #98 OK INSERT id=1677680 via doris-2 rows=10226 [doris-1:f:up doris-2:f:up doris-3:M:up]
18:24:32 #99 OK UPSERT id=1677680 via doris-2 rows=10226 [doris-1:f:up doris-2:f:up doris-3:M:up]
18:24:33 #100 OK SELECT id=1677680 via doris-2 rows=10225 [doris-1:f:up doris-2:f:up doris-3:M:up]
18:24:34 #101 OK DELETE id=1677680 via doris-2 rows=10224 [doris-1:f:up doris-2:f:up doris-3:M:up]
18:24:35 #102 OK SELECT id=1677680 via doris-2 rows=10225 [doris-1:f:up doris-2:f:up doris-3:M:up]
18:24:36 #103 OK INSERT id=1677681 via doris-2 rows=10226 [doris-1:f:up doris-2:f:up doris-3:M:up]
18:24:37 #104 OK UPSERT id=1677681 via doris-2 rows=10226 [doris-1:f:up doris-2:f:up doris-3:M:up]
18:24:38 #105 OK SELECT id=1677681 via doris-2 rows=10226 [doris-1:f:up doris-2:f:up doris-3:M:up]
18:24:40 #106 OK DELETE id=1677681 via doris-2 rows=10224 [doris-1:f:up doris-2:f:up doris-3:M:up]
18:24:41 #107 OK SELECT id=1677681 via doris-2 rows=10224 [doris-1:f:up doris-2:f:up doris-3:M:up]
18:24:42 #108 OK INSERT id=1677682 via doris-2 rows=10226 [doris-1:f:up doris-2:f:up doris-3:M:up]
18:24:43 #109 OK UPSERT id=1677682 via doris-2 rows=10226 [doris-1:f:up doris-2:f:up doris-3:M:up]
18:24:44 #110 OK SELECT id=1677682 via doris-2 rows=10226 [doris-1:f:up doris-2:f:up doris-3:M:up]
18:24:45 #111 OK DELETE id=1677682 via doris-2 rows=10224 [doris-1:f:up doris-2:f:up doris-3:M:up]
18:24:46 #112 OK SELECT id=1677682 via doris-2 rows=10224 [doris-1:f:up doris-2:f:up doris-3:M:up]
18:24:47 #113 OK INSERT id=1677683 via doris-2 rows=10226 [doris-1:f:up doris-2:f:up doris-3:M:up]
18:24:48 #114 OK UPSERT id=1677683 via doris-2 rows=10226 [doris-1:f:up doris-2:f:up doris-3:M:up]
18:24:49 #115 OK SELECT id=1677683 via doris-2 rows=10226 [doris-1:f:up doris-2:f:up doris-3:M:up]
18:24:50 #116 OK DELETE id=1677683 via doris-2 rows=10224 [doris-1:f:up doris-2:f:up doris-3:M:up]
18:24:51 #117 OK SELECT id=1677683 via doris-2 rows=10224 [doris-1:f:up doris-2:f:up doris-3:M:up]
18:24:52 #118 OK INSERT id=1677684 via doris-2 rows=10226 [doris-1:f:up doris-2:f:up doris-3:M:up]
18:24:53 #119 OK UPSERT id=1677684 via doris-2 rows=10226 [doris-1:f:up doris-2:f:up doris-3:M:up]
18:24:54 #120 OK SELECT id=1677684 via doris-2 rows=10226 [doris-1:f:up doris-2:f:up doris-3:M:up]
18:24:55 #121 OK DELETE id=1677684 via doris-2 rows=10224 [doris-1:f:up doris-2:f:up doris-3:M:up]
18:24:57 #122 OK SELECT id=1677684 via doris-2 rows=10224 [doris-1:f:up doris-2:f:up doris-3:M:up]
18:24:58 #123 OK INSERT id=1677685 via doris-2 rows=10226 [doris-1:f:up doris-2:f:up doris-3:M:up]
18:24:59 #124 OK UPSERT id=1677685 via doris-2 rows=10226 [doris-1:f:up doris-2:f:up doris-3:M:up]
18:25:00 #125 OK SELECT id=1677685 via doris-2 rows=10226 [doris-1:f:up doris-2:f:up doris-3:M:up]
18:25:01 #126 OK DELETE id=1677685 via doris-2 rows=10224 [doris-1:f:up doris-2:f:up doris-3:M:up]
18:25:02 #127 OK SELECT id=1677685 via doris-2 rows=10224 [doris-1:f:up doris-2:f:up doris-3:M:up]
18:25:03 #128 OK INSERT id=1677686 via doris-2 rows=10226 [doris-1:f:up doris-2:f:up doris-3:M:up]
18:25:04 #129 OK UPSERT id=1677686 via doris-2 rows=10226 [doris-1:f:up doris-2:f:up doris-3:M:up]
18:25:05 #130 OK SELECT id=1677686 via doris-2 rows=10226 [doris-1:f:up doris-2:f:up doris-3:M:up]
18:25:06 #131 OK DELETE id=1677686 via doris-2 rows=10224 [doris-1:f:up doris-2:f:up doris-3:M:up]
18:25:07 #132 OK SELECT id=1677686 via doris-2 rows=10224 [doris-1:f:up doris-2:f:up doris-3:M:up]
18:25:08 #133 OK INSERT id=1677687 via doris-2 rows=10226 [doris-1:f:up doris-2:f:up doris-3:M:up]
18:25:09 #134 OK UPSERT id=1677687 via doris-2 rows=10226 [doris-1:f:up doris-2:f:up doris-3:M:up]
18:25:10 #135 OK SELECT id=1677687 via doris-2 rows=10226 [doris-1:f:up doris-2:f:up doris-3:M:up]
18:25:11 #136 OK DELETE id=1677687 via doris-2 rows=10224 [doris-1:f:up doris-2:f:up doris-3:M:up]
18:25:12 #137 OK SELECT id=1677687 via doris-2 rows=10224 [doris-1:f:up doris-2:f:up doris-3:M:up]
18:25:14 #138 OK INSERT id=1677688 via doris-2 rows=10226 [doris-1:f:up doris-2:f:up doris-3:M:up]
18:25:15 #139 OK UPSERT id=1677688 via doris-2 rows=10226 [doris-1:f:up doris-2:f:up doris-3:M:up]
18:25:16 #140 OK SELECT id=1677688 via doris-2 rows=10226 [doris-1:f:up doris-2:f:up doris-3:M:up]
18:25:17 #141 OK DELETE id=1677688 via doris-2 rows=10224 [doris-1:f:up doris-2:f:up doris-3:M:up]
18:25:18 #142 OK SELECT id=1677688 via doris-2 rows=10224 [doris-1:f:up doris-2:f:up doris-3:M:up]
18:25:19 #143 OK INSERT id=1677689 via doris-2 rows=10226 [doris-1:f:up doris-2:f:up doris-3:M:up]
18:25:20 #144 OK UPSERT id=1677689 via doris-2 rows=10226 [doris-1:f:up doris-2:f:up doris-3:M:up]
18:25:21 #145 OK SELECT id=1677689 via doris-2 rows=10226 [doris-1:f:up doris-2:f:up doris-3:M:up]
18:25:22 #146 OK DELETE id=1677689 via doris-2 rows=10224 [doris-1:f:up doris-2:f:up doris-3:M:up]
18:25:22 EVENT restore: verify fe on doris-1
18:25:23 #147 OK SELECT id=1677689 via doris-2 rows=10224 [doris-1:f:up doris-2:f:up doris-3:M:up]
18:25:24 #148 OK INSERT id=1677690 via doris-2 rows=10226 [doris-1:f:up doris-2:f:up doris-3:M:up]
18:25:25 #149 OK UPSERT id=1677690 via doris-2 rows=10226 [doris-1:f:up doris-2:f:up doris-3:M:up]
18:25:26 #150 OK SELECT id=1677690 via doris-2 rows=10226 [doris-1:f:up doris-2:f:up doris-3:M:up]
18:25:27 #151 OK DELETE id=1677690 via doris-2 rows=10224 [doris-1:f:up doris-2:f:up doris-3:M:up]
18:25:27 EVENT restore: cluster healthy
18:25:28 #152 OK SELECT id=1677690 via doris-2 rows=10224 [doris-1:f:up doris-2:f:up doris-3:M:up]
18:25:29 #153 OK INSERT id=1677691 via doris-2 rows=10226 [doris-1:f:up doris-2:f:up doris-3:M:up]
18:25:31 #154 OK UPSERT id=1677691 via doris-2 rows=10226 [doris-1:f:up doris-2:f:up doris-3:M:up]
18:25:32 #155 OK SELECT id=1677691 via doris-2 rows=10226 [doris-1:f:up doris-2:f:up doris-3:M:up]
18:25:33 #156 OK DELETE id=1677691 via doris-2 rows=10224 [doris-1:f:up doris-2:f:up doris-3:M:up]
18:25:34 #157 OK SELECT id=1677691 via doris-2 rows=10224 [doris-1:f:up doris-2:f:up doris-3:M:up]
18:25:35 #158 OK INSERT id=1677692 via doris-2 rows=10226 [doris-1:f:up doris-2:f:up doris-3:M:up]
18:25:36 #159 OK UPSERT id=1677692 via doris-2 rows=10226 [doris-1:f:up doris-2:f:up doris-3:M:up]
18:25:37 #160 OK SELECT id=1677692 via doris-2 rows=10226 [doris-1:f:up doris-2:f:up doris-3:M:up]
18:25:38 #161 OK DELETE id=1677692 via doris-2 rows=10224 [doris-1:f:up doris-2:f:up doris-3:M:up]
18:25:39 #162 OK SELECT id=1677692 via doris-2 rows=10224 [doris-1:f:up doris-2:f:up doris-3:M:up]
18:25:40 #163 OK INSERT id=1677693 via doris-2 rows=10226 [doris-1:f:up doris-2:f:up doris-3:M:up]
18:25:41 #164 OK UPSERT id=1677693 via doris-2 rows=10226 [doris-1:f:up doris-2:f:up doris-3:M:up]
18:25:42 #165 OK SELECT id=1677693 via doris-2 rows=10226 [doris-1:f:up doris-2:f:up doris-3:M:up]
18:25:43 #166 OK DELETE id=1677693 via doris-2 rows=10224 [doris-1:f:up doris-2:f:up doris-3:M:up]
18:25:44 #167 OK SELECT id=1677693 via doris-2 rows=10224 [doris-1:f:up doris-2:f:up doris-3:M:up]
18:25:45 #168 OK INSERT id=1677694 via doris-2 rows=10226 [doris-1:f:up doris-2:f:up doris-3:M:up]
18:25:46 #169 OK UPSERT id=1677694 via doris-2 rows=10226 [doris-1:f:up doris-2:f:up doris-3:M:up]
18:25:47 #170 OK SELECT id=1677694 via doris-2 rows=10226 [doris-1:f:up doris-2:f:up doris-3:M:up]
18:25:49 #171 OK DELETE id=1677694 via doris-2 rows=10224 [doris-1:f:up doris-2:f:up doris-3:M:up]
18:25:50 #172 OK SELECT id=1677694 via doris-2 rows=10224 [doris-1:f:up doris-2:f:up doris-3:M:up]
18:25:51 #173 OK INSERT id=1677695 via doris-2 rows=10225 [doris-1:f:up doris-2:f:up doris-3:M:up]
18:25:52 #174 OK UPSERT id=1677695 via doris-2 rows=10226 [doris-1:f:up doris-2:f:up doris-3:M:up]
18:25:53 #175 OK SELECT id=1677695 via doris-2 rows=10226 [doris-1:f:up doris-2:f:up doris-3:M:up]
18:25:54 #176 OK DELETE id=1677695 via doris-2 rows=10225 [doris-1:f:up doris-2:f:up doris-3:M:up]
