20:04:02 PROBE start proto=arrow-flight hosts=doris-1,doris-2,doris-3 duration=86400s cycle=INSERT>UPSERT>SELECT>DELETE>SELECT
20:04:02 connected to doris-1 (10.140.0.2)
20:04:02 DML unsupported over arrow-flight (InternalError: RuntimeException, msg: getMysqlChannel not in mysql connection (Internal; ExecuteQuery)) — switching to SELECT-only mode
20:04:02 #1 OK SELECT id=3738420 via doris-1 rows=10275 [doris-1:f:up doris-2:M:up doris-3:f:up]
20:04:03 #2 OK SELECT id=3738420 via doris-1 rows=10276 [doris-1:f:up doris-2:M:up doris-3:f:up]
20:04:04 #3 OK SELECT id=3738420 via doris-1 rows=10276 [doris-1:f:up doris-2:M:up doris-3:f:up]
20:04:05 #4 OK SELECT id=3738420 via doris-1 rows=10275 [doris-1:f:up doris-2:M:up doris-3:f:up]
20:04:06 #5 OK SELECT id=3738420 via doris-1 rows=10274 [doris-1:f:up doris-2:M:up doris-3:f:up]
20:04:07 #6 OK SELECT id=3738420 via doris-1 rows=10275 [doris-1:f:up doris-2:M:up doris-3:f:up]
20:04:08 #7 OK SELECT id=3738420 via doris-1 rows=10276 [doris-1:f:up doris-2:M:up doris-3:f:up]
20:04:09 #8 OK SELECT id=3738420 via doris-1 rows=10276 [doris-1:f:up doris-2:M:up doris-3:f:up]
20:04:11 #9 OK SELECT id=3738420 via doris-1 rows=10276 [doris-1:f:up doris-2:M:up doris-3:f:up]
20:04:12 #10 OK SELECT id=3738420 via doris-1 rows=10274 [doris-1:f:up doris-2:M:up doris-3:f:up]
20:04:13 #11 OK SELECT id=3738420 via doris-1 rows=10274 [doris-1:f:up doris-2:M:up doris-3:f:up]
20:04:14 #12 OK SELECT id=3738420 via doris-1 rows=10276 [doris-1:f:up doris-2:M:up doris-3:f:up]
20:04:15 #13 OK SELECT id=3738420 via doris-1 rows=10276 [doris-1:f:up doris-2:M:up doris-3:f:up]
20:04:16 #14 OK SELECT id=3738420 via doris-1 rows=10276 [doris-1:f:up doris-2:M:up doris-3:f:up]
20:04:17 #15 OK SELECT id=3738420 via doris-1 rows=10274 [doris-1:f:up doris-2:M:up doris-3:f:up]
20:04:18 #16 OK SELECT id=3738420 via doris-1 rows=10274 [doris-1:f:up doris-2:M:up doris-3:f:up]
20:04:19 #17 OK SELECT id=3738420 via doris-1 rows=10276 [doris-1:f:up doris-2:M:up doris-3:f:up]
20:04:20 #18 OK SELECT id=3738420 via doris-1 rows=10276 [doris-1:f:up doris-2:M:up doris-3:f:up]
20:04:21 #19 OK SELECT id=3738420 via doris-1 rows=10276 [doris-1:f:up doris-2:M:up doris-3:f:up]
20:04:22 #20 OK SELECT id=3738420 via doris-1 rows=10274 [doris-1:f:up doris-2:M:up doris-3:f:up]
20:04:23 #21 OK SELECT id=3738420 via doris-1 rows=10274 [doris-1:f:up doris-2:M:up doris-3:f:up]
20:04:24 #22 OK SELECT id=3738420 via doris-1 rows=10276 [doris-1:f:up doris-2:M:up doris-3:f:up]
20:04:25 #23 OK SELECT id=3738420 via doris-1 rows=10276 [doris-1:f:up doris-2:M:up doris-3:f:up]
20:04:26 #24 OK SELECT id=3738420 via doris-1 rows=10276 [doris-1:f:up doris-2:M:up doris-3:f:up]
20:04:27 #25 OK SELECT id=3738420 via doris-1 rows=10274 [doris-1:f:up doris-2:M:up doris-3:f:up]
20:04:28 #26 OK SELECT id=3738420 via doris-1 rows=10274 [doris-1:f:up doris-2:M:up doris-3:f:up]
20:04:29 #27 OK SELECT id=3738420 via doris-1 rows=10276 [doris-1:f:up doris-2:M:up doris-3:f:up]
20:04:31 #28 OK SELECT id=3738420 via doris-1 rows=10276 [doris-1:f:up doris-2:M:up doris-3:f:up]
20:04:32 #29 OK SELECT id=3738420 via doris-1 rows=10276 [doris-1:f:up doris-2:M:up doris-3:f:up]
20:04:33 #30 OK SELECT id=3738420 via doris-1 rows=10274 [doris-1:f:up doris-2:M:up doris-3:f:up]
20:04:34 #31 OK SELECT id=3738420 via doris-1 rows=10274 [doris-1:f:up doris-2:M:up doris-3:f:up]
20:04:35 #32 OK SELECT id=3738420 via doris-1 rows=10276 [doris-1:f:up doris-2:M:up doris-3:f:up]
20:04:36 #33 OK SELECT id=3738420 via doris-1 rows=10276 [doris-1:f:up doris-2:M:up doris-3:f:up]
20:04:36 EVENT break: vm stop on doris-2 (FE master)
20:04:37 #34 OK SELECT id=3738420 via doris-1 rows=10276 [doris-1:f:up doris-2:M:up doris-3:f:up]
20:04:38 #35 OK SELECT id=3738420 via doris-1 rows=10275 [doris-1:f:up doris-2:M:up doris-3:f:up]
20:04:39 #36 OK SELECT id=3738420 via doris-1 rows=10274 [doris-1:f:up doris-2:M:up doris-3:f:up]
20:04:40 #37 FAIL SELECT id=3738420 via doris-1: InternalError: INTERNAL: [FlightSQL] get flight info statement failed, after executeQueryStatement handleQuery, java.lang.Run
20:04:41 connected to doris-1 (10.140.0.2)
20:04:41 #38 OK SELECT id=3738420 via doris-1 rows=10274 [doris-1:f:up doris-2:f:DOWN doris-3:M:up] (recovered)
20:04:42 #39 OK SELECT id=3738420 via doris-1 rows=10274 [doris-1:f:up doris-2:f:DOWN doris-3:M:up]
20:04:43 #40 OK SELECT id=3738420 via doris-1 rows=10275 [doris-1:f:up doris-2:f:DOWN doris-3:M:up]
20:04:44 #41 OK SELECT id=3738420 via doris-1 rows=10276 [doris-1:f:up doris-2:f:DOWN doris-3:M:up]
20:04:46 #42 OK SELECT id=3738420 via doris-1 rows=10276 [doris-1:f:up doris-2:f:DOWN doris-3:M:up]
20:04:47 #43 OK SELECT id=3738420 via doris-1 rows=10275 [doris-1:f:up doris-2:f:DOWN doris-3:M:up]
20:04:48 #44 OK SELECT id=3738420 via doris-1 rows=10274 [doris-1:f:up doris-2:f:DOWN doris-3:M:up]
20:04:49 #45 OK SELECT id=3738420 via doris-1 rows=10275 [doris-1:f:up doris-2:f:DOWN doris-3:M:up]
20:04:50 #46 OK SELECT id=3738420 via doris-1 rows=10276 [doris-1:f:up doris-2:f:DOWN doris-3:M:up]
20:04:51 #47 OK SELECT id=3738420 via doris-1 rows=10276 [doris-1:f:up doris-2:f:DOWN doris-3:M:up]
20:04:52 #48 OK SELECT id=3738420 via doris-1 rows=10275 [doris-1:f:up doris-2:f:DOWN doris-3:M:up]
20:04:53 #49 OK SELECT id=3738420 via doris-1 rows=10274 [doris-1:f:up doris-2:f:DOWN doris-3:M:up]
20:04:54 #50 OK SELECT id=3738420 via doris-1 rows=10275 [doris-1:f:up doris-2:f:DOWN doris-3:M:up]
20:04:55 #51 OK SELECT id=3738420 via doris-1 rows=10276 [doris-1:f:up doris-2:f:DOWN doris-3:M:up]
20:04:56 #52 OK SELECT id=3738420 via doris-1 rows=10276 [doris-1:f:up doris-2:f:DOWN doris-3:M:up]
20:04:57 #53 OK SELECT id=3738420 via doris-1 rows=10275 [doris-1:f:up doris-2:f:DOWN doris-3:M:up]
20:04:58 #54 OK SELECT id=3738420 via doris-1 rows=10274 [doris-1:f:up doris-2:f:DOWN doris-3:M:up]
20:04:59 #55 OK SELECT id=3738420 via doris-1 rows=10275 [doris-1:f:up doris-2:f:DOWN doris-3:M:up]
20:05:00 #56 OK SELECT id=3738420 via doris-1 rows=10276 [doris-1:f:up doris-2:f:DOWN doris-3:M:up]
20:05:00 EVENT break: doris-2 is down
20:05:01 #57 OK SELECT id=3738420 via doris-1 rows=10276 [doris-1:f:up doris-2:f:DOWN doris-3:M:up]
20:05:02 #58 OK SELECT id=3738420 via doris-1 rows=10275 [doris-1:f:up doris-2:f:DOWN doris-3:M:up]
20:05:03 #59 OK SELECT id=3738420 via doris-1 rows=10274 [doris-1:f:up doris-2:f:DOWN doris-3:M:up]
20:05:04 #60 OK SELECT id=3738420 via doris-1 rows=10275 [doris-1:f:up doris-2:f:DOWN doris-3:M:up]
20:05:05 #61 OK SELECT id=3738420 via doris-1 rows=10276 [doris-1:f:up doris-2:f:DOWN doris-3:M:up]
20:05:07 #62 OK SELECT id=3738420 via doris-1 rows=10276 [doris-1:f:up doris-2:f:DOWN doris-3:M:up]
20:05:08 #63 OK SELECT id=3738420 via doris-1 rows=10275 [doris-1:f:up doris-2:f:DOWN doris-3:M:up]
20:05:09 #64 OK SELECT id=3738420 via doris-1 rows=10274 [doris-1:f:up doris-2:f:DOWN doris-3:M:up]
20:05:10 #65 OK SELECT id=3738420 via doris-1 rows=10275 [doris-1:f:up doris-2:f:DOWN doris-3:M:up]
20:05:11 #66 OK SELECT id=3738420 via doris-1 rows=10276 [doris-1:f:up doris-2:f:DOWN doris-3:M:up]
20:05:12 #67 OK SELECT id=3738420 via doris-1 rows=10276 [doris-1:f:up doris-2:f:DOWN doris-3:M:up]
20:05:13 #68 OK SELECT id=3738420 via doris-1 rows=10275 [doris-1:f:up doris-2:f:DOWN doris-3:M:up]
20:05:14 #69 OK SELECT id=3738420 via doris-1 rows=10274 [doris-1:f:up doris-2:f:DOWN doris-3:M:up]
20:05:15 #70 OK SELECT id=3738420 via doris-1 rows=10275 [doris-1:f:up doris-2:f:DOWN doris-3:M:up]
20:05:16 #71 OK SELECT id=3738420 via doris-1 rows=10276 [doris-1:f:up doris-2:f:DOWN doris-3:M:up]
20:05:17 #72 OK SELECT id=3738420 via doris-1 rows=10276 [doris-1:f:up doris-2:f:DOWN doris-3:M:up]
20:05:18 #73 OK SELECT id=3738420 via doris-1 rows=10275 [doris-1:f:up doris-2:f:DOWN doris-3:M:up]
20:05:19 #74 OK SELECT id=3738420 via doris-1 rows=10274 [doris-1:f:up doris-2:f:DOWN doris-3:M:up]
20:05:20 #75 OK SELECT id=3738420 via doris-1 rows=10275 [doris-1:f:up doris-2:f:DOWN doris-3:M:up]
20:05:21 #76 OK SELECT id=3738420 via doris-1 rows=10276 [doris-1:f:up doris-2:f:DOWN doris-3:M:up]
20:05:22 #77 OK SELECT id=3738420 via doris-1 rows=10276 [doris-1:f:up doris-2:f:DOWN doris-3:M:up]
20:05:23 #78 OK SELECT id=3738420 via doris-1 rows=10276 [doris-1:f:up doris-2:f:DOWN doris-3:M:up]
20:05:24 #79 OK SELECT id=3738420 via doris-1 rows=10275 [doris-1:f:up doris-2:f:DOWN doris-3:M:up]
20:05:25 #80 OK SELECT id=3738420 via doris-1 rows=10274 [doris-1:f:up doris-2:f:DOWN doris-3:M:up]
20:05:26 #81 OK SELECT id=3738420 via doris-1 rows=10275 [doris-1:f:up doris-2:f:DOWN doris-3:M:up]
20:05:27 #82 OK SELECT id=3738420 via doris-1 rows=10276 [doris-1:f:up doris-2:f:DOWN doris-3:M:up]
20:05:29 #83 OK SELECT id=3738420 via doris-1 rows=10276 [doris-1:f:up doris-2:f:DOWN doris-3:M:up]
20:05:30 #84 OK SELECT id=3738420 via doris-1 rows=10275 [doris-1:f:up doris-2:f:DOWN doris-3:M:up]
20:05:31 #85 OK SELECT id=3738420 via doris-1 rows=10274 [doris-1:f:up doris-2:f:DOWN doris-3:M:up]
20:05:32 #86 OK SELECT id=3738420 via doris-1 rows=10275 [doris-1:f:up doris-2:f:DOWN doris-3:M:up]
20:05:32 EVENT break: vm stop on doris-1 (FE follower)
20:05:33 #87 OK SELECT id=3738420 via doris-1 rows=10276 [doris-1:f:up doris-2:f:DOWN doris-3:M:up]
20:05:34 #88 OK SELECT id=3738420 via doris-1 rows=10276 [doris-1:f:up doris-2:f:DOWN doris-3:M:up]
20:05:35 #89 OK SELECT id=3738420 via doris-1 rows=10275 [doris-1:f:up doris-2:f:DOWN doris-3:M:up]
20:05:36 #90 FAIL SELECT id=3738420 via doris-1: OperationalError: IO: [FlightSQL] connection error: desc = "transport: Error while dialing: dial tcp 10.140.0.2:8070: connect: c
20:05:57 EVENT break: doris-1 is down
20:06:05 connected to doris-3 (10.140.0.4)
20:06:13 #91 FAIL SELECT id=3738420 via doris-3: OperationalError: TIMEOUT: [FlightSQL] stream terminated by RST_STREAM with error code: CANCEL (DeadlineExceeded; ExecuteQuery).
20:07:02 connected to doris-3 (10.140.0.4)
20:07:10 #92 FAIL SELECT id=3738420 via doris-3: OperationalError: TIMEOUT: [FlightSQL] context deadline exceeded (DeadlineExceeded; ExecuteQuery). Vendor code: 4
20:07:46 EVENT restore: start doris-1
20:07:59 connected to doris-3 (10.140.0.4)
20:08:02 EVENT restore: start doris-2
20:08:07 #93 FAIL SELECT id=3738420 via doris-3: OperationalError: TIMEOUT: [FlightSQL] stream terminated by RST_STREAM with error code: CANCEL (DeadlineExceeded; ExecuteQuery).
20:08:27 #94 FAIL SELECT id=3738420 via doris-3: OperationalError: IO: [FlightSQL] connection error: desc = "transport: Error while dialing: dial tcp 10.140.0.4:8070: connect: c
20:08:28 #95 FAIL SELECT id=3738420 via doris-3: OperationalError: IO: [FlightSQL] connection error: desc = "transport: Error while dialing: dial tcp 10.140.0.4:8070: connect: c
20:08:29 #96 FAIL SELECT id=3738420 via doris-3: OperationalError: IO: [FlightSQL] connection error: desc = "transport: Error while dialing: dial tcp 10.140.0.4:8070: connect: c
20:08:30 #97 FAIL SELECT id=3738420 via doris-3: OperationalError: IO: [FlightSQL] connection error: desc = "transport: Error while dialing: dial tcp 10.140.0.4:8070: connect: c
20:08:31 #98 FAIL SELECT id=3738420 via doris-3: OperationalError: IO: [FlightSQL] connection error: desc = "transport: Error while dialing: dial tcp 10.140.0.4:8070: connect: c
20:08:32 #99 FAIL SELECT id=3738420 via doris-3: OperationalError: IO: [FlightSQL] connection error: desc = "transport: Error while dialing: dial tcp 10.140.0.4:8070: connect: c
20:08:33 #100 FAIL SELECT id=3738420 via doris-3: OperationalError: IO: [FlightSQL] connection error: desc = "transport: Error while dialing: dial tcp 10.140.0.4:8070: connect: c
20:08:34 #101 FAIL SELECT id=3738420 via doris-3: OperationalError: IO: [FlightSQL] connection error: desc = "transport: Error while dialing: dial tcp 10.140.0.4:8070: connect: c
20:08:35 #102 FAIL SELECT id=3738420 via doris-3: OperationalError: IO: [FlightSQL] connection error: desc = "transport: Error while dialing: dial tcp 10.140.0.4:8070: connect: c
20:08:36 connected to doris-3 (10.140.0.4)
20:08:37 #103 OK SELECT id=3738420 via doris-3 rows=10276 [doris-1:f:DOWN doris-2:f:DOWN doris-3:M:up] (recovered)
20:08:38 #104 OK SELECT id=3738420 via doris-3 rows=10276 [doris-1:f:DOWN doris-2:f:DOWN doris-3:M:up]
20:08:39 #105 OK SELECT id=3738420 via doris-3 rows=10276 [doris-1:f:DOWN doris-2:f:DOWN doris-3:M:up]
20:08:40 #106 OK SELECT id=3738420 via doris-3 rows=10274 [doris-1:f:DOWN doris-2:f:DOWN doris-3:M:up]
20:08:41 #107 OK SELECT id=3738420 via doris-3 rows=10274 [doris-1:f:DOWN doris-2:f:DOWN doris-3:M:up]
20:08:42 #108 OK SELECT id=3738420 via doris-3 rows=10276 [doris-1:f:up doris-2:f:up doris-3:M:up]
20:08:43 #109 OK SELECT id=3738420 via doris-3 rows=10276 [doris-1:f:up doris-2:f:up doris-3:M:up]
20:08:44 #110 OK SELECT id=3738420 via doris-3 rows=10276 [doris-1:f:up doris-2:f:up doris-3:M:up]
20:08:45 #111 OK SELECT id=3738420 via doris-3 rows=10274 [doris-1:f:up doris-2:f:up doris-3:M:up]
20:08:46 #112 OK SELECT id=3738420 via doris-3 rows=10274 [doris-1:f:up doris-2:f:up doris-3:M:up]
20:08:47 #113 OK SELECT id=3738420 via doris-3 rows=10276 [doris-1:f:up doris-2:f:up doris-3:M:up]
20:08:49 #114 OK SELECT id=3738420 via doris-3 rows=10276 [doris-1:f:up doris-2:f:up doris-3:M:up]
20:08:50 #115 OK SELECT id=3738420 via doris-3 rows=10276 [doris-1:f:up doris-2:f:up doris-3:M:up]
20:08:51 #116 OK SELECT id=3738420 via doris-3 rows=10274 [doris-1:f:up doris-2:f:up doris-3:M:up]
20:08:52 #117 OK SELECT id=3738420 via doris-3 rows=10274 [doris-1:f:up doris-2:f:up doris-3:M:up]
20:08:53 #118 OK SELECT id=3738420 via doris-3 rows=10276 [doris-1:f:up doris-2:f:up doris-3:M:up]
20:08:54 #119 OK SELECT id=3738420 via doris-3 rows=10276 [doris-1:f:up doris-2:f:up doris-3:M:up]
20:08:55 #120 OK SELECT id=3738420 via doris-3 rows=10276 [doris-1:f:up doris-2:f:up doris-3:M:up]
20:08:56 #121 OK SELECT id=3738420 via doris-3 rows=10275 [doris-1:f:up doris-2:f:up doris-3:M:up]
20:08:56 EVENT restore: cluster healthy
20:08:57 #122 OK SELECT id=3738420 via doris-3 rows=10274 [doris-1:f:up doris-2:f:up doris-3:M:up]
20:08:58 #123 OK SELECT id=3738420 via doris-3 rows=10275 [doris-1:f:up doris-2:f:up doris-3:M:up]
20:08:59 #124 OK SELECT id=3738420 via doris-3 rows=10276 [doris-1:f:up doris-2:f:up doris-3:M:up]
20:09:00 #125 OK SELECT id=3738420 via doris-3 rows=10276 [doris-1:f:up doris-2:f:up doris-3:M:up]
20:09:01 #126 OK SELECT id=3738420 via doris-3 rows=10275 [doris-1:f:up doris-2:f:up doris-3:M:up]
20:09:03 #127 OK SELECT id=3738420 via doris-3 rows=10274 [doris-1:f:up doris-2:f:up doris-3:M:up]
20:09:04 #128 OK SELECT id=3738420 via doris-3 rows=10275 [doris-1:f:up doris-2:f:up doris-3:M:up]
20:09:05 #129 OK SELECT id=3738420 via doris-3 rows=10276 [doris-1:f:up doris-2:f:up doris-3:M:up]
20:09:06 #130 OK SELECT id=3738420 via doris-3 rows=10276 [doris-1:f:up doris-2:f:up doris-3:M:up]
20:09:07 #131 OK SELECT id=3738420 via doris-3 rows=10275 [doris-1:f:up doris-2:f:up doris-3:M:up]
20:09:08 #132 OK SELECT id=3738420 via doris-3 rows=10274 [doris-1:f:up doris-2:f:up doris-3:M:up]
20:09:09 #133 OK SELECT id=3738420 via doris-3 rows=10275 [doris-1:f:up doris-2:f:up doris-3:M:up]
20:09:10 #134 OK SELECT id=3738420 via doris-3 rows=10276 [doris-1:f:up doris-2:f:up doris-3:M:up]
20:09:11 #135 OK SELECT id=3738420 via doris-3 rows=10276 [doris-1:f:up doris-2:f:up doris-3:M:up]
20:09:12 #136 OK SELECT id=3738420 via doris-3 rows=10275 [doris-1:f:up doris-2:f:up doris-3:M:up]
20:09:13 #137 OK SELECT id=3738420 via doris-3 rows=10274 [doris-1:f:up doris-2:f:up doris-3:M:up]
20:09:14 #138 OK SELECT id=3738420 via doris-3 rows=10275 [doris-1:f:up doris-2:f:up doris-3:M:up]
20:09:15 #139 OK SELECT id=3738420 via doris-3 rows=10276 [doris-1:f:up doris-2:f:up doris-3:M:up]
20:09:16 #140 OK SELECT id=3738420 via doris-3 rows=10276 [doris-1:f:up doris-2:f:up doris-3:M:up]
20:09:17 #141 OK SELECT id=3738420 via doris-3 rows=10275 [doris-1:f:up doris-2:f:up doris-3:M:up]
20:09:19 #142 OK SELECT id=3738420 via doris-3 rows=10274 [doris-1:f:up doris-2:f:up doris-3:M:up]
20:09:20 #143 OK SELECT id=3738420 via doris-3 rows=10275 [doris-1:f:up doris-2:f:up doris-3:M:up]
20:09:21 #144 OK SELECT id=3738420 via doris-3 rows=10276 [doris-1:f:up doris-2:f:up doris-3:M:up]
20:09:22 #145 OK SELECT id=3738420 via doris-3 rows=10276 [doris-1:f:up doris-2:f:up doris-3:M:up]
20:09:23 #146 OK SELECT id=3738420 via doris-3 rows=10275 [doris-1:f:up doris-2:f:up doris-3:M:up]
20:09:24 #147 OK SELECT id=3738420 via doris-3 rows=10275 [doris-1:f:up doris-2:f:up doris-3:M:up]
20:09:25 #148 OK SELECT id=3738420 via doris-3 rows=10275 [doris-1:f:up doris-2:f:up doris-3:M:up]
20:09:26 #149 OK SELECT id=3738420 via doris-3 rows=10275 [doris-1:f:up doris-2:f:up doris-3:M:up]
