20:04:02 PROBE start proto=mysql hosts=doris-1,doris-2,doris-3 duration=86400s cycle=INSERT>UPSERT>SELECT>DELETE>SELECT
20:04:02 connected to doris-1 (10.140.0.2)
20:04:02 #1 OK INSERT id=1738420 via doris-1 rows=10275 [doris-1:f:up doris-2:M:up doris-3:f:up]
20:04:03 #2 OK UPSERT id=1738420 via doris-1 rows=10276 [doris-1:f:up doris-2:M:up doris-3:f:up]
20:04:04 #3 OK SELECT id=1738420 via doris-1 rows=10276 [doris-1:f:up doris-2:M:up doris-3:f:up]
20:04:05 #4 OK DELETE id=1738420 via doris-1 rows=10275 [doris-1:f:up doris-2:M:up doris-3:f:up]
20:04:06 #5 OK SELECT id=1738420 via doris-1 rows=10274 [doris-1:f:up doris-2:M:up doris-3:f:up]
20:04:07 #6 OK INSERT id=1738421 via doris-1 rows=10275 [doris-1:f:up doris-2:M:up doris-3:f:up]
20:04:08 #7 OK UPSERT id=1738421 via doris-1 rows=10276 [doris-1:f:up doris-2:M:up doris-3:f:up]
20:04:09 #8 OK SELECT id=1738421 via doris-1 rows=10276 [doris-1:f:up doris-2:M:up doris-3:f:up]
20:04:11 #9 OK DELETE id=1738421 via doris-1 rows=10275 [doris-1:f:up doris-2:M:up doris-3:f:up]
20:04:12 #10 OK SELECT id=1738421 via doris-1 rows=10274 [doris-1:f:up doris-2:M:up doris-3:f:up]
20:04:13 #11 OK INSERT id=1738422 via doris-1 rows=10275 [doris-1:f:up doris-2:M:up doris-3:f:up]
20:04:14 #12 OK UPSERT id=1738422 via doris-1 rows=10276 [doris-1:f:up doris-2:M:up doris-3:f:up]
20:04:15 #13 OK SELECT id=1738422 via doris-1 rows=10276 [doris-1:f:up doris-2:M:up doris-3:f:up]
20:04:16 #14 OK DELETE id=1738422 via doris-1 rows=10275 [doris-1:f:up doris-2:M:up doris-3:f:up]
20:04:17 #15 OK SELECT id=1738422 via doris-1 rows=10274 [doris-1:f:up doris-2:M:up doris-3:f:up]
20:04:18 #16 OK INSERT id=1738423 via doris-1 rows=10275 [doris-1:f:up doris-2:M:up doris-3:f:up]
20:04:19 #17 OK UPSERT id=1738423 via doris-1 rows=10276 [doris-1:f:up doris-2:M:up doris-3:f:up]
20:04:20 #18 OK SELECT id=1738423 via doris-1 rows=10276 [doris-1:f:up doris-2:M:up doris-3:f:up]
20:04:21 #19 OK DELETE id=1738423 via doris-1 rows=10275 [doris-1:f:up doris-2:M:up doris-3:f:up]
20:04:22 #20 OK SELECT id=1738423 via doris-1 rows=10274 [doris-1:f:up doris-2:M:up doris-3:f:up]
20:04:23 #21 OK INSERT id=1738424 via doris-1 rows=10275 [doris-1:f:up doris-2:M:up doris-3:f:up]
20:04:24 #22 OK UPSERT id=1738424 via doris-1 rows=10276 [doris-1:f:up doris-2:M:up doris-3:f:up]
20:04:25 #23 OK SELECT id=1738424 via doris-1 rows=10276 [doris-1:f:up doris-2:M:up doris-3:f:up]
20:04:27 #24 OK DELETE id=1738424 via doris-1 rows=10275 [doris-1:f:up doris-2:M:up doris-3:f:up]
20:04:28 #25 OK SELECT id=1738424 via doris-1 rows=10274 [doris-1:f:up doris-2:M:up doris-3:f:up]
20:04:29 #26 OK INSERT id=1738425 via doris-1 rows=10275 [doris-1:f:up doris-2:M:up doris-3:f:up]
20:04:30 #27 OK UPSERT id=1738425 via doris-1 rows=10276 [doris-1:f:up doris-2:M:up doris-3:f:up]
20:04:31 #28 OK SELECT id=1738425 via doris-1 rows=10276 [doris-1:f:up doris-2:M:up doris-3:f:up]
20:04:32 #29 OK DELETE id=1738425 via doris-1 rows=10275 [doris-1:f:up doris-2:M:up doris-3:f:up]
20:04:33 #30 OK SELECT id=1738425 via doris-1 rows=10274 [doris-1:f:up doris-2:M:up doris-3:f:up]
20:04:34 #31 OK INSERT id=1738426 via doris-1 rows=10275 [doris-1:f:up doris-2:M:up doris-3:f:up]
20:04:35 #32 OK UPSERT id=1738426 via doris-1 rows=10276 [doris-1:f:up doris-2:M:up doris-3:f:up]
20:04:36 EVENT break: vm stop on doris-2 (FE master)
20:04:36 #33 OK SELECT id=1738426 via doris-1 rows=10276 [doris-1:f:up doris-2:M:up doris-3:f:up]
20:04:37 #34 OK DELETE id=1738426 via doris-1 rows=10275 [doris-1:f:up doris-2:M:up doris-3:f:up]
20:04:38 #35 OK SELECT id=1738426 via doris-1 rows=10274 [doris-1:f:up doris-2:M:up doris-3:f:up]
20:04:39 #36 FAIL INSERT id=1738427 via doris-1: OperationalError: (1105, 'ForwardToMasterException, msg: forward to master FE TNetworkAddress(hostname:10.140.0.3, port:9020), s
20:04:39 #36 OK SELECT(check) id=1 via doris-1
20:04:40 connected to doris-1 (10.140.0.2)
20:04:43 #37 OK INSERT id=1738428 via doris-1 rows=10275 [doris-1:f:up doris-2:f:DOWN doris-3:M:up] (recovered)
20:04:44 #38 OK UPSERT id=1738428 via doris-1 rows=10276 [doris-1:f:up doris-2:f:DOWN doris-3:M:up]
20:04:45 #39 OK SELECT id=1738428 via doris-1 rows=10276 [doris-1:f:up doris-2:f:DOWN doris-3:M:up]
20:04:46 #40 OK DELETE id=1738428 via doris-1 rows=10275 [doris-1:f:up doris-2:f:DOWN doris-3:M:up]
20:04:47 #41 OK SELECT id=1738428 via doris-1 rows=10274 [doris-1:f:up doris-2:f:DOWN doris-3:M:up]
20:04:48 #42 OK INSERT id=1738429 via doris-1 rows=10275 [doris-1:f:up doris-2:f:DOWN doris-3:M:up]
20:04:49 #43 OK UPSERT id=1738429 via doris-1 rows=10276 [doris-1:f:up doris-2:f:DOWN doris-3:M:up]
20:04:50 #44 OK SELECT id=1738429 via doris-1 rows=10276 [doris-1:f:up doris-2:f:DOWN doris-3:M:up]
20:04:52 #45 OK DELETE id=1738429 via doris-1 rows=10275 [doris-1:f:up doris-2:f:DOWN doris-3:M:up]
20:04:53 #46 OK SELECT id=1738429 via doris-1 rows=10274 [doris-1:f:up doris-2:f:DOWN doris-3:M:up]
20:04:54 #47 OK INSERT id=1738430 via doris-1 rows=10275 [doris-1:f:up doris-2:f:DOWN doris-3:M:up]
20:04:55 #48 OK UPSERT id=1738430 via doris-1 rows=10276 [doris-1:f:up doris-2:f:DOWN doris-3:M:up]
20:04:56 #49 OK SELECT id=1738430 via doris-1 rows=10276 [doris-1:f:up doris-2:f:DOWN doris-3:M:up]
20:04:57 #50 OK DELETE id=1738430 via doris-1 rows=10275 [doris-1:f:up doris-2:f:DOWN doris-3:M:up]
20:04:58 #51 OK SELECT id=1738430 via doris-1 rows=10274 [doris-1:f:up doris-2:f:DOWN doris-3:M:up]
20:04:59 #52 OK INSERT id=1738431 via doris-1 rows=10275 [doris-1:f:up doris-2:f:DOWN doris-3:M:up]
20:05:00 #53 OK UPSERT id=1738431 via doris-1 rows=10276 [doris-1:f:up doris-2:f:DOWN doris-3:M:up]
20:05:00 EVENT break: doris-2 is down
20:05:01 #54 OK SELECT id=1738431 via doris-1 rows=10276 [doris-1:f:up doris-2:f:DOWN doris-3:M:up]
20:05:02 #55 OK DELETE id=1738431 via doris-1 rows=10275 [doris-1:f:up doris-2:f:DOWN doris-3:M:up]
20:05:03 #56 OK SELECT id=1738431 via doris-1 rows=10274 [doris-1:f:up doris-2:f:DOWN doris-3:M:up]
20:05:04 #57 OK INSERT id=1738432 via doris-1 rows=10275 [doris-1:f:up doris-2:f:DOWN doris-3:M:up]
20:05:05 #58 OK UPSERT id=1738432 via doris-1 rows=10276 [doris-1:f:up doris-2:f:DOWN doris-3:M:up]
20:05:06 #59 OK SELECT id=1738432 via doris-1 rows=10276 [doris-1:f:up doris-2:f:DOWN doris-3:M:up]
20:05:07 #60 OK DELETE id=1738432 via doris-1 rows=10275 [doris-1:f:up doris-2:f:DOWN doris-3:M:up]
20:05:08 #61 OK SELECT id=1738432 via doris-1 rows=10274 [doris-1:f:up doris-2:f:DOWN doris-3:M:up]
20:05:09 #62 OK INSERT id=1738433 via doris-1 rows=10275 [doris-1:f:up doris-2:f:DOWN doris-3:M:up]
20:05:11 #63 OK UPSERT id=1738433 via doris-1 rows=10276 [doris-1:f:up doris-2:f:DOWN doris-3:M:up]
20:05:12 #64 OK SELECT id=1738433 via doris-1 rows=10276 [doris-1:f:up doris-2:f:DOWN doris-3:M:up]
20:05:13 #65 OK DELETE id=1738433 via doris-1 rows=10275 [doris-1:f:up doris-2:f:DOWN doris-3:M:up]
20:05:14 #66 OK SELECT id=1738433 via doris-1 rows=10274 [doris-1:f:up doris-2:f:DOWN doris-3:M:up]
20:05:15 #67 OK INSERT id=1738434 via doris-1 rows=10275 [doris-1:f:up doris-2:f:DOWN doris-3:M:up]
20:05:16 #68 OK UPSERT id=1738434 via doris-1 rows=10276 [doris-1:f:up doris-2:f:DOWN doris-3:M:up]
20:05:17 #69 OK SELECT id=1738434 via doris-1 rows=10276 [doris-1:f:up doris-2:f:DOWN doris-3:M:up]
20:05:18 #70 OK DELETE id=1738434 via doris-1 rows=10275 [doris-1:f:up doris-2:f:DOWN doris-3:M:up]
20:05:19 #71 OK SELECT id=1738434 via doris-1 rows=10274 [doris-1:f:up doris-2:f:DOWN doris-3:M:up]
20:05:20 #72 OK INSERT id=1738435 via doris-1 rows=10275 [doris-1:f:up doris-2:f:DOWN doris-3:M:up]
20:05:21 #73 OK UPSERT id=1738435 via doris-1 rows=10276 [doris-1:f:up doris-2:f:DOWN doris-3:M:up]
20:05:22 #74 OK SELECT id=1738435 via doris-1 rows=10276 [doris-1:f:up doris-2:f:DOWN doris-3:M:up]
20:05:23 #75 OK DELETE id=1738435 via doris-1 rows=10275 [doris-1:f:up doris-2:f:DOWN doris-3:M:up]
20:05:24 #76 OK SELECT id=1738435 via doris-1 rows=10275 [doris-1:f:up doris-2:f:DOWN doris-3:M:up]
20:05:25 #77 OK INSERT id=1738436 via doris-1 rows=10275 [doris-1:f:up doris-2:f:DOWN doris-3:M:up]
20:05:26 #78 OK UPSERT id=1738436 via doris-1 rows=10276 [doris-1:f:up doris-2:f:DOWN doris-3:M:up]
20:05:27 #79 OK SELECT id=1738436 via doris-1 rows=10276 [doris-1:f:up doris-2:f:DOWN doris-3:M:up]
20:05:29 #80 OK DELETE id=1738436 via doris-1 rows=10275 [doris-1:f:up doris-2:f:DOWN doris-3:M:up]
20:05:30 #81 OK SELECT id=1738436 via doris-1 rows=10275 [doris-1:f:up doris-2:f:DOWN doris-3:M:up]
20:05:31 #82 OK INSERT id=1738437 via doris-1 rows=10275 [doris-1:f:up doris-2:f:DOWN doris-3:M:up]
20:05:32 #83 OK UPSERT id=1738437 via doris-1 rows=10276 [doris-1:f:up doris-2:f:DOWN doris-3:M:up]
20:05:32 EVENT break: vm stop on doris-1 (FE follower)
20:05:33 #84 OK SELECT id=1738437 via doris-1 rows=10276 [doris-1:f:up doris-2:f:DOWN doris-3:M:up]
20:05:34 #85 OK DELETE id=1738437 via doris-1 rows=10275 [doris-1:f:up doris-2:f:DOWN doris-3:M:up]
20:05:35 #86 OK SELECT id=1738437 via doris-1 rows=10275 [doris-1:f:up doris-2:f:DOWN doris-3:M:up]
20:05:36 #87 FAIL INSERT id=1738438 via doris-1: OperationalError: (2013, 'Lost connection to MySQL server during query')
20:05:39 #87 OK SELECT(check) id=1 via doris-3
20:05:54 connected to doris-3 (10.140.0.4)
20:05:54 #88 FAIL INSERT id=1738439 via doris-3: InterfaceError: (0, '')
20:05:57 EVENT break: doris-1 is down
20:06:08 #88 FAIL SELECT(check) id=1 via doris-3: OperationalError: (2013, 'Lost connection to MySQL server during query (timed out)')
20:06:23 connected to doris-3 (10.140.0.4)
20:06:23 #89 FAIL INSERT id=1738440 via doris-3: InterfaceError: (0, '')
20:06:37 #89 FAIL SELECT(check) id=1 via doris-3: OperationalError: (2013, 'Lost connection to MySQL server during query (timed out)')
20:06:53 connected to doris-3 (10.140.0.4)
20:06:53 #90 FAIL INSERT id=1738441 via doris-3: InterfaceError: (0, '')
20:07:07 #90 FAIL SELECT(check) id=1 via doris-3: OperationalError: (2013, 'Lost connection to MySQL server during query (timed out)')
20:07:22 connected to doris-3 (10.140.0.4)
20:07:22 #91 FAIL INSERT id=1738442 via doris-3: InterfaceError: (0, '')
20:07:36 #91 FAIL SELECT(check) id=1 via doris-3: OperationalError: (2013, 'Lost connection to MySQL server during query (timed out)')
20:07:46 EVENT restore: start doris-1
20:07:51 connected to doris-3 (10.140.0.4)
20:07:51 #92 FAIL INSERT id=1738443 via doris-3: InterfaceError: (0, '')
20:08:02 EVENT restore: start doris-2
20:08:05 #92 FAIL SELECT(check) id=1 via doris-3: OperationalError: (2013, 'Lost connection to MySQL server during query (timed out)')
20:08:12 connected to doris-3 (10.140.0.4)
20:08:16 #93 FAIL INSERT id=1738444 via doris-3: OperationalError: (2013, 'Lost connection to MySQL server during query')
20:08:19 #93 FAIL SELECT(check) id=1 via -: RuntimeError: no FE reachable
20:08:23 #94 FAIL INSERT id=1738445 via doris-3: OperationalError: (2003, "Can't connect to MySQL server on '10.140.0.4' ([Errno 111] Connection refused)")
20:08:24 #94 FAIL SELECT(check) id=1 via -: RuntimeError: no FE reachable
20:08:25 #95 FAIL INSERT id=1738446 via doris-3: OperationalError: (2003, "Can't connect to MySQL server on '10.140.0.4' ([Errno 111] Connection refused)")
20:08:25 #95 FAIL SELECT(check) id=1 via -: RuntimeError: no FE reachable
20:08:26 #96 FAIL INSERT id=1738447 via doris-3: OperationalError: (2003, "Can't connect to MySQL server on '10.140.0.4' ([Errno 111] Connection refused)")
20:08:26 #96 FAIL SELECT(check) id=1 via -: RuntimeError: no FE reachable
20:08:27 #97 FAIL INSERT id=1738448 via doris-3: OperationalError: (2003, "Can't connect to MySQL server on '10.140.0.4' ([Errno 111] Connection refused)")
20:08:27 #97 FAIL SELECT(check) id=1 via -: RuntimeError: no FE reachable
20:08:28 #98 FAIL INSERT id=1738449 via doris-3: OperationalError: (2003, "Can't connect to MySQL server on '10.140.0.4' ([Errno 111] Connection refused)")
20:08:29 #98 FAIL SELECT(check) id=1 via -: RuntimeError: no FE reachable
20:08:30 #99 FAIL INSERT id=1738450 via doris-3: OperationalError: (2003, "Can't connect to MySQL server on '10.140.0.4' ([Errno 111] Connection refused)")
20:08:30 #99 FAIL SELECT(check) id=1 via -: RuntimeError: no FE reachable
20:08:31 #100 FAIL INSERT id=1738451 via doris-3: OperationalError: (2003, "Can't connect to MySQL server on '10.140.0.4' ([Errno 111] Connection refused)")
20:08:31 #100 FAIL SELECT(check) id=1 via -: RuntimeError: no FE reachable
20:08:32 #101 FAIL INSERT id=1738452 via doris-3: OperationalError: (2003, "Can't connect to MySQL server on '10.140.0.4' ([Errno 111] Connection refused)")
20:08:32 #101 FAIL SELECT(check) id=1 via -: RuntimeError: no FE reachable
20:08:33 #102 FAIL INSERT id=1738453 via doris-3: OperationalError: (2003, "Can't connect to MySQL server on '10.140.0.4' ([Errno 111] Connection refused)")
20:08:33 #102 FAIL SELECT(check) id=1 via -: RuntimeError: no FE reachable
20:08:34 #103 FAIL INSERT id=1738454 via doris-3: OperationalError: (2003, "Can't connect to MySQL server on '10.140.0.4' ([Errno 111] Connection refused)")
20:08:34 #103 FAIL SELECT(check) id=1 via -: RuntimeError: no FE reachable
20:08:36 connected to doris-3 (10.140.0.4)
20:08:36 #104 OK INSERT id=1738455 via doris-3 rows=10276 [doris-1:f:DOWN doris-2:f:DOWN doris-3:M:up] (recovered)
20:08:37 #105 OK UPSERT id=1738455 via doris-3 rows=10276 [doris-1:f:DOWN doris-2:f:DOWN doris-3:M:up]
20:08:38 #106 OK SELECT id=1738455 via doris-3 rows=10276 [doris-1:f:DOWN doris-2:f:DOWN doris-3:M:up]
20:08:40 #107 OK DELETE id=1738455 via doris-3 rows=10274 [doris-1:f:DOWN doris-2:f:DOWN doris-3:M:up]
20:08:41 #108 OK SELECT id=1738455 via doris-3 rows=10274 [doris-1:f:DOWN doris-2:f:DOWN doris-3:M:up]
20:08:42 #109 OK INSERT id=1738456 via doris-3 rows=10276 [doris-1:f:up doris-2:f:up doris-3:M:up]
20:08:43 #110 OK UPSERT id=1738456 via doris-3 rows=10276 [doris-1:f:up doris-2:f:up doris-3:M:up]
20:08:44 #111 OK SELECT id=1738456 via doris-3 rows=10276 [doris-1:f:up doris-2:f:up doris-3:M:up]
20:08:45 #112 OK DELETE id=1738456 via doris-3 rows=10274 [doris-1:f:up doris-2:f:up doris-3:M:up]
20:08:46 #113 OK SELECT id=1738456 via doris-3 rows=10274 [doris-1:f:up doris-2:f:up doris-3:M:up]
20:08:47 #114 OK INSERT id=1738457 via doris-3 rows=10276 [doris-1:f:up doris-2:f:up doris-3:M:up]
20:08:48 #115 OK UPSERT id=1738457 via doris-3 rows=10276 [doris-1:f:up doris-2:f:up doris-3:M:up]
20:08:49 #116 OK SELECT id=1738457 via doris-3 rows=10276 [doris-1:f:up doris-2:f:up doris-3:M:up]
20:08:51 #117 OK DELETE id=1738457 via doris-3 rows=10274 [doris-1:f:up doris-2:f:up doris-3:M:up]
20:08:52 #118 OK SELECT id=1738457 via doris-3 rows=10274 [doris-1:f:up doris-2:f:up doris-3:M:up]
20:08:53 #119 OK INSERT id=1738458 via doris-3 rows=10276 [doris-1:f:up doris-2:f:up doris-3:M:up]
20:08:54 #120 OK UPSERT id=1738458 via doris-3 rows=10276 [doris-1:f:up doris-2:f:up doris-3:M:up]
20:08:55 #121 OK SELECT id=1738458 via doris-3 rows=10276 [doris-1:f:up doris-2:f:up doris-3:M:up]
20:08:56 #122 OK DELETE id=1738458 via doris-3 rows=10275 [doris-1:f:up doris-2:f:up doris-3:M:up]
20:08:56 EVENT restore: cluster healthy
20:08:57 #123 OK SELECT id=1738458 via doris-3 rows=10274 [doris-1:f:up doris-2:f:up doris-3:M:up]
20:08:58 #124 OK INSERT id=1738459 via doris-3 rows=10275 [doris-1:f:up doris-2:f:up doris-3:M:up]
20:08:59 #125 OK UPSERT id=1738459 via doris-3 rows=10276 [doris-1:f:up doris-2:f:up doris-3:M:up]
20:09:00 #126 OK SELECT id=1738459 via doris-3 rows=10276 [doris-1:f:up doris-2:f:up doris-3:M:up]
20:09:01 #127 OK DELETE id=1738459 via doris-3 rows=10275 [doris-1:f:up doris-2:f:up doris-3:M:up]
20:09:02 #128 OK SELECT id=1738459 via doris-3 rows=10274 [doris-1:f:up doris-2:f:up doris-3:M:up]
20:09:04 #129 OK INSERT id=1738460 via doris-3 rows=10275 [doris-1:f:up doris-2:f:up doris-3:M:up]
20:09:05 #130 OK UPSERT id=1738460 via doris-3 rows=10276 [doris-1:f:up doris-2:f:up doris-3:M:up]
20:09:06 #131 OK SELECT id=1738460 via doris-3 rows=10276 [doris-1:f:up doris-2:f:up doris-3:M:up]
20:09:07 #132 OK DELETE id=1738460 via doris-3 rows=10275 [doris-1:f:up doris-2:f:up doris-3:M:up]
20:09:08 #133 OK SELECT id=1738460 via doris-3 rows=10274 [doris-1:f:up doris-2:f:up doris-3:M:up]
20:09:09 #134 OK INSERT id=1738461 via doris-3 rows=10275 [doris-1:f:up doris-2:f:up doris-3:M:up]
20:09:10 #135 OK UPSERT id=1738461 via doris-3 rows=10276 [doris-1:f:up doris-2:f:up doris-3:M:up]
20:09:11 #136 OK SELECT id=1738461 via doris-3 rows=10276 [doris-1:f:up doris-2:f:up doris-3:M:up]
20:09:12 #137 OK DELETE id=1738461 via doris-3 rows=10275 [doris-1:f:up doris-2:f:up doris-3:M:up]
20:09:13 #138 OK SELECT id=1738461 via doris-3 rows=10274 [doris-1:f:up doris-2:f:up doris-3:M:up]
20:09:14 #139 OK INSERT id=1738462 via doris-3 rows=10275 [doris-1:f:up doris-2:f:up doris-3:M:up]
20:09:15 #140 OK UPSERT id=1738462 via doris-3 rows=10276 [doris-1:f:up doris-2:f:up doris-3:M:up]
20:09:16 #141 OK SELECT id=1738462 via doris-3 rows=10276 [doris-1:f:up doris-2:f:up doris-3:M:up]
20:09:17 #142 OK DELETE id=1738462 via doris-3 rows=10275 [doris-1:f:up doris-2:f:up doris-3:M:up]
20:09:18 #143 OK SELECT id=1738462 via doris-3 rows=10274 [doris-1:f:up doris-2:f:up doris-3:M:up]
20:09:19 #144 OK INSERT id=1738463 via doris-3 rows=10275 [doris-1:f:up doris-2:f:up doris-3:M:up]
20:09:21 #145 OK UPSERT id=1738463 via doris-3 rows=10275 [doris-1:f:up doris-2:f:up doris-3:M:up]
20:09:22 #146 OK SELECT id=1738463 via doris-3 rows=10276 [doris-1:f:up doris-2:f:up doris-3:M:up]
20:09:23 #147 OK DELETE id=1738463 via doris-3 rows=10275 [doris-1:f:up doris-2:f:up doris-3:M:up]
