18:15:23 PROBE start proto=arrow-flight hosts=doris-1,doris-2,doris-3 duration=86400s cycle=INSERT>UPSERT>SELECT>DELETE>SELECT
18:15:23 connected to doris-1 (10.140.0.2)
18:15:23 DML unsupported over arrow-flight (InternalError: RuntimeException, msg: getMysqlChannel not in mysql connection (Internal; ExecuteQuery)) — switching to SELECT-only mode
18:15:23 #1 OK SELECT id=3673230 via doris-1 rows=10215 [doris-1:f:up doris-2:M:up doris-3:f:up]
18:15:24 #2 OK SELECT id=3673230 via doris-1 rows=10216 [doris-1:f:up doris-2:M:up doris-3:f:up]
18:15:25 #3 OK SELECT id=3673230 via doris-1 rows=10216 [doris-1:f:up doris-2:M:up doris-3:f:up]
18:15:26 #4 OK SELECT id=3673230 via doris-1 rows=10215 [doris-1:f:up doris-2:M:up doris-3:f:up]
18:15:27 #5 OK SELECT id=3673230 via doris-1 rows=10214 [doris-1:f:up doris-2:M:up doris-3:f:up]
18:15:28 #6 OK SELECT id=3673230 via doris-1 rows=10215 [doris-1:f:up doris-2:M:up doris-3:f:up]
18:15:29 #7 OK SELECT id=3673230 via doris-1 rows=10216 [doris-1:f:up doris-2:M:up doris-3:f:up]
18:15:30 #8 OK SELECT id=3673230 via doris-1 rows=10216 [doris-1:f:up doris-2:M:up doris-3:f:up]
18:15:31 #9 OK SELECT id=3673230 via doris-1 rows=10215 [doris-1:f:up doris-2:M:up doris-3:f:up]
18:15:32 #10 OK SELECT id=3673230 via doris-1 rows=10214 [doris-1:f:up doris-2:M:up doris-3:f:up]
18:15:33 #11 OK SELECT id=3673230 via doris-1 rows=10215 [doris-1:f:up doris-2:M:up doris-3:f:up]
18:15:35 #12 OK SELECT id=3673230 via doris-1 rows=10216 [doris-1:f:up doris-2:M:up doris-3:f:up]
18:15:36 #13 OK SELECT id=3673230 via doris-1 rows=10216 [doris-1:f:up doris-2:M:up doris-3:f:up]
18:15:37 #14 OK SELECT id=3673230 via doris-1 rows=10216 [doris-1:f:up doris-2:M:up doris-3:f:up]
18:15:38 #15 OK SELECT id=3673230 via doris-1 rows=10214 [doris-1:f:up doris-2:M:up doris-3:f:up]
18:15:39 #16 OK SELECT id=3673230 via doris-1 rows=10214 [doris-1:f:up doris-2:M:up doris-3:f:up]
18:15:40 #17 OK SELECT id=3673230 via doris-1 rows=10216 [doris-1:f:up doris-2:M:up doris-3:f:up]
18:15:41 #18 OK SELECT id=3673230 via doris-1 rows=10216 [doris-1:f:up doris-2:M:up doris-3:f:up]
18:15:42 #19 OK SELECT id=3673230 via doris-1 rows=10216 [doris-1:f:up doris-2:M:up doris-3:f:up]
18:15:43 #20 OK SELECT id=3673230 via doris-1 rows=10214 [doris-1:f:up doris-2:M:up doris-3:f:up]
18:15:44 #21 OK SELECT id=3673230 via doris-1 rows=10214 [doris-1:f:up doris-2:M:up doris-3:f:up]
18:15:45 #22 OK SELECT id=3673230 via doris-1 rows=10216 [doris-1:f:up doris-2:M:up doris-3:f:up]
18:15:46 #23 OK SELECT id=3673230 via doris-1 rows=10216 [doris-1:f:up doris-2:M:up doris-3:f:up]
18:15:47 #24 OK SELECT id=3673230 via doris-1 rows=10216 [doris-1:f:up doris-2:M:up doris-3:f:up]
18:15:48 #25 OK SELECT id=3673230 via doris-1 rows=10214 [doris-1:f:up doris-2:M:up doris-3:f:up]
18:15:49 #26 OK SELECT id=3673230 via doris-1 rows=10214 [doris-1:f:up doris-2:M:up doris-3:f:up]
18:15:50 #27 OK SELECT id=3673230 via doris-1 rows=10216 [doris-1:f:up doris-2:M:up doris-3:f:up]
18:15:51 #28 OK SELECT id=3673230 via doris-1 rows=10216 [doris-1:f:up doris-2:M:up doris-3:f:up]
18:15:52 #29 OK SELECT id=3673230 via doris-1 rows=10216 [doris-1:f:up doris-2:M:up doris-3:f:up]
18:15:53 #30 OK SELECT id=3673230 via doris-1 rows=10214 [doris-1:f:up doris-2:M:up doris-3:f:up]
18:15:55 #31 OK SELECT id=3673230 via doris-1 rows=10214 [doris-1:f:up doris-2:M:up doris-3:f:up]
18:15:56 #32 OK SELECT id=3673230 via doris-1 rows=10216 [doris-1:f:up doris-2:M:up doris-3:f:up]
18:15:57 #33 OK SELECT id=3673230 via doris-1 rows=10216 [doris-1:f:up doris-2:M:up doris-3:f:up]
18:15:57 EVENT break: vm stop on doris-1 (FE follower)
18:15:58 #34 OK SELECT id=3673230 via doris-1 rows=10216 [doris-1:f:up doris-2:M:up doris-3:f:up]
18:15:59 #35 OK SELECT id=3673230 via doris-1 rows=10214 [doris-1:f:up doris-2:M:up doris-3:f:up]
18:16:00 #36 FAIL SELECT id=3673230 via doris-1: OperationalError: IO: [FlightSQL] connection error: desc = "transport: Error while dialing: dial tcp 10.140.0.2:8070: connect: c
18:16:01 connected to doris-2 (10.140.0.3)
18:16:02 #37 OK SELECT id=3673230 via doris-2 rows=10214 [doris-1:f:up doris-2:M:up doris-3:f:up] (recovered)
18:16:19 #38 OK SELECT id=3673230 via doris-2 rows=10214 [?]
18:16:20 #39 OK SELECT id=3673230 via doris-2 rows=10217 [doris-1:f:DOWN doris-2:M:up doris-3:f:up]
18:16:21 #40 OK SELECT id=3673230 via doris-2 rows=10216 [doris-1:f:DOWN doris-2:M:up doris-3:f:up]
18:16:22 #41 OK SELECT id=3673230 via doris-2 rows=10217 [doris-1:f:DOWN doris-2:M:up doris-3:f:up]
18:16:23 #42 OK SELECT id=3673230 via doris-2 rows=10218 [doris-1:f:DOWN doris-2:M:up doris-3:f:up]
18:16:23 EVENT break: doris-1 is down
18:16:24 #43 OK SELECT id=3673230 via doris-2 rows=10218 [doris-1:f:DOWN doris-2:M:up doris-3:f:up]
18:16:25 #44 OK SELECT id=3673230 via doris-2 rows=10217 [doris-1:f:DOWN doris-2:M:up doris-3:f:up]
18:16:26 #45 OK SELECT id=3673230 via doris-2 rows=10216 [doris-1:f:DOWN doris-2:M:up doris-3:f:up]
18:16:27 #46 OK SELECT id=3673230 via doris-2 rows=10217 [doris-1:f:DOWN doris-2:M:up doris-3:f:up]
18:16:28 #47 OK SELECT id=3673230 via doris-2 rows=10218 [doris-1:f:DOWN doris-2:M:up doris-3:f:up]
18:16:29 #48 OK SELECT id=3673230 via doris-2 rows=10218 [doris-1:f:DOWN doris-2:M:up doris-3:f:up]
18:16:31 #49 OK SELECT id=3673230 via doris-2 rows=10217 [doris-1:f:DOWN doris-2:M:up doris-3:f:up]
18:16:32 #50 OK SELECT id=3673230 via doris-2 rows=10216 [doris-1:f:DOWN doris-2:M:up doris-3:f:up]
18:16:33 #51 OK SELECT id=3673230 via doris-2 rows=10217 [doris-1:f:DOWN doris-2:M:up doris-3:f:up]
18:16:34 #52 OK SELECT id=3673230 via doris-2 rows=10218 [doris-1:f:DOWN doris-2:M:up doris-3:f:up]
18:16:35 #53 OK SELECT id=3673230 via doris-2 rows=10218 [doris-1:f:DOWN doris-2:M:up doris-3:f:up]
18:16:36 #54 OK SELECT id=3673230 via doris-2 rows=10217 [doris-1:f:DOWN doris-2:M:up doris-3:f:up]
18:16:37 #55 OK SELECT id=3673230 via doris-2 rows=10217 [doris-1:f:DOWN doris-2:M:up doris-3:f:up]
18:16:38 #56 OK SELECT id=3673230 via doris-2 rows=10218 [doris-1:f:DOWN doris-2:M:up doris-3:f:up]
18:16:39 #57 OK SELECT id=3673230 via doris-2 rows=10218 [doris-1:f:DOWN doris-2:M:up doris-3:f:up]
18:16:40 #58 OK SELECT id=3673230 via doris-2 rows=10217 [doris-1:f:DOWN doris-2:M:up doris-3:f:up]
18:16:41 #59 OK SELECT id=3673230 via doris-2 rows=10216 [doris-1:f:DOWN doris-2:M:up doris-3:f:up]
18:16:42 #60 OK SELECT id=3673230 via doris-2 rows=10217 [doris-1:f:DOWN doris-2:M:up doris-3:f:up]
18:16:43 #61 OK SELECT id=3673230 via doris-2 rows=10218 [doris-1:f:DOWN doris-2:M:up doris-3:f:up]
18:16:44 #62 OK SELECT id=3673230 via doris-2 rows=10218 [doris-1:f:DOWN doris-2:M:up doris-3:f:up]
18:16:45 #63 OK SELECT id=3673230 via doris-2 rows=10217 [doris-1:f:DOWN doris-2:M:up doris-3:f:up]
18:16:46 #64 OK SELECT id=3673230 via doris-2 rows=10216 [doris-1:f:DOWN doris-2:M:up doris-3:f:up]
18:16:48 #65 OK SELECT id=3673230 via doris-2 rows=10217 [doris-1:f:DOWN doris-2:M:up doris-3:f:up]
18:16:49 #66 OK SELECT id=3673230 via doris-2 rows=10218 [doris-1:f:DOWN doris-2:M:up doris-3:f:up]
18:16:50 #67 OK SELECT id=3673230 via doris-2 rows=10218 [doris-1:f:DOWN doris-2:M:up doris-3:f:up]
18:16:51 #68 OK SELECT id=3673230 via doris-2 rows=10217 [doris-1:f:DOWN doris-2:M:up doris-3:f:up]
18:16:52 #69 OK SELECT id=3673230 via doris-2 rows=10216 [doris-1:f:DOWN doris-2:M:up doris-3:f:up]
18:16:53 #70 OK SELECT id=3673230 via doris-2 rows=10217 [doris-1:f:DOWN doris-2:M:up doris-3:f:up]
18:16:54 #71 OK SELECT id=3673230 via doris-2 rows=10218 [doris-1:f:DOWN doris-2:M:up doris-3:f:up]
18:16:55 #72 OK SELECT id=3673230 via doris-2 rows=10218 [doris-1:f:DOWN doris-2:M:up doris-3:f:up]
18:16:56 #73 OK SELECT id=3673230 via doris-2 rows=10218 [doris-1:f:DOWN doris-2:M:up doris-3:f:up]
18:16:57 #74 OK SELECT id=3673230 via doris-2 rows=10217 [doris-1:f:DOWN doris-2:M:up doris-3:f:up]
18:16:58 #75 OK SELECT id=3673230 via doris-2 rows=10217 [doris-1:f:DOWN doris-2:M:up doris-3:f:up]
18:16:59 #76 OK SELECT id=3673230 via doris-2 rows=10217 [doris-1:f:DOWN doris-2:M:up doris-3:f:up]
18:17:00 #77 OK SELECT id=3673230 via doris-2 rows=10217 [doris-1:f:DOWN doris-2:M:up doris-3:f:up]
18:17:01 #78 OK SELECT id=3673230 via doris-2 rows=10218 [doris-1:f:DOWN doris-2:M:up doris-3:f:up]
18:17:02 #79 OK SELECT id=3673230 via doris-2 rows=10217 [doris-1:f:DOWN doris-2:M:up doris-3:f:up]
18:17:03 #80 OK SELECT id=3673230 via doris-2 rows=10217 [doris-1:f:DOWN doris-2:M:up doris-3:f:up]
18:17:05 #81 OK SELECT id=3673230 via doris-2 rows=10217 [doris-1:f:DOWN doris-2:M:up doris-3:f:up]
18:17:06 #82 OK SELECT id=3673230 via doris-2 rows=10217 [doris-1:f:DOWN doris-2:M:up doris-3:f:up]
18:17:07 #83 OK SELECT id=3673230 via doris-2 rows=10218 [doris-1:f:DOWN doris-2:M:up doris-3:f:up]
18:17:08 #84 OK SELECT id=3673230 via doris-2 rows=10217 [doris-1:f:DOWN doris-2:M:up doris-3:f:up]
18:17:09 #85 OK SELECT id=3673230 via doris-2 rows=10217 [doris-1:f:DOWN doris-2:M:up doris-3:f:up]
18:17:10 #86 OK SELECT id=3673230 via doris-2 rows=10217 [doris-1:f:DOWN doris-2:M:up doris-3:f:up]
18:17:11 #87 OK SELECT id=3673230 via doris-2 rows=10217 [doris-1:f:DOWN doris-2:M:up doris-3:f:up]
18:17:12 #88 OK SELECT id=3673230 via doris-2 rows=10218 [doris-1:f:DOWN doris-2:M:up doris-3:f:up]
18:17:13 #89 OK SELECT id=3673230 via doris-2 rows=10217 [doris-1:f:DOWN doris-2:M:up doris-3:f:up]
18:17:14 #90 OK SELECT id=3673230 via doris-2 rows=10217 [doris-1:f:DOWN doris-2:M:up doris-3:f:up]
18:17:15 #91 OK SELECT id=3673230 via doris-2 rows=10217 [doris-1:f:DOWN doris-2:M:up doris-3:f:up]
18:17:16 #92 OK SELECT id=3673230 via doris-2 rows=10217 [doris-1:f:DOWN doris-2:M:up doris-3:f:up]
18:17:17 #93 OK SELECT id=3673230 via doris-2 rows=10217 [doris-1:f:DOWN doris-2:M:up doris-3:f:up]
18:17:18 #94 OK SELECT id=3673230 via doris-2 rows=10216 [doris-1:f:DOWN doris-2:M:up doris-3:f:up]
18:17:19 #95 OK SELECT id=3673230 via doris-2 rows=10216 [doris-1:f:DOWN doris-2:M:up doris-3:f:up]
18:17:20 #96 OK SELECT id=3673230 via doris-2 rows=10218 [doris-1:f:DOWN doris-2:M:up doris-3:f:up]
18:17:22 #97 OK SELECT id=3673230 via doris-2 rows=10218 [doris-1:f:DOWN doris-2:M:up doris-3:f:up]
18:17:23 #98 OK SELECT id=3673230 via doris-2 rows=10218 [doris-1:f:DOWN doris-2:M:up doris-3:f:up]
18:17:24 #99 OK SELECT id=3673230 via doris-2 rows=10216 [doris-1:f:DOWN doris-2:M:up doris-3:f:up]
18:17:25 #100 OK SELECT id=3673230 via doris-2 rows=10216 [doris-1:f:DOWN doris-2:M:up doris-3:f:up]
18:17:26 #101 OK SELECT id=3673230 via doris-2 rows=10218 [doris-1:f:DOWN doris-2:M:up doris-3:f:up]
18:17:27 #102 OK SELECT id=3673230 via doris-2 rows=10218 [doris-1:f:DOWN doris-2:M:up doris-3:f:up]
18:17:28 #103 OK SELECT id=3673230 via doris-2 rows=10218 [doris-1:f:DOWN doris-2:M:up doris-3:f:up]
18:17:29 #104 OK SELECT id=3673230 via doris-2 rows=10216 [doris-1:f:DOWN doris-2:M:up doris-3:f:up]
18:17:30 #105 OK SELECT id=3673230 via doris-2 rows=10216 [doris-1:f:DOWN doris-2:M:up doris-3:f:up]
18:17:31 #106 OK SELECT id=3673230 via doris-2 rows=10218 [doris-1:f:DOWN doris-2:M:up doris-3:f:up]
18:17:32 #107 OK SELECT id=3673230 via doris-2 rows=10218 [doris-1:f:DOWN doris-2:M:up doris-3:f:up]
18:17:33 #108 OK SELECT id=3673230 via doris-2 rows=10218 [doris-1:f:DOWN doris-2:M:up doris-3:f:up]
18:17:34 #109 OK SELECT id=3673230 via doris-2 rows=10216 [doris-1:f:DOWN doris-2:M:up doris-3:f:up]
18:17:35 #110 OK SELECT id=3673230 via doris-2 rows=10216 [doris-1:f:DOWN doris-2:M:up doris-3:f:up]
18:17:36 #111 OK SELECT id=3673230 via doris-2 rows=10218 [doris-1:f:DOWN doris-2:M:up doris-3:f:up]
18:17:37 #112 OK SELECT id=3673230 via doris-2 rows=10218 [doris-1:f:DOWN doris-2:M:up doris-3:f:up]
18:17:38 #113 OK SELECT id=3673230 via doris-2 rows=10218 [doris-1:f:DOWN doris-2:M:up doris-3:f:up]
18:17:39 #114 OK SELECT id=3673230 via doris-2 rows=10217 [doris-1:f:DOWN doris-2:M:up doris-3:f:up]
18:17:41 #115 OK SELECT id=3673230 via doris-2 rows=10217 [doris-1:f:DOWN doris-2:M:up doris-3:f:up]
18:17:42 #116 OK SELECT id=3673230 via doris-2 rows=10218 [doris-1:f:DOWN doris-2:M:up doris-3:f:up]
18:17:43 #117 OK SELECT id=3673230 via doris-2 rows=10217 [doris-1:f:DOWN doris-2:M:up doris-3:f:up]
18:17:44 #118 OK SELECT id=3673230 via doris-2 rows=10217 [doris-1:f:DOWN doris-2:M:up doris-3:f:up]
18:17:45 #119 OK SELECT id=3673230 via doris-2 rows=10217 [doris-1:f:DOWN doris-2:M:up doris-3:f:up]
18:17:46 #120 OK SELECT id=3673230 via doris-2 rows=10217 [doris-1:f:DOWN doris-2:M:up doris-3:f:up]
18:17:47 #121 OK SELECT id=3673230 via doris-2 rows=10218 [doris-1:f:DOWN doris-2:M:up doris-3:f:up]
18:17:48 #122 OK SELECT id=3673230 via doris-2 rows=10217 [doris-1:f:DOWN doris-2:M:up doris-3:f:up]
18:17:49 #123 OK SELECT id=3673230 via doris-2 rows=10217 [doris-1:f:DOWN doris-2:M:up doris-3:f:up]
18:17:50 #124 OK SELECT id=3673230 via doris-2 rows=10217 [doris-1:f:DOWN doris-2:M:up doris-3:f:up]
18:17:51 #125 OK SELECT id=3673230 via doris-2 rows=10217 [doris-1:f:DOWN doris-2:M:up doris-3:f:up]
18:17:52 #126 OK SELECT id=3673230 via doris-2 rows=10218 [doris-1:f:DOWN doris-2:M:up doris-3:f:up]
18:17:53 #127 OK SELECT id=3673230 via doris-2 rows=10217 [doris-1:f:DOWN doris-2:M:up doris-3:f:up]
18:17:54 #128 OK SELECT id=3673230 via doris-2 rows=10217 [doris-1:f:DOWN doris-2:M:up doris-3:f:up]
18:17:55 #129 OK SELECT id=3673230 via doris-2 rows=10217 [doris-1:f:DOWN doris-2:M:up doris-3:f:up]
18:17:56 #130 OK SELECT id=3673230 via doris-2 rows=10217 [doris-1:f:DOWN doris-2:M:up doris-3:f:up]
18:17:57 #131 OK SELECT id=3673230 via doris-2 rows=10218 [doris-1:f:DOWN doris-2:M:up doris-3:f:up]
18:17:58 #132 OK SELECT id=3673230 via doris-2 rows=10218 [doris-1:f:DOWN doris-2:M:up doris-3:f:up]
18:18:00 #133 OK SELECT id=3673230 via doris-2 rows=10218 [doris-1:f:DOWN doris-2:M:up doris-3:f:up]
18:18:01 #134 OK SELECT id=3673230 via doris-2 rows=10216 [doris-1:f:DOWN doris-2:M:up doris-3:f:up]
18:18:02 #135 OK SELECT id=3673230 via doris-2 rows=10216 [doris-1:f:DOWN doris-2:M:up doris-3:f:up]
18:18:03 #136 OK SELECT id=3673230 via doris-2 rows=10218 [doris-1:f:DOWN doris-2:M:up doris-3:f:up]
18:18:03 EVENT restore: start doris-1
18:18:04 #137 OK SELECT id=3673230 via doris-2 rows=10218 [doris-1:f:DOWN doris-2:M:up doris-3:f:up]
18:18:05 #138 OK SELECT id=3673230 via doris-2 rows=10218 [doris-1:f:DOWN doris-2:M:up doris-3:f:up]
18:18:06 #139 OK SELECT id=3673230 via doris-2 rows=10216 [doris-1:f:DOWN doris-2:M:up doris-3:f:up]
18:18:07 #140 OK SELECT id=3673230 via doris-2 rows=10216 [doris-1:f:DOWN doris-2:M:up doris-3:f:up]
18:18:08 #141 OK SELECT id=3673230 via doris-2 rows=10218 [doris-1:f:DOWN doris-2:M:up doris-3:f:up]
18:18:09 #142 OK SELECT id=3673230 via doris-2 rows=10218 [doris-1:f:DOWN doris-2:M:up doris-3:f:up]
18:18:10 #143 OK SELECT id=3673230 via doris-2 rows=10218 [doris-1:f:DOWN doris-2:M:up doris-3:f:up]
18:18:11 #144 OK SELECT id=3673230 via doris-2 rows=10216 [doris-1:f:DOWN doris-2:M:up doris-3:f:up]
18:18:12 #145 OK SELECT id=3673230 via doris-2 rows=10216 [doris-1:f:DOWN doris-2:M:up doris-3:f:up]
18:18:13 #146 OK SELECT id=3673230 via doris-2 rows=10218 [doris-1:f:DOWN doris-2:M:up doris-3:f:up]
18:18:14 #147 OK SELECT id=3673230 via doris-2 rows=10218 [doris-1:f:DOWN doris-2:M:up doris-3:f:up]
18:18:15 #148 OK SELECT id=3673230 via doris-2 rows=10218 [doris-1:f:DOWN doris-2:M:up doris-3:f:up]
18:18:16 #149 OK SELECT id=3673230 via doris-2 rows=10216 [doris-1:f:DOWN doris-2:M:up doris-3:f:up]
18:18:17 #150 OK SELECT id=3673230 via doris-2 rows=10216 [doris-1:f:DOWN doris-2:M:up doris-3:f:up]
18:18:19 #151 OK SELECT id=3673230 via doris-2 rows=10217 [doris-1:f:DOWN doris-2:M:up doris-3:f:up]
18:18:20 #152 OK SELECT id=3673230 via doris-2 rows=10217 [doris-1:f:DOWN doris-2:M:up doris-3:f:up]
18:18:21 #153 OK SELECT id=3673230 via doris-2 rows=10217 [doris-1:f:DOWN doris-2:M:up doris-3:f:up]
18:18:22 #154 OK SELECT id=3673230 via doris-2 rows=10217 [doris-1:f:DOWN doris-2:M:up doris-3:f:up]
18:18:23 #155 OK SELECT id=3673230 via doris-2 rows=10217 [doris-1:f:DOWN doris-2:M:up doris-3:f:up]
18:18:24 #156 OK SELECT id=3673230 via doris-2 rows=10218 [doris-1:f:DOWN doris-2:M:up doris-3:f:up]
18:18:25 #157 OK SELECT id=3673230 via doris-2 rows=10217 [doris-1:f:DOWN doris-2:M:up doris-3:f:up]
18:18:26 #158 OK SELECT id=3673230 via doris-2 rows=10217 [doris-1:f:DOWN doris-2:M:up doris-3:f:up]
18:18:27 #159 OK SELECT id=3673230 via doris-2 rows=10217 [doris-1:f:DOWN doris-2:M:up doris-3:f:up]
18:18:28 #160 OK SELECT id=3673230 via doris-2 rows=10217 [doris-1:f:DOWN doris-2:M:up doris-3:f:up]
18:18:29 #161 OK SELECT id=3673230 via doris-2 rows=10218 [doris-1:f:DOWN doris-2:M:up doris-3:f:up]
18:18:30 #162 OK SELECT id=3673230 via doris-2 rows=10217 [doris-1:f:DOWN doris-2:M:up doris-3:f:up]
18:18:31 #163 OK SELECT id=3673230 via doris-2 rows=10217 [doris-1:f:DOWN doris-2:M:up doris-3:f:up]
18:18:32 #164 OK SELECT id=3673230 via doris-2 rows=10217 [doris-1:f:DOWN doris-2:M:up doris-3:f:up]
18:18:33 #165 OK SELECT id=3673230 via doris-2 rows=10217 [doris-1:f:DOWN doris-2:M:up doris-3:f:up]
18:18:34 #166 OK SELECT id=3673230 via doris-2 rows=10218 [doris-1:f:DOWN doris-2:M:up doris-3:f:up]
18:18:35 #167 OK SELECT id=3673230 via doris-2 rows=10217 [doris-1:f:DOWN doris-2:M:up doris-3:f:up]
18:18:36 #168 OK SELECT id=3673230 via doris-2 rows=10217 [doris-1:f:DOWN doris-2:M:up doris-3:f:up]
18:18:37 #169 OK SELECT id=3673230 via doris-2 rows=10217 [doris-1:f:DOWN doris-2:M:up doris-3:f:up]
18:18:39 #170 OK SELECT id=3673230 via doris-2 rows=10217 [doris-1:f:DOWN doris-2:M:up doris-3:f:up]
18:18:40 #171 OK SELECT id=3673230 via doris-2 rows=10218 [doris-1:f:DOWN doris-2:M:up doris-3:f:up]
18:18:41 #172 OK SELECT id=3673230 via doris-2 rows=10217 [doris-1:f:DOWN doris-2:M:up doris-3:f:up]
18:18:42 #173 OK SELECT id=3673230 via doris-2 rows=10217 [doris-1:f:DOWN doris-2:M:up doris-3:f:up]
18:18:43 #174 OK SELECT id=3673230 via doris-2 rows=10217 [doris-1:f:DOWN doris-2:M:up doris-3:f:up]
18:18:44 #175 OK SELECT id=3673230 via doris-2 rows=10217 [doris-1:f:up doris-2:M:up doris-3:f:up]
18:18:45 #176 OK SELECT id=3673230 via doris-2 rows=10218 [doris-1:f:up doris-2:M:up doris-3:f:up]
18:18:46 #177 OK SELECT id=3673230 via doris-2 rows=10217 [doris-1:f:up doris-2:M:up doris-3:f:up]
18:18:47 #178 OK SELECT id=3673230 via doris-2 rows=10217 [doris-1:f:up doris-2:M:up doris-3:f:up]
18:18:48 #179 OK SELECT id=3673230 via doris-2 rows=10217 [doris-1:f:up doris-2:M:up doris-3:f:up]
18:18:49 #180 OK SELECT id=3673230 via doris-2 rows=10217 [doris-1:f:up doris-2:M:up doris-3:f:up]
18:18:50 #181 OK SELECT id=3673230 via doris-2 rows=10218 [doris-1:f:up doris-2:M:up doris-3:f:up]
18:18:51 #182 OK SELECT id=3673230 via doris-2 rows=10217 [doris-1:f:up doris-2:M:up doris-3:f:up]
18:18:52 #183 OK SELECT id=3673230 via doris-2 rows=10217 [doris-1:f:up doris-2:M:up doris-3:f:up]
18:18:53 #184 OK SELECT id=3673230 via doris-2 rows=10217 [doris-1:f:up doris-2:M:up doris-3:f:up]
18:18:54 #185 OK SELECT id=3673230 via doris-2 rows=10217 [doris-1:f:up doris-2:M:up doris-3:f:up]
18:18:55 #186 OK SELECT id=3673230 via doris-2 rows=10218 [doris-1:f:up doris-2:M:up doris-3:f:up]
18:18:56 EVENT restore: cluster healthy
18:18:56 #187 OK SELECT id=3673230 via doris-2 rows=10218 [doris-1:f:up doris-2:M:up doris-3:f:up]
18:18:58 #188 OK SELECT id=3673230 via doris-2 rows=10217 [doris-1:f:up doris-2:M:up doris-3:f:up]
18:18:59 #189 OK SELECT id=3673230 via doris-2 rows=10216 [doris-1:f:up doris-2:M:up doris-3:f:up]
18:19:00 #190 OK SELECT id=3673230 via doris-2 rows=10217 [doris-1:f:up doris-2:M:up doris-3:f:up]
18:19:01 #191 OK SELECT id=3673230 via doris-2 rows=10218 [doris-1:f:up doris-2:M:up doris-3:f:up]
18:19:02 #192 OK SELECT id=3673230 via doris-2 rows=10218 [doris-1:f:up doris-2:M:up doris-3:f:up]
18:19:03 #193 OK SELECT id=3673230 via doris-2 rows=10217 [doris-1:f:up doris-2:M:up doris-3:f:up]
18:19:04 #194 OK SELECT id=3673230 via doris-2 rows=10216 [doris-1:f:up doris-2:M:up doris-3:f:up]
18:19:05 #195 OK SELECT id=3673230 via doris-2 rows=10217 [doris-1:f:up doris-2:M:up doris-3:f:up]
18:19:06 #196 OK SELECT id=3673230 via doris-2 rows=10218 [doris-1:f:up doris-2:M:up doris-3:f:up]
18:19:07 #197 OK SELECT id=3673230 via doris-2 rows=10218 [doris-1:f:up doris-2:M:up doris-3:f:up]
18:19:08 #198 OK SELECT id=3673230 via doris-2 rows=10217 [doris-1:f:up doris-2:M:up doris-3:f:up]
18:19:09 #199 OK SELECT id=3673230 via doris-2 rows=10216 [doris-1:f:up doris-2:M:up doris-3:f:up]
18:19:10 #200 OK SELECT id=3673230 via doris-2 rows=10217 [doris-1:f:up doris-2:M:up doris-3:f:up]
18:19:11 #201 OK SELECT id=3673230 via doris-2 rows=10218 [doris-1:f:up doris-2:M:up doris-3:f:up]
18:19:12 #202 OK SELECT id=3673230 via doris-2 rows=10218 [doris-1:f:up doris-2:M:up doris-3:f:up]
18:19:13 #203 OK SELECT id=3673230 via doris-2 rows=10217 [doris-1:f:up doris-2:M:up doris-3:f:up]
18:19:14 #204 OK SELECT id=3673230 via doris-2 rows=10216 [doris-1:f:up doris-2:M:up doris-3:f:up]
18:19:15 #205 OK SELECT id=3673230 via doris-2 rows=10216 [doris-1:f:up doris-2:M:up doris-3:f:up]
18:19:16 #206 OK SELECT id=3673230 via doris-2 rows=10218 [doris-1:f:up doris-2:M:up doris-3:f:up]
18:19:18 #207 OK SELECT id=3673230 via doris-2 rows=10218 [doris-1:f:up doris-2:M:up doris-3:f:up]
18:19:19 #208 OK SELECT id=3673230 via doris-2 rows=10218 [doris-1:f:up doris-2:M:up doris-3:f:up]
18:19:20 #209 OK SELECT id=3673230 via doris-2 rows=10216 [doris-1:f:up doris-2:M:up doris-3:f:up]
18:19:21 #210 OK SELECT id=3673230 via doris-2 rows=10216 [doris-1:f:up doris-2:M:up doris-3:f:up]
18:19:22 #211 OK SELECT id=3673230 via doris-2 rows=10218 [doris-1:f:up doris-2:M:up doris-3:f:up]
18:19:23 #212 OK SELECT id=3673230 via doris-2 rows=10218 [doris-1:f:up doris-2:M:up doris-3:f:up]
18:19:24 #213 OK SELECT id=3673230 via doris-2 rows=10218 [doris-1:f:up doris-2:M:up doris-3:f:up]
18:19:25 #214 OK SELECT id=3673230 via doris-2 rows=10216 [doris-1:f:up doris-2:M:up doris-3:f:up]
18:19:26 #215 OK SELECT id=3673230 via doris-2 rows=10216 [doris-1:f:up doris-2:M:up doris-3:f:up]
