18:15:23 PROBE start proto=jdbc hosts=doris-1,doris-2,doris-3 duration=86400s cycle=INSERT>UPSERT>SELECT>DELETE>SELECT url=jdbc:mysql://10.140.0.2:9030,10.140.0.3:9030,10.140.0.4:9030/hatest
18:15:23 connected to doris-1 (driver-selected host)
18:15:24 #1 OK INSERT id=2673230 via doris-1 rows=10216 [doris-1:f:up doris-2:M:up doris-3:f:up]
18:15:25 #2 OK UPSERT id=2673230 via doris-1 rows=10216 [doris-1:f:up doris-2:M:up doris-3:f:up]
18:15:26 #3 OK SELECT id=2673230 via doris-1 rows=10216 [doris-1:f:up doris-2:M:up doris-3:f:up]
18:15:27 #4 OK DELETE id=2673230 via doris-1 rows=10214 [doris-1:f:up doris-2:M:up doris-3:f:up]
18:15:28 #5 OK SELECT id=2673230 via doris-1 rows=10214 [doris-1:f:up doris-2:M:up doris-3:f:up]
18:15:29 #6 OK INSERT id=2673231 via doris-1 rows=10216 [doris-1:f:up doris-2:M:up doris-3:f:up]
18:15:30 #7 OK UPSERT id=2673231 via doris-1 rows=10216 [doris-1:f:up doris-2:M:up doris-3:f:up]
18:15:31 #8 OK SELECT id=2673231 via doris-1 rows=10216 [doris-1:f:up doris-2:M:up doris-3:f:up]
18:15:32 #9 OK DELETE id=2673231 via doris-1 rows=10214 [doris-1:f:up doris-2:M:up doris-3:f:up]
18:15:33 #10 OK SELECT id=2673231 via doris-1 rows=10214 [doris-1:f:up doris-2:M:up doris-3:f:up]
18:15:34 #11 OK INSERT id=2673232 via doris-1 rows=10216 [doris-1:f:up doris-2:M:up doris-3:f:up]
18:15:35 #12 OK UPSERT id=2673232 via doris-1 rows=10216 [doris-1:f:up doris-2:M:up doris-3:f:up]
18:15:36 #13 OK SELECT id=2673232 via doris-1 rows=10216 [doris-1:f:up doris-2:M:up doris-3:f:up]
18:15:37 #14 OK DELETE id=2673232 via doris-1 rows=10214 [doris-1:f:up doris-2:M:up doris-3:f:up]
18:15:38 #15 OK SELECT id=2673232 via doris-1 rows=10214 [doris-1:f:up doris-2:M:up doris-3:f:up]
18:15:40 #16 OK INSERT id=2673233 via doris-1 rows=10216 [doris-1:f:up doris-2:M:up doris-3:f:up]
18:15:41 #17 OK UPSERT id=2673233 via doris-1 rows=10216 [doris-1:f:up doris-2:M:up doris-3:f:up]
18:15:42 #18 OK SELECT id=2673233 via doris-1 rows=10216 [doris-1:f:up doris-2:M:up doris-3:f:up]
18:15:43 #19 OK DELETE id=2673233 via doris-1 rows=10214 [doris-1:f:up doris-2:M:up doris-3:f:up]
18:15:44 #20 OK SELECT id=2673233 via doris-1 rows=10214 [doris-1:f:up doris-2:M:up doris-3:f:up]
18:15:45 #21 OK INSERT id=2673234 via doris-1 rows=10216 [doris-1:f:up doris-2:M:up doris-3:f:up]
18:15:46 #22 OK UPSERT id=2673234 via doris-1 rows=10216 [doris-1:f:up doris-2:M:up doris-3:f:up]
18:15:47 #23 OK SELECT id=2673234 via doris-1 rows=10216 [doris-1:f:up doris-2:M:up doris-3:f:up]
18:15:48 #24 OK DELETE id=2673234 via doris-1 rows=10214 [doris-1:f:up doris-2:M:up doris-3:f:up]
18:15:49 #25 OK SELECT id=2673234 via doris-1 rows=10214 [doris-1:f:up doris-2:M:up doris-3:f:up]
18:15:50 #26 OK INSERT id=2673235 via doris-1 rows=10216 [doris-1:f:up doris-2:M:up doris-3:f:up]
18:15:51 #27 OK UPSERT id=2673235 via doris-1 rows=10216 [doris-1:f:up doris-2:M:up doris-3:f:up]
18:15:52 #28 OK SELECT id=2673235 via doris-1 rows=10216 [doris-1:f:up doris-2:M:up doris-3:f:up]
18:15:53 #29 OK DELETE id=2673235 via doris-1 rows=10214 [doris-1:f:up doris-2:M:up doris-3:f:up]
18:15:54 #30 OK SELECT id=2673235 via doris-1 rows=10214 [doris-1:f:up doris-2:M:up doris-3:f:up]
18:15:55 #31 OK INSERT id=2673236 via doris-1 rows=10216 [doris-1:f:up doris-2:M:up doris-3:f:up]
18:15:56 #32 OK UPSERT id=2673236 via doris-1 rows=10216 [doris-1:f:up doris-2:M:up doris-3:f:up]
18:15:57 EVENT break: vm stop on doris-1 (FE follower)
18:15:58 #33 OK SELECT id=2673236 via doris-1 rows=10216 [doris-1:f:up doris-2:M:up doris-3:f:up]
18:15:59 #34 OK DELETE id=2673236 via doris-1 rows=10214 [doris-1:f:up doris-2:M:up doris-3:f:up]
18:16:00 #35 FAIL SELECT id=2673236 via doris-1: CommunicationsException: Communications link failure  The last packet successfully received from the server was 1,017 milliseconds ago.
18:16:01 connected to doris-2 (driver-selected host)
18:16:10 #36 FAIL INSERT id=2673237 via doris-2: CommunicationsException: Communications link failure  The last packet successfully received from the server was 8,010 milliseconds ago.
18:16:13 #36 OK SELECT(check) id=1 via doris-2
18:16:17 connected to doris-2 (driver-selected host)
18:16:17 #37 OK INSERT id=2673238 via doris-2 rows=10218 [doris-1:f:DOWN doris-2:M:up doris-3:f:up] (recovered)
18:16:18 #38 OK UPSERT id=2673238 via doris-2 rows=10218 [doris-1:f:DOWN doris-2:M:up doris-3:f:up]
18:16:19 #39 OK SELECT id=2673238 via doris-2 rows=10218 [doris-1:f:DOWN doris-2:M:up doris-3:f:up]
18:16:21 #40 OK DELETE id=2673238 via doris-2 rows=10216 [doris-1:f:DOWN doris-2:M:up doris-3:f:up]
18:16:22 #41 OK SELECT id=2673238 via doris-2 rows=10216 [doris-1:f:DOWN doris-2:M:up doris-3:f:up]
18:16:23 #42 OK INSERT id=2673239 via doris-2 rows=10218 [doris-1:f:DOWN doris-2:M:up doris-3:f:up]
18:16:23 EVENT break: doris-1 is down
18:16:24 #43 OK UPSERT id=2673239 via doris-2 rows=10218 [doris-1:f:DOWN doris-2:M:up doris-3:f:up]
18:16:25 #44 OK SELECT id=2673239 via doris-2 rows=10218 [doris-1:f:DOWN doris-2:M:up doris-3:f:up]
18:16:26 #45 OK DELETE id=2673239 via doris-2 rows=10216 [doris-1:f:DOWN doris-2:M:up doris-3:f:up]
18:16:27 #46 OK SELECT id=2673239 via doris-2 rows=10216 [doris-1:f:DOWN doris-2:M:up doris-3:f:up]
18:16:28 #47 OK INSERT id=2673240 via doris-2 rows=10218 [doris-1:f:DOWN doris-2:M:up doris-3:f:up]
18:16:29 #48 OK UPSERT id=2673240 via doris-2 rows=10218 [doris-1:f:DOWN doris-2:M:up doris-3:f:up]
18:16:30 #49 OK SELECT id=2673240 via doris-2 rows=10218 [doris-1:f:DOWN doris-2:M:up doris-3:f:up]
18:16:31 #50 OK DELETE id=2673240 via doris-2 rows=10216 [doris-1:f:DOWN doris-2:M:up doris-3:f:up]
18:16:32 #51 OK SELECT id=2673240 via doris-2 rows=10216 [doris-1:f:DOWN doris-2:M:up doris-3:f:up]
18:16:33 #52 OK INSERT id=2673241 via doris-2 rows=10218 [doris-1:f:DOWN doris-2:M:up doris-3:f:up]
18:16:38 #53 OK UPSERT id=2673241 via doris-2 rows=10217 [doris-1:f:DOWN doris-2:M:up doris-3:f:up]
18:16:39 #54 OK SELECT id=2673241 via doris-2 rows=10218 [doris-1:f:DOWN doris-2:M:up doris-3:f:up]
18:16:40 #55 OK DELETE id=2673241 via doris-2 rows=10217 [doris-1:f:DOWN doris-2:M:up doris-3:f:up]
18:16:41 #56 OK SELECT id=2673241 via doris-2 rows=10217 [doris-1:f:DOWN doris-2:M:up doris-3:f:up]
18:16:42 #57 OK INSERT id=2673242 via doris-2 rows=10217 [doris-1:f:DOWN doris-2:M:up doris-3:f:up]
18:16:43 #58 OK UPSERT id=2673242 via doris-2 rows=10217 [doris-1:f:DOWN doris-2:M:up doris-3:f:up]
18:16:44 #59 OK SELECT id=2673242 via doris-2 rows=10218 [doris-1:f:DOWN doris-2:M:up doris-3:f:up]
18:16:45 #60 OK DELETE id=2673242 via doris-2 rows=10217 [doris-1:f:DOWN doris-2:M:up doris-3:f:up]
18:16:46 #61 OK SELECT id=2673242 via doris-2 rows=10217 [doris-1:f:DOWN doris-2:M:up doris-3:f:up]
18:16:47 #62 OK INSERT id=2673243 via doris-2 rows=10217 [doris-1:f:DOWN doris-2:M:up doris-3:f:up]
18:16:48 #63 OK UPSERT id=2673243 via doris-2 rows=10217 [doris-1:f:DOWN doris-2:M:up doris-3:f:up]
18:16:49 #64 OK SELECT id=2673243 via doris-2 rows=10218 [doris-1:f:DOWN doris-2:M:up doris-3:f:up]
18:16:50 #65 OK DELETE id=2673243 via doris-2 rows=10217 [doris-1:f:DOWN doris-2:M:up doris-3:f:up]
18:16:51 #66 OK SELECT id=2673243 via doris-2 rows=10217 [doris-1:f:DOWN doris-2:M:up doris-3:f:up]
18:16:52 #67 OK INSERT id=2673244 via doris-2 rows=10217 [doris-1:f:DOWN doris-2:M:up doris-3:f:up]
18:16:53 #68 OK UPSERT id=2673244 via doris-2 rows=10217 [doris-1:f:DOWN doris-2:M:up doris-3:f:up]
18:16:57 #69 OK SELECT id=2673244 via doris-2 rows=10218 [doris-1:f:DOWN doris-2:M:up doris-3:f:up]
18:16:59 #70 OK DELETE id=2673244 via doris-2 rows=10216 [doris-1:f:DOWN doris-2:M:up doris-3:f:up]
18:17:00 #71 OK SELECT id=2673244 via doris-2 rows=10217 [doris-1:f:DOWN doris-2:M:up doris-3:f:up]
18:17:01 #72 OK INSERT id=2673245 via doris-2 rows=10218 [doris-1:f:DOWN doris-2:M:up doris-3:f:up]
18:17:02 #73 OK UPSERT id=2673245 via doris-2 rows=10218 [doris-1:f:DOWN doris-2:M:up doris-3:f:up]
18:17:03 #74 OK SELECT id=2673245 via doris-2 rows=10217 [doris-1:f:DOWN doris-2:M:up doris-3:f:up]
18:17:04 #75 OK DELETE id=2673245 via doris-2 rows=10216 [doris-1:f:DOWN doris-2:M:up doris-3:f:up]
18:17:05 #76 OK SELECT id=2673245 via doris-2 rows=10217 [doris-1:f:DOWN doris-2:M:up doris-3:f:up]
18:17:06 #77 OK INSERT id=2673246 via doris-2 rows=10218 [doris-1:f:DOWN doris-2:M:up doris-3:f:up]
18:17:07 #78 OK UPSERT id=2673246 via doris-2 rows=10218 [doris-1:f:DOWN doris-2:M:up doris-3:f:up]
18:17:08 #79 OK SELECT id=2673246 via doris-2 rows=10217 [doris-1:f:DOWN doris-2:M:up doris-3:f:up]
18:17:09 #80 OK DELETE id=2673246 via doris-2 rows=10216 [doris-1:f:DOWN doris-2:M:up doris-3:f:up]
18:17:10 #81 OK SELECT id=2673246 via doris-2 rows=10217 [doris-1:f:DOWN doris-2:M:up doris-3:f:up]
18:17:11 #82 OK INSERT id=2673247 via doris-2 rows=10218 [doris-1:f:DOWN doris-2:M:up doris-3:f:up]
18:17:12 #83 OK UPSERT id=2673247 via doris-2 rows=10218 [doris-1:f:DOWN doris-2:M:up doris-3:f:up]
18:17:13 #84 OK SELECT id=2673247 via doris-2 rows=10217 [doris-1:f:DOWN doris-2:M:up doris-3:f:up]
18:17:14 #85 OK DELETE id=2673247 via doris-2 rows=10216 [doris-1:f:DOWN doris-2:M:up doris-3:f:up]
18:17:19 #86 OK SELECT id=2673247 via doris-2 rows=10217 [doris-1:f:DOWN doris-2:M:up doris-3:f:up]
18:17:20 #87 OK INSERT id=2673248 via doris-2 rows=10217 [doris-1:f:DOWN doris-2:M:up doris-3:f:up]
18:17:21 #88 OK UPSERT id=2673248 via doris-2 rows=10218 [doris-1:f:DOWN doris-2:M:up doris-3:f:up]
18:17:22 #89 OK SELECT id=2673248 via doris-2 rows=10218 [doris-1:f:DOWN doris-2:M:up doris-3:f:up]
18:17:23 #90 OK DELETE id=2673248 via doris-2 rows=10217 [doris-1:f:DOWN doris-2:M:up doris-3:f:up]
18:17:24 #91 OK SELECT id=2673248 via doris-2 rows=10216 [doris-1:f:DOWN doris-2:M:up doris-3:f:up]
18:17:25 #92 OK INSERT id=2673249 via doris-2 rows=10217 [doris-1:f:DOWN doris-2:M:up doris-3:f:up]
18:17:26 #93 OK UPSERT id=2673249 via doris-2 rows=10218 [doris-1:f:DOWN doris-2:M:up doris-3:f:up]
18:17:27 #94 OK SELECT id=2673249 via doris-2 rows=10218 [doris-1:f:DOWN doris-2:M:up doris-3:f:up]
18:17:28 #95 OK DELETE id=2673249 via doris-2 rows=10217 [doris-1:f:DOWN doris-2:M:up doris-3:f:up]
18:17:29 #96 OK SELECT id=2673249 via doris-2 rows=10216 [doris-1:f:DOWN doris-2:M:up doris-3:f:up]
18:17:30 #97 OK INSERT id=2673250 via doris-2 rows=10217 [doris-1:f:DOWN doris-2:M:up doris-3:f:up]
18:17:31 #98 OK UPSERT id=2673250 via doris-2 rows=10218 [doris-1:f:DOWN doris-2:M:up doris-3:f:up]
18:17:32 #99 OK SELECT id=2673250 via doris-2 rows=10218 [doris-1:f:DOWN doris-2:M:up doris-3:f:up]
18:17:33 #100 OK DELETE id=2673250 via doris-2 rows=10217 [doris-1:f:DOWN doris-2:M:up doris-3:f:up]
18:17:34 #101 OK SELECT id=2673250 via doris-2 rows=10216 [doris-1:f:DOWN doris-2:M:up doris-3:f:up]
18:17:35 #102 OK INSERT id=2673251 via doris-2 rows=10217 [doris-1:f:DOWN doris-2:M:up doris-3:f:up]
18:17:40 #103 OK UPSERT id=2673251 via doris-2 rows=10217 [doris-1:f:DOWN doris-2:M:up doris-3:f:up]
18:17:41 #104 OK SELECT id=2673251 via doris-2 rows=10217 [doris-1:f:DOWN doris-2:M:up doris-3:f:up]
18:17:42 #105 OK DELETE id=2673251 via doris-2 rows=10217 [doris-1:f:DOWN doris-2:M:up doris-3:f:up]
18:17:43 #106 OK SELECT id=2673251 via doris-2 rows=10217 [doris-1:f:DOWN doris-2:M:up doris-3:f:up]
18:17:44 #107 OK INSERT id=2673252 via doris-2 rows=10218 [doris-1:f:DOWN doris-2:M:up doris-3:f:up]
18:17:45 #108 OK UPSERT id=2673252 via doris-2 rows=10217 [doris-1:f:DOWN doris-2:M:up doris-3:f:up]
18:17:46 #109 OK SELECT id=2673252 via doris-2 rows=10217 [doris-1:f:DOWN doris-2:M:up doris-3:f:up]
18:17:47 #110 OK DELETE id=2673252 via doris-2 rows=10217 [doris-1:f:DOWN doris-2:M:up doris-3:f:up]
18:17:48 #111 OK SELECT id=2673252 via doris-2 rows=10217 [doris-1:f:DOWN doris-2:M:up doris-3:f:up]
18:17:49 #112 OK INSERT id=2673253 via doris-2 rows=10218 [doris-1:f:DOWN doris-2:M:up doris-3:f:up]
18:17:50 #113 OK UPSERT id=2673253 via doris-2 rows=10217 [doris-1:f:DOWN doris-2:M:up doris-3:f:up]
18:17:51 #114 OK SELECT id=2673253 via doris-2 rows=10217 [doris-1:f:DOWN doris-2:M:up doris-3:f:up]
18:17:52 #115 OK DELETE id=2673253 via doris-2 rows=10217 [doris-1:f:DOWN doris-2:M:up doris-3:f:up]
18:17:53 #116 OK SELECT id=2673253 via doris-2 rows=10217 [doris-1:f:DOWN doris-2:M:up doris-3:f:up]
18:17:54 #117 OK INSERT id=2673254 via doris-2 rows=10218 [doris-1:f:DOWN doris-2:M:up doris-3:f:up]
18:17:55 #118 OK UPSERT id=2673254 via doris-2 rows=10217 [doris-1:f:DOWN doris-2:M:up doris-3:f:up]
18:17:59 #119 OK SELECT id=2673254 via doris-2 rows=10217 [doris-1:f:DOWN doris-2:M:up doris-3:f:up]
18:18:01 #120 OK DELETE id=2673254 via doris-2 rows=10216 [doris-1:f:DOWN doris-2:M:up doris-3:f:up]
18:18:02 #121 OK SELECT id=2673254 via doris-2 rows=10216 [doris-1:f:DOWN doris-2:M:up doris-3:f:up]
18:18:03 #122 OK INSERT id=2673255 via doris-2 rows=10218 [doris-1:f:DOWN doris-2:M:up doris-3:f:up]
18:18:03 EVENT restore: start doris-1
18:18:04 #123 OK UPSERT id=2673255 via doris-2 rows=10218 [doris-1:f:DOWN doris-2:M:up doris-3:f:up]
18:18:05 #124 OK SELECT id=2673255 via doris-2 rows=10218 [doris-1:f:DOWN doris-2:M:up doris-3:f:up]
18:18:06 #125 OK DELETE id=2673255 via doris-2 rows=10216 [doris-1:f:DOWN doris-2:M:up doris-3:f:up]
18:18:07 #126 OK SELECT id=2673255 via doris-2 rows=10216 [doris-1:f:DOWN doris-2:M:up doris-3:f:up]
18:18:08 #127 OK INSERT id=2673256 via doris-2 rows=10218 [doris-1:f:DOWN doris-2:M:up doris-3:f:up]
18:18:09 #128 OK UPSERT id=2673256 via doris-2 rows=10218 [doris-1:f:DOWN doris-2:M:up doris-3:f:up]
18:18:10 #129 OK SELECT id=2673256 via doris-2 rows=10218 [doris-1:f:DOWN doris-2:M:up doris-3:f:up]
18:18:11 #130 OK DELETE id=2673256 via doris-2 rows=10216 [doris-1:f:DOWN doris-2:M:up doris-3:f:up]
18:18:12 #131 OK SELECT id=2673256 via doris-2 rows=10216 [doris-1:f:DOWN doris-2:M:up doris-3:f:up]
18:18:13 #132 OK INSERT id=2673257 via doris-2 rows=10218 [doris-1:f:DOWN doris-2:M:up doris-3:f:up]
18:18:14 #133 OK UPSERT id=2673257 via doris-2 rows=10218 [doris-1:f:DOWN doris-2:M:up doris-3:f:up]
18:18:15 #134 OK SELECT id=2673257 via doris-2 rows=10218 [doris-1:f:DOWN doris-2:M:up doris-3:f:up]
18:18:16 #135 OK DELETE id=2673257 via doris-2 rows=10216 [doris-1:f:DOWN doris-2:M:up doris-3:f:up]
18:18:20 #136 OK SELECT id=2673257 via doris-2 rows=10216 [doris-1:f:DOWN doris-2:M:up doris-3:f:up]
18:18:22 #137 OK INSERT id=2673258 via doris-2 rows=10217 [doris-1:f:DOWN doris-2:M:up doris-3:f:up]
18:18:23 #138 OK UPSERT id=2673258 via doris-2 rows=10217 [doris-1:f:DOWN doris-2:M:up doris-3:f:up]
18:18:24 #139 OK SELECT id=2673258 via doris-2 rows=10218 [doris-1:f:DOWN doris-2:M:up doris-3:f:up]
18:18:25 #140 OK DELETE id=2673258 via doris-2 rows=10217 [doris-1:f:DOWN doris-2:M:up doris-3:f:up]
18:18:26 #141 OK SELECT id=2673258 via doris-2 rows=10217 [doris-1:f:DOWN doris-2:M:up doris-3:f:up]
18:18:27 #142 OK INSERT id=2673259 via doris-2 rows=10217 [doris-1:f:DOWN doris-2:M:up doris-3:f:up]
18:18:28 #143 OK UPSERT id=2673259 via doris-2 rows=10217 [doris-1:f:DOWN doris-2:M:up doris-3:f:up]
18:18:29 #144 OK SELECT id=2673259 via doris-2 rows=10218 [doris-1:f:DOWN doris-2:M:up doris-3:f:up]
18:18:30 #145 OK DELETE id=2673259 via doris-2 rows=10217 [doris-1:f:DOWN doris-2:M:up doris-3:f:up]
18:18:31 #146 OK SELECT id=2673259 via doris-2 rows=10217 [doris-1:f:DOWN doris-2:M:up doris-3:f:up]
18:18:32 #147 OK INSERT id=2673260 via doris-2 rows=10217 [doris-1:f:DOWN doris-2:M:up doris-3:f:up]
18:18:33 #148 OK UPSERT id=2673260 via doris-2 rows=10217 [doris-1:f:DOWN doris-2:M:up doris-3:f:up]
18:18:34 #149 OK SELECT id=2673260 via doris-2 rows=10218 [doris-1:f:DOWN doris-2:M:up doris-3:f:up]
18:18:35 #150 OK DELETE id=2673260 via doris-2 rows=10217 [doris-1:f:DOWN doris-2:M:up doris-3:f:up]
18:18:36 #151 OK SELECT id=2673260 via doris-2 rows=10217 [doris-1:f:DOWN doris-2:M:up doris-3:f:up]
18:18:37 #152 OK INSERT id=2673261 via doris-2 rows=10217 [doris-1:f:DOWN doris-2:M:up doris-3:f:up]
18:18:38 #153 OK UPSERT id=2673261 via doris-2 rows=10217 [doris-1:f:DOWN doris-2:M:up doris-3:f:up]
18:18:39 #154 OK SELECT id=2673261 via doris-2 rows=10218 [doris-1:f:DOWN doris-2:M:up doris-3:f:up]
18:18:41 #155 OK DELETE id=2673261 via doris-2 rows=10217 [doris-1:f:DOWN doris-2:M:up doris-3:f:up]
18:18:42 #156 OK SELECT id=2673261 via doris-2 rows=10217 [doris-1:f:DOWN doris-2:M:up doris-3:f:up]
18:18:43 #157 OK INSERT id=2673262 via doris-2 rows=10217 [doris-1:f:DOWN doris-2:M:up doris-3:f:up]
18:18:44 #158 OK UPSERT id=2673262 via doris-2 rows=10217 [doris-1:f:DOWN doris-2:M:up doris-3:f:up]
18:18:45 #159 OK SELECT id=2673262 via doris-2 rows=10218 [doris-1:f:up doris-2:M:up doris-3:f:up]
18:18:46 #160 OK DELETE id=2673262 via doris-2 rows=10217 [doris-1:f:up doris-2:M:up doris-3:f:up]
18:18:47 #161 OK SELECT id=2673262 via doris-2 rows=10217 [doris-1:f:up doris-2:M:up doris-3:f:up]
18:18:48 #162 OK INSERT id=2673263 via doris-2 rows=10217 [doris-1:f:up doris-2:M:up doris-3:f:up]
18:18:49 #163 OK UPSERT id=2673263 via doris-2 rows=10217 [doris-1:f:up doris-2:M:up doris-3:f:up]
18:18:50 #164 OK SELECT id=2673263 via doris-2 rows=10218 [doris-1:f:up doris-2:M:up doris-3:f:up]
18:18:51 #165 OK DELETE id=2673263 via doris-2 rows=10217 [doris-1:f:up doris-2:M:up doris-3:f:up]
18:18:52 #166 OK SELECT id=2673263 via doris-2 rows=10217 [doris-1:f:up doris-2:M:up doris-3:f:up]
18:18:53 #167 OK INSERT id=2673264 via doris-2 rows=10217 [doris-1:f:up doris-2:M:up doris-3:f:up]
18:18:54 #168 OK UPSERT id=2673264 via doris-2 rows=10217 [doris-1:f:up doris-2:M:up doris-3:f:up]
18:18:55 #169 OK SELECT id=2673264 via doris-2 rows=10218 [doris-1:f:up doris-2:M:up doris-3:f:up]
18:18:56 EVENT restore: cluster healthy
18:18:57 #170 OK DELETE id=2673264 via doris-2 rows=10217 [doris-1:f:up doris-2:M:up doris-3:f:up]
18:18:58 #171 OK SELECT id=2673264 via doris-2 rows=10217 [doris-1:f:up doris-2:M:up doris-3:f:up]
18:18:59 #172 OK INSERT id=2673265 via doris-2 rows=10217 [doris-1:f:up doris-2:M:up doris-3:f:up]
18:19:00 #173 OK UPSERT id=2673265 via doris-2 rows=10217 [doris-1:f:up doris-2:M:up doris-3:f:up]
18:19:01 #174 OK SELECT id=2673265 via doris-2 rows=10218 [doris-1:f:up doris-2:M:up doris-3:f:up]
18:19:02 #175 OK DELETE id=2673265 via doris-2 rows=10217 [doris-1:f:up doris-2:M:up doris-3:f:up]
18:19:03 #176 OK SELECT id=2673265 via doris-2 rows=10217 [doris-1:f:up doris-2:M:up doris-3:f:up]
18:19:04 #177 OK INSERT id=2673266 via doris-2 rows=10217 [doris-1:f:up doris-2:M:up doris-3:f:up]
18:19:06 #178 OK UPSERT id=2673266 via doris-2 rows=10217 [doris-1:f:up doris-2:M:up doris-3:f:up]
18:19:07 #179 OK SELECT id=2673266 via doris-2 rows=10218 [doris-1:f:up doris-2:M:up doris-3:f:up]
18:19:08 #180 OK DELETE id=2673266 via doris-2 rows=10217 [doris-1:f:up doris-2:M:up doris-3:f:up]
18:19:09 #181 OK SELECT id=2673266 via doris-2 rows=10217 [doris-1:f:up doris-2:M:up doris-3:f:up]
18:19:10 #182 OK INSERT id=2673267 via doris-2 rows=10217 [doris-1:f:up doris-2:M:up doris-3:f:up]
18:19:11 #183 OK UPSERT id=2673267 via doris-2 rows=10217 [doris-1:f:up doris-2:M:up doris-3:f:up]
18:19:12 #184 OK SELECT id=2673267 via doris-2 rows=10218 [doris-1:f:up doris-2:M:up doris-3:f:up]
18:19:13 #185 OK DELETE id=2673267 via doris-2 rows=10217 [doris-1:f:up doris-2:M:up doris-3:f:up]
18:19:14 #186 OK SELECT id=2673267 via doris-2 rows=10216 [doris-1:f:up doris-2:M:up doris-3:f:up]
18:19:16 #187 OK INSERT id=2673268 via doris-2 rows=10217 [doris-1:f:up doris-2:M:up doris-3:f:up]
18:19:17 #188 OK UPSERT id=2673268 via doris-2 rows=10218 [doris-1:f:up doris-2:M:up doris-3:f:up]
18:19:18 #189 OK SELECT id=2673268 via doris-2 rows=10218 [doris-1:f:up doris-2:M:up doris-3:f:up]
18:19:19 #190 OK DELETE id=2673268 via doris-2 rows=10217 [doris-1:f:up doris-2:M:up doris-3:f:up]
18:19:20 #191 OK SELECT id=2673268 via doris-2 rows=10216 [doris-1:f:up doris-2:M:up doris-3:f:up]
18:19:21 #192 OK INSERT id=2673269 via doris-2 rows=10217 [doris-1:f:up doris-2:M:up doris-3:f:up]
18:19:22 #193 OK UPSERT id=2673269 via doris-2 rows=10218 [doris-1:f:up doris-2:M:up doris-3:f:up]
18:19:23 #194 OK SELECT id=2673269 via doris-2 rows=10218 [doris-1:f:up doris-2:M:up doris-3:f:up]
18:19:24 #195 OK DELETE id=2673269 via doris-2 rows=10217 [doris-1:f:up doris-2:M:up doris-3:f:up]
