18:15:23 PROBE start proto=mysql hosts=doris-1,doris-2,doris-3 duration=86400s cycle=INSERT>UPSERT>SELECT>DELETE>SELECT
18:15:23 connected to doris-1 (10.140.0.2)
18:15:23 #1 OK INSERT id=1673230 via doris-1 rows=10215 [doris-1:f:up doris-2:M:up doris-3:f:up]
18:15:24 #2 OK UPSERT id=1673230 via doris-1 rows=10216 [doris-1:f:up doris-2:M:up doris-3:f:up]
18:15:25 #3 OK SELECT id=1673230 via doris-1 rows=10216 [doris-1:f:up doris-2:M:up doris-3:f:up]
18:15:26 #4 OK DELETE id=1673230 via doris-1 rows=10215 [doris-1:f:up doris-2:M:up doris-3:f:up]
18:15:27 #5 OK SELECT id=1673230 via doris-1 rows=10214 [doris-1:f:up doris-2:M:up doris-3:f:up]
18:15:28 #6 OK INSERT id=1673231 via doris-1 rows=10215 [doris-1:f:up doris-2:M:up doris-3:f:up]
18:15:29 #7 OK UPSERT id=1673231 via doris-1 rows=10216 [doris-1:f:up doris-2:M:up doris-3:f:up]
18:15:30 #8 OK SELECT id=1673231 via doris-1 rows=10216 [doris-1:f:up doris-2:M:up doris-3:f:up]
18:15:31 #9 OK DELETE id=1673231 via doris-1 rows=10215 [doris-1:f:up doris-2:M:up doris-3:f:up]
18:15:32 #10 OK SELECT id=1673231 via doris-1 rows=10214 [doris-1:f:up doris-2:M:up doris-3:f:up]
18:15:33 #11 OK INSERT id=1673232 via doris-1 rows=10215 [doris-1:f:up doris-2:M:up doris-3:f:up]
18:15:35 #12 OK UPSERT id=1673232 via doris-1 rows=10216 [doris-1:f:up doris-2:M:up doris-3:f:up]
18:15:36 #13 OK SELECT id=1673232 via doris-1 rows=10216 [doris-1:f:up doris-2:M:up doris-3:f:up]
18:15:37 #14 OK DELETE id=1673232 via doris-1 rows=10215 [doris-1:f:up doris-2:M:up doris-3:f:up]
18:15:38 #15 OK SELECT id=1673232 via doris-1 rows=10214 [doris-1:f:up doris-2:M:up doris-3:f:up]
18:15:39 #16 OK INSERT id=1673233 via doris-1 rows=10215 [doris-1:f:up doris-2:M:up doris-3:f:up]
18:15:40 #17 OK UPSERT id=1673233 via doris-1 rows=10216 [doris-1:f:up doris-2:M:up doris-3:f:up]
18:15:41 #18 OK SELECT id=1673233 via doris-1 rows=10216 [doris-1:f:up doris-2:M:up doris-3:f:up]
18:15:42 #19 OK DELETE id=1673233 via doris-1 rows=10215 [doris-1:f:up doris-2:M:up doris-3:f:up]
18:15:43 #20 OK SELECT id=1673233 via doris-1 rows=10214 [doris-1:f:up doris-2:M:up doris-3:f:up]
18:15:44 #21 OK INSERT id=1673234 via doris-1 rows=10215 [doris-1:f:up doris-2:M:up doris-3:f:up]
18:15:45 #22 OK UPSERT id=1673234 via doris-1 rows=10216 [doris-1:f:up doris-2:M:up doris-3:f:up]
18:15:46 #23 OK SELECT id=1673234 via doris-1 rows=10216 [doris-1:f:up doris-2:M:up doris-3:f:up]
18:15:47 #24 OK DELETE id=1673234 via doris-1 rows=10215 [doris-1:f:up doris-2:M:up doris-3:f:up]
18:15:48 #25 OK SELECT id=1673234 via doris-1 rows=10214 [doris-1:f:up doris-2:M:up doris-3:f:up]
18:15:49 #26 OK INSERT id=1673235 via doris-1 rows=10215 [doris-1:f:up doris-2:M:up doris-3:f:up]
18:15:50 #27 OK UPSERT id=1673235 via doris-1 rows=10216 [doris-1:f:up doris-2:M:up doris-3:f:up]
18:15:51 #28 OK SELECT id=1673235 via doris-1 rows=10216 [doris-1:f:up doris-2:M:up doris-3:f:up]
18:15:53 #29 OK DELETE id=1673235 via doris-1 rows=10215 [doris-1:f:up doris-2:M:up doris-3:f:up]
18:15:54 #30 OK SELECT id=1673235 via doris-1 rows=10214 [doris-1:f:up doris-2:M:up doris-3:f:up]
18:15:55 #31 OK INSERT id=1673236 via doris-1 rows=10215 [doris-1:f:up doris-2:M:up doris-3:f:up]
18:15:56 #32 OK UPSERT id=1673236 via doris-1 rows=10216 [doris-1:f:up doris-2:M:up doris-3:f:up]
18:15:57 EVENT break: vm stop on doris-1 (FE follower)
18:15:57 #33 OK SELECT id=1673236 via doris-1 rows=10216 [doris-1:f:up doris-2:M:up doris-3:f:up]
18:15:58 #34 OK DELETE id=1673236 via doris-1 rows=10215 [doris-1:f:up doris-2:M:up doris-3:f:up]
18:15:59 #35 OK SELECT id=1673236 via doris-1 rows=10214 [doris-1:f:up doris-2:M:up doris-3:f:up]
18:16:00 #36 FAIL INSERT id=1673237 via doris-1: OperationalError: (2013, 'Lost connection to MySQL server during query')
18:16:00 #36 FAIL SELECT(check) id=1 via doris-2: OperationalError: (1105, 'RpcException, msg: send fragments failed. io.grpc.StatusRuntimeException: UNAVAILA
18:16:01 connected to doris-2 (10.140.0.3)
18:16:09 #37 FAIL INSERT id=1673238 via doris-2: OperationalError: (2013, 'Lost connection to MySQL server during query (timed out)')
18:16:12 #37 OK SELECT(check) id=1 via doris-2
18:16:16 connected to doris-2 (10.140.0.3)
18:16:16 #38 OK INSERT id=1673239 via doris-2 rows=10217 [doris-1:f:DOWN doris-2:M:up doris-3:f:up] (recovered)
18:16:17 #39 OK UPSERT id=1673239 via doris-2 rows=10218 [doris-1:f:DOWN doris-2:M:up doris-3:f:up]
18:16:18 #40 OK SELECT id=1673239 via doris-2 rows=10218 [doris-1:f:DOWN doris-2:M:up doris-3:f:up]
18:16:20 #41 OK DELETE id=1673239 via doris-2 rows=10217 [doris-1:f:DOWN doris-2:M:up doris-3:f:up]
18:16:21 #42 OK SELECT id=1673239 via doris-2 rows=10216 [doris-1:f:DOWN doris-2:M:up doris-3:f:up]
18:16:22 #43 OK INSERT id=1673240 via doris-2 rows=10217 [doris-1:f:DOWN doris-2:M:up doris-3:f:up]
18:16:23 #44 OK UPSERT id=1673240 via doris-2 rows=10218 [doris-1:f:DOWN doris-2:M:up doris-3:f:up]
18:16:23 EVENT break: doris-1 is down
18:16:24 #45 OK SELECT id=1673240 via doris-2 rows=10218 [doris-1:f:DOWN doris-2:M:up doris-3:f:up]
18:16:25 #46 OK DELETE id=1673240 via doris-2 rows=10217 [doris-1:f:DOWN doris-2:M:up doris-3:f:up]
18:16:26 #47 OK SELECT id=1673240 via doris-2 rows=10216 [doris-1:f:DOWN doris-2:M:up doris-3:f:up]
18:16:27 #48 OK INSERT id=1673241 via doris-2 rows=10217 [doris-1:f:DOWN doris-2:M:up doris-3:f:up]
18:16:28 #49 OK UPSERT id=1673241 via doris-2 rows=10218 [doris-1:f:DOWN doris-2:M:up doris-3:f:up]
18:16:29 #50 OK SELECT id=1673241 via doris-2 rows=10218 [doris-1:f:DOWN doris-2:M:up doris-3:f:up]
18:16:30 #51 OK DELETE id=1673241 via doris-2 rows=10217 [doris-1:f:DOWN doris-2:M:up doris-3:f:up]
18:16:31 #52 OK SELECT id=1673241 via doris-2 rows=10216 [doris-1:f:DOWN doris-2:M:up doris-3:f:up]
18:16:32 #53 OK INSERT id=1673242 via doris-2 rows=10217 [doris-1:f:DOWN doris-2:M:up doris-3:f:up]
18:16:33 #54 OK UPSERT id=1673242 via doris-2 rows=10218 [doris-1:f:DOWN doris-2:M:up doris-3:f:up]
18:16:34 #55 OK SELECT id=1673242 via doris-2 rows=10218 [doris-1:f:DOWN doris-2:M:up doris-3:f:up]
18:16:36 #56 OK DELETE id=1673242 via doris-2 rows=10217 [doris-1:f:DOWN doris-2:M:up doris-3:f:up]
18:16:37 #57 OK SELECT id=1673242 via doris-2 rows=10217 [doris-1:f:DOWN doris-2:M:up doris-3:f:up]
18:16:38 #58 OK INSERT id=1673243 via doris-2 rows=10218 [doris-1:f:DOWN doris-2:M:up doris-3:f:up]
18:16:39 #59 OK UPSERT id=1673243 via doris-2 rows=10218 [doris-1:f:DOWN doris-2:M:up doris-3:f:up]
18:16:40 #60 OK SELECT id=1673243 via doris-2 rows=10217 [doris-1:f:DOWN doris-2:M:up doris-3:f:up]
18:16:41 #61 OK DELETE id=1673243 via doris-2 rows=10216 [doris-1:f:DOWN doris-2:M:up doris-3:f:up]
18:16:42 #62 OK SELECT id=1673243 via doris-2 rows=10217 [doris-1:f:DOWN doris-2:M:up doris-3:f:up]
18:16:43 #63 OK INSERT id=1673244 via doris-2 rows=10218 [doris-1:f:DOWN doris-2:M:up doris-3:f:up]
18:16:44 #64 OK UPSERT id=1673244 via doris-2 rows=10218 [doris-1:f:DOWN doris-2:M:up doris-3:f:up]
18:16:45 #65 OK SELECT id=1673244 via doris-2 rows=10217 [doris-1:f:DOWN doris-2:M:up doris-3:f:up]
18:16:46 #66 OK DELETE id=1673244 via doris-2 rows=10216 [doris-1:f:DOWN doris-2:M:up doris-3:f:up]
18:16:47 #67 OK SELECT id=1673244 via doris-2 rows=10217 [doris-1:f:DOWN doris-2:M:up doris-3:f:up]
18:16:48 #68 OK INSERT id=1673245 via doris-2 rows=10218 [doris-1:f:DOWN doris-2:M:up doris-3:f:up]
18:16:49 #69 OK UPSERT id=1673245 via doris-2 rows=10218 [doris-1:f:DOWN doris-2:M:up doris-3:f:up]
18:16:50 #70 OK SELECT id=1673245 via doris-2 rows=10217 [doris-1:f:DOWN doris-2:M:up doris-3:f:up]
18:16:51 #71 OK DELETE id=1673245 via doris-2 rows=10216 [doris-1:f:DOWN doris-2:M:up doris-3:f:up]
18:16:53 #72 OK SELECT id=1673245 via doris-2 rows=10217 [doris-1:f:DOWN doris-2:M:up doris-3:f:up]
18:16:54 #73 OK INSERT id=1673246 via doris-2 rows=10218 [doris-1:f:DOWN doris-2:M:up doris-3:f:up]
18:16:55 #74 OK UPSERT id=1673246 via doris-2 rows=10218 [doris-1:f:DOWN doris-2:M:up doris-3:f:up]
18:16:56 #75 OK SELECT id=1673246 via doris-2 rows=10218 [doris-1:f:DOWN doris-2:M:up doris-3:f:up]
18:16:57 #76 OK DELETE id=1673246 via doris-2 rows=10217 [doris-1:f:DOWN doris-2:M:up doris-3:f:up]
18:16:58 #77 OK SELECT id=1673246 via doris-2 rows=10217 [doris-1:f:DOWN doris-2:M:up doris-3:f:up]
18:16:59 #78 OK INSERT id=1673247 via doris-2 rows=10217 [doris-1:f:DOWN doris-2:M:up doris-3:f:up]
18:17:00 #79 OK UPSERT id=1673247 via doris-2 rows=10217 [doris-1:f:DOWN doris-2:M:up doris-3:f:up]
18:17:01 #80 OK SELECT id=1673247 via doris-2 rows=10218 [doris-1:f:DOWN doris-2:M:up doris-3:f:up]
18:17:02 #81 OK DELETE id=1673247 via doris-2 rows=10217 [doris-1:f:DOWN doris-2:M:up doris-3:f:up]
18:17:03 #82 OK SELECT id=1673247 via doris-2 rows=10217 [doris-1:f:DOWN doris-2:M:up doris-3:f:up]
18:17:04 #83 OK INSERT id=1673248 via doris-2 rows=10217 [doris-1:f:DOWN doris-2:M:up doris-3:f:up]
18:17:05 #84 OK UPSERT id=1673248 via doris-2 rows=10217 [doris-1:f:DOWN doris-2:M:up doris-3:f:up]
18:17:06 #85 OK SELECT id=1673248 via doris-2 rows=10218 [doris-1:f:DOWN doris-2:M:up doris-3:f:up]
18:17:07 #86 OK DELETE id=1673248 via doris-2 rows=10217 [doris-1:f:DOWN doris-2:M:up doris-3:f:up]
18:17:08 #87 OK SELECT id=1673248 via doris-2 rows=10217 [doris-1:f:DOWN doris-2:M:up doris-3:f:up]
18:17:09 #88 OK INSERT id=1673249 via doris-2 rows=10217 [doris-1:f:DOWN doris-2:M:up doris-3:f:up]
18:17:11 #89 OK UPSERT id=1673249 via doris-2 rows=10217 [doris-1:f:DOWN doris-2:M:up doris-3:f:up]
18:17:12 #90 OK SELECT id=1673249 via doris-2 rows=10218 [doris-1:f:DOWN doris-2:M:up doris-3:f:up]
18:17:13 #91 OK DELETE id=1673249 via doris-2 rows=10217 [doris-1:f:DOWN doris-2:M:up doris-3:f:up]
18:17:14 #92 OK SELECT id=1673249 via doris-2 rows=10217 [doris-1:f:DOWN doris-2:M:up doris-3:f:up]
18:17:15 #93 OK INSERT id=1673250 via doris-2 rows=10217 [doris-1:f:DOWN doris-2:M:up doris-3:f:up]
18:17:16 #94 OK UPSERT id=1673250 via doris-2 rows=10217 [doris-1:f:DOWN doris-2:M:up doris-3:f:up]
18:17:17 #95 OK SELECT id=1673250 via doris-2 rows=10217 [doris-1:f:DOWN doris-2:M:up doris-3:f:up]
18:17:18 #96 OK DELETE id=1673250 via doris-2 rows=10216 [doris-1:f:DOWN doris-2:M:up doris-3:f:up]
18:17:19 #97 OK SELECT id=1673250 via doris-2 rows=10216 [doris-1:f:DOWN doris-2:M:up doris-3:f:up]
18:17:20 #98 OK INSERT id=1673251 via doris-2 rows=10218 [doris-1:f:DOWN doris-2:M:up doris-3:f:up]
18:17:21 #99 OK UPSERT id=1673251 via doris-2 rows=10218 [doris-1:f:DOWN doris-2:M:up doris-3:f:up]
18:17:22 #100 OK SELECT id=1673251 via doris-2 rows=10218 [doris-1:f:DOWN doris-2:M:up doris-3:f:up]
18:17:23 #101 OK DELETE id=1673251 via doris-2 rows=10216 [doris-1:f:DOWN doris-2:M:up doris-3:f:up]
18:17:24 #102 OK SELECT id=1673251 via doris-2 rows=10216 [doris-1:f:DOWN doris-2:M:up doris-3:f:up]
18:17:25 #103 OK INSERT id=1673252 via doris-2 rows=10218 [doris-1:f:DOWN doris-2:M:up doris-3:f:up]
18:17:26 #104 OK UPSERT id=1673252 via doris-2 rows=10218 [doris-1:f:DOWN doris-2:M:up doris-3:f:up]
18:17:27 #105 OK SELECT id=1673252 via doris-2 rows=10218 [doris-1:f:DOWN doris-2:M:up doris-3:f:up]
18:17:29 #106 OK DELETE id=1673252 via doris-2 rows=10216 [doris-1:f:DOWN doris-2:M:up doris-3:f:up]
18:17:30 #107 OK SELECT id=1673252 via doris-2 rows=10216 [doris-1:f:DOWN doris-2:M:up doris-3:f:up]
18:17:31 #108 OK INSERT id=1673253 via doris-2 rows=10218 [doris-1:f:DOWN doris-2:M:up doris-3:f:up]
18:17:32 #109 OK UPSERT id=1673253 via doris-2 rows=10218 [doris-1:f:DOWN doris-2:M:up doris-3:f:up]
18:17:33 #110 OK SELECT id=1673253 via doris-2 rows=10218 [doris-1:f:DOWN doris-2:M:up doris-3:f:up]
18:17:34 #111 OK DELETE id=1673253 via doris-2 rows=10216 [doris-1:f:DOWN doris-2:M:up doris-3:f:up]
18:17:35 #112 OK SELECT id=1673253 via doris-2 rows=10216 [doris-1:f:DOWN doris-2:M:up doris-3:f:up]
18:17:36 #113 OK INSERT id=1673254 via doris-2 rows=10218 [doris-1:f:DOWN doris-2:M:up doris-3:f:up]
18:17:37 #114 OK UPSERT id=1673254 via doris-2 rows=10218 [doris-1:f:DOWN doris-2:M:up doris-3:f:up]
18:17:38 #115 OK SELECT id=1673254 via doris-2 rows=10218 [doris-1:f:DOWN doris-2:M:up doris-3:f:up]
18:17:39 #116 OK DELETE id=1673254 via doris-2 rows=10217 [doris-1:f:DOWN doris-2:M:up doris-3:f:up]
18:17:40 #117 OK SELECT id=1673254 via doris-2 rows=10217 [doris-1:f:DOWN doris-2:M:up doris-3:f:up]
18:17:41 #118 OK INSERT id=1673255 via doris-2 rows=10218 [doris-1:f:DOWN doris-2:M:up doris-3:f:up]
18:17:42 #119 OK UPSERT id=1673255 via doris-2 rows=10217 [doris-1:f:DOWN doris-2:M:up doris-3:f:up]
18:17:43 #120 OK SELECT id=1673255 via doris-2 rows=10217 [doris-1:f:DOWN doris-2:M:up doris-3:f:up]
18:17:44 #121 OK DELETE id=1673255 via doris-2 rows=10217 [doris-1:f:DOWN doris-2:M:up doris-3:f:up]
18:17:45 #122 OK SELECT id=1673255 via doris-2 rows=10217 [doris-1:f:DOWN doris-2:M:up doris-3:f:up]
18:17:46 #123 OK INSERT id=1673256 via doris-2 rows=10218 [doris-1:f:DOWN doris-2:M:up doris-3:f:up]
18:17:48 #124 OK UPSERT id=1673256 via doris-2 rows=10217 [doris-1:f:DOWN doris-2:M:up doris-3:f:up]
18:17:49 #125 OK SELECT id=1673256 via doris-2 rows=10217 [doris-1:f:DOWN doris-2:M:up doris-3:f:up]
18:17:50 #126 OK DELETE id=1673256 via doris-2 rows=10217 [doris-1:f:DOWN doris-2:M:up doris-3:f:up]
18:17:51 #127 OK SELECT id=1673256 via doris-2 rows=10217 [doris-1:f:DOWN doris-2:M:up doris-3:f:up]
18:17:52 #128 OK INSERT id=1673257 via doris-2 rows=10218 [doris-1:f:DOWN doris-2:M:up doris-3:f:up]
18:17:53 #129 OK UPSERT id=1673257 via doris-2 rows=10217 [doris-1:f:DOWN doris-2:M:up doris-3:f:up]
18:17:54 #130 OK SELECT id=1673257 via doris-2 rows=10217 [doris-1:f:DOWN doris-2:M:up doris-3:f:up]
18:17:55 #131 OK DELETE id=1673257 via doris-2 rows=10217 [doris-1:f:DOWN doris-2:M:up doris-3:f:up]
18:17:56 #132 OK SELECT id=1673257 via doris-2 rows=10217 [doris-1:f:DOWN doris-2:M:up doris-3:f:up]
18:17:57 #133 OK INSERT id=1673258 via doris-2 rows=10218 [doris-1:f:DOWN doris-2:M:up doris-3:f:up]
18:17:58 #134 OK UPSERT id=1673258 via doris-2 rows=10218 [doris-1:f:DOWN doris-2:M:up doris-3:f:up]
18:17:59 #135 OK SELECT id=1673258 via doris-2 rows=10218 [doris-1:f:DOWN doris-2:M:up doris-3:f:up]
18:18:00 #136 OK DELETE id=1673258 via doris-2 rows=10217 [doris-1:f:DOWN doris-2:M:up doris-3:f:up]
18:18:01 #137 OK SELECT id=1673258 via doris-2 rows=10216 [doris-1:f:DOWN doris-2:M:up doris-3:f:up]
18:18:02 #138 OK INSERT id=1673259 via doris-2 rows=10217 [doris-1:f:DOWN doris-2:M:up doris-3:f:up]
18:18:03 EVENT restore: start doris-1
18:18:03 #139 OK UPSERT id=1673259 via doris-2 rows=10218 [doris-1:f:DOWN doris-2:M:up doris-3:f:up]
18:18:04 #140 OK SELECT id=1673259 via doris-2 rows=10218 [doris-1:f:DOWN doris-2:M:up doris-3:f:up]
18:18:06 #141 OK DELETE id=1673259 via doris-2 rows=10217 [doris-1:f:DOWN doris-2:M:up doris-3:f:up]
18:18:07 #142 OK SELECT id=1673259 via doris-2 rows=10216 [doris-1:f:DOWN doris-2:M:up doris-3:f:up]
18:18:08 #143 OK INSERT id=1673260 via doris-2 rows=10217 [doris-1:f:DOWN doris-2:M:up doris-3:f:up]
18:18:09 #144 OK UPSERT id=1673260 via doris-2 rows=10218 [doris-1:f:DOWN doris-2:M:up doris-3:f:up]
18:18:10 #145 OK SELECT id=1673260 via doris-2 rows=10218 [doris-1:f:DOWN doris-2:M:up doris-3:f:up]
18:18:11 #146 OK DELETE id=1673260 via doris-2 rows=10217 [doris-1:f:DOWN doris-2:M:up doris-3:f:up]
18:18:12 #147 OK SELECT id=1673260 via doris-2 rows=10216 [doris-1:f:DOWN doris-2:M:up doris-3:f:up]
18:18:13 #148 OK INSERT id=1673261 via doris-2 rows=10217 [doris-1:f:DOWN doris-2:M:up doris-3:f:up]
18:18:14 #149 OK UPSERT id=1673261 via doris-2 rows=10218 [doris-1:f:DOWN doris-2:M:up doris-3:f:up]
18:18:15 #150 OK SELECT id=1673261 via doris-2 rows=10218 [doris-1:f:DOWN doris-2:M:up doris-3:f:up]
18:18:16 #151 OK DELETE id=1673261 via doris-2 rows=10217 [doris-1:f:DOWN doris-2:M:up doris-3:f:up]
18:18:17 #152 OK SELECT id=1673261 via doris-2 rows=10216 [doris-1:f:DOWN doris-2:M:up doris-3:f:up]
18:18:18 #153 OK INSERT id=1673262 via doris-2 rows=10217 [doris-1:f:DOWN doris-2:M:up doris-3:f:up]
18:18:19 #154 OK UPSERT id=1673262 via doris-2 rows=10217 [doris-1:f:DOWN doris-2:M:up doris-3:f:up]
18:18:20 #155 OK SELECT id=1673262 via doris-2 rows=10217 [doris-1:f:DOWN doris-2:M:up doris-3:f:up]
18:18:21 #156 OK DELETE id=1673262 via doris-2 rows=10216 [doris-1:f:DOWN doris-2:M:up doris-3:f:up]
18:18:22 #157 OK SELECT id=1673262 via doris-2 rows=10217 [doris-1:f:DOWN doris-2:M:up doris-3:f:up]
18:18:24 #158 OK INSERT id=1673263 via doris-2 rows=10218 [doris-1:f:DOWN doris-2:M:up doris-3:f:up]
18:18:25 #159 OK UPSERT id=1673263 via doris-2 rows=10218 [doris-1:f:DOWN doris-2:M:up doris-3:f:up]
18:18:26 #160 OK SELECT id=1673263 via doris-2 rows=10217 [doris-1:f:DOWN doris-2:M:up doris-3:f:up]
18:18:27 #161 OK DELETE id=1673263 via doris-2 rows=10216 [doris-1:f:DOWN doris-2:M:up doris-3:f:up]
18:18:28 #162 OK SELECT id=1673263 via doris-2 rows=10217 [doris-1:f:DOWN doris-2:M:up doris-3:f:up]
18:18:29 #163 OK INSERT id=1673264 via doris-2 rows=10218 [doris-1:f:DOWN doris-2:M:up doris-3:f:up]
18:18:30 #164 OK UPSERT id=1673264 via doris-2 rows=10218 [doris-1:f:DOWN doris-2:M:up doris-3:f:up]
18:18:31 #165 OK SELECT id=1673264 via doris-2 rows=10217 [doris-1:f:DOWN doris-2:M:up doris-3:f:up]
18:18:32 #166 OK DELETE id=1673264 via doris-2 rows=10216 [doris-1:f:DOWN doris-2:M:up doris-3:f:up]
18:18:33 #167 OK SELECT id=1673264 via doris-2 rows=10217 [doris-1:f:DOWN doris-2:M:up doris-3:f:up]
18:18:34 #168 OK INSERT id=1673265 via doris-2 rows=10218 [doris-1:f:DOWN doris-2:M:up doris-3:f:up]
18:18:35 #169 OK UPSERT id=1673265 via doris-2 rows=10218 [doris-1:f:DOWN doris-2:M:up doris-3:f:up]
18:18:36 #170 OK SELECT id=1673265 via doris-2 rows=10217 [doris-1:f:DOWN doris-2:M:up doris-3:f:up]
18:18:37 #171 OK DELETE id=1673265 via doris-2 rows=10216 [doris-1:f:DOWN doris-2:M:up doris-3:f:up]
18:18:38 #172 OK SELECT id=1673265 via doris-2 rows=10217 [doris-1:f:DOWN doris-2:M:up doris-3:f:up]
18:18:39 #173 OK INSERT id=1673266 via doris-2 rows=10218 [doris-1:f:DOWN doris-2:M:up doris-3:f:up]
18:18:40 #174 OK UPSERT id=1673266 via doris-2 rows=10218 [doris-1:f:DOWN doris-2:M:up doris-3:f:up]
18:18:41 #175 OK SELECT id=1673266 via doris-2 rows=10217 [doris-1:f:DOWN doris-2:M:up doris-3:f:up]
18:18:43 #176 OK DELETE id=1673266 via doris-2 rows=10216 [doris-1:f:DOWN doris-2:M:up doris-3:f:up]
18:18:44 #177 OK SELECT id=1673266 via doris-2 rows=10217 [doris-1:f:DOWN doris-2:M:up doris-3:f:up]
18:18:45 #178 OK INSERT id=1673267 via doris-2 rows=10218 [doris-1:f:up doris-2:M:up doris-3:f:up]
18:18:46 #179 OK UPSERT id=1673267 via doris-2 rows=10218 [doris-1:f:up doris-2:M:up doris-3:f:up]
18:18:47 #180 OK SELECT id=1673267 via doris-2 rows=10217 [doris-1:f:up doris-2:M:up doris-3:f:up]
18:18:48 #181 OK DELETE id=1673267 via doris-2 rows=10216 [doris-1:f:up doris-2:M:up doris-3:f:up]
18:18:49 #182 OK SELECT id=1673267 via doris-2 rows=10217 [doris-1:f:up doris-2:M:up doris-3:f:up]
18:18:50 #183 OK INSERT id=1673268 via doris-2 rows=10218 [doris-1:f:up doris-2:M:up doris-3:f:up]
18:18:51 #184 OK UPSERT id=1673268 via doris-2 rows=10218 [doris-1:f:up doris-2:M:up doris-3:f:up]
18:18:52 #185 OK SELECT id=1673268 via doris-2 rows=10217 [doris-1:f:up doris-2:M:up doris-3:f:up]
18:18:53 #186 OK DELETE id=1673268 via doris-2 rows=10216 [doris-1:f:up doris-2:M:up doris-3:f:up]
18:18:54 #187 OK SELECT id=1673268 via doris-2 rows=10217 [doris-1:f:up doris-2:M:up doris-3:f:up]
18:18:55 #188 OK INSERT id=1673269 via doris-2 rows=10218 [doris-1:f:up doris-2:M:up doris-3:f:up]
18:18:56 EVENT restore: cluster healthy
18:18:56 #189 OK UPSERT id=1673269 via doris-2 rows=10218 [doris-1:f:up doris-2:M:up doris-3:f:up]
18:18:57 #190 OK SELECT id=1673269 via doris-2 rows=10217 [doris-1:f:up doris-2:M:up doris-3:f:up]
18:18:58 #191 OK DELETE id=1673269 via doris-2 rows=10216 [doris-1:f:up doris-2:M:up doris-3:f:up]
18:19:00 #192 OK SELECT id=1673269 via doris-2 rows=10217 [doris-1:f:up doris-2:M:up doris-3:f:up]
18:19:01 #193 OK INSERT id=1673270 via doris-2 rows=10218 [doris-1:f:up doris-2:M:up doris-3:f:up]
18:19:02 #194 OK UPSERT id=1673270 via doris-2 rows=10218 [doris-1:f:up doris-2:M:up doris-3:f:up]
18:19:03 #195 OK SELECT id=1673270 via doris-2 rows=10217 [doris-1:f:up doris-2:M:up doris-3:f:up]
18:19:04 #196 OK DELETE id=1673270 via doris-2 rows=10216 [doris-1:f:up doris-2:M:up doris-3:f:up]
18:19:05 #197 OK SELECT id=1673270 via doris-2 rows=10217 [doris-1:f:up doris-2:M:up doris-3:f:up]
18:19:06 #198 OK INSERT id=1673271 via doris-2 rows=10218 [doris-1:f:up doris-2:M:up doris-3:f:up]
18:19:07 #199 OK UPSERT id=1673271 via doris-2 rows=10218 [doris-1:f:up doris-2:M:up doris-3:f:up]
18:19:08 #200 OK SELECT id=1673271 via doris-2 rows=10217 [doris-1:f:up doris-2:M:up doris-3:f:up]
18:19:09 #201 OK DELETE id=1673271 via doris-2 rows=10216 [doris-1:f:up doris-2:M:up doris-3:f:up]
18:19:10 #202 OK SELECT id=1673271 via doris-2 rows=10217 [doris-1:f:up doris-2:M:up doris-3:f:up]
18:19:11 #203 OK INSERT id=1673272 via doris-2 rows=10218 [doris-1:f:up doris-2:M:up doris-3:f:up]
18:19:12 #204 OK UPSERT id=1673272 via doris-2 rows=10218 [doris-1:f:up doris-2:M:up doris-3:f:up]
18:19:13 #205 OK SELECT id=1673272 via doris-2 rows=10218 [doris-1:f:up doris-2:M:up doris-3:f:up]
18:19:14 #206 OK DELETE id=1673272 via doris-2 rows=10216 [doris-1:f:up doris-2:M:up doris-3:f:up]
18:19:15 #207 OK SELECT id=1673272 via doris-2 rows=10216 [doris-1:f:up doris-2:M:up doris-3:f:up]
18:19:16 #208 OK INSERT id=1673273 via doris-2 rows=10218 [doris-1:f:up doris-2:M:up doris-3:f:up]
18:19:17 #209 OK UPSERT id=1673273 via doris-2 rows=10218 [doris-1:f:up doris-2:M:up doris-3:f:up]
18:19:19 #210 OK SELECT id=1673273 via doris-2 rows=10218 [doris-1:f:up doris-2:M:up doris-3:f:up]
18:19:20 #211 OK DELETE id=1673273 via doris-2 rows=10216 [doris-1:f:up doris-2:M:up doris-3:f:up]
18:19:21 #212 OK SELECT id=1673273 via doris-2 rows=10216 [doris-1:f:up doris-2:M:up doris-3:f:up]
18:19:22 #213 OK INSERT id=1673274 via doris-2 rows=10218 [doris-1:f:up doris-2:M:up doris-3:f:up]
18:19:23 #214 OK UPSERT id=1673274 via doris-2 rows=10218 [doris-1:f:up doris-2:M:up doris-3:f:up]
