18:39:10 PROBE start proto=arrow-flight hosts=doris-1,doris-2,doris-3 duration=86400s cycle=INSERT>UPSERT>SELECT>DELETE>SELECT
18:39:10 connected to doris-1 (10.140.0.2)
18:39:10 DML unsupported over arrow-flight (InternalError: RuntimeException, msg: getMysqlChannel not in mysql connection (Internal; ExecuteQuery)) — switching to SELECT-only mode
18:39:10 #1 OK SELECT id=3687500 via doris-1 rows=10233 [doris-1:f:up doris-2:M:up doris-3:f:up]
18:39:11 #2 OK SELECT id=3687500 via doris-1 rows=10234 [doris-1:f:up doris-2:M:up doris-3:f:up]
18:39:12 #3 OK SELECT id=3687500 via doris-1 rows=10234 [doris-1:f:up doris-2:M:up doris-3:f:up]
18:39:14 #4 OK SELECT id=3687500 via doris-1 rows=10233 [doris-1:f:up doris-2:M:up doris-3:f:up]
18:39:15 #5 OK SELECT id=3687500 via doris-1 rows=10232 [doris-1:f:up doris-2:M:up doris-3:f:up]
18:39:16 #6 OK SELECT id=3687500 via doris-1 rows=10233 [doris-1:f:up doris-2:M:up doris-3:f:up]
18:39:17 #7 OK SELECT id=3687500 via doris-1 rows=10234 [doris-1:f:up doris-2:M:up doris-3:f:up]
18:39:18 #8 OK SELECT id=3687500 via doris-1 rows=10234 [doris-1:f:up doris-2:M:up doris-3:f:up]
18:39:19 #9 OK SELECT id=3687500 via doris-1 rows=10233 [doris-1:f:up doris-2:M:up doris-3:f:up]
18:39:20 #10 OK SELECT id=3687500 via doris-1 rows=10232 [doris-1:f:up doris-2:M:up doris-3:f:up]
18:39:21 #11 OK SELECT id=3687500 via doris-1 rows=10233 [doris-1:f:up doris-2:M:up doris-3:f:up]
18:39:22 #12 OK SELECT id=3687500 via doris-1 rows=10234 [doris-1:f:up doris-2:M:up doris-3:f:up]
18:39:23 #13 OK SELECT id=3687500 via doris-1 rows=10234 [doris-1:f:up doris-2:M:up doris-3:f:up]
18:39:24 #14 OK SELECT id=3687500 via doris-1 rows=10233 [doris-1:f:up doris-2:M:up doris-3:f:up]
18:39:25 #15 OK SELECT id=3687500 via doris-1 rows=10232 [doris-1:f:up doris-2:M:up doris-3:f:up]
18:39:26 #16 OK SELECT id=3687500 via doris-1 rows=10233 [doris-1:f:up doris-2:M:up doris-3:f:up]
18:39:27 #17 OK SELECT id=3687500 via doris-1 rows=10234 [doris-1:f:up doris-2:M:up doris-3:f:up]
18:39:28 #18 OK SELECT id=3687500 via doris-1 rows=10234 [doris-1:f:up doris-2:M:up doris-3:f:up]
18:39:29 #19 OK SELECT id=3687500 via doris-1 rows=10233 [doris-1:f:up doris-2:M:up doris-3:f:up]
18:39:30 #20 OK SELECT id=3687500 via doris-1 rows=10232 [doris-1:f:up doris-2:M:up doris-3:f:up]
18:39:31 #21 OK SELECT id=3687500 via doris-1 rows=10233 [doris-1:f:up doris-2:M:up doris-3:f:up]
18:39:33 #22 OK SELECT id=3687500 via doris-1 rows=10234 [doris-1:f:up doris-2:M:up doris-3:f:up]
18:39:34 #23 OK SELECT id=3687500 via doris-1 rows=10234 [doris-1:f:up doris-2:M:up doris-3:f:up]
18:39:35 #24 OK SELECT id=3687500 via doris-1 rows=10233 [doris-1:f:up doris-2:M:up doris-3:f:up]
18:39:36 #25 OK SELECT id=3687500 via doris-1 rows=10232 [doris-1:f:up doris-2:M:up doris-3:f:up]
18:39:37 #26 OK SELECT id=3687500 via doris-1 rows=10233 [doris-1:f:up doris-2:M:up doris-3:f:up]
18:39:38 #27 OK SELECT id=3687500 via doris-1 rows=10234 [doris-1:f:up doris-2:M:up doris-3:f:up]
18:39:39 #28 OK SELECT id=3687500 via doris-1 rows=10234 [doris-1:f:up doris-2:M:up doris-3:f:up]
18:39:40 #29 OK SELECT id=3687500 via doris-1 rows=10234 [doris-1:f:up doris-2:M:up doris-3:f:up]
18:39:41 #30 OK SELECT id=3687500 via doris-1 rows=10232 [doris-1:f:up doris-2:M:up doris-3:f:up]
18:39:42 #31 OK SELECT id=3687500 via doris-1 rows=10232 [doris-1:f:up doris-2:M:up doris-3:f:up]
18:39:43 #32 OK SELECT id=3687500 via doris-1 rows=10234 [doris-1:f:up doris-2:M:up doris-3:f:up]
18:39:44 EVENT break: be dead on doris-1 (FE follower)
18:39:44 #33 OK SELECT id=3687500 via doris-1 rows=10234 [doris-1:f:up doris-2:M:up doris-3:f:up]
18:39:45 #34 OK SELECT id=3687500 via doris-1 rows=10234 [doris-1:f:up doris-2:M:up doris-3:f:up]
18:39:46 #35 OK SELECT id=3687500 via doris-1 rows=10232 [doris-1:f:up doris-2:M:up doris-3:f:up]
18:39:47 #36 FAIL SELECT id=3687500 via doris-1: InternalError: INTERNAL: [FlightSQL] get flight info statement failed, after executeQueryStatement handleQuery, java.lang.Run
18:39:48 connected to doris-1 (10.140.0.2)
18:39:48 #37 OK SELECT id=3687500 via doris-1 rows=10232 [?] (recovered)
18:39:49 #38 OK SELECT id=3687500 via doris-1 rows=10234 [doris-1:f:up doris-2:M:up doris-3:f:up]
18:39:50 #39 OK SELECT id=3687500 via doris-1 rows=10234 [doris-1:f:up doris-2:M:up doris-3:f:up]
18:39:51 #40 OK SELECT id=3687500 via doris-1 rows=10234 [doris-1:f:up doris-2:M:up doris-3:f:up]
18:39:53 #41 OK SELECT id=3687500 via doris-1 rows=10232 [doris-1:f:up doris-2:M:up doris-3:f:up]
18:39:54 #42 OK SELECT id=3687500 via doris-1 rows=10232 [doris-1:f:up doris-2:M:up doris-3:f:up]
18:39:55 #43 OK SELECT id=3687500 via doris-1 rows=10234 [doris-1:f:up doris-2:M:up doris-3:f:up]
18:39:56 #44 OK SELECT id=3687500 via doris-1 rows=10234 [doris-1:f:up doris-2:M:up doris-3:f:up]
18:39:57 #45 OK SELECT id=3687500 via doris-1 rows=10234 [doris-1:f:up doris-2:M:up doris-3:f:up]
18:39:58 #46 OK SELECT id=3687500 via doris-1 rows=10232 [doris-1:f:up doris-2:M:up doris-3:f:up]
18:39:59 #47 OK SELECT id=3687500 via doris-1 rows=10232 [doris-1:f:up doris-2:M:up doris-3:f:up]
18:40:00 #48 OK SELECT id=3687500 via doris-1 rows=10234 [doris-1:f:up doris-2:M:up doris-3:f:up]
18:40:01 #49 OK SELECT id=3687500 via doris-1 rows=10234 [doris-1:f:up doris-2:M:up doris-3:f:up]
18:40:02 #50 OK SELECT id=3687500 via doris-1 rows=10234 [doris-1:f:up doris-2:M:up doris-3:f:up]
18:40:03 #51 OK SELECT id=3687500 via doris-1 rows=10232 [doris-1:f:up doris-2:M:up doris-3:f:up]
18:40:04 #52 OK SELECT id=3687500 via doris-1 rows=10232 [doris-1:f:up doris-2:M:up doris-3:f:up]
18:40:05 #53 OK SELECT id=3687500 via doris-1 rows=10234 [doris-1:f:up doris-2:M:up doris-3:f:up]
18:40:06 #54 OK SELECT id=3687500 via doris-1 rows=10234 [doris-1:f:up doris-2:M:up doris-3:f:up]
18:40:07 #55 OK SELECT id=3687500 via doris-1 rows=10234 [doris-1:f:up doris-2:M:up doris-3:f:up]
18:40:08 #56 OK SELECT id=3687500 via doris-1 rows=10232 [doris-1:f:up doris-2:M:up doris-3:f:up]
18:40:09 #57 OK SELECT id=3687500 via doris-1 rows=10232 [doris-1:f:up doris-2:M:up doris-3:f:up]
18:40:10 #58 OK SELECT id=3687500 via doris-1 rows=10234 [doris-1:f:up doris-2:M:up doris-3:f:up]
18:40:11 #59 OK SELECT id=3687500 via doris-1 rows=10234 [doris-1:f:up doris-2:M:up doris-3:f:up]
18:40:13 #60 OK SELECT id=3687500 via doris-1 rows=10234 [doris-1:f:up doris-2:M:up doris-3:f:up]
18:40:14 #61 OK SELECT id=3687500 via doris-1 rows=10232 [doris-1:f:up doris-2:M:up doris-3:f:up]
18:40:15 #62 OK SELECT id=3687500 via doris-1 rows=10232 [doris-1:f:up doris-2:M:up doris-3:f:up]
18:40:16 #63 OK SELECT id=3687500 via doris-1 rows=10233 [doris-1:f:up doris-2:M:up doris-3:f:up]
18:40:17 #64 OK SELECT id=3687500 via doris-1 rows=10234 [doris-1:f:up doris-2:M:up doris-3:f:up]
18:40:18 #65 OK SELECT id=3687500 via doris-1 rows=10234 [doris-1:f:up doris-2:M:up doris-3:f:up]
18:40:19 #66 OK SELECT id=3687500 via doris-1 rows=10233 [doris-1:f:up doris-2:M:up doris-3:f:up]
18:40:20 #67 OK SELECT id=3687500 via doris-1 rows=10232 [doris-1:f:up doris-2:M:up doris-3:f:up]
18:40:21 #68 OK SELECT id=3687500 via doris-1 rows=10233 [doris-1:f:up doris-2:M:up doris-3:f:up]
18:40:22 #69 OK SELECT id=3687500 via doris-1 rows=10234 [doris-1:f:up doris-2:M:up doris-3:f:up]
18:40:23 #70 OK SELECT id=3687500 via doris-1 rows=10234 [doris-1:f:up doris-2:M:up doris-3:f:up]
18:40:24 #71 OK SELECT id=3687500 via doris-1 rows=10233 [doris-1:f:up doris-2:M:up doris-3:f:up]
18:40:25 #72 OK SELECT id=3687500 via doris-1 rows=10232 [doris-1:f:up doris-2:M:up doris-3:f:up]
18:40:26 #73 OK SELECT id=3687500 via doris-1 rows=10233 [doris-1:f:up doris-2:M:up doris-3:f:up]
18:40:27 #74 OK SELECT id=3687500 via doris-1 rows=10234 [doris-1:f:up doris-2:M:up doris-3:f:up]
18:40:28 #75 OK SELECT id=3687500 via doris-1 rows=10234 [doris-1:f:up doris-2:M:up doris-3:f:up]
18:40:29 #76 OK SELECT id=3687500 via doris-1 rows=10233 [doris-1:f:up doris-2:M:up doris-3:f:up]
18:40:30 #77 OK SELECT id=3687500 via doris-1 rows=10232 [doris-1:f:up doris-2:M:up doris-3:f:up]
18:40:31 #78 OK SELECT id=3687500 via doris-1 rows=10233 [doris-1:f:up doris-2:M:up doris-3:f:up]
18:40:33 #79 OK SELECT id=3687500 via doris-1 rows=10234 [doris-1:f:up doris-2:M:up doris-3:f:up]
18:40:34 #80 OK SELECT id=3687500 via doris-1 rows=10234 [doris-1:f:up doris-2:M:up doris-3:f:up]
18:40:35 #81 OK SELECT id=3687500 via doris-1 rows=10233 [doris-1:f:up doris-2:M:up doris-3:f:up]
18:40:36 #82 OK SELECT id=3687500 via doris-1 rows=10232 [doris-1:f:up doris-2:M:up doris-3:f:up]
18:40:37 #83 OK SELECT id=3687500 via doris-1 rows=10233 [doris-1:f:up doris-2:M:up doris-3:f:up]
18:40:38 #84 OK SELECT id=3687500 via doris-1 rows=10234 [doris-1:f:up doris-2:M:up doris-3:f:up]
18:40:39 #85 OK SELECT id=3687500 via doris-1 rows=10234 [doris-1:f:up doris-2:M:up doris-3:f:up]
18:40:40 #86 OK SELECT id=3687500 via doris-1 rows=10233 [doris-1:f:up doris-2:M:up doris-3:f:up]
18:40:41 #87 OK SELECT id=3687500 via doris-1 rows=10232 [doris-1:f:up doris-2:M:up doris-3:f:up]
18:40:42 #88 OK SELECT id=3687500 via doris-1 rows=10233 [doris-1:f:up doris-2:M:up doris-3:f:up]
18:40:43 #89 OK SELECT id=3687500 via doris-1 rows=10234 [doris-1:f:up doris-2:M:up doris-3:f:up]
18:40:44 #90 OK SELECT id=3687500 via doris-1 rows=10234 [doris-1:f:up doris-2:M:up doris-3:f:up]
18:40:45 #91 OK SELECT id=3687500 via doris-1 rows=10233 [doris-1:f:up doris-2:M:up doris-3:f:up]
18:40:46 #92 OK SELECT id=3687500 via doris-1 rows=10232 [doris-1:f:up doris-2:M:up doris-3:f:up]
18:40:47 #93 OK SELECT id=3687500 via doris-1 rows=10233 [doris-1:f:up doris-2:M:up doris-3:f:up]
18:40:48 #94 OK SELECT id=3687500 via doris-1 rows=10234 [doris-1:f:up doris-2:M:up doris-3:f:up]
18:40:49 #95 OK SELECT id=3687500 via doris-1 rows=10234 [doris-1:f:up doris-2:M:up doris-3:f:up]
18:40:50 #96 OK SELECT id=3687500 via doris-1 rows=10233 [doris-1:f:up doris-2:M:up doris-3:f:up]
18:40:51 #97 OK SELECT id=3687500 via doris-1 rows=10232 [doris-1:f:up doris-2:M:up doris-3:f:up]
18:40:53 #98 OK SELECT id=3687500 via doris-1 rows=10233 [doris-1:f:up doris-2:M:up doris-3:f:up]
18:40:54 #99 OK SELECT id=3687500 via doris-1 rows=10234 [doris-1:f:up doris-2:M:up doris-3:f:up]
18:40:55 #100 OK SELECT id=3687500 via doris-1 rows=10234 [doris-1:f:up doris-2:M:up doris-3:f:up]
18:40:56 #101 OK SELECT id=3687500 via doris-1 rows=10233 [doris-1:f:up doris-2:M:up doris-3:f:up]
18:40:57 #102 OK SELECT id=3687500 via doris-1 rows=10232 [doris-1:f:up doris-2:M:up doris-3:f:up]
18:40:58 #103 OK SELECT id=3687500 via doris-1 rows=10233 [doris-1:f:up doris-2:M:up doris-3:f:up]
18:40:59 #104 OK SELECT id=3687500 via doris-1 rows=10234 [doris-1:f:up doris-2:M:up doris-3:f:up]
18:41:00 #105 OK SELECT id=3687500 via doris-1 rows=10234 [doris-1:f:up doris-2:M:up doris-3:f:up]
18:41:01 #106 OK SELECT id=3687500 via doris-1 rows=10233 [doris-1:f:up doris-2:M:up doris-3:f:up]
18:41:02 #107 OK SELECT id=3687500 via doris-1 rows=10232 [doris-1:f:up doris-2:M:up doris-3:f:up]
18:41:03 #108 OK SELECT id=3687500 via doris-1 rows=10233 [doris-1:f:up doris-2:M:up doris-3:f:up]
18:41:04 #109 OK SELECT id=3687500 via doris-1 rows=10234 [doris-1:f:up doris-2:M:up doris-3:f:up]
18:41:05 #110 OK SELECT id=3687500 via doris-1 rows=10234 [doris-1:f:up doris-2:M:up doris-3:f:up]
18:41:06 #111 OK SELECT id=3687500 via doris-1 rows=10233 [doris-1:f:up doris-2:M:up doris-3:f:up]
18:41:07 #112 OK SELECT id=3687500 via doris-1 rows=10232 [doris-1:f:up doris-2:M:up doris-3:f:up]
18:41:08 #113 OK SELECT id=3687500 via doris-1 rows=10233 [doris-1:f:up doris-2:M:up doris-3:f:up]
18:41:09 #114 OK SELECT id=3687500 via doris-1 rows=10234 [doris-1:f:up doris-2:M:up doris-3:f:up]
18:41:10 #115 OK SELECT id=3687500 via doris-1 rows=10234 [doris-1:f:up doris-2:M:up doris-3:f:up]
18:41:11 #116 OK SELECT id=3687500 via doris-1 rows=10233 [doris-1:f:up doris-2:M:up doris-3:f:up]
18:41:12 #117 OK SELECT id=3687500 via doris-1 rows=10232 [doris-1:f:up doris-2:M:up doris-3:f:up]
18:41:14 #118 OK SELECT id=3687500 via doris-1 rows=10233 [doris-1:f:up doris-2:M:up doris-3:f:up]
18:41:15 #119 OK SELECT id=3687500 via doris-1 rows=10234 [doris-1:f:up doris-2:M:up doris-3:f:up]
18:41:16 #120 OK SELECT id=3687500 via doris-1 rows=10234 [doris-1:f:up doris-2:M:up doris-3:f:up]
18:41:17 #121 OK SELECT id=3687500 via doris-1 rows=10233 [doris-1:f:up doris-2:M:up doris-3:f:up]
18:41:18 #122 OK SELECT id=3687500 via doris-1 rows=10232 [doris-1:f:up doris-2:M:up doris-3:f:up]
18:41:19 #123 OK SELECT id=3687500 via doris-1 rows=10233 [doris-1:f:up doris-2:M:up doris-3:f:up]
18:41:20 #124 OK SELECT id=3687500 via doris-1 rows=10234 [doris-1:f:up doris-2:M:up doris-3:f:up]
18:41:21 #125 OK SELECT id=3687500 via doris-1 rows=10234 [doris-1:f:up doris-2:M:up doris-3:f:up]
18:41:22 #126 OK SELECT id=3687500 via doris-1 rows=10233 [doris-1:f:up doris-2:M:up doris-3:f:up]
18:41:23 #127 OK SELECT id=3687500 via doris-1 rows=10232 [doris-1:f:up doris-2:M:up doris-3:f:up]
18:41:24 #128 OK SELECT id=3687500 via doris-1 rows=10233 [doris-1:f:up doris-2:M:up doris-3:f:up]
18:41:25 #129 OK SELECT id=3687500 via doris-1 rows=10234 [doris-1:f:up doris-2:M:up doris-3:f:up]
18:41:26 EVENT restore: systemctl start doris-be on doris-1
18:41:26 #130 OK SELECT id=3687500 via doris-1 rows=10234 [doris-1:f:up doris-2:M:up doris-3:f:up]
18:41:27 #131 OK SELECT id=3687500 via doris-1 rows=10233 [doris-1:f:up doris-2:M:up doris-3:f:up]
18:41:28 #132 OK SELECT id=3687500 via doris-1 rows=10232 [doris-1:f:up doris-2:M:up doris-3:f:up]
18:41:29 #133 OK SELECT id=3687500 via doris-1 rows=10233 [doris-1:f:up doris-2:M:up doris-3:f:up]
18:41:30 #134 OK SELECT id=3687500 via doris-1 rows=10234 [doris-1:f:up doris-2:M:up doris-3:f:up]
18:41:31 #135 OK SELECT id=3687500 via doris-1 rows=10234 [doris-1:f:up doris-2:M:up doris-3:f:up]
18:41:32 #136 OK SELECT id=3687500 via doris-1 rows=10233 [doris-1:f:up doris-2:M:up doris-3:f:up]
18:41:34 #137 OK SELECT id=3687500 via doris-1 rows=10232 [doris-1:f:up doris-2:M:up doris-3:f:up]
18:41:35 #138 OK SELECT id=3687500 via doris-1 rows=10233 [doris-1:f:up doris-2:M:up doris-3:f:up]
18:41:36 #139 OK SELECT id=3687500 via doris-1 rows=10234 [doris-1:f:up doris-2:M:up doris-3:f:up]
18:41:37 #140 OK SELECT id=3687500 via doris-1 rows=10234 [doris-1:f:up doris-2:M:up doris-3:f:up]
18:41:38 #141 OK SELECT id=3687500 via doris-1 rows=10233 [doris-1:f:up doris-2:M:up doris-3:f:up]
18:41:39 #142 OK SELECT id=3687500 via doris-1 rows=10232 [doris-1:f:up doris-2:M:up doris-3:f:up]
18:41:40 #143 OK SELECT id=3687500 via doris-1 rows=10233 [doris-1:f:up doris-2:M:up doris-3:f:up]
18:41:41 #144 OK SELECT id=3687500 via doris-1 rows=10234 [doris-1:f:up doris-2:M:up doris-3:f:up]
18:41:42 #145 OK SELECT id=3687500 via doris-1 rows=10234 [doris-1:f:up doris-2:M:up doris-3:f:up]
18:41:43 #146 OK SELECT id=3687500 via doris-1 rows=10233 [doris-1:f:up doris-2:M:up doris-3:f:up]
18:41:44 #147 OK SELECT id=3687500 via doris-1 rows=10232 [doris-1:f:up doris-2:M:up doris-3:f:up]
18:41:45 #148 OK SELECT id=3687500 via doris-1 rows=10233 [doris-1:f:up doris-2:M:up doris-3:f:up]
18:41:46 #149 OK SELECT id=3687500 via doris-1 rows=10234 [doris-1:f:up doris-2:M:up doris-3:f:up]
18:41:47 #150 OK SELECT id=3687500 via doris-1 rows=10234 [doris-1:f:up doris-2:M:up doris-3:f:up]
18:41:48 #151 OK SELECT id=3687500 via doris-1 rows=10233 [doris-1:f:up doris-2:M:up doris-3:f:up]
18:41:49 #152 OK SELECT id=3687500 via doris-1 rows=10232 [doris-1:f:up doris-2:M:up doris-3:f:up]
18:41:50 EVENT restore: cluster healthy
18:41:50 #153 OK SELECT id=3687500 via doris-1 rows=10233 [doris-1:f:up doris-2:M:up doris-3:f:up]
18:41:51 #154 OK SELECT id=3687500 via doris-1 rows=10234 [doris-1:f:up doris-2:M:up doris-3:f:up]
18:41:52 #155 OK SELECT id=3687500 via doris-1 rows=10234 [doris-1:f:up doris-2:M:up doris-3:f:up]
18:41:54 #156 OK SELECT id=3687500 via doris-1 rows=10233 [doris-1:f:up doris-2:M:up doris-3:f:up]
18:41:55 #157 OK SELECT id=3687500 via doris-1 rows=10232 [doris-1:f:up doris-2:M:up doris-3:f:up]
18:41:56 #158 OK SELECT id=3687500 via doris-1 rows=10233 [doris-1:f:up doris-2:M:up doris-3:f:up]
18:41:57 #159 OK SELECT id=3687500 via doris-1 rows=10234 [doris-1:f:up doris-2:M:up doris-3:f:up]
18:41:58 #160 OK SELECT id=3687500 via doris-1 rows=10234 [doris-1:f:up doris-2:M:up doris-3:f:up]
18:41:59 #161 OK SELECT id=3687500 via doris-1 rows=10233 [doris-1:f:up doris-2:M:up doris-3:f:up]
18:42:00 #162 OK SELECT id=3687500 via doris-1 rows=10232 [doris-1:f:up doris-2:M:up doris-3:f:up]
18:42:01 #163 OK SELECT id=3687500 via doris-1 rows=10233 [doris-1:f:up doris-2:M:up doris-3:f:up]
18:42:02 #164 OK SELECT id=3687500 via doris-1 rows=10234 [doris-1:f:up doris-2:M:up doris-3:f:up]
18:42:03 #165 OK SELECT id=3687500 via doris-1 rows=10234 [doris-1:f:up doris-2:M:up doris-3:f:up]
18:42:04 #166 OK SELECT id=3687500 via doris-1 rows=10233 [doris-1:f:up doris-2:M:up doris-3:f:up]
18:42:05 #167 OK SELECT id=3687500 via doris-1 rows=10232 [doris-1:f:up doris-2:M:up doris-3:f:up]
18:42:06 #168 OK SELECT id=3687500 via doris-1 rows=10233 [doris-1:f:up doris-2:M:up doris-3:f:up]
18:42:07 #169 OK SELECT id=3687500 via doris-1 rows=10234 [doris-1:f:up doris-2:M:up doris-3:f:up]
18:42:08 #170 OK SELECT id=3687500 via doris-1 rows=10234 [doris-1:f:up doris-2:M:up doris-3:f:up]
18:42:09 #171 OK SELECT id=3687500 via doris-1 rows=10233 [doris-1:f:up doris-2:M:up doris-3:f:up]
18:42:10 #172 OK SELECT id=3687500 via doris-1 rows=10232 [doris-1:f:up doris-2:M:up doris-3:f:up]
18:42:11 #173 OK SELECT id=3687500 via doris-1 rows=10233 [doris-1:f:up doris-2:M:up doris-3:f:up]
18:42:12 #174 OK SELECT id=3687500 via doris-1 rows=10234 [doris-1:f:up doris-2:M:up doris-3:f:up]
18:42:14 #175 OK SELECT id=3687500 via doris-1 rows=10234 [doris-1:f:up doris-2:M:up doris-3:f:up]
18:42:15 #176 OK SELECT id=3687500 via doris-1 rows=10233 [doris-1:f:up doris-2:M:up doris-3:f:up]
18:42:16 #177 OK SELECT id=3687500 via doris-1 rows=10232 [doris-1:f:up doris-2:M:up doris-3:f:up]
18:42:17 #178 OK SELECT id=3687500 via doris-1 rows=10233 [doris-1:f:up doris-2:M:up doris-3:f:up]
18:42:18 #179 OK SELECT id=3687500 via doris-1 rows=10234 [doris-1:f:up doris-2:M:up doris-3:f:up]
18:42:19 #180 OK SELECT id=3687500 via doris-1 rows=10234 [doris-1:f:up doris-2:M:up doris-3:f:up]
18:42:20 #181 OK SELECT id=3687500 via doris-1 rows=10233 [doris-1:f:up doris-2:M:up doris-3:f:up]
18:42:21 #182 OK SELECT id=3687500 via doris-1 rows=10232 [doris-1:f:up doris-2:M:up doris-3:f:up]
