18:39:10 PROBE start proto=jdbc hosts=doris-1,doris-2,doris-3 duration=86400s cycle=INSERT>UPSERT>SELECT>DELETE>SELECT url=jdbc:mysql://10.140.0.2:9030,10.140.0.3:9030,10.140.0.4:9030/hatest
18:39:11 connected to doris-1 (driver-selected host)
18:39:11 #1 OK INSERT id=2687500 via doris-1 rows=10234 [doris-1:f:up doris-2:M:up doris-3:f:up]
18:39:12 #2 OK UPSERT id=2687500 via doris-1 rows=10234 [doris-1:f:up doris-2:M:up doris-3:f:up]
18:39:13 #3 OK SELECT id=2687500 via doris-1 rows=10234 [doris-1:f:up doris-2:M:up doris-3:f:up]
18:39:14 #4 OK DELETE id=2687500 via doris-1 rows=10232 [doris-1:f:up doris-2:M:up doris-3:f:up]
18:39:15 #5 OK SELECT id=2687500 via doris-1 rows=10232 [doris-1:f:up doris-2:M:up doris-3:f:up]
18:39:16 #6 OK INSERT id=2687501 via doris-1 rows=10234 [doris-1:f:up doris-2:M:up doris-3:f:up]
18:39:17 #7 OK UPSERT id=2687501 via doris-1 rows=10234 [doris-1:f:up doris-2:M:up doris-3:f:up]
18:39:18 #8 OK SELECT id=2687501 via doris-1 rows=10234 [doris-1:f:up doris-2:M:up doris-3:f:up]
18:39:19 #9 OK DELETE id=2687501 via doris-1 rows=10232 [doris-1:f:up doris-2:M:up doris-3:f:up]
18:39:21 #10 OK SELECT id=2687501 via doris-1 rows=10232 [doris-1:f:up doris-2:M:up doris-3:f:up]
18:39:22 #11 OK INSERT id=2687502 via doris-1 rows=10234 [doris-1:f:up doris-2:M:up doris-3:f:up]
18:39:23 #12 OK UPSERT id=2687502 via doris-1 rows=10234 [doris-1:f:up doris-2:M:up doris-3:f:up]
18:39:24 #13 OK SELECT id=2687502 via doris-1 rows=10234 [doris-1:f:up doris-2:M:up doris-3:f:up]
18:39:25 #14 OK DELETE id=2687502 via doris-1 rows=10232 [doris-1:f:up doris-2:M:up doris-3:f:up]
18:39:26 #15 OK SELECT id=2687502 via doris-1 rows=10232 [doris-1:f:up doris-2:M:up doris-3:f:up]
18:39:27 #16 OK INSERT id=2687503 via doris-1 rows=10234 [doris-1:f:up doris-2:M:up doris-3:f:up]
18:39:28 #17 OK UPSERT id=2687503 via doris-1 rows=10234 [doris-1:f:up doris-2:M:up doris-3:f:up]
18:39:29 #18 OK SELECT id=2687503 via doris-1 rows=10234 [doris-1:f:up doris-2:M:up doris-3:f:up]
18:39:30 #19 OK DELETE id=2687503 via doris-1 rows=10232 [doris-1:f:up doris-2:M:up doris-3:f:up]
18:39:31 #20 OK SELECT id=2687503 via doris-1 rows=10232 [doris-1:f:up doris-2:M:up doris-3:f:up]
18:39:32 #21 OK INSERT id=2687504 via doris-1 rows=10234 [doris-1:f:up doris-2:M:up doris-3:f:up]
18:39:33 #22 OK UPSERT id=2687504 via doris-1 rows=10234 [doris-1:f:up doris-2:M:up doris-3:f:up]
18:39:34 #23 OK SELECT id=2687504 via doris-1 rows=10234 [doris-1:f:up doris-2:M:up doris-3:f:up]
18:39:35 #24 OK DELETE id=2687504 via doris-1 rows=10232 [doris-1:f:up doris-2:M:up doris-3:f:up]
18:39:36 #25 OK SELECT id=2687504 via doris-1 rows=10232 [doris-1:f:up doris-2:M:up doris-3:f:up]
18:39:37 #26 OK INSERT id=2687505 via doris-1 rows=10234 [doris-1:f:up doris-2:M:up doris-3:f:up]
18:39:39 #27 OK UPSERT id=2687505 via doris-1 rows=10234 [doris-1:f:up doris-2:M:up doris-3:f:up]
18:39:40 #28 OK SELECT id=2687505 via doris-1 rows=10234 [doris-1:f:up doris-2:M:up doris-3:f:up]
18:39:41 #29 OK DELETE id=2687505 via doris-1 rows=10232 [doris-1:f:up doris-2:M:up doris-3:f:up]
18:39:42 #30 OK SELECT id=2687505 via doris-1 rows=10232 [doris-1:f:up doris-2:M:up doris-3:f:up]
18:39:43 #31 OK INSERT id=2687506 via doris-1 rows=10234 [doris-1:f:up doris-2:M:up doris-3:f:up]
18:39:44 #32 OK UPSERT id=2687506 via doris-1 rows=10234 [doris-1:f:up doris-2:M:up doris-3:f:up]
18:39:44 EVENT break: be dead on doris-1 (FE follower)
18:39:45 #33 OK SELECT id=2687506 via doris-1 rows=10234 [doris-1:f:up doris-2:M:up doris-3:f:up]
18:39:46 #34 OK DELETE id=2687506 via doris-1 rows=10232 [doris-1:f:up doris-2:M:up doris-3:f:up]
18:39:47 #35 FAIL SELECT id=2687506 via doris-1: SQLException: RpcException, msg: send fragments failed. io.grpc.StatusRuntimeException: UNAVAILABLE: io exception, host: 10.
18:39:48 connected to doris-1 (driver-selected host)
18:39:48 #36 FAIL INSERT id=2687507 via doris-1: SQLException: send fragments failed. io.grpc.StatusRuntimeException: UNAVAILABLE: io exception, host: 10.140.0.2
18:39:48 #36 OK SELECT(check) id=1 via doris-1
18:39:49 connected to doris-1 (driver-selected host)
18:39:49 #37 OK INSERT id=2687508 via doris-1 rows=10234 [doris-1:f:up doris-2:M:up doris-3:f:up] (recovered)
18:39:50 #38 OK UPSERT id=2687508 via doris-1 rows=10234 [doris-1:f:up doris-2:M:up doris-3:f:up]
18:39:51 #39 OK SELECT id=2687508 via doris-1 rows=10234 [doris-1:f:up doris-2:M:up doris-3:f:up]
18:39:52 #40 OK DELETE id=2687508 via doris-1 rows=10232 [doris-1:f:up doris-2:M:up doris-3:f:up]
18:39:53 #41 OK SELECT id=2687508 via doris-1 rows=10232 [doris-1:f:up doris-2:M:up doris-3:f:up]
18:39:55 #42 OK INSERT id=2687509 via doris-1 rows=10234 [doris-1:f:up doris-2:M:up doris-3:f:up]
18:39:56 #43 OK UPSERT id=2687509 via doris-1 rows=10234 [doris-1:f:up doris-2:M:up doris-3:f:up]
18:39:57 #44 OK SELECT id=2687509 via doris-1 rows=10234 [doris-1:f:up doris-2:M:up doris-3:f:up]
18:39:58 #45 OK DELETE id=2687509 via doris-1 rows=10232 [doris-1:f:up doris-2:M:up doris-3:f:up]
18:39:59 #46 OK SELECT id=2687509 via doris-1 rows=10232 [doris-1:f:up doris-2:M:up doris-3:f:up]
18:40:00 #47 OK INSERT id=2687510 via doris-1 rows=10234 [doris-1:f:up doris-2:M:up doris-3:f:up]
18:40:01 #48 OK UPSERT id=2687510 via doris-1 rows=10234 [doris-1:f:up doris-2:M:up doris-3:f:up]
18:40:02 #49 OK SELECT id=2687510 via doris-1 rows=10234 [doris-1:f:up doris-2:M:up doris-3:f:up]
18:40:03 #50 OK DELETE id=2687510 via doris-1 rows=10232 [doris-1:f:up doris-2:M:up doris-3:f:up]
18:40:04 #51 OK SELECT id=2687510 via doris-1 rows=10232 [doris-1:f:up doris-2:M:up doris-3:f:up]
18:40:05 #52 OK INSERT id=2687511 via doris-1 rows=10234 [doris-1:f:up doris-2:M:up doris-3:f:up]
18:40:06 #53 OK UPSERT id=2687511 via doris-1 rows=10234 [doris-1:f:up doris-2:M:up doris-3:f:up]
18:40:07 #54 OK SELECT id=2687511 via doris-1 rows=10234 [doris-1:f:up doris-2:M:up doris-3:f:up]
18:40:08 #55 OK DELETE id=2687511 via doris-1 rows=10232 [doris-1:f:up doris-2:M:up doris-3:f:up]
18:40:09 #56 OK SELECT id=2687511 via doris-1 rows=10232 [doris-1:f:up doris-2:M:up doris-3:f:up]
18:40:10 #57 OK INSERT id=2687512 via doris-1 rows=10234 [doris-1:f:up doris-2:M:up doris-3:f:up]
18:40:11 #58 OK UPSERT id=2687512 via doris-1 rows=10234 [doris-1:f:up doris-2:M:up doris-3:f:up]
18:40:12 #59 OK SELECT id=2687512 via doris-1 rows=10234 [doris-1:f:up doris-2:M:up doris-3:f:up]
18:40:14 #60 OK DELETE id=2687512 via doris-1 rows=10232 [doris-1:f:up doris-2:M:up doris-3:f:up]
18:40:15 #61 OK SELECT id=2687512 via doris-1 rows=10232 [doris-1:f:up doris-2:M:up doris-3:f:up]
18:40:16 #62 OK INSERT id=2687513 via doris-1 rows=10234 [doris-1:f:up doris-2:M:up doris-3:f:up]
18:40:17 #63 OK UPSERT id=2687513 via doris-1 rows=10234 [doris-1:f:up doris-2:M:up doris-3:f:up]
18:40:18 #64 OK SELECT id=2687513 via doris-1 rows=10234 [doris-1:f:up doris-2:M:up doris-3:f:up]
18:40:19 #65 OK DELETE id=2687513 via doris-1 rows=10232 [doris-1:f:up doris-2:M:up doris-3:f:up]
18:40:20 #66 OK SELECT id=2687513 via doris-1 rows=10232 [doris-1:f:up doris-2:M:up doris-3:f:up]
18:40:21 #67 OK INSERT id=2687514 via doris-1 rows=10234 [doris-1:f:up doris-2:M:up doris-3:f:up]
18:40:22 #68 OK UPSERT id=2687514 via doris-1 rows=10234 [doris-1:f:up doris-2:M:up doris-3:f:up]
18:40:23 #69 OK SELECT id=2687514 via doris-1 rows=10234 [doris-1:f:up doris-2:M:up doris-3:f:up]
18:40:24 #70 OK DELETE id=2687514 via doris-1 rows=10232 [doris-1:f:up doris-2:M:up doris-3:f:up]
18:40:25 #71 OK SELECT id=2687514 via doris-1 rows=10232 [doris-1:f:up doris-2:M:up doris-3:f:up]
18:40:26 #72 OK INSERT id=2687515 via doris-1 rows=10234 [doris-1:f:up doris-2:M:up doris-3:f:up]
18:40:27 #73 OK UPSERT id=2687515 via doris-1 rows=10234 [doris-1:f:up doris-2:M:up doris-3:f:up]
18:40:28 #74 OK SELECT id=2687515 via doris-1 rows=10234 [doris-1:f:up doris-2:M:up doris-3:f:up]
18:40:29 #75 OK DELETE id=2687515 via doris-1 rows=10232 [doris-1:f:up doris-2:M:up doris-3:f:up]
18:40:30 #76 OK SELECT id=2687515 via doris-1 rows=10232 [doris-1:f:up doris-2:M:up doris-3:f:up]
18:40:32 #77 OK INSERT id=2687516 via doris-1 rows=10234 [doris-1:f:up doris-2:M:up doris-3:f:up]
18:40:33 #78 OK UPSERT id=2687516 via doris-1 rows=10234 [doris-1:f:up doris-2:M:up doris-3:f:up]
18:40:34 #79 OK SELECT id=2687516 via doris-1 rows=10234 [doris-1:f:up doris-2:M:up doris-3:f:up]
18:40:35 #80 OK DELETE id=2687516 via doris-1 rows=10232 [doris-1:f:up doris-2:M:up doris-3:f:up]
18:40:36 #81 OK SELECT id=2687516 via doris-1 rows=10232 [doris-1:f:up doris-2:M:up doris-3:f:up]
18:40:37 #82 OK INSERT id=2687517 via doris-1 rows=10234 [doris-1:f:up doris-2:M:up doris-3:f:up]
18:40:38 #83 OK UPSERT id=2687517 via doris-1 rows=10234 [doris-1:f:up doris-2:M:up doris-3:f:up]
18:40:39 #84 OK SELECT id=2687517 via doris-1 rows=10234 [doris-1:f:up doris-2:M:up doris-3:f:up]
18:40:40 #85 OK DELETE id=2687517 via doris-1 rows=10232 [doris-1:f:up doris-2:M:up doris-3:f:up]
18:40:41 #86 OK SELECT id=2687517 via doris-1 rows=10232 [doris-1:f:up doris-2:M:up doris-3:f:up]
18:40:42 #87 OK INSERT id=2687518 via doris-1 rows=10234 [doris-1:f:up doris-2:M:up doris-3:f:up]
18:40:43 #88 OK UPSERT id=2687518 via doris-1 rows=10234 [doris-1:f:up doris-2:M:up doris-3:f:up]
18:40:44 #89 OK SELECT id=2687518 via doris-1 rows=10234 [doris-1:f:up doris-2:M:up doris-3:f:up]
18:40:45 #90 OK DELETE id=2687518 via doris-1 rows=10232 [doris-1:f:up doris-2:M:up doris-3:f:up]
18:40:46 #91 OK SELECT id=2687518 via doris-1 rows=10232 [doris-1:f:up doris-2:M:up doris-3:f:up]
18:40:47 #92 OK INSERT id=2687519 via doris-1 rows=10234 [doris-1:f:up doris-2:M:up doris-3:f:up]
18:40:48 #93 OK UPSERT id=2687519 via doris-1 rows=10234 [doris-1:f:up doris-2:M:up doris-3:f:up]
18:40:49 #94 OK SELECT id=2687519 via doris-1 rows=10234 [doris-1:f:up doris-2:M:up doris-3:f:up]
18:40:51 #95 OK DELETE id=2687519 via doris-1 rows=10232 [doris-1:f:up doris-2:M:up doris-3:f:up]
18:40:52 #96 OK SELECT id=2687519 via doris-1 rows=10232 [doris-1:f:up doris-2:M:up doris-3:f:up]
18:40:53 #97 OK INSERT id=2687520 via doris-1 rows=10234 [doris-1:f:up doris-2:M:up doris-3:f:up]
18:40:54 #98 OK UPSERT id=2687520 via doris-1 rows=10234 [doris-1:f:up doris-2:M:up doris-3:f:up]
18:40:55 #99 OK SELECT id=2687520 via doris-1 rows=10234 [doris-1:f:up doris-2:M:up doris-3:f:up]
18:40:56 #100 OK DELETE id=2687520 via doris-1 rows=10232 [doris-1:f:up doris-2:M:up doris-3:f:up]
18:40:57 #101 OK SELECT id=2687520 via doris-1 rows=10232 [doris-1:f:up doris-2:M:up doris-3:f:up]
18:40:58 #102 OK INSERT id=2687521 via doris-1 rows=10234 [doris-1:f:up doris-2:M:up doris-3:f:up]
18:40:59 #103 OK UPSERT id=2687521 via doris-1 rows=10234 [doris-1:f:up doris-2:M:up doris-3:f:up]
18:41:00 #104 OK SELECT id=2687521 via doris-1 rows=10234 [doris-1:f:up doris-2:M:up doris-3:f:up]
18:41:01 #105 OK DELETE id=2687521 via doris-1 rows=10232 [doris-1:f:up doris-2:M:up doris-3:f:up]
18:41:02 #106 OK SELECT id=2687521 via doris-1 rows=10232 [doris-1:f:up doris-2:M:up doris-3:f:up]
18:41:03 #107 OK INSERT id=2687522 via doris-1 rows=10234 [doris-1:f:up doris-2:M:up doris-3:f:up]
18:41:04 #108 OK UPSERT id=2687522 via doris-1 rows=10234 [doris-1:f:up doris-2:M:up doris-3:f:up]
18:41:05 #109 OK SELECT id=2687522 via doris-1 rows=10234 [doris-1:f:up doris-2:M:up doris-3:f:up]
18:41:06 #110 OK DELETE id=2687522 via doris-1 rows=10232 [doris-1:f:up doris-2:M:up doris-3:f:up]
18:41:07 #111 OK SELECT id=2687522 via doris-1 rows=10232 [doris-1:f:up doris-2:M:up doris-3:f:up]
18:41:09 #112 OK INSERT id=2687523 via doris-1 rows=10234 [doris-1:f:up doris-2:M:up doris-3:f:up]
18:41:10 #113 OK UPSERT id=2687523 via doris-1 rows=10234 [doris-1:f:up doris-2:M:up doris-3:f:up]
18:41:11 #114 OK SELECT id=2687523 via doris-1 rows=10234 [doris-1:f:up doris-2:M:up doris-3:f:up]
18:41:12 #115 OK DELETE id=2687523 via doris-1 rows=10232 [doris-1:f:up doris-2:M:up doris-3:f:up]
18:41:13 #116 OK SELECT id=2687523 via doris-1 rows=10232 [doris-1:f:up doris-2:M:up doris-3:f:up]
18:41:14 #117 OK INSERT id=2687524 via doris-1 rows=10234 [doris-1:f:up doris-2:M:up doris-3:f:up]
18:41:15 #118 OK UPSERT id=2687524 via doris-1 rows=10234 [doris-1:f:up doris-2:M:up doris-3:f:up]
18:41:16 #119 OK SELECT id=2687524 via doris-1 rows=10234 [doris-1:f:up doris-2:M:up doris-3:f:up]
18:41:17 #120 OK DELETE id=2687524 via doris-1 rows=10232 [doris-1:f:up doris-2:M:up doris-3:f:up]
18:41:18 #121 OK SELECT id=2687524 via doris-1 rows=10232 [doris-1:f:up doris-2:M:up doris-3:f:up]
18:41:19 #122 OK INSERT id=2687525 via doris-1 rows=10234 [doris-1:f:up doris-2:M:up doris-3:f:up]
18:41:20 #123 OK UPSERT id=2687525 via doris-1 rows=10234 [doris-1:f:up doris-2:M:up doris-3:f:up]
18:41:21 #124 OK SELECT id=2687525 via doris-1 rows=10234 [doris-1:f:up doris-2:M:up doris-3:f:up]
18:41:22 #125 OK DELETE id=2687525 via doris-1 rows=10232 [doris-1:f:up doris-2:M:up doris-3:f:up]
18:41:23 #126 OK SELECT id=2687525 via doris-1 rows=10232 [doris-1:f:up doris-2:M:up doris-3:f:up]
18:41:24 #127 OK INSERT id=2687526 via doris-1 rows=10234 [doris-1:f:up doris-2:M:up doris-3:f:up]
18:41:25 #128 OK UPSERT id=2687526 via doris-1 rows=10234 [doris-1:f:up doris-2:M:up doris-3:f:up]
18:41:26 EVENT restore: systemctl start doris-be on doris-1
18:41:26 #129 OK SELECT id=2687526 via doris-1 rows=10234 [doris-1:f:up doris-2:M:up doris-3:f:up]
18:41:28 #130 OK DELETE id=2687526 via doris-1 rows=10232 [doris-1:f:up doris-2:M:up doris-3:f:up]
18:41:29 #131 OK SELECT id=2687526 via doris-1 rows=10232 [doris-1:f:up doris-2:M:up doris-3:f:up]
18:41:30 #132 OK INSERT id=2687527 via doris-1 rows=10234 [doris-1:f:up doris-2:M:up doris-3:f:up]
18:41:31 #133 OK UPSERT id=2687527 via doris-1 rows=10234 [doris-1:f:up doris-2:M:up doris-3:f:up]
18:41:32 #134 OK SELECT id=2687527 via doris-1 rows=10234 [doris-1:f:up doris-2:M:up doris-3:f:up]
18:41:33 #135 OK DELETE id=2687527 via doris-1 rows=10232 [doris-1:f:up doris-2:M:up doris-3:f:up]
18:41:34 #136 OK SELECT id=2687527 via doris-1 rows=10232 [doris-1:f:up doris-2:M:up doris-3:f:up]
18:41:35 #137 OK INSERT id=2687528 via doris-1 rows=10234 [doris-1:f:up doris-2:M:up doris-3:f:up]
18:41:36 #138 OK UPSERT id=2687528 via doris-1 rows=10234 [doris-1:f:up doris-2:M:up doris-3:f:up]
18:41:37 #139 OK SELECT id=2687528 via doris-1 rows=10234 [doris-1:f:up doris-2:M:up doris-3:f:up]
18:41:38 #140 OK DELETE id=2687528 via doris-1 rows=10232 [doris-1:f:up doris-2:M:up doris-3:f:up]
18:41:39 #141 OK SELECT id=2687528 via doris-1 rows=10232 [doris-1:f:up doris-2:M:up doris-3:f:up]
18:41:40 #142 OK INSERT id=2687529 via doris-1 rows=10234 [doris-1:f:up doris-2:M:up doris-3:f:up]
18:41:41 #143 OK UPSERT id=2687529 via doris-1 rows=10234 [doris-1:f:up doris-2:M:up doris-3:f:up]
18:41:42 #144 OK SELECT id=2687529 via doris-1 rows=10234 [doris-1:f:up doris-2:M:up doris-3:f:up]
18:41:43 #145 OK DELETE id=2687529 via doris-1 rows=10232 [doris-1:f:up doris-2:M:up doris-3:f:up]
18:41:44 #146 OK SELECT id=2687529 via doris-1 rows=10232 [doris-1:f:up doris-2:M:up doris-3:f:up]
18:41:46 #147 OK INSERT id=2687530 via doris-1 rows=10234 [doris-1:f:up doris-2:M:up doris-3:f:up]
18:41:47 #148 OK UPSERT id=2687530 via doris-1 rows=10234 [doris-1:f:up doris-2:M:up doris-3:f:up]
18:41:48 #149 OK SELECT id=2687530 via doris-1 rows=10234 [doris-1:f:up doris-2:M:up doris-3:f:up]
18:41:49 #150 OK DELETE id=2687530 via doris-1 rows=10232 [doris-1:f:up doris-2:M:up doris-3:f:up]
18:41:50 EVENT restore: cluster healthy
18:41:50 #151 OK SELECT id=2687530 via doris-1 rows=10232 [doris-1:f:up doris-2:M:up doris-3:f:up]
18:41:51 #152 OK INSERT id=2687531 via doris-1 rows=10234 [doris-1:f:up doris-2:M:up doris-3:f:up]
18:41:52 #153 OK UPSERT id=2687531 via doris-1 rows=10234 [doris-1:f:up doris-2:M:up doris-3:f:up]
18:41:53 #154 OK SELECT id=2687531 via doris-1 rows=10234 [doris-1:f:up doris-2:M:up doris-3:f:up]
18:41:54 #155 OK DELETE id=2687531 via doris-1 rows=10232 [doris-1:f:up doris-2:M:up doris-3:f:up]
18:41:55 #156 OK SELECT id=2687531 via doris-1 rows=10232 [doris-1:f:up doris-2:M:up doris-3:f:up]
18:41:56 #157 OK INSERT id=2687532 via doris-1 rows=10234 [doris-1:f:up doris-2:M:up doris-3:f:up]
18:41:57 #158 OK UPSERT id=2687532 via doris-1 rows=10234 [doris-1:f:up doris-2:M:up doris-3:f:up]
18:41:58 #159 OK SELECT id=2687532 via doris-1 rows=10234 [doris-1:f:up doris-2:M:up doris-3:f:up]
18:41:59 #160 OK DELETE id=2687532 via doris-1 rows=10232 [doris-1:f:up doris-2:M:up doris-3:f:up]
18:42:00 #161 OK SELECT id=2687532 via doris-1 rows=10232 [doris-1:f:up doris-2:M:up doris-3:f:up]
18:42:01 #162 OK INSERT id=2687533 via doris-1 rows=10234 [doris-1:f:up doris-2:M:up doris-3:f:up]
18:42:03 #163 OK UPSERT id=2687533 via doris-1 rows=10234 [doris-1:f:up doris-2:M:up doris-3:f:up]
18:42:04 #164 OK SELECT id=2687533 via doris-1 rows=10234 [doris-1:f:up doris-2:M:up doris-3:f:up]
18:42:05 #165 OK DELETE id=2687533 via doris-1 rows=10232 [doris-1:f:up doris-2:M:up doris-3:f:up]
18:42:06 #166 OK SELECT id=2687533 via doris-1 rows=10232 [doris-1:f:up doris-2:M:up doris-3:f:up]
18:42:07 #167 OK INSERT id=2687534 via doris-1 rows=10234 [doris-1:f:up doris-2:M:up doris-3:f:up]
18:42:08 #168 OK UPSERT id=2687534 via doris-1 rows=10234 [doris-1:f:up doris-2:M:up doris-3:f:up]
18:42:09 #169 OK SELECT id=2687534 via doris-1 rows=10234 [doris-1:f:up doris-2:M:up doris-3:f:up]
18:42:10 #170 OK DELETE id=2687534 via doris-1 rows=10232 [doris-1:f:up doris-2:M:up doris-3:f:up]
18:42:11 #171 OK SELECT id=2687534 via doris-1 rows=10232 [doris-1:f:up doris-2:M:up doris-3:f:up]
18:42:12 #172 OK INSERT id=2687535 via doris-1 rows=10234 [doris-1:f:up doris-2:M:up doris-3:f:up]
18:42:13 #173 OK UPSERT id=2687535 via doris-1 rows=10234 [doris-1:f:up doris-2:M:up doris-3:f:up]
18:42:14 #174 OK SELECT id=2687535 via doris-1 rows=10234 [doris-1:f:up doris-2:M:up doris-3:f:up]
18:42:15 #175 OK DELETE id=2687535 via doris-1 rows=10232 [doris-1:f:up doris-2:M:up doris-3:f:up]
18:42:16 #176 OK SELECT id=2687535 via doris-1 rows=10232 [doris-1:f:up doris-2:M:up doris-3:f:up]
18:42:17 #177 OK INSERT id=2687536 via doris-1 rows=10234 [doris-1:f:up doris-2:M:up doris-3:f:up]
18:42:18 #178 OK UPSERT id=2687536 via doris-1 rows=10234 [doris-1:f:up doris-2:M:up doris-3:f:up]
