03:46:48 PROBE start proto=mysql hosts=doris-1,doris-2,doris-3 duration=86400s cycle=INSERT>UPSERT>SELECT>DELETE>SELECT
03:46:48 connected to doris-1 (10.140.0.2)
03:46:49 #1 OK INSERT id=1696080 via doris-1 rows=10089 [doris-1:f:up doris-2:f:up doris-3:M:up]
03:46:50 #2 OK UPSERT id=1696080 via doris-1 rows=10090 [doris-1:f:up doris-2:f:up doris-3:M:up]
03:46:51 #3 OK SELECT id=1696080 via doris-1 rows=10090 [doris-1:f:up doris-2:f:up doris-3:M:up]
03:46:52 #4 OK DELETE id=1696080 via doris-1 rows=10089 [doris-1:f:up doris-2:f:up doris-3:M:up]
03:46:53 #5 OK SELECT id=1696080 via doris-1 rows=10088 [doris-1:f:up doris-2:f:up doris-3:M:up]
03:46:54 #6 OK INSERT id=1696081 via doris-1 rows=10089 [doris-1:f:up doris-2:f:up doris-3:M:up]
03:46:55 #7 OK UPSERT id=1696081 via doris-1 rows=10090 [doris-1:f:up doris-2:f:up doris-3:M:up]
03:46:56 #8 OK SELECT id=1696081 via doris-1 rows=10090 [doris-1:f:up doris-2:f:up doris-3:M:up]
03:46:57 #9 OK DELETE id=1696081 via doris-1 rows=10089 [doris-1:f:up doris-2:f:up doris-3:M:up]
03:46:58 #10 OK SELECT id=1696081 via doris-1 rows=10088 [doris-1:f:up doris-2:f:up doris-3:M:up]
03:46:59 #11 OK INSERT id=1696082 via doris-1 rows=10089 [doris-1:f:up doris-2:f:up doris-3:M:up]
03:47:00 #12 OK UPSERT id=1696082 via doris-1 rows=10090 [doris-1:f:up doris-2:f:up doris-3:M:up]
03:47:01 #13 OK SELECT id=1696082 via doris-1 rows=10090 [doris-1:f:up doris-2:f:up doris-3:M:up]
03:47:02 #14 OK DELETE id=1696082 via doris-1 rows=10089 [doris-1:f:up doris-2:f:up doris-3:M:up]
03:47:03 #15 OK SELECT id=1696082 via doris-1 rows=10088 [doris-1:f:up doris-2:f:up doris-3:M:up]
03:47:04 #16 OK INSERT id=1696083 via doris-1 rows=10089 [doris-1:f:up doris-2:f:up doris-3:M:up]
03:47:06 #17 OK UPSERT id=1696083 via doris-1 rows=10090 [doris-1:f:up doris-2:f:up doris-3:M:up]
03:47:07 #18 OK SELECT id=1696083 via doris-1 rows=10090 [doris-1:f:up doris-2:f:up doris-3:M:up]
03:47:08 #19 OK DELETE id=1696083 via doris-1 rows=10089 [doris-1:f:up doris-2:f:up doris-3:M:up]
03:47:09 #20 OK SELECT id=1696083 via doris-1 rows=10088 [doris-1:f:up doris-2:f:up doris-3:M:up]
03:47:10 #21 OK INSERT id=1696084 via doris-1 rows=10089 [doris-1:f:up doris-2:f:up doris-3:M:up]
03:47:11 #22 OK UPSERT id=1696084 via doris-1 rows=10090 [doris-1:f:up doris-2:f:up doris-3:M:up]
03:47:12 #23 OK SELECT id=1696084 via doris-1 rows=10090 [doris-1:f:up doris-2:f:up doris-3:M:up]
03:47:13 #24 OK DELETE id=1696084 via doris-1 rows=10089 [doris-1:f:up doris-2:f:up doris-3:M:up]
03:47:14 #25 OK SELECT id=1696084 via doris-1 rows=10088 [doris-1:f:up doris-2:f:up doris-3:M:up]
03:47:15 #26 OK INSERT id=1696085 via doris-1 rows=10089 [doris-1:f:up doris-2:f:up doris-3:M:up]
03:47:16 #27 OK UPSERT id=1696085 via doris-1 rows=10090 [doris-1:f:up doris-2:f:up doris-3:M:up]
03:47:17 #28 OK SELECT id=1696085 via doris-1 rows=10090 [doris-1:f:up doris-2:f:up doris-3:M:up]
03:47:18 #29 OK DELETE id=1696085 via doris-1 rows=10089 [doris-1:f:up doris-2:f:up doris-3:M:up]
03:47:19 #30 OK SELECT id=1696085 via doris-1 rows=10088 [doris-1:f:up doris-2:f:up doris-3:M:up]
03:47:20 #31 OK INSERT id=1696086 via doris-1 rows=10089 [doris-1:f:up doris-2:f:up doris-3:M:up]
03:47:21 #32 OK UPSERT id=1696086 via doris-1 rows=10090 [doris-1:f:up doris-2:f:up doris-3:M:up]
03:47:22 EVENT break: be dead on doris-1 (FE follower)
03:47:23 #33 OK SELECT id=1696086 via doris-1 rows=10090 [doris-1:f:up doris-2:f:up doris-3:M:up]
03:47:24 #34 OK DELETE id=1696086 via doris-1 rows=10089 [doris-1:f:up doris-2:f:up doris-3:M:up]
03:47:25 #35 OK SELECT id=1696086 via doris-1 rows=10088 [doris-1:f:up doris-2:f:up doris-3:M:up]
03:47:34 #36 FAIL INSERT id=1696087 via doris-1: OperationalError: (2013, 'Lost connection to MySQL server during query (timed out)')
03:47:34 #36 OK SELECT(check) id=1 via doris-1
03:47:35 connected to doris-1 (10.140.0.2)
03:47:35 #37 OK INSERT id=1696088 via doris-1 rows=10091 [doris-1:f:up doris-2:f:up doris-3:M:up] (recovered)
03:47:36 #38 OK UPSERT id=1696088 via doris-1 rows=10091 [doris-1:f:up doris-2:f:up doris-3:M:up]
03:47:37 #39 OK SELECT id=1696088 via doris-1 rows=10091 [doris-1:f:up doris-2:f:up doris-3:M:up]
03:47:38 #40 OK DELETE id=1696088 via doris-1 rows=10089 [doris-1:f:up doris-2:f:up doris-3:M:up]
03:47:39 #41 OK SELECT id=1696088 via doris-1 rows=10089 [doris-1:f:up doris-2:f:up doris-3:M:up]
03:47:40 #42 OK INSERT id=1696089 via doris-1 rows=10091 [doris-1:f:up doris-2:f:up doris-3:M:up]
03:47:41 #43 OK UPSERT id=1696089 via doris-1 rows=10091 [doris-1:f:up doris-2:f:up doris-3:M:up]
03:47:42 #44 OK SELECT id=1696089 via doris-1 rows=10091 [doris-1:f:up doris-2:f:up doris-3:M:up]
03:47:43 #45 OK DELETE id=1696089 via doris-1 rows=10089 [doris-1:f:up doris-2:f:up doris-3:M:up]
03:47:44 #46 OK SELECT id=1696089 via doris-1 rows=10089 [doris-1:f:up doris-2:f:up doris-3:M:up]
03:47:45 #47 OK INSERT id=1696090 via doris-1 rows=10091 [doris-1:f:up doris-2:f:up doris-3:M:up]
03:47:47 #48 OK UPSERT id=1696090 via doris-1 rows=10091 [doris-1:f:up doris-2:f:up doris-3:M:up]
03:47:48 #49 OK SELECT id=1696090 via doris-1 rows=10091 [doris-1:f:up doris-2:f:up doris-3:M:up]
03:47:49 #50 OK DELETE id=1696090 via doris-1 rows=10089 [doris-1:f:up doris-2:f:up doris-3:M:up]
03:47:50 #51 OK SELECT id=1696090 via doris-1 rows=10089 [doris-1:f:up doris-2:f:up doris-3:M:up]
03:47:51 #52 OK INSERT id=1696091 via doris-1 rows=10091 [doris-1:f:up doris-2:f:up doris-3:M:up]
03:47:52 #53 OK UPSERT id=1696091 via doris-1 rows=10091 [doris-1:f:up doris-2:f:up doris-3:M:up]
03:47:53 #54 OK SELECT id=1696091 via doris-1 rows=10091 [doris-1:f:up doris-2:f:up doris-3:M:up]
03:47:54 #55 OK DELETE id=1696091 via doris-1 rows=10089 [doris-1:f:up doris-2:f:up doris-3:M:up]
03:47:55 #56 OK SELECT id=1696091 via doris-1 rows=10089 [doris-1:f:up doris-2:f:up doris-3:M:up]
03:47:56 #57 OK INSERT id=1696092 via doris-1 rows=10091 [doris-1:f:up doris-2:f:up doris-3:M:up]
03:47:57 #58 OK UPSERT id=1696092 via doris-1 rows=10091 [doris-1:f:up doris-2:f:up doris-3:M:up]
03:47:58 #59 OK SELECT id=1696092 via doris-1 rows=10091 [doris-1:f:up doris-2:f:up doris-3:M:up]
03:47:59 #60 OK DELETE id=1696092 via doris-1 rows=10089 [doris-1:f:up doris-2:f:up doris-3:M:up]
03:48:00 #61 OK SELECT id=1696092 via doris-1 rows=10089 [doris-1:f:up doris-2:f:up doris-3:M:up]
03:48:01 #62 OK INSERT id=1696093 via doris-1 rows=10091 [doris-1:f:up doris-2:f:up doris-3:M:up]
03:48:02 #63 OK UPSERT id=1696093 via doris-1 rows=10091 [doris-1:f:up doris-2:f:up doris-3:M:up]
03:48:03 #64 OK SELECT id=1696093 via doris-1 rows=10091 [doris-1:f:up doris-2:f:up doris-3:M:up]
03:48:05 #65 OK DELETE id=1696093 via doris-1 rows=10089 [doris-1:f:up doris-2:f:up doris-3:M:up]
03:48:06 #66 OK SELECT id=1696093 via doris-1 rows=10089 [doris-1:f:up doris-2:f:up doris-3:M:up]
03:48:07 #67 OK INSERT id=1696094 via doris-1 rows=10091 [doris-1:f:up doris-2:f:up doris-3:M:up]
03:48:08 #68 OK UPSERT id=1696094 via doris-1 rows=10091 [doris-1:f:up doris-2:f:up doris-3:M:up]
03:48:09 #69 OK SELECT id=1696094 via doris-1 rows=10091 [doris-1:f:up doris-2:f:up doris-3:M:up]
03:48:10 #70 OK DELETE id=1696094 via doris-1 rows=10089 [doris-1:f:up doris-2:f:up doris-3:M:up]
03:48:11 #71 OK SELECT id=1696094 via doris-1 rows=10089 [doris-1:f:up doris-2:f:up doris-3:M:up]
03:48:12 #72 OK INSERT id=1696095 via doris-1 rows=10091 [doris-1:f:up doris-2:f:up doris-3:M:up]
03:48:13 #73 OK UPSERT id=1696095 via doris-1 rows=10091 [doris-1:f:up doris-2:f:up doris-3:M:up]
03:48:14 #74 OK SELECT id=1696095 via doris-1 rows=10091 [doris-1:f:up doris-2:f:up doris-3:M:up]
03:48:15 #75 OK DELETE id=1696095 via doris-1 rows=10089 [doris-1:f:up doris-2:f:up doris-3:M:up]
03:48:16 #76 OK SELECT id=1696095 via doris-1 rows=10089 [doris-1:f:up doris-2:f:up doris-3:M:up]
03:48:17 #77 OK INSERT id=1696096 via doris-1 rows=10091 [doris-1:f:up doris-2:f:up doris-3:M:up]
03:48:18 #78 OK UPSERT id=1696096 via doris-1 rows=10091 [doris-1:f:up doris-2:f:up doris-3:M:up]
03:48:19 #79 OK SELECT id=1696096 via doris-1 rows=10091 [doris-1:f:up doris-2:f:up doris-3:M:up]
03:48:21 #80 OK DELETE id=1696096 via doris-1 rows=10089 [doris-1:f:up doris-2:f:up doris-3:M:up]
03:48:22 #81 OK SELECT id=1696096 via doris-1 rows=10089 [doris-1:f:up doris-2:f:up doris-3:M:up]
03:48:23 #82 OK INSERT id=1696097 via doris-1 rows=10091 [doris-1:f:up doris-2:f:up doris-3:M:up]
03:48:24 #83 OK UPSERT id=1696097 via doris-1 rows=10091 [doris-1:f:up doris-2:f:up doris-3:M:up]
03:48:25 #84 OK SELECT id=1696097 via doris-1 rows=10091 [doris-1:f:up doris-2:f:up doris-3:M:up]
03:48:26 #85 OK DELETE id=1696097 via doris-1 rows=10089 [doris-1:f:up doris-2:f:up doris-3:M:up]
03:48:27 #86 OK SELECT id=1696097 via doris-1 rows=10089 [doris-1:f:up doris-2:f:up doris-3:M:up]
03:48:28 #87 OK INSERT id=1696098 via doris-1 rows=10091 [doris-1:f:up doris-2:f:up doris-3:M:up]
03:48:29 #88 OK UPSERT id=1696098 via doris-1 rows=10091 [doris-1:f:up doris-2:f:up doris-3:M:up]
03:48:30 #89 OK SELECT id=1696098 via doris-1 rows=10091 [doris-1:f:up doris-2:f:up doris-3:M:up]
03:48:31 #90 OK DELETE id=1696098 via doris-1 rows=10089 [doris-1:f:up doris-2:f:up doris-3:M:up]
03:48:32 #91 OK SELECT id=1696098 via doris-1 rows=10089 [doris-1:f:up doris-2:f:up doris-3:M:up]
03:48:33 #92 OK INSERT id=1696099 via doris-1 rows=10091 [doris-1:f:up doris-2:f:up doris-3:M:up]
03:48:34 #93 OK UPSERT id=1696099 via doris-1 rows=10091 [doris-1:f:up doris-2:f:up doris-3:M:up]
03:48:35 #94 OK SELECT id=1696099 via doris-1 rows=10091 [doris-1:f:up doris-2:f:up doris-3:M:up]
03:48:36 #95 OK DELETE id=1696099 via doris-1 rows=10089 [doris-1:f:up doris-2:f:up doris-3:M:up]
03:48:37 #96 OK SELECT id=1696099 via doris-1 rows=10089 [doris-1:f:up doris-2:f:up doris-3:M:up]
03:48:39 #97 OK INSERT id=1696100 via doris-1 rows=10091 [doris-1:f:up doris-2:f:up doris-3:M:up]
03:48:40 #98 OK UPSERT id=1696100 via doris-1 rows=10091 [doris-1:f:up doris-2:f:up doris-3:M:up]
03:48:41 #99 OK SELECT id=1696100 via doris-1 rows=10091 [doris-1:f:up doris-2:f:up doris-3:M:up]
03:48:42 #100 OK DELETE id=1696100 via doris-1 rows=10089 [doris-1:f:up doris-2:f:up doris-3:M:up]
03:48:43 #101 OK SELECT id=1696100 via doris-1 rows=10089 [doris-1:f:up doris-2:f:up doris-3:M:up]
03:48:44 #102 OK INSERT id=1696101 via doris-1 rows=10091 [doris-1:f:up doris-2:f:up doris-3:M:up]
03:48:45 #103 OK UPSERT id=1696101 via doris-1 rows=10091 [doris-1:f:up doris-2:f:up doris-3:M:up]
03:48:46 #104 OK SELECT id=1696101 via doris-1 rows=10091 [doris-1:f:up doris-2:f:up doris-3:M:up]
03:48:47 #105 OK DELETE id=1696101 via doris-1 rows=10089 [doris-1:f:up doris-2:f:up doris-3:M:up]
03:48:48 #106 OK SELECT id=1696101 via doris-1 rows=10089 [doris-1:f:up doris-2:f:up doris-3:M:up]
03:48:49 #107 OK INSERT id=1696102 via doris-1 rows=10091 [doris-1:f:up doris-2:f:up doris-3:M:up]
03:48:50 #108 OK UPSERT id=1696102 via doris-1 rows=10091 [doris-1:f:up doris-2:f:up doris-3:M:up]
03:48:51 #109 OK SELECT id=1696102 via doris-1 rows=10091 [doris-1:f:up doris-2:f:up doris-3:M:up]
03:48:52 #110 OK DELETE id=1696102 via doris-1 rows=10089 [doris-1:f:up doris-2:f:up doris-3:M:up]
03:48:53 #111 OK SELECT id=1696102 via doris-1 rows=10089 [doris-1:f:up doris-2:f:up doris-3:M:up]
03:48:54 #112 OK INSERT id=1696103 via doris-1 rows=10091 [doris-1:f:up doris-2:f:up doris-3:M:up]
03:48:56 #113 OK UPSERT id=1696103 via doris-1 rows=10091 [doris-1:f:up doris-2:f:up doris-3:M:up]
03:48:57 #114 OK SELECT id=1696103 via doris-1 rows=10091 [doris-1:f:up doris-2:f:up doris-3:M:up]
03:48:58 #115 OK DELETE id=1696103 via doris-1 rows=10089 [doris-1:f:up doris-2:f:up doris-3:M:up]
03:48:59 #116 OK SELECT id=1696103 via doris-1 rows=10089 [doris-1:f:up doris-2:f:up doris-3:M:up]
03:49:00 #117 OK INSERT id=1696104 via doris-1 rows=10091 [doris-1:f:up doris-2:f:up doris-3:M:up]
03:49:01 #118 OK UPSERT id=1696104 via doris-1 rows=10091 [doris-1:f:up doris-2:f:up doris-3:M:up]
03:49:02 #119 OK SELECT id=1696104 via doris-1 rows=10091 [doris-1:f:up doris-2:f:up doris-3:M:up]
03:49:03 #120 OK DELETE id=1696104 via doris-1 rows=10089 [doris-1:f:up doris-2:f:up doris-3:M:up]
03:49:04 #121 OK SELECT id=1696104 via doris-1 rows=10089 [doris-1:f:up doris-2:f:up doris-3:M:up]
03:49:04 EVENT restore: systemctl start doris-be on doris-1
03:49:05 #122 OK INSERT id=1696105 via doris-1 rows=10091 [doris-1:f:up doris-2:f:up doris-3:M:up]
03:49:06 #123 OK UPSERT id=1696105 via doris-1 rows=10091 [doris-1:f:up doris-2:f:up doris-3:M:up]
03:49:07 #124 OK SELECT id=1696105 via doris-1 rows=10091 [doris-1:f:up doris-2:f:up doris-3:M:up]
03:49:08 #125 OK DELETE id=1696105 via doris-1 rows=10089 [doris-1:f:up doris-2:f:up doris-3:M:up]
03:49:09 #126 OK SELECT id=1696105 via doris-1 rows=10089 [doris-1:f:up doris-2:f:up doris-3:M:up]
03:49:10 #127 OK INSERT id=1696106 via doris-1 rows=10091 [doris-1:f:up doris-2:f:up doris-3:M:up]
03:49:11 #128 OK UPSERT id=1696106 via doris-1 rows=10091 [doris-1:f:up doris-2:f:up doris-3:M:up]
03:49:12 #129 OK SELECT id=1696106 via doris-1 rows=10091 [doris-1:f:up doris-2:f:up doris-3:M:up]
03:49:14 #130 OK DELETE id=1696106 via doris-1 rows=10089 [doris-1:f:up doris-2:f:up doris-3:M:up]
03:49:15 #131 OK SELECT id=1696106 via doris-1 rows=10089 [doris-1:f:up doris-2:f:up doris-3:M:up]
03:49:16 #132 OK INSERT id=1696107 via doris-1 rows=10091 [doris-1:f:up doris-2:f:up doris-3:M:up]
03:49:17 #133 OK UPSERT id=1696107 via doris-1 rows=10091 [doris-1:f:up doris-2:f:up doris-3:M:up]
03:49:18 #134 OK SELECT id=1696107 via doris-1 rows=10091 [doris-1:f:up doris-2:f:up doris-3:M:up]
03:49:19 #135 OK DELETE id=1696107 via doris-1 rows=10089 [doris-1:f:up doris-2:f:up doris-3:M:up]
03:49:20 #136 OK SELECT id=1696107 via doris-1 rows=10089 [doris-1:f:up doris-2:f:up doris-3:M:up]
03:49:21 #137 OK INSERT id=1696108 via doris-1 rows=10091 [doris-1:f:up doris-2:f:up doris-3:M:up]
03:49:22 #138 OK UPSERT id=1696108 via doris-1 rows=10091 [doris-1:f:up doris-2:f:up doris-3:M:up]
03:49:23 #139 OK SELECT id=1696108 via doris-1 rows=10091 [doris-1:f:up doris-2:f:up doris-3:M:up]
03:49:24 #140 OK DELETE id=1696108 via doris-1 rows=10089 [doris-1:f:up doris-2:f:up doris-3:M:up]
03:49:25 #141 OK SELECT id=1696108 via doris-1 rows=10089 [doris-1:f:up doris-2:f:up doris-3:M:up]
03:49:26 #142 OK INSERT id=1696109 via doris-1 rows=10091 [doris-1:f:up doris-2:f:up doris-3:M:up]
03:49:27 #143 OK UPSERT id=1696109 via doris-1 rows=10091 [doris-1:f:up doris-2:f:up doris-3:M:up]
03:49:28 #144 OK SELECT id=1696109 via doris-1 rows=10091 [doris-1:f:up doris-2:f:up doris-3:M:up]
03:49:30 #145 OK DELETE id=1696109 via doris-1 rows=10089 [doris-1:f:up doris-2:f:up doris-3:M:up]
03:49:31 #146 OK SELECT id=1696109 via doris-1 rows=10089 [doris-1:f:up doris-2:f:up doris-3:M:up]
03:49:31 EVENT restore: cluster healthy
03:49:32 #147 OK INSERT id=1696110 via doris-1 rows=10091 [doris-1:f:up doris-2:f:up doris-3:M:up]
03:49:33 #148 OK UPSERT id=1696110 via doris-1 rows=10091 [doris-1:f:up doris-2:f:up doris-3:M:up]
03:49:34 #149 OK SELECT id=1696110 via doris-1 rows=10091 [doris-1:f:up doris-2:f:up doris-3:M:up]
03:49:35 #150 OK DELETE id=1696110 via doris-1 rows=10089 [doris-1:f:up doris-2:f:up doris-3:M:up]
03:49:36 #151 OK SELECT id=1696110 via doris-1 rows=10089 [doris-1:f:up doris-2:f:up doris-3:M:up]
03:49:37 #152 OK INSERT id=1696111 via doris-1 rows=10091 [doris-1:f:up doris-2:f:up doris-3:M:up]
03:49:38 #153 OK UPSERT id=1696111 via doris-1 rows=10091 [doris-1:f:up doris-2:f:up doris-3:M:up]
03:49:39 #154 OK SELECT id=1696111 via doris-1 rows=10091 [doris-1:f:up doris-2:f:up doris-3:M:up]
03:49:40 #155 OK DELETE id=1696111 via doris-1 rows=10089 [doris-1:f:up doris-2:f:up doris-3:M:up]
03:49:41 #156 OK SELECT id=1696111 via doris-1 rows=10089 [doris-1:f:up doris-2:f:up doris-3:M:up]
03:49:42 #157 OK INSERT id=1696112 via doris-1 rows=10091 [doris-1:f:up doris-2:f:up doris-3:M:up]
03:49:43 #158 OK UPSERT id=1696112 via doris-1 rows=10091 [doris-1:f:up doris-2:f:up doris-3:M:up]
03:49:44 #159 OK SELECT id=1696112 via doris-1 rows=10091 [doris-1:f:up doris-2:f:up doris-3:M:up]
03:49:45 #160 OK DELETE id=1696112 via doris-1 rows=10089 [doris-1:f:up doris-2:f:up doris-3:M:up]
03:49:46 #161 OK SELECT id=1696112 via doris-1 rows=10089 [doris-1:f:up doris-2:f:up doris-3:M:up]
03:49:48 #162 OK INSERT id=1696113 via doris-1 rows=10091 [doris-1:f:up doris-2:f:up doris-3:M:up]
03:49:49 #163 OK UPSERT id=1696113 via doris-1 rows=10091 [doris-1:f:up doris-2:f:up doris-3:M:up]
03:49:50 #164 OK SELECT id=1696113 via doris-1 rows=10091 [doris-1:f:up doris-2:f:up doris-3:M:up]
03:49:51 #165 OK DELETE id=1696113 via doris-1 rows=10089 [doris-1:f:up doris-2:f:up doris-3:M:up]
03:49:52 #166 OK SELECT id=1696113 via doris-1 rows=10089 [doris-1:f:up doris-2:f:up doris-3:M:up]
03:49:53 #167 OK INSERT id=1696114 via doris-1 rows=10091 [doris-1:f:up doris-2:f:up doris-3:M:up]
03:49:54 #168 OK UPSERT id=1696114 via doris-1 rows=10091 [doris-1:f:up doris-2:f:up doris-3:M:up]
03:49:55 #169 OK SELECT id=1696114 via doris-1 rows=10091 [doris-1:f:up doris-2:f:up doris-3:M:up]
03:49:56 #170 OK DELETE id=1696114 via doris-1 rows=10089 [doris-1:f:up doris-2:f:up doris-3:M:up]
03:49:57 #171 OK SELECT id=1696114 via doris-1 rows=10089 [doris-1:f:up doris-2:f:up doris-3:M:up]
03:49:58 #172 OK INSERT id=1696115 via doris-1 rows=10091 [doris-1:f:up doris-2:f:up doris-3:M:up]
