18:03:07 PROBE start proto=arrow-flight hosts=doris-1,doris-2,doris-3 duration=86400s cycle=INSERT>UPSERT>SELECT>DELETE>SELECT
18:03:08 connected to doris-1 (10.140.0.2)
18:03:08 DML unsupported over arrow-flight (InternalError: RuntimeException, msg: getMysqlChannel not in mysql connection (Internal; ExecuteQuery)) — switching to SELECT-only mode
18:03:08 #1 OK SELECT id=3665870 via doris-1 rows=10208 [doris-1:f:up doris-2:f:up doris-3:M:up]
18:03:09 #2 OK SELECT id=3665870 via doris-1 rows=10208 [doris-1:f:up doris-2:f:up doris-3:M:up]
18:03:10 #3 OK SELECT id=3665870 via doris-1 rows=10207 [doris-1:f:up doris-2:f:up doris-3:M:up]
18:03:11 #4 OK SELECT id=3665870 via doris-1 rows=10206 [doris-1:f:up doris-2:f:up doris-3:M:up]
18:03:13 #5 OK SELECT id=3665870 via doris-1 rows=10207 [doris-1:f:up doris-2:f:up doris-3:M:up]
18:03:14 #6 OK SELECT id=3665870 via doris-1 rows=10208 [doris-1:f:up doris-2:f:up doris-3:M:up]
18:03:15 #7 OK SELECT id=3665870 via doris-1 rows=10208 [doris-1:f:up doris-2:f:up doris-3:M:up]
18:03:16 #8 OK SELECT id=3665870 via doris-1 rows=10207 [doris-1:f:up doris-2:f:up doris-3:M:up]
18:03:17 #9 OK SELECT id=3665870 via doris-1 rows=10206 [doris-1:f:up doris-2:f:up doris-3:M:up]
18:03:18 #10 OK SELECT id=3665870 via doris-1 rows=10207 [doris-1:f:up doris-2:f:up doris-3:M:up]
18:03:19 #11 OK SELECT id=3665870 via doris-1 rows=10208 [doris-1:f:up doris-2:f:up doris-3:M:up]
18:03:20 #12 OK SELECT id=3665870 via doris-1 rows=10208 [doris-1:f:up doris-2:f:up doris-3:M:up]
18:03:21 #13 OK SELECT id=3665870 via doris-1 rows=10207 [doris-1:f:up doris-2:f:up doris-3:M:up]
18:03:22 #14 OK SELECT id=3665870 via doris-1 rows=10206 [doris-1:f:up doris-2:f:up doris-3:M:up]
18:03:24 #15 OK SELECT id=3665870 via doris-1 rows=10207 [doris-1:f:up doris-2:f:up doris-3:M:up]
18:03:25 #16 OK SELECT id=3665870 via doris-1 rows=10208 [doris-1:f:up doris-2:f:up doris-3:M:up]
18:03:26 #17 OK SELECT id=3665870 via doris-1 rows=10208 [doris-1:f:up doris-2:f:up doris-3:M:up]
18:03:27 #18 OK SELECT id=3665870 via doris-1 rows=10207 [doris-1:f:up doris-2:f:up doris-3:M:up]
18:03:28 #19 OK SELECT id=3665870 via doris-1 rows=10206 [doris-1:f:up doris-2:f:up doris-3:M:up]
18:03:29 #20 OK SELECT id=3665870 via doris-1 rows=10207 [doris-1:f:up doris-2:f:up doris-3:M:up]
18:03:30 #21 OK SELECT id=3665870 via doris-1 rows=10208 [doris-1:f:up doris-2:f:up doris-3:M:up]
18:03:31 #22 OK SELECT id=3665870 via doris-1 rows=10208 [doris-1:f:up doris-2:f:up doris-3:M:up]
18:03:32 #23 OK SELECT id=3665870 via doris-1 rows=10207 [doris-1:f:up doris-2:f:up doris-3:M:up]
18:03:33 #24 OK SELECT id=3665870 via doris-1 rows=10206 [doris-1:f:up doris-2:f:up doris-3:M:up]
18:03:34 #25 OK SELECT id=3665870 via doris-1 rows=10207 [doris-1:f:up doris-2:f:up doris-3:M:up]
18:03:35 #26 OK SELECT id=3665870 via doris-1 rows=10208 [doris-1:f:up doris-2:f:up doris-3:M:up]
18:03:37 #27 OK SELECT id=3665870 via doris-1 rows=10208 [doris-1:f:up doris-2:f:up doris-3:M:up]
18:03:38 #28 OK SELECT id=3665870 via doris-1 rows=10207 [doris-1:f:up doris-2:f:up doris-3:M:up]
18:03:39 #29 OK SELECT id=3665870 via doris-1 rows=10206 [doris-1:f:up doris-2:f:up doris-3:M:up]
18:03:40 #30 OK SELECT id=3665870 via doris-1 rows=10207 [doris-1:f:up doris-2:f:up doris-3:M:up]
18:03:41 #31 OK SELECT id=3665870 via doris-1 rows=10208 [doris-1:f:up doris-2:f:up doris-3:M:up]
18:03:42 #32 OK SELECT id=3665870 via doris-1 rows=10208 [doris-1:f:up doris-2:f:up doris-3:M:up]
18:03:43 #33 OK SELECT id=3665870 via doris-1 rows=10207 [doris-1:f:up doris-2:f:up doris-3:M:up]
18:03:43 EVENT break: vm stop on doris-3 (FE master)
18:03:44 #34 OK SELECT id=3665870 via doris-1 rows=10206 [doris-1:f:up doris-2:f:up doris-3:M:up]
18:03:45 #35 OK SELECT id=3665870 via doris-1 rows=10207 [doris-1:f:up doris-2:f:up doris-3:M:up]
18:03:51 #36 OK SELECT id=3665870 via doris-1 rows=10208 [?]
18:03:52 #37 FAIL SELECT id=3665870 via doris-1: InternalError: INTERNAL: [FlightSQL] get flight info statement failed, after executeQueryStatement handleQuery, java.lang.Run
18:03:53 connected to doris-1 (10.140.0.2)
18:03:53 #38 FAIL SELECT id=3665870 via doris-1: InternalError: INTERNAL: [FlightSQL] get flight info statement failed, after executeQueryStatement handleQuery, java.lang.Run
18:03:54 connected to doris-1 (10.140.0.2)
18:03:54 #39 FAIL SELECT id=3665870 via doris-1: InternalError: INTERNAL: [FlightSQL] get flight info statement failed, after executeQueryStatement handleQuery, java.lang.Run
18:03:55 connected to doris-1 (10.140.0.2)
18:03:55 #40 FAIL SELECT id=3665870 via doris-1: InternalError: INTERNAL: [FlightSQL] get flight info statement failed, after executeQueryStatement handleQuery, java.lang.Run
18:03:56 connected to doris-1 (10.140.0.2)
18:03:56 #41 FAIL SELECT id=3665870 via doris-1: InternalError: INTERNAL: [FlightSQL] get flight info statement failed, after executeQueryStatement handleQuery, java.lang.Run
18:03:57 connected to doris-1 (10.140.0.2)
18:03:57 #42 FAIL SELECT id=3665870 via doris-1: InternalError: INTERNAL: [FlightSQL] get flight info statement failed, after executeQueryStatement handleQuery, java.lang.Run
18:03:59 connected to doris-1 (10.140.0.2)
18:03:59 #43 FAIL SELECT id=3665870 via doris-1: InternalError: INTERNAL: [FlightSQL] get flight info statement failed, after executeQueryStatement handleQuery, java.lang.Run
18:04:00 connected to doris-1 (10.140.0.2)
18:04:00 #44 FAIL SELECT id=3665870 via doris-1: InternalError: INTERNAL: [FlightSQL] get flight info statement failed, after executeQueryStatement handleQuery, java.lang.Run
18:04:01 connected to doris-1 (10.140.0.2)
18:04:01 #45 FAIL SELECT id=3665870 via doris-1: InternalError: INTERNAL: [FlightSQL] get flight info statement failed, after executeQueryStatement handleQuery, java.lang.Run
18:04:02 connected to doris-1 (10.140.0.2)
18:04:02 #46 FAIL SELECT id=3665870 via doris-1: InternalError: INTERNAL: [FlightSQL] get flight info statement failed, after executeQueryStatement handleQuery, java.lang.Run
18:04:03 connected to doris-1 (10.140.0.2)
18:04:03 #47 FAIL SELECT id=3665870 via doris-1: InternalError: INTERNAL: [FlightSQL] get flight info statement failed, after executeQueryStatement handleQuery, java.lang.Run
18:04:04 connected to doris-1 (10.140.0.2)
18:04:04 #48 FAIL SELECT id=3665870 via doris-1: InternalError: INTERNAL: [FlightSQL] get flight info statement failed, after executeQueryStatement handleQuery, java.lang.Run
18:04:05 connected to doris-1 (10.140.0.2)
18:04:06 #49 OK SELECT id=3665870 via doris-1 rows=10209 [?] (recovered)
18:04:07 EVENT break: doris-3 is down
18:04:07 #50 FAIL SELECT id=3665870 via doris-1: InternalError: INTERNAL: [FlightSQL] get flight info statement failed, after executeQueryStatement handleQuery, java.lang.Run
18:04:08 connected to doris-1 (10.140.0.2)
18:04:08 #51 FAIL SELECT id=3665870 via doris-1: InternalError: INTERNAL: [FlightSQL] get flight info statement failed, after executeQueryStatement handleQuery, java.lang.Run
18:04:09 connected to doris-1 (10.140.0.2)
18:04:09 #52 FAIL SELECT id=3665870 via doris-1: InternalError: INTERNAL: [FlightSQL] get flight info statement failed, after executeQueryStatement handleQuery, java.lang.Run
18:04:10 connected to doris-1 (10.140.0.2)
18:04:10 #53 FAIL SELECT id=3665870 via doris-1: InternalError: INTERNAL: [FlightSQL] get flight info statement failed, after executeQueryStatement handleQuery, java.lang.Run
18:04:11 connected to doris-1 (10.140.0.2)
18:04:11 #54 FAIL SELECT id=3665870 via doris-1: InternalError: INTERNAL: [FlightSQL] get flight info statement failed, after executeQueryStatement handleQuery, java.lang.Run
18:04:12 connected to doris-1 (10.140.0.2)
18:04:12 #55 FAIL SELECT id=3665870 via doris-1: InternalError: INTERNAL: [FlightSQL] get flight info statement failed, after executeQueryStatement handleQuery, java.lang.Run
18:04:13 connected to doris-1 (10.140.0.2)
18:04:13 #56 FAIL SELECT id=3665870 via doris-1: InternalError: INTERNAL: [FlightSQL] get flight info statement failed, after executeQueryStatement handleQuery, java.lang.Run
18:04:14 connected to doris-1 (10.140.0.2)
18:04:14 #57 FAIL SELECT id=3665870 via doris-1: InternalError: INTERNAL: [FlightSQL] get flight info statement failed, after executeQueryStatement handleQuery, java.lang.Run
18:04:15 connected to doris-1 (10.140.0.2)
18:04:15 #58 FAIL SELECT id=3665870 via doris-1: InternalError: INTERNAL: [FlightSQL] get flight info statement failed, after executeQueryStatement handleQuery, java.lang.Run
18:04:16 connected to doris-1 (10.140.0.2)
18:04:16 #59 FAIL SELECT id=3665870 via doris-1: InternalError: INTERNAL: [FlightSQL] get flight info statement failed, after executeQueryStatement handleQuery, java.lang.Run
18:04:17 connected to doris-1 (10.140.0.2)
18:04:17 #60 OK SELECT id=3665870 via doris-1 rows=10209 [doris-1:f:up doris-2:M:up doris-3:f:DOWN] (recovered)
18:04:19 #61 OK SELECT id=3665870 via doris-1 rows=10209 [doris-1:f:up doris-2:M:up doris-3:f:DOWN]
18:04:20 #62 OK SELECT id=3665870 via doris-1 rows=10209 [doris-1:f:up doris-2:M:up doris-3:f:DOWN]
18:04:21 #63 OK SELECT id=3665870 via doris-1 rows=10209 [doris-1:f:up doris-2:M:up doris-3:f:DOWN]
18:04:22 #64 OK SELECT id=3665870 via doris-1 rows=10209 [doris-1:f:up doris-2:M:up doris-3:f:DOWN]
18:04:23 #65 OK SELECT id=3665870 via doris-1 rows=10209 [doris-1:f:up doris-2:M:up doris-3:f:DOWN]
18:04:24 #66 OK SELECT id=3665870 via doris-1 rows=10209 [doris-1:f:up doris-2:M:up doris-3:f:DOWN]
18:04:25 #67 OK SELECT id=3665870 via doris-1 rows=10209 [doris-1:f:up doris-2:M:up doris-3:f:DOWN]
18:04:26 #68 OK SELECT id=3665870 via doris-1 rows=10209 [doris-1:f:up doris-2:M:up doris-3:f:DOWN]
18:04:27 #69 OK SELECT id=3665870 via doris-1 rows=10209 [doris-1:f:up doris-2:M:up doris-3:f:DOWN]
18:04:28 #70 OK SELECT id=3665870 via doris-1 rows=10209 [doris-1:f:up doris-2:M:up doris-3:f:DOWN]
18:04:29 #71 OK SELECT id=3665870 via doris-1 rows=10209 [doris-1:f:up doris-2:M:up doris-3:f:DOWN]
18:04:30 #72 OK SELECT id=3665870 via doris-1 rows=10209 [doris-1:f:up doris-2:M:up doris-3:f:DOWN]
18:04:31 #73 OK SELECT id=3665870 via doris-1 rows=10209 [doris-1:f:up doris-2:M:up doris-3:f:DOWN]
18:04:33 #74 OK SELECT id=3665870 via doris-1 rows=10209 [doris-1:f:up doris-2:M:up doris-3:f:DOWN]
18:04:34 #75 OK SELECT id=3665870 via doris-1 rows=10209 [doris-1:f:up doris-2:M:up doris-3:f:DOWN]
18:04:35 #76 OK SELECT id=3665870 via doris-1 rows=10209 [doris-1:f:up doris-2:M:up doris-3:f:DOWN]
18:04:36 #77 OK SELECT id=3665870 via doris-1 rows=10209 [doris-1:f:up doris-2:M:up doris-3:f:DOWN]
18:04:37 #78 OK SELECT id=3665870 via doris-1 rows=10209 [doris-1:f:up doris-2:M:up doris-3:f:DOWN]
18:04:38 #79 OK SELECT id=3665870 via doris-1 rows=10209 [doris-1:f:up doris-2:M:up doris-3:f:DOWN]
18:04:39 #80 OK SELECT id=3665870 via doris-1 rows=10209 [doris-1:f:up doris-2:M:up doris-3:f:DOWN]
18:04:40 #81 OK SELECT id=3665870 via doris-1 rows=10209 [doris-1:f:up doris-2:M:up doris-3:f:DOWN]
18:04:41 #82 OK SELECT id=3665870 via doris-1 rows=10209 [doris-1:f:up doris-2:M:up doris-3:f:DOWN]
18:04:42 #83 OK SELECT id=3665870 via doris-1 rows=10209 [doris-1:f:up doris-2:M:up doris-3:f:DOWN]
18:04:43 #84 OK SELECT id=3665870 via doris-1 rows=10209 [doris-1:f:up doris-2:M:up doris-3:f:DOWN]
18:04:44 #85 OK SELECT id=3665870 via doris-1 rows=10209 [doris-1:f:up doris-2:M:up doris-3:f:DOWN]
18:04:45 #86 OK SELECT id=3665870 via doris-1 rows=10209 [doris-1:f:up doris-2:M:up doris-3:f:DOWN]
18:04:46 #87 OK SELECT id=3665870 via doris-1 rows=10209 [doris-1:f:up doris-2:M:up doris-3:f:DOWN]
18:04:48 #88 OK SELECT id=3665870 via doris-1 rows=10209 [doris-1:f:up doris-2:M:up doris-3:f:DOWN]
18:04:49 #89 OK SELECT id=3665870 via doris-1 rows=10211 [doris-1:f:up doris-2:M:up doris-3:f:DOWN]
18:04:50 #90 OK SELECT id=3665870 via doris-1 rows=10211 [doris-1:f:up doris-2:M:up doris-3:f:DOWN]
18:04:51 #91 OK SELECT id=3665870 via doris-1 rows=10211 [doris-1:f:up doris-2:M:up doris-3:f:DOWN]
18:04:52 #92 OK SELECT id=3665870 via doris-1 rows=10209 [doris-1:f:up doris-2:M:up doris-3:f:DOWN]
18:04:53 #93 OK SELECT id=3665870 via doris-1 rows=10209 [doris-1:f:up doris-2:M:up doris-3:f:DOWN]
18:04:54 #94 OK SELECT id=3665870 via doris-1 rows=10211 [doris-1:f:up doris-2:M:up doris-3:f:DOWN]
18:04:55 #95 OK SELECT id=3665870 via doris-1 rows=10211 [doris-1:f:up doris-2:M:up doris-3:f:DOWN]
18:04:56 #96 OK SELECT id=3665870 via doris-1 rows=10211 [doris-1:f:up doris-2:M:up doris-3:f:DOWN]
18:04:57 #97 OK SELECT id=3665870 via doris-1 rows=10209 [doris-1:f:up doris-2:M:up doris-3:f:DOWN]
18:04:58 #98 OK SELECT id=3665870 via doris-1 rows=10209 [doris-1:f:up doris-2:M:up doris-3:f:DOWN]
18:04:59 #99 OK SELECT id=3665870 via doris-1 rows=10211 [doris-1:f:up doris-2:M:up doris-3:f:DOWN]
18:05:00 #100 OK SELECT id=3665870 via doris-1 rows=10211 [doris-1:f:up doris-2:M:up doris-3:f:DOWN]
18:05:01 #101 OK SELECT id=3665870 via doris-1 rows=10211 [doris-1:f:up doris-2:M:up doris-3:f:DOWN]
18:05:02 #102 OK SELECT id=3665870 via doris-1 rows=10209 [doris-1:f:up doris-2:M:up doris-3:f:DOWN]
18:05:04 #103 OK SELECT id=3665870 via doris-1 rows=10209 [doris-1:f:up doris-2:M:up doris-3:f:DOWN]
18:05:05 #104 OK SELECT id=3665870 via doris-1 rows=10211 [doris-1:f:up doris-2:M:up doris-3:f:DOWN]
18:05:06 #105 OK SELECT id=3665870 via doris-1 rows=10211 [doris-1:f:up doris-2:M:up doris-3:f:DOWN]
18:05:07 #106 OK SELECT id=3665870 via doris-1 rows=10211 [doris-1:f:up doris-2:M:up doris-3:f:DOWN]
18:05:08 #107 OK SELECT id=3665870 via doris-1 rows=10209 [doris-1:f:up doris-2:M:up doris-3:f:DOWN]
18:05:09 #108 OK SELECT id=3665870 via doris-1 rows=10209 [doris-1:f:up doris-2:M:up doris-3:f:DOWN]
18:05:10 #109 OK SELECT id=3665870 via doris-1 rows=10211 [doris-1:f:up doris-2:M:up doris-3:f:DOWN]
18:05:11 #110 OK SELECT id=3665870 via doris-1 rows=10211 [doris-1:f:up doris-2:M:up doris-3:f:DOWN]
18:05:12 #111 OK SELECT id=3665870 via doris-1 rows=10211 [doris-1:f:up doris-2:M:up doris-3:f:DOWN]
18:05:13 #112 OK SELECT id=3665870 via doris-1 rows=10209 [doris-1:f:up doris-2:M:up doris-3:f:DOWN]
18:05:14 #113 OK SELECT id=3665870 via doris-1 rows=10209 [doris-1:f:up doris-2:M:up doris-3:f:DOWN]
18:05:15 #114 OK SELECT id=3665870 via doris-1 rows=10211 [doris-1:f:up doris-2:M:up doris-3:f:DOWN]
18:05:16 #115 OK SELECT id=3665870 via doris-1 rows=10211 [doris-1:f:up doris-2:M:up doris-3:f:DOWN]
18:05:17 #116 OK SELECT id=3665870 via doris-1 rows=10211 [doris-1:f:up doris-2:M:up doris-3:f:DOWN]
18:05:18 #117 OK SELECT id=3665870 via doris-1 rows=10209 [doris-1:f:up doris-2:M:up doris-3:f:DOWN]
18:05:20 #118 OK SELECT id=3665870 via doris-1 rows=10209 [doris-1:f:up doris-2:M:up doris-3:f:DOWN]
18:05:21 #119 OK SELECT id=3665870 via doris-1 rows=10211 [doris-1:f:up doris-2:M:up doris-3:f:DOWN]
18:05:22 #120 OK SELECT id=3665870 via doris-1 rows=10211 [doris-1:f:up doris-2:M:up doris-3:f:DOWN]
18:05:23 #121 OK SELECT id=3665870 via doris-1 rows=10211 [doris-1:f:up doris-2:M:up doris-3:f:DOWN]
18:05:24 #122 OK SELECT id=3665870 via doris-1 rows=10209 [doris-1:f:up doris-2:M:up doris-3:f:DOWN]
18:05:25 #123 OK SELECT id=3665870 via doris-1 rows=10209 [doris-1:f:up doris-2:M:up doris-3:f:DOWN]
18:05:26 #124 OK SELECT id=3665870 via doris-1 rows=10211 [doris-1:f:up doris-2:M:up doris-3:f:DOWN]
18:05:27 #125 OK SELECT id=3665870 via doris-1 rows=10211 [doris-1:f:up doris-2:M:up doris-3:f:DOWN]
18:05:28 #126 OK SELECT id=3665870 via doris-1 rows=10211 [doris-1:f:up doris-2:M:up doris-3:f:DOWN]
18:05:29 #127 OK SELECT id=3665870 via doris-1 rows=10209 [doris-1:f:up doris-2:M:up doris-3:f:DOWN]
18:05:30 #128 OK SELECT id=3665870 via doris-1 rows=10209 [doris-1:f:up doris-2:M:up doris-3:f:DOWN]
18:05:31 #129 OK SELECT id=3665870 via doris-1 rows=10211 [doris-1:f:up doris-2:M:up doris-3:f:DOWN]
18:05:32 #130 OK SELECT id=3665870 via doris-1 rows=10211 [doris-1:f:up doris-2:M:up doris-3:f:DOWN]
18:05:33 #131 OK SELECT id=3665870 via doris-1 rows=10211 [doris-1:f:up doris-2:M:up doris-3:f:DOWN]
18:05:34 #132 OK SELECT id=3665870 via doris-1 rows=10209 [doris-1:f:up doris-2:M:up doris-3:f:DOWN]
18:05:35 #133 OK SELECT id=3665870 via doris-1 rows=10209 [doris-1:f:up doris-2:M:up doris-3:f:DOWN]
18:05:37 #134 OK SELECT id=3665870 via doris-1 rows=10211 [doris-1:f:up doris-2:M:up doris-3:f:DOWN]
18:05:38 #135 OK SELECT id=3665870 via doris-1 rows=10211 [doris-1:f:up doris-2:M:up doris-3:f:DOWN]
18:05:39 #136 OK SELECT id=3665870 via doris-1 rows=10211 [doris-1:f:up doris-2:M:up doris-3:f:DOWN]
18:05:40 #137 OK SELECT id=3665870 via doris-1 rows=10210 [doris-1:f:up doris-2:M:up doris-3:f:DOWN]
18:05:41 #138 OK SELECT id=3665870 via doris-1 rows=10209 [doris-1:f:up doris-2:M:up doris-3:f:DOWN]
18:05:42 #139 OK SELECT id=3665870 via doris-1 rows=10210 [doris-1:f:up doris-2:M:up doris-3:f:DOWN]
18:05:43 #140 OK SELECT id=3665870 via doris-1 rows=10211 [doris-1:f:up doris-2:M:up doris-3:f:DOWN]
18:05:44 #141 OK SELECT id=3665870 via doris-1 rows=10211 [doris-1:f:up doris-2:M:up doris-3:f:DOWN]
18:05:45 #142 OK SELECT id=3665870 via doris-1 rows=10210 [doris-1:f:up doris-2:M:up doris-3:f:DOWN]
18:05:46 EVENT restore: start doris-3
18:05:46 #143 OK SELECT id=3665870 via doris-1 rows=10209 [doris-1:f:up doris-2:M:up doris-3:f:DOWN]
18:05:47 #144 OK SELECT id=3665870 via doris-1 rows=10210 [doris-1:f:up doris-2:M:up doris-3:f:DOWN]
18:05:48 #145 OK SELECT id=3665870 via doris-1 rows=10211 [doris-1:f:up doris-2:M:up doris-3:f:DOWN]
18:05:49 #146 OK SELECT id=3665870 via doris-1 rows=10211 [doris-1:f:up doris-2:M:up doris-3:f:DOWN]
18:05:50 #147 OK SELECT id=3665870 via doris-1 rows=10210 [doris-1:f:up doris-2:M:up doris-3:f:DOWN]
18:05:51 #148 OK SELECT id=3665870 via doris-1 rows=10209 [doris-1:f:up doris-2:M:up doris-3:f:DOWN]
18:05:53 #149 OK SELECT id=3665870 via doris-1 rows=10210 [doris-1:f:up doris-2:M:up doris-3:f:DOWN]
18:05:54 #150 OK SELECT id=3665870 via doris-1 rows=10211 [doris-1:f:up doris-2:M:up doris-3:f:DOWN]
18:05:55 #151 OK SELECT id=3665870 via doris-1 rows=10211 [doris-1:f:up doris-2:M:up doris-3:f:DOWN]
18:05:56 #152 OK SELECT id=3665870 via doris-1 rows=10210 [doris-1:f:up doris-2:M:up doris-3:f:DOWN]
18:05:57 #153 OK SELECT id=3665870 via doris-1 rows=10209 [doris-1:f:up doris-2:M:up doris-3:f:DOWN]
18:05:58 #154 OK SELECT id=3665870 via doris-1 rows=10210 [doris-1:f:up doris-2:M:up doris-3:f:DOWN]
18:05:59 #155 OK SELECT id=3665870 via doris-1 rows=10211 [doris-1:f:up doris-2:M:up doris-3:f:DOWN]
18:06:00 #156 OK SELECT id=3665870 via doris-1 rows=10211 [doris-1:f:up doris-2:M:up doris-3:f:DOWN]
18:06:01 #157 OK SELECT id=3665870 via doris-1 rows=10210 [doris-1:f:up doris-2:M:up doris-3:f:DOWN]
18:06:02 #158 OK SELECT id=3665870 via doris-1 rows=10209 [doris-1:f:up doris-2:M:up doris-3:f:DOWN]
18:06:03 #159 OK SELECT id=3665870 via doris-1 rows=10210 [doris-1:f:up doris-2:M:up doris-3:f:DOWN]
18:06:04 #160 OK SELECT id=3665870 via doris-1 rows=10211 [doris-1:f:up doris-2:M:up doris-3:f:DOWN]
18:06:05 #161 OK SELECT id=3665870 via doris-1 rows=10211 [doris-1:f:up doris-2:M:up doris-3:f:DOWN]
18:06:06 #162 OK SELECT id=3665870 via doris-1 rows=10210 [doris-1:f:up doris-2:M:up doris-3:f:DOWN]
18:06:07 #163 OK SELECT id=3665870 via doris-1 rows=10209 [doris-1:f:up doris-2:M:up doris-3:f:DOWN]
18:06:08 #164 OK SELECT id=3665870 via doris-1 rows=10210 [doris-1:f:up doris-2:M:up doris-3:f:DOWN]
18:06:10 #165 OK SELECT id=3665870 via doris-1 rows=10211 [doris-1:f:up doris-2:M:up doris-3:f:DOWN]
18:06:11 #166 OK SELECT id=3665870 via doris-1 rows=10211 [doris-1:f:up doris-2:M:up doris-3:f:DOWN]
18:06:12 #167 OK SELECT id=3665870 via doris-1 rows=10210 [doris-1:f:up doris-2:M:up doris-3:f:DOWN]
18:06:13 #168 OK SELECT id=3665870 via doris-1 rows=10209 [doris-1:f:up doris-2:M:up doris-3:f:DOWN]
18:06:14 #169 OK SELECT id=3665870 via doris-1 rows=10210 [doris-1:f:up doris-2:M:up doris-3:f:DOWN]
18:06:15 #170 OK SELECT id=3665870 via doris-1 rows=10211 [doris-1:f:up doris-2:M:up doris-3:f:DOWN]
18:06:16 #171 OK SELECT id=3665870 via doris-1 rows=10211 [doris-1:f:up doris-2:M:up doris-3:f:DOWN]
18:06:17 #172 OK SELECT id=3665870 via doris-1 rows=10210 [doris-1:f:up doris-2:M:up doris-3:f:DOWN]
18:06:18 #173 OK SELECT id=3665870 via doris-1 rows=10209 [doris-1:f:up doris-2:M:up doris-3:f:DOWN]
18:06:19 #174 OK SELECT id=3665870 via doris-1 rows=10210 [doris-1:f:up doris-2:M:up doris-3:f:DOWN]
18:06:20 #175 OK SELECT id=3665870 via doris-1 rows=10211 [doris-1:f:up doris-2:M:up doris-3:f:DOWN]
18:06:21 #176 OK SELECT id=3665870 via doris-1 rows=10211 [doris-1:f:up doris-2:M:up doris-3:f:up]
18:06:22 #177 OK SELECT id=3665870 via doris-1 rows=10211 [doris-1:f:up doris-2:M:up doris-3:f:up]
18:06:23 #178 OK SELECT id=3665870 via doris-1 rows=10209 [doris-1:f:up doris-2:M:up doris-3:f:up]
18:06:24 #179 OK SELECT id=3665870 via doris-1 rows=10209 [doris-1:f:up doris-2:M:up doris-3:f:up]
18:06:25 #180 OK SELECT id=3665870 via doris-1 rows=10211 [doris-1:f:up doris-2:M:up doris-3:f:up]
18:06:27 #181 OK SELECT id=3665870 via doris-1 rows=10211 [doris-1:f:up doris-2:M:up doris-3:f:up]
18:06:28 #182 OK SELECT id=3665870 via doris-1 rows=10211 [doris-1:f:up doris-2:M:up doris-3:f:up]
18:06:29 #183 OK SELECT id=3665870 via doris-1 rows=10209 [doris-1:f:up doris-2:M:up doris-3:f:up]
18:06:30 #184 OK SELECT id=3665870 via doris-1 rows=10209 [doris-1:f:up doris-2:M:up doris-3:f:up]
18:06:31 #185 OK SELECT id=3665870 via doris-1 rows=10211 [doris-1:f:up doris-2:M:up doris-3:f:up]
18:06:32 #186 OK SELECT id=3665870 via doris-1 rows=10211 [doris-1:f:up doris-2:M:up doris-3:f:up]
18:06:33 #187 OK SELECT id=3665870 via doris-1 rows=10211 [doris-1:f:up doris-2:M:up doris-3:f:up]
18:06:33 EVENT restore: cluster healthy
18:06:34 #188 OK SELECT id=3665870 via doris-1 rows=10209 [doris-1:f:up doris-2:M:up doris-3:f:up]
18:06:35 #189 OK SELECT id=3665870 via doris-1 rows=10209 [doris-1:f:up doris-2:M:up doris-3:f:up]
18:06:36 #190 OK SELECT id=3665870 via doris-1 rows=10211 [doris-1:f:up doris-2:M:up doris-3:f:up]
18:06:37 #191 OK SELECT id=3665870 via doris-1 rows=10211 [doris-1:f:up doris-2:M:up doris-3:f:up]
18:06:38 #192 OK SELECT id=3665870 via doris-1 rows=10211 [doris-1:f:up doris-2:M:up doris-3:f:up]
18:06:39 #193 OK SELECT id=3665870 via doris-1 rows=10209 [doris-1:f:up doris-2:M:up doris-3:f:up]
18:06:40 #194 OK SELECT id=3665870 via doris-1 rows=10209 [doris-1:f:up doris-2:M:up doris-3:f:up]
18:06:41 #195 OK SELECT id=3665870 via doris-1 rows=10211 [doris-1:f:up doris-2:M:up doris-3:f:up]
18:06:42 #196 OK SELECT id=3665870 via doris-1 rows=10211 [doris-1:f:up doris-2:M:up doris-3:f:up]
18:06:44 #197 OK SELECT id=3665870 via doris-1 rows=10211 [doris-1:f:up doris-2:M:up doris-3:f:up]
18:06:45 #198 OK SELECT id=3665870 via doris-1 rows=10209 [doris-1:f:up doris-2:M:up doris-3:f:up]
18:06:46 #199 OK SELECT id=3665870 via doris-1 rows=10209 [doris-1:f:up doris-2:M:up doris-3:f:up]
18:06:47 #200 OK SELECT id=3665870 via doris-1 rows=10211 [doris-1:f:up doris-2:M:up doris-3:f:up]
18:06:48 #201 OK SELECT id=3665870 via doris-1 rows=10211 [doris-1:f:up doris-2:M:up doris-3:f:up]
18:06:49 #202 OK SELECT id=3665870 via doris-1 rows=10211 [doris-1:f:up doris-2:M:up doris-3:f:up]
18:06:50 #203 OK SELECT id=3665870 via doris-1 rows=10209 [doris-1:f:up doris-2:M:up doris-3:f:up]
18:06:51 #204 OK SELECT id=3665870 via doris-1 rows=10209 [doris-1:f:up doris-2:M:up doris-3:f:up]
18:06:52 #205 OK SELECT id=3665870 via doris-1 rows=10211 [doris-1:f:up doris-2:M:up doris-3:f:up]
18:06:53 #206 OK SELECT id=3665870 via doris-1 rows=10211 [doris-1:f:up doris-2:M:up doris-3:f:up]
18:06:54 #207 OK SELECT id=3665870 via doris-1 rows=10211 [doris-1:f:up doris-2:M:up doris-3:f:up]
18:06:55 #208 OK SELECT id=3665870 via doris-1 rows=10209 [doris-1:f:up doris-2:M:up doris-3:f:up]
18:06:56 #209 OK SELECT id=3665870 via doris-1 rows=10209 [doris-1:f:up doris-2:M:up doris-3:f:up]
18:06:57 #210 OK SELECT id=3665870 via doris-1 rows=10211 [doris-1:f:up doris-2:M:up doris-3:f:up]
18:06:58 #211 OK SELECT id=3665870 via doris-1 rows=10211 [doris-1:f:up doris-2:M:up doris-3:f:up]
18:06:59 #212 OK SELECT id=3665870 via doris-1 rows=10211 [doris-1:f:up doris-2:M:up doris-3:f:up]
18:07:01 #213 OK SELECT id=3665870 via doris-1 rows=10209 [doris-1:f:up doris-2:M:up doris-3:f:up]
18:07:02 #214 OK SELECT id=3665870 via doris-1 rows=10209 [doris-1:f:up doris-2:M:up doris-3:f:up]
18:07:03 #215 OK SELECT id=3665870 via doris-1 rows=10211 [doris-1:f:up doris-2:M:up doris-3:f:up]
18:07:04 #216 OK SELECT id=3665870 via doris-1 rows=10211 [doris-1:f:up doris-2:M:up doris-3:f:up]
