19:47:30 PROBE start proto=arrow-flight hosts=doris-1,doris-2,doris-3 duration=86400s cycle=INSERT>UPSERT>SELECT>DELETE>SELECT
19:47:30 connected to doris-1 (10.140.0.2)
19:47:30 DML unsupported over arrow-flight (InternalError: RuntimeException, msg: getMysqlChannel not in mysql connection (Internal; ExecuteQuery)) — switching to SELECT-only mode
19:47:30 #1 OK SELECT id=3728500 via doris-1 rows=10269 [doris-1:f:up doris-2:f:up doris-3:M:up]
19:47:31 #2 OK SELECT id=3728500 via doris-1 rows=10270 [doris-1:f:up doris-2:f:up doris-3:M:up]
19:47:32 #3 OK SELECT id=3728500 via doris-1 rows=10270 [doris-1:f:up doris-2:f:up doris-3:M:up]
19:47:33 #4 OK SELECT id=3728500 via doris-1 rows=10269 [doris-1:f:up doris-2:f:up doris-3:M:up]
19:47:34 #5 OK SELECT id=3728500 via doris-1 rows=10268 [doris-1:f:up doris-2:f:up doris-3:M:up]
19:47:35 #6 OK SELECT id=3728500 via doris-1 rows=10269 [doris-1:f:up doris-2:f:up doris-3:M:up]
19:47:36 #7 OK SELECT id=3728500 via doris-1 rows=10270 [doris-1:f:up doris-2:f:up doris-3:M:up]
19:47:37 #8 OK SELECT id=3728500 via doris-1 rows=10270 [doris-1:f:up doris-2:f:up doris-3:M:up]
19:47:38 #9 OK SELECT id=3728500 via doris-1 rows=10269 [doris-1:f:up doris-2:f:up doris-3:M:up]
19:47:39 #10 OK SELECT id=3728500 via doris-1 rows=10268 [doris-1:f:up doris-2:f:up doris-3:M:up]
19:47:40 #11 OK SELECT id=3728500 via doris-1 rows=10269 [doris-1:f:up doris-2:f:up doris-3:M:up]
19:47:41 #12 OK SELECT id=3728500 via doris-1 rows=10270 [doris-1:f:up doris-2:f:up doris-3:M:up]
19:47:42 #13 OK SELECT id=3728500 via doris-1 rows=10270 [doris-1:f:up doris-2:f:up doris-3:M:up]
19:47:44 #14 OK SELECT id=3728500 via doris-1 rows=10269 [doris-1:f:up doris-2:f:up doris-3:M:up]
19:47:45 #15 OK SELECT id=3728500 via doris-1 rows=10268 [doris-1:f:up doris-2:f:up doris-3:M:up]
19:47:46 #16 OK SELECT id=3728500 via doris-1 rows=10269 [doris-1:f:up doris-2:f:up doris-3:M:up]
19:47:47 #17 OK SELECT id=3728500 via doris-1 rows=10270 [doris-1:f:up doris-2:f:up doris-3:M:up]
19:47:48 #18 OK SELECT id=3728500 via doris-1 rows=10270 [doris-1:f:up doris-2:f:up doris-3:M:up]
19:47:49 #19 OK SELECT id=3728500 via doris-1 rows=10269 [doris-1:f:up doris-2:f:up doris-3:M:up]
19:47:50 #20 OK SELECT id=3728500 via doris-1 rows=10268 [doris-1:f:up doris-2:f:up doris-3:M:up]
19:47:51 #21 OK SELECT id=3728500 via doris-1 rows=10269 [doris-1:f:up doris-2:f:up doris-3:M:up]
19:47:52 #22 OK SELECT id=3728500 via doris-1 rows=10270 [doris-1:f:up doris-2:f:up doris-3:M:up]
19:47:53 #23 OK SELECT id=3728500 via doris-1 rows=10270 [doris-1:f:up doris-2:f:up doris-3:M:up]
19:47:54 #24 OK SELECT id=3728500 via doris-1 rows=10270 [doris-1:f:up doris-2:f:up doris-3:M:up]
19:47:55 #25 OK SELECT id=3728500 via doris-1 rows=10268 [doris-1:f:up doris-2:f:up doris-3:M:up]
19:47:56 #26 OK SELECT id=3728500 via doris-1 rows=10268 [doris-1:f:up doris-2:f:up doris-3:M:up]
19:47:57 #27 OK SELECT id=3728500 via doris-1 rows=10270 [doris-1:f:up doris-2:f:up doris-3:M:up]
19:47:58 #28 OK SELECT id=3728500 via doris-1 rows=10270 [doris-1:f:up doris-2:f:up doris-3:M:up]
19:47:59 #29 OK SELECT id=3728500 via doris-1 rows=10270 [doris-1:f:up doris-2:f:up doris-3:M:up]
19:48:00 #30 OK SELECT id=3728500 via doris-1 rows=10268 [doris-1:f:up doris-2:f:up doris-3:M:up]
19:48:01 #31 OK SELECT id=3728500 via doris-1 rows=10268 [doris-1:f:up doris-2:f:up doris-3:M:up]
19:48:02 #32 OK SELECT id=3728500 via doris-1 rows=10270 [doris-1:f:up doris-2:f:up doris-3:M:up]
19:48:03 #33 OK SELECT id=3728500 via doris-1 rows=10270 [doris-1:f:up doris-2:f:up doris-3:M:up]
19:48:04 EVENT break: be hang on doris-1 (FE follower)
19:48:04 #34 OK SELECT id=3728500 via doris-1 rows=10270 [doris-1:f:up doris-2:f:up doris-3:M:up]
19:48:13 #35 FAIL SELECT id=3728500 via doris-1: OperationalError: TIMEOUT: [FlightSQL] stream terminated by RST_STREAM with error code: CANCEL (DeadlineExceeded; ExecuteQuery).
19:48:14 connected to doris-1 (10.140.0.2)
19:48:22 #36 FAIL SELECT id=3728500 via doris-1: OperationalError: TIMEOUT: [FlightSQL] stream terminated by RST_STREAM with error code: CANCEL (DeadlineExceeded; ExecuteQuery).
19:48:24 connected to doris-1 (10.140.0.2)
19:48:32 #37 FAIL SELECT id=3728500 via doris-1: OperationalError: TIMEOUT: [FlightSQL] stream terminated by RST_STREAM with error code: CANCEL (DeadlineExceeded; ExecuteQuery).
19:48:33 connected to doris-1 (10.140.0.2)
19:48:34 #38 FAIL SELECT id=3728500 via doris-1: InternalError: INTERNAL: [FlightSQL] get flight info statement failed, after executeQueryStatement handleQuery, java.lang.Run
19:48:35 connected to doris-1 (10.140.0.2)
19:48:35 #39 OK SELECT id=3728500 via doris-1 rows=10268 [doris-1:f:up doris-2:f:up doris-3:M:up] (recovered)
19:48:37 #40 OK SELECT id=3728500 via doris-1 rows=10268 [doris-1:f:up doris-2:f:up doris-3:M:up]
19:48:38 #41 OK SELECT id=3728500 via doris-1 rows=10268 [doris-1:f:up doris-2:f:up doris-3:M:up]
19:48:39 #42 OK SELECT id=3728500 via doris-1 rows=10268 [doris-1:f:up doris-2:f:up doris-3:M:up]
19:48:40 #43 OK SELECT id=3728500 via doris-1 rows=10268 [doris-1:f:up doris-2:f:up doris-3:M:up]
19:48:41 #44 OK SELECT id=3728500 via doris-1 rows=10268 [doris-1:f:up doris-2:f:up doris-3:M:up]
19:48:42 #45 OK SELECT id=3728500 via doris-1 rows=10269 [doris-1:f:up doris-2:f:up doris-3:M:up]
19:48:43 #46 OK SELECT id=3728500 via doris-1 rows=10270 [doris-1:f:up doris-2:f:up doris-3:M:up]
19:48:44 #47 OK SELECT id=3728500 via doris-1 rows=10270 [doris-1:f:up doris-2:f:up doris-3:M:up]
19:48:45 #48 OK SELECT id=3728500 via doris-1 rows=10269 [doris-1:f:up doris-2:f:up doris-3:M:up]
19:48:46 #49 OK SELECT id=3728500 via doris-1 rows=10268 [doris-1:f:up doris-2:f:up doris-3:M:up]
19:48:47 #50 OK SELECT id=3728500 via doris-1 rows=10269 [doris-1:f:up doris-2:f:up doris-3:M:up]
19:48:48 #51 OK SELECT id=3728500 via doris-1 rows=10270 [doris-1:f:up doris-2:f:up doris-3:M:up]
19:48:49 #52 OK SELECT id=3728500 via doris-1 rows=10270 [doris-1:f:up doris-2:f:up doris-3:M:up]
19:48:50 #53 OK SELECT id=3728500 via doris-1 rows=10269 [doris-1:f:up doris-2:f:up doris-3:M:up]
19:48:51 #54 OK SELECT id=3728500 via doris-1 rows=10268 [doris-1:f:up doris-2:f:up doris-3:M:up]
19:48:52 #55 OK SELECT id=3728500 via doris-1 rows=10269 [doris-1:f:up doris-2:f:up doris-3:M:up]
19:48:53 #56 OK SELECT id=3728500 via doris-1 rows=10270 [doris-1:f:up doris-2:f:up doris-3:M:up]
19:48:54 #57 OK SELECT id=3728500 via doris-1 rows=10270 [doris-1:f:up doris-2:f:up doris-3:M:up]
19:48:55 #58 OK SELECT id=3728500 via doris-1 rows=10269 [doris-1:f:up doris-2:f:up doris-3:M:up]
19:48:56 #59 OK SELECT id=3728500 via doris-1 rows=10268 [doris-1:f:up doris-2:f:up doris-3:M:up]
19:48:58 #60 OK SELECT id=3728500 via doris-1 rows=10269 [doris-1:f:up doris-2:f:up doris-3:M:up]
19:48:59 #61 OK SELECT id=3728500 via doris-1 rows=10270 [doris-1:f:up doris-2:f:up doris-3:M:up]
19:49:00 #62 OK SELECT id=3728500 via doris-1 rows=10270 [doris-1:f:up doris-2:f:up doris-3:M:up]
19:49:01 #63 OK SELECT id=3728500 via doris-1 rows=10269 [doris-1:f:up doris-2:f:up doris-3:M:up]
19:49:02 #64 OK SELECT id=3728500 via doris-1 rows=10268 [doris-1:f:up doris-2:f:up doris-3:M:up]
19:49:03 #65 OK SELECT id=3728500 via doris-1 rows=10269 [doris-1:f:up doris-2:f:up doris-3:M:up]
19:49:04 #66 OK SELECT id=3728500 via doris-1 rows=10270 [doris-1:f:up doris-2:f:up doris-3:M:up]
19:49:05 #67 OK SELECT id=3728500 via doris-1 rows=10270 [doris-1:f:up doris-2:f:up doris-3:M:up]
19:49:06 #68 OK SELECT id=3728500 via doris-1 rows=10269 [doris-1:f:up doris-2:f:up doris-3:M:up]
19:49:07 #69 OK SELECT id=3728500 via doris-1 rows=10269 [doris-1:f:up doris-2:f:up doris-3:M:up]
19:49:08 #70 OK SELECT id=3728500 via doris-1 rows=10269 [doris-1:f:up doris-2:f:up doris-3:M:up]
19:49:09 #71 OK SELECT id=3728500 via doris-1 rows=10269 [doris-1:f:up doris-2:f:up doris-3:M:up]
19:49:10 #72 OK SELECT id=3728500 via doris-1 rows=10270 [doris-1:f:up doris-2:f:up doris-3:M:up]
19:49:11 #73 OK SELECT id=3728500 via doris-1 rows=10269 [doris-1:f:up doris-2:f:up doris-3:M:up]
19:49:12 #74 OK SELECT id=3728500 via doris-1 rows=10269 [doris-1:f:up doris-2:f:up doris-3:M:up]
19:49:13 #75 OK SELECT id=3728500 via doris-1 rows=10269 [doris-1:f:up doris-2:f:up doris-3:M:up]
19:49:14 #76 OK SELECT id=3728500 via doris-1 rows=10269 [doris-1:f:up doris-2:f:up doris-3:M:up]
19:49:15 #77 OK SELECT id=3728500 via doris-1 rows=10270 [doris-1:f:up doris-2:f:up doris-3:M:up]
19:49:16 #78 OK SELECT id=3728500 via doris-1 rows=10269 [doris-1:f:up doris-2:f:up doris-3:M:up]
19:49:17 #79 OK SELECT id=3728500 via doris-1 rows=10269 [doris-1:f:up doris-2:f:up doris-3:M:up]
19:49:18 #80 OK SELECT id=3728500 via doris-1 rows=10269 [doris-1:f:up doris-2:f:up doris-3:M:up]
19:49:20 #81 OK SELECT id=3728500 via doris-1 rows=10269 [doris-1:f:up doris-2:f:up doris-3:M:up]
19:49:21 #82 OK SELECT id=3728500 via doris-1 rows=10270 [doris-1:f:up doris-2:f:up doris-3:M:up]
19:49:22 #83 OK SELECT id=3728500 via doris-1 rows=10269 [doris-1:f:up doris-2:f:up doris-3:M:up]
19:49:23 #84 OK SELECT id=3728500 via doris-1 rows=10269 [doris-1:f:up doris-2:f:up doris-3:M:up]
19:49:24 #85 OK SELECT id=3728500 via doris-1 rows=10269 [doris-1:f:up doris-2:f:up doris-3:M:up]
19:49:25 #86 OK SELECT id=3728500 via doris-1 rows=10269 [doris-1:f:up doris-2:f:up doris-3:M:up]
19:49:26 #87 OK SELECT id=3728500 via doris-1 rows=10270 [doris-1:f:up doris-2:f:up doris-3:M:up]
19:49:27 #88 OK SELECT id=3728500 via doris-1 rows=10269 [doris-1:f:up doris-2:f:up doris-3:M:up]
19:49:28 #89 OK SELECT id=3728500 via doris-1 rows=10269 [doris-1:f:up doris-2:f:up doris-3:M:up]
19:49:29 #90 OK SELECT id=3728500 via doris-1 rows=10269 [doris-1:f:up doris-2:f:up doris-3:M:up]
19:49:30 #91 OK SELECT id=3728500 via doris-1 rows=10269 [doris-1:f:up doris-2:f:up doris-3:M:up]
19:49:31 #92 OK SELECT id=3728500 via doris-1 rows=10270 [doris-1:f:up doris-2:f:up doris-3:M:up]
19:49:32 #93 OK SELECT id=3728500 via doris-1 rows=10269 [doris-1:f:up doris-2:f:up doris-3:M:up]
19:49:33 #94 OK SELECT id=3728500 via doris-1 rows=10269 [doris-1:f:up doris-2:f:up doris-3:M:up]
19:49:34 #95 OK SELECT id=3728500 via doris-1 rows=10269 [doris-1:f:up doris-2:f:up doris-3:M:up]
19:49:35 #96 OK SELECT id=3728500 via doris-1 rows=10269 [doris-1:f:up doris-2:f:up doris-3:M:up]
19:49:36 #97 OK SELECT id=3728500 via doris-1 rows=10270 [doris-1:f:up doris-2:f:up doris-3:M:up]
19:49:37 #98 OK SELECT id=3728500 via doris-1 rows=10269 [doris-1:f:up doris-2:f:up doris-3:M:up]
19:49:38 #99 OK SELECT id=3728500 via doris-1 rows=10269 [doris-1:f:up doris-2:f:up doris-3:M:up]
19:49:39 #100 OK SELECT id=3728500 via doris-1 rows=10269 [doris-1:f:up doris-2:f:up doris-3:M:up]
19:49:40 #101 OK SELECT id=3728500 via doris-1 rows=10269 [doris-1:f:up doris-2:f:up doris-3:M:up]
19:49:41 #102 OK SELECT id=3728500 via doris-1 rows=10270 [doris-1:f:up doris-2:f:up doris-3:M:up]
19:49:43 #103 OK SELECT id=3728500 via doris-1 rows=10269 [doris-1:f:up doris-2:f:up doris-3:M:up]
19:49:44 #104 OK SELECT id=3728500 via doris-1 rows=10269 [doris-1:f:up doris-2:f:up doris-3:M:up]
19:49:45 #105 OK SELECT id=3728500 via doris-1 rows=10269 [doris-1:f:up doris-2:f:up doris-3:M:up]
19:49:46 #106 OK SELECT id=3728500 via doris-1 rows=10269 [doris-1:f:up doris-2:f:up doris-3:M:up]
19:49:47 #107 OK SELECT id=3728500 via doris-1 rows=10270 [doris-1:f:up doris-2:f:up doris-3:M:up]
19:49:48 #108 OK SELECT id=3728500 via doris-1 rows=10269 [doris-1:f:up doris-2:f:up doris-3:M:up]
19:49:49 #109 OK SELECT id=3728500 via doris-1 rows=10269 [doris-1:f:up doris-2:f:up doris-3:M:up]
19:49:50 #110 OK SELECT id=3728500 via doris-1 rows=10269 [doris-1:f:up doris-2:f:up doris-3:M:up]
19:49:51 #111 OK SELECT id=3728500 via doris-1 rows=10269 [doris-1:f:up doris-2:f:up doris-3:M:up]
19:49:52 #112 OK SELECT id=3728500 via doris-1 rows=10270 [doris-1:f:up doris-2:f:up doris-3:M:up]
19:49:53 #113 OK SELECT id=3728500 via doris-1 rows=10269 [doris-1:f:up doris-2:f:up doris-3:M:up]
19:49:54 #114 OK SELECT id=3728500 via doris-1 rows=10269 [doris-1:f:up doris-2:f:up doris-3:M:up]
19:49:55 #115 OK SELECT id=3728500 via doris-1 rows=10269 [doris-1:f:up doris-2:f:up doris-3:M:up]
19:49:56 #116 OK SELECT id=3728500 via doris-1 rows=10269 [doris-1:f:up doris-2:f:up doris-3:M:up]
19:49:57 #117 OK SELECT id=3728500 via doris-1 rows=10269 [doris-1:f:up doris-2:f:up doris-3:M:up]
19:49:58 #118 OK SELECT id=3728500 via doris-1 rows=10268 [doris-1:f:up doris-2:f:up doris-3:M:up]
19:49:59 #119 OK SELECT id=3728500 via doris-1 rows=10268 [doris-1:f:up doris-2:f:up doris-3:M:up]
19:50:00 #120 OK SELECT id=3728500 via doris-1 rows=10268 [doris-1:f:up doris-2:f:up doris-3:M:up]
19:50:01 #121 OK SELECT id=3728500 via doris-1 rows=10268 [doris-1:f:up doris-2:f:up doris-3:M:up]
19:50:02 #122 OK SELECT id=3728500 via doris-1 rows=10269 [doris-1:f:up doris-2:f:up doris-3:M:up]
19:50:03 #123 OK SELECT id=3728500 via doris-1 rows=10268 [doris-1:f:up doris-2:f:up doris-3:M:up]
19:50:05 #124 OK SELECT id=3728500 via doris-1 rows=10268 [doris-1:f:up doris-2:f:up doris-3:M:up]
19:50:06 #125 OK SELECT id=3728500 via doris-1 rows=10268 [doris-1:f:up doris-2:f:up doris-3:M:up]
19:50:07 #126 OK SELECT id=3728500 via doris-1 rows=10268 [doris-1:f:up doris-2:f:up doris-3:M:up]
19:50:08 #127 OK SELECT id=3728500 via doris-1 rows=10269 [doris-1:f:up doris-2:f:up doris-3:M:up]
19:50:09 #128 OK SELECT id=3728500 via doris-1 rows=10268 [doris-1:f:up doris-2:f:up doris-3:M:up]
19:50:10 #129 OK SELECT id=3728500 via doris-1 rows=10268 [doris-1:f:up doris-2:f:up doris-3:M:up]
19:50:11 #130 OK SELECT id=3728500 via doris-1 rows=10268 [doris-1:f:up doris-2:f:up doris-3:M:up]
19:50:12 #131 OK SELECT id=3728500 via doris-1 rows=10268 [doris-1:f:up doris-2:f:up doris-3:M:up]
19:50:12 EVENT restore: resume be on doris-1
19:50:13 #132 OK SELECT id=3728500 via doris-1 rows=10269 [doris-1:f:up doris-2:f:up doris-3:M:up]
19:50:14 #133 OK SELECT id=3728500 via doris-1 rows=10268 [doris-1:f:up doris-2:f:up doris-3:M:up]
19:50:15 #134 OK SELECT id=3728500 via doris-1 rows=10268 [doris-1:f:up doris-2:f:up doris-3:M:up]
19:50:16 #135 OK SELECT id=3728500 via doris-1 rows=10268 [doris-1:f:up doris-2:f:up doris-3:M:up]
19:50:17 #136 OK SELECT id=3728500 via doris-1 rows=10268 [doris-1:f:up doris-2:f:up doris-3:M:up]
19:50:18 #137 OK SELECT id=3728500 via doris-1 rows=10269 [doris-1:f:up doris-2:f:up doris-3:M:up]
19:50:19 #138 OK SELECT id=3728500 via doris-1 rows=10268 [doris-1:f:up doris-2:f:up doris-3:M:up]
19:50:20 #139 OK SELECT id=3728500 via doris-1 rows=10268 [doris-1:f:up doris-2:f:up doris-3:M:up]
19:50:21 #140 OK SELECT id=3728500 via doris-1 rows=10268 [doris-1:f:up doris-2:f:up doris-3:M:up]
19:50:22 #141 OK SELECT id=3728500 via doris-1 rows=10268 [doris-1:f:up doris-2:f:up doris-3:M:up]
19:50:23 #142 OK SELECT id=3728500 via doris-1 rows=10269 [doris-1:f:up doris-2:f:up doris-3:M:up]
19:50:24 #143 OK SELECT id=3728500 via doris-1 rows=10268 [doris-1:f:up doris-2:f:up doris-3:M:up]
19:50:25 #144 OK SELECT id=3728500 via doris-1 rows=10268 [doris-1:f:up doris-2:f:up doris-3:M:up]
19:50:27 #145 OK SELECT id=3728500 via doris-1 rows=10268 [doris-1:f:up doris-2:f:up doris-3:M:up]
19:50:28 #146 OK SELECT id=3728500 via doris-1 rows=10268 [doris-1:f:up doris-2:f:up doris-3:M:up]
19:50:28 EVENT restore: cluster healthy
19:50:29 #147 OK SELECT id=3728500 via doris-1 rows=10269 [doris-1:f:up doris-2:f:up doris-3:M:up]
19:50:30 #148 OK SELECT id=3728500 via doris-1 rows=10268 [doris-1:f:up doris-2:f:up doris-3:M:up]
19:50:31 #149 OK SELECT id=3728500 via doris-1 rows=10268 [doris-1:f:up doris-2:f:up doris-3:M:up]
19:50:32 #150 OK SELECT id=3728500 via doris-1 rows=10268 [doris-1:f:up doris-2:f:up doris-3:M:up]
19:50:33 #151 OK SELECT id=3728500 via doris-1 rows=10268 [doris-1:f:up doris-2:f:up doris-3:M:up]
19:50:34 #152 OK SELECT id=3728500 via doris-1 rows=10269 [doris-1:f:up doris-2:f:up doris-3:M:up]
19:50:35 #153 OK SELECT id=3728500 via doris-1 rows=10268 [doris-1:f:up doris-2:f:up doris-3:M:up]
19:50:36 #154 OK SELECT id=3728500 via doris-1 rows=10268 [doris-1:f:up doris-2:f:up doris-3:M:up]
19:50:37 #155 OK SELECT id=3728500 via doris-1 rows=10268 [doris-1:f:up doris-2:f:up doris-3:M:up]
19:50:38 #156 OK SELECT id=3728500 via doris-1 rows=10268 [doris-1:f:up doris-2:f:up doris-3:M:up]
19:50:39 #157 OK SELECT id=3728500 via doris-1 rows=10269 [doris-1:f:up doris-2:f:up doris-3:M:up]
19:50:40 #158 OK SELECT id=3728500 via doris-1 rows=10268 [doris-1:f:up doris-2:f:up doris-3:M:up]
19:50:41 #159 OK SELECT id=3728500 via doris-1 rows=10268 [doris-1:f:up doris-2:f:up doris-3:M:up]
19:50:42 #160 OK SELECT id=3728500 via doris-1 rows=10268 [doris-1:f:up doris-2:f:up doris-3:M:up]
19:50:43 #161 OK SELECT id=3728500 via doris-1 rows=10268 [doris-1:f:up doris-2:f:up doris-3:M:up]
19:50:44 #162 OK SELECT id=3728500 via doris-1 rows=10269 [doris-1:f:up doris-2:f:up doris-3:M:up]
19:50:45 #163 OK SELECT id=3728500 via doris-1 rows=10268 [doris-1:f:up doris-2:f:up doris-3:M:up]
19:50:46 #164 OK SELECT id=3728500 via doris-1 rows=10268 [doris-1:f:up doris-2:f:up doris-3:M:up]
19:50:47 #165 OK SELECT id=3728500 via doris-1 rows=10268 [doris-1:f:up doris-2:f:up doris-3:M:up]
19:50:49 #166 OK SELECT id=3728500 via doris-1 rows=10268 [doris-1:f:up doris-2:f:up doris-3:M:up]
19:50:50 #167 OK SELECT id=3728500 via doris-1 rows=10269 [doris-1:f:up doris-2:f:up doris-3:M:up]
19:50:51 #168 OK SELECT id=3728500 via doris-1 rows=10268 [doris-1:f:up doris-2:f:up doris-3:M:up]
19:50:52 #169 OK SELECT id=3728500 via doris-1 rows=10268 [doris-1:f:up doris-2:f:up doris-3:M:up]
19:50:53 #170 OK SELECT id=3728500 via doris-1 rows=10268 [doris-1:f:up doris-2:f:up doris-3:M:up]
19:50:54 #171 OK SELECT id=3728500 via doris-1 rows=10268 [doris-1:f:up doris-2:f:up doris-3:M:up]
19:50:55 #172 OK SELECT id=3728500 via doris-1 rows=10269 [doris-1:f:up doris-2:f:up doris-3:M:up]
19:50:56 #173 OK SELECT id=3728500 via doris-1 rows=10268 [doris-1:f:up doris-2:f:up doris-3:M:up]
19:50:57 #174 OK SELECT id=3728500 via doris-1 rows=10268 [doris-1:f:up doris-2:f:up doris-3:M:up]
19:50:58 #175 OK SELECT id=3728500 via doris-1 rows=10268 [doris-1:f:up doris-2:f:up doris-3:M:up]
