05:00:07 PROBE start proto=mysql hosts=doris-1,doris-2,doris-3 duration=86400s cycle=INSERT>UPSERT>SELECT>DELETE>SELECT
05:00:07 connected to doris-1 (10.140.0.2)
05:00:07 #1 OK INSERT id=1740070 via doris-1 rows=10142 [doris-1:f:up doris-2:f:up doris-3:M:up]
05:00:08 #2 OK UPSERT id=1740070 via doris-1 rows=10143 [doris-1:f:up doris-2:f:up doris-3:M:up]
05:00:10 #3 OK SELECT id=1740070 via doris-1 rows=10143 [doris-1:f:up doris-2:f:up doris-3:M:up]
05:00:11 #4 OK DELETE id=1740070 via doris-1 rows=10142 [doris-1:f:up doris-2:f:up doris-3:M:up]
05:00:12 #5 OK SELECT id=1740070 via doris-1 rows=10141 [doris-1:f:up doris-2:f:up doris-3:M:up]
05:00:13 #6 OK INSERT id=1740071 via doris-1 rows=10142 [doris-1:f:up doris-2:f:up doris-3:M:up]
05:00:14 #7 OK UPSERT id=1740071 via doris-1 rows=10143 [doris-1:f:up doris-2:f:up doris-3:M:up]
05:00:15 #8 OK SELECT id=1740071 via doris-1 rows=10143 [doris-1:f:up doris-2:f:up doris-3:M:up]
05:00:16 #9 OK DELETE id=1740071 via doris-1 rows=10142 [doris-1:f:up doris-2:f:up doris-3:M:up]
05:00:17 #10 OK SELECT id=1740071 via doris-1 rows=10141 [doris-1:f:up doris-2:f:up doris-3:M:up]
05:00:18 #11 OK INSERT id=1740072 via doris-1 rows=10142 [doris-1:f:up doris-2:f:up doris-3:M:up]
05:00:19 #12 OK UPSERT id=1740072 via doris-1 rows=10143 [doris-1:f:up doris-2:f:up doris-3:M:up]
05:00:20 #13 OK SELECT id=1740072 via doris-1 rows=10143 [doris-1:f:up doris-2:f:up doris-3:M:up]
05:00:21 #14 OK DELETE id=1740072 via doris-1 rows=10142 [doris-1:f:up doris-2:f:up doris-3:M:up]
05:00:22 #15 OK SELECT id=1740072 via doris-1 rows=10141 [doris-1:f:up doris-2:f:up doris-3:M:up]
05:00:23 #16 OK INSERT id=1740073 via doris-1 rows=10142 [doris-1:f:up doris-2:f:up doris-3:M:up]
05:00:24 #17 OK UPSERT id=1740073 via doris-1 rows=10143 [doris-1:f:up doris-2:f:up doris-3:M:up]
05:00:25 #18 OK SELECT id=1740073 via doris-1 rows=10143 [doris-1:f:up doris-2:f:up doris-3:M:up]
05:00:27 #19 OK DELETE id=1740073 via doris-1 rows=10142 [doris-1:f:up doris-2:f:up doris-3:M:up]
05:00:28 #20 OK SELECT id=1740073 via doris-1 rows=10141 [doris-1:f:up doris-2:f:up doris-3:M:up]
05:00:29 #21 OK INSERT id=1740074 via doris-1 rows=10142 [doris-1:f:up doris-2:f:up doris-3:M:up]
05:00:30 #22 OK UPSERT id=1740074 via doris-1 rows=10143 [doris-1:f:up doris-2:f:up doris-3:M:up]
05:00:31 #23 OK SELECT id=1740074 via doris-1 rows=10143 [doris-1:f:up doris-2:f:up doris-3:M:up]
05:00:32 #24 OK DELETE id=1740074 via doris-1 rows=10142 [doris-1:f:up doris-2:f:up doris-3:M:up]
05:00:33 #25 OK SELECT id=1740074 via doris-1 rows=10141 [doris-1:f:up doris-2:f:up doris-3:M:up]
05:00:34 #26 OK INSERT id=1740075 via doris-1 rows=10142 [doris-1:f:up doris-2:f:up doris-3:M:up]
05:00:35 #27 OK UPSERT id=1740075 via doris-1 rows=10143 [doris-1:f:up doris-2:f:up doris-3:M:up]
05:00:36 #28 OK SELECT id=1740075 via doris-1 rows=10143 [doris-1:f:up doris-2:f:up doris-3:M:up]
05:00:37 #29 OK DELETE id=1740075 via doris-1 rows=10142 [doris-1:f:up doris-2:f:up doris-3:M:up]
05:00:38 #30 OK SELECT id=1740075 via doris-1 rows=10141 [doris-1:f:up doris-2:f:up doris-3:M:up]
05:00:39 #31 OK INSERT id=1740076 via doris-1 rows=10142 [doris-1:f:up doris-2:f:up doris-3:M:up]
05:00:40 #32 OK UPSERT id=1740076 via doris-1 rows=10143 [doris-1:f:up doris-2:f:up doris-3:M:up]
05:00:41 EVENT break: be hang on doris-1 (FE follower)
05:00:41 #33 OK SELECT id=1740076 via doris-1 rows=10143 [doris-1:f:up doris-2:f:up doris-3:M:up]
05:00:42 #34 OK DELETE id=1740076 via doris-1 rows=10142 [doris-1:f:up doris-2:f:up doris-3:M:up]
05:00:51 #35 FAIL SELECT id=1740076 via doris-1: OperationalError: (2013, 'Lost connection to MySQL server during query (timed out)')
05:00:53 connected to doris-1 (10.140.0.2)
05:01:01 #36 FAIL INSERT id=1740077 via doris-1: OperationalError: (2013, 'Lost connection to MySQL server during query (timed out)')
05:01:01 #36 OK SELECT(check) id=1 via doris-1
05:01:02 connected to doris-1 (10.140.0.2)
05:01:10 #37 FAIL INSERT id=1740078 via doris-1: OperationalError: (2013, 'Lost connection to MySQL server during query (timed out)')
05:01:18 #37 FAIL SELECT(check) id=1 via doris-1: OperationalError: (2013, 'Lost connection to MySQL server during query (timed out)')
05:01:19 connected to doris-1 (10.140.0.2)
05:01:19 #38 OK INSERT id=1740079 via doris-1 rows=10144 [doris-1:f:up doris-2:f:up doris-3:M:up] (recovered)
05:01:20 #39 OK UPSERT id=1740079 via doris-1 rows=10144 [doris-1:f:up doris-2:f:up doris-3:M:up]
05:01:21 #40 OK SELECT id=1740079 via doris-1 rows=10144 [doris-1:f:up doris-2:f:up doris-3:M:up]
05:01:22 #41 OK DELETE id=1740079 via doris-1 rows=10142 [doris-1:f:up doris-2:f:up doris-3:M:up]
05:01:23 #42 OK SELECT id=1740079 via doris-1 rows=10142 [doris-1:f:up doris-2:f:up doris-3:M:up]
05:01:24 #43 OK INSERT id=1740080 via doris-1 rows=10144 [doris-1:f:up doris-2:f:up doris-3:M:up]
05:01:25 #44 OK UPSERT id=1740080 via doris-1 rows=10144 [doris-1:f:up doris-2:f:up doris-3:M:up]
05:01:26 #45 OK SELECT id=1740080 via doris-1 rows=10144 [doris-1:f:up doris-2:f:up doris-3:M:up]
05:01:27 #46 OK DELETE id=1740080 via doris-1 rows=10142 [doris-1:f:up doris-2:f:up doris-3:M:up]
05:01:28 #47 OK SELECT id=1740080 via doris-1 rows=10142 [doris-1:f:up doris-2:f:up doris-3:M:up]
05:01:29 #48 OK INSERT id=1740081 via doris-1 rows=10144 [doris-1:f:up doris-2:f:up doris-3:M:up]
05:01:31 #49 OK UPSERT id=1740081 via doris-1 rows=10144 [doris-1:f:up doris-2:f:up doris-3:M:up]
05:01:32 #50 OK SELECT id=1740081 via doris-1 rows=10144 [doris-1:f:up doris-2:f:up doris-3:M:up]
05:01:33 #51 OK DELETE id=1740081 via doris-1 rows=10142 [doris-1:f:up doris-2:f:up doris-3:M:up]
05:01:34 #52 OK SELECT id=1740081 via doris-1 rows=10142 [doris-1:f:up doris-2:f:up doris-3:M:up]
05:01:35 #53 OK INSERT id=1740082 via doris-1 rows=10144 [doris-1:f:up doris-2:f:up doris-3:M:up]
05:01:36 #54 OK UPSERT id=1740082 via doris-1 rows=10144 [doris-1:f:up doris-2:f:up doris-3:M:up]
05:01:37 #55 OK SELECT id=1740082 via doris-1 rows=10144 [doris-1:f:up doris-2:f:up doris-3:M:up]
05:01:38 #56 OK DELETE id=1740082 via doris-1 rows=10142 [doris-1:f:up doris-2:f:up doris-3:M:up]
05:01:39 #57 OK SELECT id=1740082 via doris-1 rows=10142 [doris-1:f:up doris-2:f:up doris-3:M:up]
05:01:40 #58 OK INSERT id=1740083 via doris-1 rows=10144 [doris-1:f:up doris-2:f:up doris-3:M:up]
05:01:41 #59 OK UPSERT id=1740083 via doris-1 rows=10144 [doris-1:f:up doris-2:f:up doris-3:M:up]
05:01:42 #60 OK SELECT id=1740083 via doris-1 rows=10144 [doris-1:f:up doris-2:f:up doris-3:M:up]
05:01:43 #61 OK DELETE id=1740083 via doris-1 rows=10142 [doris-1:f:up doris-2:f:up doris-3:M:up]
05:01:44 #62 OK SELECT id=1740083 via doris-1 rows=10142 [doris-1:f:up doris-2:f:up doris-3:M:up]
05:01:45 #63 OK INSERT id=1740084 via doris-1 rows=10144 [doris-1:f:up doris-2:f:up doris-3:M:up]
05:01:46 #64 OK UPSERT id=1740084 via doris-1 rows=10143 [doris-1:f:up doris-2:f:up doris-3:M:up]
05:01:47 #65 OK SELECT id=1740084 via doris-1 rows=10143 [doris-1:f:up doris-2:f:up doris-3:M:up]
05:01:49 #66 OK DELETE id=1740084 via doris-1 rows=10141 [doris-1:f:up doris-2:f:up doris-3:M:up]
05:01:50 #67 OK SELECT id=1740084 via doris-1 rows=10141 [doris-1:f:up doris-2:f:up doris-3:M:up]
05:01:51 #68 OK INSERT id=1740085 via doris-1 rows=10143 [doris-1:f:up doris-2:f:up doris-3:M:up]
05:01:52 #69 OK UPSERT id=1740085 via doris-1 rows=10143 [doris-1:f:up doris-2:f:up doris-3:M:up]
05:01:53 #70 OK SELECT id=1740085 via doris-1 rows=10143 [doris-1:f:up doris-2:f:up doris-3:M:up]
05:01:54 #71 OK DELETE id=1740085 via doris-1 rows=10141 [doris-1:f:up doris-2:f:up doris-3:M:up]
05:01:55 #72 OK SELECT id=1740085 via doris-1 rows=10141 [doris-1:f:up doris-2:f:up doris-3:M:up]
05:01:56 #73 OK INSERT id=1740086 via doris-1 rows=10143 [doris-1:f:up doris-2:f:up doris-3:M:up]
05:01:57 #74 OK UPSERT id=1740086 via doris-1 rows=10143 [doris-1:f:up doris-2:f:up doris-3:M:up]
05:01:58 #75 OK SELECT id=1740086 via doris-1 rows=10143 [doris-1:f:up doris-2:f:up doris-3:M:up]
05:01:59 #76 OK DELETE id=1740086 via doris-1 rows=10141 [doris-1:f:up doris-2:f:up doris-3:M:up]
05:02:00 #77 OK SELECT id=1740086 via doris-1 rows=10141 [doris-1:f:up doris-2:f:up doris-3:M:up]
05:02:01 #78 OK INSERT id=1740087 via doris-1 rows=10143 [doris-1:f:up doris-2:f:up doris-3:M:up]
05:02:02 #79 OK UPSERT id=1740087 via doris-1 rows=10143 [doris-1:f:up doris-2:f:up doris-3:M:up]
05:02:03 #80 OK SELECT id=1740087 via doris-1 rows=10143 [doris-1:f:up doris-2:f:up doris-3:M:up]
05:02:04 #81 OK DELETE id=1740087 via doris-1 rows=10141 [doris-1:f:up doris-2:f:up doris-3:M:up]
05:02:06 #82 OK SELECT id=1740087 via doris-1 rows=10141 [doris-1:f:up doris-2:f:up doris-3:M:up]
05:02:07 #83 OK INSERT id=1740088 via doris-1 rows=10143 [doris-1:f:up doris-2:f:up doris-3:M:up]
05:02:08 #84 OK UPSERT id=1740088 via doris-1 rows=10143 [doris-1:f:up doris-2:f:up doris-3:M:up]
05:02:09 #85 OK SELECT id=1740088 via doris-1 rows=10143 [doris-1:f:up doris-2:f:up doris-3:M:up]
05:02:10 #86 OK DELETE id=1740088 via doris-1 rows=10141 [doris-1:f:up doris-2:f:up doris-3:M:up]
05:02:11 #87 OK SELECT id=1740088 via doris-1 rows=10141 [doris-1:f:up doris-2:f:up doris-3:M:up]
05:02:12 #88 OK INSERT id=1740089 via doris-1 rows=10143 [doris-1:f:up doris-2:f:up doris-3:M:up]
05:02:13 #89 OK UPSERT id=1740089 via doris-1 rows=10143 [doris-1:f:up doris-2:f:up doris-3:M:up]
05:02:14 #90 OK SELECT id=1740089 via doris-1 rows=10143 [doris-1:f:up doris-2:f:up doris-3:M:up]
05:02:15 #91 OK DELETE id=1740089 via doris-1 rows=10141 [doris-1:f:up doris-2:f:up doris-3:M:up]
05:02:16 #92 OK SELECT id=1740089 via doris-1 rows=10141 [doris-1:f:up doris-2:f:up doris-3:M:up]
05:02:17 #93 OK INSERT id=1740090 via doris-1 rows=10143 [doris-1:f:up doris-2:f:up doris-3:M:up]
05:02:18 #94 OK UPSERT id=1740090 via doris-1 rows=10143 [doris-1:f:up doris-2:f:up doris-3:M:up]
05:02:19 #95 OK SELECT id=1740090 via doris-1 rows=10143 [doris-1:f:up doris-2:f:up doris-3:M:up]
05:02:20 #96 OK DELETE id=1740090 via doris-1 rows=10141 [doris-1:f:up doris-2:f:up doris-3:M:up]
05:02:21 #97 OK SELECT id=1740090 via doris-1 rows=10141 [doris-1:f:up doris-2:f:up doris-3:M:up]
05:02:22 #98 OK INSERT id=1740091 via doris-1 rows=10143 [doris-1:f:up doris-2:f:up doris-3:M:up]
05:02:24 #99 OK UPSERT id=1740091 via doris-1 rows=10143 [doris-1:f:up doris-2:f:up doris-3:M:up]
05:02:25 #100 OK SELECT id=1740091 via doris-1 rows=10143 [doris-1:f:up doris-2:f:up doris-3:M:up]
05:02:26 #101 OK DELETE id=1740091 via doris-1 rows=10141 [doris-1:f:up doris-2:f:up doris-3:M:up]
05:02:27 #102 OK SELECT id=1740091 via doris-1 rows=10141 [doris-1:f:up doris-2:f:up doris-3:M:up]
05:02:28 #103 OK INSERT id=1740092 via doris-1 rows=10143 [doris-1:f:up doris-2:f:up doris-3:M:up]
05:02:29 #104 OK UPSERT id=1740092 via doris-1 rows=10143 [doris-1:f:up doris-2:f:up doris-3:M:up]
05:02:30 #105 OK SELECT id=1740092 via doris-1 rows=10143 [doris-1:f:up doris-2:f:up doris-3:M:up]
05:02:31 #106 OK DELETE id=1740092 via doris-1 rows=10141 [doris-1:f:up doris-2:f:up doris-3:M:up]
05:02:32 #107 OK SELECT id=1740092 via doris-1 rows=10141 [doris-1:f:up doris-2:f:up doris-3:M:up]
05:02:33 #108 OK INSERT id=1740093 via doris-1 rows=10143 [doris-1:f:up doris-2:f:up doris-3:M:up]
05:02:34 #109 OK UPSERT id=1740093 via doris-1 rows=10143 [doris-1:f:up doris-2:f:up doris-3:M:up]
05:02:35 #110 OK SELECT id=1740093 via doris-1 rows=10143 [doris-1:f:up doris-2:f:up doris-3:M:up]
05:02:36 #111 OK DELETE id=1740093 via doris-1 rows=10141 [doris-1:f:up doris-2:f:up doris-3:M:up]
05:02:37 #112 OK SELECT id=1740093 via doris-1 rows=10141 [doris-1:f:up doris-2:f:up doris-3:M:up]
05:02:38 #113 OK INSERT id=1740094 via doris-1 rows=10143 [doris-1:f:up doris-2:f:up doris-3:M:up]
05:02:39 #114 OK UPSERT id=1740094 via doris-1 rows=10143 [doris-1:f:up doris-2:f:up doris-3:M:up]
05:02:40 #115 OK SELECT id=1740094 via doris-1 rows=10143 [doris-1:f:up doris-2:f:up doris-3:M:up]
05:02:42 #116 OK DELETE id=1740094 via doris-1 rows=10141 [doris-1:f:up doris-2:f:up doris-3:M:up]
05:02:43 #117 OK SELECT id=1740094 via doris-1 rows=10141 [doris-1:f:up doris-2:f:up doris-3:M:up]
05:02:44 #118 OK INSERT id=1740095 via doris-1 rows=10143 [doris-1:f:up doris-2:f:up doris-3:M:up]
05:02:45 #119 OK UPSERT id=1740095 via doris-1 rows=10143 [doris-1:f:up doris-2:f:up doris-3:M:up]
05:02:46 #120 OK SELECT id=1740095 via doris-1 rows=10143 [doris-1:f:up doris-2:f:up doris-3:M:up]
05:02:47 #121 OK DELETE id=1740095 via doris-1 rows=10141 [doris-1:f:up doris-2:f:up doris-3:M:up]
05:02:48 #122 OK SELECT id=1740095 via doris-1 rows=10141 [doris-1:f:up doris-2:f:up doris-3:M:up]
05:02:49 #123 OK INSERT id=1740096 via doris-1 rows=10143 [doris-1:f:up doris-2:f:up doris-3:M:up]
05:02:50 EVENT restore: resume be on doris-1
05:02:50 #124 OK UPSERT id=1740096 via doris-1 rows=10143 [doris-1:f:up doris-2:f:up doris-3:M:up]
05:02:51 #125 OK SELECT id=1740096 via doris-1 rows=10143 [doris-1:f:up doris-2:f:up doris-3:M:up]
05:02:52 #126 OK DELETE id=1740096 via doris-1 rows=10141 [doris-1:f:up doris-2:f:up doris-3:M:up]
05:02:53 #127 OK SELECT id=1740096 via doris-1 rows=10141 [doris-1:f:up doris-2:f:up doris-3:M:up]
05:02:54 #128 OK INSERT id=1740097 via doris-1 rows=10143 [doris-1:f:up doris-2:f:up doris-3:M:up]
05:02:55 #129 OK UPSERT id=1740097 via doris-1 rows=10143 [doris-1:f:up doris-2:f:up doris-3:M:up]
05:02:56 #130 OK SELECT id=1740097 via doris-1 rows=10143 [doris-1:f:up doris-2:f:up doris-3:M:up]
05:02:57 #131 OK DELETE id=1740097 via doris-1 rows=10141 [doris-1:f:up doris-2:f:up doris-3:M:up]
05:02:59 #132 OK SELECT id=1740097 via doris-1 rows=10141 [doris-1:f:up doris-2:f:up doris-3:M:up]
05:03:00 #133 OK INSERT id=1740098 via doris-1 rows=10143 [doris-1:f:up doris-2:f:up doris-3:M:up]
05:03:01 #134 OK UPSERT id=1740098 via doris-1 rows=10143 [doris-1:f:up doris-2:f:up doris-3:M:up]
05:03:02 #135 OK SELECT id=1740098 via doris-1 rows=10143 [doris-1:f:up doris-2:f:up doris-3:M:up]
05:03:03 #136 OK DELETE id=1740098 via doris-1 rows=10141 [doris-1:f:up doris-2:f:up doris-3:M:up]
05:03:04 #137 OK SELECT id=1740098 via doris-1 rows=10141 [doris-1:f:up doris-2:f:up doris-3:M:up]
05:03:05 #138 OK INSERT id=1740099 via doris-1 rows=10143 [doris-1:f:up doris-2:f:up doris-3:M:up]
05:03:06 #139 OK UPSERT id=1740099 via doris-1 rows=10143 [doris-1:f:up doris-2:f:up doris-3:M:up]
05:03:07 #140 OK SELECT id=1740099 via doris-1 rows=10143 [doris-1:f:up doris-2:f:up doris-3:M:up]
05:03:08 #141 OK DELETE id=1740099 via doris-1 rows=10141 [doris-1:f:up doris-2:f:up doris-3:M:up]
05:03:09 #142 OK SELECT id=1740099 via doris-1 rows=10141 [doris-1:f:up doris-2:f:up doris-3:M:up]
05:03:10 EVENT restore: cluster healthy
05:03:10 #143 OK INSERT id=1740100 via doris-1 rows=10143 [doris-1:f:up doris-2:f:up doris-3:M:up]
05:03:11 #144 OK UPSERT id=1740100 via doris-1 rows=10143 [doris-1:f:up doris-2:f:up doris-3:M:up]
05:03:12 #145 OK SELECT id=1740100 via doris-1 rows=10143 [doris-1:f:up doris-2:f:up doris-3:M:up]
05:03:13 #146 OK DELETE id=1740100 via doris-1 rows=10141 [doris-1:f:up doris-2:f:up doris-3:M:up]
05:03:14 #147 OK SELECT id=1740100 via doris-1 rows=10141 [doris-1:f:up doris-2:f:up doris-3:M:up]
05:03:16 #148 OK INSERT id=1740101 via doris-1 rows=10143 [doris-1:f:up doris-2:f:up doris-3:M:up]
05:03:17 #149 OK UPSERT id=1740101 via doris-1 rows=10143 [doris-1:f:up doris-2:f:up doris-3:M:up]
05:03:18 #150 OK SELECT id=1740101 via doris-1 rows=10143 [doris-1:f:up doris-2:f:up doris-3:M:up]
05:03:19 #151 OK DELETE id=1740101 via doris-1 rows=10141 [doris-1:f:up doris-2:f:up doris-3:M:up]
05:03:20 #152 OK SELECT id=1740101 via doris-1 rows=10141 [doris-1:f:up doris-2:f:up doris-3:M:up]
05:03:21 #153 OK INSERT id=1740102 via doris-1 rows=10143 [doris-1:f:up doris-2:f:up doris-3:M:up]
05:03:22 #154 OK UPSERT id=1740102 via doris-1 rows=10143 [doris-1:f:up doris-2:f:up doris-3:M:up]
05:03:23 #155 OK SELECT id=1740102 via doris-1 rows=10143 [doris-1:f:up doris-2:f:up doris-3:M:up]
05:03:24 #156 OK DELETE id=1740102 via doris-1 rows=10141 [doris-1:f:up doris-2:f:up doris-3:M:up]
05:03:25 #157 OK SELECT id=1740102 via doris-1 rows=10141 [doris-1:f:up doris-2:f:up doris-3:M:up]
05:03:26 #158 OK INSERT id=1740103 via doris-1 rows=10143 [doris-1:f:up doris-2:f:up doris-3:M:up]
05:03:27 #159 OK UPSERT id=1740103 via doris-1 rows=10143 [doris-1:f:up doris-2:f:up doris-3:M:up]
05:03:28 #160 OK SELECT id=1740103 via doris-1 rows=10143 [doris-1:f:up doris-2:f:up doris-3:M:up]
05:03:29 #161 OK DELETE id=1740103 via doris-1 rows=10141 [doris-1:f:up doris-2:f:up doris-3:M:up]
05:03:30 #162 OK SELECT id=1740103 via doris-1 rows=10141 [doris-1:f:up doris-2:f:up doris-3:M:up]
05:03:31 #163 OK INSERT id=1740104 via doris-1 rows=10143 [doris-1:f:up doris-2:f:up doris-3:M:up]
05:03:33 #164 OK UPSERT id=1740104 via doris-1 rows=10143 [doris-1:f:up doris-2:f:up doris-3:M:up]
05:03:34 #165 OK SELECT id=1740104 via doris-1 rows=10143 [doris-1:f:up doris-2:f:up doris-3:M:up]
05:03:35 #166 OK DELETE id=1740104 via doris-1 rows=10141 [doris-1:f:up doris-2:f:up doris-3:M:up]
05:03:36 #167 OK SELECT id=1740104 via doris-1 rows=10141 [doris-1:f:up doris-2:f:up doris-3:M:up]
05:03:37 #168 OK INSERT id=1740105 via doris-1 rows=10143 [doris-1:f:up doris-2:f:up doris-3:M:up]
