19:31:42 PROBE start proto=arrow-flight hosts=doris-1,doris-2,doris-3 duration=86400s cycle=INSERT>UPSERT>SELECT>DELETE>SELECT
19:31:42 connected to doris-1 (10.140.0.2)
19:31:42 DML unsupported over arrow-flight (InternalError: RuntimeException, msg: getMysqlChannel not in mysql connection (Internal; ExecuteQuery)) — switching to SELECT-only mode
19:31:43 #1 OK SELECT id=3719020 via doris-1 rows=10260 [doris-1:f:up doris-2:f:up doris-3:M:up]
19:31:44 #2 OK SELECT id=3719020 via doris-1 rows=10261 [doris-1:f:up doris-2:f:up doris-3:M:up]
19:31:45 #3 OK SELECT id=3719020 via doris-1 rows=10261 [doris-1:f:up doris-2:f:up doris-3:M:up]
19:31:46 #4 OK SELECT id=3719020 via doris-1 rows=10259 [doris-1:f:up doris-2:f:up doris-3:M:up]
19:31:47 #5 OK SELECT id=3719020 via doris-1 rows=10259 [doris-1:f:up doris-2:f:up doris-3:M:up]
19:31:48 #6 OK SELECT id=3719020 via doris-1 rows=10261 [doris-1:f:up doris-2:f:up doris-3:M:up]
19:31:49 #7 OK SELECT id=3719020 via doris-1 rows=10261 [doris-1:f:up doris-2:f:up doris-3:M:up]
19:31:50 #8 OK SELECT id=3719020 via doris-1 rows=10261 [doris-1:f:up doris-2:f:up doris-3:M:up]
19:31:51 #9 OK SELECT id=3719020 via doris-1 rows=10259 [doris-1:f:up doris-2:f:up doris-3:M:up]
19:31:52 #10 OK SELECT id=3719020 via doris-1 rows=10259 [doris-1:f:up doris-2:f:up doris-3:M:up]
19:31:53 #11 OK SELECT id=3719020 via doris-1 rows=10261 [doris-1:f:up doris-2:f:up doris-3:M:up]
19:31:54 #12 OK SELECT id=3719020 via doris-1 rows=10261 [doris-1:f:up doris-2:f:up doris-3:M:up]
19:31:55 #13 OK SELECT id=3719020 via doris-1 rows=10261 [doris-1:f:up doris-2:f:up doris-3:M:up]
19:31:57 #14 OK SELECT id=3719020 via doris-1 rows=10259 [doris-1:f:up doris-2:f:up doris-3:M:up]
19:31:58 #15 OK SELECT id=3719020 via doris-1 rows=10259 [doris-1:f:up doris-2:f:up doris-3:M:up]
19:31:59 #16 OK SELECT id=3719020 via doris-1 rows=10261 [doris-1:f:up doris-2:f:up doris-3:M:up]
19:32:00 #17 OK SELECT id=3719020 via doris-1 rows=10261 [doris-1:f:up doris-2:f:up doris-3:M:up]
19:32:01 #18 OK SELECT id=3719020 via doris-1 rows=10261 [doris-1:f:up doris-2:f:up doris-3:M:up]
19:32:02 #19 OK SELECT id=3719020 via doris-1 rows=10259 [doris-1:f:up doris-2:f:up doris-3:M:up]
19:32:03 #20 OK SELECT id=3719020 via doris-1 rows=10259 [doris-1:f:up doris-2:f:up doris-3:M:up]
19:32:04 #21 OK SELECT id=3719020 via doris-1 rows=10261 [doris-1:f:up doris-2:f:up doris-3:M:up]
19:32:05 #22 OK SELECT id=3719020 via doris-1 rows=10261 [doris-1:f:up doris-2:f:up doris-3:M:up]
19:32:06 #23 OK SELECT id=3719020 via doris-1 rows=10261 [doris-1:f:up doris-2:f:up doris-3:M:up]
19:32:07 #24 OK SELECT id=3719020 via doris-1 rows=10259 [doris-1:f:up doris-2:f:up doris-3:M:up]
19:32:08 #25 OK SELECT id=3719020 via doris-1 rows=10259 [doris-1:f:up doris-2:f:up doris-3:M:up]
19:32:09 #26 OK SELECT id=3719020 via doris-1 rows=10261 [doris-1:f:up doris-2:f:up doris-3:M:up]
19:32:10 #27 OK SELECT id=3719020 via doris-1 rows=10261 [doris-1:f:up doris-2:f:up doris-3:M:up]
19:32:12 #28 OK SELECT id=3719020 via doris-1 rows=10261 [doris-1:f:up doris-2:f:up doris-3:M:up]
19:32:13 #29 OK SELECT id=3719020 via doris-1 rows=10259 [doris-1:f:up doris-2:f:up doris-3:M:up]
19:32:14 #30 OK SELECT id=3719020 via doris-1 rows=10259 [doris-1:f:up doris-2:f:up doris-3:M:up]
19:32:15 #31 OK SELECT id=3719020 via doris-1 rows=10261 [doris-1:f:up doris-2:f:up doris-3:M:up]
19:32:16 EVENT break: fe dead on doris-3 (FE master)
19:32:16 #32 OK SELECT id=3719020 via doris-1 rows=10261 [doris-1:f:up doris-2:f:up doris-3:M:up]
19:32:17 #33 OK SELECT id=3719020 via doris-1 rows=10261 [doris-1:f:up doris-2:f:up doris-3:M:up]
19:32:18 #34 OK SELECT id=3719020 via doris-1 rows=10259 [doris-1:f:up doris-2:f:up doris-3:M:up]
19:32:22 #35 OK SELECT id=3719020 via doris-1 rows=10259 [?]
19:32:23 #36 OK SELECT id=3719020 via doris-1 rows=10261 [doris-1:f:up doris-2:M:up doris-3:f:DOWN]
19:32:24 #37 OK SELECT id=3719020 via doris-1 rows=10261 [doris-1:f:up doris-2:M:up doris-3:f:DOWN]
19:32:25 #38 OK SELECT id=3719020 via doris-1 rows=10261 [?]
19:32:27 #39 OK SELECT id=3719020 via doris-1 rows=10261 [doris-1:f:up doris-2:M:up doris-3:f:DOWN]
19:32:28 #40 OK SELECT id=3719020 via doris-1 rows=10261 [doris-1:f:up doris-2:M:up doris-3:f:DOWN]
19:32:29 #41 OK SELECT id=3719020 via doris-1 rows=10261 [doris-1:f:up doris-2:M:up doris-3:f:DOWN]
19:32:30 #42 OK SELECT id=3719020 via doris-1 rows=10260 [doris-1:f:up doris-2:M:up doris-3:f:DOWN]
19:32:31 #43 OK SELECT id=3719020 via doris-1 rows=10260 [doris-1:f:up doris-2:M:up doris-3:f:DOWN]
19:32:32 #44 OK SELECT id=3719020 via doris-1 rows=10260 [doris-1:f:up doris-2:M:up doris-3:f:DOWN]
19:32:33 #45 OK SELECT id=3719020 via doris-1 rows=10260 [doris-1:f:up doris-2:M:up doris-3:f:DOWN]
19:32:34 #46 OK SELECT id=3719020 via doris-1 rows=10261 [doris-1:f:up doris-2:M:up doris-3:f:DOWN]
19:32:35 #47 OK SELECT id=3719020 via doris-1 rows=10260 [doris-1:f:up doris-2:M:up doris-3:f:DOWN]
19:32:36 #48 OK SELECT id=3719020 via doris-1 rows=10260 [doris-1:f:up doris-2:M:up doris-3:f:DOWN]
19:32:37 #49 OK SELECT id=3719020 via doris-1 rows=10260 [doris-1:f:up doris-2:M:up doris-3:f:DOWN]
19:32:38 #50 OK SELECT id=3719020 via doris-1 rows=10260 [doris-1:f:up doris-2:M:up doris-3:f:DOWN]
19:32:39 #51 OK SELECT id=3719020 via doris-1 rows=10261 [doris-1:f:up doris-2:M:up doris-3:f:DOWN]
19:32:40 #52 OK SELECT id=3719020 via doris-1 rows=10261 [doris-1:f:up doris-2:M:up doris-3:f:DOWN]
19:32:42 #53 OK SELECT id=3719020 via doris-1 rows=10261 [doris-1:f:up doris-2:M:up doris-3:f:DOWN]
19:32:43 #54 OK SELECT id=3719020 via doris-1 rows=10261 [doris-1:f:up doris-2:M:up doris-3:f:DOWN]
19:32:44 #55 OK SELECT id=3719020 via doris-1 rows=10261 [doris-1:f:up doris-2:M:up doris-3:f:DOWN]
19:32:45 #56 OK SELECT id=3719020 via doris-1 rows=10261 [doris-1:f:up doris-2:M:up doris-3:f:DOWN]
19:32:46 #57 OK SELECT id=3719020 via doris-1 rows=10261 [doris-1:f:up doris-2:M:up doris-3:f:DOWN]
19:32:47 #58 OK SELECT id=3719020 via doris-1 rows=10261 [doris-1:f:up doris-2:M:up doris-3:f:DOWN]
19:32:48 #59 OK SELECT id=3719020 via doris-1 rows=10261 [doris-1:f:up doris-2:M:up doris-3:f:DOWN]
19:32:49 #60 OK SELECT id=3719020 via doris-1 rows=10260 [doris-1:f:up doris-2:M:up doris-3:f:DOWN]
19:32:50 #61 OK SELECT id=3719020 via doris-1 rows=10260 [doris-1:f:up doris-2:M:up doris-3:f:DOWN]
19:32:51 #62 OK SELECT id=3719020 via doris-1 rows=10260 [doris-1:f:up doris-2:M:up doris-3:f:DOWN]
19:32:52 #63 OK SELECT id=3719020 via doris-1 rows=10260 [doris-1:f:up doris-2:M:up doris-3:f:DOWN]
19:32:53 #64 OK SELECT id=3719020 via doris-1 rows=10260 [doris-1:f:up doris-2:M:up doris-3:f:DOWN]
19:32:54 #65 OK SELECT id=3719020 via doris-1 rows=10260 [doris-1:f:up doris-2:M:up doris-3:f:DOWN]
19:32:56 #66 OK SELECT id=3719020 via doris-1 rows=10260 [doris-1:f:up doris-2:M:up doris-3:f:DOWN]
19:32:57 #67 OK SELECT id=3719020 via doris-1 rows=10260 [doris-1:f:up doris-2:M:up doris-3:f:DOWN]
19:32:58 #68 OK SELECT id=3719020 via doris-1 rows=10262 [doris-1:f:up doris-2:M:up doris-3:f:DOWN]
19:32:59 #69 OK SELECT id=3719020 via doris-1 rows=10262 [doris-1:f:up doris-2:M:up doris-3:f:DOWN]
19:33:00 #70 OK SELECT id=3719020 via doris-1 rows=10264 [doris-1:f:up doris-2:M:up doris-3:f:DOWN]
19:33:01 #71 OK SELECT id=3719020 via doris-1 rows=10264 [doris-1:f:up doris-2:M:up doris-3:f:DOWN]
19:33:02 #72 OK SELECT id=3719020 via doris-1 rows=10264 [doris-1:f:up doris-2:M:up doris-3:f:DOWN]
19:33:03 #73 OK SELECT id=3719020 via doris-1 rows=10262 [doris-1:f:up doris-2:M:up doris-3:f:DOWN]
19:33:04 #74 OK SELECT id=3719020 via doris-1 rows=10262 [doris-1:f:up doris-2:M:up doris-3:f:DOWN]
19:33:05 #75 OK SELECT id=3719020 via doris-1 rows=10264 [doris-1:f:up doris-2:M:up doris-3:f:DOWN]
19:33:06 #76 OK SELECT id=3719020 via doris-1 rows=10264 [doris-1:f:up doris-2:M:up doris-3:f:DOWN]
19:33:07 #77 OK SELECT id=3719020 via doris-1 rows=10264 [doris-1:f:up doris-2:M:up doris-3:f:DOWN]
19:33:08 #78 OK SELECT id=3719020 via doris-1 rows=10262 [doris-1:f:up doris-2:M:up doris-3:f:DOWN]
19:33:09 #79 OK SELECT id=3719020 via doris-1 rows=10262 [doris-1:f:up doris-2:M:up doris-3:f:DOWN]
19:33:10 #80 OK SELECT id=3719020 via doris-1 rows=10264 [doris-1:f:up doris-2:M:up doris-3:f:DOWN]
19:33:12 #81 OK SELECT id=3719020 via doris-1 rows=10264 [doris-1:f:up doris-2:M:up doris-3:f:DOWN]
19:33:13 #82 OK SELECT id=3719020 via doris-1 rows=10264 [doris-1:f:up doris-2:M:up doris-3:f:DOWN]
19:33:14 #83 OK SELECT id=3719020 via doris-1 rows=10262 [doris-1:f:up doris-2:M:up doris-3:f:DOWN]
19:33:15 #84 OK SELECT id=3719020 via doris-1 rows=10262 [doris-1:f:up doris-2:M:up doris-3:f:DOWN]
19:33:16 #85 OK SELECT id=3719020 via doris-1 rows=10264 [doris-1:f:up doris-2:M:up doris-3:f:DOWN]
19:33:17 #86 OK SELECT id=3719020 via doris-1 rows=10264 [doris-1:f:up doris-2:M:up doris-3:f:DOWN]
19:33:18 #87 OK SELECT id=3719020 via doris-1 rows=10264 [doris-1:f:up doris-2:M:up doris-3:f:DOWN]
19:33:19 #88 OK SELECT id=3719020 via doris-1 rows=10264 [doris-1:f:up doris-2:M:up doris-3:f:DOWN]
19:33:20 #89 OK SELECT id=3719020 via doris-1 rows=10262 [doris-1:f:up doris-2:M:up doris-3:f:DOWN]
19:33:21 #90 OK SELECT id=3719020 via doris-1 rows=10262 [doris-1:f:up doris-2:M:up doris-3:f:DOWN]
19:33:22 #91 OK SELECT id=3719020 via doris-1 rows=10264 [doris-1:f:up doris-2:M:up doris-3:f:DOWN]
19:33:23 #92 OK SELECT id=3719020 via doris-1 rows=10264 [doris-1:f:up doris-2:M:up doris-3:f:DOWN]
19:33:24 #93 OK SELECT id=3719020 via doris-1 rows=10264 [doris-1:f:up doris-2:M:up doris-3:f:DOWN]
19:33:25 #94 OK SELECT id=3719020 via doris-1 rows=10262 [doris-1:f:up doris-2:M:up doris-3:f:DOWN]
19:33:26 #95 OK SELECT id=3719020 via doris-1 rows=10262 [doris-1:f:up doris-2:M:up doris-3:f:DOWN]
19:33:28 #96 OK SELECT id=3719020 via doris-1 rows=10264 [doris-1:f:up doris-2:M:up doris-3:f:DOWN]
19:33:29 #97 OK SELECT id=3719020 via doris-1 rows=10264 [doris-1:f:up doris-2:M:up doris-3:f:DOWN]
19:33:30 #98 OK SELECT id=3719020 via doris-1 rows=10264 [doris-1:f:up doris-2:M:up doris-3:f:DOWN]
19:33:31 #99 OK SELECT id=3719020 via doris-1 rows=10262 [doris-1:f:up doris-2:M:up doris-3:f:DOWN]
19:33:32 #100 OK SELECT id=3719020 via doris-1 rows=10262 [doris-1:f:up doris-2:M:up doris-3:f:DOWN]
19:33:33 #101 OK SELECT id=3719020 via doris-1 rows=10264 [doris-1:f:up doris-2:M:up doris-3:f:DOWN]
19:33:34 #102 OK SELECT id=3719020 via doris-1 rows=10264 [doris-1:f:up doris-2:M:up doris-3:f:DOWN]
19:33:35 #103 OK SELECT id=3719020 via doris-1 rows=10264 [doris-1:f:up doris-2:M:up doris-3:f:DOWN]
19:33:36 #104 OK SELECT id=3719020 via doris-1 rows=10262 [doris-1:f:up doris-2:M:up doris-3:f:DOWN]
19:33:37 #105 OK SELECT id=3719020 via doris-1 rows=10262 [doris-1:f:up doris-2:M:up doris-3:f:DOWN]
19:33:38 #106 OK SELECT id=3719020 via doris-1 rows=10264 [doris-1:f:up doris-2:M:up doris-3:f:DOWN]
19:33:39 #107 OK SELECT id=3719020 via doris-1 rows=10264 [doris-1:f:up doris-2:M:up doris-3:f:DOWN]
19:33:40 #108 OK SELECT id=3719020 via doris-1 rows=10264 [doris-1:f:up doris-2:M:up doris-3:f:DOWN]
19:33:41 #109 OK SELECT id=3719020 via doris-1 rows=10262 [doris-1:f:up doris-2:M:up doris-3:f:DOWN]
19:33:42 #110 OK SELECT id=3719020 via doris-1 rows=10262 [doris-1:f:up doris-2:M:up doris-3:f:DOWN]
19:33:43 #111 OK SELECT id=3719020 via doris-1 rows=10264 [doris-1:f:up doris-2:M:up doris-3:f:DOWN]
19:33:45 #112 OK SELECT id=3719020 via doris-1 rows=10264 [doris-1:f:up doris-2:M:up doris-3:f:DOWN]
19:33:46 #113 OK SELECT id=3719020 via doris-1 rows=10264 [doris-1:f:up doris-2:M:up doris-3:f:DOWN]
19:33:47 #114 OK SELECT id=3719020 via doris-1 rows=10262 [doris-1:f:up doris-2:M:up doris-3:f:DOWN]
19:33:48 #115 OK SELECT id=3719020 via doris-1 rows=10262 [doris-1:f:up doris-2:M:up doris-3:f:DOWN]
19:33:49 #116 OK SELECT id=3719020 via doris-1 rows=10264 [doris-1:f:up doris-2:M:up doris-3:f:DOWN]
19:33:50 #117 OK SELECT id=3719020 via doris-1 rows=10264 [doris-1:f:up doris-2:M:up doris-3:f:DOWN]
19:33:51 #118 OK SELECT id=3719020 via doris-1 rows=10264 [doris-1:f:up doris-2:M:up doris-3:f:DOWN]
19:33:52 #119 OK SELECT id=3719020 via doris-1 rows=10262 [doris-1:f:up doris-2:M:up doris-3:f:DOWN]
19:33:53 #120 OK SELECT id=3719020 via doris-1 rows=10262 [doris-1:f:up doris-2:M:up doris-3:f:DOWN]
19:33:54 #121 OK SELECT id=3719020 via doris-1 rows=10264 [doris-1:f:up doris-2:M:up doris-3:f:DOWN]
19:33:55 #122 OK SELECT id=3719020 via doris-1 rows=10264 [doris-1:f:up doris-2:M:up doris-3:f:DOWN]
19:33:56 #123 OK SELECT id=3719020 via doris-1 rows=10264 [doris-1:f:up doris-2:M:up doris-3:f:DOWN]
19:33:57 EVENT restore: systemctl start doris-fe on doris-3
19:33:57 #124 OK SELECT id=3719020 via doris-1 rows=10262 [doris-1:f:up doris-2:M:up doris-3:f:DOWN]
19:33:58 #125 OK SELECT id=3719020 via doris-1 rows=10262 [doris-1:f:up doris-2:M:up doris-3:f:DOWN]
19:33:59 #126 OK SELECT id=3719020 via doris-1 rows=10264 [doris-1:f:up doris-2:M:up doris-3:f:DOWN]
19:34:00 #127 OK SELECT id=3719020 via doris-1 rows=10264 [doris-1:f:up doris-2:M:up doris-3:f:DOWN]
19:34:01 #128 OK SELECT id=3719020 via doris-1 rows=10264 [doris-1:f:up doris-2:M:up doris-3:f:DOWN]
19:34:03 #129 OK SELECT id=3719020 via doris-1 rows=10262 [doris-1:f:up doris-2:M:up doris-3:f:DOWN]
19:34:04 #130 OK SELECT id=3719020 via doris-1 rows=10262 [doris-1:f:up doris-2:M:up doris-3:f:DOWN]
19:34:05 #131 OK SELECT id=3719020 via doris-1 rows=10264 [doris-1:f:up doris-2:M:up doris-3:f:DOWN]
19:34:06 #132 OK SELECT id=3719020 via doris-1 rows=10264 [doris-1:f:up doris-2:M:up doris-3:f:DOWN]
19:34:07 #133 OK SELECT id=3719020 via doris-1 rows=10264 [doris-1:f:up doris-2:M:up doris-3:f:DOWN]
19:34:08 #134 OK SELECT id=3719020 via doris-1 rows=10262 [doris-1:f:up doris-2:M:up doris-3:f:DOWN]
19:34:09 #135 OK SELECT id=3719020 via doris-1 rows=10262 [doris-1:f:up doris-2:M:up doris-3:f:DOWN]
19:34:10 #136 OK SELECT id=3719020 via doris-1 rows=10264 [doris-1:f:up doris-2:M:up doris-3:f:up]
19:34:11 #137 OK SELECT id=3719020 via doris-1 rows=10264 [doris-1:f:up doris-2:M:up doris-3:f:up]
19:34:12 #138 OK SELECT id=3719020 via doris-1 rows=10264 [doris-1:f:up doris-2:M:up doris-3:f:up]
19:34:13 EVENT restore: cluster healthy
19:34:13 #139 OK SELECT id=3719020 via doris-1 rows=10262 [doris-1:f:up doris-2:M:up doris-3:f:up]
19:34:14 #140 OK SELECT id=3719020 via doris-1 rows=10262 [doris-1:f:up doris-2:M:up doris-3:f:up]
19:34:15 #141 OK SELECT id=3719020 via doris-1 rows=10264 [doris-1:f:up doris-2:M:up doris-3:f:up]
19:34:16 #142 OK SELECT id=3719020 via doris-1 rows=10264 [doris-1:f:up doris-2:M:up doris-3:f:up]
19:34:17 #143 OK SELECT id=3719020 via doris-1 rows=10264 [doris-1:f:up doris-2:M:up doris-3:f:up]
19:34:18 #144 OK SELECT id=3719020 via doris-1 rows=10262 [doris-1:f:up doris-2:M:up doris-3:f:up]
19:34:19 #145 OK SELECT id=3719020 via doris-1 rows=10262 [doris-1:f:up doris-2:M:up doris-3:f:up]
19:34:21 #146 OK SELECT id=3719020 via doris-1 rows=10264 [doris-1:f:up doris-2:M:up doris-3:f:up]
19:34:22 #147 OK SELECT id=3719020 via doris-1 rows=10264 [doris-1:f:up doris-2:M:up doris-3:f:up]
19:34:23 #148 OK SELECT id=3719020 via doris-1 rows=10264 [doris-1:f:up doris-2:M:up doris-3:f:up]
19:34:24 #149 OK SELECT id=3719020 via doris-1 rows=10262 [doris-1:f:up doris-2:M:up doris-3:f:up]
19:34:25 #150 OK SELECT id=3719020 via doris-1 rows=10262 [doris-1:f:up doris-2:M:up doris-3:f:up]
19:34:26 #151 OK SELECT id=3719020 via doris-1 rows=10264 [doris-1:f:up doris-2:M:up doris-3:f:up]
19:34:27 #152 OK SELECT id=3719020 via doris-1 rows=10264 [doris-1:f:up doris-2:M:up doris-3:f:up]
19:34:28 #153 OK SELECT id=3719020 via doris-1 rows=10264 [doris-1:f:up doris-2:M:up doris-3:f:up]
19:34:29 #154 OK SELECT id=3719020 via doris-1 rows=10262 [doris-1:f:up doris-2:M:up doris-3:f:up]
19:34:30 #155 OK SELECT id=3719020 via doris-1 rows=10262 [doris-1:f:up doris-2:M:up doris-3:f:up]
19:34:31 #156 OK SELECT id=3719020 via doris-1 rows=10264 [doris-1:f:up doris-2:M:up doris-3:f:up]
19:34:32 #157 OK SELECT id=3719020 via doris-1 rows=10264 [doris-1:f:up doris-2:M:up doris-3:f:up]
19:34:33 #158 OK SELECT id=3719020 via doris-1 rows=10264 [doris-1:f:up doris-2:M:up doris-3:f:up]
19:34:34 #159 OK SELECT id=3719020 via doris-1 rows=10262 [doris-1:f:up doris-2:M:up doris-3:f:up]
19:34:35 #160 OK SELECT id=3719020 via doris-1 rows=10262 [doris-1:f:up doris-2:M:up doris-3:f:up]
19:34:36 #161 OK SELECT id=3719020 via doris-1 rows=10264 [doris-1:f:up doris-2:M:up doris-3:f:up]
19:34:37 #162 OK SELECT id=3719020 via doris-1 rows=10264 [doris-1:f:up doris-2:M:up doris-3:f:up]
19:34:39 #163 OK SELECT id=3719020 via doris-1 rows=10264 [doris-1:f:up doris-2:M:up doris-3:f:up]
19:34:40 #164 OK SELECT id=3719020 via doris-1 rows=10262 [doris-1:f:up doris-2:M:up doris-3:f:up]
19:34:41 #165 OK SELECT id=3719020 via doris-1 rows=10262 [doris-1:f:up doris-2:M:up doris-3:f:up]
19:34:42 #166 OK SELECT id=3719020 via doris-1 rows=10264 [doris-1:f:up doris-2:M:up doris-3:f:up]
19:34:43 #167 OK SELECT id=3719020 via doris-1 rows=10264 [doris-1:f:up doris-2:M:up doris-3:f:up]
