04:43:58 PROBE start proto=jdbc hosts=doris-1,doris-2,doris-3 duration=86400s cycle=INSERT>UPSERT>SELECT>DELETE>SELECT url=jdbc:mysql://10.140.0.2:9030,10.140.0.3:9030,10.140.0.4:9030/hatest
04:43:59 connected to doris-1 (driver-selected host)
04:43:59 #1 OK INSERT id=2730380 via doris-1 rows=10134 [doris-1:f:up doris-2:f:up doris-3:M:up]
04:44:00 #2 OK UPSERT id=2730380 via doris-1 rows=10134 [doris-1:f:up doris-2:f:up doris-3:M:up]
04:44:01 #3 OK SELECT id=2730380 via doris-1 rows=10134 [doris-1:f:up doris-2:f:up doris-3:M:up]
04:44:02 #4 OK DELETE id=2730380 via doris-1 rows=10132 [doris-1:f:up doris-2:f:up doris-3:M:up]
04:44:03 #5 OK SELECT id=2730380 via doris-1 rows=10132 [doris-1:f:up doris-2:f:up doris-3:M:up]
04:44:04 #6 OK INSERT id=2730381 via doris-1 rows=10134 [doris-1:f:up doris-2:f:up doris-3:M:up]
04:44:06 #7 OK UPSERT id=2730381 via doris-1 rows=10134 [doris-1:f:up doris-2:f:up doris-3:M:up]
04:44:07 #8 OK SELECT id=2730381 via doris-1 rows=10134 [doris-1:f:up doris-2:f:up doris-3:M:up]
04:44:08 #9 OK DELETE id=2730381 via doris-1 rows=10132 [doris-1:f:up doris-2:f:up doris-3:M:up]
04:44:09 #10 OK SELECT id=2730381 via doris-1 rows=10132 [doris-1:f:up doris-2:f:up doris-3:M:up]
04:44:10 #11 OK INSERT id=2730382 via doris-1 rows=10134 [doris-1:f:up doris-2:f:up doris-3:M:up]
04:44:11 #12 OK UPSERT id=2730382 via doris-1 rows=10134 [doris-1:f:up doris-2:f:up doris-3:M:up]
04:44:12 #13 OK SELECT id=2730382 via doris-1 rows=10134 [doris-1:f:up doris-2:f:up doris-3:M:up]
04:44:13 #14 OK DELETE id=2730382 via doris-1 rows=10132 [doris-1:f:up doris-2:f:up doris-3:M:up]
04:44:14 #15 OK SELECT id=2730382 via doris-1 rows=10132 [doris-1:f:up doris-2:f:up doris-3:M:up]
04:44:15 #16 OK INSERT id=2730383 via doris-1 rows=10134 [doris-1:f:up doris-2:f:up doris-3:M:up]
04:44:16 #17 OK UPSERT id=2730383 via doris-1 rows=10134 [doris-1:f:up doris-2:f:up doris-3:M:up]
04:44:17 #18 OK SELECT id=2730383 via doris-1 rows=10134 [doris-1:f:up doris-2:f:up doris-3:M:up]
04:44:19 #19 OK DELETE id=2730383 via doris-1 rows=10132 [doris-1:f:up doris-2:f:up doris-3:M:up]
04:44:20 #20 OK SELECT id=2730383 via doris-1 rows=10132 [doris-1:f:up doris-2:f:up doris-3:M:up]
04:44:21 #21 OK INSERT id=2730384 via doris-1 rows=10134 [doris-1:f:up doris-2:f:up doris-3:M:up]
04:44:22 #22 OK UPSERT id=2730384 via doris-1 rows=10134 [doris-1:f:up doris-2:f:up doris-3:M:up]
04:44:23 #23 OK SELECT id=2730384 via doris-1 rows=10134 [doris-1:f:up doris-2:f:up doris-3:M:up]
04:44:24 #24 OK DELETE id=2730384 via doris-1 rows=10132 [doris-1:f:up doris-2:f:up doris-3:M:up]
04:44:25 #25 OK SELECT id=2730384 via doris-1 rows=10132 [doris-1:f:up doris-2:f:up doris-3:M:up]
04:44:26 #26 OK INSERT id=2730385 via doris-1 rows=10134 [doris-1:f:up doris-2:f:up doris-3:M:up]
04:44:27 #27 OK UPSERT id=2730385 via doris-1 rows=10134 [doris-1:f:up doris-2:f:up doris-3:M:up]
04:44:28 #28 OK SELECT id=2730385 via doris-1 rows=10134 [doris-1:f:up doris-2:f:up doris-3:M:up]
04:44:29 #29 OK DELETE id=2730385 via doris-1 rows=10132 [doris-1:f:up doris-2:f:up doris-3:M:up]
04:44:30 #30 OK SELECT id=2730385 via doris-1 rows=10132 [doris-1:f:up doris-2:f:up doris-3:M:up]
04:44:32 #31 OK INSERT id=2730386 via doris-1 rows=10134 [doris-1:f:up doris-2:f:up doris-3:M:up]
04:44:32 EVENT break: fe dead on doris-3 (FE master)
04:44:33 #32 OK UPSERT id=2730386 via doris-1 rows=10134 [doris-1:f:up doris-2:f:up doris-3:M:up]
04:44:34 #33 OK SELECT id=2730386 via doris-1 rows=10134 [doris-1:f:up doris-2:f:up doris-3:M:up]
04:44:35 #34 FAIL DELETE id=2730386 via doris-1: SQLException: ForwardToMasterException, msg: forward to master FE TNetworkAddress(hostname:10.140.0.4, port:9020), statement
04:44:35 #34 FAIL SELECT(check) id=1 via -: SQLException: ForwardToMasterException, msg: forward to master FE TNetworkAddress(hostname:10.140.0.4, p
04:44:36 connected to doris-1 (driver-selected host)
04:44:36 #35 OK INSERT id=2730387 via doris-1 rows=10134 [doris-1:f:up doris-2:M:up doris-3:f:DOWN] (recovered)
04:44:38 #36 OK UPSERT id=2730387 via doris-1 rows=10135 [doris-1:f:up doris-2:M:up doris-3:f:DOWN]
04:44:39 #37 OK SELECT id=2730387 via doris-1 rows=10135 [doris-1:f:up doris-2:M:up doris-3:f:DOWN]
04:44:40 #38 OK DELETE id=2730387 via doris-1 rows=10134 [doris-1:f:up doris-2:M:up doris-3:f:DOWN]
04:44:41 #39 OK SELECT id=2730387 via doris-1 rows=10133 [doris-1:f:up doris-2:M:up doris-3:f:DOWN]
04:44:42 #40 OK INSERT id=2730388 via doris-1 rows=10134 [doris-1:f:up doris-2:M:up doris-3:f:DOWN]
04:44:43 #41 OK UPSERT id=2730388 via doris-1 rows=10135 [doris-1:f:up doris-2:M:up doris-3:f:DOWN]
04:44:44 #42 OK SELECT id=2730388 via doris-1 rows=10135 [doris-1:f:up doris-2:M:up doris-3:f:DOWN]
04:44:46 #43 OK DELETE id=2730388 via doris-1 rows=10134 [doris-1:f:up doris-2:M:up doris-3:f:DOWN]
04:44:47 #44 OK SELECT id=2730388 via doris-1 rows=10134 [doris-1:f:up doris-2:M:up doris-3:f:DOWN]
04:44:48 #45 OK INSERT id=2730389 via doris-1 rows=10134 [doris-1:f:up doris-2:M:up doris-3:f:DOWN]
04:44:49 #46 OK UPSERT id=2730389 via doris-1 rows=10134 [doris-1:f:up doris-2:M:up doris-3:f:DOWN]
04:44:50 #47 OK SELECT id=2730389 via doris-1 rows=10135 [doris-1:f:up doris-2:M:up doris-3:f:DOWN]
04:44:51 #48 OK DELETE id=2730389 via doris-1 rows=10134 [doris-1:f:up doris-2:M:up doris-3:f:DOWN]
04:44:53 #49 OK SELECT id=2730389 via doris-1 rows=10134 [doris-1:f:up doris-2:M:up doris-3:f:DOWN]
04:44:54 #50 OK INSERT id=2730390 via doris-1 rows=10134 [doris-1:f:up doris-2:M:up doris-3:f:DOWN]
04:44:55 #51 OK UPSERT id=2730390 via doris-1 rows=10134 [doris-1:f:up doris-2:M:up doris-3:f:DOWN]
04:44:56 #52 OK SELECT id=2730390 via doris-1 rows=10135 [doris-1:f:up doris-2:M:up doris-3:f:DOWN]
04:44:57 #53 OK DELETE id=2730390 via doris-1 rows=10134 [doris-1:f:up doris-2:M:up doris-3:f:DOWN]
04:44:58 #54 OK SELECT id=2730390 via doris-1 rows=10134 [doris-1:f:up doris-2:M:up doris-3:f:DOWN]
04:44:59 #55 OK INSERT id=2730391 via doris-1 rows=10134 [doris-1:f:up doris-2:M:up doris-3:f:DOWN]
04:45:00 #56 OK UPSERT id=2730391 via doris-1 rows=10134 [doris-1:f:up doris-2:M:up doris-3:f:DOWN]
04:45:01 #57 OK SELECT id=2730391 via doris-1 rows=10135 [doris-1:f:up doris-2:M:up doris-3:f:DOWN]
04:45:02 #58 OK DELETE id=2730391 via doris-1 rows=10134 [doris-1:f:up doris-2:M:up doris-3:f:DOWN]
04:45:03 #59 OK SELECT id=2730391 via doris-1 rows=10134 [doris-1:f:up doris-2:M:up doris-3:f:DOWN]
04:45:04 #60 OK INSERT id=2730392 via doris-1 rows=10134 [doris-1:f:up doris-2:M:up doris-3:f:DOWN]
04:45:06 #61 OK UPSERT id=2730392 via doris-1 rows=10134 [doris-1:f:up doris-2:M:up doris-3:f:DOWN]
04:45:07 #62 OK SELECT id=2730392 via doris-1 rows=10135 [doris-1:f:up doris-2:M:up doris-3:f:DOWN]
04:45:08 #63 OK DELETE id=2730392 via doris-1 rows=10134 [doris-1:f:up doris-2:M:up doris-3:f:DOWN]
04:45:09 #64 OK SELECT id=2730392 via doris-1 rows=10134 [doris-1:f:up doris-2:M:up doris-3:f:DOWN]
04:45:10 #65 OK INSERT id=2730393 via doris-1 rows=10134 [doris-1:f:up doris-2:M:up doris-3:f:DOWN]
04:45:11 #66 OK UPSERT id=2730393 via doris-1 rows=10134 [doris-1:f:up doris-2:M:up doris-3:f:DOWN]
04:45:12 #67 OK SELECT id=2730393 via doris-1 rows=10135 [doris-1:f:up doris-2:M:up doris-3:f:DOWN]
04:45:13 #68 OK DELETE id=2730393 via doris-1 rows=10134 [doris-1:f:up doris-2:M:up doris-3:f:DOWN]
04:45:14 #69 OK SELECT id=2730393 via doris-1 rows=10134 [doris-1:f:up doris-2:M:up doris-3:f:DOWN]
04:45:15 #70 OK INSERT id=2730394 via doris-1 rows=10134 [doris-1:f:up doris-2:M:up doris-3:f:DOWN]
04:45:16 #71 OK UPSERT id=2730394 via doris-1 rows=10134 [doris-1:f:up doris-2:M:up doris-3:f:DOWN]
04:45:17 #72 OK SELECT id=2730394 via doris-1 rows=10135 [doris-1:f:up doris-2:M:up doris-3:f:DOWN]
04:45:19 #73 OK DELETE id=2730394 via doris-1 rows=10134 [doris-1:f:up doris-2:M:up doris-3:f:DOWN]
04:45:20 #74 OK SELECT id=2730394 via doris-1 rows=10134 [doris-1:f:up doris-2:M:up doris-3:f:DOWN]
04:45:21 #75 OK INSERT id=2730395 via doris-1 rows=10134 [doris-1:f:up doris-2:M:up doris-3:f:DOWN]
04:45:22 #76 OK UPSERT id=2730395 via doris-1 rows=10134 [doris-1:f:up doris-2:M:up doris-3:f:DOWN]
04:45:23 #77 OK SELECT id=2730395 via doris-1 rows=10135 [doris-1:f:up doris-2:M:up doris-3:f:DOWN]
04:45:24 #78 OK DELETE id=2730395 via doris-1 rows=10134 [doris-1:f:up doris-2:M:up doris-3:f:DOWN]
04:45:25 #79 OK SELECT id=2730395 via doris-1 rows=10134 [doris-1:f:up doris-2:M:up doris-3:f:DOWN]
04:45:26 #80 OK INSERT id=2730396 via doris-1 rows=10134 [doris-1:f:up doris-2:M:up doris-3:f:DOWN]
04:45:27 #81 OK UPSERT id=2730396 via doris-1 rows=10134 [doris-1:f:up doris-2:M:up doris-3:f:DOWN]
04:45:28 #82 OK SELECT id=2730396 via doris-1 rows=10135 [doris-1:f:up doris-2:M:up doris-3:f:DOWN]
04:45:29 #83 OK DELETE id=2730396 via doris-1 rows=10134 [doris-1:f:up doris-2:M:up doris-3:f:DOWN]
04:45:30 #84 OK SELECT id=2730396 via doris-1 rows=10134 [doris-1:f:up doris-2:M:up doris-3:f:DOWN]
04:45:31 #85 OK INSERT id=2730397 via doris-1 rows=10134 [doris-1:f:up doris-2:M:up doris-3:f:DOWN]
04:45:32 #86 OK UPSERT id=2730397 via doris-1 rows=10134 [doris-1:f:up doris-2:M:up doris-3:f:DOWN]
04:45:34 #87 OK SELECT id=2730397 via doris-1 rows=10135 [doris-1:f:up doris-2:M:up doris-3:f:DOWN]
04:45:35 #88 OK DELETE id=2730397 via doris-1 rows=10134 [doris-1:f:up doris-2:M:up doris-3:f:DOWN]
04:45:36 #89 OK SELECT id=2730397 via doris-1 rows=10134 [doris-1:f:up doris-2:M:up doris-3:f:DOWN]
04:45:37 #90 OK INSERT id=2730398 via doris-1 rows=10134 [doris-1:f:up doris-2:M:up doris-3:f:DOWN]
04:45:38 #91 OK UPSERT id=2730398 via doris-1 rows=10134 [doris-1:f:up doris-2:M:up doris-3:f:DOWN]
04:45:39 #92 OK SELECT id=2730398 via doris-1 rows=10135 [doris-1:f:up doris-2:M:up doris-3:f:DOWN]
04:45:40 #93 OK DELETE id=2730398 via doris-1 rows=10134 [doris-1:f:up doris-2:M:up doris-3:f:DOWN]
04:45:41 #94 OK SELECT id=2730398 via doris-1 rows=10134 [doris-1:f:up doris-2:M:up doris-3:f:DOWN]
04:45:42 #95 OK INSERT id=2730399 via doris-1 rows=10134 [doris-1:f:up doris-2:M:up doris-3:f:DOWN]
04:45:43 #96 OK UPSERT id=2730399 via doris-1 rows=10134 [doris-1:f:up doris-2:M:up doris-3:f:DOWN]
04:45:44 #97 OK SELECT id=2730399 via doris-1 rows=10135 [doris-1:f:up doris-2:M:up doris-3:f:DOWN]
04:45:45 #98 OK DELETE id=2730399 via doris-1 rows=10134 [doris-1:f:up doris-2:M:up doris-3:f:DOWN]
04:45:46 #99 OK SELECT id=2730399 via doris-1 rows=10134 [doris-1:f:up doris-2:M:up doris-3:f:DOWN]
04:45:47 #100 OK INSERT id=2730400 via doris-1 rows=10134 [doris-1:f:up doris-2:M:up doris-3:f:DOWN]
04:45:48 #101 OK UPSERT id=2730400 via doris-1 rows=10134 [doris-1:f:up doris-2:M:up doris-3:f:DOWN]
04:45:50 #102 OK SELECT id=2730400 via doris-1 rows=10135 [doris-1:f:up doris-2:M:up doris-3:f:DOWN]
04:45:51 #103 OK DELETE id=2730400 via doris-1 rows=10134 [doris-1:f:up doris-2:M:up doris-3:f:DOWN]
04:45:52 #104 OK SELECT id=2730400 via doris-1 rows=10134 [doris-1:f:up doris-2:M:up doris-3:f:DOWN]
04:45:53 #105 OK INSERT id=2730401 via doris-1 rows=10134 [doris-1:f:up doris-2:M:up doris-3:f:DOWN]
04:45:54 #106 OK UPSERT id=2730401 via doris-1 rows=10134 [doris-1:f:up doris-2:M:up doris-3:f:DOWN]
04:45:55 #107 OK SELECT id=2730401 via doris-1 rows=10135 [doris-1:f:up doris-2:M:up doris-3:f:DOWN]
04:45:56 #108 OK DELETE id=2730401 via doris-1 rows=10134 [doris-1:f:up doris-2:M:up doris-3:f:DOWN]
04:45:57 #109 OK SELECT id=2730401 via doris-1 rows=10134 [doris-1:f:up doris-2:M:up doris-3:f:DOWN]
04:45:58 #110 OK INSERT id=2730402 via doris-1 rows=10134 [doris-1:f:up doris-2:M:up doris-3:f:DOWN]
04:45:59 #111 OK UPSERT id=2730402 via doris-1 rows=10134 [doris-1:f:up doris-2:M:up doris-3:f:DOWN]
04:46:00 #112 OK SELECT id=2730402 via doris-1 rows=10135 [doris-1:f:up doris-2:M:up doris-3:f:DOWN]
04:46:01 #113 OK DELETE id=2730402 via doris-1 rows=10134 [doris-1:f:up doris-2:M:up doris-3:f:DOWN]
04:46:02 #114 OK SELECT id=2730402 via doris-1 rows=10134 [doris-1:f:up doris-2:M:up doris-3:f:DOWN]
04:46:03 #115 OK INSERT id=2730403 via doris-1 rows=10134 [doris-1:f:up doris-2:M:up doris-3:f:DOWN]
04:46:04 #116 OK UPSERT id=2730403 via doris-1 rows=10134 [doris-1:f:up doris-2:M:up doris-3:f:DOWN]
04:46:05 #117 OK SELECT id=2730403 via doris-1 rows=10135 [doris-1:f:up doris-2:M:up doris-3:f:DOWN]
04:46:07 #118 OK DELETE id=2730403 via doris-1 rows=10134 [doris-1:f:up doris-2:M:up doris-3:f:DOWN]
04:46:08 #119 OK SELECT id=2730403 via doris-1 rows=10134 [doris-1:f:up doris-2:M:up doris-3:f:DOWN]
04:46:09 #120 OK INSERT id=2730404 via doris-1 rows=10134 [doris-1:f:up doris-2:M:up doris-3:f:DOWN]
04:46:10 #121 OK UPSERT id=2730404 via doris-1 rows=10134 [doris-1:f:up doris-2:M:up doris-3:f:DOWN]
04:46:11 #122 OK SELECT id=2730404 via doris-1 rows=10135 [doris-1:f:up doris-2:M:up doris-3:f:DOWN]
04:46:12 #123 OK DELETE id=2730404 via doris-1 rows=10134 [doris-1:f:up doris-2:M:up doris-3:f:DOWN]
04:46:13 #124 OK SELECT id=2730404 via doris-1 rows=10134 [doris-1:f:up doris-2:M:up doris-3:f:DOWN]
04:46:14 #125 OK INSERT id=2730405 via doris-1 rows=10134 [doris-1:f:up doris-2:M:up doris-3:f:DOWN]
04:46:14 EVENT restore: systemctl start doris-fe on doris-3
04:46:15 #126 OK UPSERT id=2730405 via doris-1 rows=10134 [doris-1:f:up doris-2:M:up doris-3:f:DOWN]
04:46:16 #127 OK SELECT id=2730405 via doris-1 rows=10135 [doris-1:f:up doris-2:M:up doris-3:f:DOWN]
04:46:17 #128 OK DELETE id=2730405 via doris-1 rows=10134 [doris-1:f:up doris-2:M:up doris-3:f:DOWN]
04:46:18 #129 OK SELECT id=2730405 via doris-1 rows=10134 [doris-1:f:up doris-2:M:up doris-3:f:DOWN]
04:46:19 #130 OK INSERT id=2730406 via doris-1 rows=10134 [doris-1:f:up doris-2:M:up doris-3:f:DOWN]
04:46:20 #131 OK UPSERT id=2730406 via doris-1 rows=10134 [doris-1:f:up doris-2:M:up doris-3:f:DOWN]
04:46:21 #132 OK SELECT id=2730406 via doris-1 rows=10135 [doris-1:f:up doris-2:M:up doris-3:f:DOWN]
04:46:23 #133 OK DELETE id=2730406 via doris-1 rows=10134 [doris-1:f:up doris-2:M:up doris-3:f:DOWN]
04:46:24 #134 OK SELECT id=2730406 via doris-1 rows=10134 [doris-1:f:up doris-2:M:up doris-3:f:DOWN]
04:46:25 #135 OK INSERT id=2730407 via doris-1 rows=10134 [doris-1:f:up doris-2:M:up doris-3:f:DOWN]
04:46:26 #136 OK UPSERT id=2730407 via doris-1 rows=10134 [doris-1:f:up doris-2:M:up doris-3:f:DOWN]
04:46:27 #137 OK SELECT id=2730407 via doris-1 rows=10135 [doris-1:f:up doris-2:M:up doris-3:f:DOWN]
04:46:28 #138 OK DELETE id=2730407 via doris-1 rows=10134 [doris-1:f:up doris-2:M:up doris-3:f:DOWN]
04:46:29 #139 OK SELECT id=2730407 via doris-1 rows=10134 [doris-1:f:up doris-2:M:up doris-3:f:DOWN]
04:46:30 #140 OK INSERT id=2730408 via doris-1 rows=10134 [doris-1:f:up doris-2:M:up doris-3:f:DOWN]
04:46:31 #141 OK UPSERT id=2730408 via doris-1 rows=10134 [doris-1:f:up doris-2:M:up doris-3:f:DOWN]
04:46:32 #142 OK SELECT id=2730408 via doris-1 rows=10135 [doris-1:f:up doris-2:M:up doris-3:f:DOWN]
04:46:33 #143 OK DELETE id=2730408 via doris-1 rows=10134 [doris-1:f:up doris-2:M:up doris-3:f:DOWN]
04:46:34 #144 OK SELECT id=2730408 via doris-1 rows=10134 [doris-1:f:up doris-2:M:up doris-3:f:DOWN]
04:46:35 #145 OK INSERT id=2730409 via doris-1 rows=10134 [doris-1:f:up doris-2:M:up doris-3:f:DOWN]
04:46:36 #146 OK UPSERT id=2730409 via doris-1 rows=10134 [doris-1:f:up doris-2:M:up doris-3:f:up]
04:46:37 #147 OK SELECT id=2730409 via doris-1 rows=10135 [doris-1:f:up doris-2:M:up doris-3:f:up]
04:46:39 #148 OK DELETE id=2730409 via doris-1 rows=10134 [doris-1:f:up doris-2:M:up doris-3:f:up]
04:46:40 #149 OK SELECT id=2730409 via doris-1 rows=10134 [doris-1:f:up doris-2:M:up doris-3:f:up]
04:46:40 EVENT restore: cluster healthy
04:46:41 #150 OK INSERT id=2730410 via doris-1 rows=10134 [doris-1:f:up doris-2:M:up doris-3:f:up]
04:46:42 #151 OK UPSERT id=2730410 via doris-1 rows=10134 [doris-1:f:up doris-2:M:up doris-3:f:up]
04:46:43 #152 OK SELECT id=2730410 via doris-1 rows=10135 [doris-1:f:up doris-2:M:up doris-3:f:up]
04:46:44 #153 OK DELETE id=2730410 via doris-1 rows=10134 [doris-1:f:up doris-2:M:up doris-3:f:up]
04:46:45 #154 OK SELECT id=2730410 via doris-1 rows=10134 [doris-1:f:up doris-2:M:up doris-3:f:up]
04:46:46 #155 OK INSERT id=2730411 via doris-1 rows=10134 [doris-1:f:up doris-2:M:up doris-3:f:up]
04:46:47 #156 OK UPSERT id=2730411 via doris-1 rows=10134 [doris-1:f:up doris-2:M:up doris-3:f:up]
04:46:48 #157 OK SELECT id=2730411 via doris-1 rows=10135 [doris-1:f:up doris-2:M:up doris-3:f:up]
04:46:49 #158 OK DELETE id=2730411 via doris-1 rows=10134 [doris-1:f:up doris-2:M:up doris-3:f:up]
04:46:50 #159 OK SELECT id=2730411 via doris-1 rows=10134 [doris-1:f:up doris-2:M:up doris-3:f:up]
04:46:51 #160 OK INSERT id=2730412 via doris-1 rows=10134 [doris-1:f:up doris-2:M:up doris-3:f:up]
04:46:52 #161 OK UPSERT id=2730412 via doris-1 rows=10134 [doris-1:f:up doris-2:M:up doris-3:f:up]
04:46:54 #162 OK SELECT id=2730412 via doris-1 rows=10135 [doris-1:f:up doris-2:M:up doris-3:f:up]
04:46:55 #163 OK DELETE id=2730412 via doris-1 rows=10134 [doris-1:f:up doris-2:M:up doris-3:f:up]
04:46:56 #164 OK SELECT id=2730412 via doris-1 rows=10134 [doris-1:f:up doris-2:M:up doris-3:f:up]
04:46:57 #165 OK INSERT id=2730413 via doris-1 rows=10134 [doris-1:f:up doris-2:M:up doris-3:f:up]
04:46:58 #166 OK UPSERT id=2730413 via doris-1 rows=10134 [doris-1:f:up doris-2:M:up doris-3:f:up]
04:46:59 #167 OK SELECT id=2730413 via doris-1 rows=10135 [doris-1:f:up doris-2:M:up doris-3:f:up]
04:47:00 #168 OK DELETE id=2730413 via doris-1 rows=10134 [doris-1:f:up doris-2:M:up doris-3:f:up]
04:47:01 #169 OK SELECT id=2730413 via doris-1 rows=10134 [doris-1:f:up doris-2:M:up doris-3:f:up]
04:47:02 #170 OK INSERT id=2730414 via doris-1 rows=10134 [doris-1:f:up doris-2:M:up doris-3:f:up]
04:47:03 #171 OK UPSERT id=2730414 via doris-1 rows=10134 [doris-1:f:up doris-2:M:up doris-3:f:up]
04:47:04 #172 OK SELECT id=2730414 via doris-1 rows=10135 [doris-1:f:up doris-2:M:up doris-3:f:up]
04:47:05 #173 OK DELETE id=2730414 via doris-1 rows=10134 [doris-1:f:up doris-2:M:up doris-3:f:up]
04:47:06 #174 OK SELECT id=2730414 via doris-1 rows=10134 [doris-1:f:up doris-2:M:up doris-3:f:up]
04:47:07 #175 OK INSERT id=2730415 via doris-1 rows=10134 [doris-1:f:up doris-2:M:up doris-3:f:up]
04:47:09 #176 OK UPSERT id=2730415 via doris-1 rows=10134 [doris-1:f:up doris-2:M:up doris-3:f:up]
