03:43:40 PROBE start proto=jdbc hosts=doris-1,doris-2,doris-3 duration=86400s cycle=INSERT>UPSERT>SELECT>DELETE>SELECT url=jdbc:mysql://10.140.0.2:9030,10.140.0.3:9030,10.140.0.4:9030/hatest
03:43:41 connected to doris-1 (driver-selected host)
03:43:41 #1 OK INSERT id=2694200 via doris-1 rows=10085 [doris-1:f:up doris-2:f:up doris-3:M:up]
03:43:42 #2 OK UPSERT id=2694200 via doris-1 rows=10085 [doris-1:f:up doris-2:f:up doris-3:M:up]
03:43:43 #3 OK SELECT id=2694200 via doris-1 rows=10085 [doris-1:f:up doris-2:f:up doris-3:M:up]
03:43:44 #4 OK DELETE id=2694200 via doris-1 rows=10083 [doris-1:f:up doris-2:f:up doris-3:M:up]
03:43:45 #5 OK SELECT id=2694200 via doris-1 rows=10083 [doris-1:f:up doris-2:f:up doris-3:M:up]
03:43:46 #6 OK INSERT id=2694201 via doris-1 rows=10085 [doris-1:f:up doris-2:f:up doris-3:M:up]
03:43:47 #7 OK UPSERT id=2694201 via doris-1 rows=10085 [doris-1:f:up doris-2:f:up doris-3:M:up]
03:43:48 #8 OK SELECT id=2694201 via doris-1 rows=10085 [doris-1:f:up doris-2:f:up doris-3:M:up]
03:43:49 #9 OK DELETE id=2694201 via doris-1 rows=10083 [doris-1:f:up doris-2:f:up doris-3:M:up]
03:43:50 #10 OK SELECT id=2694201 via doris-1 rows=10083 [doris-1:f:up doris-2:f:up doris-3:M:up]
03:43:51 #11 OK INSERT id=2694202 via doris-1 rows=10085 [doris-1:f:up doris-2:f:up doris-3:M:up]
03:43:52 #12 OK UPSERT id=2694202 via doris-1 rows=10085 [doris-1:f:up doris-2:f:up doris-3:M:up]
03:43:54 #13 OK SELECT id=2694202 via doris-1 rows=10085 [doris-1:f:up doris-2:f:up doris-3:M:up]
03:43:55 #14 OK DELETE id=2694202 via doris-1 rows=10083 [doris-1:f:up doris-2:f:up doris-3:M:up]
03:43:56 #15 OK SELECT id=2694202 via doris-1 rows=10083 [doris-1:f:up doris-2:f:up doris-3:M:up]
03:43:57 #16 OK INSERT id=2694203 via doris-1 rows=10085 [doris-1:f:up doris-2:f:up doris-3:M:up]
03:43:58 #17 OK UPSERT id=2694203 via doris-1 rows=10085 [doris-1:f:up doris-2:f:up doris-3:M:up]
03:43:59 #18 OK SELECT id=2694203 via doris-1 rows=10085 [doris-1:f:up doris-2:f:up doris-3:M:up]
03:44:00 #19 OK DELETE id=2694203 via doris-1 rows=10083 [doris-1:f:up doris-2:f:up doris-3:M:up]
03:44:01 #20 OK SELECT id=2694203 via doris-1 rows=10083 [doris-1:f:up doris-2:f:up doris-3:M:up]
03:44:02 #21 OK INSERT id=2694204 via doris-1 rows=10085 [doris-1:f:up doris-2:f:up doris-3:M:up]
03:44:03 #22 OK UPSERT id=2694204 via doris-1 rows=10085 [doris-1:f:up doris-2:f:up doris-3:M:up]
03:44:04 #23 OK SELECT id=2694204 via doris-1 rows=10085 [doris-1:f:up doris-2:f:up doris-3:M:up]
03:44:05 #24 OK DELETE id=2694204 via doris-1 rows=10083 [doris-1:f:up doris-2:f:up doris-3:M:up]
03:44:06 #25 OK SELECT id=2694204 via doris-1 rows=10083 [doris-1:f:up doris-2:f:up doris-3:M:up]
03:44:07 #26 OK INSERT id=2694205 via doris-1 rows=10085 [doris-1:f:up doris-2:f:up doris-3:M:up]
03:44:08 #27 OK UPSERT id=2694205 via doris-1 rows=10085 [doris-1:f:up doris-2:f:up doris-3:M:up]
03:44:10 #28 OK SELECT id=2694205 via doris-1 rows=10085 [doris-1:f:up doris-2:f:up doris-3:M:up]
03:44:11 #29 OK DELETE id=2694205 via doris-1 rows=10083 [doris-1:f:up doris-2:f:up doris-3:M:up]
03:44:12 #30 OK SELECT id=2694205 via doris-1 rows=10083 [doris-1:f:up doris-2:f:up doris-3:M:up]
03:44:13 #31 OK INSERT id=2694206 via doris-1 rows=10085 [doris-1:f:up doris-2:f:up doris-3:M:up]
03:44:14 #32 OK UPSERT id=2694206 via doris-1 rows=10085 [doris-1:f:up doris-2:f:up doris-3:M:up]
03:44:14 EVENT break: be crash on doris-1 (FE follower)
03:44:15 #33 OK SELECT id=2694206 via doris-1 rows=10085 [doris-1:f:up doris-2:f:up doris-3:M:up]
03:44:16 #34 FAIL DELETE id=2694206 via doris-1: SQLException: send fragments failed. io.grpc.StatusRuntimeException: UNAVAILABLE: io exception, host: 10.140.0.2
03:44:16 #34 OK SELECT(check) id=1 via doris-1
03:44:17 connected to doris-1 (driver-selected host)
03:44:24 #35 OK INSERT id=2694207 via doris-1 rows=10085 [doris-1:f:up doris-2:f:up doris-3:M:up] (recovered)
03:44:25 #36 OK UPSERT id=2694207 via doris-1 rows=10086 [doris-1:f:up doris-2:f:up doris-3:M:up]
03:44:26 #37 OK SELECT id=2694207 via doris-1 rows=10086 [doris-1:f:up doris-2:f:up doris-3:M:up]
03:44:27 #38 OK DELETE id=2694207 via doris-1 rows=10084 [doris-1:f:up doris-2:f:up doris-3:M:up]
03:44:28 #39 OK SELECT id=2694207 via doris-1 rows=10084 [doris-1:f:up doris-2:f:up doris-3:M:up]
03:44:29 #40 OK INSERT id=2694208 via doris-1 rows=10086 [doris-1:f:up doris-2:f:up doris-3:M:up]
03:44:30 #41 OK UPSERT id=2694208 via doris-1 rows=10086 [doris-1:f:up doris-2:f:up doris-3:M:up]
03:44:31 EVENT recovered: be restarted by systemd on doris-1 (+9s)
03:44:31 #42 OK SELECT id=2694208 via doris-1 rows=10086 [doris-1:f:up doris-2:f:up doris-3:M:up]
03:44:32 #43 OK DELETE id=2694208 via doris-1 rows=10084 [doris-1:f:up doris-2:f:up doris-3:M:up]
03:44:33 #44 OK SELECT id=2694208 via doris-1 rows=10084 [doris-1:f:up doris-2:f:up doris-3:M:up]
03:44:43 #45 FAIL INSERT id=2694209 via doris-1: CommunicationsException: Communications link failure  The last packet successfully received from the server was 9,007 milliseconds ago.
03:44:43 #45 OK SELECT(check) id=1 via doris-1
03:44:44 connected to doris-1 (driver-selected host)
03:44:44 #46 OK INSERT id=2694210 via doris-1 rows=10088 [doris-1:f:up doris-2:f:up doris-3:M:up] (recovered)
03:44:45 #47 OK UPSERT id=2694210 via doris-1 rows=10088 [doris-1:f:up doris-2:f:up doris-3:M:up]
03:44:46 #48 OK SELECT id=2694210 via doris-1 rows=10088 [doris-1:f:up doris-2:f:up doris-3:M:up]
03:44:47 #49 OK DELETE id=2694210 via doris-1 rows=10086 [doris-1:f:up doris-2:f:up doris-3:M:up]
03:44:48 #50 OK SELECT id=2694210 via doris-1 rows=10086 [doris-1:f:up doris-2:f:up doris-3:M:up]
03:44:49 #51 OK INSERT id=2694211 via doris-1 rows=10088 [doris-1:f:up doris-2:f:up doris-3:M:up]
03:44:50 #52 OK UPSERT id=2694211 via doris-1 rows=10088 [doris-1:f:up doris-2:f:up doris-3:M:up]
03:44:51 #53 OK SELECT id=2694211 via doris-1 rows=10088 [doris-1:f:up doris-2:f:up doris-3:M:up]
03:44:52 #54 OK DELETE id=2694211 via doris-1 rows=10086 [doris-1:f:up doris-2:f:up doris-3:M:up]
03:44:53 #55 OK SELECT id=2694211 via doris-1 rows=10086 [doris-1:f:up doris-2:f:up doris-3:M:up]
03:44:54 #56 OK INSERT id=2694212 via doris-1 rows=10088 [doris-1:f:up doris-2:f:up doris-3:M:up]
03:44:56 #57 OK UPSERT id=2694212 via doris-1 rows=10088 [doris-1:f:up doris-2:f:up doris-3:M:up]
03:44:57 #58 OK SELECT id=2694212 via doris-1 rows=10088 [doris-1:f:up doris-2:f:up doris-3:M:up]
03:44:58 #59 OK DELETE id=2694212 via doris-1 rows=10086 [doris-1:f:up doris-2:f:up doris-3:M:up]
03:44:59 #60 OK SELECT id=2694212 via doris-1 rows=10086 [doris-1:f:up doris-2:f:up doris-3:M:up]
03:45:00 #61 OK INSERT id=2694213 via doris-1 rows=10088 [doris-1:f:up doris-2:f:up doris-3:M:up]
03:45:01 #62 OK UPSERT id=2694213 via doris-1 rows=10088 [doris-1:f:up doris-2:f:up doris-3:M:up]
03:45:02 #63 OK SELECT id=2694213 via doris-1 rows=10088 [doris-1:f:up doris-2:f:up doris-3:M:up]
03:45:03 #64 OK DELETE id=2694213 via doris-1 rows=10086 [doris-1:f:up doris-2:f:up doris-3:M:up]
03:45:04 #65 OK SELECT id=2694213 via doris-1 rows=10086 [doris-1:f:up doris-2:f:up doris-3:M:up]
03:45:05 #66 OK INSERT id=2694214 via doris-1 rows=10088 [doris-1:f:up doris-2:f:up doris-3:M:up]
03:45:06 #67 OK UPSERT id=2694214 via doris-1 rows=10088 [doris-1:f:up doris-2:f:up doris-3:M:up]
03:45:07 #68 OK SELECT id=2694214 via doris-1 rows=10088 [doris-1:f:up doris-2:f:up doris-3:M:up]
03:45:08 #69 OK DELETE id=2694214 via doris-1 rows=10086 [doris-1:f:up doris-2:f:up doris-3:M:up]
03:45:09 #70 OK SELECT id=2694214 via doris-1 rows=10086 [doris-1:f:up doris-2:f:up doris-3:M:up]
03:45:11 #71 OK INSERT id=2694215 via doris-1 rows=10088 [doris-1:f:up doris-2:f:up doris-3:M:up]
03:45:12 #72 OK UPSERT id=2694215 via doris-1 rows=10088 [doris-1:f:up doris-2:f:up doris-3:M:up]
03:45:13 #73 OK SELECT id=2694215 via doris-1 rows=10088 [doris-1:f:up doris-2:f:up doris-3:M:up]
03:45:14 #74 OK DELETE id=2694215 via doris-1 rows=10086 [doris-1:f:up doris-2:f:up doris-3:M:up]
03:45:15 #75 OK SELECT id=2694215 via doris-1 rows=10086 [doris-1:f:up doris-2:f:up doris-3:M:up]
03:45:16 #76 OK INSERT id=2694216 via doris-1 rows=10088 [doris-1:f:up doris-2:f:up doris-3:M:up]
03:45:17 #77 OK UPSERT id=2694216 via doris-1 rows=10088 [doris-1:f:up doris-2:f:up doris-3:M:up]
03:45:18 #78 OK SELECT id=2694216 via doris-1 rows=10088 [doris-1:f:up doris-2:f:up doris-3:M:up]
03:45:19 #79 OK DELETE id=2694216 via doris-1 rows=10086 [doris-1:f:up doris-2:f:up doris-3:M:up]
03:45:20 #80 OK SELECT id=2694216 via doris-1 rows=10086 [doris-1:f:up doris-2:f:up doris-3:M:up]
03:45:21 #81 OK INSERT id=2694217 via doris-1 rows=10088 [doris-1:f:up doris-2:f:up doris-3:M:up]
03:45:22 #82 OK UPSERT id=2694217 via doris-1 rows=10088 [doris-1:f:up doris-2:f:up doris-3:M:up]
03:45:23 #83 OK SELECT id=2694217 via doris-1 rows=10088 [doris-1:f:up doris-2:f:up doris-3:M:up]
03:45:24 #84 OK DELETE id=2694217 via doris-1 rows=10086 [doris-1:f:up doris-2:f:up doris-3:M:up]
03:45:25 #85 OK SELECT id=2694217 via doris-1 rows=10086 [doris-1:f:up doris-2:f:up doris-3:M:up]
03:45:27 #86 OK INSERT id=2694218 via doris-1 rows=10088 [doris-1:f:up doris-2:f:up doris-3:M:up]
03:45:28 #87 OK UPSERT id=2694218 via doris-1 rows=10088 [doris-1:f:up doris-2:f:up doris-3:M:up]
03:45:29 #88 OK SELECT id=2694218 via doris-1 rows=10088 [doris-1:f:up doris-2:f:up doris-3:M:up]
03:45:30 #89 OK DELETE id=2694218 via doris-1 rows=10086 [doris-1:f:up doris-2:f:up doris-3:M:up]
03:45:31 #90 OK SELECT id=2694218 via doris-1 rows=10086 [doris-1:f:up doris-2:f:up doris-3:M:up]
03:45:32 #91 OK INSERT id=2694219 via doris-1 rows=10088 [doris-1:f:up doris-2:f:up doris-3:M:up]
03:45:33 #92 OK UPSERT id=2694219 via doris-1 rows=10088 [doris-1:f:up doris-2:f:up doris-3:M:up]
03:45:34 #93 OK SELECT id=2694219 via doris-1 rows=10088 [doris-1:f:up doris-2:f:up doris-3:M:up]
03:45:35 #94 OK DELETE id=2694219 via doris-1 rows=10086 [doris-1:f:up doris-2:f:up doris-3:M:up]
03:45:36 #95 OK SELECT id=2694219 via doris-1 rows=10086 [doris-1:f:up doris-2:f:up doris-3:M:up]
03:45:37 #96 OK INSERT id=2694220 via doris-1 rows=10088 [doris-1:f:up doris-2:f:up doris-3:M:up]
03:45:38 #97 OK UPSERT id=2694220 via doris-1 rows=10088 [doris-1:f:up doris-2:f:up doris-3:M:up]
03:45:39 #98 OK SELECT id=2694220 via doris-1 rows=10088 [doris-1:f:up doris-2:f:up doris-3:M:up]
03:45:40 #99 OK DELETE id=2694220 via doris-1 rows=10086 [doris-1:f:up doris-2:f:up doris-3:M:up]
03:45:41 #100 OK SELECT id=2694220 via doris-1 rows=10086 [doris-1:f:up doris-2:f:up doris-3:M:up]
03:45:43 #101 OK INSERT id=2694221 via doris-1 rows=10088 [doris-1:f:up doris-2:f:up doris-3:M:up]
03:45:44 #102 OK UPSERT id=2694221 via doris-1 rows=10088 [doris-1:f:up doris-2:f:up doris-3:M:up]
03:45:45 #103 OK SELECT id=2694221 via doris-1 rows=10088 [doris-1:f:up doris-2:f:up doris-3:M:up]
03:45:46 #104 OK DELETE id=2694221 via doris-1 rows=10086 [doris-1:f:up doris-2:f:up doris-3:M:up]
03:45:47 #105 OK SELECT id=2694221 via doris-1 rows=10086 [doris-1:f:up doris-2:f:up doris-3:M:up]
03:45:48 #106 OK INSERT id=2694222 via doris-1 rows=10088 [doris-1:f:up doris-2:f:up doris-3:M:up]
03:45:49 #107 OK UPSERT id=2694222 via doris-1 rows=10088 [doris-1:f:up doris-2:f:up doris-3:M:up]
03:45:50 #108 OK SELECT id=2694222 via doris-1 rows=10088 [doris-1:f:up doris-2:f:up doris-3:M:up]
03:45:51 #109 OK DELETE id=2694222 via doris-1 rows=10086 [doris-1:f:up doris-2:f:up doris-3:M:up]
03:45:52 #110 OK SELECT id=2694222 via doris-1 rows=10086 [doris-1:f:up doris-2:f:up doris-3:M:up]
03:45:53 #111 OK INSERT id=2694223 via doris-1 rows=10088 [doris-1:f:up doris-2:f:up doris-3:M:up]
03:45:54 #112 OK UPSERT id=2694223 via doris-1 rows=10088 [doris-1:f:up doris-2:f:up doris-3:M:up]
03:45:55 #113 OK SELECT id=2694223 via doris-1 rows=10088 [doris-1:f:up doris-2:f:up doris-3:M:up]
03:45:56 #114 OK DELETE id=2694223 via doris-1 rows=10086 [doris-1:f:up doris-2:f:up doris-3:M:up]
03:45:57 #115 OK SELECT id=2694223 via doris-1 rows=10086 [doris-1:f:up doris-2:f:up doris-3:M:up]
03:45:58 #116 OK INSERT id=2694224 via doris-1 rows=10088 [doris-1:f:up doris-2:f:up doris-3:M:up]
03:46:00 #117 OK UPSERT id=2694224 via doris-1 rows=10088 [doris-1:f:up doris-2:f:up doris-3:M:up]
03:46:01 #118 OK SELECT id=2694224 via doris-1 rows=10088 [doris-1:f:up doris-2:f:up doris-3:M:up]
03:46:02 #119 OK DELETE id=2694224 via doris-1 rows=10086 [doris-1:f:up doris-2:f:up doris-3:M:up]
03:46:03 #120 OK SELECT id=2694224 via doris-1 rows=10086 [doris-1:f:up doris-2:f:up doris-3:M:up]
03:46:04 #121 OK INSERT id=2694225 via doris-1 rows=10088 [doris-1:f:up doris-2:f:up doris-3:M:up]
03:46:05 #122 OK UPSERT id=2694225 via doris-1 rows=10088 [doris-1:f:up doris-2:f:up doris-3:M:up]
03:46:06 #123 OK SELECT id=2694225 via doris-1 rows=10088 [doris-1:f:up doris-2:f:up doris-3:M:up]
03:46:07 #124 OK DELETE id=2694225 via doris-1 rows=10086 [doris-1:f:up doris-2:f:up doris-3:M:up]
03:46:08 #125 OK SELECT id=2694225 via doris-1 rows=10086 [doris-1:f:up doris-2:f:up doris-3:M:up]
03:46:09 #126 OK INSERT id=2694226 via doris-1 rows=10088 [doris-1:f:up doris-2:f:up doris-3:M:up]
03:46:09 EVENT restore: verify be on doris-1
03:46:10 #127 OK UPSERT id=2694226 via doris-1 rows=10088 [doris-1:f:up doris-2:f:up doris-3:M:up]
03:46:11 #128 OK SELECT id=2694226 via doris-1 rows=10088 [doris-1:f:up doris-2:f:up doris-3:M:up]
03:46:12 #129 OK DELETE id=2694226 via doris-1 rows=10086 [doris-1:f:up doris-2:f:up doris-3:M:up]
03:46:13 #130 OK SELECT id=2694226 via doris-1 rows=10086 [doris-1:f:up doris-2:f:up doris-3:M:up]
03:46:14 EVENT restore: cluster healthy
03:46:14 #131 OK INSERT id=2694227 via doris-1 rows=10088 [doris-1:f:up doris-2:f:up doris-3:M:up]
03:46:16 #132 OK UPSERT id=2694227 via doris-1 rows=10088 [doris-1:f:up doris-2:f:up doris-3:M:up]
03:46:17 #133 OK SELECT id=2694227 via doris-1 rows=10088 [doris-1:f:up doris-2:f:up doris-3:M:up]
03:46:18 #134 OK DELETE id=2694227 via doris-1 rows=10086 [doris-1:f:up doris-2:f:up doris-3:M:up]
03:46:19 #135 OK SELECT id=2694227 via doris-1 rows=10086 [doris-1:f:up doris-2:f:up doris-3:M:up]
03:46:20 #136 OK INSERT id=2694228 via doris-1 rows=10088 [doris-1:f:up doris-2:f:up doris-3:M:up]
03:46:21 #137 OK UPSERT id=2694228 via doris-1 rows=10088 [doris-1:f:up doris-2:f:up doris-3:M:up]
03:46:22 #138 OK SELECT id=2694228 via doris-1 rows=10088 [doris-1:f:up doris-2:f:up doris-3:M:up]
03:46:23 #139 OK DELETE id=2694228 via doris-1 rows=10086 [doris-1:f:up doris-2:f:up doris-3:M:up]
03:46:24 #140 OK SELECT id=2694228 via doris-1 rows=10086 [doris-1:f:up doris-2:f:up doris-3:M:up]
03:46:25 #141 OK INSERT id=2694229 via doris-1 rows=10088 [doris-1:f:up doris-2:f:up doris-3:M:up]
03:46:26 #142 OK UPSERT id=2694229 via doris-1 rows=10088 [doris-1:f:up doris-2:f:up doris-3:M:up]
03:46:27 #143 OK SELECT id=2694229 via doris-1 rows=10088 [doris-1:f:up doris-2:f:up doris-3:M:up]
03:46:28 #144 OK DELETE id=2694229 via doris-1 rows=10086 [doris-1:f:up doris-2:f:up doris-3:M:up]
03:46:29 #145 OK SELECT id=2694229 via doris-1 rows=10086 [doris-1:f:up doris-2:f:up doris-3:M:up]
03:46:30 #146 OK INSERT id=2694230 via doris-1 rows=10088 [doris-1:f:up doris-2:f:up doris-3:M:up]
03:46:32 #147 OK UPSERT id=2694230 via doris-1 rows=10088 [doris-1:f:up doris-2:f:up doris-3:M:up]
03:46:33 #148 OK SELECT id=2694230 via doris-1 rows=10088 [doris-1:f:up doris-2:f:up doris-3:M:up]
03:46:34 #149 OK DELETE id=2694230 via doris-1 rows=10086 [doris-1:f:up doris-2:f:up doris-3:M:up]
03:46:35 #150 OK SELECT id=2694230 via doris-1 rows=10086 [doris-1:f:up doris-2:f:up doris-3:M:up]
03:46:36 #151 OK INSERT id=2694231 via doris-1 rows=10088 [doris-1:f:up doris-2:f:up doris-3:M:up]
03:46:37 #152 OK UPSERT id=2694231 via doris-1 rows=10088 [doris-1:f:up doris-2:f:up doris-3:M:up]
03:46:38 #153 OK SELECT id=2694231 via doris-1 rows=10088 [doris-1:f:up doris-2:f:up doris-3:M:up]
03:46:39 #154 OK DELETE id=2694231 via doris-1 rows=10086 [doris-1:f:up doris-2:f:up doris-3:M:up]
03:46:40 #155 OK SELECT id=2694231 via doris-1 rows=10086 [doris-1:f:up doris-2:f:up doris-3:M:up]
03:46:41 #156 OK INSERT id=2694232 via doris-1 rows=10088 [doris-1:f:up doris-2:f:up doris-3:M:up]
03:46:42 #157 OK UPSERT id=2694232 via doris-1 rows=10088 [doris-1:f:up doris-2:f:up doris-3:M:up]
