04:40:49 PROBE start proto=jdbc hosts=doris-1,doris-2,doris-3 duration=86400s cycle=INSERT>UPSERT>SELECT>DELETE>SELECT url=jdbc:mysql://10.140.0.2:9030,10.140.0.3:9030,10.140.0.4:9030/hatest
04:40:50 connected to doris-1 (driver-selected host)
04:40:50 #1 OK INSERT id=2728490 via doris-1 rows=10133 [doris-1:f:up doris-2:f:up doris-3:M:up]
04:40:51 #2 OK UPSERT id=2728490 via doris-1 rows=10133 [doris-1:f:up doris-2:f:up doris-3:M:up]
04:40:52 #3 OK SELECT id=2728490 via doris-1 rows=10133 [doris-1:f:up doris-2:f:up doris-3:M:up]
04:40:53 #4 OK DELETE id=2728490 via doris-1 rows=10131 [doris-1:f:up doris-2:f:up doris-3:M:up]
04:40:54 #5 OK SELECT id=2728490 via doris-1 rows=10131 [doris-1:f:up doris-2:f:up doris-3:M:up]
04:40:55 #6 OK INSERT id=2728491 via doris-1 rows=10133 [doris-1:f:up doris-2:f:up doris-3:M:up]
04:40:56 #7 OK UPSERT id=2728491 via doris-1 rows=10133 [doris-1:f:up doris-2:f:up doris-3:M:up]
04:40:57 #8 OK SELECT id=2728491 via doris-1 rows=10133 [doris-1:f:up doris-2:f:up doris-3:M:up]
04:40:59 #9 OK DELETE id=2728491 via doris-1 rows=10131 [doris-1:f:up doris-2:f:up doris-3:M:up]
04:41:00 #10 OK SELECT id=2728491 via doris-1 rows=10131 [doris-1:f:up doris-2:f:up doris-3:M:up]
04:41:01 #11 OK INSERT id=2728492 via doris-1 rows=10133 [doris-1:f:up doris-2:f:up doris-3:M:up]
04:41:02 #12 OK UPSERT id=2728492 via doris-1 rows=10133 [doris-1:f:up doris-2:f:up doris-3:M:up]
04:41:03 #13 OK SELECT id=2728492 via doris-1 rows=10133 [doris-1:f:up doris-2:f:up doris-3:M:up]
04:41:04 #14 OK DELETE id=2728492 via doris-1 rows=10131 [doris-1:f:up doris-2:f:up doris-3:M:up]
04:41:05 #15 OK SELECT id=2728492 via doris-1 rows=10131 [doris-1:f:up doris-2:f:up doris-3:M:up]
04:41:06 #16 OK INSERT id=2728493 via doris-1 rows=10133 [doris-1:f:up doris-2:f:up doris-3:M:up]
04:41:07 #17 OK UPSERT id=2728493 via doris-1 rows=10133 [doris-1:f:up doris-2:f:up doris-3:M:up]
04:41:08 #18 OK SELECT id=2728493 via doris-1 rows=10133 [doris-1:f:up doris-2:f:up doris-3:M:up]
04:41:09 #19 OK DELETE id=2728493 via doris-1 rows=10131 [doris-1:f:up doris-2:f:up doris-3:M:up]
04:41:10 #20 OK SELECT id=2728493 via doris-1 rows=10131 [doris-1:f:up doris-2:f:up doris-3:M:up]
04:41:11 #21 OK INSERT id=2728494 via doris-1 rows=10133 [doris-1:f:up doris-2:f:up doris-3:M:up]
04:41:12 #22 OK UPSERT id=2728494 via doris-1 rows=10133 [doris-1:f:up doris-2:f:up doris-3:M:up]
04:41:14 #23 OK SELECT id=2728494 via doris-1 rows=10133 [doris-1:f:up doris-2:f:up doris-3:M:up]
04:41:15 #24 OK DELETE id=2728494 via doris-1 rows=10131 [doris-1:f:up doris-2:f:up doris-3:M:up]
04:41:16 #25 OK SELECT id=2728494 via doris-1 rows=10131 [doris-1:f:up doris-2:f:up doris-3:M:up]
04:41:17 #26 OK INSERT id=2728495 via doris-1 rows=10133 [doris-1:f:up doris-2:f:up doris-3:M:up]
04:41:18 #27 OK UPSERT id=2728495 via doris-1 rows=10133 [doris-1:f:up doris-2:f:up doris-3:M:up]
04:41:19 #28 OK SELECT id=2728495 via doris-1 rows=10133 [doris-1:f:up doris-2:f:up doris-3:M:up]
04:41:20 #29 OK DELETE id=2728495 via doris-1 rows=10131 [doris-1:f:up doris-2:f:up doris-3:M:up]
04:41:21 #30 OK SELECT id=2728495 via doris-1 rows=10131 [doris-1:f:up doris-2:f:up doris-3:M:up]
04:41:22 #31 OK INSERT id=2728496 via doris-1 rows=10133 [doris-1:f:up doris-2:f:up doris-3:M:up]
04:41:23 EVENT break: fe crash on doris-1 (FE follower)
04:41:23 #32 OK UPSERT id=2728496 via doris-1 rows=10133 [doris-1:f:up doris-2:f:up doris-3:M:up]
04:41:24 #33 OK SELECT id=2728496 via doris-1 rows=10133 [doris-1:f:up doris-2:f:up doris-3:M:up]
04:41:25 #34 OK DELETE id=2728496 via doris-1 rows=10131 [doris-1:f:up doris-2:f:up doris-3:M:up]
04:41:26 #35 FAIL SELECT id=2728496 via doris-1: CommunicationsException: Communications link failure  The last packet successfully received from the server was 1,032 milliseconds ago.
04:41:28 connected to doris-2 (driver-selected host)
04:41:28 #36 OK INSERT id=2728497 via doris-2 rows=10132 [doris-1:f:up doris-2:f:up doris-3:M:up] (recovered)
04:41:29 #37 OK UPSERT id=2728497 via doris-2 rows=10133 [doris-1:f:up doris-2:f:up doris-3:M:up]
04:41:30 #38 OK SELECT id=2728497 via doris-2 rows=10133 [doris-1:f:up doris-2:f:up doris-3:M:up]
04:41:31 #39 OK DELETE id=2728497 via doris-2 rows=10132 [doris-1:f:up doris-2:f:up doris-3:M:up]
04:41:33 #40 OK SELECT id=2728497 via doris-2 rows=10131 [doris-1:f:up doris-2:f:up doris-3:M:up]
04:41:34 #41 OK INSERT id=2728498 via doris-2 rows=10132 [doris-1:f:up doris-2:f:up doris-3:M:up]
04:41:35 #42 OK UPSERT id=2728498 via doris-2 rows=10133 [doris-1:f:DOWN doris-2:f:up doris-3:M:up]
04:41:36 #43 OK SELECT id=2728498 via doris-2 rows=10133 [doris-1:f:DOWN doris-2:f:up doris-3:M:up]
04:41:37 #44 OK DELETE id=2728498 via doris-2 rows=10132 [doris-1:f:DOWN doris-2:f:up doris-3:M:up]
04:41:38 #45 OK SELECT id=2728498 via doris-2 rows=10131 [doris-1:f:DOWN doris-2:f:up doris-3:M:up]
04:41:39 #46 OK INSERT id=2728499 via doris-2 rows=10132 [doris-1:f:DOWN doris-2:f:up doris-3:M:up]
04:41:40 #47 OK UPSERT id=2728499 via doris-2 rows=10133 [doris-1:f:DOWN doris-2:f:up doris-3:M:up]
04:41:41 #48 OK SELECT id=2728499 via doris-2 rows=10133 [doris-1:f:DOWN doris-2:f:up doris-3:M:up]
04:41:41 EVENT recovered: fe restarted by systemd on doris-1 (+9s)
04:41:42 #49 OK DELETE id=2728499 via doris-2 rows=10132 [doris-1:f:DOWN doris-2:f:up doris-3:M:up]
04:41:43 #50 OK SELECT id=2728499 via doris-2 rows=10131 [doris-1:f:DOWN doris-2:f:up doris-3:M:up]
04:41:45 #51 OK INSERT id=2728500 via doris-2 rows=10132 [doris-1:f:up doris-2:f:up doris-3:M:up]
04:41:46 #52 OK UPSERT id=2728500 via doris-2 rows=10133 [doris-1:f:up doris-2:f:up doris-3:M:up]
04:41:47 #53 OK SELECT id=2728500 via doris-2 rows=10133 [doris-1:f:up doris-2:f:up doris-3:M:up]
04:41:48 #54 OK DELETE id=2728500 via doris-2 rows=10132 [doris-1:f:up doris-2:f:up doris-3:M:up]
04:41:49 #55 OK SELECT id=2728500 via doris-2 rows=10131 [doris-1:f:up doris-2:f:up doris-3:M:up]
04:41:50 #56 OK INSERT id=2728501 via doris-2 rows=10132 [doris-1:f:up doris-2:f:up doris-3:M:up]
04:41:51 #57 OK UPSERT id=2728501 via doris-2 rows=10133 [doris-1:f:up doris-2:f:up doris-3:M:up]
04:41:52 #58 OK SELECT id=2728501 via doris-2 rows=10133 [doris-1:f:up doris-2:f:up doris-3:M:up]
04:41:53 #59 OK DELETE id=2728501 via doris-2 rows=10132 [doris-1:f:up doris-2:f:up doris-3:M:up]
04:41:54 #60 OK SELECT id=2728501 via doris-2 rows=10131 [doris-1:f:up doris-2:f:up doris-3:M:up]
04:41:56 #61 OK INSERT id=2728502 via doris-2 rows=10132 [doris-1:f:up doris-2:f:up doris-3:M:up]
04:41:57 #62 OK UPSERT id=2728502 via doris-2 rows=10133 [doris-1:f:up doris-2:f:up doris-3:M:up]
04:41:58 #63 OK SELECT id=2728502 via doris-2 rows=10133 [doris-1:f:up doris-2:f:up doris-3:M:up]
04:41:59 #64 OK DELETE id=2728502 via doris-2 rows=10132 [doris-1:f:up doris-2:f:up doris-3:M:up]
04:42:00 #65 OK SELECT id=2728502 via doris-2 rows=10131 [doris-1:f:up doris-2:f:up doris-3:M:up]
04:42:01 #66 OK INSERT id=2728503 via doris-2 rows=10132 [doris-1:f:up doris-2:f:up doris-3:M:up]
04:42:02 #67 OK UPSERT id=2728503 via doris-2 rows=10133 [doris-1:f:up doris-2:f:up doris-3:M:up]
04:42:05 #68 OK SELECT id=2728503 via doris-2 rows=10133 [doris-1:f:up doris-2:f:up doris-3:M:up]
04:42:07 #69 OK DELETE id=2728503 via doris-2 rows=10131 [doris-1:f:up doris-2:f:up doris-3:M:up]
04:42:08 #70 OK SELECT id=2728503 via doris-2 rows=10132 [doris-1:f:up doris-2:f:up doris-3:M:up]
04:42:09 #71 OK INSERT id=2728504 via doris-2 rows=10133 [doris-1:f:up doris-2:f:up doris-3:M:up]
04:42:10 #72 OK UPSERT id=2728504 via doris-2 rows=10133 [doris-1:f:up doris-2:f:up doris-3:M:up]
04:42:11 #73 OK SELECT id=2728504 via doris-2 rows=10132 [doris-1:f:up doris-2:f:up doris-3:M:up]
04:42:12 #74 OK DELETE id=2728504 via doris-2 rows=10131 [doris-1:f:up doris-2:f:up doris-3:M:up]
04:42:13 #75 OK SELECT id=2728504 via doris-2 rows=10132 [doris-1:f:up doris-2:f:up doris-3:M:up]
04:42:14 #76 OK INSERT id=2728505 via doris-2 rows=10133 [doris-1:f:up doris-2:f:up doris-3:M:up]
04:42:15 #77 OK UPSERT id=2728505 via doris-2 rows=10133 [doris-1:f:up doris-2:f:up doris-3:M:up]
04:42:17 #78 OK SELECT id=2728505 via doris-2 rows=10132 [doris-1:f:up doris-2:f:up doris-3:M:up]
04:42:18 #79 OK DELETE id=2728505 via doris-2 rows=10131 [doris-1:f:up doris-2:f:up doris-3:M:up]
04:42:19 #80 OK SELECT id=2728505 via doris-2 rows=10132 [doris-1:f:up doris-2:f:up doris-3:M:up]
04:42:20 #81 OK INSERT id=2728506 via doris-2 rows=10133 [doris-1:f:up doris-2:f:up doris-3:M:up]
04:42:21 #82 OK UPSERT id=2728506 via doris-2 rows=10133 [doris-1:f:up doris-2:f:up doris-3:M:up]
04:42:22 #83 OK SELECT id=2728506 via doris-2 rows=10132 [doris-1:f:up doris-2:f:up doris-3:M:up]
04:42:23 #84 OK DELETE id=2728506 via doris-2 rows=10131 [doris-1:f:up doris-2:f:up doris-3:M:up]
04:42:24 #85 OK SELECT id=2728506 via doris-2 rows=10132 [doris-1:f:up doris-2:f:up doris-3:M:up]
04:42:25 #86 OK INSERT id=2728507 via doris-2 rows=10133 [doris-1:f:up doris-2:f:up doris-3:M:up]
04:42:26 #87 OK UPSERT id=2728507 via doris-2 rows=10133 [doris-1:f:up doris-2:f:up doris-3:M:up]
04:42:28 #88 OK SELECT id=2728507 via doris-2 rows=10132 [doris-1:f:up doris-2:f:up doris-3:M:up]
04:42:29 #89 OK DELETE id=2728507 via doris-2 rows=10132 [doris-1:f:up doris-2:f:up doris-3:M:up]
04:42:30 #90 OK SELECT id=2728507 via doris-2 rows=10132 [doris-1:f:up doris-2:f:up doris-3:M:up]
04:42:31 #91 OK INSERT id=2728508 via doris-2 rows=10133 [doris-1:f:up doris-2:f:up doris-3:M:up]
04:42:32 #92 OK UPSERT id=2728508 via doris-2 rows=10132 [doris-1:f:up doris-2:f:up doris-3:M:up]
04:42:33 #93 OK SELECT id=2728508 via doris-2 rows=10132 [doris-1:f:up doris-2:f:up doris-3:M:up]
04:42:34 #94 OK DELETE id=2728508 via doris-2 rows=10132 [doris-1:f:up doris-2:f:up doris-3:M:up]
04:42:35 #95 OK SELECT id=2728508 via doris-2 rows=10132 [doris-1:f:up doris-2:f:up doris-3:M:up]
04:42:36 #96 OK INSERT id=2728509 via doris-2 rows=10133 [doris-1:f:up doris-2:f:up doris-3:M:up]
04:42:37 #97 OK UPSERT id=2728509 via doris-2 rows=10132 [doris-1:f:up doris-2:f:up doris-3:M:up]
04:42:39 #98 OK SELECT id=2728509 via doris-2 rows=10132 [doris-1:f:up doris-2:f:up doris-3:M:up]
04:42:40 #99 OK DELETE id=2728509 via doris-2 rows=10132 [doris-1:f:up doris-2:f:up doris-3:M:up]
04:42:41 #100 OK SELECT id=2728509 via doris-2 rows=10132 [doris-1:f:up doris-2:f:up doris-3:M:up]
04:42:42 #101 OK INSERT id=2728510 via doris-2 rows=10133 [doris-1:f:up doris-2:f:up doris-3:M:up]
04:42:43 #102 OK UPSERT id=2728510 via doris-2 rows=10132 [doris-1:f:up doris-2:f:up doris-3:M:up]
04:42:44 #103 OK SELECT id=2728510 via doris-2 rows=10132 [doris-1:f:up doris-2:f:up doris-3:M:up]
04:42:45 #104 OK DELETE id=2728510 via doris-2 rows=10132 [doris-1:f:up doris-2:f:up doris-3:M:up]
04:42:46 #105 OK SELECT id=2728510 via doris-2 rows=10132 [doris-1:f:up doris-2:f:up doris-3:M:up]
04:42:47 #106 OK INSERT id=2728511 via doris-2 rows=10133 [doris-1:f:up doris-2:f:up doris-3:M:up]
04:42:48 #107 OK UPSERT id=2728511 via doris-2 rows=10132 [doris-1:f:up doris-2:f:up doris-3:M:up]
04:42:49 #108 OK SELECT id=2728511 via doris-2 rows=10132 [doris-1:f:up doris-2:f:up doris-3:M:up]
04:42:51 #109 OK DELETE id=2728511 via doris-2 rows=10132 [doris-1:f:up doris-2:f:up doris-3:M:up]
04:42:52 #110 OK SELECT id=2728511 via doris-2 rows=10132 [doris-1:f:up doris-2:f:up doris-3:M:up]
04:42:53 #111 OK INSERT id=2728512 via doris-2 rows=10133 [doris-1:f:up doris-2:f:up doris-3:M:up]
04:42:54 #112 OK UPSERT id=2728512 via doris-2 rows=10132 [doris-1:f:up doris-2:f:up doris-3:M:up]
04:42:55 #113 OK SELECT id=2728512 via doris-2 rows=10132 [doris-1:f:up doris-2:f:up doris-3:M:up]
04:42:56 #114 OK DELETE id=2728512 via doris-2 rows=10132 [doris-1:f:up doris-2:f:up doris-3:M:up]
04:42:57 #115 OK SELECT id=2728512 via doris-2 rows=10132 [doris-1:f:up doris-2:f:up doris-3:M:up]
04:42:58 #116 OK INSERT id=2728513 via doris-2 rows=10133 [doris-1:f:up doris-2:f:up doris-3:M:up]
04:42:59 #117 OK UPSERT id=2728513 via doris-2 rows=10132 [doris-1:f:up doris-2:f:up doris-3:M:up]
04:43:00 #118 OK SELECT id=2728513 via doris-2 rows=10132 [doris-1:f:up doris-2:f:up doris-3:M:up]
04:43:01 #119 OK DELETE id=2728513 via doris-2 rows=10132 [doris-1:f:up doris-2:f:up doris-3:M:up]
04:43:02 #120 OK SELECT id=2728513 via doris-2 rows=10132 [doris-1:f:up doris-2:f:up doris-3:M:up]
04:43:04 #121 OK INSERT id=2728514 via doris-2 rows=10133 [doris-1:f:up doris-2:f:up doris-3:M:up]
04:43:05 #122 OK UPSERT id=2728514 via doris-2 rows=10132 [doris-1:f:up doris-2:f:up doris-3:M:up]
04:43:06 #123 OK SELECT id=2728514 via doris-2 rows=10132 [doris-1:f:up doris-2:f:up doris-3:M:up]
04:43:07 #124 OK DELETE id=2728514 via doris-2 rows=10132 [doris-1:f:up doris-2:f:up doris-3:M:up]
04:43:08 #125 OK SELECT id=2728514 via doris-2 rows=10132 [doris-1:f:up doris-2:f:up doris-3:M:up]
04:43:09 #126 OK INSERT id=2728515 via doris-2 rows=10133 [doris-1:f:up doris-2:f:up doris-3:M:up]
04:43:10 #127 OK UPSERT id=2728515 via doris-2 rows=10132 [doris-1:f:up doris-2:f:up doris-3:M:up]
04:43:11 #128 OK SELECT id=2728515 via doris-2 rows=10132 [doris-1:f:up doris-2:f:up doris-3:M:up]
04:43:12 #129 OK DELETE id=2728515 via doris-2 rows=10132 [doris-1:f:up doris-2:f:up doris-3:M:up]
04:43:13 #130 OK SELECT id=2728515 via doris-2 rows=10132 [doris-1:f:up doris-2:f:up doris-3:M:up]
04:43:14 #131 OK INSERT id=2728516 via doris-2 rows=10133 [doris-1:f:up doris-2:f:up doris-3:M:up]
04:43:15 #132 OK UPSERT id=2728516 via doris-2 rows=10132 [doris-1:f:up doris-2:f:up doris-3:M:up]
04:43:17 #133 OK SELECT id=2728516 via doris-2 rows=10132 [doris-1:f:up doris-2:f:up doris-3:M:up]
04:43:18 #134 OK DELETE id=2728516 via doris-2 rows=10132 [doris-1:f:up doris-2:f:up doris-3:M:up]
04:43:19 EVENT restore: verify fe on doris-1
04:43:19 #135 OK SELECT id=2728516 via doris-2 rows=10132 [doris-1:f:up doris-2:f:up doris-3:M:up]
04:43:20 #136 OK INSERT id=2728517 via doris-2 rows=10133 [doris-1:f:up doris-2:f:up doris-3:M:up]
04:43:21 #137 OK UPSERT id=2728517 via doris-2 rows=10132 [doris-1:f:up doris-2:f:up doris-3:M:up]
04:43:22 #138 OK SELECT id=2728517 via doris-2 rows=10132 [doris-1:f:up doris-2:f:up doris-3:M:up]
04:43:23 #139 OK DELETE id=2728517 via doris-2 rows=10132 [doris-1:f:up doris-2:f:up doris-3:M:up]
04:43:24 EVENT restore: cluster healthy
04:43:24 #140 OK SELECT id=2728517 via doris-2 rows=10132 [doris-1:f:up doris-2:f:up doris-3:M:up]
04:43:25 #141 OK INSERT id=2728518 via doris-2 rows=10133 [doris-1:f:up doris-2:f:up doris-3:M:up]
04:43:26 #142 OK UPSERT id=2728518 via doris-2 rows=10132 [doris-1:f:up doris-2:f:up doris-3:M:up]
04:43:27 #143 OK SELECT id=2728518 via doris-2 rows=10132 [doris-1:f:up doris-2:f:up doris-3:M:up]
04:43:28 #144 OK DELETE id=2728518 via doris-2 rows=10132 [doris-1:f:up doris-2:f:up doris-3:M:up]
04:43:30 #145 OK SELECT id=2728518 via doris-2 rows=10132 [doris-1:f:up doris-2:f:up doris-3:M:up]
04:43:31 #146 OK INSERT id=2728519 via doris-2 rows=10133 [doris-1:f:up doris-2:f:up doris-3:M:up]
04:43:32 #147 OK UPSERT id=2728519 via doris-2 rows=10132 [doris-1:f:up doris-2:f:up doris-3:M:up]
04:43:33 #148 OK SELECT id=2728519 via doris-2 rows=10132 [doris-1:f:up doris-2:f:up doris-3:M:up]
04:43:34 #149 OK DELETE id=2728519 via doris-2 rows=10132 [doris-1:f:up doris-2:f:up doris-3:M:up]
04:43:35 #150 OK SELECT id=2728519 via doris-2 rows=10132 [doris-1:f:up doris-2:f:up doris-3:M:up]
04:43:36 #151 OK INSERT id=2728520 via doris-2 rows=10133 [doris-1:f:up doris-2:f:up doris-3:M:up]
04:43:37 #152 OK UPSERT id=2728520 via doris-2 rows=10132 [doris-1:f:up doris-2:f:up doris-3:M:up]
04:43:38 #153 OK SELECT id=2728520 via doris-2 rows=10132 [doris-1:f:up doris-2:f:up doris-3:M:up]
04:43:39 #154 OK DELETE id=2728520 via doris-2 rows=10132 [doris-1:f:up doris-2:f:up doris-3:M:up]
04:43:40 #155 OK SELECT id=2728520 via doris-2 rows=10132 [doris-1:f:up doris-2:f:up doris-3:M:up]
04:43:41 #156 OK INSERT id=2728521 via doris-2 rows=10133 [doris-1:f:up doris-2:f:up doris-3:M:up]
04:43:43 #157 OK UPSERT id=2728521 via doris-2 rows=10132 [doris-1:f:up doris-2:f:up doris-3:M:up]
04:43:44 #158 OK SELECT id=2728521 via doris-2 rows=10132 [doris-1:f:up doris-2:f:up doris-3:M:up]
04:43:45 #159 OK DELETE id=2728521 via doris-2 rows=10132 [doris-1:f:up doris-2:f:up doris-3:M:up]
04:43:46 #160 OK SELECT id=2728521 via doris-2 rows=10132 [doris-1:f:up doris-2:f:up doris-3:M:up]
04:43:47 #161 OK INSERT id=2728522 via doris-2 rows=10133 [doris-1:f:up doris-2:f:up doris-3:M:up]
04:43:48 #162 OK UPSERT id=2728522 via doris-2 rows=10132 [doris-1:f:up doris-2:f:up doris-3:M:up]
04:43:49 #163 OK SELECT id=2728522 via doris-2 rows=10132 [doris-1:f:up doris-2:f:up doris-3:M:up]
04:43:50 #164 OK DELETE id=2728522 via doris-2 rows=10132 [doris-1:f:up doris-2:f:up doris-3:M:up]
04:43:51 #165 OK SELECT id=2728522 via doris-2 rows=10132 [doris-1:f:up doris-2:f:up doris-3:M:up]
04:43:52 #166 OK INSERT id=2728523 via doris-2 rows=10133 [doris-1:f:up doris-2:f:up doris-3:M:up]
