19:28:29 PROBE start proto=mysql hosts=doris-1,doris-2,doris-3 duration=86400s cycle=INSERT>UPSERT>SELECT>DELETE>SELECT
19:28:29 connected to doris-1 (10.140.0.2)
19:28:30 #1 OK INSERT id=1717090 via doris-1 rows=10258 [doris-1:f:up doris-2:f:up doris-3:M:up]
19:28:31 #2 OK UPSERT id=1717090 via doris-1 rows=10259 [doris-1:f:up doris-2:f:up doris-3:M:up]
19:28:32 #3 OK SELECT id=1717090 via doris-1 rows=10259 [doris-1:f:up doris-2:f:up doris-3:M:up]
19:28:33 #4 OK DELETE id=1717090 via doris-1 rows=10258 [doris-1:f:up doris-2:f:up doris-3:M:up]
19:28:34 #5 OK SELECT id=1717090 via doris-1 rows=10257 [doris-1:f:up doris-2:f:up doris-3:M:up]
19:28:35 #6 OK INSERT id=1717091 via doris-1 rows=10258 [doris-1:f:up doris-2:f:up doris-3:M:up]
19:28:36 #7 OK UPSERT id=1717091 via doris-1 rows=10259 [doris-1:f:up doris-2:f:up doris-3:M:up]
19:28:37 #8 OK SELECT id=1717091 via doris-1 rows=10259 [doris-1:f:up doris-2:f:up doris-3:M:up]
19:28:38 #9 OK DELETE id=1717091 via doris-1 rows=10258 [doris-1:f:up doris-2:f:up doris-3:M:up]
19:28:39 #10 OK SELECT id=1717091 via doris-1 rows=10257 [doris-1:f:up doris-2:f:up doris-3:M:up]
19:28:40 #11 OK INSERT id=1717092 via doris-1 rows=10258 [doris-1:f:up doris-2:f:up doris-3:M:up]
19:28:41 #12 OK UPSERT id=1717092 via doris-1 rows=10259 [doris-1:f:up doris-2:f:up doris-3:M:up]
19:28:42 #13 OK SELECT id=1717092 via doris-1 rows=10259 [doris-1:f:up doris-2:f:up doris-3:M:up]
19:28:43 #14 OK DELETE id=1717092 via doris-1 rows=10258 [doris-1:f:up doris-2:f:up doris-3:M:up]
19:28:44 #15 OK SELECT id=1717092 via doris-1 rows=10257 [doris-1:f:up doris-2:f:up doris-3:M:up]
19:28:45 #16 OK INSERT id=1717093 via doris-1 rows=10258 [doris-1:f:up doris-2:f:up doris-3:M:up]
19:28:47 #17 OK UPSERT id=1717093 via doris-1 rows=10259 [doris-1:f:up doris-2:f:up doris-3:M:up]
19:28:48 #18 OK SELECT id=1717093 via doris-1 rows=10259 [doris-1:f:up doris-2:f:up doris-3:M:up]
19:28:49 #19 OK DELETE id=1717093 via doris-1 rows=10258 [doris-1:f:up doris-2:f:up doris-3:M:up]
19:28:50 #20 OK SELECT id=1717093 via doris-1 rows=10257 [doris-1:f:up doris-2:f:up doris-3:M:up]
19:28:51 #21 OK INSERT id=1717094 via doris-1 rows=10258 [doris-1:f:up doris-2:f:up doris-3:M:up]
19:28:52 #22 OK UPSERT id=1717094 via doris-1 rows=10259 [doris-1:f:up doris-2:f:up doris-3:M:up]
19:28:53 #23 OK SELECT id=1717094 via doris-1 rows=10259 [doris-1:f:up doris-2:f:up doris-3:M:up]
19:28:54 #24 OK DELETE id=1717094 via doris-1 rows=10258 [doris-1:f:up doris-2:f:up doris-3:M:up]
19:28:55 #25 OK SELECT id=1717094 via doris-1 rows=10257 [doris-1:f:up doris-2:f:up doris-3:M:up]
19:28:56 #26 OK INSERT id=1717095 via doris-1 rows=10258 [doris-1:f:up doris-2:f:up doris-3:M:up]
19:28:57 #27 OK UPSERT id=1717095 via doris-1 rows=10259 [doris-1:f:up doris-2:f:up doris-3:M:up]
19:28:58 #28 OK SELECT id=1717095 via doris-1 rows=10259 [doris-1:f:up doris-2:f:up doris-3:M:up]
19:28:59 #29 OK DELETE id=1717095 via doris-1 rows=10258 [doris-1:f:up doris-2:f:up doris-3:M:up]
19:29:00 #30 OK SELECT id=1717095 via doris-1 rows=10257 [doris-1:f:up doris-2:f:up doris-3:M:up]
19:29:01 #31 OK INSERT id=1717096 via doris-1 rows=10258 [doris-1:f:up doris-2:f:up doris-3:M:up]
19:29:02 #32 OK UPSERT id=1717096 via doris-1 rows=10259 [doris-1:f:up doris-2:f:up doris-3:M:up]
19:29:03 #33 OK SELECT id=1717096 via doris-1 rows=10259 [doris-1:f:up doris-2:f:up doris-3:M:up]
19:29:03 EVENT break: fe crash on doris-1 (FE follower)
19:29:04 #34 OK DELETE id=1717096 via doris-1 rows=10258 [doris-1:f:up doris-2:f:up doris-3:M:up]
19:29:05 #35 FAIL SELECT id=1717096 via doris-1: OperationalError: (2013, 'Lost connection to MySQL server during query')
19:29:08 connected to doris-2 (10.140.0.3)
19:29:09 #36 OK INSERT id=1717097 via doris-2 rows=10258 [doris-1:f:up doris-2:f:up doris-3:M:up] (recovered)
19:29:11 #37 OK UPSERT id=1717097 via doris-2 rows=10259 [doris-1:f:up doris-2:f:up doris-3:M:up]
19:29:12 #38 OK SELECT id=1717097 via doris-2 rows=10259 [doris-1:f:DOWN doris-2:f:up doris-3:M:up]
19:29:13 #39 OK DELETE id=1717097 via doris-2 rows=10258 [doris-1:f:DOWN doris-2:f:up doris-3:M:up]
19:29:14 #40 OK SELECT id=1717097 via doris-2 rows=10257 [doris-1:f:DOWN doris-2:f:up doris-3:M:up]
19:29:15 #41 OK INSERT id=1717098 via doris-2 rows=10258 [doris-1:f:DOWN doris-2:f:up doris-3:M:up]
19:29:16 #42 OK UPSERT id=1717098 via doris-2 rows=10259 [doris-1:f:DOWN doris-2:f:up doris-3:M:up]
19:29:17 #43 OK SELECT id=1717098 via doris-2 rows=10259 [doris-1:f:DOWN doris-2:f:up doris-3:M:up]
19:29:18 #44 OK DELETE id=1717098 via doris-2 rows=10258 [doris-1:f:DOWN doris-2:f:up doris-3:M:up]
19:29:19 #45 OK SELECT id=1717098 via doris-2 rows=10257 [doris-1:f:DOWN doris-2:f:up doris-3:M:up]
19:29:21 #46 OK INSERT id=1717099 via doris-2 rows=10258 [doris-1:f:DOWN doris-2:f:up doris-3:M:up]
19:29:21 EVENT recovered: fe restarted by systemd on doris-1 (+9s)
19:29:22 #47 OK UPSERT id=1717099 via doris-2 rows=10259 [doris-1:f:DOWN doris-2:f:up doris-3:M:up]
19:29:23 #48 OK SELECT id=1717099 via doris-2 rows=10259 [doris-1:f:DOWN doris-2:f:up doris-3:M:up]
19:29:24 #49 OK DELETE id=1717099 via doris-2 rows=10258 [doris-1:f:DOWN doris-2:f:up doris-3:M:up]
19:29:25 #50 OK SELECT id=1717099 via doris-2 rows=10257 [doris-1:f:DOWN doris-2:f:up doris-3:M:up]
19:29:26 #51 OK INSERT id=1717100 via doris-2 rows=10258 [doris-1:f:DOWN doris-2:f:up doris-3:M:up]
19:29:27 #52 OK UPSERT id=1717100 via doris-2 rows=10259 [doris-1:f:DOWN doris-2:f:up doris-3:M:up]
19:29:28 #53 OK SELECT id=1717100 via doris-2 rows=10259 [doris-1:f:DOWN doris-2:f:up doris-3:M:up]
19:29:29 #54 OK DELETE id=1717100 via doris-2 rows=10258 [doris-1:f:DOWN doris-2:f:up doris-3:M:up]
19:29:30 #55 OK SELECT id=1717100 via doris-2 rows=10258 [doris-1:f:DOWN doris-2:f:up doris-3:M:up]
19:29:31 #56 OK INSERT id=1717101 via doris-2 rows=10259 [doris-1:f:up doris-2:f:up doris-3:M:up]
19:29:32 #57 OK UPSERT id=1717101 via doris-2 rows=10259 [doris-1:f:up doris-2:f:up doris-3:M:up]
19:29:34 #58 OK SELECT id=1717101 via doris-2 rows=10258 [doris-1:f:up doris-2:f:up doris-3:M:up]
19:29:35 #59 OK DELETE id=1717101 via doris-2 rows=10257 [doris-1:f:up doris-2:f:up doris-3:M:up]
19:29:36 #60 OK SELECT id=1717101 via doris-2 rows=10258 [doris-1:f:up doris-2:f:up doris-3:M:up]
19:29:37 #61 OK INSERT id=1717102 via doris-2 rows=10259 [doris-1:f:up doris-2:f:up doris-3:M:up]
19:29:38 #62 OK UPSERT id=1717102 via doris-2 rows=10259 [doris-1:f:up doris-2:f:up doris-3:M:up]
19:29:39 #63 OK SELECT id=1717102 via doris-2 rows=10258 [doris-1:f:up doris-2:f:up doris-3:M:up]
19:29:40 #64 OK DELETE id=1717102 via doris-2 rows=10257 [doris-1:f:up doris-2:f:up doris-3:M:up]
19:29:41 #65 OK SELECT id=1717102 via doris-2 rows=10258 [doris-1:f:up doris-2:f:up doris-3:M:up]
19:29:42 #66 OK INSERT id=1717103 via doris-2 rows=10259 [doris-1:f:up doris-2:f:up doris-3:M:up]
19:29:43 #67 OK UPSERT id=1717103 via doris-2 rows=10259 [doris-1:f:up doris-2:f:up doris-3:M:up]
19:29:44 #68 OK SELECT id=1717103 via doris-2 rows=10258 [doris-1:f:up doris-2:f:up doris-3:M:up]
19:29:45 #69 OK DELETE id=1717103 via doris-2 rows=10257 [doris-1:f:up doris-2:f:up doris-3:M:up]
19:29:47 #70 OK SELECT id=1717103 via doris-2 rows=10258 [doris-1:f:up doris-2:f:up doris-3:M:up]
19:29:48 #71 OK INSERT id=1717104 via doris-2 rows=10259 [doris-1:f:up doris-2:f:up doris-3:M:up]
19:29:49 #72 OK UPSERT id=1717104 via doris-2 rows=10259 [doris-1:f:up doris-2:f:up doris-3:M:up]
19:29:50 #73 OK SELECT id=1717104 via doris-2 rows=10258 [doris-1:f:up doris-2:f:up doris-3:M:up]
19:29:51 #74 OK DELETE id=1717104 via doris-2 rows=10257 [doris-1:f:up doris-2:f:up doris-3:M:up]
19:29:52 #75 OK SELECT id=1717104 via doris-2 rows=10258 [doris-1:f:up doris-2:f:up doris-3:M:up]
19:29:53 #76 OK INSERT id=1717105 via doris-2 rows=10259 [doris-1:f:up doris-2:f:up doris-3:M:up]
19:29:54 #77 OK UPSERT id=1717105 via doris-2 rows=10259 [doris-1:f:up doris-2:f:up doris-3:M:up]
19:29:55 #78 OK SELECT id=1717105 via doris-2 rows=10258 [doris-1:f:up doris-2:f:up doris-3:M:up]
19:29:56 #79 OK DELETE id=1717105 via doris-2 rows=10257 [doris-1:f:up doris-2:f:up doris-3:M:up]
19:29:57 #80 OK SELECT id=1717105 via doris-2 rows=10258 [doris-1:f:up doris-2:f:up doris-3:M:up]
19:29:58 #81 OK INSERT id=1717106 via doris-2 rows=10259 [doris-1:f:up doris-2:f:up doris-3:M:up]
19:30:00 #82 OK UPSERT id=1717106 via doris-2 rows=10259 [doris-1:f:up doris-2:f:up doris-3:M:up]
19:30:01 #83 OK SELECT id=1717106 via doris-2 rows=10258 [doris-1:f:up doris-2:f:up doris-3:M:up]
19:30:02 #84 OK DELETE id=1717106 via doris-2 rows=10257 [doris-1:f:up doris-2:f:up doris-3:M:up]
19:30:03 #85 OK SELECT id=1717106 via doris-2 rows=10258 [doris-1:f:up doris-2:f:up doris-3:M:up]
19:30:04 #86 OK INSERT id=1717107 via doris-2 rows=10259 [doris-1:f:up doris-2:f:up doris-3:M:up]
19:30:05 #87 OK UPSERT id=1717107 via doris-2 rows=10259 [doris-1:f:up doris-2:f:up doris-3:M:up]
19:30:06 #88 OK SELECT id=1717107 via doris-2 rows=10258 [doris-1:f:up doris-2:f:up doris-3:M:up]
19:30:07 #89 OK DELETE id=1717107 via doris-2 rows=10257 [doris-1:f:up doris-2:f:up doris-3:M:up]
19:30:08 #90 OK SELECT id=1717107 via doris-2 rows=10258 [doris-1:f:up doris-2:f:up doris-3:M:up]
19:30:09 #91 OK INSERT id=1717108 via doris-2 rows=10259 [doris-1:f:up doris-2:f:up doris-3:M:up]
19:30:10 #92 OK UPSERT id=1717108 via doris-2 rows=10259 [doris-1:f:up doris-2:f:up doris-3:M:up]
19:30:11 #93 OK SELECT id=1717108 via doris-2 rows=10258 [doris-1:f:up doris-2:f:up doris-3:M:up]
19:30:12 #94 OK DELETE id=1717108 via doris-2 rows=10257 [doris-1:f:up doris-2:f:up doris-3:M:up]
19:30:13 #95 OK SELECT id=1717108 via doris-2 rows=10258 [doris-1:f:up doris-2:f:up doris-3:M:up]
19:30:15 #96 OK INSERT id=1717109 via doris-2 rows=10259 [doris-1:f:up doris-2:f:up doris-3:M:up]
19:30:16 #97 OK UPSERT id=1717109 via doris-2 rows=10259 [doris-1:f:up doris-2:f:up doris-3:M:up]
19:30:17 #98 OK SELECT id=1717109 via doris-2 rows=10258 [doris-1:f:up doris-2:f:up doris-3:M:up]
19:30:18 #99 OK DELETE id=1717109 via doris-2 rows=10257 [doris-1:f:up doris-2:f:up doris-3:M:up]
19:30:19 #100 OK SELECT id=1717109 via doris-2 rows=10258 [doris-1:f:up doris-2:f:up doris-3:M:up]
19:30:20 #101 OK INSERT id=1717110 via doris-2 rows=10259 [doris-1:f:up doris-2:f:up doris-3:M:up]
19:30:21 #102 OK UPSERT id=1717110 via doris-2 rows=10259 [doris-1:f:up doris-2:f:up doris-3:M:up]
19:30:22 #103 OK SELECT id=1717110 via doris-2 rows=10258 [doris-1:f:up doris-2:f:up doris-3:M:up]
19:30:23 #104 OK DELETE id=1717110 via doris-2 rows=10257 [doris-1:f:up doris-2:f:up doris-3:M:up]
19:30:24 #105 OK SELECT id=1717110 via doris-2 rows=10258 [doris-1:f:up doris-2:f:up doris-3:M:up]
19:30:25 #106 OK INSERT id=1717111 via doris-2 rows=10259 [doris-1:f:up doris-2:f:up doris-3:M:up]
19:30:26 #107 OK UPSERT id=1717111 via doris-2 rows=10259 [doris-1:f:up doris-2:f:up doris-3:M:up]
19:30:27 #108 OK SELECT id=1717111 via doris-2 rows=10258 [doris-1:f:up doris-2:f:up doris-3:M:up]
19:30:29 #109 OK DELETE id=1717111 via doris-2 rows=10257 [doris-1:f:up doris-2:f:up doris-3:M:up]
19:30:30 #110 OK SELECT id=1717111 via doris-2 rows=10258 [doris-1:f:up doris-2:f:up doris-3:M:up]
19:30:31 #111 OK INSERT id=1717112 via doris-2 rows=10259 [doris-1:f:up doris-2:f:up doris-3:M:up]
19:30:32 #112 OK UPSERT id=1717112 via doris-2 rows=10259 [doris-1:f:up doris-2:f:up doris-3:M:up]
19:30:33 #113 OK SELECT id=1717112 via doris-2 rows=10258 [doris-1:f:up doris-2:f:up doris-3:M:up]
19:30:34 #114 OK DELETE id=1717112 via doris-2 rows=10257 [doris-1:f:up doris-2:f:up doris-3:M:up]
19:30:35 #115 OK SELECT id=1717112 via doris-2 rows=10258 [doris-1:f:up doris-2:f:up doris-3:M:up]
19:30:36 #116 OK INSERT id=1717113 via doris-2 rows=10259 [doris-1:f:up doris-2:f:up doris-3:M:up]
19:30:37 #117 OK UPSERT id=1717113 via doris-2 rows=10259 [doris-1:f:up doris-2:f:up doris-3:M:up]
19:30:38 #118 OK SELECT id=1717113 via doris-2 rows=10258 [doris-1:f:up doris-2:f:up doris-3:M:up]
19:30:39 #119 OK DELETE id=1717113 via doris-2 rows=10257 [doris-1:f:up doris-2:f:up doris-3:M:up]
19:30:40 #120 OK SELECT id=1717113 via doris-2 rows=10258 [doris-1:f:up doris-2:f:up doris-3:M:up]
19:30:41 #121 OK INSERT id=1717114 via doris-2 rows=10259 [doris-1:f:up doris-2:f:up doris-3:M:up]
19:30:42 #122 OK UPSERT id=1717114 via doris-2 rows=10259 [doris-1:f:up doris-2:f:up doris-3:M:up]
19:30:43 #123 OK SELECT id=1717114 via doris-2 rows=10258 [doris-1:f:up doris-2:f:up doris-3:M:up]
19:30:45 #124 OK DELETE id=1717114 via doris-2 rows=10257 [doris-1:f:up doris-2:f:up doris-3:M:up]
19:30:46 #125 OK SELECT id=1717114 via doris-2 rows=10258 [doris-1:f:up doris-2:f:up doris-3:M:up]
19:30:47 #126 OK INSERT id=1717115 via doris-2 rows=10259 [doris-1:f:up doris-2:f:up doris-3:M:up]
19:30:48 #127 OK UPSERT id=1717115 via doris-2 rows=10259 [doris-1:f:up doris-2:f:up doris-3:M:up]
19:30:49 #128 OK SELECT id=1717115 via doris-2 rows=10258 [doris-1:f:up doris-2:f:up doris-3:M:up]
19:30:50 #129 OK DELETE id=1717115 via doris-2 rows=10257 [doris-1:f:up doris-2:f:up doris-3:M:up]
19:30:51 #130 OK SELECT id=1717115 via doris-2 rows=10258 [doris-1:f:up doris-2:f:up doris-3:M:up]
19:30:52 #131 OK INSERT id=1717116 via doris-2 rows=10259 [doris-1:f:up doris-2:f:up doris-3:M:up]
19:30:53 #132 OK UPSERT id=1717116 via doris-2 rows=10259 [doris-1:f:up doris-2:f:up doris-3:M:up]
19:30:54 #133 OK SELECT id=1717116 via doris-2 rows=10258 [doris-1:f:up doris-2:f:up doris-3:M:up]
19:30:55 #134 OK DELETE id=1717116 via doris-2 rows=10257 [doris-1:f:up doris-2:f:up doris-3:M:up]
19:30:56 #135 OK SELECT id=1717116 via doris-2 rows=10258 [doris-1:f:up doris-2:f:up doris-3:M:up]
19:30:57 #136 OK INSERT id=1717117 via doris-2 rows=10259 [doris-1:f:up doris-2:f:up doris-3:M:up]
19:30:58 EVENT restore: verify fe on doris-1
19:30:58 #137 OK UPSERT id=1717117 via doris-2 rows=10259 [doris-1:f:up doris-2:f:up doris-3:M:up]
19:31:00 #138 OK SELECT id=1717117 via doris-2 rows=10258 [doris-1:f:up doris-2:f:up doris-3:M:up]
19:31:01 #139 OK DELETE id=1717117 via doris-2 rows=10257 [doris-1:f:up doris-2:f:up doris-3:M:up]
19:31:02 #140 OK SELECT id=1717117 via doris-2 rows=10258 [doris-1:f:up doris-2:f:up doris-3:M:up]
19:31:03 #141 OK INSERT id=1717118 via doris-2 rows=10259 [doris-1:f:up doris-2:f:up doris-3:M:up]
19:31:04 #142 OK UPSERT id=1717118 via doris-2 rows=10259 [doris-1:f:up doris-2:f:up doris-3:M:up]
19:31:05 #143 OK SELECT id=1717118 via doris-2 rows=10258 [doris-1:f:up doris-2:f:up doris-3:M:up]
19:31:06 EVENT restore: cluster healthy
19:31:06 #144 OK DELETE id=1717118 via doris-2 rows=10257 [doris-1:f:up doris-2:f:up doris-3:M:up]
19:31:07 #145 OK SELECT id=1717118 via doris-2 rows=10258 [doris-1:f:up doris-2:f:up doris-3:M:up]
19:31:08 #146 OK INSERT id=1717119 via doris-2 rows=10259 [doris-1:f:up doris-2:f:up doris-3:M:up]
19:31:09 #147 OK UPSERT id=1717119 via doris-2 rows=10259 [doris-1:f:up doris-2:f:up doris-3:M:up]
19:31:10 #148 OK SELECT id=1717119 via doris-2 rows=10258 [doris-1:f:up doris-2:f:up doris-3:M:up]
19:31:11 #149 OK DELETE id=1717119 via doris-2 rows=10257 [doris-1:f:up doris-2:f:up doris-3:M:up]
19:31:12 #150 OK SELECT id=1717119 via doris-2 rows=10258 [doris-1:f:up doris-2:f:up doris-3:M:up]
19:31:13 #151 OK INSERT id=1717120 via doris-2 rows=10259 [doris-1:f:up doris-2:f:up doris-3:M:up]
19:31:14 #152 OK UPSERT id=1717120 via doris-2 rows=10259 [doris-1:f:up doris-2:f:up doris-3:M:up]
19:31:16 #153 OK SELECT id=1717120 via doris-2 rows=10258 [doris-1:f:up doris-2:f:up doris-3:M:up]
19:31:17 #154 OK DELETE id=1717120 via doris-2 rows=10257 [doris-1:f:up doris-2:f:up doris-3:M:up]
19:31:18 #155 OK SELECT id=1717120 via doris-2 rows=10258 [doris-1:f:up doris-2:f:up doris-3:M:up]
19:31:19 #156 OK INSERT id=1717121 via doris-2 rows=10259 [doris-1:f:up doris-2:f:up doris-3:M:up]
19:31:20 #157 OK UPSERT id=1717121 via doris-2 rows=10259 [doris-1:f:up doris-2:f:up doris-3:M:up]
19:31:21 #158 OK SELECT id=1717121 via doris-2 rows=10258 [doris-1:f:up doris-2:f:up doris-3:M:up]
19:31:22 #159 OK DELETE id=1717121 via doris-2 rows=10257 [doris-1:f:up doris-2:f:up doris-3:M:up]
19:31:23 #160 OK SELECT id=1717121 via doris-2 rows=10258 [doris-1:f:up doris-2:f:up doris-3:M:up]
19:31:24 #161 OK INSERT id=1717122 via doris-2 rows=10259 [doris-1:f:up doris-2:f:up doris-3:M:up]
19:31:25 #162 OK UPSERT id=1717122 via doris-2 rows=10259 [doris-1:f:up doris-2:f:up doris-3:M:up]
19:31:26 #163 OK SELECT id=1717122 via doris-2 rows=10258 [doris-1:f:up doris-2:f:up doris-3:M:up]
19:31:27 #164 OK DELETE id=1717122 via doris-2 rows=10257 [doris-1:f:up doris-2:f:up doris-3:M:up]
19:31:28 #165 OK SELECT id=1717122 via doris-2 rows=10258 [doris-1:f:up doris-2:f:up doris-3:M:up]
19:31:29 #166 OK INSERT id=1717123 via doris-2 rows=10259 [doris-1:f:up doris-2:f:up doris-3:M:up]
19:31:31 #167 OK UPSERT id=1717123 via doris-2 rows=10259 [doris-1:f:up doris-2:f:up doris-3:M:up]
19:31:32 #168 OK SELECT id=1717123 via doris-2 rows=10258 [doris-1:f:up doris-2:f:up doris-3:M:up]
19:31:33 #169 OK DELETE id=1717123 via doris-2 rows=10257 [doris-1:f:up doris-2:f:up doris-3:M:up]
