03:23:25 PROBE start proto=jdbc hosts=doris-1,doris-2,doris-3 duration=86400s cycle=INSERT>UPSERT>SELECT>DELETE>SELECT url=jdbc:mysql://10.140.0.2:9030,10.140.0.3:9030,10.140.0.4:9030/hatest
03:23:26 connected to doris-1 (driver-selected host)
03:23:26 #1 OK INSERT id=2682050 via doris-1 rows=10068 [doris-1:f:up doris-2:M:up doris-3:f:up]
03:23:27 #2 OK UPSERT id=2682050 via doris-1 rows=10068 [doris-1:f:up doris-2:M:up doris-3:f:up]
03:23:28 #3 OK SELECT id=2682050 via doris-1 rows=10068 [doris-1:f:up doris-2:M:up doris-3:f:up]
03:23:29 #4 OK DELETE id=2682050 via doris-1 rows=10066 [doris-1:f:up doris-2:M:up doris-3:f:up]
03:23:30 #5 OK SELECT id=2682050 via doris-1 rows=10066 [doris-1:f:up doris-2:M:up doris-3:f:up]
03:23:31 #6 OK INSERT id=2682051 via doris-1 rows=10068 [doris-1:f:up doris-2:M:up doris-3:f:up]
03:23:33 #7 OK UPSERT id=2682051 via doris-1 rows=10068 [doris-1:f:up doris-2:M:up doris-3:f:up]
03:23:34 #8 OK SELECT id=2682051 via doris-1 rows=10068 [doris-1:f:up doris-2:M:up doris-3:f:up]
03:23:35 #9 OK DELETE id=2682051 via doris-1 rows=10066 [doris-1:f:up doris-2:M:up doris-3:f:up]
03:23:36 #10 OK SELECT id=2682051 via doris-1 rows=10066 [doris-1:f:up doris-2:M:up doris-3:f:up]
03:23:37 #11 OK INSERT id=2682052 via doris-1 rows=10068 [doris-1:f:up doris-2:M:up doris-3:f:up]
03:23:38 #12 OK UPSERT id=2682052 via doris-1 rows=10068 [doris-1:f:up doris-2:M:up doris-3:f:up]
03:23:39 #13 OK SELECT id=2682052 via doris-1 rows=10068 [doris-1:f:up doris-2:M:up doris-3:f:up]
03:23:40 #14 OK DELETE id=2682052 via doris-1 rows=10066 [doris-1:f:up doris-2:M:up doris-3:f:up]
03:23:41 #15 OK SELECT id=2682052 via doris-1 rows=10066 [doris-1:f:up doris-2:M:up doris-3:f:up]
03:23:42 #16 OK INSERT id=2682053 via doris-1 rows=10068 [doris-1:f:up doris-2:M:up doris-3:f:up]
03:23:43 #17 OK UPSERT id=2682053 via doris-1 rows=10068 [doris-1:f:up doris-2:M:up doris-3:f:up]
03:23:44 #18 OK SELECT id=2682053 via doris-1 rows=10068 [doris-1:f:up doris-2:M:up doris-3:f:up]
03:23:45 #19 OK DELETE id=2682053 via doris-1 rows=10066 [doris-1:f:up doris-2:M:up doris-3:f:up]
03:23:46 #20 OK SELECT id=2682053 via doris-1 rows=10066 [doris-1:f:up doris-2:M:up doris-3:f:up]
03:23:47 #21 OK INSERT id=2682054 via doris-1 rows=10068 [doris-1:f:up doris-2:M:up doris-3:f:up]
03:23:48 #22 OK UPSERT id=2682054 via doris-1 rows=10068 [doris-1:f:up doris-2:M:up doris-3:f:up]
03:23:50 #23 OK SELECT id=2682054 via doris-1 rows=10068 [doris-1:f:up doris-2:M:up doris-3:f:up]
03:23:51 #24 OK DELETE id=2682054 via doris-1 rows=10066 [doris-1:f:up doris-2:M:up doris-3:f:up]
03:23:52 #25 OK SELECT id=2682054 via doris-1 rows=10066 [doris-1:f:up doris-2:M:up doris-3:f:up]
03:23:53 #26 OK INSERT id=2682055 via doris-1 rows=10068 [doris-1:f:up doris-2:M:up doris-3:f:up]
03:23:54 #27 OK UPSERT id=2682055 via doris-1 rows=10068 [doris-1:f:up doris-2:M:up doris-3:f:up]
03:23:55 #28 OK SELECT id=2682055 via doris-1 rows=10068 [doris-1:f:up doris-2:M:up doris-3:f:up]
03:23:56 #29 OK DELETE id=2682055 via doris-1 rows=10066 [doris-1:f:up doris-2:M:up doris-3:f:up]
03:23:57 #30 OK SELECT id=2682055 via doris-1 rows=10066 [doris-1:f:up doris-2:M:up doris-3:f:up]
03:23:58 #31 OK INSERT id=2682056 via doris-1 rows=10068 [doris-1:f:up doris-2:M:up doris-3:f:up]
03:23:59 EVENT break: vm stop on doris-1 (FE follower)
03:23:59 #32 OK UPSERT id=2682056 via doris-1 rows=10068 [doris-1:f:up doris-2:M:up doris-3:f:up]
03:24:00 #33 OK SELECT id=2682056 via doris-1 rows=10068 [doris-1:f:up doris-2:M:up doris-3:f:up]
03:24:01 #34 OK DELETE id=2682056 via doris-1 rows=10066 [doris-1:f:up doris-2:M:up doris-3:f:up]
03:24:02 #35 FAIL SELECT id=2682056 via doris-1: CommunicationsException: Communications link failure  The last packet successfully received from the server was 1,026 milliseconds ago.
03:24:03 connected to doris-2 (driver-selected host)
03:24:04 #36 OK INSERT id=2682057 via doris-2 rows=10067 [doris-1:f:DOWN doris-2:M:up doris-3:f:up] (recovered)
03:24:05 #37 OK UPSERT id=2682057 via doris-2 rows=10068 [doris-1:f:DOWN doris-2:M:up doris-3:f:up]
03:24:06 #38 OK SELECT id=2682057 via doris-2 rows=10068 [doris-1:f:DOWN doris-2:M:up doris-3:f:up]
03:24:07 #39 OK DELETE id=2682057 via doris-2 rows=10067 [doris-1:f:DOWN doris-2:M:up doris-3:f:up]
03:24:08 #40 OK SELECT id=2682057 via doris-2 rows=10066 [doris-1:f:DOWN doris-2:M:up doris-3:f:up]
03:24:09 #41 OK INSERT id=2682058 via doris-2 rows=10067 [doris-1:f:DOWN doris-2:M:up doris-3:f:up]
03:24:10 #42 OK UPSERT id=2682058 via doris-2 rows=10068 [doris-1:f:DOWN doris-2:M:up doris-3:f:up]
03:24:11 #43 OK SELECT id=2682058 via doris-2 rows=10068 [doris-1:f:DOWN doris-2:M:up doris-3:f:up]
03:24:12 #44 OK DELETE id=2682058 via doris-2 rows=10067 [doris-1:f:DOWN doris-2:M:up doris-3:f:up]
03:24:13 #45 OK SELECT id=2682058 via doris-2 rows=10066 [doris-1:f:DOWN doris-2:M:up doris-3:f:up]
03:24:14 #46 OK INSERT id=2682059 via doris-2 rows=10067 [doris-1:f:DOWN doris-2:M:up doris-3:f:up]
03:24:15 #47 OK UPSERT id=2682059 via doris-2 rows=10068 [doris-1:f:DOWN doris-2:M:up doris-3:f:up]
03:24:17 #48 OK SELECT id=2682059 via doris-2 rows=10068 [doris-1:f:DOWN doris-2:M:up doris-3:f:up]
03:24:18 #49 OK DELETE id=2682059 via doris-2 rows=10067 [doris-1:f:DOWN doris-2:M:up doris-3:f:up]
03:24:19 #50 OK SELECT id=2682059 via doris-2 rows=10066 [doris-1:f:DOWN doris-2:M:up doris-3:f:up]
03:24:20 #51 OK INSERT id=2682060 via doris-2 rows=10067 [doris-1:f:DOWN doris-2:M:up doris-3:f:up]
03:24:24 EVENT break: doris-1 is down
03:24:24 #52 OK UPSERT id=2682060 via doris-2 rows=10067 [doris-1:f:DOWN doris-2:M:up doris-3:f:up]
03:24:25 #53 OK SELECT id=2682060 via doris-2 rows=10067 [doris-1:f:DOWN doris-2:M:up doris-3:f:up]
03:24:26 #54 OK DELETE id=2682060 via doris-2 rows=10067 [doris-1:f:DOWN doris-2:M:up doris-3:f:up]
03:24:27 #55 OK SELECT id=2682060 via doris-2 rows=10067 [doris-1:f:DOWN doris-2:M:up doris-3:f:up]
03:24:28 #56 OK INSERT id=2682061 via doris-2 rows=10068 [doris-1:f:DOWN doris-2:M:up doris-3:f:up]
03:24:29 #57 OK UPSERT id=2682061 via doris-2 rows=10067 [doris-1:f:DOWN doris-2:M:up doris-3:f:up]
03:24:30 #58 OK SELECT id=2682061 via doris-2 rows=10067 [doris-1:f:DOWN doris-2:M:up doris-3:f:up]
03:24:31 #59 OK DELETE id=2682061 via doris-2 rows=10067 [doris-1:f:DOWN doris-2:M:up doris-3:f:up]
03:24:32 #60 OK SELECT id=2682061 via doris-2 rows=10067 [doris-1:f:DOWN doris-2:M:up doris-3:f:up]
03:24:34 #61 OK INSERT id=2682062 via doris-2 rows=10068 [doris-1:f:DOWN doris-2:M:up doris-3:f:up]
03:24:35 #62 OK UPSERT id=2682062 via doris-2 rows=10067 [doris-1:f:DOWN doris-2:M:up doris-3:f:up]
03:24:36 #63 OK SELECT id=2682062 via doris-2 rows=10067 [doris-1:f:DOWN doris-2:M:up doris-3:f:up]
03:24:37 #64 OK DELETE id=2682062 via doris-2 rows=10067 [doris-1:f:DOWN doris-2:M:up doris-3:f:up]
03:24:38 #65 OK SELECT id=2682062 via doris-2 rows=10067 [doris-1:f:DOWN doris-2:M:up doris-3:f:up]
03:24:39 #66 OK INSERT id=2682063 via doris-2 rows=10068 [doris-1:f:DOWN doris-2:M:up doris-3:f:up]
03:24:40 #67 OK UPSERT id=2682063 via doris-2 rows=10067 [doris-1:f:DOWN doris-2:M:up doris-3:f:up]
03:24:44 #68 OK SELECT id=2682063 via doris-2 rows=10067 [doris-1:f:DOWN doris-2:M:up doris-3:f:up]
03:24:45 #69 OK DELETE id=2682063 via doris-2 rows=10066 [doris-1:f:DOWN doris-2:M:up doris-3:f:up]
03:24:46 #70 OK SELECT id=2682063 via doris-2 rows=10066 [doris-1:f:DOWN doris-2:M:up doris-3:f:up]
03:24:47 #71 OK INSERT id=2682064 via doris-2 rows=10068 [doris-1:f:DOWN doris-2:M:up doris-3:f:up]
03:24:48 #72 OK UPSERT id=2682064 via doris-2 rows=10068 [doris-1:f:DOWN doris-2:M:up doris-3:f:up]
03:24:49 #73 OK SELECT id=2682064 via doris-2 rows=10068 [doris-1:f:DOWN doris-2:M:up doris-3:f:up]
03:24:51 #74 OK DELETE id=2682064 via doris-2 rows=10066 [doris-1:f:DOWN doris-2:M:up doris-3:f:up]
03:24:52 #75 OK SELECT id=2682064 via doris-2 rows=10066 [doris-1:f:DOWN doris-2:M:up doris-3:f:up]
03:24:53 #76 OK INSERT id=2682065 via doris-2 rows=10068 [doris-1:f:DOWN doris-2:M:up doris-3:f:up]
03:24:54 #77 OK UPSERT id=2682065 via doris-2 rows=10068 [doris-1:f:DOWN doris-2:M:up doris-3:f:up]
03:24:55 #78 OK SELECT id=2682065 via doris-2 rows=10068 [doris-1:f:DOWN doris-2:M:up doris-3:f:up]
03:24:56 #79 OK DELETE id=2682065 via doris-2 rows=10066 [doris-1:f:DOWN doris-2:M:up doris-3:f:up]
03:24:57 #80 OK SELECT id=2682065 via doris-2 rows=10066 [doris-1:f:DOWN doris-2:M:up doris-3:f:up]
03:24:58 #81 OK INSERT id=2682066 via doris-2 rows=10068 [doris-1:f:DOWN doris-2:M:up doris-3:f:up]
03:24:59 #82 OK UPSERT id=2682066 via doris-2 rows=10068 [doris-1:f:DOWN doris-2:M:up doris-3:f:up]
03:25:00 #83 OK SELECT id=2682066 via doris-2 rows=10068 [doris-1:f:DOWN doris-2:M:up doris-3:f:up]
03:25:01 #84 OK DELETE id=2682066 via doris-2 rows=10066 [doris-1:f:DOWN doris-2:M:up doris-3:f:up]
03:25:05 #85 OK SELECT id=2682066 via doris-2 rows=10066 [doris-1:f:DOWN doris-2:M:up doris-3:f:up]
03:25:06 #86 OK INSERT id=2682067 via doris-2 rows=10067 [doris-1:f:DOWN doris-2:M:up doris-3:f:up]
03:25:07 #87 OK UPSERT id=2682067 via doris-2 rows=10067 [doris-1:f:DOWN doris-2:M:up doris-3:f:up]
03:25:09 #88 OK SELECT id=2682067 via doris-2 rows=10068 [doris-1:f:DOWN doris-2:M:up doris-3:f:up]
03:25:10 #89 OK DELETE id=2682067 via doris-2 rows=10067 [doris-1:f:DOWN doris-2:M:up doris-3:f:up]
03:25:11 #90 OK SELECT id=2682067 via doris-2 rows=10067 [doris-1:f:DOWN doris-2:M:up doris-3:f:up]
03:25:12 #91 OK INSERT id=2682068 via doris-2 rows=10067 [doris-1:f:DOWN doris-2:M:up doris-3:f:up]
03:25:13 #92 OK UPSERT id=2682068 via doris-2 rows=10067 [doris-1:f:DOWN doris-2:M:up doris-3:f:up]
03:25:14 #93 OK SELECT id=2682068 via doris-2 rows=10068 [doris-1:f:DOWN doris-2:M:up doris-3:f:up]
03:25:15 #94 OK DELETE id=2682068 via doris-2 rows=10067 [doris-1:f:DOWN doris-2:M:up doris-3:f:up]
03:25:16 #95 OK SELECT id=2682068 via doris-2 rows=10067 [doris-1:f:DOWN doris-2:M:up doris-3:f:up]
03:25:17 #96 OK INSERT id=2682069 via doris-2 rows=10067 [doris-1:f:DOWN doris-2:M:up doris-3:f:up]
03:25:18 #97 OK UPSERT id=2682069 via doris-2 rows=10067 [doris-1:f:DOWN doris-2:M:up doris-3:f:up]
03:25:19 #98 OK SELECT id=2682069 via doris-2 rows=10068 [doris-1:f:DOWN doris-2:M:up doris-3:f:up]
03:25:20 #99 OK DELETE id=2682069 via doris-2 rows=10067 [doris-1:f:DOWN doris-2:M:up doris-3:f:up]
03:25:21 #100 OK SELECT id=2682069 via doris-2 rows=10067 [doris-1:f:DOWN doris-2:M:up doris-3:f:up]
03:25:22 #101 OK INSERT id=2682070 via doris-2 rows=10067 [doris-1:f:DOWN doris-2:M:up doris-3:f:up]
03:25:27 #102 OK UPSERT id=2682070 via doris-2 rows=10068 [doris-1:f:DOWN doris-2:M:up doris-3:f:up]
03:25:28 #103 OK SELECT id=2682070 via doris-2 rows=10067 [doris-1:f:DOWN doris-2:M:up doris-3:f:up]
03:25:29 #104 OK DELETE id=2682070 via doris-2 rows=10066 [doris-1:f:DOWN doris-2:M:up doris-3:f:up]
03:25:30 #105 OK SELECT id=2682070 via doris-2 rows=10067 [doris-1:f:DOWN doris-2:M:up doris-3:f:up]
03:25:31 #106 OK INSERT id=2682071 via doris-2 rows=10068 [doris-1:f:DOWN doris-2:M:up doris-3:f:up]
03:25:32 #107 OK UPSERT id=2682071 via doris-2 rows=10068 [doris-1:f:DOWN doris-2:M:up doris-3:f:up]
03:25:33 #108 OK SELECT id=2682071 via doris-2 rows=10067 [doris-1:f:DOWN doris-2:M:up doris-3:f:up]
03:25:34 #109 OK DELETE id=2682071 via doris-2 rows=10066 [doris-1:f:DOWN doris-2:M:up doris-3:f:up]
03:25:35 #110 OK SELECT id=2682071 via doris-2 rows=10067 [doris-1:f:DOWN doris-2:M:up doris-3:f:up]
03:25:36 #111 OK INSERT id=2682072 via doris-2 rows=10068 [doris-1:f:DOWN doris-2:M:up doris-3:f:up]
03:25:37 #112 OK UPSERT id=2682072 via doris-2 rows=10068 [doris-1:f:DOWN doris-2:M:up doris-3:f:up]
03:25:38 #113 OK SELECT id=2682072 via doris-2 rows=10067 [doris-1:f:DOWN doris-2:M:up doris-3:f:up]
03:25:39 #114 OK DELETE id=2682072 via doris-2 rows=10066 [doris-1:f:DOWN doris-2:M:up doris-3:f:up]
03:25:40 #115 OK SELECT id=2682072 via doris-2 rows=10067 [doris-1:f:DOWN doris-2:M:up doris-3:f:up]
03:25:41 #116 OK INSERT id=2682073 via doris-2 rows=10068 [doris-1:f:DOWN doris-2:M:up doris-3:f:up]
03:25:43 #117 OK UPSERT id=2682073 via doris-2 rows=10068 [doris-1:f:DOWN doris-2:M:up doris-3:f:up]
03:25:47 #118 OK SELECT id=2682073 via doris-2 rows=10067 [doris-1:f:DOWN doris-2:M:up doris-3:f:up]
03:25:48 #119 OK DELETE id=2682073 via doris-2 rows=10067 [doris-1:f:DOWN doris-2:M:up doris-3:f:up]
03:25:49 #120 OK SELECT id=2682073 via doris-2 rows=10067 [doris-1:f:DOWN doris-2:M:up doris-3:f:up]
03:25:50 #121 OK INSERT id=2682074 via doris-2 rows=10067 [doris-1:f:DOWN doris-2:M:up doris-3:f:up]
03:25:51 #122 OK UPSERT id=2682074 via doris-2 rows=10067 [doris-1:f:DOWN doris-2:M:up doris-3:f:up]
03:25:52 #123 OK SELECT id=2682074 via doris-2 rows=10068 [doris-1:f:DOWN doris-2:M:up doris-3:f:up]
03:25:53 #124 OK DELETE id=2682074 via doris-2 rows=10067 [doris-1:f:DOWN doris-2:M:up doris-3:f:up]
03:25:54 #125 OK SELECT id=2682074 via doris-2 rows=10067 [doris-1:f:DOWN doris-2:M:up doris-3:f:up]
03:25:55 #126 OK INSERT id=2682075 via doris-2 rows=10067 [doris-1:f:DOWN doris-2:M:up doris-3:f:up]
03:25:56 #127 OK UPSERT id=2682075 via doris-2 rows=10067 [doris-1:f:DOWN doris-2:M:up doris-3:f:up]
03:25:57 #128 OK SELECT id=2682075 via doris-2 rows=10068 [doris-1:f:DOWN doris-2:M:up doris-3:f:up]
03:25:58 #129 OK DELETE id=2682075 via doris-2 rows=10067 [doris-1:f:DOWN doris-2:M:up doris-3:f:up]
03:25:59 #130 OK SELECT id=2682075 via doris-2 rows=10067 [doris-1:f:DOWN doris-2:M:up doris-3:f:up]
03:26:00 #131 OK INSERT id=2682076 via doris-2 rows=10067 [doris-1:f:DOWN doris-2:M:up doris-3:f:up]
03:26:02 #132 OK UPSERT id=2682076 via doris-2 rows=10067 [doris-1:f:DOWN doris-2:M:up doris-3:f:up]
03:26:03 #133 OK SELECT id=2682076 via doris-2 rows=10068 [doris-1:f:DOWN doris-2:M:up doris-3:f:up]
03:26:04 #134 OK DELETE id=2682076 via doris-2 rows=10067 [doris-1:f:DOWN doris-2:M:up doris-3:f:up]
03:26:05 EVENT restore: start doris-1
03:26:08 #135 OK SELECT id=2682076 via doris-2 rows=10067 [doris-1:f:DOWN doris-2:M:up doris-3:f:up]
03:26:09 #136 OK INSERT id=2682077 via doris-2 rows=10068 [doris-1:f:DOWN doris-2:M:up doris-3:f:up]
03:26:10 #137 OK UPSERT id=2682077 via doris-2 rows=10068 [doris-1:f:DOWN doris-2:M:up doris-3:f:up]
03:26:11 #138 OK SELECT id=2682077 via doris-2 rows=10067 [doris-1:f:DOWN doris-2:M:up doris-3:f:up]
03:26:12 #139 OK DELETE id=2682077 via doris-2 rows=10066 [doris-1:f:DOWN doris-2:M:up doris-3:f:up]
03:26:13 #140 OK SELECT id=2682077 via doris-2 rows=10067 [doris-1:f:DOWN doris-2:M:up doris-3:f:up]
03:26:14 #141 OK INSERT id=2682078 via doris-2 rows=10068 [doris-1:f:DOWN doris-2:M:up doris-3:f:up]
03:26:15 #142 OK UPSERT id=2682078 via doris-2 rows=10068 [doris-1:f:DOWN doris-2:M:up doris-3:f:up]
03:26:16 #143 OK SELECT id=2682078 via doris-2 rows=10067 [doris-1:f:DOWN doris-2:M:up doris-3:f:up]
03:26:17 #144 OK DELETE id=2682078 via doris-2 rows=10066 [doris-1:f:DOWN doris-2:M:up doris-3:f:up]
03:26:18 #145 OK SELECT id=2682078 via doris-2 rows=10067 [doris-1:f:DOWN doris-2:M:up doris-3:f:up]
03:26:20 #146 OK INSERT id=2682079 via doris-2 rows=10068 [doris-1:f:DOWN doris-2:M:up doris-3:f:up]
03:26:21 #147 OK UPSERT id=2682079 via doris-2 rows=10068 [doris-1:f:DOWN doris-2:M:up doris-3:f:up]
03:26:22 #148 OK SELECT id=2682079 via doris-2 rows=10067 [doris-1:f:DOWN doris-2:M:up doris-3:f:up]
03:26:23 #149 OK DELETE id=2682079 via doris-2 rows=10066 [doris-1:f:DOWN doris-2:M:up doris-3:f:up]
03:26:24 #150 OK SELECT id=2682079 via doris-2 rows=10067 [doris-1:f:DOWN doris-2:M:up doris-3:f:up]
03:26:25 #151 OK INSERT id=2682080 via doris-2 rows=10068 [doris-1:f:DOWN doris-2:M:up doris-3:f:up]
03:26:26 #152 OK UPSERT id=2682080 via doris-2 rows=10068 [doris-1:f:DOWN doris-2:M:up doris-3:f:up]
03:26:27 #153 OK SELECT id=2682080 via doris-2 rows=10067 [doris-1:f:DOWN doris-2:M:up doris-3:f:up]
03:26:28 #154 OK DELETE id=2682080 via doris-2 rows=10066 [doris-1:f:DOWN doris-2:M:up doris-3:f:up]
03:26:29 #155 OK SELECT id=2682080 via doris-2 rows=10067 [doris-1:f:DOWN doris-2:M:up doris-3:f:up]
03:26:30 #156 OK INSERT id=2682081 via doris-2 rows=10068 [doris-1:f:DOWN doris-2:M:up doris-3:f:up]
03:26:31 #157 OK UPSERT id=2682081 via doris-2 rows=10068 [doris-1:f:DOWN doris-2:M:up doris-3:f:up]
03:26:32 #158 OK SELECT id=2682081 via doris-2 rows=10067 [doris-1:f:DOWN doris-2:M:up doris-3:f:up]
03:26:33 #159 OK DELETE id=2682081 via doris-2 rows=10066 [doris-1:f:DOWN doris-2:M:up doris-3:f:up]
03:26:34 #160 OK SELECT id=2682081 via doris-2 rows=10067 [doris-1:f:DOWN doris-2:M:up doris-3:f:up]
03:26:35 #161 OK INSERT id=2682082 via doris-2 rows=10068 [doris-1:f:DOWN doris-2:M:up doris-3:f:up]
03:26:37 #162 OK UPSERT id=2682082 via doris-2 rows=10068 [doris-1:f:DOWN doris-2:M:up doris-3:f:up]
03:26:38 #163 OK SELECT id=2682082 via doris-2 rows=10067 [doris-1:f:DOWN doris-2:M:up doris-3:f:up]
03:26:39 #164 OK DELETE id=2682082 via doris-2 rows=10066 [doris-1:f:DOWN doris-2:M:up doris-3:f:up]
03:26:40 #165 OK SELECT id=2682082 via doris-2 rows=10067 [doris-1:f:DOWN doris-2:M:up doris-3:f:up]
03:26:41 #166 OK INSERT id=2682083 via doris-2 rows=10068 [doris-1:f:DOWN doris-2:M:up doris-3:f:up]
03:26:42 #167 OK UPSERT id=2682083 via doris-2 rows=10068 [doris-1:f:DOWN doris-2:M:up doris-3:f:up]
03:26:43 #168 OK SELECT id=2682083 via doris-2 rows=10067 [doris-1:f:DOWN doris-2:M:up doris-3:f:up]
03:26:44 #169 OK DELETE id=2682083 via doris-2 rows=10066 [doris-1:f:DOWN doris-2:M:up doris-3:f:up]
03:26:45 #170 OK SELECT id=2682083 via doris-2 rows=10067 [doris-1:f:DOWN doris-2:M:up doris-3:f:up]
03:26:46 #171 OK INSERT id=2682084 via doris-2 rows=10068 [doris-1:f:up doris-2:M:up doris-3:f:up]
03:26:47 #172 OK UPSERT id=2682084 via doris-2 rows=10068 [doris-1:f:up doris-2:M:up doris-3:f:up]
03:26:48 #173 OK SELECT id=2682084 via doris-2 rows=10067 [doris-1:f:up doris-2:M:up doris-3:f:up]
03:26:49 #174 OK DELETE id=2682084 via doris-2 rows=10066 [doris-1:f:up doris-2:M:up doris-3:f:up]
03:26:50 #175 OK SELECT id=2682084 via doris-2 rows=10067 [doris-1:f:up doris-2:M:up doris-3:f:up]
03:26:51 #176 OK INSERT id=2682085 via doris-2 rows=10068 [doris-1:f:up doris-2:M:up doris-3:f:up]
03:26:53 #177 OK UPSERT id=2682085 via doris-2 rows=10068 [doris-1:f:up doris-2:M:up doris-3:f:up]
03:26:54 #178 OK SELECT id=2682085 via doris-2 rows=10067 [doris-1:f:up doris-2:M:up doris-3:f:up]
03:26:55 #179 OK DELETE id=2682085 via doris-2 rows=10066 [doris-1:f:up doris-2:M:up doris-3:f:up]
03:26:56 #180 OK SELECT id=2682085 via doris-2 rows=10067 [doris-1:f:up doris-2:M:up doris-3:f:up]
03:26:57 #181 OK INSERT id=2682086 via doris-2 rows=10068 [doris-1:f:up doris-2:M:up doris-3:f:up]
03:26:58 #182 OK UPSERT id=2682086 via doris-2 rows=10068 [doris-1:f:up doris-2:M:up doris-3:f:up]
03:26:59 #183 OK SELECT id=2682086 via doris-2 rows=10067 [doris-1:f:up doris-2:M:up doris-3:f:up]
03:27:00 #184 OK DELETE id=2682086 via doris-2 rows=10066 [doris-1:f:up doris-2:M:up doris-3:f:up]
03:27:01 #185 OK SELECT id=2682086 via doris-2 rows=10067 [doris-1:f:up doris-2:M:up doris-3:f:up]
03:27:03 #186 OK INSERT id=2682087 via doris-2 rows=10068 [doris-1:f:up doris-2:M:up doris-3:f:up]
03:27:04 #187 OK UPSERT id=2682087 via doris-2 rows=10067 [doris-1:f:up doris-2:M:up doris-3:f:up]
03:27:05 EVENT restore: cluster healthy
03:27:05 #188 OK SELECT id=2682087 via doris-2 rows=10067 [doris-1:f:up doris-2:M:up doris-3:f:up]
03:27:06 #189 OK DELETE id=2682087 via doris-2 rows=10067 [doris-1:f:up doris-2:M:up doris-3:f:up]
03:27:07 #190 OK SELECT id=2682087 via doris-2 rows=10067 [doris-1:f:up doris-2:M:up doris-3:f:up]
03:27:08 #191 OK INSERT id=2682088 via doris-2 rows=10068 [doris-1:f:up doris-2:M:up doris-3:f:up]
03:27:10 #192 OK UPSERT id=2682088 via doris-2 rows=10067 [doris-1:f:up doris-2:M:up doris-3:f:up]
03:27:11 #193 OK SELECT id=2682088 via doris-2 rows=10067 [doris-1:f:up doris-2:M:up doris-3:f:up]
03:27:12 #194 OK DELETE id=2682088 via doris-2 rows=10067 [doris-1:f:up doris-2:M:up doris-3:f:up]
03:27:13 #195 OK SELECT id=2682088 via doris-2 rows=10067 [doris-1:f:up doris-2:M:up doris-3:f:up]
03:27:14 #196 OK INSERT id=2682089 via doris-2 rows=10068 [doris-1:f:up doris-2:M:up doris-3:f:up]
03:27:15 #197 OK UPSERT id=2682089 via doris-2 rows=10067 [doris-1:f:up doris-2:M:up doris-3:f:up]
03:27:16 #198 OK SELECT id=2682089 via doris-2 rows=10067 [doris-1:f:up doris-2:M:up doris-3:f:up]
03:27:17 #199 OK DELETE id=2682089 via doris-2 rows=10067 [doris-1:f:up doris-2:M:up doris-3:f:up]
03:27:18 #200 OK SELECT id=2682089 via doris-2 rows=10067 [doris-1:f:up doris-2:M:up doris-3:f:up]
03:27:20 #201 OK INSERT id=2682090 via doris-2 rows=10067 [doris-1:f:up doris-2:M:up doris-3:f:up]
03:27:21 #202 OK UPSERT id=2682090 via doris-2 rows=10067 [doris-1:f:up doris-2:M:up doris-3:f:up]
03:27:22 #203 OK SELECT id=2682090 via doris-2 rows=10068 [doris-1:f:up doris-2:M:up doris-3:f:up]
03:27:23 #204 OK DELETE id=2682090 via doris-2 rows=10067 [doris-1:f:up doris-2:M:up doris-3:f:up]
03:27:24 #205 OK SELECT id=2682090 via doris-2 rows=10067 [doris-1:f:up doris-2:M:up doris-3:f:up]
03:27:25 #206 OK INSERT id=2682091 via doris-2 rows=10067 [doris-1:f:up doris-2:M:up doris-3:f:up]
03:27:26 #207 OK UPSERT id=2682091 via doris-2 rows=10067 [doris-1:f:up doris-2:M:up doris-3:f:up]
03:27:27 #208 OK SELECT id=2682091 via doris-2 rows=10068 [doris-1:f:up doris-2:M:up doris-3:f:up]
03:27:28 #209 OK DELETE id=2682091 via doris-2 rows=10067 [doris-1:f:up doris-2:M:up doris-3:f:up]
03:27:29 #210 OK SELECT id=2682091 via doris-2 rows=10067 [doris-1:f:up doris-2:M:up doris-3:f:up]
03:27:31 #211 OK INSERT id=2682092 via doris-2 rows=10067 [doris-1:f:up doris-2:M:up doris-3:f:up]
03:27:32 #212 OK UPSERT id=2682092 via doris-2 rows=10067 [doris-1:f:up doris-2:M:up doris-3:f:up]
03:27:33 #213 OK SELECT id=2682092 via doris-2 rows=10068 [doris-1:f:up doris-2:M:up doris-3:f:up]
03:27:34 #214 OK DELETE id=2682092 via doris-2 rows=10067 [doris-1:f:up doris-2:M:up doris-3:f:up]
