18:29:09 PROBE start proto=arrow-flight hosts=doris-1,doris-2,doris-3 duration=86400s cycle=INSERT>UPSERT>SELECT>DELETE>SELECT
18:29:09 connected to doris-1 (10.140.0.2)
18:29:09 DML unsupported over arrow-flight (InternalError: RuntimeException, msg: getMysqlChannel not in mysql connection (Internal; ExecuteQuery)) — switching to SELECT-only mode
18:29:09 #1 OK SELECT id=3681490 via doris-1 rows=10229 [doris-1:f:up doris-2:M:up doris-3:f:up]
18:29:10 #2 OK SELECT id=3681490 via doris-1 rows=10230 [doris-1:f:up doris-2:M:up doris-3:f:up]
18:29:12 #3 OK SELECT id=3681490 via doris-1 rows=10230 [doris-1:f:up doris-2:M:up doris-3:f:up]
18:29:13 #4 OK SELECT id=3681490 via doris-1 rows=10229 [doris-1:f:up doris-2:M:up doris-3:f:up]
18:29:14 #5 OK SELECT id=3681490 via doris-1 rows=10228 [doris-1:f:up doris-2:M:up doris-3:f:up]
18:29:15 #6 OK SELECT id=3681490 via doris-1 rows=10229 [doris-1:f:up doris-2:M:up doris-3:f:up]
18:29:16 #7 OK SELECT id=3681490 via doris-1 rows=10230 [doris-1:f:up doris-2:M:up doris-3:f:up]
18:29:17 #8 OK SELECT id=3681490 via doris-1 rows=10230 [doris-1:f:up doris-2:M:up doris-3:f:up]
18:29:18 #9 OK SELECT id=3681490 via doris-1 rows=10229 [doris-1:f:up doris-2:M:up doris-3:f:up]
18:29:19 #10 OK SELECT id=3681490 via doris-1 rows=10228 [doris-1:f:up doris-2:M:up doris-3:f:up]
18:29:20 #11 OK SELECT id=3681490 via doris-1 rows=10229 [doris-1:f:up doris-2:M:up doris-3:f:up]
18:29:21 #12 OK SELECT id=3681490 via doris-1 rows=10230 [doris-1:f:up doris-2:M:up doris-3:f:up]
18:29:22 #13 OK SELECT id=3681490 via doris-1 rows=10230 [doris-1:f:up doris-2:M:up doris-3:f:up]
18:29:23 #14 OK SELECT id=3681490 via doris-1 rows=10229 [doris-1:f:up doris-2:M:up doris-3:f:up]
18:29:24 #15 OK SELECT id=3681490 via doris-1 rows=10228 [doris-1:f:up doris-2:M:up doris-3:f:up]
18:29:25 #16 OK SELECT id=3681490 via doris-1 rows=10229 [doris-1:f:up doris-2:M:up doris-3:f:up]
18:29:26 #17 OK SELECT id=3681490 via doris-1 rows=10230 [doris-1:f:up doris-2:M:up doris-3:f:up]
18:29:27 #18 OK SELECT id=3681490 via doris-1 rows=10230 [doris-1:f:up doris-2:M:up doris-3:f:up]
18:29:29 #19 OK SELECT id=3681490 via doris-1 rows=10229 [doris-1:f:up doris-2:M:up doris-3:f:up]
18:29:30 #20 OK SELECT id=3681490 via doris-1 rows=10228 [doris-1:f:up doris-2:M:up doris-3:f:up]
18:29:31 #21 OK SELECT id=3681490 via doris-1 rows=10229 [doris-1:f:up doris-2:M:up doris-3:f:up]
18:29:32 #22 OK SELECT id=3681490 via doris-1 rows=10230 [doris-1:f:up doris-2:M:up doris-3:f:up]
18:29:33 #23 OK SELECT id=3681490 via doris-1 rows=10230 [doris-1:f:up doris-2:M:up doris-3:f:up]
18:29:34 #24 OK SELECT id=3681490 via doris-1 rows=10229 [doris-1:f:up doris-2:M:up doris-3:f:up]
18:29:35 #25 OK SELECT id=3681490 via doris-1 rows=10228 [doris-1:f:up doris-2:M:up doris-3:f:up]
18:29:36 #26 OK SELECT id=3681490 via doris-1 rows=10229 [doris-1:f:up doris-2:M:up doris-3:f:up]
18:29:37 #27 OK SELECT id=3681490 via doris-1 rows=10230 [doris-1:f:up doris-2:M:up doris-3:f:up]
18:29:38 #28 OK SELECT id=3681490 via doris-1 rows=10230 [doris-1:f:up doris-2:M:up doris-3:f:up]
18:29:39 #29 OK SELECT id=3681490 via doris-1 rows=10229 [doris-1:f:up doris-2:M:up doris-3:f:up]
18:29:40 #30 OK SELECT id=3681490 via doris-1 rows=10228 [doris-1:f:up doris-2:M:up doris-3:f:up]
18:29:41 #31 OK SELECT id=3681490 via doris-1 rows=10229 [doris-1:f:up doris-2:M:up doris-3:f:up]
18:29:42 #32 OK SELECT id=3681490 via doris-1 rows=10230 [doris-1:f:up doris-2:M:up doris-3:f:up]
18:29:43 EVENT break: fe hang on doris-2 (FE master)
18:29:43 #33 OK SELECT id=3681490 via doris-1 rows=10230 [doris-1:f:up doris-2:M:up doris-3:f:up]
18:29:44 #34 OK SELECT id=3681490 via doris-1 rows=10229 [doris-1:f:up doris-2:M:up doris-3:f:up]
18:29:53 #35 OK SELECT id=3681490 via doris-1 rows=10229 [?]
18:30:03 #36 OK SELECT id=3681490 via doris-1 rows=10229 [?]
18:30:12 #37 OK SELECT id=3681490 via doris-1 rows=10229 [?]
18:30:21 #38 OK SELECT id=3681490 via doris-1 rows=10229 [?]
18:30:30 #39 OK SELECT id=3681490 via doris-1 rows=10229 [?]
18:30:39 #40 OK SELECT id=3681490 via doris-1 rows=10229 [?]
18:30:48 #41 OK SELECT id=3681490 via doris-1 rows=10229 [?]
18:30:57 #42 OK SELECT id=3681490 via doris-1 rows=10229 [?]
18:31:06 #43 OK SELECT id=3681490 via doris-1 rows=10229 [?]
18:31:15 #44 OK SELECT id=3681490 via doris-1 rows=10229 [?]
18:31:24 #45 OK SELECT id=3681490 via doris-1 rows=10229 [?]
18:31:33 #46 OK SELECT id=3681490 via doris-1 rows=10229 [?]
18:31:42 #47 OK SELECT id=3681490 via doris-1 rows=10229 [?]
18:31:51 #48 OK SELECT id=3681490 via doris-1 rows=10229 [?]
18:32:00 #49 OK SELECT id=3681490 via doris-1 rows=10229 [?]
18:32:03 EVENT restore: resume fe on doris-2
18:32:05 #50 OK SELECT id=3681490 via doris-1 rows=10229 [doris-1:f:up doris-2:M:up doris-3:f:up]
18:32:07 #51 OK SELECT id=3681490 via doris-1 rows=10229 [doris-1:f:up doris-2:M:up doris-3:f:up]
18:32:08 #52 OK SELECT id=3681490 via doris-1 rows=10230 [doris-1:f:up doris-2:M:up doris-3:f:up]
18:32:08 EVENT restore: cluster healthy
18:32:09 #53 OK SELECT id=3681490 via doris-1 rows=10230 [doris-1:f:up doris-2:M:up doris-3:f:up]
18:32:10 #54 OK SELECT id=3681490 via doris-1 rows=10229 [doris-1:f:up doris-2:M:up doris-3:f:up]
18:32:11 #55 OK SELECT id=3681490 via doris-1 rows=10228 [doris-1:f:up doris-2:M:up doris-3:f:up]
18:32:12 #56 OK SELECT id=3681490 via doris-1 rows=10229 [doris-1:f:up doris-2:M:up doris-3:f:up]
18:32:13 #57 OK SELECT id=3681490 via doris-1 rows=10230 [doris-1:f:up doris-2:M:up doris-3:f:up]
18:32:14 #58 OK SELECT id=3681490 via doris-1 rows=10230 [doris-1:f:up doris-2:M:up doris-3:f:up]
18:32:15 #59 OK SELECT id=3681490 via doris-1 rows=10229 [doris-1:f:up doris-2:M:up doris-3:f:up]
18:32:16 #60 OK SELECT id=3681490 via doris-1 rows=10228 [doris-1:f:up doris-2:M:up doris-3:f:up]
18:32:17 #61 OK SELECT id=3681490 via doris-1 rows=10229 [doris-1:f:up doris-2:M:up doris-3:f:up]
18:32:18 #62 OK SELECT id=3681490 via doris-1 rows=10230 [doris-1:f:up doris-2:M:up doris-3:f:up]
18:32:19 #63 OK SELECT id=3681490 via doris-1 rows=10230 [doris-1:f:up doris-2:M:up doris-3:f:up]
18:32:20 #64 OK SELECT id=3681490 via doris-1 rows=10229 [doris-1:f:up doris-2:M:up doris-3:f:up]
18:32:21 #65 OK SELECT id=3681490 via doris-1 rows=10228 [doris-1:f:up doris-2:M:up doris-3:f:up]
18:32:22 #66 OK SELECT id=3681490 via doris-1 rows=10229 [doris-1:f:up doris-2:M:up doris-3:f:up]
18:32:23 #67 OK SELECT id=3681490 via doris-1 rows=10230 [doris-1:f:up doris-2:M:up doris-3:f:up]
18:32:24 #68 OK SELECT id=3681490 via doris-1 rows=10230 [doris-1:f:up doris-2:M:up doris-3:f:up]
18:32:26 #69 OK SELECT id=3681490 via doris-1 rows=10229 [doris-1:f:up doris-2:M:up doris-3:f:up]
18:32:27 #70 OK SELECT id=3681490 via doris-1 rows=10228 [doris-1:f:up doris-2:M:up doris-3:f:up]
18:32:28 #71 OK SELECT id=3681490 via doris-1 rows=10229 [doris-1:f:up doris-2:M:up doris-3:f:up]
18:32:29 #72 OK SELECT id=3681490 via doris-1 rows=10230 [doris-1:f:up doris-2:M:up doris-3:f:up]
18:32:30 #73 OK SELECT id=3681490 via doris-1 rows=10230 [doris-1:f:up doris-2:M:up doris-3:f:up]
18:32:31 #74 OK SELECT id=3681490 via doris-1 rows=10229 [doris-1:f:up doris-2:M:up doris-3:f:up]
18:32:32 #75 OK SELECT id=3681490 via doris-1 rows=10228 [doris-1:f:up doris-2:M:up doris-3:f:up]
18:32:33 #76 OK SELECT id=3681490 via doris-1 rows=10229 [doris-1:f:up doris-2:M:up doris-3:f:up]
18:32:34 #77 OK SELECT id=3681490 via doris-1 rows=10230 [doris-1:f:up doris-2:M:up doris-3:f:up]
18:32:35 #78 OK SELECT id=3681490 via doris-1 rows=10230 [doris-1:f:up doris-2:M:up doris-3:f:up]
18:32:36 #79 OK SELECT id=3681490 via doris-1 rows=10229 [doris-1:f:up doris-2:M:up doris-3:f:up]
18:32:37 #80 OK SELECT id=3681490 via doris-1 rows=10228 [doris-1:f:up doris-2:M:up doris-3:f:up]
18:32:38 #81 OK SELECT id=3681490 via doris-1 rows=10229 [doris-1:f:up doris-2:M:up doris-3:f:up]
