05:16:46 PROBE start proto=arrow-flight hosts=doris-1,doris-2,doris-3 duration=86400s cycle=INSERT>UPSERT>SELECT>DELETE>SELECT
05:16:46 connected to doris-1 (10.140.0.2)
05:16:46 DML unsupported over arrow-flight (InternalError: RuntimeException, msg: getMysqlChannel not in mysql connection (Internal; ExecuteQuery)) — switching to SELECT-only mode
05:16:46 #1 OK SELECT id=3750060 via doris-1 rows=10150 [doris-1:f:up doris-2:M:up doris-3:f:up]
05:16:47 #2 OK SELECT id=3750060 via doris-1 rows=10151 [doris-1:f:up doris-2:M:up doris-3:f:up]
05:16:48 #3 OK SELECT id=3750060 via doris-1 rows=10151 [doris-1:f:up doris-2:M:up doris-3:f:up]
05:16:49 #4 OK SELECT id=3750060 via doris-1 rows=10150 [doris-1:f:up doris-2:M:up doris-3:f:up]
05:16:51 #5 OK SELECT id=3750060 via doris-1 rows=10149 [doris-1:f:up doris-2:M:up doris-3:f:up]
05:16:52 #6 OK SELECT id=3750060 via doris-1 rows=10150 [doris-1:f:up doris-2:M:up doris-3:f:up]
05:16:53 #7 OK SELECT id=3750060 via doris-1 rows=10151 [doris-1:f:up doris-2:M:up doris-3:f:up]
05:16:54 #8 OK SELECT id=3750060 via doris-1 rows=10151 [doris-1:f:up doris-2:M:up doris-3:f:up]
05:16:55 #9 OK SELECT id=3750060 via doris-1 rows=10151 [doris-1:f:up doris-2:M:up doris-3:f:up]
05:16:56 #10 OK SELECT id=3750060 via doris-1 rows=10149 [doris-1:f:up doris-2:M:up doris-3:f:up]
05:16:57 #11 OK SELECT id=3750060 via doris-1 rows=10149 [doris-1:f:up doris-2:M:up doris-3:f:up]
05:16:58 #12 OK SELECT id=3750060 via doris-1 rows=10151 [doris-1:f:up doris-2:M:up doris-3:f:up]
05:16:59 #13 OK SELECT id=3750060 via doris-1 rows=10151 [doris-1:f:up doris-2:M:up doris-3:f:up]
05:17:00 #14 OK SELECT id=3750060 via doris-1 rows=10151 [doris-1:f:up doris-2:M:up doris-3:f:up]
05:17:01 #15 OK SELECT id=3750060 via doris-1 rows=10149 [doris-1:f:up doris-2:M:up doris-3:f:up]
05:17:02 #16 OK SELECT id=3750060 via doris-1 rows=10149 [doris-1:f:up doris-2:M:up doris-3:f:up]
05:17:03 #17 OK SELECT id=3750060 via doris-1 rows=10151 [doris-1:f:up doris-2:M:up doris-3:f:up]
05:17:04 #18 OK SELECT id=3750060 via doris-1 rows=10151 [doris-1:f:up doris-2:M:up doris-3:f:up]
05:17:05 #19 OK SELECT id=3750060 via doris-1 rows=10151 [doris-1:f:up doris-2:M:up doris-3:f:up]
05:17:06 #20 OK SELECT id=3750060 via doris-1 rows=10149 [doris-1:f:up doris-2:M:up doris-3:f:up]
05:17:07 #21 OK SELECT id=3750060 via doris-1 rows=10149 [doris-1:f:up doris-2:M:up doris-3:f:up]
05:17:08 #22 OK SELECT id=3750060 via doris-1 rows=10151 [doris-1:f:up doris-2:M:up doris-3:f:up]
05:17:10 #23 OK SELECT id=3750060 via doris-1 rows=10151 [doris-1:f:up doris-2:M:up doris-3:f:up]
05:17:11 #24 OK SELECT id=3750060 via doris-1 rows=10151 [doris-1:f:up doris-2:M:up doris-3:f:up]
05:17:12 #25 OK SELECT id=3750060 via doris-1 rows=10149 [doris-1:f:up doris-2:M:up doris-3:f:up]
05:17:13 #26 OK SELECT id=3750060 via doris-1 rows=10149 [doris-1:f:up doris-2:M:up doris-3:f:up]
05:17:14 #27 OK SELECT id=3750060 via doris-1 rows=10151 [doris-1:f:up doris-2:M:up doris-3:f:up]
05:17:15 #28 OK SELECT id=3750060 via doris-1 rows=10151 [doris-1:f:up doris-2:M:up doris-3:f:up]
05:17:16 #29 OK SELECT id=3750060 via doris-1 rows=10151 [doris-1:f:up doris-2:M:up doris-3:f:up]
05:17:17 #30 OK SELECT id=3750060 via doris-1 rows=10150 [doris-1:f:up doris-2:M:up doris-3:f:up]
05:17:18 #31 OK SELECT id=3750060 via doris-1 rows=10149 [doris-1:f:up doris-2:M:up doris-3:f:up]
05:17:19 #32 OK SELECT id=3750060 via doris-1 rows=10150 [doris-1:f:up doris-2:M:up doris-3:f:up]
05:17:20 EVENT break: vm stop on doris-2 (FE master)
05:17:20 #33 OK SELECT id=3750060 via doris-1 rows=10151 [doris-1:f:up doris-2:M:up doris-3:f:up]
05:17:21 #34 OK SELECT id=3750060 via doris-1 rows=10151 [doris-1:f:up doris-2:M:up doris-3:f:up]
05:17:22 #35 OK SELECT id=3750060 via doris-1 rows=10150 [doris-1:f:up doris-2:M:up doris-3:f:up]
05:17:23 #36 OK SELECT id=3750060 via doris-1 rows=10149 [doris-1:f:up doris-2:M:up doris-3:f:up]
05:17:24 #37 FAIL SELECT id=3750060 via doris-1: InternalError: INTERNAL: [FlightSQL] get flight info statement failed, after executeQueryStatement handleQuery, java.lang.Run
05:17:25 connected to doris-1 (10.140.0.2)
05:17:26 #38 OK SELECT id=3750060 via doris-1 rows=10150 [doris-1:f:up doris-2:f:DOWN doris-3:M:up] (recovered)
05:17:27 #39 OK SELECT id=3750060 via doris-1 rows=10150 [doris-1:f:up doris-2:f:DOWN doris-3:M:up]
05:17:28 #40 OK SELECT id=3750060 via doris-1 rows=10150 [doris-1:f:up doris-2:f:DOWN doris-3:M:up]
05:17:29 #41 OK SELECT id=3750060 via doris-1 rows=10151 [doris-1:f:up doris-2:f:DOWN doris-3:M:up]
05:17:30 #42 OK SELECT id=3750060 via doris-1 rows=10152 [doris-1:f:up doris-2:f:DOWN doris-3:M:up]
05:17:31 #43 OK SELECT id=3750060 via doris-1 rows=10152 [doris-1:f:up doris-2:f:DOWN doris-3:M:up]
05:17:32 #44 OK SELECT id=3750060 via doris-1 rows=10152 [doris-1:f:up doris-2:f:DOWN doris-3:M:up]
05:17:33 #45 OK SELECT id=3750060 via doris-1 rows=10151 [doris-1:f:up doris-2:f:DOWN doris-3:M:up]
05:17:34 #46 OK SELECT id=3750060 via doris-1 rows=10150 [doris-1:f:up doris-2:f:DOWN doris-3:M:up]
05:17:35 #47 OK SELECT id=3750060 via doris-1 rows=10151 [doris-1:f:up doris-2:f:DOWN doris-3:M:up]
05:17:36 #48 OK SELECT id=3750060 via doris-1 rows=10152 [doris-1:f:up doris-2:f:DOWN doris-3:M:up]
05:17:37 #49 OK SELECT id=3750060 via doris-1 rows=10152 [doris-1:f:up doris-2:f:DOWN doris-3:M:up]
05:17:38 #50 OK SELECT id=3750060 via doris-1 rows=10151 [doris-1:f:up doris-2:f:DOWN doris-3:M:up]
05:17:39 #51 OK SELECT id=3750060 via doris-1 rows=10150 [doris-1:f:up doris-2:f:DOWN doris-3:M:up]
05:17:40 #52 OK SELECT id=3750060 via doris-1 rows=10151 [doris-1:f:up doris-2:f:DOWN doris-3:M:up]
05:17:42 #53 OK SELECT id=3750060 via doris-1 rows=10152 [doris-1:f:up doris-2:f:DOWN doris-3:M:up]
05:17:43 #54 OK SELECT id=3750060 via doris-1 rows=10152 [doris-1:f:up doris-2:f:DOWN doris-3:M:up]
05:17:44 #55 OK SELECT id=3750060 via doris-1 rows=10151 [doris-1:f:up doris-2:f:DOWN doris-3:M:up]
05:17:45 #56 OK SELECT id=3750060 via doris-1 rows=10150 [doris-1:f:up doris-2:f:DOWN doris-3:M:up]
05:17:45 EVENT break: doris-2 is down
05:17:46 #57 OK SELECT id=3750060 via doris-1 rows=10151 [doris-1:f:up doris-2:f:DOWN doris-3:M:up]
05:17:47 #58 OK SELECT id=3750060 via doris-1 rows=10152 [doris-1:f:up doris-2:f:DOWN doris-3:M:up]
05:17:48 #59 OK SELECT id=3750060 via doris-1 rows=10152 [doris-1:f:up doris-2:f:DOWN doris-3:M:up]
05:17:49 #60 OK SELECT id=3750060 via doris-1 rows=10151 [doris-1:f:up doris-2:f:DOWN doris-3:M:up]
05:17:50 #61 OK SELECT id=3750060 via doris-1 rows=10150 [doris-1:f:up doris-2:f:DOWN doris-3:M:up]
05:17:51 #62 OK SELECT id=3750060 via doris-1 rows=10151 [doris-1:f:up doris-2:f:DOWN doris-3:M:up]
05:17:52 #63 OK SELECT id=3750060 via doris-1 rows=10152 [doris-1:f:up doris-2:f:DOWN doris-3:M:up]
05:17:53 #64 OK SELECT id=3750060 via doris-1 rows=10152 [doris-1:f:up doris-2:f:DOWN doris-3:M:up]
05:17:54 #65 OK SELECT id=3750060 via doris-1 rows=10151 [doris-1:f:up doris-2:f:DOWN doris-3:M:up]
05:17:55 #66 OK SELECT id=3750060 via doris-1 rows=10150 [doris-1:f:up doris-2:f:DOWN doris-3:M:up]
05:17:56 #67 OK SELECT id=3750060 via doris-1 rows=10151 [doris-1:f:up doris-2:f:DOWN doris-3:M:up]
05:17:57 #68 OK SELECT id=3750060 via doris-1 rows=10152 [doris-1:f:up doris-2:f:DOWN doris-3:M:up]
05:17:58 #69 OK SELECT id=3750060 via doris-1 rows=10152 [doris-1:f:up doris-2:f:DOWN doris-3:M:up]
05:17:59 #70 OK SELECT id=3750060 via doris-1 rows=10151 [doris-1:f:up doris-2:f:DOWN doris-3:M:up]
05:18:00 #71 OK SELECT id=3750060 via doris-1 rows=10150 [doris-1:f:up doris-2:f:DOWN doris-3:M:up]
05:18:01 #72 OK SELECT id=3750060 via doris-1 rows=10151 [doris-1:f:up doris-2:f:DOWN doris-3:M:up]
05:18:03 #73 OK SELECT id=3750060 via doris-1 rows=10152 [doris-1:f:up doris-2:f:DOWN doris-3:M:up]
05:18:04 #74 OK SELECT id=3750060 via doris-1 rows=10152 [doris-1:f:up doris-2:f:DOWN doris-3:M:up]
05:18:05 #75 OK SELECT id=3750060 via doris-1 rows=10151 [doris-1:f:up doris-2:f:DOWN doris-3:M:up]
05:18:06 #76 OK SELECT id=3750060 via doris-1 rows=10150 [doris-1:f:up doris-2:f:DOWN doris-3:M:up]
05:18:07 #77 OK SELECT id=3750060 via doris-1 rows=10151 [doris-1:f:up doris-2:f:DOWN doris-3:M:up]
05:18:08 #78 OK SELECT id=3750060 via doris-1 rows=10152 [doris-1:f:up doris-2:f:DOWN doris-3:M:up]
05:18:09 #79 OK SELECT id=3750060 via doris-1 rows=10152 [doris-1:f:up doris-2:f:DOWN doris-3:M:up]
05:18:10 #80 OK SELECT id=3750060 via doris-1 rows=10151 [doris-1:f:up doris-2:f:DOWN doris-3:M:up]
05:18:11 #81 OK SELECT id=3750060 via doris-1 rows=10150 [doris-1:f:up doris-2:f:DOWN doris-3:M:up]
05:18:12 #82 OK SELECT id=3750060 via doris-1 rows=10151 [doris-1:f:up doris-2:f:DOWN doris-3:M:up]
05:18:13 #83 OK SELECT id=3750060 via doris-1 rows=10152 [doris-1:f:up doris-2:f:DOWN doris-3:M:up]
05:18:14 #84 OK SELECT id=3750060 via doris-1 rows=10152 [doris-1:f:up doris-2:f:DOWN doris-3:M:up]
05:18:15 #85 OK SELECT id=3750060 via doris-1 rows=10151 [doris-1:f:up doris-2:f:DOWN doris-3:M:up]
05:18:16 #86 OK SELECT id=3750060 via doris-1 rows=10150 [doris-1:f:up doris-2:f:DOWN doris-3:M:up]
05:18:17 #87 OK SELECT id=3750060 via doris-1 rows=10151 [doris-1:f:up doris-2:f:DOWN doris-3:M:up]
05:18:18 EVENT break: vm stop on doris-1 (FE follower)
05:18:18 #88 OK SELECT id=3750060 via doris-1 rows=10152 [doris-1:f:up doris-2:f:DOWN doris-3:M:up]
05:18:19 #89 OK SELECT id=3750060 via doris-1 rows=10152 [doris-1:f:up doris-2:f:DOWN doris-3:M:up]
05:18:20 #90 FAIL SELECT id=3750060 via doris-1: OperationalError: IO: [FlightSQL] connection error: desc = "transport: Error while dialing: dial tcp 10.140.0.2:8070: connect: c
05:18:41 EVENT break: doris-1 is down
05:18:50 connected to doris-3 (10.140.0.4)
05:18:58 #91 FAIL SELECT id=3750060 via doris-3: OperationalError: TIMEOUT: [FlightSQL] context deadline exceeded (DeadlineExceeded; ExecuteQuery). Vendor code: 4
05:19:45 connected to doris-3 (10.140.0.4)
05:19:45 #92 FAIL SELECT id=3750060 via doris-3: OperationalError: IO: [FlightSQL] connection error: desc = "transport: Error while dialing: dial tcp 10.140.0.4:8070: connect: c
05:20:24 EVENT restore: start doris-1
05:20:26 #93 FAIL SELECT id=3750060 via doris-3: OperationalError: IO: [FlightSQL] connection error: desc = "transport: Error while dialing: dial tcp 10.140.0.4:8070: connect: c
05:20:36 EVENT restore: start doris-2
05:21:03 #94 FAIL SELECT id=3750060 via doris-3: OperationalError: IO: [FlightSQL] connection error: desc = "transport: Error while dialing: dial tcp 10.140.0.4:8070: connect: c
05:21:04 #95 FAIL SELECT id=3750060 via doris-3: OperationalError: IO: [FlightSQL] connection error: desc = "transport: Error while dialing: dial tcp 10.140.0.4:8070: connect: c
05:21:06 connected to doris-1 (10.140.0.2)
05:21:06 #96 OK SELECT id=3750060 via doris-1 rows=10153 [doris-1:f:DOWN doris-2:f:DOWN doris-3:M:up] (recovered)
05:21:08 #97 OK SELECT id=3750060 via doris-1 rows=10154 [doris-1:f:DOWN doris-2:f:DOWN doris-3:M:up]
05:21:09 #98 OK SELECT id=3750060 via doris-1 rows=10154 [doris-1:f:up doris-2:f:DOWN doris-3:M:up]
05:21:10 #99 OK SELECT id=3750060 via doris-1 rows=10153 [doris-1:f:up doris-2:f:DOWN doris-3:M:up]
05:21:11 #100 OK SELECT id=3750060 via doris-1 rows=10152 [doris-1:f:up doris-2:f:DOWN doris-3:M:up]
05:21:12 #101 OK SELECT id=3750060 via doris-1 rows=10153 [doris-1:f:up doris-2:f:DOWN doris-3:M:up]
05:21:13 #102 OK SELECT id=3750060 via doris-1 rows=10154 [doris-1:f:up doris-2:f:DOWN doris-3:M:up]
05:21:15 #103 OK SELECT id=3750060 via doris-1 rows=10154 [doris-1:f:up doris-2:f:DOWN doris-3:M:up]
05:21:16 #104 OK SELECT id=3750060 via doris-1 rows=10153 [doris-1:f:up doris-2:f:DOWN doris-3:M:up]
05:21:17 #105 OK SELECT id=3750060 via doris-1 rows=10152 [doris-1:f:up doris-2:f:DOWN doris-3:M:up]
05:21:18 #106 OK SELECT id=3750060 via doris-1 rows=10153 [doris-1:f:up doris-2:f:DOWN doris-3:M:up]
05:21:19 #107 OK SELECT id=3750060 via doris-1 rows=10154 [doris-1:f:up doris-2:f:DOWN doris-3:M:up]
05:21:20 #108 OK SELECT id=3750060 via doris-1 rows=10154 [doris-1:f:up doris-2:f:DOWN doris-3:M:up]
05:21:21 #109 OK SELECT id=3750060 via doris-1 rows=10153 [doris-1:f:up doris-2:f:DOWN doris-3:M:up]
05:21:22 #110 OK SELECT id=3750060 via doris-1 rows=10152 [doris-1:f:up doris-2:f:DOWN doris-3:M:up]
05:21:24 #111 OK SELECT id=3750060 via doris-1 rows=10153 [doris-1:f:up doris-2:f:DOWN doris-3:M:up]
05:21:25 #112 OK SELECT id=3750060 via doris-1 rows=10154 [doris-1:f:up doris-2:f:DOWN doris-3:M:up]
05:21:26 #113 OK SELECT id=3750060 via doris-1 rows=10154 [doris-1:f:up doris-2:f:DOWN doris-3:M:up]
05:21:27 #114 OK SELECT id=3750060 via doris-1 rows=10153 [doris-1:f:up doris-2:f:DOWN doris-3:M:up]
05:21:28 #115 OK SELECT id=3750060 via doris-1 rows=10152 [doris-1:f:up doris-2:f:DOWN doris-3:M:up]
05:21:29 #116 OK SELECT id=3750060 via doris-1 rows=10153 [doris-1:f:up doris-2:f:up doris-3:M:up]
05:21:30 #117 OK SELECT id=3750060 via doris-1 rows=10154 [doris-1:f:up doris-2:f:up doris-3:M:up]
05:21:31 #118 OK SELECT id=3750060 via doris-1 rows=10154 [doris-1:f:up doris-2:f:up doris-3:M:up]
05:21:32 #119 OK SELECT id=3750060 via doris-1 rows=10153 [doris-1:f:up doris-2:f:up doris-3:M:up]
05:21:33 #120 OK SELECT id=3750060 via doris-1 rows=10152 [doris-1:f:up doris-2:f:up doris-3:M:up]
05:21:35 #121 OK SELECT id=3750060 via doris-1 rows=10153 [doris-1:f:up doris-2:f:up doris-3:M:up]
05:21:36 #122 OK SELECT id=3750060 via doris-1 rows=10154 [doris-1:f:up doris-2:f:up doris-3:M:up]
05:21:37 #123 OK SELECT id=3750060 via doris-1 rows=10154 [doris-1:f:up doris-2:f:up doris-3:M:up]
05:21:38 #124 OK SELECT id=3750060 via doris-1 rows=10153 [doris-1:f:up doris-2:f:up doris-3:M:up]
05:21:39 #125 OK SELECT id=3750060 via doris-1 rows=10153 [doris-1:f:up doris-2:f:up doris-3:M:up]
05:21:40 #126 OK SELECT id=3750060 via doris-1 rows=10153 [doris-1:f:up doris-2:f:up doris-3:M:up]
05:21:41 #127 OK SELECT id=3750060 via doris-1 rows=10153 [doris-1:f:up doris-2:f:up doris-3:M:up]
05:21:42 #128 OK SELECT id=3750060 via doris-1 rows=10154 [doris-1:f:up doris-2:f:up doris-3:M:up]
05:21:43 #129 OK SELECT id=3750060 via doris-1 rows=10153 [doris-1:f:up doris-2:f:up doris-3:M:up]
05:21:44 #130 OK SELECT id=3750060 via doris-1 rows=10153 [doris-1:f:up doris-2:f:up doris-3:M:up]
05:21:46 #131 OK SELECT id=3750060 via doris-1 rows=10153 [doris-1:f:up doris-2:f:up doris-3:M:up]
05:21:46 EVENT restore: cluster healthy
05:21:47 #132 OK SELECT id=3750060 via doris-1 rows=10153 [doris-1:f:up doris-2:f:up doris-3:M:up]
05:21:48 #133 OK SELECT id=3750060 via doris-1 rows=10154 [doris-1:f:up doris-2:f:up doris-3:M:up]
05:21:49 #134 OK SELECT id=3750060 via doris-1 rows=10153 [doris-1:f:up doris-2:f:up doris-3:M:up]
05:21:50 #135 OK SELECT id=3750060 via doris-1 rows=10153 [doris-1:f:up doris-2:f:up doris-3:M:up]
05:21:51 #136 OK SELECT id=3750060 via doris-1 rows=10153 [doris-1:f:up doris-2:f:up doris-3:M:up]
05:21:52 #137 OK SELECT id=3750060 via doris-1 rows=10153 [doris-1:f:up doris-2:f:up doris-3:M:up]
05:21:53 #138 OK SELECT id=3750060 via doris-1 rows=10154 [doris-1:f:up doris-2:f:up doris-3:M:up]
05:21:54 #139 OK SELECT id=3750060 via doris-1 rows=10153 [doris-1:f:up doris-2:f:up doris-3:M:up]
05:21:55 #140 OK SELECT id=3750060 via doris-1 rows=10153 [doris-1:f:up doris-2:f:up doris-3:M:up]
05:21:56 #141 OK SELECT id=3750060 via doris-1 rows=10153 [doris-1:f:up doris-2:f:up doris-3:M:up]
05:21:58 #142 OK SELECT id=3750060 via doris-1 rows=10153 [doris-1:f:up doris-2:f:up doris-3:M:up]
05:21:59 #143 OK SELECT id=3750060 via doris-1 rows=10154 [doris-1:f:up doris-2:f:up doris-3:M:up]
05:22:00 #144 OK SELECT id=3750060 via doris-1 rows=10153 [doris-1:f:up doris-2:f:up doris-3:M:up]
05:22:01 #145 OK SELECT id=3750060 via doris-1 rows=10153 [doris-1:f:up doris-2:f:up doris-3:M:up]
05:22:02 #146 OK SELECT id=3750060 via doris-1 rows=10153 [doris-1:f:up doris-2:f:up doris-3:M:up]
05:22:03 #147 OK SELECT id=3750060 via doris-1 rows=10153 [doris-1:f:up doris-2:f:up doris-3:M:up]
05:22:04 #148 OK SELECT id=3750060 via doris-1 rows=10154 [doris-1:f:up doris-2:f:up doris-3:M:up]
05:22:05 #149 OK SELECT id=3750060 via doris-1 rows=10153 [doris-1:f:up doris-2:f:up doris-3:M:up]
05:22:06 #150 OK SELECT id=3750060 via doris-1 rows=10153 [doris-1:f:up doris-2:f:up doris-3:M:up]
05:22:07 #151 OK SELECT id=3750060 via doris-1 rows=10153 [doris-1:f:up doris-2:f:up doris-3:M:up]
05:22:08 #152 OK SELECT id=3750060 via doris-1 rows=10153 [doris-1:f:up doris-2:f:up doris-3:M:up]
05:22:10 #153 OK SELECT id=3750060 via doris-1 rows=10154 [doris-1:f:up doris-2:f:up doris-3:M:up]
05:22:11 #154 OK SELECT id=3750060 via doris-1 rows=10153 [doris-1:f:up doris-2:f:up doris-3:M:up]
05:22:12 #155 OK SELECT id=3750060 via doris-1 rows=10153 [doris-1:f:up doris-2:f:up doris-3:M:up]
05:22:13 #156 OK SELECT id=3750060 via doris-1 rows=10153 [doris-1:f:up doris-2:f:up doris-3:M:up]
05:22:14 #157 OK SELECT id=3750060 via doris-1 rows=10153 [doris-1:f:up doris-2:f:up doris-3:M:up]
05:22:15 #158 OK SELECT id=3750060 via doris-1 rows=10154 [doris-1:f:up doris-2:f:up doris-3:M:up]
