05:16:46 PROBE start proto=jdbc hosts=doris-1,doris-2,doris-3 duration=86400s cycle=INSERT>UPSERT>SELECT>DELETE>SELECT url=jdbc:mysql://10.140.0.2:9030,10.140.0.3:9030,10.140.0.4:9030/hatest
05:16:47 connected to doris-1 (driver-selected host)
05:16:47 #1 OK INSERT id=2750060 via doris-1 rows=10151 [doris-1:f:up doris-2:M:up doris-3:f:up]
05:16:48 #2 OK UPSERT id=2750060 via doris-1 rows=10151 [doris-1:f:up doris-2:M:up doris-3:f:up]
05:16:49 #3 OK SELECT id=2750060 via doris-1 rows=10151 [doris-1:f:up doris-2:M:up doris-3:f:up]
05:16:50 #4 OK DELETE id=2750060 via doris-1 rows=10149 [doris-1:f:up doris-2:M:up doris-3:f:up]
05:16:51 #5 OK SELECT id=2750060 via doris-1 rows=10149 [doris-1:f:up doris-2:M:up doris-3:f:up]
05:16:52 #6 OK INSERT id=2750061 via doris-1 rows=10151 [doris-1:f:up doris-2:M:up doris-3:f:up]
05:16:53 #7 OK UPSERT id=2750061 via doris-1 rows=10151 [doris-1:f:up doris-2:M:up doris-3:f:up]
05:16:55 #8 OK SELECT id=2750061 via doris-1 rows=10151 [doris-1:f:up doris-2:M:up doris-3:f:up]
05:16:56 #9 OK DELETE id=2750061 via doris-1 rows=10149 [doris-1:f:up doris-2:M:up doris-3:f:up]
05:16:57 #10 OK SELECT id=2750061 via doris-1 rows=10149 [doris-1:f:up doris-2:M:up doris-3:f:up]
05:16:58 #11 OK INSERT id=2750062 via doris-1 rows=10151 [doris-1:f:up doris-2:M:up doris-3:f:up]
05:16:59 #12 OK UPSERT id=2750062 via doris-1 rows=10151 [doris-1:f:up doris-2:M:up doris-3:f:up]
05:17:00 #13 OK SELECT id=2750062 via doris-1 rows=10151 [doris-1:f:up doris-2:M:up doris-3:f:up]
05:17:01 #14 OK DELETE id=2750062 via doris-1 rows=10149 [doris-1:f:up doris-2:M:up doris-3:f:up]
05:17:02 #15 OK SELECT id=2750062 via doris-1 rows=10149 [doris-1:f:up doris-2:M:up doris-3:f:up]
05:17:03 #16 OK INSERT id=2750063 via doris-1 rows=10151 [doris-1:f:up doris-2:M:up doris-3:f:up]
05:17:04 #17 OK UPSERT id=2750063 via doris-1 rows=10151 [doris-1:f:up doris-2:M:up doris-3:f:up]
05:17:05 #18 OK SELECT id=2750063 via doris-1 rows=10151 [doris-1:f:up doris-2:M:up doris-3:f:up]
05:17:06 #19 OK DELETE id=2750063 via doris-1 rows=10149 [doris-1:f:up doris-2:M:up doris-3:f:up]
05:17:07 #20 OK SELECT id=2750063 via doris-1 rows=10149 [doris-1:f:up doris-2:M:up doris-3:f:up]
05:17:08 #21 OK INSERT id=2750064 via doris-1 rows=10151 [doris-1:f:up doris-2:M:up doris-3:f:up]
05:17:09 #22 OK UPSERT id=2750064 via doris-1 rows=10151 [doris-1:f:up doris-2:M:up doris-3:f:up]
05:17:11 #23 OK SELECT id=2750064 via doris-1 rows=10151 [doris-1:f:up doris-2:M:up doris-3:f:up]
05:17:12 #24 OK DELETE id=2750064 via doris-1 rows=10149 [doris-1:f:up doris-2:M:up doris-3:f:up]
05:17:13 #25 OK SELECT id=2750064 via doris-1 rows=10149 [doris-1:f:up doris-2:M:up doris-3:f:up]
05:17:14 #26 OK INSERT id=2750065 via doris-1 rows=10151 [doris-1:f:up doris-2:M:up doris-3:f:up]
05:17:15 #27 OK UPSERT id=2750065 via doris-1 rows=10151 [doris-1:f:up doris-2:M:up doris-3:f:up]
05:17:16 #28 OK SELECT id=2750065 via doris-1 rows=10151 [doris-1:f:up doris-2:M:up doris-3:f:up]
05:17:17 #29 OK DELETE id=2750065 via doris-1 rows=10149 [doris-1:f:up doris-2:M:up doris-3:f:up]
05:17:18 #30 OK SELECT id=2750065 via doris-1 rows=10149 [doris-1:f:up doris-2:M:up doris-3:f:up]
05:17:19 #31 OK INSERT id=2750066 via doris-1 rows=10151 [doris-1:f:up doris-2:M:up doris-3:f:up]
05:17:20 EVENT break: vm stop on doris-2 (FE master)
05:17:20 #32 OK UPSERT id=2750066 via doris-1 rows=10151 [doris-1:f:up doris-2:M:up doris-3:f:up]
05:17:21 #33 OK SELECT id=2750066 via doris-1 rows=10151 [doris-1:f:up doris-2:M:up doris-3:f:up]
05:17:22 #34 OK DELETE id=2750066 via doris-1 rows=10149 [doris-1:f:up doris-2:M:up doris-3:f:up]
05:17:23 #35 OK SELECT id=2750066 via doris-1 rows=10149 [doris-1:f:up doris-2:M:up doris-3:f:up]
05:17:24 #36 FAIL INSERT id=2750067 via doris-1: SQLException: ForwardToMasterException, msg: forward to master FE TNetworkAddress(hostname:10.140.0.3, port:9020), statement
05:17:29 #36 OK SELECT(check) id=1 via doris-3
05:17:30 connected to doris-1 (driver-selected host)
05:17:30 #37 OK INSERT id=2750068 via doris-1 rows=10152 [doris-1:f:up doris-2:f:DOWN doris-3:M:up] (recovered)
05:17:31 #38 OK UPSERT id=2750068 via doris-1 rows=10152 [doris-1:f:up doris-2:f:DOWN doris-3:M:up]
05:17:32 #39 OK SELECT id=2750068 via doris-1 rows=10152 [doris-1:f:up doris-2:f:DOWN doris-3:M:up]
05:17:33 #40 OK DELETE id=2750068 via doris-1 rows=10150 [doris-1:f:up doris-2:f:DOWN doris-3:M:up]
05:17:34 #41 OK SELECT id=2750068 via doris-1 rows=10150 [doris-1:f:up doris-2:f:DOWN doris-3:M:up]
05:17:35 #42 OK INSERT id=2750069 via doris-1 rows=10152 [doris-1:f:up doris-2:f:DOWN doris-3:M:up]
05:17:36 #43 OK UPSERT id=2750069 via doris-1 rows=10152 [doris-1:f:up doris-2:f:DOWN doris-3:M:up]
05:17:37 #44 OK SELECT id=2750069 via doris-1 rows=10152 [doris-1:f:up doris-2:f:DOWN doris-3:M:up]
05:17:39 #45 OK DELETE id=2750069 via doris-1 rows=10150 [doris-1:f:up doris-2:f:DOWN doris-3:M:up]
05:17:40 #46 OK SELECT id=2750069 via doris-1 rows=10150 [doris-1:f:up doris-2:f:DOWN doris-3:M:up]
05:17:41 #47 OK INSERT id=2750070 via doris-1 rows=10152 [doris-1:f:up doris-2:f:DOWN doris-3:M:up]
05:17:42 #48 OK UPSERT id=2750070 via doris-1 rows=10152 [doris-1:f:up doris-2:f:DOWN doris-3:M:up]
05:17:43 #49 OK SELECT id=2750070 via doris-1 rows=10152 [doris-1:f:up doris-2:f:DOWN doris-3:M:up]
05:17:44 #50 OK DELETE id=2750070 via doris-1 rows=10150 [doris-1:f:up doris-2:f:DOWN doris-3:M:up]
05:17:45 #51 OK SELECT id=2750070 via doris-1 rows=10150 [doris-1:f:up doris-2:f:DOWN doris-3:M:up]
05:17:45 EVENT break: doris-2 is down
05:17:46 #52 OK INSERT id=2750071 via doris-1 rows=10152 [doris-1:f:up doris-2:f:DOWN doris-3:M:up]
05:17:47 #53 OK UPSERT id=2750071 via doris-1 rows=10152 [doris-1:f:up doris-2:f:DOWN doris-3:M:up]
05:17:48 #54 OK SELECT id=2750071 via doris-1 rows=10152 [doris-1:f:up doris-2:f:DOWN doris-3:M:up]
05:17:49 #55 OK DELETE id=2750071 via doris-1 rows=10150 [doris-1:f:up doris-2:f:DOWN doris-3:M:up]
05:17:50 #56 OK SELECT id=2750071 via doris-1 rows=10150 [doris-1:f:up doris-2:f:DOWN doris-3:M:up]
05:17:51 #57 OK INSERT id=2750072 via doris-1 rows=10152 [doris-1:f:up doris-2:f:DOWN doris-3:M:up]
05:17:52 #58 OK UPSERT id=2750072 via doris-1 rows=10152 [doris-1:f:up doris-2:f:DOWN doris-3:M:up]
05:17:54 #59 OK SELECT id=2750072 via doris-1 rows=10152 [doris-1:f:up doris-2:f:DOWN doris-3:M:up]
05:17:55 #60 OK DELETE id=2750072 via doris-1 rows=10150 [doris-1:f:up doris-2:f:DOWN doris-3:M:up]
05:17:56 #61 OK SELECT id=2750072 via doris-1 rows=10150 [doris-1:f:up doris-2:f:DOWN doris-3:M:up]
05:17:57 #62 OK INSERT id=2750073 via doris-1 rows=10152 [doris-1:f:up doris-2:f:DOWN doris-3:M:up]
05:17:58 #63 OK UPSERT id=2750073 via doris-1 rows=10152 [doris-1:f:up doris-2:f:DOWN doris-3:M:up]
05:17:59 #64 OK SELECT id=2750073 via doris-1 rows=10152 [doris-1:f:up doris-2:f:DOWN doris-3:M:up]
05:18:00 #65 OK DELETE id=2750073 via doris-1 rows=10150 [doris-1:f:up doris-2:f:DOWN doris-3:M:up]
05:18:01 #66 OK SELECT id=2750073 via doris-1 rows=10150 [doris-1:f:up doris-2:f:DOWN doris-3:M:up]
05:18:02 #67 OK INSERT id=2750074 via doris-1 rows=10152 [doris-1:f:up doris-2:f:DOWN doris-3:M:up]
05:18:03 #68 OK UPSERT id=2750074 via doris-1 rows=10152 [doris-1:f:up doris-2:f:DOWN doris-3:M:up]
05:18:04 #69 OK SELECT id=2750074 via doris-1 rows=10152 [doris-1:f:up doris-2:f:DOWN doris-3:M:up]
05:18:05 #70 OK DELETE id=2750074 via doris-1 rows=10150 [doris-1:f:up doris-2:f:DOWN doris-3:M:up]
05:18:06 #71 OK SELECT id=2750074 via doris-1 rows=10151 [doris-1:f:up doris-2:f:DOWN doris-3:M:up]
05:18:07 #72 OK INSERT id=2750075 via doris-1 rows=10152 [doris-1:f:up doris-2:f:DOWN doris-3:M:up]
05:18:09 #73 OK UPSERT id=2750075 via doris-1 rows=10152 [doris-1:f:up doris-2:f:DOWN doris-3:M:up]
05:18:10 #74 OK SELECT id=2750075 via doris-1 rows=10152 [doris-1:f:up doris-2:f:DOWN doris-3:M:up]
05:18:11 #75 OK DELETE id=2750075 via doris-1 rows=10150 [doris-1:f:up doris-2:f:DOWN doris-3:M:up]
05:18:12 #76 OK SELECT id=2750075 via doris-1 rows=10151 [doris-1:f:up doris-2:f:DOWN doris-3:M:up]
05:18:13 #77 OK INSERT id=2750076 via doris-1 rows=10152 [doris-1:f:up doris-2:f:DOWN doris-3:M:up]
05:18:14 #78 OK UPSERT id=2750076 via doris-1 rows=10152 [doris-1:f:up doris-2:f:DOWN doris-3:M:up]
05:18:15 #79 OK SELECT id=2750076 via doris-1 rows=10151 [doris-1:f:up doris-2:f:DOWN doris-3:M:up]
05:18:16 #80 OK DELETE id=2750076 via doris-1 rows=10150 [doris-1:f:up doris-2:f:DOWN doris-3:M:up]
05:18:17 #81 OK SELECT id=2750076 via doris-1 rows=10151 [doris-1:f:up doris-2:f:DOWN doris-3:M:up]
05:18:18 EVENT break: vm stop on doris-1 (FE follower)
05:18:18 #82 OK INSERT id=2750077 via doris-1 rows=10152 [doris-1:f:up doris-2:f:DOWN doris-3:M:up]
05:18:19 #83 OK UPSERT id=2750077 via doris-1 rows=10152 [doris-1:f:up doris-2:f:DOWN doris-3:M:up]
05:18:23 #84 FAIL SELECT id=2750077 via doris-1: CommunicationsException: Communications link failure  The last packet successfully received from the server was 1,002 milliseconds ago.
05:18:41 EVENT break: doris-1 is down
05:18:41 connected to doris-1 (driver-selected host)
05:18:52 #85 FAIL INSERT id=2750078 via doris-1: CommunicationsException: Communications link failure  The last packet successfully received from the server was 8,007 milliseconds ago.
05:19:20 #85 FAIL SELECT(check) id=1 via -: CommunicationsException: Communications link failure  The last packet successfully received from the server was 8,0
05:19:38 connected to doris-1 (driver-selected host)
05:20:24 EVENT restore: start doris-1
05:20:37 EVENT restore: start doris-2
05:21:06 #86 FAIL INSERT id=2750079 via doris-1: CommunicationsException: Communications link failure  The last packet successfully received from the server was 6,659 milliseconds ago.
05:21:06 #86 OK SELECT(check) id=1 via doris-1
05:21:07 connected to doris-1 (driver-selected host)
05:21:07 #87 OK INSERT id=2750080 via doris-1 rows=10154 [doris-1:f:DOWN doris-2:f:DOWN doris-3:M:up] (recovered)
05:21:09 #88 OK UPSERT id=2750080 via doris-1 rows=10154 [doris-1:f:up doris-2:f:DOWN doris-3:M:up]
05:21:10 #89 OK SELECT id=2750080 via doris-1 rows=10153 [doris-1:f:up doris-2:f:DOWN doris-3:M:up]
05:21:11 #90 OK DELETE id=2750080 via doris-1 rows=10152 [doris-1:f:up doris-2:f:DOWN doris-3:M:up]
05:21:12 #91 OK SELECT id=2750080 via doris-1 rows=10153 [doris-1:f:up doris-2:f:DOWN doris-3:M:up]
05:21:13 #92 OK INSERT id=2750081 via doris-1 rows=10154 [doris-1:f:up doris-2:f:DOWN doris-3:M:up]
05:21:14 #93 OK UPSERT id=2750081 via doris-1 rows=10154 [doris-1:f:up doris-2:f:DOWN doris-3:M:up]
05:21:15 #94 OK SELECT id=2750081 via doris-1 rows=10153 [doris-1:f:up doris-2:f:DOWN doris-3:M:up]
05:21:17 #95 OK DELETE id=2750081 via doris-1 rows=10152 [doris-1:f:up doris-2:f:DOWN doris-3:M:up]
05:21:18 #96 OK SELECT id=2750081 via doris-1 rows=10153 [doris-1:f:up doris-2:f:DOWN doris-3:M:up]
05:21:19 #97 OK INSERT id=2750082 via doris-1 rows=10154 [doris-1:f:up doris-2:f:DOWN doris-3:M:up]
05:21:20 #98 OK UPSERT id=2750082 via doris-1 rows=10154 [doris-1:f:up doris-2:f:DOWN doris-3:M:up]
05:21:21 #99 OK SELECT id=2750082 via doris-1 rows=10153 [doris-1:f:up doris-2:f:DOWN doris-3:M:up]
05:21:22 #100 OK DELETE id=2750082 via doris-1 rows=10152 [doris-1:f:up doris-2:f:DOWN doris-3:M:up]
05:21:23 #101 OK SELECT id=2750082 via doris-1 rows=10153 [doris-1:f:up doris-2:f:DOWN doris-3:M:up]
05:21:24 #102 OK INSERT id=2750083 via doris-1 rows=10154 [doris-1:f:up doris-2:f:DOWN doris-3:M:up]
05:21:25 #103 OK UPSERT id=2750083 via doris-1 rows=10154 [doris-1:f:up doris-2:f:DOWN doris-3:M:up]
05:21:27 #104 OK SELECT id=2750083 via doris-1 rows=10153 [doris-1:f:up doris-2:f:DOWN doris-3:M:up]
05:21:28 #105 OK DELETE id=2750083 via doris-1 rows=10152 [doris-1:f:up doris-2:f:DOWN doris-3:M:up]
05:21:29 #106 OK SELECT id=2750083 via doris-1 rows=10153 [doris-1:f:up doris-2:f:up doris-3:M:up]
05:21:30 #107 OK INSERT id=2750084 via doris-1 rows=10154 [doris-1:f:up doris-2:f:up doris-3:M:up]
05:21:31 #108 OK UPSERT id=2750084 via doris-1 rows=10154 [doris-1:f:up doris-2:f:up doris-3:M:up]
05:21:32 #109 OK SELECT id=2750084 via doris-1 rows=10153 [doris-1:f:up doris-2:f:up doris-3:M:up]
05:21:33 #110 OK DELETE id=2750084 via doris-1 rows=10152 [doris-1:f:up doris-2:f:up doris-3:M:up]
05:21:34 #111 OK SELECT id=2750084 via doris-1 rows=10153 [doris-1:f:up doris-2:f:up doris-3:M:up]
05:21:35 #112 OK INSERT id=2750085 via doris-1 rows=10154 [doris-1:f:up doris-2:f:up doris-3:M:up]
05:21:36 #113 OK UPSERT id=2750085 via doris-1 rows=10154 [doris-1:f:up doris-2:f:up doris-3:M:up]
05:21:38 #114 OK SELECT id=2750085 via doris-1 rows=10153 [doris-1:f:up doris-2:f:up doris-3:M:up]
05:21:39 #115 OK DELETE id=2750085 via doris-1 rows=10152 [doris-1:f:up doris-2:f:up doris-3:M:up]
05:21:40 #116 OK SELECT id=2750085 via doris-1 rows=10153 [doris-1:f:up doris-2:f:up doris-3:M:up]
05:21:41 #117 OK INSERT id=2750086 via doris-1 rows=10154 [doris-1:f:up doris-2:f:up doris-3:M:up]
05:21:42 #118 OK UPSERT id=2750086 via doris-1 rows=10154 [doris-1:f:up doris-2:f:up doris-3:M:up]
05:21:43 #119 OK SELECT id=2750086 via doris-1 rows=10153 [doris-1:f:up doris-2:f:up doris-3:M:up]
05:21:45 #120 OK DELETE id=2750086 via doris-1 rows=10152 [doris-1:f:up doris-2:f:up doris-3:M:up]
05:21:46 #121 OK SELECT id=2750086 via doris-1 rows=10153 [doris-1:f:up doris-2:f:up doris-3:M:up]
05:21:46 EVENT restore: cluster healthy
05:21:47 #122 OK INSERT id=2750087 via doris-1 rows=10154 [doris-1:f:up doris-2:f:up doris-3:M:up]
05:21:48 #123 OK UPSERT id=2750087 via doris-1 rows=10154 [doris-1:f:up doris-2:f:up doris-3:M:up]
05:21:49 #124 OK SELECT id=2750087 via doris-1 rows=10153 [doris-1:f:up doris-2:f:up doris-3:M:up]
05:21:50 #125 OK DELETE id=2750087 via doris-1 rows=10152 [doris-1:f:up doris-2:f:up doris-3:M:up]
05:21:51 #126 OK SELECT id=2750087 via doris-1 rows=10153 [doris-1:f:up doris-2:f:up doris-3:M:up]
05:21:52 #127 OK INSERT id=2750088 via doris-1 rows=10154 [doris-1:f:up doris-2:f:up doris-3:M:up]
05:21:53 #128 OK UPSERT id=2750088 via doris-1 rows=10154 [doris-1:f:up doris-2:f:up doris-3:M:up]
05:21:54 #129 OK SELECT id=2750088 via doris-1 rows=10153 [doris-1:f:up doris-2:f:up doris-3:M:up]
05:21:55 #130 OK DELETE id=2750088 via doris-1 rows=10152 [doris-1:f:up doris-2:f:up doris-3:M:up]
05:21:57 #131 OK SELECT id=2750088 via doris-1 rows=10153 [doris-1:f:up doris-2:f:up doris-3:M:up]
05:21:58 #132 OK INSERT id=2750089 via doris-1 rows=10154 [doris-1:f:up doris-2:f:up doris-3:M:up]
05:21:59 #133 OK UPSERT id=2750089 via doris-1 rows=10154 [doris-1:f:up doris-2:f:up doris-3:M:up]
05:22:00 #134 OK SELECT id=2750089 via doris-1 rows=10153 [doris-1:f:up doris-2:f:up doris-3:M:up]
05:22:01 #135 OK DELETE id=2750089 via doris-1 rows=10152 [doris-1:f:up doris-2:f:up doris-3:M:up]
05:22:02 #136 OK SELECT id=2750089 via doris-1 rows=10153 [doris-1:f:up doris-2:f:up doris-3:M:up]
05:22:03 #137 OK INSERT id=2750090 via doris-1 rows=10154 [doris-1:f:up doris-2:f:up doris-3:M:up]
05:22:04 #138 OK UPSERT id=2750090 via doris-1 rows=10154 [doris-1:f:up doris-2:f:up doris-3:M:up]
05:22:05 #139 OK SELECT id=2750090 via doris-1 rows=10153 [doris-1:f:up doris-2:f:up doris-3:M:up]
05:22:06 #140 OK DELETE id=2750090 via doris-1 rows=10152 [doris-1:f:up doris-2:f:up doris-3:M:up]
05:22:07 #141 OK SELECT id=2750090 via doris-1 rows=10153 [doris-1:f:up doris-2:f:up doris-3:M:up]
05:22:09 #142 OK INSERT id=2750091 via doris-1 rows=10154 [doris-1:f:up doris-2:f:up doris-3:M:up]
05:22:10 #143 OK UPSERT id=2750091 via doris-1 rows=10154 [doris-1:f:up doris-2:f:up doris-3:M:up]
05:22:11 #144 OK SELECT id=2750091 via doris-1 rows=10153 [doris-1:f:up doris-2:f:up doris-3:M:up]
05:22:12 #145 OK DELETE id=2750091 via doris-1 rows=10152 [doris-1:f:up doris-2:f:up doris-3:M:up]
05:22:13 #146 OK SELECT id=2750091 via doris-1 rows=10153 [doris-1:f:up doris-2:f:up doris-3:M:up]
05:22:14 #147 OK INSERT id=2750092 via doris-1 rows=10154 [doris-1:f:up doris-2:f:up doris-3:M:up]
