05:16:46 PROBE start proto=mysql hosts=doris-1,doris-2,doris-3 duration=86400s cycle=INSERT>UPSERT>SELECT>DELETE>SELECT
05:16:46 connected to doris-1 (10.140.0.2)
05:16:46 #1 OK INSERT id=1750060 via doris-1 rows=10150 [doris-1:f:up doris-2:M:up doris-3:f:up]
05:16:47 #2 OK UPSERT id=1750060 via doris-1 rows=10151 [doris-1:f:up doris-2:M:up doris-3:f:up]
05:16:48 #3 OK SELECT id=1750060 via doris-1 rows=10151 [doris-1:f:up doris-2:M:up doris-3:f:up]
05:16:49 #4 OK DELETE id=1750060 via doris-1 rows=10150 [doris-1:f:up doris-2:M:up doris-3:f:up]
05:16:50 #5 OK SELECT id=1750060 via doris-1 rows=10149 [doris-1:f:up doris-2:M:up doris-3:f:up]
05:16:52 #6 OK INSERT id=1750061 via doris-1 rows=10150 [doris-1:f:up doris-2:M:up doris-3:f:up]
05:16:53 #7 OK UPSERT id=1750061 via doris-1 rows=10151 [doris-1:f:up doris-2:M:up doris-3:f:up]
05:16:54 #8 OK SELECT id=1750061 via doris-1 rows=10151 [doris-1:f:up doris-2:M:up doris-3:f:up]
05:16:55 #9 OK DELETE id=1750061 via doris-1 rows=10150 [doris-1:f:up doris-2:M:up doris-3:f:up]
05:16:56 #10 OK SELECT id=1750061 via doris-1 rows=10149 [doris-1:f:up doris-2:M:up doris-3:f:up]
05:16:57 #11 OK INSERT id=1750062 via doris-1 rows=10150 [doris-1:f:up doris-2:M:up doris-3:f:up]
05:16:58 #12 OK UPSERT id=1750062 via doris-1 rows=10151 [doris-1:f:up doris-2:M:up doris-3:f:up]
05:16:59 #13 OK SELECT id=1750062 via doris-1 rows=10151 [doris-1:f:up doris-2:M:up doris-3:f:up]
05:17:00 #14 OK DELETE id=1750062 via doris-1 rows=10150 [doris-1:f:up doris-2:M:up doris-3:f:up]
05:17:01 #15 OK SELECT id=1750062 via doris-1 rows=10149 [doris-1:f:up doris-2:M:up doris-3:f:up]
05:17:02 #16 OK INSERT id=1750063 via doris-1 rows=10150 [doris-1:f:up doris-2:M:up doris-3:f:up]
05:17:03 #17 OK UPSERT id=1750063 via doris-1 rows=10151 [doris-1:f:up doris-2:M:up doris-3:f:up]
05:17:04 #18 OK SELECT id=1750063 via doris-1 rows=10151 [doris-1:f:up doris-2:M:up doris-3:f:up]
05:17:05 #19 OK DELETE id=1750063 via doris-1 rows=10150 [doris-1:f:up doris-2:M:up doris-3:f:up]
05:17:06 #20 OK SELECT id=1750063 via doris-1 rows=10149 [doris-1:f:up doris-2:M:up doris-3:f:up]
05:17:07 #21 OK INSERT id=1750064 via doris-1 rows=10150 [doris-1:f:up doris-2:M:up doris-3:f:up]
05:17:09 #22 OK UPSERT id=1750064 via doris-1 rows=10151 [doris-1:f:up doris-2:M:up doris-3:f:up]
05:17:10 #23 OK SELECT id=1750064 via doris-1 rows=10151 [doris-1:f:up doris-2:M:up doris-3:f:up]
05:17:11 #24 OK DELETE id=1750064 via doris-1 rows=10150 [doris-1:f:up doris-2:M:up doris-3:f:up]
05:17:12 #25 OK SELECT id=1750064 via doris-1 rows=10149 [doris-1:f:up doris-2:M:up doris-3:f:up]
05:17:13 #26 OK INSERT id=1750065 via doris-1 rows=10150 [doris-1:f:up doris-2:M:up doris-3:f:up]
05:17:14 #27 OK UPSERT id=1750065 via doris-1 rows=10151 [doris-1:f:up doris-2:M:up doris-3:f:up]
05:17:15 #28 OK SELECT id=1750065 via doris-1 rows=10151 [doris-1:f:up doris-2:M:up doris-3:f:up]
05:17:16 #29 OK DELETE id=1750065 via doris-1 rows=10150 [doris-1:f:up doris-2:M:up doris-3:f:up]
05:17:17 #30 OK SELECT id=1750065 via doris-1 rows=10149 [doris-1:f:up doris-2:M:up doris-3:f:up]
05:17:18 #31 OK INSERT id=1750066 via doris-1 rows=10150 [doris-1:f:up doris-2:M:up doris-3:f:up]
05:17:19 #32 OK UPSERT id=1750066 via doris-1 rows=10151 [doris-1:f:up doris-2:M:up doris-3:f:up]
05:17:20 EVENT break: vm stop on doris-2 (FE master)
05:17:20 #33 OK SELECT id=1750066 via doris-1 rows=10151 [doris-1:f:up doris-2:M:up doris-3:f:up]
05:17:21 #34 OK DELETE id=1750066 via doris-1 rows=10150 [doris-1:f:up doris-2:M:up doris-3:f:up]
05:17:22 #35 OK SELECT id=1750066 via doris-1 rows=10149 [doris-1:f:up doris-2:M:up doris-3:f:up]
05:17:23 #36 OK INSERT id=1750067 via doris-1 rows=10150 [doris-1:f:up doris-2:M:up doris-3:f:up]
05:17:24 #37 FAIL UPSERT id=1750067 via doris-1: OperationalError: (1105, 'Exception, msg: Failed to get master client.')
05:17:25 #37 FAIL SELECT(check) id=1 via doris-1: OperationalError: (1105, 'RpcException, msg: send fragments failed. io.grpc.StatusRuntimeException: UNAVAILA
05:17:26 connected to doris-1 (10.140.0.2)
05:17:29 #38 OK INSERT id=1750068 via doris-1 rows=10151 [doris-1:f:up doris-2:f:DOWN doris-3:M:up] (recovered)
05:17:30 #39 OK UPSERT id=1750068 via doris-1 rows=10152 [doris-1:f:up doris-2:f:DOWN doris-3:M:up]
05:17:31 #40 OK SELECT id=1750068 via doris-1 rows=10152 [doris-1:f:up doris-2:f:DOWN doris-3:M:up]
05:17:32 #41 OK DELETE id=1750068 via doris-1 rows=10151 [doris-1:f:up doris-2:f:DOWN doris-3:M:up]
05:17:33 #42 OK SELECT id=1750068 via doris-1 rows=10150 [doris-1:f:up doris-2:f:DOWN doris-3:M:up]
05:17:34 #43 OK INSERT id=1750069 via doris-1 rows=10151 [doris-1:f:up doris-2:f:DOWN doris-3:M:up]
05:17:35 #44 OK UPSERT id=1750069 via doris-1 rows=10152 [doris-1:f:up doris-2:f:DOWN doris-3:M:up]
05:17:36 #45 OK SELECT id=1750069 via doris-1 rows=10152 [doris-1:f:up doris-2:f:DOWN doris-3:M:up]
05:17:37 #46 OK DELETE id=1750069 via doris-1 rows=10151 [doris-1:f:up doris-2:f:DOWN doris-3:M:up]
05:17:39 #47 OK SELECT id=1750069 via doris-1 rows=10150 [doris-1:f:up doris-2:f:DOWN doris-3:M:up]
05:17:40 #48 OK INSERT id=1750070 via doris-1 rows=10151 [doris-1:f:up doris-2:f:DOWN doris-3:M:up]
05:17:41 #49 OK UPSERT id=1750070 via doris-1 rows=10152 [doris-1:f:up doris-2:f:DOWN doris-3:M:up]
05:17:42 #50 OK SELECT id=1750070 via doris-1 rows=10152 [doris-1:f:up doris-2:f:DOWN doris-3:M:up]
05:17:43 #51 OK DELETE id=1750070 via doris-1 rows=10151 [doris-1:f:up doris-2:f:DOWN doris-3:M:up]
05:17:44 #52 OK SELECT id=1750070 via doris-1 rows=10150 [doris-1:f:up doris-2:f:DOWN doris-3:M:up]
05:17:45 #53 OK INSERT id=1750071 via doris-1 rows=10151 [doris-1:f:up doris-2:f:DOWN doris-3:M:up]
05:17:45 EVENT break: doris-2 is down
05:17:46 #54 OK UPSERT id=1750071 via doris-1 rows=10152 [doris-1:f:up doris-2:f:DOWN doris-3:M:up]
05:17:47 #55 OK SELECT id=1750071 via doris-1 rows=10152 [doris-1:f:up doris-2:f:DOWN doris-3:M:up]
05:17:48 #56 OK DELETE id=1750071 via doris-1 rows=10151 [doris-1:f:up doris-2:f:DOWN doris-3:M:up]
05:17:49 #57 OK SELECT id=1750071 via doris-1 rows=10151 [doris-1:f:up doris-2:f:DOWN doris-3:M:up]
05:17:50 #58 OK INSERT id=1750072 via doris-1 rows=10151 [doris-1:f:up doris-2:f:DOWN doris-3:M:up]
05:17:51 #59 OK UPSERT id=1750072 via doris-1 rows=10152 [doris-1:f:up doris-2:f:DOWN doris-3:M:up]
05:17:52 #60 OK SELECT id=1750072 via doris-1 rows=10152 [doris-1:f:up doris-2:f:DOWN doris-3:M:up]
05:17:54 #61 OK DELETE id=1750072 via doris-1 rows=10151 [doris-1:f:up doris-2:f:DOWN doris-3:M:up]
05:17:55 #62 OK SELECT id=1750072 via doris-1 rows=10151 [doris-1:f:up doris-2:f:DOWN doris-3:M:up]
05:17:56 #63 OK INSERT id=1750073 via doris-1 rows=10151 [doris-1:f:up doris-2:f:DOWN doris-3:M:up]
05:17:57 #64 OK UPSERT id=1750073 via doris-1 rows=10152 [doris-1:f:up doris-2:f:DOWN doris-3:M:up]
05:17:58 #65 OK SELECT id=1750073 via doris-1 rows=10152 [doris-1:f:up doris-2:f:DOWN doris-3:M:up]
05:17:59 #66 OK DELETE id=1750073 via doris-1 rows=10151 [doris-1:f:up doris-2:f:DOWN doris-3:M:up]
05:18:00 #67 OK SELECT id=1750073 via doris-1 rows=10151 [doris-1:f:up doris-2:f:DOWN doris-3:M:up]
05:18:01 #68 OK INSERT id=1750074 via doris-1 rows=10151 [doris-1:f:up doris-2:f:DOWN doris-3:M:up]
05:18:02 #69 OK UPSERT id=1750074 via doris-1 rows=10152 [doris-1:f:up doris-2:f:DOWN doris-3:M:up]
05:18:03 #70 OK SELECT id=1750074 via doris-1 rows=10152 [doris-1:f:up doris-2:f:DOWN doris-3:M:up]
05:18:04 #71 OK DELETE id=1750074 via doris-1 rows=10151 [doris-1:f:up doris-2:f:DOWN doris-3:M:up]
05:18:05 #72 OK SELECT id=1750074 via doris-1 rows=10151 [doris-1:f:up doris-2:f:DOWN doris-3:M:up]
05:18:06 #73 OK INSERT id=1750075 via doris-1 rows=10151 [doris-1:f:up doris-2:f:DOWN doris-3:M:up]
05:18:07 #74 OK UPSERT id=1750075 via doris-1 rows=10151 [doris-1:f:up doris-2:f:DOWN doris-3:M:up]
05:18:08 #75 OK SELECT id=1750075 via doris-1 rows=10152 [doris-1:f:up doris-2:f:DOWN doris-3:M:up]
05:18:10 #76 OK DELETE id=1750075 via doris-1 rows=10151 [doris-1:f:up doris-2:f:DOWN doris-3:M:up]
05:18:11 #77 OK SELECT id=1750075 via doris-1 rows=10151 [doris-1:f:up doris-2:f:DOWN doris-3:M:up]
05:18:12 #78 OK INSERT id=1750076 via doris-1 rows=10151 [doris-1:f:up doris-2:f:DOWN doris-3:M:up]
05:18:13 #79 OK UPSERT id=1750076 via doris-1 rows=10151 [doris-1:f:up doris-2:f:DOWN doris-3:M:up]
05:18:14 #80 OK SELECT id=1750076 via doris-1 rows=10152 [doris-1:f:up doris-2:f:DOWN doris-3:M:up]
05:18:15 #81 OK DELETE id=1750076 via doris-1 rows=10151 [doris-1:f:up doris-2:f:DOWN doris-3:M:up]
05:18:16 #82 OK SELECT id=1750076 via doris-1 rows=10151 [doris-1:f:up doris-2:f:DOWN doris-3:M:up]
05:18:17 #83 OK INSERT id=1750077 via doris-1 rows=10151 [doris-1:f:up doris-2:f:DOWN doris-3:M:up]
05:18:18 EVENT break: vm stop on doris-1 (FE follower)
05:18:18 #84 OK UPSERT id=1750077 via doris-1 rows=10151 [doris-1:f:up doris-2:f:DOWN doris-3:M:up]
05:18:19 #85 OK SELECT id=1750077 via doris-1 rows=10152 [doris-1:f:up doris-2:f:DOWN doris-3:M:up]
05:18:20 #86 FAIL DELETE id=1750077 via doris-1: OperationalError: (2013, 'Lost connection to MySQL server during query ([Errno 104] Connection reset by peer)')
05:18:31 #86 FAIL SELECT(check) id=1 via doris-3: OperationalError: (2013, 'Lost connection to MySQL server during query (timed out)')
05:18:41 EVENT break: doris-1 is down
05:18:46 connected to doris-3 (10.140.0.4)
05:18:46 #87 FAIL INSERT id=1750078 via doris-3: InterfaceError: (0, '')
05:19:01 #87 FAIL SELECT(check) id=1 via doris-3: OperationalError: (2013, 'Lost connection to MySQL server during query (timed out)')
05:19:16 connected to doris-3 (10.140.0.4)
05:19:16 #88 FAIL INSERT id=1750079 via doris-3: InterfaceError: (0, '')
05:19:30 #88 FAIL SELECT(check) id=1 via doris-3: OperationalError: (2013, 'Lost connection to MySQL server during query (timed out)')
05:19:45 connected to doris-3 (10.140.0.4)
05:19:45 #89 FAIL INSERT id=1750080 via doris-3: InterfaceError: (0, '')
05:19:51 #89 FAIL SELECT(check) id=1 via -: RuntimeError: no FE reachable
05:19:58 #90 FAIL INSERT id=1750081 via doris-3: OperationalError: (2003, "Can't connect to MySQL server on '10.140.0.4' ([Errno 111] Connection refused)")
05:20:05 #90 FAIL SELECT(check) id=1 via -: RuntimeError: no FE reachable
05:20:12 #91 FAIL INSERT id=1750082 via doris-3: OperationalError: (2003, "Can't connect to MySQL server on '10.140.0.4' ([Errno 111] Connection refused)")
05:20:18 #91 FAIL SELECT(check) id=1 via -: RuntimeError: no FE reachable
05:20:24 EVENT restore: start doris-1
05:20:25 #92 FAIL INSERT id=1750083 via doris-3: OperationalError: (2003, "Can't connect to MySQL server on '10.140.0.4' ([Errno 111] Connection refused)")
05:20:31 #92 FAIL SELECT(check) id=1 via -: RuntimeError: no FE reachable
05:20:37 EVENT restore: start doris-2
05:20:38 #93 FAIL INSERT id=1750084 via doris-3: OperationalError: (2003, "Can't connect to MySQL server on '10.140.0.4' ([Errno 111] Connection refused)")
05:20:45 #93 FAIL SELECT(check) id=1 via -: RuntimeError: no FE reachable
05:20:49 #94 FAIL INSERT id=1750085 via doris-3: OperationalError: (2003, "Can't connect to MySQL server on '10.140.0.4' ([Errno 111] Connection refused)")
05:20:52 #94 FAIL SELECT(check) id=1 via -: RuntimeError: no FE reachable
05:20:56 #95 FAIL INSERT id=1750086 via doris-3: OperationalError: (2003, "Can't connect to MySQL server on '10.140.0.4' ([Errno 111] Connection refused)")
05:20:57 #95 FAIL SELECT(check) id=1 via -: RuntimeError: no FE reachable
05:20:58 #96 FAIL INSERT id=1750087 via doris-3: OperationalError: (2003, "Can't connect to MySQL server on '10.140.0.4' ([Errno 111] Connection refused)")
05:20:58 #96 FAIL SELECT(check) id=1 via -: RuntimeError: no FE reachable
05:21:00 #97 FAIL INSERT id=1750088 via doris-3: OperationalError: (2003, "Can't connect to MySQL server on '10.140.0.4' ([Errno 111] Connection refused)")
05:21:00 #97 FAIL SELECT(check) id=1 via -: RuntimeError: no FE reachable
05:21:01 #98 FAIL INSERT id=1750089 via doris-3: OperationalError: (2003, "Can't connect to MySQL server on '10.140.0.4' ([Errno 111] Connection refused)")
05:21:01 #98 FAIL SELECT(check) id=1 via -: RuntimeError: no FE reachable
05:21:02 #99 FAIL INSERT id=1750090 via doris-3: OperationalError: (2003, "Can't connect to MySQL server on '10.140.0.4' ([Errno 111] Connection refused)")
05:21:02 #99 FAIL SELECT(check) id=1 via -: RuntimeError: no FE reachable
05:21:05 connected to doris-1 (10.140.0.2)
05:21:06 #100 OK INSERT id=1750091 via doris-1 rows=10153 [doris-1:f:DOWN doris-2:f:DOWN doris-3:M:up] (recovered)
05:21:07 #101 OK UPSERT id=1750091 via doris-1 rows=10153 [doris-1:f:DOWN doris-2:f:DOWN doris-3:M:up]
05:21:09 #102 OK SELECT id=1750091 via doris-1 rows=10154 [doris-1:f:up doris-2:f:DOWN doris-3:M:up]
05:21:10 #103 OK DELETE id=1750091 via doris-1 rows=10153 [doris-1:f:up doris-2:f:DOWN doris-3:M:up]
05:21:11 #104 OK SELECT id=1750091 via doris-1 rows=10153 [doris-1:f:up doris-2:f:DOWN doris-3:M:up]
05:21:12 #105 OK INSERT id=1750092 via doris-1 rows=10153 [doris-1:f:up doris-2:f:DOWN doris-3:M:up]
05:21:13 #106 OK UPSERT id=1750092 via doris-1 rows=10153 [doris-1:f:up doris-2:f:DOWN doris-3:M:up]
05:21:14 #107 OK SELECT id=1750092 via doris-1 rows=10154 [doris-1:f:up doris-2:f:DOWN doris-3:M:up]
05:21:15 #108 OK DELETE id=1750092 via doris-1 rows=10153 [doris-1:f:up doris-2:f:DOWN doris-3:M:up]
05:21:16 #109 OK SELECT id=1750092 via doris-1 rows=10153 [doris-1:f:up doris-2:f:DOWN doris-3:M:up]
05:21:18 #110 OK INSERT id=1750093 via doris-1 rows=10153 [doris-1:f:up doris-2:f:DOWN doris-3:M:up]
05:21:19 #111 OK UPSERT id=1750093 via doris-1 rows=10153 [doris-1:f:up doris-2:f:DOWN doris-3:M:up]
05:21:20 #112 OK SELECT id=1750093 via doris-1 rows=10154 [doris-1:f:up doris-2:f:DOWN doris-3:M:up]
05:21:21 #113 OK DELETE id=1750093 via doris-1 rows=10153 [doris-1:f:up doris-2:f:DOWN doris-3:M:up]
05:21:22 #114 OK SELECT id=1750093 via doris-1 rows=10153 [doris-1:f:up doris-2:f:DOWN doris-3:M:up]
05:21:23 #115 OK INSERT id=1750094 via doris-1 rows=10153 [doris-1:f:up doris-2:f:DOWN doris-3:M:up]
05:21:24 #116 OK UPSERT id=1750094 via doris-1 rows=10153 [doris-1:f:up doris-2:f:DOWN doris-3:M:up]
05:21:25 #117 OK SELECT id=1750094 via doris-1 rows=10154 [doris-1:f:up doris-2:f:DOWN doris-3:M:up]
05:21:26 #118 OK DELETE id=1750094 via doris-1 rows=10153 [doris-1:f:up doris-2:f:DOWN doris-3:M:up]
05:21:28 #119 OK SELECT id=1750094 via doris-1 rows=10153 [doris-1:f:up doris-2:f:DOWN doris-3:M:up]
05:21:29 #120 OK INSERT id=1750095 via doris-1 rows=10153 [doris-1:f:up doris-2:f:up doris-3:M:up]
05:21:30 #121 OK UPSERT id=1750095 via doris-1 rows=10153 [doris-1:f:up doris-2:f:up doris-3:M:up]
05:21:31 #122 OK SELECT id=1750095 via doris-1 rows=10154 [doris-1:f:up doris-2:f:up doris-3:M:up]
05:21:32 #123 OK DELETE id=1750095 via doris-1 rows=10153 [doris-1:f:up doris-2:f:up doris-3:M:up]
05:21:33 #124 OK SELECT id=1750095 via doris-1 rows=10153 [doris-1:f:up doris-2:f:up doris-3:M:up]
05:21:34 #125 OK INSERT id=1750096 via doris-1 rows=10153 [doris-1:f:up doris-2:f:up doris-3:M:up]
05:21:35 #126 OK UPSERT id=1750096 via doris-1 rows=10153 [doris-1:f:up doris-2:f:up doris-3:M:up]
05:21:36 #127 OK SELECT id=1750096 via doris-1 rows=10154 [doris-1:f:up doris-2:f:up doris-3:M:up]
05:21:37 #128 OK DELETE id=1750096 via doris-1 rows=10153 [doris-1:f:up doris-2:f:up doris-3:M:up]
05:21:39 #129 OK SELECT id=1750096 via doris-1 rows=10153 [doris-1:f:up doris-2:f:up doris-3:M:up]
05:21:40 #130 OK INSERT id=1750097 via doris-1 rows=10153 [doris-1:f:up doris-2:f:up doris-3:M:up]
05:21:41 #131 OK UPSERT id=1750097 via doris-1 rows=10153 [doris-1:f:up doris-2:f:up doris-3:M:up]
05:21:42 #132 OK SELECT id=1750097 via doris-1 rows=10154 [doris-1:f:up doris-2:f:up doris-3:M:up]
05:21:43 #133 OK DELETE id=1750097 via doris-1 rows=10153 [doris-1:f:up doris-2:f:up doris-3:M:up]
05:21:44 #134 OK SELECT id=1750097 via doris-1 rows=10153 [doris-1:f:up doris-2:f:up doris-3:M:up]
05:21:45 #135 OK INSERT id=1750098 via doris-1 rows=10153 [doris-1:f:up doris-2:f:up doris-3:M:up]
05:21:46 EVENT restore: cluster healthy
05:21:46 #136 OK UPSERT id=1750098 via doris-1 rows=10153 [doris-1:f:up doris-2:f:up doris-3:M:up]
05:21:47 #137 OK SELECT id=1750098 via doris-1 rows=10154 [doris-1:f:up doris-2:f:up doris-3:M:up]
05:21:48 #138 OK DELETE id=1750098 via doris-1 rows=10153 [doris-1:f:up doris-2:f:up doris-3:M:up]
05:21:50 #139 OK SELECT id=1750098 via doris-1 rows=10153 [doris-1:f:up doris-2:f:up doris-3:M:up]
05:21:51 #140 OK INSERT id=1750099 via doris-1 rows=10153 [doris-1:f:up doris-2:f:up doris-3:M:up]
05:21:52 #141 OK UPSERT id=1750099 via doris-1 rows=10153 [doris-1:f:up doris-2:f:up doris-3:M:up]
05:21:53 #142 OK SELECT id=1750099 via doris-1 rows=10154 [doris-1:f:up doris-2:f:up doris-3:M:up]
05:21:54 #143 OK DELETE id=1750099 via doris-1 rows=10153 [doris-1:f:up doris-2:f:up doris-3:M:up]
05:21:55 #144 OK SELECT id=1750099 via doris-1 rows=10153 [doris-1:f:up doris-2:f:up doris-3:M:up]
05:21:56 #145 OK INSERT id=1750100 via doris-1 rows=10153 [doris-1:f:up doris-2:f:up doris-3:M:up]
05:21:57 #146 OK UPSERT id=1750100 via doris-1 rows=10153 [doris-1:f:up doris-2:f:up doris-3:M:up]
05:21:58 #147 OK SELECT id=1750100 via doris-1 rows=10154 [doris-1:f:up doris-2:f:up doris-3:M:up]
05:21:59 #148 OK DELETE id=1750100 via doris-1 rows=10153 [doris-1:f:up doris-2:f:up doris-3:M:up]
05:22:00 #149 OK SELECT id=1750100 via doris-1 rows=10153 [doris-1:f:up doris-2:f:up doris-3:M:up]
05:22:02 #150 OK INSERT id=1750101 via doris-1 rows=10153 [doris-1:f:up doris-2:f:up doris-3:M:up]
05:22:03 #151 OK UPSERT id=1750101 via doris-1 rows=10153 [doris-1:f:up doris-2:f:up doris-3:M:up]
05:22:04 #152 OK SELECT id=1750101 via doris-1 rows=10154 [doris-1:f:up doris-2:f:up doris-3:M:up]
05:22:05 #153 OK DELETE id=1750101 via doris-1 rows=10153 [doris-1:f:up doris-2:f:up doris-3:M:up]
05:22:06 #154 OK SELECT id=1750101 via doris-1 rows=10153 [doris-1:f:up doris-2:f:up doris-3:M:up]
05:22:07 #155 OK INSERT id=1750102 via doris-1 rows=10153 [doris-1:f:up doris-2:f:up doris-3:M:up]
05:22:08 #156 OK UPSERT id=1750102 via doris-1 rows=10153 [doris-1:f:up doris-2:f:up doris-3:M:up]
05:22:09 #157 OK SELECT id=1750102 via doris-1 rows=10154 [doris-1:f:up doris-2:f:up doris-3:M:up]
05:22:10 #158 OK DELETE id=1750102 via doris-1 rows=10153 [doris-1:f:up doris-2:f:up doris-3:M:up]
05:22:11 #159 OK SELECT id=1750102 via doris-1 rows=10153 [doris-1:f:up doris-2:f:up doris-3:M:up]
05:22:12 #160 OK INSERT id=1750103 via doris-1 rows=10153 [doris-1:f:up doris-2:f:up doris-3:M:up]
