17:55:18 PROBE start proto=mysql hosts=doris-1,doris-2,doris-3 duration=86400s cycle=INSERT>UPSERT>SELECT>DELETE>SELECT
17:55:18 connected to doris-1 (10.140.0.2)
17:55:18 #1 OK INSERT id=1661180 via doris-1 rows=10205 [doris-1:f:up doris-2:f:up doris-3:M:up]
17:55:19 #2 OK UPSERT id=1661180 via doris-1 rows=10206 [doris-1:f:up doris-2:f:up doris-3:M:up]
17:55:20 #3 OK SELECT id=1661180 via doris-1 rows=10206 [doris-1:f:up doris-2:f:up doris-3:M:up]
17:55:21 #4 OK DELETE id=1661180 via doris-1 rows=10205 [doris-1:f:up doris-2:f:up doris-3:M:up]
17:55:22 #5 OK SELECT id=1661180 via doris-1 rows=10204 [doris-1:f:up doris-2:f:up doris-3:M:up]
17:55:23 #6 OK INSERT id=1661181 via doris-1 rows=10205 [doris-1:f:up doris-2:f:up doris-3:M:up]
17:55:24 #7 OK UPSERT id=1661181 via doris-1 rows=10206 [doris-1:f:up doris-2:f:up doris-3:M:up]
17:55:25 #8 OK SELECT id=1661181 via doris-1 rows=10206 [doris-1:f:up doris-2:f:up doris-3:M:up]
17:55:27 #9 OK DELETE id=1661181 via doris-1 rows=10205 [doris-1:f:up doris-2:f:up doris-3:M:up]
17:55:28 #10 OK SELECT id=1661181 via doris-1 rows=10204 [doris-1:f:up doris-2:f:up doris-3:M:up]
17:55:29 #11 OK INSERT id=1661182 via doris-1 rows=10205 [doris-1:f:up doris-2:f:up doris-3:M:up]
17:55:30 #12 OK UPSERT id=1661182 via doris-1 rows=10206 [doris-1:f:up doris-2:f:up doris-3:M:up]
17:55:31 #13 OK SELECT id=1661182 via doris-1 rows=10206 [doris-1:f:up doris-2:f:up doris-3:M:up]
17:55:32 #14 OK DELETE id=1661182 via doris-1 rows=10205 [doris-1:f:up doris-2:f:up doris-3:M:up]
17:55:33 #15 OK SELECT id=1661182 via doris-1 rows=10204 [doris-1:f:up doris-2:f:up doris-3:M:up]
17:55:34 #16 OK INSERT id=1661183 via doris-1 rows=10205 [doris-1:f:up doris-2:f:up doris-3:M:up]
17:55:35 #17 OK UPSERT id=1661183 via doris-1 rows=10206 [doris-1:f:up doris-2:f:up doris-3:M:up]
17:55:36 #18 OK SELECT id=1661183 via doris-1 rows=10206 [doris-1:f:up doris-2:f:up doris-3:M:up]
17:55:37 #19 OK DELETE id=1661183 via doris-1 rows=10205 [doris-1:f:up doris-2:f:up doris-3:M:up]
17:55:38 #20 OK SELECT id=1661183 via doris-1 rows=10204 [doris-1:f:up doris-2:f:up doris-3:M:up]
17:55:39 #21 OK INSERT id=1661184 via doris-1 rows=10205 [doris-1:f:up doris-2:f:up doris-3:M:up]
17:55:41 #22 OK UPSERT id=1661184 via doris-1 rows=10206 [doris-1:f:up doris-2:f:up doris-3:M:up]
17:55:42 #23 OK SELECT id=1661184 via doris-1 rows=10206 [doris-1:f:up doris-2:f:up doris-3:M:up]
17:55:43 #24 OK DELETE id=1661184 via doris-1 rows=10205 [doris-1:f:up doris-2:f:up doris-3:M:up]
17:55:44 #25 OK SELECT id=1661184 via doris-1 rows=10204 [doris-1:f:up doris-2:f:up doris-3:M:up]
17:55:45 #26 OK INSERT id=1661185 via doris-1 rows=10205 [doris-1:f:up doris-2:f:up doris-3:M:up]
17:55:46 #27 OK UPSERT id=1661185 via doris-1 rows=10206 [doris-1:f:up doris-2:f:up doris-3:M:up]
17:55:47 #28 OK SELECT id=1661185 via doris-1 rows=10206 [doris-1:f:up doris-2:f:up doris-3:M:up]
17:55:48 #29 OK DELETE id=1661185 via doris-1 rows=10205 [doris-1:f:up doris-2:f:up doris-3:M:up]
17:55:49 #30 OK SELECT id=1661185 via doris-1 rows=10204 [doris-1:f:up doris-2:f:up doris-3:M:up]
17:55:50 #31 OK INSERT id=1661186 via doris-1 rows=10205 [doris-1:f:up doris-2:f:up doris-3:M:up]
17:55:51 #32 OK UPSERT id=1661186 via doris-1 rows=10206 [doris-1:f:up doris-2:f:up doris-3:M:up]
17:55:52 EVENT break: vm stop on doris-1 (FE follower)
17:55:52 #33 OK SELECT id=1661186 via doris-1 rows=10206 [doris-1:f:up doris-2:f:up doris-3:M:up]
17:55:53 #34 OK DELETE id=1661186 via doris-1 rows=10205 [doris-1:f:up doris-2:f:up doris-3:M:up]
17:55:54 #35 OK SELECT id=1661186 via doris-1 rows=10204 [doris-1:f:up doris-2:f:up doris-3:M:up]
17:55:55 #36 FAIL INSERT id=1661187 via doris-1: OperationalError: (2013, 'Lost connection to MySQL server during query')
17:55:58 #36 OK SELECT(check) id=1 via doris-2
17:56:10 connected to doris-2 (10.140.0.3)
17:56:10 #37 FAIL INSERT id=1661188 via doris-2: InterfaceError: (0, '')
17:56:14 #37 OK SELECT(check) id=1 via doris-2
17:56:16 EVENT break: doris-1 is down
17:56:18 connected to doris-2 (10.140.0.3)
17:56:18 #38 OK INSERT id=1661189 via doris-2 rows=10206 [doris-1:f:DOWN doris-2:f:up doris-3:M:up] (recovered)
17:56:19 #39 OK UPSERT id=1661189 via doris-2 rows=10205 [doris-1:f:DOWN doris-2:f:up doris-3:M:up]
17:56:20 #40 OK SELECT id=1661189 via doris-2 rows=10205 [doris-1:f:DOWN doris-2:f:up doris-3:M:up]
17:56:21 #41 OK DELETE id=1661189 via doris-2 rows=10205 [doris-1:f:DOWN doris-2:f:up doris-3:M:up]
17:56:22 #42 OK SELECT id=1661189 via doris-2 rows=10205 [doris-1:f:DOWN doris-2:f:up doris-3:M:up]
17:56:24 #43 OK INSERT id=1661190 via doris-2 rows=10206 [doris-1:f:DOWN doris-2:f:up doris-3:M:up]
17:56:25 #44 OK UPSERT id=1661190 via doris-2 rows=10205 [doris-1:f:DOWN doris-2:f:up doris-3:M:up]
17:56:26 #45 OK SELECT id=1661190 via doris-2 rows=10205 [doris-1:f:DOWN doris-2:f:up doris-3:M:up]
17:56:27 #46 OK DELETE id=1661190 via doris-2 rows=10205 [doris-1:f:DOWN doris-2:f:up doris-3:M:up]
17:56:28 #47 OK SELECT id=1661190 via doris-2 rows=10205 [doris-1:f:DOWN doris-2:f:up doris-3:M:up]
17:56:29 #48 OK INSERT id=1661191 via doris-2 rows=10206 [doris-1:f:DOWN doris-2:f:up doris-3:M:up]
17:56:30 #49 OK UPSERT id=1661191 via doris-2 rows=10206 [doris-1:f:DOWN doris-2:f:up doris-3:M:up]
17:56:31 #50 OK SELECT id=1661191 via doris-2 rows=10206 [doris-1:f:DOWN doris-2:f:up doris-3:M:up]
17:56:32 #51 OK DELETE id=1661191 via doris-2 rows=10204 [doris-1:f:DOWN doris-2:f:up doris-3:M:up]
17:56:33 #52 OK SELECT id=1661191 via doris-2 rows=10204 [doris-1:f:DOWN doris-2:f:up doris-3:M:up]
17:56:35 #53 OK INSERT id=1661192 via doris-2 rows=10206 [doris-1:f:DOWN doris-2:f:up doris-3:M:up]
17:56:36 #54 OK UPSERT id=1661192 via doris-2 rows=10206 [doris-1:f:DOWN doris-2:f:up doris-3:M:up]
17:56:37 #55 OK SELECT id=1661192 via doris-2 rows=10206 [doris-1:f:DOWN doris-2:f:up doris-3:M:up]
17:56:38 #56 OK DELETE id=1661192 via doris-2 rows=10204 [doris-1:f:DOWN doris-2:f:up doris-3:M:up]
17:56:39 #57 OK SELECT id=1661192 via doris-2 rows=10204 [doris-1:f:DOWN doris-2:f:up doris-3:M:up]
17:56:40 #58 OK INSERT id=1661193 via doris-2 rows=10206 [doris-1:f:DOWN doris-2:f:up doris-3:M:up]
17:56:41 #59 OK UPSERT id=1661193 via doris-2 rows=10206 [doris-1:f:DOWN doris-2:f:up doris-3:M:up]
17:56:42 #60 OK SELECT id=1661193 via doris-2 rows=10206 [doris-1:f:DOWN doris-2:f:up doris-3:M:up]
17:56:43 #61 OK DELETE id=1661193 via doris-2 rows=10204 [doris-1:f:DOWN doris-2:f:up doris-3:M:up]
17:56:44 #62 OK SELECT id=1661193 via doris-2 rows=10204 [doris-1:f:DOWN doris-2:f:up doris-3:M:up]
17:56:45 #63 OK INSERT id=1661194 via doris-2 rows=10206 [doris-1:f:DOWN doris-2:f:up doris-3:M:up]
17:56:46 #64 OK UPSERT id=1661194 via doris-2 rows=10206 [doris-1:f:DOWN doris-2:f:up doris-3:M:up]
17:56:48 #65 OK SELECT id=1661194 via doris-2 rows=10206 [doris-1:f:DOWN doris-2:f:up doris-3:M:up]
17:56:49 #66 OK DELETE id=1661194 via doris-2 rows=10205 [doris-1:f:DOWN doris-2:f:up doris-3:M:up]
17:56:50 #67 OK SELECT id=1661194 via doris-2 rows=10205 [doris-1:f:DOWN doris-2:f:up doris-3:M:up]
17:56:51 #68 OK INSERT id=1661195 via doris-2 rows=10206 [doris-1:f:DOWN doris-2:f:up doris-3:M:up]
17:56:51 EVENT break: be dead on doris-2 (FE follower)
17:56:52 #69 OK UPSERT id=1661195 via doris-2 rows=10205 [doris-1:f:DOWN doris-2:f:up doris-3:M:up]
17:56:53 #70 OK SELECT id=1661195 via doris-2 rows=10205 [doris-1:f:DOWN doris-2:f:up doris-3:M:up]
17:56:54 #71 FAIL DELETE id=1661195 via doris-2: OperationalError: (1105, 'send fragments failed. io.grpc.StatusRuntimeException: UNAVAILABLE: io exception, host: 10.140.0.3')
17:56:57 #71 OK SELECT(check) id=1 via doris-2
17:57:01 connected to doris-2 (10.140.0.3)
17:57:01 #72 FAIL INSERT id=1661196 via doris-2: OperationalError: (1105, 'errCode = 2, detailMessage = (10.140.0.4)[INTERNAL_ERROR]failed to open DeltaWriter 1789045666400: fai
17:57:04 #72 FAIL SELECT(check) id=1 via doris-2: OperationalError: (1105, 'RpcException, msg: send fragments failed. io.grpc.StatusRuntimeException: UNAVAILA
17:57:08 connected to doris-2 (10.140.0.3)
17:57:08 #73 FAIL INSERT id=1661197 via doris-2: OperationalError: (1105, 'send fragments failed. io.grpc.StatusRuntimeException: UNAVAILABLE: io exception, host: 10.140.0.3')
17:57:12 #73 FAIL SELECT(check) id=1 via doris-2: OperationalError: (1105, 'RpcException, msg: send fragments failed. io.grpc.StatusRuntimeException: UNAVAILA
17:57:16 connected to doris-2 (10.140.0.3)
17:57:16 #74 FAIL INSERT id=1661198 via doris-2: OperationalError: (1105, 'send fragments failed. io.grpc.StatusRuntimeException: UNAVAILABLE: io exception, host: 10.140.0.3')
17:57:19 #74 FAIL SELECT(check) id=1 via doris-2: OperationalError: (1105, 'RpcException, msg: send fragments failed. io.grpc.StatusRuntimeException: UNAVAILA
17:57:23 connected to doris-2 (10.140.0.3)
17:57:23 #75 FAIL INSERT id=1661199 via doris-2: OperationalError: (1105, 'errCode = 2, detailMessage = errCode = 3, detailMessage = tablet 1789045666396 alive replica num 1 < l
17:57:26 #75 OK SELECT(check) id=1 via doris-2
17:57:30 connected to doris-2 (10.140.0.3)
17:57:30 #76 FAIL INSERT id=1661200 via doris-2: OperationalError: (1105, 'errCode = 2, detailMessage = errCode = 3, detailMessage = tablet 1789045666396 alive replica num 1 < l
17:57:31 EVENT break: fe dead on doris-3 (FE master)
17:57:33 #76 OK SELECT(check) id=1 via doris-2
17:57:37 connected to doris-2 (10.140.0.3)
17:57:37 #77 FAIL INSERT id=1661201 via doris-2: OperationalError: (1105, 'Exception, msg: Failed to get master client.')
17:57:40 #77 OK SELECT(check) id=1 via doris-2
17:57:44 connected to doris-2 (10.140.0.3)
17:57:44 #78 FAIL INSERT id=1661202 via doris-2: OperationalError: (1105, 'Exception, msg: Failed to get master client.')
17:57:47 #78 OK SELECT(check) id=1 via doris-2
17:57:52 connected to doris-2 (10.140.0.3)
17:57:52 #79 FAIL INSERT id=1661203 via doris-2: OperationalError: (1105, 'Exception, msg: Failed to get master client.')
17:57:55 #79 OK SELECT(check) id=1 via doris-2
17:57:59 connected to doris-2 (10.140.0.3)
17:57:59 #80 FAIL INSERT id=1661204 via doris-2: OperationalError: (1105, 'Exception, msg: Failed to get master client.')
17:58:02 #80 OK SELECT(check) id=1 via doris-2
17:58:06 connected to doris-2 (10.140.0.3)
17:58:06 #81 FAIL INSERT id=1661205 via doris-2: OperationalError: (1105, 'Exception, msg: Failed to get master client.')
17:58:09 #81 OK SELECT(check) id=1 via doris-2
17:58:13 connected to doris-2 (10.140.0.3)
17:58:13 #82 FAIL INSERT id=1661206 via doris-2: OperationalError: (1105, 'Exception, msg: Failed to get master client.')
17:58:16 #82 OK SELECT(check) id=1 via doris-2
17:58:20 connected to doris-2 (10.140.0.3)
17:58:20 #83 FAIL INSERT id=1661207 via doris-2: OperationalError: (1105, 'Exception, msg: Failed to get master client.')
17:58:23 #83 OK SELECT(check) id=1 via doris-2
17:58:27 connected to doris-2 (10.140.0.3)
17:58:27 #84 FAIL INSERT id=1661208 via doris-2: OperationalError: (1105, 'Exception, msg: Failed to get master client.')
17:58:30 #84 OK SELECT(check) id=1 via doris-2
17:58:34 connected to doris-2 (10.140.0.3)
17:58:34 #85 FAIL INSERT id=1661209 via doris-2: OperationalError: (1105, 'Exception, msg: Failed to get master client.')
17:58:37 #85 OK SELECT(check) id=1 via doris-2
17:58:42 connected to doris-2 (10.140.0.3)
17:58:42 #86 FAIL INSERT id=1661210 via doris-2: OperationalError: (1105, 'Exception, msg: Failed to get master client.')
17:58:45 #86 OK SELECT(check) id=1 via doris-2
17:58:49 connected to doris-2 (10.140.0.3)
17:58:49 #87 FAIL INSERT id=1661211 via doris-2: OperationalError: (1105, 'Exception, msg: Failed to get master client.')
17:58:52 #87 OK SELECT(check) id=1 via doris-2
17:58:56 connected to doris-2 (10.140.0.3)
17:58:56 #88 FAIL INSERT id=1661212 via doris-2: OperationalError: (1105, 'Exception, msg: Failed to get master client.')
17:58:59 #88 OK SELECT(check) id=1 via doris-2
17:59:03 connected to doris-2 (10.140.0.3)
17:59:03 #89 FAIL INSERT id=1661213 via doris-2: OperationalError: (1105, 'Exception, msg: Failed to get master client.')
17:59:06 #89 OK SELECT(check) id=1 via doris-2
17:59:10 connected to doris-2 (10.140.0.3)
17:59:10 #90 FAIL INSERT id=1661214 via doris-2: OperationalError: (1105, 'Exception, msg: Failed to get master client.')
17:59:13 #90 OK SELECT(check) id=1 via doris-2
17:59:15 EVENT restore: systemctl start doris-fe on doris-3
17:59:17 connected to doris-2 (10.140.0.3)
17:59:17 #91 FAIL INSERT id=1661215 via doris-2: OperationalError: (1105, 'Exception, msg: Failed to get master client.')
17:59:19 EVENT restore: systemctl start doris-be on doris-2
17:59:20 #91 OK SELECT(check) id=1 via doris-2
17:59:24 connected to doris-2 (10.140.0.3)
17:59:24 #92 FAIL INSERT id=1661216 via doris-2: OperationalError: (1105, 'Exception, msg: Failed to get master client.')
17:59:25 EVENT restore: start doris-1
17:59:28 #92 OK SELECT(check) id=1 via doris-2
17:59:32 connected to doris-2 (10.140.0.3)
17:59:32 #93 FAIL INSERT id=1661217 via doris-2: OperationalError: (1105, 'Exception, msg: Failed to get master client.')
17:59:35 #93 OK SELECT(check) id=1 via doris-2
17:59:39 connected to doris-2 (10.140.0.3)
17:59:39 #94 FAIL INSERT id=1661218 via doris-2: OperationalError: (1105, 'Exception, msg: Failed to get master client.')
17:59:42 #94 OK SELECT(check) id=1 via doris-2
17:59:46 connected to doris-2 (10.140.0.3)
17:59:46 #95 FAIL INSERT id=1661219 via doris-2: OperationalError: (1105, 'Exception, msg: Failed to get master client.')
17:59:49 #95 OK SELECT(check) id=1 via doris-2
17:59:53 connected to doris-2 (10.140.0.3)
17:59:53 #96 FAIL INSERT id=1661220 via doris-2: OperationalError: (1105, 'Exception, msg: Failed to get master client.')
17:59:53 #96 FAIL SELECT(check) id=1 via doris-2: OperationalError: (1105, 'RpcException, msg: send fragments failed. io.grpc.StatusRuntimeException: UNAVAILA
17:59:54 connected to doris-2 (10.140.0.3)
17:59:55 #97 FAIL INSERT id=1661221 via doris-2: OperationalError: (1105, 'errCode = 2, detailMessage = errCode = 3, detailMessage = tablet 1789045666396 alive replica num 1 < l
17:59:55 #97 FAIL SELECT(check) id=1 via doris-2: OperationalError: (1105, 'RpcException, msg: send fragments failed. io.grpc.StatusRuntimeException: UNAVAILA
17:59:57 connected to doris-2 (10.140.0.3)
17:59:57 #98 FAIL INSERT id=1661222 via doris-2: OperationalError: (1105, 'errCode = 2, detailMessage = errCode = 3, detailMessage = tablet 1789045666396 alive replica num 1 < l
17:59:57 #98 FAIL SELECT(check) id=1 via doris-2: OperationalError: (1105, 'RpcException, msg: send fragments failed. io.grpc.StatusRuntimeException: UNAVAILA
17:59:58 connected to doris-2 (10.140.0.3)
17:59:58 #99 FAIL INSERT id=1661223 via doris-2: OperationalError: (1105, 'errCode = 2, detailMessage = errCode = 3, detailMessage = tablet 1789045666396 alive replica num 1 < l
17:59:58 #99 FAIL SELECT(check) id=1 via doris-2: OperationalError: (1105, 'RpcException, msg: send fragments failed. io.grpc.StatusRuntimeException: UNAVAILA
17:59:59 connected to doris-2 (10.140.0.3)
17:59:59 #100 FAIL INSERT id=1661224 via doris-2: OperationalError: (1105, 'errCode = 2, detailMessage = errCode = 3, detailMessage = tablet 1789045666396 alive replica num 1 < l
17:59:59 #100 FAIL SELECT(check) id=1 via doris-2: OperationalError: (1105, 'RpcException, msg: send fragments failed. io.grpc.StatusRuntimeException: UNAVAILA
18:00:00 connected to doris-2 (10.140.0.3)
18:00:00 #101 FAIL INSERT id=1661225 via doris-2: OperationalError: (1105, 'errCode = 2, detailMessage = errCode = 3, detailMessage = tablet 1789045666396 alive replica num 1 < l
18:00:00 #101 FAIL SELECT(check) id=1 via doris-2: OperationalError: (1105, 'RpcException, msg: send fragments failed. io.grpc.StatusRuntimeException: UNAVAILA
18:00:01 connected to doris-2 (10.140.0.3)
18:00:01 #102 FAIL INSERT id=1661226 via doris-2: OperationalError: (1105, 'errCode = 2, detailMessage = errCode = 3, detailMessage = tablet 1789045666396 alive replica num 1 < l
18:00:02 #102 FAIL SELECT(check) id=1 via doris-2: OperationalError: (1105, 'RpcException, msg: send fragments failed. io.grpc.StatusRuntimeException: UNAVAILA
18:00:03 connected to doris-2 (10.140.0.3)
18:00:03 #103 FAIL INSERT id=1661227 via doris-2: OperationalError: (1105, 'errCode = 2, detailMessage = errCode = 3, detailMessage = tablet 1789045666396 alive replica num 1 < l
18:00:03 #103 FAIL SELECT(check) id=1 via doris-2: OperationalError: (1105, 'RpcException, msg: send fragments failed. io.grpc.StatusRuntimeException: UNAVAILA
18:00:04 connected to doris-2 (10.140.0.3)
18:00:04 #104 FAIL INSERT id=1661228 via doris-2: OperationalError: (1105, 'errCode = 2, detailMessage = errCode = 3, detailMessage = tablet 1789045666396 alive replica num 0 < l
18:00:04 #104 FAIL SELECT(check) id=1 via doris-2: OperationalError: (1105, 'errCode = 2, detailMessage = tablet 1789045666408 has no queryable replicas. err: 
18:00:05 connected to doris-2 (10.140.0.3)
18:00:05 #105 FAIL INSERT id=1661229 via doris-2: OperationalError: (1105, 'errCode = 2, detailMessage = errCode = 3, detailMessage = tablet 1789045666396 alive replica num 0 < l
18:00:05 #105 FAIL SELECT(check) id=1 via doris-2: OperationalError: (1105, 'errCode = 2, detailMessage = tablet 1789045666408 has no queryable replicas. err: 
18:00:06 connected to doris-2 (10.140.0.3)
18:00:06 #106 FAIL INSERT id=1661230 via doris-2: OperationalError: (1105, 'errCode = 2, detailMessage = errCode = 3, detailMessage = tablet 1789045666396 alive replica num 0 < l
18:00:06 #106 FAIL SELECT(check) id=1 via doris-2: OperationalError: (1105, 'errCode = 2, detailMessage = tablet 1789045666408 has no queryable replicas. err: 
18:00:08 connected to doris-2 (10.140.0.3)
18:00:08 #107 FAIL INSERT id=1661231 via doris-2: OperationalError: (1105, 'errCode = 2, detailMessage = errCode = 3, detailMessage = tablet 1789045666396 alive replica num 0 < l
18:00:08 #107 FAIL SELECT(check) id=1 via doris-2: OperationalError: (1105, 'errCode = 2, detailMessage = tablet 1789045666408 has no queryable replicas. err: 
18:00:09 connected to doris-2 (10.140.0.3)
18:00:09 #108 FAIL INSERT id=1661232 via doris-2: OperationalError: (1105, 'errCode = 2, detailMessage = errCode = 3, detailMessage = tablet 1789045666396 alive replica num 0 < l
18:00:09 #108 FAIL SELECT(check) id=1 via doris-2: OperationalError: (1105, 'errCode = 2, detailMessage = tablet 1789045666408 has no queryable replicas. err: 
18:00:10 connected to doris-2 (10.140.0.3)
18:00:10 #109 FAIL INSERT id=1661233 via doris-2: OperationalError: (1105, 'errCode = 2, detailMessage = errCode = 3, detailMessage = tablet 1789045666396 alive replica num 0 < l
18:00:10 #109 FAIL SELECT(check) id=1 via doris-2: OperationalError: (1105, 'errCode = 2, detailMessage = tablet 1789045666408 has no queryable replicas. err: 
18:00:11 connected to doris-2 (10.140.0.3)
18:00:11 #110 FAIL INSERT id=1661234 via doris-2: OperationalError: (1105, 'errCode = 2, detailMessage = errCode = 3, detailMessage = tablet 1789045666396 alive replica num 0 < l
18:00:11 #110 FAIL SELECT(check) id=1 via doris-2: OperationalError: (1105, 'errCode = 2, detailMessage = tablet 1789045666408 has no queryable replicas. err: 
18:00:12 connected to doris-2 (10.140.0.3)
18:00:12 #111 FAIL INSERT id=1661235 via doris-2: OperationalError: (1105, 'errCode = 2, detailMessage = errCode = 3, detailMessage = tablet 1789045666396 alive replica num 0 < l
18:00:12 #111 FAIL SELECT(check) id=1 via doris-2: OperationalError: (1105, 'errCode = 2, detailMessage = tablet 1789045666408 has no queryable replicas. err: 
18:00:15 connected to doris-1 (10.140.0.2)
18:00:17 #112 OK INSERT id=1661236 via doris-1 rows=10207 [doris-1:f:up doris-2:f:up doris-3:M:up] (recovered)
18:00:18 #113 OK UPSERT id=1661236 via doris-1 rows=10208 [doris-1:f:up doris-2:f:up doris-3:M:up]
18:00:19 #114 OK SELECT id=1661236 via doris-1 rows=10208 [doris-1:f:up doris-2:f:up doris-3:M:up]
18:00:21 #115 OK DELETE id=1661236 via doris-1 rows=10206 [doris-1:f:up doris-2:f:up doris-3:M:up]
18:00:22 #116 OK SELECT id=1661236 via doris-1 rows=10206 [doris-1:f:up doris-2:f:up doris-3:M:up]
18:00:23 #117 OK INSERT id=1661237 via doris-1 rows=10208 [doris-1:f:up doris-2:f:up doris-3:M:up]
18:00:24 #118 OK UPSERT id=1661237 via doris-1 rows=10208 [doris-1:f:up doris-2:f:up doris-3:M:up]
18:00:25 #119 OK SELECT id=1661237 via doris-1 rows=10208 [doris-1:f:up doris-2:f:up doris-3:M:up]
18:00:26 #120 OK DELETE id=1661237 via doris-1 rows=10206 [doris-1:f:up doris-2:f:up doris-3:M:up]
18:00:27 #121 OK SELECT id=1661237 via doris-1 rows=10206 [doris-1:f:up doris-2:f:up doris-3:M:up]
18:00:28 #122 OK INSERT id=1661238 via doris-1 rows=10208 [doris-1:f:up doris-2:f:up doris-3:M:up]
18:00:30 #123 OK UPSERT id=1661238 via doris-1 rows=10208 [doris-1:f:up doris-2:f:up doris-3:M:up]
18:00:31 #124 OK SELECT id=1661238 via doris-1 rows=10208 [doris-1:f:up doris-2:f:up doris-3:M:up]
18:00:32 #125 OK DELETE id=1661238 via doris-1 rows=10206 [doris-1:f:up doris-2:f:up doris-3:M:up]
18:00:33 #126 OK SELECT id=1661238 via doris-1 rows=10206 [doris-1:f:up doris-2:f:up doris-3:M:up]
18:00:34 #127 OK INSERT id=1661239 via doris-1 rows=10208 [doris-1:f:up doris-2:f:up doris-3:M:up]
18:00:35 #128 OK UPSERT id=1661239 via doris-1 rows=10208 [doris-1:f:up doris-2:f:up doris-3:M:up]
18:00:36 #129 OK SELECT id=1661239 via doris-1 rows=10208 [doris-1:f:up doris-2:f:up doris-3:M:up]
18:00:37 #130 OK DELETE id=1661239 via doris-1 rows=10206 [doris-1:f:up doris-2:f:up doris-3:M:up]
18:00:38 #131 OK SELECT id=1661239 via doris-1 rows=10206 [doris-1:f:up doris-2:f:up doris-3:M:up]
18:00:39 EVENT restore: cluster healthy
18:00:39 #132 OK INSERT id=1661240 via doris-1 rows=10208 [doris-1:f:up doris-2:f:up doris-3:M:up]
18:00:41 #133 OK UPSERT id=1661240 via doris-1 rows=10208 [doris-1:f:up doris-2:f:up doris-3:M:up]
18:00:42 #134 OK SELECT id=1661240 via doris-1 rows=10208 [doris-1:f:up doris-2:f:up doris-3:M:up]
18:00:43 #135 OK DELETE id=1661240 via doris-1 rows=10206 [doris-1:f:up doris-2:f:up doris-3:M:up]
18:00:44 #136 OK SELECT id=1661240 via doris-1 rows=10206 [doris-1:f:up doris-2:f:up doris-3:M:up]
18:00:45 #137 OK INSERT id=1661241 via doris-1 rows=10208 [doris-1:f:up doris-2:f:up doris-3:M:up]
18:00:46 #138 OK UPSERT id=1661241 via doris-1 rows=10208 [doris-1:f:up doris-2:f:up doris-3:M:up]
18:00:47 #139 OK SELECT id=1661241 via doris-1 rows=10208 [doris-1:f:up doris-2:f:up doris-3:M:up]
18:00:48 #140 OK DELETE id=1661241 via doris-1 rows=10206 [doris-1:f:up doris-2:f:up doris-3:M:up]
18:00:49 #141 OK SELECT id=1661241 via doris-1 rows=10206 [doris-1:f:up doris-2:f:up doris-3:M:up]
18:00:50 #142 OK INSERT id=1661242 via doris-1 rows=10208 [doris-1:f:up doris-2:f:up doris-3:M:up]
18:00:51 #143 OK UPSERT id=1661242 via doris-1 rows=10208 [doris-1:f:up doris-2:f:up doris-3:M:up]
18:00:52 #144 OK SELECT id=1661242 via doris-1 rows=10208 [doris-1:f:up doris-2:f:up doris-3:M:up]
18:00:54 #145 OK DELETE id=1661242 via doris-1 rows=10206 [doris-1:f:up doris-2:f:up doris-3:M:up]
18:00:55 #146 OK SELECT id=1661242 via doris-1 rows=10206 [doris-1:f:up doris-2:f:up doris-3:M:up]
18:00:56 #147 OK INSERT id=1661243 via doris-1 rows=10208 [doris-1:f:up doris-2:f:up doris-3:M:up]
18:00:57 #148 OK UPSERT id=1661243 via doris-1 rows=10208 [doris-1:f:up doris-2:f:up doris-3:M:up]
18:00:58 #149 OK SELECT id=1661243 via doris-1 rows=10208 [doris-1:f:up doris-2:f:up doris-3:M:up]
18:00:59 #150 OK DELETE id=1661243 via doris-1 rows=10206 [doris-1:f:up doris-2:f:up doris-3:M:up]
18:01:00 #151 OK SELECT id=1661243 via doris-1 rows=10206 [doris-1:f:up doris-2:f:up doris-3:M:up]
18:01:01 #152 OK INSERT id=1661244 via doris-1 rows=10208 [doris-1:f:up doris-2:f:up doris-3:M:up]
18:01:02 #153 OK UPSERT id=1661244 via doris-1 rows=10208 [doris-1:f:up doris-2:f:up doris-3:M:up]
18:01:03 #154 OK SELECT id=1661244 via doris-1 rows=10208 [doris-1:f:up doris-2:f:up doris-3:M:up]
18:01:05 #155 OK DELETE id=1661244 via doris-1 rows=10206 [doris-1:f:up doris-2:f:up doris-3:M:up]
18:01:06 #156 OK SELECT id=1661244 via doris-1 rows=10206 [doris-1:f:up doris-2:f:up doris-3:M:up]
