04:33:34 PROBE start proto=arrow-flight hosts=doris-1,doris-2,doris-3 duration=86400s cycle=INSERT>UPSERT>SELECT>DELETE>SELECT
04:33:34 connected to doris-1 (10.140.0.2)
04:33:34 DML unsupported over arrow-flight (InternalError: RuntimeException, msg: getMysqlChannel not in mysql connection (Internal; ExecuteQuery)) — switching to SELECT-only mode
04:33:34 #1 OK SELECT id=3724140 via doris-1 rows=10121 [doris-1:f:up doris-2:M:up doris-3:f:up]
04:33:35 #2 OK SELECT id=3724140 via doris-1 rows=10122 [doris-1:f:up doris-2:M:up doris-3:f:up]
04:33:36 #3 OK SELECT id=3724140 via doris-1 rows=10122 [doris-1:f:up doris-2:M:up doris-3:f:up]
04:33:37 #4 OK SELECT id=3724140 via doris-1 rows=10121 [doris-1:f:up doris-2:M:up doris-3:f:up]
04:33:38 #5 OK SELECT id=3724140 via doris-1 rows=10120 [doris-1:f:up doris-2:M:up doris-3:f:up]
04:33:39 #6 OK SELECT id=3724140 via doris-1 rows=10121 [doris-1:f:up doris-2:M:up doris-3:f:up]
04:33:40 #7 OK SELECT id=3724140 via doris-1 rows=10122 [doris-1:f:up doris-2:M:up doris-3:f:up]
04:33:41 #8 OK SELECT id=3724140 via doris-1 rows=10122 [doris-1:f:up doris-2:M:up doris-3:f:up]
04:33:42 #9 OK SELECT id=3724140 via doris-1 rows=10121 [doris-1:f:up doris-2:M:up doris-3:f:up]
04:33:43 #10 OK SELECT id=3724140 via doris-1 rows=10120 [doris-1:f:up doris-2:M:up doris-3:f:up]
04:33:44 #11 OK SELECT id=3724140 via doris-1 rows=10121 [doris-1:f:up doris-2:M:up doris-3:f:up]
04:33:46 #12 OK SELECT id=3724140 via doris-1 rows=10122 [doris-1:f:up doris-2:M:up doris-3:f:up]
04:33:47 #13 OK SELECT id=3724140 via doris-1 rows=10122 [doris-1:f:up doris-2:M:up doris-3:f:up]
04:33:48 #14 OK SELECT id=3724140 via doris-1 rows=10122 [doris-1:f:up doris-2:M:up doris-3:f:up]
04:33:49 #15 OK SELECT id=3724140 via doris-1 rows=10120 [doris-1:f:up doris-2:M:up doris-3:f:up]
04:33:50 #16 OK SELECT id=3724140 via doris-1 rows=10120 [doris-1:f:up doris-2:M:up doris-3:f:up]
04:33:51 #17 OK SELECT id=3724140 via doris-1 rows=10122 [doris-1:f:up doris-2:M:up doris-3:f:up]
04:33:52 #18 OK SELECT id=3724140 via doris-1 rows=10122 [doris-1:f:up doris-2:M:up doris-3:f:up]
04:33:53 #19 OK SELECT id=3724140 via doris-1 rows=10122 [doris-1:f:up doris-2:M:up doris-3:f:up]
04:33:54 #20 OK SELECT id=3724140 via doris-1 rows=10120 [doris-1:f:up doris-2:M:up doris-3:f:up]
04:33:55 #21 OK SELECT id=3724140 via doris-1 rows=10120 [doris-1:f:up doris-2:M:up doris-3:f:up]
04:33:56 #22 OK SELECT id=3724140 via doris-1 rows=10122 [doris-1:f:up doris-2:M:up doris-3:f:up]
04:33:57 #23 OK SELECT id=3724140 via doris-1 rows=10122 [doris-1:f:up doris-2:M:up doris-3:f:up]
04:33:58 #24 OK SELECT id=3724140 via doris-1 rows=10122 [doris-1:f:up doris-2:M:up doris-3:f:up]
04:33:59 #25 OK SELECT id=3724140 via doris-1 rows=10120 [doris-1:f:up doris-2:M:up doris-3:f:up]
04:34:00 #26 OK SELECT id=3724140 via doris-1 rows=10120 [doris-1:f:up doris-2:M:up doris-3:f:up]
04:34:02 #27 OK SELECT id=3724140 via doris-1 rows=10122 [doris-1:f:up doris-2:M:up doris-3:f:up]
04:34:03 #28 OK SELECT id=3724140 via doris-1 rows=10122 [doris-1:f:up doris-2:M:up doris-3:f:up]
04:34:04 #29 OK SELECT id=3724140 via doris-1 rows=10122 [doris-1:f:up doris-2:M:up doris-3:f:up]
04:34:05 #30 OK SELECT id=3724140 via doris-1 rows=10120 [doris-1:f:up doris-2:M:up doris-3:f:up]
04:34:06 #31 OK SELECT id=3724140 via doris-1 rows=10120 [doris-1:f:up doris-2:M:up doris-3:f:up]
04:34:07 #32 OK SELECT id=3724140 via doris-1 rows=10122 [doris-1:f:up doris-2:M:up doris-3:f:up]
04:34:07 EVENT break: vm stop on doris-1 (FE follower)
04:34:08 #33 OK SELECT id=3724140 via doris-1 rows=10122 [doris-1:f:up doris-2:M:up doris-3:f:up]
04:34:09 #34 OK SELECT id=3724140 via doris-1 rows=10122 [doris-1:f:up doris-2:M:up doris-3:f:up]
04:34:10 #35 OK SELECT id=3724140 via doris-1 rows=10120 [doris-1:f:up doris-2:M:up doris-3:f:up]
04:34:11 #36 FAIL SELECT id=3724140 via doris-1: OperationalError: IO: [FlightSQL] connection error: desc = "transport: Error while dialing: dial tcp 10.140.0.2:8070: connect: c
04:34:13 connected to doris-2 (10.140.0.3)
04:34:29 #37 OK SELECT id=3724140 via doris-2 rows=10120 [?] (recovered)
04:34:30 #38 OK SELECT id=3724140 via doris-2 rows=10124 [doris-1:f:DOWN doris-2:M:up doris-3:f:up]
04:34:31 #39 OK SELECT id=3724140 via doris-2 rows=10123 [doris-1:f:DOWN doris-2:M:up doris-3:f:up]
04:34:32 EVENT break: doris-1 is down
04:34:32 #40 OK SELECT id=3724140 via doris-2 rows=10123 [doris-1:f:DOWN doris-2:M:up doris-3:f:up]
04:34:33 #41 OK SELECT id=3724140 via doris-2 rows=10123 [doris-1:f:DOWN doris-2:M:up doris-3:f:up]
04:34:35 #42 OK SELECT id=3724140 via doris-2 rows=10123 [doris-1:f:DOWN doris-2:M:up doris-3:f:up]
04:34:36 #43 OK SELECT id=3724140 via doris-2 rows=10124 [doris-1:f:DOWN doris-2:M:up doris-3:f:up]
04:34:37 #44 OK SELECT id=3724140 via doris-2 rows=10123 [doris-1:f:DOWN doris-2:M:up doris-3:f:up]
04:34:38 #45 OK SELECT id=3724140 via doris-2 rows=10123 [doris-1:f:DOWN doris-2:M:up doris-3:f:up]
04:34:39 #46 OK SELECT id=3724140 via doris-2 rows=10123 [doris-1:f:DOWN doris-2:M:up doris-3:f:up]
04:34:40 #47 OK SELECT id=3724140 via doris-2 rows=10123 [doris-1:f:DOWN doris-2:M:up doris-3:f:up]
04:34:41 #48 OK SELECT id=3724140 via doris-2 rows=10124 [doris-1:f:DOWN doris-2:M:up doris-3:f:up]
04:34:42 #49 OK SELECT id=3724140 via doris-2 rows=10123 [doris-1:f:DOWN doris-2:M:up doris-3:f:up]
04:34:43 #50 OK SELECT id=3724140 via doris-2 rows=10123 [doris-1:f:DOWN doris-2:M:up doris-3:f:up]
04:34:44 #51 OK SELECT id=3724140 via doris-2 rows=10123 [doris-1:f:DOWN doris-2:M:up doris-3:f:up]
04:34:45 #52 OK SELECT id=3724140 via doris-2 rows=10123 [doris-1:f:DOWN doris-2:M:up doris-3:f:up]
04:34:46 #53 OK SELECT id=3724140 via doris-2 rows=10124 [doris-1:f:DOWN doris-2:M:up doris-3:f:up]
04:34:47 #54 OK SELECT id=3724140 via doris-2 rows=10123 [doris-1:f:DOWN doris-2:M:up doris-3:f:up]
04:34:48 #55 OK SELECT id=3724140 via doris-2 rows=10123 [doris-1:f:DOWN doris-2:M:up doris-3:f:up]
04:34:50 #56 OK SELECT id=3724140 via doris-2 rows=10124 [doris-1:f:DOWN doris-2:M:up doris-3:f:up]
04:34:51 #57 OK SELECT id=3724140 via doris-2 rows=10124 [doris-1:f:DOWN doris-2:M:up doris-3:f:up]
04:34:52 #58 OK SELECT id=3724140 via doris-2 rows=10124 [doris-1:f:DOWN doris-2:M:up doris-3:f:up]
04:34:53 #59 OK SELECT id=3724140 via doris-2 rows=10122 [doris-1:f:DOWN doris-2:M:up doris-3:f:up]
04:34:54 #60 OK SELECT id=3724140 via doris-2 rows=10122 [doris-1:f:DOWN doris-2:M:up doris-3:f:up]
04:34:55 #61 OK SELECT id=3724140 via doris-2 rows=10124 [doris-1:f:DOWN doris-2:M:up doris-3:f:up]
04:34:56 #62 OK SELECT id=3724140 via doris-2 rows=10124 [doris-1:f:DOWN doris-2:M:up doris-3:f:up]
04:34:57 #63 OK SELECT id=3724140 via doris-2 rows=10124 [doris-1:f:DOWN doris-2:M:up doris-3:f:up]
04:34:58 #64 OK SELECT id=3724140 via doris-2 rows=10122 [doris-1:f:DOWN doris-2:M:up doris-3:f:up]
04:34:59 #65 OK SELECT id=3724140 via doris-2 rows=10122 [doris-1:f:DOWN doris-2:M:up doris-3:f:up]
04:35:00 #66 OK SELECT id=3724140 via doris-2 rows=10124 [doris-1:f:DOWN doris-2:M:up doris-3:f:up]
04:35:01 #67 OK SELECT id=3724140 via doris-2 rows=10124 [doris-1:f:DOWN doris-2:M:up doris-3:f:up]
04:35:02 #68 OK SELECT id=3724140 via doris-2 rows=10124 [doris-1:f:DOWN doris-2:M:up doris-3:f:up]
04:35:03 #69 OK SELECT id=3724140 via doris-2 rows=10122 [doris-1:f:DOWN doris-2:M:up doris-3:f:up]
04:35:05 #70 OK SELECT id=3724140 via doris-2 rows=10122 [doris-1:f:DOWN doris-2:M:up doris-3:f:up]
04:35:06 #71 OK SELECT id=3724140 via doris-2 rows=10124 [doris-1:f:DOWN doris-2:M:up doris-3:f:up]
04:35:07 #72 OK SELECT id=3724140 via doris-2 rows=10124 [doris-1:f:DOWN doris-2:M:up doris-3:f:up]
04:35:08 #73 OK SELECT id=3724140 via doris-2 rows=10124 [doris-1:f:DOWN doris-2:M:up doris-3:f:up]
04:35:09 #74 OK SELECT id=3724140 via doris-2 rows=10123 [doris-1:f:DOWN doris-2:M:up doris-3:f:up]
04:35:10 #75 OK SELECT id=3724140 via doris-2 rows=10123 [doris-1:f:DOWN doris-2:M:up doris-3:f:up]
04:35:11 #76 OK SELECT id=3724140 via doris-2 rows=10123 [doris-1:f:DOWN doris-2:M:up doris-3:f:up]
04:35:12 #77 OK SELECT id=3724140 via doris-2 rows=10123 [doris-1:f:DOWN doris-2:M:up doris-3:f:up]
04:35:13 #78 OK SELECT id=3724140 via doris-2 rows=10124 [doris-1:f:DOWN doris-2:M:up doris-3:f:up]
04:35:14 #79 OK SELECT id=3724140 via doris-2 rows=10123 [doris-1:f:DOWN doris-2:M:up doris-3:f:up]
04:35:15 #80 OK SELECT id=3724140 via doris-2 rows=10123 [doris-1:f:DOWN doris-2:M:up doris-3:f:up]
04:35:16 #81 OK SELECT id=3724140 via doris-2 rows=10123 [doris-1:f:DOWN doris-2:M:up doris-3:f:up]
04:35:17 #82 OK SELECT id=3724140 via doris-2 rows=10123 [doris-1:f:DOWN doris-2:M:up doris-3:f:up]
04:35:18 #83 OK SELECT id=3724140 via doris-2 rows=10124 [doris-1:f:DOWN doris-2:M:up doris-3:f:up]
04:35:20 #84 OK SELECT id=3724140 via doris-2 rows=10123 [doris-1:f:DOWN doris-2:M:up doris-3:f:up]
04:35:21 #85 OK SELECT id=3724140 via doris-2 rows=10123 [doris-1:f:DOWN doris-2:M:up doris-3:f:up]
04:35:22 #86 OK SELECT id=3724140 via doris-2 rows=10124 [doris-1:f:DOWN doris-2:M:up doris-3:f:up]
04:35:23 #87 OK SELECT id=3724140 via doris-2 rows=10123 [doris-1:f:DOWN doris-2:M:up doris-3:f:up]
04:35:24 #88 OK SELECT id=3724140 via doris-2 rows=10123 [doris-1:f:DOWN doris-2:M:up doris-3:f:up]
04:35:25 #89 OK SELECT id=3724140 via doris-2 rows=10123 [doris-1:f:DOWN doris-2:M:up doris-3:f:up]
04:35:26 #90 OK SELECT id=3724140 via doris-2 rows=10123 [doris-1:f:DOWN doris-2:M:up doris-3:f:up]
04:35:27 #91 OK SELECT id=3724140 via doris-2 rows=10124 [doris-1:f:DOWN doris-2:M:up doris-3:f:up]
04:35:28 #92 OK SELECT id=3724140 via doris-2 rows=10123 [doris-1:f:DOWN doris-2:M:up doris-3:f:up]
04:35:29 #93 OK SELECT id=3724140 via doris-2 rows=10123 [doris-1:f:DOWN doris-2:M:up doris-3:f:up]
04:35:30 #94 OK SELECT id=3724140 via doris-2 rows=10122 [doris-1:f:DOWN doris-2:M:up doris-3:f:up]
04:35:31 #95 OK SELECT id=3724140 via doris-2 rows=10122 [doris-1:f:DOWN doris-2:M:up doris-3:f:up]
04:35:32 #96 OK SELECT id=3724140 via doris-2 rows=10124 [doris-1:f:DOWN doris-2:M:up doris-3:f:up]
04:35:33 #97 OK SELECT id=3724140 via doris-2 rows=10124 [doris-1:f:DOWN doris-2:M:up doris-3:f:up]
04:35:35 #98 OK SELECT id=3724140 via doris-2 rows=10124 [doris-1:f:DOWN doris-2:M:up doris-3:f:up]
04:35:36 #99 OK SELECT id=3724140 via doris-2 rows=10122 [doris-1:f:DOWN doris-2:M:up doris-3:f:up]
04:35:37 #100 OK SELECT id=3724140 via doris-2 rows=10122 [doris-1:f:DOWN doris-2:M:up doris-3:f:up]
04:35:38 #101 OK SELECT id=3724140 via doris-2 rows=10124 [doris-1:f:DOWN doris-2:M:up doris-3:f:up]
04:35:39 #102 OK SELECT id=3724140 via doris-2 rows=10124 [doris-1:f:DOWN doris-2:M:up doris-3:f:up]
04:35:40 #103 OK SELECT id=3724140 via doris-2 rows=10124 [doris-1:f:DOWN doris-2:M:up doris-3:f:up]
04:35:41 #104 OK SELECT id=3724140 via doris-2 rows=10122 [doris-1:f:DOWN doris-2:M:up doris-3:f:up]
04:35:42 #105 OK SELECT id=3724140 via doris-2 rows=10122 [doris-1:f:DOWN doris-2:M:up doris-3:f:up]
04:35:43 #106 OK SELECT id=3724140 via doris-2 rows=10124 [doris-1:f:DOWN doris-2:M:up doris-3:f:up]
04:35:44 #107 OK SELECT id=3724140 via doris-2 rows=10124 [doris-1:f:DOWN doris-2:M:up doris-3:f:up]
04:35:45 #108 OK SELECT id=3724140 via doris-2 rows=10124 [doris-1:f:DOWN doris-2:M:up doris-3:f:up]
04:35:46 #109 OK SELECT id=3724140 via doris-2 rows=10122 [doris-1:f:DOWN doris-2:M:up doris-3:f:up]
04:35:47 #110 OK SELECT id=3724140 via doris-2 rows=10122 [doris-1:f:DOWN doris-2:M:up doris-3:f:up]
04:35:48 #111 OK SELECT id=3724140 via doris-2 rows=10124 [doris-1:f:DOWN doris-2:M:up doris-3:f:up]
04:35:49 #112 OK SELECT id=3724140 via doris-2 rows=10124 [doris-1:f:DOWN doris-2:M:up doris-3:f:up]
04:35:50 #113 OK SELECT id=3724140 via doris-2 rows=10124 [doris-1:f:DOWN doris-2:M:up doris-3:f:up]
04:35:52 #114 OK SELECT id=3724140 via doris-2 rows=10123 [doris-1:f:DOWN doris-2:M:up doris-3:f:up]
04:35:53 #115 OK SELECT id=3724140 via doris-2 rows=10123 [doris-1:f:DOWN doris-2:M:up doris-3:f:up]
04:35:54 #116 OK SELECT id=3724140 via doris-2 rows=10124 [doris-1:f:DOWN doris-2:M:up doris-3:f:up]
04:35:55 #117 OK SELECT id=3724140 via doris-2 rows=10123 [doris-1:f:DOWN doris-2:M:up doris-3:f:up]
04:35:56 #118 OK SELECT id=3724140 via doris-2 rows=10123 [doris-1:f:DOWN doris-2:M:up doris-3:f:up]
04:35:57 #119 OK SELECT id=3724140 via doris-2 rows=10123 [doris-1:f:DOWN doris-2:M:up doris-3:f:up]
04:35:58 #120 OK SELECT id=3724140 via doris-2 rows=10123 [doris-1:f:DOWN doris-2:M:up doris-3:f:up]
04:35:59 #121 OK SELECT id=3724140 via doris-2 rows=10124 [doris-1:f:DOWN doris-2:M:up doris-3:f:up]
04:36:00 #122 OK SELECT id=3724140 via doris-2 rows=10123 [doris-1:f:DOWN doris-2:M:up doris-3:f:up]
04:36:01 #123 OK SELECT id=3724140 via doris-2 rows=10123 [doris-1:f:DOWN doris-2:M:up doris-3:f:up]
04:36:02 #124 OK SELECT id=3724140 via doris-2 rows=10123 [doris-1:f:DOWN doris-2:M:up doris-3:f:up]
04:36:03 #125 OK SELECT id=3724140 via doris-2 rows=10123 [doris-1:f:DOWN doris-2:M:up doris-3:f:up]
04:36:04 #126 OK SELECT id=3724140 via doris-2 rows=10124 [doris-1:f:DOWN doris-2:M:up doris-3:f:up]
04:36:05 #127 OK SELECT id=3724140 via doris-2 rows=10123 [doris-1:f:DOWN doris-2:M:up doris-3:f:up]
04:36:06 #128 OK SELECT id=3724140 via doris-2 rows=10123 [doris-1:f:DOWN doris-2:M:up doris-3:f:up]
04:36:07 #129 OK SELECT id=3724140 via doris-2 rows=10123 [doris-1:f:DOWN doris-2:M:up doris-3:f:up]
04:36:08 #130 OK SELECT id=3724140 via doris-2 rows=10123 [doris-1:f:DOWN doris-2:M:up doris-3:f:up]
04:36:10 #131 OK SELECT id=3724140 via doris-2 rows=10124 [doris-1:f:DOWN doris-2:M:up doris-3:f:up]
04:36:11 #132 OK SELECT id=3724140 via doris-2 rows=10124 [doris-1:f:DOWN doris-2:M:up doris-3:f:up]
04:36:12 #133 OK SELECT id=3724140 via doris-2 rows=10124 [doris-1:f:DOWN doris-2:M:up doris-3:f:up]
04:36:13 #134 OK SELECT id=3724140 via doris-2 rows=10123 [doris-1:f:DOWN doris-2:M:up doris-3:f:up]
04:36:13 EVENT restore: start doris-1
04:36:14 #135 OK SELECT id=3724140 via doris-2 rows=10122 [doris-1:f:DOWN doris-2:M:up doris-3:f:up]
04:36:15 #136 OK SELECT id=3724140 via doris-2 rows=10123 [doris-1:f:DOWN doris-2:M:up doris-3:f:up]
04:36:16 #137 OK SELECT id=3724140 via doris-2 rows=10124 [doris-1:f:DOWN doris-2:M:up doris-3:f:up]
04:36:17 #138 OK SELECT id=3724140 via doris-2 rows=10124 [doris-1:f:DOWN doris-2:M:up doris-3:f:up]
04:36:18 #139 OK SELECT id=3724140 via doris-2 rows=10123 [doris-1:f:DOWN doris-2:M:up doris-3:f:up]
04:36:19 #140 OK SELECT id=3724140 via doris-2 rows=10122 [doris-1:f:DOWN doris-2:M:up doris-3:f:up]
04:36:20 #141 OK SELECT id=3724140 via doris-2 rows=10123 [doris-1:f:DOWN doris-2:M:up doris-3:f:up]
04:36:21 #142 OK SELECT id=3724140 via doris-2 rows=10124 [doris-1:f:DOWN doris-2:M:up doris-3:f:up]
04:36:22 #143 OK SELECT id=3724140 via doris-2 rows=10124 [doris-1:f:DOWN doris-2:M:up doris-3:f:up]
04:36:23 #144 OK SELECT id=3724140 via doris-2 rows=10123 [doris-1:f:DOWN doris-2:M:up doris-3:f:up]
04:36:24 #145 OK SELECT id=3724140 via doris-2 rows=10122 [doris-1:f:DOWN doris-2:M:up doris-3:f:up]
04:36:25 #146 OK SELECT id=3724140 via doris-2 rows=10123 [doris-1:f:DOWN doris-2:M:up doris-3:f:up]
04:36:26 #147 OK SELECT id=3724140 via doris-2 rows=10124 [doris-1:f:DOWN doris-2:M:up doris-3:f:up]
04:36:28 #148 OK SELECT id=3724140 via doris-2 rows=10124 [doris-1:f:DOWN doris-2:M:up doris-3:f:up]
04:36:29 #149 OK SELECT id=3724140 via doris-2 rows=10123 [doris-1:f:DOWN doris-2:M:up doris-3:f:up]
04:36:30 #150 OK SELECT id=3724140 via doris-2 rows=10122 [doris-1:f:DOWN doris-2:M:up doris-3:f:up]
04:36:31 #151 OK SELECT id=3724140 via doris-2 rows=10123 [doris-1:f:DOWN doris-2:M:up doris-3:f:up]
04:36:32 #152 OK SELECT id=3724140 via doris-2 rows=10123 [doris-1:f:DOWN doris-2:M:up doris-3:f:up]
04:36:33 #153 OK SELECT id=3724140 via doris-2 rows=10124 [doris-1:f:DOWN doris-2:M:up doris-3:f:up]
04:36:34 #154 OK SELECT id=3724140 via doris-2 rows=10123 [doris-1:f:DOWN doris-2:M:up doris-3:f:up]
04:36:35 #155 OK SELECT id=3724140 via doris-2 rows=10123 [doris-1:f:DOWN doris-2:M:up doris-3:f:up]
04:36:36 #156 OK SELECT id=3724140 via doris-2 rows=10123 [doris-1:f:DOWN doris-2:M:up doris-3:f:up]
04:36:37 #157 OK SELECT id=3724140 via doris-2 rows=10123 [doris-1:f:DOWN doris-2:M:up doris-3:f:up]
04:36:38 #158 OK SELECT id=3724140 via doris-2 rows=10124 [doris-1:f:DOWN doris-2:M:up doris-3:f:up]
04:36:39 #159 OK SELECT id=3724140 via doris-2 rows=10123 [doris-1:f:DOWN doris-2:M:up doris-3:f:up]
04:36:40 #160 OK SELECT id=3724140 via doris-2 rows=10123 [doris-1:f:DOWN doris-2:M:up doris-3:f:up]
04:36:41 #161 OK SELECT id=3724140 via doris-2 rows=10123 [doris-1:f:DOWN doris-2:M:up doris-3:f:up]
04:36:42 #162 OK SELECT id=3724140 via doris-2 rows=10123 [doris-1:f:DOWN doris-2:M:up doris-3:f:up]
04:36:43 #163 OK SELECT id=3724140 via doris-2 rows=10124 [doris-1:f:DOWN doris-2:M:up doris-3:f:up]
04:36:44 #164 OK SELECT id=3724140 via doris-2 rows=10123 [doris-1:f:DOWN doris-2:M:up doris-3:f:up]
04:36:46 #165 OK SELECT id=3724140 via doris-2 rows=10123 [doris-1:f:DOWN doris-2:M:up doris-3:f:up]
04:36:47 #166 OK SELECT id=3724140 via doris-2 rows=10123 [doris-1:f:DOWN doris-2:M:up doris-3:f:up]
04:36:48 #167 OK SELECT id=3724140 via doris-2 rows=10123 [doris-1:f:DOWN doris-2:M:up doris-3:f:up]
04:36:49 #168 OK SELECT id=3724140 via doris-2 rows=10124 [doris-1:f:DOWN doris-2:M:up doris-3:f:up]
04:36:50 #169 OK SELECT id=3724140 via doris-2 rows=10123 [doris-1:f:DOWN doris-2:M:up doris-3:f:up]
04:36:51 #170 OK SELECT id=3724140 via doris-2 rows=10123 [doris-1:f:DOWN doris-2:M:up doris-3:f:up]
04:36:52 #171 OK SELECT id=3724140 via doris-2 rows=10123 [doris-1:f:DOWN doris-2:M:up doris-3:f:up]
04:36:53 #172 OK SELECT id=3724140 via doris-2 rows=10123 [doris-1:f:DOWN doris-2:M:up doris-3:f:up]
04:36:54 #173 OK SELECT id=3724140 via doris-2 rows=10124 [doris-1:f:DOWN doris-2:M:up doris-3:f:up]
04:36:55 #174 OK SELECT id=3724140 via doris-2 rows=10123 [doris-1:f:up doris-2:M:up doris-3:f:up]
04:36:56 #175 OK SELECT id=3724140 via doris-2 rows=10123 [doris-1:f:up doris-2:M:up doris-3:f:up]
04:36:57 #176 OK SELECT id=3724140 via doris-2 rows=10123 [doris-1:f:up doris-2:M:up doris-3:f:up]
04:36:58 #177 OK SELECT id=3724140 via doris-2 rows=10123 [doris-1:f:up doris-2:M:up doris-3:f:up]
04:36:59 #178 OK SELECT id=3724140 via doris-2 rows=10124 [doris-1:f:up doris-2:M:up doris-3:f:up]
04:37:00 #179 OK SELECT id=3724140 via doris-2 rows=10123 [doris-1:f:up doris-2:M:up doris-3:f:up]
04:37:01 #180 OK SELECT id=3724140 via doris-2 rows=10123 [doris-1:f:up doris-2:M:up doris-3:f:up]
04:37:02 EVENT restore: cluster healthy
04:37:02 #181 OK SELECT id=3724140 via doris-2 rows=10123 [doris-1:f:up doris-2:M:up doris-3:f:up]
04:37:04 #182 OK SELECT id=3724140 via doris-2 rows=10123 [doris-1:f:up doris-2:M:up doris-3:f:up]
04:37:05 #183 OK SELECT id=3724140 via doris-2 rows=10124 [doris-1:f:up doris-2:M:up doris-3:f:up]
04:37:06 #184 OK SELECT id=3724140 via doris-2 rows=10124 [doris-1:f:up doris-2:M:up doris-3:f:up]
04:37:07 #185 OK SELECT id=3724140 via doris-2 rows=10123 [doris-1:f:up doris-2:M:up doris-3:f:up]
04:37:08 #186 OK SELECT id=3724140 via doris-2 rows=10123 [doris-1:f:up doris-2:M:up doris-3:f:up]
04:37:09 #187 OK SELECT id=3724140 via doris-2 rows=10123 [doris-1:f:up doris-2:M:up doris-3:f:up]
04:37:10 #188 OK SELECT id=3724140 via doris-2 rows=10123 [doris-1:f:up doris-2:M:up doris-3:f:up]
04:37:11 #189 OK SELECT id=3724140 via doris-2 rows=10124 [doris-1:f:up doris-2:M:up doris-3:f:up]
04:37:12 #190 OK SELECT id=3724140 via doris-2 rows=10123 [doris-1:f:up doris-2:M:up doris-3:f:up]
04:37:13 #191 OK SELECT id=3724140 via doris-2 rows=10123 [doris-1:f:up doris-2:M:up doris-3:f:up]
04:37:14 #192 OK SELECT id=3724140 via doris-2 rows=10123 [doris-1:f:up doris-2:M:up doris-3:f:up]
04:37:15 #193 OK SELECT id=3724140 via doris-2 rows=10123 [doris-1:f:up doris-2:M:up doris-3:f:up]
04:37:16 #194 OK SELECT id=3724140 via doris-2 rows=10124 [doris-1:f:up doris-2:M:up doris-3:f:up]
04:37:17 #195 OK SELECT id=3724140 via doris-2 rows=10123 [doris-1:f:up doris-2:M:up doris-3:f:up]
04:37:18 #196 OK SELECT id=3724140 via doris-2 rows=10123 [doris-1:f:up doris-2:M:up doris-3:f:up]
04:37:19 #197 OK SELECT id=3724140 via doris-2 rows=10123 [doris-1:f:up doris-2:M:up doris-3:f:up]
04:37:21 #198 OK SELECT id=3724140 via doris-2 rows=10123 [doris-1:f:up doris-2:M:up doris-3:f:up]
04:37:22 #199 OK SELECT id=3724140 via doris-2 rows=10124 [doris-1:f:up doris-2:M:up doris-3:f:up]
04:37:23 #200 OK SELECT id=3724140 via doris-2 rows=10123 [doris-1:f:up doris-2:M:up doris-3:f:up]
04:37:24 #201 OK SELECT id=3724140 via doris-2 rows=10123 [doris-1:f:up doris-2:M:up doris-3:f:up]
04:37:25 #202 OK SELECT id=3724140 via doris-2 rows=10123 [doris-1:f:up doris-2:M:up doris-3:f:up]
04:37:26 #203 OK SELECT id=3724140 via doris-2 rows=10123 [doris-1:f:up doris-2:M:up doris-3:f:up]
04:37:27 #204 OK SELECT id=3724140 via doris-2 rows=10124 [doris-1:f:up doris-2:M:up doris-3:f:up]
04:37:28 #205 OK SELECT id=3724140 via doris-2 rows=10123 [doris-1:f:up doris-2:M:up doris-3:f:up]
04:37:29 #206 OK SELECT id=3724140 via doris-2 rows=10123 [doris-1:f:up doris-2:M:up doris-3:f:up]
04:37:30 #207 OK SELECT id=3724140 via doris-2 rows=10124 [doris-1:f:up doris-2:M:up doris-3:f:up]
04:37:31 #208 OK SELECT id=3724140 via doris-2 rows=10123 [doris-1:f:up doris-2:M:up doris-3:f:up]
04:37:32 #209 OK SELECT id=3724140 via doris-2 rows=10123 [doris-1:f:up doris-2:M:up doris-3:f:up]
