19:25:14 PROBE start proto=arrow-flight hosts=doris-1,doris-2,doris-3 duration=86400s cycle=INSERT>UPSERT>SELECT>DELETE>SELECT
19:25:15 connected to doris-1 (10.140.0.2)
19:25:15 DML unsupported over arrow-flight (InternalError: RuntimeException, msg: getMysqlChannel not in mysql connection (Internal; ExecuteQuery)) — switching to SELECT-only mode
19:25:15 #1 OK SELECT id=3715140 via doris-1 rows=10256 [doris-1:f:up doris-2:M:up doris-3:f:up]
19:25:16 #2 OK SELECT id=3715140 via doris-1 rows=10257 [doris-1:f:up doris-2:M:up doris-3:f:up]
19:25:17 #3 OK SELECT id=3715140 via doris-1 rows=10257 [doris-1:f:up doris-2:M:up doris-3:f:up]
19:25:18 #4 OK SELECT id=3715140 via doris-1 rows=10255 [doris-1:f:up doris-2:M:up doris-3:f:up]
19:25:19 #5 OK SELECT id=3715140 via doris-1 rows=10255 [doris-1:f:up doris-2:M:up doris-3:f:up]
19:25:20 #6 OK SELECT id=3715140 via doris-1 rows=10257 [doris-1:f:up doris-2:M:up doris-3:f:up]
19:25:21 #7 OK SELECT id=3715140 via doris-1 rows=10257 [doris-1:f:up doris-2:M:up doris-3:f:up]
19:25:22 #8 OK SELECT id=3715140 via doris-1 rows=10257 [doris-1:f:up doris-2:M:up doris-3:f:up]
19:25:24 #9 OK SELECT id=3715140 via doris-1 rows=10255 [doris-1:f:up doris-2:M:up doris-3:f:up]
19:25:25 #10 OK SELECT id=3715140 via doris-1 rows=10255 [doris-1:f:up doris-2:M:up doris-3:f:up]
19:25:26 #11 OK SELECT id=3715140 via doris-1 rows=10257 [doris-1:f:up doris-2:M:up doris-3:f:up]
19:25:27 #12 OK SELECT id=3715140 via doris-1 rows=10257 [doris-1:f:up doris-2:M:up doris-3:f:up]
19:25:28 #13 OK SELECT id=3715140 via doris-1 rows=10257 [doris-1:f:up doris-2:M:up doris-3:f:up]
19:25:29 #14 OK SELECT id=3715140 via doris-1 rows=10255 [doris-1:f:up doris-2:M:up doris-3:f:up]
19:25:30 #15 OK SELECT id=3715140 via doris-1 rows=10255 [doris-1:f:up doris-2:M:up doris-3:f:up]
19:25:31 #16 OK SELECT id=3715140 via doris-1 rows=10257 [doris-1:f:up doris-2:M:up doris-3:f:up]
19:25:32 #17 OK SELECT id=3715140 via doris-1 rows=10257 [doris-1:f:up doris-2:M:up doris-3:f:up]
19:25:33 #18 OK SELECT id=3715140 via doris-1 rows=10257 [doris-1:f:up doris-2:M:up doris-3:f:up]
19:25:34 #19 OK SELECT id=3715140 via doris-1 rows=10255 [doris-1:f:up doris-2:M:up doris-3:f:up]
19:25:35 #20 OK SELECT id=3715140 via doris-1 rows=10255 [doris-1:f:up doris-2:M:up doris-3:f:up]
19:25:37 #21 OK SELECT id=3715140 via doris-1 rows=10257 [doris-1:f:up doris-2:M:up doris-3:f:up]
19:25:38 #22 OK SELECT id=3715140 via doris-1 rows=10257 [doris-1:f:up doris-2:M:up doris-3:f:up]
19:25:39 #23 OK SELECT id=3715140 via doris-1 rows=10257 [doris-1:f:up doris-2:M:up doris-3:f:up]
19:25:40 #24 OK SELECT id=3715140 via doris-1 rows=10255 [doris-1:f:up doris-2:M:up doris-3:f:up]
19:25:41 #25 OK SELECT id=3715140 via doris-1 rows=10255 [doris-1:f:up doris-2:M:up doris-3:f:up]
19:25:42 #26 OK SELECT id=3715140 via doris-1 rows=10257 [doris-1:f:up doris-2:M:up doris-3:f:up]
19:25:43 #27 OK SELECT id=3715140 via doris-1 rows=10257 [doris-1:f:up doris-2:M:up doris-3:f:up]
19:25:44 #28 OK SELECT id=3715140 via doris-1 rows=10257 [doris-1:f:up doris-2:M:up doris-3:f:up]
19:25:45 #29 OK SELECT id=3715140 via doris-1 rows=10255 [doris-1:f:up doris-2:M:up doris-3:f:up]
19:25:46 #30 OK SELECT id=3715140 via doris-1 rows=10255 [doris-1:f:up doris-2:M:up doris-3:f:up]
19:25:47 #31 OK SELECT id=3715140 via doris-1 rows=10257 [doris-1:f:up doris-2:M:up doris-3:f:up]
19:25:48 EVENT break: fe crash on doris-2 (FE master)
19:25:48 #32 OK SELECT id=3715140 via doris-1 rows=10257 [doris-1:f:up doris-2:M:up doris-3:f:up]
19:25:49 #33 OK SELECT id=3715140 via doris-1 rows=10257 [doris-1:f:up doris-2:M:up doris-3:f:up]
19:25:55 #34 OK SELECT id=3715140 via doris-1 rows=10256 [?]
19:25:56 #35 FAIL SELECT id=3715140 via doris-1: InternalError: INTERNAL: [FlightSQL] get flight info statement failed, after executeQueryStatement handleQuery, java.lang.Run
19:25:57 connected to doris-1 (10.140.0.2)
19:25:57 #36 OK SELECT id=3715140 via doris-1 rows=10257 [doris-1:f:up doris-2:f:DOWN doris-3:M:up] (recovered)
19:25:59 #37 OK SELECT id=3715140 via doris-1 rows=10257 [doris-1:f:up doris-2:f:DOWN doris-3:M:up]
19:26:00 #38 OK SELECT id=3715140 via doris-1 rows=10257 [doris-1:f:up doris-2:f:DOWN doris-3:M:up]
19:26:01 #39 OK SELECT id=3715140 via doris-1 rows=10257 [?]
19:26:02 #40 OK SELECT id=3715140 via doris-1 rows=10259 [doris-1:f:up doris-2:f:DOWN doris-3:M:up]
19:26:03 #41 OK SELECT id=3715140 via doris-1 rows=10259 [doris-1:f:up doris-2:f:DOWN doris-3:M:up]
19:26:04 #42 OK SELECT id=3715140 via doris-1 rows=10259 [doris-1:f:up doris-2:f:DOWN doris-3:M:up]
19:26:05 #43 OK SELECT id=3715140 via doris-1 rows=10257 [doris-1:f:up doris-2:f:DOWN doris-3:M:up]
19:26:06 #44 OK SELECT id=3715140 via doris-1 rows=10257 [doris-1:f:up doris-2:f:DOWN doris-3:M:up]
19:26:06 EVENT recovered: fe restarted by systemd on doris-2 (+9s)
19:26:07 #45 OK SELECT id=3715140 via doris-1 rows=10259 [doris-1:f:up doris-2:f:DOWN doris-3:M:up]
19:26:08 #46 OK SELECT id=3715140 via doris-1 rows=10259 [doris-1:f:up doris-2:f:DOWN doris-3:M:up]
19:26:09 #47 OK SELECT id=3715140 via doris-1 rows=10259 [doris-1:f:up doris-2:f:DOWN doris-3:M:up]
19:26:10 #48 OK SELECT id=3715140 via doris-1 rows=10257 [doris-1:f:up doris-2:f:DOWN doris-3:M:up]
19:26:11 #49 OK SELECT id=3715140 via doris-1 rows=10257 [doris-1:f:up doris-2:f:DOWN doris-3:M:up]
19:26:12 #50 OK SELECT id=3715140 via doris-1 rows=10259 [doris-1:f:up doris-2:f:DOWN doris-3:M:up]
19:26:13 #51 OK SELECT id=3715140 via doris-1 rows=10259 [doris-1:f:up doris-2:f:DOWN doris-3:M:up]
19:26:15 #52 OK SELECT id=3715140 via doris-1 rows=10259 [doris-1:f:up doris-2:f:DOWN doris-3:M:up]
19:26:16 #53 OK SELECT id=3715140 via doris-1 rows=10257 [doris-1:f:up doris-2:f:DOWN doris-3:M:up]
19:26:17 #54 OK SELECT id=3715140 via doris-1 rows=10257 [doris-1:f:up doris-2:f:DOWN doris-3:M:up]
19:26:18 #55 OK SELECT id=3715140 via doris-1 rows=10259 [doris-1:f:up doris-2:f:DOWN doris-3:M:up]
19:26:19 #56 OK SELECT id=3715140 via doris-1 rows=10259 [doris-1:f:up doris-2:f:DOWN doris-3:M:up]
19:26:20 #57 OK SELECT id=3715140 via doris-1 rows=10259 [doris-1:f:up doris-2:f:DOWN doris-3:M:up]
19:26:21 #58 OK SELECT id=3715140 via doris-1 rows=10257 [doris-1:f:up doris-2:f:DOWN doris-3:M:up]
19:26:22 #59 OK SELECT id=3715140 via doris-1 rows=10257 [doris-1:f:up doris-2:f:up doris-3:M:up]
19:26:23 #60 OK SELECT id=3715140 via doris-1 rows=10259 [doris-1:f:up doris-2:f:up doris-3:M:up]
19:26:24 #61 OK SELECT id=3715140 via doris-1 rows=10259 [doris-1:f:up doris-2:f:up doris-3:M:up]
19:26:25 #62 OK SELECT id=3715140 via doris-1 rows=10259 [doris-1:f:up doris-2:f:up doris-3:M:up]
19:26:26 #63 OK SELECT id=3715140 via doris-1 rows=10257 [doris-1:f:up doris-2:f:up doris-3:M:up]
19:26:27 #64 OK SELECT id=3715140 via doris-1 rows=10257 [doris-1:f:up doris-2:f:up doris-3:M:up]
19:26:28 #65 OK SELECT id=3715140 via doris-1 rows=10259 [doris-1:f:up doris-2:f:up doris-3:M:up]
19:26:29 #66 OK SELECT id=3715140 via doris-1 rows=10259 [doris-1:f:up doris-2:f:up doris-3:M:up]
19:26:31 #67 OK SELECT id=3715140 via doris-1 rows=10259 [doris-1:f:up doris-2:f:up doris-3:M:up]
19:26:32 #68 OK SELECT id=3715140 via doris-1 rows=10257 [doris-1:f:up doris-2:f:up doris-3:M:up]
19:26:33 #69 OK SELECT id=3715140 via doris-1 rows=10257 [doris-1:f:up doris-2:f:up doris-3:M:up]
19:26:34 #70 OK SELECT id=3715140 via doris-1 rows=10259 [doris-1:f:up doris-2:f:up doris-3:M:up]
19:26:35 #71 OK SELECT id=3715140 via doris-1 rows=10259 [doris-1:f:up doris-2:f:up doris-3:M:up]
19:26:36 #72 OK SELECT id=3715140 via doris-1 rows=10259 [doris-1:f:up doris-2:f:up doris-3:M:up]
19:26:37 #73 OK SELECT id=3715140 via doris-1 rows=10257 [doris-1:f:up doris-2:f:up doris-3:M:up]
19:26:38 #74 OK SELECT id=3715140 via doris-1 rows=10257 [doris-1:f:up doris-2:f:up doris-3:M:up]
19:26:39 #75 OK SELECT id=3715140 via doris-1 rows=10259 [doris-1:f:up doris-2:f:up doris-3:M:up]
19:26:40 #76 OK SELECT id=3715140 via doris-1 rows=10259 [doris-1:f:up doris-2:f:up doris-3:M:up]
19:26:41 #77 OK SELECT id=3715140 via doris-1 rows=10259 [doris-1:f:up doris-2:f:up doris-3:M:up]
19:26:42 #78 OK SELECT id=3715140 via doris-1 rows=10257 [doris-1:f:up doris-2:f:up doris-3:M:up]
19:26:43 #79 OK SELECT id=3715140 via doris-1 rows=10257 [doris-1:f:up doris-2:f:up doris-3:M:up]
19:26:44 #80 OK SELECT id=3715140 via doris-1 rows=10259 [doris-1:f:up doris-2:f:up doris-3:M:up]
19:26:45 #81 OK SELECT id=3715140 via doris-1 rows=10259 [doris-1:f:up doris-2:f:up doris-3:M:up]
19:26:47 #82 OK SELECT id=3715140 via doris-1 rows=10259 [doris-1:f:up doris-2:f:up doris-3:M:up]
19:26:48 #83 OK SELECT id=3715140 via doris-1 rows=10257 [doris-1:f:up doris-2:f:up doris-3:M:up]
19:26:49 #84 OK SELECT id=3715140 via doris-1 rows=10257 [doris-1:f:up doris-2:f:up doris-3:M:up]
19:26:50 #85 OK SELECT id=3715140 via doris-1 rows=10259 [doris-1:f:up doris-2:f:up doris-3:M:up]
19:26:51 #86 OK SELECT id=3715140 via doris-1 rows=10259 [doris-1:f:up doris-2:f:up doris-3:M:up]
19:26:52 #87 OK SELECT id=3715140 via doris-1 rows=10259 [doris-1:f:up doris-2:f:up doris-3:M:up]
19:26:53 #88 OK SELECT id=3715140 via doris-1 rows=10257 [doris-1:f:up doris-2:f:up doris-3:M:up]
19:26:54 #89 OK SELECT id=3715140 via doris-1 rows=10257 [doris-1:f:up doris-2:f:up doris-3:M:up]
19:26:55 #90 OK SELECT id=3715140 via doris-1 rows=10259 [doris-1:f:up doris-2:f:up doris-3:M:up]
19:26:56 #91 OK SELECT id=3715140 via doris-1 rows=10259 [doris-1:f:up doris-2:f:up doris-3:M:up]
19:26:57 #92 OK SELECT id=3715140 via doris-1 rows=10259 [doris-1:f:up doris-2:f:up doris-3:M:up]
19:26:58 #93 OK SELECT id=3715140 via doris-1 rows=10257 [doris-1:f:up doris-2:f:up doris-3:M:up]
19:26:59 #94 OK SELECT id=3715140 via doris-1 rows=10257 [doris-1:f:up doris-2:f:up doris-3:M:up]
19:27:00 #95 OK SELECT id=3715140 via doris-1 rows=10258 [doris-1:f:up doris-2:f:up doris-3:M:up]
19:27:01 #96 OK SELECT id=3715140 via doris-1 rows=10259 [doris-1:f:up doris-2:f:up doris-3:M:up]
19:27:02 #97 OK SELECT id=3715140 via doris-1 rows=10259 [doris-1:f:up doris-2:f:up doris-3:M:up]
19:27:04 #98 OK SELECT id=3715140 via doris-1 rows=10258 [doris-1:f:up doris-2:f:up doris-3:M:up]
19:27:05 #99 OK SELECT id=3715140 via doris-1 rows=10257 [doris-1:f:up doris-2:f:up doris-3:M:up]
19:27:06 #100 OK SELECT id=3715140 via doris-1 rows=10258 [doris-1:f:up doris-2:f:up doris-3:M:up]
19:27:07 #101 OK SELECT id=3715140 via doris-1 rows=10259 [doris-1:f:up doris-2:f:up doris-3:M:up]
19:27:08 #102 OK SELECT id=3715140 via doris-1 rows=10259 [doris-1:f:up doris-2:f:up doris-3:M:up]
19:27:09 #103 OK SELECT id=3715140 via doris-1 rows=10258 [doris-1:f:up doris-2:f:up doris-3:M:up]
19:27:10 #104 OK SELECT id=3715140 via doris-1 rows=10257 [doris-1:f:up doris-2:f:up doris-3:M:up]
19:27:11 #105 OK SELECT id=3715140 via doris-1 rows=10258 [doris-1:f:up doris-2:f:up doris-3:M:up]
19:27:12 #106 OK SELECT id=3715140 via doris-1 rows=10259 [doris-1:f:up doris-2:f:up doris-3:M:up]
19:27:13 #107 OK SELECT id=3715140 via doris-1 rows=10259 [doris-1:f:up doris-2:f:up doris-3:M:up]
19:27:14 #108 OK SELECT id=3715140 via doris-1 rows=10258 [doris-1:f:up doris-2:f:up doris-3:M:up]
19:27:15 #109 OK SELECT id=3715140 via doris-1 rows=10257 [doris-1:f:up doris-2:f:up doris-3:M:up]
19:27:16 #110 OK SELECT id=3715140 via doris-1 rows=10258 [doris-1:f:up doris-2:f:up doris-3:M:up]
19:27:17 #111 OK SELECT id=3715140 via doris-1 rows=10259 [doris-1:f:up doris-2:f:up doris-3:M:up]
19:27:18 #112 OK SELECT id=3715140 via doris-1 rows=10259 [doris-1:f:up doris-2:f:up doris-3:M:up]
19:27:19 #113 OK SELECT id=3715140 via doris-1 rows=10258 [doris-1:f:up doris-2:f:up doris-3:M:up]
19:27:21 #114 OK SELECT id=3715140 via doris-1 rows=10257 [doris-1:f:up doris-2:f:up doris-3:M:up]
19:27:22 #115 OK SELECT id=3715140 via doris-1 rows=10258 [doris-1:f:up doris-2:f:up doris-3:M:up]
19:27:23 #116 OK SELECT id=3715140 via doris-1 rows=10259 [doris-1:f:up doris-2:f:up doris-3:M:up]
19:27:24 #117 OK SELECT id=3715140 via doris-1 rows=10259 [doris-1:f:up doris-2:f:up doris-3:M:up]
19:27:25 #118 OK SELECT id=3715140 via doris-1 rows=10259 [doris-1:f:up doris-2:f:up doris-3:M:up]
19:27:26 #119 OK SELECT id=3715140 via doris-1 rows=10257 [doris-1:f:up doris-2:f:up doris-3:M:up]
19:27:27 #120 OK SELECT id=3715140 via doris-1 rows=10257 [doris-1:f:up doris-2:f:up doris-3:M:up]
19:27:28 #121 OK SELECT id=3715140 via doris-1 rows=10259 [doris-1:f:up doris-2:f:up doris-3:M:up]
19:27:29 #122 OK SELECT id=3715140 via doris-1 rows=10259 [doris-1:f:up doris-2:f:up doris-3:M:up]
19:27:30 #123 OK SELECT id=3715140 via doris-1 rows=10259 [doris-1:f:up doris-2:f:up doris-3:M:up]
19:27:31 #124 OK SELECT id=3715140 via doris-1 rows=10257 [doris-1:f:up doris-2:f:up doris-3:M:up]
19:27:32 #125 OK SELECT id=3715140 via doris-1 rows=10257 [doris-1:f:up doris-2:f:up doris-3:M:up]
19:27:33 #126 OK SELECT id=3715140 via doris-1 rows=10259 [doris-1:f:up doris-2:f:up doris-3:M:up]
19:27:34 #127 OK SELECT id=3715140 via doris-1 rows=10259 [doris-1:f:up doris-2:f:up doris-3:M:up]
19:27:35 #128 OK SELECT id=3715140 via doris-1 rows=10259 [doris-1:f:up doris-2:f:up doris-3:M:up]
19:27:36 #129 OK SELECT id=3715140 via doris-1 rows=10257 [doris-1:f:up doris-2:f:up doris-3:M:up]
19:27:37 #130 OK SELECT id=3715140 via doris-1 rows=10257 [doris-1:f:up doris-2:f:up doris-3:M:up]
19:27:39 #131 OK SELECT id=3715140 via doris-1 rows=10259 [doris-1:f:up doris-2:f:up doris-3:M:up]
19:27:40 #132 OK SELECT id=3715140 via doris-1 rows=10259 [doris-1:f:up doris-2:f:up doris-3:M:up]
19:27:41 #133 OK SELECT id=3715140 via doris-1 rows=10259 [doris-1:f:up doris-2:f:up doris-3:M:up]
19:27:42 #134 OK SELECT id=3715140 via doris-1 rows=10257 [doris-1:f:up doris-2:f:up doris-3:M:up]
19:27:43 #135 OK SELECT id=3715140 via doris-1 rows=10257 [doris-1:f:up doris-2:f:up doris-3:M:up]
19:27:44 #136 OK SELECT id=3715140 via doris-1 rows=10259 [doris-1:f:up doris-2:f:up doris-3:M:up]
19:27:45 #137 OK SELECT id=3715140 via doris-1 rows=10259 [doris-1:f:up doris-2:f:up doris-3:M:up]
19:27:46 #138 OK SELECT id=3715140 via doris-1 rows=10259 [doris-1:f:up doris-2:f:up doris-3:M:up]
19:27:47 #139 OK SELECT id=3715140 via doris-1 rows=10257 [doris-1:f:up doris-2:f:up doris-3:M:up]
19:27:48 #140 OK SELECT id=3715140 via doris-1 rows=10257 [doris-1:f:up doris-2:f:up doris-3:M:up]
19:27:49 #141 OK SELECT id=3715140 via doris-1 rows=10259 [doris-1:f:up doris-2:f:up doris-3:M:up]
19:27:50 EVENT restore: verify fe on doris-2
19:27:50 #142 OK SELECT id=3715140 via doris-1 rows=10259 [doris-1:f:up doris-2:f:up doris-3:M:up]
19:27:51 #143 OK SELECT id=3715140 via doris-1 rows=10259 [doris-1:f:up doris-2:f:up doris-3:M:up]
19:27:52 #144 OK SELECT id=3715140 via doris-1 rows=10257 [doris-1:f:up doris-2:f:up doris-3:M:up]
19:27:53 #145 OK SELECT id=3715140 via doris-1 rows=10257 [doris-1:f:up doris-2:f:up doris-3:M:up]
19:27:54 #146 OK SELECT id=3715140 via doris-1 rows=10259 [doris-1:f:up doris-2:f:up doris-3:M:up]
19:27:55 EVENT restore: cluster healthy
19:27:55 #147 OK SELECT id=3715140 via doris-1 rows=10259 [doris-1:f:up doris-2:f:up doris-3:M:up]
19:27:56 #148 OK SELECT id=3715140 via doris-1 rows=10259 [doris-1:f:up doris-2:f:up doris-3:M:up]
19:27:58 #149 OK SELECT id=3715140 via doris-1 rows=10257 [doris-1:f:up doris-2:f:up doris-3:M:up]
19:27:59 #150 OK SELECT id=3715140 via doris-1 rows=10257 [doris-1:f:up doris-2:f:up doris-3:M:up]
19:28:00 #151 OK SELECT id=3715140 via doris-1 rows=10259 [doris-1:f:up doris-2:f:up doris-3:M:up]
19:28:01 #152 OK SELECT id=3715140 via doris-1 rows=10259 [doris-1:f:up doris-2:f:up doris-3:M:up]
19:28:02 #153 OK SELECT id=3715140 via doris-1 rows=10259 [doris-1:f:up doris-2:f:up doris-3:M:up]
19:28:03 #154 OK SELECT id=3715140 via doris-1 rows=10257 [doris-1:f:up doris-2:f:up doris-3:M:up]
19:28:04 #155 OK SELECT id=3715140 via doris-1 rows=10257 [doris-1:f:up doris-2:f:up doris-3:M:up]
19:28:05 #156 OK SELECT id=3715140 via doris-1 rows=10259 [doris-1:f:up doris-2:f:up doris-3:M:up]
19:28:06 #157 OK SELECT id=3715140 via doris-1 rows=10259 [doris-1:f:up doris-2:f:up doris-3:M:up]
19:28:07 #158 OK SELECT id=3715140 via doris-1 rows=10259 [doris-1:f:up doris-2:f:up doris-3:M:up]
19:28:08 #159 OK SELECT id=3715140 via doris-1 rows=10257 [doris-1:f:up doris-2:f:up doris-3:M:up]
19:28:09 #160 OK SELECT id=3715140 via doris-1 rows=10257 [doris-1:f:up doris-2:f:up doris-3:M:up]
19:28:10 #161 OK SELECT id=3715140 via doris-1 rows=10259 [doris-1:f:up doris-2:f:up doris-3:M:up]
19:28:11 #162 OK SELECT id=3715140 via doris-1 rows=10259 [doris-1:f:up doris-2:f:up doris-3:M:up]
19:28:12 #163 OK SELECT id=3715140 via doris-1 rows=10259 [doris-1:f:up doris-2:f:up doris-3:M:up]
19:28:13 #164 OK SELECT id=3715140 via doris-1 rows=10257 [doris-1:f:up doris-2:f:up doris-3:M:up]
19:28:14 #165 OK SELECT id=3715140 via doris-1 rows=10257 [doris-1:f:up doris-2:f:up doris-3:M:up]
19:28:15 #166 OK SELECT id=3715140 via doris-1 rows=10259 [doris-1:f:up doris-2:f:up doris-3:M:up]
19:28:17 #167 OK SELECT id=3715140 via doris-1 rows=10259 [doris-1:f:up doris-2:f:up doris-3:M:up]
19:28:18 #168 OK SELECT id=3715140 via doris-1 rows=10259 [doris-1:f:up doris-2:f:up doris-3:M:up]
19:28:19 #169 OK SELECT id=3715140 via doris-1 rows=10257 [doris-1:f:up doris-2:f:up doris-3:M:up]
19:28:20 #170 OK SELECT id=3715140 via doris-1 rows=10257 [doris-1:f:up doris-2:f:up doris-3:M:up]
19:28:21 #171 OK SELECT id=3715140 via doris-1 rows=10259 [doris-1:f:up doris-2:f:up doris-3:M:up]
19:28:22 #172 OK SELECT id=3715140 via doris-1 rows=10259 [doris-1:f:up doris-2:f:up doris-3:M:up]
19:28:23 #173 OK SELECT id=3715140 via doris-1 rows=10259 [doris-1:f:up doris-2:f:up doris-3:M:up]
19:28:24 #174 OK SELECT id=3715140 via doris-1 rows=10257 [doris-1:f:up doris-2:f:up doris-3:M:up]
19:28:25 #175 OK SELECT id=3715140 via doris-1 rows=10257 [doris-1:f:up doris-2:f:up doris-3:M:up]
