04:37:37 PROBE start proto=jdbc hosts=doris-1,doris-2,doris-3 duration=86400s cycle=INSERT>UPSERT>SELECT>DELETE>SELECT url=jdbc:mysql://10.140.0.2:9030,10.140.0.3:9030,10.140.0.4:9030/hatest
04:37:38 connected to doris-1 (driver-selected host)
04:37:38 #1 OK INSERT id=2726570 via doris-1 rows=10125 [doris-1:f:up doris-2:M:up doris-3:f:up]
04:37:39 #2 OK UPSERT id=2726570 via doris-1 rows=10125 [doris-1:f:up doris-2:M:up doris-3:f:up]
04:37:40 #3 OK SELECT id=2726570 via doris-1 rows=10125 [doris-1:f:up doris-2:M:up doris-3:f:up]
04:37:41 #4 OK DELETE id=2726570 via doris-1 rows=10123 [doris-1:f:up doris-2:M:up doris-3:f:up]
04:37:42 #5 OK SELECT id=2726570 via doris-1 rows=10123 [doris-1:f:up doris-2:M:up doris-3:f:up]
04:37:43 #6 OK INSERT id=2726571 via doris-1 rows=10125 [doris-1:f:up doris-2:M:up doris-3:f:up]
04:37:45 #7 OK UPSERT id=2726571 via doris-1 rows=10125 [doris-1:f:up doris-2:M:up doris-3:f:up]
04:37:46 #8 OK SELECT id=2726571 via doris-1 rows=10125 [doris-1:f:up doris-2:M:up doris-3:f:up]
04:37:47 #9 OK DELETE id=2726571 via doris-1 rows=10123 [doris-1:f:up doris-2:M:up doris-3:f:up]
04:37:48 #10 OK SELECT id=2726571 via doris-1 rows=10123 [doris-1:f:up doris-2:M:up doris-3:f:up]
04:37:49 #11 OK INSERT id=2726572 via doris-1 rows=10125 [doris-1:f:up doris-2:M:up doris-3:f:up]
04:37:50 #12 OK UPSERT id=2726572 via doris-1 rows=10125 [doris-1:f:up doris-2:M:up doris-3:f:up]
04:37:51 #13 OK SELECT id=2726572 via doris-1 rows=10125 [doris-1:f:up doris-2:M:up doris-3:f:up]
04:37:52 #14 OK DELETE id=2726572 via doris-1 rows=10123 [doris-1:f:up doris-2:M:up doris-3:f:up]
04:37:53 #15 OK SELECT id=2726572 via doris-1 rows=10123 [doris-1:f:up doris-2:M:up doris-3:f:up]
04:37:54 #16 OK INSERT id=2726573 via doris-1 rows=10125 [doris-1:f:up doris-2:M:up doris-3:f:up]
04:37:55 #17 OK UPSERT id=2726573 via doris-1 rows=10125 [doris-1:f:up doris-2:M:up doris-3:f:up]
04:37:56 #18 OK SELECT id=2726573 via doris-1 rows=10125 [doris-1:f:up doris-2:M:up doris-3:f:up]
04:37:57 #19 OK DELETE id=2726573 via doris-1 rows=10123 [doris-1:f:up doris-2:M:up doris-3:f:up]
04:37:59 #20 OK SELECT id=2726573 via doris-1 rows=10123 [doris-1:f:up doris-2:M:up doris-3:f:up]
04:38:00 #21 OK INSERT id=2726574 via doris-1 rows=10125 [doris-1:f:up doris-2:M:up doris-3:f:up]
04:38:01 #22 OK UPSERT id=2726574 via doris-1 rows=10125 [doris-1:f:up doris-2:M:up doris-3:f:up]
04:38:02 #23 OK SELECT id=2726574 via doris-1 rows=10125 [doris-1:f:up doris-2:M:up doris-3:f:up]
04:38:03 #24 OK DELETE id=2726574 via doris-1 rows=10123 [doris-1:f:up doris-2:M:up doris-3:f:up]
04:38:04 #25 OK SELECT id=2726574 via doris-1 rows=10123 [doris-1:f:up doris-2:M:up doris-3:f:up]
04:38:05 #26 OK INSERT id=2726575 via doris-1 rows=10125 [doris-1:f:up doris-2:M:up doris-3:f:up]
04:38:06 #27 OK UPSERT id=2726575 via doris-1 rows=10125 [doris-1:f:up doris-2:M:up doris-3:f:up]
04:38:07 #28 OK SELECT id=2726575 via doris-1 rows=10125 [doris-1:f:up doris-2:M:up doris-3:f:up]
04:38:08 #29 OK DELETE id=2726575 via doris-1 rows=10123 [doris-1:f:up doris-2:M:up doris-3:f:up]
04:38:09 #30 OK SELECT id=2726575 via doris-1 rows=10123 [doris-1:f:up doris-2:M:up doris-3:f:up]
04:38:10 #31 OK INSERT id=2726576 via doris-1 rows=10125 [doris-1:f:up doris-2:M:up doris-3:f:up]
04:38:11 EVENT break: fe crash on doris-2 (FE master)
04:38:11 #32 OK UPSERT id=2726576 via doris-1 rows=10125 [doris-1:f:up doris-2:M:up doris-3:f:up]
04:38:13 #33 OK SELECT id=2726576 via doris-1 rows=10125 [doris-1:f:up doris-2:M:up doris-3:f:up]
04:38:14 #34 FAIL DELETE id=2726576 via doris-1: SQLException: ForwardToMasterException, msg: forward to master FE TNetworkAddress(hostname:10.140.0.3, port:9020), statement
04:38:14 #34 FAIL SELECT(check) id=1 via -: SQLException: ForwardToMasterException, msg: forward to master FE TNetworkAddress(hostname:10.140.0.3, p
04:38:15 connected to doris-1 (driver-selected host)
04:38:16 #35 OK INSERT id=2726577 via doris-1 rows=10125 [doris-1:f:up doris-2:f:DOWN doris-3:M:up] (recovered)
04:38:17 #36 OK UPSERT id=2726577 via doris-1 rows=10126 [doris-1:f:up doris-2:f:DOWN doris-3:M:up]
04:38:18 #37 OK SELECT id=2726577 via doris-1 rows=10126 [doris-1:f:up doris-2:f:DOWN doris-3:M:up]
04:38:20 #38 FAIL DELETE id=2726577 via doris-1: SQLException: send fragments failed. io.grpc.StatusRuntimeException: UNAVAILABLE: io exception, host: 10.140.0.4
04:38:20 #38 OK SELECT(check) id=1 via doris-1
04:38:21 connected to doris-1 (driver-selected host)
04:38:24 #39 OK INSERT id=2726578 via doris-1 rows=10127 [doris-1:f:up doris-2:f:DOWN doris-3:M:up] (recovered)
04:38:25 #40 OK UPSERT id=2726578 via doris-1 rows=10128 [doris-1:f:up doris-2:f:DOWN doris-3:M:up]
04:38:26 #41 OK SELECT id=2726578 via doris-1 rows=10128 [doris-1:f:up doris-2:f:DOWN doris-3:M:up]
04:38:28 #42 OK DELETE id=2726578 via doris-1 rows=10126 [doris-1:f:up doris-2:f:DOWN doris-3:M:up]
04:38:28 EVENT recovered: fe restarted by systemd on doris-2 (+9s)
04:38:29 #43 OK SELECT id=2726578 via doris-1 rows=10126 [doris-1:f:up doris-2:f:DOWN doris-3:M:up]
04:38:30 #44 OK INSERT id=2726579 via doris-1 rows=10128 [doris-1:f:up doris-2:f:DOWN doris-3:M:up]
04:38:31 #45 OK UPSERT id=2726579 via doris-1 rows=10128 [doris-1:f:up doris-2:f:DOWN doris-3:M:up]
04:38:32 #46 OK SELECT id=2726579 via doris-1 rows=10128 [doris-1:f:up doris-2:f:DOWN doris-3:M:up]
04:38:33 #47 OK DELETE id=2726579 via doris-1 rows=10127 [doris-1:f:up doris-2:f:DOWN doris-3:M:up]
04:38:34 #48 OK SELECT id=2726579 via doris-1 rows=10126 [doris-1:f:up doris-2:f:up doris-3:M:up]
04:38:45 #49 FAIL INSERT id=2726580 via doris-1: CommunicationsException: Communications link failure  The last packet successfully received from the server was 9,011 milliseconds ago.
04:38:46 #49 OK SELECT(check) id=1 via doris-1
04:38:47 connected to doris-1 (driver-selected host)
04:38:55 #50 OK INSERT id=2726581 via doris-1 rows=10130 [doris-1:f:up doris-2:f:up doris-3:M:up] (recovered)
04:38:56 #51 OK UPSERT id=2726581 via doris-1 rows=10131 [doris-1:f:up doris-2:f:up doris-3:M:up]
04:38:57 #52 OK SELECT id=2726581 via doris-1 rows=10131 [doris-1:f:up doris-2:f:up doris-3:M:up]
04:38:58 #53 OK DELETE id=2726581 via doris-1 rows=10130 [doris-1:f:up doris-2:f:up doris-3:M:up]
04:38:59 #54 OK SELECT id=2726581 via doris-1 rows=10129 [doris-1:f:up doris-2:f:up doris-3:M:up]
04:39:00 #55 OK INSERT id=2726582 via doris-1 rows=10130 [doris-1:f:up doris-2:f:up doris-3:M:up]
04:39:01 #56 OK UPSERT id=2726582 via doris-1 rows=10131 [doris-1:f:up doris-2:f:up doris-3:M:up]
04:39:02 #57 OK SELECT id=2726582 via doris-1 rows=10131 [doris-1:f:up doris-2:f:up doris-3:M:up]
04:39:03 #58 OK DELETE id=2726582 via doris-1 rows=10130 [doris-1:f:up doris-2:f:up doris-3:M:up]
04:39:04 #59 OK SELECT id=2726582 via doris-1 rows=10129 [doris-1:f:up doris-2:f:up doris-3:M:up]
04:39:05 #60 OK INSERT id=2726583 via doris-1 rows=10130 [doris-1:f:up doris-2:f:up doris-3:M:up]
04:39:06 #61 OK UPSERT id=2726583 via doris-1 rows=10131 [doris-1:f:up doris-2:f:up doris-3:M:up]
04:39:08 #62 OK SELECT id=2726583 via doris-1 rows=10131 [doris-1:f:up doris-2:f:up doris-3:M:up]
04:39:09 #63 OK DELETE id=2726583 via doris-1 rows=10130 [doris-1:f:up doris-2:f:up doris-3:M:up]
04:39:10 #64 OK SELECT id=2726583 via doris-1 rows=10129 [doris-1:f:up doris-2:f:up doris-3:M:up]
04:39:11 #65 OK INSERT id=2726584 via doris-1 rows=10130 [doris-1:f:up doris-2:f:up doris-3:M:up]
04:39:12 #66 OK UPSERT id=2726584 via doris-1 rows=10131 [doris-1:f:up doris-2:f:up doris-3:M:up]
04:39:13 #67 OK SELECT id=2726584 via doris-1 rows=10131 [doris-1:f:up doris-2:f:up doris-3:M:up]
04:39:14 #68 OK DELETE id=2726584 via doris-1 rows=10130 [doris-1:f:up doris-2:f:up doris-3:M:up]
04:39:15 #69 OK SELECT id=2726584 via doris-1 rows=10129 [doris-1:f:up doris-2:f:up doris-3:M:up]
04:39:16 #70 OK INSERT id=2726585 via doris-1 rows=10130 [doris-1:f:up doris-2:f:up doris-3:M:up]
04:39:17 #71 OK UPSERT id=2726585 via doris-1 rows=10131 [doris-1:f:up doris-2:f:up doris-3:M:up]
04:39:18 #72 OK SELECT id=2726585 via doris-1 rows=10131 [doris-1:f:up doris-2:f:up doris-3:M:up]
04:39:19 #73 OK DELETE id=2726585 via doris-1 rows=10130 [doris-1:f:up doris-2:f:up doris-3:M:up]
04:39:20 #74 OK SELECT id=2726585 via doris-1 rows=10129 [doris-1:f:up doris-2:f:up doris-3:M:up]
04:39:22 #75 OK INSERT id=2726586 via doris-1 rows=10130 [doris-1:f:up doris-2:f:up doris-3:M:up]
04:39:23 #76 OK UPSERT id=2726586 via doris-1 rows=10131 [doris-1:f:up doris-2:f:up doris-3:M:up]
04:39:24 #77 OK SELECT id=2726586 via doris-1 rows=10131 [doris-1:f:up doris-2:f:up doris-3:M:up]
04:39:25 #78 OK DELETE id=2726586 via doris-1 rows=10130 [doris-1:f:up doris-2:f:up doris-3:M:up]
04:39:26 #79 OK SELECT id=2726586 via doris-1 rows=10129 [doris-1:f:up doris-2:f:up doris-3:M:up]
04:39:27 #80 OK INSERT id=2726587 via doris-1 rows=10130 [doris-1:f:up doris-2:f:up doris-3:M:up]
04:39:28 #81 OK UPSERT id=2726587 via doris-1 rows=10131 [doris-1:f:up doris-2:f:up doris-3:M:up]
04:39:29 #82 OK SELECT id=2726587 via doris-1 rows=10131 [doris-1:f:up doris-2:f:up doris-3:M:up]
04:39:30 #83 OK DELETE id=2726587 via doris-1 rows=10130 [doris-1:f:up doris-2:f:up doris-3:M:up]
04:39:31 #84 OK SELECT id=2726587 via doris-1 rows=10129 [doris-1:f:up doris-2:f:up doris-3:M:up]
04:39:32 #85 OK INSERT id=2726588 via doris-1 rows=10130 [doris-1:f:up doris-2:f:up doris-3:M:up]
04:39:33 #86 OK UPSERT id=2726588 via doris-1 rows=10131 [doris-1:f:up doris-2:f:up doris-3:M:up]
04:39:35 #87 OK SELECT id=2726588 via doris-1 rows=10131 [doris-1:f:up doris-2:f:up doris-3:M:up]
04:39:36 #88 OK DELETE id=2726588 via doris-1 rows=10130 [doris-1:f:up doris-2:f:up doris-3:M:up]
04:39:37 #89 OK SELECT id=2726588 via doris-1 rows=10129 [doris-1:f:up doris-2:f:up doris-3:M:up]
04:39:38 #90 OK INSERT id=2726589 via doris-1 rows=10130 [doris-1:f:up doris-2:f:up doris-3:M:up]
04:39:39 #91 OK UPSERT id=2726589 via doris-1 rows=10131 [doris-1:f:up doris-2:f:up doris-3:M:up]
04:39:40 #92 OK SELECT id=2726589 via doris-1 rows=10131 [doris-1:f:up doris-2:f:up doris-3:M:up]
04:39:41 #93 OK DELETE id=2726589 via doris-1 rows=10130 [doris-1:f:up doris-2:f:up doris-3:M:up]
04:39:42 #94 OK SELECT id=2726589 via doris-1 rows=10129 [doris-1:f:up doris-2:f:up doris-3:M:up]
04:39:43 #95 OK INSERT id=2726590 via doris-1 rows=10130 [doris-1:f:up doris-2:f:up doris-3:M:up]
04:39:44 #96 OK UPSERT id=2726590 via doris-1 rows=10131 [doris-1:f:up doris-2:f:up doris-3:M:up]
04:39:45 #97 OK SELECT id=2726590 via doris-1 rows=10131 [doris-1:f:up doris-2:f:up doris-3:M:up]
04:39:46 #98 OK DELETE id=2726590 via doris-1 rows=10130 [doris-1:f:up doris-2:f:up doris-3:M:up]
04:39:48 #99 OK SELECT id=2726590 via doris-1 rows=10129 [doris-1:f:up doris-2:f:up doris-3:M:up]
04:39:49 #100 OK INSERT id=2726591 via doris-1 rows=10130 [doris-1:f:up doris-2:f:up doris-3:M:up]
04:39:50 #101 OK UPSERT id=2726591 via doris-1 rows=10131 [doris-1:f:up doris-2:f:up doris-3:M:up]
04:39:51 #102 OK SELECT id=2726591 via doris-1 rows=10131 [doris-1:f:up doris-2:f:up doris-3:M:up]
04:39:52 #103 OK DELETE id=2726591 via doris-1 rows=10130 [doris-1:f:up doris-2:f:up doris-3:M:up]
04:39:53 #104 OK SELECT id=2726591 via doris-1 rows=10129 [doris-1:f:up doris-2:f:up doris-3:M:up]
04:39:54 #105 OK INSERT id=2726592 via doris-1 rows=10130 [doris-1:f:up doris-2:f:up doris-3:M:up]
04:39:55 #106 OK UPSERT id=2726592 via doris-1 rows=10131 [doris-1:f:up doris-2:f:up doris-3:M:up]
04:39:56 #107 OK SELECT id=2726592 via doris-1 rows=10131 [doris-1:f:up doris-2:f:up doris-3:M:up]
04:39:57 #108 OK DELETE id=2726592 via doris-1 rows=10130 [doris-1:f:up doris-2:f:up doris-3:M:up]
04:39:58 #109 OK SELECT id=2726592 via doris-1 rows=10129 [doris-1:f:up doris-2:f:up doris-3:M:up]
04:39:59 #110 OK INSERT id=2726593 via doris-1 rows=10130 [doris-1:f:up doris-2:f:up doris-3:M:up]
04:40:00 #111 OK UPSERT id=2726593 via doris-1 rows=10131 [doris-1:f:up doris-2:f:up doris-3:M:up]
04:40:02 #112 OK SELECT id=2726593 via doris-1 rows=10131 [doris-1:f:up doris-2:f:up doris-3:M:up]
04:40:03 #113 OK DELETE id=2726593 via doris-1 rows=10130 [doris-1:f:up doris-2:f:up doris-3:M:up]
04:40:04 #114 OK SELECT id=2726593 via doris-1 rows=10129 [doris-1:f:up doris-2:f:up doris-3:M:up]
04:40:05 #115 OK INSERT id=2726594 via doris-1 rows=10130 [doris-1:f:up doris-2:f:up doris-3:M:up]
04:40:06 #116 OK UPSERT id=2726594 via doris-1 rows=10131 [doris-1:f:up doris-2:f:up doris-3:M:up]
04:40:07 #117 OK SELECT id=2726594 via doris-1 rows=10131 [doris-1:f:up doris-2:f:up doris-3:M:up]
04:40:08 EVENT restore: verify fe on doris-2
04:40:08 #118 OK DELETE id=2726594 via doris-1 rows=10130 [doris-1:f:up doris-2:f:up doris-3:M:up]
04:40:09 #119 OK SELECT id=2726594 via doris-1 rows=10129 [doris-1:f:up doris-2:f:up doris-3:M:up]
04:40:10 #120 OK INSERT id=2726595 via doris-1 rows=10130 [doris-1:f:up doris-2:f:up doris-3:M:up]
04:40:11 #121 OK UPSERT id=2726595 via doris-1 rows=10131 [doris-1:f:up doris-2:f:up doris-3:M:up]
04:40:12 #122 OK SELECT id=2726595 via doris-1 rows=10131 [doris-1:f:up doris-2:f:up doris-3:M:up]
04:40:13 #123 OK DELETE id=2726595 via doris-1 rows=10130 [doris-1:f:up doris-2:f:up doris-3:M:up]
04:40:14 EVENT restore: cluster healthy
04:40:14 #124 OK SELECT id=2726595 via doris-1 rows=10129 [doris-1:f:up doris-2:f:up doris-3:M:up]
04:40:16 #125 OK INSERT id=2726596 via doris-1 rows=10130 [doris-1:f:up doris-2:f:up doris-3:M:up]
04:40:17 #126 OK UPSERT id=2726596 via doris-1 rows=10131 [doris-1:f:up doris-2:f:up doris-3:M:up]
04:40:18 #127 OK SELECT id=2726596 via doris-1 rows=10131 [doris-1:f:up doris-2:f:up doris-3:M:up]
04:40:19 #128 OK DELETE id=2726596 via doris-1 rows=10130 [doris-1:f:up doris-2:f:up doris-3:M:up]
04:40:20 #129 OK SELECT id=2726596 via doris-1 rows=10129 [doris-1:f:up doris-2:f:up doris-3:M:up]
04:40:21 #130 OK INSERT id=2726597 via doris-1 rows=10130 [doris-1:f:up doris-2:f:up doris-3:M:up]
04:40:22 #131 OK UPSERT id=2726597 via doris-1 rows=10131 [doris-1:f:up doris-2:f:up doris-3:M:up]
04:40:23 #132 OK SELECT id=2726597 via doris-1 rows=10131 [doris-1:f:up doris-2:f:up doris-3:M:up]
04:40:24 #133 OK DELETE id=2726597 via doris-1 rows=10130 [doris-1:f:up doris-2:f:up doris-3:M:up]
04:40:25 #134 OK SELECT id=2726597 via doris-1 rows=10129 [doris-1:f:up doris-2:f:up doris-3:M:up]
04:40:26 #135 OK INSERT id=2726598 via doris-1 rows=10130 [doris-1:f:up doris-2:f:up doris-3:M:up]
04:40:27 #136 OK UPSERT id=2726598 via doris-1 rows=10131 [doris-1:f:up doris-2:f:up doris-3:M:up]
04:40:28 #137 OK SELECT id=2726598 via doris-1 rows=10131 [doris-1:f:up doris-2:f:up doris-3:M:up]
04:40:30 #138 OK DELETE id=2726598 via doris-1 rows=10130 [doris-1:f:up doris-2:f:up doris-3:M:up]
04:40:31 #139 OK SELECT id=2726598 via doris-1 rows=10129 [doris-1:f:up doris-2:f:up doris-3:M:up]
04:40:32 #140 OK INSERT id=2726599 via doris-1 rows=10130 [doris-1:f:up doris-2:f:up doris-3:M:up]
04:40:33 #141 OK UPSERT id=2726599 via doris-1 rows=10131 [doris-1:f:up doris-2:f:up doris-3:M:up]
04:40:34 #142 OK SELECT id=2726599 via doris-1 rows=10131 [doris-1:f:up doris-2:f:up doris-3:M:up]
04:40:35 #143 OK DELETE id=2726599 via doris-1 rows=10130 [doris-1:f:up doris-2:f:up doris-3:M:up]
04:40:36 #144 OK SELECT id=2726599 via doris-1 rows=10129 [doris-1:f:up doris-2:f:up doris-3:M:up]
04:40:37 #145 OK INSERT id=2726600 via doris-1 rows=10130 [doris-1:f:up doris-2:f:up doris-3:M:up]
04:40:38 #146 OK UPSERT id=2726600 via doris-1 rows=10131 [doris-1:f:up doris-2:f:up doris-3:M:up]
04:40:39 #147 OK SELECT id=2726600 via doris-1 rows=10131 [doris-1:f:up doris-2:f:up doris-3:M:up]
04:40:40 #148 OK DELETE id=2726600 via doris-1 rows=10130 [doris-1:f:up doris-2:f:up doris-3:M:up]
04:40:41 #149 OK SELECT id=2726600 via doris-1 rows=10129 [doris-1:f:up doris-2:f:up doris-3:M:up]
