19:25:14 PROBE start proto=mysql hosts=doris-1,doris-2,doris-3 duration=86400s cycle=INSERT>UPSERT>SELECT>DELETE>SELECT
19:25:14 connected to doris-1 (10.140.0.2)
19:25:14 #1 OK INSERT id=1715140 via doris-1 rows=10256 [doris-1:f:up doris-2:M:up doris-3:f:up]
19:25:15 #2 OK UPSERT id=1715140 via doris-1 rows=10257 [doris-1:f:up doris-2:M:up doris-3:f:up]
19:25:16 #3 OK SELECT id=1715140 via doris-1 rows=10257 [doris-1:f:up doris-2:M:up doris-3:f:up]
19:25:17 #4 OK DELETE id=1715140 via doris-1 rows=10256 [doris-1:f:up doris-2:M:up doris-3:f:up]
19:25:18 #5 OK SELECT id=1715140 via doris-1 rows=10255 [doris-1:f:up doris-2:M:up doris-3:f:up]
19:25:19 #6 OK INSERT id=1715141 via doris-1 rows=10256 [doris-1:f:up doris-2:M:up doris-3:f:up]
19:25:21 #7 OK UPSERT id=1715141 via doris-1 rows=10257 [doris-1:f:up doris-2:M:up doris-3:f:up]
19:25:22 #8 OK SELECT id=1715141 via doris-1 rows=10257 [doris-1:f:up doris-2:M:up doris-3:f:up]
19:25:23 #9 OK DELETE id=1715141 via doris-1 rows=10256 [doris-1:f:up doris-2:M:up doris-3:f:up]
19:25:24 #10 OK SELECT id=1715141 via doris-1 rows=10255 [doris-1:f:up doris-2:M:up doris-3:f:up]
19:25:25 #11 OK INSERT id=1715142 via doris-1 rows=10256 [doris-1:f:up doris-2:M:up doris-3:f:up]
19:25:26 #12 OK UPSERT id=1715142 via doris-1 rows=10257 [doris-1:f:up doris-2:M:up doris-3:f:up]
19:25:27 #13 OK SELECT id=1715142 via doris-1 rows=10257 [doris-1:f:up doris-2:M:up doris-3:f:up]
19:25:28 #14 OK DELETE id=1715142 via doris-1 rows=10256 [doris-1:f:up doris-2:M:up doris-3:f:up]
19:25:29 #15 OK SELECT id=1715142 via doris-1 rows=10255 [doris-1:f:up doris-2:M:up doris-3:f:up]
19:25:30 #16 OK INSERT id=1715143 via doris-1 rows=10256 [doris-1:f:up doris-2:M:up doris-3:f:up]
19:25:31 #17 OK UPSERT id=1715143 via doris-1 rows=10257 [doris-1:f:up doris-2:M:up doris-3:f:up]
19:25:32 #18 OK SELECT id=1715143 via doris-1 rows=10257 [doris-1:f:up doris-2:M:up doris-3:f:up]
19:25:33 #19 OK DELETE id=1715143 via doris-1 rows=10256 [doris-1:f:up doris-2:M:up doris-3:f:up]
19:25:35 #20 OK SELECT id=1715143 via doris-1 rows=10255 [doris-1:f:up doris-2:M:up doris-3:f:up]
19:25:36 #21 OK INSERT id=1715144 via doris-1 rows=10256 [doris-1:f:up doris-2:M:up doris-3:f:up]
19:25:37 #22 OK UPSERT id=1715144 via doris-1 rows=10257 [doris-1:f:up doris-2:M:up doris-3:f:up]
19:25:38 #23 OK SELECT id=1715144 via doris-1 rows=10257 [doris-1:f:up doris-2:M:up doris-3:f:up]
19:25:39 #24 OK DELETE id=1715144 via doris-1 rows=10256 [doris-1:f:up doris-2:M:up doris-3:f:up]
19:25:40 #25 OK SELECT id=1715144 via doris-1 rows=10255 [doris-1:f:up doris-2:M:up doris-3:f:up]
19:25:41 #26 OK INSERT id=1715145 via doris-1 rows=10256 [doris-1:f:up doris-2:M:up doris-3:f:up]
19:25:42 #27 OK UPSERT id=1715145 via doris-1 rows=10257 [doris-1:f:up doris-2:M:up doris-3:f:up]
19:25:43 #28 OK SELECT id=1715145 via doris-1 rows=10257 [doris-1:f:up doris-2:M:up doris-3:f:up]
19:25:44 #29 OK DELETE id=1715145 via doris-1 rows=10256 [doris-1:f:up doris-2:M:up doris-3:f:up]
19:25:45 #30 OK SELECT id=1715145 via doris-1 rows=10255 [doris-1:f:up doris-2:M:up doris-3:f:up]
19:25:46 #31 OK INSERT id=1715146 via doris-1 rows=10256 [doris-1:f:up doris-2:M:up doris-3:f:up]
19:25:47 #32 OK UPSERT id=1715146 via doris-1 rows=10257 [doris-1:f:up doris-2:M:up doris-3:f:up]
19:25:48 EVENT break: fe crash on doris-2 (FE master)
19:25:49 #33 OK SELECT id=1715146 via doris-1 rows=10257 [doris-1:f:up doris-2:M:up doris-3:f:up]
19:25:50 #34 OK DELETE id=1715146 via doris-1 rows=10256 [doris-1:f:up doris-2:M:up doris-3:f:up]
19:25:55 #35 OK SELECT id=1715146 via doris-1 rows=10256 [?]
19:26:01 #36 OK INSERT id=1715147 via doris-1 rows=10258 [doris-1:f:up doris-2:f:DOWN doris-3:M:up]
19:26:02 #37 OK UPSERT id=1715147 via doris-1 rows=10259 [doris-1:f:up doris-2:f:DOWN doris-3:M:up]
19:26:03 #38 OK SELECT id=1715147 via doris-1 rows=10259 [doris-1:f:up doris-2:f:DOWN doris-3:M:up]
19:26:04 #39 OK DELETE id=1715147 via doris-1 rows=10257 [doris-1:f:up doris-2:f:DOWN doris-3:M:up]
19:26:05 #40 OK SELECT id=1715147 via doris-1 rows=10257 [doris-1:f:up doris-2:f:DOWN doris-3:M:up]
19:26:06 EVENT recovered: fe restarted by systemd on doris-2 (+9s)
19:26:06 #41 OK INSERT id=1715148 via doris-1 rows=10258 [doris-1:f:up doris-2:f:DOWN doris-3:M:up]
19:26:08 #42 OK UPSERT id=1715148 via doris-1 rows=10259 [doris-1:f:up doris-2:f:DOWN doris-3:M:up]
19:26:09 #43 OK SELECT id=1715148 via doris-1 rows=10259 [doris-1:f:up doris-2:f:DOWN doris-3:M:up]
19:26:10 #44 OK DELETE id=1715148 via doris-1 rows=10257 [doris-1:f:up doris-2:f:DOWN doris-3:M:up]
19:26:11 #45 OK SELECT id=1715148 via doris-1 rows=10257 [doris-1:f:up doris-2:f:DOWN doris-3:M:up]
19:26:12 #46 OK INSERT id=1715149 via doris-1 rows=10259 [doris-1:f:up doris-2:f:DOWN doris-3:M:up]
19:26:13 #47 OK UPSERT id=1715149 via doris-1 rows=10259 [doris-1:f:up doris-2:f:DOWN doris-3:M:up]
19:26:14 #48 OK SELECT id=1715149 via doris-1 rows=10259 [doris-1:f:up doris-2:f:DOWN doris-3:M:up]
19:26:15 #49 OK DELETE id=1715149 via doris-1 rows=10257 [doris-1:f:up doris-2:f:DOWN doris-3:M:up]
19:26:16 #50 OK SELECT id=1715149 via doris-1 rows=10257 [doris-1:f:up doris-2:f:DOWN doris-3:M:up]
19:26:17 #51 OK INSERT id=1715150 via doris-1 rows=10258 [doris-1:f:up doris-2:f:DOWN doris-3:M:up]
19:26:18 #52 OK UPSERT id=1715150 via doris-1 rows=10259 [doris-1:f:up doris-2:f:DOWN doris-3:M:up]
19:26:19 #53 OK SELECT id=1715150 via doris-1 rows=10259 [doris-1:f:up doris-2:f:DOWN doris-3:M:up]
19:26:21 #54 OK DELETE id=1715150 via doris-1 rows=10257 [doris-1:f:up doris-2:f:DOWN doris-3:M:up]
19:26:22 #55 OK SELECT id=1715150 via doris-1 rows=10257 [doris-1:f:up doris-2:f:up doris-3:M:up]
19:26:23 #56 OK INSERT id=1715151 via doris-1 rows=10258 [doris-1:f:up doris-2:f:up doris-3:M:up]
19:26:24 #57 OK UPSERT id=1715151 via doris-1 rows=10259 [doris-1:f:up doris-2:f:up doris-3:M:up]
19:26:25 #58 OK SELECT id=1715151 via doris-1 rows=10259 [doris-1:f:up doris-2:f:up doris-3:M:up]
19:26:26 #59 OK DELETE id=1715151 via doris-1 rows=10258 [doris-1:f:up doris-2:f:up doris-3:M:up]
19:26:27 #60 OK SELECT id=1715151 via doris-1 rows=10257 [doris-1:f:up doris-2:f:up doris-3:M:up]
19:26:28 #61 OK INSERT id=1715152 via doris-1 rows=10258 [doris-1:f:up doris-2:f:up doris-3:M:up]
19:26:29 #62 OK UPSERT id=1715152 via doris-1 rows=10259 [doris-1:f:up doris-2:f:up doris-3:M:up]
19:26:30 #63 OK SELECT id=1715152 via doris-1 rows=10259 [doris-1:f:up doris-2:f:up doris-3:M:up]
19:26:31 #64 OK DELETE id=1715152 via doris-1 rows=10257 [doris-1:f:up doris-2:f:up doris-3:M:up]
19:26:32 #65 OK SELECT id=1715152 via doris-1 rows=10257 [doris-1:f:up doris-2:f:up doris-3:M:up]
19:26:34 #66 OK INSERT id=1715153 via doris-1 rows=10259 [doris-1:f:up doris-2:f:up doris-3:M:up]
19:26:35 #67 OK UPSERT id=1715153 via doris-1 rows=10259 [doris-1:f:up doris-2:f:up doris-3:M:up]
19:26:36 #68 OK SELECT id=1715153 via doris-1 rows=10259 [doris-1:f:up doris-2:f:up doris-3:M:up]
19:26:37 #69 OK DELETE id=1715153 via doris-1 rows=10258 [doris-1:f:up doris-2:f:up doris-3:M:up]
19:26:38 #70 OK SELECT id=1715153 via doris-1 rows=10257 [doris-1:f:up doris-2:f:up doris-3:M:up]
19:26:39 #71 OK INSERT id=1715154 via doris-1 rows=10258 [doris-1:f:up doris-2:f:up doris-3:M:up]
19:26:40 #72 OK UPSERT id=1715154 via doris-1 rows=10259 [doris-1:f:up doris-2:f:up doris-3:M:up]
19:26:41 #73 OK SELECT id=1715154 via doris-1 rows=10259 [doris-1:f:up doris-2:f:up doris-3:M:up]
19:26:42 #74 OK DELETE id=1715154 via doris-1 rows=10258 [doris-1:f:up doris-2:f:up doris-3:M:up]
19:26:43 #75 OK SELECT id=1715154 via doris-1 rows=10257 [doris-1:f:up doris-2:f:up doris-3:M:up]
19:26:44 #76 OK INSERT id=1715155 via doris-1 rows=10258 [doris-1:f:up doris-2:f:up doris-3:M:up]
19:26:45 #77 OK UPSERT id=1715155 via doris-1 rows=10259 [doris-1:f:up doris-2:f:up doris-3:M:up]
19:26:46 #78 OK SELECT id=1715155 via doris-1 rows=10259 [doris-1:f:up doris-2:f:up doris-3:M:up]
19:26:47 #79 OK DELETE id=1715155 via doris-1 rows=10258 [doris-1:f:up doris-2:f:up doris-3:M:up]
19:26:49 #80 OK SELECT id=1715155 via doris-1 rows=10257 [doris-1:f:up doris-2:f:up doris-3:M:up]
19:26:50 #81 OK INSERT id=1715156 via doris-1 rows=10258 [doris-1:f:up doris-2:f:up doris-3:M:up]
19:26:51 #82 OK UPSERT id=1715156 via doris-1 rows=10259 [doris-1:f:up doris-2:f:up doris-3:M:up]
19:26:52 #83 OK SELECT id=1715156 via doris-1 rows=10259 [doris-1:f:up doris-2:f:up doris-3:M:up]
19:26:53 #84 OK DELETE id=1715156 via doris-1 rows=10258 [doris-1:f:up doris-2:f:up doris-3:M:up]
19:26:54 #85 OK SELECT id=1715156 via doris-1 rows=10257 [doris-1:f:up doris-2:f:up doris-3:M:up]
19:26:55 #86 OK INSERT id=1715157 via doris-1 rows=10258 [doris-1:f:up doris-2:f:up doris-3:M:up]
19:26:56 #87 OK UPSERT id=1715157 via doris-1 rows=10259 [doris-1:f:up doris-2:f:up doris-3:M:up]
19:26:57 #88 OK SELECT id=1715157 via doris-1 rows=10259 [doris-1:f:up doris-2:f:up doris-3:M:up]
19:26:58 #89 OK DELETE id=1715157 via doris-1 rows=10258 [doris-1:f:up doris-2:f:up doris-3:M:up]
19:26:59 #90 OK SELECT id=1715157 via doris-1 rows=10257 [doris-1:f:up doris-2:f:up doris-3:M:up]
19:27:00 #91 OK INSERT id=1715158 via doris-1 rows=10258 [doris-1:f:up doris-2:f:up doris-3:M:up]
19:27:01 #92 OK UPSERT id=1715158 via doris-1 rows=10259 [doris-1:f:up doris-2:f:up doris-3:M:up]
19:27:02 #93 OK SELECT id=1715158 via doris-1 rows=10259 [doris-1:f:up doris-2:f:up doris-3:M:up]
19:27:03 #94 OK DELETE id=1715158 via doris-1 rows=10258 [doris-1:f:up doris-2:f:up doris-3:M:up]
19:27:05 #95 OK SELECT id=1715158 via doris-1 rows=10257 [doris-1:f:up doris-2:f:up doris-3:M:up]
19:27:06 #96 OK INSERT id=1715159 via doris-1 rows=10258 [doris-1:f:up doris-2:f:up doris-3:M:up]
19:27:07 #97 OK UPSERT id=1715159 via doris-1 rows=10259 [doris-1:f:up doris-2:f:up doris-3:M:up]
19:27:08 #98 OK SELECT id=1715159 via doris-1 rows=10259 [doris-1:f:up doris-2:f:up doris-3:M:up]
19:27:09 #99 OK DELETE id=1715159 via doris-1 rows=10258 [doris-1:f:up doris-2:f:up doris-3:M:up]
19:27:10 #100 OK SELECT id=1715159 via doris-1 rows=10257 [doris-1:f:up doris-2:f:up doris-3:M:up]
19:27:11 #101 OK INSERT id=1715160 via doris-1 rows=10258 [doris-1:f:up doris-2:f:up doris-3:M:up]
19:27:12 #102 OK UPSERT id=1715160 via doris-1 rows=10259 [doris-1:f:up doris-2:f:up doris-3:M:up]
19:27:13 #103 OK SELECT id=1715160 via doris-1 rows=10259 [doris-1:f:up doris-2:f:up doris-3:M:up]
19:27:14 #104 OK DELETE id=1715160 via doris-1 rows=10258 [doris-1:f:up doris-2:f:up doris-3:M:up]
19:27:15 #105 OK SELECT id=1715160 via doris-1 rows=10257 [doris-1:f:up doris-2:f:up doris-3:M:up]
19:27:16 #106 OK INSERT id=1715161 via doris-1 rows=10258 [doris-1:f:up doris-2:f:up doris-3:M:up]
19:27:17 #107 OK UPSERT id=1715161 via doris-1 rows=10259 [doris-1:f:up doris-2:f:up doris-3:M:up]
19:27:18 #108 OK SELECT id=1715161 via doris-1 rows=10259 [doris-1:f:up doris-2:f:up doris-3:M:up]
19:27:19 #109 OK DELETE id=1715161 via doris-1 rows=10258 [doris-1:f:up doris-2:f:up doris-3:M:up]
19:27:20 #110 OK SELECT id=1715161 via doris-1 rows=10257 [doris-1:f:up doris-2:f:up doris-3:M:up]
19:27:22 #111 OK INSERT id=1715162 via doris-1 rows=10258 [doris-1:f:up doris-2:f:up doris-3:M:up]
19:27:23 #112 OK UPSERT id=1715162 via doris-1 rows=10259 [doris-1:f:up doris-2:f:up doris-3:M:up]
19:27:24 #113 OK SELECT id=1715162 via doris-1 rows=10259 [doris-1:f:up doris-2:f:up doris-3:M:up]
19:27:25 #114 OK DELETE id=1715162 via doris-1 rows=10258 [doris-1:f:up doris-2:f:up doris-3:M:up]
19:27:26 #115 OK SELECT id=1715162 via doris-1 rows=10257 [doris-1:f:up doris-2:f:up doris-3:M:up]
19:27:27 #116 OK INSERT id=1715163 via doris-1 rows=10258 [doris-1:f:up doris-2:f:up doris-3:M:up]
19:27:28 #117 OK UPSERT id=1715163 via doris-1 rows=10259 [doris-1:f:up doris-2:f:up doris-3:M:up]
19:27:29 #118 OK SELECT id=1715163 via doris-1 rows=10259 [doris-1:f:up doris-2:f:up doris-3:M:up]
19:27:30 #119 OK DELETE id=1715163 via doris-1 rows=10258 [doris-1:f:up doris-2:f:up doris-3:M:up]
19:27:31 #120 OK SELECT id=1715163 via doris-1 rows=10257 [doris-1:f:up doris-2:f:up doris-3:M:up]
19:27:32 #121 OK INSERT id=1715164 via doris-1 rows=10258 [doris-1:f:up doris-2:f:up doris-3:M:up]
19:27:33 #122 OK UPSERT id=1715164 via doris-1 rows=10259 [doris-1:f:up doris-2:f:up doris-3:M:up]
19:27:34 #123 OK SELECT id=1715164 via doris-1 rows=10259 [doris-1:f:up doris-2:f:up doris-3:M:up]
19:27:35 #124 OK DELETE id=1715164 via doris-1 rows=10258 [doris-1:f:up doris-2:f:up doris-3:M:up]
19:27:36 #125 OK SELECT id=1715164 via doris-1 rows=10257 [doris-1:f:up doris-2:f:up doris-3:M:up]
19:27:38 #126 OK INSERT id=1715165 via doris-1 rows=10258 [doris-1:f:up doris-2:f:up doris-3:M:up]
19:27:39 #127 OK UPSERT id=1715165 via doris-1 rows=10259 [doris-1:f:up doris-2:f:up doris-3:M:up]
19:27:40 #128 OK SELECT id=1715165 via doris-1 rows=10259 [doris-1:f:up doris-2:f:up doris-3:M:up]
19:27:41 #129 OK DELETE id=1715165 via doris-1 rows=10258 [doris-1:f:up doris-2:f:up doris-3:M:up]
19:27:42 #130 OK SELECT id=1715165 via doris-1 rows=10257 [doris-1:f:up doris-2:f:up doris-3:M:up]
19:27:43 #131 OK INSERT id=1715166 via doris-1 rows=10258 [doris-1:f:up doris-2:f:up doris-3:M:up]
19:27:44 #132 OK UPSERT id=1715166 via doris-1 rows=10259 [doris-1:f:up doris-2:f:up doris-3:M:up]
19:27:45 #133 OK SELECT id=1715166 via doris-1 rows=10259 [doris-1:f:up doris-2:f:up doris-3:M:up]
19:27:46 #134 OK DELETE id=1715166 via doris-1 rows=10258 [doris-1:f:up doris-2:f:up doris-3:M:up]
19:27:47 #135 OK SELECT id=1715166 via doris-1 rows=10257 [doris-1:f:up doris-2:f:up doris-3:M:up]
19:27:48 #136 OK INSERT id=1715167 via doris-1 rows=10258 [doris-1:f:up doris-2:f:up doris-3:M:up]
19:27:49 #137 OK UPSERT id=1715167 via doris-1 rows=10259 [doris-1:f:up doris-2:f:up doris-3:M:up]
19:27:50 EVENT restore: verify fe on doris-2
19:27:50 #138 OK SELECT id=1715167 via doris-1 rows=10259 [doris-1:f:up doris-2:f:up doris-3:M:up]
19:27:51 #139 OK DELETE id=1715167 via doris-1 rows=10258 [doris-1:f:up doris-2:f:up doris-3:M:up]
19:27:52 #140 OK SELECT id=1715167 via doris-1 rows=10257 [doris-1:f:up doris-2:f:up doris-3:M:up]
19:27:53 #141 OK INSERT id=1715168 via doris-1 rows=10258 [doris-1:f:up doris-2:f:up doris-3:M:up]
19:27:55 #142 OK UPSERT id=1715168 via doris-1 rows=10259 [doris-1:f:up doris-2:f:up doris-3:M:up]
19:27:55 EVENT restore: cluster healthy
19:27:56 #143 OK SELECT id=1715168 via doris-1 rows=10259 [doris-1:f:up doris-2:f:up doris-3:M:up]
19:27:57 #144 OK DELETE id=1715168 via doris-1 rows=10258 [doris-1:f:up doris-2:f:up doris-3:M:up]
19:27:58 #145 OK SELECT id=1715168 via doris-1 rows=10257 [doris-1:f:up doris-2:f:up doris-3:M:up]
19:27:59 #146 OK INSERT id=1715169 via doris-1 rows=10258 [doris-1:f:up doris-2:f:up doris-3:M:up]
19:28:00 #147 OK UPSERT id=1715169 via doris-1 rows=10259 [doris-1:f:up doris-2:f:up doris-3:M:up]
19:28:01 #148 OK SELECT id=1715169 via doris-1 rows=10259 [doris-1:f:up doris-2:f:up doris-3:M:up]
19:28:02 #149 OK DELETE id=1715169 via doris-1 rows=10258 [doris-1:f:up doris-2:f:up doris-3:M:up]
19:28:03 #150 OK SELECT id=1715169 via doris-1 rows=10257 [doris-1:f:up doris-2:f:up doris-3:M:up]
19:28:04 #151 OK INSERT id=1715170 via doris-1 rows=10258 [doris-1:f:up doris-2:f:up doris-3:M:up]
19:28:05 #152 OK UPSERT id=1715170 via doris-1 rows=10259 [doris-1:f:up doris-2:f:up doris-3:M:up]
19:28:06 #153 OK SELECT id=1715170 via doris-1 rows=10259 [doris-1:f:up doris-2:f:up doris-3:M:up]
19:28:07 #154 OK DELETE id=1715170 via doris-1 rows=10258 [doris-1:f:up doris-2:f:up doris-3:M:up]
19:28:08 #155 OK SELECT id=1715170 via doris-1 rows=10257 [doris-1:f:up doris-2:f:up doris-3:M:up]
19:28:09 #156 OK INSERT id=1715171 via doris-1 rows=10258 [doris-1:f:up doris-2:f:up doris-3:M:up]
19:28:10 #157 OK UPSERT id=1715171 via doris-1 rows=10259 [doris-1:f:up doris-2:f:up doris-3:M:up]
19:28:11 #158 OK SELECT id=1715171 via doris-1 rows=10259 [doris-1:f:up doris-2:f:up doris-3:M:up]
19:28:13 #159 OK DELETE id=1715171 via doris-1 rows=10258 [doris-1:f:up doris-2:f:up doris-3:M:up]
19:28:14 #160 OK SELECT id=1715171 via doris-1 rows=10257 [doris-1:f:up doris-2:f:up doris-3:M:up]
19:28:15 #161 OK INSERT id=1715172 via doris-1 rows=10258 [doris-1:f:up doris-2:f:up doris-3:M:up]
19:28:16 #162 OK UPSERT id=1715172 via doris-1 rows=10259 [doris-1:f:up doris-2:f:up doris-3:M:up]
19:28:17 #163 OK SELECT id=1715172 via doris-1 rows=10259 [doris-1:f:up doris-2:f:up doris-3:M:up]
19:28:18 #164 OK DELETE id=1715172 via doris-1 rows=10258 [doris-1:f:up doris-2:f:up doris-3:M:up]
19:28:19 #165 OK SELECT id=1715172 via doris-1 rows=10257 [doris-1:f:up doris-2:f:up doris-3:M:up]
19:28:20 #166 OK INSERT id=1715173 via doris-1 rows=10258 [doris-1:f:up doris-2:f:up doris-3:M:up]
19:28:21 #167 OK UPSERT id=1715173 via doris-1 rows=10259 [doris-1:f:up doris-2:f:up doris-3:M:up]
19:28:22 #168 OK SELECT id=1715173 via doris-1 rows=10259 [doris-1:f:up doris-2:f:up doris-3:M:up]
