16:44:49 PROBE start proto=jdbc hosts=doris-1,doris-2,doris-3 duration=86400s cycle=INSERT>UPSERT>SELECT>DELETE>SELECT url=jdbc:mysql://10.140.0.2:9030,10.140.0.3:9030,10.140.0.4:9030/hatest
16:44:50 connected to doris-1 (driver-selected host)
16:44:50 #1 OK INSERT id=2618890 via doris-1 rows=10187 [doris-1:f:up doris-2:M:up doris-3:f:up]
16:44:51 #2 OK UPSERT id=2618890 via doris-1 rows=10187 [doris-1:f:up doris-2:M:up doris-3:f:up]
16:44:52 #3 OK SELECT id=2618890 via doris-1 rows=10187 [doris-1:f:up doris-2:M:up doris-3:f:up]
16:44:53 #4 OK DELETE id=2618890 via doris-1 rows=10185 [doris-1:f:up doris-2:M:up doris-3:f:up]
16:44:54 #5 OK SELECT id=2618890 via doris-1 rows=10185 [doris-1:f:up doris-2:M:up doris-3:f:up]
16:44:55 #6 OK INSERT id=2618891 via doris-1 rows=10187 [doris-1:f:up doris-2:M:up doris-3:f:up]
16:44:56 #7 OK UPSERT id=2618891 via doris-1 rows=10187 [doris-1:f:up doris-2:M:up doris-3:f:up]
16:44:57 #8 OK SELECT id=2618891 via doris-1 rows=10187 [doris-1:f:up doris-2:M:up doris-3:f:up]
16:44:58 #9 OK DELETE id=2618891 via doris-1 rows=10185 [doris-1:f:up doris-2:M:up doris-3:f:up]
16:44:59 #10 OK SELECT id=2618891 via doris-1 rows=10185 [doris-1:f:up doris-2:M:up doris-3:f:up]
16:45:00 #11 OK INSERT id=2618892 via doris-1 rows=10187 [doris-1:f:up doris-2:M:up doris-3:f:up]
16:45:02 #12 OK UPSERT id=2618892 via doris-1 rows=10187 [doris-1:f:up doris-2:M:up doris-3:f:up]
16:45:03 #13 OK SELECT id=2618892 via doris-1 rows=10187 [doris-1:f:up doris-2:M:up doris-3:f:up]
16:45:04 #14 OK DELETE id=2618892 via doris-1 rows=10185 [doris-1:f:up doris-2:M:up doris-3:f:up]
16:45:05 #15 OK SELECT id=2618892 via doris-1 rows=10185 [doris-1:f:up doris-2:M:up doris-3:f:up]
16:45:06 #16 OK INSERT id=2618893 via doris-1 rows=10187 [doris-1:f:up doris-2:M:up doris-3:f:up]
16:45:07 #17 OK UPSERT id=2618893 via doris-1 rows=10187 [doris-1:f:up doris-2:M:up doris-3:f:up]
16:45:08 #18 OK SELECT id=2618893 via doris-1 rows=10187 [doris-1:f:up doris-2:M:up doris-3:f:up]
16:45:09 #19 OK DELETE id=2618893 via doris-1 rows=10185 [doris-1:f:up doris-2:M:up doris-3:f:up]
16:45:10 #20 OK SELECT id=2618893 via doris-1 rows=10185 [doris-1:f:up doris-2:M:up doris-3:f:up]
16:45:11 #21 OK INSERT id=2618894 via doris-1 rows=10187 [doris-1:f:up doris-2:M:up doris-3:f:up]
16:45:12 #22 OK UPSERT id=2618894 via doris-1 rows=10187 [doris-1:f:up doris-2:M:up doris-3:f:up]
16:45:13 #23 OK SELECT id=2618894 via doris-1 rows=10187 [doris-1:f:up doris-2:M:up doris-3:f:up]
16:45:14 #24 OK DELETE id=2618894 via doris-1 rows=10185 [doris-1:f:up doris-2:M:up doris-3:f:up]
16:45:15 #25 OK SELECT id=2618894 via doris-1 rows=10185 [doris-1:f:up doris-2:M:up doris-3:f:up]
16:45:16 #26 OK INSERT id=2618895 via doris-1 rows=10187 [doris-1:f:up doris-2:M:up doris-3:f:up]
16:45:18 #27 OK UPSERT id=2618895 via doris-1 rows=10187 [doris-1:f:up doris-2:M:up doris-3:f:up]
16:45:19 #28 OK SELECT id=2618895 via doris-1 rows=10187 [doris-1:f:up doris-2:M:up doris-3:f:up]
16:45:20 #29 OK DELETE id=2618895 via doris-1 rows=10185 [doris-1:f:up doris-2:M:up doris-3:f:up]
16:45:21 #30 OK SELECT id=2618895 via doris-1 rows=10185 [doris-1:f:up doris-2:M:up doris-3:f:up]
16:45:22 #31 OK INSERT id=2618896 via doris-1 rows=10187 [doris-1:f:up doris-2:M:up doris-3:f:up]
16:45:23 #32 OK UPSERT id=2618896 via doris-1 rows=10187 [doris-1:f:up doris-2:M:up doris-3:f:up]
16:45:23 EVENT break: be hang on doris-1 (FE follower)
16:45:24 #33 OK SELECT id=2618896 via doris-1 rows=10187 [doris-1:f:up doris-2:M:up doris-3:f:up]
16:45:33 #34 FAIL DELETE id=2618896 via doris-1: CommunicationsException: Communications link failure  The last packet successfully received from the server was 9,023 milliseconds ago.
16:45:33 #34 OK SELECT(check) id=1 via doris-1
16:45:34 connected to doris-1 (driver-selected host)
16:45:42 #35 FAIL INSERT id=2618897 via doris-1: CommunicationsException: Communications link failure  The last packet successfully received from the server was 8,011 milliseconds ago.
16:45:42 #35 OK SELECT(check) id=1 via doris-1
16:45:43 connected to doris-1 (driver-selected host)
16:45:45 #36 FAIL INSERT id=2618898 via doris-1: SQLException: send fragments failed. io.grpc.StatusRuntimeException: UNAVAILABLE: Keepalive failed. The connection is likely
16:45:53 #36 FAIL SELECT(check) id=1 via doris-1: CommunicationsException: Communications link failure  The last packet successfully received from the server was 8,0
16:45:54 connected to doris-1 (driver-selected host)
16:45:54 #37 OK INSERT id=2618899 via doris-1 rows=10188 [doris-1:f:up doris-2:M:up doris-3:f:up] (recovered)
16:45:55 #38 OK UPSERT id=2618899 via doris-1 rows=10187 [doris-1:f:up doris-2:M:up doris-3:f:up]
16:45:57 #39 OK SELECT id=2618899 via doris-1 rows=10187 [doris-1:f:up doris-2:M:up doris-3:f:up]
16:45:58 #40 OK DELETE id=2618899 via doris-1 rows=10187 [doris-1:f:up doris-2:M:up doris-3:f:up]
16:45:59 #41 OK SELECT id=2618899 via doris-1 rows=10187 [doris-1:f:up doris-2:M:up doris-3:f:up]
16:46:00 #42 OK INSERT id=2618900 via doris-1 rows=10188 [doris-1:f:up doris-2:M:up doris-3:f:up]
16:46:01 #43 OK UPSERT id=2618900 via doris-1 rows=10187 [doris-1:f:up doris-2:M:up doris-3:f:up]
16:46:02 #44 OK SELECT id=2618900 via doris-1 rows=10187 [doris-1:f:up doris-2:M:up doris-3:f:up]
16:46:03 #45 OK DELETE id=2618900 via doris-1 rows=10187 [doris-1:f:up doris-2:M:up doris-3:f:up]
16:46:04 #46 OK SELECT id=2618900 via doris-1 rows=10187 [doris-1:f:up doris-2:M:up doris-3:f:up]
16:46:05 #47 OK INSERT id=2618901 via doris-1 rows=10188 [doris-1:f:up doris-2:M:up doris-3:f:up]
16:46:06 #48 OK UPSERT id=2618901 via doris-1 rows=10187 [doris-1:f:up doris-2:M:up doris-3:f:up]
16:46:07 #49 OK SELECT id=2618901 via doris-1 rows=10187 [doris-1:f:up doris-2:M:up doris-3:f:up]
16:46:08 #50 OK DELETE id=2618901 via doris-1 rows=10187 [doris-1:f:up doris-2:M:up doris-3:f:up]
16:46:09 #51 OK SELECT id=2618901 via doris-1 rows=10187 [doris-1:f:up doris-2:M:up doris-3:f:up]
16:46:10 #52 OK INSERT id=2618902 via doris-1 rows=10188 [doris-1:f:up doris-2:M:up doris-3:f:up]
16:46:12 #53 OK UPSERT id=2618902 via doris-1 rows=10187 [doris-1:f:up doris-2:M:up doris-3:f:up]
16:46:13 #54 OK SELECT id=2618902 via doris-1 rows=10187 [doris-1:f:up doris-2:M:up doris-3:f:up]
16:46:14 #55 OK DELETE id=2618902 via doris-1 rows=10187 [doris-1:f:up doris-2:M:up doris-3:f:up]
16:46:15 #56 OK SELECT id=2618902 via doris-1 rows=10187 [doris-1:f:up doris-2:M:up doris-3:f:up]
16:46:16 #57 OK INSERT id=2618903 via doris-1 rows=10188 [doris-1:f:up doris-2:M:up doris-3:f:up]
16:46:17 #58 OK UPSERT id=2618903 via doris-1 rows=10187 [doris-1:f:up doris-2:M:up doris-3:f:up]
16:46:18 #59 OK SELECT id=2618903 via doris-1 rows=10187 [doris-1:f:up doris-2:M:up doris-3:f:up]
16:46:19 #60 OK DELETE id=2618903 via doris-1 rows=10187 [doris-1:f:up doris-2:M:up doris-3:f:up]
16:46:20 #61 OK SELECT id=2618903 via doris-1 rows=10187 [doris-1:f:up doris-2:M:up doris-3:f:up]
16:46:21 #62 OK INSERT id=2618904 via doris-1 rows=10188 [doris-1:f:up doris-2:M:up doris-3:f:up]
16:46:22 #63 OK UPSERT id=2618904 via doris-1 rows=10187 [doris-1:f:up doris-2:M:up doris-3:f:up]
16:46:23 #64 OK SELECT id=2618904 via doris-1 rows=10187 [doris-1:f:up doris-2:M:up doris-3:f:up]
16:46:24 #65 OK DELETE id=2618904 via doris-1 rows=10187 [doris-1:f:up doris-2:M:up doris-3:f:up]
16:46:25 #66 OK SELECT id=2618904 via doris-1 rows=10187 [doris-1:f:up doris-2:M:up doris-3:f:up]
16:46:27 #67 OK INSERT id=2618905 via doris-1 rows=10188 [doris-1:f:up doris-2:M:up doris-3:f:up]
16:46:28 #68 OK UPSERT id=2618905 via doris-1 rows=10186 [doris-1:f:up doris-2:M:up doris-3:f:up]
16:46:29 #69 OK SELECT id=2618905 via doris-1 rows=10186 [doris-1:f:up doris-2:M:up doris-3:f:up]
16:46:30 #70 OK DELETE id=2618905 via doris-1 rows=10186 [doris-1:f:up doris-2:M:up doris-3:f:up]
16:46:31 #71 OK SELECT id=2618905 via doris-1 rows=10186 [doris-1:f:up doris-2:M:up doris-3:f:up]
16:46:32 #72 OK INSERT id=2618906 via doris-1 rows=10187 [doris-1:f:up doris-2:M:up doris-3:f:up]
16:46:33 #73 OK UPSERT id=2618906 via doris-1 rows=10186 [doris-1:f:up doris-2:M:up doris-3:f:up]
16:46:34 #74 OK SELECT id=2618906 via doris-1 rows=10186 [doris-1:f:up doris-2:M:up doris-3:f:up]
16:46:35 #75 OK DELETE id=2618906 via doris-1 rows=10186 [doris-1:f:up doris-2:M:up doris-3:f:up]
16:46:36 #76 OK SELECT id=2618906 via doris-1 rows=10186 [doris-1:f:up doris-2:M:up doris-3:f:up]
16:46:37 #77 OK INSERT id=2618907 via doris-1 rows=10187 [doris-1:f:up doris-2:M:up doris-3:f:up]
16:46:38 #78 OK UPSERT id=2618907 via doris-1 rows=10186 [doris-1:f:up doris-2:M:up doris-3:f:up]
16:46:39 #79 OK SELECT id=2618907 via doris-1 rows=10186 [doris-1:f:up doris-2:M:up doris-3:f:up]
16:46:41 #80 OK DELETE id=2618907 via doris-1 rows=10186 [doris-1:f:up doris-2:M:up doris-3:f:up]
16:46:42 #81 OK SELECT id=2618907 via doris-1 rows=10186 [doris-1:f:up doris-2:M:up doris-3:f:up]
16:46:43 #82 OK INSERT id=2618908 via doris-1 rows=10187 [doris-1:f:up doris-2:M:up doris-3:f:up]
16:46:44 #83 OK UPSERT id=2618908 via doris-1 rows=10186 [doris-1:f:up doris-2:M:up doris-3:f:up]
16:46:45 #84 OK SELECT id=2618908 via doris-1 rows=10186 [doris-1:f:up doris-2:M:up doris-3:f:up]
16:46:46 #85 OK DELETE id=2618908 via doris-1 rows=10186 [doris-1:f:up doris-2:M:up doris-3:f:up]
16:46:47 #86 OK SELECT id=2618908 via doris-1 rows=10186 [doris-1:f:up doris-2:M:up doris-3:f:up]
16:46:48 #87 OK INSERT id=2618909 via doris-1 rows=10187 [doris-1:f:up doris-2:M:up doris-3:f:up]
16:46:49 #88 OK UPSERT id=2618909 via doris-1 rows=10186 [doris-1:f:up doris-2:M:up doris-3:f:up]
16:46:50 #89 OK SELECT id=2618909 via doris-1 rows=10186 [doris-1:f:up doris-2:M:up doris-3:f:up]
16:46:51 #90 OK DELETE id=2618909 via doris-1 rows=10186 [doris-1:f:up doris-2:M:up doris-3:f:up]
16:46:52 #91 OK SELECT id=2618909 via doris-1 rows=10186 [doris-1:f:up doris-2:M:up doris-3:f:up]
16:46:54 #92 OK INSERT id=2618910 via doris-1 rows=10187 [doris-1:f:up doris-2:M:up doris-3:f:up]
16:46:55 #93 OK UPSERT id=2618910 via doris-1 rows=10186 [doris-1:f:up doris-2:M:up doris-3:f:up]
16:46:56 #94 OK SELECT id=2618910 via doris-1 rows=10186 [doris-1:f:up doris-2:M:up doris-3:f:up]
16:46:57 #95 OK DELETE id=2618910 via doris-1 rows=10186 [doris-1:f:up doris-2:M:up doris-3:f:up]
16:46:58 #96 OK SELECT id=2618910 via doris-1 rows=10186 [doris-1:f:up doris-2:M:up doris-3:f:up]
16:46:59 #97 OK INSERT id=2618911 via doris-1 rows=10187 [doris-1:f:up doris-2:M:up doris-3:f:up]
16:47:00 #98 OK UPSERT id=2618911 via doris-1 rows=10186 [doris-1:f:up doris-2:M:up doris-3:f:up]
16:47:01 #99 OK SELECT id=2618911 via doris-1 rows=10186 [doris-1:f:up doris-2:M:up doris-3:f:up]
16:47:02 #100 OK DELETE id=2618911 via doris-1 rows=10186 [doris-1:f:up doris-2:M:up doris-3:f:up]
16:47:03 #101 OK SELECT id=2618911 via doris-1 rows=10186 [doris-1:f:up doris-2:M:up doris-3:f:up]
16:47:04 #102 OK INSERT id=2618912 via doris-1 rows=10187 [doris-1:f:up doris-2:M:up doris-3:f:up]
16:47:05 #103 OK UPSERT id=2618912 via doris-1 rows=10186 [doris-1:f:up doris-2:M:up doris-3:f:up]
16:47:06 #104 OK SELECT id=2618912 via doris-1 rows=10186 [doris-1:f:up doris-2:M:up doris-3:f:up]
16:47:07 #105 OK DELETE id=2618912 via doris-1 rows=10186 [doris-1:f:up doris-2:M:up doris-3:f:up]
16:47:09 #106 OK SELECT id=2618912 via doris-1 rows=10186 [doris-1:f:up doris-2:M:up doris-3:f:up]
16:47:10 #107 OK INSERT id=2618913 via doris-1 rows=10187 [doris-1:f:up doris-2:M:up doris-3:f:up]
16:47:11 #108 OK UPSERT id=2618913 via doris-1 rows=10186 [doris-1:f:up doris-2:M:up doris-3:f:up]
16:47:12 #109 OK SELECT id=2618913 via doris-1 rows=10186 [doris-1:f:up doris-2:M:up doris-3:f:up]
16:47:13 #110 OK DELETE id=2618913 via doris-1 rows=10186 [doris-1:f:up doris-2:M:up doris-3:f:up]
16:47:14 #111 OK SELECT id=2618913 via doris-1 rows=10186 [doris-1:f:up doris-2:M:up doris-3:f:up]
16:47:15 #112 OK INSERT id=2618914 via doris-1 rows=10187 [doris-1:f:up doris-2:M:up doris-3:f:up]
16:47:16 #113 OK UPSERT id=2618914 via doris-1 rows=10186 [doris-1:f:up doris-2:M:up doris-3:f:up]
16:47:17 #114 OK SELECT id=2618914 via doris-1 rows=10186 [doris-1:f:up doris-2:M:up doris-3:f:up]
16:47:18 #115 OK DELETE id=2618914 via doris-1 rows=10186 [doris-1:f:up doris-2:M:up doris-3:f:up]
16:47:19 #116 OK SELECT id=2618914 via doris-1 rows=10186 [doris-1:f:up doris-2:M:up doris-3:f:up]
16:47:20 #117 OK INSERT id=2618915 via doris-1 rows=10187 [doris-1:f:up doris-2:M:up doris-3:f:up]
16:47:21 #118 OK UPSERT id=2618915 via doris-1 rows=10186 [doris-1:f:up doris-2:M:up doris-3:f:up]
16:47:22 #119 OK SELECT id=2618915 via doris-1 rows=10186 [doris-1:f:up doris-2:M:up doris-3:f:up]
16:47:24 #120 OK DELETE id=2618915 via doris-1 rows=10186 [doris-1:f:up doris-2:M:up doris-3:f:up]
16:47:25 #121 OK SELECT id=2618915 via doris-1 rows=10186 [doris-1:f:up doris-2:M:up doris-3:f:up]
16:47:26 #122 OK INSERT id=2618916 via doris-1 rows=10187 [doris-1:f:up doris-2:M:up doris-3:f:up]
16:47:27 #123 OK UPSERT id=2618916 via doris-1 rows=10186 [doris-1:f:up doris-2:M:up doris-3:f:up]
16:47:28 #124 OK SELECT id=2618916 via doris-1 rows=10186 [doris-1:f:up doris-2:M:up doris-3:f:up]
16:47:29 #125 OK DELETE id=2618916 via doris-1 rows=10186 [doris-1:f:up doris-2:M:up doris-3:f:up]
16:47:30 #126 OK SELECT id=2618916 via doris-1 rows=10186 [doris-1:f:up doris-2:M:up doris-3:f:up]
16:47:31 #127 OK INSERT id=2618917 via doris-1 rows=10187 [doris-1:f:up doris-2:M:up doris-3:f:up]
16:47:32 EVENT restore: resume be on doris-1
16:47:32 #128 OK UPSERT id=2618917 via doris-1 rows=10186 [doris-1:f:up doris-2:M:up doris-3:f:up]
16:47:33 #129 OK SELECT id=2618917 via doris-1 rows=10186 [doris-1:f:up doris-2:M:up doris-3:f:up]
16:47:34 #130 OK DELETE id=2618917 via doris-1 rows=10186 [doris-1:f:up doris-2:M:up doris-3:f:up]
16:47:35 #131 OK SELECT id=2618917 via doris-1 rows=10186 [doris-1:f:up doris-2:M:up doris-3:f:up]
16:47:36 #132 OK INSERT id=2618918 via doris-1 rows=10187 [doris-1:f:up doris-2:M:up doris-3:f:up]
16:47:37 #133 OK UPSERT id=2618918 via doris-1 rows=10186 [doris-1:f:up doris-2:M:up doris-3:f:up]
16:47:39 #134 OK SELECT id=2618918 via doris-1 rows=10186 [doris-1:f:up doris-2:M:up doris-3:f:up]
16:47:40 #135 OK DELETE id=2618918 via doris-1 rows=10186 [doris-1:f:up doris-2:M:up doris-3:f:up]
16:47:41 #136 OK SELECT id=2618918 via doris-1 rows=10186 [doris-1:f:up doris-2:M:up doris-3:f:up]
16:47:42 #137 OK INSERT id=2618919 via doris-1 rows=10187 [doris-1:f:up doris-2:M:up doris-3:f:up]
16:47:43 #138 OK UPSERT id=2618919 via doris-1 rows=10186 [doris-1:f:up doris-2:M:up doris-3:f:up]
16:47:44 #139 OK SELECT id=2618919 via doris-1 rows=10186 [doris-1:f:up doris-2:M:up doris-3:f:up]
16:47:45 #140 OK DELETE id=2618919 via doris-1 rows=10186 [doris-1:f:up doris-2:M:up doris-3:f:up]
16:47:46 #141 OK SELECT id=2618919 via doris-1 rows=10186 [doris-1:f:up doris-2:M:up doris-3:f:up]
16:47:47 #142 OK INSERT id=2618920 via doris-1 rows=10187 [doris-1:f:up doris-2:M:up doris-3:f:up]
16:47:48 EVENT restore: cluster healthy
16:47:48 #143 OK UPSERT id=2618920 via doris-1 rows=10186 [doris-1:f:up doris-2:M:up doris-3:f:up]
16:47:49 #144 OK SELECT id=2618920 via doris-1 rows=10186 [doris-1:f:up doris-2:M:up doris-3:f:up]
16:47:51 #145 OK DELETE id=2618920 via doris-1 rows=10186 [doris-1:f:up doris-2:M:up doris-3:f:up]
16:47:52 #146 OK SELECT id=2618920 via doris-1 rows=10186 [doris-1:f:up doris-2:M:up doris-3:f:up]
16:47:53 #147 OK INSERT id=2618921 via doris-1 rows=10187 [doris-1:f:up doris-2:M:up doris-3:f:up]
16:47:54 #148 OK UPSERT id=2618921 via doris-1 rows=10186 [doris-1:f:up doris-2:M:up doris-3:f:up]
16:47:55 #149 OK SELECT id=2618921 via doris-1 rows=10186 [doris-1:f:up doris-2:M:up doris-3:f:up]
16:47:56 #150 OK DELETE id=2618921 via doris-1 rows=10186 [doris-1:f:up doris-2:M:up doris-3:f:up]
16:47:57 #151 OK SELECT id=2618921 via doris-1 rows=10186 [doris-1:f:up doris-2:M:up doris-3:f:up]
16:47:58 #152 OK INSERT id=2618922 via doris-1 rows=10187 [doris-1:f:up doris-2:M:up doris-3:f:up]
16:47:59 #153 OK UPSERT id=2618922 via doris-1 rows=10186 [doris-1:f:up doris-2:M:up doris-3:f:up]
16:48:00 #154 OK SELECT id=2618922 via doris-1 rows=10186 [doris-1:f:up doris-2:M:up doris-3:f:up]
16:48:01 #155 OK DELETE id=2618922 via doris-1 rows=10186 [doris-1:f:up doris-2:M:up doris-3:f:up]
16:48:02 #156 OK SELECT id=2618922 via doris-1 rows=10186 [doris-1:f:up doris-2:M:up doris-3:f:up]
16:48:03 #157 OK INSERT id=2618923 via doris-1 rows=10187 [doris-1:f:up doris-2:M:up doris-3:f:up]
16:48:05 #158 OK UPSERT id=2618923 via doris-1 rows=10186 [doris-1:f:up doris-2:M:up doris-3:f:up]
16:48:06 #159 OK SELECT id=2618923 via doris-1 rows=10186 [doris-1:f:up doris-2:M:up doris-3:f:up]
16:48:07 #160 OK DELETE id=2618923 via doris-1 rows=10186 [doris-1:f:up doris-2:M:up doris-3:f:up]
16:48:08 #161 OK SELECT id=2618923 via doris-1 rows=10186 [doris-1:f:up doris-2:M:up doris-3:f:up]
16:48:09 #162 OK INSERT id=2618924 via doris-1 rows=10187 [doris-1:f:up doris-2:M:up doris-3:f:up]
16:48:10 #163 OK UPSERT id=2618924 via doris-1 rows=10186 [doris-1:f:up doris-2:M:up doris-3:f:up]
16:48:11 #164 OK SELECT id=2618924 via doris-1 rows=10186 [doris-1:f:up doris-2:M:up doris-3:f:up]
16:48:12 #165 OK DELETE id=2618924 via doris-1 rows=10186 [doris-1:f:up doris-2:M:up doris-3:f:up]
16:48:13 #166 OK SELECT id=2618924 via doris-1 rows=10186 [doris-1:f:up doris-2:M:up doris-3:f:up]
16:48:14 #167 OK INSERT id=2618925 via doris-1 rows=10187 [doris-1:f:up doris-2:M:up doris-3:f:up]
16:48:15 #168 OK UPSERT id=2618925 via doris-1 rows=10186 [doris-1:f:up doris-2:M:up doris-3:f:up]
16:48:16 #169 OK SELECT id=2618925 via doris-1 rows=10186 [doris-1:f:up doris-2:M:up doris-3:f:up]
