03:37:15 PROBE start proto=arrow-flight hosts=doris-1,doris-2,doris-3 duration=86400s cycle=INSERT>UPSERT>SELECT>DELETE>SELECT
03:37:15 connected to doris-1 (10.140.0.2)
03:37:15 DML unsupported over arrow-flight (InternalError: RuntimeException, msg: getMysqlChannel not in mysql connection (Internal; ExecuteQuery)) — switching to SELECT-only mode
03:37:16 #1 OK SELECT id=3690350 via doris-1 rows=10080 [doris-1:f:up doris-2:M:up doris-3:f:up]
03:37:17 #2 OK SELECT id=3690350 via doris-1 rows=10081 [doris-1:f:up doris-2:M:up doris-3:f:up]
03:37:18 #3 OK SELECT id=3690350 via doris-1 rows=10081 [doris-1:f:up doris-2:M:up doris-3:f:up]
03:37:19 #4 OK SELECT id=3690350 via doris-1 rows=10080 [doris-1:f:up doris-2:M:up doris-3:f:up]
03:37:20 #5 OK SELECT id=3690350 via doris-1 rows=10079 [doris-1:f:up doris-2:M:up doris-3:f:up]
03:37:21 #6 OK SELECT id=3690350 via doris-1 rows=10080 [doris-1:f:up doris-2:M:up doris-3:f:up]
03:37:22 #7 OK SELECT id=3690350 via doris-1 rows=10081 [doris-1:f:up doris-2:M:up doris-3:f:up]
03:37:23 #8 OK SELECT id=3690350 via doris-1 rows=10081 [doris-1:f:up doris-2:M:up doris-3:f:up]
03:37:24 #9 OK SELECT id=3690350 via doris-1 rows=10080 [doris-1:f:up doris-2:M:up doris-3:f:up]
03:37:25 #10 OK SELECT id=3690350 via doris-1 rows=10079 [doris-1:f:up doris-2:M:up doris-3:f:up]
03:37:26 #11 OK SELECT id=3690350 via doris-1 rows=10080 [doris-1:f:up doris-2:M:up doris-3:f:up]
03:37:27 #12 OK SELECT id=3690350 via doris-1 rows=10081 [doris-1:f:up doris-2:M:up doris-3:f:up]
03:37:28 #13 OK SELECT id=3690350 via doris-1 rows=10081 [doris-1:f:up doris-2:M:up doris-3:f:up]
03:37:29 #14 OK SELECT id=3690350 via doris-1 rows=10080 [doris-1:f:up doris-2:M:up doris-3:f:up]
03:37:31 #15 OK SELECT id=3690350 via doris-1 rows=10079 [doris-1:f:up doris-2:M:up doris-3:f:up]
03:37:32 #16 OK SELECT id=3690350 via doris-1 rows=10080 [doris-1:f:up doris-2:M:up doris-3:f:up]
03:37:33 #17 OK SELECT id=3690350 via doris-1 rows=10081 [doris-1:f:up doris-2:M:up doris-3:f:up]
03:37:34 #18 OK SELECT id=3690350 via doris-1 rows=10081 [doris-1:f:up doris-2:M:up doris-3:f:up]
03:37:35 #19 OK SELECT id=3690350 via doris-1 rows=10080 [doris-1:f:up doris-2:M:up doris-3:f:up]
03:37:36 #20 OK SELECT id=3690350 via doris-1 rows=10079 [doris-1:f:up doris-2:M:up doris-3:f:up]
03:37:37 #21 OK SELECT id=3690350 via doris-1 rows=10080 [doris-1:f:up doris-2:M:up doris-3:f:up]
03:37:38 #22 OK SELECT id=3690350 via doris-1 rows=10081 [doris-1:f:up doris-2:M:up doris-3:f:up]
03:37:39 #23 OK SELECT id=3690350 via doris-1 rows=10081 [doris-1:f:up doris-2:M:up doris-3:f:up]
03:37:40 #24 OK SELECT id=3690350 via doris-1 rows=10080 [doris-1:f:up doris-2:M:up doris-3:f:up]
03:37:41 #25 OK SELECT id=3690350 via doris-1 rows=10079 [doris-1:f:up doris-2:M:up doris-3:f:up]
03:37:42 #26 OK SELECT id=3690350 via doris-1 rows=10080 [doris-1:f:up doris-2:M:up doris-3:f:up]
03:37:43 #27 OK SELECT id=3690350 via doris-1 rows=10081 [doris-1:f:up doris-2:M:up doris-3:f:up]
03:37:44 #28 OK SELECT id=3690350 via doris-1 rows=10081 [doris-1:f:up doris-2:M:up doris-3:f:up]
03:37:45 #29 OK SELECT id=3690350 via doris-1 rows=10080 [doris-1:f:up doris-2:M:up doris-3:f:up]
03:37:47 #30 OK SELECT id=3690350 via doris-1 rows=10079 [doris-1:f:up doris-2:M:up doris-3:f:up]
03:37:48 #31 OK SELECT id=3690350 via doris-1 rows=10080 [doris-1:f:up doris-2:M:up doris-3:f:up]
03:37:49 #32 OK SELECT id=3690350 via doris-1 rows=10081 [doris-1:f:up doris-2:M:up doris-3:f:up]
03:37:49 EVENT break: fe hang on doris-2 (FE master)
03:37:50 #33 OK SELECT id=3690350 via doris-1 rows=10081 [doris-1:f:up doris-2:M:up doris-3:f:up]
03:37:51 #34 OK SELECT id=3690350 via doris-1 rows=10080 [doris-1:f:up doris-2:M:up doris-3:f:up]
03:37:52 #35 OK SELECT id=3690350 via doris-1 rows=10079 [doris-1:f:up doris-2:M:up doris-3:f:up]
03:38:01 #36 OK SELECT id=3690350 via doris-1 rows=10079 [?]
03:38:10 #37 OK SELECT id=3690350 via doris-1 rows=10079 [?]
03:38:19 #38 OK SELECT id=3690350 via doris-1 rows=10079 [?]
03:38:28 #39 OK SELECT id=3690350 via doris-1 rows=10079 [?]
03:38:37 #40 OK SELECT id=3690350 via doris-1 rows=10079 [?]
03:38:46 #41 OK SELECT id=3690350 via doris-1 rows=10079 [?]
03:38:55 #42 OK SELECT id=3690350 via doris-1 rows=10080 [?]
03:38:56 #43 OK SELECT id=3690350 via doris-1 rows=10080 [doris-1:f:up doris-2:f:DOWN doris-3:M:up]
03:38:57 #44 OK SELECT id=3690350 via doris-1 rows=10081 [doris-1:f:up doris-2:f:DOWN doris-3:M:up]
03:38:59 #45 OK SELECT id=3690350 via doris-1 rows=10081 [doris-1:f:up doris-2:f:DOWN doris-3:M:up]
03:39:00 #46 OK SELECT id=3690350 via doris-1 rows=10081 [doris-1:f:up doris-2:f:DOWN doris-3:M:up]
03:39:01 #47 OK SELECT id=3690350 via doris-1 rows=10080 [doris-1:f:up doris-2:f:DOWN doris-3:M:up]
03:39:02 #48 OK SELECT id=3690350 via doris-1 rows=10080 [doris-1:f:up doris-2:f:DOWN doris-3:M:up]
03:39:03 #49 OK SELECT id=3690350 via doris-1 rows=10081 [doris-1:f:up doris-2:f:DOWN doris-3:M:up]
03:39:04 #50 OK SELECT id=3690350 via doris-1 rows=10081 [doris-1:f:up doris-2:f:DOWN doris-3:M:up]
03:39:05 #51 OK SELECT id=3690350 via doris-1 rows=10080 [doris-1:f:up doris-2:f:DOWN doris-3:M:up]
03:39:06 #52 OK SELECT id=3690350 via doris-1 rows=10079 [doris-1:f:up doris-2:f:DOWN doris-3:M:up]
03:39:07 #53 OK SELECT id=3690350 via doris-1 rows=10080 [doris-1:f:up doris-2:f:DOWN doris-3:M:up]
03:39:08 #54 OK SELECT id=3690350 via doris-1 rows=10081 [doris-1:f:up doris-2:f:DOWN doris-3:M:up]
03:39:09 #55 OK SELECT id=3690350 via doris-1 rows=10081 [doris-1:f:up doris-2:f:DOWN doris-3:M:up]
03:39:10 #56 OK SELECT id=3690350 via doris-1 rows=10080 [doris-1:f:up doris-2:f:DOWN doris-3:M:up]
03:39:11 #57 OK SELECT id=3690350 via doris-1 rows=10079 [doris-1:f:up doris-2:f:DOWN doris-3:M:up]
03:39:12 #58 OK SELECT id=3690350 via doris-1 rows=10080 [doris-1:f:up doris-2:f:DOWN doris-3:M:up]
03:39:14 #59 OK SELECT id=3690350 via doris-1 rows=10081 [doris-1:f:up doris-2:f:DOWN doris-3:M:up]
03:39:15 #60 OK SELECT id=3690350 via doris-1 rows=10081 [doris-1:f:up doris-2:f:DOWN doris-3:M:up]
03:39:16 #61 OK SELECT id=3690350 via doris-1 rows=10081 [doris-1:f:up doris-2:f:DOWN doris-3:M:up]
03:39:17 #62 OK SELECT id=3690350 via doris-1 rows=10079 [doris-1:f:up doris-2:f:DOWN doris-3:M:up]
03:39:18 #63 OK SELECT id=3690350 via doris-1 rows=10079 [doris-1:f:up doris-2:f:DOWN doris-3:M:up]
03:39:19 #64 OK SELECT id=3690350 via doris-1 rows=10081 [doris-1:f:up doris-2:f:DOWN doris-3:M:up]
03:39:20 #65 OK SELECT id=3690350 via doris-1 rows=10081 [doris-1:f:up doris-2:f:DOWN doris-3:M:up]
03:39:21 #66 OK SELECT id=3690350 via doris-1 rows=10081 [doris-1:f:up doris-2:f:DOWN doris-3:M:up]
03:39:22 #67 OK SELECT id=3690350 via doris-1 rows=10079 [doris-1:f:up doris-2:f:DOWN doris-3:M:up]
03:39:23 #68 OK SELECT id=3690350 via doris-1 rows=10079 [doris-1:f:up doris-2:f:DOWN doris-3:M:up]
03:39:24 #69 OK SELECT id=3690350 via doris-1 rows=10081 [doris-1:f:up doris-2:f:DOWN doris-3:M:up]
03:39:25 #70 OK SELECT id=3690350 via doris-1 rows=10081 [doris-1:f:up doris-2:f:DOWN doris-3:M:up]
03:39:26 #71 OK SELECT id=3690350 via doris-1 rows=10081 [doris-1:f:up doris-2:f:DOWN doris-3:M:up]
03:39:27 #72 OK SELECT id=3690350 via doris-1 rows=10079 [doris-1:f:up doris-2:f:DOWN doris-3:M:up]
03:39:28 #73 OK SELECT id=3690350 via doris-1 rows=10079 [doris-1:f:up doris-2:f:DOWN doris-3:M:up]
03:39:29 #74 OK SELECT id=3690350 via doris-1 rows=10081 [doris-1:f:up doris-2:f:DOWN doris-3:M:up]
03:39:31 #75 OK SELECT id=3690350 via doris-1 rows=10081 [doris-1:f:up doris-2:f:DOWN doris-3:M:up]
03:39:32 #76 OK SELECT id=3690350 via doris-1 rows=10081 [doris-1:f:up doris-2:f:DOWN doris-3:M:up]
03:39:33 #77 OK SELECT id=3690350 via doris-1 rows=10079 [doris-1:f:up doris-2:f:DOWN doris-3:M:up]
03:39:34 #78 OK SELECT id=3690350 via doris-1 rows=10079 [doris-1:f:up doris-2:f:DOWN doris-3:M:up]
03:39:35 #79 OK SELECT id=3690350 via doris-1 rows=10081 [doris-1:f:up doris-2:f:DOWN doris-3:M:up]
03:39:36 #80 OK SELECT id=3690350 via doris-1 rows=10081 [doris-1:f:up doris-2:f:DOWN doris-3:M:up]
03:39:37 #81 OK SELECT id=3690350 via doris-1 rows=10081 [doris-1:f:up doris-2:f:DOWN doris-3:M:up]
03:39:38 #82 OK SELECT id=3690350 via doris-1 rows=10079 [doris-1:f:up doris-2:f:DOWN doris-3:M:up]
03:39:39 #83 OK SELECT id=3690350 via doris-1 rows=10079 [doris-1:f:up doris-2:f:DOWN doris-3:M:up]
03:39:40 #84 OK SELECT id=3690350 via doris-1 rows=10081 [doris-1:f:up doris-2:f:DOWN doris-3:M:up]
03:39:41 #85 OK SELECT id=3690350 via doris-1 rows=10081 [doris-1:f:up doris-2:f:DOWN doris-3:M:up]
03:39:42 #86 OK SELECT id=3690350 via doris-1 rows=10081 [doris-1:f:up doris-2:f:DOWN doris-3:M:up]
03:39:43 #87 OK SELECT id=3690350 via doris-1 rows=10079 [doris-1:f:up doris-2:f:DOWN doris-3:M:up]
03:39:44 #88 OK SELECT id=3690350 via doris-1 rows=10079 [doris-1:f:up doris-2:f:DOWN doris-3:M:up]
03:39:46 #89 OK SELECT id=3690350 via doris-1 rows=10081 [doris-1:f:up doris-2:f:DOWN doris-3:M:up]
03:39:47 #90 OK SELECT id=3690350 via doris-1 rows=10081 [doris-1:f:up doris-2:f:DOWN doris-3:M:up]
03:39:48 #91 OK SELECT id=3690350 via doris-1 rows=10081 [doris-1:f:up doris-2:f:DOWN doris-3:M:up]
03:39:49 #92 OK SELECT id=3690350 via doris-1 rows=10079 [doris-1:f:up doris-2:f:DOWN doris-3:M:up]
03:39:50 #93 OK SELECT id=3690350 via doris-1 rows=10079 [doris-1:f:up doris-2:f:DOWN doris-3:M:up]
03:39:51 #94 OK SELECT id=3690350 via doris-1 rows=10081 [doris-1:f:up doris-2:f:DOWN doris-3:M:up]
03:39:52 #95 OK SELECT id=3690350 via doris-1 rows=10081 [doris-1:f:up doris-2:f:DOWN doris-3:M:up]
03:39:53 #96 OK SELECT id=3690350 via doris-1 rows=10081 [doris-1:f:up doris-2:f:DOWN doris-3:M:up]
03:39:54 #97 OK SELECT id=3690350 via doris-1 rows=10079 [doris-1:f:up doris-2:f:DOWN doris-3:M:up]
03:39:55 #98 OK SELECT id=3690350 via doris-1 rows=10079 [doris-1:f:up doris-2:f:DOWN doris-3:M:up]
03:39:56 #99 OK SELECT id=3690350 via doris-1 rows=10081 [doris-1:f:up doris-2:f:DOWN doris-3:M:up]
03:39:57 #100 OK SELECT id=3690350 via doris-1 rows=10081 [doris-1:f:up doris-2:f:DOWN doris-3:M:up]
03:39:58 #101 OK SELECT id=3690350 via doris-1 rows=10081 [doris-1:f:up doris-2:f:DOWN doris-3:M:up]
03:39:59 #102 OK SELECT id=3690350 via doris-1 rows=10079 [doris-1:f:up doris-2:f:DOWN doris-3:M:up]
03:40:00 #103 OK SELECT id=3690350 via doris-1 rows=10079 [doris-1:f:up doris-2:f:DOWN doris-3:M:up]
03:40:01 EVENT restore: resume fe on doris-2
03:40:01 #104 OK SELECT id=3690350 via doris-1 rows=10081 [doris-1:f:up doris-2:f:DOWN doris-3:M:up]
03:40:02 #105 OK SELECT id=3690350 via doris-1 rows=10081 [doris-1:f:up doris-2:f:DOWN doris-3:M:up]
03:40:04 #106 OK SELECT id=3690350 via doris-1 rows=10081 [doris-1:f:up doris-2:f:up doris-3:M:up]
03:40:05 #107 OK SELECT id=3690350 via doris-1 rows=10079 [doris-1:f:up doris-2:f:up doris-3:M:up]
03:40:06 #108 OK SELECT id=3690350 via doris-1 rows=10079 [doris-1:f:up doris-2:f:up doris-3:M:up]
03:40:07 EVENT restore: cluster healthy
03:40:07 #109 OK SELECT id=3690350 via doris-1 rows=10081 [doris-1:f:up doris-2:f:up doris-3:M:up]
03:40:08 #110 OK SELECT id=3690350 via doris-1 rows=10081 [doris-1:f:up doris-2:f:up doris-3:M:up]
03:40:09 #111 OK SELECT id=3690350 via doris-1 rows=10081 [doris-1:f:up doris-2:f:up doris-3:M:up]
03:40:10 #112 OK SELECT id=3690350 via doris-1 rows=10079 [doris-1:f:up doris-2:f:up doris-3:M:up]
03:40:11 #113 OK SELECT id=3690350 via doris-1 rows=10079 [doris-1:f:up doris-2:f:up doris-3:M:up]
03:40:12 #114 OK SELECT id=3690350 via doris-1 rows=10081 [doris-1:f:up doris-2:f:up doris-3:M:up]
03:40:13 #115 OK SELECT id=3690350 via doris-1 rows=10081 [doris-1:f:up doris-2:f:up doris-3:M:up]
03:40:14 #116 OK SELECT id=3690350 via doris-1 rows=10081 [doris-1:f:up doris-2:f:up doris-3:M:up]
03:40:15 #117 OK SELECT id=3690350 via doris-1 rows=10079 [doris-1:f:up doris-2:f:up doris-3:M:up]
03:40:16 #118 OK SELECT id=3690350 via doris-1 rows=10079 [doris-1:f:up doris-2:f:up doris-3:M:up]
03:40:17 #119 OK SELECT id=3690350 via doris-1 rows=10081 [doris-1:f:up doris-2:f:up doris-3:M:up]
03:40:18 #120 OK SELECT id=3690350 via doris-1 rows=10081 [doris-1:f:up doris-2:f:up doris-3:M:up]
03:40:20 #121 OK SELECT id=3690350 via doris-1 rows=10081 [doris-1:f:up doris-2:f:up doris-3:M:up]
03:40:21 #122 OK SELECT id=3690350 via doris-1 rows=10079 [doris-1:f:up doris-2:f:up doris-3:M:up]
03:40:22 #123 OK SELECT id=3690350 via doris-1 rows=10079 [doris-1:f:up doris-2:f:up doris-3:M:up]
03:40:23 #124 OK SELECT id=3690350 via doris-1 rows=10081 [doris-1:f:up doris-2:f:up doris-3:M:up]
03:40:24 #125 OK SELECT id=3690350 via doris-1 rows=10081 [doris-1:f:up doris-2:f:up doris-3:M:up]
03:40:25 #126 OK SELECT id=3690350 via doris-1 rows=10081 [doris-1:f:up doris-2:f:up doris-3:M:up]
03:40:26 #127 OK SELECT id=3690350 via doris-1 rows=10079 [doris-1:f:up doris-2:f:up doris-3:M:up]
03:40:27 #128 OK SELECT id=3690350 via doris-1 rows=10079 [doris-1:f:up doris-2:f:up doris-3:M:up]
03:40:28 #129 OK SELECT id=3690350 via doris-1 rows=10081 [doris-1:f:up doris-2:f:up doris-3:M:up]
03:40:29 #130 OK SELECT id=3690350 via doris-1 rows=10081 [doris-1:f:up doris-2:f:up doris-3:M:up]
03:40:30 #131 OK SELECT id=3690350 via doris-1 rows=10081 [doris-1:f:up doris-2:f:up doris-3:M:up]
03:40:31 #132 OK SELECT id=3690350 via doris-1 rows=10079 [doris-1:f:up doris-2:f:up doris-3:M:up]
03:40:32 #133 OK SELECT id=3690350 via doris-1 rows=10079 [doris-1:f:up doris-2:f:up doris-3:M:up]
03:40:33 #134 OK SELECT id=3690350 via doris-1 rows=10081 [doris-1:f:up doris-2:f:up doris-3:M:up]
03:40:34 #135 OK SELECT id=3690350 via doris-1 rows=10081 [doris-1:f:up doris-2:f:DOWN doris-3:M:up]
03:40:36 #136 OK SELECT id=3690350 via doris-1 rows=10081 [doris-1:f:up doris-2:f:DOWN doris-3:M:up]
03:40:37 #137 OK SELECT id=3690350 via doris-1 rows=10080 [doris-1:f:up doris-2:f:DOWN doris-3:M:up]
