18:29:09 PROBE start proto=mysql hosts=doris-1,doris-2,doris-3 duration=86400s cycle=INSERT>UPSERT>SELECT>DELETE>SELECT
18:29:09 connected to doris-1 (10.140.0.2)
18:29:09 #1 OK INSERT id=1681490 via doris-1 rows=10229 [doris-1:f:up doris-2:M:up doris-3:f:up]
18:29:10 #2 OK UPSERT id=1681490 via doris-1 rows=10230 [doris-1:f:up doris-2:M:up doris-3:f:up]
18:29:11 #3 OK SELECT id=1681490 via doris-1 rows=10230 [doris-1:f:up doris-2:M:up doris-3:f:up]
18:29:13 #4 OK DELETE id=1681490 via doris-1 rows=10229 [doris-1:f:up doris-2:M:up doris-3:f:up]
18:29:14 #5 OK SELECT id=1681490 via doris-1 rows=10228 [doris-1:f:up doris-2:M:up doris-3:f:up]
18:29:15 #6 OK INSERT id=1681491 via doris-1 rows=10229 [doris-1:f:up doris-2:M:up doris-3:f:up]
18:29:16 #7 OK UPSERT id=1681491 via doris-1 rows=10230 [doris-1:f:up doris-2:M:up doris-3:f:up]
18:29:17 #8 OK SELECT id=1681491 via doris-1 rows=10230 [doris-1:f:up doris-2:M:up doris-3:f:up]
18:29:18 #9 OK DELETE id=1681491 via doris-1 rows=10229 [doris-1:f:up doris-2:M:up doris-3:f:up]
18:29:19 #10 OK SELECT id=1681491 via doris-1 rows=10228 [doris-1:f:up doris-2:M:up doris-3:f:up]
18:29:20 #11 OK INSERT id=1681492 via doris-1 rows=10229 [doris-1:f:up doris-2:M:up doris-3:f:up]
18:29:21 #12 OK UPSERT id=1681492 via doris-1 rows=10230 [doris-1:f:up doris-2:M:up doris-3:f:up]
18:29:22 #13 OK SELECT id=1681492 via doris-1 rows=10230 [doris-1:f:up doris-2:M:up doris-3:f:up]
18:29:23 #14 OK DELETE id=1681492 via doris-1 rows=10229 [doris-1:f:up doris-2:M:up doris-3:f:up]
18:29:24 #15 OK SELECT id=1681492 via doris-1 rows=10228 [doris-1:f:up doris-2:M:up doris-3:f:up]
18:29:25 #16 OK INSERT id=1681493 via doris-1 rows=10229 [doris-1:f:up doris-2:M:up doris-3:f:up]
18:29:26 #17 OK UPSERT id=1681493 via doris-1 rows=10230 [doris-1:f:up doris-2:M:up doris-3:f:up]
18:29:27 #18 OK SELECT id=1681493 via doris-1 rows=10230 [doris-1:f:up doris-2:M:up doris-3:f:up]
18:29:28 #19 OK DELETE id=1681493 via doris-1 rows=10229 [doris-1:f:up doris-2:M:up doris-3:f:up]
18:29:29 #20 OK SELECT id=1681493 via doris-1 rows=10228 [doris-1:f:up doris-2:M:up doris-3:f:up]
18:29:31 #21 OK INSERT id=1681494 via doris-1 rows=10229 [doris-1:f:up doris-2:M:up doris-3:f:up]
18:29:32 #22 OK UPSERT id=1681494 via doris-1 rows=10230 [doris-1:f:up doris-2:M:up doris-3:f:up]
18:29:33 #23 OK SELECT id=1681494 via doris-1 rows=10230 [doris-1:f:up doris-2:M:up doris-3:f:up]
18:29:34 #24 OK DELETE id=1681494 via doris-1 rows=10229 [doris-1:f:up doris-2:M:up doris-3:f:up]
18:29:35 #25 OK SELECT id=1681494 via doris-1 rows=10228 [doris-1:f:up doris-2:M:up doris-3:f:up]
18:29:36 #26 OK INSERT id=1681495 via doris-1 rows=10229 [doris-1:f:up doris-2:M:up doris-3:f:up]
18:29:37 #27 OK UPSERT id=1681495 via doris-1 rows=10230 [doris-1:f:up doris-2:M:up doris-3:f:up]
18:29:38 #28 OK SELECT id=1681495 via doris-1 rows=10230 [doris-1:f:up doris-2:M:up doris-3:f:up]
18:29:39 #29 OK DELETE id=1681495 via doris-1 rows=10229 [doris-1:f:up doris-2:M:up doris-3:f:up]
18:29:40 #30 OK SELECT id=1681495 via doris-1 rows=10228 [doris-1:f:up doris-2:M:up doris-3:f:up]
18:29:41 #31 OK INSERT id=1681496 via doris-1 rows=10229 [doris-1:f:up doris-2:M:up doris-3:f:up]
18:29:42 #32 OK UPSERT id=1681496 via doris-1 rows=10230 [doris-1:f:up doris-2:M:up doris-3:f:up]
18:29:43 EVENT break: fe hang on doris-2 (FE master)
18:29:43 #33 OK SELECT id=1681496 via doris-1 rows=10230 [doris-1:f:up doris-2:M:up doris-3:f:up]
18:29:44 #34 OK DELETE id=1681496 via doris-1 rows=10229 [doris-1:f:up doris-2:M:up doris-3:f:up]
18:29:53 #35 OK SELECT id=1681496 via doris-1 rows=10229 [?]
18:29:54 #36 FAIL INSERT id=1681497 via doris-1: InterfaceError: (0, '')
18:29:54 #36 OK SELECT(check) id=1 via doris-1
18:30:04 connected to doris-1 (10.140.0.2)
18:30:04 #37 FAIL INSERT id=1681498 via doris-1: InterfaceError: (0, '')
18:30:04 #37 OK SELECT(check) id=1 via doris-1
18:30:13 connected to doris-1 (10.140.0.2)
18:30:13 #38 FAIL INSERT id=1681499 via doris-1: InterfaceError: (0, '')
18:30:13 #38 OK SELECT(check) id=1 via doris-1
18:30:22 connected to doris-1 (10.140.0.2)
18:30:22 #39 FAIL INSERT id=1681500 via doris-1: InterfaceError: (0, '')
18:30:22 #39 OK SELECT(check) id=1 via doris-1
18:30:31 connected to doris-1 (10.140.0.2)
18:30:31 #40 FAIL INSERT id=1681501 via doris-1: InterfaceError: (0, '')
18:30:31 #40 OK SELECT(check) id=1 via doris-1
18:30:40 connected to doris-1 (10.140.0.2)
18:30:40 #41 FAIL INSERT id=1681502 via doris-1: InterfaceError: (0, '')
18:30:40 #41 OK SELECT(check) id=1 via doris-1
18:30:49 connected to doris-1 (10.140.0.2)
18:30:49 #42 FAIL INSERT id=1681503 via doris-1: InterfaceError: (0, '')
18:30:49 #42 OK SELECT(check) id=1 via doris-1
18:30:58 connected to doris-1 (10.140.0.2)
18:30:58 #43 FAIL INSERT id=1681504 via doris-1: InterfaceError: (0, '')
18:30:58 #43 OK SELECT(check) id=1 via doris-1
18:31:07 connected to doris-1 (10.140.0.2)
18:31:07 #44 FAIL INSERT id=1681505 via doris-1: InterfaceError: (0, '')
18:31:07 #44 OK SELECT(check) id=1 via doris-1
18:31:16 connected to doris-1 (10.140.0.2)
18:31:16 #45 FAIL INSERT id=1681506 via doris-1: InterfaceError: (0, '')
18:31:16 #45 OK SELECT(check) id=1 via doris-1
18:31:25 connected to doris-1 (10.140.0.2)
18:31:25 #46 FAIL INSERT id=1681507 via doris-1: InterfaceError: (0, '')
18:31:25 #46 OK SELECT(check) id=1 via doris-1
18:31:34 connected to doris-1 (10.140.0.2)
18:31:34 #47 FAIL INSERT id=1681508 via doris-1: InterfaceError: (0, '')
18:31:34 #47 OK SELECT(check) id=1 via doris-1
18:31:44 connected to doris-1 (10.140.0.2)
18:31:44 #48 FAIL INSERT id=1681509 via doris-1: InterfaceError: (0, '')
18:31:44 #48 OK SELECT(check) id=1 via doris-1
18:31:53 connected to doris-1 (10.140.0.2)
18:31:53 #49 FAIL INSERT id=1681510 via doris-1: InterfaceError: (0, '')
18:31:53 #49 OK SELECT(check) id=1 via doris-1
18:32:02 connected to doris-1 (10.140.0.2)
18:32:02 #50 FAIL INSERT id=1681511 via doris-1: InterfaceError: (0, '')
18:32:02 #50 OK SELECT(check) id=1 via doris-1
18:32:03 EVENT restore: resume fe on doris-2
18:32:05 connected to doris-1 (10.140.0.2)
18:32:06 #51 OK INSERT id=1681512 via doris-1 rows=10229 [doris-1:f:up doris-2:M:up doris-3:f:up] (recovered)
18:32:07 #52 OK UPSERT id=1681512 via doris-1 rows=10230 [doris-1:f:up doris-2:M:up doris-3:f:up]
18:32:08 #53 OK SELECT id=1681512 via doris-1 rows=10230 [doris-1:f:up doris-2:M:up doris-3:f:up]
18:32:08 EVENT restore: cluster healthy
18:32:09 #54 OK DELETE id=1681512 via doris-1 rows=10229 [doris-1:f:up doris-2:M:up doris-3:f:up]
18:32:10 #55 OK SELECT id=1681512 via doris-1 rows=10228 [doris-1:f:up doris-2:M:up doris-3:f:up]
18:32:11 #56 OK INSERT id=1681513 via doris-1 rows=10229 [doris-1:f:up doris-2:M:up doris-3:f:up]
18:32:12 #57 OK UPSERT id=1681513 via doris-1 rows=10230 [doris-1:f:up doris-2:M:up doris-3:f:up]
18:32:13 #58 OK SELECT id=1681513 via doris-1 rows=10230 [doris-1:f:up doris-2:M:up doris-3:f:up]
18:32:14 #59 OK DELETE id=1681513 via doris-1 rows=10229 [doris-1:f:up doris-2:M:up doris-3:f:up]
18:32:15 #60 OK SELECT id=1681513 via doris-1 rows=10228 [doris-1:f:up doris-2:M:up doris-3:f:up]
18:32:16 #61 OK INSERT id=1681514 via doris-1 rows=10229 [doris-1:f:up doris-2:M:up doris-3:f:up]
18:32:17 #62 OK UPSERT id=1681514 via doris-1 rows=10230 [doris-1:f:up doris-2:M:up doris-3:f:up]
18:32:18 #63 OK SELECT id=1681514 via doris-1 rows=10230 [doris-1:f:up doris-2:M:up doris-3:f:up]
18:32:19 #64 OK DELETE id=1681514 via doris-1 rows=10229 [doris-1:f:up doris-2:M:up doris-3:f:up]
18:32:20 #65 OK SELECT id=1681514 via doris-1 rows=10228 [doris-1:f:up doris-2:M:up doris-3:f:up]
18:32:22 #66 OK INSERT id=1681515 via doris-1 rows=10229 [doris-1:f:up doris-2:M:up doris-3:f:up]
18:32:23 #67 OK UPSERT id=1681515 via doris-1 rows=10230 [doris-1:f:up doris-2:M:up doris-3:f:up]
18:32:24 #68 OK SELECT id=1681515 via doris-1 rows=10230 [doris-1:f:up doris-2:M:up doris-3:f:up]
18:32:25 #69 OK DELETE id=1681515 via doris-1 rows=10229 [doris-1:f:up doris-2:M:up doris-3:f:up]
18:32:26 #70 OK SELECT id=1681515 via doris-1 rows=10229 [doris-1:f:up doris-2:M:up doris-3:f:up]
18:32:27 #71 OK INSERT id=1681516 via doris-1 rows=10229 [doris-1:f:up doris-2:M:up doris-3:f:up]
18:32:28 #72 OK UPSERT id=1681516 via doris-1 rows=10230 [doris-1:f:up doris-2:M:up doris-3:f:up]
18:32:29 #73 OK SELECT id=1681516 via doris-1 rows=10230 [doris-1:f:up doris-2:M:up doris-3:f:up]
18:32:30 #74 OK DELETE id=1681516 via doris-1 rows=10229 [doris-1:f:up doris-2:M:up doris-3:f:up]
18:32:31 #75 OK SELECT id=1681516 via doris-1 rows=10228 [doris-1:f:up doris-2:M:up doris-3:f:up]
18:32:32 #76 OK INSERT id=1681517 via doris-1 rows=10229 [doris-1:f:up doris-2:M:up doris-3:f:up]
18:32:33 #77 OK UPSERT id=1681517 via doris-1 rows=10230 [doris-1:f:up doris-2:M:up doris-3:f:up]
18:32:34 #78 OK SELECT id=1681517 via doris-1 rows=10230 [doris-1:f:up doris-2:M:up doris-3:f:up]
