16:22:01 PROBE start proto=mysql hosts=doris-1,doris-2,doris-3 duration=86400s cycle=INSERT>UPSERT>SELECT>DELETE>SELECT
16:22:01 connected to doris-1 (10.140.0.2)
16:22:01 #1 OK INSERT id=1605210 via doris-1 rows=10174 [doris-1:f:up doris-2:M:up doris-3:f:up]
16:22:02 #2 OK UPSERT id=1605210 via doris-1 rows=10175 [doris-1:f:up doris-2:M:up doris-3:f:up]
16:22:03 #3 OK SELECT id=1605210 via doris-1 rows=10175 [doris-1:f:up doris-2:M:up doris-3:f:up]
16:22:04 #4 OK DELETE id=1605210 via doris-1 rows=10174 [doris-1:f:up doris-2:M:up doris-3:f:up]
16:22:06 #5 OK SELECT id=1605210 via doris-1 rows=10173 [doris-1:f:up doris-2:M:up doris-3:f:up]
16:22:07 #6 OK INSERT id=1605211 via doris-1 rows=10174 [doris-1:f:up doris-2:M:up doris-3:f:up]
16:22:08 #7 OK UPSERT id=1605211 via doris-1 rows=10175 [doris-1:f:up doris-2:M:up doris-3:f:up]
16:22:09 #8 OK SELECT id=1605211 via doris-1 rows=10175 [doris-1:f:up doris-2:M:up doris-3:f:up]
16:22:10 #9 OK DELETE id=1605211 via doris-1 rows=10174 [doris-1:f:up doris-2:M:up doris-3:f:up]
16:22:11 #10 OK SELECT id=1605211 via doris-1 rows=10173 [doris-1:f:up doris-2:M:up doris-3:f:up]
16:22:12 #11 OK INSERT id=1605212 via doris-1 rows=10174 [doris-1:f:up doris-2:M:up doris-3:f:up]
16:22:13 #12 OK UPSERT id=1605212 via doris-1 rows=10175 [doris-1:f:up doris-2:M:up doris-3:f:up]
16:22:14 #13 OK SELECT id=1605212 via doris-1 rows=10175 [doris-1:f:up doris-2:M:up doris-3:f:up]
16:22:15 #14 OK DELETE id=1605212 via doris-1 rows=10174 [doris-1:f:up doris-2:M:up doris-3:f:up]
16:22:17 #15 OK SELECT id=1605212 via doris-1 rows=10173 [doris-1:f:up doris-2:M:up doris-3:f:up]
16:22:18 #16 OK INSERT id=1605213 via doris-1 rows=10174 [doris-1:f:up doris-2:M:up doris-3:f:up]
16:22:19 #17 OK UPSERT id=1605213 via doris-1 rows=10175 [doris-1:f:up doris-2:M:up doris-3:f:up]
16:22:20 #18 OK SELECT id=1605213 via doris-1 rows=10175 [doris-1:f:up doris-2:M:up doris-3:f:up]
16:22:21 #19 OK DELETE id=1605213 via doris-1 rows=10174 [doris-1:f:up doris-2:M:up doris-3:f:up]
16:22:22 #20 OK SELECT id=1605213 via doris-1 rows=10173 [doris-1:f:up doris-2:M:up doris-3:f:up]
16:22:23 #21 OK INSERT id=1605214 via doris-1 rows=10174 [doris-1:f:up doris-2:M:up doris-3:f:up]
16:22:24 #22 OK UPSERT id=1605214 via doris-1 rows=10175 [doris-1:f:up doris-2:M:up doris-3:f:up]
16:22:25 #23 OK SELECT id=1605214 via doris-1 rows=10175 [doris-1:f:up doris-2:M:up doris-3:f:up]
16:22:26 #24 OK DELETE id=1605214 via doris-1 rows=10174 [doris-1:f:up doris-2:M:up doris-3:f:up]
16:22:27 #25 OK SELECT id=1605214 via doris-1 rows=10173 [doris-1:f:up doris-2:M:up doris-3:f:up]
16:22:28 #26 OK INSERT id=1605215 via doris-1 rows=10174 [doris-1:f:up doris-2:M:up doris-3:f:up]
16:22:30 #27 OK UPSERT id=1605215 via doris-1 rows=10175 [doris-1:f:up doris-2:M:up doris-3:f:up]
16:22:31 #28 OK SELECT id=1605215 via doris-1 rows=10175 [doris-1:f:up doris-2:M:up doris-3:f:up]
16:22:32 #29 OK DELETE id=1605215 via doris-1 rows=10174 [doris-1:f:up doris-2:M:up doris-3:f:up]
16:22:33 #30 OK SELECT id=1605215 via doris-1 rows=10173 [doris-1:f:up doris-2:M:up doris-3:f:up]
16:22:34 #31 OK INSERT id=1605216 via doris-1 rows=10174 [doris-1:f:up doris-2:M:up doris-3:f:up]
16:22:35 #32 OK UPSERT id=1605216 via doris-1 rows=10175 [doris-1:f:up doris-2:M:up doris-3:f:up]
16:22:35 EVENT break: fe crash on doris-2 (FE master)
16:22:36 #33 OK SELECT id=1605216 via doris-1 rows=10175 [doris-1:f:up doris-2:M:up doris-3:f:up]
16:22:37 #34 OK DELETE id=1605216 via doris-1 rows=10174 [doris-1:f:up doris-2:M:up doris-3:f:up]
16:22:42 #35 OK SELECT id=1605216 via doris-1 rows=10174 [?]
16:22:48 #36 OK INSERT id=1605217 via doris-1 rows=10176 [doris-1:f:up doris-2:f:DOWN doris-3:M:up]
16:22:50 #37 OK UPSERT id=1605217 via doris-1 rows=10177 [doris-1:f:up doris-2:f:DOWN doris-3:M:up]
16:22:51 #38 OK SELECT id=1605217 via doris-1 rows=10177 [doris-1:f:up doris-2:f:DOWN doris-3:M:up]
16:22:52 #39 OK DELETE id=1605217 via doris-1 rows=10176 [doris-1:f:up doris-2:f:DOWN doris-3:M:up]
16:22:53 #40 OK SELECT id=1605217 via doris-1 rows=10175 [doris-1:f:up doris-2:f:DOWN doris-3:M:up]
16:22:53 EVENT recovered: fe restarted by systemd on doris-2 (+9s)
16:22:54 #41 OK INSERT id=1605218 via doris-1 rows=10176 [doris-1:f:up doris-2:f:DOWN doris-3:M:up]
16:22:55 #42 OK UPSERT id=1605218 via doris-1 rows=10177 [doris-1:f:up doris-2:f:DOWN doris-3:M:up]
16:22:56 #43 OK SELECT id=1605218 via doris-1 rows=10177 [doris-1:f:up doris-2:f:DOWN doris-3:M:up]
16:22:57 #44 OK DELETE id=1605218 via doris-1 rows=10176 [doris-1:f:up doris-2:f:DOWN doris-3:M:up]
16:22:58 #45 OK SELECT id=1605218 via doris-1 rows=10175 [doris-1:f:up doris-2:f:DOWN doris-3:M:up]
16:23:07 #46 FAIL INSERT id=1605219 via doris-1: OperationalError: (2013, 'Lost connection to MySQL server during query (timed out)')
16:23:07 #46 OK SELECT(check) id=1 via doris-1
16:23:08 connected to doris-1 (10.140.0.2)
16:23:16 #47 FAIL INSERT id=1605220 via doris-1: OperationalError: (2013, 'Lost connection to MySQL server during query (timed out)')
16:23:16 #47 OK SELECT(check) id=1 via doris-1
16:23:18 connected to doris-1 (10.140.0.2)
16:23:19 #48 OK INSERT id=1605221 via doris-1 rows=10180 [doris-1:f:up doris-2:f:up doris-3:M:up] (recovered)
16:23:20 #49 OK UPSERT id=1605221 via doris-1 rows=10180 [doris-1:f:up doris-2:f:up doris-3:M:up]
16:23:21 #50 OK SELECT id=1605221 via doris-1 rows=10180 [doris-1:f:up doris-2:f:up doris-3:M:up]
16:23:22 #51 OK DELETE id=1605221 via doris-1 rows=10178 [doris-1:f:up doris-2:f:up doris-3:M:up]
16:23:23 #52 OK SELECT id=1605221 via doris-1 rows=10178 [doris-1:f:up doris-2:f:up doris-3:M:up]
16:23:24 #53 OK INSERT id=1605222 via doris-1 rows=10180 [doris-1:f:up doris-2:f:up doris-3:M:up]
16:23:25 #54 OK UPSERT id=1605222 via doris-1 rows=10180 [doris-1:f:up doris-2:f:up doris-3:M:up]
16:23:26 #55 OK SELECT id=1605222 via doris-1 rows=10180 [doris-1:f:up doris-2:f:up doris-3:M:up]
16:23:27 #56 OK DELETE id=1605222 via doris-1 rows=10178 [doris-1:f:up doris-2:f:up doris-3:M:up]
16:23:28 #57 OK SELECT id=1605222 via doris-1 rows=10178 [doris-1:f:up doris-2:f:up doris-3:M:up]
16:23:29 #58 OK INSERT id=1605223 via doris-1 rows=10179 [doris-1:f:up doris-2:f:up doris-3:M:up]
16:23:31 #59 OK UPSERT id=1605223 via doris-1 rows=10180 [doris-1:f:up doris-2:f:up doris-3:M:up]
16:23:32 #60 OK SELECT id=1605223 via doris-1 rows=10180 [doris-1:f:up doris-2:f:up doris-3:M:up]
16:23:33 #61 OK DELETE id=1605223 via doris-1 rows=10179 [doris-1:f:up doris-2:f:up doris-3:M:up]
16:23:34 #62 OK SELECT id=1605223 via doris-1 rows=10178 [doris-1:f:up doris-2:f:up doris-3:M:up]
16:23:35 #63 OK INSERT id=1605224 via doris-1 rows=10179 [doris-1:f:up doris-2:f:up doris-3:M:up]
16:23:36 #64 OK UPSERT id=1605224 via doris-1 rows=10180 [doris-1:f:up doris-2:f:up doris-3:M:up]
16:23:37 #65 OK SELECT id=1605224 via doris-1 rows=10180 [doris-1:f:up doris-2:f:up doris-3:M:up]
16:23:38 #66 OK DELETE id=1605224 via doris-1 rows=10179 [doris-1:f:up doris-2:f:up doris-3:M:up]
16:23:39 #67 OK SELECT id=1605224 via doris-1 rows=10178 [doris-1:f:up doris-2:f:up doris-3:M:up]
16:23:40 #68 OK INSERT id=1605225 via doris-1 rows=10179 [doris-1:f:up doris-2:f:up doris-3:M:up]
16:23:41 #69 OK UPSERT id=1605225 via doris-1 rows=10180 [doris-1:f:up doris-2:f:up doris-3:M:up]
16:23:42 #70 OK SELECT id=1605225 via doris-1 rows=10180 [doris-1:f:up doris-2:f:up doris-3:M:up]
16:23:43 #71 OK DELETE id=1605225 via doris-1 rows=10179 [doris-1:f:up doris-2:f:up doris-3:M:up]
16:23:45 #72 OK SELECT id=1605225 via doris-1 rows=10178 [doris-1:f:up doris-2:f:up doris-3:M:up]
16:23:46 #73 OK INSERT id=1605226 via doris-1 rows=10179 [doris-1:f:up doris-2:f:up doris-3:M:up]
16:23:47 #74 OK UPSERT id=1605226 via doris-1 rows=10180 [doris-1:f:up doris-2:f:up doris-3:M:up]
16:23:48 #75 OK SELECT id=1605226 via doris-1 rows=10180 [doris-1:f:up doris-2:f:up doris-3:M:up]
16:23:49 #76 OK DELETE id=1605226 via doris-1 rows=10179 [doris-1:f:up doris-2:f:up doris-3:M:up]
16:23:50 #77 OK SELECT id=1605226 via doris-1 rows=10178 [doris-1:f:up doris-2:f:up doris-3:M:up]
16:23:51 #78 OK INSERT id=1605227 via doris-1 rows=10179 [doris-1:f:up doris-2:f:up doris-3:M:up]
16:23:52 #79 OK UPSERT id=1605227 via doris-1 rows=10180 [doris-1:f:up doris-2:f:up doris-3:M:up]
16:23:53 #80 OK SELECT id=1605227 via doris-1 rows=10180 [doris-1:f:up doris-2:f:up doris-3:M:up]
16:23:54 #81 OK DELETE id=1605227 via doris-1 rows=10179 [doris-1:f:up doris-2:f:up doris-3:M:up]
16:23:55 #82 OK SELECT id=1605227 via doris-1 rows=10178 [doris-1:f:up doris-2:f:up doris-3:M:up]
16:23:56 #83 OK INSERT id=1605228 via doris-1 rows=10179 [doris-1:f:up doris-2:f:up doris-3:M:up]
16:23:57 #84 OK UPSERT id=1605228 via doris-1 rows=10180 [doris-1:f:up doris-2:f:up doris-3:M:up]
16:23:58 #85 OK SELECT id=1605228 via doris-1 rows=10180 [doris-1:f:up doris-2:f:up doris-3:M:up]
16:24:00 #86 OK DELETE id=1605228 via doris-1 rows=10179 [doris-1:f:up doris-2:f:up doris-3:M:up]
16:24:01 #87 OK SELECT id=1605228 via doris-1 rows=10178 [doris-1:f:up doris-2:f:up doris-3:M:up]
16:24:02 #88 OK INSERT id=1605229 via doris-1 rows=10179 [doris-1:f:up doris-2:f:up doris-3:M:up]
16:24:03 #89 OK UPSERT id=1605229 via doris-1 rows=10180 [doris-1:f:up doris-2:f:up doris-3:M:up]
16:24:04 #90 OK SELECT id=1605229 via doris-1 rows=10180 [doris-1:f:up doris-2:f:up doris-3:M:up]
16:24:05 #91 OK DELETE id=1605229 via doris-1 rows=10179 [doris-1:f:up doris-2:f:up doris-3:M:up]
16:24:06 #92 OK SELECT id=1605229 via doris-1 rows=10178 [doris-1:f:up doris-2:f:up doris-3:M:up]
16:24:07 #93 OK INSERT id=1605230 via doris-1 rows=10179 [doris-1:f:up doris-2:f:up doris-3:M:up]
16:24:08 #94 OK UPSERT id=1605230 via doris-1 rows=10180 [doris-1:f:up doris-2:f:up doris-3:M:up]
16:24:09 #95 OK SELECT id=1605230 via doris-1 rows=10180 [doris-1:f:up doris-2:f:up doris-3:M:up]
16:24:10 #96 OK DELETE id=1605230 via doris-1 rows=10179 [doris-1:f:up doris-2:f:up doris-3:M:up]
16:24:11 #97 OK SELECT id=1605230 via doris-1 rows=10178 [doris-1:f:up doris-2:f:up doris-3:M:up]
16:24:12 #98 OK INSERT id=1605231 via doris-1 rows=10179 [doris-1:f:up doris-2:f:up doris-3:M:up]
16:24:13 #99 OK UPSERT id=1605231 via doris-1 rows=10180 [doris-1:f:up doris-2:f:up doris-3:M:up]
16:24:14 #100 OK SELECT id=1605231 via doris-1 rows=10180 [doris-1:f:up doris-2:f:up doris-3:M:up]
16:24:16 #101 OK DELETE id=1605231 via doris-1 rows=10179 [doris-1:f:up doris-2:f:up doris-3:M:up]
16:24:17 #102 OK SELECT id=1605231 via doris-1 rows=10178 [doris-1:f:up doris-2:f:up doris-3:M:up]
16:24:18 #103 OK INSERT id=1605232 via doris-1 rows=10179 [doris-1:f:up doris-2:f:up doris-3:M:up]
16:24:19 #104 OK UPSERT id=1605232 via doris-1 rows=10180 [doris-1:f:up doris-2:f:up doris-3:M:up]
16:24:20 #105 OK SELECT id=1605232 via doris-1 rows=10180 [doris-1:f:up doris-2:f:up doris-3:M:up]
16:24:21 #106 OK DELETE id=1605232 via doris-1 rows=10179 [doris-1:f:up doris-2:f:up doris-3:M:up]
16:24:22 #107 OK SELECT id=1605232 via doris-1 rows=10178 [doris-1:f:up doris-2:f:up doris-3:M:up]
16:24:23 #108 OK INSERT id=1605233 via doris-1 rows=10179 [doris-1:f:up doris-2:f:up doris-3:M:up]
16:24:24 #109 OK UPSERT id=1605233 via doris-1 rows=10180 [doris-1:f:up doris-2:f:up doris-3:M:up]
16:24:25 #110 OK SELECT id=1605233 via doris-1 rows=10180 [doris-1:f:up doris-2:f:up doris-3:M:up]
16:24:26 #111 OK DELETE id=1605233 via doris-1 rows=10179 [doris-1:f:up doris-2:f:up doris-3:M:up]
16:24:27 #112 OK SELECT id=1605233 via doris-1 rows=10178 [doris-1:f:up doris-2:f:up doris-3:M:up]
16:24:28 #113 OK INSERT id=1605234 via doris-1 rows=10179 [doris-1:f:up doris-2:f:up doris-3:M:up]
16:24:30 #114 OK UPSERT id=1605234 via doris-1 rows=10180 [doris-1:f:up doris-2:f:up doris-3:M:up]
16:24:31 #115 OK SELECT id=1605234 via doris-1 rows=10180 [doris-1:f:up doris-2:f:up doris-3:M:up]
16:24:32 #116 OK DELETE id=1605234 via doris-1 rows=10179 [doris-1:f:up doris-2:f:up doris-3:M:up]
16:24:32 EVENT restore: verify fe on doris-2
16:24:33 #117 OK SELECT id=1605234 via doris-1 rows=10178 [doris-1:f:up doris-2:f:up doris-3:M:up]
16:24:34 #118 OK INSERT id=1605235 via doris-1 rows=10179 [doris-1:f:up doris-2:f:up doris-3:M:up]
16:24:35 #119 OK UPSERT id=1605235 via doris-1 rows=10180 [doris-1:f:up doris-2:f:up doris-3:M:up]
16:24:36 #120 OK SELECT id=1605235 via doris-1 rows=10180 [doris-1:f:up doris-2:f:up doris-3:M:up]
16:24:37 #121 OK DELETE id=1605235 via doris-1 rows=10179 [doris-1:f:up doris-2:f:up doris-3:M:up]
16:24:37 EVENT restore: cluster healthy
16:24:38 #122 OK SELECT id=1605235 via doris-1 rows=10178 [doris-1:f:up doris-2:f:up doris-3:M:up]
16:24:39 #123 OK INSERT id=1605236 via doris-1 rows=10179 [doris-1:f:up doris-2:f:up doris-3:M:up]
16:24:40 #124 OK UPSERT id=1605236 via doris-1 rows=10180 [doris-1:f:up doris-2:f:up doris-3:M:up]
16:24:41 #125 OK SELECT id=1605236 via doris-1 rows=10180 [doris-1:f:up doris-2:f:up doris-3:M:up]
16:24:42 #126 OK DELETE id=1605236 via doris-1 rows=10179 [doris-1:f:up doris-2:f:up doris-3:M:up]
16:24:43 #127 OK SELECT id=1605236 via doris-1 rows=10178 [doris-1:f:up doris-2:f:up doris-3:M:up]
16:24:44 #128 OK INSERT id=1605237 via doris-1 rows=10179 [doris-1:f:up doris-2:f:up doris-3:M:up]
16:24:46 #129 OK UPSERT id=1605237 via doris-1 rows=10180 [doris-1:f:up doris-2:f:up doris-3:M:up]
16:24:47 #130 OK SELECT id=1605237 via doris-1 rows=10180 [doris-1:f:up doris-2:f:up doris-3:M:up]
16:24:48 #131 OK DELETE id=1605237 via doris-1 rows=10179 [doris-1:f:up doris-2:f:up doris-3:M:up]
16:24:49 #132 OK SELECT id=1605237 via doris-1 rows=10178 [doris-1:f:up doris-2:f:up doris-3:M:up]
16:24:50 #133 OK INSERT id=1605238 via doris-1 rows=10179 [doris-1:f:up doris-2:f:up doris-3:M:up]
16:24:51 #134 OK UPSERT id=1605238 via doris-1 rows=10180 [doris-1:f:up doris-2:f:up doris-3:M:up]
16:24:52 #135 OK SELECT id=1605238 via doris-1 rows=10180 [doris-1:f:up doris-2:f:up doris-3:M:up]
16:24:53 #136 OK DELETE id=1605238 via doris-1 rows=10179 [doris-1:f:up doris-2:f:up doris-3:M:up]
16:24:54 #137 OK SELECT id=1605238 via doris-1 rows=10178 [doris-1:f:up doris-2:f:up doris-3:M:up]
16:24:55 #138 OK INSERT id=1605239 via doris-1 rows=10179 [doris-1:f:up doris-2:f:up doris-3:M:up]
16:24:56 #139 OK UPSERT id=1605239 via doris-1 rows=10180 [doris-1:f:up doris-2:f:up doris-3:M:up]
16:24:57 #140 OK SELECT id=1605239 via doris-1 rows=10180 [doris-1:f:up doris-2:f:up doris-3:M:up]
16:24:58 #141 OK DELETE id=1605239 via doris-1 rows=10179 [doris-1:f:up doris-2:f:up doris-3:M:up]
16:24:59 #142 OK SELECT id=1605239 via doris-1 rows=10178 [doris-1:f:up doris-2:f:up doris-3:M:up]
16:25:00 #143 OK INSERT id=1605240 via doris-1 rows=10179 [doris-1:f:up doris-2:f:up doris-3:M:up]
16:25:02 #144 OK UPSERT id=1605240 via doris-1 rows=10180 [doris-1:f:up doris-2:f:up doris-3:M:up]
16:25:03 #145 OK SELECT id=1605240 via doris-1 rows=10180 [doris-1:f:up doris-2:f:up doris-3:M:up]
16:25:04 #146 OK DELETE id=1605240 via doris-1 rows=10179 [doris-1:f:up doris-2:f:up doris-3:M:up]
