03:33:58 PROBE start proto=jdbc hosts=doris-1,doris-2,doris-3 duration=86400s cycle=INSERT>UPSERT>SELECT>DELETE>SELECT url=jdbc:mysql://10.140.0.2:9030,10.140.0.3:9030,10.140.0.4:9030/hatest
03:33:59 connected to doris-1 (driver-selected host)
03:33:59 #1 OK INSERT id=2688380 via doris-1 rows=10075 [doris-1:f:up doris-2:f:up doris-3:M:up]
03:34:00 #2 OK UPSERT id=2688380 via doris-1 rows=10075 [doris-1:f:up doris-2:f:up doris-3:M:up]
03:34:01 #3 OK SELECT id=2688380 via doris-1 rows=10075 [doris-1:f:up doris-2:f:up doris-3:M:up]
03:34:02 #4 OK DELETE id=2688380 via doris-1 rows=10073 [doris-1:f:up doris-2:f:up doris-3:M:up]
03:34:03 #5 OK SELECT id=2688380 via doris-1 rows=10073 [doris-1:f:up doris-2:f:up doris-3:M:up]
03:34:04 #6 OK INSERT id=2688381 via doris-1 rows=10075 [doris-1:f:up doris-2:f:up doris-3:M:up]
03:34:05 #7 OK UPSERT id=2688381 via doris-1 rows=10075 [doris-1:f:up doris-2:f:up doris-3:M:up]
03:34:06 #8 OK SELECT id=2688381 via doris-1 rows=10075 [doris-1:f:up doris-2:f:up doris-3:M:up]
03:34:07 #9 OK DELETE id=2688381 via doris-1 rows=10073 [doris-1:f:up doris-2:f:up doris-3:M:up]
03:34:09 #10 OK SELECT id=2688381 via doris-1 rows=10073 [doris-1:f:up doris-2:f:up doris-3:M:up]
03:34:10 #11 OK INSERT id=2688382 via doris-1 rows=10075 [doris-1:f:up doris-2:f:up doris-3:M:up]
03:34:11 #12 OK UPSERT id=2688382 via doris-1 rows=10075 [doris-1:f:up doris-2:f:up doris-3:M:up]
03:34:12 #13 OK SELECT id=2688382 via doris-1 rows=10075 [doris-1:f:up doris-2:f:up doris-3:M:up]
03:34:13 #14 OK DELETE id=2688382 via doris-1 rows=10073 [doris-1:f:up doris-2:f:up doris-3:M:up]
03:34:14 #15 OK SELECT id=2688382 via doris-1 rows=10073 [doris-1:f:up doris-2:f:up doris-3:M:up]
03:34:15 #16 OK INSERT id=2688383 via doris-1 rows=10075 [doris-1:f:up doris-2:f:up doris-3:M:up]
03:34:16 #17 OK UPSERT id=2688383 via doris-1 rows=10075 [doris-1:f:up doris-2:f:up doris-3:M:up]
03:34:17 #18 OK SELECT id=2688383 via doris-1 rows=10075 [doris-1:f:up doris-2:f:up doris-3:M:up]
03:34:18 #19 OK DELETE id=2688383 via doris-1 rows=10073 [doris-1:f:up doris-2:f:up doris-3:M:up]
03:34:19 #20 OK SELECT id=2688383 via doris-1 rows=10073 [doris-1:f:up doris-2:f:up doris-3:M:up]
03:34:20 #21 OK INSERT id=2688384 via doris-1 rows=10075 [doris-1:f:up doris-2:f:up doris-3:M:up]
03:34:22 #22 OK UPSERT id=2688384 via doris-1 rows=10075 [doris-1:f:up doris-2:f:up doris-3:M:up]
03:34:23 #23 OK SELECT id=2688384 via doris-1 rows=10075 [doris-1:f:up doris-2:f:up doris-3:M:up]
03:34:24 #24 OK DELETE id=2688384 via doris-1 rows=10073 [doris-1:f:up doris-2:f:up doris-3:M:up]
03:34:25 #25 OK SELECT id=2688384 via doris-1 rows=10073 [doris-1:f:up doris-2:f:up doris-3:M:up]
03:34:26 #26 OK INSERT id=2688385 via doris-1 rows=10075 [doris-1:f:up doris-2:f:up doris-3:M:up]
03:34:27 #27 OK UPSERT id=2688385 via doris-1 rows=10075 [doris-1:f:up doris-2:f:up doris-3:M:up]
03:34:28 #28 OK SELECT id=2688385 via doris-1 rows=10075 [doris-1:f:up doris-2:f:up doris-3:M:up]
03:34:29 #29 OK DELETE id=2688385 via doris-1 rows=10073 [doris-1:f:up doris-2:f:up doris-3:M:up]
03:34:30 #30 OK SELECT id=2688385 via doris-1 rows=10073 [doris-1:f:up doris-2:f:up doris-3:M:up]
03:34:31 #31 OK INSERT id=2688386 via doris-1 rows=10075 [doris-1:f:up doris-2:f:up doris-3:M:up]
03:34:32 #32 OK UPSERT id=2688386 via doris-1 rows=10075 [doris-1:f:up doris-2:f:up doris-3:M:up]
03:34:33 EVENT break: fe dead on doris-3 (FE master)
03:34:33 #33 OK SELECT id=2688386 via doris-1 rows=10075 [doris-1:f:up doris-2:f:up doris-3:M:up]
03:34:34 #34 OK DELETE id=2688386 via doris-1 rows=10073 [doris-1:f:up doris-2:f:up doris-3:M:up]
03:34:36 #35 OK SELECT id=2688386 via doris-1 rows=10073 [?]
03:34:37 #36 OK INSERT id=2688387 via doris-1 rows=10074 [doris-1:f:up doris-2:M:up doris-3:f:DOWN]
03:34:38 #37 OK UPSERT id=2688387 via doris-1 rows=10075 [doris-1:f:up doris-2:M:up doris-3:f:DOWN]
03:34:39 #38 OK SELECT id=2688387 via doris-1 rows=10075 [doris-1:f:up doris-2:M:up doris-3:f:DOWN]
03:34:41 #39 OK DELETE id=2688387 via doris-1 rows=10073 [doris-1:f:up doris-2:M:up doris-3:f:DOWN]
03:34:42 #40 FAIL SELECT id=2688387 via doris-1: SQLException: RpcException, msg: send fragments failed. io.grpc.StatusRuntimeException: UNAVAILABLE: io exception, host: 10.
03:34:43 connected to doris-1 (driver-selected host)
03:34:46 #41 OK INSERT id=2688388 via doris-1 rows=10074 [doris-1:f:up doris-2:M:up doris-3:f:DOWN] (recovered)
03:34:47 #42 OK UPSERT id=2688388 via doris-1 rows=10075 [doris-1:f:up doris-2:M:up doris-3:f:DOWN]
03:34:48 #43 OK SELECT id=2688388 via doris-1 rows=10075 [doris-1:f:up doris-2:M:up doris-3:f:DOWN]
03:34:49 #44 OK DELETE id=2688388 via doris-1 rows=10073 [doris-1:f:up doris-2:M:up doris-3:f:DOWN]
03:34:50 #45 OK SELECT id=2688388 via doris-1 rows=10073 [doris-1:f:up doris-2:M:up doris-3:f:DOWN]
03:34:51 #46 OK INSERT id=2688389 via doris-1 rows=10075 [doris-1:f:up doris-2:M:up doris-3:f:DOWN]
03:34:52 #47 OK UPSERT id=2688389 via doris-1 rows=10075 [doris-1:f:up doris-2:M:up doris-3:f:DOWN]
03:34:54 #48 OK SELECT id=2688389 via doris-1 rows=10075 [doris-1:f:up doris-2:M:up doris-3:f:DOWN]
03:34:55 #49 OK DELETE id=2688389 via doris-1 rows=10073 [doris-1:f:up doris-2:M:up doris-3:f:DOWN]
03:34:56 #50 OK SELECT id=2688389 via doris-1 rows=10073 [doris-1:f:up doris-2:M:up doris-3:f:DOWN]
03:35:05 #51 FAIL INSERT id=2688390 via doris-1: CommunicationsException: Communications link failure  The last packet successfully received from the server was 9,009 milliseconds ago.
03:35:05 #51 OK SELECT(check) id=1 via doris-1
03:35:06 connected to doris-1 (driver-selected host)
03:35:14 #52 FAIL INSERT id=2688391 via doris-1: CommunicationsException: Communications link failure  The last packet successfully received from the server was 8,008 milliseconds ago.
03:35:14 #52 OK SELECT(check) id=1 via doris-1
03:35:15 connected to doris-1 (driver-selected host)
03:35:16 #53 OK INSERT id=2688392 via doris-1 rows=10079 [doris-1:f:up doris-2:M:up doris-3:f:DOWN] (recovered)
03:35:17 #54 OK UPSERT id=2688392 via doris-1 rows=10079 [doris-1:f:up doris-2:M:up doris-3:f:DOWN]
03:35:18 #55 OK SELECT id=2688392 via doris-1 rows=10079 [doris-1:f:up doris-2:M:up doris-3:f:DOWN]
03:35:19 #56 OK DELETE id=2688392 via doris-1 rows=10077 [doris-1:f:up doris-2:M:up doris-3:f:DOWN]
03:35:20 #57 OK SELECT id=2688392 via doris-1 rows=10077 [doris-1:f:up doris-2:M:up doris-3:f:DOWN]
03:35:21 #58 OK INSERT id=2688393 via doris-1 rows=10079 [doris-1:f:up doris-2:M:up doris-3:f:DOWN]
03:35:23 #59 OK UPSERT id=2688393 via doris-1 rows=10079 [doris-1:f:up doris-2:M:up doris-3:f:DOWN]
03:35:24 #60 OK SELECT id=2688393 via doris-1 rows=10079 [doris-1:f:up doris-2:M:up doris-3:f:DOWN]
03:35:25 #61 OK DELETE id=2688393 via doris-1 rows=10077 [doris-1:f:up doris-2:M:up doris-3:f:DOWN]
03:35:26 #62 OK SELECT id=2688393 via doris-1 rows=10077 [doris-1:f:up doris-2:M:up doris-3:f:DOWN]
03:35:27 #63 OK INSERT id=2688394 via doris-1 rows=10079 [doris-1:f:up doris-2:M:up doris-3:f:DOWN]
03:35:28 #64 OK UPSERT id=2688394 via doris-1 rows=10079 [doris-1:f:up doris-2:M:up doris-3:f:DOWN]
03:35:29 #65 OK SELECT id=2688394 via doris-1 rows=10079 [doris-1:f:up doris-2:M:up doris-3:f:DOWN]
03:35:30 #66 OK DELETE id=2688394 via doris-1 rows=10077 [doris-1:f:up doris-2:M:up doris-3:f:DOWN]
03:35:31 #67 OK SELECT id=2688394 via doris-1 rows=10077 [doris-1:f:up doris-2:M:up doris-3:f:DOWN]
03:35:32 #68 OK INSERT id=2688395 via doris-1 rows=10079 [doris-1:f:up doris-2:M:up doris-3:f:DOWN]
03:35:33 #69 OK UPSERT id=2688395 via doris-1 rows=10079 [doris-1:f:up doris-2:M:up doris-3:f:DOWN]
03:35:34 #70 OK SELECT id=2688395 via doris-1 rows=10079 [doris-1:f:up doris-2:M:up doris-3:f:DOWN]
03:35:35 #71 OK DELETE id=2688395 via doris-1 rows=10077 [doris-1:f:up doris-2:M:up doris-3:f:DOWN]
03:35:37 #72 OK SELECT id=2688395 via doris-1 rows=10077 [doris-1:f:up doris-2:M:up doris-3:f:DOWN]
03:35:38 #73 OK INSERT id=2688396 via doris-1 rows=10079 [doris-1:f:up doris-2:M:up doris-3:f:DOWN]
03:35:39 #74 OK UPSERT id=2688396 via doris-1 rows=10079 [doris-1:f:up doris-2:M:up doris-3:f:DOWN]
03:35:40 #75 OK SELECT id=2688396 via doris-1 rows=10079 [doris-1:f:up doris-2:M:up doris-3:f:DOWN]
03:35:41 #76 OK DELETE id=2688396 via doris-1 rows=10077 [doris-1:f:up doris-2:M:up doris-3:f:DOWN]
03:35:42 #77 OK SELECT id=2688396 via doris-1 rows=10077 [doris-1:f:up doris-2:M:up doris-3:f:DOWN]
03:35:43 #78 OK INSERT id=2688397 via doris-1 rows=10079 [doris-1:f:up doris-2:M:up doris-3:f:DOWN]
03:35:44 #79 OK UPSERT id=2688397 via doris-1 rows=10079 [doris-1:f:up doris-2:M:up doris-3:f:DOWN]
03:35:45 #80 OK SELECT id=2688397 via doris-1 rows=10079 [doris-1:f:up doris-2:M:up doris-3:f:DOWN]
03:35:46 #81 OK DELETE id=2688397 via doris-1 rows=10077 [doris-1:f:up doris-2:M:up doris-3:f:DOWN]
03:35:47 #82 OK SELECT id=2688397 via doris-1 rows=10077 [doris-1:f:up doris-2:M:up doris-3:f:DOWN]
03:35:48 #83 OK INSERT id=2688398 via doris-1 rows=10079 [doris-1:f:up doris-2:M:up doris-3:f:DOWN]
03:35:49 #84 OK UPSERT id=2688398 via doris-1 rows=10079 [doris-1:f:up doris-2:M:up doris-3:f:DOWN]
03:35:51 #85 OK SELECT id=2688398 via doris-1 rows=10079 [doris-1:f:up doris-2:M:up doris-3:f:DOWN]
03:35:52 #86 OK DELETE id=2688398 via doris-1 rows=10077 [doris-1:f:up doris-2:M:up doris-3:f:DOWN]
03:35:53 #87 OK SELECT id=2688398 via doris-1 rows=10077 [doris-1:f:up doris-2:M:up doris-3:f:DOWN]
03:35:54 #88 OK INSERT id=2688399 via doris-1 rows=10079 [doris-1:f:up doris-2:M:up doris-3:f:DOWN]
03:35:55 #89 OK UPSERT id=2688399 via doris-1 rows=10079 [doris-1:f:up doris-2:M:up doris-3:f:DOWN]
03:35:56 #90 OK SELECT id=2688399 via doris-1 rows=10079 [doris-1:f:up doris-2:M:up doris-3:f:DOWN]
03:35:57 #91 OK DELETE id=2688399 via doris-1 rows=10077 [doris-1:f:up doris-2:M:up doris-3:f:DOWN]
03:35:58 #92 OK SELECT id=2688399 via doris-1 rows=10077 [doris-1:f:up doris-2:M:up doris-3:f:DOWN]
03:35:59 #93 OK INSERT id=2688400 via doris-1 rows=10079 [doris-1:f:up doris-2:M:up doris-3:f:DOWN]
03:36:00 #94 OK UPSERT id=2688400 via doris-1 rows=10079 [doris-1:f:up doris-2:M:up doris-3:f:DOWN]
03:36:01 #95 OK SELECT id=2688400 via doris-1 rows=10079 [doris-1:f:up doris-2:M:up doris-3:f:DOWN]
03:36:02 #96 OK DELETE id=2688400 via doris-1 rows=10077 [doris-1:f:up doris-2:M:up doris-3:f:DOWN]
03:36:03 #97 OK SELECT id=2688400 via doris-1 rows=10077 [doris-1:f:up doris-2:M:up doris-3:f:DOWN]
03:36:05 #98 OK INSERT id=2688401 via doris-1 rows=10079 [doris-1:f:up doris-2:M:up doris-3:f:DOWN]
03:36:06 #99 OK UPSERT id=2688401 via doris-1 rows=10079 [doris-1:f:up doris-2:M:up doris-3:f:DOWN]
03:36:07 #100 OK SELECT id=2688401 via doris-1 rows=10079 [doris-1:f:up doris-2:M:up doris-3:f:DOWN]
03:36:08 #101 OK DELETE id=2688401 via doris-1 rows=10077 [doris-1:f:up doris-2:M:up doris-3:f:DOWN]
03:36:09 #102 OK SELECT id=2688401 via doris-1 rows=10077 [doris-1:f:up doris-2:M:up doris-3:f:DOWN]
03:36:10 #103 OK INSERT id=2688402 via doris-1 rows=10079 [doris-1:f:up doris-2:M:up doris-3:f:DOWN]
03:36:11 #104 OK UPSERT id=2688402 via doris-1 rows=10079 [doris-1:f:up doris-2:M:up doris-3:f:DOWN]
03:36:12 #105 OK SELECT id=2688402 via doris-1 rows=10079 [doris-1:f:up doris-2:M:up doris-3:f:DOWN]
03:36:13 #106 OK DELETE id=2688402 via doris-1 rows=10077 [doris-1:f:up doris-2:M:up doris-3:f:DOWN]
03:36:14 #107 OK SELECT id=2688402 via doris-1 rows=10077 [doris-1:f:up doris-2:M:up doris-3:f:DOWN]
03:36:15 EVENT restore: systemctl start doris-fe on doris-3
03:36:15 #108 OK INSERT id=2688403 via doris-1 rows=10079 [doris-1:f:up doris-2:M:up doris-3:f:DOWN]
03:36:16 #109 OK UPSERT id=2688403 via doris-1 rows=10079 [doris-1:f:up doris-2:M:up doris-3:f:DOWN]
03:36:17 #110 OK SELECT id=2688403 via doris-1 rows=10079 [doris-1:f:up doris-2:M:up doris-3:f:DOWN]
03:36:19 #111 OK DELETE id=2688403 via doris-1 rows=10077 [doris-1:f:up doris-2:M:up doris-3:f:DOWN]
03:36:20 #112 OK SELECT id=2688403 via doris-1 rows=10077 [doris-1:f:up doris-2:M:up doris-3:f:DOWN]
03:36:21 #113 OK INSERT id=2688404 via doris-1 rows=10079 [doris-1:f:up doris-2:M:up doris-3:f:DOWN]
03:36:22 #114 OK UPSERT id=2688404 via doris-1 rows=10079 [doris-1:f:up doris-2:M:up doris-3:f:DOWN]
03:36:23 #115 OK SELECT id=2688404 via doris-1 rows=10079 [doris-1:f:up doris-2:M:up doris-3:f:DOWN]
03:36:24 #116 OK DELETE id=2688404 via doris-1 rows=10077 [doris-1:f:up doris-2:M:up doris-3:f:DOWN]
03:36:25 #117 OK SELECT id=2688404 via doris-1 rows=10077 [doris-1:f:up doris-2:M:up doris-3:f:DOWN]
03:36:26 #118 OK INSERT id=2688405 via doris-1 rows=10079 [doris-1:f:up doris-2:M:up doris-3:f:DOWN]
03:36:27 #119 OK UPSERT id=2688405 via doris-1 rows=10079 [doris-1:f:up doris-2:M:up doris-3:f:DOWN]
03:36:28 #120 OK SELECT id=2688405 via doris-1 rows=10079 [doris-1:f:up doris-2:M:up doris-3:f:DOWN]
03:36:29 #121 OK DELETE id=2688405 via doris-1 rows=10077 [doris-1:f:up doris-2:M:up doris-3:f:DOWN]
03:36:30 #122 OK SELECT id=2688405 via doris-1 rows=10077 [doris-1:f:up doris-2:M:up doris-3:f:DOWN]
03:36:31 #123 OK INSERT id=2688406 via doris-1 rows=10079 [doris-1:f:up doris-2:M:up doris-3:f:DOWN]
03:36:32 #124 OK UPSERT id=2688406 via doris-1 rows=10079 [doris-1:f:up doris-2:M:up doris-3:f:DOWN]
03:36:34 #125 OK SELECT id=2688406 via doris-1 rows=10079 [doris-1:f:up doris-2:M:up doris-3:f:DOWN]
03:36:35 #126 OK DELETE id=2688406 via doris-1 rows=10077 [doris-1:f:up doris-2:M:up doris-3:f:DOWN]
03:36:36 #127 OK SELECT id=2688406 via doris-1 rows=10077 [doris-1:f:up doris-2:M:up doris-3:f:DOWN]
03:36:37 #128 OK INSERT id=2688407 via doris-1 rows=10079 [doris-1:f:up doris-2:M:up doris-3:f:up]
03:36:38 #129 OK UPSERT id=2688407 via doris-1 rows=10079 [doris-1:f:up doris-2:M:up doris-3:f:up]
03:36:39 #130 OK SELECT id=2688407 via doris-1 rows=10079 [doris-1:f:up doris-2:M:up doris-3:f:up]
03:36:40 #131 OK DELETE id=2688407 via doris-1 rows=10077 [doris-1:f:up doris-2:M:up doris-3:f:up]
03:36:41 #132 OK SELECT id=2688407 via doris-1 rows=10077 [doris-1:f:up doris-2:M:up doris-3:f:up]
03:36:41 EVENT restore: cluster healthy
03:36:42 #133 OK INSERT id=2688408 via doris-1 rows=10079 [doris-1:f:up doris-2:M:up doris-3:f:up]
03:36:43 #134 OK UPSERT id=2688408 via doris-1 rows=10079 [doris-1:f:up doris-2:M:up doris-3:f:up]
03:36:44 #135 OK SELECT id=2688408 via doris-1 rows=10079 [doris-1:f:up doris-2:M:up doris-3:f:up]
03:36:45 #136 OK DELETE id=2688408 via doris-1 rows=10077 [doris-1:f:up doris-2:M:up doris-3:f:up]
03:36:46 #137 OK SELECT id=2688408 via doris-1 rows=10077 [doris-1:f:up doris-2:M:up doris-3:f:up]
03:36:48 #138 OK INSERT id=2688409 via doris-1 rows=10079 [doris-1:f:up doris-2:M:up doris-3:f:up]
03:36:49 #139 OK UPSERT id=2688409 via doris-1 rows=10079 [doris-1:f:up doris-2:M:up doris-3:f:up]
03:36:50 #140 OK SELECT id=2688409 via doris-1 rows=10079 [doris-1:f:up doris-2:M:up doris-3:f:up]
03:36:51 #141 OK DELETE id=2688409 via doris-1 rows=10077 [doris-1:f:up doris-2:M:up doris-3:f:up]
03:36:52 #142 OK SELECT id=2688409 via doris-1 rows=10077 [doris-1:f:up doris-2:M:up doris-3:f:up]
03:36:53 #143 OK INSERT id=2688410 via doris-1 rows=10079 [doris-1:f:up doris-2:M:up doris-3:f:up]
03:36:54 #144 OK UPSERT id=2688410 via doris-1 rows=10079 [doris-1:f:up doris-2:M:up doris-3:f:up]
03:36:55 #145 OK SELECT id=2688410 via doris-1 rows=10079 [doris-1:f:up doris-2:M:up doris-3:f:up]
03:36:56 #146 OK DELETE id=2688410 via doris-1 rows=10077 [doris-1:f:up doris-2:M:up doris-3:f:up]
03:36:57 #147 OK SELECT id=2688410 via doris-1 rows=10077 [doris-1:f:up doris-2:M:up doris-3:f:up]
03:36:58 #148 OK INSERT id=2688411 via doris-1 rows=10079 [doris-1:f:up doris-2:M:up doris-3:f:up]
03:36:59 #149 OK UPSERT id=2688411 via doris-1 rows=10079 [doris-1:f:up doris-2:M:up doris-3:f:up]
03:37:00 #150 OK SELECT id=2688411 via doris-1 rows=10079 [doris-1:f:up doris-2:M:up doris-3:f:up]
03:37:02 #151 OK DELETE id=2688411 via doris-1 rows=10077 [doris-1:f:up doris-2:M:up doris-3:f:up]
03:37:03 #152 OK SELECT id=2688411 via doris-1 rows=10077 [doris-1:f:up doris-2:M:up doris-3:f:up]
03:37:04 #153 OK INSERT id=2688412 via doris-1 rows=10079 [doris-1:f:up doris-2:M:up doris-3:f:up]
03:37:05 #154 OK UPSERT id=2688412 via doris-1 rows=10079 [doris-1:f:up doris-2:M:up doris-3:f:up]
03:37:06 #155 OK SELECT id=2688412 via doris-1 rows=10079 [doris-1:f:up doris-2:M:up doris-3:f:up]
03:37:07 #156 OK DELETE id=2688412 via doris-1 rows=10077 [doris-1:f:up doris-2:M:up doris-3:f:up]
03:37:08 #157 OK SELECT id=2688412 via doris-1 rows=10077 [doris-1:f:up doris-2:M:up doris-3:f:up]
03:37:09 #158 OK INSERT id=2688413 via doris-1 rows=10079 [doris-1:f:up doris-2:M:up doris-3:f:up]
