03:33:58 PROBE start proto=mysql hosts=doris-1,doris-2,doris-3 duration=86400s cycle=INSERT>UPSERT>SELECT>DELETE>SELECT
03:33:58 connected to doris-1 (10.140.0.2)
03:33:58 #1 OK INSERT id=1688380 via doris-1 rows=10074 [doris-1:f:up doris-2:f:up doris-3:M:up]
03:33:59 #2 OK UPSERT id=1688380 via doris-1 rows=10075 [doris-1:f:up doris-2:f:up doris-3:M:up]
03:34:00 #3 OK SELECT id=1688380 via doris-1 rows=10075 [doris-1:f:up doris-2:f:up doris-3:M:up]
03:34:01 #4 OK DELETE id=1688380 via doris-1 rows=10074 [doris-1:f:up doris-2:f:up doris-3:M:up]
03:34:02 #5 OK SELECT id=1688380 via doris-1 rows=10073 [doris-1:f:up doris-2:f:up doris-3:M:up]
03:34:03 #6 OK INSERT id=1688381 via doris-1 rows=10074 [doris-1:f:up doris-2:f:up doris-3:M:up]
03:34:05 #7 OK UPSERT id=1688381 via doris-1 rows=10075 [doris-1:f:up doris-2:f:up doris-3:M:up]
03:34:06 #8 OK SELECT id=1688381 via doris-1 rows=10075 [doris-1:f:up doris-2:f:up doris-3:M:up]
03:34:07 #9 OK DELETE id=1688381 via doris-1 rows=10074 [doris-1:f:up doris-2:f:up doris-3:M:up]
03:34:08 #10 OK SELECT id=1688381 via doris-1 rows=10073 [doris-1:f:up doris-2:f:up doris-3:M:up]
03:34:09 #11 OK INSERT id=1688382 via doris-1 rows=10074 [doris-1:f:up doris-2:f:up doris-3:M:up]
03:34:10 #12 OK UPSERT id=1688382 via doris-1 rows=10075 [doris-1:f:up doris-2:f:up doris-3:M:up]
03:34:11 #13 OK SELECT id=1688382 via doris-1 rows=10075 [doris-1:f:up doris-2:f:up doris-3:M:up]
03:34:12 #14 OK DELETE id=1688382 via doris-1 rows=10074 [doris-1:f:up doris-2:f:up doris-3:M:up]
03:34:13 #15 OK SELECT id=1688382 via doris-1 rows=10073 [doris-1:f:up doris-2:f:up doris-3:M:up]
03:34:14 #16 OK INSERT id=1688383 via doris-1 rows=10074 [doris-1:f:up doris-2:f:up doris-3:M:up]
03:34:15 #17 OK UPSERT id=1688383 via doris-1 rows=10075 [doris-1:f:up doris-2:f:up doris-3:M:up]
03:34:16 #18 OK SELECT id=1688383 via doris-1 rows=10075 [doris-1:f:up doris-2:f:up doris-3:M:up]
03:34:17 #19 OK DELETE id=1688383 via doris-1 rows=10074 [doris-1:f:up doris-2:f:up doris-3:M:up]
03:34:19 #20 OK SELECT id=1688383 via doris-1 rows=10073 [doris-1:f:up doris-2:f:up doris-3:M:up]
03:34:20 #21 OK INSERT id=1688384 via doris-1 rows=10074 [doris-1:f:up doris-2:f:up doris-3:M:up]
03:34:21 #22 OK UPSERT id=1688384 via doris-1 rows=10075 [doris-1:f:up doris-2:f:up doris-3:M:up]
03:34:22 #23 OK SELECT id=1688384 via doris-1 rows=10075 [doris-1:f:up doris-2:f:up doris-3:M:up]
03:34:23 #24 OK DELETE id=1688384 via doris-1 rows=10074 [doris-1:f:up doris-2:f:up doris-3:M:up]
03:34:24 #25 OK SELECT id=1688384 via doris-1 rows=10073 [doris-1:f:up doris-2:f:up doris-3:M:up]
03:34:25 #26 OK INSERT id=1688385 via doris-1 rows=10074 [doris-1:f:up doris-2:f:up doris-3:M:up]
03:34:26 #27 OK UPSERT id=1688385 via doris-1 rows=10075 [doris-1:f:up doris-2:f:up doris-3:M:up]
03:34:27 #28 OK SELECT id=1688385 via doris-1 rows=10075 [doris-1:f:up doris-2:f:up doris-3:M:up]
03:34:28 #29 OK DELETE id=1688385 via doris-1 rows=10074 [doris-1:f:up doris-2:f:up doris-3:M:up]
03:34:29 #30 OK SELECT id=1688385 via doris-1 rows=10073 [doris-1:f:up doris-2:f:up doris-3:M:up]
03:34:30 #31 OK INSERT id=1688386 via doris-1 rows=10074 [doris-1:f:up doris-2:f:up doris-3:M:up]
03:34:31 #32 OK UPSERT id=1688386 via doris-1 rows=10075 [doris-1:f:up doris-2:f:up doris-3:M:up]
03:34:33 #33 OK SELECT id=1688386 via doris-1 rows=10075 [doris-1:f:up doris-2:f:up doris-3:M:up]
03:34:33 EVENT break: fe dead on doris-3 (FE master)
03:34:34 #34 OK DELETE id=1688386 via doris-1 rows=10074 [doris-1:f:up doris-2:f:up doris-3:M:up]
03:34:35 #35 OK SELECT id=1688386 via doris-1 rows=10073 [doris-1:f:up doris-2:f:up doris-3:M:up]
03:34:36 #36 FAIL INSERT id=1688387 via doris-1: OperationalError: (1105, "errCode = 2, detailMessage = The statement has been forwarded to master FE(10.140.0.3) and failed to e
03:34:36 #36 OK SELECT(check) id=1 via doris-1
03:34:37 connected to doris-1 (10.140.0.2)
03:34:37 #37 OK INSERT id=1688388 via doris-1 rows=10075 [doris-1:f:up doris-2:M:up doris-3:f:DOWN] (recovered)
03:34:38 #38 OK UPSERT id=1688388 via doris-1 rows=10075 [doris-1:f:up doris-2:M:up doris-3:f:DOWN]
03:34:39 #39 OK SELECT id=1688388 via doris-1 rows=10075 [doris-1:f:up doris-2:M:up doris-3:f:DOWN]
03:34:41 #40 OK DELETE id=1688388 via doris-1 rows=10073 [doris-1:f:up doris-2:M:up doris-3:f:DOWN]
03:34:42 #41 FAIL SELECT id=1688388 via doris-1: OperationalError: (1105, 'RpcException, msg: send fragments failed. io.grpc.StatusRuntimeException: UNAVAILABLE: io exception, h
03:34:43 connected to doris-1 (10.140.0.2)
03:34:46 #42 OK INSERT id=1688389 via doris-1 rows=10075 [doris-1:f:up doris-2:M:up doris-3:f:DOWN] (recovered)
03:34:47 #43 OK UPSERT id=1688389 via doris-1 rows=10075 [doris-1:f:up doris-2:M:up doris-3:f:DOWN]
03:34:48 #44 OK SELECT id=1688389 via doris-1 rows=10075 [doris-1:f:up doris-2:M:up doris-3:f:DOWN]
03:34:49 #45 OK DELETE id=1688389 via doris-1 rows=10074 [doris-1:f:up doris-2:M:up doris-3:f:DOWN]
03:34:50 #46 OK SELECT id=1688389 via doris-1 rows=10073 [doris-1:f:up doris-2:M:up doris-3:f:DOWN]
03:34:51 #47 OK INSERT id=1688390 via doris-1 rows=10074 [doris-1:f:up doris-2:M:up doris-3:f:DOWN]
03:34:52 #48 OK UPSERT id=1688390 via doris-1 rows=10075 [doris-1:f:up doris-2:M:up doris-3:f:DOWN]
03:34:53 #49 OK SELECT id=1688390 via doris-1 rows=10075 [doris-1:f:up doris-2:M:up doris-3:f:DOWN]
03:34:55 #50 OK DELETE id=1688390 via doris-1 rows=10074 [doris-1:f:up doris-2:M:up doris-3:f:DOWN]
03:34:56 #51 OK SELECT id=1688390 via doris-1 rows=10073 [doris-1:f:up doris-2:M:up doris-3:f:DOWN]
03:35:05 #52 FAIL INSERT id=1688391 via doris-1: OperationalError: (2013, 'Lost connection to MySQL server during query (timed out)')
03:35:05 #52 OK SELECT(check) id=1 via doris-1
03:35:06 connected to doris-1 (10.140.0.2)
03:35:14 #53 FAIL INSERT id=1688392 via doris-1: OperationalError: (2013, 'Lost connection to MySQL server during query (timed out)')
03:35:14 #53 OK SELECT(check) id=1 via doris-1
03:35:15 connected to doris-1 (10.140.0.2)
03:35:16 #54 OK INSERT id=1688393 via doris-1 rows=10078 [doris-1:f:up doris-2:M:up doris-3:f:DOWN] (recovered)
03:35:17 #55 OK UPSERT id=1688393 via doris-1 rows=10079 [doris-1:f:up doris-2:M:up doris-3:f:DOWN]
03:35:18 #56 OK SELECT id=1688393 via doris-1 rows=10079 [doris-1:f:up doris-2:M:up doris-3:f:DOWN]
03:35:19 #57 OK DELETE id=1688393 via doris-1 rows=10078 [doris-1:f:up doris-2:M:up doris-3:f:DOWN]
03:35:20 #58 OK SELECT id=1688393 via doris-1 rows=10077 [doris-1:f:up doris-2:M:up doris-3:f:DOWN]
03:35:21 #59 OK INSERT id=1688394 via doris-1 rows=10078 [doris-1:f:up doris-2:M:up doris-3:f:DOWN]
03:35:22 #60 OK UPSERT id=1688394 via doris-1 rows=10079 [doris-1:f:up doris-2:M:up doris-3:f:DOWN]
03:35:24 #61 OK SELECT id=1688394 via doris-1 rows=10079 [doris-1:f:up doris-2:M:up doris-3:f:DOWN]
03:35:25 #62 OK DELETE id=1688394 via doris-1 rows=10078 [doris-1:f:up doris-2:M:up doris-3:f:DOWN]
03:35:26 #63 OK SELECT id=1688394 via doris-1 rows=10077 [doris-1:f:up doris-2:M:up doris-3:f:DOWN]
03:35:27 #64 OK INSERT id=1688395 via doris-1 rows=10078 [doris-1:f:up doris-2:M:up doris-3:f:DOWN]
03:35:28 #65 OK UPSERT id=1688395 via doris-1 rows=10079 [doris-1:f:up doris-2:M:up doris-3:f:DOWN]
03:35:29 #66 OK SELECT id=1688395 via doris-1 rows=10079 [doris-1:f:up doris-2:M:up doris-3:f:DOWN]
03:35:30 #67 OK DELETE id=1688395 via doris-1 rows=10078 [doris-1:f:up doris-2:M:up doris-3:f:DOWN]
03:35:31 #68 OK SELECT id=1688395 via doris-1 rows=10077 [doris-1:f:up doris-2:M:up doris-3:f:DOWN]
03:35:32 #69 OK INSERT id=1688396 via doris-1 rows=10078 [doris-1:f:up doris-2:M:up doris-3:f:DOWN]
03:35:33 #70 OK UPSERT id=1688396 via doris-1 rows=10079 [doris-1:f:up doris-2:M:up doris-3:f:DOWN]
03:35:34 #71 OK SELECT id=1688396 via doris-1 rows=10079 [doris-1:f:up doris-2:M:up doris-3:f:DOWN]
03:35:35 #72 OK DELETE id=1688396 via doris-1 rows=10078 [doris-1:f:up doris-2:M:up doris-3:f:DOWN]
03:35:36 #73 OK SELECT id=1688396 via doris-1 rows=10077 [doris-1:f:up doris-2:M:up doris-3:f:DOWN]
03:35:38 #74 OK INSERT id=1688397 via doris-1 rows=10078 [doris-1:f:up doris-2:M:up doris-3:f:DOWN]
03:35:39 #75 OK UPSERT id=1688397 via doris-1 rows=10079 [doris-1:f:up doris-2:M:up doris-3:f:DOWN]
03:35:40 #76 OK SELECT id=1688397 via doris-1 rows=10079 [doris-1:f:up doris-2:M:up doris-3:f:DOWN]
03:35:41 #77 OK DELETE id=1688397 via doris-1 rows=10078 [doris-1:f:up doris-2:M:up doris-3:f:DOWN]
03:35:42 #78 OK SELECT id=1688397 via doris-1 rows=10077 [doris-1:f:up doris-2:M:up doris-3:f:DOWN]
03:35:43 #79 OK INSERT id=1688398 via doris-1 rows=10078 [doris-1:f:up doris-2:M:up doris-3:f:DOWN]
03:35:44 #80 OK UPSERT id=1688398 via doris-1 rows=10079 [doris-1:f:up doris-2:M:up doris-3:f:DOWN]
03:35:45 #81 OK SELECT id=1688398 via doris-1 rows=10079 [doris-1:f:up doris-2:M:up doris-3:f:DOWN]
03:35:46 #82 OK DELETE id=1688398 via doris-1 rows=10078 [doris-1:f:up doris-2:M:up doris-3:f:DOWN]
03:35:47 #83 OK SELECT id=1688398 via doris-1 rows=10077 [doris-1:f:up doris-2:M:up doris-3:f:DOWN]
03:35:48 #84 OK INSERT id=1688399 via doris-1 rows=10078 [doris-1:f:up doris-2:M:up doris-3:f:DOWN]
03:35:49 #85 OK UPSERT id=1688399 via doris-1 rows=10079 [doris-1:f:up doris-2:M:up doris-3:f:DOWN]
03:35:50 #86 OK SELECT id=1688399 via doris-1 rows=10079 [doris-1:f:up doris-2:M:up doris-3:f:DOWN]
03:35:52 #87 OK DELETE id=1688399 via doris-1 rows=10078 [doris-1:f:up doris-2:M:up doris-3:f:DOWN]
03:35:53 #88 OK SELECT id=1688399 via doris-1 rows=10077 [doris-1:f:up doris-2:M:up doris-3:f:DOWN]
03:35:54 #89 OK INSERT id=1688400 via doris-1 rows=10078 [doris-1:f:up doris-2:M:up doris-3:f:DOWN]
03:35:55 #90 OK UPSERT id=1688400 via doris-1 rows=10079 [doris-1:f:up doris-2:M:up doris-3:f:DOWN]
03:35:56 #91 OK SELECT id=1688400 via doris-1 rows=10079 [doris-1:f:up doris-2:M:up doris-3:f:DOWN]
03:35:57 #92 OK DELETE id=1688400 via doris-1 rows=10078 [doris-1:f:up doris-2:M:up doris-3:f:DOWN]
03:35:58 #93 OK SELECT id=1688400 via doris-1 rows=10077 [doris-1:f:up doris-2:M:up doris-3:f:DOWN]
03:35:59 #94 OK INSERT id=1688401 via doris-1 rows=10078 [doris-1:f:up doris-2:M:up doris-3:f:DOWN]
03:36:00 #95 OK UPSERT id=1688401 via doris-1 rows=10079 [doris-1:f:up doris-2:M:up doris-3:f:DOWN]
03:36:01 #96 OK SELECT id=1688401 via doris-1 rows=10079 [doris-1:f:up doris-2:M:up doris-3:f:DOWN]
03:36:02 #97 OK DELETE id=1688401 via doris-1 rows=10078 [doris-1:f:up doris-2:M:up doris-3:f:DOWN]
03:36:03 #98 OK SELECT id=1688401 via doris-1 rows=10077 [doris-1:f:up doris-2:M:up doris-3:f:DOWN]
03:36:04 #99 OK INSERT id=1688402 via doris-1 rows=10078 [doris-1:f:up doris-2:M:up doris-3:f:DOWN]
03:36:05 #100 OK UPSERT id=1688402 via doris-1 rows=10079 [doris-1:f:up doris-2:M:up doris-3:f:DOWN]
03:36:07 #101 OK SELECT id=1688402 via doris-1 rows=10079 [doris-1:f:up doris-2:M:up doris-3:f:DOWN]
03:36:08 #102 OK DELETE id=1688402 via doris-1 rows=10078 [doris-1:f:up doris-2:M:up doris-3:f:DOWN]
03:36:09 #103 OK SELECT id=1688402 via doris-1 rows=10077 [doris-1:f:up doris-2:M:up doris-3:f:DOWN]
03:36:10 #104 OK INSERT id=1688403 via doris-1 rows=10078 [doris-1:f:up doris-2:M:up doris-3:f:DOWN]
03:36:11 #105 OK UPSERT id=1688403 via doris-1 rows=10079 [doris-1:f:up doris-2:M:up doris-3:f:DOWN]
03:36:12 #106 OK SELECT id=1688403 via doris-1 rows=10079 [doris-1:f:up doris-2:M:up doris-3:f:DOWN]
03:36:13 #107 OK DELETE id=1688403 via doris-1 rows=10078 [doris-1:f:up doris-2:M:up doris-3:f:DOWN]
03:36:14 #108 OK SELECT id=1688403 via doris-1 rows=10077 [doris-1:f:up doris-2:M:up doris-3:f:DOWN]
03:36:15 EVENT restore: systemctl start doris-fe on doris-3
03:36:15 #109 OK INSERT id=1688404 via doris-1 rows=10078 [doris-1:f:up doris-2:M:up doris-3:f:DOWN]
03:36:16 #110 OK UPSERT id=1688404 via doris-1 rows=10079 [doris-1:f:up doris-2:M:up doris-3:f:DOWN]
03:36:17 #111 OK SELECT id=1688404 via doris-1 rows=10079 [doris-1:f:up doris-2:M:up doris-3:f:DOWN]
03:36:18 #112 OK DELETE id=1688404 via doris-1 rows=10078 [doris-1:f:up doris-2:M:up doris-3:f:DOWN]
03:36:19 #113 OK SELECT id=1688404 via doris-1 rows=10077 [doris-1:f:up doris-2:M:up doris-3:f:DOWN]
03:36:20 #114 OK INSERT id=1688405 via doris-1 rows=10078 [doris-1:f:up doris-2:M:up doris-3:f:DOWN]
03:36:22 #115 OK UPSERT id=1688405 via doris-1 rows=10079 [doris-1:f:up doris-2:M:up doris-3:f:DOWN]
03:36:23 #116 OK SELECT id=1688405 via doris-1 rows=10079 [doris-1:f:up doris-2:M:up doris-3:f:DOWN]
03:36:24 #117 OK DELETE id=1688405 via doris-1 rows=10078 [doris-1:f:up doris-2:M:up doris-3:f:DOWN]
03:36:25 #118 OK SELECT id=1688405 via doris-1 rows=10077 [doris-1:f:up doris-2:M:up doris-3:f:DOWN]
03:36:26 #119 OK INSERT id=1688406 via doris-1 rows=10078 [doris-1:f:up doris-2:M:up doris-3:f:DOWN]
03:36:27 #120 OK UPSERT id=1688406 via doris-1 rows=10079 [doris-1:f:up doris-2:M:up doris-3:f:DOWN]
03:36:28 #121 OK SELECT id=1688406 via doris-1 rows=10079 [doris-1:f:up doris-2:M:up doris-3:f:DOWN]
03:36:29 #122 OK DELETE id=1688406 via doris-1 rows=10078 [doris-1:f:up doris-2:M:up doris-3:f:DOWN]
03:36:30 #123 OK SELECT id=1688406 via doris-1 rows=10077 [doris-1:f:up doris-2:M:up doris-3:f:DOWN]
03:36:31 #124 OK INSERT id=1688407 via doris-1 rows=10078 [doris-1:f:up doris-2:M:up doris-3:f:DOWN]
03:36:32 #125 OK UPSERT id=1688407 via doris-1 rows=10079 [doris-1:f:up doris-2:M:up doris-3:f:DOWN]
03:36:33 #126 OK SELECT id=1688407 via doris-1 rows=10079 [doris-1:f:up doris-2:M:up doris-3:f:DOWN]
03:36:34 #127 OK DELETE id=1688407 via doris-1 rows=10078 [doris-1:f:up doris-2:M:up doris-3:f:DOWN]
03:36:35 #128 OK SELECT id=1688407 via doris-1 rows=10077 [doris-1:f:up doris-2:M:up doris-3:f:DOWN]
03:36:37 #129 OK INSERT id=1688408 via doris-1 rows=10078 [doris-1:f:up doris-2:M:up doris-3:f:up]
03:36:38 #130 OK UPSERT id=1688408 via doris-1 rows=10079 [doris-1:f:up doris-2:M:up doris-3:f:up]
03:36:39 #131 OK SELECT id=1688408 via doris-1 rows=10079 [doris-1:f:up doris-2:M:up doris-3:f:up]
03:36:40 #132 OK DELETE id=1688408 via doris-1 rows=10078 [doris-1:f:up doris-2:M:up doris-3:f:up]
03:36:41 #133 OK SELECT id=1688408 via doris-1 rows=10077 [doris-1:f:up doris-2:M:up doris-3:f:up]
03:36:41 EVENT restore: cluster healthy
03:36:42 #134 OK INSERT id=1688409 via doris-1 rows=10078 [doris-1:f:up doris-2:M:up doris-3:f:up]
03:36:43 #135 OK UPSERT id=1688409 via doris-1 rows=10079 [doris-1:f:up doris-2:M:up doris-3:f:up]
03:36:44 #136 OK SELECT id=1688409 via doris-1 rows=10079 [doris-1:f:up doris-2:M:up doris-3:f:up]
03:36:45 #137 OK DELETE id=1688409 via doris-1 rows=10078 [doris-1:f:up doris-2:M:up doris-3:f:up]
03:36:46 #138 OK SELECT id=1688409 via doris-1 rows=10077 [doris-1:f:up doris-2:M:up doris-3:f:up]
03:36:47 #139 OK INSERT id=1688410 via doris-1 rows=10078 [doris-1:f:up doris-2:M:up doris-3:f:up]
03:36:48 #140 OK UPSERT id=1688410 via doris-1 rows=10079 [doris-1:f:up doris-2:M:up doris-3:f:up]
03:36:49 #141 OK SELECT id=1688410 via doris-1 rows=10079 [doris-1:f:up doris-2:M:up doris-3:f:up]
03:36:51 #142 OK DELETE id=1688410 via doris-1 rows=10078 [doris-1:f:up doris-2:M:up doris-3:f:up]
03:36:52 #143 OK SELECT id=1688410 via doris-1 rows=10077 [doris-1:f:up doris-2:M:up doris-3:f:up]
03:36:53 #144 OK INSERT id=1688411 via doris-1 rows=10078 [doris-1:f:up doris-2:M:up doris-3:f:up]
03:36:54 #145 OK UPSERT id=1688411 via doris-1 rows=10079 [doris-1:f:up doris-2:M:up doris-3:f:up]
03:36:55 #146 OK SELECT id=1688411 via doris-1 rows=10079 [doris-1:f:up doris-2:M:up doris-3:f:up]
03:36:56 #147 OK DELETE id=1688411 via doris-1 rows=10078 [doris-1:f:up doris-2:M:up doris-3:f:up]
03:36:57 #148 OK SELECT id=1688411 via doris-1 rows=10077 [doris-1:f:up doris-2:M:up doris-3:f:up]
03:36:58 #149 OK INSERT id=1688412 via doris-1 rows=10078 [doris-1:f:up doris-2:M:up doris-3:f:up]
03:36:59 #150 OK UPSERT id=1688412 via doris-1 rows=10079 [doris-1:f:up doris-2:M:up doris-3:f:up]
03:37:00 #151 OK SELECT id=1688412 via doris-1 rows=10079 [doris-1:f:up doris-2:M:up doris-3:f:up]
03:37:01 #152 OK DELETE id=1688412 via doris-1 rows=10078 [doris-1:f:up doris-2:M:up doris-3:f:up]
03:37:02 #153 OK SELECT id=1688412 via doris-1 rows=10077 [doris-1:f:up doris-2:M:up doris-3:f:up]
03:37:03 #154 OK INSERT id=1688413 via doris-1 rows=10078 [doris-1:f:up doris-2:M:up doris-3:f:up]
03:37:05 #155 OK UPSERT id=1688413 via doris-1 rows=10079 [doris-1:f:up doris-2:M:up doris-3:f:up]
03:37:06 #156 OK SELECT id=1688413 via doris-1 rows=10079 [doris-1:f:up doris-2:M:up doris-3:f:up]
03:37:07 #157 OK DELETE id=1688413 via doris-1 rows=10078 [doris-1:f:up doris-2:M:up doris-3:f:up]
03:37:08 #158 OK SELECT id=1688413 via doris-1 rows=10077 [doris-1:f:up doris-2:M:up doris-3:f:up]
