00:15:45 PROBE start proto=arrow-flight hosts=doris-1,doris-2,doris-3 duration=86400s cycle=INSERT>UPSERT>SELECT>DELETE>SELECT
00:15:45 connected to doris-1 (10.140.0.2)
00:15:45 DML unsupported over arrow-flight (InternalError: RuntimeException, msg: getMysqlChannel not in mysql connection (Internal; ExecuteQuery)) — switching to SELECT-only mode
00:15:45 #1 OK SELECT id=3569450 via doris-1 rows=10037 [doris-1:f:up doris-2:f:up doris-3:M:up]
00:15:46 #2 OK SELECT id=3569450 via doris-1 rows=10038 [doris-1:f:up doris-2:f:up doris-3:M:up]
00:15:47 #3 OK SELECT id=3569450 via doris-1 rows=10038 [doris-1:f:up doris-2:f:up doris-3:M:up]
00:15:48 #4 OK SELECT id=3569450 via doris-1 rows=10037 [doris-1:f:up doris-2:f:up doris-3:M:up]
00:15:49 #5 OK SELECT id=3569450 via doris-1 rows=10036 [doris-1:f:up doris-2:f:up doris-3:M:up]
00:15:50 #6 OK SELECT id=3569450 via doris-1 rows=10037 [doris-1:f:up doris-2:f:up doris-3:M:up]
00:15:51 #7 OK SELECT id=3569450 via doris-1 rows=10038 [doris-1:f:up doris-2:f:up doris-3:M:up]
00:15:53 #8 OK SELECT id=3569450 via doris-1 rows=10038 [doris-1:f:up doris-2:f:up doris-3:M:up]
00:15:54 #9 OK SELECT id=3569450 via doris-1 rows=10037 [doris-1:f:up doris-2:f:up doris-3:M:up]
00:15:55 #10 OK SELECT id=3569450 via doris-1 rows=10036 [doris-1:f:up doris-2:f:up doris-3:M:up]
00:15:56 #11 OK SELECT id=3569450 via doris-1 rows=10037 [doris-1:f:up doris-2:f:up doris-3:M:up]
00:15:57 #12 OK SELECT id=3569450 via doris-1 rows=10038 [doris-1:f:up doris-2:f:up doris-3:M:up]
00:15:58 #13 OK SELECT id=3569450 via doris-1 rows=10038 [doris-1:f:up doris-2:f:up doris-3:M:up]
00:15:59 #14 OK SELECT id=3569450 via doris-1 rows=10037 [doris-1:f:up doris-2:f:up doris-3:M:up]
00:16:00 #15 OK SELECT id=3569450 via doris-1 rows=10036 [doris-1:f:up doris-2:f:up doris-3:M:up]
00:16:01 #16 OK SELECT id=3569450 via doris-1 rows=10037 [doris-1:f:up doris-2:f:up doris-3:M:up]
00:16:02 #17 OK SELECT id=3569450 via doris-1 rows=10038 [doris-1:f:up doris-2:f:up doris-3:M:up]
00:16:03 #18 OK SELECT id=3569450 via doris-1 rows=10038 [doris-1:f:up doris-2:f:up doris-3:M:up]
00:16:04 #19 OK SELECT id=3569450 via doris-1 rows=10038 [doris-1:f:up doris-2:f:up doris-3:M:up]
00:16:05 #20 OK SELECT id=3569450 via doris-1 rows=10036 [doris-1:f:up doris-2:f:up doris-3:M:up]
00:16:06 #21 OK SELECT id=3569450 via doris-1 rows=10036 [doris-1:f:up doris-2:f:up doris-3:M:up]
00:16:07 #22 OK SELECT id=3569450 via doris-1 rows=10038 [doris-1:f:up doris-2:f:up doris-3:M:up]
00:16:08 #23 OK SELECT id=3569450 via doris-1 rows=10038 [doris-1:f:up doris-2:f:up doris-3:M:up]
00:16:09 #24 OK SELECT id=3569450 via doris-1 rows=10038 [doris-1:f:up doris-2:f:up doris-3:M:up]
00:16:10 #25 OK SELECT id=3569450 via doris-1 rows=10036 [doris-1:f:up doris-2:f:up doris-3:M:up]
00:16:12 #26 OK SELECT id=3569450 via doris-1 rows=10036 [doris-1:f:up doris-2:f:up doris-3:M:up]
00:16:13 #27 OK SELECT id=3569450 via doris-1 rows=10038 [doris-1:f:up doris-2:f:up doris-3:M:up]
00:16:14 #28 OK SELECT id=3569450 via doris-1 rows=10038 [doris-1:f:up doris-2:f:up doris-3:M:up]
00:16:15 #29 OK SELECT id=3569450 via doris-1 rows=10038 [doris-1:f:up doris-2:f:up doris-3:M:up]
00:16:16 #30 OK SELECT id=3569450 via doris-1 rows=10036 [doris-1:f:up doris-2:f:up doris-3:M:up]
00:16:17 #31 OK SELECT id=3569450 via doris-1 rows=10036 [doris-1:f:up doris-2:f:up doris-3:M:up]
00:16:18 #32 OK SELECT id=3569450 via doris-1 rows=10038 [doris-1:f:up doris-2:f:up doris-3:M:up]
00:16:19 #33 OK SELECT id=3569450 via doris-1 rows=10038 [doris-1:f:up doris-2:f:up doris-3:M:up]
00:16:19 EVENT break: fe hang on doris-3 (FE master)
00:16:20 #34 OK SELECT id=3569450 via doris-1 rows=10038 [doris-1:f:up doris-2:f:up doris-3:M:up]
00:16:29 #35 OK SELECT id=3569450 via doris-1 rows=10036 [?]
00:16:38 #36 OK SELECT id=3569450 via doris-1 rows=10036 [?]
00:16:47 #37 OK SELECT id=3569450 via doris-1 rows=10036 [?]
00:16:56 #38 OK SELECT id=3569450 via doris-1 rows=10036 [?]
00:17:05 #39 OK SELECT id=3569450 via doris-1 rows=10036 [?]
00:17:14 #40 OK SELECT id=3569450 via doris-1 rows=10036 [?]
00:17:23 #41 OK SELECT id=3569450 via doris-1 rows=10036 [?]
00:17:32 #42 OK SELECT id=3569450 via doris-1 rows=10036 [?]
00:17:41 #43 OK SELECT id=3569450 via doris-1 rows=10036 [?]
00:17:50 #44 OK SELECT id=3569450 via doris-1 rows=10036 [?]
00:17:59 #45 OK SELECT id=3569450 via doris-1 rows=10036 [?]
00:18:09 #46 OK SELECT id=3569450 via doris-1 rows=10036 [?]
00:18:18 #47 OK SELECT id=3569450 via doris-1 rows=10036 [?]
00:18:27 #48 OK SELECT id=3569450 via doris-1 rows=10036 [?]
00:18:36 #49 OK SELECT id=3569450 via doris-1 rows=10036 [?]
00:18:37 EVENT restore: resume fe on doris-3
00:18:40 #50 OK SELECT id=3569450 via doris-1 rows=10036 [doris-1:f:up doris-2:f:up doris-3:M:up]
00:18:41 #51 OK SELECT id=3569450 via doris-1 rows=10038 [doris-1:f:up doris-2:f:up doris-3:M:up]
00:18:42 #52 OK SELECT id=3569450 via doris-1 rows=10038 [doris-1:f:up doris-2:f:up doris-3:M:up]
00:18:43 #53 OK SELECT id=3569450 via doris-1 rows=10038 [doris-1:f:up doris-2:f:up doris-3:M:up]
00:18:44 EVENT restore: cluster healthy
00:18:44 #54 OK SELECT id=3569450 via doris-1 rows=10037 [doris-1:f:up doris-2:f:up doris-3:M:up]
00:18:45 #55 OK SELECT id=3569450 via doris-1 rows=10037 [doris-1:f:up doris-2:f:up doris-3:M:up]
00:18:46 #56 OK SELECT id=3569450 via doris-1 rows=10037 [doris-1:f:up doris-2:f:up doris-3:M:up]
00:18:47 #57 OK SELECT id=3569450 via doris-1 rows=10037 [doris-1:f:up doris-2:f:up doris-3:M:up]
00:18:48 #58 OK SELECT id=3569450 via doris-1 rows=10038 [doris-1:f:up doris-2:f:up doris-3:M:up]
00:18:49 #59 OK SELECT id=3569450 via doris-1 rows=10037 [doris-1:f:up doris-2:f:up doris-3:M:up]
00:18:50 #60 OK SELECT id=3569450 via doris-1 rows=10037 [doris-1:f:up doris-2:f:up doris-3:M:up]
00:18:51 #61 OK SELECT id=3569450 via doris-1 rows=10037 [doris-1:f:up doris-2:f:up doris-3:M:up]
00:18:52 #62 OK SELECT id=3569450 via doris-1 rows=10037 [doris-1:f:up doris-2:f:up doris-3:M:up]
00:18:53 #63 OK SELECT id=3569450 via doris-1 rows=10038 [doris-1:f:up doris-2:f:up doris-3:M:up]
00:18:54 #64 OK SELECT id=3569450 via doris-1 rows=10037 [doris-1:f:up doris-2:f:up doris-3:M:up]
00:18:55 #65 OK SELECT id=3569450 via doris-1 rows=10037 [doris-1:f:up doris-2:f:up doris-3:M:up]
00:18:56 #66 OK SELECT id=3569450 via doris-1 rows=10038 [doris-1:f:up doris-2:f:up doris-3:M:up]
00:18:57 #67 OK SELECT id=3569450 via doris-1 rows=10037 [doris-1:f:up doris-2:f:up doris-3:M:up]
00:18:58 #68 OK SELECT id=3569450 via doris-1 rows=10037 [doris-1:f:up doris-2:f:up doris-3:M:up]
00:19:00 #69 OK SELECT id=3569450 via doris-1 rows=10037 [doris-1:f:up doris-2:f:up doris-3:M:up]
00:19:01 #70 OK SELECT id=3569450 via doris-1 rows=10037 [doris-1:f:up doris-2:f:up doris-3:M:up]
00:19:02 #71 OK SELECT id=3569450 via doris-1 rows=10038 [doris-1:f:up doris-2:f:up doris-3:M:up]
00:19:03 #72 OK SELECT id=3569450 via doris-1 rows=10037 [doris-1:f:up doris-2:f:up doris-3:M:up]
00:19:04 #73 OK SELECT id=3569450 via doris-1 rows=10037 [doris-1:f:up doris-2:f:up doris-3:M:up]
00:19:05 #74 OK SELECT id=3569450 via doris-1 rows=10037 [doris-1:f:up doris-2:f:up doris-3:M:up]
00:19:06 #75 OK SELECT id=3569450 via doris-1 rows=10037 [doris-1:f:up doris-2:f:up doris-3:M:up]
00:19:07 #76 OK SELECT id=3569450 via doris-1 rows=10038 [doris-1:f:up doris-2:f:up doris-3:M:up]
00:19:08 #77 OK SELECT id=3569450 via doris-1 rows=10037 [doris-1:f:up doris-2:f:up doris-3:M:up]
00:19:09 #78 OK SELECT id=3569450 via doris-1 rows=10037 [doris-1:f:up doris-2:f:up doris-3:M:up]
00:19:10 #79 OK SELECT id=3569450 via doris-1 rows=10037 [doris-1:f:up doris-2:f:up doris-3:M:up]
00:19:11 #80 OK SELECT id=3569450 via doris-1 rows=10037 [doris-1:f:up doris-2:f:up doris-3:M:up]
00:19:12 #81 OK SELECT id=3569450 via doris-1 rows=10038 [doris-1:f:up doris-2:f:up doris-3:M:up]
00:19:13 #82 OK SELECT id=3569450 via doris-1 rows=10037 [doris-1:f:up doris-2:f:up doris-3:M:up]
