04:56:49 PROBE start proto=arrow-flight hosts=doris-1,doris-2,doris-3 duration=86400s cycle=INSERT>UPSERT>SELECT>DELETE>SELECT
04:56:49 connected to doris-1 (10.140.0.2)
04:56:49 DML unsupported over arrow-flight (InternalError: RuntimeException, msg: getMysqlChannel not in mysql connection (Internal; ExecuteQuery)) — switching to SELECT-only mode
04:56:49 #1 OK SELECT id=3738090 via doris-1 rows=10140 [doris-1:f:up doris-2:f:up doris-3:M:up]
04:56:50 #2 OK SELECT id=3738090 via doris-1 rows=10141 [doris-1:f:up doris-2:f:up doris-3:M:up]
04:56:51 #3 OK SELECT id=3738090 via doris-1 rows=10141 [doris-1:f:up doris-2:f:up doris-3:M:up]
04:56:52 #4 OK SELECT id=3738090 via doris-1 rows=10140 [doris-1:f:up doris-2:f:up doris-3:M:up]
04:56:53 #5 OK SELECT id=3738090 via doris-1 rows=10139 [doris-1:f:up doris-2:f:up doris-3:M:up]
04:56:54 #6 OK SELECT id=3738090 via doris-1 rows=10140 [doris-1:f:up doris-2:f:up doris-3:M:up]
04:56:55 #7 OK SELECT id=3738090 via doris-1 rows=10141 [doris-1:f:up doris-2:f:up doris-3:M:up]
04:56:56 #8 OK SELECT id=3738090 via doris-1 rows=10141 [doris-1:f:up doris-2:f:up doris-3:M:up]
04:56:57 #9 OK SELECT id=3738090 via doris-1 rows=10140 [doris-1:f:up doris-2:f:up doris-3:M:up]
04:56:59 #10 OK SELECT id=3738090 via doris-1 rows=10139 [doris-1:f:up doris-2:f:up doris-3:M:up]
04:57:00 #11 OK SELECT id=3738090 via doris-1 rows=10140 [doris-1:f:up doris-2:f:up doris-3:M:up]
04:57:01 #12 OK SELECT id=3738090 via doris-1 rows=10141 [doris-1:f:up doris-2:f:up doris-3:M:up]
04:57:02 #13 OK SELECT id=3738090 via doris-1 rows=10141 [doris-1:f:up doris-2:f:up doris-3:M:up]
04:57:03 #14 OK SELECT id=3738090 via doris-1 rows=10140 [doris-1:f:up doris-2:f:up doris-3:M:up]
04:57:04 #15 OK SELECT id=3738090 via doris-1 rows=10139 [doris-1:f:up doris-2:f:up doris-3:M:up]
04:57:05 #16 OK SELECT id=3738090 via doris-1 rows=10140 [doris-1:f:up doris-2:f:up doris-3:M:up]
04:57:06 #17 OK SELECT id=3738090 via doris-1 rows=10141 [doris-1:f:up doris-2:f:up doris-3:M:up]
04:57:07 #18 OK SELECT id=3738090 via doris-1 rows=10141 [doris-1:f:up doris-2:f:up doris-3:M:up]
04:57:08 #19 OK SELECT id=3738090 via doris-1 rows=10141 [doris-1:f:up doris-2:f:up doris-3:M:up]
04:57:09 #20 OK SELECT id=3738090 via doris-1 rows=10139 [doris-1:f:up doris-2:f:up doris-3:M:up]
04:57:10 #21 OK SELECT id=3738090 via doris-1 rows=10139 [doris-1:f:up doris-2:f:up doris-3:M:up]
04:57:11 #22 OK SELECT id=3738090 via doris-1 rows=10141 [doris-1:f:up doris-2:f:up doris-3:M:up]
04:57:12 #23 OK SELECT id=3738090 via doris-1 rows=10141 [doris-1:f:up doris-2:f:up doris-3:M:up]
04:57:13 #24 OK SELECT id=3738090 via doris-1 rows=10141 [doris-1:f:up doris-2:f:up doris-3:M:up]
04:57:14 #25 OK SELECT id=3738090 via doris-1 rows=10139 [doris-1:f:up doris-2:f:up doris-3:M:up]
04:57:15 #26 OK SELECT id=3738090 via doris-1 rows=10139 [doris-1:f:up doris-2:f:up doris-3:M:up]
04:57:16 #27 OK SELECT id=3738090 via doris-1 rows=10141 [doris-1:f:up doris-2:f:up doris-3:M:up]
04:57:17 #28 OK SELECT id=3738090 via doris-1 rows=10141 [doris-1:f:up doris-2:f:up doris-3:M:up]
04:57:18 #29 OK SELECT id=3738090 via doris-1 rows=10141 [doris-1:f:up doris-2:f:up doris-3:M:up]
04:57:20 #30 OK SELECT id=3738090 via doris-1 rows=10139 [doris-1:f:up doris-2:f:up doris-3:M:up]
04:57:21 #31 OK SELECT id=3738090 via doris-1 rows=10139 [doris-1:f:up doris-2:f:up doris-3:M:up]
04:57:22 #32 OK SELECT id=3738090 via doris-1 rows=10141 [doris-1:f:up doris-2:f:up doris-3:M:up]
04:57:23 #33 OK SELECT id=3738090 via doris-1 rows=10141 [doris-1:f:up doris-2:f:up doris-3:M:up]
04:57:23 EVENT break: be dead on doris-1 (FE follower)
04:57:24 #34 OK SELECT id=3738090 via doris-1 rows=10141 [doris-1:f:up doris-2:f:up doris-3:M:up]
04:57:25 #35 OK SELECT id=3738090 via doris-1 rows=10140 [doris-1:f:up doris-2:f:up doris-3:M:up]
04:57:26 #36 FAIL SELECT id=3738090 via doris-1: InternalError: INTERNAL: [FlightSQL] get flight info statement failed, after executeQueryStatement handleQuery, java.lang.Run
04:57:27 connected to doris-1 (10.140.0.2)
04:57:27 #37 FAIL SELECT id=3738090 via doris-1: InternalError: INTERNAL: [FlightSQL] get flight info statement failed, after executeQueryStatement handleQuery, java.lang.Run
04:57:28 connected to doris-1 (10.140.0.2)
04:57:28 #38 OK SELECT id=3738090 via doris-1 rows=10139 [?] (recovered)
04:57:29 #39 OK SELECT id=3738090 via doris-1 rows=10139 [doris-1:f:up doris-2:f:up doris-3:M:up]
04:57:30 #40 OK SELECT id=3738090 via doris-1 rows=10139 [doris-1:f:up doris-2:f:up doris-3:M:up]
04:57:31 #41 OK SELECT id=3738090 via doris-1 rows=10139 [doris-1:f:up doris-2:f:up doris-3:M:up]
04:57:32 #42 OK SELECT id=3738090 via doris-1 rows=10139 [doris-1:f:up doris-2:f:up doris-3:M:up]
04:57:33 #43 OK SELECT id=3738090 via doris-1 rows=10141 [doris-1:f:up doris-2:f:up doris-3:M:up]
04:57:34 #44 OK SELECT id=3738090 via doris-1 rows=10141 [doris-1:f:up doris-2:f:up doris-3:M:up]
04:57:35 #45 OK SELECT id=3738090 via doris-1 rows=10141 [doris-1:f:up doris-2:f:up doris-3:M:up]
04:57:36 #46 OK SELECT id=3738090 via doris-1 rows=10139 [doris-1:f:up doris-2:f:up doris-3:M:up]
04:57:38 #47 OK SELECT id=3738090 via doris-1 rows=10139 [doris-1:f:up doris-2:f:up doris-3:M:up]
04:57:39 #48 OK SELECT id=3738090 via doris-1 rows=10141 [doris-1:f:up doris-2:f:up doris-3:M:up]
04:57:40 #49 OK SELECT id=3738090 via doris-1 rows=10141 [doris-1:f:up doris-2:f:up doris-3:M:up]
04:57:41 #50 OK SELECT id=3738090 via doris-1 rows=10141 [doris-1:f:up doris-2:f:up doris-3:M:up]
04:57:42 #51 OK SELECT id=3738090 via doris-1 rows=10139 [doris-1:f:up doris-2:f:up doris-3:M:up]
04:57:43 #52 OK SELECT id=3738090 via doris-1 rows=10139 [doris-1:f:up doris-2:f:up doris-3:M:up]
04:57:44 #53 OK SELECT id=3738090 via doris-1 rows=10141 [doris-1:f:up doris-2:f:up doris-3:M:up]
04:57:45 #54 OK SELECT id=3738090 via doris-1 rows=10141 [doris-1:f:up doris-2:f:up doris-3:M:up]
04:57:46 #55 OK SELECT id=3738090 via doris-1 rows=10141 [doris-1:f:up doris-2:f:up doris-3:M:up]
04:57:47 #56 OK SELECT id=3738090 via doris-1 rows=10139 [doris-1:f:up doris-2:f:up doris-3:M:up]
04:57:48 #57 OK SELECT id=3738090 via doris-1 rows=10139 [doris-1:f:up doris-2:f:up doris-3:M:up]
04:57:49 #58 OK SELECT id=3738090 via doris-1 rows=10141 [doris-1:f:up doris-2:f:up doris-3:M:up]
04:57:50 #59 OK SELECT id=3738090 via doris-1 rows=10141 [doris-1:f:up doris-2:f:up doris-3:M:up]
04:57:51 #60 OK SELECT id=3738090 via doris-1 rows=10141 [doris-1:f:up doris-2:f:up doris-3:M:up]
04:57:52 #61 OK SELECT id=3738090 via doris-1 rows=10139 [doris-1:f:up doris-2:f:up doris-3:M:up]
04:57:53 #62 OK SELECT id=3738090 via doris-1 rows=10139 [doris-1:f:up doris-2:f:up doris-3:M:up]
04:57:54 #63 OK SELECT id=3738090 via doris-1 rows=10141 [doris-1:f:up doris-2:f:up doris-3:M:up]
04:57:55 #64 OK SELECT id=3738090 via doris-1 rows=10141 [doris-1:f:up doris-2:f:up doris-3:M:up]
04:57:56 #65 OK SELECT id=3738090 via doris-1 rows=10141 [doris-1:f:up doris-2:f:up doris-3:M:up]
04:57:58 #66 OK SELECT id=3738090 via doris-1 rows=10139 [doris-1:f:up doris-2:f:up doris-3:M:up]
04:57:59 #67 OK SELECT id=3738090 via doris-1 rows=10139 [doris-1:f:up doris-2:f:up doris-3:M:up]
04:58:00 #68 OK SELECT id=3738090 via doris-1 rows=10141 [doris-1:f:up doris-2:f:up doris-3:M:up]
04:58:01 #69 OK SELECT id=3738090 via doris-1 rows=10141 [doris-1:f:up doris-2:f:up doris-3:M:up]
04:58:02 #70 OK SELECT id=3738090 via doris-1 rows=10141 [doris-1:f:up doris-2:f:up doris-3:M:up]
04:58:03 #71 OK SELECT id=3738090 via doris-1 rows=10139 [doris-1:f:up doris-2:f:up doris-3:M:up]
04:58:04 #72 OK SELECT id=3738090 via doris-1 rows=10139 [doris-1:f:up doris-2:f:up doris-3:M:up]
04:58:05 #73 OK SELECT id=3738090 via doris-1 rows=10141 [doris-1:f:up doris-2:f:up doris-3:M:up]
04:58:06 #74 OK SELECT id=3738090 via doris-1 rows=10141 [doris-1:f:up doris-2:f:up doris-3:M:up]
04:58:07 #75 OK SELECT id=3738090 via doris-1 rows=10141 [doris-1:f:up doris-2:f:up doris-3:M:up]
04:58:08 #76 OK SELECT id=3738090 via doris-1 rows=10139 [doris-1:f:up doris-2:f:up doris-3:M:up]
04:58:09 #77 OK SELECT id=3738090 via doris-1 rows=10139 [doris-1:f:up doris-2:f:up doris-3:M:up]
04:58:10 #78 OK SELECT id=3738090 via doris-1 rows=10141 [doris-1:f:up doris-2:f:up doris-3:M:up]
04:58:11 #79 OK SELECT id=3738090 via doris-1 rows=10141 [doris-1:f:up doris-2:f:up doris-3:M:up]
04:58:12 #80 OK SELECT id=3738090 via doris-1 rows=10141 [doris-1:f:up doris-2:f:up doris-3:M:up]
04:58:13 #81 OK SELECT id=3738090 via doris-1 rows=10139 [doris-1:f:up doris-2:f:up doris-3:M:up]
04:58:14 #82 OK SELECT id=3738090 via doris-1 rows=10139 [doris-1:f:up doris-2:f:up doris-3:M:up]
04:58:15 #83 OK SELECT id=3738090 via doris-1 rows=10141 [doris-1:f:up doris-2:f:up doris-3:M:up]
04:58:16 #84 OK SELECT id=3738090 via doris-1 rows=10141 [doris-1:f:up doris-2:f:up doris-3:M:up]
04:58:18 #85 OK SELECT id=3738090 via doris-1 rows=10141 [doris-1:f:up doris-2:f:up doris-3:M:up]
04:58:19 #86 OK SELECT id=3738090 via doris-1 rows=10139 [doris-1:f:up doris-2:f:up doris-3:M:up]
04:58:20 #87 OK SELECT id=3738090 via doris-1 rows=10139 [doris-1:f:up doris-2:f:up doris-3:M:up]
04:58:21 #88 OK SELECT id=3738090 via doris-1 rows=10141 [doris-1:f:up doris-2:f:up doris-3:M:up]
04:58:22 #89 OK SELECT id=3738090 via doris-1 rows=10141 [doris-1:f:up doris-2:f:up doris-3:M:up]
04:58:23 #90 OK SELECT id=3738090 via doris-1 rows=10141 [doris-1:f:up doris-2:f:up doris-3:M:up]
04:58:24 #91 OK SELECT id=3738090 via doris-1 rows=10139 [doris-1:f:up doris-2:f:up doris-3:M:up]
04:58:25 #92 OK SELECT id=3738090 via doris-1 rows=10139 [doris-1:f:up doris-2:f:up doris-3:M:up]
04:58:26 #93 OK SELECT id=3738090 via doris-1 rows=10141 [doris-1:f:up doris-2:f:up doris-3:M:up]
04:58:27 #94 OK SELECT id=3738090 via doris-1 rows=10141 [doris-1:f:up doris-2:f:up doris-3:M:up]
04:58:28 #95 OK SELECT id=3738090 via doris-1 rows=10141 [doris-1:f:up doris-2:f:up doris-3:M:up]
04:58:29 #96 OK SELECT id=3738090 via doris-1 rows=10140 [doris-1:f:up doris-2:f:up doris-3:M:up]
04:58:30 #97 OK SELECT id=3738090 via doris-1 rows=10139 [doris-1:f:up doris-2:f:up doris-3:M:up]
04:58:31 #98 OK SELECT id=3738090 via doris-1 rows=10140 [doris-1:f:up doris-2:f:up doris-3:M:up]
04:58:32 #99 OK SELECT id=3738090 via doris-1 rows=10141 [doris-1:f:up doris-2:f:up doris-3:M:up]
04:58:33 #100 OK SELECT id=3738090 via doris-1 rows=10141 [doris-1:f:up doris-2:f:up doris-3:M:up]
04:58:34 #101 OK SELECT id=3738090 via doris-1 rows=10140 [doris-1:f:up doris-2:f:up doris-3:M:up]
04:58:35 #102 OK SELECT id=3738090 via doris-1 rows=10139 [doris-1:f:up doris-2:f:up doris-3:M:up]
04:58:37 #103 OK SELECT id=3738090 via doris-1 rows=10140 [doris-1:f:up doris-2:f:up doris-3:M:up]
04:58:38 #104 OK SELECT id=3738090 via doris-1 rows=10141 [doris-1:f:up doris-2:f:up doris-3:M:up]
04:58:39 #105 OK SELECT id=3738090 via doris-1 rows=10141 [doris-1:f:up doris-2:f:up doris-3:M:up]
04:58:40 #106 OK SELECT id=3738090 via doris-1 rows=10141 [doris-1:f:up doris-2:f:up doris-3:M:up]
04:58:41 #107 OK SELECT id=3738090 via doris-1 rows=10139 [doris-1:f:up doris-2:f:up doris-3:M:up]
04:58:42 #108 OK SELECT id=3738090 via doris-1 rows=10139 [doris-1:f:up doris-2:f:up doris-3:M:up]
04:58:43 #109 OK SELECT id=3738090 via doris-1 rows=10141 [doris-1:f:up doris-2:f:up doris-3:M:up]
04:58:44 #110 OK SELECT id=3738090 via doris-1 rows=10141 [doris-1:f:up doris-2:f:up doris-3:M:up]
04:58:45 #111 OK SELECT id=3738090 via doris-1 rows=10141 [doris-1:f:up doris-2:f:up doris-3:M:up]
04:58:46 #112 OK SELECT id=3738090 via doris-1 rows=10139 [doris-1:f:up doris-2:f:up doris-3:M:up]
04:58:47 #113 OK SELECT id=3738090 via doris-1 rows=10139 [doris-1:f:up doris-2:f:up doris-3:M:up]
04:58:48 #114 OK SELECT id=3738090 via doris-1 rows=10141 [doris-1:f:up doris-2:f:up doris-3:M:up]
04:58:49 #115 OK SELECT id=3738090 via doris-1 rows=10141 [doris-1:f:up doris-2:f:up doris-3:M:up]
04:58:50 #116 OK SELECT id=3738090 via doris-1 rows=10141 [doris-1:f:up doris-2:f:up doris-3:M:up]
04:58:51 #117 OK SELECT id=3738090 via doris-1 rows=10139 [doris-1:f:up doris-2:f:up doris-3:M:up]
04:58:52 #118 OK SELECT id=3738090 via doris-1 rows=10139 [doris-1:f:up doris-2:f:up doris-3:M:up]
04:58:53 #119 OK SELECT id=3738090 via doris-1 rows=10141 [doris-1:f:up doris-2:f:up doris-3:M:up]
04:58:54 #120 OK SELECT id=3738090 via doris-1 rows=10141 [doris-1:f:up doris-2:f:up doris-3:M:up]
04:58:55 #121 OK SELECT id=3738090 via doris-1 rows=10141 [doris-1:f:up doris-2:f:up doris-3:M:up]
04:58:57 #122 OK SELECT id=3738090 via doris-1 rows=10139 [doris-1:f:up doris-2:f:up doris-3:M:up]
04:58:58 #123 OK SELECT id=3738090 via doris-1 rows=10139 [doris-1:f:up doris-2:f:up doris-3:M:up]
04:58:59 #124 OK SELECT id=3738090 via doris-1 rows=10141 [doris-1:f:up doris-2:f:up doris-3:M:up]
04:59:00 #125 OK SELECT id=3738090 via doris-1 rows=10141 [doris-1:f:up doris-2:f:up doris-3:M:up]
04:59:01 #126 OK SELECT id=3738090 via doris-1 rows=10141 [doris-1:f:up doris-2:f:up doris-3:M:up]
04:59:02 #127 OK SELECT id=3738090 via doris-1 rows=10139 [doris-1:f:up doris-2:f:up doris-3:M:up]
04:59:03 #128 OK SELECT id=3738090 via doris-1 rows=10139 [doris-1:f:up doris-2:f:up doris-3:M:up]
04:59:04 #129 OK SELECT id=3738090 via doris-1 rows=10141 [doris-1:f:up doris-2:f:up doris-3:M:up]
04:59:04 EVENT restore: systemctl start doris-be on doris-1
04:59:05 #130 OK SELECT id=3738090 via doris-1 rows=10141 [doris-1:f:up doris-2:f:up doris-3:M:up]
04:59:06 #131 OK SELECT id=3738090 via doris-1 rows=10141 [doris-1:f:up doris-2:f:up doris-3:M:up]
04:59:07 #132 OK SELECT id=3738090 via doris-1 rows=10139 [doris-1:f:up doris-2:f:up doris-3:M:up]
04:59:08 #133 OK SELECT id=3738090 via doris-1 rows=10139 [doris-1:f:up doris-2:f:up doris-3:M:up]
04:59:09 #134 OK SELECT id=3738090 via doris-1 rows=10141 [doris-1:f:up doris-2:f:up doris-3:M:up]
04:59:10 #135 OK SELECT id=3738090 via doris-1 rows=10141 [doris-1:f:up doris-2:f:up doris-3:M:up]
04:59:11 #136 OK SELECT id=3738090 via doris-1 rows=10141 [doris-1:f:up doris-2:f:up doris-3:M:up]
04:59:12 #137 OK SELECT id=3738090 via doris-1 rows=10139 [doris-1:f:up doris-2:f:up doris-3:M:up]
04:59:13 #138 OK SELECT id=3738090 via doris-1 rows=10139 [doris-1:f:up doris-2:f:up doris-3:M:up]
04:59:14 #139 OK SELECT id=3738090 via doris-1 rows=10141 [doris-1:f:up doris-2:f:up doris-3:M:up]
04:59:15 #140 OK SELECT id=3738090 via doris-1 rows=10141 [doris-1:f:up doris-2:f:up doris-3:M:up]
04:59:17 #141 OK SELECT id=3738090 via doris-1 rows=10141 [doris-1:f:up doris-2:f:up doris-3:M:up]
04:59:18 #142 OK SELECT id=3738090 via doris-1 rows=10139 [doris-1:f:up doris-2:f:up doris-3:M:up]
04:59:19 #143 OK SELECT id=3738090 via doris-1 rows=10139 [doris-1:f:up doris-2:f:up doris-3:M:up]
04:59:20 #144 OK SELECT id=3738090 via doris-1 rows=10141 [doris-1:f:up doris-2:f:up doris-3:M:up]
04:59:21 #145 OK SELECT id=3738090 via doris-1 rows=10141 [doris-1:f:up doris-2:f:up doris-3:M:up]
04:59:22 #146 OK SELECT id=3738090 via doris-1 rows=10141 [doris-1:f:up doris-2:f:up doris-3:M:up]
04:59:23 #147 OK SELECT id=3738090 via doris-1 rows=10139 [doris-1:f:up doris-2:f:up doris-3:M:up]
04:59:24 #148 OK SELECT id=3738090 via doris-1 rows=10139 [doris-1:f:up doris-2:f:up doris-3:M:up]
04:59:25 #149 OK SELECT id=3738090 via doris-1 rows=10141 [doris-1:f:up doris-2:f:up doris-3:M:up]
04:59:26 #150 OK SELECT id=3738090 via doris-1 rows=10141 [doris-1:f:up doris-2:f:up doris-3:M:up]
04:59:27 #151 OK SELECT id=3738090 via doris-1 rows=10141 [doris-1:f:up doris-2:f:up doris-3:M:up]
04:59:28 #152 OK SELECT id=3738090 via doris-1 rows=10139 [doris-1:f:up doris-2:f:up doris-3:M:up]
04:59:29 #153 OK SELECT id=3738090 via doris-1 rows=10139 [doris-1:f:up doris-2:f:up doris-3:M:up]
04:59:30 EVENT restore: cluster healthy
04:59:30 #154 OK SELECT id=3738090 via doris-1 rows=10141 [doris-1:f:up doris-2:f:up doris-3:M:up]
04:59:31 #155 OK SELECT id=3738090 via doris-1 rows=10141 [doris-1:f:up doris-2:f:up doris-3:M:up]
04:59:32 #156 OK SELECT id=3738090 via doris-1 rows=10141 [doris-1:f:up doris-2:f:up doris-3:M:up]
04:59:33 #157 OK SELECT id=3738090 via doris-1 rows=10139 [doris-1:f:up doris-2:f:up doris-3:M:up]
04:59:34 #158 OK SELECT id=3738090 via doris-1 rows=10139 [doris-1:f:up doris-2:f:up doris-3:M:up]
04:59:35 #159 OK SELECT id=3738090 via doris-1 rows=10141 [doris-1:f:up doris-2:f:up doris-3:M:up]
04:59:37 #160 OK SELECT id=3738090 via doris-1 rows=10141 [doris-1:f:up doris-2:f:up doris-3:M:up]
04:59:38 #161 OK SELECT id=3738090 via doris-1 rows=10141 [doris-1:f:up doris-2:f:up doris-3:M:up]
04:59:39 #162 OK SELECT id=3738090 via doris-1 rows=10139 [doris-1:f:up doris-2:f:up doris-3:M:up]
04:59:40 #163 OK SELECT id=3738090 via doris-1 rows=10139 [doris-1:f:up doris-2:f:up doris-3:M:up]
04:59:41 #164 OK SELECT id=3738090 via doris-1 rows=10141 [doris-1:f:up doris-2:f:up doris-3:M:up]
04:59:42 #165 OK SELECT id=3738090 via doris-1 rows=10141 [doris-1:f:up doris-2:f:up doris-3:M:up]
04:59:43 #166 OK SELECT id=3738090 via doris-1 rows=10141 [doris-1:f:up doris-2:f:up doris-3:M:up]
04:59:44 #167 OK SELECT id=3738090 via doris-1 rows=10139 [doris-1:f:up doris-2:f:up doris-3:M:up]
04:59:45 #168 OK SELECT id=3738090 via doris-1 rows=10139 [doris-1:f:up doris-2:f:up doris-3:M:up]
04:59:46 #169 OK SELECT id=3738090 via doris-1 rows=10141 [doris-1:f:up doris-2:f:up doris-3:M:up]
04:59:47 #170 OK SELECT id=3738090 via doris-1 rows=10141 [doris-1:f:up doris-2:f:up doris-3:M:up]
04:59:48 #171 OK SELECT id=3738090 via doris-1 rows=10141 [doris-1:f:up doris-2:f:up doris-3:M:up]
04:59:49 #172 OK SELECT id=3738090 via doris-1 rows=10139 [doris-1:f:up doris-2:f:up doris-3:M:up]
04:59:50 #173 OK SELECT id=3738090 via doris-1 rows=10139 [doris-1:f:up doris-2:f:up doris-3:M:up]
04:59:51 #174 OK SELECT id=3738090 via doris-1 rows=10141 [doris-1:f:up doris-2:f:up doris-3:M:up]
04:59:52 #175 OK SELECT id=3738090 via doris-1 rows=10141 [doris-1:f:up doris-2:f:up doris-3:M:up]
04:59:53 #176 OK SELECT id=3738090 via doris-1 rows=10141 [doris-1:f:up doris-2:f:up doris-3:M:up]
04:59:54 #177 OK SELECT id=3738090 via doris-1 rows=10139 [doris-1:f:up doris-2:f:up doris-3:M:up]
04:59:55 #178 OK SELECT id=3738090 via doris-1 rows=10139 [doris-1:f:up doris-2:f:up doris-3:M:up]
04:59:57 #179 OK SELECT id=3738090 via doris-1 rows=10141 [doris-1:f:up doris-2:f:up doris-3:M:up]
04:59:58 #180 OK SELECT id=3738090 via doris-1 rows=10141 [doris-1:f:up doris-2:f:up doris-3:M:up]
04:59:59 #181 OK SELECT id=3738090 via doris-1 rows=10141 [doris-1:f:up doris-2:f:up doris-3:M:up]
05:00:00 #182 OK SELECT id=3738090 via doris-1 rows=10139 [doris-1:f:up doris-2:f:up doris-3:M:up]
05:00:01 #183 OK SELECT id=3738090 via doris-1 rows=10139 [doris-1:f:up doris-2:f:up doris-3:M:up]
