19:44:22 PROBE start proto=mysql hosts=doris-1,doris-2,doris-3 duration=86400s cycle=INSERT>UPSERT>SELECT>DELETE>SELECT
19:44:22 connected to doris-1 (10.140.0.2)
19:44:22 #1 OK INSERT id=1726620 via doris-1 rows=10267 [doris-1:f:up doris-2:f:up doris-3:M:up]
19:44:23 #2 OK UPSERT id=1726620 via doris-1 rows=10268 [doris-1:f:up doris-2:f:up doris-3:M:up]
19:44:24 #3 OK SELECT id=1726620 via doris-1 rows=10268 [doris-1:f:up doris-2:f:up doris-3:M:up]
19:44:25 #4 OK DELETE id=1726620 via doris-1 rows=10267 [doris-1:f:up doris-2:f:up doris-3:M:up]
19:44:26 #5 OK SELECT id=1726620 via doris-1 rows=10266 [doris-1:f:up doris-2:f:up doris-3:M:up]
19:44:27 #6 OK INSERT id=1726621 via doris-1 rows=10267 [doris-1:f:up doris-2:f:up doris-3:M:up]
19:44:28 #7 OK UPSERT id=1726621 via doris-1 rows=10268 [doris-1:f:up doris-2:f:up doris-3:M:up]
19:44:29 #8 OK SELECT id=1726621 via doris-1 rows=10268 [doris-1:f:up doris-2:f:up doris-3:M:up]
19:44:30 #9 OK DELETE id=1726621 via doris-1 rows=10267 [doris-1:f:up doris-2:f:up doris-3:M:up]
19:44:31 #10 OK SELECT id=1726621 via doris-1 rows=10266 [doris-1:f:up doris-2:f:up doris-3:M:up]
19:44:32 #11 OK INSERT id=1726622 via doris-1 rows=10267 [doris-1:f:up doris-2:f:up doris-3:M:up]
19:44:33 #12 OK UPSERT id=1726622 via doris-1 rows=10268 [doris-1:f:up doris-2:f:up doris-3:M:up]
19:44:35 #13 OK SELECT id=1726622 via doris-1 rows=10268 [doris-1:f:up doris-2:f:up doris-3:M:up]
19:44:36 #14 OK DELETE id=1726622 via doris-1 rows=10267 [doris-1:f:up doris-2:f:up doris-3:M:up]
19:44:37 #15 OK SELECT id=1726622 via doris-1 rows=10266 [doris-1:f:up doris-2:f:up doris-3:M:up]
19:44:38 #16 OK INSERT id=1726623 via doris-1 rows=10267 [doris-1:f:up doris-2:f:up doris-3:M:up]
19:44:39 #17 OK UPSERT id=1726623 via doris-1 rows=10268 [doris-1:f:up doris-2:f:up doris-3:M:up]
19:44:40 #18 OK SELECT id=1726623 via doris-1 rows=10268 [doris-1:f:up doris-2:f:up doris-3:M:up]
19:44:41 #19 OK DELETE id=1726623 via doris-1 rows=10267 [doris-1:f:up doris-2:f:up doris-3:M:up]
19:44:42 #20 OK SELECT id=1726623 via doris-1 rows=10266 [doris-1:f:up doris-2:f:up doris-3:M:up]
19:44:43 #21 OK INSERT id=1726624 via doris-1 rows=10267 [doris-1:f:up doris-2:f:up doris-3:M:up]
19:44:44 #22 OK UPSERT id=1726624 via doris-1 rows=10268 [doris-1:f:up doris-2:f:up doris-3:M:up]
19:44:45 #23 OK SELECT id=1726624 via doris-1 rows=10268 [doris-1:f:up doris-2:f:up doris-3:M:up]
19:44:46 #24 OK DELETE id=1726624 via doris-1 rows=10267 [doris-1:f:up doris-2:f:up doris-3:M:up]
19:44:47 #25 OK SELECT id=1726624 via doris-1 rows=10266 [doris-1:f:up doris-2:f:up doris-3:M:up]
19:44:48 #26 OK INSERT id=1726625 via doris-1 rows=10267 [doris-1:f:up doris-2:f:up doris-3:M:up]
19:44:49 #27 OK UPSERT id=1726625 via doris-1 rows=10268 [doris-1:f:up doris-2:f:up doris-3:M:up]
19:44:50 #28 OK SELECT id=1726625 via doris-1 rows=10268 [doris-1:f:up doris-2:f:up doris-3:M:up]
19:44:51 #29 OK DELETE id=1726625 via doris-1 rows=10267 [doris-1:f:up doris-2:f:up doris-3:M:up]
19:44:52 #30 OK SELECT id=1726625 via doris-1 rows=10266 [doris-1:f:up doris-2:f:up doris-3:M:up]
19:44:53 #31 OK INSERT id=1726626 via doris-1 rows=10267 [doris-1:f:up doris-2:f:up doris-3:M:up]
19:44:55 #32 OK UPSERT id=1726626 via doris-1 rows=10268 [doris-1:f:up doris-2:f:up doris-3:M:up]
19:44:56 #33 OK SELECT id=1726626 via doris-1 rows=10268 [doris-1:f:up doris-2:f:up doris-3:M:up]
19:44:56 EVENT break: be dead on doris-1 (FE follower)
19:44:57 #34 OK DELETE id=1726626 via doris-1 rows=10267 [doris-1:f:up doris-2:f:up doris-3:M:up]
19:44:58 #35 OK SELECT id=1726626 via doris-1 rows=10266 [doris-1:f:up doris-2:f:up doris-3:M:up]
19:44:59 #36 OK INSERT id=1726627 via doris-1 rows=10267 [doris-1:f:up doris-2:f:up doris-3:M:up]
19:45:04 #37 OK UPSERT id=1726627 via doris-1 rows=10267 [doris-1:f:up doris-2:f:up doris-3:M:up]
19:45:05 #38 OK SELECT id=1726627 via doris-1 rows=10268 [doris-1:f:up doris-2:f:up doris-3:M:up]
19:45:06 #39 OK DELETE id=1726627 via doris-1 rows=10267 [doris-1:f:up doris-2:f:up doris-3:M:up]
19:45:07 #40 OK SELECT id=1726627 via doris-1 rows=10267 [doris-1:f:up doris-2:f:up doris-3:M:up]
19:45:08 #41 OK INSERT id=1726628 via doris-1 rows=10267 [doris-1:f:up doris-2:f:up doris-3:M:up]
19:45:09 #42 OK UPSERT id=1726628 via doris-1 rows=10267 [doris-1:f:up doris-2:f:up doris-3:M:up]
19:45:10 #43 OK SELECT id=1726628 via doris-1 rows=10268 [doris-1:f:up doris-2:f:up doris-3:M:up]
19:45:11 #44 OK DELETE id=1726628 via doris-1 rows=10267 [doris-1:f:up doris-2:f:up doris-3:M:up]
19:45:12 #45 OK SELECT id=1726628 via doris-1 rows=10267 [doris-1:f:up doris-2:f:up doris-3:M:up]
19:45:13 #46 OK INSERT id=1726629 via doris-1 rows=10267 [doris-1:f:up doris-2:f:up doris-3:M:up]
19:45:14 #47 OK UPSERT id=1726629 via doris-1 rows=10267 [doris-1:f:up doris-2:f:up doris-3:M:up]
19:45:15 #48 OK SELECT id=1726629 via doris-1 rows=10268 [doris-1:f:up doris-2:f:up doris-3:M:up]
19:45:16 #49 OK DELETE id=1726629 via doris-1 rows=10267 [doris-1:f:up doris-2:f:up doris-3:M:up]
19:45:17 #50 OK SELECT id=1726629 via doris-1 rows=10267 [doris-1:f:up doris-2:f:up doris-3:M:up]
19:45:18 #51 OK INSERT id=1726630 via doris-1 rows=10267 [doris-1:f:up doris-2:f:up doris-3:M:up]
19:45:19 #52 OK UPSERT id=1726630 via doris-1 rows=10267 [doris-1:f:up doris-2:f:up doris-3:M:up]
19:45:20 #53 OK SELECT id=1726630 via doris-1 rows=10268 [doris-1:f:up doris-2:f:up doris-3:M:up]
19:45:22 #54 OK DELETE id=1726630 via doris-1 rows=10267 [doris-1:f:up doris-2:f:up doris-3:M:up]
19:45:23 #55 OK SELECT id=1726630 via doris-1 rows=10267 [doris-1:f:up doris-2:f:up doris-3:M:up]
19:45:24 #56 OK INSERT id=1726631 via doris-1 rows=10267 [doris-1:f:up doris-2:f:up doris-3:M:up]
19:45:25 #57 OK UPSERT id=1726631 via doris-1 rows=10267 [doris-1:f:up doris-2:f:up doris-3:M:up]
19:45:26 #58 OK SELECT id=1726631 via doris-1 rows=10268 [doris-1:f:up doris-2:f:up doris-3:M:up]
19:45:27 #59 OK DELETE id=1726631 via doris-1 rows=10267 [doris-1:f:up doris-2:f:up doris-3:M:up]
19:45:28 #60 OK SELECT id=1726631 via doris-1 rows=10267 [doris-1:f:up doris-2:f:up doris-3:M:up]
19:45:29 #61 OK INSERT id=1726632 via doris-1 rows=10267 [doris-1:f:up doris-2:f:up doris-3:M:up]
19:45:30 #62 OK UPSERT id=1726632 via doris-1 rows=10267 [doris-1:f:up doris-2:f:up doris-3:M:up]
19:45:31 #63 OK SELECT id=1726632 via doris-1 rows=10268 [doris-1:f:up doris-2:f:up doris-3:M:up]
19:45:32 #64 OK DELETE id=1726632 via doris-1 rows=10267 [doris-1:f:up doris-2:f:up doris-3:M:up]
19:45:33 #65 OK SELECT id=1726632 via doris-1 rows=10267 [doris-1:f:up doris-2:f:up doris-3:M:up]
19:45:34 #66 OK INSERT id=1726633 via doris-1 rows=10267 [doris-1:f:up doris-2:f:up doris-3:M:up]
19:45:35 #67 OK UPSERT id=1726633 via doris-1 rows=10267 [doris-1:f:up doris-2:f:up doris-3:M:up]
19:45:36 #68 OK SELECT id=1726633 via doris-1 rows=10268 [doris-1:f:up doris-2:f:up doris-3:M:up]
19:45:37 #69 OK DELETE id=1726633 via doris-1 rows=10267 [doris-1:f:up doris-2:f:up doris-3:M:up]
19:45:38 #70 OK SELECT id=1726633 via doris-1 rows=10267 [doris-1:f:up doris-2:f:up doris-3:M:up]
19:45:39 #71 OK INSERT id=1726634 via doris-1 rows=10267 [doris-1:f:up doris-2:f:up doris-3:M:up]
19:45:41 #72 OK UPSERT id=1726634 via doris-1 rows=10267 [doris-1:f:up doris-2:f:up doris-3:M:up]
19:45:42 #73 OK SELECT id=1726634 via doris-1 rows=10268 [doris-1:f:up doris-2:f:up doris-3:M:up]
19:45:43 #74 OK DELETE id=1726634 via doris-1 rows=10267 [doris-1:f:up doris-2:f:up doris-3:M:up]
19:45:44 #75 OK SELECT id=1726634 via doris-1 rows=10267 [doris-1:f:up doris-2:f:up doris-3:M:up]
19:45:45 #76 OK INSERT id=1726635 via doris-1 rows=10267 [doris-1:f:up doris-2:f:up doris-3:M:up]
19:45:46 #77 OK UPSERT id=1726635 via doris-1 rows=10267 [doris-1:f:up doris-2:f:up doris-3:M:up]
19:45:47 #78 OK SELECT id=1726635 via doris-1 rows=10268 [doris-1:f:up doris-2:f:up doris-3:M:up]
19:45:48 #79 OK DELETE id=1726635 via doris-1 rows=10267 [doris-1:f:up doris-2:f:up doris-3:M:up]
19:45:49 #80 OK SELECT id=1726635 via doris-1 rows=10267 [doris-1:f:up doris-2:f:up doris-3:M:up]
19:45:50 #81 OK INSERT id=1726636 via doris-1 rows=10267 [doris-1:f:up doris-2:f:up doris-3:M:up]
19:45:51 #82 OK UPSERT id=1726636 via doris-1 rows=10267 [doris-1:f:up doris-2:f:up doris-3:M:up]
19:45:52 #83 OK SELECT id=1726636 via doris-1 rows=10268 [doris-1:f:up doris-2:f:up doris-3:M:up]
19:45:53 #84 OK DELETE id=1726636 via doris-1 rows=10267 [doris-1:f:up doris-2:f:up doris-3:M:up]
19:45:54 #85 OK SELECT id=1726636 via doris-1 rows=10267 [doris-1:f:up doris-2:f:up doris-3:M:up]
19:45:55 #86 OK INSERT id=1726637 via doris-1 rows=10267 [doris-1:f:up doris-2:f:up doris-3:M:up]
19:45:56 #87 OK UPSERT id=1726637 via doris-1 rows=10267 [doris-1:f:up doris-2:f:up doris-3:M:up]
19:45:57 #88 OK SELECT id=1726637 via doris-1 rows=10268 [doris-1:f:up doris-2:f:up doris-3:M:up]
19:45:58 #89 OK DELETE id=1726637 via doris-1 rows=10267 [doris-1:f:up doris-2:f:up doris-3:M:up]
19:45:59 #90 OK SELECT id=1726637 via doris-1 rows=10267 [doris-1:f:up doris-2:f:up doris-3:M:up]
19:46:01 #91 OK INSERT id=1726638 via doris-1 rows=10267 [doris-1:f:up doris-2:f:up doris-3:M:up]
19:46:02 #92 OK UPSERT id=1726638 via doris-1 rows=10267 [doris-1:f:up doris-2:f:up doris-3:M:up]
19:46:03 #93 OK SELECT id=1726638 via doris-1 rows=10268 [doris-1:f:up doris-2:f:up doris-3:M:up]
19:46:04 #94 OK DELETE id=1726638 via doris-1 rows=10267 [doris-1:f:up doris-2:f:up doris-3:M:up]
19:46:05 #95 OK SELECT id=1726638 via doris-1 rows=10267 [doris-1:f:up doris-2:f:up doris-3:M:up]
19:46:06 #96 OK INSERT id=1726639 via doris-1 rows=10267 [doris-1:f:up doris-2:f:up doris-3:M:up]
19:46:07 #97 OK UPSERT id=1726639 via doris-1 rows=10267 [doris-1:f:up doris-2:f:up doris-3:M:up]
19:46:08 #98 OK SELECT id=1726639 via doris-1 rows=10268 [doris-1:f:up doris-2:f:up doris-3:M:up]
19:46:09 #99 OK DELETE id=1726639 via doris-1 rows=10267 [doris-1:f:up doris-2:f:up doris-3:M:up]
19:46:10 #100 OK SELECT id=1726639 via doris-1 rows=10267 [doris-1:f:up doris-2:f:up doris-3:M:up]
19:46:11 #101 OK INSERT id=1726640 via doris-1 rows=10267 [doris-1:f:up doris-2:f:up doris-3:M:up]
19:46:12 #102 OK UPSERT id=1726640 via doris-1 rows=10267 [doris-1:f:up doris-2:f:up doris-3:M:up]
19:46:13 #103 OK SELECT id=1726640 via doris-1 rows=10268 [doris-1:f:up doris-2:f:up doris-3:M:up]
19:46:14 #104 OK DELETE id=1726640 via doris-1 rows=10267 [doris-1:f:up doris-2:f:up doris-3:M:up]
19:46:15 #105 OK SELECT id=1726640 via doris-1 rows=10267 [doris-1:f:up doris-2:f:up doris-3:M:up]
19:46:16 #106 OK INSERT id=1726641 via doris-1 rows=10267 [doris-1:f:up doris-2:f:up doris-3:M:up]
19:46:17 #107 OK UPSERT id=1726641 via doris-1 rows=10267 [doris-1:f:up doris-2:f:up doris-3:M:up]
19:46:18 #108 OK SELECT id=1726641 via doris-1 rows=10268 [doris-1:f:up doris-2:f:up doris-3:M:up]
19:46:19 #109 OK DELETE id=1726641 via doris-1 rows=10267 [doris-1:f:up doris-2:f:up doris-3:M:up]
19:46:20 #110 OK SELECT id=1726641 via doris-1 rows=10267 [doris-1:f:up doris-2:f:up doris-3:M:up]
19:46:22 #111 OK INSERT id=1726642 via doris-1 rows=10267 [doris-1:f:up doris-2:f:up doris-3:M:up]
19:46:23 #112 OK UPSERT id=1726642 via doris-1 rows=10267 [doris-1:f:up doris-2:f:up doris-3:M:up]
19:46:24 #113 OK SELECT id=1726642 via doris-1 rows=10268 [doris-1:f:up doris-2:f:up doris-3:M:up]
19:46:25 #114 OK DELETE id=1726642 via doris-1 rows=10267 [doris-1:f:up doris-2:f:up doris-3:M:up]
19:46:26 #115 OK SELECT id=1726642 via doris-1 rows=10267 [doris-1:f:up doris-2:f:up doris-3:M:up]
19:46:27 #116 OK INSERT id=1726643 via doris-1 rows=10267 [doris-1:f:up doris-2:f:up doris-3:M:up]
19:46:28 #117 OK UPSERT id=1726643 via doris-1 rows=10267 [doris-1:f:up doris-2:f:up doris-3:M:up]
19:46:29 #118 OK SELECT id=1726643 via doris-1 rows=10268 [doris-1:f:up doris-2:f:up doris-3:M:up]
19:46:30 #119 OK DELETE id=1726643 via doris-1 rows=10267 [doris-1:f:up doris-2:f:up doris-3:M:up]
19:46:31 #120 OK SELECT id=1726643 via doris-1 rows=10267 [doris-1:f:up doris-2:f:up doris-3:M:up]
19:46:32 #121 OK INSERT id=1726644 via doris-1 rows=10267 [doris-1:f:up doris-2:f:up doris-3:M:up]
19:46:33 #122 OK UPSERT id=1726644 via doris-1 rows=10267 [doris-1:f:up doris-2:f:up doris-3:M:up]
19:46:34 #123 OK SELECT id=1726644 via doris-1 rows=10268 [doris-1:f:up doris-2:f:up doris-3:M:up]
19:46:35 #124 OK DELETE id=1726644 via doris-1 rows=10267 [doris-1:f:up doris-2:f:up doris-3:M:up]
19:46:36 #125 OK SELECT id=1726644 via doris-1 rows=10267 [doris-1:f:up doris-2:f:up doris-3:M:up]
19:46:37 #126 OK INSERT id=1726645 via doris-1 rows=10267 [doris-1:f:up doris-2:f:up doris-3:M:up]
19:46:38 EVENT restore: systemctl start doris-be on doris-1
19:46:38 #127 OK UPSERT id=1726645 via doris-1 rows=10267 [doris-1:f:up doris-2:f:up doris-3:M:up]
19:46:39 #128 OK SELECT id=1726645 via doris-1 rows=10268 [doris-1:f:up doris-2:f:up doris-3:M:up]
19:46:40 #129 OK DELETE id=1726645 via doris-1 rows=10267 [doris-1:f:up doris-2:f:up doris-3:M:up]
19:46:42 #130 OK SELECT id=1726645 via doris-1 rows=10267 [doris-1:f:up doris-2:f:up doris-3:M:up]
19:46:43 #131 OK INSERT id=1726646 via doris-1 rows=10267 [doris-1:f:up doris-2:f:up doris-3:M:up]
19:46:44 #132 OK UPSERT id=1726646 via doris-1 rows=10267 [doris-1:f:up doris-2:f:up doris-3:M:up]
19:46:45 #133 OK SELECT id=1726646 via doris-1 rows=10268 [doris-1:f:up doris-2:f:up doris-3:M:up]
19:46:46 #134 OK DELETE id=1726646 via doris-1 rows=10267 [doris-1:f:up doris-2:f:up doris-3:M:up]
19:46:47 #135 OK SELECT id=1726646 via doris-1 rows=10268 [doris-1:f:up doris-2:f:up doris-3:M:up]
19:46:48 #136 OK INSERT id=1726647 via doris-1 rows=10269 [doris-1:f:up doris-2:f:up doris-3:M:up]
19:46:49 #137 OK UPSERT id=1726647 via doris-1 rows=10269 [doris-1:f:up doris-2:f:up doris-3:M:up]
19:46:50 #138 OK SELECT id=1726647 via doris-1 rows=10268 [doris-1:f:up doris-2:f:up doris-3:M:up]
19:46:51 #139 OK DELETE id=1726647 via doris-1 rows=10267 [doris-1:f:up doris-2:f:up doris-3:M:up]
19:46:52 #140 OK SELECT id=1726647 via doris-1 rows=10268 [doris-1:f:up doris-2:f:up doris-3:M:up]
19:46:53 #141 OK INSERT id=1726648 via doris-1 rows=10269 [doris-1:f:up doris-2:f:up doris-3:M:up]
19:46:54 #142 OK UPSERT id=1726648 via doris-1 rows=10269 [doris-1:f:up doris-2:f:up doris-3:M:up]
19:46:55 #143 OK SELECT id=1726648 via doris-1 rows=10268 [doris-1:f:up doris-2:f:up doris-3:M:up]
19:46:56 EVENT restore: cluster healthy
19:46:56 #144 OK DELETE id=1726648 via doris-1 rows=10267 [doris-1:f:up doris-2:f:up doris-3:M:up]
19:46:57 #145 OK SELECT id=1726648 via doris-1 rows=10268 [doris-1:f:up doris-2:f:up doris-3:M:up]
19:46:58 #146 OK INSERT id=1726649 via doris-1 rows=10269 [doris-1:f:up doris-2:f:up doris-3:M:up]
19:46:59 #147 OK UPSERT id=1726649 via doris-1 rows=10269 [doris-1:f:up doris-2:f:up doris-3:M:up]
19:47:00 #148 OK SELECT id=1726649 via doris-1 rows=10268 [doris-1:f:up doris-2:f:up doris-3:M:up]
19:47:02 #149 OK DELETE id=1726649 via doris-1 rows=10267 [doris-1:f:up doris-2:f:up doris-3:M:up]
19:47:03 #150 OK SELECT id=1726649 via doris-1 rows=10268 [doris-1:f:up doris-2:f:up doris-3:M:up]
19:47:04 #151 OK INSERT id=1726650 via doris-1 rows=10269 [doris-1:f:up doris-2:f:up doris-3:M:up]
19:47:05 #152 OK UPSERT id=1726650 via doris-1 rows=10269 [doris-1:f:up doris-2:f:up doris-3:M:up]
19:47:06 #153 OK SELECT id=1726650 via doris-1 rows=10268 [doris-1:f:up doris-2:f:up doris-3:M:up]
19:47:07 #154 OK DELETE id=1726650 via doris-1 rows=10267 [doris-1:f:up doris-2:f:up doris-3:M:up]
19:47:08 #155 OK SELECT id=1726650 via doris-1 rows=10268 [doris-1:f:up doris-2:f:up doris-3:M:up]
19:47:09 #156 OK INSERT id=1726651 via doris-1 rows=10269 [doris-1:f:up doris-2:f:up doris-3:M:up]
19:47:10 #157 OK UPSERT id=1726651 via doris-1 rows=10269 [doris-1:f:up doris-2:f:up doris-3:M:up]
19:47:11 #158 OK SELECT id=1726651 via doris-1 rows=10268 [doris-1:f:up doris-2:f:up doris-3:M:up]
19:47:12 #159 OK DELETE id=1726651 via doris-1 rows=10267 [doris-1:f:up doris-2:f:up doris-3:M:up]
19:47:13 #160 OK SELECT id=1726651 via doris-1 rows=10268 [doris-1:f:up doris-2:f:up doris-3:M:up]
19:47:14 #161 OK INSERT id=1726652 via doris-1 rows=10269 [doris-1:f:up doris-2:f:up doris-3:M:up]
19:47:15 #162 OK UPSERT id=1726652 via doris-1 rows=10269 [doris-1:f:up doris-2:f:up doris-3:M:up]
19:47:16 #163 OK SELECT id=1726652 via doris-1 rows=10268 [doris-1:f:up doris-2:f:up doris-3:M:up]
19:47:17 #164 OK DELETE id=1726652 via doris-1 rows=10267 [doris-1:f:up doris-2:f:up doris-3:M:up]
19:47:18 #165 OK SELECT id=1726652 via doris-1 rows=10268 [doris-1:f:up doris-2:f:up doris-3:M:up]
19:47:19 #166 OK INSERT id=1726653 via doris-1 rows=10269 [doris-1:f:up doris-2:f:up doris-3:M:up]
19:47:21 #167 OK UPSERT id=1726653 via doris-1 rows=10269 [doris-1:f:up doris-2:f:up doris-3:M:up]
19:47:22 #168 OK SELECT id=1726653 via doris-1 rows=10268 [doris-1:f:up doris-2:f:up doris-3:M:up]
