03:33:58 PROBE start proto=arrow-flight hosts=doris-1,doris-2,doris-3 duration=86400s cycle=INSERT>UPSERT>SELECT>DELETE>SELECT
03:33:58 connected to doris-1 (10.140.0.2)
03:33:59 DML unsupported over arrow-flight (InternalError: RuntimeException, msg: getMysqlChannel not in mysql connection (Internal; ExecuteQuery)) — switching to SELECT-only mode
03:33:59 #1 OK SELECT id=3688380 via doris-1 rows=10074 [doris-1:f:up doris-2:f:up doris-3:M:up]
03:34:00 #2 OK SELECT id=3688380 via doris-1 rows=10075 [doris-1:f:up doris-2:f:up doris-3:M:up]
03:34:01 #3 OK SELECT id=3688380 via doris-1 rows=10075 [doris-1:f:up doris-2:f:up doris-3:M:up]
03:34:02 #4 OK SELECT id=3688380 via doris-1 rows=10074 [doris-1:f:up doris-2:f:up doris-3:M:up]
03:34:03 #5 OK SELECT id=3688380 via doris-1 rows=10073 [doris-1:f:up doris-2:f:up doris-3:M:up]
03:34:04 #6 OK SELECT id=3688380 via doris-1 rows=10074 [doris-1:f:up doris-2:f:up doris-3:M:up]
03:34:05 #7 OK SELECT id=3688380 via doris-1 rows=10075 [doris-1:f:up doris-2:f:up doris-3:M:up]
03:34:06 #8 OK SELECT id=3688380 via doris-1 rows=10075 [doris-1:f:up doris-2:f:up doris-3:M:up]
03:34:07 #9 OK SELECT id=3688380 via doris-1 rows=10074 [doris-1:f:up doris-2:f:up doris-3:M:up]
03:34:09 #10 OK SELECT id=3688380 via doris-1 rows=10073 [doris-1:f:up doris-2:f:up doris-3:M:up]
03:34:10 #11 OK SELECT id=3688380 via doris-1 rows=10075 [doris-1:f:up doris-2:f:up doris-3:M:up]
03:34:11 #12 OK SELECT id=3688380 via doris-1 rows=10075 [doris-1:f:up doris-2:f:up doris-3:M:up]
03:34:12 #13 OK SELECT id=3688380 via doris-1 rows=10075 [doris-1:f:up doris-2:f:up doris-3:M:up]
03:34:13 #14 OK SELECT id=3688380 via doris-1 rows=10073 [doris-1:f:up doris-2:f:up doris-3:M:up]
03:34:14 #15 OK SELECT id=3688380 via doris-1 rows=10073 [doris-1:f:up doris-2:f:up doris-3:M:up]
03:34:15 #16 OK SELECT id=3688380 via doris-1 rows=10075 [doris-1:f:up doris-2:f:up doris-3:M:up]
03:34:16 #17 OK SELECT id=3688380 via doris-1 rows=10075 [doris-1:f:up doris-2:f:up doris-3:M:up]
03:34:17 #18 OK SELECT id=3688380 via doris-1 rows=10075 [doris-1:f:up doris-2:f:up doris-3:M:up]
03:34:18 #19 OK SELECT id=3688380 via doris-1 rows=10073 [doris-1:f:up doris-2:f:up doris-3:M:up]
03:34:19 #20 OK SELECT id=3688380 via doris-1 rows=10073 [doris-1:f:up doris-2:f:up doris-3:M:up]
03:34:21 #21 OK SELECT id=3688380 via doris-1 rows=10075 [doris-1:f:up doris-2:f:up doris-3:M:up]
03:34:22 #22 OK SELECT id=3688380 via doris-1 rows=10075 [doris-1:f:up doris-2:f:up doris-3:M:up]
03:34:23 #23 OK SELECT id=3688380 via doris-1 rows=10075 [doris-1:f:up doris-2:f:up doris-3:M:up]
03:34:24 #24 OK SELECT id=3688380 via doris-1 rows=10073 [doris-1:f:up doris-2:f:up doris-3:M:up]
03:34:25 #25 OK SELECT id=3688380 via doris-1 rows=10073 [doris-1:f:up doris-2:f:up doris-3:M:up]
03:34:26 #26 OK SELECT id=3688380 via doris-1 rows=10075 [doris-1:f:up doris-2:f:up doris-3:M:up]
03:34:27 #27 OK SELECT id=3688380 via doris-1 rows=10075 [doris-1:f:up doris-2:f:up doris-3:M:up]
03:34:28 #28 OK SELECT id=3688380 via doris-1 rows=10075 [doris-1:f:up doris-2:f:up doris-3:M:up]
03:34:29 #29 OK SELECT id=3688380 via doris-1 rows=10073 [doris-1:f:up doris-2:f:up doris-3:M:up]
03:34:30 #30 OK SELECT id=3688380 via doris-1 rows=10073 [doris-1:f:up doris-2:f:up doris-3:M:up]
03:34:31 #31 OK SELECT id=3688380 via doris-1 rows=10075 [doris-1:f:up doris-2:f:up doris-3:M:up]
03:34:32 #32 OK SELECT id=3688380 via doris-1 rows=10075 [doris-1:f:up doris-2:f:up doris-3:M:up]
03:34:33 EVENT break: fe dead on doris-3 (FE master)
03:34:34 #33 OK SELECT id=3688380 via doris-1 rows=10075 [doris-1:f:up doris-2:f:up doris-3:M:up]
03:34:35 #34 OK SELECT id=3688380 via doris-1 rows=10073 [doris-1:f:up doris-2:f:up doris-3:M:up]
03:34:41 #35 OK SELECT id=3688380 via doris-1 rows=10073 [?]
03:34:42 #36 FAIL SELECT id=3688380 via doris-1: InternalError: INTERNAL: [FlightSQL] get flight info statement failed, after executeQueryStatement handleQuery, java.lang.Run
03:34:43 connected to doris-1 (10.140.0.2)
03:34:43 #37 OK SELECT id=3688380 via doris-1 rows=10073 [doris-1:f:up doris-2:M:up doris-3:f:DOWN] (recovered)
03:34:44 #38 OK SELECT id=3688380 via doris-1 rows=10073 [doris-1:f:up doris-2:M:up doris-3:f:DOWN]
03:34:45 #39 OK SELECT id=3688380 via doris-1 rows=10073 [doris-1:f:up doris-2:M:up doris-3:f:DOWN]
03:34:46 #40 OK SELECT id=3688380 via doris-1 rows=10075 [doris-1:f:up doris-2:M:up doris-3:f:DOWN]
03:34:48 #41 OK SELECT id=3688380 via doris-1 rows=10075 [doris-1:f:up doris-2:M:up doris-3:f:DOWN]
03:34:49 #42 OK SELECT id=3688380 via doris-1 rows=10075 [doris-1:f:up doris-2:M:up doris-3:f:DOWN]
03:34:50 #43 OK SELECT id=3688380 via doris-1 rows=10073 [doris-1:f:up doris-2:M:up doris-3:f:DOWN]
03:34:51 #44 OK SELECT id=3688380 via doris-1 rows=10073 [doris-1:f:up doris-2:M:up doris-3:f:DOWN]
03:34:52 #45 OK SELECT id=3688380 via doris-1 rows=10075 [doris-1:f:up doris-2:M:up doris-3:f:DOWN]
03:34:53 #46 OK SELECT id=3688380 via doris-1 rows=10075 [doris-1:f:up doris-2:M:up doris-3:f:DOWN]
03:34:54 #47 OK SELECT id=3688380 via doris-1 rows=10075 [doris-1:f:up doris-2:M:up doris-3:f:DOWN]
03:34:55 #48 OK SELECT id=3688380 via doris-1 rows=10073 [doris-1:f:up doris-2:M:up doris-3:f:DOWN]
03:34:56 #49 OK SELECT id=3688380 via doris-1 rows=10073 [doris-1:f:up doris-2:M:up doris-3:f:DOWN]
03:34:57 #50 OK SELECT id=3688380 via doris-1 rows=10073 [doris-1:f:up doris-2:M:up doris-3:f:DOWN]
03:34:58 #51 OK SELECT id=3688380 via doris-1 rows=10073 [doris-1:f:up doris-2:M:up doris-3:f:DOWN]
03:34:59 #52 OK SELECT id=3688380 via doris-1 rows=10073 [doris-1:f:up doris-2:M:up doris-3:f:DOWN]
03:35:01 #53 OK SELECT id=3688380 via doris-1 rows=10073 [doris-1:f:up doris-2:M:up doris-3:f:DOWN]
03:35:02 #54 OK SELECT id=3688380 via doris-1 rows=10073 [doris-1:f:up doris-2:M:up doris-3:f:DOWN]
03:35:03 #55 OK SELECT id=3688380 via doris-1 rows=10073 [doris-1:f:up doris-2:M:up doris-3:f:DOWN]
03:35:04 #56 OK SELECT id=3688380 via doris-1 rows=10073 [doris-1:f:up doris-2:M:up doris-3:f:DOWN]
03:35:05 #57 OK SELECT id=3688380 via doris-1 rows=10073 [doris-1:f:up doris-2:M:up doris-3:f:DOWN]
03:35:06 #58 OK SELECT id=3688380 via doris-1 rows=10075 [doris-1:f:up doris-2:M:up doris-3:f:DOWN]
03:35:07 #59 OK SELECT id=3688380 via doris-1 rows=10075 [doris-1:f:up doris-2:M:up doris-3:f:DOWN]
03:35:08 #60 OK SELECT id=3688380 via doris-1 rows=10075 [doris-1:f:up doris-2:M:up doris-3:f:DOWN]
03:35:09 #61 OK SELECT id=3688380 via doris-1 rows=10075 [doris-1:f:up doris-2:M:up doris-3:f:DOWN]
03:35:10 #62 OK SELECT id=3688380 via doris-1 rows=10075 [doris-1:f:up doris-2:M:up doris-3:f:DOWN]
03:35:11 #63 OK SELECT id=3688380 via doris-1 rows=10075 [doris-1:f:up doris-2:M:up doris-3:f:DOWN]
03:35:13 #64 OK SELECT id=3688380 via doris-1 rows=10075 [doris-1:f:up doris-2:M:up doris-3:f:DOWN]
03:35:14 #65 OK SELECT id=3688380 via doris-1 rows=10075 [doris-1:f:up doris-2:M:up doris-3:f:DOWN]
03:35:15 #66 OK SELECT id=3688380 via doris-1 rows=10077 [doris-1:f:up doris-2:M:up doris-3:f:DOWN]
03:35:16 #67 OK SELECT id=3688380 via doris-1 rows=10077 [doris-1:f:up doris-2:M:up doris-3:f:DOWN]
03:35:17 #68 OK SELECT id=3688380 via doris-1 rows=10079 [doris-1:f:up doris-2:M:up doris-3:f:DOWN]
03:35:18 #69 OK SELECT id=3688380 via doris-1 rows=10079 [doris-1:f:up doris-2:M:up doris-3:f:DOWN]
03:35:19 #70 OK SELECT id=3688380 via doris-1 rows=10079 [doris-1:f:up doris-2:M:up doris-3:f:DOWN]
03:35:20 #71 OK SELECT id=3688380 via doris-1 rows=10077 [doris-1:f:up doris-2:M:up doris-3:f:DOWN]
03:35:21 #72 OK SELECT id=3688380 via doris-1 rows=10077 [doris-1:f:up doris-2:M:up doris-3:f:DOWN]
03:35:22 #73 OK SELECT id=3688380 via doris-1 rows=10079 [doris-1:f:up doris-2:M:up doris-3:f:DOWN]
03:35:23 #74 OK SELECT id=3688380 via doris-1 rows=10079 [doris-1:f:up doris-2:M:up doris-3:f:DOWN]
03:35:24 #75 OK SELECT id=3688380 via doris-1 rows=10079 [doris-1:f:up doris-2:M:up doris-3:f:DOWN]
03:35:25 #76 OK SELECT id=3688380 via doris-1 rows=10077 [doris-1:f:up doris-2:M:up doris-3:f:DOWN]
03:35:27 #77 OK SELECT id=3688380 via doris-1 rows=10077 [doris-1:f:up doris-2:M:up doris-3:f:DOWN]
03:35:28 #78 OK SELECT id=3688380 via doris-1 rows=10079 [doris-1:f:up doris-2:M:up doris-3:f:DOWN]
03:35:29 #79 OK SELECT id=3688380 via doris-1 rows=10079 [doris-1:f:up doris-2:M:up doris-3:f:DOWN]
03:35:30 #80 OK SELECT id=3688380 via doris-1 rows=10079 [doris-1:f:up doris-2:M:up doris-3:f:DOWN]
03:35:31 #81 OK SELECT id=3688380 via doris-1 rows=10077 [doris-1:f:up doris-2:M:up doris-3:f:DOWN]
03:35:32 #82 OK SELECT id=3688380 via doris-1 rows=10077 [doris-1:f:up doris-2:M:up doris-3:f:DOWN]
03:35:33 #83 OK SELECT id=3688380 via doris-1 rows=10079 [doris-1:f:up doris-2:M:up doris-3:f:DOWN]
03:35:34 #84 OK SELECT id=3688380 via doris-1 rows=10079 [doris-1:f:up doris-2:M:up doris-3:f:DOWN]
03:35:35 #85 OK SELECT id=3688380 via doris-1 rows=10079 [doris-1:f:up doris-2:M:up doris-3:f:DOWN]
03:35:36 #86 OK SELECT id=3688380 via doris-1 rows=10077 [doris-1:f:up doris-2:M:up doris-3:f:DOWN]
03:35:37 #87 OK SELECT id=3688380 via doris-1 rows=10077 [doris-1:f:up doris-2:M:up doris-3:f:DOWN]
03:35:38 #88 OK SELECT id=3688380 via doris-1 rows=10079 [doris-1:f:up doris-2:M:up doris-3:f:DOWN]
03:35:39 #89 OK SELECT id=3688380 via doris-1 rows=10079 [doris-1:f:up doris-2:M:up doris-3:f:DOWN]
03:35:40 #90 OK SELECT id=3688380 via doris-1 rows=10079 [doris-1:f:up doris-2:M:up doris-3:f:DOWN]
03:35:42 #91 OK SELECT id=3688380 via doris-1 rows=10077 [doris-1:f:up doris-2:M:up doris-3:f:DOWN]
03:35:43 #92 OK SELECT id=3688380 via doris-1 rows=10077 [doris-1:f:up doris-2:M:up doris-3:f:DOWN]
03:35:44 #93 OK SELECT id=3688380 via doris-1 rows=10079 [doris-1:f:up doris-2:M:up doris-3:f:DOWN]
03:35:45 #94 OK SELECT id=3688380 via doris-1 rows=10079 [doris-1:f:up doris-2:M:up doris-3:f:DOWN]
03:35:46 #95 OK SELECT id=3688380 via doris-1 rows=10079 [doris-1:f:up doris-2:M:up doris-3:f:DOWN]
03:35:47 #96 OK SELECT id=3688380 via doris-1 rows=10077 [doris-1:f:up doris-2:M:up doris-3:f:DOWN]
03:35:48 #97 OK SELECT id=3688380 via doris-1 rows=10077 [doris-1:f:up doris-2:M:up doris-3:f:DOWN]
03:35:49 #98 OK SELECT id=3688380 via doris-1 rows=10079 [doris-1:f:up doris-2:M:up doris-3:f:DOWN]
03:35:50 #99 OK SELECT id=3688380 via doris-1 rows=10079 [doris-1:f:up doris-2:M:up doris-3:f:DOWN]
03:35:51 #100 OK SELECT id=3688380 via doris-1 rows=10079 [doris-1:f:up doris-2:M:up doris-3:f:DOWN]
03:35:52 #101 OK SELECT id=3688380 via doris-1 rows=10077 [doris-1:f:up doris-2:M:up doris-3:f:DOWN]
03:35:53 #102 OK SELECT id=3688380 via doris-1 rows=10077 [doris-1:f:up doris-2:M:up doris-3:f:DOWN]
03:35:54 #103 OK SELECT id=3688380 via doris-1 rows=10079 [doris-1:f:up doris-2:M:up doris-3:f:DOWN]
03:35:55 #104 OK SELECT id=3688380 via doris-1 rows=10079 [doris-1:f:up doris-2:M:up doris-3:f:DOWN]
03:35:56 #105 OK SELECT id=3688380 via doris-1 rows=10079 [doris-1:f:up doris-2:M:up doris-3:f:DOWN]
03:35:58 #106 OK SELECT id=3688380 via doris-1 rows=10077 [doris-1:f:up doris-2:M:up doris-3:f:DOWN]
03:35:59 #107 OK SELECT id=3688380 via doris-1 rows=10077 [doris-1:f:up doris-2:M:up doris-3:f:DOWN]
03:36:00 #108 OK SELECT id=3688380 via doris-1 rows=10079 [doris-1:f:up doris-2:M:up doris-3:f:DOWN]
03:36:01 #109 OK SELECT id=3688380 via doris-1 rows=10079 [doris-1:f:up doris-2:M:up doris-3:f:DOWN]
03:36:02 #110 OK SELECT id=3688380 via doris-1 rows=10079 [doris-1:f:up doris-2:M:up doris-3:f:DOWN]
03:36:03 #111 OK SELECT id=3688380 via doris-1 rows=10077 [doris-1:f:up doris-2:M:up doris-3:f:DOWN]
03:36:04 #112 OK SELECT id=3688380 via doris-1 rows=10077 [doris-1:f:up doris-2:M:up doris-3:f:DOWN]
03:36:05 #113 OK SELECT id=3688380 via doris-1 rows=10079 [doris-1:f:up doris-2:M:up doris-3:f:DOWN]
03:36:06 #114 OK SELECT id=3688380 via doris-1 rows=10079 [doris-1:f:up doris-2:M:up doris-3:f:DOWN]
03:36:07 #115 OK SELECT id=3688380 via doris-1 rows=10079 [doris-1:f:up doris-2:M:up doris-3:f:DOWN]
03:36:08 #116 OK SELECT id=3688380 via doris-1 rows=10077 [doris-1:f:up doris-2:M:up doris-3:f:DOWN]
03:36:09 #117 OK SELECT id=3688380 via doris-1 rows=10077 [doris-1:f:up doris-2:M:up doris-3:f:DOWN]
03:36:10 #118 OK SELECT id=3688380 via doris-1 rows=10079 [doris-1:f:up doris-2:M:up doris-3:f:DOWN]
03:36:11 #119 OK SELECT id=3688380 via doris-1 rows=10079 [doris-1:f:up doris-2:M:up doris-3:f:DOWN]
03:36:13 #120 OK SELECT id=3688380 via doris-1 rows=10079 [doris-1:f:up doris-2:M:up doris-3:f:DOWN]
03:36:14 #121 OK SELECT id=3688380 via doris-1 rows=10077 [doris-1:f:up doris-2:M:up doris-3:f:DOWN]
03:36:15 #122 OK SELECT id=3688380 via doris-1 rows=10077 [doris-1:f:up doris-2:M:up doris-3:f:DOWN]
03:36:15 EVENT restore: systemctl start doris-fe on doris-3
03:36:16 #123 OK SELECT id=3688380 via doris-1 rows=10079 [doris-1:f:up doris-2:M:up doris-3:f:DOWN]
03:36:17 #124 OK SELECT id=3688380 via doris-1 rows=10079 [doris-1:f:up doris-2:M:up doris-3:f:DOWN]
03:36:18 #125 OK SELECT id=3688380 via doris-1 rows=10079 [doris-1:f:up doris-2:M:up doris-3:f:DOWN]
03:36:19 #126 OK SELECT id=3688380 via doris-1 rows=10077 [doris-1:f:up doris-2:M:up doris-3:f:DOWN]
03:36:20 #127 OK SELECT id=3688380 via doris-1 rows=10077 [doris-1:f:up doris-2:M:up doris-3:f:DOWN]
03:36:21 #128 OK SELECT id=3688380 via doris-1 rows=10079 [doris-1:f:up doris-2:M:up doris-3:f:DOWN]
03:36:22 #129 OK SELECT id=3688380 via doris-1 rows=10079 [doris-1:f:up doris-2:M:up doris-3:f:DOWN]
03:36:23 #130 OK SELECT id=3688380 via doris-1 rows=10079 [doris-1:f:up doris-2:M:up doris-3:f:DOWN]
03:36:24 #131 OK SELECT id=3688380 via doris-1 rows=10077 [doris-1:f:up doris-2:M:up doris-3:f:DOWN]
03:36:25 #132 OK SELECT id=3688380 via doris-1 rows=10077 [doris-1:f:up doris-2:M:up doris-3:f:DOWN]
03:36:26 #133 OK SELECT id=3688380 via doris-1 rows=10079 [doris-1:f:up doris-2:M:up doris-3:f:DOWN]
03:36:28 #134 OK SELECT id=3688380 via doris-1 rows=10079 [doris-1:f:up doris-2:M:up doris-3:f:DOWN]
03:36:29 #135 OK SELECT id=3688380 via doris-1 rows=10079 [doris-1:f:up doris-2:M:up doris-3:f:DOWN]
03:36:30 #136 OK SELECT id=3688380 via doris-1 rows=10077 [doris-1:f:up doris-2:M:up doris-3:f:DOWN]
03:36:31 #137 OK SELECT id=3688380 via doris-1 rows=10077 [doris-1:f:up doris-2:M:up doris-3:f:DOWN]
03:36:32 #138 OK SELECT id=3688380 via doris-1 rows=10079 [doris-1:f:up doris-2:M:up doris-3:f:DOWN]
03:36:33 #139 OK SELECT id=3688380 via doris-1 rows=10079 [doris-1:f:up doris-2:M:up doris-3:f:DOWN]
03:36:34 #140 OK SELECT id=3688380 via doris-1 rows=10079 [doris-1:f:up doris-2:M:up doris-3:f:DOWN]
03:36:35 #141 OK SELECT id=3688380 via doris-1 rows=10077 [doris-1:f:up doris-2:M:up doris-3:f:DOWN]
03:36:36 #142 OK SELECT id=3688380 via doris-1 rows=10077 [doris-1:f:up doris-2:M:up doris-3:f:up]
03:36:37 #143 OK SELECT id=3688380 via doris-1 rows=10079 [doris-1:f:up doris-2:M:up doris-3:f:up]
03:36:38 #144 OK SELECT id=3688380 via doris-1 rows=10079 [doris-1:f:up doris-2:M:up doris-3:f:up]
03:36:39 #145 OK SELECT id=3688380 via doris-1 rows=10079 [doris-1:f:up doris-2:M:up doris-3:f:up]
03:36:40 #146 OK SELECT id=3688380 via doris-1 rows=10077 [doris-1:f:up doris-2:M:up doris-3:f:up]
03:36:41 EVENT restore: cluster healthy
03:36:41 #147 OK SELECT id=3688380 via doris-1 rows=10077 [doris-1:f:up doris-2:M:up doris-3:f:up]
03:36:42 #148 OK SELECT id=3688380 via doris-1 rows=10079 [doris-1:f:up doris-2:M:up doris-3:f:up]
03:36:44 #149 OK SELECT id=3688380 via doris-1 rows=10079 [doris-1:f:up doris-2:M:up doris-3:f:up]
03:36:45 #150 OK SELECT id=3688380 via doris-1 rows=10079 [doris-1:f:up doris-2:M:up doris-3:f:up]
03:36:46 #151 OK SELECT id=3688380 via doris-1 rows=10077 [doris-1:f:up doris-2:M:up doris-3:f:up]
03:36:47 #152 OK SELECT id=3688380 via doris-1 rows=10077 [doris-1:f:up doris-2:M:up doris-3:f:up]
03:36:48 #153 OK SELECT id=3688380 via doris-1 rows=10079 [doris-1:f:up doris-2:M:up doris-3:f:up]
03:36:49 #154 OK SELECT id=3688380 via doris-1 rows=10079 [doris-1:f:up doris-2:M:up doris-3:f:up]
03:36:50 #155 OK SELECT id=3688380 via doris-1 rows=10079 [doris-1:f:up doris-2:M:up doris-3:f:up]
03:36:51 #156 OK SELECT id=3688380 via doris-1 rows=10077 [doris-1:f:up doris-2:M:up doris-3:f:up]
03:36:52 #157 OK SELECT id=3688380 via doris-1 rows=10077 [doris-1:f:up doris-2:M:up doris-3:f:up]
03:36:53 #158 OK SELECT id=3688380 via doris-1 rows=10079 [doris-1:f:up doris-2:M:up doris-3:f:up]
03:36:54 #159 OK SELECT id=3688380 via doris-1 rows=10079 [doris-1:f:up doris-2:M:up doris-3:f:up]
03:36:55 #160 OK SELECT id=3688380 via doris-1 rows=10079 [doris-1:f:up doris-2:M:up doris-3:f:up]
03:36:56 #161 OK SELECT id=3688380 via doris-1 rows=10077 [doris-1:f:up doris-2:M:up doris-3:f:up]
03:36:57 #162 OK SELECT id=3688380 via doris-1 rows=10077 [doris-1:f:up doris-2:M:up doris-3:f:up]
03:36:59 #163 OK SELECT id=3688380 via doris-1 rows=10079 [doris-1:f:up doris-2:M:up doris-3:f:up]
03:37:00 #164 OK SELECT id=3688380 via doris-1 rows=10079 [doris-1:f:up doris-2:M:up doris-3:f:up]
03:37:01 #165 OK SELECT id=3688380 via doris-1 rows=10079 [doris-1:f:up doris-2:M:up doris-3:f:up]
03:37:02 #166 OK SELECT id=3688380 via doris-1 rows=10077 [doris-1:f:up doris-2:M:up doris-3:f:up]
03:37:03 #167 OK SELECT id=3688380 via doris-1 rows=10077 [doris-1:f:up doris-2:M:up doris-3:f:up]
03:37:04 #168 OK SELECT id=3688380 via doris-1 rows=10079 [doris-1:f:up doris-2:M:up doris-3:f:up]
03:37:05 #169 OK SELECT id=3688380 via doris-1 rows=10079 [doris-1:f:up doris-2:M:up doris-3:f:up]
03:37:06 #170 OK SELECT id=3688380 via doris-1 rows=10079 [doris-1:f:up doris-2:M:up doris-3:f:up]
03:37:07 #171 OK SELECT id=3688380 via doris-1 rows=10077 [doris-1:f:up doris-2:M:up doris-3:f:up]
03:37:08 #172 OK SELECT id=3688380 via doris-1 rows=10077 [doris-1:f:up doris-2:M:up doris-3:f:up]
03:37:09 #173 OK SELECT id=3688380 via doris-1 rows=10079 [doris-1:f:up doris-2:M:up doris-3:f:up]
03:37:10 #174 OK SELECT id=3688380 via doris-1 rows=10079 [doris-1:f:up doris-2:M:up doris-3:f:up]
03:37:11 #175 OK SELECT id=3688380 via doris-1 rows=10079 [doris-1:f:up doris-2:M:up doris-3:f:up]
