03:27:41 PROBE start proto=mysql hosts=doris-1,doris-2,doris-3 duration=86400s cycle=INSERT>UPSERT>SELECT>DELETE>SELECT
03:27:41 connected to doris-1 (10.140.0.2)
03:27:41 #1 OK INSERT id=1684610 via doris-1 rows=10068 [doris-1:f:up doris-2:M:up doris-3:f:up]
03:27:42 #2 OK UPSERT id=1684610 via doris-1 rows=10069 [doris-1:f:up doris-2:M:up doris-3:f:up]
03:27:43 #3 OK SELECT id=1684610 via doris-1 rows=10069 [doris-1:f:up doris-2:M:up doris-3:f:up]
03:27:44 #4 OK DELETE id=1684610 via doris-1 rows=10068 [doris-1:f:up doris-2:M:up doris-3:f:up]
03:27:45 #5 OK SELECT id=1684610 via doris-1 rows=10067 [doris-1:f:up doris-2:M:up doris-3:f:up]
03:27:46 #6 OK INSERT id=1684611 via doris-1 rows=10068 [doris-1:f:up doris-2:M:up doris-3:f:up]
03:27:47 #7 OK UPSERT id=1684611 via doris-1 rows=10069 [doris-1:f:up doris-2:M:up doris-3:f:up]
03:27:48 #8 OK SELECT id=1684611 via doris-1 rows=10069 [doris-1:f:up doris-2:M:up doris-3:f:up]
03:27:50 #9 OK DELETE id=1684611 via doris-1 rows=10068 [doris-1:f:up doris-2:M:up doris-3:f:up]
03:27:51 #10 OK SELECT id=1684611 via doris-1 rows=10067 [doris-1:f:up doris-2:M:up doris-3:f:up]
03:27:52 #11 OK INSERT id=1684612 via doris-1 rows=10068 [doris-1:f:up doris-2:M:up doris-3:f:up]
03:27:53 #12 OK UPSERT id=1684612 via doris-1 rows=10069 [doris-1:f:up doris-2:M:up doris-3:f:up]
03:27:54 #13 OK SELECT id=1684612 via doris-1 rows=10069 [doris-1:f:up doris-2:M:up doris-3:f:up]
03:27:55 #14 OK DELETE id=1684612 via doris-1 rows=10068 [doris-1:f:up doris-2:M:up doris-3:f:up]
03:27:56 #15 OK SELECT id=1684612 via doris-1 rows=10067 [doris-1:f:up doris-2:M:up doris-3:f:up]
03:27:57 #16 OK INSERT id=1684613 via doris-1 rows=10068 [doris-1:f:up doris-2:M:up doris-3:f:up]
03:27:58 #17 OK UPSERT id=1684613 via doris-1 rows=10069 [doris-1:f:up doris-2:M:up doris-3:f:up]
03:27:59 #18 OK SELECT id=1684613 via doris-1 rows=10069 [doris-1:f:up doris-2:M:up doris-3:f:up]
03:28:00 #19 OK DELETE id=1684613 via doris-1 rows=10068 [doris-1:f:up doris-2:M:up doris-3:f:up]
03:28:01 #20 OK SELECT id=1684613 via doris-1 rows=10067 [doris-1:f:up doris-2:M:up doris-3:f:up]
03:28:03 #21 OK INSERT id=1684614 via doris-1 rows=10068 [doris-1:f:up doris-2:M:up doris-3:f:up]
03:28:04 #22 OK UPSERT id=1684614 via doris-1 rows=10069 [doris-1:f:up doris-2:M:up doris-3:f:up]
03:28:05 #23 OK SELECT id=1684614 via doris-1 rows=10069 [doris-1:f:up doris-2:M:up doris-3:f:up]
03:28:06 #24 OK DELETE id=1684614 via doris-1 rows=10068 [doris-1:f:up doris-2:M:up doris-3:f:up]
03:28:07 #25 OK SELECT id=1684614 via doris-1 rows=10067 [doris-1:f:up doris-2:M:up doris-3:f:up]
03:28:08 #26 OK INSERT id=1684615 via doris-1 rows=10068 [doris-1:f:up doris-2:M:up doris-3:f:up]
03:28:09 #27 OK UPSERT id=1684615 via doris-1 rows=10069 [doris-1:f:up doris-2:M:up doris-3:f:up]
03:28:10 #28 OK SELECT id=1684615 via doris-1 rows=10069 [doris-1:f:up doris-2:M:up doris-3:f:up]
03:28:11 #29 OK DELETE id=1684615 via doris-1 rows=10068 [doris-1:f:up doris-2:M:up doris-3:f:up]
03:28:12 #30 OK SELECT id=1684615 via doris-1 rows=10067 [doris-1:f:up doris-2:M:up doris-3:f:up]
03:28:13 #31 OK INSERT id=1684616 via doris-1 rows=10068 [doris-1:f:up doris-2:M:up doris-3:f:up]
03:28:14 #32 OK UPSERT id=1684616 via doris-1 rows=10069 [doris-1:f:up doris-2:M:up doris-3:f:up]
03:28:15 EVENT break: fe crash on doris-2 (FE master)
03:28:15 #33 OK SELECT id=1684616 via doris-1 rows=10069 [doris-1:f:up doris-2:M:up doris-3:f:up]
03:28:17 #34 OK DELETE id=1684616 via doris-1 rows=10068 [doris-1:f:up doris-2:M:up doris-3:f:up]
03:28:26 #35 OK SELECT id=1684616 via doris-1 rows=10068 [?]
03:28:27 #36 FAIL INSERT id=1684617 via doris-1: InterfaceError: (0, '')
03:28:27 #36 OK SELECT(check) id=1 via doris-1
03:28:28 connected to doris-1 (10.140.0.2)
03:28:28 #37 OK INSERT id=1684618 via doris-1 rows=10070 [doris-1:f:up doris-2:f:DOWN doris-3:M:up] (recovered)
03:28:29 #38 OK UPSERT id=1684618 via doris-1 rows=10070 [doris-1:f:up doris-2:f:DOWN doris-3:M:up]
03:28:30 #39 OK SELECT id=1684618 via doris-1 rows=10069 [doris-1:f:up doris-2:f:DOWN doris-3:M:up]
03:28:31 #40 OK DELETE id=1684618 via doris-1 rows=10068 [doris-1:f:up doris-2:f:DOWN doris-3:M:up]
03:28:32 #41 OK SELECT id=1684618 via doris-1 rows=10069 [doris-1:f:up doris-2:f:DOWN doris-3:M:up]
03:28:33 #42 OK INSERT id=1684619 via doris-1 rows=10070 [doris-1:f:up doris-2:f:DOWN doris-3:M:up]
03:28:33 EVENT recovered: fe restarted by systemd on doris-2 (+9s)
03:28:35 #43 OK UPSERT id=1684619 via doris-1 rows=10070 [doris-1:f:up doris-2:f:DOWN doris-3:M:up]
03:28:36 #44 OK SELECT id=1684619 via doris-1 rows=10069 [doris-1:f:up doris-2:f:DOWN doris-3:M:up]
03:28:37 #45 OK DELETE id=1684619 via doris-1 rows=10068 [doris-1:f:up doris-2:f:DOWN doris-3:M:up]
03:28:38 #46 OK SELECT id=1684619 via doris-1 rows=10069 [doris-1:f:up doris-2:f:DOWN doris-3:M:up]
03:28:39 #47 OK INSERT id=1684620 via doris-1 rows=10070 [doris-1:f:up doris-2:f:DOWN doris-3:M:up]
03:28:40 #48 OK UPSERT id=1684620 via doris-1 rows=10070 [doris-1:f:up doris-2:f:DOWN doris-3:M:up]
03:28:41 #49 OK SELECT id=1684620 via doris-1 rows=10069 [doris-1:f:up doris-2:f:DOWN doris-3:M:up]
03:28:42 #50 OK DELETE id=1684620 via doris-1 rows=10068 [doris-1:f:up doris-2:f:DOWN doris-3:M:up]
03:28:43 #51 OK SELECT id=1684620 via doris-1 rows=10068 [doris-1:f:up doris-2:f:up doris-3:M:up]
03:28:52 #52 FAIL INSERT id=1684621 via doris-1: OperationalError: (2013, 'Lost connection to MySQL server during query (timed out)')
03:28:52 #52 OK SELECT(check) id=1 via doris-1
03:28:53 connected to doris-1 (10.140.0.2)
03:28:54 #53 OK INSERT id=1684622 via doris-1 rows=10071 [doris-1:f:up doris-2:f:up doris-3:M:up] (recovered)
03:28:55 #54 OK UPSERT id=1684622 via doris-1 rows=10071 [doris-1:f:up doris-2:f:up doris-3:M:up]
03:28:56 #55 OK SELECT id=1684622 via doris-1 rows=10072 [doris-1:f:up doris-2:f:up doris-3:M:up]
03:28:57 #56 OK DELETE id=1684622 via doris-1 rows=10071 [doris-1:f:up doris-2:f:up doris-3:M:up]
03:28:58 #57 OK SELECT id=1684622 via doris-1 rows=10071 [doris-1:f:up doris-2:f:up doris-3:M:up]
03:28:59 #58 OK INSERT id=1684623 via doris-1 rows=10071 [doris-1:f:up doris-2:f:up doris-3:M:up]
03:29:00 #59 OK UPSERT id=1684623 via doris-1 rows=10071 [doris-1:f:up doris-2:f:up doris-3:M:up]
03:29:01 #60 OK SELECT id=1684623 via doris-1 rows=10072 [doris-1:f:up doris-2:f:up doris-3:M:up]
03:29:02 #61 OK DELETE id=1684623 via doris-1 rows=10071 [doris-1:f:up doris-2:f:up doris-3:M:up]
03:29:03 #62 OK SELECT id=1684623 via doris-1 rows=10071 [doris-1:f:up doris-2:f:up doris-3:M:up]
03:29:04 #63 OK INSERT id=1684624 via doris-1 rows=10071 [doris-1:f:up doris-2:f:up doris-3:M:up]
03:29:05 #64 OK UPSERT id=1684624 via doris-1 rows=10071 [doris-1:f:up doris-2:f:up doris-3:M:up]
03:29:07 #65 OK SELECT id=1684624 via doris-1 rows=10072 [doris-1:f:up doris-2:f:up doris-3:M:up]
03:29:08 #66 OK DELETE id=1684624 via doris-1 rows=10071 [doris-1:f:up doris-2:f:up doris-3:M:up]
03:29:09 #67 OK SELECT id=1684624 via doris-1 rows=10071 [doris-1:f:up doris-2:f:up doris-3:M:up]
03:29:10 #68 OK INSERT id=1684625 via doris-1 rows=10071 [doris-1:f:up doris-2:f:up doris-3:M:up]
03:29:11 #69 OK UPSERT id=1684625 via doris-1 rows=10071 [doris-1:f:up doris-2:f:up doris-3:M:up]
03:29:12 #70 OK SELECT id=1684625 via doris-1 rows=10072 [doris-1:f:up doris-2:f:up doris-3:M:up]
03:29:13 #71 OK DELETE id=1684625 via doris-1 rows=10071 [doris-1:f:up doris-2:f:up doris-3:M:up]
03:29:14 #72 OK SELECT id=1684625 via doris-1 rows=10071 [doris-1:f:up doris-2:f:up doris-3:M:up]
03:29:15 #73 OK INSERT id=1684626 via doris-1 rows=10071 [doris-1:f:up doris-2:f:up doris-3:M:up]
03:29:16 #74 OK UPSERT id=1684626 via doris-1 rows=10071 [doris-1:f:up doris-2:f:up doris-3:M:up]
03:29:17 #75 OK SELECT id=1684626 via doris-1 rows=10072 [doris-1:f:up doris-2:f:up doris-3:M:up]
03:29:19 #76 OK DELETE id=1684626 via doris-1 rows=10071 [doris-1:f:up doris-2:f:up doris-3:M:up]
03:29:20 #77 OK SELECT id=1684626 via doris-1 rows=10071 [doris-1:f:up doris-2:f:up doris-3:M:up]
03:29:21 #78 OK INSERT id=1684627 via doris-1 rows=10071 [doris-1:f:up doris-2:f:up doris-3:M:up]
03:29:22 #79 OK UPSERT id=1684627 via doris-1 rows=10071 [doris-1:f:up doris-2:f:up doris-3:M:up]
03:29:23 #80 OK SELECT id=1684627 via doris-1 rows=10072 [doris-1:f:up doris-2:f:up doris-3:M:up]
03:29:24 #81 OK DELETE id=1684627 via doris-1 rows=10071 [doris-1:f:up doris-2:f:up doris-3:M:up]
03:29:25 #82 OK SELECT id=1684627 via doris-1 rows=10071 [doris-1:f:up doris-2:f:up doris-3:M:up]
03:29:26 #83 OK INSERT id=1684628 via doris-1 rows=10071 [doris-1:f:up doris-2:f:up doris-3:M:up]
03:29:27 #84 OK UPSERT id=1684628 via doris-1 rows=10071 [doris-1:f:up doris-2:f:up doris-3:M:up]
03:29:28 #85 OK SELECT id=1684628 via doris-1 rows=10072 [doris-1:f:up doris-2:f:up doris-3:M:up]
03:29:29 #86 OK DELETE id=1684628 via doris-1 rows=10071 [doris-1:f:up doris-2:f:up doris-3:M:up]
03:29:30 #87 OK SELECT id=1684628 via doris-1 rows=10071 [doris-1:f:up doris-2:f:up doris-3:M:up]
03:29:31 #88 OK INSERT id=1684629 via doris-1 rows=10071 [doris-1:f:up doris-2:f:up doris-3:M:up]
03:29:33 #89 OK UPSERT id=1684629 via doris-1 rows=10071 [doris-1:f:up doris-2:f:up doris-3:M:up]
03:29:34 #90 OK SELECT id=1684629 via doris-1 rows=10072 [doris-1:f:up doris-2:f:up doris-3:M:up]
03:29:35 #91 OK DELETE id=1684629 via doris-1 rows=10071 [doris-1:f:up doris-2:f:up doris-3:M:up]
03:29:36 #92 OK SELECT id=1684629 via doris-1 rows=10071 [doris-1:f:up doris-2:f:up doris-3:M:up]
03:29:37 #93 OK INSERT id=1684630 via doris-1 rows=10071 [doris-1:f:up doris-2:f:up doris-3:M:up]
03:29:38 #94 OK UPSERT id=1684630 via doris-1 rows=10071 [doris-1:f:up doris-2:f:up doris-3:M:up]
03:29:39 #95 OK SELECT id=1684630 via doris-1 rows=10072 [doris-1:f:up doris-2:f:up doris-3:M:up]
03:29:40 #96 OK DELETE id=1684630 via doris-1 rows=10071 [doris-1:f:up doris-2:f:up doris-3:M:up]
03:29:41 #97 OK SELECT id=1684630 via doris-1 rows=10071 [doris-1:f:up doris-2:f:up doris-3:M:up]
03:29:42 #98 OK INSERT id=1684631 via doris-1 rows=10071 [doris-1:f:up doris-2:f:up doris-3:M:up]
03:29:43 #99 OK UPSERT id=1684631 via doris-1 rows=10071 [doris-1:f:up doris-2:f:up doris-3:M:up]
03:29:44 #100 OK SELECT id=1684631 via doris-1 rows=10072 [doris-1:f:up doris-2:f:up doris-3:M:up]
03:29:45 #101 OK DELETE id=1684631 via doris-1 rows=10071 [doris-1:f:up doris-2:f:up doris-3:M:up]
03:29:46 #102 OK SELECT id=1684631 via doris-1 rows=10071 [doris-1:f:up doris-2:f:up doris-3:M:up]
03:29:48 #103 OK INSERT id=1684632 via doris-1 rows=10071 [doris-1:f:up doris-2:f:up doris-3:M:up]
03:29:49 #104 OK UPSERT id=1684632 via doris-1 rows=10071 [doris-1:f:up doris-2:f:up doris-3:M:up]
03:29:50 #105 OK SELECT id=1684632 via doris-1 rows=10072 [doris-1:f:up doris-2:f:up doris-3:M:up]
03:29:51 #106 OK DELETE id=1684632 via doris-1 rows=10071 [doris-1:f:up doris-2:f:up doris-3:M:up]
03:29:52 #107 OK SELECT id=1684632 via doris-1 rows=10071 [doris-1:f:up doris-2:f:up doris-3:M:up]
03:29:53 #108 OK INSERT id=1684633 via doris-1 rows=10071 [doris-1:f:up doris-2:f:up doris-3:M:up]
03:29:54 #109 OK UPSERT id=1684633 via doris-1 rows=10071 [doris-1:f:up doris-2:f:up doris-3:M:up]
03:29:55 #110 OK SELECT id=1684633 via doris-1 rows=10072 [doris-1:f:up doris-2:f:up doris-3:M:up]
03:29:56 #111 OK DELETE id=1684633 via doris-1 rows=10071 [doris-1:f:up doris-2:f:up doris-3:M:up]
03:29:57 #112 OK SELECT id=1684633 via doris-1 rows=10071 [doris-1:f:up doris-2:f:up doris-3:M:up]
03:29:58 #113 OK INSERT id=1684634 via doris-1 rows=10071 [doris-1:f:up doris-2:f:up doris-3:M:up]
03:29:59 #114 OK UPSERT id=1684634 via doris-1 rows=10071 [doris-1:f:up doris-2:f:up doris-3:M:up]
03:30:00 #115 OK SELECT id=1684634 via doris-1 rows=10072 [doris-1:f:up doris-2:f:up doris-3:M:up]
03:30:02 #116 OK DELETE id=1684634 via doris-1 rows=10071 [doris-1:f:up doris-2:f:up doris-3:M:up]
03:30:03 #117 OK SELECT id=1684634 via doris-1 rows=10071 [doris-1:f:up doris-2:f:up doris-3:M:up]
03:30:04 #118 OK INSERT id=1684635 via doris-1 rows=10071 [doris-1:f:up doris-2:f:up doris-3:M:up]
03:30:05 #119 OK UPSERT id=1684635 via doris-1 rows=10071 [doris-1:f:up doris-2:f:up doris-3:M:up]
03:30:06 #120 OK SELECT id=1684635 via doris-1 rows=10072 [doris-1:f:up doris-2:f:up doris-3:M:up]
03:30:07 #121 OK DELETE id=1684635 via doris-1 rows=10071 [doris-1:f:up doris-2:f:up doris-3:M:up]
03:30:08 #122 OK SELECT id=1684635 via doris-1 rows=10071 [doris-1:f:up doris-2:f:up doris-3:M:up]
03:30:09 #123 OK INSERT id=1684636 via doris-1 rows=10071 [doris-1:f:up doris-2:f:up doris-3:M:up]
03:30:10 #124 OK UPSERT id=1684636 via doris-1 rows=10071 [doris-1:f:up doris-2:f:up doris-3:M:up]
03:30:10 EVENT restore: verify fe on doris-2
03:30:11 #125 OK SELECT id=1684636 via doris-1 rows=10072 [doris-1:f:up doris-2:f:up doris-3:M:up]
03:30:12 #126 OK DELETE id=1684636 via doris-1 rows=10071 [doris-1:f:up doris-2:f:up doris-3:M:up]
03:30:13 #127 OK SELECT id=1684636 via doris-1 rows=10071 [doris-1:f:up doris-2:f:up doris-3:M:up]
03:30:14 #128 OK INSERT id=1684637 via doris-1 rows=10071 [doris-1:f:up doris-2:f:up doris-3:M:up]
03:30:16 #129 OK UPSERT id=1684637 via doris-1 rows=10071 [doris-1:f:up doris-2:f:up doris-3:M:up]
03:30:16 EVENT restore: cluster healthy
03:30:17 #130 OK SELECT id=1684637 via doris-1 rows=10072 [doris-1:f:up doris-2:f:up doris-3:M:up]
03:30:18 #131 OK DELETE id=1684637 via doris-1 rows=10071 [doris-1:f:up doris-2:f:up doris-3:M:up]
03:30:19 #132 OK SELECT id=1684637 via doris-1 rows=10071 [doris-1:f:up doris-2:f:up doris-3:M:up]
03:30:20 #133 OK INSERT id=1684638 via doris-1 rows=10071 [doris-1:f:up doris-2:f:up doris-3:M:up]
03:30:21 #134 OK UPSERT id=1684638 via doris-1 rows=10071 [doris-1:f:up doris-2:f:up doris-3:M:up]
03:30:22 #135 OK SELECT id=1684638 via doris-1 rows=10072 [doris-1:f:up doris-2:f:up doris-3:M:up]
03:30:23 #136 OK DELETE id=1684638 via doris-1 rows=10071 [doris-1:f:up doris-2:f:up doris-3:M:up]
03:30:24 #137 OK SELECT id=1684638 via doris-1 rows=10071 [doris-1:f:up doris-2:f:up doris-3:M:up]
03:30:25 #138 OK INSERT id=1684639 via doris-1 rows=10071 [doris-1:f:up doris-2:f:up doris-3:M:up]
03:30:26 #139 OK UPSERT id=1684639 via doris-1 rows=10071 [doris-1:f:up doris-2:f:up doris-3:M:up]
03:30:27 #140 OK SELECT id=1684639 via doris-1 rows=10072 [doris-1:f:up doris-2:f:up doris-3:M:up]
03:30:28 #141 OK DELETE id=1684639 via doris-1 rows=10071 [doris-1:f:up doris-2:f:up doris-3:M:up]
03:30:29 #142 OK SELECT id=1684639 via doris-1 rows=10071 [doris-1:f:up doris-2:f:up doris-3:M:up]
03:30:31 #143 OK INSERT id=1684640 via doris-1 rows=10071 [doris-1:f:up doris-2:f:up doris-3:M:up]
03:30:32 #144 OK UPSERT id=1684640 via doris-1 rows=10071 [doris-1:f:up doris-2:f:up doris-3:M:up]
03:30:33 #145 OK SELECT id=1684640 via doris-1 rows=10072 [doris-1:f:up doris-2:f:up doris-3:M:up]
03:30:34 #146 OK DELETE id=1684640 via doris-1 rows=10071 [doris-1:f:up doris-2:f:up doris-3:M:up]
03:30:35 #147 OK SELECT id=1684640 via doris-1 rows=10071 [doris-1:f:up doris-2:f:up doris-3:M:up]
03:30:36 #148 OK INSERT id=1684641 via doris-1 rows=10071 [doris-1:f:up doris-2:f:up doris-3:M:up]
03:30:37 #149 OK UPSERT id=1684641 via doris-1 rows=10071 [doris-1:f:up doris-2:f:up doris-3:M:up]
03:30:38 #150 OK SELECT id=1684641 via doris-1 rows=10072 [doris-1:f:up doris-2:f:up doris-3:M:up]
03:30:39 #151 OK DELETE id=1684641 via doris-1 rows=10071 [doris-1:f:up doris-2:f:up doris-3:M:up]
03:30:40 #152 OK SELECT id=1684641 via doris-1 rows=10071 [doris-1:f:up doris-2:f:up doris-3:M:up]
03:30:41 #153 OK INSERT id=1684642 via doris-1 rows=10071 [doris-1:f:up doris-2:f:up doris-3:M:up]
03:30:42 #154 OK UPSERT id=1684642 via doris-1 rows=10071 [doris-1:f:up doris-2:f:up doris-3:M:up]
