03:43:40 PROBE start proto=arrow-flight hosts=doris-1,doris-2,doris-3 duration=86400s cycle=INSERT>UPSERT>SELECT>DELETE>SELECT
03:43:40 connected to doris-1 (10.140.0.2)
03:43:40 DML unsupported over arrow-flight (InternalError: RuntimeException, msg: getMysqlChannel not in mysql connection (Internal; ExecuteQuery)) — switching to SELECT-only mode
03:43:40 #1 OK SELECT id=3694200 via doris-1 rows=10084 [doris-1:f:up doris-2:f:up doris-3:M:up]
03:43:41 #2 OK SELECT id=3694200 via doris-1 rows=10085 [doris-1:f:up doris-2:f:up doris-3:M:up]
03:43:42 #3 OK SELECT id=3694200 via doris-1 rows=10085 [doris-1:f:up doris-2:f:up doris-3:M:up]
03:43:43 #4 OK SELECT id=3694200 via doris-1 rows=10084 [doris-1:f:up doris-2:f:up doris-3:M:up]
03:43:44 #5 OK SELECT id=3694200 via doris-1 rows=10083 [doris-1:f:up doris-2:f:up doris-3:M:up]
03:43:45 #6 OK SELECT id=3694200 via doris-1 rows=10084 [doris-1:f:up doris-2:f:up doris-3:M:up]
03:43:47 #7 OK SELECT id=3694200 via doris-1 rows=10085 [doris-1:f:up doris-2:f:up doris-3:M:up]
03:43:48 #8 OK SELECT id=3694200 via doris-1 rows=10085 [doris-1:f:up doris-2:f:up doris-3:M:up]
03:43:49 #9 OK SELECT id=3694200 via doris-1 rows=10084 [doris-1:f:up doris-2:f:up doris-3:M:up]
03:43:50 #10 OK SELECT id=3694200 via doris-1 rows=10083 [doris-1:f:up doris-2:f:up doris-3:M:up]
03:43:51 #11 OK SELECT id=3694200 via doris-1 rows=10084 [doris-1:f:up doris-2:f:up doris-3:M:up]
03:43:52 #12 OK SELECT id=3694200 via doris-1 rows=10085 [doris-1:f:up doris-2:f:up doris-3:M:up]
03:43:53 #13 OK SELECT id=3694200 via doris-1 rows=10085 [doris-1:f:up doris-2:f:up doris-3:M:up]
03:43:54 #14 OK SELECT id=3694200 via doris-1 rows=10084 [doris-1:f:up doris-2:f:up doris-3:M:up]
03:43:55 #15 OK SELECT id=3694200 via doris-1 rows=10083 [doris-1:f:up doris-2:f:up doris-3:M:up]
03:43:56 #16 OK SELECT id=3694200 via doris-1 rows=10084 [doris-1:f:up doris-2:f:up doris-3:M:up]
03:43:57 #17 OK SELECT id=3694200 via doris-1 rows=10085 [doris-1:f:up doris-2:f:up doris-3:M:up]
03:43:58 #18 OK SELECT id=3694200 via doris-1 rows=10085 [doris-1:f:up doris-2:f:up doris-3:M:up]
03:43:59 #19 OK SELECT id=3694200 via doris-1 rows=10084 [doris-1:f:up doris-2:f:up doris-3:M:up]
03:44:00 #20 OK SELECT id=3694200 via doris-1 rows=10083 [doris-1:f:up doris-2:f:up doris-3:M:up]
03:44:01 #21 OK SELECT id=3694200 via doris-1 rows=10084 [doris-1:f:up doris-2:f:up doris-3:M:up]
03:44:02 #22 OK SELECT id=3694200 via doris-1 rows=10085 [doris-1:f:up doris-2:f:up doris-3:M:up]
03:44:03 #23 OK SELECT id=3694200 via doris-1 rows=10085 [doris-1:f:up doris-2:f:up doris-3:M:up]
03:44:05 #24 OK SELECT id=3694200 via doris-1 rows=10084 [doris-1:f:up doris-2:f:up doris-3:M:up]
03:44:06 #25 OK SELECT id=3694200 via doris-1 rows=10083 [doris-1:f:up doris-2:f:up doris-3:M:up]
03:44:07 #26 OK SELECT id=3694200 via doris-1 rows=10084 [doris-1:f:up doris-2:f:up doris-3:M:up]
03:44:08 #27 OK SELECT id=3694200 via doris-1 rows=10085 [doris-1:f:up doris-2:f:up doris-3:M:up]
03:44:09 #28 OK SELECT id=3694200 via doris-1 rows=10085 [doris-1:f:up doris-2:f:up doris-3:M:up]
03:44:10 #29 OK SELECT id=3694200 via doris-1 rows=10084 [doris-1:f:up doris-2:f:up doris-3:M:up]
03:44:11 #30 OK SELECT id=3694200 via doris-1 rows=10083 [doris-1:f:up doris-2:f:up doris-3:M:up]
03:44:12 #31 OK SELECT id=3694200 via doris-1 rows=10084 [doris-1:f:up doris-2:f:up doris-3:M:up]
03:44:13 #32 OK SELECT id=3694200 via doris-1 rows=10085 [doris-1:f:up doris-2:f:up doris-3:M:up]
03:44:14 EVENT break: be crash on doris-1 (FE follower)
03:44:14 #33 OK SELECT id=3694200 via doris-1 rows=10085 [doris-1:f:up doris-2:f:up doris-3:M:up]
03:44:15 #34 OK SELECT id=3694200 via doris-1 rows=10084 [doris-1:f:up doris-2:f:up doris-3:M:up]
03:44:16 #35 FAIL SELECT id=3694200 via doris-1: InternalError: INTERNAL: [FlightSQL] get flight info statement failed, after executeQueryStatement handleQuery, java.lang.Run
03:44:17 connected to doris-1 (10.140.0.2)
03:44:17 #36 OK SELECT id=3694200 via doris-1 rows=10084 [?] (recovered)
03:44:18 #37 OK SELECT id=3694200 via doris-1 rows=10084 [doris-1:f:up doris-2:f:up doris-3:M:up]
03:44:19 #38 OK SELECT id=3694200 via doris-1 rows=10084 [doris-1:f:up doris-2:f:up doris-3:M:up]
03:44:20 #39 OK SELECT id=3694200 via doris-1 rows=10084 [?]
03:44:21 #40 OK SELECT id=3694200 via doris-1 rows=10084 [doris-1:f:up doris-2:f:up doris-3:M:up]
03:44:23 #41 OK SELECT id=3694200 via doris-1 rows=10084 [doris-1:f:up doris-2:f:up doris-3:M:up]
03:44:24 #42 OK SELECT id=3694200 via doris-1 rows=10084 [doris-1:f:up doris-2:f:up doris-3:M:up]
03:44:25 #43 OK SELECT id=3694200 via doris-1 rows=10086 [doris-1:f:up doris-2:f:up doris-3:M:up]
03:44:26 #44 OK SELECT id=3694200 via doris-1 rows=10086 [doris-1:f:up doris-2:f:up doris-3:M:up]
03:44:27 #45 OK SELECT id=3694200 via doris-1 rows=10086 [doris-1:f:up doris-2:f:up doris-3:M:up]
03:44:28 #46 OK SELECT id=3694200 via doris-1 rows=10084 [doris-1:f:up doris-2:f:up doris-3:M:up]
03:44:29 #47 OK SELECT id=3694200 via doris-1 rows=10084 [doris-1:f:up doris-2:f:up doris-3:M:up]
03:44:30 #48 OK SELECT id=3694200 via doris-1 rows=10086 [doris-1:f:up doris-2:f:up doris-3:M:up]
03:44:31 #49 OK SELECT id=3694200 via doris-1 rows=10086 [doris-1:f:up doris-2:f:up doris-3:M:up]
03:44:31 EVENT recovered: be restarted by systemd on doris-1 (+9s)
03:44:32 #50 OK SELECT id=3694200 via doris-1 rows=10086 [doris-1:f:up doris-2:f:up doris-3:M:up]
03:44:33 #51 OK SELECT id=3694200 via doris-1 rows=10084 [doris-1:f:up doris-2:f:up doris-3:M:up]
03:44:34 #52 OK SELECT id=3694200 via doris-1 rows=10084 [doris-1:f:up doris-2:f:up doris-3:M:up]
03:44:35 #53 OK SELECT id=3694200 via doris-1 rows=10084 [doris-1:f:up doris-2:f:up doris-3:M:up]
03:44:36 #54 OK SELECT id=3694200 via doris-1 rows=10084 [doris-1:f:up doris-2:f:up doris-3:M:up]
03:44:37 #55 OK SELECT id=3694200 via doris-1 rows=10084 [doris-1:f:up doris-2:f:up doris-3:M:up]
03:44:39 #56 OK SELECT id=3694200 via doris-1 rows=10084 [doris-1:f:up doris-2:f:up doris-3:M:up]
03:44:40 #57 OK SELECT id=3694200 via doris-1 rows=10084 [doris-1:f:up doris-2:f:up doris-3:M:up]
03:44:41 #58 OK SELECT id=3694200 via doris-1 rows=10084 [doris-1:f:up doris-2:f:up doris-3:M:up]
03:44:42 #59 OK SELECT id=3694200 via doris-1 rows=10084 [doris-1:f:up doris-2:f:up doris-3:M:up]
03:44:43 #60 OK SELECT id=3694200 via doris-1 rows=10084 [doris-1:f:up doris-2:f:up doris-3:M:up]
03:44:44 #61 OK SELECT id=3694200 via doris-1 rows=10088 [doris-1:f:up doris-2:f:up doris-3:M:up]
03:44:45 #62 OK SELECT id=3694200 via doris-1 rows=10088 [doris-1:f:up doris-2:f:up doris-3:M:up]
03:44:46 #63 OK SELECT id=3694200 via doris-1 rows=10088 [doris-1:f:up doris-2:f:up doris-3:M:up]
03:44:47 #64 OK SELECT id=3694200 via doris-1 rows=10086 [doris-1:f:up doris-2:f:up doris-3:M:up]
03:44:48 #65 OK SELECT id=3694200 via doris-1 rows=10086 [doris-1:f:up doris-2:f:up doris-3:M:up]
03:44:49 #66 OK SELECT id=3694200 via doris-1 rows=10088 [doris-1:f:up doris-2:f:up doris-3:M:up]
03:44:50 #67 OK SELECT id=3694200 via doris-1 rows=10088 [doris-1:f:up doris-2:f:up doris-3:M:up]
03:44:51 #68 OK SELECT id=3694200 via doris-1 rows=10088 [doris-1:f:up doris-2:f:up doris-3:M:up]
03:44:52 #69 OK SELECT id=3694200 via doris-1 rows=10086 [doris-1:f:up doris-2:f:up doris-3:M:up]
03:44:53 #70 OK SELECT id=3694200 via doris-1 rows=10086 [doris-1:f:up doris-2:f:up doris-3:M:up]
03:44:55 #71 OK SELECT id=3694200 via doris-1 rows=10088 [doris-1:f:up doris-2:f:up doris-3:M:up]
03:44:56 #72 OK SELECT id=3694200 via doris-1 rows=10088 [doris-1:f:up doris-2:f:up doris-3:M:up]
03:44:57 #73 OK SELECT id=3694200 via doris-1 rows=10088 [doris-1:f:up doris-2:f:up doris-3:M:up]
03:44:58 #74 OK SELECT id=3694200 via doris-1 rows=10086 [doris-1:f:up doris-2:f:up doris-3:M:up]
03:44:59 #75 OK SELECT id=3694200 via doris-1 rows=10086 [doris-1:f:up doris-2:f:up doris-3:M:up]
03:45:00 #76 OK SELECT id=3694200 via doris-1 rows=10088 [doris-1:f:up doris-2:f:up doris-3:M:up]
03:45:01 #77 OK SELECT id=3694200 via doris-1 rows=10088 [doris-1:f:up doris-2:f:up doris-3:M:up]
03:45:02 #78 OK SELECT id=3694200 via doris-1 rows=10088 [doris-1:f:up doris-2:f:up doris-3:M:up]
03:45:03 #79 OK SELECT id=3694200 via doris-1 rows=10087 [doris-1:f:up doris-2:f:up doris-3:M:up]
03:45:04 #80 OK SELECT id=3694200 via doris-1 rows=10086 [doris-1:f:up doris-2:f:up doris-3:M:up]
03:45:05 #81 OK SELECT id=3694200 via doris-1 rows=10087 [doris-1:f:up doris-2:f:up doris-3:M:up]
03:45:06 #82 OK SELECT id=3694200 via doris-1 rows=10088 [doris-1:f:up doris-2:f:up doris-3:M:up]
03:45:07 #83 OK SELECT id=3694200 via doris-1 rows=10088 [doris-1:f:up doris-2:f:up doris-3:M:up]
03:45:08 #84 OK SELECT id=3694200 via doris-1 rows=10087 [doris-1:f:up doris-2:f:up doris-3:M:up]
03:45:09 #85 OK SELECT id=3694200 via doris-1 rows=10086 [doris-1:f:up doris-2:f:up doris-3:M:up]
03:45:10 #86 OK SELECT id=3694200 via doris-1 rows=10087 [doris-1:f:up doris-2:f:up doris-3:M:up]
03:45:12 #87 OK SELECT id=3694200 via doris-1 rows=10088 [doris-1:f:up doris-2:f:up doris-3:M:up]
03:45:13 #88 OK SELECT id=3694200 via doris-1 rows=10088 [doris-1:f:up doris-2:f:up doris-3:M:up]
03:45:14 #89 OK SELECT id=3694200 via doris-1 rows=10087 [doris-1:f:up doris-2:f:up doris-3:M:up]
03:45:15 #90 OK SELECT id=3694200 via doris-1 rows=10086 [doris-1:f:up doris-2:f:up doris-3:M:up]
03:45:16 #91 OK SELECT id=3694200 via doris-1 rows=10087 [doris-1:f:up doris-2:f:up doris-3:M:up]
03:45:17 #92 OK SELECT id=3694200 via doris-1 rows=10088 [doris-1:f:up doris-2:f:up doris-3:M:up]
03:45:18 #93 OK SELECT id=3694200 via doris-1 rows=10088 [doris-1:f:up doris-2:f:up doris-3:M:up]
03:45:19 #94 OK SELECT id=3694200 via doris-1 rows=10087 [doris-1:f:up doris-2:f:up doris-3:M:up]
03:45:20 #95 OK SELECT id=3694200 via doris-1 rows=10086 [doris-1:f:up doris-2:f:up doris-3:M:up]
03:45:21 #96 OK SELECT id=3694200 via doris-1 rows=10087 [doris-1:f:up doris-2:f:up doris-3:M:up]
03:45:22 #97 OK SELECT id=3694200 via doris-1 rows=10088 [doris-1:f:up doris-2:f:up doris-3:M:up]
03:45:23 #98 OK SELECT id=3694200 via doris-1 rows=10088 [doris-1:f:up doris-2:f:up doris-3:M:up]
03:45:24 #99 OK SELECT id=3694200 via doris-1 rows=10087 [doris-1:f:up doris-2:f:up doris-3:M:up]
03:45:25 #100 OK SELECT id=3694200 via doris-1 rows=10086 [doris-1:f:up doris-2:f:up doris-3:M:up]
03:45:26 #101 OK SELECT id=3694200 via doris-1 rows=10087 [doris-1:f:up doris-2:f:up doris-3:M:up]
03:45:27 #102 OK SELECT id=3694200 via doris-1 rows=10088 [doris-1:f:up doris-2:f:up doris-3:M:up]
03:45:29 #103 OK SELECT id=3694200 via doris-1 rows=10088 [doris-1:f:up doris-2:f:up doris-3:M:up]
03:45:30 #104 OK SELECT id=3694200 via doris-1 rows=10088 [doris-1:f:up doris-2:f:up doris-3:M:up]
03:45:31 #105 OK SELECT id=3694200 via doris-1 rows=10086 [doris-1:f:up doris-2:f:up doris-3:M:up]
03:45:32 #106 OK SELECT id=3694200 via doris-1 rows=10086 [doris-1:f:up doris-2:f:up doris-3:M:up]
03:45:33 #107 OK SELECT id=3694200 via doris-1 rows=10088 [doris-1:f:up doris-2:f:up doris-3:M:up]
03:45:34 #108 OK SELECT id=3694200 via doris-1 rows=10088 [doris-1:f:up doris-2:f:up doris-3:M:up]
03:45:35 #109 OK SELECT id=3694200 via doris-1 rows=10088 [doris-1:f:up doris-2:f:up doris-3:M:up]
03:45:36 #110 OK SELECT id=3694200 via doris-1 rows=10086 [doris-1:f:up doris-2:f:up doris-3:M:up]
03:45:37 #111 OK SELECT id=3694200 via doris-1 rows=10086 [doris-1:f:up doris-2:f:up doris-3:M:up]
03:45:38 #112 OK SELECT id=3694200 via doris-1 rows=10088 [doris-1:f:up doris-2:f:up doris-3:M:up]
03:45:39 #113 OK SELECT id=3694200 via doris-1 rows=10088 [doris-1:f:up doris-2:f:up doris-3:M:up]
03:45:40 #114 OK SELECT id=3694200 via doris-1 rows=10088 [doris-1:f:up doris-2:f:up doris-3:M:up]
03:45:41 #115 OK SELECT id=3694200 via doris-1 rows=10086 [doris-1:f:up doris-2:f:up doris-3:M:up]
03:45:42 #116 OK SELECT id=3694200 via doris-1 rows=10086 [doris-1:f:up doris-2:f:up doris-3:M:up]
03:45:43 #117 OK SELECT id=3694200 via doris-1 rows=10088 [doris-1:f:up doris-2:f:up doris-3:M:up]
03:45:44 #118 OK SELECT id=3694200 via doris-1 rows=10088 [doris-1:f:up doris-2:f:up doris-3:M:up]
03:45:45 #119 OK SELECT id=3694200 via doris-1 rows=10088 [doris-1:f:up doris-2:f:up doris-3:M:up]
03:45:47 #120 OK SELECT id=3694200 via doris-1 rows=10086 [doris-1:f:up doris-2:f:up doris-3:M:up]
03:45:48 #121 OK SELECT id=3694200 via doris-1 rows=10086 [doris-1:f:up doris-2:f:up doris-3:M:up]
03:45:49 #122 OK SELECT id=3694200 via doris-1 rows=10088 [doris-1:f:up doris-2:f:up doris-3:M:up]
03:45:50 #123 OK SELECT id=3694200 via doris-1 rows=10088 [doris-1:f:up doris-2:f:up doris-3:M:up]
03:45:51 #124 OK SELECT id=3694200 via doris-1 rows=10088 [doris-1:f:up doris-2:f:up doris-3:M:up]
03:45:52 #125 OK SELECT id=3694200 via doris-1 rows=10086 [doris-1:f:up doris-2:f:up doris-3:M:up]
03:45:53 #126 OK SELECT id=3694200 via doris-1 rows=10086 [doris-1:f:up doris-2:f:up doris-3:M:up]
03:45:54 #127 OK SELECT id=3694200 via doris-1 rows=10088 [doris-1:f:up doris-2:f:up doris-3:M:up]
03:45:55 #128 OK SELECT id=3694200 via doris-1 rows=10088 [doris-1:f:up doris-2:f:up doris-3:M:up]
03:45:56 #129 OK SELECT id=3694200 via doris-1 rows=10088 [doris-1:f:up doris-2:f:up doris-3:M:up]
03:45:57 #130 OK SELECT id=3694200 via doris-1 rows=10086 [doris-1:f:up doris-2:f:up doris-3:M:up]
03:45:58 #131 OK SELECT id=3694200 via doris-1 rows=10086 [doris-1:f:up doris-2:f:up doris-3:M:up]
03:45:59 #132 OK SELECT id=3694200 via doris-1 rows=10088 [doris-1:f:up doris-2:f:up doris-3:M:up]
03:46:00 #133 OK SELECT id=3694200 via doris-1 rows=10088 [doris-1:f:up doris-2:f:up doris-3:M:up]
03:46:01 #134 OK SELECT id=3694200 via doris-1 rows=10088 [doris-1:f:up doris-2:f:up doris-3:M:up]
03:46:02 #135 OK SELECT id=3694200 via doris-1 rows=10086 [doris-1:f:up doris-2:f:up doris-3:M:up]
03:46:04 #136 OK SELECT id=3694200 via doris-1 rows=10086 [doris-1:f:up doris-2:f:up doris-3:M:up]
03:46:05 #137 OK SELECT id=3694200 via doris-1 rows=10088 [doris-1:f:up doris-2:f:up doris-3:M:up]
03:46:06 #138 OK SELECT id=3694200 via doris-1 rows=10088 [doris-1:f:up doris-2:f:up doris-3:M:up]
03:46:07 #139 OK SELECT id=3694200 via doris-1 rows=10088 [doris-1:f:up doris-2:f:up doris-3:M:up]
03:46:08 #140 OK SELECT id=3694200 via doris-1 rows=10086 [doris-1:f:up doris-2:f:up doris-3:M:up]
03:46:09 #141 OK SELECT id=3694200 via doris-1 rows=10086 [doris-1:f:up doris-2:f:up doris-3:M:up]
03:46:09 EVENT restore: verify be on doris-1
03:46:10 #142 OK SELECT id=3694200 via doris-1 rows=10088 [doris-1:f:up doris-2:f:up doris-3:M:up]
03:46:11 #143 OK SELECT id=3694200 via doris-1 rows=10088 [doris-1:f:up doris-2:f:up doris-3:M:up]
03:46:12 #144 OK SELECT id=3694200 via doris-1 rows=10088 [doris-1:f:up doris-2:f:up doris-3:M:up]
03:46:13 #145 OK SELECT id=3694200 via doris-1 rows=10086 [doris-1:f:up doris-2:f:up doris-3:M:up]
03:46:14 #146 OK SELECT id=3694200 via doris-1 rows=10086 [doris-1:f:up doris-2:f:up doris-3:M:up]
03:46:14 EVENT restore: cluster healthy
03:46:15 #147 OK SELECT id=3694200 via doris-1 rows=10088 [doris-1:f:up doris-2:f:up doris-3:M:up]
03:46:16 #148 OK SELECT id=3694200 via doris-1 rows=10088 [doris-1:f:up doris-2:f:up doris-3:M:up]
03:46:17 #149 OK SELECT id=3694200 via doris-1 rows=10088 [doris-1:f:up doris-2:f:up doris-3:M:up]
03:46:18 #150 OK SELECT id=3694200 via doris-1 rows=10086 [doris-1:f:up doris-2:f:up doris-3:M:up]
03:46:19 #151 OK SELECT id=3694200 via doris-1 rows=10086 [doris-1:f:up doris-2:f:up doris-3:M:up]
03:46:20 #152 OK SELECT id=3694200 via doris-1 rows=10088 [doris-1:f:up doris-2:f:up doris-3:M:up]
03:46:22 #153 OK SELECT id=3694200 via doris-1 rows=10088 [doris-1:f:up doris-2:f:up doris-3:M:up]
03:46:23 #154 OK SELECT id=3694200 via doris-1 rows=10088 [doris-1:f:up doris-2:f:up doris-3:M:up]
03:46:24 #155 OK SELECT id=3694200 via doris-1 rows=10086 [doris-1:f:up doris-2:f:up doris-3:M:up]
03:46:25 #156 OK SELECT id=3694200 via doris-1 rows=10086 [doris-1:f:up doris-2:f:up doris-3:M:up]
03:46:26 #157 OK SELECT id=3694200 via doris-1 rows=10088 [doris-1:f:up doris-2:f:up doris-3:M:up]
03:46:27 #158 OK SELECT id=3694200 via doris-1 rows=10088 [doris-1:f:up doris-2:f:up doris-3:M:up]
03:46:28 #159 OK SELECT id=3694200 via doris-1 rows=10088 [doris-1:f:up doris-2:f:up doris-3:M:up]
03:46:29 #160 OK SELECT id=3694200 via doris-1 rows=10086 [doris-1:f:up doris-2:f:up doris-3:M:up]
03:46:30 #161 OK SELECT id=3694200 via doris-1 rows=10086 [doris-1:f:up doris-2:f:up doris-3:M:up]
03:46:31 #162 OK SELECT id=3694200 via doris-1 rows=10088 [doris-1:f:up doris-2:f:up doris-3:M:up]
03:46:32 #163 OK SELECT id=3694200 via doris-1 rows=10088 [doris-1:f:up doris-2:f:up doris-3:M:up]
03:46:33 #164 OK SELECT id=3694200 via doris-1 rows=10088 [doris-1:f:up doris-2:f:up doris-3:M:up]
03:46:34 #165 OK SELECT id=3694200 via doris-1 rows=10086 [doris-1:f:up doris-2:f:up doris-3:M:up]
03:46:35 #166 OK SELECT id=3694200 via doris-1 rows=10086 [doris-1:f:up doris-2:f:up doris-3:M:up]
03:46:36 #167 OK SELECT id=3694200 via doris-1 rows=10088 [doris-1:f:up doris-2:f:up doris-3:M:up]
03:46:37 #168 OK SELECT id=3694200 via doris-1 rows=10088 [doris-1:f:up doris-2:f:up doris-3:M:up]
03:46:38 #169 OK SELECT id=3694200 via doris-1 rows=10088 [doris-1:f:up doris-2:f:up doris-3:M:up]
03:46:40 #170 OK SELECT id=3694200 via doris-1 rows=10086 [doris-1:f:up doris-2:f:up doris-3:M:up]
03:46:41 #171 OK SELECT id=3694200 via doris-1 rows=10086 [doris-1:f:up doris-2:f:up doris-3:M:up]
03:46:42 #172 OK SELECT id=3694200 via doris-1 rows=10088 [doris-1:f:up doris-2:f:up doris-3:M:up]
03:46:43 #173 OK SELECT id=3694200 via doris-1 rows=10088 [doris-1:f:up doris-2:f:up doris-3:M:up]
03:46:44 #174 OK SELECT id=3694200 via doris-1 rows=10088 [doris-1:f:up doris-2:f:up doris-3:M:up]
