18:35:52 PROBE start proto=jdbc hosts=doris-1,doris-2,doris-3 duration=86400s cycle=INSERT>UPSERT>SELECT>DELETE>SELECT url=jdbc:mysql://10.140.0.2:9030,10.140.0.3:9030,10.140.0.4:9030/hatest
18:35:52 connected to doris-1 (driver-selected host)
18:35:52 #1 OK INSERT id=2685510 via doris-1 rows=10230 [doris-1:f:up doris-2:M:up doris-3:f:up]
18:35:53 #2 OK UPSERT id=2685510 via doris-1 rows=10230 [doris-1:f:up doris-2:M:up doris-3:f:up]
18:35:54 #3 OK SELECT id=2685510 via doris-1 rows=10230 [doris-1:f:up doris-2:M:up doris-3:f:up]
18:35:55 #4 OK DELETE id=2685510 via doris-1 rows=10228 [doris-1:f:up doris-2:M:up doris-3:f:up]
18:35:56 #5 OK SELECT id=2685510 via doris-1 rows=10228 [doris-1:f:up doris-2:M:up doris-3:f:up]
18:35:58 #6 OK INSERT id=2685511 via doris-1 rows=10230 [doris-1:f:up doris-2:M:up doris-3:f:up]
18:35:59 #7 OK UPSERT id=2685511 via doris-1 rows=10230 [doris-1:f:up doris-2:M:up doris-3:f:up]
18:36:00 #8 OK SELECT id=2685511 via doris-1 rows=10230 [doris-1:f:up doris-2:M:up doris-3:f:up]
18:36:01 #9 OK DELETE id=2685511 via doris-1 rows=10228 [doris-1:f:up doris-2:M:up doris-3:f:up]
18:36:02 #10 OK SELECT id=2685511 via doris-1 rows=10228 [doris-1:f:up doris-2:M:up doris-3:f:up]
18:36:03 #11 OK INSERT id=2685512 via doris-1 rows=10230 [doris-1:f:up doris-2:M:up doris-3:f:up]
18:36:04 #12 OK UPSERT id=2685512 via doris-1 rows=10230 [doris-1:f:up doris-2:M:up doris-3:f:up]
18:36:05 #13 OK SELECT id=2685512 via doris-1 rows=10230 [doris-1:f:up doris-2:M:up doris-3:f:up]
18:36:06 #14 OK DELETE id=2685512 via doris-1 rows=10228 [doris-1:f:up doris-2:M:up doris-3:f:up]
18:36:07 #15 OK SELECT id=2685512 via doris-1 rows=10228 [doris-1:f:up doris-2:M:up doris-3:f:up]
18:36:08 #16 OK INSERT id=2685513 via doris-1 rows=10230 [doris-1:f:up doris-2:M:up doris-3:f:up]
18:36:09 #17 OK UPSERT id=2685513 via doris-1 rows=10230 [doris-1:f:up doris-2:M:up doris-3:f:up]
18:36:10 #18 OK SELECT id=2685513 via doris-1 rows=10230 [doris-1:f:up doris-2:M:up doris-3:f:up]
18:36:11 #19 OK DELETE id=2685513 via doris-1 rows=10228 [doris-1:f:up doris-2:M:up doris-3:f:up]
18:36:12 #20 OK SELECT id=2685513 via doris-1 rows=10228 [doris-1:f:up doris-2:M:up doris-3:f:up]
18:36:13 #21 OK INSERT id=2685514 via doris-1 rows=10230 [doris-1:f:up doris-2:M:up doris-3:f:up]
18:36:15 #22 OK UPSERT id=2685514 via doris-1 rows=10230 [doris-1:f:up doris-2:M:up doris-3:f:up]
18:36:16 #23 OK SELECT id=2685514 via doris-1 rows=10230 [doris-1:f:up doris-2:M:up doris-3:f:up]
18:36:17 #24 OK DELETE id=2685514 via doris-1 rows=10228 [doris-1:f:up doris-2:M:up doris-3:f:up]
18:36:18 #25 OK SELECT id=2685514 via doris-1 rows=10228 [doris-1:f:up doris-2:M:up doris-3:f:up]
18:36:19 #26 OK INSERT id=2685515 via doris-1 rows=10230 [doris-1:f:up doris-2:M:up doris-3:f:up]
18:36:20 #27 OK UPSERT id=2685515 via doris-1 rows=10230 [doris-1:f:up doris-2:M:up doris-3:f:up]
18:36:21 #28 OK SELECT id=2685515 via doris-1 rows=10230 [doris-1:f:up doris-2:M:up doris-3:f:up]
18:36:22 #29 OK DELETE id=2685515 via doris-1 rows=10228 [doris-1:f:up doris-2:M:up doris-3:f:up]
18:36:23 #30 OK SELECT id=2685515 via doris-1 rows=10228 [doris-1:f:up doris-2:M:up doris-3:f:up]
18:36:24 #31 OK INSERT id=2685516 via doris-1 rows=10230 [doris-1:f:up doris-2:M:up doris-3:f:up]
18:36:25 #32 OK UPSERT id=2685516 via doris-1 rows=10230 [doris-1:f:up doris-2:M:up doris-3:f:up]
18:36:25 EVENT break: be crash on doris-1 (FE follower)
18:36:26 #33 OK SELECT id=2685516 via doris-1 rows=10230 [doris-1:f:up doris-2:M:up doris-3:f:up]
18:36:27 #34 OK DELETE id=2685516 via doris-1 rows=10228 [doris-1:f:up doris-2:M:up doris-3:f:up]
18:36:28 #35 OK SELECT id=2685516 via doris-1 rows=10228 [doris-1:f:up doris-2:M:up doris-3:f:up]
18:36:29 #36 OK INSERT id=2685517 via doris-1 rows=10230 [doris-1:f:up doris-2:M:up doris-3:f:up]
18:36:30 #37 OK UPSERT id=2685517 via doris-1 rows=10230 [doris-1:f:up doris-2:M:up doris-3:f:up]
18:36:31 #38 OK SELECT id=2685517 via doris-1 rows=10230 [doris-1:f:up doris-2:M:up doris-3:f:up]
18:36:33 #39 OK DELETE id=2685517 via doris-1 rows=10228 [doris-1:f:up doris-2:M:up doris-3:f:up]
18:36:34 #40 FAIL SELECT id=2685517 via doris-1: SQLException: RpcException, msg: send fragments failed. io.grpc.StatusRuntimeException: UNAVAILABLE: io exception, host: 10.
18:36:35 connected to doris-1 (driver-selected host)
18:36:35 #41 FAIL INSERT id=2685518 via doris-1: SQLException: send fragments failed. io.grpc.StatusRuntimeException: UNAVAILABLE: io exception, host: 10.140.0.2
18:36:35 #41 OK SELECT(check) id=1 via doris-1
18:36:36 connected to doris-1 (driver-selected host)
18:36:39 #42 OK INSERT id=2685519 via doris-1 rows=10230 [doris-1:f:up doris-2:M:up doris-3:f:up] (recovered)
18:36:40 #43 OK UPSERT id=2685519 via doris-1 rows=10230 [doris-1:f:up doris-2:M:up doris-3:f:up]
18:36:41 #44 OK SELECT id=2685519 via doris-1 rows=10230 [doris-1:f:up doris-2:M:up doris-3:f:up]
18:36:42 #45 OK DELETE id=2685519 via doris-1 rows=10228 [doris-1:f:up doris-2:M:up doris-3:f:up]
18:36:43 #46 OK SELECT id=2685519 via doris-1 rows=10228 [doris-1:f:up doris-2:M:up doris-3:f:up]
18:36:44 #47 OK INSERT id=2685520 via doris-1 rows=10230 [doris-1:f:up doris-2:M:up doris-3:f:up]
18:36:45 #48 OK UPSERT id=2685520 via doris-1 rows=10230 [doris-1:f:up doris-2:M:up doris-3:f:up]
18:36:46 #49 OK SELECT id=2685520 via doris-1 rows=10230 [doris-1:f:up doris-2:M:up doris-3:f:up]
18:36:47 #50 OK DELETE id=2685520 via doris-1 rows=10228 [doris-1:f:up doris-2:M:up doris-3:f:up]
18:36:48 #51 OK SELECT id=2685520 via doris-1 rows=10228 [doris-1:f:up doris-2:M:up doris-3:f:up]
18:36:48 EVENT recovered: be restarted by systemd on doris-1 (+9s)
18:36:57 #52 FAIL INSERT id=2685521 via doris-1: CommunicationsException: Communications link failure  The last packet successfully received from the server was 9,008 milliseconds ago.
18:36:57 #52 OK SELECT(check) id=1 via doris-1
18:36:58 connected to doris-1 (driver-selected host)
18:37:05 #53 OK INSERT id=2685522 via doris-1 rows=10232 [doris-1:f:up doris-2:M:up doris-3:f:up] (recovered)
18:37:06 #54 OK UPSERT id=2685522 via doris-1 rows=10232 [doris-1:f:up doris-2:M:up doris-3:f:up]
18:37:07 #55 OK SELECT id=2685522 via doris-1 rows=10232 [doris-1:f:up doris-2:M:up doris-3:f:up]
18:37:08 #56 OK DELETE id=2685522 via doris-1 rows=10230 [doris-1:f:up doris-2:M:up doris-3:f:up]
18:37:09 #57 OK SELECT id=2685522 via doris-1 rows=10230 [doris-1:f:up doris-2:M:up doris-3:f:up]
18:37:10 #58 OK INSERT id=2685523 via doris-1 rows=10232 [doris-1:f:up doris-2:M:up doris-3:f:up]
18:37:12 #59 OK UPSERT id=2685523 via doris-1 rows=10232 [doris-1:f:up doris-2:M:up doris-3:f:up]
18:37:13 #60 OK SELECT id=2685523 via doris-1 rows=10232 [doris-1:f:up doris-2:M:up doris-3:f:up]
18:37:14 #61 OK DELETE id=2685523 via doris-1 rows=10230 [doris-1:f:up doris-2:M:up doris-3:f:up]
18:37:15 #62 OK SELECT id=2685523 via doris-1 rows=10230 [doris-1:f:up doris-2:M:up doris-3:f:up]
18:37:16 #63 OK INSERT id=2685524 via doris-1 rows=10232 [doris-1:f:up doris-2:M:up doris-3:f:up]
18:37:17 #64 OK UPSERT id=2685524 via doris-1 rows=10232 [doris-1:f:up doris-2:M:up doris-3:f:up]
18:37:18 #65 OK SELECT id=2685524 via doris-1 rows=10232 [doris-1:f:up doris-2:M:up doris-3:f:up]
18:37:19 #66 OK DELETE id=2685524 via doris-1 rows=10230 [doris-1:f:up doris-2:M:up doris-3:f:up]
18:37:20 #67 OK SELECT id=2685524 via doris-1 rows=10230 [doris-1:f:up doris-2:M:up doris-3:f:up]
18:37:21 #68 OK INSERT id=2685525 via doris-1 rows=10232 [doris-1:f:up doris-2:M:up doris-3:f:up]
18:37:22 #69 OK UPSERT id=2685525 via doris-1 rows=10232 [doris-1:f:up doris-2:M:up doris-3:f:up]
18:37:23 #70 OK SELECT id=2685525 via doris-1 rows=10232 [doris-1:f:up doris-2:M:up doris-3:f:up]
18:37:24 #71 OK DELETE id=2685525 via doris-1 rows=10230 [doris-1:f:up doris-2:M:up doris-3:f:up]
18:37:25 #72 OK SELECT id=2685525 via doris-1 rows=10230 [doris-1:f:up doris-2:M:up doris-3:f:up]
18:37:26 #73 OK INSERT id=2685526 via doris-1 rows=10232 [doris-1:f:up doris-2:M:up doris-3:f:up]
18:37:27 #74 OK UPSERT id=2685526 via doris-1 rows=10232 [doris-1:f:up doris-2:M:up doris-3:f:up]
18:37:28 #75 OK SELECT id=2685526 via doris-1 rows=10232 [doris-1:f:up doris-2:M:up doris-3:f:up]
18:37:30 #76 OK DELETE id=2685526 via doris-1 rows=10230 [doris-1:f:up doris-2:M:up doris-3:f:up]
18:37:31 #77 OK SELECT id=2685526 via doris-1 rows=10230 [doris-1:f:up doris-2:M:up doris-3:f:up]
18:37:32 #78 OK INSERT id=2685527 via doris-1 rows=10232 [doris-1:f:up doris-2:M:up doris-3:f:up]
18:37:33 #79 OK UPSERT id=2685527 via doris-1 rows=10232 [doris-1:f:up doris-2:M:up doris-3:f:up]
18:37:34 #80 OK SELECT id=2685527 via doris-1 rows=10232 [doris-1:f:up doris-2:M:up doris-3:f:up]
18:37:35 #81 OK DELETE id=2685527 via doris-1 rows=10230 [doris-1:f:up doris-2:M:up doris-3:f:up]
18:37:36 #82 OK SELECT id=2685527 via doris-1 rows=10230 [doris-1:f:up doris-2:M:up doris-3:f:up]
18:37:37 #83 OK INSERT id=2685528 via doris-1 rows=10231 [doris-1:f:up doris-2:M:up doris-3:f:up]
18:37:38 #84 OK UPSERT id=2685528 via doris-1 rows=10232 [doris-1:f:up doris-2:M:up doris-3:f:up]
18:37:39 #85 OK SELECT id=2685528 via doris-1 rows=10232 [doris-1:f:up doris-2:M:up doris-3:f:up]
18:37:40 #86 OK DELETE id=2685528 via doris-1 rows=10230 [doris-1:f:up doris-2:M:up doris-3:f:up]
18:37:41 #87 OK SELECT id=2685528 via doris-1 rows=10230 [doris-1:f:up doris-2:M:up doris-3:f:up]
18:37:42 #88 OK INSERT id=2685529 via doris-1 rows=10231 [doris-1:f:up doris-2:M:up doris-3:f:up]
18:37:43 #89 OK UPSERT id=2685529 via doris-1 rows=10232 [doris-1:f:up doris-2:M:up doris-3:f:up]
18:37:44 #90 OK SELECT id=2685529 via doris-1 rows=10232 [doris-1:f:up doris-2:M:up doris-3:f:up]
18:37:45 #91 OK DELETE id=2685529 via doris-1 rows=10231 [doris-1:f:up doris-2:M:up doris-3:f:up]
18:37:47 #92 OK SELECT id=2685529 via doris-1 rows=10230 [doris-1:f:up doris-2:M:up doris-3:f:up]
18:37:48 #93 OK INSERT id=2685530 via doris-1 rows=10231 [doris-1:f:up doris-2:M:up doris-3:f:up]
18:37:49 #94 OK UPSERT id=2685530 via doris-1 rows=10232 [doris-1:f:up doris-2:M:up doris-3:f:up]
18:37:50 #95 OK SELECT id=2685530 via doris-1 rows=10232 [doris-1:f:up doris-2:M:up doris-3:f:up]
18:37:51 #96 OK DELETE id=2685530 via doris-1 rows=10230 [doris-1:f:up doris-2:M:up doris-3:f:up]
18:37:52 #97 OK SELECT id=2685530 via doris-1 rows=10230 [doris-1:f:up doris-2:M:up doris-3:f:up]
18:37:53 #98 OK INSERT id=2685531 via doris-1 rows=10231 [doris-1:f:up doris-2:M:up doris-3:f:up]
18:37:54 #99 OK UPSERT id=2685531 via doris-1 rows=10232 [doris-1:f:up doris-2:M:up doris-3:f:up]
18:37:55 #100 OK SELECT id=2685531 via doris-1 rows=10232 [doris-1:f:up doris-2:M:up doris-3:f:up]
18:37:56 #101 OK DELETE id=2685531 via doris-1 rows=10230 [doris-1:f:up doris-2:M:up doris-3:f:up]
18:37:57 #102 OK SELECT id=2685531 via doris-1 rows=10230 [doris-1:f:up doris-2:M:up doris-3:f:up]
18:37:58 #103 OK INSERT id=2685532 via doris-1 rows=10232 [doris-1:f:up doris-2:M:up doris-3:f:up]
18:37:59 #104 OK UPSERT id=2685532 via doris-1 rows=10232 [doris-1:f:up doris-2:M:up doris-3:f:up]
18:38:00 #105 OK SELECT id=2685532 via doris-1 rows=10232 [doris-1:f:up doris-2:M:up doris-3:f:up]
18:38:01 #106 OK DELETE id=2685532 via doris-1 rows=10230 [doris-1:f:up doris-2:M:up doris-3:f:up]
18:38:02 #107 OK SELECT id=2685532 via doris-1 rows=10230 [doris-1:f:up doris-2:M:up doris-3:f:up]
18:38:04 #108 OK INSERT id=2685533 via doris-1 rows=10232 [doris-1:f:up doris-2:M:up doris-3:f:up]
18:38:05 #109 OK UPSERT id=2685533 via doris-1 rows=10232 [doris-1:f:up doris-2:M:up doris-3:f:up]
18:38:06 #110 OK SELECT id=2685533 via doris-1 rows=10232 [doris-1:f:up doris-2:M:up doris-3:f:up]
18:38:07 #111 OK DELETE id=2685533 via doris-1 rows=10230 [doris-1:f:up doris-2:M:up doris-3:f:up]
18:38:08 #112 OK SELECT id=2685533 via doris-1 rows=10230 [doris-1:f:up doris-2:M:up doris-3:f:up]
18:38:09 #113 OK INSERT id=2685534 via doris-1 rows=10231 [doris-1:f:up doris-2:M:up doris-3:f:up]
18:38:10 #114 OK UPSERT id=2685534 via doris-1 rows=10232 [doris-1:f:up doris-2:M:up doris-3:f:up]
18:38:11 #115 OK SELECT id=2685534 via doris-1 rows=10232 [doris-1:f:up doris-2:M:up doris-3:f:up]
18:38:12 #116 OK DELETE id=2685534 via doris-1 rows=10231 [doris-1:f:up doris-2:M:up doris-3:f:up]
18:38:13 #117 OK SELECT id=2685534 via doris-1 rows=10230 [doris-1:f:up doris-2:M:up doris-3:f:up]
18:38:14 #118 OK INSERT id=2685535 via doris-1 rows=10231 [doris-1:f:up doris-2:M:up doris-3:f:up]
18:38:15 #119 OK UPSERT id=2685535 via doris-1 rows=10232 [doris-1:f:up doris-2:M:up doris-3:f:up]
18:38:16 #120 OK SELECT id=2685535 via doris-1 rows=10232 [doris-1:f:up doris-2:M:up doris-3:f:up]
18:38:17 #121 OK DELETE id=2685535 via doris-1 rows=10230 [doris-1:f:up doris-2:M:up doris-3:f:up]
18:38:18 #122 OK SELECT id=2685535 via doris-1 rows=10230 [doris-1:f:up doris-2:M:up doris-3:f:up]
18:38:19 #123 OK INSERT id=2685536 via doris-1 rows=10232 [doris-1:f:up doris-2:M:up doris-3:f:up]
18:38:21 #124 OK UPSERT id=2685536 via doris-1 rows=10232 [doris-1:f:up doris-2:M:up doris-3:f:up]
18:38:22 #125 OK SELECT id=2685536 via doris-1 rows=10232 [doris-1:f:up doris-2:M:up doris-3:f:up]
18:38:23 #126 OK DELETE id=2685536 via doris-1 rows=10230 [doris-1:f:up doris-2:M:up doris-3:f:up]
18:38:24 #127 OK SELECT id=2685536 via doris-1 rows=10230 [doris-1:f:up doris-2:M:up doris-3:f:up]
18:38:25 #128 OK INSERT id=2685537 via doris-1 rows=10232 [doris-1:f:up doris-2:M:up doris-3:f:up]
18:38:26 EVENT restore: verify be on doris-1
18:38:26 #129 OK UPSERT id=2685537 via doris-1 rows=10232 [doris-1:f:up doris-2:M:up doris-3:f:up]
18:38:27 #130 OK SELECT id=2685537 via doris-1 rows=10232 [doris-1:f:up doris-2:M:up doris-3:f:up]
18:38:28 #131 OK DELETE id=2685537 via doris-1 rows=10230 [doris-1:f:up doris-2:M:up doris-3:f:up]
18:38:29 #132 OK SELECT id=2685537 via doris-1 rows=10230 [doris-1:f:up doris-2:M:up doris-3:f:up]
18:38:30 #133 OK INSERT id=2685538 via doris-1 rows=10231 [doris-1:f:up doris-2:M:up doris-3:f:up]
18:38:31 EVENT restore: cluster healthy
18:38:31 #134 OK UPSERT id=2685538 via doris-1 rows=10232 [doris-1:f:up doris-2:M:up doris-3:f:up]
18:38:32 #135 OK SELECT id=2685538 via doris-1 rows=10232 [doris-1:f:up doris-2:M:up doris-3:f:up]
18:38:33 #136 OK DELETE id=2685538 via doris-1 rows=10231 [doris-1:f:up doris-2:M:up doris-3:f:up]
18:38:34 #137 OK SELECT id=2685538 via doris-1 rows=10230 [doris-1:f:up doris-2:M:up doris-3:f:up]
18:38:35 #138 OK INSERT id=2685539 via doris-1 rows=10231 [doris-1:f:up doris-2:M:up doris-3:f:up]
18:38:37 #139 OK UPSERT id=2685539 via doris-1 rows=10232 [doris-1:f:up doris-2:M:up doris-3:f:up]
18:38:38 #140 OK SELECT id=2685539 via doris-1 rows=10232 [doris-1:f:up doris-2:M:up doris-3:f:up]
18:38:39 #141 OK DELETE id=2685539 via doris-1 rows=10230 [doris-1:f:up doris-2:M:up doris-3:f:up]
18:38:40 #142 OK SELECT id=2685539 via doris-1 rows=10230 [doris-1:f:up doris-2:M:up doris-3:f:up]
18:38:41 #143 OK INSERT id=2685540 via doris-1 rows=10231 [doris-1:f:up doris-2:M:up doris-3:f:up]
18:38:42 #144 OK UPSERT id=2685540 via doris-1 rows=10232 [doris-1:f:up doris-2:M:up doris-3:f:up]
18:38:43 #145 OK SELECT id=2685540 via doris-1 rows=10232 [doris-1:f:up doris-2:M:up doris-3:f:up]
18:38:44 #146 OK DELETE id=2685540 via doris-1 rows=10230 [doris-1:f:up doris-2:M:up doris-3:f:up]
18:38:45 #147 OK SELECT id=2685540 via doris-1 rows=10230 [doris-1:f:up doris-2:M:up doris-3:f:up]
18:38:46 #148 OK INSERT id=2685541 via doris-1 rows=10231 [doris-1:f:up doris-2:M:up doris-3:f:up]
18:38:47 #149 OK UPSERT id=2685541 via doris-1 rows=10232 [doris-1:f:up doris-2:M:up doris-3:f:up]
18:38:48 #150 OK SELECT id=2685541 via doris-1 rows=10232 [doris-1:f:up doris-2:M:up doris-3:f:up]
18:38:49 #151 OK DELETE id=2685541 via doris-1 rows=10230 [doris-1:f:up doris-2:M:up doris-3:f:up]
18:38:50 #152 OK SELECT id=2685541 via doris-1 rows=10230 [doris-1:f:up doris-2:M:up doris-3:f:up]
18:38:51 #153 OK INSERT id=2685542 via doris-1 rows=10232 [doris-1:f:up doris-2:M:up doris-3:f:up]
18:38:52 #154 OK UPSERT id=2685542 via doris-1 rows=10232 [doris-1:f:up doris-2:M:up doris-3:f:up]
18:38:54 #155 OK SELECT id=2685542 via doris-1 rows=10232 [doris-1:f:up doris-2:M:up doris-3:f:up]
18:38:55 #156 OK DELETE id=2685542 via doris-1 rows=10230 [doris-1:f:up doris-2:M:up doris-3:f:up]
18:38:56 #157 OK SELECT id=2685542 via doris-1 rows=10230 [doris-1:f:up doris-2:M:up doris-3:f:up]
18:38:57 #158 OK INSERT id=2685543 via doris-1 rows=10231 [doris-1:f:up doris-2:M:up doris-3:f:up]
18:38:58 #159 OK UPSERT id=2685543 via doris-1 rows=10232 [doris-1:f:up doris-2:M:up doris-3:f:up]
18:38:59 #160 OK SELECT id=2685543 via doris-1 rows=10232 [doris-1:f:up doris-2:M:up doris-3:f:up]
18:39:00 #161 OK DELETE id=2685543 via doris-1 rows=10231 [doris-1:f:up doris-2:M:up doris-3:f:up]
18:39:01 #162 OK SELECT id=2685543 via doris-1 rows=10230 [doris-1:f:up doris-2:M:up doris-3:f:up]
18:39:02 #163 OK INSERT id=2685544 via doris-1 rows=10231 [doris-1:f:up doris-2:M:up doris-3:f:up]
18:39:03 #164 OK UPSERT id=2685544 via doris-1 rows=10232 [doris-1:f:up doris-2:M:up doris-3:f:up]
18:39:04 #165 OK SELECT id=2685544 via doris-1 rows=10232 [doris-1:f:up doris-2:M:up doris-3:f:up]
