03:43:40 PROBE start proto=mysql hosts=doris-1,doris-2,doris-3 duration=86400s cycle=INSERT>UPSERT>SELECT>DELETE>SELECT
03:43:40 connected to doris-1 (10.140.0.2)
03:43:40 #1 OK INSERT id=1694200 via doris-1 rows=10084 [doris-1:f:up doris-2:f:up doris-3:M:up]
03:43:41 #2 OK UPSERT id=1694200 via doris-1 rows=10085 [doris-1:f:up doris-2:f:up doris-3:M:up]
03:43:42 #3 OK SELECT id=1694200 via doris-1 rows=10085 [doris-1:f:up doris-2:f:up doris-3:M:up]
03:43:43 #4 OK DELETE id=1694200 via doris-1 rows=10084 [doris-1:f:up doris-2:f:up doris-3:M:up]
03:43:44 #5 OK SELECT id=1694200 via doris-1 rows=10083 [doris-1:f:up doris-2:f:up doris-3:M:up]
03:43:45 #6 OK INSERT id=1694201 via doris-1 rows=10084 [doris-1:f:up doris-2:f:up doris-3:M:up]
03:43:46 #7 OK UPSERT id=1694201 via doris-1 rows=10085 [doris-1:f:up doris-2:f:up doris-3:M:up]
03:43:47 #8 OK SELECT id=1694201 via doris-1 rows=10085 [doris-1:f:up doris-2:f:up doris-3:M:up]
03:43:49 #9 OK DELETE id=1694201 via doris-1 rows=10084 [doris-1:f:up doris-2:f:up doris-3:M:up]
03:43:50 #10 OK SELECT id=1694201 via doris-1 rows=10083 [doris-1:f:up doris-2:f:up doris-3:M:up]
03:43:51 #11 OK INSERT id=1694202 via doris-1 rows=10084 [doris-1:f:up doris-2:f:up doris-3:M:up]
03:43:52 #12 OK UPSERT id=1694202 via doris-1 rows=10085 [doris-1:f:up doris-2:f:up doris-3:M:up]
03:43:53 #13 OK SELECT id=1694202 via doris-1 rows=10085 [doris-1:f:up doris-2:f:up doris-3:M:up]
03:43:54 #14 OK DELETE id=1694202 via doris-1 rows=10084 [doris-1:f:up doris-2:f:up doris-3:M:up]
03:43:55 #15 OK SELECT id=1694202 via doris-1 rows=10083 [doris-1:f:up doris-2:f:up doris-3:M:up]
03:43:56 #16 OK INSERT id=1694203 via doris-1 rows=10084 [doris-1:f:up doris-2:f:up doris-3:M:up]
03:43:57 #17 OK UPSERT id=1694203 via doris-1 rows=10085 [doris-1:f:up doris-2:f:up doris-3:M:up]
03:43:58 #18 OK SELECT id=1694203 via doris-1 rows=10085 [doris-1:f:up doris-2:f:up doris-3:M:up]
03:43:59 #19 OK DELETE id=1694203 via doris-1 rows=10084 [doris-1:f:up doris-2:f:up doris-3:M:up]
03:44:00 #20 OK SELECT id=1694203 via doris-1 rows=10083 [doris-1:f:up doris-2:f:up doris-3:M:up]
03:44:01 #21 OK INSERT id=1694204 via doris-1 rows=10084 [doris-1:f:up doris-2:f:up doris-3:M:up]
03:44:02 #22 OK UPSERT id=1694204 via doris-1 rows=10085 [doris-1:f:up doris-2:f:up doris-3:M:up]
03:44:03 #23 OK SELECT id=1694204 via doris-1 rows=10085 [doris-1:f:up doris-2:f:up doris-3:M:up]
03:44:04 #24 OK DELETE id=1694204 via doris-1 rows=10084 [doris-1:f:up doris-2:f:up doris-3:M:up]
03:44:06 #25 OK SELECT id=1694204 via doris-1 rows=10083 [doris-1:f:up doris-2:f:up doris-3:M:up]
03:44:07 #26 OK INSERT id=1694205 via doris-1 rows=10084 [doris-1:f:up doris-2:f:up doris-3:M:up]
03:44:08 #27 OK UPSERT id=1694205 via doris-1 rows=10085 [doris-1:f:up doris-2:f:up doris-3:M:up]
03:44:09 #28 OK SELECT id=1694205 via doris-1 rows=10085 [doris-1:f:up doris-2:f:up doris-3:M:up]
03:44:10 #29 OK DELETE id=1694205 via doris-1 rows=10084 [doris-1:f:up doris-2:f:up doris-3:M:up]
03:44:11 #30 OK SELECT id=1694205 via doris-1 rows=10083 [doris-1:f:up doris-2:f:up doris-3:M:up]
03:44:12 #31 OK INSERT id=1694206 via doris-1 rows=10084 [doris-1:f:up doris-2:f:up doris-3:M:up]
03:44:13 #32 OK UPSERT id=1694206 via doris-1 rows=10085 [doris-1:f:up doris-2:f:up doris-3:M:up]
03:44:14 EVENT break: be crash on doris-1 (FE follower)
03:44:14 #33 OK SELECT id=1694206 via doris-1 rows=10085 [doris-1:f:up doris-2:f:up doris-3:M:up]
03:44:15 #34 OK DELETE id=1694206 via doris-1 rows=10084 [doris-1:f:up doris-2:f:up doris-3:M:up]
03:44:16 #35 FAIL SELECT id=1694206 via doris-1: OperationalError: (1105, 'RpcException, msg: send fragments failed. io.grpc.StatusRuntimeException: UNAVAILABLE: io exception, h
03:44:17 connected to doris-1 (10.140.0.2)
03:44:24 #36 OK INSERT id=1694207 via doris-1 rows=10086 [doris-1:f:up doris-2:f:up doris-3:M:up] (recovered)
03:44:25 #37 OK UPSERT id=1694207 via doris-1 rows=10086 [doris-1:f:up doris-2:f:up doris-3:M:up]
03:44:26 #38 OK SELECT id=1694207 via doris-1 rows=10086 [doris-1:f:up doris-2:f:up doris-3:M:up]
03:44:27 #39 OK DELETE id=1694207 via doris-1 rows=10084 [doris-1:f:up doris-2:f:up doris-3:M:up]
03:44:28 #40 OK SELECT id=1694207 via doris-1 rows=10084 [doris-1:f:up doris-2:f:up doris-3:M:up]
03:44:29 #41 OK INSERT id=1694208 via doris-1 rows=10085 [doris-1:f:up doris-2:f:up doris-3:M:up]
03:44:30 #42 OK UPSERT id=1694208 via doris-1 rows=10086 [doris-1:f:up doris-2:f:up doris-3:M:up]
03:44:31 EVENT recovered: be restarted by systemd on doris-1 (+9s)
03:44:31 #43 OK SELECT id=1694208 via doris-1 rows=10086 [doris-1:f:up doris-2:f:up doris-3:M:up]
03:44:32 #44 OK DELETE id=1694208 via doris-1 rows=10084 [doris-1:f:up doris-2:f:up doris-3:M:up]
03:44:33 #45 OK SELECT id=1694208 via doris-1 rows=10084 [doris-1:f:up doris-2:f:up doris-3:M:up]
03:44:42 #46 FAIL INSERT id=1694209 via doris-1: OperationalError: (2013, 'Lost connection to MySQL server during query (timed out)')
03:44:43 #46 OK SELECT(check) id=1 via doris-1
03:44:44 connected to doris-1 (10.140.0.2)
03:44:44 #47 OK INSERT id=1694210 via doris-1 rows=10087 [doris-1:f:up doris-2:f:up doris-3:M:up] (recovered)
03:44:45 #48 OK UPSERT id=1694210 via doris-1 rows=10088 [doris-1:f:up doris-2:f:up doris-3:M:up]
03:44:46 #49 OK SELECT id=1694210 via doris-1 rows=10088 [doris-1:f:up doris-2:f:up doris-3:M:up]
03:44:47 #50 OK DELETE id=1694210 via doris-1 rows=10087 [doris-1:f:up doris-2:f:up doris-3:M:up]
03:44:48 #51 OK SELECT id=1694210 via doris-1 rows=10086 [doris-1:f:up doris-2:f:up doris-3:M:up]
03:44:49 #52 OK INSERT id=1694211 via doris-1 rows=10087 [doris-1:f:up doris-2:f:up doris-3:M:up]
03:44:50 #53 OK UPSERT id=1694211 via doris-1 rows=10088 [doris-1:f:up doris-2:f:up doris-3:M:up]
03:44:51 #54 OK SELECT id=1694211 via doris-1 rows=10088 [doris-1:f:up doris-2:f:up doris-3:M:up]
03:44:52 #55 OK DELETE id=1694211 via doris-1 rows=10087 [doris-1:f:up doris-2:f:up doris-3:M:up]
03:44:53 #56 OK SELECT id=1694211 via doris-1 rows=10086 [doris-1:f:up doris-2:f:up doris-3:M:up]
03:44:54 #57 OK INSERT id=1694212 via doris-1 rows=10087 [doris-1:f:up doris-2:f:up doris-3:M:up]
03:44:55 #58 OK UPSERT id=1694212 via doris-1 rows=10088 [doris-1:f:up doris-2:f:up doris-3:M:up]
03:44:57 #59 OK SELECT id=1694212 via doris-1 rows=10088 [doris-1:f:up doris-2:f:up doris-3:M:up]
03:44:58 #60 OK DELETE id=1694212 via doris-1 rows=10087 [doris-1:f:up doris-2:f:up doris-3:M:up]
03:44:59 #61 OK SELECT id=1694212 via doris-1 rows=10086 [doris-1:f:up doris-2:f:up doris-3:M:up]
03:45:00 #62 OK INSERT id=1694213 via doris-1 rows=10087 [doris-1:f:up doris-2:f:up doris-3:M:up]
03:45:01 #63 OK UPSERT id=1694213 via doris-1 rows=10088 [doris-1:f:up doris-2:f:up doris-3:M:up]
03:45:02 #64 OK SELECT id=1694213 via doris-1 rows=10088 [doris-1:f:up doris-2:f:up doris-3:M:up]
03:45:03 #65 OK DELETE id=1694213 via doris-1 rows=10087 [doris-1:f:up doris-2:f:up doris-3:M:up]
03:45:04 #66 OK SELECT id=1694213 via doris-1 rows=10086 [doris-1:f:up doris-2:f:up doris-3:M:up]
03:45:05 #67 OK INSERT id=1694214 via doris-1 rows=10087 [doris-1:f:up doris-2:f:up doris-3:M:up]
03:45:06 #68 OK UPSERT id=1694214 via doris-1 rows=10088 [doris-1:f:up doris-2:f:up doris-3:M:up]
03:45:07 #69 OK SELECT id=1694214 via doris-1 rows=10088 [doris-1:f:up doris-2:f:up doris-3:M:up]
03:45:08 #70 OK DELETE id=1694214 via doris-1 rows=10087 [doris-1:f:up doris-2:f:up doris-3:M:up]
03:45:09 #71 OK SELECT id=1694214 via doris-1 rows=10086 [doris-1:f:up doris-2:f:up doris-3:M:up]
03:45:10 #72 OK INSERT id=1694215 via doris-1 rows=10087 [doris-1:f:up doris-2:f:up doris-3:M:up]
03:45:11 #73 OK UPSERT id=1694215 via doris-1 rows=10088 [doris-1:f:up doris-2:f:up doris-3:M:up]
03:45:12 #74 OK SELECT id=1694215 via doris-1 rows=10088 [doris-1:f:up doris-2:f:up doris-3:M:up]
03:45:14 #75 OK DELETE id=1694215 via doris-1 rows=10087 [doris-1:f:up doris-2:f:up doris-3:M:up]
03:45:15 #76 OK SELECT id=1694215 via doris-1 rows=10086 [doris-1:f:up doris-2:f:up doris-3:M:up]
03:45:16 #77 OK INSERT id=1694216 via doris-1 rows=10087 [doris-1:f:up doris-2:f:up doris-3:M:up]
03:45:17 #78 OK UPSERT id=1694216 via doris-1 rows=10088 [doris-1:f:up doris-2:f:up doris-3:M:up]
03:45:18 #79 OK SELECT id=1694216 via doris-1 rows=10088 [doris-1:f:up doris-2:f:up doris-3:M:up]
03:45:19 #80 OK DELETE id=1694216 via doris-1 rows=10087 [doris-1:f:up doris-2:f:up doris-3:M:up]
03:45:20 #81 OK SELECT id=1694216 via doris-1 rows=10086 [doris-1:f:up doris-2:f:up doris-3:M:up]
03:45:21 #82 OK INSERT id=1694217 via doris-1 rows=10087 [doris-1:f:up doris-2:f:up doris-3:M:up]
03:45:22 #83 OK UPSERT id=1694217 via doris-1 rows=10088 [doris-1:f:up doris-2:f:up doris-3:M:up]
03:45:23 #84 OK SELECT id=1694217 via doris-1 rows=10088 [doris-1:f:up doris-2:f:up doris-3:M:up]
03:45:24 #85 OK DELETE id=1694217 via doris-1 rows=10087 [doris-1:f:up doris-2:f:up doris-3:M:up]
03:45:25 #86 OK SELECT id=1694217 via doris-1 rows=10086 [doris-1:f:up doris-2:f:up doris-3:M:up]
03:45:26 #87 OK INSERT id=1694218 via doris-1 rows=10087 [doris-1:f:up doris-2:f:up doris-3:M:up]
03:45:27 #88 OK UPSERT id=1694218 via doris-1 rows=10088 [doris-1:f:up doris-2:f:up doris-3:M:up]
03:45:29 #89 OK SELECT id=1694218 via doris-1 rows=10088 [doris-1:f:up doris-2:f:up doris-3:M:up]
03:45:30 #90 OK DELETE id=1694218 via doris-1 rows=10087 [doris-1:f:up doris-2:f:up doris-3:M:up]
03:45:31 #91 OK SELECT id=1694218 via doris-1 rows=10086 [doris-1:f:up doris-2:f:up doris-3:M:up]
03:45:32 #92 OK INSERT id=1694219 via doris-1 rows=10087 [doris-1:f:up doris-2:f:up doris-3:M:up]
03:45:33 #93 OK UPSERT id=1694219 via doris-1 rows=10088 [doris-1:f:up doris-2:f:up doris-3:M:up]
03:45:34 #94 OK SELECT id=1694219 via doris-1 rows=10088 [doris-1:f:up doris-2:f:up doris-3:M:up]
03:45:35 #95 OK DELETE id=1694219 via doris-1 rows=10087 [doris-1:f:up doris-2:f:up doris-3:M:up]
03:45:36 #96 OK SELECT id=1694219 via doris-1 rows=10086 [doris-1:f:up doris-2:f:up doris-3:M:up]
03:45:37 #97 OK INSERT id=1694220 via doris-1 rows=10087 [doris-1:f:up doris-2:f:up doris-3:M:up]
03:45:38 #98 OK UPSERT id=1694220 via doris-1 rows=10088 [doris-1:f:up doris-2:f:up doris-3:M:up]
03:45:39 #99 OK SELECT id=1694220 via doris-1 rows=10088 [doris-1:f:up doris-2:f:up doris-3:M:up]
03:45:40 #100 OK DELETE id=1694220 via doris-1 rows=10087 [doris-1:f:up doris-2:f:up doris-3:M:up]
03:45:41 #101 OK SELECT id=1694220 via doris-1 rows=10086 [doris-1:f:up doris-2:f:up doris-3:M:up]
03:45:42 #102 OK INSERT id=1694221 via doris-1 rows=10087 [doris-1:f:up doris-2:f:up doris-3:M:up]
03:45:43 #103 OK UPSERT id=1694221 via doris-1 rows=10088 [doris-1:f:up doris-2:f:up doris-3:M:up]
03:45:44 #104 OK SELECT id=1694221 via doris-1 rows=10088 [doris-1:f:up doris-2:f:up doris-3:M:up]
03:45:46 #105 OK DELETE id=1694221 via doris-1 rows=10087 [doris-1:f:up doris-2:f:up doris-3:M:up]
03:45:47 #106 OK SELECT id=1694221 via doris-1 rows=10086 [doris-1:f:up doris-2:f:up doris-3:M:up]
03:45:48 #107 OK INSERT id=1694222 via doris-1 rows=10087 [doris-1:f:up doris-2:f:up doris-3:M:up]
03:45:49 #108 OK UPSERT id=1694222 via doris-1 rows=10088 [doris-1:f:up doris-2:f:up doris-3:M:up]
03:45:50 #109 OK SELECT id=1694222 via doris-1 rows=10088 [doris-1:f:up doris-2:f:up doris-3:M:up]
03:45:51 #110 OK DELETE id=1694222 via doris-1 rows=10087 [doris-1:f:up doris-2:f:up doris-3:M:up]
03:45:52 #111 OK SELECT id=1694222 via doris-1 rows=10086 [doris-1:f:up doris-2:f:up doris-3:M:up]
03:45:53 #112 OK INSERT id=1694223 via doris-1 rows=10087 [doris-1:f:up doris-2:f:up doris-3:M:up]
03:45:54 #113 OK UPSERT id=1694223 via doris-1 rows=10088 [doris-1:f:up doris-2:f:up doris-3:M:up]
03:45:55 #114 OK SELECT id=1694223 via doris-1 rows=10088 [doris-1:f:up doris-2:f:up doris-3:M:up]
03:45:56 #115 OK DELETE id=1694223 via doris-1 rows=10087 [doris-1:f:up doris-2:f:up doris-3:M:up]
03:45:57 #116 OK SELECT id=1694223 via doris-1 rows=10086 [doris-1:f:up doris-2:f:up doris-3:M:up]
03:45:58 #117 OK INSERT id=1694224 via doris-1 rows=10087 [doris-1:f:up doris-2:f:up doris-3:M:up]
03:45:59 #118 OK UPSERT id=1694224 via doris-1 rows=10088 [doris-1:f:up doris-2:f:up doris-3:M:up]
03:46:00 #119 OK SELECT id=1694224 via doris-1 rows=10088 [doris-1:f:up doris-2:f:up doris-3:M:up]
03:46:02 #120 OK DELETE id=1694224 via doris-1 rows=10087 [doris-1:f:up doris-2:f:up doris-3:M:up]
03:46:03 #121 OK SELECT id=1694224 via doris-1 rows=10086 [doris-1:f:up doris-2:f:up doris-3:M:up]
03:46:04 #122 OK INSERT id=1694225 via doris-1 rows=10087 [doris-1:f:up doris-2:f:up doris-3:M:up]
03:46:05 #123 OK UPSERT id=1694225 via doris-1 rows=10088 [doris-1:f:up doris-2:f:up doris-3:M:up]
03:46:06 #124 OK SELECT id=1694225 via doris-1 rows=10088 [doris-1:f:up doris-2:f:up doris-3:M:up]
03:46:07 #125 OK DELETE id=1694225 via doris-1 rows=10087 [doris-1:f:up doris-2:f:up doris-3:M:up]
03:46:08 #126 OK SELECT id=1694225 via doris-1 rows=10086 [doris-1:f:up doris-2:f:up doris-3:M:up]
03:46:09 #127 OK INSERT id=1694226 via doris-1 rows=10087 [doris-1:f:up doris-2:f:up doris-3:M:up]
03:46:09 EVENT restore: verify be on doris-1
03:46:10 #128 OK UPSERT id=1694226 via doris-1 rows=10088 [doris-1:f:up doris-2:f:up doris-3:M:up]
03:46:11 #129 OK SELECT id=1694226 via doris-1 rows=10088 [doris-1:f:up doris-2:f:up doris-3:M:up]
03:46:12 #130 OK DELETE id=1694226 via doris-1 rows=10087 [doris-1:f:up doris-2:f:up doris-3:M:up]
03:46:13 #131 OK SELECT id=1694226 via doris-1 rows=10086 [doris-1:f:up doris-2:f:up doris-3:M:up]
03:46:14 #132 OK INSERT id=1694227 via doris-1 rows=10087 [doris-1:f:up doris-2:f:up doris-3:M:up]
03:46:14 EVENT restore: cluster healthy
03:46:15 #133 OK UPSERT id=1694227 via doris-1 rows=10088 [doris-1:f:up doris-2:f:up doris-3:M:up]
03:46:16 #134 OK SELECT id=1694227 via doris-1 rows=10088 [doris-1:f:up doris-2:f:up doris-3:M:up]
03:46:18 #135 OK DELETE id=1694227 via doris-1 rows=10087 [doris-1:f:up doris-2:f:up doris-3:M:up]
03:46:19 #136 OK SELECT id=1694227 via doris-1 rows=10086 [doris-1:f:up doris-2:f:up doris-3:M:up]
03:46:20 #137 OK INSERT id=1694228 via doris-1 rows=10087 [doris-1:f:up doris-2:f:up doris-3:M:up]
03:46:21 #138 OK UPSERT id=1694228 via doris-1 rows=10088 [doris-1:f:up doris-2:f:up doris-3:M:up]
03:46:22 #139 OK SELECT id=1694228 via doris-1 rows=10088 [doris-1:f:up doris-2:f:up doris-3:M:up]
03:46:23 #140 OK DELETE id=1694228 via doris-1 rows=10087 [doris-1:f:up doris-2:f:up doris-3:M:up]
03:46:24 #141 OK SELECT id=1694228 via doris-1 rows=10086 [doris-1:f:up doris-2:f:up doris-3:M:up]
03:46:25 #142 OK INSERT id=1694229 via doris-1 rows=10087 [doris-1:f:up doris-2:f:up doris-3:M:up]
03:46:26 #143 OK UPSERT id=1694229 via doris-1 rows=10088 [doris-1:f:up doris-2:f:up doris-3:M:up]
03:46:27 #144 OK SELECT id=1694229 via doris-1 rows=10088 [doris-1:f:up doris-2:f:up doris-3:M:up]
03:46:28 #145 OK DELETE id=1694229 via doris-1 rows=10087 [doris-1:f:up doris-2:f:up doris-3:M:up]
03:46:29 #146 OK SELECT id=1694229 via doris-1 rows=10086 [doris-1:f:up doris-2:f:up doris-3:M:up]
03:46:30 #147 OK INSERT id=1694230 via doris-1 rows=10087 [doris-1:f:up doris-2:f:up doris-3:M:up]
03:46:31 #148 OK UPSERT id=1694230 via doris-1 rows=10088 [doris-1:f:up doris-2:f:up doris-3:M:up]
03:46:32 #149 OK SELECT id=1694230 via doris-1 rows=10088 [doris-1:f:up doris-2:f:up doris-3:M:up]
03:46:33 #150 OK DELETE id=1694230 via doris-1 rows=10087 [doris-1:f:up doris-2:f:up doris-3:M:up]
03:46:35 #151 OK SELECT id=1694230 via doris-1 rows=10086 [doris-1:f:up doris-2:f:up doris-3:M:up]
03:46:36 #152 OK INSERT id=1694231 via doris-1 rows=10087 [doris-1:f:up doris-2:f:up doris-3:M:up]
03:46:37 #153 OK UPSERT id=1694231 via doris-1 rows=10088 [doris-1:f:up doris-2:f:up doris-3:M:up]
03:46:38 #154 OK SELECT id=1694231 via doris-1 rows=10088 [doris-1:f:up doris-2:f:up doris-3:M:up]
03:46:39 #155 OK DELETE id=1694231 via doris-1 rows=10087 [doris-1:f:up doris-2:f:up doris-3:M:up]
03:46:40 #156 OK SELECT id=1694231 via doris-1 rows=10086 [doris-1:f:up doris-2:f:up doris-3:M:up]
03:46:41 #157 OK INSERT id=1694232 via doris-1 rows=10087 [doris-1:f:up doris-2:f:up doris-3:M:up]
