00:59:05 PROBE start proto=jdbc hosts=doris-1,doris-2,doris-3 duration=86400s cycle=INSERT>UPSERT>SELECT>DELETE>SELECT url=jdbc:mysql://10.140.0.2:9030,10.140.0.3:9030,10.140.0.4:9030/hatest
00:59:06 connected to doris-1 (driver-selected host)
00:59:06 #1 OK INSERT id=2595450 via doris-1 rows=10058 [doris-1:f:up doris-2:M:up doris-3:f:up]
00:59:07 #2 OK UPSERT id=2595450 via doris-1 rows=10058 [doris-1:f:up doris-2:M:up doris-3:f:up]
00:59:08 #3 OK SELECT id=2595450 via doris-1 rows=10058 [doris-1:f:up doris-2:M:up doris-3:f:up]
00:59:09 #4 OK DELETE id=2595450 via doris-1 rows=10056 [doris-1:f:up doris-2:M:up doris-3:f:up]
00:59:10 #5 OK SELECT id=2595450 via doris-1 rows=10056 [doris-1:f:up doris-2:M:up doris-3:f:up]
00:59:11 #6 OK INSERT id=2595451 via doris-1 rows=10058 [doris-1:f:up doris-2:M:up doris-3:f:up]
00:59:13 #7 OK UPSERT id=2595451 via doris-1 rows=10058 [doris-1:f:up doris-2:M:up doris-3:f:up]
00:59:14 #8 OK SELECT id=2595451 via doris-1 rows=10058 [doris-1:f:up doris-2:M:up doris-3:f:up]
00:59:15 #9 OK DELETE id=2595451 via doris-1 rows=10056 [doris-1:f:up doris-2:M:up doris-3:f:up]
00:59:16 #10 OK SELECT id=2595451 via doris-1 rows=10056 [doris-1:f:up doris-2:M:up doris-3:f:up]
00:59:17 #11 OK INSERT id=2595452 via doris-1 rows=10058 [doris-1:f:up doris-2:M:up doris-3:f:up]
00:59:18 #12 OK UPSERT id=2595452 via doris-1 rows=10058 [doris-1:f:up doris-2:M:up doris-3:f:up]
00:59:19 #13 OK SELECT id=2595452 via doris-1 rows=10058 [doris-1:f:up doris-2:M:up doris-3:f:up]
00:59:20 #14 OK DELETE id=2595452 via doris-1 rows=10056 [doris-1:f:up doris-2:M:up doris-3:f:up]
00:59:21 #15 OK SELECT id=2595452 via doris-1 rows=10056 [doris-1:f:up doris-2:M:up doris-3:f:up]
00:59:22 #16 OK INSERT id=2595453 via doris-1 rows=10058 [doris-1:f:up doris-2:M:up doris-3:f:up]
00:59:23 #17 OK UPSERT id=2595453 via doris-1 rows=10058 [doris-1:f:up doris-2:M:up doris-3:f:up]
00:59:24 #18 OK SELECT id=2595453 via doris-1 rows=10058 [doris-1:f:up doris-2:M:up doris-3:f:up]
00:59:25 #19 OK DELETE id=2595453 via doris-1 rows=10056 [doris-1:f:up doris-2:M:up doris-3:f:up]
00:59:26 #20 OK SELECT id=2595453 via doris-1 rows=10056 [doris-1:f:up doris-2:M:up doris-3:f:up]
00:59:27 #21 OK INSERT id=2595454 via doris-1 rows=10058 [doris-1:f:up doris-2:M:up doris-3:f:up]
00:59:29 #22 OK UPSERT id=2595454 via doris-1 rows=10058 [doris-1:f:up doris-2:M:up doris-3:f:up]
00:59:30 #23 OK SELECT id=2595454 via doris-1 rows=10058 [doris-1:f:up doris-2:M:up doris-3:f:up]
00:59:31 #24 OK DELETE id=2595454 via doris-1 rows=10056 [doris-1:f:up doris-2:M:up doris-3:f:up]
00:59:32 #25 OK SELECT id=2595454 via doris-1 rows=10056 [doris-1:f:up doris-2:M:up doris-3:f:up]
00:59:33 #26 OK INSERT id=2595455 via doris-1 rows=10058 [doris-1:f:up doris-2:M:up doris-3:f:up]
00:59:34 #27 OK UPSERT id=2595455 via doris-1 rows=10058 [doris-1:f:up doris-2:M:up doris-3:f:up]
00:59:35 #28 OK SELECT id=2595455 via doris-1 rows=10058 [doris-1:f:up doris-2:M:up doris-3:f:up]
00:59:36 #29 OK DELETE id=2595455 via doris-1 rows=10056 [doris-1:f:up doris-2:M:up doris-3:f:up]
00:59:37 #30 OK SELECT id=2595455 via doris-1 rows=10056 [doris-1:f:up doris-2:M:up doris-3:f:up]
00:59:38 #31 OK INSERT id=2595456 via doris-1 rows=10058 [doris-1:f:up doris-2:M:up doris-3:f:up]
00:59:39 #32 OK UPSERT id=2595456 via doris-1 rows=10058 [doris-1:f:up doris-2:M:up doris-3:f:up]
00:59:39 EVENT break: vm stop on doris-2 (FE master)
00:59:40 #33 OK SELECT id=2595456 via doris-1 rows=10058 [doris-1:f:up doris-2:M:up doris-3:f:up]
00:59:41 #34 OK DELETE id=2595456 via doris-1 rows=10056 [doris-1:f:up doris-2:M:up doris-3:f:up]
00:59:42 #35 FAIL SELECT id=2595456 via doris-1: SQLException: RpcException, msg: send fragments failed. io.grpc.StatusRuntimeException: UNAVAILABLE: io exception, host: 10.
00:59:47 connected to doris-3 (driver-selected host)
00:59:47 #36 OK INSERT id=2595457 via doris-3 rows=10058 [doris-1:f:up doris-2:f:DOWN doris-3:M:up] (recovered)
00:59:48 #37 OK UPSERT id=2595457 via doris-3 rows=10058 [doris-1:f:up doris-2:f:DOWN doris-3:M:up]
00:59:49 #38 OK SELECT id=2595457 via doris-3 rows=10058 [doris-1:f:up doris-2:f:DOWN doris-3:M:up]
00:59:51 #39 OK DELETE id=2595457 via doris-3 rows=10056 [doris-1:f:up doris-2:f:DOWN doris-3:M:up]
00:59:52 #40 OK SELECT id=2595457 via doris-3 rows=10056 [doris-1:f:up doris-2:f:DOWN doris-3:M:up]
00:59:53 #41 OK INSERT id=2595458 via doris-3 rows=10058 [doris-1:f:up doris-2:f:DOWN doris-3:M:up]
00:59:54 #42 OK UPSERT id=2595458 via doris-3 rows=10058 [doris-1:f:up doris-2:f:DOWN doris-3:M:up]
00:59:55 #43 OK SELECT id=2595458 via doris-3 rows=10058 [doris-1:f:up doris-2:f:DOWN doris-3:M:up]
00:59:56 #44 OK DELETE id=2595458 via doris-3 rows=10056 [doris-1:f:up doris-2:f:DOWN doris-3:M:up]
00:59:57 #45 OK SELECT id=2595458 via doris-3 rows=10056 [doris-1:f:up doris-2:f:DOWN doris-3:M:up]
00:59:58 #46 OK INSERT id=2595459 via doris-3 rows=10058 [doris-1:f:up doris-2:f:DOWN doris-3:M:up]
01:00:00 #47 OK UPSERT id=2595459 via doris-3 rows=10058 [doris-1:f:up doris-2:f:DOWN doris-3:M:up]
01:00:01 #48 OK SELECT id=2595459 via doris-3 rows=10058 [doris-1:f:up doris-2:f:DOWN doris-3:M:up]
01:00:02 #49 OK DELETE id=2595459 via doris-3 rows=10056 [doris-1:f:up doris-2:f:DOWN doris-3:M:up]
01:00:03 #50 OK SELECT id=2595459 via doris-3 rows=10056 [doris-1:f:up doris-2:f:DOWN doris-3:M:up]
01:00:03 EVENT break: doris-2 is down
01:00:04 #51 OK INSERT id=2595460 via doris-3 rows=10058 [doris-1:f:up doris-2:f:DOWN doris-3:M:up]
01:00:05 #52 OK UPSERT id=2595460 via doris-3 rows=10058 [doris-1:f:up doris-2:f:DOWN doris-3:M:up]
01:00:06 #53 OK SELECT id=2595460 via doris-3 rows=10058 [doris-1:f:up doris-2:f:DOWN doris-3:M:up]
01:00:07 #54 OK DELETE id=2595460 via doris-3 rows=10056 [doris-1:f:up doris-2:f:DOWN doris-3:M:up]
01:00:08 #55 OK SELECT id=2595460 via doris-3 rows=10056 [doris-1:f:up doris-2:f:DOWN doris-3:M:up]
01:00:09 #56 OK INSERT id=2595461 via doris-3 rows=10058 [doris-1:f:up doris-2:f:DOWN doris-3:M:up]
01:00:11 #57 OK UPSERT id=2595461 via doris-3 rows=10058 [doris-1:f:up doris-2:f:DOWN doris-3:M:up]
01:00:12 #58 OK SELECT id=2595461 via doris-3 rows=10058 [doris-1:f:up doris-2:f:DOWN doris-3:M:up]
01:00:13 #59 OK DELETE id=2595461 via doris-3 rows=10056 [doris-1:f:up doris-2:f:DOWN doris-3:M:up]
01:00:14 #60 OK SELECT id=2595461 via doris-3 rows=10056 [doris-1:f:up doris-2:f:DOWN doris-3:M:up]
01:00:15 #61 OK INSERT id=2595462 via doris-3 rows=10058 [doris-1:f:up doris-2:f:DOWN doris-3:M:up]
01:00:16 #62 OK UPSERT id=2595462 via doris-3 rows=10058 [doris-1:f:up doris-2:f:DOWN doris-3:M:up]
01:00:17 #63 OK SELECT id=2595462 via doris-3 rows=10058 [doris-1:f:up doris-2:f:DOWN doris-3:M:up]
01:00:18 #64 OK DELETE id=2595462 via doris-3 rows=10056 [doris-1:f:up doris-2:f:DOWN doris-3:M:up]
01:00:19 #65 OK SELECT id=2595462 via doris-3 rows=10056 [doris-1:f:up doris-2:f:DOWN doris-3:M:up]
01:00:20 #66 OK INSERT id=2595463 via doris-3 rows=10058 [doris-1:f:up doris-2:f:DOWN doris-3:M:up]
01:00:21 #67 OK UPSERT id=2595463 via doris-3 rows=10058 [doris-1:f:up doris-2:f:DOWN doris-3:M:up]
01:00:22 #68 OK SELECT id=2595463 via doris-3 rows=10058 [doris-1:f:up doris-2:f:DOWN doris-3:M:up]
01:00:23 #69 OK DELETE id=2595463 via doris-3 rows=10056 [doris-1:f:up doris-2:f:DOWN doris-3:M:up]
01:00:25 #70 OK SELECT id=2595463 via doris-3 rows=10056 [doris-1:f:up doris-2:f:DOWN doris-3:M:up]
01:00:26 #71 OK INSERT id=2595464 via doris-3 rows=10058 [doris-1:f:up doris-2:f:DOWN doris-3:M:up]
01:00:27 #72 OK UPSERT id=2595464 via doris-3 rows=10058 [doris-1:f:up doris-2:f:DOWN doris-3:M:up]
01:00:28 #73 OK SELECT id=2595464 via doris-3 rows=10058 [doris-1:f:up doris-2:f:DOWN doris-3:M:up]
01:00:29 #74 OK DELETE id=2595464 via doris-3 rows=10056 [doris-1:f:up doris-2:f:DOWN doris-3:M:up]
01:00:30 #75 OK SELECT id=2595464 via doris-3 rows=10056 [doris-1:f:up doris-2:f:DOWN doris-3:M:up]
01:00:31 #76 OK INSERT id=2595465 via doris-3 rows=10058 [doris-1:f:up doris-2:f:DOWN doris-3:M:up]
01:00:32 #77 OK UPSERT id=2595465 via doris-3 rows=10058 [doris-1:f:up doris-2:f:DOWN doris-3:M:up]
01:00:33 #78 OK SELECT id=2595465 via doris-3 rows=10058 [doris-1:f:up doris-2:f:DOWN doris-3:M:up]
01:00:34 #79 OK DELETE id=2595465 via doris-3 rows=10056 [doris-1:f:up doris-2:f:DOWN doris-3:M:up]
01:00:35 #80 OK SELECT id=2595465 via doris-3 rows=10056 [doris-1:f:up doris-2:f:DOWN doris-3:M:up]
01:00:36 EVENT break: vm stop on doris-1 (FE follower)
01:00:36 #81 OK INSERT id=2595466 via doris-3 rows=10058 [doris-1:f:up doris-2:f:DOWN doris-3:M:up]
01:00:37 #82 OK UPSERT id=2595466 via doris-3 rows=10058 [doris-1:f:up doris-2:f:DOWN doris-3:M:up]
01:00:41 #83 FAIL SELECT id=2595466 via doris-3: CommunicationsException: Communications link failure  The last packet successfully received from the server was 1,002 milliseconds ago.
01:00:59 EVENT break: doris-1 is down
01:01:00 connected to doris-3 (driver-selected host)
01:01:11 #84 FAIL INSERT id=2595467 via doris-3: CommunicationsException: Communications link failure  The last packet successfully received from the server was 8,009 milliseconds ago.
01:02:42 EVENT restore: start doris-1
01:02:55 EVENT restore: start doris-2
01:03:34 connected to doris-3 (driver-selected host)
01:03:37 #85 FAIL INSERT id=2595468 via doris-3: SQLNonTransientConnectionException: No operations allowed after connection closed.
01:03:38 connected to doris-1 (driver-selected host)
01:03:38 #86 OK INSERT id=2595469 via doris-1 rows=10060 [doris-1:f:up doris-2:f:up doris-3:M:up] (recovered)
01:03:40 #87 OK UPSERT id=2595469 via doris-1 rows=10060 [doris-1:f:up doris-2:f:up doris-3:M:up]
01:03:41 #88 OK SELECT id=2595469 via doris-1 rows=10060 [doris-1:f:up doris-2:f:up doris-3:M:up]
01:03:42 #89 OK DELETE id=2595469 via doris-1 rows=10058 [doris-1:f:up doris-2:f:up doris-3:M:up]
01:03:43 #90 OK SELECT id=2595469 via doris-1 rows=10058 [doris-1:f:up doris-2:f:up doris-3:M:up]
01:03:44 #91 OK INSERT id=2595470 via doris-1 rows=10060 [doris-1:f:up doris-2:f:up doris-3:M:up]
01:03:45 #92 OK UPSERT id=2595470 via doris-1 rows=10060 [doris-1:f:up doris-2:f:up doris-3:M:up]
01:03:46 #93 OK SELECT id=2595470 via doris-1 rows=10060 [doris-1:f:up doris-2:f:up doris-3:M:up]
01:03:48 #94 OK DELETE id=2595470 via doris-1 rows=10058 [doris-1:f:up doris-2:f:up doris-3:M:up]
01:03:49 #95 OK SELECT id=2595470 via doris-1 rows=10058 [doris-1:f:up doris-2:f:up doris-3:M:up]
01:03:50 #96 OK INSERT id=2595471 via doris-1 rows=10060 [doris-1:f:up doris-2:f:up doris-3:M:up]
01:03:51 #97 OK UPSERT id=2595471 via doris-1 rows=10060 [doris-1:f:up doris-2:f:up doris-3:M:up]
01:03:51 EVENT restore: cluster healthy
01:03:52 #98 OK SELECT id=2595471 via doris-1 rows=10060 [doris-1:f:up doris-2:f:up doris-3:M:up]
01:03:53 #99 OK DELETE id=2595471 via doris-1 rows=10058 [doris-1:f:up doris-2:f:up doris-3:M:up]
01:03:54 #100 OK SELECT id=2595471 via doris-1 rows=10058 [doris-1:f:up doris-2:f:up doris-3:M:up]
01:03:55 #101 OK INSERT id=2595472 via doris-1 rows=10060 [doris-1:f:up doris-2:f:up doris-3:M:up]
01:03:56 #102 OK UPSERT id=2595472 via doris-1 rows=10060 [doris-1:f:up doris-2:f:up doris-3:M:up]
01:03:58 #103 OK SELECT id=2595472 via doris-1 rows=10060 [doris-1:f:up doris-2:f:up doris-3:M:up]
01:03:59 #104 OK DELETE id=2595472 via doris-1 rows=10058 [doris-1:f:up doris-2:f:up doris-3:M:up]
01:04:00 #105 OK SELECT id=2595472 via doris-1 rows=10058 [doris-1:f:up doris-2:f:up doris-3:M:up]
01:04:01 #106 OK INSERT id=2595473 via doris-1 rows=10060 [doris-1:f:up doris-2:f:up doris-3:M:up]
01:04:02 #107 OK UPSERT id=2595473 via doris-1 rows=10060 [doris-1:f:up doris-2:f:up doris-3:M:up]
01:04:03 #108 OK SELECT id=2595473 via doris-1 rows=10060 [doris-1:f:up doris-2:f:up doris-3:M:up]
01:04:04 #109 OK DELETE id=2595473 via doris-1 rows=10058 [doris-1:f:up doris-2:f:up doris-3:M:up]
01:04:05 #110 OK SELECT id=2595473 via doris-1 rows=10058 [doris-1:f:up doris-2:f:up doris-3:M:up]
01:04:06 #111 OK INSERT id=2595474 via doris-1 rows=10060 [doris-1:f:up doris-2:f:up doris-3:M:up]
01:04:08 #112 OK UPSERT id=2595474 via doris-1 rows=10060 [doris-1:f:up doris-2:f:up doris-3:M:up]
01:04:09 #113 OK SELECT id=2595474 via doris-1 rows=10060 [doris-1:f:up doris-2:f:up doris-3:M:up]
01:04:10 #114 OK DELETE id=2595474 via doris-1 rows=10058 [doris-1:f:up doris-2:f:up doris-3:M:up]
01:04:11 #115 OK SELECT id=2595474 via doris-1 rows=10058 [doris-1:f:up doris-2:f:up doris-3:M:up]
01:04:12 #116 OK INSERT id=2595475 via doris-1 rows=10060 [doris-1:f:up doris-2:f:up doris-3:M:up]
01:04:13 #117 OK UPSERT id=2595475 via doris-1 rows=10060 [doris-1:f:up doris-2:f:up doris-3:M:up]
01:04:14 #118 OK SELECT id=2595475 via doris-1 rows=10060 [doris-1:f:up doris-2:f:up doris-3:M:up]
01:04:15 #119 OK DELETE id=2595475 via doris-1 rows=10058 [doris-1:f:up doris-2:f:up doris-3:M:up]
01:04:16 #120 OK SELECT id=2595475 via doris-1 rows=10058 [doris-1:f:up doris-2:f:up doris-3:M:up]
01:04:17 #121 OK INSERT id=2595476 via doris-1 rows=10060 [doris-1:f:up doris-2:f:up doris-3:M:up]
01:04:19 #122 OK UPSERT id=2595476 via doris-1 rows=10060 [doris-1:f:up doris-2:f:up doris-3:M:up]
01:04:20 #123 OK SELECT id=2595476 via doris-1 rows=10060 [doris-1:f:up doris-2:f:up doris-3:M:up]
01:04:21 #124 OK DELETE id=2595476 via doris-1 rows=10058 [doris-1:f:up doris-2:f:up doris-3:M:up]
